[0.003s][info][gc] Using Parallel
[0.004s][info][gc,init] Version: 17.0.2+8-LTS (release)
[0.004s][info][gc,init] CPUs: 8 total, 8 available
[0.004s][info][gc,init] Memory: 32112M
[0.004s][info][gc,init] Large Page Support: Disabled
[0.004s][info][gc,init] NUMA Support: Disabled
[0.004s][info][gc,init] Compressed Oops: Enabled (Zero based)
[0.004s][info][gc,init] Alignments: Space 512K, Generation 512K, Heap 2M
[0.004s][info][gc,init] Heap Min Capacity: 2054M
[0.004s][info][gc,init] Heap Initial Capacity: 2054M
[0.004s][info][gc,init] Heap Max Capacity: 3G
[0.004s][info][gc,init] Pre-touch: Disabled
[0.004s][info][gc,init] Parallel Workers: 4
[0.004s][info][gc,metaspace] CDS archive(s) not mapped
[0.004s][info][gc,metaspace] Compressed class space mapped at: 0x0000000800000000-0x0000000840000000, reserved size: 1073741824
[0.004s][info][gc,metaspace] Narrow klass base: 0x0000000800000000, Narrow klass shift: 0, Narrow klass range: 0x40000000
[0.775s][info][safepoint   ] Safepoint "ICBufferFull", Time since last: 753977685 ns, Reaching safepoint: 153412 ns, At safepoint: 6000 ns, Total: 159412 ns
[0.992s][info][safepoint   ] Safepoint "ICBufferFull", Time since last: 217287454 ns, Reaching safepoint: 298422 ns, At safepoint: 5100 ns, Total: 303522 ns
[1.191s][info][gc,start    ] GC(0) Pause Young (Metadata GC Threshold)
[1.201s][debug][gc,phases   ] GC(0) Scavenge 9.358ms
[1.201s][debug][gc,ref      ] GC(0) Skipped phase 1 of Reference Processing: no references
[1.201s][debug][gc,ref      ] GC(0) ReferenceProcessor::execute queues: 1, RefProcThreadModel::Single, marks_oops_alive: false
[1.201s][debug][gc,ref      ] GC(0) Skipped phase 3 of Reference Processing: no references
[1.201s][debug][gc,ref      ] GC(0) ReferenceProcessor::execute queues: 1, RefProcThreadModel::Single, marks_oops_alive: false
[1.201s][debug][gc,phases   ] GC(0) Reference Processing 0.203ms
[1.201s][debug][gc,phases   ] GC(0)   VM Weak                        Min:  0.0, Avg:  0.0, Max:  0.0, Diff:  0.0, Sum:  0.0, Workers: 4
[1.201s][debug][gc,phases   ] GC(0)     Dead                           Min: 0, Avg:  0.0, Max: 0, Diff: 0, Sum: 0, Workers: 4
[1.201s][debug][gc,phases   ] GC(0)     Total                          Min: 0, Avg: 27.8, Max: 64, Diff: 64, Sum: 111, Workers: 4
[1.201s][debug][gc,phases   ] GC(0)   ObjectSynchronizer Weak        Min:  0.0, Avg:  0.0, Max:  0.0, Diff:  0.0, Sum:  0.0, Workers: 4
[1.201s][debug][gc,phases   ] GC(0)     Dead                           Min: 0, Avg:  0.0, Max: 0, Diff: 0, Sum: 0, Workers: 4
[1.201s][debug][gc,phases   ] GC(0)     Total                          Min: 0, Avg:  1.5, Max: 6, Diff: 6, Sum: 6, Workers: 4
[1.201s][debug][gc,phases   ] GC(0)   JVMTI Tag Weak OopStorage      Min:  0.0, Avg:  0.0, Max:  0.0, Diff:  0.0, Sum:  0.0, Workers: 4
[1.201s][debug][gc,phases   ] GC(0)     Dead                           Min: 0, Avg:  0.0, Max: 0, Diff: 0, Sum: 0, Workers: 4
[1.201s][debug][gc,phases   ] GC(0)     Total                          Min: 0, Avg:  0.0, Max: 0, Diff: 0, Sum: 0, Workers: 4
[1.201s][debug][gc,phases   ] GC(0)   StringTable Weak               Min:  0.1, Avg:  0.1, Max:  0.1, Diff:  0.0, Sum:  0.4, Workers: 4
[1.201s][debug][gc,phases   ] GC(0)     Dead                           Min: 3, Avg:  7.5, Max: 13, Diff: 10, Sum: 30, Workers: 4
[1.201s][debug][gc,phases   ] GC(0)     Total                          Min: 2240, Avg: 2862.5, Max: 3514, Diff: 1274, Sum: 11450, Workers: 4
[1.201s][debug][gc,phases   ] GC(0)   ResolvedMethodTable Weak       Min:  0.0, Avg:  0.0, Max:  0.0, Diff:  0.0, Sum:  0.0, Workers: 4
[1.201s][debug][gc,phases   ] GC(0)     Dead                           Min: 1, Avg:  6.8, Max: 13, Diff: 12, Sum: 27, Workers: 4
[1.201s][debug][gc,phases   ] GC(0)     Total                          Min: 128, Avg: 148.2, Max: 192, Diff: 64, Sum: 593, Workers: 4
[1.201s][debug][gc,phases   ] GC(0)   JNI Weak                       Min:  0.0, Avg:  0.0, Max:  0.0, Diff:  0.0, Sum:  0.0, Workers: 4
[1.201s][debug][gc,phases   ] GC(0)     Dead                           Min: 0, Avg:  0.0, Max: 0, Diff: 0, Sum: 0, Workers: 4
[1.201s][debug][gc,phases   ] GC(0)     Total                          Min: 0, Avg:  0.0, Max: 0, Diff: 0, Sum: 0, Workers: 4
[1.201s][debug][gc,phases   ] GC(0)   StringDedup Table Weak         Min:  0.0, Avg:  0.0, Max:  0.0, Diff:  0.0, Sum:  0.0, Workers: 4
[1.201s][debug][gc,phases   ] GC(0)     Dead                           Min: 0, Avg:  0.0, Max: 0, Diff: 0, Sum: 0, Workers: 4
[1.201s][debug][gc,phases   ] GC(0)     Total                          Min: 0, Avg:  0.0, Max: 0, Diff: 0, Sum: 0, Workers: 4
[1.201s][debug][gc,phases   ] GC(0)   StringDedup Requests0 Weak     Min:  0.0, Avg:  0.0, Max:  0.0, Diff:  0.0, Sum:  0.0, Workers: 4
[1.201s][debug][gc,phases   ] GC(0)     Dead                           Min: 0, Avg:  0.0, Max: 0, Diff: 0, Sum: 0, Workers: 4
[1.201s][debug][gc,phases   ] GC(0)     Total                          Min: 0, Avg:  0.0, Max: 0, Diff: 0, Sum: 0, Workers: 4
[1.201s][debug][gc,phases   ] GC(0)   StringDedup Requests1 Weak     Min:  0.0, Avg:  0.0, Max:  0.0, Diff:  0.0, Sum:  0.0, Workers: 4
[1.201s][debug][gc,phases   ] GC(0)     Dead                           Min: 0, Avg:  0.0, Max: 0, Diff: 0, Sum: 0, Workers: 4
[1.201s][debug][gc,phases   ] GC(0)     Total                          Min: 0, Avg:  0.0, Max: 0, Diff: 0, Sum: 0, Workers: 4
[1.201s][debug][gc,phases   ] GC(0)   Weak JFR Old Object Samples    Min:  0.0, Avg:  0.0, Max:  0.0, Diff:  0.0, Sum:  0.0, Workers: 4
[1.201s][debug][gc,phases   ] GC(0)     Dead                           Min: 0, Avg:  0.0, Max: 0, Diff: 0, Sum: 0, Workers: 4
[1.201s][debug][gc,phases   ] GC(0)     Total                          Min: 0, Avg:  0.0, Max: 0, Diff: 0, Sum: 0, Workers: 4
[1.201s][debug][gc,phases   ] GC(0) Weak Processing 0.317ms
[1.201s][debug][gc,age      ] GC(0) Desired survivor size 536870912 bytes, new threshold 7 (max threshold 15)
[1.201s][info ][gc,heap     ] GC(0) PSYoungGen: 295499K(1572864K)->16927K(1572864K) Eden: 295499K(1048576K)->0K(1048576K) From: 0K(524288K)->16927K(524288K)
[1.201s][info ][gc,heap     ] GC(0) ParOldGen: 0K(6144K)->88K(6144K)
[1.201s][info ][gc,metaspace] GC(0) Metaspace: 21362K(21504K)->21362K(21504K) NonClass: 18867K(18944K)->18867K(18944K) Class: 2495K(2560K)->2495K(2560K)
[1.201s][info ][gc          ] GC(0) Pause Young (Metadata GC Threshold) 288M->16M(1542M) 10.219ms
[1.201s][info ][gc,cpu      ] GC(0) User=0.03s Sys=0.01s Real=0.01s
[1.201s][debug][gc,phases   ] GC(1) Pre Compact 0.011ms
[1.201s][info ][gc,start    ] GC(1) Pause Full (Metadata GC Threshold)
[1.201s][info ][gc,phases,start] GC(1) Marking Phase
[1.207s][debug][gc,phases      ] GC(1) Par Mark 5.491ms
[1.207s][debug][gc,ref         ] GC(1) Skipped phase 1 of Reference Processing: no references
[1.207s][debug][gc,ref         ] GC(1) ReferenceProcessor::execute queues: 1, RefProcThreadModel::Single, marks_oops_alive: false
[1.207s][debug][gc,ref         ] GC(1) Skipped phase 3 of Reference Processing: no references
[1.207s][debug][gc,ref         ] GC(1) ReferenceProcessor::execute queues: 1, RefProcThreadModel::Single, marks_oops_alive: false
[1.207s][debug][gc,phases      ] GC(1) Reference Processing 0.043ms
[1.207s][debug][gc,phases      ] GC(1)   VM Weak                        Min:  0.0, Avg:  0.0, Max:  0.0, Diff:  0.0, Sum:  0.0, Workers: 4
[1.207s][debug][gc,phases      ] GC(1)     Dead                           Min: 0, Avg:  0.0, Max: 0, Diff: 0, Sum: 0, Workers: 4
[1.207s][debug][gc,phases      ] GC(1)     Total                          Min: 0, Avg: 27.8, Max: 64, Diff: 64, Sum: 111, Workers: 4
[1.207s][debug][gc,phases      ] GC(1)   ObjectSynchronizer Weak        Min:  0.0, Avg:  0.0, Max:  0.0, Diff:  0.0, Sum:  0.0, Workers: 4
[1.207s][debug][gc,phases      ] GC(1)     Dead                           Min: 0, Avg:  0.0, Max: 0, Diff: 0, Sum: 0, Workers: 4
[1.207s][debug][gc,phases      ] GC(1)     Total                          Min: 0, Avg:  1.5, Max: 6, Diff: 6, Sum: 6, Workers: 4
[1.207s][debug][gc,phases      ] GC(1)   JVMTI Tag Weak OopStorage      Min:  0.0, Avg:  0.0, Max:  0.0, Diff:  0.0, Sum:  0.0, Workers: 4
[1.207s][debug][gc,phases      ] GC(1)     Dead                           Min: 0, Avg:  0.0, Max: 0, Diff: 0, Sum: 0, Workers: 4
[1.207s][debug][gc,phases      ] GC(1)     Total                          Min: 0, Avg:  0.0, Max: 0, Diff: 0, Sum: 0, Workers: 4
[1.207s][debug][gc,phases      ] GC(1)   StringTable Weak               Min:  0.0, Avg:  0.0, Max:  0.0, Diff:  0.0, Sum:  0.2, Workers: 4
[1.207s][debug][gc,phases      ] GC(1)     Dead                           Min: 0, Avg:  0.0, Max: 0, Diff: 0, Sum: 0, Workers: 4
[1.207s][debug][gc,phases      ] GC(1)     Total                          Min: 2810, Avg: 2862.5, Max: 2880, Diff: 70, Sum: 11450, Workers: 4
[1.207s][debug][gc,phases      ] GC(1)   ResolvedMethodTable Weak       Min:  0.0, Avg:  0.0, Max:  0.0, Diff:  0.0, Sum:  0.0, Workers: 4
[1.207s][debug][gc,phases      ] GC(1)     Dead                           Min: 0, Avg:  0.0, Max: 0, Diff: 0, Sum: 0, Workers: 4
[1.207s][debug][gc,phases      ] GC(1)     Total                          Min: 128, Avg: 148.2, Max: 209, Diff: 81, Sum: 593, Workers: 4
[1.207s][debug][gc,phases      ] GC(1)   JNI Weak                       Min:  0.0, Avg:  0.0, Max:  0.0, Diff:  0.0, Sum:  0.0, Workers: 4
[1.207s][debug][gc,phases      ] GC(1)     Dead                           Min: 0, Avg:  0.0, Max: 0, Diff: 0, Sum: 0, Workers: 4
[1.207s][debug][gc,phases      ] GC(1)     Total                          Min: 0, Avg:  0.0, Max: 0, Diff: 0, Sum: 0, Workers: 4
[1.207s][debug][gc,phases      ] GC(1)   StringDedup Table Weak         Min:  0.0, Avg:  0.0, Max:  0.0, Diff:  0.0, Sum:  0.0, Workers: 4
[1.207s][debug][gc,phases      ] GC(1)     Dead                           Min: 0, Avg:  0.0, Max: 0, Diff: 0, Sum: 0, Workers: 4
[1.207s][debug][gc,phases      ] GC(1)     Total                          Min: 0, Avg:  0.0, Max: 0, Diff: 0, Sum: 0, Workers: 4
[1.207s][debug][gc,phases      ] GC(1)   StringDedup Requests0 Weak     Min:  0.0, Avg:  0.0, Max:  0.0, Diff:  0.0, Sum:  0.0, Workers: 4
[1.207s][debug][gc,phases      ] GC(1)     Dead                           Min: 0, Avg:  0.0, Max: 0, Diff: 0, Sum: 0, Workers: 4
[1.207s][debug][gc,phases      ] GC(1)     Total                          Min: 0, Avg:  0.0, Max: 0, Diff: 0, Sum: 0, Workers: 4
[1.207s][debug][gc,phases      ] GC(1)   StringDedup Requests1 Weak     Min:  0.0, Avg:  0.0, Max:  0.0, Diff:  0.0, Sum:  0.0, Workers: 4
[1.207s][debug][gc,phases      ] GC(1)     Dead                           Min: 0, Avg:  0.0, Max: 0, Diff: 0, Sum: 0, Workers: 4
[1.207s][debug][gc,phases      ] GC(1)     Total                          Min: 0, Avg:  0.0, Max: 0, Diff: 0, Sum: 0, Workers: 4
[1.207s][debug][gc,phases      ] GC(1)   Weak JFR Old Object Samples    Min:  0.0, Avg:  0.0, Max:  0.0, Diff:  0.0, Sum:  0.0, Workers: 4
[1.207s][debug][gc,phases      ] GC(1)     Dead                           Min: 0, Avg:  0.0, Max: 0, Diff: 0, Sum: 0, Workers: 4
[1.207s][debug][gc,phases      ] GC(1)     Total                          Min: 0, Avg:  0.0, Max: 0, Diff: 0, Sum: 0, Workers: 4
[1.207s][debug][gc,phases      ] GC(1) Weak Processing 0.205ms
[1.207s][debug][gc,phases      ] GC(1) ClassLoaderData 0.009ms
[1.207s][debug][gc,phases      ] GC(1) Trigger cleanups 0.000ms
[1.209s][debug][gc,phases      ] GC(1) Class Unloading 1.972ms
[1.209s][info ][gc,phases      ] GC(1) Marking Phase 7.769ms
[1.209s][info ][gc,phases,start] GC(1) Summary Phase
[1.209s][info ][gc,phases      ] GC(1) Summary Phase 0.005ms
[1.209s][info ][gc,phases,start] GC(1) Adjust Roots
[1.212s][info ][gc,phases      ] GC(1) Adjust Roots 2.540ms
[1.212s][info ][gc,phases,start] GC(1) Compaction Phase
[1.223s][info ][gc,phases      ] GC(1) Compaction Phase 11.671ms
[1.223s][info ][gc,phases,start] GC(1) Post Compact
[1.224s][info ][gc,phases      ] GC(1) Post Compact 0.520ms
[1.224s][info ][gc,heap        ] GC(1) PSYoungGen: 16927K(1572864K)->11169K(1572864K) Eden: 0K(1048576K)->0K(1048576K) From: 16927K(524288K)->11169K(524288K)
[1.224s][info ][gc,heap        ] GC(1) ParOldGen: 88K(6144K)->5702K(6144K)
[1.224s][info ][gc,metaspace   ] GC(1) Metaspace: 21362K(21504K)->21362K(21504K) NonClass: 18867K(18944K)->18867K(18944K) Class: 2495K(2560K)->2495K(2560K)
[1.224s][info ][gc             ] GC(1) Pause Full (Metadata GC Threshold) 16M->16M(1542M) 22.619ms
[1.224s][info ][gc,cpu         ] GC(1) User=0.08s Sys=0.00s Real=0.02s
[1.224s][info ][safepoint      ] Safepoint "CollectForMetadataAllocation", Time since last: 198621301 ns, Reaching safepoint: 185613 ns, At safepoint: 32948989 ns, Total: 33134602 ns
[1.224s][info ][safepoint      ] Safepoint "CollectForMetadataAllocation", Time since last: 52304 ns, Reaching safepoint: 96207 ns, At safepoint: 11701 ns, Total: 107908 ns
[1.589s][info ][safepoint      ] Safepoint "ICBufferFull", Time since last: 364396019 ns, Reaching safepoint: 115309 ns, At safepoint: 11800 ns, Total: 127109 ns
[1.605s][info ][safepoint      ] Safepoint "ICBufferFull", Time since last: 16627106 ns, Reaching safepoint: 41903 ns, At safepoint: 6700 ns, Total: 48603 ns
[1.628s][info ][safepoint      ] Safepoint "ICBufferFull", Time since last: 22758950 ns, Reaching safepoint: 71905 ns, At safepoint: 1500 ns, Total: 73405 ns
[1.696s][info ][safepoint      ] Safepoint "ICBufferFull", Time since last: 67573897 ns, Reaching safepoint: 142811 ns, At safepoint: 5000 ns, Total: 147811 ns
[1.824s][info ][safepoint      ] Safepoint "ICBufferFull", Time since last: 127589246 ns, Reaching safepoint: 183413 ns, At safepoint: 2701 ns, Total: 186114 ns
[2.149s][info ][safepoint      ] Safepoint "ICBufferFull", Time since last: 324941047 ns, Reaching safepoint: 253619 ns, At safepoint: 7700 ns, Total: 261319 ns
[2.430s][info ][safepoint      ] Safepoint "ICBufferFull", Time since last: 281226680 ns, Reaching safepoint: 167513 ns, At safepoint: 6100 ns, Total: 173613 ns
[2.519s][info ][gc,start       ] GC(2) Pause Young (Metadata GC Threshold)
[2.550s][debug][gc,phases      ] GC(2) Scavenge 30.113ms
[2.550s][debug][gc,ref         ] GC(2) Skipped phase 1 of Reference Processing: no references
[2.550s][debug][gc,ref         ] GC(2) ReferenceProcessor::execute queues: 2, RefProcThreadModel::Multi, marks_oops_alive: false
[2.550s][debug][gc,ref         ] GC(2) Skipped phase 3 of Reference Processing: no references
[2.550s][debug][gc,ref         ] GC(2) ReferenceProcessor::execute queues: 1, RefProcThreadModel::Single, marks_oops_alive: false
[2.550s][debug][gc,phases      ] GC(2) Reference Processing 0.306ms
[2.550s][debug][gc,phases      ] GC(2)   VM Weak                        Min:  0.0, Avg:  0.0, Max:  0.0, Diff:  0.0, Sum:  0.0, Workers: 4
[2.550s][debug][gc,phases      ] GC(2)     Dead                           Min: 0, Avg:  0.0, Max: 0, Diff: 0, Sum: 0, Workers: 4
[2.550s][debug][gc,phases      ] GC(2)     Total                          Min: 0, Avg: 68.2, Max: 192, Diff: 192, Sum: 273, Workers: 4
[2.550s][debug][gc,phases      ] GC(2)   ObjectSynchronizer Weak        Min:  0.0, Avg:  0.0, Max:  0.0, Diff:  0.0, Sum:  0.0, Workers: 4
[2.550s][debug][gc,phases      ] GC(2)     Dead                           Min: 0, Avg:  1.0, Max: 4, Diff: 4, Sum: 4, Workers: 4
[2.550s][debug][gc,phases      ] GC(2)     Total                          Min: 0, Avg:  3.2, Max: 13, Diff: 13, Sum: 13, Workers: 4
[2.550s][debug][gc,phases      ] GC(2)   JVMTI Tag Weak OopStorage      Min:  0.0, Avg:  0.0, Max:  0.0, Diff:  0.0, Sum:  0.0, Workers: 4
[2.550s][debug][gc,phases      ] GC(2)     Dead                           Min: 0, Avg:  0.0, Max: 0, Diff: 0, Sum: 0, Workers: 4
[2.550s][debug][gc,phases      ] GC(2)     Total                          Min: 0, Avg:  0.0, Max: 0, Diff: 0, Sum: 0, Workers: 4
[2.550s][debug][gc,phases      ] GC(2)   StringTable Weak               Min:  0.2, Avg:  0.2, Max:  0.2, Diff:  0.0, Sum:  0.7, Workers: 4
[2.550s][debug][gc,phases      ] GC(2)     Dead                           Min: 2, Avg:  6.0, Max: 14, Diff: 12, Sum: 24, Workers: 4
[2.550s][debug][gc,phases      ] GC(2)     Total                          Min: 3776, Avg: 4943.0, Max: 6844, Diff: 3068, Sum: 19772, Workers: 4
[2.550s][debug][gc,phases      ] GC(2)   ResolvedMethodTable Weak       Min:  0.0, Avg:  0.0, Max:  0.0, Diff:  0.0, Sum:  0.1, Workers: 4
[2.550s][debug][gc,phases      ] GC(2)     Dead                           Min: 8, Avg: 18.2, Max: 30, Diff: 22, Sum: 73, Workers: 4
[2.550s][debug][gc,phases      ] GC(2)     Total                          Min: 355, Avg: 472.8, Max: 768, Diff: 413, Sum: 1891, Workers: 4
[2.550s][debug][gc,phases      ] GC(2)   JNI Weak                       Min:  0.0, Avg:  0.0, Max:  0.0, Diff:  0.0, Sum:  0.0, Workers: 4
[2.550s][debug][gc,phases      ] GC(2)     Dead                           Min: 0, Avg:  0.0, Max: 0, Diff: 0, Sum: 0, Workers: 4
[2.550s][debug][gc,phases      ] GC(2)     Total                          Min: 0, Avg:  0.0, Max: 0, Diff: 0, Sum: 0, Workers: 4
[2.550s][debug][gc,phases      ] GC(2)   StringDedup Table Weak         Min:  0.0, Avg:  0.0, Max:  0.0, Diff:  0.0, Sum:  0.0, Workers: 4
[2.550s][debug][gc,phases      ] GC(2)     Dead                           Min: 0, Avg:  0.0, Max: 0, Diff: 0, Sum: 0, Workers: 4
[2.550s][debug][gc,phases      ] GC(2)     Total                          Min: 0, Avg:  0.0, Max: 0, Diff: 0, Sum: 0, Workers: 4
[2.550s][debug][gc,phases      ] GC(2)   StringDedup Requests0 Weak     Min:  0.0, Avg:  0.0, Max:  0.0, Diff:  0.0, Sum:  0.0, Workers: 4
[2.550s][debug][gc,phases      ] GC(2)     Dead                           Min: 0, Avg:  0.0, Max: 0, Diff: 0, Sum: 0, Workers: 4
[2.550s][debug][gc,phases      ] GC(2)     Total                          Min: 0, Avg:  0.0, Max: 0, Diff: 0, Sum: 0, Workers: 4
[2.550s][debug][gc,phases      ] GC(2)   StringDedup Requests1 Weak     Min:  0.0, Avg:  0.0, Max:  0.0, Diff:  0.0, Sum:  0.0, Workers: 4
[2.550s][debug][gc,phases      ] GC(2)     Dead                           Min: 0, Avg:  0.0, Max: 0, Diff: 0, Sum: 0, Workers: 4
[2.550s][debug][gc,phases      ] GC(2)     Total                          Min: 0, Avg:  0.0, Max: 0, Diff: 0, Sum: 0, Workers: 4
[2.550s][debug][gc,phases      ] GC(2)   Weak JFR Old Object Samples    Min:  0.0, Avg:  0.0, Max:  0.0, Diff:  0.0, Sum:  0.0, Workers: 4
[2.550s][debug][gc,phases      ] GC(2)     Dead                           Min: 0, Avg:  0.0, Max: 0, Diff: 0, Sum: 0, Workers: 4
[2.550s][debug][gc,phases      ] GC(2)     Total                          Min: 0, Avg:  0.0, Max: 0, Diff: 0, Sum: 0, Workers: 4
[2.550s][debug][gc,phases      ] GC(2) Weak Processing 0.385ms
[2.550s][debug][gc,age         ] GC(2) Desired survivor size 536870912 bytes, new threshold 7 (max threshold 15)
[2.550s][info ][gc,heap        ] GC(2) PSYoungGen: 459961K(1572864K)->56582K(1572864K) Eden: 448792K(1048576K)->0K(1048576K) From: 11169K(524288K)->56582K(524288K)
[2.550s][info ][gc,heap        ] GC(2) ParOldGen: 5702K(6144K)->5710K(6144K)
[2.550s][info ][gc,metaspace   ] GC(2) Metaspace: 35453K(35840K)->35453K(35840K) NonClass: 30989K(31168K)->30989K(31168K) Class: 4464K(4672K)->4464K(4672K)
[2.550s][info ][gc             ] GC(2) Pause Young (Metadata GC Threshold) 454M->60M(1542M) 30.935ms
[2.550s][info ][gc,cpu         ] GC(2) User=0.09s Sys=0.03s Real=0.03s
[2.550s][debug][gc,phases      ] GC(3) Pre Compact 0.008ms
[2.550s][info ][gc,start       ] GC(3) Pause Full (Metadata GC Threshold)
[2.550s][info ][gc,phases,start] GC(3) Marking Phase
[2.569s][debug][gc,phases      ] GC(3) Par Mark 18.318ms
[2.569s][debug][gc,ref         ] GC(3) Skipped phase 1 of Reference Processing: no references
[2.569s][debug][gc,ref         ] GC(3) ReferenceProcessor::execute queues: 2, RefProcThreadModel::Multi, marks_oops_alive: false
[2.569s][debug][gc,ref         ] GC(3) Skipped phase 3 of Reference Processing: no references
[2.569s][debug][gc,ref         ] GC(3) ReferenceProcessor::execute queues: 1, RefProcThreadModel::Single, marks_oops_alive: false
[2.569s][debug][gc,phases      ] GC(3) Reference Processing 0.193ms
[2.569s][debug][gc,phases      ] GC(3)   VM Weak                        Min:  0.0, Avg:  0.0, Max:  0.0, Diff:  0.0, Sum:  0.0, Workers: 4
[2.569s][debug][gc,phases      ] GC(3)     Dead                           Min: 0, Avg:  0.0, Max: 0, Diff: 0, Sum: 0, Workers: 4
[2.569s][debug][gc,phases      ] GC(3)     Total                          Min: 0, Avg: 68.2, Max: 209, Diff: 209, Sum: 273, Workers: 4
[2.569s][debug][gc,phases      ] GC(3)   ObjectSynchronizer Weak        Min:  0.0, Avg:  0.0, Max:  0.0, Diff:  0.0, Sum:  0.0, Workers: 4
[2.569s][debug][gc,phases      ] GC(3)     Dead                           Min: 0, Avg:  0.0, Max: 0, Diff: 0, Sum: 0, Workers: 4
[2.569s][debug][gc,phases      ] GC(3)     Total                          Min: 0, Avg:  3.2, Max: 13, Diff: 13, Sum: 13, Workers: 4
[2.569s][debug][gc,phases      ] GC(3)   JVMTI Tag Weak OopStorage      Min:  0.0, Avg:  0.0, Max:  0.0, Diff:  0.0, Sum:  0.0, Workers: 4
[2.569s][debug][gc,phases      ] GC(3)     Dead                           Min: 0, Avg:  0.0, Max: 0, Diff: 0, Sum: 0, Workers: 4
[2.569s][debug][gc,phases      ] GC(3)     Total                          Min: 0, Avg:  0.0, Max: 0, Diff: 0, Sum: 0, Workers: 4
[2.569s][debug][gc,phases      ] GC(3)   StringTable Weak               Min:  0.1, Avg:  0.1, Max:  0.1, Diff:  0.0, Sum:  0.2, Workers: 4
[2.569s][debug][gc,phases      ] GC(3)     Dead                           Min: 0, Avg:  0.0, Max: 0, Diff: 0, Sum: 0, Workers: 4
[2.569s][debug][gc,phases      ] GC(3)     Total                          Min: 4032, Avg: 4943.0, Max: 5504, Diff: 1472, Sum: 19772, Workers: 4
[2.569s][debug][gc,phases      ] GC(3)   ResolvedMethodTable Weak       Min:  0.0, Avg:  0.0, Max:  0.0, Diff:  0.0, Sum:  0.0, Workers: 4
[2.569s][debug][gc,phases      ] GC(3)     Dead                           Min: 0, Avg:  0.0, Max: 0, Diff: 0, Sum: 0, Workers: 4
[2.569s][debug][gc,phases      ] GC(3)     Total                          Min: 448, Avg: 472.8, Max: 547, Diff: 99, Sum: 1891, Workers: 4
[2.569s][debug][gc,phases      ] GC(3)   JNI Weak                       Min:  0.0, Avg:  0.0, Max:  0.0, Diff:  0.0, Sum:  0.0, Workers: 4
[2.569s][debug][gc,phases      ] GC(3)     Dead                           Min: 0, Avg:  0.0, Max: 0, Diff: 0, Sum: 0, Workers: 4
[2.569s][debug][gc,phases      ] GC(3)     Total                          Min: 0, Avg:  0.0, Max: 0, Diff: 0, Sum: 0, Workers: 4
[2.569s][debug][gc,phases      ] GC(3)   StringDedup Table Weak         Min:  0.0, Avg:  0.0, Max:  0.0, Diff:  0.0, Sum:  0.0, Workers: 4
[2.569s][debug][gc,phases      ] GC(3)     Dead                           Min: 0, Avg:  0.0, Max: 0, Diff: 0, Sum: 0, Workers: 4
[2.569s][debug][gc,phases      ] GC(3)     Total                          Min: 0, Avg:  0.0, Max: 0, Diff: 0, Sum: 0, Workers: 4
[2.569s][debug][gc,phases      ] GC(3)   StringDedup Requests0 Weak     Min:  0.0, Avg:  0.0, Max:  0.0, Diff:  0.0, Sum:  0.0, Workers: 4
[2.569s][debug][gc,phases      ] GC(3)     Dead                           Min: 0, Avg:  0.0, Max: 0, Diff: 0, Sum: 0, Workers: 4
[2.569s][debug][gc,phases      ] GC(3)     Total                          Min: 0, Avg:  0.0, Max: 0, Diff: 0, Sum: 0, Workers: 4
[2.569s][debug][gc,phases      ] GC(3)   StringDedup Requests1 Weak     Min:  0.0, Avg:  0.0, Max:  0.0, Diff:  0.0, Sum:  0.0, Workers: 4
[2.569s][debug][gc,phases      ] GC(3)     Dead                           Min: 0, Avg:  0.0, Max: 0, Diff: 0, Sum: 0, Workers: 4
[2.569s][debug][gc,phases      ] GC(3)     Total                          Min: 0, Avg:  0.0, Max: 0, Diff: 0, Sum: 0, Workers: 4
[2.569s][debug][gc,phases      ] GC(3)   Weak JFR Old Object Samples    Min:  0.0, Avg:  0.0, Max:  0.0, Diff:  0.0, Sum:  0.0, Workers: 4
[2.569s][debug][gc,phases      ] GC(3)     Dead                           Min: 0, Avg:  0.0, Max: 0, Diff: 0, Sum: 0, Workers: 4
[2.569s][debug][gc,phases      ] GC(3)     Total                          Min: 0, Avg:  0.0, Max: 0, Diff: 0, Sum: 0, Workers: 4
[2.569s][debug][gc,phases      ] GC(3) Weak Processing 0.300ms
[2.569s][debug][gc,phases      ] GC(3) ClassLoaderData 0.039ms
[2.569s][debug][gc,phases      ] GC(3) Trigger cleanups 0.000ms
[2.574s][debug][gc,phases      ] GC(3) Class Unloading 4.183ms
[2.574s][info ][gc,phases      ] GC(3) Marking Phase 23.119ms
[2.574s][info ][gc,phases,start] GC(3) Summary Phase
[2.574s][info ][gc,phases      ] GC(3) Summary Phase 0.022ms
[2.574s][info ][gc,phases,start] GC(3) Adjust Roots
[2.578s][info ][gc,phases      ] GC(3) Adjust Roots 4.191ms
[2.578s][info ][gc,phases,start] GC(3) Compaction Phase
[2.828s][info ][gc,phases      ] GC(3) Compaction Phase 250.302ms
[2.828s][info ][gc,phases,start] GC(3) Post Compact
[2.829s][info ][gc,phases      ] GC(3) Post Compact 0.583ms
[2.829s][info ][gc,heap        ] GC(3) PSYoungGen: 56582K(1572864K)->56381K(1572864K) Eden: 0K(1048576K)->0K(1048576K) From: 56582K(524288K)->56381K(524288K)
[2.829s][info ][gc,heap        ] GC(3) ParOldGen: 5710K(6144K)->5652K(6144K)
[2.829s][info ][gc,metaspace   ] GC(3) Metaspace: 35453K(35840K)->35453K(35840K) NonClass: 30989K(31168K)->30989K(31168K) Class: 4464K(4672K)->4464K(4672K)
[2.829s][info ][gc             ] GC(3) Pause Full (Metadata GC Threshold) 60M->60M(1542M) 278.337ms
[2.829s][info ][gc,cpu         ] GC(3) User=0.60s Sys=0.00s Real=0.28s
[2.829s][info ][safepoint      ] Safepoint "CollectForMetadataAllocation", Time since last: 89056154 ns, Reaching safepoint: 51303 ns, At safepoint: 309388114 ns, Total: 309439417 ns
[3.084s][info ][safepoint      ] Safepoint "ICBufferFull", Time since last: 254971868 ns, Reaching safepoint: 129710 ns, At safepoint: 7500 ns, Total: 137210 ns
[3.169s][info ][safepoint      ] Safepoint "ICBufferFull", Time since last: 84936653 ns, Reaching safepoint: 157611 ns, At safepoint: 6100 ns, Total: 163711 ns
[3.326s][info ][safepoint      ] Safepoint "ICBufferFull", Time since last: 156078506 ns, Reaching safepoint: 432931 ns, At safepoint: 25302 ns, Total: 458233 ns
[3.328s][info ][safepoint      ] Safepoint "ICBufferFull", Time since last: 1861235 ns, Reaching safepoint: 111408 ns, At safepoint: 24102 ns, Total: 135510 ns
[3.331s][info ][safepoint      ] Safepoint "ICBufferFull", Time since last: 3340041 ns, Reaching safepoint: 115409 ns, At safepoint: 24802 ns, Total: 140211 ns
[3.437s][info ][safepoint      ] Safepoint "ICBufferFull", Time since last: 105931973 ns, Reaching safepoint: 204815 ns, At safepoint: 21001 ns, Total: 225816 ns
[3.440s][info ][safepoint      ] Safepoint "ICBufferFull", Time since last: 2545684 ns, Reaching safepoint: 115409 ns, At safepoint: 19501 ns, Total: 134910 ns
[3.631s][info ][safepoint      ] Safepoint "ICBufferFull", Time since last: 190403691 ns, Reaching safepoint: 231317 ns, At safepoint: 27402 ns, Total: 258719 ns
[3.677s][info ][safepoint      ] Safepoint "ICBufferFull", Time since last: 46551570 ns, Reaching safepoint: 157112 ns, At safepoint: 15801 ns, Total: 172913 ns
[3.679s][info ][safepoint      ] Safepoint "ICBufferFull", Time since last: 1678621 ns, Reaching safepoint: 446633 ns, At safepoint: 23601 ns, Total: 470234 ns
[3.984s][info ][safepoint      ] Safepoint "ICBufferFull", Time since last: 304340234 ns, Reaching safepoint: 223717 ns, At safepoint: 21301 ns, Total: 245018 ns
[3.985s][info ][safepoint      ] Safepoint "ICBufferFull", Time since last: 1032575 ns, Reaching safepoint: 111208 ns, At safepoint: 25302 ns, Total: 136510 ns
[4.081s][info ][safepoint      ] Safepoint "ICBufferFull", Time since last: 95757933 ns, Reaching safepoint: 210815 ns, At safepoint: 26802 ns, Total: 237617 ns
[4.193s][info ][safepoint      ] Safepoint "ICBufferFull", Time since last: 111898901 ns, Reaching safepoint: 149611 ns, At safepoint: 25302 ns, Total: 174913 ns
[4.193s][info ][safepoint      ] Safepoint "ICBufferFull", Time since last: 57804 ns, Reaching safepoint: 158712 ns, At safepoint: 21001 ns, Total: 179713 ns
[4.271s][info ][gc,start       ] GC(4) Pause Young (Allocation Failure)
[4.385s][debug][gc,phases      ] GC(4) Scavenge 114.281ms
[4.385s][debug][gc,ref         ] GC(4) Skipped phase 1 of Reference Processing: no references
[4.385s][debug][gc,ref         ] GC(4) ReferenceProcessor::execute queues: 4, RefProcThreadModel::Multi, marks_oops_alive: false
[4.385s][debug][gc,ref         ] GC(4) Skipped phase 3 of Reference Processing: no references
[4.385s][debug][gc,ref         ] GC(4) ReferenceProcessor::execute queues: 3, RefProcThreadModel::Multi, marks_oops_alive: false
[4.385s][debug][gc,phases      ] GC(4) Reference Processing 0.502ms
[4.386s][debug][gc,phases      ] GC(4)   VM Weak                        Min:  0.0, Avg:  0.0, Max:  0.0, Diff:  0.0, Sum:  0.0, Workers: 4
[4.386s][debug][gc,phases      ] GC(4)     Dead                           Min: 0, Avg:  0.0, Max: 0, Diff: 0, Sum: 0, Workers: 4
[4.386s][debug][gc,phases      ] GC(4)     Total                          Min: 0, Avg: 105.2, Max: 256, Diff: 256, Sum: 421, Workers: 4
[4.386s][debug][gc,phases      ] GC(4)   ObjectSynchronizer Weak        Min:  0.0, Avg:  0.0, Max:  0.0, Diff:  0.0, Sum:  0.0, Workers: 4
[4.386s][debug][gc,phases      ] GC(4)     Dead                           Min: 0, Avg: 51.5, Max: 102, Diff: 102, Sum: 206, Workers: 4
[4.386s][debug][gc,phases      ] GC(4)     Total                          Min: 0, Avg: 62.0, Max: 128, Diff: 128, Sum: 248, Workers: 4
[4.386s][debug][gc,phases      ] GC(4)   JVMTI Tag Weak OopStorage      Min:  0.0, Avg:  0.0, Max:  0.0, Diff:  0.0, Sum:  0.0, Workers: 4
[4.386s][debug][gc,phases      ] GC(4)     Dead                           Min: 0, Avg:  0.0, Max: 0, Diff: 0, Sum: 0, Workers: 4
[4.386s][debug][gc,phases      ] GC(4)     Total                          Min: 0, Avg:  0.0, Max: 0, Diff: 0, Sum: 0, Workers: 4
[4.386s][debug][gc,phases      ] GC(4)   StringTable Weak               Min:  0.4, Avg:  0.4, Max:  0.4, Diff:  0.0, Sum:  1.6, Workers: 4
[4.386s][debug][gc,phases      ] GC(4)     Dead                           Min: 2, Avg:  6.5, Max: 20, Diff: 18, Sum: 26, Workers: 4
[4.386s][debug][gc,phases      ] GC(4)     Total                          Min: 8320, Avg: 9544.2, Max: 12416, Diff: 4096, Sum: 38177, Workers: 4
[4.386s][debug][gc,phases      ] GC(4)   ResolvedMethodTable Weak       Min:  0.1, Avg:  0.1, Max:  0.1, Diff:  0.0, Sum:  0.2, Workers: 4
[4.386s][debug][gc,phases      ] GC(4)     Dead                           Min: 13, Avg: 42.2, Max: 96, Diff: 83, Sum: 169, Workers: 4
[4.386s][debug][gc,phases      ] GC(4)     Total                          Min: 960, Avg: 1217.5, Max: 1606, Diff: 646, Sum: 4870, Workers: 4
[4.386s][debug][gc,phases      ] GC(4)   JNI Weak                       Min:  0.0, Avg:  0.0, Max:  0.0, Diff:  0.0, Sum:  0.0, Workers: 4
[4.386s][debug][gc,phases      ] GC(4)     Dead                           Min: 0, Avg:  0.0, Max: 0, Diff: 0, Sum: 0, Workers: 4
[4.386s][debug][gc,phases      ] GC(4)     Total                          Min: 0, Avg:  3.2, Max: 13, Diff: 13, Sum: 13, Workers: 4
[4.386s][debug][gc,phases      ] GC(4)   StringDedup Table Weak         Min:  0.0, Avg:  0.0, Max:  0.0, Diff:  0.0, Sum:  0.0, Workers: 4
[4.386s][debug][gc,phases      ] GC(4)     Dead                           Min: 0, Avg:  0.0, Max: 0, Diff: 0, Sum: 0, Workers: 4
[4.386s][debug][gc,phases      ] GC(4)     Total                          Min: 0, Avg:  0.0, Max: 0, Diff: 0, Sum: 0, Workers: 4
[4.386s][debug][gc,phases      ] GC(4)   StringDedup Requests0 Weak     Min:  0.0, Avg:  0.0, Max:  0.0, Diff:  0.0, Sum:  0.0, Workers: 4
[4.386s][debug][gc,phases      ] GC(4)     Dead                           Min: 0, Avg:  0.0, Max: 0, Diff: 0, Sum: 0, Workers: 4
[4.386s][debug][gc,phases      ] GC(4)     Total                          Min: 0, Avg:  0.0, Max: 0, Diff: 0, Sum: 0, Workers: 4
[4.386s][debug][gc,phases      ] GC(4)   StringDedup Requests1 Weak     Min:  0.0, Avg:  0.0, Max:  0.0, Diff:  0.0, Sum:  0.0, Workers: 4
[4.386s][debug][gc,phases      ] GC(4)     Dead                           Min: 0, Avg:  0.0, Max: 0, Diff: 0, Sum: 0, Workers: 4
[4.386s][debug][gc,phases      ] GC(4)     Total                          Min: 0, Avg:  0.0, Max: 0, Diff: 0, Sum: 0, Workers: 4
[4.386s][debug][gc,phases      ] GC(4)   Weak JFR Old Object Samples    Min:  0.0, Avg:  0.0, Max:  0.0, Diff:  0.0, Sum:  0.0, Workers: 4
[4.386s][debug][gc,phases      ] GC(4)     Dead                           Min: 0, Avg:  0.0, Max: 0, Diff: 0, Sum: 0, Workers: 4
[4.386s][debug][gc,phases      ] GC(4)     Total                          Min: 0, Avg:  0.0, Max: 0, Diff: 0, Sum: 0, Workers: 4
[4.386s][debug][gc,phases      ] GC(4) Weak Processing 0.637ms
[4.386s][debug][gc,age         ] GC(4) Desired survivor size 536870912 bytes, new threshold 7 (max threshold 15)
[4.386s][info ][gc,heap        ] GC(4) PSYoungGen: 1104957K(1572864K)->167322K(1572864K) Eden: 1048576K(1048576K)->0K(1048576K) From: 56381K(524288K)->167322K(524288K)
[4.386s][info ][gc,heap        ] GC(4) ParOldGen: 5652K(6144K)->5668K(6144K)
[4.386s][info ][gc,metaspace   ] GC(4) Metaspace: 53392K(54016K)->53392K(54016K) NonClass: 45495K(45824K)->45495K(45824K) Class: 7897K(8192K)->7897K(8192K)
[4.386s][info ][gc             ] GC(4) Pause Young (Allocation Failure) 1084M->168M(1542M) 115.569ms
[4.386s][info ][gc,cpu         ] GC(4) User=0.39s Sys=0.07s Real=0.12s
[4.386s][info ][safepoint      ] Safepoint "ParallelGCFailedAllocation", Time since last: 76842863 ns, Reaching safepoint: 223917 ns, At safepoint: 115685575 ns, Total: 115909492 ns
[4.491s][info ][safepoint      ] Safepoint "ICBufferFull", Time since last: 104318853 ns, Reaching safepoint: 199814 ns, At safepoint: 28102 ns, Total: 227916 ns
[4.494s][info ][safepoint      ] Safepoint "ICBufferFull", Time since last: 3240035 ns, Reaching safepoint: 107008 ns, At safepoint: 24302 ns, Total: 131310 ns
[4.498s][info ][safepoint      ] Safepoint "ICBufferFull", Time since last: 3268036 ns, Reaching safepoint: 111108 ns, At safepoint: 24402 ns, Total: 135510 ns
[4.510s][info ][safepoint      ] Safepoint "ICBufferFull", Time since last: 12662317 ns, Reaching safepoint: 118308 ns, At safepoint: 30602 ns, Total: 148910 ns
[4.529s][info ][safepoint      ] Safepoint "ICBufferFull", Time since last: 18173616 ns, Reaching safepoint: 120609 ns, At safepoint: 26702 ns, Total: 147311 ns
[4.532s][info ][safepoint      ] Safepoint "ICBufferFull", Time since last: 2790202 ns, Reaching safepoint: 114108 ns, At safepoint: 27202 ns, Total: 141310 ns
[4.534s][info ][safepoint      ] Safepoint "ICBufferFull", Time since last: 2062549 ns, Reaching safepoint: 107608 ns, At safepoint: 20602 ns, Total: 128210 ns
[4.536s][info ][safepoint      ] Safepoint "ICBufferFull", Time since last: 1934640 ns, Reaching safepoint: 108008 ns, At safepoint: 26202 ns, Total: 134210 ns
[4.538s][info ][safepoint      ] Safepoint "ICBufferFull", Time since last: 2200459 ns, Reaching safepoint: 106208 ns, At safepoint: 23001 ns, Total: 129209 ns
[4.542s][info ][safepoint      ] Safepoint "ICBufferFull", Time since last: 3453650 ns, Reaching safepoint: 406930 ns, At safepoint: 24001 ns, Total: 430931 ns
[4.547s][info ][safepoint      ] Safepoint "ICBufferFull", Time since last: 5068567 ns, Reaching safepoint: 119809 ns, At safepoint: 29802 ns, Total: 149611 ns
[4.564s][info ][safepoint      ] Safepoint "ICBufferFull", Time since last: 16292980 ns, Reaching safepoint: 78405 ns, At safepoint: 32103 ns, Total: 110508 ns
[4.606s][info ][gc,start       ] GC(5) Pause Young (Allocation Failure)
[4.691s][debug][gc,phases      ] GC(5) Scavenge 85.336ms
[4.691s][debug][gc,ref         ] GC(5) Skipped phase 1 of Reference Processing: no references
[4.692s][debug][gc,ref         ] GC(5) ReferenceProcessor::execute queues: 4, RefProcThreadModel::Multi, marks_oops_alive: false
[4.692s][debug][gc,ref         ] GC(5) Skipped phase 3 of Reference Processing: no references
[4.692s][debug][gc,ref         ] GC(5) ReferenceProcessor::execute queues: 1, RefProcThreadModel::Single, marks_oops_alive: false
[4.692s][debug][gc,phases      ] GC(5) Reference Processing 0.328ms
[4.692s][debug][gc,phases      ] GC(5)   VM Weak                        Min:  0.0, Avg:  0.0, Max:  0.0, Diff:  0.0, Sum:  0.0, Workers: 4
[4.692s][debug][gc,phases      ] GC(5)     Dead                           Min: 0, Avg:  0.0, Max: 0, Diff: 0, Sum: 0, Workers: 4
[4.692s][debug][gc,phases      ] GC(5)     Total                          Min: 0, Avg: 106.8, Max: 192, Diff: 192, Sum: 427, Workers: 4
[4.692s][debug][gc,phases      ] GC(5)   ObjectSynchronizer Weak        Min:  0.0, Avg:  0.0, Max:  0.0, Diff:  0.0, Sum:  0.0, Workers: 4
[4.692s][debug][gc,phases      ] GC(5)     Dead                           Min: 0, Avg:  2.5, Max: 8, Diff: 8, Sum: 10, Workers: 4
[4.692s][debug][gc,phases      ] GC(5)     Total                          Min: 0, Avg: 64.8, Max: 128, Diff: 128, Sum: 259, Workers: 4
[4.692s][debug][gc,phases      ] GC(5)   JVMTI Tag Weak OopStorage      Min:  0.0, Avg:  0.0, Max:  0.0, Diff:  0.0, Sum:  0.0, Workers: 4
[4.692s][debug][gc,phases      ] GC(5)     Dead                           Min: 0, Avg:  0.0, Max: 0, Diff: 0, Sum: 0, Workers: 4
[4.692s][debug][gc,phases      ] GC(5)     Total                          Min: 0, Avg:  0.0, Max: 0, Diff: 0, Sum: 0, Workers: 4
[4.692s][debug][gc,phases      ] GC(5)   StringTable Weak               Min:  0.4, Avg:  0.4, Max:  0.4, Diff:  0.0, Sum:  1.6, Workers: 4
[4.692s][debug][gc,phases      ] GC(5)     Dead                           Min: 0, Avg:  3.5, Max: 13, Diff: 13, Sum: 14, Workers: 4
[4.692s][debug][gc,phases      ] GC(5)     Total                          Min: 8464, Avg: 9556.0, Max: 12032, Diff: 3568, Sum: 38224, Workers: 4
[4.692s][debug][gc,phases      ] GC(5)   ResolvedMethodTable Weak       Min:  0.0, Avg:  0.1, Max:  0.1, Diff:  0.0, Sum:  0.2, Workers: 4
[4.692s][debug][gc,phases      ] GC(5)     Dead                           Min: 0, Avg:  0.0, Max: 0, Diff: 0, Sum: 0, Workers: 4
[4.692s][debug][gc,phases      ] GC(5)     Total                          Min: 1044, Avg: 1188.0, Max: 1373, Diff: 329, Sum: 4752, Workers: 4
[4.692s][debug][gc,phases      ] GC(5)   JNI Weak                       Min:  0.0, Avg:  0.0, Max:  0.0, Diff:  0.0, Sum:  0.0, Workers: 4
[4.692s][debug][gc,phases      ] GC(5)     Dead                           Min: 0, Avg:  0.0, Max: 0, Diff: 0, Sum: 0, Workers: 4
[4.692s][debug][gc,phases      ] GC(5)     Total                          Min: 0, Avg:  1.5, Max: 6, Diff: 6, Sum: 6, Workers: 4
[4.692s][debug][gc,phases      ] GC(5)   StringDedup Table Weak         Min:  0.0, Avg:  0.0, Max:  0.0, Diff:  0.0, Sum:  0.0, Workers: 4
[4.692s][debug][gc,phases      ] GC(5)     Dead                           Min: 0, Avg:  0.0, Max: 0, Diff: 0, Sum: 0, Workers: 4
[4.692s][debug][gc,phases      ] GC(5)     Total                          Min: 0, Avg:  0.0, Max: 0, Diff: 0, Sum: 0, Workers: 4
[4.692s][debug][gc,phases      ] GC(5)   StringDedup Requests0 Weak     Min:  0.0, Avg:  0.0, Max:  0.0, Diff:  0.0, Sum:  0.0, Workers: 4
[4.692s][debug][gc,phases      ] GC(5)     Dead                           Min: 0, Avg:  0.0, Max: 0, Diff: 0, Sum: 0, Workers: 4
[4.692s][debug][gc,phases      ] GC(5)     Total                          Min: 0, Avg:  0.0, Max: 0, Diff: 0, Sum: 0, Workers: 4
[4.692s][debug][gc,phases      ] GC(5)   StringDedup Requests1 Weak     Min:  0.0, Avg:  0.0, Max:  0.0, Diff:  0.0, Sum:  0.0, Workers: 4
[4.692s][debug][gc,phases      ] GC(5)     Dead                           Min: 0, Avg:  0.0, Max: 0, Diff: 0, Sum: 0, Workers: 4
[4.692s][debug][gc,phases      ] GC(5)     Total                          Min: 0, Avg:  0.0, Max: 0, Diff: 0, Sum: 0, Workers: 4
[4.692s][debug][gc,phases      ] GC(5)   Weak JFR Old Object Samples    Min:  0.0, Avg:  0.0, Max:  0.0, Diff:  0.0, Sum:  0.0, Workers: 4
[4.692s][debug][gc,phases      ] GC(5)     Dead                           Min: 0, Avg:  0.0, Max: 0, Diff: 0, Sum: 0, Workers: 4
[4.692s][debug][gc,phases      ] GC(5)     Total                          Min: 0, Avg:  0.0, Max: 0, Diff: 0, Sum: 0, Workers: 4
[4.692s][debug][gc,phases      ] GC(5) Weak Processing 0.662ms
[4.692s][debug][gc,age         ] GC(5) Desired survivor size 536870912 bytes, new threshold 7 (max threshold 15)
[4.692s][info ][gc,heap        ] GC(5) PSYoungGen: 1215898K(1572864K)->176811K(1572864K) Eden: 1048576K(1048576K)->0K(1048576K) From: 167322K(524288K)->176811K(524288K)
[4.692s][info ][gc,heap        ] GC(5) ParOldGen: 5668K(6144K)->5676K(6144K)
[4.692s][info ][gc,metaspace   ] GC(5) Metaspace: 53648K(54272K)->53648K(54272K) NonClass: 45731K(46080K)->45731K(46080K) Class: 7916K(8192K)->7916K(8192K)
[4.692s][info ][gc             ] GC(5) Pause Young (Allocation Failure) 1192M->178M(1542M) 86.459ms
[4.693s][info ][gc,cpu         ] GC(5) User=0.29s Sys=0.05s Real=0.08s
[4.693s][info ][safepoint      ] Safepoint "ParallelGCFailedAllocation", Time since last: 42111549 ns, Reaching safepoint: 166812 ns, At safepoint: 86569965 ns, Total: 86736777 ns
[4.884s][info ][gc,start       ] GC(6) Pause Young (Allocation Failure)
[4.959s][debug][gc,phases      ] GC(6) Scavenge 74.453ms
[4.959s][debug][gc,ref         ] GC(6) Skipped phase 1 of Reference Processing: no references
[4.959s][debug][gc,ref         ] GC(6) ReferenceProcessor::execute queues: 4, RefProcThreadModel::Multi, marks_oops_alive: false
[4.959s][debug][gc,ref         ] GC(6) Skipped phase 3 of Reference Processing: no references
[4.959s][debug][gc,ref         ] GC(6) ReferenceProcessor::execute queues: 1, RefProcThreadModel::Single, marks_oops_alive: false
[4.959s][debug][gc,phases      ] GC(6) Reference Processing 0.358ms
[4.960s][debug][gc,phases      ] GC(6)   VM Weak                        Min:  0.0, Avg:  0.0, Max:  0.0, Diff:  0.0, Sum:  0.0, Workers: 4
[4.960s][debug][gc,phases      ] GC(6)     Dead                           Min: 0, Avg:  0.0, Max: 0, Diff: 0, Sum: 0, Workers: 4
[4.960s][debug][gc,phases      ] GC(6)     Total                          Min: 0, Avg: 111.2, Max: 320, Diff: 320, Sum: 445, Workers: 4
[4.960s][debug][gc,phases      ] GC(6)   ObjectSynchronizer Weak        Min:  0.0, Avg:  0.0, Max:  0.0, Diff:  0.0, Sum:  0.0, Workers: 4
[4.960s][debug][gc,phases      ] GC(6)     Dead                           Min: 0, Avg:  0.0, Max: 0, Diff: 0, Sum: 0, Workers: 4
[4.960s][debug][gc,phases      ] GC(6)     Total                          Min: 3, Avg: 64.8, Max: 128, Diff: 125, Sum: 259, Workers: 4
[4.960s][debug][gc,phases      ] GC(6)   JVMTI Tag Weak OopStorage      Min:  0.0, Avg:  0.0, Max:  0.0, Diff:  0.0, Sum:  0.0, Workers: 4
[4.960s][debug][gc,phases      ] GC(6)     Dead                           Min: 0, Avg:  0.0, Max: 0, Diff: 0, Sum: 0, Workers: 4
[4.960s][debug][gc,phases      ] GC(6)     Total                          Min: 0, Avg:  0.0, Max: 0, Diff: 0, Sum: 0, Workers: 4
[4.960s][debug][gc,phases      ] GC(6)   StringTable Weak               Min:  0.4, Avg:  0.4, Max:  0.4, Diff:  0.0, Sum:  1.5, Workers: 4
[4.960s][debug][gc,phases      ] GC(6)     Dead                           Min: 0, Avg:  0.2, Max: 1, Diff: 1, Sum: 1, Workers: 4
[4.960s][debug][gc,phases      ] GC(6)     Total                          Min: 7680, Avg: 9593.0, Max: 11520, Diff: 3840, Sum: 38372, Workers: 4
[4.960s][debug][gc,phases      ] GC(6)   ResolvedMethodTable Weak       Min:  0.0, Avg:  0.1, Max:  0.1, Diff:  0.0, Sum:  0.2, Workers: 4
[4.960s][debug][gc,phases      ] GC(6)     Dead                           Min: 0, Avg:  0.0, Max: 0, Diff: 0, Sum: 0, Workers: 4
[4.960s][debug][gc,phases      ] GC(6)     Total                          Min: 896, Avg: 1227.0, Max: 1664, Diff: 768, Sum: 4908, Workers: 4
[4.960s][debug][gc,phases      ] GC(6)   JNI Weak                       Min:  0.0, Avg:  0.0, Max:  0.0, Diff:  0.0, Sum:  0.0, Workers: 4
[4.960s][debug][gc,phases      ] GC(6)     Dead                           Min: 0, Avg:  0.0, Max: 0, Diff: 0, Sum: 0, Workers: 4
[4.960s][debug][gc,phases      ] GC(6)     Total                          Min: 0, Avg:  2.5, Max: 10, Diff: 10, Sum: 10, Workers: 4
[4.960s][debug][gc,phases      ] GC(6)   StringDedup Table Weak         Min:  0.0, Avg:  0.0, Max:  0.0, Diff:  0.0, Sum:  0.0, Workers: 4
[4.960s][debug][gc,phases      ] GC(6)     Dead                           Min: 0, Avg:  0.0, Max: 0, Diff: 0, Sum: 0, Workers: 4
[4.960s][debug][gc,phases      ] GC(6)     Total                          Min: 0, Avg:  0.0, Max: 0, Diff: 0, Sum: 0, Workers: 4
[4.960s][debug][gc,phases      ] GC(6)   StringDedup Requests0 Weak     Min:  0.0, Avg:  0.0, Max:  0.0, Diff:  0.0, Sum:  0.0, Workers: 4
[4.960s][debug][gc,phases      ] GC(6)     Dead                           Min: 0, Avg:  0.0, Max: 0, Diff: 0, Sum: 0, Workers: 4
[4.960s][debug][gc,phases      ] GC(6)     Total                          Min: 0, Avg:  0.0, Max: 0, Diff: 0, Sum: 0, Workers: 4
[4.960s][debug][gc,phases      ] GC(6)   StringDedup Requests1 Weak     Min:  0.0, Avg:  0.0, Max:  0.0, Diff:  0.0, Sum:  0.0, Workers: 4
[4.960s][debug][gc,phases      ] GC(6)     Dead                           Min: 0, Avg:  0.0, Max: 0, Diff: 0, Sum: 0, Workers: 4
[4.960s][debug][gc,phases      ] GC(6)     Total                          Min: 0, Avg:  0.0, Max: 0, Diff: 0, Sum: 0, Workers: 4
[4.960s][debug][gc,phases      ] GC(6)   Weak JFR Old Object Samples    Min:  0.0, Avg:  0.0, Max:  0.0, Diff:  0.0, Sum:  0.0, Workers: 4
[4.960s][debug][gc,phases      ] GC(6)     Dead                           Min: 0, Avg:  0.0, Max: 0, Diff: 0, Sum: 0, Workers: 4
[4.960s][debug][gc,phases      ] GC(6)     Total                          Min: 0, Avg:  0.0, Max: 0, Diff: 0, Sum: 0, Workers: 4
[4.960s][debug][gc,phases      ] GC(6) Weak Processing 0.606ms
[4.960s][debug][gc,age         ] GC(6) Desired survivor size 270008320 bytes, new threshold 6 (max threshold 15)
[4.960s][info ][gc,heap        ] GC(6) PSYoungGen: 1225387K(1572864K)->180339K(1572864K) Eden: 1048576K(1048576K)->0K(1048576K) From: 176811K(524288K)->180339K(524288K)
[4.960s][info ][gc,heap        ] GC(6) ParOldGen: 5676K(6144K)->5684K(6144K)
[4.960s][info ][gc,metaspace   ] GC(6) Metaspace: 54036K(54592K)->54036K(54592K) NonClass: 46040K(46336K)->46040K(46336K) Class: 7995K(8256K)->7995K(8256K)
[4.960s][info ][gc             ] GC(6) Pause Young (Allocation Failure) 1202M->181M(1542M) 75.558ms
[4.960s][info ][gc,cpu         ] GC(6) User=0.30s Sys=0.00s Real=0.08s
[4.960s][info ][safepoint      ] Safepoint "ParallelGCFailedAllocation", Time since last: 191343246 ns, Reaching safepoint: 202815 ns, At safepoint: 75669476 ns, Total: 75872291 ns
[5.026s][info ][safepoint      ] Safepoint "ICBufferFull", Time since last: 66019377 ns, Reaching safepoint: 274220 ns, At safepoint: 24502 ns, Total: 298722 ns
[5.040s][info ][safepoint      ] Safepoint "ICBufferFull", Time since last: 13449573 ns, Reaching safepoint: 126609 ns, At safepoint: 27502 ns, Total: 154111 ns
[5.049s][info ][safepoint      ] Safepoint "ICBufferFull", Time since last: 9349177 ns, Reaching safepoint: 142010 ns, At safepoint: 25602 ns, Total: 167612 ns
[5.065s][info ][safepoint      ] Safepoint "ICBufferFull", Time since last: 15660133 ns, Reaching safepoint: 187914 ns, At safepoint: 29502 ns, Total: 217416 ns
[5.072s][info ][safepoint      ] Safepoint "ICBufferFull", Time since last: 6996806 ns, Reaching safepoint: 174813 ns, At safepoint: 29202 ns, Total: 204015 ns
[5.089s][info ][safepoint      ] Safepoint "ICBufferFull", Time since last: 16769413 ns, Reaching safepoint: 121709 ns, At safepoint: 23702 ns, Total: 145411 ns
[5.089s][info ][safepoint      ] Safepoint "ICBufferFull", Time since last: 60004 ns, Reaching safepoint: 85807 ns, At safepoint: 21401 ns, Total: 107208 ns
[5.149s][info ][safepoint      ] Safepoint "ICBufferFull", Time since last: 59136080 ns, Reaching safepoint: 148610 ns, At safepoint: 21102 ns, Total: 169712 ns
[5.170s][info ][safepoint      ] Safepoint "ICBufferFull", Time since last: 18712254 ns, Reaching safepoint: 2152556 ns, At safepoint: 27002 ns, Total: 2179558 ns
[5.177s][info ][safepoint      ] Safepoint "ICBufferFull", Time since last: 7539445 ns, Reaching safepoint: 122509 ns, At safepoint: 21002 ns, Total: 143511 ns
[5.198s][info ][safepoint      ] Safepoint "ICBufferFull", Time since last: 16039660 ns, Reaching safepoint: 4247608 ns, At safepoint: 32902 ns, Total: 4280510 ns
[5.204s][info ][safepoint      ] Safepoint "ICBufferFull", Time since last: 6224651 ns, Reaching safepoint: 116808 ns, At safepoint: 24902 ns, Total: 141710 ns
[5.211s][info ][safepoint      ] Safepoint "ICBufferFull", Time since last: 6455267 ns, Reaching safepoint: 200214 ns, At safepoint: 24502 ns, Total: 224716 ns
[5.233s][info ][safepoint      ] Safepoint "ICBufferFull", Time since last: 21789177 ns, Reaching safepoint: 721852 ns, At safepoint: 26102 ns, Total: 747954 ns
[5.241s][info ][safepoint      ] Safepoint "ICBufferFull", Time since last: 7928174 ns, Reaching safepoint: 197314 ns, At safepoint: 22802 ns, Total: 220116 ns
[5.250s][info ][safepoint      ] Safepoint "ICBufferFull", Time since last: 8798236 ns, Reaching safepoint: 120709 ns, At safepoint: 15301 ns, Total: 136010 ns
[5.250s][info ][safepoint      ] Safepoint "ICBufferFull", Time since last: 86707 ns, Reaching safepoint: 99107 ns, At safepoint: 20801 ns, Total: 119908 ns
[5.251s][info ][safepoint      ] Safepoint "ICBufferFull", Time since last: 51904 ns, Reaching safepoint: 82906 ns, At safepoint: 19501 ns, Total: 102407 ns
[5.257s][info ][safepoint      ] Safepoint "ICBufferFull", Time since last: 6462568 ns, Reaching safepoint: 44403 ns, At safepoint: 24602 ns, Total: 69005 ns
[5.257s][info ][safepoint      ] Safepoint "ICBufferFull", Time since last: 49504 ns, Reaching safepoint: 86206 ns, At safepoint: 24602 ns, Total: 110808 ns
[5.257s][info ][safepoint      ] Safepoint "ICBufferFull", Time since last: 47503 ns, Reaching safepoint: 83006 ns, At safepoint: 19001 ns, Total: 102007 ns
[5.258s][info ][safepoint      ] Safepoint "ICBufferFull", Time since last: 43804 ns, Reaching safepoint: 89806 ns, At safepoint: 22902 ns, Total: 112708 ns
[5.262s][info ][safepoint      ] Safepoint "ICBufferFull", Time since last: 4210905 ns, Reaching safepoint: 113608 ns, At safepoint: 24802 ns, Total: 138410 ns
[5.270s][info ][safepoint      ] Safepoint "ICBufferFull", Time since last: 3238234 ns, Reaching safepoint: 4371416 ns, At safepoint: 31703 ns, Total: 4403119 ns
[5.275s][info ][safepoint      ] Safepoint "ICBufferFull", Time since last: 4979360 ns, Reaching safepoint: 110108 ns, At safepoint: 23201 ns, Total: 133309 ns
[5.283s][info ][safepoint      ] Safepoint "ICBufferFull", Time since last: 8581421 ns, Reaching safepoint: 127610 ns, At safepoint: 27602 ns, Total: 155212 ns
[5.293s][info ][safepoint      ] Safepoint "ICBufferFull", Time since last: 9822010 ns, Reaching safepoint: 124509 ns, At safepoint: 25402 ns, Total: 149911 ns
[5.309s][info ][safepoint      ] Safepoint "ICBufferFull", Time since last: 13892506 ns, Reaching safepoint: 2098252 ns, At safepoint: 22201 ns, Total: 2120453 ns
[5.312s][info ][safepoint      ] Safepoint "ICBufferFull", Time since last: 2279465 ns, Reaching safepoint: 65105 ns, At safepoint: 22901 ns, Total: 88006 ns
[5.314s][info ][safepoint      ] Safepoint "ICBufferFull", Time since last: 2456078 ns, Reaching safepoint: 54904 ns, At safepoint: 29902 ns, Total: 84806 ns
[5.317s][info ][safepoint      ] Safepoint "ICBufferFull", Time since last: 1747627 ns, Reaching safepoint: 1018073 ns, At safepoint: 25502 ns, Total: 1043575 ns
[5.321s][info ][safepoint      ] Safepoint "ICBufferFull", Time since last: 3301339 ns, Reaching safepoint: 122009 ns, At safepoint: 24302 ns, Total: 146311 ns
[5.323s][info ][safepoint      ] Safepoint "ICBufferFull", Time since last: 2278165 ns, Reaching safepoint: 91806 ns, At safepoint: 24502 ns, Total: 116308 ns
[5.325s][info ][safepoint      ] Safepoint "ICBufferFull", Time since last: 2073650 ns, Reaching safepoint: 94707 ns, At safepoint: 24602 ns, Total: 119309 ns
[5.327s][info ][safepoint      ] Safepoint "ICBufferFull", Time since last: 1954141 ns, Reaching safepoint: 105308 ns, At safepoint: 24302 ns, Total: 129610 ns
[5.345s][info ][safepoint      ] Safepoint "ICBufferFull", Time since last: 17666078 ns, Reaching safepoint: 213515 ns, At safepoint: 27202 ns, Total: 240717 ns
[5.358s][info ][safepoint      ] Safepoint "ICBufferFull", Time since last: 12703720 ns, Reaching safepoint: 114508 ns, At safepoint: 28902 ns, Total: 143410 ns
[5.372s][info ][safepoint      ] Safepoint "ICBufferFull", Time since last: 11030398 ns, Reaching safepoint: 3180530 ns, At safepoint: 29703 ns, Total: 3210233 ns
[5.408s][info ][safepoint      ] Safepoint "ICBufferFull", Time since last: 35833493 ns, Reaching safepoint: 272319 ns, At safepoint: 23202 ns, Total: 295521 ns
[5.446s][info ][safepoint      ] Safepoint "ICBufferFull", Time since last: 33891353 ns, Reaching safepoint: 3236134 ns, At safepoint: 28802 ns, Total: 3264936 ns
[5.481s][info ][safepoint      ] Safepoint "ICBufferFull", Time since last: 35533371 ns, Reaching safepoint: 130310 ns, At safepoint: 31002 ns, Total: 161312 ns
[5.500s][info ][gc,start       ] GC(7) Pause Young (Allocation Failure)
[5.590s][debug][gc,phases      ] GC(7) Scavenge 90.627ms
[5.591s][debug][gc,ref         ] GC(7) Skipped phase 1 of Reference Processing: no references
[5.591s][debug][gc,ref         ] GC(7) ReferenceProcessor::execute queues: 4, RefProcThreadModel::Multi, marks_oops_alive: false
[5.591s][debug][gc,ref         ] GC(7) Skipped phase 3 of Reference Processing: no references
[5.591s][debug][gc,ref         ] GC(7) ReferenceProcessor::execute queues: 1, RefProcThreadModel::Single, marks_oops_alive: false
[5.591s][debug][gc,phases      ] GC(7) Reference Processing 0.329ms
[5.591s][debug][gc,phases      ] GC(7)   VM Weak                        Min:  0.0, Avg:  0.0, Max:  0.0, Diff:  0.0, Sum:  0.0, Workers: 4
[5.591s][debug][gc,phases      ] GC(7)     Dead                           Min: 0, Avg:  0.0, Max: 0, Diff: 0, Sum: 0, Workers: 4
[5.591s][debug][gc,phases      ] GC(7)     Total                          Min: 0, Avg: 111.2, Max: 317, Diff: 317, Sum: 445, Workers: 4
[5.591s][debug][gc,phases      ] GC(7)   ObjectSynchronizer Weak        Min:  0.0, Avg:  0.0, Max:  0.0, Diff:  0.0, Sum:  0.0, Workers: 4
[5.591s][debug][gc,phases      ] GC(7)     Dead                           Min: 0, Avg:  0.0, Max: 0, Diff: 0, Sum: 0, Workers: 4
[5.591s][debug][gc,phases      ] GC(7)     Total                          Min: 3, Avg: 64.8, Max: 128, Diff: 125, Sum: 259, Workers: 4
[5.591s][debug][gc,phases      ] GC(7)   JVMTI Tag Weak OopStorage      Min:  0.0, Avg:  0.0, Max:  0.0, Diff:  0.0, Sum:  0.0, Workers: 4
[5.591s][debug][gc,phases      ] GC(7)     Dead                           Min: 0, Avg:  0.0, Max: 0, Diff: 0, Sum: 0, Workers: 4
[5.591s][debug][gc,phases      ] GC(7)     Total                          Min: 0, Avg:  0.0, Max: 0, Diff: 0, Sum: 0, Workers: 4
[5.591s][debug][gc,phases      ] GC(7)   StringTable Weak               Min:  0.3, Avg:  0.3, Max:  0.3, Diff:  0.0, Sum:  1.3, Workers: 4
[5.591s][debug][gc,phases      ] GC(7)     Dead                           Min: 0, Avg:  3.2, Max: 13, Diff: 13, Sum: 13, Workers: 4
[5.591s][debug][gc,phases      ] GC(7)     Total                          Min: 7040, Avg: 9608.5, Max: 10560, Diff: 3520, Sum: 38434, Workers: 4
[5.591s][debug][gc,phases      ] GC(7)   ResolvedMethodTable Weak       Min:  0.0, Avg:  0.0, Max:  0.0, Diff:  0.0, Sum:  0.2, Workers: 4
[5.591s][debug][gc,phases      ] GC(7)     Dead                           Min: 0, Avg:  0.0, Max: 0, Diff: 0, Sum: 0, Workers: 4
[5.591s][debug][gc,phases      ] GC(7)     Total                          Min: 704, Avg: 1232.0, Max: 1536, Diff: 832, Sum: 4928, Workers: 4
[5.591s][debug][gc,phases      ] GC(7)   JNI Weak                       Min:  0.0, Avg:  0.0, Max:  0.0, Diff:  0.0, Sum:  0.0, Workers: 4
[5.591s][debug][gc,phases      ] GC(7)     Dead                           Min: 0, Avg:  0.0, Max: 0, Diff: 0, Sum: 0, Workers: 4
[5.591s][debug][gc,phases      ] GC(7)     Total                          Min: 0, Avg:  1.5, Max: 6, Diff: 6, Sum: 6, Workers: 4
[5.591s][debug][gc,phases      ] GC(7)   StringDedup Table Weak         Min:  0.0, Avg:  0.0, Max:  0.0, Diff:  0.0, Sum:  0.0, Workers: 4
[5.591s][debug][gc,phases      ] GC(7)     Dead                           Min: 0, Avg:  0.0, Max: 0, Diff: 0, Sum: 0, Workers: 4
[5.591s][debug][gc,phases      ] GC(7)     Total                          Min: 0, Avg:  0.0, Max: 0, Diff: 0, Sum: 0, Workers: 4
[5.591s][debug][gc,phases      ] GC(7)   StringDedup Requests0 Weak     Min:  0.0, Avg:  0.0, Max:  0.0, Diff:  0.0, Sum:  0.0, Workers: 4
[5.591s][debug][gc,phases      ] GC(7)     Dead                           Min: 0, Avg:  0.0, Max: 0, Diff: 0, Sum: 0, Workers: 4
[5.591s][debug][gc,phases      ] GC(7)     Total                          Min: 0, Avg:  0.0, Max: 0, Diff: 0, Sum: 0, Workers: 4
[5.591s][debug][gc,phases      ] GC(7)   StringDedup Requests1 Weak     Min:  0.0, Avg:  0.0, Max:  0.0, Diff:  0.0, Sum:  0.0, Workers: 4
[5.591s][debug][gc,phases      ] GC(7)     Dead                           Min: 0, Avg:  0.0, Max: 0, Diff: 0, Sum: 0, Workers: 4
[5.591s][debug][gc,phases      ] GC(7)     Total                          Min: 0, Avg:  0.0, Max: 0, Diff: 0, Sum: 0, Workers: 4
[5.591s][debug][gc,phases      ] GC(7)   Weak JFR Old Object Samples    Min:  0.0, Avg:  0.0, Max:  0.0, Diff:  0.0, Sum:  0.0, Workers: 4
[5.591s][debug][gc,phases      ] GC(7)     Dead                           Min: 0, Avg:  0.0, Max: 0, Diff: 0, Sum: 0, Workers: 4
[5.591s][debug][gc,phases      ] GC(7)     Total                          Min: 0, Avg:  0.0, Max: 0, Diff: 0, Sum: 0, Workers: 4
[5.591s][debug][gc,phases      ] GC(7) Weak Processing 0.552ms
[5.591s][debug][gc,age         ] GC(7) Desired survivor size 283639808 bytes, new threshold 5 (max threshold 15)
[5.591s][info ][gc,heap        ] GC(7) PSYoungGen: 1228915K(1572864K)->183578K(1806848K) Eden: 1048576K(1048576K)->0K(1543168K) From: 180339K(524288K)->183578K(263680K)
[5.591s][info ][gc,heap        ] GC(7) ParOldGen: 5684K(6144K)->5692K(6144K)
[5.591s][info ][gc,metaspace   ] GC(7) Metaspace: 54332K(54912K)->54332K(54912K) NonClass: 46323K(46656K)->46323K(46656K) Class: 8008K(8256K)->8008K(8256K)
[5.591s][info ][gc             ] GC(7) Pause Young (Allocation Failure) 1205M->184M(1770M) 91.647ms
[5.591s][info ][gc,cpu         ] GC(7) User=0.32s Sys=0.05s Real=0.09s
[5.591s][info ][safepoint      ] Safepoint "ParallelGCFailedAllocation", Time since last: 18386931 ns, Reaching safepoint: 137309 ns, At safepoint: 91734239 ns, Total: 91871548 ns
[5.707s][info ][safepoint      ] Safepoint "ICBufferFull", Time since last: 114673095 ns, Reaching safepoint: 497336 ns, At safepoint: 22101 ns, Total: 519437 ns
[5.715s][info ][safepoint      ] Safepoint "ICBufferFull", Time since last: 7922674 ns, Reaching safepoint: 110307 ns, At safepoint: 23502 ns, Total: 133809 ns
[5.716s][info ][safepoint      ] Safepoint "ICBufferFull", Time since last: 702351 ns, Reaching safepoint: 102607 ns, At safepoint: 22402 ns, Total: 125009 ns
[5.726s][info ][safepoint      ] Safepoint "ICBufferFull", Time since last: 9835211 ns, Reaching safepoint: 84307 ns, At safepoint: 26601 ns, Total: 110908 ns
[5.738s][info ][safepoint      ] Safepoint "ICBufferFull", Time since last: 12256987 ns, Reaching safepoint: 378127 ns, At safepoint: 23702 ns, Total: 401829 ns
[5.739s][info ][safepoint      ] Safepoint "ICBufferFull", Time since last: 696150 ns, Reaching safepoint: 86807 ns, At safepoint: 24801 ns, Total: 111608 ns
[5.740s][info ][safepoint      ] Safepoint "ICBufferFull", Time since last: 681450 ns, Reaching safepoint: 88606 ns, At safepoint: 19602 ns, Total: 108208 ns
[5.741s][info ][safepoint      ] Safepoint "ICBufferFull", Time since last: 664448 ns, Reaching safepoint: 62504 ns, At safepoint: 25002 ns, Total: 87506 ns
[5.741s][info ][safepoint      ] Safepoint "ICBufferFull", Time since last: 686650 ns, Reaching safepoint: 88206 ns, At safepoint: 21402 ns, Total: 109608 ns
[5.743s][info ][safepoint      ] Safepoint "ICBufferFull", Time since last: 1172384 ns, Reaching safepoint: 87407 ns, At safepoint: 22901 ns, Total: 110308 ns
[5.743s][info ][safepoint      ] Safepoint "ICBufferFull", Time since last: 651047 ns, Reaching safepoint: 90907 ns, At safepoint: 21302 ns, Total: 112209 ns
[5.744s][info ][safepoint      ] Safepoint "ICBufferFull", Time since last: 674448 ns, Reaching safepoint: 85107 ns, At safepoint: 25901 ns, Total: 111008 ns
[5.745s][info ][safepoint      ] Safepoint "ICBufferFull", Time since last: 671149 ns, Reaching safepoint: 102107 ns, At safepoint: 22002 ns, Total: 124109 ns
[5.746s][info ][safepoint      ] Safepoint "ICBufferFull", Time since last: 692550 ns, Reaching safepoint: 97807 ns, At safepoint: 21602 ns, Total: 119409 ns
[5.747s][info ][safepoint      ] Safepoint "ICBufferFull", Time since last: 664148 ns, Reaching safepoint: 92406 ns, At safepoint: 21602 ns, Total: 114008 ns
[5.747s][info ][safepoint      ] Safepoint "ICBufferFull", Time since last: 679949 ns, Reaching safepoint: 78606 ns, At safepoint: 27302 ns, Total: 105908 ns
[5.748s][info ][safepoint      ] Safepoint "ICBufferFull", Time since last: 658047 ns, Reaching safepoint: 107208 ns, At safepoint: 26502 ns, Total: 133710 ns
[5.749s][info ][safepoint      ] Safepoint "ICBufferFull", Time since last: 684250 ns, Reaching safepoint: 85906 ns, At safepoint: 24101 ns, Total: 110007 ns
[5.750s][info ][safepoint      ] Safepoint "ICBufferFull", Time since last: 667349 ns, Reaching safepoint: 95707 ns, At safepoint: 21101 ns, Total: 116808 ns
[5.762s][info ][safepoint      ] Safepoint "ICBufferFull", Time since last: 12002468 ns, Reaching safepoint: 108908 ns, At safepoint: 25502 ns, Total: 134410 ns
[5.763s][info ][safepoint      ] Safepoint "ICBufferFull", Time since last: 708251 ns, Reaching safepoint: 113509 ns, At safepoint: 20101 ns, Total: 133610 ns
[5.763s][info ][safepoint      ] Safepoint "ICBufferFull", Time since last: 658048 ns, Reaching safepoint: 90806 ns, At safepoint: 20702 ns, Total: 111508 ns
[5.764s][info ][safepoint      ] Safepoint "ICBufferFull", Time since last: 651647 ns, Reaching safepoint: 97607 ns, At safepoint: 17401 ns, Total: 115008 ns
[5.765s][info ][safepoint      ] Safepoint "ICBufferFull", Time since last: 740454 ns, Reaching safepoint: 96307 ns, At safepoint: 20901 ns, Total: 117208 ns
[5.770s][info ][safepoint      ] Safepoint "ICBufferFull", Time since last: 661348 ns, Reaching safepoint: 4250907 ns, At safepoint: 32803 ns, Total: 4283710 ns
[5.771s][info ][safepoint      ] Safepoint "ICBufferFull", Time since last: 694750 ns, Reaching safepoint: 98007 ns, At safepoint: 25902 ns, Total: 123909 ns
[5.772s][info ][safepoint      ] Safepoint "ICBufferFull", Time since last: 685550 ns, Reaching safepoint: 182113 ns, At safepoint: 22801 ns, Total: 204914 ns
[5.773s][info ][safepoint      ] Safepoint "ICBufferFull", Time since last: 682850 ns, Reaching safepoint: 89306 ns, At safepoint: 23502 ns, Total: 112808 ns
[5.773s][info ][safepoint      ] Safepoint "ICBufferFull", Time since last: 701351 ns, Reaching safepoint: 85906 ns, At safepoint: 26002 ns, Total: 111908 ns
[5.774s][info ][safepoint      ] Safepoint "ICBufferFull", Time since last: 806158 ns, Reaching safepoint: 67305 ns, At safepoint: 25202 ns, Total: 92507 ns
[5.775s][info ][safepoint      ] Safepoint "ICBufferFull", Time since last: 834060 ns, Reaching safepoint: 99307 ns, At safepoint: 26002 ns, Total: 125309 ns
[5.776s][info ][safepoint      ] Safepoint "ICBufferFull", Time since last: 662348 ns, Reaching safepoint: 93307 ns, At safepoint: 23702 ns, Total: 117009 ns
[5.777s][info ][safepoint      ] Safepoint "ICBufferFull", Time since last: 664148 ns, Reaching safepoint: 85406 ns, At safepoint: 21301 ns, Total: 106707 ns
[5.778s][info ][safepoint      ] Safepoint "ICBufferFull", Time since last: 668149 ns, Reaching safepoint: 99907 ns, At safepoint: 24602 ns, Total: 124509 ns
[5.778s][info ][safepoint      ] Safepoint "ICBufferFull", Time since last: 645746 ns, Reaching safepoint: 232417 ns, At safepoint: 23202 ns, Total: 255619 ns
[5.786s][info ][safepoint      ] Safepoint "ICBufferFull", Time since last: 5160773 ns, Reaching safepoint: 2149856 ns, At safepoint: 26502 ns, Total: 2176358 ns
[5.787s][info ][safepoint      ] Safepoint "ICBufferFull", Time since last: 669748 ns, Reaching safepoint: 88406 ns, At safepoint: 23302 ns, Total: 111708 ns
[5.787s][info ][safepoint      ] Safepoint "ICBufferFull", Time since last: 712452 ns, Reaching safepoint: 89706 ns, At safepoint: 17101 ns, Total: 106807 ns
[5.788s][info ][safepoint      ] Safepoint "ICBufferFull", Time since last: 656748 ns, Reaching safepoint: 88906 ns, At safepoint: 23402 ns, Total: 112308 ns
[5.789s][info ][safepoint      ] Safepoint "ICBufferFull", Time since last: 655947 ns, Reaching safepoint: 88907 ns, At safepoint: 25202 ns, Total: 114109 ns
[5.790s][info ][safepoint      ] Safepoint "ICBufferFull", Time since last: 663848 ns, Reaching safepoint: 95507 ns, At safepoint: 21801 ns, Total: 117308 ns
[5.791s][info ][safepoint      ] Safepoint "ICBufferFull", Time since last: 749354 ns, Reaching safepoint: 94907 ns, At safepoint: 25302 ns, Total: 120209 ns
[5.794s][info ][safepoint      ] Safepoint "ICBufferFull", Time since last: 3135527 ns, Reaching safepoint: 74805 ns, At safepoint: 28102 ns, Total: 102907 ns
[5.795s][info ][safepoint      ] Safepoint "ICBufferFull", Time since last: 680950 ns, Reaching safepoint: 94906 ns, At safepoint: 21502 ns, Total: 116408 ns
[5.795s][info ][safepoint      ] Safepoint "ICBufferFull", Time since last: 644947 ns, Reaching safepoint: 238017 ns, At safepoint: 24502 ns, Total: 262519 ns
[5.796s][info ][safepoint      ] Safepoint "ICBufferFull", Time since last: 653847 ns, Reaching safepoint: 87306 ns, At safepoint: 22702 ns, Total: 110008 ns
[5.797s][info ][safepoint      ] Safepoint "ICBufferFull", Time since last: 668848 ns, Reaching safepoint: 102508 ns, At safepoint: 22201 ns, Total: 124709 ns
[5.798s][info ][safepoint      ] Safepoint "ICBufferFull", Time since last: 656848 ns, Reaching safepoint: 106307 ns, At safepoint: 22002 ns, Total: 128309 ns
[5.799s][info ][safepoint      ] Safepoint "ICBufferFull", Time since last: 646447 ns, Reaching safepoint: 105907 ns, At safepoint: 22502 ns, Total: 128409 ns
[5.799s][info ][safepoint      ] Safepoint "ICBufferFull", Time since last: 684850 ns, Reaching safepoint: 97907 ns, At safepoint: 23301 ns, Total: 121208 ns
[5.800s][info ][safepoint      ] Safepoint "ICBufferFull", Time since last: 666549 ns, Reaching safepoint: 92306 ns, At safepoint: 17502 ns, Total: 109808 ns
[5.801s][info ][safepoint      ] Safepoint "ICBufferFull", Time since last: 648947 ns, Reaching safepoint: 104007 ns, At safepoint: 18301 ns, Total: 122308 ns
[5.802s][info ][safepoint      ] Safepoint "ICBufferFull", Time since last: 688950 ns, Reaching safepoint: 90607 ns, At safepoint: 20101 ns, Total: 110708 ns
[5.803s][info ][safepoint      ] Safepoint "ICBufferFull", Time since last: 661648 ns, Reaching safepoint: 104608 ns, At safepoint: 24701 ns, Total: 129309 ns
[5.804s][info ][safepoint      ] Safepoint "ICBufferFull", Time since last: 831261 ns, Reaching safepoint: 95406 ns, At safepoint: 19202 ns, Total: 114608 ns
[5.804s][info ][safepoint      ] Safepoint "ICBufferFull", Time since last: 856062 ns, Reaching safepoint: 90006 ns, At safepoint: 26502 ns, Total: 116508 ns
[5.806s][info ][safepoint      ] Safepoint "ICBufferFull", Time since last: 1072278 ns, Reaching safepoint: 91306 ns, At safepoint: 22402 ns, Total: 113708 ns
[5.807s][info ][safepoint      ] Safepoint "ICBufferFull", Time since last: 1535211 ns, Reaching safepoint: 97507 ns, At safepoint: 22902 ns, Total: 120409 ns
[5.809s][info ][safepoint      ] Safepoint "ICBufferFull", Time since last: 1825232 ns, Reaching safepoint: 89106 ns, At safepoint: 24802 ns, Total: 113908 ns
[5.811s][info ][safepoint      ] Safepoint "ICBufferFull", Time since last: 1383500 ns, Reaching safepoint: 88906 ns, At safepoint: 28002 ns, Total: 116908 ns
[5.812s][info ][safepoint      ] Safepoint "ICBufferFull", Time since last: 1490608 ns, Reaching safepoint: 92607 ns, At safepoint: 26902 ns, Total: 119509 ns
[5.814s][info ][safepoint      ] Safepoint "ICBufferFull", Time since last: 1456305 ns, Reaching safepoint: 89707 ns, At safepoint: 22801 ns, Total: 112508 ns
[5.815s][info ][safepoint      ] Safepoint "ICBufferFull", Time since last: 754055 ns, Reaching safepoint: 89206 ns, At safepoint: 25602 ns, Total: 114808 ns
[6.025s][info ][gc,start       ] GC(8) Pause Young (Allocation Failure)
[6.122s][debug][gc,phases      ] GC(8) Scavenge 97.011ms
[6.122s][debug][gc,ref         ] GC(8) Skipped phase 1 of Reference Processing: no references
[6.122s][debug][gc,ref         ] GC(8) ReferenceProcessor::execute queues: 3, RefProcThreadModel::Multi, marks_oops_alive: false
[6.122s][debug][gc,ref         ] GC(8) Skipped phase 3 of Reference Processing: no references
[6.122s][debug][gc,ref         ] GC(8) ReferenceProcessor::execute queues: 1, RefProcThreadModel::Single, marks_oops_alive: false
[6.122s][debug][gc,phases      ] GC(8) Reference Processing 0.295ms
[6.123s][debug][gc,phases      ] GC(8)   VM Weak                        Min:  0.0, Avg:  0.0, Max:  0.0, Diff:  0.0, Sum:  0.0, Workers: 4
[6.123s][debug][gc,phases      ] GC(8)     Dead                           Min: 0, Avg:  0.0, Max: 0, Diff: 0, Sum: 0, Workers: 4
[6.123s][debug][gc,phases      ] GC(8)     Total                          Min: 0, Avg: 112.2, Max: 193, Diff: 193, Sum: 449, Workers: 4
[6.123s][debug][gc,phases      ] GC(8)   ObjectSynchronizer Weak        Min:  0.0, Avg:  0.0, Max:  0.0, Diff:  0.0, Sum:  0.0, Workers: 4
[6.123s][debug][gc,phases      ] GC(8)     Dead                           Min: 0, Avg:  0.0, Max: 0, Diff: 0, Sum: 0, Workers: 4
[6.123s][debug][gc,phases      ] GC(8)     Total                          Min: 3, Avg: 64.8, Max: 128, Diff: 125, Sum: 259, Workers: 4
[6.123s][debug][gc,phases      ] GC(8)   JVMTI Tag Weak OopStorage      Min:  0.0, Avg:  0.0, Max:  0.0, Diff:  0.0, Sum:  0.0, Workers: 4
[6.123s][debug][gc,phases      ] GC(8)     Dead                           Min: 0, Avg:  0.0, Max: 0, Diff: 0, Sum: 0, Workers: 4
[6.123s][debug][gc,phases      ] GC(8)     Total                          Min: 0, Avg:  0.0, Max: 0, Diff: 0, Sum: 0, Workers: 4
[6.123s][debug][gc,phases      ] GC(8)   StringTable Weak               Min:  0.3, Avg:  0.3, Max:  0.3, Diff:  0.0, Sum:  1.3, Workers: 4
[6.123s][debug][gc,phases      ] GC(8)     Dead                           Min: 0, Avg:  3.8, Max: 14, Diff: 14, Sum: 15, Workers: 4
[6.123s][debug][gc,phases      ] GC(8)     Total                          Min: 8192, Avg: 9626.0, Max: 11176, Diff: 2984, Sum: 38504, Workers: 4
[6.123s][debug][gc,phases      ] GC(8)   ResolvedMethodTable Weak       Min:  0.0, Avg:  0.0, Max:  0.0, Diff:  0.0, Sum:  0.2, Workers: 4
[6.123s][debug][gc,phases      ] GC(8)     Dead                           Min: 0, Avg:  3.5, Max: 14, Diff: 14, Sum: 14, Workers: 4
[6.123s][debug][gc,phases      ] GC(8)     Total                          Min: 832, Avg: 1250.8, Max: 1792, Diff: 960, Sum: 5003, Workers: 4
[6.123s][debug][gc,phases      ] GC(8)   JNI Weak                       Min:  0.0, Avg:  0.0, Max:  0.0, Diff:  0.0, Sum:  0.0, Workers: 4
[6.123s][debug][gc,phases      ] GC(8)     Dead                           Min: 0, Avg:  0.0, Max: 0, Diff: 0, Sum: 0, Workers: 4
[6.123s][debug][gc,phases      ] GC(8)     Total                          Min: 0, Avg:  0.5, Max: 2, Diff: 2, Sum: 2, Workers: 4
[6.123s][debug][gc,phases      ] GC(8)   StringDedup Table Weak         Min:  0.0, Avg:  0.0, Max:  0.0, Diff:  0.0, Sum:  0.0, Workers: 4
[6.123s][debug][gc,phases      ] GC(8)     Dead                           Min: 0, Avg:  0.0, Max: 0, Diff: 0, Sum: 0, Workers: 4
[6.123s][debug][gc,phases      ] GC(8)     Total                          Min: 0, Avg:  0.0, Max: 0, Diff: 0, Sum: 0, Workers: 4
[6.123s][debug][gc,phases      ] GC(8)   StringDedup Requests0 Weak     Min:  0.0, Avg:  0.0, Max:  0.0, Diff:  0.0, Sum:  0.0, Workers: 4
[6.123s][debug][gc,phases      ] GC(8)     Dead                           Min: 0, Avg:  0.0, Max: 0, Diff: 0, Sum: 0, Workers: 4
[6.123s][debug][gc,phases      ] GC(8)     Total                          Min: 0, Avg:  0.0, Max: 0, Diff: 0, Sum: 0, Workers: 4
[6.123s][debug][gc,phases      ] GC(8)   StringDedup Requests1 Weak     Min:  0.0, Avg:  0.0, Max:  0.0, Diff:  0.0, Sum:  0.0, Workers: 4
[6.123s][debug][gc,phases      ] GC(8)     Dead                           Min: 0, Avg:  0.0, Max: 0, Diff: 0, Sum: 0, Workers: 4
[6.123s][debug][gc,phases      ] GC(8)     Total                          Min: 0, Avg:  0.0, Max: 0, Diff: 0, Sum: 0, Workers: 4
[6.123s][debug][gc,phases      ] GC(8)   Weak JFR Old Object Samples    Min:  0.0, Avg:  0.0, Max:  0.0, Diff:  0.0, Sum:  0.0, Workers: 4
[6.123s][debug][gc,phases      ] GC(8)     Dead                           Min: 0, Avg:  0.0, Max: 0, Diff: 0, Sum: 0, Workers: 4
[6.123s][debug][gc,phases      ] GC(8)     Total                          Min: 0, Avg:  0.0, Max: 0, Diff: 0, Sum: 0, Workers: 4
[6.123s][debug][gc,phases      ] GC(8) Weak Processing 0.533ms
[6.123s][debug][gc,age         ] GC(8) Desired survivor size 263192576 bytes, new threshold 4 (max threshold 15)
[6.123s][info ][gc,heap        ] GC(8) PSYoungGen: 1726746K(1806848K)->127006K(1820160K) Eden: 1543168K(1543168K)->0K(1543168K) From: 183578K(263680K)->127006K(276992K)
[6.123s][info ][gc,heap        ] GC(8) ParOldGen: 5692K(6144K)->61919K(61952K)
[6.123s][info ][gc,metaspace   ] GC(8) Metaspace: 54656K(55232K)->54656K(55232K) NonClass: 46604K(46912K)->46604K(46912K) Class: 8051K(8320K)->8051K(8320K)
[6.123s][info ][gc             ] GC(8) Pause Young (Allocation Failure) 1691M->184M(1838M) 97.994ms
[6.123s][info ][gc,cpu         ] GC(8) User=0.36s Sys=0.02s Real=0.10s
[6.123s][debug][gc,phases      ] GC(9) Pre Compact 0.009ms
[6.123s][info ][gc,start       ] GC(9) Pause Full (Ergonomics)
[6.123s][info ][gc,phases,start] GC(9) Marking Phase
[6.201s][debug][gc,phases      ] GC(9) Par Mark 77.514ms
[6.201s][debug][gc,ref         ] GC(9) Skipped phase 1 of Reference Processing: no references
[6.201s][debug][gc,ref         ] GC(9) ReferenceProcessor::execute queues: 4, RefProcThreadModel::Multi, marks_oops_alive: false
[6.201s][debug][gc,ref         ] GC(9) Skipped phase 3 of Reference Processing: no references
[6.201s][debug][gc,ref         ] GC(9) ReferenceProcessor::execute queues: 1, RefProcThreadModel::Single, marks_oops_alive: false
[6.201s][debug][gc,phases      ] GC(9) Reference Processing 0.336ms
[6.201s][debug][gc,phases      ] GC(9)   VM Weak                        Min:  0.0, Avg:  0.0, Max:  0.0, Diff:  0.0, Sum:  0.0, Workers: 4
[6.201s][debug][gc,phases      ] GC(9)     Dead                           Min: 0, Avg:  2.0, Max: 8, Diff: 8, Sum: 8, Workers: 4
[6.201s][debug][gc,phases      ] GC(9)     Total                          Min: 0, Avg: 112.2, Max: 256, Diff: 256, Sum: 449, Workers: 4
[6.201s][debug][gc,phases      ] GC(9)   ObjectSynchronizer Weak        Min:  0.0, Avg:  0.0, Max:  0.0, Diff:  0.0, Sum:  0.0, Workers: 4
[6.201s][debug][gc,phases      ] GC(9)     Dead                           Min: 0, Avg:  0.0, Max: 0, Diff: 0, Sum: 0, Workers: 4
[6.201s][debug][gc,phases      ] GC(9)     Total                          Min: 0, Avg: 64.8, Max: 131, Diff: 131, Sum: 259, Workers: 4
[6.201s][debug][gc,phases      ] GC(9)   JVMTI Tag Weak OopStorage      Min:  0.0, Avg:  0.0, Max:  0.0, Diff:  0.0, Sum:  0.0, Workers: 4
[6.201s][debug][gc,phases      ] GC(9)     Dead                           Min: 0, Avg:  0.0, Max: 0, Diff: 0, Sum: 0, Workers: 4
[6.201s][debug][gc,phases      ] GC(9)     Total                          Min: 0, Avg:  0.0, Max: 0, Diff: 0, Sum: 0, Workers: 4
[6.201s][debug][gc,phases      ] GC(9)   StringTable Weak               Min:  0.1, Avg:  0.1, Max:  0.1, Diff:  0.0, Sum:  0.6, Workers: 4
[6.201s][debug][gc,phases      ] GC(9)     Dead                           Min: 0, Avg:  0.0, Max: 0, Diff: 0, Sum: 0, Workers: 4
[6.201s][debug][gc,phases      ] GC(9)     Total                          Min: 8309, Avg: 9626.0, Max: 10816, Diff: 2507, Sum: 38504, Workers: 4
[6.201s][debug][gc,phases      ] GC(9)   ResolvedMethodTable Weak       Min:  0.0, Avg:  0.0, Max:  0.0, Diff:  0.0, Sum:  0.1, Workers: 4
[6.201s][debug][gc,phases      ] GC(9)     Dead                           Min: 0, Avg:  2.0, Max: 8, Diff: 8, Sum: 8, Workers: 4
[6.201s][debug][gc,phases      ] GC(9)     Total                          Min: 1024, Avg: 1250.8, Max: 1536, Diff: 512, Sum: 5003, Workers: 4
[6.201s][debug][gc,phases      ] GC(9)   JNI Weak                       Min:  0.0, Avg:  0.0, Max:  0.0, Diff:  0.0, Sum:  0.0, Workers: 4
[6.201s][debug][gc,phases      ] GC(9)     Dead                           Min: 0, Avg:  0.0, Max: 0, Diff: 0, Sum: 0, Workers: 4
[6.201s][debug][gc,phases      ] GC(9)     Total                          Min: 0, Avg:  0.5, Max: 2, Diff: 2, Sum: 2, Workers: 4
[6.201s][debug][gc,phases      ] GC(9)   StringDedup Table Weak         Min:  0.0, Avg:  0.0, Max:  0.0, Diff:  0.0, Sum:  0.0, Workers: 4
[6.201s][debug][gc,phases      ] GC(9)     Dead                           Min: 0, Avg:  0.0, Max: 0, Diff: 0, Sum: 0, Workers: 4
[6.201s][debug][gc,phases      ] GC(9)     Total                          Min: 0, Avg:  0.0, Max: 0, Diff: 0, Sum: 0, Workers: 4
[6.201s][debug][gc,phases      ] GC(9)   StringDedup Requests0 Weak     Min:  0.0, Avg:  0.0, Max:  0.0, Diff:  0.0, Sum:  0.0, Workers: 4
[6.201s][debug][gc,phases      ] GC(9)     Dead                           Min: 0, Avg:  0.0, Max: 0, Diff: 0, Sum: 0, Workers: 4
[6.201s][debug][gc,phases      ] GC(9)     Total                          Min: 0, Avg:  0.0, Max: 0, Diff: 0, Sum: 0, Workers: 4
[6.201s][debug][gc,phases      ] GC(9)   StringDedup Requests1 Weak     Min:  0.0, Avg:  0.0, Max:  0.0, Diff:  0.0, Sum:  0.0, Workers: 4
[6.201s][debug][gc,phases      ] GC(9)     Dead                           Min: 0, Avg:  0.0, Max: 0, Diff: 0, Sum: 0, Workers: 4
[6.201s][debug][gc,phases      ] GC(9)     Total                          Min: 0, Avg:  0.0, Max: 0, Diff: 0, Sum: 0, Workers: 4
[6.201s][debug][gc,phases      ] GC(9)   Weak JFR Old Object Samples    Min:  0.0, Avg:  0.0, Max:  0.0, Diff:  0.0, Sum:  0.0, Workers: 4
[6.201s][debug][gc,phases      ] GC(9)     Dead                           Min: 0, Avg:  0.0, Max: 0, Diff: 0, Sum: 0, Workers: 4
[6.201s][debug][gc,phases      ] GC(9)     Total                          Min: 0, Avg:  0.0, Max: 0, Diff: 0, Sum: 0, Workers: 4
[6.201s][debug][gc,phases      ] GC(9) Weak Processing 0.339ms
[6.201s][debug][gc,phases      ] GC(9) ClassLoaderData 0.162ms
[6.201s][debug][gc,phases      ] GC(9) Trigger cleanups 0.001ms
[6.211s][debug][gc,phases      ] GC(9) Class Unloading 9.718ms
[6.211s][info ][gc,phases      ] GC(9) Marking Phase 88.074ms
[6.211s][info ][gc,phases,start] GC(9) Summary Phase
[6.211s][info ][gc,phases      ] GC(9) Summary Phase 0.008ms
[6.211s][info ][gc,phases,start] GC(9) Adjust Roots
[6.220s][info ][gc,phases      ] GC(9) Adjust Roots 8.801ms
[6.220s][info ][gc,phases,start] GC(9) Compaction Phase
[6.968s][info ][gc,phases      ] GC(9) Compaction Phase 747.813ms
[6.968s][info ][gc,phases,start] GC(9) Post Compact
[6.969s][info ][gc,phases      ] GC(9) Post Compact 0.997ms
[6.969s][info ][gc,heap        ] GC(9) PSYoungGen: 127006K(1820160K)->126826K(1820160K) Eden: 0K(1543168K)->0K(1543168K) From: 127006K(276992K)->126826K(276992K)
[6.969s][info ][gc,heap        ] GC(9) ParOldGen: 61919K(61952K)->61619K(99840K)
[6.969s][info ][gc,metaspace   ] GC(9) Metaspace: 54656K(55232K)->54641K(55232K) NonClass: 46604K(46912K)->46594K(46912K) Class: 8051K(8320K)->8047K(8320K)
[6.969s][info ][gc             ] GC(9) Pause Full (Ergonomics) 184M->184M(1875M) 845.895ms
[6.969s][info ][gc,cpu         ] GC(9) User=2.01s Sys=0.00s Real=0.85s
[6.969s][info ][safepoint      ] Safepoint "ParallelGCFailedAllocation", Time since last: 209933585 ns, Reaching safepoint: 142810 ns, At safepoint: 944063273 ns, Total: 944206083 ns
[7.327s][info ][gc,start       ] GC(10) Pause Young (Allocation Failure)
[7.432s][debug][gc,phases      ] GC(10) Scavenge 104.798ms
[7.432s][debug][gc,ref         ] GC(10) Skipped phase 1 of Reference Processing: no references
[7.432s][debug][gc,ref         ] GC(10) ReferenceProcessor::execute queues: 1, RefProcThreadModel::Single, marks_oops_alive: false
[7.432s][debug][gc,ref         ] GC(10) Skipped phase 3 of Reference Processing: no references
[7.432s][debug][gc,ref         ] GC(10) ReferenceProcessor::execute queues: 1, RefProcThreadModel::Single, marks_oops_alive: false
[7.432s][debug][gc,phases      ] GC(10) Reference Processing 0.182ms
[7.432s][debug][gc,phases      ] GC(10)   VM Weak                        Min:  0.0, Avg:  0.0, Max:  0.0, Diff:  0.0, Sum:  0.0, Workers: 4
[7.432s][debug][gc,phases      ] GC(10)     Dead                           Min: 0, Avg:  0.0, Max: 0, Diff: 0, Sum: 0, Workers: 4
[7.432s][debug][gc,phases      ] GC(10)     Total                          Min: 0, Avg: 127.8, Max: 384, Diff: 384, Sum: 511, Workers: 4
[7.432s][debug][gc,phases      ] GC(10)   ObjectSynchronizer Weak        Min:  0.0, Avg:  0.0, Max:  0.0, Diff:  0.0, Sum:  0.0, Workers: 4
[7.432s][debug][gc,phases      ] GC(10)     Dead                           Min: 0, Avg:  0.2, Max: 1, Diff: 1, Sum: 1, Workers: 4
[7.432s][debug][gc,phases      ] GC(10)     Total                          Min: 0, Avg: 64.8, Max: 128, Diff: 128, Sum: 259, Workers: 4
[7.432s][debug][gc,phases      ] GC(10)   JVMTI Tag Weak OopStorage      Min:  0.0, Avg:  0.0, Max:  0.0, Diff:  0.0, Sum:  0.0, Workers: 4
[7.432s][debug][gc,phases      ] GC(10)     Dead                           Min: 0, Avg:  0.0, Max: 0, Diff: 0, Sum: 0, Workers: 4
[7.432s][debug][gc,phases      ] GC(10)     Total                          Min: 0, Avg:  0.0, Max: 0, Diff: 0, Sum: 0, Workers: 4
[7.432s][debug][gc,phases      ] GC(10)   StringTable Weak               Min:  0.3, Avg:  0.3, Max:  0.3, Diff:  0.0, Sum:  1.1, Workers: 4
[7.432s][debug][gc,phases      ] GC(10)     Dead                           Min: 0, Avg:  4.2, Max: 14, Diff: 14, Sum: 17, Workers: 4
[7.432s][debug][gc,phases      ] GC(10)     Total                          Min: 9024, Avg: 9728.5, Max: 10688, Diff: 1664, Sum: 38914, Workers: 4
[7.432s][debug][gc,phases      ] GC(10)   ResolvedMethodTable Weak       Min:  0.1, Avg:  0.1, Max:  0.1, Diff:  0.0, Sum:  0.2, Workers: 4
[7.432s][debug][gc,phases      ] GC(10)     Dead                           Min: 0, Avg:  8.0, Max: 24, Diff: 24, Sum: 32, Workers: 4
[7.432s][debug][gc,phases      ] GC(10)     Total                          Min: 896, Avg: 1363.8, Max: 1807, Diff: 911, Sum: 5455, Workers: 4
[7.432s][debug][gc,phases      ] GC(10)   JNI Weak                       Min:  0.0, Avg:  0.0, Max:  0.0, Diff:  0.0, Sum:  0.0, Workers: 4
[7.432s][debug][gc,phases      ] GC(10)     Dead                           Min: 0, Avg:  0.0, Max: 0, Diff: 0, Sum: 0, Workers: 4
[7.432s][debug][gc,phases      ] GC(10)     Total                          Min: 0, Avg:  0.2, Max: 1, Diff: 1, Sum: 1, Workers: 4
[7.432s][debug][gc,phases      ] GC(10)   StringDedup Table Weak         Min:  0.0, Avg:  0.0, Max:  0.0, Diff:  0.0, Sum:  0.0, Workers: 4
[7.432s][debug][gc,phases      ] GC(10)     Dead                           Min: 0, Avg:  0.0, Max: 0, Diff: 0, Sum: 0, Workers: 4
[7.432s][debug][gc,phases      ] GC(10)     Total                          Min: 0, Avg:  0.0, Max: 0, Diff: 0, Sum: 0, Workers: 4
[7.432s][debug][gc,phases      ] GC(10)   StringDedup Requests0 Weak     Min:  0.0, Avg:  0.0, Max:  0.0, Diff:  0.0, Sum:  0.0, Workers: 4
[7.432s][debug][gc,phases      ] GC(10)     Dead                           Min: 0, Avg:  0.0, Max: 0, Diff: 0, Sum: 0, Workers: 4
[7.432s][debug][gc,phases      ] GC(10)     Total                          Min: 0, Avg:  0.0, Max: 0, Diff: 0, Sum: 0, Workers: 4
[7.432s][debug][gc,phases      ] GC(10)   StringDedup Requests1 Weak     Min:  0.0, Avg:  0.0, Max:  0.0, Diff:  0.0, Sum:  0.0, Workers: 4
[7.432s][debug][gc,phases      ] GC(10)     Dead                           Min: 0, Avg:  0.0, Max: 0, Diff: 0, Sum: 0, Workers: 4
[7.432s][debug][gc,phases      ] GC(10)     Total                          Min: 0, Avg:  0.0, Max: 0, Diff: 0, Sum: 0, Workers: 4
[7.432s][debug][gc,phases      ] GC(10)   Weak JFR Old Object Samples    Min:  0.0, Avg:  0.0, Max:  0.0, Diff:  0.0, Sum:  0.0, Workers: 4
[7.432s][debug][gc,phases      ] GC(10)     Dead                           Min: 0, Avg:  0.0, Max: 0, Diff: 0, Sum: 0, Workers: 4
[7.432s][debug][gc,phases      ] GC(10)     Total                          Min: 0, Avg:  0.0, Max: 0, Diff: 0, Sum: 0, Workers: 4
[7.432s][debug][gc,phases      ] GC(10) Weak Processing 0.530ms
[7.432s][debug][gc,age         ] GC(10) Desired survivor size 271056896 bytes, new threshold 5 (max threshold 15)
[7.432s][info ][gc,heap        ] GC(10) PSYoungGen: 1669994K(1820160K)->11037K(1824768K) Eden: 1543168K(1543168K)->0K(1567744K) From: 126826K(276992K)->11037K(257024K)
[7.432s][info ][gc,heap        ] GC(10) ParOldGen: 61619K(99840K)->180550K(180736K)
[7.432s][info ][gc,metaspace   ] GC(10) Metaspace: 56040K(56640K)->56040K(56640K) NonClass: 47726K(48064K)->47726K(48064K) Class: 8313K(8576K)->8313K(8576K)
[7.432s][info ][gc             ] GC(10) Pause Young (Allocation Failure) 1691M->187M(1958M) 105.653ms
[7.432s][info ][gc,cpu         ] GC(10) User=0.39s Sys=0.04s Real=0.10s
[7.433s][debug][gc,phases      ] GC(11) Pre Compact 0.011ms
[7.433s][info ][gc,start       ] GC(11) Pause Full (Ergonomics)
[7.433s][info ][gc,phases,start] GC(11) Marking Phase
[7.514s][debug][gc,phases      ] GC(11) Par Mark 81.352ms
[7.514s][debug][gc,ref         ] GC(11) Skipped phase 1 of Reference Processing: no references
[7.514s][debug][gc,ref         ] GC(11) ReferenceProcessor::execute queues: 4, RefProcThreadModel::Multi, marks_oops_alive: false
[7.514s][debug][gc,ref         ] GC(11) Skipped phase 3 of Reference Processing: no references
[7.514s][debug][gc,ref         ] GC(11) ReferenceProcessor::execute queues: 1, RefProcThreadModel::Single, marks_oops_alive: false
[7.514s][debug][gc,phases      ] GC(11) Reference Processing 0.412ms
[7.515s][debug][gc,phases      ] GC(11)   VM Weak                        Min:  0.0, Avg:  0.0, Max:  0.0, Diff:  0.0, Sum:  0.0, Workers: 4
[7.515s][debug][gc,phases      ] GC(11)     Dead                           Min: 0, Avg:  0.0, Max: 0, Diff: 0, Sum: 0, Workers: 4
[7.515s][debug][gc,phases      ] GC(11)     Total                          Min: 0, Avg: 127.8, Max: 255, Diff: 255, Sum: 511, Workers: 4
[7.515s][debug][gc,phases      ] GC(11)   ObjectSynchronizer Weak        Min:  0.0, Avg:  0.0, Max:  0.0, Diff:  0.0, Sum:  0.0, Workers: 4
[7.515s][debug][gc,phases      ] GC(11)     Dead                           Min: 0, Avg:  0.0, Max: 0, Diff: 0, Sum: 0, Workers: 4
[7.515s][debug][gc,phases      ] GC(11)     Total                          Min: 3, Avg: 64.8, Max: 128, Diff: 125, Sum: 259, Workers: 4
[7.515s][debug][gc,phases      ] GC(11)   JVMTI Tag Weak OopStorage      Min:  0.0, Avg:  0.0, Max:  0.0, Diff:  0.0, Sum:  0.0, Workers: 4
[7.515s][debug][gc,phases      ] GC(11)     Dead                           Min: 0, Avg:  0.0, Max: 0, Diff: 0, Sum: 0, Workers: 4
[7.515s][debug][gc,phases      ] GC(11)     Total                          Min: 0, Avg:  0.0, Max: 0, Diff: 0, Sum: 0, Workers: 4
[7.515s][debug][gc,phases      ] GC(11)   StringTable Weak               Min:  0.1, Avg:  0.1, Max:  0.1, Diff:  0.0, Sum:  0.6, Workers: 4
[7.515s][debug][gc,phases      ] GC(11)     Dead                           Min: 0, Avg:  0.0, Max: 0, Diff: 0, Sum: 0, Workers: 4
[7.515s][debug][gc,phases      ] GC(11)     Total                          Min: 9152, Avg: 9728.5, Max: 10816, Diff: 1664, Sum: 38914, Workers: 4
[7.515s][debug][gc,phases      ] GC(11)   ResolvedMethodTable Weak       Min:  0.0, Avg:  0.0, Max:  0.0, Diff:  0.0, Sum:  0.1, Workers: 4
[7.515s][debug][gc,phases      ] GC(11)     Dead                           Min: 0, Avg:  0.0, Max: 0, Diff: 0, Sum: 0, Workers: 4
[7.515s][debug][gc,phases      ] GC(11)     Total                          Min: 1216, Avg: 1363.8, Max: 1487, Diff: 271, Sum: 5455, Workers: 4
[7.515s][debug][gc,phases      ] GC(11)   JNI Weak                       Min:  0.0, Avg:  0.0, Max:  0.0, Diff:  0.0, Sum:  0.0, Workers: 4
[7.515s][debug][gc,phases      ] GC(11)     Dead                           Min: 0, Avg:  0.0, Max: 0, Diff: 0, Sum: 0, Workers: 4
[7.515s][debug][gc,phases      ] GC(11)     Total                          Min: 0, Avg:  0.2, Max: 1, Diff: 1, Sum: 1, Workers: 4
[7.515s][debug][gc,phases      ] GC(11)   StringDedup Table Weak         Min:  0.0, Avg:  0.0, Max:  0.0, Diff:  0.0, Sum:  0.0, Workers: 4
[7.515s][debug][gc,phases      ] GC(11)     Dead                           Min: 0, Avg:  0.0, Max: 0, Diff: 0, Sum: 0, Workers: 4
[7.515s][debug][gc,phases      ] GC(11)     Total                          Min: 0, Avg:  0.0, Max: 0, Diff: 0, Sum: 0, Workers: 4
[7.515s][debug][gc,phases      ] GC(11)   StringDedup Requests0 Weak     Min:  0.0, Avg:  0.0, Max:  0.0, Diff:  0.0, Sum:  0.0, Workers: 4
[7.515s][debug][gc,phases      ] GC(11)     Dead                           Min: 0, Avg:  0.0, Max: 0, Diff: 0, Sum: 0, Workers: 4
[7.515s][debug][gc,phases      ] GC(11)     Total                          Min: 0, Avg:  0.0, Max: 0, Diff: 0, Sum: 0, Workers: 4
[7.515s][debug][gc,phases      ] GC(11)   StringDedup Requests1 Weak     Min:  0.0, Avg:  0.0, Max:  0.0, Diff:  0.0, Sum:  0.0, Workers: 4
[7.515s][debug][gc,phases      ] GC(11)     Dead                           Min: 0, Avg:  0.0, Max: 0, Diff: 0, Sum: 0, Workers: 4
[7.515s][debug][gc,phases      ] GC(11)     Total                          Min: 0, Avg:  0.0, Max: 0, Diff: 0, Sum: 0, Workers: 4
[7.515s][debug][gc,phases      ] GC(11)   Weak JFR Old Object Samples    Min:  0.0, Avg:  0.0, Max:  0.0, Diff:  0.0, Sum:  0.0, Workers: 4
[7.515s][debug][gc,phases      ] GC(11)     Dead                           Min: 0, Avg:  0.0, Max: 0, Diff: 0, Sum: 0, Workers: 4
[7.515s][debug][gc,phases      ] GC(11)     Total                          Min: 0, Avg:  0.0, Max: 0, Diff: 0, Sum: 0, Workers: 4
[7.515s][debug][gc,phases      ] GC(11) Weak Processing 0.345ms
[7.515s][debug][gc,phases      ] GC(11) ClassLoaderData 0.067ms
[7.515s][debug][gc,phases      ] GC(11) Trigger cleanups 0.000ms
[7.520s][debug][gc,phases      ] GC(11) Class Unloading 5.524ms
[7.520s][info ][gc,phases      ] GC(11) Marking Phase 87.787ms
[7.520s][info ][gc,phases,start] GC(11) Summary Phase
[7.520s][info ][gc,phases      ] GC(11) Summary Phase 0.007ms
[7.520s][info ][gc,phases,start] GC(11) Adjust Roots
[7.527s][info ][gc,phases      ] GC(11) Adjust Roots 6.706ms
[7.527s][info ][gc,phases,start] GC(11) Compaction Phase
[7.807s][info ][gc,phases      ] GC(11) Compaction Phase 279.561ms
[7.807s][info ][gc,phases,start] GC(11) Post Compact
[7.807s][info ][gc,phases      ] GC(11) Post Compact 0.622ms
[7.807s][info ][gc,heap        ] GC(11) PSYoungGen: 11037K(1824768K)->10436K(1824768K) Eden: 0K(1567744K)->0K(1567744K) From: 11037K(257024K)->10436K(257024K)
[7.807s][info ][gc,heap        ] GC(11) ParOldGen: 180550K(180736K)->180609K(271872K)
[7.807s][info ][gc,metaspace   ] GC(11) Metaspace: 56040K(56640K)->56040K(56640K) NonClass: 47726K(48064K)->47726K(48064K) Class: 8313K(8576K)->8313K(8576K)
[7.807s][info ][gc             ] GC(11) Pause Full (Ergonomics) 187M->186M(2047M) 374.935ms
[7.807s][info ][gc,cpu         ] GC(11) User=1.27s Sys=0.01s Real=0.38s
[7.809s][info ][safepoint      ] Safepoint "ParallelGCFailedAllocation", Time since last: 357604154 ns, Reaching safepoint: 229216 ns, At safepoint: 482203756 ns, Total: 482432972 ns
[8.124s][info ][gc,start       ] GC(12) Pause Young (Allocation Failure)
[8.159s][debug][gc,phases      ] GC(12) Scavenge 34.361ms
[8.159s][debug][gc,ref         ] GC(12) Skipped phase 1 of Reference Processing: no references
[8.159s][debug][gc,ref         ] GC(12) ReferenceProcessor::execute queues: 1, RefProcThreadModel::Single, marks_oops_alive: false
[8.159s][debug][gc,ref         ] GC(12) Skipped phase 3 of Reference Processing: no references
[8.159s][debug][gc,ref         ] GC(12) ReferenceProcessor::execute queues: 1, RefProcThreadModel::Single, marks_oops_alive: false
[8.159s][debug][gc,phases      ] GC(12) Reference Processing 0.151ms
[8.159s][debug][gc,phases      ] GC(12)   VM Weak                        Min:  0.0, Avg:  0.0, Max:  0.0, Diff:  0.0, Sum:  0.0, Workers: 4
[8.159s][debug][gc,phases      ] GC(12)     Dead                           Min: 0, Avg:  0.0, Max: 0, Diff: 0, Sum: 0, Workers: 4
[8.159s][debug][gc,phases      ] GC(12)     Total                          Min: 64, Avg: 130.8, Max: 192, Diff: 128, Sum: 523, Workers: 4
[8.159s][debug][gc,phases      ] GC(12)   ObjectSynchronizer Weak        Min:  0.0, Avg:  0.0, Max:  0.0, Diff:  0.0, Sum:  0.0, Workers: 4
[8.159s][debug][gc,phases      ] GC(12)     Dead                           Min: 0, Avg:  0.0, Max: 0, Diff: 0, Sum: 0, Workers: 4
[8.159s][debug][gc,phases      ] GC(12)     Total                          Min: 3, Avg: 64.8, Max: 128, Diff: 125, Sum: 259, Workers: 4
[8.159s][debug][gc,phases      ] GC(12)   JVMTI Tag Weak OopStorage      Min:  0.0, Avg:  0.0, Max:  0.0, Diff:  0.0, Sum:  0.0, Workers: 4
[8.159s][debug][gc,phases      ] GC(12)     Dead                           Min: 0, Avg:  0.0, Max: 0, Diff: 0, Sum: 0, Workers: 4
[8.159s][debug][gc,phases      ] GC(12)     Total                          Min: 0, Avg:  0.0, Max: 0, Diff: 0, Sum: 0, Workers: 4
[8.159s][debug][gc,phases      ] GC(12)   StringTable Weak               Min:  0.1, Avg:  0.1, Max:  0.1, Diff:  0.0, Sum:  0.4, Workers: 4
[8.159s][debug][gc,phases      ] GC(12)     Dead                           Min: 0, Avg:  4.0, Max: 14, Diff: 14, Sum: 16, Workers: 4
[8.159s][debug][gc,phases      ] GC(12)     Total                          Min: 9180, Avg: 9879.0, Max: 11264, Diff: 2084, Sum: 39516, Workers: 4
[8.159s][debug][gc,phases      ] GC(12)   ResolvedMethodTable Weak       Min:  0.0, Avg:  0.0, Max:  0.0, Diff:  0.0, Sum:  0.1, Workers: 4
[8.159s][debug][gc,phases      ] GC(12)     Dead                           Min: 0, Avg:  7.2, Max: 14, Diff: 14, Sum: 29, Workers: 4
[8.159s][debug][gc,phases      ] GC(12)     Total                          Min: 1280, Avg: 1473.0, Max: 1668, Diff: 388, Sum: 5892, Workers: 4
[8.159s][debug][gc,phases      ] GC(12)   JNI Weak                       Min:  0.0, Avg:  0.0, Max:  0.0, Diff:  0.0, Sum:  0.0, Workers: 4
[8.159s][debug][gc,phases      ] GC(12)     Dead                           Min: 0, Avg:  0.0, Max: 0, Diff: 0, Sum: 0, Workers: 4
[8.159s][debug][gc,phases      ] GC(12)     Total                          Min: 0, Avg:  0.8, Max: 3, Diff: 3, Sum: 3, Workers: 4
[8.159s][debug][gc,phases      ] GC(12)   StringDedup Table Weak         Min:  0.0, Avg:  0.0, Max:  0.0, Diff:  0.0, Sum:  0.0, Workers: 4
[8.159s][debug][gc,phases      ] GC(12)     Dead                           Min: 0, Avg:  0.0, Max: 0, Diff: 0, Sum: 0, Workers: 4
[8.159s][debug][gc,phases      ] GC(12)     Total                          Min: 0, Avg:  0.0, Max: 0, Diff: 0, Sum: 0, Workers: 4
[8.159s][debug][gc,phases      ] GC(12)   StringDedup Requests0 Weak     Min:  0.0, Avg:  0.0, Max:  0.0, Diff:  0.0, Sum:  0.0, Workers: 4
[8.159s][debug][gc,phases      ] GC(12)     Dead                           Min: 0, Avg:  0.0, Max: 0, Diff: 0, Sum: 0, Workers: 4
[8.159s][debug][gc,phases      ] GC(12)     Total                          Min: 0, Avg:  0.0, Max: 0, Diff: 0, Sum: 0, Workers: 4
[8.159s][debug][gc,phases      ] GC(12)   StringDedup Requests1 Weak     Min:  0.0, Avg:  0.0, Max:  0.0, Diff:  0.0, Sum:  0.0, Workers: 4
[8.159s][debug][gc,phases      ] GC(12)     Dead                           Min: 0, Avg:  0.0, Max: 0, Diff: 0, Sum: 0, Workers: 4
[8.159s][debug][gc,phases      ] GC(12)     Total                          Min: 0, Avg:  0.0, Max: 0, Diff: 0, Sum: 0, Workers: 4
[8.159s][debug][gc,phases      ] GC(12)   Weak JFR Old Object Samples    Min:  0.0, Avg:  0.0, Max:  0.0, Diff:  0.0, Sum:  0.0, Workers: 4
[8.159s][debug][gc,phases      ] GC(12)     Dead                           Min: 0, Avg:  0.0, Max: 0, Diff: 0, Sum: 0, Workers: 4
[8.159s][debug][gc,phases      ] GC(12)     Total                          Min: 0, Avg:  0.0, Max: 0, Diff: 0, Sum: 0, Workers: 4
[8.159s][debug][gc,phases      ] GC(12) Weak Processing 0.303ms
[8.159s][debug][gc,age         ] GC(12) Desired survivor size 273678336 bytes, new threshold 6 (max threshold 15)
[8.159s][info ][gc,heap        ] GC(12) PSYoungGen: 1578180K(1824768K)->12765K(1580544K) Eden: 1567744K(1567744K)->0K(1567744K) From: 10436K(257024K)->12765K(12800K)
[8.159s][info ][gc,heap        ] GC(12) ParOldGen: 180609K(271872K)->180617K(271872K)
[8.159s][info ][gc,metaspace   ] GC(12) Metaspace: 57905K(58624K)->57905K(58624K) NonClass: 49255K(49664K)->49255K(49664K) Class: 8650K(8960K)->8650K(8960K)
[8.159s][info ][gc             ] GC(12) Pause Young (Allocation Failure) 1717M->188M(1809M) 34.959ms
[8.159s][info ][gc,cpu         ] GC(12) User=0.17s Sys=0.00s Real=0.04s
[8.159s][info ][safepoint      ] Safepoint "ParallelGCFailedAllocation", Time since last: 315186076 ns, Reaching safepoint: 193314 ns, At safepoint: 35062333 ns, Total: 35255647 ns
[8.627s][info ][gc,start       ] GC(13) Pause Young (Allocation Failure)
[8.640s][debug][gc,phases      ] GC(13) Scavenge 12.540ms
[8.640s][debug][gc,ref         ] GC(13) Skipped phase 1 of Reference Processing: no references
[8.640s][debug][gc,ref         ] GC(13) ReferenceProcessor::execute queues: 1, RefProcThreadModel::Single, marks_oops_alive: false
[8.640s][debug][gc,ref         ] GC(13) Skipped phase 3 of Reference Processing: no references
[8.640s][debug][gc,ref         ] GC(13) ReferenceProcessor::execute queues: 1, RefProcThreadModel::Single, marks_oops_alive: false
[8.640s][debug][gc,phases      ] GC(13) Reference Processing 0.206ms
[8.641s][debug][gc,phases      ] GC(13)   VM Weak                        Min:  0.0, Avg:  0.0, Max:  0.0, Diff:  0.0, Sum:  0.0, Workers: 4
[8.641s][debug][gc,phases      ] GC(13)     Dead                           Min: 0, Avg:  0.0, Max: 0, Diff: 0, Sum: 0, Workers: 4
[8.641s][debug][gc,phases      ] GC(13)     Total                          Min: 0, Avg: 132.5, Max: 338, Diff: 338, Sum: 530, Workers: 4
[8.641s][debug][gc,phases      ] GC(13)   ObjectSynchronizer Weak        Min:  0.0, Avg:  0.0, Max:  0.0, Diff:  0.0, Sum:  0.0, Workers: 4
[8.641s][debug][gc,phases      ] GC(13)     Dead                           Min: 0, Avg:  0.0, Max: 0, Diff: 0, Sum: 0, Workers: 4
[8.641s][debug][gc,phases      ] GC(13)     Total                          Min: 0, Avg: 66.8, Max: 192, Diff: 192, Sum: 267, Workers: 4
[8.641s][debug][gc,phases      ] GC(13)   JVMTI Tag Weak OopStorage      Min:  0.0, Avg:  0.0, Max:  0.0, Diff:  0.0, Sum:  0.0, Workers: 4
[8.641s][debug][gc,phases      ] GC(13)     Dead                           Min: 0, Avg:  0.0, Max: 0, Diff: 0, Sum: 0, Workers: 4
[8.641s][debug][gc,phases      ] GC(13)     Total                          Min: 0, Avg:  0.0, Max: 0, Diff: 0, Sum: 0, Workers: 4
[8.641s][debug][gc,phases      ] GC(13)   StringTable Weak               Min:  0.2, Avg:  0.2, Max:  0.2, Diff:  0.0, Sum:  0.6, Workers: 4
[8.641s][debug][gc,phases      ] GC(13)     Dead                           Min: 1, Avg:  4.0, Max: 12, Diff: 11, Sum: 16, Workers: 4
[8.641s][debug][gc,phases      ] GC(13)     Total                          Min: 8768, Avg: 9949.2, Max: 10560, Diff: 1792, Sum: 39797, Workers: 4
[8.641s][debug][gc,phases      ] GC(13)   ResolvedMethodTable Weak       Min:  0.0, Avg:  0.0, Max:  0.0, Diff:  0.0, Sum:  0.2, Workers: 4
[8.641s][debug][gc,phases      ] GC(13)     Dead                           Min: 1, Avg:  7.8, Max: 15, Diff: 14, Sum: 31, Workers: 4
[8.641s][debug][gc,phases      ] GC(13)     Total                          Min: 1349, Avg: 1537.2, Max: 1664, Diff: 315, Sum: 6149, Workers: 4
[8.641s][debug][gc,phases      ] GC(13)   JNI Weak                       Min:  0.0, Avg:  0.0, Max:  0.0, Diff:  0.0, Sum:  0.0, Workers: 4
[8.641s][debug][gc,phases      ] GC(13)     Dead                           Min: 0, Avg:  0.0, Max: 0, Diff: 0, Sum: 0, Workers: 4
[8.641s][debug][gc,phases      ] GC(13)     Total                          Min: 0, Avg:  6.2, Max: 22, Diff: 22, Sum: 25, Workers: 4
[8.641s][debug][gc,phases      ] GC(13)   StringDedup Table Weak         Min:  0.0, Avg:  0.0, Max:  0.0, Diff:  0.0, Sum:  0.0, Workers: 4
[8.641s][debug][gc,phases      ] GC(13)     Dead                           Min: 0, Avg:  0.0, Max: 0, Diff: 0, Sum: 0, Workers: 4
[8.641s][debug][gc,phases      ] GC(13)     Total                          Min: 0, Avg:  0.0, Max: 0, Diff: 0, Sum: 0, Workers: 4
[8.641s][debug][gc,phases      ] GC(13)   StringDedup Requests0 Weak     Min:  0.0, Avg:  0.0, Max:  0.0, Diff:  0.0, Sum:  0.0, Workers: 4
[8.641s][debug][gc,phases      ] GC(13)     Dead                           Min: 0, Avg:  0.0, Max: 0, Diff: 0, Sum: 0, Workers: 4
[8.641s][debug][gc,phases      ] GC(13)     Total                          Min: 0, Avg:  0.0, Max: 0, Diff: 0, Sum: 0, Workers: 4
[8.641s][debug][gc,phases      ] GC(13)   StringDedup Requests1 Weak     Min:  0.0, Avg:  0.0, Max:  0.0, Diff:  0.0, Sum:  0.0, Workers: 4
[8.641s][debug][gc,phases      ] GC(13)     Dead                           Min: 0, Avg:  0.0, Max: 0, Diff: 0, Sum: 0, Workers: 4
[8.641s][debug][gc,phases      ] GC(13)     Total                          Min: 0, Avg:  0.0, Max: 0, Diff: 0, Sum: 0, Workers: 4
[8.641s][debug][gc,phases      ] GC(13)   Weak JFR Old Object Samples    Min:  0.0, Avg:  0.0, Max:  0.0, Diff:  0.0, Sum:  0.0, Workers: 4
[8.641s][debug][gc,phases      ] GC(13)     Dead                           Min: 0, Avg:  0.0, Max: 0, Diff: 0, Sum: 0, Workers: 4
[8.641s][debug][gc,phases      ] GC(13)     Total                          Min: 0, Avg:  0.0, Max: 0, Diff: 0, Sum: 0, Workers: 4
[8.641s][debug][gc,phases      ] GC(13) Weak Processing 0.450ms
[8.641s][debug][gc,age         ] GC(13) Desired survivor size 271581184 bytes, new threshold 7 (max threshold 15)
[8.641s][info ][gc,heap        ] GC(13) PSYoungGen: 1580509K(1580544K)->20445K(1831936K) Eden: 1567744K(1567744K)->0K(1564672K) From: 12765K(12800K)->20445K(267264K)
[8.641s][info ][gc,heap        ] GC(13) ParOldGen: 180617K(271872K)->180625K(271872K)
[8.641s][info ][gc,metaspace   ] GC(13) Metaspace: 58866K(59584K)->58866K(59584K) NonClass: 50068K(50432K)->50068K(50432K) Class: 8798K(9152K)->8798K(9152K)
[8.641s][info ][gc             ] GC(13) Pause Young (Allocation Failure) 1719M->196M(2054M) 13.357ms
[8.641s][info ][gc,cpu         ] GC(13) User=0.07s Sys=0.00s Real=0.01s
[8.641s][info ][safepoint      ] Safepoint "ParallelGCFailedAllocation", Time since last: 467768802 ns, Reaching safepoint: 231917 ns, At safepoint: 13458672 ns, Total: 13690589 ns
[9.030s][info ][safepoint      ] Safepoint "ParallelGCFailedAllocation", Time since last: 389263316 ns, Reaching safepoint: 229117 ns, At safepoint: 31402 ns, Total: 260519 ns
[9.031s][info ][gc,start       ] GC(14) Pause Young (Allocation Failure)
[9.043s][debug][gc,phases      ] GC(14) Scavenge 12.064ms
[9.043s][debug][gc,ref         ] GC(14) Skipped phase 1 of Reference Processing: no references
[9.043s][debug][gc,ref         ] GC(14) ReferenceProcessor::execute queues: 1, RefProcThreadModel::Single, marks_oops_alive: false
[9.043s][debug][gc,ref         ] GC(14) Skipped phase 3 of Reference Processing: no references
[9.043s][debug][gc,ref         ] GC(14) ReferenceProcessor::execute queues: 1, RefProcThreadModel::Single, marks_oops_alive: false
[9.043s][debug][gc,phases      ] GC(14) Reference Processing 0.184ms
[9.043s][debug][gc,phases      ] GC(14)   VM Weak                        Min:  0.0, Avg:  0.0, Max:  0.0, Diff:  0.0, Sum:  0.0, Workers: 4
[9.043s][debug][gc,phases      ] GC(14)     Dead                           Min: 0, Avg:  0.0, Max: 0, Diff: 0, Sum: 0, Workers: 4
[9.043s][debug][gc,phases      ] GC(14)     Total                          Min: 0, Avg: 132.5, Max: 384, Diff: 384, Sum: 530, Workers: 4
[9.043s][debug][gc,phases      ] GC(14)   ObjectSynchronizer Weak        Min:  0.0, Avg:  0.0, Max:  0.0, Diff:  0.0, Sum:  0.0, Workers: 4
[9.043s][debug][gc,phases      ] GC(14)     Dead                           Min: 0, Avg:  0.0, Max: 0, Diff: 0, Sum: 0, Workers: 4
[9.043s][debug][gc,phases      ] GC(14)     Total                          Min: 0, Avg: 68.8, Max: 192, Diff: 192, Sum: 275, Workers: 4
[9.043s][debug][gc,phases      ] GC(14)   JVMTI Tag Weak OopStorage      Min:  0.0, Avg:  0.0, Max:  0.0, Diff:  0.0, Sum:  0.0, Workers: 4
[9.043s][debug][gc,phases      ] GC(14)     Dead                           Min: 0, Avg:  0.0, Max: 0, Diff: 0, Sum: 0, Workers: 4
[9.043s][debug][gc,phases      ] GC(14)     Total                          Min: 0, Avg:  0.0, Max: 0, Diff: 0, Sum: 0, Workers: 4
[9.043s][debug][gc,phases      ] GC(14)   StringTable Weak               Min:  0.1, Avg:  0.1, Max:  0.1, Diff:  0.0, Sum:  0.5, Workers: 4
[9.043s][debug][gc,phases      ] GC(14)     Dead                           Min: 0, Avg:  3.0, Max: 12, Diff: 12, Sum: 12, Workers: 4
[9.043s][debug][gc,phases      ] GC(14)     Total                          Min: 8704, Avg: 9971.2, Max: 10560, Diff: 1856, Sum: 39885, Workers: 4
[9.043s][debug][gc,phases      ] GC(14)   ResolvedMethodTable Weak       Min:  0.0, Avg:  0.0, Max:  0.0, Diff:  0.0, Sum:  0.1, Workers: 4
[9.043s][debug][gc,phases      ] GC(14)     Dead                           Min: 0, Avg:  0.0, Max: 0, Diff: 0, Sum: 0, Workers: 4
[9.043s][debug][gc,phases      ] GC(14)     Total                          Min: 901, Avg: 1537.2, Max: 2048, Diff: 1147, Sum: 6149, Workers: 4
[9.043s][debug][gc,phases      ] GC(14)   JNI Weak                       Min:  0.0, Avg:  0.0, Max:  0.0, Diff:  0.0, Sum:  0.0, Workers: 4
[9.043s][debug][gc,phases      ] GC(14)     Dead                           Min: 0, Avg:  0.0, Max: 0, Diff: 0, Sum: 0, Workers: 4
[9.043s][debug][gc,phases      ] GC(14)     Total                          Min: 0, Avg:  2.0, Max: 6, Diff: 6, Sum: 8, Workers: 4
[9.043s][debug][gc,phases      ] GC(14)   StringDedup Table Weak         Min:  0.0, Avg:  0.0, Max:  0.0, Diff:  0.0, Sum:  0.0, Workers: 4
[9.043s][debug][gc,phases      ] GC(14)     Dead                           Min: 0, Avg:  0.0, Max: 0, Diff: 0, Sum: 0, Workers: 4
[9.043s][debug][gc,phases      ] GC(14)     Total                          Min: 0, Avg:  0.0, Max: 0, Diff: 0, Sum: 0, Workers: 4
[9.043s][debug][gc,phases      ] GC(14)   StringDedup Requests0 Weak     Min:  0.0, Avg:  0.0, Max:  0.0, Diff:  0.0, Sum:  0.0, Workers: 4
[9.043s][debug][gc,phases      ] GC(14)     Dead                           Min: 0, Avg:  0.0, Max: 0, Diff: 0, Sum: 0, Workers: 4
[9.043s][debug][gc,phases      ] GC(14)     Total                          Min: 0, Avg:  0.0, Max: 0, Diff: 0, Sum: 0, Workers: 4
[9.043s][debug][gc,phases      ] GC(14)   StringDedup Requests1 Weak     Min:  0.0, Avg:  0.0, Max:  0.0, Diff:  0.0, Sum:  0.0, Workers: 4
[9.043s][debug][gc,phases      ] GC(14)     Dead                           Min: 0, Avg:  0.0, Max: 0, Diff: 0, Sum: 0, Workers: 4
[9.043s][debug][gc,phases      ] GC(14)     Total                          Min: 0, Avg:  0.0, Max: 0, Diff: 0, Sum: 0, Workers: 4
[9.043s][debug][gc,phases      ] GC(14)   Weak JFR Old Object Samples    Min:  0.0, Avg:  0.0, Max:  0.0, Diff:  0.0, Sum:  0.0, Workers: 4
[9.043s][debug][gc,phases      ] GC(14)     Dead                           Min: 0, Avg:  0.0, Max: 0, Diff: 0, Sum: 0, Workers: 4
[9.043s][debug][gc,phases      ] GC(14)     Total                          Min: 0, Avg:  0.0, Max: 0, Diff: 0, Sum: 0, Workers: 4
[9.043s][debug][gc,phases      ] GC(14) Weak Processing 0.378ms
[9.043s][debug][gc,age         ] GC(14) Desired survivor size 266338304 bytes, new threshold 8 (max threshold 15)
[9.043s][info ][gc,heap        ] GC(14) PSYoungGen: 1585117K(1831936K)->26365K(1829888K) Eden: 1564672K(1564672K)->0K(1564672K) From: 20445K(267264K)->26365K(265216K)
[9.043s][info ][gc,heap        ] GC(14) ParOldGen: 180627K(271872K)->180635K(271872K)
[9.043s][info ][gc,metaspace   ] GC(14) Metaspace: 58959K(59712K)->58959K(59712K) NonClass: 50161K(50560K)->50161K(50560K) Class: 8798K(9152K)->8798K(9152K)
[9.043s][info ][gc             ] GC(14) Pause Young (Allocation Failure) 1724M->202M(2052M) 12.755ms
[9.043s][info ][gc,cpu         ] GC(14) User=0.04s Sys=0.00s Real=0.01s
[9.043s][info ][safepoint      ] Safepoint "ParallelGCFailedAllocation", Time since last: 96007 ns, Reaching safepoint: 87306 ns, At safepoint: 12862629 ns, Total: 12949935 ns
[9.412s][info ][gc,start       ] GC(15) Pause Young (Allocation Failure)
[9.425s][debug][gc,phases      ] GC(15) Scavenge 13.416ms
[9.425s][debug][gc,ref         ] GC(15) Skipped phase 1 of Reference Processing: no references
[9.425s][debug][gc,ref         ] GC(15) ReferenceProcessor::execute queues: 1, RefProcThreadModel::Single, marks_oops_alive: false
[9.425s][debug][gc,ref         ] GC(15) Skipped phase 3 of Reference Processing: no references
[9.425s][debug][gc,ref         ] GC(15) ReferenceProcessor::execute queues: 1, RefProcThreadModel::Single, marks_oops_alive: false
[9.425s][debug][gc,phases      ] GC(15) Reference Processing 0.146ms
[9.426s][debug][gc,phases      ] GC(15)   VM Weak                        Min:  0.0, Avg:  0.0, Max:  0.0, Diff:  0.0, Sum:  0.0, Workers: 4
[9.426s][debug][gc,phases      ] GC(15)     Dead                           Min: 0, Avg:  0.0, Max: 0, Diff: 0, Sum: 0, Workers: 4
[9.426s][debug][gc,phases      ] GC(15)     Total                          Min: 0, Avg: 133.0, Max: 448, Diff: 448, Sum: 532, Workers: 4
[9.426s][debug][gc,phases      ] GC(15)   ObjectSynchronizer Weak        Min:  0.0, Avg:  0.0, Max:  0.0, Diff:  0.0, Sum:  0.0, Workers: 4
[9.426s][debug][gc,phases      ] GC(15)     Dead                           Min: 0, Avg:  0.0, Max: 0, Diff: 0, Sum: 0, Workers: 4
[9.426s][debug][gc,phases      ] GC(15)     Total                          Min: 0, Avg: 69.8, Max: 151, Diff: 151, Sum: 279, Workers: 4
[9.426s][debug][gc,phases      ] GC(15)   JVMTI Tag Weak OopStorage      Min:  0.0, Avg:  0.0, Max:  0.0, Diff:  0.0, Sum:  0.0, Workers: 4
[9.426s][debug][gc,phases      ] GC(15)     Dead                           Min: 0, Avg:  0.0, Max: 0, Diff: 0, Sum: 0, Workers: 4
[9.426s][debug][gc,phases      ] GC(15)     Total                          Min: 0, Avg:  0.0, Max: 0, Diff: 0, Sum: 0, Workers: 4
[9.426s][debug][gc,phases      ] GC(15)   StringTable Weak               Min:  0.1, Avg:  0.1, Max:  0.1, Diff:  0.0, Sum:  0.4, Workers: 4
[9.426s][debug][gc,phases      ] GC(15)     Dead                           Min: 0, Avg:  3.0, Max: 12, Diff: 12, Sum: 12, Workers: 4
[9.426s][debug][gc,phases      ] GC(15)     Total                          Min: 9280, Avg: 9984.5, Max: 10562, Diff: 1282, Sum: 39938, Workers: 4
[9.426s][debug][gc,phases      ] GC(15)   ResolvedMethodTable Weak       Min:  0.0, Avg:  0.0, Max:  0.0, Diff:  0.0, Sum:  0.1, Workers: 4
[9.426s][debug][gc,phases      ] GC(15)     Dead                           Min: 0, Avg:  4.2, Max: 17, Diff: 17, Sum: 17, Workers: 4
[9.426s][debug][gc,phases      ] GC(15)     Total                          Min: 1280, Avg: 1544.5, Max: 1664, Diff: 384, Sum: 6178, Workers: 4
[9.426s][debug][gc,phases      ] GC(15)   JNI Weak                       Min:  0.0, Avg:  0.0, Max:  0.0, Diff:  0.0, Sum:  0.0, Workers: 4
[9.426s][debug][gc,phases      ] GC(15)     Dead                           Min: 0, Avg:  0.0, Max: 0, Diff: 0, Sum: 0, Workers: 4
[9.426s][debug][gc,phases      ] GC(15)     Total                          Min: 0, Avg:  0.5, Max: 2, Diff: 2, Sum: 2, Workers: 4
[9.426s][debug][gc,phases      ] GC(15)   StringDedup Table Weak         Min:  0.0, Avg:  0.0, Max:  0.0, Diff:  0.0, Sum:  0.0, Workers: 4
[9.426s][debug][gc,phases      ] GC(15)     Dead                           Min: 0, Avg:  0.0, Max: 0, Diff: 0, Sum: 0, Workers: 4
[9.426s][debug][gc,phases      ] GC(15)     Total                          Min: 0, Avg:  0.0, Max: 0, Diff: 0, Sum: 0, Workers: 4
[9.426s][debug][gc,phases      ] GC(15)   StringDedup Requests0 Weak     Min:  0.0, Avg:  0.0, Max:  0.0, Diff:  0.0, Sum:  0.0, Workers: 4
[9.426s][debug][gc,phases      ] GC(15)     Dead                           Min: 0, Avg:  0.0, Max: 0, Diff: 0, Sum: 0, Workers: 4
[9.426s][debug][gc,phases      ] GC(15)     Total                          Min: 0, Avg:  0.0, Max: 0, Diff: 0, Sum: 0, Workers: 4
[9.426s][debug][gc,phases      ] GC(15)   StringDedup Requests1 Weak     Min:  0.0, Avg:  0.0, Max:  0.0, Diff:  0.0, Sum:  0.0, Workers: 4
[9.426s][debug][gc,phases      ] GC(15)     Dead                           Min: 0, Avg:  0.0, Max: 0, Diff: 0, Sum: 0, Workers: 4
[9.426s][debug][gc,phases      ] GC(15)     Total                          Min: 0, Avg:  0.0, Max: 0, Diff: 0, Sum: 0, Workers: 4
[9.426s][debug][gc,phases      ] GC(15)   Weak JFR Old Object Samples    Min:  0.0, Avg:  0.0, Max:  0.0, Diff:  0.0, Sum:  0.0, Workers: 4
[9.426s][debug][gc,phases      ] GC(15)     Dead                           Min: 0, Avg:  0.0, Max: 0, Diff: 0, Sum: 0, Workers: 4
[9.426s][debug][gc,phases      ] GC(15)     Total                          Min: 0, Avg:  0.0, Max: 0, Diff: 0, Sum: 0, Workers: 4
[9.426s][debug][gc,phases      ] GC(15) Weak Processing 0.347ms
[9.426s][debug][gc,age         ] GC(15) Desired survivor size 258473984 bytes, new threshold 9 (max threshold 15)
[9.426s][info ][gc,heap        ] GC(15) PSYoungGen: 1591037K(1829888K)->32085K(1844736K) Eden: 1564672K(1564672K)->0K(1584640K) From: 26365K(265216K)->32085K(260096K)
[9.426s][info ][gc,heap        ] GC(15) ParOldGen: 180635K(271872K)->180643K(271872K)
[9.426s][info ][gc,metaspace   ] GC(15) Metaspace: 59162K(59904K)->59162K(59904K) NonClass: 50335K(50752K)->50335K(50752K) Class: 8826K(9152K)->8826K(9152K)
[9.426s][info ][gc             ] GC(15) Pause Young (Allocation Failure) 1730M->207M(2067M) 14.043ms
[9.426s][info ][gc,cpu         ] GC(15) User=0.05s Sys=0.01s Real=0.02s
[9.426s][info ][safepoint      ] Safepoint "ParallelGCFailedAllocation", Time since last: 367795166 ns, Reaching safepoint: 428331 ns, At safepoint: 14153222 ns, Total: 14581553 ns
[9.712s][info ][gc,start       ] GC(16) Pause Young (Allocation Failure)
[9.726s][debug][gc,phases      ] GC(16) Scavenge 14.829ms
[9.727s][debug][gc,ref         ] GC(16) Skipped phase 1 of Reference Processing: no references
[9.727s][debug][gc,ref         ] GC(16) ReferenceProcessor::execute queues: 1, RefProcThreadModel::Single, marks_oops_alive: false
[9.727s][debug][gc,ref         ] GC(16) Skipped phase 3 of Reference Processing: no references
[9.727s][debug][gc,ref         ] GC(16) ReferenceProcessor::execute queues: 1, RefProcThreadModel::Single, marks_oops_alive: false
[9.727s][debug][gc,phases      ] GC(16) Reference Processing 0.178ms
[9.727s][debug][gc,phases      ] GC(16)   VM Weak                        Min:  0.0, Avg:  0.0, Max:  0.0, Diff:  0.0, Sum:  0.0, Workers: 4
[9.727s][debug][gc,phases      ] GC(16)     Dead                           Min: 0, Avg:  0.0, Max: 0, Diff: 0, Sum: 0, Workers: 4
[9.727s][debug][gc,phases      ] GC(16)     Total                          Min: 0, Avg: 133.2, Max: 405, Diff: 405, Sum: 533, Workers: 4
[9.727s][debug][gc,phases      ] GC(16)   ObjectSynchronizer Weak        Min:  0.0, Avg:  0.0, Max:  0.0, Diff:  0.0, Sum:  0.0, Workers: 4
[9.727s][debug][gc,phases      ] GC(16)     Dead                           Min: 0, Avg:  0.0, Max: 0, Diff: 0, Sum: 0, Workers: 4
[9.727s][debug][gc,phases      ] GC(16)     Total                          Min: 0, Avg: 69.8, Max: 192, Diff: 192, Sum: 279, Workers: 4
[9.727s][debug][gc,phases      ] GC(16)   JVMTI Tag Weak OopStorage      Min:  0.0, Avg:  0.0, Max:  0.0, Diff:  0.0, Sum:  0.0, Workers: 4
[9.727s][debug][gc,phases      ] GC(16)     Dead                           Min: 0, Avg:  0.0, Max: 0, Diff: 0, Sum: 0, Workers: 4
[9.727s][debug][gc,phases      ] GC(16)     Total                          Min: 0, Avg:  0.0, Max: 0, Diff: 0, Sum: 0, Workers: 4
[9.727s][debug][gc,phases      ] GC(16)   StringTable Weak               Min:  0.1, Avg:  0.1, Max:  0.1, Diff:  0.0, Sum:  0.5, Workers: 4
[9.727s][debug][gc,phases      ] GC(16)     Dead                           Min: 0, Avg:  1.0, Max: 2, Diff: 2, Sum: 4, Workers: 4
[9.727s][debug][gc,phases      ] GC(16)     Total                          Min: 9216, Avg: 10048.0, Max: 10880, Diff: 1664, Sum: 40192, Workers: 4
[9.727s][debug][gc,phases      ] GC(16)   ResolvedMethodTable Weak       Min:  0.0, Avg:  0.0, Max:  0.0, Diff:  0.0, Sum:  0.1, Workers: 4
[9.727s][debug][gc,phases      ] GC(16)     Dead                           Min: 0, Avg: 12.8, Max: 39, Diff: 39, Sum: 51, Workers: 4
[9.727s][debug][gc,phases      ] GC(16)     Total                          Min: 1342, Avg: 1576.8, Max: 1765, Diff: 423, Sum: 6307, Workers: 4
[9.727s][debug][gc,phases      ] GC(16)   JNI Weak                       Min:  0.0, Avg:  0.0, Max:  0.0, Diff:  0.0, Sum:  0.0, Workers: 4
[9.727s][debug][gc,phases      ] GC(16)     Dead                           Min: 0, Avg:  0.0, Max: 0, Diff: 0, Sum: 0, Workers: 4
[9.727s][debug][gc,phases      ] GC(16)     Total                          Min: 0, Avg:  1.5, Max: 6, Diff: 6, Sum: 6, Workers: 4
[9.727s][debug][gc,phases      ] GC(16)   StringDedup Table Weak         Min:  0.0, Avg:  0.0, Max:  0.0, Diff:  0.0, Sum:  0.0, Workers: 4
[9.727s][debug][gc,phases      ] GC(16)     Dead                           Min: 0, Avg:  0.0, Max: 0, Diff: 0, Sum: 0, Workers: 4
[9.727s][debug][gc,phases      ] GC(16)     Total                          Min: 0, Avg:  0.0, Max: 0, Diff: 0, Sum: 0, Workers: 4
[9.727s][debug][gc,phases      ] GC(16)   StringDedup Requests0 Weak     Min:  0.0, Avg:  0.0, Max:  0.0, Diff:  0.0, Sum:  0.0, Workers: 4
[9.727s][debug][gc,phases      ] GC(16)     Dead                           Min: 0, Avg:  0.0, Max: 0, Diff: 0, Sum: 0, Workers: 4
[9.727s][debug][gc,phases      ] GC(16)     Total                          Min: 0, Avg:  0.0, Max: 0, Diff: 0, Sum: 0, Workers: 4
[9.727s][debug][gc,phases      ] GC(16)   StringDedup Requests1 Weak     Min:  0.0, Avg:  0.0, Max:  0.0, Diff:  0.0, Sum:  0.0, Workers: 4
[9.727s][debug][gc,phases      ] GC(16)     Dead                           Min: 0, Avg:  0.0, Max: 0, Diff: 0, Sum: 0, Workers: 4
[9.727s][debug][gc,phases      ] GC(16)     Total                          Min: 0, Avg:  0.0, Max: 0, Diff: 0, Sum: 0, Workers: 4
[9.727s][debug][gc,phases      ] GC(16)   Weak JFR Old Object Samples    Min:  0.0, Avg:  0.0, Max:  0.0, Diff:  0.0, Sum:  0.0, Workers: 4
[9.727s][debug][gc,phases      ] GC(16)     Dead                           Min: 0, Avg:  0.0, Max: 0, Diff: 0, Sum: 0, Workers: 4
[9.727s][debug][gc,phases      ] GC(16)     Total                          Min: 0, Avg:  0.0, Max: 0, Diff: 0, Sum: 0, Workers: 4
[9.727s][debug][gc,phases      ] GC(16) Weak Processing 0.339ms
[9.727s][debug][gc,age         ] GC(16) Desired survivor size 249561088 bytes, new threshold 10 (max threshold 15)
[9.727s][info ][gc,heap        ] GC(16) PSYoungGen: 1616725K(1844736K)->33461K(1837056K) Eden: 1584640K(1584640K)->0K(1584640K) From: 32085K(260096K)->33461K(252416K)
[9.727s][info ][gc,heap        ] GC(16) ParOldGen: 180643K(271872K)->180651K(271872K)
[9.727s][info ][gc,metaspace   ] GC(16) Metaspace: 59921K(60672K)->59921K(60672K) NonClass: 50999K(51392K)->50999K(51392K) Class: 8921K(9280K)->8921K(9280K)
[9.727s][info ][gc             ] GC(16) Pause Young (Allocation Failure) 1755M->209M(2059M) 15.480ms
[9.727s][info ][gc,cpu         ] GC(16) User=0.08s Sys=0.00s Real=0.02s
[9.727s][info ][safepoint      ] Safepoint "ParallelGCFailedAllocation", Time since last: 285558022 ns, Reaching safepoint: 168512 ns, At safepoint: 15581825 ns, Total: 15750337 ns
[10.102s][info ][gc,start       ] GC(17) Pause Young (Allocation Failure)
[10.113s][debug][gc,phases      ] GC(17) Scavenge 10.929ms
[10.113s][debug][gc,ref         ] GC(17) Skipped phase 1 of Reference Processing: no references
[10.113s][debug][gc,ref         ] GC(17) ReferenceProcessor::execute queues: 1, RefProcThreadModel::Single, marks_oops_alive: false
[10.113s][debug][gc,ref         ] GC(17) Skipped phase 3 of Reference Processing: no references
[10.113s][debug][gc,ref         ] GC(17) ReferenceProcessor::execute queues: 1, RefProcThreadModel::Single, marks_oops_alive: false
[10.113s][debug][gc,phases      ] GC(17) Reference Processing 0.164ms
[10.113s][debug][gc,phases      ] GC(17)   VM Weak                        Min:  0.0, Avg:  0.0, Max:  0.0, Diff:  0.0, Sum:  0.0, Workers: 4
[10.113s][debug][gc,phases      ] GC(17)     Dead                           Min: 0, Avg:  0.0, Max: 0, Diff: 0, Sum: 0, Workers: 4
[10.113s][debug][gc,phases      ] GC(17)     Total                          Min: 0, Avg: 136.5, Max: 320, Diff: 320, Sum: 546, Workers: 4
[10.113s][debug][gc,phases      ] GC(17)   ObjectSynchronizer Weak        Min:  0.0, Avg:  0.0, Max:  0.0, Diff:  0.0, Sum:  0.0, Workers: 4
[10.113s][debug][gc,phases      ] GC(17)     Dead                           Min: 0, Avg:  0.0, Max: 0, Diff: 0, Sum: 0, Workers: 4
[10.113s][debug][gc,phases      ] GC(17)     Total                          Min: 0, Avg: 69.8, Max: 151, Diff: 151, Sum: 279, Workers: 4
[10.113s][debug][gc,phases      ] GC(17)   JVMTI Tag Weak OopStorage      Min:  0.0, Avg:  0.0, Max:  0.0, Diff:  0.0, Sum:  0.0, Workers: 4
[10.113s][debug][gc,phases      ] GC(17)     Dead                           Min: 0, Avg:  0.0, Max: 0, Diff: 0, Sum: 0, Workers: 4
[10.113s][debug][gc,phases      ] GC(17)     Total                          Min: 0, Avg:  0.0, Max: 0, Diff: 0, Sum: 0, Workers: 4
[10.113s][debug][gc,phases      ] GC(17)   StringTable Weak               Min:  0.1, Avg:  0.1, Max:  0.1, Diff:  0.0, Sum:  0.4, Workers: 4
[10.113s][debug][gc,phases      ] GC(17)     Dead                           Min: 0, Avg:  3.8, Max: 10, Diff: 10, Sum: 15, Workers: 4
[10.113s][debug][gc,phases      ] GC(17)     Total                          Min: 9536, Avg: 10118.5, Max: 10624, Diff: 1088, Sum: 40474, Workers: 4
[10.114s][debug][gc,phases      ] GC(17)   ResolvedMethodTable Weak       Min:  0.0, Avg:  0.0, Max:  0.0, Diff:  0.0, Sum:  0.1, Workers: 4
[10.114s][debug][gc,phases      ] GC(17)     Dead                           Min: 0, Avg:  4.0, Max: 9, Diff: 9, Sum: 16, Workers: 4
[10.114s][debug][gc,phases      ] GC(17)     Total                          Min: 1472, Avg: 1603.5, Max: 1664, Diff: 192, Sum: 6414, Workers: 4
[10.114s][debug][gc,phases      ] GC(17)   JNI Weak                       Min:  0.0, Avg:  0.0, Max:  0.0, Diff:  0.0, Sum:  0.0, Workers: 4
[10.114s][debug][gc,phases      ] GC(17)     Dead                           Min: 0, Avg:  0.0, Max: 0, Diff: 0, Sum: 0, Workers: 4
[10.114s][debug][gc,phases      ] GC(17)     Total                          Min: 0, Avg:  0.5, Max: 2, Diff: 2, Sum: 2, Workers: 4
[10.114s][debug][gc,phases      ] GC(17)   StringDedup Table Weak         Min:  0.0, Avg:  0.0, Max:  0.0, Diff:  0.0, Sum:  0.0, Workers: 4
[10.114s][debug][gc,phases      ] GC(17)     Dead                           Min: 0, Avg:  0.0, Max: 0, Diff: 0, Sum: 0, Workers: 4
[10.114s][debug][gc,phases      ] GC(17)     Total                          Min: 0, Avg:  0.0, Max: 0, Diff: 0, Sum: 0, Workers: 4
[10.114s][debug][gc,phases      ] GC(17)   StringDedup Requests0 Weak     Min:  0.0, Avg:  0.0, Max:  0.0, Diff:  0.0, Sum:  0.0, Workers: 4
[10.114s][debug][gc,phases      ] GC(17)     Dead                           Min: 0, Avg:  0.0, Max: 0, Diff: 0, Sum: 0, Workers: 4
[10.114s][debug][gc,phases      ] GC(17)     Total                          Min: 0, Avg:  0.0, Max: 0, Diff: 0, Sum: 0, Workers: 4
[10.114s][debug][gc,phases      ] GC(17)   StringDedup Requests1 Weak     Min:  0.0, Avg:  0.0, Max:  0.0, Diff:  0.0, Sum:  0.0, Workers: 4
[10.114s][debug][gc,phases      ] GC(17)     Dead                           Min: 0, Avg:  0.0, Max: 0, Diff: 0, Sum: 0, Workers: 4
[10.114s][debug][gc,phases      ] GC(17)     Total                          Min: 0, Avg:  0.0, Max: 0, Diff: 0, Sum: 0, Workers: 4
[10.114s][debug][gc,phases      ] GC(17)   Weak JFR Old Object Samples    Min:  0.0, Avg:  0.0, Max:  0.0, Diff:  0.0, Sum:  0.0, Workers: 4
[10.114s][debug][gc,phases      ] GC(17)     Dead                           Min: 0, Avg:  0.0, Max: 0, Diff: 0, Sum: 0, Workers: 4
[10.114s][debug][gc,phases      ] GC(17)     Total                          Min: 0, Avg:  0.0, Max: 0, Diff: 0, Sum: 0, Workers: 4
[10.114s][debug][gc,phases      ] GC(17) Weak Processing 0.326ms
[10.114s][debug][gc,age         ] GC(17) Desired survivor size 242221056 bytes, new threshold 11 (max threshold 15)
[10.114s][info ][gc,heap        ] GC(17) PSYoungGen: 1618101K(1837056K)->24853K(1860608K) Eden: 1584640K(1584640K)->0K(1616896K) From: 33461K(252416K)->24853K(243712K)
[10.114s][info ][gc,heap        ] GC(17) ParOldGen: 180651K(271872K)->180659K(271872K)
[10.114s][info ][gc,metaspace   ] GC(17) Metaspace: 60862K(61632K)->60862K(61632K) NonClass: 51810K(52224K)->51810K(52224K) Class: 9052K(9408K)->9052K(9408K)
[10.114s][info ][gc             ] GC(17) Pause Young (Allocation Failure) 1756M->200M(2082M) 11.583ms
[10.114s][info ][gc,cpu         ] GC(17) User=0.04s Sys=0.00s Real=0.02s
[10.114s][info ][safepoint      ] Safepoint "ParallelGCFailedAllocation", Time since last: 371559825 ns, Reaching safepoint: 3299838 ns, At safepoint: 11691444 ns, Total: 14991282 ns
[10.307s][info ][safepoint      ] Safepoint "ICBufferFull", Time since last: 193194048 ns, Reaching safepoint: 230316 ns, At safepoint: 26402 ns, Total: 256718 ns
[10.509s][info ][gc,start       ] GC(18) Pause Young (Allocation Failure)
[10.523s][debug][gc,phases      ] GC(18) Scavenge 13.657ms
[10.523s][debug][gc,ref         ] GC(18) Skipped phase 1 of Reference Processing: no references
[10.523s][debug][gc,ref         ] GC(18) ReferenceProcessor::execute queues: 1, RefProcThreadModel::Single, marks_oops_alive: false
[10.523s][debug][gc,ref         ] GC(18) Skipped phase 3 of Reference Processing: no references
[10.523s][debug][gc,ref         ] GC(18) ReferenceProcessor::execute queues: 1, RefProcThreadModel::Single, marks_oops_alive: false
[10.523s][debug][gc,phases      ] GC(18) Reference Processing 0.196ms
[10.524s][debug][gc,phases      ] GC(18)   VM Weak                        Min:  0.0, Avg:  0.0, Max:  0.0, Diff:  0.0, Sum:  0.0, Workers: 4
[10.524s][debug][gc,phases      ] GC(18)     Dead                           Min: 0, Avg:  0.0, Max: 0, Diff: 0, Sum: 0, Workers: 4
[10.524s][debug][gc,phases      ] GC(18)     Total                          Min: 0, Avg: 137.5, Max: 550, Diff: 550, Sum: 550, Workers: 4
[10.524s][debug][gc,phases      ] GC(18)   ObjectSynchronizer Weak        Min:  0.0, Avg:  0.0, Max:  0.0, Diff:  0.0, Sum:  0.0, Workers: 4
[10.524s][debug][gc,phases      ] GC(18)     Dead                           Min: 0, Avg:  0.0, Max: 0, Diff: 0, Sum: 0, Workers: 4
[10.524s][debug][gc,phases      ] GC(18)     Total                          Min: 0, Avg: 69.8, Max: 128, Diff: 128, Sum: 279, Workers: 4
[10.524s][debug][gc,phases      ] GC(18)   JVMTI Tag Weak OopStorage      Min:  0.0, Avg:  0.0, Max:  0.0, Diff:  0.0, Sum:  0.0, Workers: 4
[10.524s][debug][gc,phases      ] GC(18)     Dead                           Min: 0, Avg:  0.0, Max: 0, Diff: 0, Sum: 0, Workers: 4
[10.524s][debug][gc,phases      ] GC(18)     Total                          Min: 0, Avg:  0.0, Max: 0, Diff: 0, Sum: 0, Workers: 4
[10.524s][debug][gc,phases      ] GC(18)   StringTable Weak               Min:  0.1, Avg:  0.1, Max:  0.1, Diff:  0.0, Sum:  0.5, Workers: 4
[10.524s][debug][gc,phases      ] GC(18)     Dead                           Min: 0, Avg:  2.8, Max: 11, Diff: 11, Sum: 11, Workers: 4
[10.524s][debug][gc,phases      ] GC(18)     Total                          Min: 8960, Avg: 10129.2, Max: 10816, Diff: 1856, Sum: 40517, Workers: 4
[10.524s][debug][gc,phases      ] GC(18)   ResolvedMethodTable Weak       Min:  0.0, Avg:  0.0, Max:  0.0, Diff:  0.0, Sum:  0.1, Workers: 4
[10.524s][debug][gc,phases      ] GC(18)     Dead                           Min: 0, Avg:  0.0, Max: 0, Diff: 0, Sum: 0, Workers: 4
[10.524s][debug][gc,phases      ] GC(18)     Total                          Min: 1408, Avg: 1606.0, Max: 1688, Diff: 280, Sum: 6424, Workers: 4
[10.524s][debug][gc,phases      ] GC(18)   JNI Weak                       Min:  0.0, Avg:  0.0, Max:  0.0, Diff:  0.0, Sum:  0.0, Workers: 4
[10.524s][debug][gc,phases      ] GC(18)     Dead                           Min: 0, Avg:  0.0, Max: 0, Diff: 0, Sum: 0, Workers: 4
[10.524s][debug][gc,phases      ] GC(18)     Total                          Min: 0, Avg:  5.2, Max: 21, Diff: 21, Sum: 21, Workers: 4
[10.524s][debug][gc,phases      ] GC(18)   StringDedup Table Weak         Min:  0.0, Avg:  0.0, Max:  0.0, Diff:  0.0, Sum:  0.0, Workers: 4
[10.524s][debug][gc,phases      ] GC(18)     Dead                           Min: 0, Avg:  0.0, Max: 0, Diff: 0, Sum: 0, Workers: 4
[10.524s][debug][gc,phases      ] GC(18)     Total                          Min: 0, Avg:  0.0, Max: 0, Diff: 0, Sum: 0, Workers: 4
[10.524s][debug][gc,phases      ] GC(18)   StringDedup Requests0 Weak     Min:  0.0, Avg:  0.0, Max:  0.0, Diff:  0.0, Sum:  0.0, Workers: 4
[10.524s][debug][gc,phases      ] GC(18)     Dead                           Min: 0, Avg:  0.0, Max: 0, Diff: 0, Sum: 0, Workers: 4
[10.524s][debug][gc,phases      ] GC(18)     Total                          Min: 0, Avg:  0.0, Max: 0, Diff: 0, Sum: 0, Workers: 4
[10.524s][debug][gc,phases      ] GC(18)   StringDedup Requests1 Weak     Min:  0.0, Avg:  0.0, Max:  0.0, Diff:  0.0, Sum:  0.0, Workers: 4
[10.524s][debug][gc,phases      ] GC(18)     Dead                           Min: 0, Avg:  0.0, Max: 0, Diff: 0, Sum: 0, Workers: 4
[10.524s][debug][gc,phases      ] GC(18)     Total                          Min: 0, Avg:  0.0, Max: 0, Diff: 0, Sum: 0, Workers: 4
[10.524s][debug][gc,phases      ] GC(18)   Weak JFR Old Object Samples    Min:  0.0, Avg:  0.0, Max:  0.0, Diff:  0.0, Sum:  0.0, Workers: 4
[10.524s][debug][gc,phases      ] GC(18)     Dead                           Min: 0, Avg:  0.0, Max: 0, Diff: 0, Sum: 0, Workers: 4
[10.524s][debug][gc,phases      ] GC(18)     Total                          Min: 0, Avg:  0.0, Max: 0, Diff: 0, Sum: 0, Workers: 4
[10.524s][debug][gc,phases      ] GC(18) Weak Processing 0.335ms
[10.524s][debug][gc,age         ] GC(18) Desired survivor size 233308160 bytes, new threshold 12 (max threshold 15)
[10.524s][info ][gc,heap        ] GC(18) PSYoungGen: 1641749K(1860608K)->25480K(1853440K) Eden: 1616896K(1616896K)->0K(1616896K) From: 24853K(243712K)->25480K(236544K)
[10.524s][info ][gc,heap        ] GC(18) ParOldGen: 180659K(271872K)->180667K(271872K)
[10.524s][info ][gc,metaspace   ] GC(18) Metaspace: 61003K(61760K)->61003K(61760K) NonClass: 51939K(52352K)->51939K(52352K) Class: 9064K(9408K)->9064K(9408K)
[10.524s][info ][gc             ] GC(18) Pause Young (Allocation Failure) 1779M->201M(2075M) 14.336ms
[10.524s][info ][gc,cpu         ] GC(18) User=0.07s Sys=0.00s Real=0.01s
[10.524s][info ][safepoint      ] Safepoint "ParallelGCFailedAllocation", Time since last: 201966781 ns, Reaching safepoint: 239718 ns, At safepoint: 14452043 ns, Total: 14691761 ns
[10.692s][info ][safepoint      ] Safepoint "ICBufferFull", Time since last: 167830614 ns, Reaching safepoint: 262319 ns, At safepoint: 24201 ns, Total: 286520 ns
[10.844s][info ][gc,start       ] GC(19) Pause Young (Allocation Failure)
[10.858s][debug][gc,phases      ] GC(19) Scavenge 13.899ms
[10.858s][debug][gc,ref         ] GC(19) Skipped phase 1 of Reference Processing: no references
[10.858s][debug][gc,ref         ] GC(19) ReferenceProcessor::execute queues: 2, RefProcThreadModel::Multi, marks_oops_alive: false
[10.858s][debug][gc,ref         ] GC(19) Skipped phase 3 of Reference Processing: no references
[10.858s][debug][gc,ref         ] GC(19) ReferenceProcessor::execute queues: 1, RefProcThreadModel::Single, marks_oops_alive: false
[10.858s][debug][gc,phases      ] GC(19) Reference Processing 0.208ms
[10.859s][debug][gc,phases      ] GC(19)   VM Weak                        Min:  0.0, Avg:  0.0, Max:  0.0, Diff:  0.0, Sum:  0.0, Workers: 4
[10.859s][debug][gc,phases      ] GC(19)     Dead                           Min: 0, Avg:  0.0, Max: 0, Diff: 0, Sum: 0, Workers: 4
[10.859s][debug][gc,phases      ] GC(19)     Total                          Min: 0, Avg: 137.5, Max: 448, Diff: 448, Sum: 550, Workers: 4
[10.859s][debug][gc,phases      ] GC(19)   ObjectSynchronizer Weak        Min:  0.0, Avg:  0.0, Max:  0.0, Diff:  0.0, Sum:  0.0, Workers: 4
[10.859s][debug][gc,phases      ] GC(19)     Dead                           Min: 0, Avg:  0.0, Max: 0, Diff: 0, Sum: 0, Workers: 4
[10.859s][debug][gc,phases      ] GC(19)     Total                          Min: 0, Avg: 69.8, Max: 151, Diff: 151, Sum: 279, Workers: 4
[10.859s][debug][gc,phases      ] GC(19)   JVMTI Tag Weak OopStorage      Min:  0.0, Avg:  0.0, Max:  0.0, Diff:  0.0, Sum:  0.0, Workers: 4
[10.859s][debug][gc,phases      ] GC(19)     Dead                           Min: 0, Avg:  0.0, Max: 0, Diff: 0, Sum: 0, Workers: 4
[10.859s][debug][gc,phases      ] GC(19)     Total                          Min: 0, Avg:  0.0, Max: 0, Diff: 0, Sum: 0, Workers: 4
[10.859s][debug][gc,phases      ] GC(19)   StringTable Weak               Min:  0.1, Avg:  0.1, Max:  0.1, Diff:  0.0, Sum:  0.5, Workers: 4
[10.859s][debug][gc,phases      ] GC(19)     Dead                           Min: 0, Avg:  0.0, Max: 0, Diff: 0, Sum: 0, Workers: 4
[10.859s][debug][gc,phases      ] GC(19)     Total                          Min: 9600, Avg: 10164.0, Max: 11024, Diff: 1424, Sum: 40656, Workers: 4
[10.859s][debug][gc,phases      ] GC(19)   ResolvedMethodTable Weak       Min:  0.0, Avg:  0.0, Max:  0.0, Diff:  0.0, Sum:  0.1, Workers: 4
[10.859s][debug][gc,phases      ] GC(19)     Dead                           Min: 0, Avg:  0.0, Max: 0, Diff: 0, Sum: 0, Workers: 4
[10.859s][debug][gc,phases      ] GC(19)     Total                          Min: 1344, Avg: 1608.2, Max: 1855, Diff: 511, Sum: 6433, Workers: 4
[10.859s][debug][gc,phases      ] GC(19)   JNI Weak                       Min:  0.0, Avg:  0.0, Max:  0.0, Diff:  0.0, Sum:  0.0, Workers: 4
[10.859s][debug][gc,phases      ] GC(19)     Dead                           Min: 0, Avg:  0.0, Max: 0, Diff: 0, Sum: 0, Workers: 4
[10.859s][debug][gc,phases      ] GC(19)     Total                          Min: 0, Avg:  6.0, Max: 24, Diff: 24, Sum: 24, Workers: 4
[10.859s][debug][gc,phases      ] GC(19)   StringDedup Table Weak         Min:  0.0, Avg:  0.0, Max:  0.0, Diff:  0.0, Sum:  0.0, Workers: 4
[10.859s][debug][gc,phases      ] GC(19)     Dead                           Min: 0, Avg:  0.0, Max: 0, Diff: 0, Sum: 0, Workers: 4
[10.859s][debug][gc,phases      ] GC(19)     Total                          Min: 0, Avg:  0.0, Max: 0, Diff: 0, Sum: 0, Workers: 4
[10.859s][debug][gc,phases      ] GC(19)   StringDedup Requests0 Weak     Min:  0.0, Avg:  0.0, Max:  0.0, Diff:  0.0, Sum:  0.0, Workers: 4
[10.859s][debug][gc,phases      ] GC(19)     Dead                           Min: 0, Avg:  0.0, Max: 0, Diff: 0, Sum: 0, Workers: 4
[10.859s][debug][gc,phases      ] GC(19)     Total                          Min: 0, Avg:  0.0, Max: 0, Diff: 0, Sum: 0, Workers: 4
[10.859s][debug][gc,phases      ] GC(19)   StringDedup Requests1 Weak     Min:  0.0, Avg:  0.0, Max:  0.0, Diff:  0.0, Sum:  0.0, Workers: 4
[10.859s][debug][gc,phases      ] GC(19)     Dead                           Min: 0, Avg:  0.0, Max: 0, Diff: 0, Sum: 0, Workers: 4
[10.859s][debug][gc,phases      ] GC(19)     Total                          Min: 0, Avg:  0.0, Max: 0, Diff: 0, Sum: 0, Workers: 4
[10.859s][debug][gc,phases      ] GC(19)   Weak JFR Old Object Samples    Min:  0.0, Avg:  0.0, Max:  0.0, Diff:  0.0, Sum:  0.0, Workers: 4
[10.859s][debug][gc,phases      ] GC(19)     Dead                           Min: 0, Avg:  0.0, Max: 0, Diff: 0, Sum: 0, Workers: 4
[10.859s][debug][gc,phases      ] GC(19)     Total                          Min: 0, Avg:  0.0, Max: 0, Diff: 0, Sum: 0, Workers: 4
[10.859s][debug][gc,phases      ] GC(19) Weak Processing 0.346ms
[10.859s][debug][gc,age         ] GC(19) Desired survivor size 224395264 bytes, new threshold 13 (max threshold 15)
[10.859s][info ][gc,heap        ] GC(19) PSYoungGen: 1642376K(1853440K)->27453K(1878016K) Eden: 1616896K(1616896K)->0K(1650176K) From: 25480K(236544K)->27453K(227840K)
[10.859s][info ][gc,heap        ] GC(19) ParOldGen: 180667K(271872K)->180675K(271872K)
[10.859s][info ][gc,metaspace   ] GC(19) Metaspace: 61255K(61952K)->61255K(61952K) NonClass: 52163K(52544K)->52163K(52544K) Class: 9091K(9408K)->9091K(9408K)
[10.859s][info ][gc             ] GC(19) Pause Young (Allocation Failure) 1780M->203M(2099M) 14.588ms
[10.859s][info ][gc,cpu         ] GC(19) User=0.05s Sys=0.00s Real=0.02s
[10.859s][info ][safepoint      ] Safepoint "ParallelGCFailedAllocation", Time since last: 152146579 ns, Reaching safepoint: 209116 ns, At safepoint: 14695560 ns, Total: 14904676 ns
[10.996s][info ][safepoint      ] Safepoint "ICBufferFull", Time since last: 136439146 ns, Reaching safepoint: 221716 ns, At safepoint: 24201 ns, Total: 245917 ns
[11.283s][info ][gc,start       ] GC(20) Pause Young (Allocation Failure)
[11.300s][debug][gc,phases      ] GC(20) Scavenge 16.464ms
[11.300s][debug][gc,ref         ] GC(20) Skipped phase 1 of Reference Processing: no references
[11.300s][debug][gc,ref         ] GC(20) ReferenceProcessor::execute queues: 2, RefProcThreadModel::Multi, marks_oops_alive: false
[11.300s][debug][gc,ref         ] GC(20) Skipped phase 3 of Reference Processing: no references
[11.300s][debug][gc,ref         ] GC(20) ReferenceProcessor::execute queues: 1, RefProcThreadModel::Single, marks_oops_alive: false
[11.300s][debug][gc,phases      ] GC(20) Reference Processing 0.195ms
[11.300s][debug][gc,phases      ] GC(20)   VM Weak                        Min:  0.0, Avg:  0.0, Max:  0.0, Diff:  0.0, Sum:  0.0, Workers: 4
[11.300s][debug][gc,phases      ] GC(20)     Dead                           Min: 0, Avg:  0.0, Max: 0, Diff: 0, Sum: 0, Workers: 4
[11.300s][debug][gc,phases      ] GC(20)     Total                          Min: 0, Avg: 137.5, Max: 320, Diff: 320, Sum: 550, Workers: 4
[11.300s][debug][gc,phases      ] GC(20)   ObjectSynchronizer Weak        Min:  0.0, Avg:  0.0, Max:  0.0, Diff:  0.0, Sum:  0.0, Workers: 4
[11.300s][debug][gc,phases      ] GC(20)     Dead                           Min: 0, Avg:  0.0, Max: 0, Diff: 0, Sum: 0, Workers: 4
[11.300s][debug][gc,phases      ] GC(20)     Total                          Min: 0, Avg: 69.8, Max: 128, Diff: 128, Sum: 279, Workers: 4
[11.300s][debug][gc,phases      ] GC(20)   JVMTI Tag Weak OopStorage      Min:  0.0, Avg:  0.0, Max:  0.0, Diff:  0.0, Sum:  0.0, Workers: 4
[11.300s][debug][gc,phases      ] GC(20)     Dead                           Min: 0, Avg:  0.0, Max: 0, Diff: 0, Sum: 0, Workers: 4
[11.300s][debug][gc,phases      ] GC(20)     Total                          Min: 0, Avg:  0.0, Max: 0, Diff: 0, Sum: 0, Workers: 4
[11.300s][debug][gc,phases      ] GC(20)   StringTable Weak               Min:  0.1, Avg:  0.1, Max:  0.1, Diff:  0.0, Sum:  0.5, Workers: 4
[11.300s][debug][gc,phases      ] GC(20)     Dead                           Min: 0, Avg:  2.8, Max: 11, Diff: 11, Sum: 11, Workers: 4
[11.300s][debug][gc,phases      ] GC(20)     Total                          Min: 9525, Avg: 10173.2, Max: 10816, Diff: 1291, Sum: 40693, Workers: 4
[11.300s][debug][gc,phases      ] GC(20)   ResolvedMethodTable Weak       Min:  0.0, Avg:  0.0, Max:  0.0, Diff:  0.0, Sum:  0.1, Workers: 4
[11.300s][debug][gc,phases      ] GC(20)     Dead                           Min: 0, Avg:  0.0, Max: 0, Diff: 0, Sum: 0, Workers: 4
[11.300s][debug][gc,phases      ] GC(20)     Total                          Min: 1344, Avg: 1608.2, Max: 1791, Diff: 447, Sum: 6433, Workers: 4
[11.300s][debug][gc,phases      ] GC(20)   JNI Weak                       Min:  0.0, Avg:  0.0, Max:  0.0, Diff:  0.0, Sum:  0.0, Workers: 4
[11.300s][debug][gc,phases      ] GC(20)     Dead                           Min: 0, Avg:  0.0, Max: 0, Diff: 0, Sum: 0, Workers: 4
[11.300s][debug][gc,phases      ] GC(20)     Total                          Min: 0, Avg:  2.2, Max: 9, Diff: 9, Sum: 9, Workers: 4
[11.300s][debug][gc,phases      ] GC(20)   StringDedup Table Weak         Min:  0.0, Avg:  0.0, Max:  0.0, Diff:  0.0, Sum:  0.0, Workers: 4
[11.300s][debug][gc,phases      ] GC(20)     Dead                           Min: 0, Avg:  0.0, Max: 0, Diff: 0, Sum: 0, Workers: 4
[11.300s][debug][gc,phases      ] GC(20)     Total                          Min: 0, Avg:  0.0, Max: 0, Diff: 0, Sum: 0, Workers: 4
[11.300s][debug][gc,phases      ] GC(20)   StringDedup Requests0 Weak     Min:  0.0, Avg:  0.0, Max:  0.0, Diff:  0.0, Sum:  0.0, Workers: 4
[11.300s][debug][gc,phases      ] GC(20)     Dead                           Min: 0, Avg:  0.0, Max: 0, Diff: 0, Sum: 0, Workers: 4
[11.300s][debug][gc,phases      ] GC(20)     Total                          Min: 0, Avg:  0.0, Max: 0, Diff: 0, Sum: 0, Workers: 4
[11.300s][debug][gc,phases      ] GC(20)   StringDedup Requests1 Weak     Min:  0.0, Avg:  0.0, Max:  0.0, Diff:  0.0, Sum:  0.0, Workers: 4
[11.300s][debug][gc,phases      ] GC(20)     Dead                           Min: 0, Avg:  0.0, Max: 0, Diff: 0, Sum: 0, Workers: 4
[11.300s][debug][gc,phases      ] GC(20)     Total                          Min: 0, Avg:  0.0, Max: 0, Diff: 0, Sum: 0, Workers: 4
[11.300s][debug][gc,phases      ] GC(20)   Weak JFR Old Object Samples    Min:  0.0, Avg:  0.0, Max:  0.0, Diff:  0.0, Sum:  0.0, Workers: 4
[11.300s][debug][gc,phases      ] GC(20)     Dead                           Min: 0, Avg:  0.0, Max: 0, Diff: 0, Sum: 0, Workers: 4
[11.300s][debug][gc,phases      ] GC(20)     Total                          Min: 0, Avg:  0.0, Max: 0, Diff: 0, Sum: 0, Workers: 4
[11.300s][debug][gc,phases      ] GC(20) Weak Processing 0.345ms
[11.300s][debug][gc,age         ] GC(20) Desired survivor size 213909504 bytes, new threshold 14 (max threshold 15)
[11.300s][info ][gc,heap        ] GC(20) PSYoungGen: 1677629K(1878016K)->32709K(1869312K) Eden: 1650176K(1650176K)->0K(1650176K) From: 27453K(227840K)->32709K(219136K)
[11.300s][info ][gc,heap        ] GC(20) ParOldGen: 180675K(271872K)->180683K(271872K)
[11.300s][info ][gc,metaspace   ] GC(20) Metaspace: 61272K(62016K)->61272K(62016K) NonClass: 52179K(52608K)->52179K(52608K) Class: 9093K(9408K)->9093K(9408K)
[11.300s][info ][gc             ] GC(20) Pause Young (Allocation Failure) 1814M->208M(2091M) 17.167ms
[11.300s][info ][gc,cpu         ] GC(20) User=0.07s Sys=0.00s Real=0.02s
[11.300s][info ][safepoint      ] Safepoint "ParallelGCFailedAllocation", Time since last: 287218726 ns, Reaching safepoint: 204015 ns, At safepoint: 17282647 ns, Total: 17486662 ns
[11.613s][info ][gc,start       ] GC(21) Pause Young (Allocation Failure)
[11.633s][debug][gc,phases      ] GC(21) Scavenge 19.527ms
[11.633s][debug][gc,ref         ] GC(21) Skipped phase 1 of Reference Processing: no references
[11.633s][debug][gc,ref         ] GC(21) ReferenceProcessor::execute queues: 1, RefProcThreadModel::Single, marks_oops_alive: false
[11.633s][debug][gc,ref         ] GC(21) Skipped phase 3 of Reference Processing: no references
[11.633s][debug][gc,ref         ] GC(21) ReferenceProcessor::execute queues: 1, RefProcThreadModel::Single, marks_oops_alive: false
[11.633s][debug][gc,phases      ] GC(21) Reference Processing 0.178ms
[11.633s][debug][gc,phases      ] GC(21)   VM Weak                        Min:  0.0, Avg:  0.0, Max:  0.0, Diff:  0.0, Sum:  0.0, Workers: 4
[11.633s][debug][gc,phases      ] GC(21)     Dead                           Min: 0, Avg:  0.0, Max: 0, Diff: 0, Sum: 0, Workers: 4
[11.633s][debug][gc,phases      ] GC(21)     Total                          Min: 0, Avg: 137.5, Max: 550, Diff: 550, Sum: 550, Workers: 4
[11.633s][debug][gc,phases      ] GC(21)   ObjectSynchronizer Weak        Min:  0.0, Avg:  0.0, Max:  0.0, Diff:  0.0, Sum:  0.0, Workers: 4
[11.633s][debug][gc,phases      ] GC(21)     Dead                           Min: 0, Avg:  0.0, Max: 0, Diff: 0, Sum: 0, Workers: 4
[11.633s][debug][gc,phases      ] GC(21)     Total                          Min: 0, Avg: 69.8, Max: 128, Diff: 128, Sum: 279, Workers: 4
[11.633s][debug][gc,phases      ] GC(21)   JVMTI Tag Weak OopStorage      Min:  0.0, Avg:  0.0, Max:  0.0, Diff:  0.0, Sum:  0.0, Workers: 4
[11.633s][debug][gc,phases      ] GC(21)     Dead                           Min: 0, Avg:  0.0, Max: 0, Diff: 0, Sum: 0, Workers: 4
[11.633s][debug][gc,phases      ] GC(21)     Total                          Min: 0, Avg:  0.0, Max: 0, Diff: 0, Sum: 0, Workers: 4
[11.633s][debug][gc,phases      ] GC(21)   StringTable Weak               Min:  0.1, Avg:  0.1, Max:  0.1, Diff:  0.0, Sum:  0.6, Workers: 4
[11.633s][debug][gc,phases      ] GC(21)     Dead                           Min: 0, Avg:  2.8, Max: 11, Diff: 11, Sum: 11, Workers: 4
[11.633s][debug][gc,phases      ] GC(21)     Total                          Min: 10042, Avg: 10174.5, Max: 10240, Diff: 198, Sum: 40698, Workers: 4
[11.633s][debug][gc,phases      ] GC(21)   ResolvedMethodTable Weak       Min:  0.0, Avg:  0.0, Max:  0.0, Diff:  0.0, Sum:  0.1, Workers: 4
[11.633s][debug][gc,phases      ] GC(21)     Dead                           Min: 0, Avg:  0.0, Max: 0, Diff: 0, Sum: 0, Workers: 4
[11.633s][debug][gc,phases      ] GC(21)     Total                          Min: 1378, Avg: 1608.2, Max: 1728, Diff: 350, Sum: 6433, Workers: 4
[11.633s][debug][gc,phases      ] GC(21)   JNI Weak                       Min:  0.0, Avg:  0.0, Max:  0.0, Diff:  0.0, Sum:  0.0, Workers: 4
[11.633s][debug][gc,phases      ] GC(21)     Dead                           Min: 0, Avg:  0.0, Max: 0, Diff: 0, Sum: 0, Workers: 4
[11.633s][debug][gc,phases      ] GC(21)     Total                          Min: 0, Avg:  1.5, Max: 6, Diff: 6, Sum: 6, Workers: 4
[11.633s][debug][gc,phases      ] GC(21)   StringDedup Table Weak         Min:  0.0, Avg:  0.0, Max:  0.0, Diff:  0.0, Sum:  0.0, Workers: 4
[11.633s][debug][gc,phases      ] GC(21)     Dead                           Min: 0, Avg:  0.0, Max: 0, Diff: 0, Sum: 0, Workers: 4
[11.633s][debug][gc,phases      ] GC(21)     Total                          Min: 0, Avg:  0.0, Max: 0, Diff: 0, Sum: 0, Workers: 4
[11.633s][debug][gc,phases      ] GC(21)   StringDedup Requests0 Weak     Min:  0.0, Avg:  0.0, Max:  0.0, Diff:  0.0, Sum:  0.0, Workers: 4
[11.633s][debug][gc,phases      ] GC(21)     Dead                           Min: 0, Avg:  0.0, Max: 0, Diff: 0, Sum: 0, Workers: 4
[11.633s][debug][gc,phases      ] GC(21)     Total                          Min: 0, Avg:  0.0, Max: 0, Diff: 0, Sum: 0, Workers: 4
[11.633s][debug][gc,phases      ] GC(21)   StringDedup Requests1 Weak     Min:  0.0, Avg:  0.0, Max:  0.0, Diff:  0.0, Sum:  0.0, Workers: 4
[11.633s][debug][gc,phases      ] GC(21)     Dead                           Min: 0, Avg:  0.0, Max: 0, Diff: 0, Sum: 0, Workers: 4
[11.633s][debug][gc,phases      ] GC(21)     Total                          Min: 0, Avg:  0.0, Max: 0, Diff: 0, Sum: 0, Workers: 4
[11.633s][debug][gc,phases      ] GC(21)   Weak JFR Old Object Samples    Min:  0.0, Avg:  0.0, Max:  0.0, Diff:  0.0, Sum:  0.0, Workers: 4
[11.633s][debug][gc,phases      ] GC(21)     Dead                           Min: 0, Avg:  0.0, Max: 0, Diff: 0, Sum: 0, Workers: 4
[11.633s][debug][gc,phases      ] GC(21)     Total                          Min: 0, Avg:  0.0, Max: 0, Diff: 0, Sum: 0, Workers: 4
[11.633s][debug][gc,phases      ] GC(21) Weak Processing 0.375ms
[11.633s][debug][gc,age         ] GC(21) Desired survivor size 202899456 bytes, new threshold 15 (max threshold 15)
[11.633s][info ][gc,heap        ] GC(21) PSYoungGen: 1682885K(1869312K)->36663K(1899008K) Eden: 1650176K(1650176K)->0K(1690112K) From: 32709K(219136K)->36663K(208896K)
[11.633s][info ][gc,heap        ] GC(21) ParOldGen: 180683K(271872K)->180691K(271872K)
[11.633s][info ][gc,metaspace   ] GC(21) Metaspace: 61292K(62016K)->61292K(62016K) NonClass: 52198K(52608K)->52198K(52608K) Class: 9094K(9408K)->9094K(9408K)
[11.633s][info ][gc             ] GC(21) Pause Young (Allocation Failure) 1819M->212M(2120M) 20.225ms
[11.633s][info ][gc,cpu         ] GC(21) User=0.09s Sys=0.00s Real=0.02s
[11.633s][info ][safepoint      ] Safepoint "ParallelGCFailedAllocation", Time since last: 312599058 ns, Reaching safepoint: 156311 ns, At safepoint: 20346567 ns, Total: 20502878 ns
[11.961s][info ][gc,start       ] GC(22) Pause Young (Allocation Failure)
[11.979s][debug][gc,phases      ] GC(22) Scavenge 18.629ms
[11.979s][debug][gc,ref         ] GC(22) Skipped phase 1 of Reference Processing: no references
[11.979s][debug][gc,ref         ] GC(22) ReferenceProcessor::execute queues: 2, RefProcThreadModel::Multi, marks_oops_alive: false
[11.980s][debug][gc,ref         ] GC(22) Skipped phase 3 of Reference Processing: no references
[11.980s][debug][gc,ref         ] GC(22) ReferenceProcessor::execute queues: 1, RefProcThreadModel::Single, marks_oops_alive: false
[11.980s][debug][gc,phases      ] GC(22) Reference Processing 0.207ms
[11.980s][debug][gc,phases      ] GC(22)   VM Weak                        Min:  0.0, Avg:  0.0, Max:  0.0, Diff:  0.0, Sum:  0.0, Workers: 4
[11.980s][debug][gc,phases      ] GC(22)     Dead                           Min: 0, Avg:  0.0, Max: 0, Diff: 0, Sum: 0, Workers: 4
[11.980s][debug][gc,phases      ] GC(22)     Total                          Min: 0, Avg: 138.5, Max: 234, Diff: 234, Sum: 554, Workers: 4
[11.980s][debug][gc,phases      ] GC(22)   ObjectSynchronizer Weak        Min:  0.0, Avg:  0.0, Max:  0.0, Diff:  0.0, Sum:  0.0, Workers: 4
[11.980s][debug][gc,phases      ] GC(22)     Dead                           Min: 0, Avg:  0.0, Max: 0, Diff: 0, Sum: 0, Workers: 4
[11.980s][debug][gc,phases      ] GC(22)     Total                          Min: 0, Avg: 69.8, Max: 151, Diff: 151, Sum: 279, Workers: 4
[11.980s][debug][gc,phases      ] GC(22)   JVMTI Tag Weak OopStorage      Min:  0.0, Avg:  0.0, Max:  0.0, Diff:  0.0, Sum:  0.0, Workers: 4
[11.980s][debug][gc,phases      ] GC(22)     Dead                           Min: 0, Avg:  0.0, Max: 0, Diff: 0, Sum: 0, Workers: 4
[11.980s][debug][gc,phases      ] GC(22)     Total                          Min: 0, Avg:  0.0, Max: 0, Diff: 0, Sum: 0, Workers: 4
[11.980s][debug][gc,phases      ] GC(22)   StringTable Weak               Min:  0.1, Avg:  0.1, Max:  0.1, Diff:  0.0, Sum:  0.5, Workers: 4
[11.980s][debug][gc,phases      ] GC(22)     Dead                           Min: 0, Avg:  4.2, Max: 13, Diff: 13, Sum: 17, Workers: 4
[11.980s][debug][gc,phases      ] GC(22)     Total                          Min: 9973, Avg: 10202.2, Max: 10484, Diff: 511, Sum: 40809, Workers: 4
[11.980s][debug][gc,phases      ] GC(22)   ResolvedMethodTable Weak       Min:  0.0, Avg:  0.0, Max:  0.0, Diff:  0.0, Sum:  0.1, Workers: 4
[11.980s][debug][gc,phases      ] GC(22)     Dead                           Min: 0, Avg:  6.0, Max: 24, Diff: 24, Sum: 24, Workers: 4
[11.980s][debug][gc,phases      ] GC(22)     Total                          Min: 1197, Avg: 1625.0, Max: 2041, Diff: 844, Sum: 6500, Workers: 4
[11.980s][debug][gc,phases      ] GC(22)   JNI Weak                       Min:  0.0, Avg:  0.0, Max:  0.0, Diff:  0.0, Sum:  0.0, Workers: 4
[11.980s][debug][gc,phases      ] GC(22)     Dead                           Min: 0, Avg:  0.0, Max: 0, Diff: 0, Sum: 0, Workers: 4
[11.980s][debug][gc,phases      ] GC(22)     Total                          Min: 0, Avg:  0.0, Max: 0, Diff: 0, Sum: 0, Workers: 4
[11.980s][debug][gc,phases      ] GC(22)   StringDedup Table Weak         Min:  0.0, Avg:  0.0, Max:  0.0, Diff:  0.0, Sum:  0.0, Workers: 4
[11.980s][debug][gc,phases      ] GC(22)     Dead                           Min: 0, Avg:  0.0, Max: 0, Diff: 0, Sum: 0, Workers: 4
[11.980s][debug][gc,phases      ] GC(22)     Total                          Min: 0, Avg:  0.0, Max: 0, Diff: 0, Sum: 0, Workers: 4
[11.980s][debug][gc,phases      ] GC(22)   StringDedup Requests0 Weak     Min:  0.0, Avg:  0.0, Max:  0.0, Diff:  0.0, Sum:  0.0, Workers: 4
[11.980s][debug][gc,phases      ] GC(22)     Dead                           Min: 0, Avg:  0.0, Max: 0, Diff: 0, Sum: 0, Workers: 4
[11.980s][debug][gc,phases      ] GC(22)     Total                          Min: 0, Avg:  0.0, Max: 0, Diff: 0, Sum: 0, Workers: 4
[11.980s][debug][gc,phases      ] GC(22)   StringDedup Requests1 Weak     Min:  0.0, Avg:  0.0, Max:  0.0, Diff:  0.0, Sum:  0.0, Workers: 4
[11.980s][debug][gc,phases      ] GC(22)     Dead                           Min: 0, Avg:  0.0, Max: 0, Diff: 0, Sum: 0, Workers: 4
[11.980s][debug][gc,phases      ] GC(22)     Total                          Min: 0, Avg:  0.0, Max: 0, Diff: 0, Sum: 0, Workers: 4
[11.980s][debug][gc,phases      ] GC(22)   Weak JFR Old Object Samples    Min:  0.0, Avg:  0.0, Max:  0.0, Diff:  0.0, Sum:  0.0, Workers: 4
[11.980s][debug][gc,phases      ] GC(22)     Dead                           Min: 0, Avg:  0.0, Max: 0, Diff: 0, Sum: 0, Workers: 4
[11.980s][debug][gc,phases      ] GC(22)     Total                          Min: 0, Avg:  0.0, Max: 0, Diff: 0, Sum: 0, Workers: 4
[11.980s][debug][gc,phases      ] GC(22) Weak Processing 0.331ms
[11.980s][debug][gc,age         ] GC(22) Desired survivor size 192413696 bytes, new threshold 15 (max threshold 15)
[11.980s][info ][gc,heap        ] GC(22) PSYoungGen: 1726775K(1899008K)->36995K(1888256K) Eden: 1690112K(1690112K)->0K(1690112K) From: 36663K(208896K)->36995K(198144K)
[11.980s][info ][gc,heap        ] GC(22) ParOldGen: 180691K(271872K)->180699K(271872K)
[11.980s][info ][gc,metaspace   ] GC(22) Metaspace: 61864K(62592K)->61864K(62592K) NonClass: 52705K(53120K)->52705K(53120K) Class: 9159K(9472K)->9159K(9472K)
[11.980s][info ][gc             ] GC(22) Pause Young (Allocation Failure) 1862M->212M(2109M) 19.296ms
[11.980s][info ][gc,cpu         ] GC(22) User=0.08s Sys=0.00s Real=0.02s
[11.980s][info ][safepoint      ] Safepoint "ParallelGCFailedAllocation", Time since last: 326922080 ns, Reaching safepoint: 205915 ns, At safepoint: 19401200 ns, Total: 19607115 ns
[12.351s][info ][gc,start       ] GC(23) Pause Young (Allocation Failure)
[12.368s][debug][gc,phases      ] GC(23) Scavenge 17.609ms
[12.369s][debug][gc,ref         ] GC(23) Skipped phase 1 of Reference Processing: no references
[12.369s][debug][gc,ref         ] GC(23) ReferenceProcessor::execute queues: 2, RefProcThreadModel::Multi, marks_oops_alive: false
[12.369s][debug][gc,ref         ] GC(23) Skipped phase 3 of Reference Processing: no references
[12.369s][debug][gc,ref         ] GC(23) ReferenceProcessor::execute queues: 1, RefProcThreadModel::Single, marks_oops_alive: false
[12.369s][debug][gc,phases      ] GC(23) Reference Processing 0.203ms
[12.369s][debug][gc,phases      ] GC(23)   VM Weak                        Min:  0.0, Avg:  0.0, Max:  0.0, Diff:  0.0, Sum:  0.0, Workers: 4
[12.369s][debug][gc,phases      ] GC(23)     Dead                           Min: 0, Avg:  0.0, Max: 0, Diff: 0, Sum: 0, Workers: 4
[12.369s][debug][gc,phases      ] GC(23)     Total                          Min: 0, Avg: 138.5, Max: 554, Diff: 554, Sum: 554, Workers: 4
[12.369s][debug][gc,phases      ] GC(23)   ObjectSynchronizer Weak        Min:  0.0, Avg:  0.0, Max:  0.0, Diff:  0.0, Sum:  0.0, Workers: 4
[12.369s][debug][gc,phases      ] GC(23)     Dead                           Min: 0, Avg:  0.0, Max: 0, Diff: 0, Sum: 0, Workers: 4
[12.369s][debug][gc,phases      ] GC(23)     Total                          Min: 0, Avg: 69.8, Max: 151, Diff: 151, Sum: 279, Workers: 4
[12.369s][debug][gc,phases      ] GC(23)   JVMTI Tag Weak OopStorage      Min:  0.0, Avg:  0.0, Max:  0.0, Diff:  0.0, Sum:  0.0, Workers: 4
[12.369s][debug][gc,phases      ] GC(23)     Dead                           Min: 0, Avg:  0.0, Max: 0, Diff: 0, Sum: 0, Workers: 4
[12.369s][debug][gc,phases      ] GC(23)     Total                          Min: 0, Avg:  0.0, Max: 0, Diff: 0, Sum: 0, Workers: 4
[12.369s][debug][gc,phases      ] GC(23)   StringTable Weak               Min:  0.1, Avg:  0.1, Max:  0.1, Diff:  0.0, Sum:  0.5, Workers: 4
[12.369s][debug][gc,phases      ] GC(23)     Dead                           Min: 0, Avg:  0.2, Max: 1, Diff: 1, Sum: 1, Workers: 4
[12.369s][debug][gc,phases      ] GC(23)     Total                          Min: 9664, Avg: 10409.0, Max: 11812, Diff: 2148, Sum: 41636, Workers: 4
[12.369s][debug][gc,phases      ] GC(23)   ResolvedMethodTable Weak       Min:  0.0, Avg:  0.0, Max:  0.0, Diff:  0.0, Sum:  0.1, Workers: 4
[12.369s][debug][gc,phases      ] GC(23)     Dead                           Min: 1, Avg: 17.8, Max: 39, Diff: 38, Sum: 71, Workers: 4
[12.369s][debug][gc,phases      ] GC(23)     Total                          Min: 1408, Avg: 1641.5, Max: 1894, Diff: 486, Sum: 6566, Workers: 4
[12.369s][debug][gc,phases      ] GC(23)   JNI Weak                       Min:  0.0, Avg:  0.0, Max:  0.0, Diff:  0.0, Sum:  0.0, Workers: 4
[12.369s][debug][gc,phases      ] GC(23)     Dead                           Min: 0, Avg:  0.0, Max: 0, Diff: 0, Sum: 0, Workers: 4
[12.369s][debug][gc,phases      ] GC(23)     Total                          Min: 0, Avg:  0.0, Max: 0, Diff: 0, Sum: 0, Workers: 4
[12.369s][debug][gc,phases      ] GC(23)   StringDedup Table Weak         Min:  0.0, Avg:  0.0, Max:  0.0, Diff:  0.0, Sum:  0.0, Workers: 4
[12.369s][debug][gc,phases      ] GC(23)     Dead                           Min: 0, Avg:  0.0, Max: 0, Diff: 0, Sum: 0, Workers: 4
[12.369s][debug][gc,phases      ] GC(23)     Total                          Min: 0, Avg:  0.0, Max: 0, Diff: 0, Sum: 0, Workers: 4
[12.369s][debug][gc,phases      ] GC(23)   StringDedup Requests0 Weak     Min:  0.0, Avg:  0.0, Max:  0.0, Diff:  0.0, Sum:  0.0, Workers: 4
[12.369s][debug][gc,phases      ] GC(23)     Dead                           Min: 0, Avg:  0.0, Max: 0, Diff: 0, Sum: 0, Workers: 4
[12.369s][debug][gc,phases      ] GC(23)     Total                          Min: 0, Avg:  0.0, Max: 0, Diff: 0, Sum: 0, Workers: 4
[12.369s][debug][gc,phases      ] GC(23)   StringDedup Requests1 Weak     Min:  0.0, Avg:  0.0, Max:  0.0, Diff:  0.0, Sum:  0.0, Workers: 4
[12.369s][debug][gc,phases      ] GC(23)     Dead                           Min: 0, Avg:  0.0, Max: 0, Diff: 0, Sum: 0, Workers: 4
[12.369s][debug][gc,phases      ] GC(23)     Total                          Min: 0, Avg:  0.0, Max: 0, Diff: 0, Sum: 0, Workers: 4
[12.369s][debug][gc,phases      ] GC(23)   Weak JFR Old Object Samples    Min:  0.0, Avg:  0.0, Max:  0.0, Diff:  0.0, Sum:  0.0, Workers: 4
[12.369s][debug][gc,phases      ] GC(23)     Dead                           Min: 0, Avg:  0.0, Max: 0, Diff: 0, Sum: 0, Workers: 4
[12.369s][debug][gc,phases      ] GC(23)     Total                          Min: 0, Avg:  0.0, Max: 0, Diff: 0, Sum: 0, Workers: 4
[12.369s][debug][gc,phases      ] GC(23) Weak Processing 0.347ms
[12.369s][debug][gc,age         ] GC(23) Desired survivor size 181927936 bytes, new threshold 15 (max threshold 15)
[12.369s][info ][gc,heap        ] GC(23) PSYoungGen: 1727107K(1888256K)->37254K(1919488K) Eden: 1690112K(1690112K)->0K(1731584K) From: 36995K(198144K)->37254K(187904K)
[12.369s][info ][gc,heap        ] GC(23) ParOldGen: 180699K(271872K)->181675K(271872K)
[12.369s][info ][gc,metaspace   ] GC(23) Metaspace: 63634K(64256K)->63634K(64256K) NonClass: 54241K(54592K)->54241K(54592K) Class: 9393K(9664K)->9393K(9664K)
[12.369s][info ][gc             ] GC(23) Pause Young (Allocation Failure) 1863M->213M(2140M) 18.277ms
[12.369s][info ][gc,cpu         ] GC(23) User=0.08s Sys=0.00s Real=0.02s
[12.369s][info ][safepoint      ] Safepoint "ParallelGCFailedAllocation", Time since last: 370645333 ns, Reaching safepoint: 160212 ns, At safepoint: 18381226 ns, Total: 18541438 ns
[12.758s][info ][gc,start       ] GC(24) Pause Young (Allocation Failure)
[12.779s][debug][gc,phases      ] GC(24) Scavenge 20.914ms
[12.779s][debug][gc,ref         ] GC(24) Skipped phase 1 of Reference Processing: no references
[12.779s][debug][gc,ref         ] GC(24) ReferenceProcessor::execute queues: 2, RefProcThreadModel::Multi, marks_oops_alive: false
[12.779s][debug][gc,ref         ] GC(24) Skipped phase 3 of Reference Processing: no references
[12.779s][debug][gc,ref         ] GC(24) ReferenceProcessor::execute queues: 1, RefProcThreadModel::Single, marks_oops_alive: false
[12.779s][debug][gc,phases      ] GC(24) Reference Processing 0.193ms
[12.779s][debug][gc,phases      ] GC(24)   VM Weak                        Min:  0.0, Avg:  0.0, Max:  0.0, Diff:  0.0, Sum:  0.0, Workers: 4
[12.779s][debug][gc,phases      ] GC(24)     Dead                           Min: 0, Avg:  0.0, Max: 0, Diff: 0, Sum: 0, Workers: 4
[12.779s][debug][gc,phases      ] GC(24)     Total                          Min: 0, Avg: 141.5, Max: 256, Diff: 256, Sum: 566, Workers: 4
[12.779s][debug][gc,phases      ] GC(24)   ObjectSynchronizer Weak        Min:  0.0, Avg:  0.0, Max:  0.0, Diff:  0.0, Sum:  0.0, Workers: 4
[12.779s][debug][gc,phases      ] GC(24)     Dead                           Min: 0, Avg:  0.0, Max: 0, Diff: 0, Sum: 0, Workers: 4
[12.779s][debug][gc,phases      ] GC(24)     Total                          Min: 0, Avg: 70.0, Max: 152, Diff: 152, Sum: 280, Workers: 4
[12.779s][debug][gc,phases      ] GC(24)   JVMTI Tag Weak OopStorage      Min:  0.0, Avg:  0.0, Max:  0.0, Diff:  0.0, Sum:  0.0, Workers: 4
[12.779s][debug][gc,phases      ] GC(24)     Dead                           Min: 0, Avg:  0.0, Max: 0, Diff: 0, Sum: 0, Workers: 4
[12.779s][debug][gc,phases      ] GC(24)     Total                          Min: 0, Avg:  0.0, Max: 0, Diff: 0, Sum: 0, Workers: 4
[12.779s][debug][gc,phases      ] GC(24)   StringTable Weak               Min:  0.1, Avg:  0.1, Max:  0.1, Diff:  0.0, Sum:  0.5, Workers: 4
[12.779s][debug][gc,phases      ] GC(24)     Dead                           Min: 0, Avg:  3.5, Max: 11, Diff: 11, Sum: 14, Workers: 4
[12.779s][debug][gc,phases      ] GC(24)     Total                          Min: 9728, Avg: 10561.8, Max: 11456, Diff: 1728, Sum: 42247, Workers: 4
[12.779s][debug][gc,phases      ] GC(24)   ResolvedMethodTable Weak       Min:  0.0, Avg:  0.0, Max:  0.0, Diff:  0.0, Sum:  0.1, Workers: 4
[12.779s][debug][gc,phases      ] GC(24)     Dead                           Min: 9, Avg: 20.0, Max: 39, Diff: 30, Sum: 80, Workers: 4
[12.779s][debug][gc,phases      ] GC(24)     Total                          Min: 1472, Avg: 1684.0, Max: 1809, Diff: 337, Sum: 6736, Workers: 4
[12.779s][debug][gc,phases      ] GC(24)   JNI Weak                       Min:  0.0, Avg:  0.0, Max:  0.0, Diff:  0.0, Sum:  0.0, Workers: 4
[12.779s][debug][gc,phases      ] GC(24)     Dead                           Min: 0, Avg:  0.0, Max: 0, Diff: 0, Sum: 0, Workers: 4
[12.779s][debug][gc,phases      ] GC(24)     Total                          Min: 0, Avg:  1.8, Max: 7, Diff: 7, Sum: 7, Workers: 4
[12.779s][debug][gc,phases      ] GC(24)   StringDedup Table Weak         Min:  0.0, Avg:  0.0, Max:  0.0, Diff:  0.0, Sum:  0.0, Workers: 4
[12.779s][debug][gc,phases      ] GC(24)     Dead                           Min: 0, Avg:  0.0, Max: 0, Diff: 0, Sum: 0, Workers: 4
[12.780s][debug][gc,phases      ] GC(24)     Total                          Min: 0, Avg:  0.0, Max: 0, Diff: 0, Sum: 0, Workers: 4
[12.780s][debug][gc,phases      ] GC(24)   StringDedup Requests0 Weak     Min:  0.0, Avg:  0.0, Max:  0.0, Diff:  0.0, Sum:  0.0, Workers: 4
[12.780s][debug][gc,phases      ] GC(24)     Dead                           Min: 0, Avg:  0.0, Max: 0, Diff: 0, Sum: 0, Workers: 4
[12.780s][debug][gc,phases      ] GC(24)     Total                          Min: 0, Avg:  0.0, Max: 0, Diff: 0, Sum: 0, Workers: 4
[12.780s][debug][gc,phases      ] GC(24)   StringDedup Requests1 Weak     Min:  0.0, Avg:  0.0, Max:  0.0, Diff:  0.0, Sum:  0.0, Workers: 4
[12.780s][debug][gc,phases      ] GC(24)     Dead                           Min: 0, Avg:  0.0, Max: 0, Diff: 0, Sum: 0, Workers: 4
[12.780s][debug][gc,phases      ] GC(24)     Total                          Min: 0, Avg:  0.0, Max: 0, Diff: 0, Sum: 0, Workers: 4
[12.780s][debug][gc,phases      ] GC(24)   Weak JFR Old Object Samples    Min:  0.0, Avg:  0.0, Max:  0.0, Diff:  0.0, Sum:  0.0, Workers: 4
[12.780s][debug][gc,phases      ] GC(24)     Dead                           Min: 0, Avg:  0.0, Max: 0, Diff: 0, Sum: 0, Workers: 4
[12.780s][debug][gc,phases      ] GC(24)     Total                          Min: 0, Avg:  0.0, Max: 0, Diff: 0, Sum: 0, Workers: 4
[12.780s][debug][gc,phases      ] GC(24) Weak Processing 0.339ms
[12.780s][debug][gc,age         ] GC(24) Desired survivor size 172490752 bytes, new threshold 15 (max threshold 15)
[12.780s][info ][gc,heap        ] GC(24) PSYoungGen: 1768838K(1919488K)->36931K(1909248K) Eden: 1731584K(1731584K)->0K(1731584K) From: 37254K(187904K)->36931K(177664K)
[12.780s][info ][gc,heap        ] GC(24) ParOldGen: 181675K(271872K)->184819K(271872K)
[12.780s][info ][gc,metaspace   ] GC(24) Metaspace: 66514K(67264K)->66514K(67264K) NonClass: 56785K(57152K)->56785K(57152K) Class: 9729K(10112K)->9729K(10112K)
[12.780s][info ][gc             ] GC(24) Pause Young (Allocation Failure) 1904M->216M(2130M) 21.562ms
[12.780s][info ][gc,cpu         ] GC(24) User=0.09s Sys=0.00s Real=0.02s
[12.780s][info ][safepoint      ] Safepoint "ParallelGCFailedAllocation", Time since last: 388618925 ns, Reaching safepoint: 193014 ns, At safepoint: 21669762 ns, Total: 21862776 ns
[13.177s][info ][gc,start       ] GC(25) Pause Young (Allocation Failure)
[13.221s][debug][gc,phases      ] GC(25) Scavenge 44.339ms
[13.221s][debug][gc,ref         ] GC(25) Skipped phase 1 of Reference Processing: no references
[13.221s][debug][gc,ref         ] GC(25) ReferenceProcessor::execute queues: 2, RefProcThreadModel::Multi, marks_oops_alive: false
[13.221s][debug][gc,ref         ] GC(25) Skipped phase 3 of Reference Processing: no references
[13.221s][debug][gc,ref         ] GC(25) ReferenceProcessor::execute queues: 1, RefProcThreadModel::Single, marks_oops_alive: false
[13.221s][debug][gc,phases      ] GC(25) Reference Processing 0.210ms
[13.221s][debug][gc,phases      ] GC(25)   VM Weak                        Min:  0.0, Avg:  0.0, Max:  0.0, Diff:  0.0, Sum:  0.0, Workers: 4
[13.221s][debug][gc,phases      ] GC(25)     Dead                           Min: 0, Avg:  0.0, Max: 0, Diff: 0, Sum: 0, Workers: 4
[13.221s][debug][gc,phases      ] GC(25)     Total                          Min: 0, Avg: 144.0, Max: 576, Diff: 576, Sum: 576, Workers: 4
[13.221s][debug][gc,phases      ] GC(25)   ObjectSynchronizer Weak        Min:  0.0, Avg:  0.0, Max:  0.0, Diff:  0.0, Sum:  0.0, Workers: 4
[13.221s][debug][gc,phases      ] GC(25)     Dead                           Min: 0, Avg:  0.0, Max: 0, Diff: 0, Sum: 0, Workers: 4
[13.221s][debug][gc,phases      ] GC(25)     Total                          Min: 0, Avg: 70.0, Max: 152, Diff: 152, Sum: 280, Workers: 4
[13.221s][debug][gc,phases      ] GC(25)   JVMTI Tag Weak OopStorage      Min:  0.0, Avg:  0.0, Max:  0.0, Diff:  0.0, Sum:  0.0, Workers: 4
[13.221s][debug][gc,phases      ] GC(25)     Dead                           Min: 0, Avg:  0.0, Max: 0, Diff: 0, Sum: 0, Workers: 4
[13.221s][debug][gc,phases      ] GC(25)     Total                          Min: 0, Avg:  0.0, Max: 0, Diff: 0, Sum: 0, Workers: 4
[13.221s][debug][gc,phases      ] GC(25)   StringTable Weak               Min:  0.1, Avg:  0.1, Max:  0.1, Diff:  0.0, Sum:  0.4, Workers: 4
[13.221s][debug][gc,phases      ] GC(25)     Dead                           Min: 0, Avg:  3.2, Max: 12, Diff: 12, Sum: 13, Workers: 4
[13.221s][debug][gc,phases      ] GC(25)     Total                          Min: 9833, Avg: 10586.2, Max: 11392, Diff: 1559, Sum: 42345, Workers: 4
[13.221s][debug][gc,phases      ] GC(25)   ResolvedMethodTable Weak       Min:  0.0, Avg:  0.0, Max:  0.0, Diff:  0.0, Sum:  0.1, Workers: 4
[13.221s][debug][gc,phases      ] GC(25)     Dead                           Min: 0, Avg:  0.0, Max: 0, Diff: 0, Sum: 0, Workers: 4
[13.221s][debug][gc,phases      ] GC(25)     Total                          Min: 1600, Avg: 1698.8, Max: 1740, Diff: 140, Sum: 6795, Workers: 4
[13.221s][debug][gc,phases      ] GC(25)   JNI Weak                       Min:  0.0, Avg:  0.0, Max:  0.0, Diff:  0.0, Sum:  0.0, Workers: 4
[13.221s][debug][gc,phases      ] GC(25)     Dead                           Min: 0, Avg:  0.0, Max: 0, Diff: 0, Sum: 0, Workers: 4
[13.221s][debug][gc,phases      ] GC(25)     Total                          Min: 0, Avg:  0.2, Max: 1, Diff: 1, Sum: 1, Workers: 4
[13.221s][debug][gc,phases      ] GC(25)   StringDedup Table Weak         Min:  0.0, Avg:  0.0, Max:  0.0, Diff:  0.0, Sum:  0.0, Workers: 4
[13.221s][debug][gc,phases      ] GC(25)     Dead                           Min: 0, Avg:  0.0, Max: 0, Diff: 0, Sum: 0, Workers: 4
[13.221s][debug][gc,phases      ] GC(25)     Total                          Min: 0, Avg:  0.0, Max: 0, Diff: 0, Sum: 0, Workers: 4
[13.221s][debug][gc,phases      ] GC(25)   StringDedup Requests0 Weak     Min:  0.0, Avg:  0.0, Max:  0.0, Diff:  0.0, Sum:  0.0, Workers: 4
[13.221s][debug][gc,phases      ] GC(25)     Dead                           Min: 0, Avg:  0.0, Max: 0, Diff: 0, Sum: 0, Workers: 4
[13.221s][debug][gc,phases      ] GC(25)     Total                          Min: 0, Avg:  0.0, Max: 0, Diff: 0, Sum: 0, Workers: 4
[13.221s][debug][gc,phases      ] GC(25)   StringDedup Requests1 Weak     Min:  0.0, Avg:  0.0, Max:  0.0, Diff:  0.0, Sum:  0.0, Workers: 4
[13.221s][debug][gc,phases      ] GC(25)     Dead                           Min: 0, Avg:  0.0, Max: 0, Diff: 0, Sum: 0, Workers: 4
[13.221s][debug][gc,phases      ] GC(25)     Total                          Min: 0, Avg:  0.0, Max: 0, Diff: 0, Sum: 0, Workers: 4
[13.221s][debug][gc,phases      ] GC(25)   Weak JFR Old Object Samples    Min:  0.0, Avg:  0.0, Max:  0.0, Diff:  0.0, Sum:  0.0, Workers: 4
[13.221s][debug][gc,phases      ] GC(25)     Dead                           Min: 0, Avg:  0.0, Max: 0, Diff: 0, Sum: 0, Workers: 4
[13.221s][debug][gc,phases      ] GC(25)     Total                          Min: 0, Avg:  0.0, Max: 0, Diff: 0, Sum: 0, Workers: 4
[13.221s][debug][gc,phases      ] GC(25) Weak Processing 0.316ms
[13.221s][debug][gc,age         ] GC(25) Desired survivor size 167772160 bytes, new threshold 15 (max threshold 15)
[13.221s][info ][gc,heap        ] GC(25) PSYoungGen: 1768515K(1909248K)->71766K(1933312K) Eden: 1731584K(1731584K)->0K(1764864K) From: 36931K(177664K)->71766K(168448K)
[13.222s][info ][gc,heap        ] GC(25) ParOldGen: 184819K(271872K)->188544K(271872K)
[13.222s][info ][gc,metaspace   ] GC(25) Metaspace: 66728K(67520K)->66728K(67520K) NonClass: 56968K(57408K)->56968K(57408K) Class: 9759K(10112K)->9759K(10112K)
[13.222s][info ][gc             ] GC(25) Pause Young (Allocation Failure) 1907M->254M(2153M) 45.008ms
[13.222s][info ][gc,cpu         ] GC(25) User=0.17s Sys=0.00s Real=0.04s
[13.222s][info ][safepoint      ] Safepoint "ParallelGCFailedAllocation", Time since last: 396635995 ns, Reaching safepoint: 181813 ns, At safepoint: 45121353 ns, Total: 45303166 ns
[13.611s][info ][gc,start       ] GC(26) Pause Young (Allocation Failure)
[13.708s][debug][gc,phases      ] GC(26) Scavenge 96.834ms
[13.708s][debug][gc,ref         ] GC(26) Skipped phase 1 of Reference Processing: no references
[13.708s][debug][gc,ref         ] GC(26) ReferenceProcessor::execute queues: 2, RefProcThreadModel::Multi, marks_oops_alive: false
[13.709s][debug][gc,ref         ] GC(26) Skipped phase 3 of Reference Processing: no references
[13.709s][debug][gc,ref         ] GC(26) ReferenceProcessor::execute queues: 1, RefProcThreadModel::Single, marks_oops_alive: false
[13.709s][debug][gc,phases      ] GC(26) Reference Processing 0.204ms
[13.709s][debug][gc,phases      ] GC(26)   VM Weak                        Min:  0.0, Avg:  0.0, Max:  0.0, Diff:  0.0, Sum:  0.0, Workers: 4
[13.709s][debug][gc,phases      ] GC(26)     Dead                           Min: 0, Avg:  0.0, Max: 0, Diff: 0, Sum: 0, Workers: 4
[13.709s][debug][gc,phases      ] GC(26)     Total                          Min: 0, Avg: 144.0, Max: 384, Diff: 384, Sum: 576, Workers: 4
[13.709s][debug][gc,phases      ] GC(26)   ObjectSynchronizer Weak        Min:  0.0, Avg:  0.0, Max:  0.0, Diff:  0.0, Sum:  0.0, Workers: 4
[13.709s][debug][gc,phases      ] GC(26)     Dead                           Min: 0, Avg:  0.0, Max: 0, Diff: 0, Sum: 0, Workers: 4
[13.709s][debug][gc,phases      ] GC(26)     Total                          Min: 0, Avg: 70.0, Max: 192, Diff: 192, Sum: 280, Workers: 4
[13.709s][debug][gc,phases      ] GC(26)   JVMTI Tag Weak OopStorage      Min:  0.0, Avg:  0.0, Max:  0.0, Diff:  0.0, Sum:  0.0, Workers: 4
[13.709s][debug][gc,phases      ] GC(26)     Dead                           Min: 0, Avg:  0.0, Max: 0, Diff: 0, Sum: 0, Workers: 4
[13.709s][debug][gc,phases      ] GC(26)     Total                          Min: 0, Avg:  0.0, Max: 0, Diff: 0, Sum: 0, Workers: 4
[13.709s][debug][gc,phases      ] GC(26)   StringTable Weak               Min:  0.1, Avg:  0.1, Max:  0.1, Diff:  0.0, Sum:  0.5, Workers: 4
[13.709s][debug][gc,phases      ] GC(26)     Dead                           Min: 0, Avg:  2.8, Max: 11, Diff: 11, Sum: 11, Workers: 4
[13.709s][debug][gc,phases      ] GC(26)     Total                          Min: 9781, Avg: 10586.2, Max: 11968, Diff: 2187, Sum: 42345, Workers: 4
[13.709s][debug][gc,phases      ] GC(26)   ResolvedMethodTable Weak       Min:  0.0, Avg:  0.0, Max:  0.0, Diff:  0.0, Sum:  0.1, Workers: 4
[13.709s][debug][gc,phases      ] GC(26)     Dead                           Min: 0, Avg:  0.0, Max: 0, Diff: 0, Sum: 0, Workers: 4
[13.709s][debug][gc,phases      ] GC(26)     Total                          Min: 1600, Avg: 1699.2, Max: 1792, Diff: 192, Sum: 6797, Workers: 4
[13.709s][debug][gc,phases      ] GC(26)   JNI Weak                       Min:  0.0, Avg:  0.0, Max:  0.0, Diff:  0.0, Sum:  0.0, Workers: 4
[13.709s][debug][gc,phases      ] GC(26)     Dead                           Min: 0, Avg:  0.0, Max: 0, Diff: 0, Sum: 0, Workers: 4
[13.709s][debug][gc,phases      ] GC(26)     Total                          Min: 0, Avg:  0.8, Max: 3, Diff: 3, Sum: 3, Workers: 4
[13.709s][debug][gc,phases      ] GC(26)   StringDedup Table Weak         Min:  0.0, Avg:  0.0, Max:  0.0, Diff:  0.0, Sum:  0.0, Workers: 4
[13.709s][debug][gc,phases      ] GC(26)     Dead                           Min: 0, Avg:  0.0, Max: 0, Diff: 0, Sum: 0, Workers: 4
[13.709s][debug][gc,phases      ] GC(26)     Total                          Min: 0, Avg:  0.0, Max: 0, Diff: 0, Sum: 0, Workers: 4
[13.709s][debug][gc,phases      ] GC(26)   StringDedup Requests0 Weak     Min:  0.0, Avg:  0.0, Max:  0.0, Diff:  0.0, Sum:  0.0, Workers: 4
[13.709s][debug][gc,phases      ] GC(26)     Dead                           Min: 0, Avg:  0.0, Max: 0, Diff: 0, Sum: 0, Workers: 4
[13.709s][debug][gc,phases      ] GC(26)     Total                          Min: 0, Avg:  0.0, Max: 0, Diff: 0, Sum: 0, Workers: 4
[13.709s][debug][gc,phases      ] GC(26)   StringDedup Requests1 Weak     Min:  0.0, Avg:  0.0, Max:  0.0, Diff:  0.0, Sum:  0.0, Workers: 4
[13.709s][debug][gc,phases      ] GC(26)     Dead                           Min: 0, Avg:  0.0, Max: 0, Diff: 0, Sum: 0, Workers: 4
[13.709s][debug][gc,phases      ] GC(26)     Total                          Min: 0, Avg:  0.0, Max: 0, Diff: 0, Sum: 0, Workers: 4
[13.709s][debug][gc,phases      ] GC(26)   Weak JFR Old Object Samples    Min:  0.0, Avg:  0.0, Max:  0.0, Diff:  0.0, Sum:  0.0, Workers: 4
[13.709s][debug][gc,phases      ] GC(26)     Dead                           Min: 0, Avg:  0.0, Max: 0, Diff: 0, Sum: 0, Workers: 4
[13.709s][debug][gc,phases      ] GC(26)     Total                          Min: 0, Avg:  0.0, Max: 0, Diff: 0, Sum: 0, Workers: 4
[13.709s][debug][gc,phases      ] GC(26) Weak Processing 0.326ms
[13.709s][debug][gc,age         ] GC(26) Desired survivor size 191365120 bytes, new threshold 15 (max threshold 15)
[13.709s][info ][gc,heap        ] GC(26) PSYoungGen: 1836630K(1933312K)->145974K(1911296K) Eden: 1764864K(1764864K)->0K(1764864K) From: 71766K(168448K)->145974K(146432K)
[13.709s][info ][gc,heap        ] GC(26) ParOldGen: 188544K(271872K)->191072K(271872K)
[13.709s][info ][gc,metaspace   ] GC(26) Metaspace: 66734K(67520K)->66734K(67520K) NonClass: 56973K(57408K)->56973K(57408K) Class: 9760K(10112K)->9760K(10112K)
[13.709s][info ][gc             ] GC(26) Pause Young (Allocation Failure) 1977M->329M(2132M) 97.498ms
[13.709s][info ][gc,cpu         ] GC(26) User=0.35s Sys=0.04s Real=0.10s
[13.709s][info ][safepoint      ] Safepoint "ParallelGCFailedAllocation", Time since last: 389534483 ns, Reaching safepoint: 260019 ns, At safepoint: 97610133 ns, Total: 97870152 ns
[14.101s][info ][gc,start       ] GC(27) Pause Young (Allocation Failure)
[14.333s][debug][gc,phases      ] GC(27) Scavenge 232.401ms
[14.333s][debug][gc,ref         ] GC(27) Skipped phase 1 of Reference Processing: no references
[14.333s][debug][gc,ref         ] GC(27) ReferenceProcessor::execute queues: 2, RefProcThreadModel::Multi, marks_oops_alive: false
[14.333s][debug][gc,ref         ] GC(27) Skipped phase 3 of Reference Processing: no references
[14.333s][debug][gc,ref         ] GC(27) ReferenceProcessor::execute queues: 1, RefProcThreadModel::Single, marks_oops_alive: false
[14.333s][debug][gc,phases      ] GC(27) Reference Processing 0.201ms
[14.334s][debug][gc,phases      ] GC(27)   VM Weak                        Min:  0.0, Avg:  0.0, Max:  0.0, Diff:  0.0, Sum:  0.0, Workers: 4
[14.334s][debug][gc,phases      ] GC(27)     Dead                           Min: 0, Avg:  0.0, Max: 0, Diff: 0, Sum: 0, Workers: 4
[14.334s][debug][gc,phases      ] GC(27)     Total                          Min: 0, Avg: 144.0, Max: 576, Diff: 576, Sum: 576, Workers: 4
[14.334s][debug][gc,phases      ] GC(27)   ObjectSynchronizer Weak        Min:  0.0, Avg:  0.0, Max:  0.0, Diff:  0.0, Sum:  0.0, Workers: 4
[14.334s][debug][gc,phases      ] GC(27)     Dead                           Min: 0, Avg:  0.0, Max: 0, Diff: 0, Sum: 0, Workers: 4
[14.334s][debug][gc,phases      ] GC(27)     Total                          Min: 0, Avg: 70.0, Max: 216, Diff: 216, Sum: 280, Workers: 4
[14.334s][debug][gc,phases      ] GC(27)   JVMTI Tag Weak OopStorage      Min:  0.0, Avg:  0.0, Max:  0.0, Diff:  0.0, Sum:  0.0, Workers: 4
[14.334s][debug][gc,phases      ] GC(27)     Dead                           Min: 0, Avg:  0.0, Max: 0, Diff: 0, Sum: 0, Workers: 4
[14.334s][debug][gc,phases      ] GC(27)     Total                          Min: 0, Avg:  0.0, Max: 0, Diff: 0, Sum: 0, Workers: 4
[14.334s][debug][gc,phases      ] GC(27)   StringTable Weak               Min:  0.1, Avg:  0.1, Max:  0.1, Diff:  0.0, Sum:  0.4, Workers: 4
[14.334s][debug][gc,phases      ] GC(27)     Dead                           Min: 0, Avg:  2.8, Max: 11, Diff: 11, Sum: 11, Workers: 4
[14.334s][debug][gc,phases      ] GC(27)     Total                          Min: 8448, Avg: 10590.5, Max: 12352, Diff: 3904, Sum: 42362, Workers: 4
[14.334s][debug][gc,phases      ] GC(27)   ResolvedMethodTable Weak       Min:  0.0, Avg:  0.0, Max:  0.0, Diff:  0.0, Sum:  0.1, Workers: 4
[14.334s][debug][gc,phases      ] GC(27)     Dead                           Min: 0, Avg:  0.0, Max: 0, Diff: 0, Sum: 0, Workers: 4
[14.334s][debug][gc,phases      ] GC(27)     Total                          Min: 1472, Avg: 1699.2, Max: 1920, Diff: 448, Sum: 6797, Workers: 4
[14.334s][debug][gc,phases      ] GC(27)   JNI Weak                       Min:  0.0, Avg:  0.0, Max:  0.0, Diff:  0.0, Sum:  0.0, Workers: 4
[14.334s][debug][gc,phases      ] GC(27)     Dead                           Min: 0, Avg:  0.0, Max: 0, Diff: 0, Sum: 0, Workers: 4
[14.334s][debug][gc,phases      ] GC(27)     Total                          Min: 0, Avg:  0.0, Max: 0, Diff: 0, Sum: 0, Workers: 4
[14.334s][debug][gc,phases      ] GC(27)   StringDedup Table Weak         Min:  0.0, Avg:  0.0, Max:  0.0, Diff:  0.0, Sum:  0.0, Workers: 4
[14.334s][debug][gc,phases      ] GC(27)     Dead                           Min: 0, Avg:  0.0, Max: 0, Diff: 0, Sum: 0, Workers: 4
[14.334s][debug][gc,phases      ] GC(27)     Total                          Min: 0, Avg:  0.0, Max: 0, Diff: 0, Sum: 0, Workers: 4
[14.334s][debug][gc,phases      ] GC(27)   StringDedup Requests0 Weak     Min:  0.0, Avg:  0.0, Max:  0.0, Diff:  0.0, Sum:  0.0, Workers: 4
[14.334s][debug][gc,phases      ] GC(27)     Dead                           Min: 0, Avg:  0.0, Max: 0, Diff: 0, Sum: 0, Workers: 4
[14.334s][debug][gc,phases      ] GC(27)     Total                          Min: 0, Avg:  0.0, Max: 0, Diff: 0, Sum: 0, Workers: 4
[14.334s][debug][gc,phases      ] GC(27)   StringDedup Requests1 Weak     Min:  0.0, Avg:  0.0, Max:  0.0, Diff:  0.0, Sum:  0.0, Workers: 4
[14.334s][debug][gc,phases      ] GC(27)     Dead                           Min: 0, Avg:  0.0, Max: 0, Diff: 0, Sum: 0, Workers: 4
[14.334s][debug][gc,phases      ] GC(27)     Total                          Min: 0, Avg:  0.0, Max: 0, Diff: 0, Sum: 0, Workers: 4
[14.334s][debug][gc,phases      ] GC(27)   Weak JFR Old Object Samples    Min:  0.0, Avg:  0.0, Max:  0.0, Diff:  0.0, Sum:  0.0, Workers: 4
[14.334s][debug][gc,phases      ] GC(27)     Dead                           Min: 0, Avg:  0.0, Max: 0, Diff: 0, Sum: 0, Workers: 4
[14.334s][debug][gc,phases      ] GC(27)     Total                          Min: 0, Avg:  0.0, Max: 0, Diff: 0, Sum: 0, Workers: 4
[14.334s][debug][gc,phases      ] GC(27) Weak Processing 0.310ms
[14.334s][debug][gc,age         ] GC(27) Desired survivor size 284688384 bytes, new threshold 14 (max threshold 15)
[14.334s][info ][gc,heap        ] GC(27) PSYoungGen: 1910838K(1911296K)->185830K(1726976K) Eden: 1764864K(1764864K)->0K(1541120K) From: 145974K(146432K)->185830K(185856K)
[14.334s][info ][gc,heap        ] GC(27) ParOldGen: 191072K(271872K)->348834K(349184K)
[14.334s][info ][gc,metaspace   ] GC(27) Metaspace: 66809K(67584K)->66809K(67584K) NonClass: 57048K(57472K)->57048K(57472K) Class: 9760K(10112K)->9760K(10112K)
[14.334s][info ][gc             ] GC(27) Pause Young (Allocation Failure) 2052M->522M(2027M) 233.041ms
[14.334s][info ][gc,cpu         ] GC(27) User=0.85s Sys=0.07s Real=0.24s
[14.334s][debug][gc,phases      ] GC(28) Pre Compact 0.010ms
[14.334s][info ][gc,start       ] GC(28) Pause Full (Ergonomics)
[14.334s][info ][gc,phases,start] GC(28) Marking Phase
[14.526s][debug][gc,phases      ] GC(28) Par Mark 192.241ms
[14.526s][debug][gc,ref         ] GC(28) Skipped phase 1 of Reference Processing: no references
[14.526s][debug][gc,ref         ] GC(28) ReferenceProcessor::execute queues: 1, RefProcThreadModel::Single, marks_oops_alive: false
[14.526s][debug][gc,ref         ] GC(28) Skipped phase 3 of Reference Processing: no references
[14.526s][debug][gc,ref         ] GC(28) ReferenceProcessor::execute queues: 1, RefProcThreadModel::Single, marks_oops_alive: false
[14.526s][debug][gc,phases      ] GC(28) Reference Processing 0.158ms
[14.527s][debug][gc,phases      ] GC(28)   VM Weak                        Min:  0.0, Avg:  0.0, Max:  0.0, Diff:  0.0, Sum:  0.0, Workers: 4
[14.527s][debug][gc,phases      ] GC(28)     Dead                           Min: 0, Avg:  0.2, Max: 1, Diff: 1, Sum: 1, Workers: 4
[14.527s][debug][gc,phases      ] GC(28)     Total                          Min: 0, Avg: 144.0, Max: 384, Diff: 384, Sum: 576, Workers: 4
[14.527s][debug][gc,phases      ] GC(28)   ObjectSynchronizer Weak        Min:  0.0, Avg:  0.0, Max:  0.0, Diff:  0.0, Sum:  0.0, Workers: 4
[14.527s][debug][gc,phases      ] GC(28)     Dead                           Min: 0, Avg:  0.2, Max: 1, Diff: 1, Sum: 1, Workers: 4
[14.527s][debug][gc,phases      ] GC(28)     Total                          Min: 0, Avg: 70.0, Max: 152, Diff: 152, Sum: 280, Workers: 4
[14.527s][debug][gc,phases      ] GC(28)   JVMTI Tag Weak OopStorage      Min:  0.0, Avg:  0.0, Max:  0.0, Diff:  0.0, Sum:  0.0, Workers: 4
[14.527s][debug][gc,phases      ] GC(28)     Dead                           Min: 0, Avg:  0.0, Max: 0, Diff: 0, Sum: 0, Workers: 4
[14.527s][debug][gc,phases      ] GC(28)     Total                          Min: 0, Avg:  0.0, Max: 0, Diff: 0, Sum: 0, Workers: 4
[14.527s][debug][gc,phases      ] GC(28)   StringTable Weak               Min:  0.1, Avg:  0.1, Max:  0.1, Diff:  0.0, Sum:  0.5, Workers: 4
[14.527s][debug][gc,phases      ] GC(28)     Dead                           Min: 0, Avg:  0.0, Max: 0, Diff: 0, Sum: 0, Workers: 4
[14.527s][debug][gc,phases      ] GC(28)     Total                          Min: 10240, Avg: 10590.5, Max: 10816, Diff: 576, Sum: 42362, Workers: 4
[14.527s][debug][gc,phases      ] GC(28)   ResolvedMethodTable Weak       Min:  0.0, Avg:  0.0, Max:  0.0, Diff:  0.0, Sum:  0.1, Workers: 4
[14.527s][debug][gc,phases      ] GC(28)     Dead                           Min: 0, Avg:  0.5, Max: 1, Diff: 1, Sum: 2, Workers: 4
[14.527s][debug][gc,phases      ] GC(28)     Total                          Min: 1408, Avg: 1699.2, Max: 1856, Diff: 448, Sum: 6797, Workers: 4
[14.527s][debug][gc,phases      ] GC(28)   JNI Weak                       Min:  0.0, Avg:  0.0, Max:  0.0, Diff:  0.0, Sum:  0.0, Workers: 4
[14.527s][debug][gc,phases      ] GC(28)     Dead                           Min: 0, Avg:  0.0, Max: 0, Diff: 0, Sum: 0, Workers: 4
[14.527s][debug][gc,phases      ] GC(28)     Total                          Min: 0, Avg:  0.0, Max: 0, Diff: 0, Sum: 0, Workers: 4
[14.527s][debug][gc,phases      ] GC(28)   StringDedup Table Weak         Min:  0.0, Avg:  0.0, Max:  0.0, Diff:  0.0, Sum:  0.0, Workers: 4
[14.527s][debug][gc,phases      ] GC(28)     Dead                           Min: 0, Avg:  0.0, Max: 0, Diff: 0, Sum: 0, Workers: 4
[14.527s][debug][gc,phases      ] GC(28)     Total                          Min: 0, Avg:  0.0, Max: 0, Diff: 0, Sum: 0, Workers: 4
[14.527s][debug][gc,phases      ] GC(28)   StringDedup Requests0 Weak     Min:  0.0, Avg:  0.0, Max:  0.0, Diff:  0.0, Sum:  0.0, Workers: 4
[14.527s][debug][gc,phases      ] GC(28)     Dead                           Min: 0, Avg:  0.0, Max: 0, Diff: 0, Sum: 0, Workers: 4
[14.527s][debug][gc,phases      ] GC(28)     Total                          Min: 0, Avg:  0.0, Max: 0, Diff: 0, Sum: 0, Workers: 4
[14.527s][debug][gc,phases      ] GC(28)   StringDedup Requests1 Weak     Min:  0.0, Avg:  0.0, Max:  0.0, Diff:  0.0, Sum:  0.0, Workers: 4
[14.527s][debug][gc,phases      ] GC(28)     Dead                           Min: 0, Avg:  0.0, Max: 0, Diff: 0, Sum: 0, Workers: 4
[14.527s][debug][gc,phases      ] GC(28)     Total                          Min: 0, Avg:  0.0, Max: 0, Diff: 0, Sum: 0, Workers: 4
[14.527s][debug][gc,phases      ] GC(28)   Weak JFR Old Object Samples    Min:  0.0, Avg:  0.0, Max:  0.0, Diff:  0.0, Sum:  0.0, Workers: 4
[14.527s][debug][gc,phases      ] GC(28)     Dead                           Min: 0, Avg:  0.0, Max: 0, Diff: 0, Sum: 0, Workers: 4
[14.527s][debug][gc,phases      ] GC(28)     Total                          Min: 0, Avg:  0.0, Max: 0, Diff: 0, Sum: 0, Workers: 4
[14.527s][debug][gc,phases      ] GC(28) Weak Processing 0.324ms
[14.527s][debug][gc,phases      ] GC(28) ClassLoaderData 0.158ms
[14.527s][debug][gc,phases      ] GC(28) Trigger cleanups 0.002ms
[14.540s][debug][gc,phases      ] GC(28) Class Unloading 13.731ms
[14.540s][info ][gc,phases      ] GC(28) Marking Phase 206.633ms
[14.540s][info ][gc,phases,start] GC(28) Summary Phase
[14.540s][info ][gc,phases      ] GC(28) Summary Phase 0.012ms
[14.540s][info ][gc,phases,start] GC(28) Adjust Roots
[14.552s][info ][gc,phases      ] GC(28) Adjust Roots 11.296ms
[14.552s][info ][gc,phases,start] GC(28) Compaction Phase
[15.204s][info ][gc,phases      ] GC(28) Compaction Phase 651.819ms
[15.204s][info ][gc,phases,start] GC(28) Post Compact
[15.206s][info ][gc,phases      ] GC(28) Post Compact 1.902ms
[15.206s][info ][gc,heap        ] GC(28) PSYoungGen: 185830K(1726976K)->183851K(1726976K) Eden: 0K(1541120K)->0K(1541120K) From: 185830K(185856K)->183851K(185856K)
[15.206s][info ][gc,heap        ] GC(28) ParOldGen: 348834K(349184K)->348661K(459776K)
[15.206s][info ][gc,metaspace   ] GC(28) Metaspace: 66809K(67584K)->66807K(67584K) NonClass: 57048K(57472K)->57047K(57472K) Class: 9760K(10112K)->9760K(10112K)
[15.206s][info ][gc             ] GC(28) Pause Full (Ergonomics) 522M->520M(2135M) 872.008ms
[15.206s][info ][gc,cpu         ] GC(28) User=3.39s Sys=0.01s Real=0.87s
[15.248s][info ][safepoint      ] Safepoint "ParallelGCFailedAllocation", Time since last: 390673852 ns, Reaching safepoint: 979071 ns, At safepoint: 1147310054 ns, Total: 1148289125 ns
[15.393s][info ][safepoint      ] Safepoint "ICBufferFull", Time since last: 145080649 ns, Reaching safepoint: 169612 ns, At safepoint: 30003 ns, Total: 199615 ns
[15.422s][info ][safepoint      ] Safepoint "ICBufferFull", Time since last: 28896381 ns, Reaching safepoint: 129509 ns, At safepoint: 26602 ns, Total: 156111 ns
[15.458s][info ][safepoint      ] Safepoint "ICBufferFull", Time since last: 35964491 ns, Reaching safepoint: 119008 ns, At safepoint: 26702 ns, Total: 145710 ns
[15.485s][info ][safepoint      ] Safepoint "ICBufferFull", Time since last: 26309995 ns, Reaching safepoint: 492135 ns, At safepoint: 33603 ns, Total: 525738 ns
[15.502s][info ][safepoint      ] Safepoint "ICBufferFull", Time since last: 16842513 ns, Reaching safepoint: 133510 ns, At safepoint: 23801 ns, Total: 157311 ns
[15.517s][info ][safepoint      ] Safepoint "ICBufferFull", Time since last: 14611253 ns, Reaching safepoint: 276020 ns, At safepoint: 25101 ns, Total: 301121 ns
[15.537s][info ][safepoint      ] Safepoint "ICBufferFull", Time since last: 19082375 ns, Reaching safepoint: 871663 ns, At safepoint: 22601 ns, Total: 894264 ns
[15.553s][info ][safepoint      ] Safepoint "ICBufferFull", Time since last: 16074258 ns, Reaching safepoint: 138610 ns, At safepoint: 35003 ns, Total: 173613 ns
[15.574s][info ][safepoint      ] Safepoint "ICBufferFull", Time since last: 19948436 ns, Reaching safepoint: 151911 ns, At safepoint: 28002 ns, Total: 179913 ns
[15.589s][info ][gc,start       ] GC(29) Pause Young (Allocation Failure)
[15.729s][debug][gc,phases      ] GC(29) Scavenge 140.325ms
[15.729s][debug][gc,ref         ] GC(29) Skipped phase 1 of Reference Processing: no references
[15.729s][debug][gc,ref         ] GC(29) ReferenceProcessor::execute queues: 2, RefProcThreadModel::Multi, marks_oops_alive: false
[15.730s][debug][gc,ref         ] GC(29) Skipped phase 3 of Reference Processing: no references
[15.730s][debug][gc,ref         ] GC(29) ReferenceProcessor::execute queues: 1, RefProcThreadModel::Single, marks_oops_alive: false
[15.730s][debug][gc,phases      ] GC(29) Reference Processing 0.180ms
[15.730s][debug][gc,phases      ] GC(29)   VM Weak                        Min:  0.0, Avg:  0.0, Max:  0.0, Diff:  0.0, Sum:  0.0, Workers: 4
[15.730s][debug][gc,phases      ] GC(29)     Dead                           Min: 0, Avg:  0.0, Max: 0, Diff: 0, Sum: 0, Workers: 4
[15.730s][debug][gc,phases      ] GC(29)     Total                          Min: 0, Avg: 147.0, Max: 320, Diff: 320, Sum: 588, Workers: 4
[15.730s][debug][gc,phases      ] GC(29)   ObjectSynchronizer Weak        Min:  0.0, Avg:  0.0, Max:  0.0, Diff:  0.0, Sum:  0.0, Workers: 4
[15.730s][debug][gc,phases      ] GC(29)     Dead                           Min: 0, Avg:  0.0, Max: 0, Diff: 0, Sum: 0, Workers: 4
[15.730s][debug][gc,phases      ] GC(29)     Total                          Min: 0, Avg: 70.0, Max: 128, Diff: 128, Sum: 280, Workers: 4
[15.730s][debug][gc,phases      ] GC(29)   JVMTI Tag Weak OopStorage      Min:  0.0, Avg:  0.0, Max:  0.0, Diff:  0.0, Sum:  0.0, Workers: 4
[15.730s][debug][gc,phases      ] GC(29)     Dead                           Min: 0, Avg:  0.0, Max: 0, Diff: 0, Sum: 0, Workers: 4
[15.730s][debug][gc,phases      ] GC(29)     Total                          Min: 0, Avg:  0.0, Max: 0, Diff: 0, Sum: 0, Workers: 4
[15.730s][debug][gc,phases      ] GC(29)   StringTable Weak               Min:  0.1, Avg:  0.1, Max:  0.1, Diff:  0.0, Sum:  0.5, Workers: 4
[15.730s][debug][gc,phases      ] GC(29)     Dead                           Min: 0, Avg:  4.0, Max: 12, Diff: 12, Sum: 16, Workers: 4
[15.730s][debug][gc,phases      ] GC(29)     Total                          Min: 9984, Avg: 10638.5, Max: 11968, Diff: 1984, Sum: 42554, Workers: 4
[15.730s][debug][gc,phases      ] GC(29)   ResolvedMethodTable Weak       Min:  0.0, Avg:  0.0, Max:  0.0, Diff:  0.0, Sum:  0.1, Workers: 4
[15.730s][debug][gc,phases      ] GC(29)     Dead                           Min: 0, Avg:  9.0, Max: 29, Diff: 29, Sum: 36, Workers: 4
[15.730s][debug][gc,phases      ] GC(29)     Total                          Min: 1534, Avg: 1742.0, Max: 2110, Diff: 576, Sum: 6968, Workers: 4
[15.730s][debug][gc,phases      ] GC(29)   JNI Weak                       Min:  0.0, Avg:  0.0, Max:  0.0, Diff:  0.0, Sum:  0.0, Workers: 4
[15.730s][debug][gc,phases      ] GC(29)     Dead                           Min: 0, Avg:  0.0, Max: 0, Diff: 0, Sum: 0, Workers: 4
[15.730s][debug][gc,phases      ] GC(29)     Total                          Min: 0, Avg:  3.5, Max: 14, Diff: 14, Sum: 14, Workers: 4
[15.730s][debug][gc,phases      ] GC(29)   StringDedup Table Weak         Min:  0.0, Avg:  0.0, Max:  0.0, Diff:  0.0, Sum:  0.0, Workers: 4
[15.730s][debug][gc,phases      ] GC(29)     Dead                           Min: 0, Avg:  0.0, Max: 0, Diff: 0, Sum: 0, Workers: 4
[15.730s][debug][gc,phases      ] GC(29)     Total                          Min: 0, Avg:  0.0, Max: 0, Diff: 0, Sum: 0, Workers: 4
[15.730s][debug][gc,phases      ] GC(29)   StringDedup Requests0 Weak     Min:  0.0, Avg:  0.0, Max:  0.0, Diff:  0.0, Sum:  0.0, Workers: 4
[15.730s][debug][gc,phases      ] GC(29)     Dead                           Min: 0, Avg:  0.0, Max: 0, Diff: 0, Sum: 0, Workers: 4
[15.730s][debug][gc,phases      ] GC(29)     Total                          Min: 0, Avg:  0.0, Max: 0, Diff: 0, Sum: 0, Workers: 4
[15.730s][debug][gc,phases      ] GC(29)   StringDedup Requests1 Weak     Min:  0.0, Avg:  0.0, Max:  0.0, Diff:  0.0, Sum:  0.0, Workers: 4
[15.730s][debug][gc,phases      ] GC(29)     Dead                           Min: 0, Avg:  0.0, Max: 0, Diff: 0, Sum: 0, Workers: 4
[15.730s][debug][gc,phases      ] GC(29)     Total                          Min: 0, Avg:  0.0, Max: 0, Diff: 0, Sum: 0, Workers: 4
[15.730s][debug][gc,phases      ] GC(29)   Weak JFR Old Object Samples    Min:  0.0, Avg:  0.0, Max:  0.0, Diff:  0.0, Sum:  0.0, Workers: 4
[15.730s][debug][gc,phases      ] GC(29)     Dead                           Min: 0, Avg:  0.0, Max: 0, Diff: 0, Sum: 0, Workers: 4
[15.730s][debug][gc,phases      ] GC(29)     Total                          Min: 0, Avg:  0.0, Max: 0, Diff: 0, Sum: 0, Workers: 4
[15.730s][debug][gc,phases      ] GC(29) Weak Processing 0.315ms
[15.730s][debug][gc,age         ] GC(29) Desired survivor size 299368448 bytes, new threshold 15 (max threshold 15)
[15.730s][info ][gc,heap        ] GC(29) PSYoungGen: 1724971K(1726976K)->180309K(1721856K) Eden: 1541120K(1541120K)->0K(1541120K) From: 183851K(185856K)->180309K(180736K)
[15.730s][info ][gc,heap        ] GC(29) ParOldGen: 348661K(459776K)->355797K(459776K)
[15.730s][info ][gc,metaspace   ] GC(29) Metaspace: 67590K(68352K)->67590K(68352K) NonClass: 57711K(58112K)->57711K(58112K) Class: 9879K(10240K)->9879K(10240K)
[15.730s][info ][gc             ] GC(29) Pause Young (Allocation Failure) 2025M->523M(2130M) 140.971ms
[15.730s][info ][gc,cpu         ] GC(29) User=0.62s Sys=0.01s Real=0.14s
[15.730s][info ][safepoint      ] Safepoint "ParallelGCFailedAllocation", Time since last: 15322704 ns, Reaching safepoint: 111808 ns, At safepoint: 141066156 ns, Total: 141177964 ns
[15.764s][info ][safepoint      ] Safepoint "ICBufferFull", Time since last: 33394405 ns, Reaching safepoint: 121208 ns, At safepoint: 54604 ns, Total: 175812 ns
[15.786s][info ][safepoint      ] Safepoint "ICBufferFull", Time since last: 22543123 ns, Reaching safepoint: 133310 ns, At safepoint: 27002 ns, Total: 160312 ns
[15.799s][info ][safepoint      ] Safepoint "ICBufferFull", Time since last: 12464697 ns, Reaching safepoint: 142110 ns, At safepoint: 30803 ns, Total: 172913 ns
[15.814s][info ][safepoint      ] Safepoint "ICBufferFull", Time since last: 14562248 ns, Reaching safepoint: 121709 ns, At safepoint: 27002 ns, Total: 148711 ns
[15.841s][info ][safepoint      ] Safepoint "ICBufferFull", Time since last: 26673020 ns, Reaching safepoint: 809058 ns, At safepoint: 31902 ns, Total: 840960 ns
[15.860s][info ][safepoint      ] Safepoint "ICBufferFull", Time since last: 18688546 ns, Reaching safepoint: 134710 ns, At safepoint: 36802 ns, Total: 171512 ns
[15.872s][info ][safepoint      ] Safepoint "ICBufferFull", Time since last: 6864294 ns, Reaching safepoint: 5313983 ns, At safepoint: 33402 ns, Total: 5347385 ns
[15.903s][info ][safepoint      ] Safepoint "ICBufferFull", Time since last: 30469894 ns, Reaching safepoint: 141010 ns, At safepoint: 27402 ns, Total: 168412 ns
[15.914s][info ][safepoint      ] Safepoint "ICBufferFull", Time since last: 10547960 ns, Reaching safepoint: 119108 ns, At safepoint: 30402 ns, Total: 149510 ns
[15.930s][info ][safepoint      ] Safepoint "ICBufferFull", Time since last: 16669000 ns, Reaching safepoint: 134410 ns, At safepoint: 24602 ns, Total: 159012 ns
[15.951s][info ][safepoint      ] Safepoint "ICBufferFull", Time since last: 20435771 ns, Reaching safepoint: 125909 ns, At safepoint: 21602 ns, Total: 147511 ns
[15.962s][info ][safepoint      ] Safepoint "ICBufferFull", Time since last: 11107799 ns, Reaching safepoint: 113008 ns, At safepoint: 31703 ns, Total: 144711 ns
[15.978s][info ][safepoint      ] Safepoint "ICBufferFull", Time since last: 15568321 ns, Reaching safepoint: 405829 ns, At safepoint: 27702 ns, Total: 433531 ns
[16.013s][info ][safepoint      ] Safepoint "ICBufferFull", Time since last: 34319371 ns, Reaching safepoint: 120608 ns, At safepoint: 28102 ns, Total: 148710 ns
[16.022s][info ][safepoint      ] Safepoint "ICBufferFull", Time since last: 8230493 ns, Reaching safepoint: 916166 ns, At safepoint: 25602 ns, Total: 941768 ns
[16.046s][info ][safepoint      ] Safepoint "ICBufferFull", Time since last: 20017741 ns, Reaching safepoint: 4238405 ns, At safepoint: 36002 ns, Total: 4274407 ns
[16.055s][info ][safepoint      ] Safepoint "ICBufferFull", Time since last: 8340901 ns, Reaching safepoint: 102607 ns, At safepoint: 24502 ns, Total: 127109 ns
[16.060s][info ][safepoint      ] Safepoint "ICBufferFull", Time since last: 5316783 ns, Reaching safepoint: 108008 ns, At safepoint: 26101 ns, Total: 134109 ns
[16.077s][info ][safepoint      ] Safepoint "ICBufferFull", Time since last: 16915218 ns, Reaching safepoint: 91507 ns, At safepoint: 27002 ns, Total: 118509 ns
[16.086s][info ][safepoint      ] Safepoint "ICBufferFull", Time since last: 8749130 ns, Reaching safepoint: 118108 ns, At safepoint: 35903 ns, Total: 154011 ns
[16.097s][info ][gc,start       ] GC(30) Pause Young (Allocation Failure)
[16.225s][debug][gc,phases      ] GC(30) Scavenge 128.760ms
[16.225s][debug][gc,ref         ] GC(30) Skipped phase 1 of Reference Processing: no references
[16.226s][debug][gc,ref         ] GC(30) ReferenceProcessor::execute queues: 2, RefProcThreadModel::Multi, marks_oops_alive: false
[16.226s][debug][gc,ref         ] GC(30) Skipped phase 3 of Reference Processing: no references
[16.226s][debug][gc,ref         ] GC(30) ReferenceProcessor::execute queues: 1, RefProcThreadModel::Single, marks_oops_alive: false
[16.226s][debug][gc,phases      ] GC(30) Reference Processing 0.221ms
[16.226s][debug][gc,phases      ] GC(30)   VM Weak                        Min:  0.0, Avg:  0.0, Max:  0.0, Diff:  0.0, Sum:  0.0, Workers: 4
[16.226s][debug][gc,phases      ] GC(30)     Dead                           Min: 0, Avg:  0.0, Max: 0, Diff: 0, Sum: 0, Workers: 4
[16.226s][debug][gc,phases      ] GC(30)     Total                          Min: 0, Avg: 147.0, Max: 448, Diff: 448, Sum: 588, Workers: 4
[16.226s][debug][gc,phases      ] GC(30)   ObjectSynchronizer Weak        Min:  0.0, Avg:  0.0, Max:  0.0, Diff:  0.0, Sum:  0.0, Workers: 4
[16.226s][debug][gc,phases      ] GC(30)     Dead                           Min: 0, Avg:  0.0, Max: 0, Diff: 0, Sum: 0, Workers: 4
[16.226s][debug][gc,phases      ] GC(30)     Total                          Min: 0, Avg: 70.0, Max: 128, Diff: 128, Sum: 280, Workers: 4
[16.226s][debug][gc,phases      ] GC(30)   JVMTI Tag Weak OopStorage      Min:  0.0, Avg:  0.0, Max:  0.0, Diff:  0.0, Sum:  0.0, Workers: 4
[16.226s][debug][gc,phases      ] GC(30)     Dead                           Min: 0, Avg:  0.0, Max: 0, Diff: 0, Sum: 0, Workers: 4
[16.226s][debug][gc,phases      ] GC(30)     Total                          Min: 0, Avg:  0.0, Max: 0, Diff: 0, Sum: 0, Workers: 4
[16.226s][debug][gc,phases      ] GC(30)   StringTable Weak               Min:  0.1, Avg:  0.1, Max:  0.1, Diff:  0.0, Sum:  0.5, Workers: 4
[16.226s][debug][gc,phases      ] GC(30)     Dead                           Min: 0, Avg:  2.8, Max: 6, Diff: 6, Sum: 11, Workers: 4
[16.226s][debug][gc,phases      ] GC(30)     Total                          Min: 8704, Avg: 10646.5, Max: 11968, Diff: 3264, Sum: 42586, Workers: 4
[16.226s][debug][gc,phases      ] GC(30)   ResolvedMethodTable Weak       Min:  0.0, Avg:  0.0, Max:  0.0, Diff:  0.0, Sum:  0.1, Workers: 4
[16.226s][debug][gc,phases      ] GC(30)     Dead                           Min: 0, Avg:  0.0, Max: 0, Diff: 0, Sum: 0, Workers: 4
[16.226s][debug][gc,phases      ] GC(30)     Total                          Min: 1472, Avg: 1742.5, Max: 1920, Diff: 448, Sum: 6970, Workers: 4
[16.226s][debug][gc,phases      ] GC(30)   JNI Weak                       Min:  0.0, Avg:  0.0, Max:  0.0, Diff:  0.0, Sum:  0.0, Workers: 4
[16.226s][debug][gc,phases      ] GC(30)     Dead                           Min: 0, Avg:  0.0, Max: 0, Diff: 0, Sum: 0, Workers: 4
[16.226s][debug][gc,phases      ] GC(30)     Total                          Min: 0, Avg:  1.5, Max: 6, Diff: 6, Sum: 6, Workers: 4
[16.226s][debug][gc,phases      ] GC(30)   StringDedup Table Weak         Min:  0.0, Avg:  0.0, Max:  0.0, Diff:  0.0, Sum:  0.0, Workers: 4
[16.226s][debug][gc,phases      ] GC(30)     Dead                           Min: 0, Avg:  0.0, Max: 0, Diff: 0, Sum: 0, Workers: 4
[16.226s][debug][gc,phases      ] GC(30)     Total                          Min: 0, Avg:  0.0, Max: 0, Diff: 0, Sum: 0, Workers: 4
[16.226s][debug][gc,phases      ] GC(30)   StringDedup Requests0 Weak     Min:  0.0, Avg:  0.0, Max:  0.0, Diff:  0.0, Sum:  0.0, Workers: 4
[16.226s][debug][gc,phases      ] GC(30)     Dead                           Min: 0, Avg:  0.0, Max: 0, Diff: 0, Sum: 0, Workers: 4
[16.226s][debug][gc,phases      ] GC(30)     Total                          Min: 0, Avg:  0.0, Max: 0, Diff: 0, Sum: 0, Workers: 4
[16.226s][debug][gc,phases      ] GC(30)   StringDedup Requests1 Weak     Min:  0.0, Avg:  0.0, Max:  0.0, Diff:  0.0, Sum:  0.0, Workers: 4
[16.226s][debug][gc,phases      ] GC(30)     Dead                           Min: 0, Avg:  0.0, Max: 0, Diff: 0, Sum: 0, Workers: 4
[16.226s][debug][gc,phases      ] GC(30)     Total                          Min: 0, Avg:  0.0, Max: 0, Diff: 0, Sum: 0, Workers: 4
[16.226s][debug][gc,phases      ] GC(30)   Weak JFR Old Object Samples    Min:  0.0, Avg:  0.0, Max:  0.0, Diff:  0.0, Sum:  0.0, Workers: 4
[16.226s][debug][gc,phases      ] GC(30)     Dead                           Min: 0, Avg:  0.0, Max: 0, Diff: 0, Sum: 0, Workers: 4
[16.226s][debug][gc,phases      ] GC(30)     Total                          Min: 0, Avg:  0.0, Max: 0, Diff: 0, Sum: 0, Workers: 4
[16.226s][debug][gc,phases      ] GC(30) Weak Processing 0.301ms
[16.226s][debug][gc,age         ] GC(30) Desired survivor size 310378496 bytes, new threshold 15 (max threshold 15)
[16.226s][info ][gc,heap        ] GC(30) PSYoungGen: 1721429K(1721856K)->181829K(1783296K) Eden: 1541120K(1541120K)->0K(1490944K) From: 180309K(180736K)->181829K(292352K)
[16.226s][info ][gc,heap        ] GC(30) ParOldGen: 355797K(459776K)->355805K(459776K)
[16.226s][info ][gc,metaspace   ] GC(30) Metaspace: 67700K(68480K)->67700K(68480K) NonClass: 57820K(58240K)->57820K(58240K) Class: 9880K(10240K)->9880K(10240K)
[16.226s][info ][gc             ] GC(30) Pause Young (Allocation Failure) 2028M->525M(2190M) 129.419ms
[16.226s][info ][gc,cpu         ] GC(30) User=0.52s Sys=0.00s Real=0.13s
[16.226s][info ][safepoint      ] Safepoint "ParallelGCFailedAllocation", Time since last: 10439351 ns, Reaching safepoint: 118409 ns, At safepoint: 129522625 ns, Total: 129641034 ns
[16.241s][info ][safepoint      ] Safepoint "ICBufferFull", Time since last: 14974478 ns, Reaching safepoint: 112608 ns, At safepoint: 29502 ns, Total: 142110 ns
[16.252s][info ][safepoint      ] Safepoint "ICBufferFull", Time since last: 10174532 ns, Reaching safepoint: 391328 ns, At safepoint: 27502 ns, Total: 418830 ns
[16.273s][info ][safepoint      ] Safepoint "ICBufferFull", Time since last: 21346937 ns, Reaching safepoint: 119309 ns, At safepoint: 31302 ns, Total: 150611 ns
[16.285s][info ][safepoint      ] Safepoint "ICBufferFull", Time since last: 11204007 ns, Reaching safepoint: 603343 ns, At safepoint: 25502 ns, Total: 628845 ns
[16.294s][info ][safepoint      ] Safepoint "ICBufferFull", Time since last: 8971546 ns, Reaching safepoint: 111208 ns, At safepoint: 30302 ns, Total: 141510 ns
[16.302s][info ][safepoint      ] Safepoint "ICBufferFull", Time since last: 7085310 ns, Reaching safepoint: 183213 ns, At safepoint: 24902 ns, Total: 208115 ns
[16.310s][info ][safepoint      ] Safepoint "ICBufferFull", Time since last: 8018377 ns, Reaching safepoint: 122209 ns, At safepoint: 25702 ns, Total: 147911 ns
[16.319s][info ][safepoint      ] Safepoint "ICBufferFull", Time since last: 9198862 ns, Reaching safepoint: 124809 ns, At safepoint: 25402 ns, Total: 150211 ns
[16.327s][info ][safepoint      ] Safepoint "ICBufferFull", Time since last: 7691054 ns, Reaching safepoint: 127509 ns, At safepoint: 27702 ns, Total: 155211 ns
[16.337s][info ][safepoint      ] Safepoint "ICBufferFull", Time since last: 9684597 ns, Reaching safepoint: 546440 ns, At safepoint: 28002 ns, Total: 574442 ns
[16.345s][info ][safepoint      ] Safepoint "ICBufferFull", Time since last: 7641550 ns, Reaching safepoint: 119608 ns, At safepoint: 22502 ns, Total: 142110 ns
[16.351s][info ][safepoint      ] Safepoint "ICBufferFull", Time since last: 5861122 ns, Reaching safepoint: 117908 ns, At safepoint: 23202 ns, Total: 141110 ns
[16.361s][info ][safepoint      ] Safepoint "ICBufferFull", Time since last: 8217092 ns, Reaching safepoint: 2100751 ns, At safepoint: 39903 ns, Total: 2140654 ns
[16.380s][info ][safepoint      ] Safepoint "ICBufferFull", Time since last: 18617040 ns, Reaching safepoint: 106308 ns, At safepoint: 26302 ns, Total: 132610 ns
[16.393s][info ][safepoint      ] Safepoint "ICBufferFull", Time since last: 12277984 ns, Reaching safepoint: 850861 ns, At safepoint: 25202 ns, Total: 876063 ns
[16.425s][info ][safepoint      ] Safepoint "ICBufferFull", Time since last: 31323755 ns, Reaching safepoint: 132609 ns, At safepoint: 27802 ns, Total: 160411 ns
[16.430s][info ][safepoint      ] Safepoint "ICBufferFull", Time since last: 5402689 ns, Reaching safepoint: 82506 ns, At safepoint: 28202 ns, Total: 110708 ns
[16.438s][info ][safepoint      ] Safepoint "ICBufferFull", Time since last: 4770044 ns, Reaching safepoint: 3158127 ns, At safepoint: 32902 ns, Total: 3191029 ns
[16.450s][info ][safepoint      ] Safepoint "ICBufferFull", Time since last: 11400221 ns, Reaching safepoint: 123109 ns, At safepoint: 25602 ns, Total: 148711 ns
[16.458s][info ][safepoint      ] Safepoint "ICBufferFull", Time since last: 8630621 ns, Reaching safepoint: 101907 ns, At safepoint: 25702 ns, Total: 127609 ns
[16.474s][info ][safepoint      ] Safepoint "ICBufferFull", Time since last: 10771976 ns, Reaching safepoint: 4262807 ns, At safepoint: 28802 ns, Total: 4291609 ns
[16.487s][info ][safepoint      ] Safepoint "ICBufferFull", Time since last: 12825023 ns, Reaching safepoint: 120409 ns, At safepoint: 26802 ns, Total: 147211 ns
[16.494s][info ][safepoint      ] Safepoint "ICBufferFull", Time since last: 7028806 ns, Reaching safepoint: 118508 ns, At safepoint: 26702 ns, Total: 145210 ns
[16.515s][info ][safepoint      ] Safepoint "ICBufferFull", Time since last: 21508449 ns, Reaching safepoint: 122908 ns, At safepoint: 24502 ns, Total: 147410 ns
[16.525s][info ][safepoint      ] Safepoint "ICBufferFull", Time since last: 9063253 ns, Reaching safepoint: 708251 ns, At safepoint: 34002 ns, Total: 742253 ns
[16.530s][info ][safepoint      ] Safepoint "ICBufferFull", Time since last: 4794945 ns, Reaching safepoint: 114109 ns, At safepoint: 21901 ns, Total: 136010 ns
[16.538s][info ][safepoint      ] Safepoint "ICBufferFull", Time since last: 5933227 ns, Reaching safepoint: 2195058 ns, At safepoint: 35003 ns, Total: 2230061 ns
[16.611s][info ][gc,start       ] GC(31) Pause Young (Allocation Failure)
[16.742s][debug][gc,phases      ] GC(31) Scavenge 130.696ms
[16.742s][debug][gc,ref         ] GC(31) Skipped phase 1 of Reference Processing: no references
[16.742s][debug][gc,ref         ] GC(31) ReferenceProcessor::execute queues: 2, RefProcThreadModel::Multi, marks_oops_alive: false
[16.742s][debug][gc,ref         ] GC(31) Skipped phase 3 of Reference Processing: no references
[16.742s][debug][gc,ref         ] GC(31) ReferenceProcessor::execute queues: 1, RefProcThreadModel::Single, marks_oops_alive: false
[16.742s][debug][gc,phases      ] GC(31) Reference Processing 0.199ms
[16.742s][debug][gc,phases      ] GC(31)   VM Weak                        Min:  0.0, Avg:  0.0, Max:  0.0, Diff:  0.0, Sum:  0.0, Workers: 4
[16.742s][debug][gc,phases      ] GC(31)     Dead                           Min: 0, Avg:  0.0, Max: 0, Diff: 0, Sum: 0, Workers: 4
[16.742s][debug][gc,phases      ] GC(31)     Total                          Min: 0, Avg: 147.0, Max: 512, Diff: 512, Sum: 588, Workers: 4
[16.742s][debug][gc,phases      ] GC(31)   ObjectSynchronizer Weak        Min:  0.0, Avg:  0.0, Max:  0.0, Diff:  0.0, Sum:  0.0, Workers: 4
[16.742s][debug][gc,phases      ] GC(31)     Dead                           Min: 0, Avg:  0.0, Max: 0, Diff: 0, Sum: 0, Workers: 4
[16.742s][debug][gc,phases      ] GC(31)     Total                          Min: 0, Avg: 70.0, Max: 152, Diff: 152, Sum: 280, Workers: 4
[16.742s][debug][gc,phases      ] GC(31)   JVMTI Tag Weak OopStorage      Min:  0.0, Avg:  0.0, Max:  0.0, Diff:  0.0, Sum:  0.0, Workers: 4
[16.742s][debug][gc,phases      ] GC(31)     Dead                           Min: 0, Avg:  0.0, Max: 0, Diff: 0, Sum: 0, Workers: 4
[16.742s][debug][gc,phases      ] GC(31)     Total                          Min: 0, Avg:  0.0, Max: 0, Diff: 0, Sum: 0, Workers: 4
[16.742s][debug][gc,phases      ] GC(31)   StringTable Weak               Min:  0.1, Avg:  0.1, Max:  0.1, Diff:  0.0, Sum:  0.5, Workers: 4
[16.742s][debug][gc,phases      ] GC(31)     Dead                           Min: 0, Avg:  2.8, Max: 11, Diff: 11, Sum: 11, Workers: 4
[16.742s][debug][gc,phases      ] GC(31)     Total                          Min: 9728, Avg: 10653.5, Max: 11382, Diff: 1654, Sum: 42614, Workers: 4
[16.742s][debug][gc,phases      ] GC(31)   ResolvedMethodTable Weak       Min:  0.0, Avg:  0.0, Max:  0.0, Diff:  0.0, Sum:  0.1, Workers: 4
[16.742s][debug][gc,phases      ] GC(31)     Dead                           Min: 1, Avg:  5.5, Max: 12, Diff: 11, Sum: 22, Workers: 4
[16.742s][debug][gc,phases      ] GC(31)     Total                          Min: 1472, Avg: 1745.8, Max: 1984, Diff: 512, Sum: 6983, Workers: 4
[16.742s][debug][gc,phases      ] GC(31)   JNI Weak                       Min:  0.0, Avg:  0.0, Max:  0.0, Diff:  0.0, Sum:  0.0, Workers: 4
[16.742s][debug][gc,phases      ] GC(31)     Dead                           Min: 0, Avg:  0.0, Max: 0, Diff: 0, Sum: 0, Workers: 4
[16.742s][debug][gc,phases      ] GC(31)     Total                          Min: 0, Avg:  1.2, Max: 5, Diff: 5, Sum: 5, Workers: 4
[16.742s][debug][gc,phases      ] GC(31)   StringDedup Table Weak         Min:  0.0, Avg:  0.0, Max:  0.0, Diff:  0.0, Sum:  0.0, Workers: 4
[16.742s][debug][gc,phases      ] GC(31)     Dead                           Min: 0, Avg:  0.0, Max: 0, Diff: 0, Sum: 0, Workers: 4
[16.742s][debug][gc,phases      ] GC(31)     Total                          Min: 0, Avg:  0.0, Max: 0, Diff: 0, Sum: 0, Workers: 4
[16.742s][debug][gc,phases      ] GC(31)   StringDedup Requests0 Weak     Min:  0.0, Avg:  0.0, Max:  0.0, Diff:  0.0, Sum:  0.0, Workers: 4
[16.742s][debug][gc,phases      ] GC(31)     Dead                           Min: 0, Avg:  0.0, Max: 0, Diff: 0, Sum: 0, Workers: 4
[16.742s][debug][gc,phases      ] GC(31)     Total                          Min: 0, Avg:  0.0, Max: 0, Diff: 0, Sum: 0, Workers: 4
[16.742s][debug][gc,phases      ] GC(31)   StringDedup Requests1 Weak     Min:  0.0, Avg:  0.0, Max:  0.0, Diff:  0.0, Sum:  0.0, Workers: 4
[16.742s][debug][gc,phases      ] GC(31)     Dead                           Min: 0, Avg:  0.0, Max: 0, Diff: 0, Sum: 0, Workers: 4
[16.742s][debug][gc,phases      ] GC(31)     Total                          Min: 0, Avg:  0.0, Max: 0, Diff: 0, Sum: 0, Workers: 4
[16.742s][debug][gc,phases      ] GC(31)   Weak JFR Old Object Samples    Min:  0.0, Avg:  0.0, Max:  0.0, Diff:  0.0, Sum:  0.0, Workers: 4
[16.742s][debug][gc,phases      ] GC(31)     Dead                           Min: 0, Avg:  0.0, Max: 0, Diff: 0, Sum: 0, Workers: 4
[16.742s][debug][gc,phases      ] GC(31)     Total                          Min: 0, Avg:  0.0, Max: 0, Diff: 0, Sum: 0, Workers: 4
[16.742s][debug][gc,phases      ] GC(31) Weak Processing 0.334ms
[16.742s][debug][gc,age         ] GC(31) Desired survivor size 318767104 bytes, new threshold 15 (max threshold 15)
[16.742s][info ][gc,heap        ] GC(31) PSYoungGen: 1672773K(1783296K)->182301K(1673728K) Eden: 1490944K(1490944K)->0K(1490944K) From: 181829K(292352K)->182301K(182784K)
[16.742s][info ][gc,heap        ] GC(31) ParOldGen: 355805K(459776K)->356765K(459776K)
[16.742s][info ][gc,metaspace   ] GC(31) Metaspace: 67791K(68544K)->67791K(68544K) NonClass: 57906K(58304K)->57906K(58304K) Class: 9884K(10240K)->9884K(10240K)
[16.742s][info ][gc             ] GC(31) Pause Young (Allocation Failure) 1981M->526M(2083M) 131.359ms
[16.742s][info ][gc,cpu         ] GC(31) User=0.52s Sys=0.00s Real=0.13s
[16.742s][info ][safepoint      ] Safepoint "ParallelGCFailedAllocation", Time since last: 72408213 ns, Reaching safepoint: 137110 ns, At safepoint: 131466760 ns, Total: 131603870 ns
[17.094s][info ][gc,start       ] GC(32) Pause Young (Allocation Failure)
[17.225s][debug][gc,phases      ] GC(32) Scavenge 130.523ms
[17.225s][debug][gc,ref         ] GC(32) Skipped phase 1 of Reference Processing: no references
[17.225s][debug][gc,ref         ] GC(32) ReferenceProcessor::execute queues: 2, RefProcThreadModel::Multi, marks_oops_alive: false
[17.225s][debug][gc,ref         ] GC(32) Skipped phase 3 of Reference Processing: no references
[17.225s][debug][gc,ref         ] GC(32) ReferenceProcessor::execute queues: 1, RefProcThreadModel::Single, marks_oops_alive: false
[17.225s][debug][gc,phases      ] GC(32) Reference Processing 0.230ms
[17.225s][debug][gc,phases      ] GC(32)   VM Weak                        Min:  0.0, Avg:  0.0, Max:  0.0, Diff:  0.0, Sum:  0.0, Workers: 4
[17.225s][debug][gc,phases      ] GC(32)     Dead                           Min: 0, Avg:  0.0, Max: 0, Diff: 0, Sum: 0, Workers: 4
[17.225s][debug][gc,phases      ] GC(32)     Total                          Min: 0, Avg: 147.0, Max: 576, Diff: 576, Sum: 588, Workers: 4
[17.225s][debug][gc,phases      ] GC(32)   ObjectSynchronizer Weak        Min:  0.0, Avg:  0.0, Max:  0.0, Diff:  0.0, Sum:  0.0, Workers: 4
[17.225s][debug][gc,phases      ] GC(32)     Dead                           Min: 0, Avg:  0.0, Max: 0, Diff: 0, Sum: 0, Workers: 4
[17.225s][debug][gc,phases      ] GC(32)     Total                          Min: 0, Avg: 70.0, Max: 152, Diff: 152, Sum: 280, Workers: 4
[17.225s][debug][gc,phases      ] GC(32)   JVMTI Tag Weak OopStorage      Min:  0.0, Avg:  0.0, Max:  0.0, Diff:  0.0, Sum:  0.0, Workers: 4
[17.225s][debug][gc,phases      ] GC(32)     Dead                           Min: 0, Avg:  0.0, Max: 0, Diff: 0, Sum: 0, Workers: 4
[17.225s][debug][gc,phases      ] GC(32)     Total                          Min: 0, Avg:  0.0, Max: 0, Diff: 0, Sum: 0, Workers: 4
[17.225s][debug][gc,phases      ] GC(32)   StringTable Weak               Min:  0.1, Avg:  0.1, Max:  0.1, Diff:  0.0, Sum:  0.5, Workers: 4
[17.225s][debug][gc,phases      ] GC(32)     Dead                           Min: 0, Avg:  2.8, Max: 11, Diff: 11, Sum: 11, Workers: 4
[17.225s][debug][gc,phases      ] GC(32)     Total                          Min: 10368, Avg: 10657.8, Max: 11335, Diff: 967, Sum: 42631, Workers: 4
[17.225s][debug][gc,phases      ] GC(32)   ResolvedMethodTable Weak       Min:  0.0, Avg:  0.0, Max:  0.0, Diff:  0.0, Sum:  0.1, Workers: 4
[17.225s][debug][gc,phases      ] GC(32)     Dead                           Min: 0, Avg:  4.0, Max: 16, Diff: 16, Sum: 16, Workers: 4
[17.225s][debug][gc,phases      ] GC(32)     Total                          Min: 1472, Avg: 1746.8, Max: 1975, Diff: 503, Sum: 6987, Workers: 4
[17.225s][debug][gc,phases      ] GC(32)   JNI Weak                       Min:  0.0, Avg:  0.0, Max:  0.0, Diff:  0.0, Sum:  0.0, Workers: 4
[17.225s][debug][gc,phases      ] GC(32)     Dead                           Min: 0, Avg:  0.0, Max: 0, Diff: 0, Sum: 0, Workers: 4
[17.225s][debug][gc,phases      ] GC(32)     Total                          Min: 0, Avg:  1.2, Max: 5, Diff: 5, Sum: 5, Workers: 4
[17.225s][debug][gc,phases      ] GC(32)   StringDedup Table Weak         Min:  0.0, Avg:  0.0, Max:  0.0, Diff:  0.0, Sum:  0.0, Workers: 4
[17.225s][debug][gc,phases      ] GC(32)     Dead                           Min: 0, Avg:  0.0, Max: 0, Diff: 0, Sum: 0, Workers: 4
[17.225s][debug][gc,phases      ] GC(32)     Total                          Min: 0, Avg:  0.0, Max: 0, Diff: 0, Sum: 0, Workers: 4
[17.225s][debug][gc,phases      ] GC(32)   StringDedup Requests0 Weak     Min:  0.0, Avg:  0.0, Max:  0.0, Diff:  0.0, Sum:  0.0, Workers: 4
[17.225s][debug][gc,phases      ] GC(32)     Dead                           Min: 0, Avg:  0.0, Max: 0, Diff: 0, Sum: 0, Workers: 4
[17.225s][debug][gc,phases      ] GC(32)     Total                          Min: 0, Avg:  0.0, Max: 0, Diff: 0, Sum: 0, Workers: 4
[17.225s][debug][gc,phases      ] GC(32)   StringDedup Requests1 Weak     Min:  0.0, Avg:  0.0, Max:  0.0, Diff:  0.0, Sum:  0.0, Workers: 4
[17.225s][debug][gc,phases      ] GC(32)     Dead                           Min: 0, Avg:  0.0, Max: 0, Diff: 0, Sum: 0, Workers: 4
[17.225s][debug][gc,phases      ] GC(32)     Total                          Min: 0, Avg:  0.0, Max: 0, Diff: 0, Sum: 0, Workers: 4
[17.226s][debug][gc,phases      ] GC(32)   Weak JFR Old Object Samples    Min:  0.0, Avg:  0.0, Max:  0.0, Diff:  0.0, Sum:  0.0, Workers: 4
[17.226s][debug][gc,phases      ] GC(32)     Dead                           Min: 0, Avg:  0.0, Max: 0, Diff: 0, Sum: 0, Workers: 4
[17.226s][debug][gc,phases      ] GC(32)     Total                          Min: 0, Avg:  0.0, Max: 0, Diff: 0, Sum: 0, Workers: 4
[17.226s][debug][gc,phases      ] GC(32) Weak Processing 0.337ms
[17.226s][debug][gc,age         ] GC(32) Desired survivor size 323485696 bytes, new threshold 15 (max threshold 15)
[17.226s][info ][gc,heap        ] GC(32) PSYoungGen: 1673245K(1673728K)->182013K(1776640K) Eden: 1490944K(1490944K)->0K(1465344K) From: 182301K(182784K)->182013K(311296K)
[17.226s][info ][gc,heap        ] GC(32) ParOldGen: 356765K(459776K)->358137K(459776K)
[17.226s][info ][gc,metaspace   ] GC(32) Metaspace: 67825K(68608K)->67825K(68608K) NonClass: 57939K(58368K)->57939K(58368K) Class: 9886K(10240K)->9886K(10240K)
[17.226s][info ][gc             ] GC(32) Pause Young (Allocation Failure) 1982M->527M(2184M) 131.220ms
[17.226s][info ][gc,cpu         ] GC(32) User=0.50s Sys=0.00s Real=0.13s
[17.226s][info ][safepoint      ] Safepoint "ParallelGCFailedAllocation", Time since last: 351881621 ns, Reaching safepoint: 178913 ns, At safepoint: 131344751 ns, Total: 131523664 ns
[17.641s][info ][gc,start       ] GC(33) Pause Young (Allocation Failure)
[17.757s][debug][gc,phases      ] GC(33) Scavenge 115.761ms
[17.757s][debug][gc,ref         ] GC(33) Skipped phase 1 of Reference Processing: no references
[17.757s][debug][gc,ref         ] GC(33) ReferenceProcessor::execute queues: 1, RefProcThreadModel::Single, marks_oops_alive: false
[17.757s][debug][gc,ref         ] GC(33) Skipped phase 3 of Reference Processing: no references
[17.757s][debug][gc,ref         ] GC(33) ReferenceProcessor::execute queues: 1, RefProcThreadModel::Single, marks_oops_alive: false
[17.757s][debug][gc,phases      ] GC(33) Reference Processing 0.180ms
[17.757s][debug][gc,phases      ] GC(33)   VM Weak                        Min:  0.0, Avg:  0.0, Max:  0.0, Diff:  0.0, Sum:  0.0, Workers: 4
[17.757s][debug][gc,phases      ] GC(33)     Dead                           Min: 0, Avg:  0.0, Max: 0, Diff: 0, Sum: 0, Workers: 4
[17.757s][debug][gc,phases      ] GC(33)     Total                          Min: 0, Avg: 148.2, Max: 448, Diff: 448, Sum: 593, Workers: 4
[17.757s][debug][gc,phases      ] GC(33)   ObjectSynchronizer Weak        Min:  0.0, Avg:  0.0, Max:  0.0, Diff:  0.0, Sum:  0.0, Workers: 4
[17.757s][debug][gc,phases      ] GC(33)     Dead                           Min: 0, Avg:  0.0, Max: 0, Diff: 0, Sum: 0, Workers: 4
[17.757s][debug][gc,phases      ] GC(33)     Total                          Min: 0, Avg: 70.0, Max: 128, Diff: 128, Sum: 280, Workers: 4
[17.757s][debug][gc,phases      ] GC(33)   JVMTI Tag Weak OopStorage      Min:  0.0, Avg:  0.0, Max:  0.0, Diff:  0.0, Sum:  0.0, Workers: 4
[17.758s][debug][gc,phases      ] GC(33)     Dead                           Min: 0, Avg:  0.0, Max: 0, Diff: 0, Sum: 0, Workers: 4
[17.758s][debug][gc,phases      ] GC(33)     Total                          Min: 0, Avg:  0.0, Max: 0, Diff: 0, Sum: 0, Workers: 4
[17.758s][debug][gc,phases      ] GC(33)   StringTable Weak               Min:  0.1, Avg:  0.1, Max:  0.1, Diff:  0.0, Sum:  0.5, Workers: 4
[17.758s][debug][gc,phases      ] GC(33)     Dead                           Min: 0, Avg:  2.8, Max: 11, Diff: 11, Sum: 11, Workers: 4
[17.758s][debug][gc,phases      ] GC(33)     Total                          Min: 9333, Avg: 10666.2, Max: 11380, Diff: 2047, Sum: 42665, Workers: 4
[17.758s][debug][gc,phases      ] GC(33)   ResolvedMethodTable Weak       Min:  0.0, Avg:  0.0, Max:  0.0, Diff:  0.0, Sum:  0.1, Workers: 4
[17.758s][debug][gc,phases      ] GC(33)     Dead                           Min: 0, Avg:  4.0, Max: 16, Diff: 16, Sum: 16, Workers: 4
[17.758s][debug][gc,phases      ] GC(33)     Total                          Min: 1536, Avg: 1758.8, Max: 1919, Diff: 383, Sum: 7035, Workers: 4
[17.758s][debug][gc,phases      ] GC(33)   JNI Weak                       Min:  0.0, Avg:  0.0, Max:  0.0, Diff:  0.0, Sum:  0.0, Workers: 4
[17.758s][debug][gc,phases      ] GC(33)     Dead                           Min: 0, Avg:  0.0, Max: 0, Diff: 0, Sum: 0, Workers: 4
[17.758s][debug][gc,phases      ] GC(33)     Total                          Min: 0, Avg:  1.5, Max: 6, Diff: 6, Sum: 6, Workers: 4
[17.758s][debug][gc,phases      ] GC(33)   StringDedup Table Weak         Min:  0.0, Avg:  0.0, Max:  0.0, Diff:  0.0, Sum:  0.0, Workers: 4
[17.758s][debug][gc,phases      ] GC(33)     Dead                           Min: 0, Avg:  0.0, Max: 0, Diff: 0, Sum: 0, Workers: 4
[17.758s][debug][gc,phases      ] GC(33)     Total                          Min: 0, Avg:  0.0, Max: 0, Diff: 0, Sum: 0, Workers: 4
[17.758s][debug][gc,phases      ] GC(33)   StringDedup Requests0 Weak     Min:  0.0, Avg:  0.0, Max:  0.0, Diff:  0.0, Sum:  0.0, Workers: 4
[17.758s][debug][gc,phases      ] GC(33)     Dead                           Min: 0, Avg:  0.0, Max: 0, Diff: 0, Sum: 0, Workers: 4
[17.758s][debug][gc,phases      ] GC(33)     Total                          Min: 0, Avg:  0.0, Max: 0, Diff: 0, Sum: 0, Workers: 4
[17.758s][debug][gc,phases      ] GC(33)   StringDedup Requests1 Weak     Min:  0.0, Avg:  0.0, Max:  0.0, Diff:  0.0, Sum:  0.0, Workers: 4
[17.758s][debug][gc,phases      ] GC(33)     Dead                           Min: 0, Avg:  0.0, Max: 0, Diff: 0, Sum: 0, Workers: 4
[17.758s][debug][gc,phases      ] GC(33)     Total                          Min: 0, Avg:  0.0, Max: 0, Diff: 0, Sum: 0, Workers: 4
[17.758s][debug][gc,phases      ] GC(33)   Weak JFR Old Object Samples    Min:  0.0, Avg:  0.0, Max:  0.0, Diff:  0.0, Sum:  0.0, Workers: 4
[17.758s][debug][gc,phases      ] GC(33)     Dead                           Min: 0, Avg:  0.0, Max: 0, Diff: 0, Sum: 0, Workers: 4
[17.758s][debug][gc,phases      ] GC(33)     Total                          Min: 0, Avg:  0.0, Max: 0, Diff: 0, Sum: 0, Workers: 4
[17.758s][debug][gc,phases      ] GC(33) Weak Processing 0.336ms
[17.758s][debug][gc,age         ] GC(33) Desired survivor size 325582848 bytes, new threshold 15 (max threshold 15)
[17.758s][info ][gc,heap        ] GC(33) PSYoungGen: 1647357K(1776640K)->180525K(1646080K) Eden: 1465344K(1465344K)->0K(1465344K) From: 182013K(311296K)->180525K(180736K)
[17.758s][info ][gc,heap        ] GC(33) ParOldGen: 358137K(459776K)->360313K(459776K)
[17.758s][info ][gc,metaspace   ] GC(33) Metaspace: 68016K(68736K)->68016K(68736K) NonClass: 58104K(58496K)->58104K(58496K) Class: 9911K(10240K)->9911K(10240K)
[17.758s][info ][gc             ] GC(33) Pause Young (Allocation Failure) 1958M->528M(2056M) 116.414ms
[17.758s][info ][gc,cpu         ] GC(33) User=0.47s Sys=0.00s Real=0.12s
[17.758s][info ][safepoint      ] Safepoint "ParallelGCFailedAllocation", Time since last: 414713642 ns, Reaching safepoint: 846361 ns, At safepoint: 116526081 ns, Total: 117372442 ns
[18.071s][info ][gc,start       ] GC(34) Pause Young (Allocation Failure)
[18.187s][debug][gc,phases      ] GC(34) Scavenge 116.390ms
[18.187s][debug][gc,ref         ] GC(34) Skipped phase 1 of Reference Processing: no references
[18.187s][debug][gc,ref         ] GC(34) ReferenceProcessor::execute queues: 2, RefProcThreadModel::Multi, marks_oops_alive: false
[18.187s][debug][gc,ref         ] GC(34) Skipped phase 3 of Reference Processing: no references
[18.187s][debug][gc,ref         ] GC(34) ReferenceProcessor::execute queues: 1, RefProcThreadModel::Single, marks_oops_alive: false
[18.187s][debug][gc,phases      ] GC(34) Reference Processing 0.206ms
[18.187s][debug][gc,phases      ] GC(34)   VM Weak                        Min:  0.0, Avg:  0.0, Max:  0.0, Diff:  0.0, Sum:  0.0, Workers: 4
[18.187s][debug][gc,phases      ] GC(34)     Dead                           Min: 0, Avg:  0.0, Max: 0, Diff: 0, Sum: 0, Workers: 4
[18.187s][debug][gc,phases      ] GC(34)     Total                          Min: 0, Avg: 148.2, Max: 512, Diff: 512, Sum: 593, Workers: 4
[18.187s][debug][gc,phases      ] GC(34)   ObjectSynchronizer Weak        Min:  0.0, Avg:  0.0, Max:  0.0, Diff:  0.0, Sum:  0.0, Workers: 4
[18.187s][debug][gc,phases      ] GC(34)     Dead                           Min: 0, Avg:  0.0, Max: 0, Diff: 0, Sum: 0, Workers: 4
[18.187s][debug][gc,phases      ] GC(34)     Total                          Min: 0, Avg: 70.0, Max: 152, Diff: 152, Sum: 280, Workers: 4
[18.187s][debug][gc,phases      ] GC(34)   JVMTI Tag Weak OopStorage      Min:  0.0, Avg:  0.0, Max:  0.0, Diff:  0.0, Sum:  0.0, Workers: 4
[18.187s][debug][gc,phases      ] GC(34)     Dead                           Min: 0, Avg:  0.0, Max: 0, Diff: 0, Sum: 0, Workers: 4
[18.187s][debug][gc,phases      ] GC(34)     Total                          Min: 0, Avg:  0.0, Max: 0, Diff: 0, Sum: 0, Workers: 4
[18.187s][debug][gc,phases      ] GC(34)   StringTable Weak               Min:  0.1, Avg:  0.1, Max:  0.1, Diff:  0.0, Sum:  0.4, Workers: 4
[18.187s][debug][gc,phases      ] GC(34)     Dead                           Min: 0, Avg:  2.8, Max: 11, Diff: 11, Sum: 11, Workers: 4
[18.187s][debug][gc,phases      ] GC(34)     Total                          Min: 10240, Avg: 10666.8, Max: 11125, Diff: 885, Sum: 42667, Workers: 4
[18.187s][debug][gc,phases      ] GC(34)   ResolvedMethodTable Weak       Min:  0.0, Avg:  0.0, Max:  0.0, Diff:  0.0, Sum:  0.1, Workers: 4
[18.187s][debug][gc,phases      ] GC(34)     Dead                           Min: 0, Avg:  0.0, Max: 0, Diff: 0, Sum: 0, Workers: 4
[18.187s][debug][gc,phases      ] GC(34)     Total                          Min: 1536, Avg: 1758.8, Max: 1916, Diff: 380, Sum: 7035, Workers: 4
[18.187s][debug][gc,phases      ] GC(34)   JNI Weak                       Min:  0.0, Avg:  0.0, Max:  0.0, Diff:  0.0, Sum:  0.0, Workers: 4
[18.187s][debug][gc,phases      ] GC(34)     Dead                           Min: 0, Avg:  0.0, Max: 0, Diff: 0, Sum: 0, Workers: 4
[18.188s][debug][gc,phases      ] GC(34)     Total                          Min: 0, Avg:  1.0, Max: 4, Diff: 4, Sum: 4, Workers: 4
[18.188s][debug][gc,phases      ] GC(34)   StringDedup Table Weak         Min:  0.0, Avg:  0.0, Max:  0.0, Diff:  0.0, Sum:  0.0, Workers: 4
[18.188s][debug][gc,phases      ] GC(34)     Dead                           Min: 0, Avg:  0.0, Max: 0, Diff: 0, Sum: 0, Workers: 4
[18.188s][debug][gc,phases      ] GC(34)     Total                          Min: 0, Avg:  0.0, Max: 0, Diff: 0, Sum: 0, Workers: 4
[18.188s][debug][gc,phases      ] GC(34)   StringDedup Requests0 Weak     Min:  0.0, Avg:  0.0, Max:  0.0, Diff:  0.0, Sum:  0.0, Workers: 4
[18.188s][debug][gc,phases      ] GC(34)     Dead                           Min: 0, Avg:  0.0, Max: 0, Diff: 0, Sum: 0, Workers: 4
[18.188s][debug][gc,phases      ] GC(34)     Total                          Min: 0, Avg:  0.0, Max: 0, Diff: 0, Sum: 0, Workers: 4
[18.188s][debug][gc,phases      ] GC(34)   StringDedup Requests1 Weak     Min:  0.0, Avg:  0.0, Max:  0.0, Diff:  0.0, Sum:  0.0, Workers: 4
[18.188s][debug][gc,phases      ] GC(34)     Dead                           Min: 0, Avg:  0.0, Max: 0, Diff: 0, Sum: 0, Workers: 4
[18.188s][debug][gc,phases      ] GC(34)     Total                          Min: 0, Avg:  0.0, Max: 0, Diff: 0, Sum: 0, Workers: 4
[18.188s][debug][gc,phases      ] GC(34)   Weak JFR Old Object Samples    Min:  0.0, Avg:  0.0, Max:  0.0, Diff:  0.0, Sum:  0.0, Workers: 4
[18.188s][debug][gc,phases      ] GC(34)     Dead                           Min: 0, Avg:  0.0, Max: 0, Diff: 0, Sum: 0, Workers: 4
[18.188s][debug][gc,phases      ] GC(34)     Total                          Min: 0, Avg:  0.0, Max: 0, Diff: 0, Sum: 0, Workers: 4
[18.188s][debug][gc,phases      ] GC(34) Weak Processing 0.316ms
[18.188s][debug][gc,age         ] GC(34) Desired survivor size 326107136 bytes, new threshold 15 (max threshold 15)
[18.188s][info ][gc,heap        ] GC(34) PSYoungGen: 1645869K(1646080K)->180237K(1778176K) Eden: 1465344K(1465344K)->0K(1460224K) From: 180525K(180736K)->180237K(317952K)
[18.188s][info ][gc,heap        ] GC(34) ParOldGen: 360313K(459776K)->360817K(459776K)
[18.188s][info ][gc,metaspace   ] GC(34) Metaspace: 68028K(68736K)->68028K(68736K) NonClass: 58117K(58496K)->58117K(58496K) Class: 9911K(10240K)->9911K(10240K)
[18.188s][info ][gc             ] GC(34) Pause Young (Allocation Failure) 1959M->528M(2185M) 117.054ms
[18.188s][info ][gc,cpu         ] GC(34) User=0.46s Sys=0.00s Real=0.12s
[18.188s][info ][safepoint      ] Safepoint "ParallelGCFailedAllocation", Time since last: 312627086 ns, Reaching safepoint: 149611 ns, At safepoint: 117167727 ns, Total: 117317338 ns
[18.567s][info ][gc,start       ] GC(35) Pause Young (Allocation Failure)
[18.679s][debug][gc,phases      ] GC(35) Scavenge 111.969ms
[18.679s][debug][gc,ref         ] GC(35) Skipped phase 1 of Reference Processing: no references
[18.679s][debug][gc,ref         ] GC(35) ReferenceProcessor::execute queues: 1, RefProcThreadModel::Single, marks_oops_alive: false
[18.679s][debug][gc,ref         ] GC(35) Skipped phase 3 of Reference Processing: no references
[18.679s][debug][gc,ref         ] GC(35) ReferenceProcessor::execute queues: 1, RefProcThreadModel::Single, marks_oops_alive: false
[18.679s][debug][gc,phases      ] GC(35) Reference Processing 0.156ms
[18.679s][debug][gc,phases      ] GC(35)   VM Weak                        Min:  0.0, Avg:  0.0, Max:  0.0, Diff:  0.0, Sum:  0.0, Workers: 4
[18.679s][debug][gc,phases      ] GC(35)     Dead                           Min: 0, Avg:  0.0, Max: 0, Diff: 0, Sum: 0, Workers: 4
[18.679s][debug][gc,phases      ] GC(35)     Total                          Min: 0, Avg: 148.2, Max: 576, Diff: 576, Sum: 593, Workers: 4
[18.679s][debug][gc,phases      ] GC(35)   ObjectSynchronizer Weak        Min:  0.0, Avg:  0.0, Max:  0.0, Diff:  0.0, Sum:  0.0, Workers: 4
[18.679s][debug][gc,phases      ] GC(35)     Dead                           Min: 0, Avg:  0.0, Max: 0, Diff: 0, Sum: 0, Workers: 4
[18.679s][debug][gc,phases      ] GC(35)     Total                          Min: 0, Avg: 70.0, Max: 128, Diff: 128, Sum: 280, Workers: 4
[18.679s][debug][gc,phases      ] GC(35)   JVMTI Tag Weak OopStorage      Min:  0.0, Avg:  0.0, Max:  0.0, Diff:  0.0, Sum:  0.0, Workers: 4
[18.679s][debug][gc,phases      ] GC(35)     Dead                           Min: 0, Avg:  0.0, Max: 0, Diff: 0, Sum: 0, Workers: 4
[18.679s][debug][gc,phases      ] GC(35)     Total                          Min: 0, Avg:  0.0, Max: 0, Diff: 0, Sum: 0, Workers: 4
[18.679s][debug][gc,phases      ] GC(35)   StringTable Weak               Min:  0.1, Avg:  0.1, Max:  0.1, Diff:  0.0, Sum:  0.4, Workers: 4
[18.679s][debug][gc,phases      ] GC(35)     Dead                           Min: 0, Avg:  2.8, Max: 10, Diff: 10, Sum: 11, Workers: 4
[18.679s][debug][gc,phases      ] GC(35)     Total                          Min: 10044, Avg: 10671.0, Max: 11648, Diff: 1604, Sum: 42684, Workers: 4
[18.679s][debug][gc,phases      ] GC(35)   ResolvedMethodTable Weak       Min:  0.0, Avg:  0.0, Max:  0.0, Diff:  0.0, Sum:  0.1, Workers: 4
[18.679s][debug][gc,phases      ] GC(35)     Dead                           Min: 0, Avg:  0.0, Max: 0, Diff: 0, Sum: 0, Workers: 4
[18.679s][debug][gc,phases      ] GC(35)     Total                          Min: 1536, Avg: 1758.8, Max: 1984, Diff: 448, Sum: 7035, Workers: 4
[18.679s][debug][gc,phases      ] GC(35)   JNI Weak                       Min:  0.0, Avg:  0.0, Max:  0.0, Diff:  0.0, Sum:  0.0, Workers: 4
[18.679s][debug][gc,phases      ] GC(35)     Dead                           Min: 0, Avg:  0.0, Max: 0, Diff: 0, Sum: 0, Workers: 4
[18.679s][debug][gc,phases      ] GC(35)     Total                          Min: 0, Avg:  0.8, Max: 3, Diff: 3, Sum: 3, Workers: 4
[18.679s][debug][gc,phases      ] GC(35)   StringDedup Table Weak         Min:  0.0, Avg:  0.0, Max:  0.0, Diff:  0.0, Sum:  0.0, Workers: 4
[18.679s][debug][gc,phases      ] GC(35)     Dead                           Min: 0, Avg:  0.0, Max: 0, Diff: 0, Sum: 0, Workers: 4
[18.679s][debug][gc,phases      ] GC(35)     Total                          Min: 0, Avg:  0.0, Max: 0, Diff: 0, Sum: 0, Workers: 4
[18.679s][debug][gc,phases      ] GC(35)   StringDedup Requests0 Weak     Min:  0.0, Avg:  0.0, Max:  0.0, Diff:  0.0, Sum:  0.0, Workers: 4
[18.679s][debug][gc,phases      ] GC(35)     Dead                           Min: 0, Avg:  0.0, Max: 0, Diff: 0, Sum: 0, Workers: 4
[18.679s][debug][gc,phases      ] GC(35)     Total                          Min: 0, Avg:  0.0, Max: 0, Diff: 0, Sum: 0, Workers: 4
[18.679s][debug][gc,phases      ] GC(35)   StringDedup Requests1 Weak     Min:  0.0, Avg:  0.0, Max:  0.0, Diff:  0.0, Sum:  0.0, Workers: 4
[18.679s][debug][gc,phases      ] GC(35)     Dead                           Min: 0, Avg:  0.0, Max: 0, Diff: 0, Sum: 0, Workers: 4
[18.679s][debug][gc,phases      ] GC(35)     Total                          Min: 0, Avg:  0.0, Max: 0, Diff: 0, Sum: 0, Workers: 4
[18.679s][debug][gc,phases      ] GC(35)   Weak JFR Old Object Samples    Min:  0.0, Avg:  0.0, Max:  0.0, Diff:  0.0, Sum:  0.0, Workers: 4
[18.679s][debug][gc,phases      ] GC(35)     Dead                           Min: 0, Avg:  0.0, Max: 0, Diff: 0, Sum: 0, Workers: 4
[18.679s][debug][gc,phases      ] GC(35)     Total                          Min: 0, Avg:  0.0, Max: 0, Diff: 0, Sum: 0, Workers: 4
[18.679s][debug][gc,phases      ] GC(35) Weak Processing 0.277ms
[18.679s][debug][gc,age         ] GC(35) Desired survivor size 324009984 bytes, new threshold 15 (max threshold 15)
[18.679s][info ][gc,heap        ] GC(35) PSYoungGen: 1640461K(1778176K)->178749K(1778688K) Eden: 1460224K(1460224K)->0K(1460224K) From: 180237K(317952K)->178749K(318464K)
[18.679s][info ][gc,heap        ] GC(35) ParOldGen: 360817K(459776K)->362313K(459776K)
[18.679s][info ][gc,metaspace   ] GC(35) Metaspace: 68210K(69056K)->68210K(69056K) NonClass: 58284K(58752K)->58284K(58752K) Class: 9926K(10304K)->9926K(10304K)
[18.679s][info ][gc             ] GC(35) Pause Young (Allocation Failure) 1954M->528M(2186M) 112.544ms
[18.679s][info ][gc,cpu         ] GC(35) User=0.46s Sys=0.00s Real=0.11s
[18.680s][info ][safepoint      ] Safepoint "ParallelGCFailedAllocation", Time since last: 379050564 ns, Reaching safepoint: 164112 ns, At safepoint: 112659700 ns, Total: 112823812 ns
[19.022s][info ][gc,start       ] GC(36) Pause Young (Allocation Failure)
[19.130s][debug][gc,phases      ] GC(36) Scavenge 108.478ms
[19.130s][debug][gc,ref         ] GC(36) Skipped phase 1 of Reference Processing: no references
[19.131s][debug][gc,ref         ] GC(36) ReferenceProcessor::execute queues: 2, RefProcThreadModel::Multi, marks_oops_alive: false
[19.131s][debug][gc,ref         ] GC(36) Skipped phase 3 of Reference Processing: no references
[19.131s][debug][gc,ref         ] GC(36) ReferenceProcessor::execute queues: 1, RefProcThreadModel::Single, marks_oops_alive: false
[19.131s][debug][gc,phases      ] GC(36) Reference Processing 0.187ms
[19.131s][debug][gc,phases      ] GC(36)   VM Weak                        Min:  0.0, Avg:  0.0, Max:  0.0, Diff:  0.0, Sum:  0.0, Workers: 4
[19.131s][debug][gc,phases      ] GC(36)     Dead                           Min: 0, Avg:  0.0, Max: 0, Diff: 0, Sum: 0, Workers: 4
[19.131s][debug][gc,phases      ] GC(36)     Total                          Min: 0, Avg: 148.2, Max: 209, Diff: 209, Sum: 593, Workers: 4
[19.131s][debug][gc,phases      ] GC(36)   ObjectSynchronizer Weak        Min:  0.0, Avg:  0.0, Max:  0.0, Diff:  0.0, Sum:  0.0, Workers: 4
[19.131s][debug][gc,phases      ] GC(36)     Dead                           Min: 0, Avg:  0.0, Max: 0, Diff: 0, Sum: 0, Workers: 4
[19.131s][debug][gc,phases      ] GC(36)     Total                          Min: 0, Avg: 70.0, Max: 128, Diff: 128, Sum: 280, Workers: 4
[19.131s][debug][gc,phases      ] GC(36)   JVMTI Tag Weak OopStorage      Min:  0.0, Avg:  0.0, Max:  0.0, Diff:  0.0, Sum:  0.0, Workers: 4
[19.131s][debug][gc,phases      ] GC(36)     Dead                           Min: 0, Avg:  0.0, Max: 0, Diff: 0, Sum: 0, Workers: 4
[19.131s][debug][gc,phases      ] GC(36)     Total                          Min: 0, Avg:  0.0, Max: 0, Diff: 0, Sum: 0, Workers: 4
[19.131s][debug][gc,phases      ] GC(36)   StringTable Weak               Min:  0.1, Avg:  0.1, Max:  0.1, Diff:  0.0, Sum:  0.5, Workers: 4
[19.131s][debug][gc,phases      ] GC(36)     Dead                           Min: 0, Avg:  2.8, Max: 11, Diff: 11, Sum: 11, Workers: 4
[19.131s][debug][gc,phases      ] GC(36)     Total                          Min: 9270, Avg: 10672.5, Max: 11277, Diff: 2007, Sum: 42690, Workers: 4
[19.131s][debug][gc,phases      ] GC(36)   ResolvedMethodTable Weak       Min:  0.0, Avg:  0.0, Max:  0.0, Diff:  0.0, Sum:  0.1, Workers: 4
[19.131s][debug][gc,phases      ] GC(36)     Dead                           Min: 0, Avg:  0.0, Max: 0, Diff: 0, Sum: 0, Workers: 4
[19.131s][debug][gc,phases      ] GC(36)     Total                          Min: 1536, Avg: 1758.8, Max: 1919, Diff: 383, Sum: 7035, Workers: 4
[19.131s][debug][gc,phases      ] GC(36)   JNI Weak                       Min:  0.0, Avg:  0.0, Max:  0.0, Diff:  0.0, Sum:  0.0, Workers: 4
[19.131s][debug][gc,phases      ] GC(36)     Dead                           Min: 0, Avg:  0.0, Max: 0, Diff: 0, Sum: 0, Workers: 4
[19.131s][debug][gc,phases      ] GC(36)     Total                          Min: 0, Avg:  0.2, Max: 1, Diff: 1, Sum: 1, Workers: 4
[19.131s][debug][gc,phases      ] GC(36)   StringDedup Table Weak         Min:  0.0, Avg:  0.0, Max:  0.0, Diff:  0.0, Sum:  0.0, Workers: 4
[19.131s][debug][gc,phases      ] GC(36)     Dead                           Min: 0, Avg:  0.0, Max: 0, Diff: 0, Sum: 0, Workers: 4
[19.131s][debug][gc,phases      ] GC(36)     Total                          Min: 0, Avg:  0.0, Max: 0, Diff: 0, Sum: 0, Workers: 4
[19.131s][debug][gc,phases      ] GC(36)   StringDedup Requests0 Weak     Min:  0.0, Avg:  0.0, Max:  0.0, Diff:  0.0, Sum:  0.0, Workers: 4
[19.131s][debug][gc,phases      ] GC(36)     Dead                           Min: 0, Avg:  0.0, Max: 0, Diff: 0, Sum: 0, Workers: 4
[19.131s][debug][gc,phases      ] GC(36)     Total                          Min: 0, Avg:  0.0, Max: 0, Diff: 0, Sum: 0, Workers: 4
[19.131s][debug][gc,phases      ] GC(36)   StringDedup Requests1 Weak     Min:  0.0, Avg:  0.0, Max:  0.0, Diff:  0.0, Sum:  0.0, Workers: 4
[19.131s][debug][gc,phases      ] GC(36)     Dead                           Min: 0, Avg:  0.0, Max: 0, Diff: 0, Sum: 0, Workers: 4
[19.131s][debug][gc,phases      ] GC(36)     Total                          Min: 0, Avg:  0.0, Max: 0, Diff: 0, Sum: 0, Workers: 4
[19.131s][debug][gc,phases      ] GC(36)   Weak JFR Old Object Samples    Min:  0.0, Avg:  0.0, Max:  0.0, Diff:  0.0, Sum:  0.0, Workers: 4
[19.131s][debug][gc,phases      ] GC(36)     Dead                           Min: 0, Avg:  0.0, Max: 0, Diff: 0, Sum: 0, Workers: 4
[19.131s][debug][gc,phases      ] GC(36)     Total                          Min: 0, Avg:  0.0, Max: 0, Diff: 0, Sum: 0, Workers: 4
[19.131s][debug][gc,phases      ] GC(36) Weak Processing 0.327ms
[19.131s][debug][gc,age         ] GC(36) Desired survivor size 320339968 bytes, new threshold 15 (max threshold 15)
[19.131s][info ][gc,heap        ] GC(36) PSYoungGen: 1638973K(1778688K)->175421K(1784320K) Eden: 1460224K(1460224K)->0K(1467904K) From: 178749K(318464K)->175421K(316416K)
[19.131s][info ][gc,heap        ] GC(36) ParOldGen: 362313K(459776K)->366161K(459776K)
[19.131s][info ][gc,metaspace   ] GC(36) Metaspace: 68260K(69056K)->68260K(69056K) NonClass: 58334K(58752K)->58334K(58752K) Class: 9926K(10304K)->9926K(10304K)
[19.131s][info ][gc             ] GC(36) Pause Young (Allocation Failure) 1954M->528M(2191M) 109.125ms
[19.131s][info ][gc,cpu         ] GC(36) User=0.43s Sys=0.00s Real=0.11s
[19.131s][info ][safepoint      ] Safepoint "ParallelGCFailedAllocation", Time since last: 342096795 ns, Reaching safepoint: 173212 ns, At safepoint: 109230653 ns, Total: 109403865 ns
[19.434s][info ][gc,start       ] GC(37) Pause Young (Allocation Failure)
[19.545s][debug][gc,phases      ] GC(37) Scavenge 110.350ms
[19.545s][debug][gc,ref         ] GC(37) Skipped phase 1 of Reference Processing: no references
[19.545s][debug][gc,ref         ] GC(37) ReferenceProcessor::execute queues: 1, RefProcThreadModel::Single, marks_oops_alive: false
[19.545s][debug][gc,ref         ] GC(37) Skipped phase 3 of Reference Processing: no references
[19.545s][debug][gc,ref         ] GC(37) ReferenceProcessor::execute queues: 1, RefProcThreadModel::Single, marks_oops_alive: false
[19.545s][debug][gc,phases      ] GC(37) Reference Processing 0.184ms
[19.545s][debug][gc,phases      ] GC(37)   VM Weak                        Min:  0.0, Avg:  0.0, Max:  0.0, Diff:  0.0, Sum:  0.0, Workers: 4
[19.545s][debug][gc,phases      ] GC(37)     Dead                           Min: 0, Avg:  0.0, Max: 0, Diff: 0, Sum: 0, Workers: 4
[19.545s][debug][gc,phases      ] GC(37)     Total                          Min: 0, Avg: 148.2, Max: 576, Diff: 576, Sum: 593, Workers: 4
[19.545s][debug][gc,phases      ] GC(37)   ObjectSynchronizer Weak        Min:  0.0, Avg:  0.0, Max:  0.0, Diff:  0.0, Sum:  0.0, Workers: 4
[19.545s][debug][gc,phases      ] GC(37)     Dead                           Min: 0, Avg:  0.0, Max: 0, Diff: 0, Sum: 0, Workers: 4
[19.545s][debug][gc,phases      ] GC(37)     Total                          Min: 0, Avg: 70.0, Max: 152, Diff: 152, Sum: 280, Workers: 4
[19.545s][debug][gc,phases      ] GC(37)   JVMTI Tag Weak OopStorage      Min:  0.0, Avg:  0.0, Max:  0.0, Diff:  0.0, Sum:  0.0, Workers: 4
[19.545s][debug][gc,phases      ] GC(37)     Dead                           Min: 0, Avg:  0.0, Max: 0, Diff: 0, Sum: 0, Workers: 4
[19.545s][debug][gc,phases      ] GC(37)     Total                          Min: 0, Avg:  0.0, Max: 0, Diff: 0, Sum: 0, Workers: 4
[19.545s][debug][gc,phases      ] GC(37)   StringTable Weak               Min:  0.0, Avg:  0.1, Max:  0.2, Diff:  0.2, Sum:  0.5, Workers: 4
[19.545s][debug][gc,phases      ] GC(37)     Dead                           Min: 0, Avg:  2.8, Max: 10, Diff: 10, Sum: 11, Workers: 4
[19.545s][debug][gc,phases      ] GC(37)     Total                          Min: 0, Avg: 10676.8, Max: 16083, Diff: 16083, Sum: 42707, Workers: 4
[19.545s][debug][gc,phases      ] GC(37)   ResolvedMethodTable Weak       Min:  0.0, Avg:  0.0, Max:  0.0, Diff:  0.0, Sum:  0.1, Workers: 4
[19.545s][debug][gc,phases      ] GC(37)     Dead                           Min: 0, Avg:  0.0, Max: 0, Diff: 0, Sum: 0, Workers: 4
[19.545s][debug][gc,phases      ] GC(37)     Total                          Min: 0, Avg: 1758.8, Max: 2560, Diff: 2560, Sum: 7035, Workers: 4
[19.545s][debug][gc,phases      ] GC(37)   JNI Weak                       Min:  0.0, Avg:  0.0, Max:  0.0, Diff:  0.0, Sum:  0.0, Workers: 4
[19.545s][debug][gc,phases      ] GC(37)     Dead                           Min: 0, Avg:  0.0, Max: 0, Diff: 0, Sum: 0, Workers: 4
[19.545s][debug][gc,phases      ] GC(37)     Total                          Min: 0, Avg:  0.5, Max: 2, Diff: 2, Sum: 2, Workers: 4
[19.545s][debug][gc,phases      ] GC(37)   StringDedup Table Weak         Min:  0.0, Avg:  0.0, Max:  0.0, Diff:  0.0, Sum:  0.0, Workers: 4
[19.545s][debug][gc,phases      ] GC(37)     Dead                           Min: 0, Avg:  0.0, Max: 0, Diff: 0, Sum: 0, Workers: 4
[19.545s][debug][gc,phases      ] GC(37)     Total                          Min: 0, Avg:  0.0, Max: 0, Diff: 0, Sum: 0, Workers: 4
[19.545s][debug][gc,phases      ] GC(37)   StringDedup Requests0 Weak     Min:  0.0, Avg:  0.0, Max:  0.0, Diff:  0.0, Sum:  0.0, Workers: 4
[19.545s][debug][gc,phases      ] GC(37)     Dead                           Min: 0, Avg:  0.0, Max: 0, Diff: 0, Sum: 0, Workers: 4
[19.545s][debug][gc,phases      ] GC(37)     Total                          Min: 0, Avg:  0.0, Max: 0, Diff: 0, Sum: 0, Workers: 4
[19.545s][debug][gc,phases      ] GC(37)   StringDedup Requests1 Weak     Min:  0.0, Avg:  0.0, Max:  0.0, Diff:  0.0, Sum:  0.0, Workers: 4
[19.545s][debug][gc,phases      ] GC(37)     Dead                           Min: 0, Avg:  0.0, Max: 0, Diff: 0, Sum: 0, Workers: 4
[19.545s][debug][gc,phases      ] GC(37)     Total                          Min: 0, Avg:  0.0, Max: 0, Diff: 0, Sum: 0, Workers: 4
[19.545s][debug][gc,phases      ] GC(37)   Weak JFR Old Object Samples    Min:  0.0, Avg:  0.0, Max:  0.0, Diff:  0.0, Sum:  0.0, Workers: 4
[19.545s][debug][gc,phases      ] GC(37)     Dead                           Min: 0, Avg:  0.0, Max: 0, Diff: 0, Sum: 0, Workers: 4
[19.545s][debug][gc,phases      ] GC(37)     Total                          Min: 0, Avg:  0.0, Max: 0, Diff: 0, Sum: 0, Workers: 4
[19.545s][debug][gc,phases      ] GC(37) Weak Processing 0.363ms
[19.545s][debug][gc,age         ] GC(37) Desired survivor size 314048512 bytes, new threshold 15 (max threshold 15)
[19.545s][info ][gc,heap        ] GC(37) PSYoungGen: 1643325K(1784320K)->171568K(1780736K) Eden: 1467904K(1467904K)->0K(1467904K) From: 175421K(316416K)->171568K(312832K)
[19.545s][info ][gc,heap        ] GC(37) ParOldGen: 366161K(459776K)->369503K(459776K)
[19.545s][info ][gc,metaspace   ] GC(37) Metaspace: 68295K(69120K)->68295K(69120K) NonClass: 58369K(58816K)->58369K(58816K) Class: 9926K(10304K)->9926K(10304K)
[19.545s][info ][gc             ] GC(37) Pause Young (Allocation Failure) 1962M->528M(2188M) 111.035ms
[19.545s][info ][gc,cpu         ] GC(37) User=0.44s Sys=0.00s Real=0.11s
[19.546s][info ][safepoint      ] Safepoint "ParallelGCFailedAllocation", Time since last: 303187097 ns, Reaching safepoint: 167512 ns, At safepoint: 111140790 ns, Total: 111308302 ns
[19.928s][info ][gc,start       ] GC(38) Pause Young (Allocation Failure)
[20.016s][debug][gc,phases      ] GC(38) Scavenge 87.710ms
[20.016s][debug][gc,ref         ] GC(38) Skipped phase 1 of Reference Processing: no references
[20.016s][debug][gc,ref         ] GC(38) ReferenceProcessor::execute queues: 1, RefProcThreadModel::Single, marks_oops_alive: false
[20.016s][debug][gc,ref         ] GC(38) Skipped phase 3 of Reference Processing: no references
[20.016s][debug][gc,ref         ] GC(38) ReferenceProcessor::execute queues: 1, RefProcThreadModel::Single, marks_oops_alive: false
[20.016s][debug][gc,phases      ] GC(38) Reference Processing 0.145ms
[20.016s][debug][gc,phases      ] GC(38)   VM Weak                        Min:  0.0, Avg:  0.0, Max:  0.0, Diff:  0.0, Sum:  0.0, Workers: 4
[20.016s][debug][gc,phases      ] GC(38)     Dead                           Min: 0, Avg:  0.0, Max: 0, Diff: 0, Sum: 0, Workers: 4
[20.016s][debug][gc,phases      ] GC(38)     Total                          Min: 0, Avg: 148.2, Max: 593, Diff: 593, Sum: 593, Workers: 4
[20.016s][debug][gc,phases      ] GC(38)   ObjectSynchronizer Weak        Min:  0.0, Avg:  0.0, Max:  0.0, Diff:  0.0, Sum:  0.0, Workers: 4
[20.016s][debug][gc,phases      ] GC(38)     Dead                           Min: 0, Avg:  0.0, Max: 0, Diff: 0, Sum: 0, Workers: 4
[20.016s][debug][gc,phases      ] GC(38)     Total                          Min: 0, Avg: 70.0, Max: 280, Diff: 280, Sum: 280, Workers: 4
[20.016s][debug][gc,phases      ] GC(38)   JVMTI Tag Weak OopStorage      Min:  0.0, Avg:  0.0, Max:  0.0, Diff:  0.0, Sum:  0.0, Workers: 4
[20.016s][debug][gc,phases      ] GC(38)     Dead                           Min: 0, Avg:  0.0, Max: 0, Diff: 0, Sum: 0, Workers: 4
[20.016s][debug][gc,phases      ] GC(38)     Total                          Min: 0, Avg:  0.0, Max: 0, Diff: 0, Sum: 0, Workers: 4
[20.016s][debug][gc,phases      ] GC(38)   StringTable Weak               Min:  0.1, Avg:  0.1, Max:  0.1, Diff:  0.0, Sum:  0.4, Workers: 4
[20.016s][debug][gc,phases      ] GC(38)     Dead                           Min: 0, Avg:  2.8, Max: 11, Diff: 11, Sum: 11, Workers: 4
[20.016s][debug][gc,phases      ] GC(38)     Total                          Min: 9856, Avg: 10678.0, Max: 11840, Diff: 1984, Sum: 42712, Workers: 4
[20.016s][debug][gc,phases      ] GC(38)   ResolvedMethodTable Weak       Min:  0.0, Avg:  0.0, Max:  0.0, Diff:  0.0, Sum:  0.1, Workers: 4
[20.016s][debug][gc,phases      ] GC(38)     Dead                           Min: 0, Avg:  0.0, Max: 0, Diff: 0, Sum: 0, Workers: 4
[20.016s][debug][gc,phases      ] GC(38)     Total                          Min: 1536, Avg: 1758.8, Max: 1856, Diff: 320, Sum: 7035, Workers: 4
[20.016s][debug][gc,phases      ] GC(38)   JNI Weak                       Min:  0.0, Avg:  0.0, Max:  0.0, Diff:  0.0, Sum:  0.0, Workers: 4
[20.016s][debug][gc,phases      ] GC(38)     Dead                           Min: 0, Avg:  0.0, Max: 0, Diff: 0, Sum: 0, Workers: 4
[20.016s][debug][gc,phases      ] GC(38)     Total                          Min: 0, Avg:  0.5, Max: 2, Diff: 2, Sum: 2, Workers: 4
[20.016s][debug][gc,phases      ] GC(38)   StringDedup Table Weak         Min:  0.0, Avg:  0.0, Max:  0.0, Diff:  0.0, Sum:  0.0, Workers: 4
[20.016s][debug][gc,phases      ] GC(38)     Dead                           Min: 0, Avg:  0.0, Max: 0, Diff: 0, Sum: 0, Workers: 4
[20.016s][debug][gc,phases      ] GC(38)     Total                          Min: 0, Avg:  0.0, Max: 0, Diff: 0, Sum: 0, Workers: 4
[20.016s][debug][gc,phases      ] GC(38)   StringDedup Requests0 Weak     Min:  0.0, Avg:  0.0, Max:  0.0, Diff:  0.0, Sum:  0.0, Workers: 4
[20.016s][debug][gc,phases      ] GC(38)     Dead                           Min: 0, Avg:  0.0, Max: 0, Diff: 0, Sum: 0, Workers: 4
[20.016s][debug][gc,phases      ] GC(38)     Total                          Min: 0, Avg:  0.0, Max: 0, Diff: 0, Sum: 0, Workers: 4
[20.016s][debug][gc,phases      ] GC(38)   StringDedup Requests1 Weak     Min:  0.0, Avg:  0.0, Max:  0.0, Diff:  0.0, Sum:  0.0, Workers: 4
[20.016s][debug][gc,phases      ] GC(38)     Dead                           Min: 0, Avg:  0.0, Max: 0, Diff: 0, Sum: 0, Workers: 4
[20.016s][debug][gc,phases      ] GC(38)     Total                          Min: 0, Avg:  0.0, Max: 0, Diff: 0, Sum: 0, Workers: 4
[20.017s][debug][gc,phases      ] GC(38)   Weak JFR Old Object Samples    Min:  0.0, Avg:  0.0, Max:  0.0, Diff:  0.0, Sum:  0.0, Workers: 4
[20.017s][debug][gc,phases      ] GC(38)     Dead                           Min: 0, Avg:  0.0, Max: 0, Diff: 0, Sum: 0, Workers: 4
[20.017s][debug][gc,phases      ] GC(38)     Total                          Min: 0, Avg:  0.0, Max: 0, Diff: 0, Sum: 0, Workers: 4
[20.017s][debug][gc,phases      ] GC(38) Weak Processing 0.307ms
[20.017s][debug][gc,age         ] GC(38) Desired survivor size 306708480 bytes, new threshold 15 (max threshold 15)
[20.017s][info ][gc,heap        ] GC(38) PSYoungGen: 1639472K(1780736K)->169952K(1797632K) Eden: 1467904K(1467904K)->0K(1490944K) From: 171568K(312832K)->169952K(306688K)
[20.017s][info ][gc,heap        ] GC(38) ParOldGen: 369503K(459776K)->369871K(459776K)
[20.017s][info ][gc,metaspace   ] GC(38) Metaspace: 68315K(69120K)->68315K(69120K) NonClass: 58389K(58816K)->58389K(58816K) Class: 9926K(10304K)->9926K(10304K)
[20.017s][info ][gc             ] GC(38) Pause Young (Allocation Failure) 1961M->527M(2204M) 88.291ms
[20.017s][info ][gc,cpu         ] GC(38) User=0.35s Sys=0.00s Real=0.09s
[20.017s][info ][safepoint      ] Safepoint "ParallelGCFailedAllocation", Time since last: 382511689 ns, Reaching safepoint: 171313 ns, At safepoint: 88396352 ns, Total: 88567665 ns
[20.324s][info ][gc,start       ] GC(39) Pause Young (Allocation Failure)
[20.408s][debug][gc,phases      ] GC(39) Scavenge 83.717ms
[20.408s][debug][gc,ref         ] GC(39) Skipped phase 1 of Reference Processing: no references
[20.408s][debug][gc,ref         ] GC(39) ReferenceProcessor::execute queues: 1, RefProcThreadModel::Single, marks_oops_alive: false
[20.408s][debug][gc,ref         ] GC(39) Skipped phase 3 of Reference Processing: no references
[20.408s][debug][gc,ref         ] GC(39) ReferenceProcessor::execute queues: 1, RefProcThreadModel::Single, marks_oops_alive: false
[20.408s][debug][gc,phases      ] GC(39) Reference Processing 0.155ms
[20.408s][debug][gc,phases      ] GC(39)   VM Weak                        Min:  0.0, Avg:  0.0, Max:  0.0, Diff:  0.0, Sum:  0.0, Workers: 4
[20.408s][debug][gc,phases      ] GC(39)     Dead                           Min: 0, Avg:  0.0, Max: 0, Diff: 0, Sum: 0, Workers: 4
[20.408s][debug][gc,phases      ] GC(39)     Total                          Min: 0, Avg: 148.2, Max: 320, Diff: 320, Sum: 593, Workers: 4
[20.408s][debug][gc,phases      ] GC(39)   ObjectSynchronizer Weak        Min:  0.0, Avg:  0.0, Max:  0.0, Diff:  0.0, Sum:  0.0, Workers: 4
[20.408s][debug][gc,phases      ] GC(39)     Dead                           Min: 0, Avg:  0.0, Max: 0, Diff: 0, Sum: 0, Workers: 4
[20.408s][debug][gc,phases      ] GC(39)     Total                          Min: 0, Avg: 70.0, Max: 152, Diff: 152, Sum: 280, Workers: 4
[20.408s][debug][gc,phases      ] GC(39)   JVMTI Tag Weak OopStorage      Min:  0.0, Avg:  0.0, Max:  0.0, Diff:  0.0, Sum:  0.0, Workers: 4
[20.408s][debug][gc,phases      ] GC(39)     Dead                           Min: 0, Avg:  0.0, Max: 0, Diff: 0, Sum: 0, Workers: 4
[20.408s][debug][gc,phases      ] GC(39)     Total                          Min: 0, Avg:  0.0, Max: 0, Diff: 0, Sum: 0, Workers: 4
[20.408s][debug][gc,phases      ] GC(39)   StringTable Weak               Min:  0.1, Avg:  0.1, Max:  0.1, Diff:  0.0, Sum:  0.5, Workers: 4
[20.408s][debug][gc,phases      ] GC(39)     Dead                           Min: 0, Avg:  3.0, Max: 12, Diff: 12, Sum: 12, Workers: 4
[20.408s][debug][gc,phases      ] GC(39)     Total                          Min: 7210, Avg: 10682.2, Max: 11968, Diff: 4758, Sum: 42729, Workers: 4
[20.408s][debug][gc,phases      ] GC(39)   ResolvedMethodTable Weak       Min:  0.0, Avg:  0.0, Max:  0.0, Diff:  0.0, Sum:  0.1, Workers: 4
[20.408s][debug][gc,phases      ] GC(39)     Dead                           Min: 0, Avg:  0.0, Max: 0, Diff: 0, Sum: 0, Workers: 4
[20.408s][debug][gc,phases      ] GC(39)     Total                          Min: 1553, Avg: 1764.2, Max: 1920, Diff: 367, Sum: 7057, Workers: 4
[20.408s][debug][gc,phases      ] GC(39)   JNI Weak                       Min:  0.0, Avg:  0.0, Max:  0.0, Diff:  0.0, Sum:  0.0, Workers: 4
[20.408s][debug][gc,phases      ] GC(39)     Dead                           Min: 0, Avg:  0.0, Max: 0, Diff: 0, Sum: 0, Workers: 4
[20.408s][debug][gc,phases      ] GC(39)     Total                          Min: 0, Avg:  2.8, Max: 11, Diff: 11, Sum: 11, Workers: 4
[20.408s][debug][gc,phases      ] GC(39)   StringDedup Table Weak         Min:  0.0, Avg:  0.0, Max:  0.0, Diff:  0.0, Sum:  0.0, Workers: 4
[20.408s][debug][gc,phases      ] GC(39)     Dead                           Min: 0, Avg:  0.0, Max: 0, Diff: 0, Sum: 0, Workers: 4
[20.408s][debug][gc,phases      ] GC(39)     Total                          Min: 0, Avg:  0.0, Max: 0, Diff: 0, Sum: 0, Workers: 4
[20.408s][debug][gc,phases      ] GC(39)   StringDedup Requests0 Weak     Min:  0.0, Avg:  0.0, Max:  0.0, Diff:  0.0, Sum:  0.0, Workers: 4
[20.408s][debug][gc,phases      ] GC(39)     Dead                           Min: 0, Avg:  0.0, Max: 0, Diff: 0, Sum: 0, Workers: 4
[20.408s][debug][gc,phases      ] GC(39)     Total                          Min: 0, Avg:  0.0, Max: 0, Diff: 0, Sum: 0, Workers: 4
[20.408s][debug][gc,phases      ] GC(39)   StringDedup Requests1 Weak     Min:  0.0, Avg:  0.0, Max:  0.0, Diff:  0.0, Sum:  0.0, Workers: 4
[20.408s][debug][gc,phases      ] GC(39)     Dead                           Min: 0, Avg:  0.0, Max: 0, Diff: 0, Sum: 0, Workers: 4
[20.408s][debug][gc,phases      ] GC(39)     Total                          Min: 0, Avg:  0.0, Max: 0, Diff: 0, Sum: 0, Workers: 4
[20.408s][debug][gc,phases      ] GC(39)   Weak JFR Old Object Samples    Min:  0.0, Avg:  0.0, Max:  0.0, Diff:  0.0, Sum:  0.0, Workers: 4
[20.408s][debug][gc,phases      ] GC(39)     Dead                           Min: 0, Avg:  0.0, Max: 0, Diff: 0, Sum: 0, Workers: 4
[20.408s][debug][gc,phases      ] GC(39)     Total                          Min: 0, Avg:  0.0, Max: 0, Diff: 0, Sum: 0, Workers: 4
[20.408s][debug][gc,phases      ] GC(39) Weak Processing 0.319ms
[20.408s][debug][gc,age         ] GC(39) Desired survivor size 299892736 bytes, new threshold 15 (max threshold 15)
[20.408s][info ][gc,heap        ] GC(39) PSYoungGen: 1660896K(1797632K)->170288K(1790464K) Eden: 1490944K(1490944K)->0K(1490944K) From: 169952K(306688K)->170288K(299520K)
[20.408s][info ][gc,heap        ] GC(39) ParOldGen: 369871K(459776K)->370319K(459776K)
[20.408s][info ][gc,metaspace   ] GC(39) Metaspace: 68371K(69184K)->68371K(69184K) NonClass: 58437K(58880K)->58437K(58880K) Class: 9934K(10304K)->9934K(10304K)
[20.408s][info ][gc             ] GC(39) Pause Young (Allocation Failure) 1983M->527M(2197M) 84.325ms
[20.408s][info ][gc,cpu         ] GC(39) User=0.34s Sys=0.00s Real=0.09s
[20.408s][info ][safepoint      ] Safepoint "ParallelGCFailedAllocation", Time since last: 307115169 ns, Reaching safepoint: 157711 ns, At safepoint: 84431167 ns, Total: 84588878 ns
[20.785s][info ][gc,start       ] GC(40) Pause Young (Allocation Failure)
[20.873s][debug][gc,phases      ] GC(40) Scavenge 88.123ms
[20.873s][debug][gc,ref         ] GC(40) Skipped phase 1 of Reference Processing: no references
[20.873s][debug][gc,ref         ] GC(40) ReferenceProcessor::execute queues: 1, RefProcThreadModel::Single, marks_oops_alive: false
[20.873s][debug][gc,ref         ] GC(40) Skipped phase 3 of Reference Processing: no references
[20.873s][debug][gc,ref         ] GC(40) ReferenceProcessor::execute queues: 1, RefProcThreadModel::Single, marks_oops_alive: false
[20.873s][debug][gc,phases      ] GC(40) Reference Processing 0.149ms
[20.874s][debug][gc,phases      ] GC(40)   VM Weak                        Min:  0.0, Avg:  0.0, Max:  0.0, Diff:  0.0, Sum:  0.0, Workers: 4
[20.874s][debug][gc,phases      ] GC(40)     Dead                           Min: 0, Avg:  0.0, Max: 0, Diff: 0, Sum: 0, Workers: 4
[20.874s][debug][gc,phases      ] GC(40)     Total                          Min: 0, Avg: 148.2, Max: 593, Diff: 593, Sum: 593, Workers: 4
[20.874s][debug][gc,phases      ] GC(40)   ObjectSynchronizer Weak        Min:  0.0, Avg:  0.0, Max:  0.0, Diff:  0.0, Sum:  0.0, Workers: 4
[20.874s][debug][gc,phases      ] GC(40)     Dead                           Min: 0, Avg:  0.0, Max: 0, Diff: 0, Sum: 0, Workers: 4
[20.874s][debug][gc,phases      ] GC(40)     Total                          Min: 0, Avg: 70.0, Max: 280, Diff: 280, Sum: 280, Workers: 4
[20.874s][debug][gc,phases      ] GC(40)   JVMTI Tag Weak OopStorage      Min:  0.0, Avg:  0.0, Max:  0.0, Diff:  0.0, Sum:  0.0, Workers: 4
[20.874s][debug][gc,phases      ] GC(40)     Dead                           Min: 0, Avg:  0.0, Max: 0, Diff: 0, Sum: 0, Workers: 4
[20.874s][debug][gc,phases      ] GC(40)     Total                          Min: 0, Avg:  0.0, Max: 0, Diff: 0, Sum: 0, Workers: 4
[20.874s][debug][gc,phases      ] GC(40)   StringTable Weak               Min:  0.1, Avg:  0.1, Max:  0.1, Diff:  0.0, Sum:  0.4, Workers: 4
[20.874s][debug][gc,phases      ] GC(40)     Dead                           Min: 0, Avg:  2.8, Max: 11, Diff: 11, Sum: 11, Workers: 4
[20.874s][debug][gc,phases      ] GC(40)     Total                          Min: 9778, Avg: 10684.5, Max: 11264, Diff: 1486, Sum: 42738, Workers: 4
[20.874s][debug][gc,phases      ] GC(40)   ResolvedMethodTable Weak       Min:  0.0, Avg:  0.0, Max:  0.0, Diff:  0.0, Sum:  0.1, Workers: 4
[20.874s][debug][gc,phases      ] GC(40)     Dead                           Min: 0, Avg:  0.2, Max: 1, Diff: 1, Sum: 1, Workers: 4
[20.874s][debug][gc,phases      ] GC(40)     Total                          Min: 1216, Avg: 1764.2, Max: 2257, Diff: 1041, Sum: 7057, Workers: 4
[20.874s][debug][gc,phases      ] GC(40)   JNI Weak                       Min:  0.0, Avg:  0.0, Max:  0.0, Diff:  0.0, Sum:  0.0, Workers: 4
[20.874s][debug][gc,phases      ] GC(40)     Dead                           Min: 0, Avg:  0.0, Max: 0, Diff: 0, Sum: 0, Workers: 4
[20.874s][debug][gc,phases      ] GC(40)     Total                          Min: 0, Avg:  1.0, Max: 4, Diff: 4, Sum: 4, Workers: 4
[20.874s][debug][gc,phases      ] GC(40)   StringDedup Table Weak         Min:  0.0, Avg:  0.0, Max:  0.0, Diff:  0.0, Sum:  0.0, Workers: 4
[20.874s][debug][gc,phases      ] GC(40)     Dead                           Min: 0, Avg:  0.0, Max: 0, Diff: 0, Sum: 0, Workers: 4
[20.874s][debug][gc,phases      ] GC(40)     Total                          Min: 0, Avg:  0.0, Max: 0, Diff: 0, Sum: 0, Workers: 4
[20.874s][debug][gc,phases      ] GC(40)   StringDedup Requests0 Weak     Min:  0.0, Avg:  0.0, Max:  0.0, Diff:  0.0, Sum:  0.0, Workers: 4
[20.874s][debug][gc,phases      ] GC(40)     Dead                           Min: 0, Avg:  0.0, Max: 0, Diff: 0, Sum: 0, Workers: 4
[20.874s][debug][gc,phases      ] GC(40)     Total                          Min: 0, Avg:  0.0, Max: 0, Diff: 0, Sum: 0, Workers: 4
[20.874s][debug][gc,phases      ] GC(40)   StringDedup Requests1 Weak     Min:  0.0, Avg:  0.0, Max:  0.0, Diff:  0.0, Sum:  0.0, Workers: 4
[20.874s][debug][gc,phases      ] GC(40)     Dead                           Min: 0, Avg:  0.0, Max: 0, Diff: 0, Sum: 0, Workers: 4
[20.874s][debug][gc,phases      ] GC(40)     Total                          Min: 0, Avg:  0.0, Max: 0, Diff: 0, Sum: 0, Workers: 4
[20.874s][debug][gc,phases      ] GC(40)   Weak JFR Old Object Samples    Min:  0.0, Avg:  0.0, Max:  0.0, Diff:  0.0, Sum:  0.0, Workers: 4
[20.874s][debug][gc,phases      ] GC(40)     Dead                           Min: 0, Avg:  0.0, Max: 0, Diff: 0, Sum: 0, Workers: 4
[20.874s][debug][gc,phases      ] GC(40)     Total                          Min: 0, Avg:  0.0, Max: 0, Diff: 0, Sum: 0, Workers: 4
[20.874s][debug][gc,phases      ] GC(40) Weak Processing 0.327ms
[20.874s][debug][gc,age         ] GC(40) Desired survivor size 292028416 bytes, new threshold 15 (max threshold 15)
[20.874s][info ][gc,heap        ] GC(40) PSYoungGen: 1661232K(1790464K)->167600K(1811968K) Eden: 1490944K(1490944K)->0K(1519104K) From: 170288K(299520K)->167600K(292864K)
[20.874s][info ][gc,heap        ] GC(40) ParOldGen: 370319K(459776K)->372385K(459776K)
[20.874s][info ][gc,metaspace   ] GC(40) Metaspace: 68379K(69184K)->68379K(69184K) NonClass: 58445K(58880K)->58445K(58880K) Class: 9934K(10304K)->9934K(10304K)
[20.874s][info ][gc             ] GC(40) Pause Young (Allocation Failure) 1983M->527M(2218M) 88.728ms
[20.874s][info ][gc,cpu         ] GC(40) User=0.35s Sys=0.00s Real=0.09s
[20.874s][info ][safepoint      ] Safepoint "ParallelGCFailedAllocation", Time since last: 376426244 ns, Reaching safepoint: 273220 ns, At safepoint: 88840181 ns, Total: 89113401 ns
[21.227s][info ][gc,start       ] GC(41) Pause Young (Allocation Failure)
[21.312s][debug][gc,phases      ] GC(41) Scavenge 84.706ms
[21.312s][debug][gc,ref         ] GC(41) Skipped phase 1 of Reference Processing: no references
[21.312s][debug][gc,ref         ] GC(41) ReferenceProcessor::execute queues: 1, RefProcThreadModel::Single, marks_oops_alive: false
[21.312s][debug][gc,ref         ] GC(41) Skipped phase 3 of Reference Processing: no references
[21.312s][debug][gc,ref         ] GC(41) ReferenceProcessor::execute queues: 1, RefProcThreadModel::Single, marks_oops_alive: false
[21.312s][debug][gc,phases      ] GC(41) Reference Processing 0.122ms
[21.312s][debug][gc,phases      ] GC(41)   VM Weak                        Min:  0.0, Avg:  0.0, Max:  0.0, Diff:  0.0, Sum:  0.0, Workers: 4
[21.312s][debug][gc,phases      ] GC(41)     Dead                           Min: 0, Avg:  0.0, Max: 0, Diff: 0, Sum: 0, Workers: 4
[21.313s][debug][gc,phases      ] GC(41)     Total                          Min: 0, Avg: 148.2, Max: 593, Diff: 593, Sum: 593, Workers: 4
[21.313s][debug][gc,phases      ] GC(41)   ObjectSynchronizer Weak        Min:  0.0, Avg:  0.0, Max:  0.0, Diff:  0.0, Sum:  0.0, Workers: 4
[21.313s][debug][gc,phases      ] GC(41)     Dead                           Min: 0, Avg:  0.0, Max: 0, Diff: 0, Sum: 0, Workers: 4
[21.313s][debug][gc,phases      ] GC(41)     Total                          Min: 0, Avg: 70.0, Max: 280, Diff: 280, Sum: 280, Workers: 4
[21.313s][debug][gc,phases      ] GC(41)   JVMTI Tag Weak OopStorage      Min:  0.0, Avg:  0.0, Max:  0.0, Diff:  0.0, Sum:  0.0, Workers: 4
[21.313s][debug][gc,phases      ] GC(41)     Dead                           Min: 0, Avg:  0.0, Max: 0, Diff: 0, Sum: 0, Workers: 4
[21.313s][debug][gc,phases      ] GC(41)     Total                          Min: 0, Avg:  0.0, Max: 0, Diff: 0, Sum: 0, Workers: 4
[21.313s][debug][gc,phases      ] GC(41)   StringTable Weak               Min:  0.1, Avg:  0.1, Max:  0.1, Diff:  0.0, Sum:  0.4, Workers: 4
[21.313s][debug][gc,phases      ] GC(41)     Dead                           Min: 0, Avg:  0.0, Max: 0, Diff: 0, Sum: 0, Workers: 4
[21.313s][debug][gc,phases      ] GC(41)     Total                          Min: 10368, Avg: 10685.2, Max: 10933, Diff: 565, Sum: 42741, Workers: 4
[21.313s][debug][gc,phases      ] GC(41)   ResolvedMethodTable Weak       Min:  0.0, Avg:  0.0, Max:  0.0, Diff:  0.0, Sum:  0.1, Workers: 4
[21.313s][debug][gc,phases      ] GC(41)     Dead                           Min: 0, Avg:  0.0, Max: 0, Diff: 0, Sum: 0, Workers: 4
[21.313s][debug][gc,phases      ] GC(41)     Total                          Min: 1344, Avg: 1764.2, Max: 2111, Diff: 767, Sum: 7057, Workers: 4
[21.313s][debug][gc,phases      ] GC(41)   JNI Weak                       Min:  0.0, Avg:  0.0, Max:  0.0, Diff:  0.0, Sum:  0.0, Workers: 4
[21.313s][debug][gc,phases      ] GC(41)     Dead                           Min: 0, Avg:  0.0, Max: 0, Diff: 0, Sum: 0, Workers: 4
[21.313s][debug][gc,phases      ] GC(41)     Total                          Min: 0, Avg:  0.5, Max: 2, Diff: 2, Sum: 2, Workers: 4
[21.313s][debug][gc,phases      ] GC(41)   StringDedup Table Weak         Min:  0.0, Avg:  0.0, Max:  0.0, Diff:  0.0, Sum:  0.0, Workers: 4
[21.313s][debug][gc,phases      ] GC(41)     Dead                           Min: 0, Avg:  0.0, Max: 0, Diff: 0, Sum: 0, Workers: 4
[21.313s][debug][gc,phases      ] GC(41)     Total                          Min: 0, Avg:  0.0, Max: 0, Diff: 0, Sum: 0, Workers: 4
[21.313s][debug][gc,phases      ] GC(41)   StringDedup Requests0 Weak     Min:  0.0, Avg:  0.0, Max:  0.0, Diff:  0.0, Sum:  0.0, Workers: 4
[21.313s][debug][gc,phases      ] GC(41)     Dead                           Min: 0, Avg:  0.0, Max: 0, Diff: 0, Sum: 0, Workers: 4
[21.313s][debug][gc,phases      ] GC(41)     Total                          Min: 0, Avg:  0.0, Max: 0, Diff: 0, Sum: 0, Workers: 4
[21.313s][debug][gc,phases      ] GC(41)   StringDedup Requests1 Weak     Min:  0.0, Avg:  0.0, Max:  0.0, Diff:  0.0, Sum:  0.0, Workers: 4
[21.313s][debug][gc,phases      ] GC(41)     Dead                           Min: 0, Avg:  0.0, Max: 0, Diff: 0, Sum: 0, Workers: 4
[21.313s][debug][gc,phases      ] GC(41)     Total                          Min: 0, Avg:  0.0, Max: 0, Diff: 0, Sum: 0, Workers: 4
[21.313s][debug][gc,phases      ] GC(41)   Weak JFR Old Object Samples    Min:  0.0, Avg:  0.0, Max:  0.0, Diff:  0.0, Sum:  0.0, Workers: 4
[21.313s][debug][gc,phases      ] GC(41)     Dead                           Min: 0, Avg:  0.0, Max: 0, Diff: 0, Sum: 0, Workers: 4
[21.313s][debug][gc,phases      ] GC(41)     Total                          Min: 0, Avg:  0.0, Max: 0, Diff: 0, Sum: 0, Workers: 4
[21.313s][debug][gc,phases      ] GC(41) Weak Processing 0.306ms
[21.313s][debug][gc,age         ] GC(41) Desired survivor size 283115520 bytes, new threshold 15 (max threshold 15)
[21.313s][info ][gc,heap        ] GC(41) PSYoungGen: 1686704K(1811968K)->163136K(1804288K) Eden: 1519104K(1519104K)->0K(1519104K) From: 167600K(292864K)->163136K(285184K)
[21.313s][info ][gc,heap        ] GC(41) ParOldGen: 372385K(459776K)->377761K(459776K)
[21.313s][info ][gc,metaspace   ] GC(41) Metaspace: 68388K(69184K)->68388K(69184K) NonClass: 58454K(58880K)->58454K(58880K) Class: 9934K(10304K)->9934K(10304K)
[21.313s][info ][gc             ] GC(41) Pause Young (Allocation Failure) 2010M->528M(2211M) 85.279ms
[21.313s][info ][gc,cpu         ] GC(41) User=0.34s Sys=0.00s Real=0.08s
[21.313s][info ][safepoint      ] Safepoint "ParallelGCFailedAllocation", Time since last: 353354680 ns, Reaching safepoint: 130410 ns, At safepoint: 85383732 ns, Total: 85514142 ns
[21.678s][info ][gc,start       ] GC(42) Pause Young (Allocation Failure)
[21.766s][debug][gc,phases      ] GC(42) Scavenge 87.228ms
[21.766s][debug][gc,ref         ] GC(42) Skipped phase 1 of Reference Processing: no references
[21.766s][debug][gc,ref         ] GC(42) ReferenceProcessor::execute queues: 1, RefProcThreadModel::Single, marks_oops_alive: false
[21.766s][debug][gc,ref         ] GC(42) Skipped phase 3 of Reference Processing: no references
[21.766s][debug][gc,ref         ] GC(42) ReferenceProcessor::execute queues: 1, RefProcThreadModel::Single, marks_oops_alive: false
[21.766s][debug][gc,phases      ] GC(42) Reference Processing 0.148ms
[21.766s][debug][gc,phases      ] GC(42)   VM Weak                        Min:  0.0, Avg:  0.0, Max:  0.0, Diff:  0.0, Sum:  0.0, Workers: 4
[21.766s][debug][gc,phases      ] GC(42)     Dead                           Min: 0, Avg:  0.0, Max: 0, Diff: 0, Sum: 0, Workers: 4
[21.766s][debug][gc,phases      ] GC(42)     Total                          Min: 0, Avg: 148.2, Max: 384, Diff: 384, Sum: 593, Workers: 4
[21.766s][debug][gc,phases      ] GC(42)   ObjectSynchronizer Weak        Min:  0.0, Avg:  0.0, Max:  0.0, Diff:  0.0, Sum:  0.0, Workers: 4
[21.766s][debug][gc,phases      ] GC(42)     Dead                           Min: 0, Avg:  0.0, Max: 0, Diff: 0, Sum: 0, Workers: 4
[21.766s][debug][gc,phases      ] GC(42)     Total                          Min: 0, Avg: 70.0, Max: 152, Diff: 152, Sum: 280, Workers: 4
[21.766s][debug][gc,phases      ] GC(42)   JVMTI Tag Weak OopStorage      Min:  0.0, Avg:  0.0, Max:  0.0, Diff:  0.0, Sum:  0.0, Workers: 4
[21.766s][debug][gc,phases      ] GC(42)     Dead                           Min: 0, Avg:  0.0, Max: 0, Diff: 0, Sum: 0, Workers: 4
[21.766s][debug][gc,phases      ] GC(42)     Total                          Min: 0, Avg:  0.0, Max: 0, Diff: 0, Sum: 0, Workers: 4
[21.766s][debug][gc,phases      ] GC(42)   StringTable Weak               Min:  0.1, Avg:  0.1, Max:  0.1, Diff:  0.0, Sum:  0.4, Workers: 4
[21.766s][debug][gc,phases      ] GC(42)     Dead                           Min: 0, Avg:  2.8, Max: 11, Diff: 11, Sum: 11, Workers: 4
[21.766s][debug][gc,phases      ] GC(42)     Total                          Min: 9600, Avg: 10685.5, Max: 12918, Diff: 3318, Sum: 42742, Workers: 4
[21.766s][debug][gc,phases      ] GC(42)   ResolvedMethodTable Weak       Min:  0.0, Avg:  0.0, Max:  0.0, Diff:  0.0, Sum:  0.1, Workers: 4
[21.766s][debug][gc,phases      ] GC(42)     Dead                           Min: 0, Avg:  0.0, Max: 0, Diff: 0, Sum: 0, Workers: 4
[21.766s][debug][gc,phases      ] GC(42)     Total                          Min: 1599, Avg: 1764.2, Max: 1920, Diff: 321, Sum: 7057, Workers: 4
[21.766s][debug][gc,phases      ] GC(42)   JNI Weak                       Min:  0.0, Avg:  0.0, Max:  0.0, Diff:  0.0, Sum:  0.0, Workers: 4
[21.766s][debug][gc,phases      ] GC(42)     Dead                           Min: 0, Avg:  0.0, Max: 0, Diff: 0, Sum: 0, Workers: 4
[21.766s][debug][gc,phases      ] GC(42)     Total                          Min: 0, Avg:  1.0, Max: 4, Diff: 4, Sum: 4, Workers: 4
[21.766s][debug][gc,phases      ] GC(42)   StringDedup Table Weak         Min:  0.0, Avg:  0.0, Max:  0.0, Diff:  0.0, Sum:  0.0, Workers: 4
[21.766s][debug][gc,phases      ] GC(42)     Dead                           Min: 0, Avg:  0.0, Max: 0, Diff: 0, Sum: 0, Workers: 4
[21.766s][debug][gc,phases      ] GC(42)     Total                          Min: 0, Avg:  0.0, Max: 0, Diff: 0, Sum: 0, Workers: 4
[21.766s][debug][gc,phases      ] GC(42)   StringDedup Requests0 Weak     Min:  0.0, Avg:  0.0, Max:  0.0, Diff:  0.0, Sum:  0.0, Workers: 4
[21.766s][debug][gc,phases      ] GC(42)     Dead                           Min: 0, Avg:  0.0, Max: 0, Diff: 0, Sum: 0, Workers: 4
[21.766s][debug][gc,phases      ] GC(42)     Total                          Min: 0, Avg:  0.0, Max: 0, Diff: 0, Sum: 0, Workers: 4
[21.766s][debug][gc,phases      ] GC(42)   StringDedup Requests1 Weak     Min:  0.0, Avg:  0.0, Max:  0.0, Diff:  0.0, Sum:  0.0, Workers: 4
[21.766s][debug][gc,phases      ] GC(42)     Dead                           Min: 0, Avg:  0.0, Max: 0, Diff: 0, Sum: 0, Workers: 4
[21.766s][debug][gc,phases      ] GC(42)     Total                          Min: 0, Avg:  0.0, Max: 0, Diff: 0, Sum: 0, Workers: 4
[21.766s][debug][gc,phases      ] GC(42)   Weak JFR Old Object Samples    Min:  0.0, Avg:  0.0, Max:  0.0, Diff:  0.0, Sum:  0.0, Workers: 4
[21.766s][debug][gc,phases      ] GC(42)     Dead                           Min: 0, Avg:  0.0, Max: 0, Diff: 0, Sum: 0, Workers: 4
[21.766s][debug][gc,phases      ] GC(42)     Total                          Min: 0, Avg:  0.0, Max: 0, Diff: 0, Sum: 0, Workers: 4
[21.766s][debug][gc,phases      ] GC(42) Weak Processing 0.313ms
[21.766s][debug][gc,age         ] GC(42) Desired survivor size 273154048 bytes, new threshold 15 (max threshold 15)
[21.766s][info ][gc,heap        ] GC(42) PSYoungGen: 1682240K(1804288K)->137632K(1830400K) Eden: 1519104K(1519104K)->0K(1553920K) From: 163136K(285184K)->137632K(276480K)
[21.766s][info ][gc,heap        ] GC(42) ParOldGen: 377761K(459776K)->405985K(459776K)
[21.766s][info ][gc,metaspace   ] GC(42) Metaspace: 68391K(69184K)->68391K(69184K) NonClass: 58457K(58880K)->58457K(58880K) Class: 9934K(10304K)->9934K(10304K)
[21.766s][info ][gc             ] GC(42) Pause Young (Allocation Failure) 2011M->530M(2236M) 87.834ms
[21.766s][info ][gc,cpu         ] GC(42) User=0.35s Sys=0.00s Real=0.09s
[21.766s][info ][safepoint      ] Safepoint "ParallelGCFailedAllocation", Time since last: 365217730 ns, Reaching safepoint: 341625 ns, At safepoint: 87957415 ns, Total: 88299040 ns
[22.125s][info ][gc,start       ] GC(43) Pause Young (Allocation Failure)
[22.205s][debug][gc,phases      ] GC(43) Scavenge 79.677ms
[22.205s][debug][gc,ref         ] GC(43) Skipped phase 1 of Reference Processing: no references
[22.205s][debug][gc,ref         ] GC(43) ReferenceProcessor::execute queues: 1, RefProcThreadModel::Single, marks_oops_alive: false
[22.205s][debug][gc,ref         ] GC(43) Skipped phase 3 of Reference Processing: no references
[22.205s][debug][gc,ref         ] GC(43) ReferenceProcessor::execute queues: 1, RefProcThreadModel::Single, marks_oops_alive: false
[22.205s][debug][gc,phases      ] GC(43) Reference Processing 0.145ms
[22.205s][debug][gc,phases      ] GC(43)   VM Weak                        Min:  0.0, Avg:  0.0, Max:  0.0, Diff:  0.0, Sum:  0.0, Workers: 4
[22.205s][debug][gc,phases      ] GC(43)     Dead                           Min: 0, Avg:  0.0, Max: 0, Diff: 0, Sum: 0, Workers: 4
[22.205s][debug][gc,phases      ] GC(43)     Total                          Min: 0, Avg: 148.5, Max: 594, Diff: 594, Sum: 594, Workers: 4
[22.205s][debug][gc,phases      ] GC(43)   ObjectSynchronizer Weak        Min:  0.0, Avg:  0.0, Max:  0.0, Diff:  0.0, Sum:  0.0, Workers: 4
[22.205s][debug][gc,phases      ] GC(43)     Dead                           Min: 0, Avg:  0.0, Max: 0, Diff: 0, Sum: 0, Workers: 4
[22.205s][debug][gc,phases      ] GC(43)     Total                          Min: 0, Avg: 70.0, Max: 152, Diff: 152, Sum: 280, Workers: 4
[22.205s][debug][gc,phases      ] GC(43)   JVMTI Tag Weak OopStorage      Min:  0.0, Avg:  0.0, Max:  0.0, Diff:  0.0, Sum:  0.0, Workers: 4
[22.205s][debug][gc,phases      ] GC(43)     Dead                           Min: 0, Avg:  0.0, Max: 0, Diff: 0, Sum: 0, Workers: 4
[22.205s][debug][gc,phases      ] GC(43)     Total                          Min: 0, Avg:  0.0, Max: 0, Diff: 0, Sum: 0, Workers: 4
[22.205s][debug][gc,phases      ] GC(43)   StringTable Weak               Min:  0.1, Avg:  0.1, Max:  0.1, Diff:  0.1, Sum:  0.4, Workers: 4
[22.205s][debug][gc,phases      ] GC(43)     Dead                           Min: 0, Avg:  3.2, Max: 13, Diff: 13, Sum: 13, Workers: 4
[22.205s][debug][gc,phases      ] GC(43)     Total                          Min: 6720, Avg: 10697.5, Max: 14375, Diff: 7655, Sum: 42790, Workers: 4
[22.205s][debug][gc,phases      ] GC(43)   ResolvedMethodTable Weak       Min:  0.0, Avg:  0.0, Max:  0.0, Diff:  0.0, Sum:  0.1, Workers: 4
[22.205s][debug][gc,phases      ] GC(43)     Dead                           Min: 0, Avg:  4.5, Max: 17, Diff: 17, Sum: 18, Workers: 4
[22.205s][debug][gc,phases      ] GC(43)     Total                          Min: 1533, Avg: 1769.5, Max: 1854, Diff: 321, Sum: 7078, Workers: 4
[22.205s][debug][gc,phases      ] GC(43)   JNI Weak                       Min:  0.0, Avg:  0.0, Max:  0.0, Diff:  0.0, Sum:  0.0, Workers: 4
[22.205s][debug][gc,phases      ] GC(43)     Dead                           Min: 0, Avg:  0.0, Max: 0, Diff: 0, Sum: 0, Workers: 4
[22.205s][debug][gc,phases      ] GC(43)     Total                          Min: 0, Avg:  0.8, Max: 3, Diff: 3, Sum: 3, Workers: 4
[22.205s][debug][gc,phases      ] GC(43)   StringDedup Table Weak         Min:  0.0, Avg:  0.0, Max:  0.0, Diff:  0.0, Sum:  0.0, Workers: 4
[22.205s][debug][gc,phases      ] GC(43)     Dead                           Min: 0, Avg:  0.0, Max: 0, Diff: 0, Sum: 0, Workers: 4
[22.205s][debug][gc,phases      ] GC(43)     Total                          Min: 0, Avg:  0.0, Max: 0, Diff: 0, Sum: 0, Workers: 4
[22.205s][debug][gc,phases      ] GC(43)   StringDedup Requests0 Weak     Min:  0.0, Avg:  0.0, Max:  0.0, Diff:  0.0, Sum:  0.0, Workers: 4
[22.205s][debug][gc,phases      ] GC(43)     Dead                           Min: 0, Avg:  0.0, Max: 0, Diff: 0, Sum: 0, Workers: 4
[22.205s][debug][gc,phases      ] GC(43)     Total                          Min: 0, Avg:  0.0, Max: 0, Diff: 0, Sum: 0, Workers: 4
[22.205s][debug][gc,phases      ] GC(43)   StringDedup Requests1 Weak     Min:  0.0, Avg:  0.0, Max:  0.0, Diff:  0.0, Sum:  0.0, Workers: 4
[22.205s][debug][gc,phases      ] GC(43)     Dead                           Min: 0, Avg:  0.0, Max: 0, Diff: 0, Sum: 0, Workers: 4
[22.205s][debug][gc,phases      ] GC(43)     Total                          Min: 0, Avg:  0.0, Max: 0, Diff: 0, Sum: 0, Workers: 4
[22.205s][debug][gc,phases      ] GC(43)   Weak JFR Old Object Samples    Min:  0.0, Avg:  0.0, Max:  0.0, Diff:  0.0, Sum:  0.0, Workers: 4
[22.205s][debug][gc,phases      ] GC(43)     Dead                           Min: 0, Avg:  0.0, Max: 0, Diff: 0, Sum: 0, Workers: 4
[22.205s][debug][gc,phases      ] GC(43)     Total                          Min: 0, Avg:  0.0, Max: 0, Diff: 0, Sum: 0, Workers: 4
[22.205s][debug][gc,phases      ] GC(43) Weak Processing 0.372ms
[22.205s][debug][gc,age         ] GC(43) Desired survivor size 275775488 bytes, new threshold 15 (max threshold 15)
[22.205s][info ][gc,heap        ] GC(43) PSYoungGen: 1691552K(1830400K)->65616K(1820672K) Eden: 1553920K(1553920K)->0K(1553920K) From: 137632K(276480K)->65616K(266752K)
[22.205s][info ][gc,heap        ] GC(43) ParOldGen: 405985K(459776K)->482721K(482816K)
[22.205s][info ][gc,metaspace   ] GC(43) Metaspace: 68494K(69312K)->68494K(69312K) NonClass: 58544K(59008K)->58544K(59008K) Class: 9949K(10304K)->9949K(10304K)
[22.206s][info ][gc             ] GC(43) Pause Young (Allocation Failure) 2048M->535M(2249M) 80.311ms
[22.206s][info ][gc,cpu         ] GC(43) User=0.29s Sys=0.03s Real=0.08s
[22.206s][debug][gc,phases      ] GC(44) Pre Compact 0.010ms
[22.206s][info ][gc,start       ] GC(44) Pause Full (Ergonomics)
[22.206s][info ][gc,phases,start] GC(44) Marking Phase
[22.392s][debug][gc,phases      ] GC(44) Par Mark 186.342ms
[22.392s][debug][gc,ref         ] GC(44) Skipped phase 1 of Reference Processing: no references
[22.392s][debug][gc,ref         ] GC(44) ReferenceProcessor::execute queues: 4, RefProcThreadModel::Multi, marks_oops_alive: false
[22.393s][debug][gc,ref         ] GC(44) Skipped phase 3 of Reference Processing: no references
[22.393s][debug][gc,ref         ] GC(44) ReferenceProcessor::execute queues: 1, RefProcThreadModel::Single, marks_oops_alive: false
[22.393s][debug][gc,phases      ] GC(44) Reference Processing 0.572ms
[22.393s][debug][gc,phases      ] GC(44)   VM Weak                        Min:  0.0, Avg:  0.0, Max:  0.0, Diff:  0.0, Sum:  0.0, Workers: 4
[22.393s][debug][gc,phases      ] GC(44)     Dead                           Min: 0, Avg:  0.0, Max: 0, Diff: 0, Sum: 0, Workers: 4
[22.393s][debug][gc,phases      ] GC(44)     Total                          Min: 0, Avg: 148.5, Max: 274, Diff: 274, Sum: 594, Workers: 4
[22.393s][debug][gc,phases      ] GC(44)   ObjectSynchronizer Weak        Min:  0.0, Avg:  0.0, Max:  0.0, Diff:  0.0, Sum:  0.0, Workers: 4
[22.393s][debug][gc,phases      ] GC(44)     Dead                           Min: 0, Avg:  0.0, Max: 0, Diff: 0, Sum: 0, Workers: 4
[22.393s][debug][gc,phases      ] GC(44)     Total                          Min: 24, Avg: 70.0, Max: 128, Diff: 104, Sum: 280, Workers: 4
[22.393s][debug][gc,phases      ] GC(44)   JVMTI Tag Weak OopStorage      Min:  0.0, Avg:  0.0, Max:  0.0, Diff:  0.0, Sum:  0.0, Workers: 4
[22.393s][debug][gc,phases      ] GC(44)     Dead                           Min: 0, Avg:  0.0, Max: 0, Diff: 0, Sum: 0, Workers: 4
[22.393s][debug][gc,phases      ] GC(44)     Total                          Min: 0, Avg:  0.0, Max: 0, Diff: 0, Sum: 0, Workers: 4
[22.393s][debug][gc,phases      ] GC(44)   StringTable Weak               Min:  0.2, Avg:  0.2, Max:  0.2, Diff:  0.0, Sum:  0.7, Workers: 4
[22.393s][debug][gc,phases      ] GC(44)     Dead                           Min: 0, Avg:  0.0, Max: 0, Diff: 0, Sum: 0, Workers: 4
[22.393s][debug][gc,phases      ] GC(44)     Total                          Min: 10240, Avg: 10697.5, Max: 11007, Diff: 767, Sum: 42790, Workers: 4
[22.393s][debug][gc,phases      ] GC(44)   ResolvedMethodTable Weak       Min:  0.0, Avg:  0.0, Max:  0.0, Diff:  0.0, Sum:  0.1, Workers: 4
[22.393s][debug][gc,phases      ] GC(44)     Dead                           Min: 0, Avg:  0.0, Max: 0, Diff: 0, Sum: 0, Workers: 4
[22.393s][debug][gc,phases      ] GC(44)     Total                          Min: 1725, Avg: 1769.5, Max: 1843, Diff: 118, Sum: 7078, Workers: 4
[22.393s][debug][gc,phases      ] GC(44)   JNI Weak                       Min:  0.0, Avg:  0.0, Max:  0.0, Diff:  0.0, Sum:  0.0, Workers: 4
[22.393s][debug][gc,phases      ] GC(44)     Dead                           Min: 0, Avg:  0.0, Max: 0, Diff: 0, Sum: 0, Workers: 4
[22.393s][debug][gc,phases      ] GC(44)     Total                          Min: 0, Avg:  0.8, Max: 3, Diff: 3, Sum: 3, Workers: 4
[22.393s][debug][gc,phases      ] GC(44)   StringDedup Table Weak         Min:  0.0, Avg:  0.0, Max:  0.0, Diff:  0.0, Sum:  0.0, Workers: 4
[22.393s][debug][gc,phases      ] GC(44)     Dead                           Min: 0, Avg:  0.0, Max: 0, Diff: 0, Sum: 0, Workers: 4
[22.393s][debug][gc,phases      ] GC(44)     Total                          Min: 0, Avg:  0.0, Max: 0, Diff: 0, Sum: 0, Workers: 4
[22.393s][debug][gc,phases      ] GC(44)   StringDedup Requests0 Weak     Min:  0.0, Avg:  0.0, Max:  0.0, Diff:  0.0, Sum:  0.0, Workers: 4
[22.393s][debug][gc,phases      ] GC(44)     Dead                           Min: 0, Avg:  0.0, Max: 0, Diff: 0, Sum: 0, Workers: 4
[22.393s][debug][gc,phases      ] GC(44)     Total                          Min: 0, Avg:  0.0, Max: 0, Diff: 0, Sum: 0, Workers: 4
[22.393s][debug][gc,phases      ] GC(44)   StringDedup Requests1 Weak     Min:  0.0, Avg:  0.0, Max:  0.0, Diff:  0.0, Sum:  0.0, Workers: 4
[22.393s][debug][gc,phases      ] GC(44)     Dead                           Min: 0, Avg:  0.0, Max: 0, Diff: 0, Sum: 0, Workers: 4
[22.393s][debug][gc,phases      ] GC(44)     Total                          Min: 0, Avg:  0.0, Max: 0, Diff: 0, Sum: 0, Workers: 4
[22.393s][debug][gc,phases      ] GC(44)   Weak JFR Old Object Samples    Min:  0.0, Avg:  0.0, Max:  0.0, Diff:  0.0, Sum:  0.0, Workers: 4
[22.393s][debug][gc,phases      ] GC(44)     Dead                           Min: 0, Avg:  0.0, Max: 0, Diff: 0, Sum: 0, Workers: 4
[22.393s][debug][gc,phases      ] GC(44)     Total                          Min: 0, Avg:  0.0, Max: 0, Diff: 0, Sum: 0, Workers: 4
[22.393s][debug][gc,phases      ] GC(44) Weak Processing 0.381ms
[22.393s][debug][gc,phases      ] GC(44) ClassLoaderData 0.100ms
[22.393s][debug][gc,phases      ] GC(44) Trigger cleanups 0.000ms
[22.403s][debug][gc,phases      ] GC(44) Class Unloading 9.542ms
[22.403s][info ][gc,phases      ] GC(44) Marking Phase 197.011ms
[22.403s][info ][gc,phases,start] GC(44) Summary Phase
[22.403s][info ][gc,phases      ] GC(44) Summary Phase 0.014ms
[22.403s][info ][gc,phases,start] GC(44) Adjust Roots
[22.412s][info ][gc,phases      ] GC(44) Adjust Roots 9.106ms
[22.412s][info ][gc,phases,start] GC(44) Compaction Phase
[22.920s][info ][gc,phases      ] GC(44) Compaction Phase 507.795ms
[22.920s][info ][gc,phases,start] GC(44) Post Compact
[22.921s][info ][gc,phases      ] GC(44) Post Compact 1.734ms
[22.922s][info ][gc,heap        ] GC(44) PSYoungGen: 65616K(1820672K)->27397K(1820672K) Eden: 0K(1553920K)->0K(1553920K) From: 65616K(266752K)->27397K(266752K)
[22.922s][info ][gc,heap        ] GC(44) ParOldGen: 482721K(482816K)->482468K(581120K)
[22.922s][info ][gc,metaspace   ] GC(44) Metaspace: 68494K(69312K)->68494K(69312K) NonClass: 58544K(59008K)->58544K(59008K) Class: 9949K(10304K)->9949K(10304K)
[22.922s][info ][gc             ] GC(44) Pause Full (Ergonomics) 535M->497M(2345M) 716.016ms
[22.922s][info ][gc,cpu         ] GC(44) User=2.79s Sys=0.00s Real=0.71s
[22.922s][info ][safepoint      ] Safepoint "ParallelGCFailedAllocation", Time since last: 356715309 ns, Reaching safepoint: 2181157 ns, At safepoint: 796509973 ns, Total: 798691130 ns
[23.236s][info ][gc,start       ] GC(45) Pause Young (Allocation Failure)
[23.312s][debug][gc,phases      ] GC(45) Scavenge 75.507ms
[23.312s][debug][gc,ref         ] GC(45) Skipped phase 1 of Reference Processing: no references
[23.312s][debug][gc,ref         ] GC(45) ReferenceProcessor::execute queues: 1, RefProcThreadModel::Single, marks_oops_alive: false
[23.312s][debug][gc,ref         ] GC(45) Skipped phase 3 of Reference Processing: no references
[23.312s][debug][gc,ref         ] GC(45) ReferenceProcessor::execute queues: 1, RefProcThreadModel::Single, marks_oops_alive: false
[23.312s][debug][gc,phases      ] GC(45) Reference Processing 0.105ms
[23.312s][debug][gc,phases      ] GC(45)   VM Weak                        Min:  0.0, Avg:  0.0, Max:  0.0, Diff:  0.0, Sum:  0.0, Workers: 4
[23.312s][debug][gc,phases      ] GC(45)     Dead                           Min: 0, Avg:  0.0, Max: 0, Diff: 0, Sum: 0, Workers: 4
[23.312s][debug][gc,phases      ] GC(45)     Total                          Min: 0, Avg: 148.5, Max: 338, Diff: 338, Sum: 594, Workers: 4
[23.312s][debug][gc,phases      ] GC(45)   ObjectSynchronizer Weak        Min:  0.0, Avg:  0.0, Max:  0.0, Diff:  0.0, Sum:  0.0, Workers: 4
[23.312s][debug][gc,phases      ] GC(45)     Dead                           Min: 0, Avg:  0.0, Max: 0, Diff: 0, Sum: 0, Workers: 4
[23.312s][debug][gc,phases      ] GC(45)     Total                          Min: 0, Avg: 70.0, Max: 128, Diff: 128, Sum: 280, Workers: 4
[23.312s][debug][gc,phases      ] GC(45)   JVMTI Tag Weak OopStorage      Min:  0.0, Avg:  0.0, Max:  0.0, Diff:  0.0, Sum:  0.0, Workers: 4
[23.312s][debug][gc,phases      ] GC(45)     Dead                           Min: 0, Avg:  0.0, Max: 0, Diff: 0, Sum: 0, Workers: 4
[23.312s][debug][gc,phases      ] GC(45)     Total                          Min: 0, Avg:  0.0, Max: 0, Diff: 0, Sum: 0, Workers: 4
[23.312s][debug][gc,phases      ] GC(45)   StringTable Weak               Min:  0.1, Avg:  0.1, Max:  0.1, Diff:  0.0, Sum:  0.4, Workers: 4
[23.312s][debug][gc,phases      ] GC(45)     Dead                           Min: 0, Avg:  2.8, Max: 11, Diff: 11, Sum: 11, Workers: 4
[23.312s][debug][gc,phases      ] GC(45)     Total                          Min: 10036, Avg: 10697.8, Max: 11264, Diff: 1228, Sum: 42791, Workers: 4
[23.312s][debug][gc,phases      ] GC(45)   ResolvedMethodTable Weak       Min:  0.0, Avg:  0.0, Max:  0.0, Diff:  0.0, Sum:  0.1, Workers: 4
[23.312s][debug][gc,phases      ] GC(45)     Dead                           Min: 0, Avg:  0.0, Max: 0, Diff: 0, Sum: 0, Workers: 4
[23.312s][debug][gc,phases      ] GC(45)     Total                          Min: 1266, Avg: 1769.5, Max: 2040, Diff: 774, Sum: 7078, Workers: 4
[23.312s][debug][gc,phases      ] GC(45)   JNI Weak                       Min:  0.0, Avg:  0.0, Max:  0.0, Diff:  0.0, Sum:  0.0, Workers: 4
[23.312s][debug][gc,phases      ] GC(45)     Dead                           Min: 0, Avg:  0.0, Max: 0, Diff: 0, Sum: 0, Workers: 4
[23.312s][debug][gc,phases      ] GC(45)     Total                          Min: 0, Avg:  0.2, Max: 1, Diff: 1, Sum: 1, Workers: 4
[23.312s][debug][gc,phases      ] GC(45)   StringDedup Table Weak         Min:  0.0, Avg:  0.0, Max:  0.0, Diff:  0.0, Sum:  0.0, Workers: 4
[23.312s][debug][gc,phases      ] GC(45)     Dead                           Min: 0, Avg:  0.0, Max: 0, Diff: 0, Sum: 0, Workers: 4
[23.312s][debug][gc,phases      ] GC(45)     Total                          Min: 0, Avg:  0.0, Max: 0, Diff: 0, Sum: 0, Workers: 4
[23.312s][debug][gc,phases      ] GC(45)   StringDedup Requests0 Weak     Min:  0.0, Avg:  0.0, Max:  0.0, Diff:  0.0, Sum:  0.0, Workers: 4
[23.312s][debug][gc,phases      ] GC(45)     Dead                           Min: 0, Avg:  0.0, Max: 0, Diff: 0, Sum: 0, Workers: 4
[23.312s][debug][gc,phases      ] GC(45)     Total                          Min: 0, Avg:  0.0, Max: 0, Diff: 0, Sum: 0, Workers: 4
[23.312s][debug][gc,phases      ] GC(45)   StringDedup Requests1 Weak     Min:  0.0, Avg:  0.0, Max:  0.0, Diff:  0.0, Sum:  0.0, Workers: 4
[23.312s][debug][gc,phases      ] GC(45)     Dead                           Min: 0, Avg:  0.0, Max: 0, Diff: 0, Sum: 0, Workers: 4
[23.312s][debug][gc,phases      ] GC(45)     Total                          Min: 0, Avg:  0.0, Max: 0, Diff: 0, Sum: 0, Workers: 4
[23.312s][debug][gc,phases      ] GC(45)   Weak JFR Old Object Samples    Min:  0.0, Avg:  0.0, Max:  0.0, Diff:  0.0, Sum:  0.0, Workers: 4
[23.312s][debug][gc,phases      ] GC(45)     Dead                           Min: 0, Avg:  0.0, Max: 0, Diff: 0, Sum: 0, Workers: 4
[23.312s][debug][gc,phases      ] GC(45)     Total                          Min: 0, Avg:  0.0, Max: 0, Diff: 0, Sum: 0, Workers: 4
[23.312s][debug][gc,phases      ] GC(45) Weak Processing 0.299ms
[23.312s][debug][gc,age         ] GC(45) Desired survivor size 281542656 bytes, new threshold 15 (max threshold 15)
[23.312s][info ][gc,heap        ] GC(45) PSYoungGen: 1581317K(1820672K)->35664K(1816576K) Eden: 1553920K(1553920K)->0K(1547264K) From: 27397K(266752K)->35664K(269312K)
[23.312s][info ][gc,heap        ] GC(45) ParOldGen: 482468K(581120K)->483032K(581120K)
[23.312s][info ][gc,metaspace   ] GC(45) Metaspace: 68506K(69312K)->68506K(69312K) NonClass: 58556K(59008K)->58556K(59008K) Class: 9949K(10304K)->9949K(10304K)
[23.312s][info ][gc             ] GC(45) Pause Young (Allocation Failure) 2015M->506M(2341M) 76.045ms
[23.312s][info ][gc,cpu         ] GC(45) User=0.30s Sys=0.00s Real=0.07s
[23.312s][info ][safepoint      ] Safepoint "ParallelGCFailedAllocation", Time since last: 314430764 ns, Reaching safepoint: 156811 ns, At safepoint: 76163266 ns, Total: 76320077 ns
[23.648s][info ][gc,start       ] GC(46) Pause Young (Allocation Failure)
[23.661s][debug][gc,phases      ] GC(46) Scavenge 13.009ms
[23.661s][debug][gc,ref         ] GC(46) Skipped phase 1 of Reference Processing: no references
[23.661s][debug][gc,ref         ] GC(46) ReferenceProcessor::execute queues: 1, RefProcThreadModel::Single, marks_oops_alive: false
[23.661s][debug][gc,ref         ] GC(46) Skipped phase 3 of Reference Processing: no references
[23.661s][debug][gc,ref         ] GC(46) ReferenceProcessor::execute queues: 1, RefProcThreadModel::Single, marks_oops_alive: false
[23.661s][debug][gc,phases      ] GC(46) Reference Processing 0.125ms
[23.662s][debug][gc,phases      ] GC(46)   VM Weak                        Min:  0.0, Avg:  0.0, Max:  0.0, Diff:  0.0, Sum:  0.0, Workers: 4
[23.662s][debug][gc,phases      ] GC(46)     Dead                           Min: 0, Avg:  0.0, Max: 0, Diff: 0, Sum: 0, Workers: 4
[23.662s][debug][gc,phases      ] GC(46)     Total                          Min: 0, Avg: 148.5, Max: 448, Diff: 448, Sum: 594, Workers: 4
[23.662s][debug][gc,phases      ] GC(46)   ObjectSynchronizer Weak        Min:  0.0, Avg:  0.0, Max:  0.0, Diff:  0.0, Sum:  0.0, Workers: 4
[23.662s][debug][gc,phases      ] GC(46)     Dead                           Min: 0, Avg:  0.0, Max: 0, Diff: 0, Sum: 0, Workers: 4
[23.662s][debug][gc,phases      ] GC(46)     Total                          Min: 0, Avg: 70.0, Max: 152, Diff: 152, Sum: 280, Workers: 4
[23.662s][debug][gc,phases      ] GC(46)   JVMTI Tag Weak OopStorage      Min:  0.0, Avg:  0.0, Max:  0.0, Diff:  0.0, Sum:  0.0, Workers: 4
[23.662s][debug][gc,phases      ] GC(46)     Dead                           Min: 0, Avg:  0.0, Max: 0, Diff: 0, Sum: 0, Workers: 4
[23.662s][debug][gc,phases      ] GC(46)     Total                          Min: 0, Avg:  0.0, Max: 0, Diff: 0, Sum: 0, Workers: 4
[23.662s][debug][gc,phases      ] GC(46)   StringTable Weak               Min:  0.1, Avg:  0.1, Max:  0.1, Diff:  0.0, Sum:  0.4, Workers: 4
[23.662s][debug][gc,phases      ] GC(46)     Dead                           Min: 0, Avg:  2.8, Max: 10, Diff: 10, Sum: 11, Workers: 4
[23.662s][debug][gc,phases      ] GC(46)     Total                          Min: 9600, Avg: 10703.2, Max: 11325, Diff: 1725, Sum: 42813, Workers: 4
[23.662s][debug][gc,phases      ] GC(46)   ResolvedMethodTable Weak       Min:  0.0, Avg:  0.0, Max:  0.0, Diff:  0.0, Sum:  0.1, Workers: 4
[23.662s][debug][gc,phases      ] GC(46)     Dead                           Min: 0, Avg:  0.0, Max: 0, Diff: 0, Sum: 0, Workers: 4
[23.662s][debug][gc,phases      ] GC(46)     Total                          Min: 1279, Avg: 1769.5, Max: 2163, Diff: 884, Sum: 7078, Workers: 4
[23.662s][debug][gc,phases      ] GC(46)   JNI Weak                       Min:  0.0, Avg:  0.0, Max:  0.0, Diff:  0.0, Sum:  0.0, Workers: 4
[23.662s][debug][gc,phases      ] GC(46)     Dead                           Min: 0, Avg:  0.0, Max: 0, Diff: 0, Sum: 0, Workers: 4
[23.662s][debug][gc,phases      ] GC(46)     Total                          Min: 0, Avg:  1.2, Max: 5, Diff: 5, Sum: 5, Workers: 4
[23.662s][debug][gc,phases      ] GC(46)   StringDedup Table Weak         Min:  0.0, Avg:  0.0, Max:  0.0, Diff:  0.0, Sum:  0.0, Workers: 4
[23.662s][debug][gc,phases      ] GC(46)     Dead                           Min: 0, Avg:  0.0, Max: 0, Diff: 0, Sum: 0, Workers: 4
[23.662s][debug][gc,phases      ] GC(46)     Total                          Min: 0, Avg:  0.0, Max: 0, Diff: 0, Sum: 0, Workers: 4
[23.662s][debug][gc,phases      ] GC(46)   StringDedup Requests0 Weak     Min:  0.0, Avg:  0.0, Max:  0.0, Diff:  0.0, Sum:  0.0, Workers: 4
[23.662s][debug][gc,phases      ] GC(46)     Dead                           Min: 0, Avg:  0.0, Max: 0, Diff: 0, Sum: 0, Workers: 4
[23.662s][debug][gc,phases      ] GC(46)     Total                          Min: 0, Avg:  0.0, Max: 0, Diff: 0, Sum: 0, Workers: 4
[23.662s][debug][gc,phases      ] GC(46)   StringDedup Requests1 Weak     Min:  0.0, Avg:  0.0, Max:  0.0, Diff:  0.0, Sum:  0.0, Workers: 4
[23.662s][debug][gc,phases      ] GC(46)     Dead                           Min: 0, Avg:  0.0, Max: 0, Diff: 0, Sum: 0, Workers: 4
[23.662s][debug][gc,phases      ] GC(46)     Total                          Min: 0, Avg:  0.0, Max: 0, Diff: 0, Sum: 0, Workers: 4
[23.662s][debug][gc,phases      ] GC(46)   Weak JFR Old Object Samples    Min:  0.0, Avg:  0.0, Max:  0.0, Diff:  0.0, Sum:  0.0, Workers: 4
[23.662s][debug][gc,phases      ] GC(46)     Dead                           Min: 0, Avg:  0.0, Max: 0, Diff: 0, Sum: 0, Workers: 4
[23.662s][debug][gc,phases      ] GC(46)     Total                          Min: 0, Avg:  0.0, Max: 0, Diff: 0, Sum: 0, Workers: 4
[23.662s][debug][gc,phases      ] GC(46) Weak Processing 0.318ms
[23.662s][debug][gc,age         ] GC(46) Desired survivor size 283115520 bytes, new threshold 15 (max threshold 15)
[23.662s][info ][gc,heap        ] GC(46) PSYoungGen: 1582928K(1816576K)->39984K(1587712K) Eden: 1547264K(1547264K)->0K(1547264K) From: 35664K(269312K)->39984K(40448K)
[23.662s][info ][gc,heap        ] GC(46) ParOldGen: 483032K(581120K)->483761K(581120K)
[23.662s][info ][gc,metaspace   ] GC(46) Metaspace: 68519K(69312K)->68519K(69312K) NonClass: 58569K(59008K)->58569K(59008K) Class: 9949K(10304K)->9949K(10304K)
[23.662s][info ][gc             ] GC(46) Pause Young (Allocation Failure) 2017M->511M(2118M) 13.580ms
[23.662s][info ][gc,cpu         ] GC(46) User=0.05s Sys=0.00s Real=0.01s
[23.662s][info ][safepoint      ] Safepoint "ParallelGCFailedAllocation", Time since last: 335630983 ns, Reaching safepoint: 140510 ns, At safepoint: 13693483 ns, Total: 13833993 ns
[24.055s][info ][gc,start       ] GC(47) Pause Young (Allocation Failure)
[24.071s][debug][gc,phases      ] GC(47) Scavenge 15.562ms
[24.071s][debug][gc,ref         ] GC(47) Skipped phase 1 of Reference Processing: no references
[24.071s][debug][gc,ref         ] GC(47) ReferenceProcessor::execute queues: 1, RefProcThreadModel::Single, marks_oops_alive: false
[24.071s][debug][gc,ref         ] GC(47) Skipped phase 3 of Reference Processing: no references
[24.071s][debug][gc,ref         ] GC(47) ReferenceProcessor::execute queues: 1, RefProcThreadModel::Single, marks_oops_alive: false
[24.071s][debug][gc,phases      ] GC(47) Reference Processing 0.106ms
[24.071s][debug][gc,phases      ] GC(47)   VM Weak                        Min:  0.0, Avg:  0.0, Max:  0.0, Diff:  0.0, Sum:  0.0, Workers: 4
[24.071s][debug][gc,phases      ] GC(47)     Dead                           Min: 0, Avg:  0.0, Max: 0, Diff: 0, Sum: 0, Workers: 4
[24.071s][debug][gc,phases      ] GC(47)     Total                          Min: 0, Avg: 148.5, Max: 576, Diff: 576, Sum: 594, Workers: 4
[24.071s][debug][gc,phases      ] GC(47)   ObjectSynchronizer Weak        Min:  0.0, Avg:  0.0, Max:  0.0, Diff:  0.0, Sum:  0.0, Workers: 4
[24.071s][debug][gc,phases      ] GC(47)     Dead                           Min: 0, Avg:  0.0, Max: 0, Diff: 0, Sum: 0, Workers: 4
[24.071s][debug][gc,phases      ] GC(47)     Total                          Min: 0, Avg: 70.0, Max: 128, Diff: 128, Sum: 280, Workers: 4
[24.071s][debug][gc,phases      ] GC(47)   JVMTI Tag Weak OopStorage      Min:  0.0, Avg:  0.0, Max:  0.0, Diff:  0.0, Sum:  0.0, Workers: 4
[24.071s][debug][gc,phases      ] GC(47)     Dead                           Min: 0, Avg:  0.0, Max: 0, Diff: 0, Sum: 0, Workers: 4
[24.071s][debug][gc,phases      ] GC(47)     Total                          Min: 0, Avg:  0.0, Max: 0, Diff: 0, Sum: 0, Workers: 4
[24.071s][debug][gc,phases      ] GC(47)   StringTable Weak               Min:  0.1, Avg:  0.1, Max:  0.1, Diff:  0.0, Sum:  0.4, Workers: 4
[24.071s][debug][gc,phases      ] GC(47)     Dead                           Min: 0, Avg:  2.8, Max: 8, Diff: 8, Sum: 11, Workers: 4
[24.071s][debug][gc,phases      ] GC(47)     Total                          Min: 10112, Avg: 10703.2, Max: 11392, Diff: 1280, Sum: 42813, Workers: 4
[24.071s][debug][gc,phases      ] GC(47)   ResolvedMethodTable Weak       Min:  0.0, Avg:  0.0, Max:  0.0, Diff:  0.0, Sum:  0.1, Workers: 4
[24.071s][debug][gc,phases      ] GC(47)     Dead                           Min: 0, Avg:  0.0, Max: 0, Diff: 0, Sum: 0, Workers: 4
[24.071s][debug][gc,phases      ] GC(47)     Total                          Min: 1584, Avg: 1769.5, Max: 2040, Diff: 456, Sum: 7078, Workers: 4
[24.071s][debug][gc,phases      ] GC(47)   JNI Weak                       Min:  0.0, Avg:  0.0, Max:  0.0, Diff:  0.0, Sum:  0.0, Workers: 4
[24.071s][debug][gc,phases      ] GC(47)     Dead                           Min: 0, Avg:  0.0, Max: 0, Diff: 0, Sum: 0, Workers: 4
[24.071s][debug][gc,phases      ] GC(47)     Total                          Min: 0, Avg:  0.0, Max: 0, Diff: 0, Sum: 0, Workers: 4
[24.071s][debug][gc,phases      ] GC(47)   StringDedup Table Weak         Min:  0.0, Avg:  0.0, Max:  0.0, Diff:  0.0, Sum:  0.0, Workers: 4
[24.071s][debug][gc,phases      ] GC(47)     Dead                           Min: 0, Avg:  0.0, Max: 0, Diff: 0, Sum: 0, Workers: 4
[24.071s][debug][gc,phases      ] GC(47)     Total                          Min: 0, Avg:  0.0, Max: 0, Diff: 0, Sum: 0, Workers: 4
[24.071s][debug][gc,phases      ] GC(47)   StringDedup Requests0 Weak     Min:  0.0, Avg:  0.0, Max:  0.0, Diff:  0.0, Sum:  0.0, Workers: 4
[24.071s][debug][gc,phases      ] GC(47)     Dead                           Min: 0, Avg:  0.0, Max: 0, Diff: 0, Sum: 0, Workers: 4
[24.071s][debug][gc,phases      ] GC(47)     Total                          Min: 0, Avg:  0.0, Max: 0, Diff: 0, Sum: 0, Workers: 4
[24.071s][debug][gc,phases      ] GC(47)   StringDedup Requests1 Weak     Min:  0.0, Avg:  0.0, Max:  0.0, Diff:  0.0, Sum:  0.0, Workers: 4
[24.071s][debug][gc,phases      ] GC(47)     Dead                           Min: 0, Avg:  0.0, Max: 0, Diff: 0, Sum: 0, Workers: 4
[24.071s][debug][gc,phases      ] GC(47)     Total                          Min: 0, Avg:  0.0, Max: 0, Diff: 0, Sum: 0, Workers: 4
[24.071s][debug][gc,phases      ] GC(47)   Weak JFR Old Object Samples    Min:  0.0, Avg:  0.0, Max:  0.0, Diff:  0.0, Sum:  0.0, Workers: 4
[24.071s][debug][gc,phases      ] GC(47)     Dead                           Min: 0, Avg:  0.0, Max: 0, Diff: 0, Sum: 0, Workers: 4
[24.071s][debug][gc,phases      ] GC(47)     Total                          Min: 0, Avg:  0.0, Max: 0, Diff: 0, Sum: 0, Workers: 4
[24.071s][debug][gc,phases      ] GC(47) Weak Processing 0.285ms
[24.071s][debug][gc,age         ] GC(47) Desired survivor size 280494080 bytes, new threshold 15 (max threshold 15)
[24.071s][info ][gc,heap        ] GC(47) PSYoungGen: 1587248K(1587712K)->45776K(1823232K) Eden: 1547264K(1547264K)->0K(1546752K) From: 39984K(40448K)->45776K(276480K)
[24.071s][info ][gc,heap        ] GC(47) ParOldGen: 483761K(581120K)->484581K(581120K)
[24.071s][info ][gc,metaspace   ] GC(47) Metaspace: 68525K(69312K)->68525K(69312K) NonClass: 58576K(59008K)->58576K(59008K) Class: 9949K(10304K)->9949K(10304K)
[24.071s][info ][gc             ] GC(47) Pause Young (Allocation Failure) 2022M->517M(2348M) 16.085ms
[24.071s][info ][gc,cpu         ] GC(47) User=0.06s Sys=0.00s Real=0.01s
[24.071s][info ][safepoint      ] Safepoint "ParallelGCFailedAllocation", Time since last: 392861578 ns, Reaching safepoint: 156112 ns, At safepoint: 16193461 ns, Total: 16349573 ns
[24.498s][info ][gc,start       ] GC(48) Pause Young (Allocation Failure)
[24.521s][debug][gc,phases      ] GC(48) Scavenge 22.908ms
[24.521s][debug][gc,ref         ] GC(48) Skipped phase 1 of Reference Processing: no references
[24.521s][debug][gc,ref         ] GC(48) ReferenceProcessor::execute queues: 1, RefProcThreadModel::Single, marks_oops_alive: false
[24.521s][debug][gc,ref         ] GC(48) Skipped phase 3 of Reference Processing: no references
[24.521s][debug][gc,ref         ] GC(48) ReferenceProcessor::execute queues: 1, RefProcThreadModel::Single, marks_oops_alive: false
[24.521s][debug][gc,phases      ] GC(48) Reference Processing 0.126ms
[24.522s][debug][gc,phases      ] GC(48)   VM Weak                        Min:  0.0, Avg:  0.0, Max:  0.0, Diff:  0.0, Sum:  0.0, Workers: 4
[24.522s][debug][gc,phases      ] GC(48)     Dead                           Min: 0, Avg:  0.0, Max: 0, Diff: 0, Sum: 0, Workers: 4
[24.522s][debug][gc,phases      ] GC(48)     Total                          Min: 0, Avg: 148.8, Max: 467, Diff: 467, Sum: 595, Workers: 4
[24.522s][debug][gc,phases      ] GC(48)   ObjectSynchronizer Weak        Min:  0.0, Avg:  0.0, Max:  0.0, Diff:  0.0, Sum:  0.0, Workers: 4
[24.522s][debug][gc,phases      ] GC(48)     Dead                           Min: 0, Avg:  0.0, Max: 0, Diff: 0, Sum: 0, Workers: 4
[24.522s][debug][gc,phases      ] GC(48)     Total                          Min: 0, Avg: 70.0, Max: 128, Diff: 128, Sum: 280, Workers: 4
[24.522s][debug][gc,phases      ] GC(48)   JVMTI Tag Weak OopStorage      Min:  0.0, Avg:  0.0, Max:  0.0, Diff:  0.0, Sum:  0.0, Workers: 4
[24.522s][debug][gc,phases      ] GC(48)     Dead                           Min: 0, Avg:  0.0, Max: 0, Diff: 0, Sum: 0, Workers: 4
[24.522s][debug][gc,phases      ] GC(48)     Total                          Min: 0, Avg:  0.0, Max: 0, Diff: 0, Sum: 0, Workers: 4
[24.522s][debug][gc,phases      ] GC(48)   StringTable Weak               Min:  0.1, Avg:  0.1, Max:  0.1, Diff:  0.0, Sum:  0.4, Workers: 4
[24.522s][debug][gc,phases      ] GC(48)     Dead                           Min: 0, Avg:  3.0, Max: 12, Diff: 12, Sum: 12, Workers: 4
[24.522s][debug][gc,phases      ] GC(48)     Total                          Min: 10560, Avg: 10732.2, Max: 11008, Diff: 448, Sum: 42929, Workers: 4
[24.522s][debug][gc,phases      ] GC(48)   ResolvedMethodTable Weak       Min:  0.0, Avg:  0.0, Max:  0.0, Diff:  0.0, Sum:  0.1, Workers: 4
[24.522s][debug][gc,phases      ] GC(48)     Dead                           Min: 0, Avg:  0.0, Max: 0, Diff: 0, Sum: 0, Workers: 4
[24.522s][debug][gc,phases      ] GC(48)     Total                          Min: 1567, Avg: 1799.8, Max: 1984, Diff: 417, Sum: 7199, Workers: 4
[24.522s][debug][gc,phases      ] GC(48)   JNI Weak                       Min:  0.0, Avg:  0.0, Max:  0.0, Diff:  0.0, Sum:  0.0, Workers: 4
[24.522s][debug][gc,phases      ] GC(48)     Dead                           Min: 0, Avg:  0.0, Max: 0, Diff: 0, Sum: 0, Workers: 4
[24.522s][debug][gc,phases      ] GC(48)     Total                          Min: 0, Avg:  2.0, Max: 8, Diff: 8, Sum: 8, Workers: 4
[24.522s][debug][gc,phases      ] GC(48)   StringDedup Table Weak         Min:  0.0, Avg:  0.0, Max:  0.0, Diff:  0.0, Sum:  0.0, Workers: 4
[24.522s][debug][gc,phases      ] GC(48)     Dead                           Min: 0, Avg:  0.0, Max: 0, Diff: 0, Sum: 0, Workers: 4
[24.522s][debug][gc,phases      ] GC(48)     Total                          Min: 0, Avg:  0.0, Max: 0, Diff: 0, Sum: 0, Workers: 4
[24.522s][debug][gc,phases      ] GC(48)   StringDedup Requests0 Weak     Min:  0.0, Avg:  0.0, Max:  0.0, Diff:  0.0, Sum:  0.0, Workers: 4
[24.522s][debug][gc,phases      ] GC(48)     Dead                           Min: 0, Avg:  0.0, Max: 0, Diff: 0, Sum: 0, Workers: 4
[24.522s][debug][gc,phases      ] GC(48)     Total                          Min: 0, Avg:  0.0, Max: 0, Diff: 0, Sum: 0, Workers: 4
[24.522s][debug][gc,phases      ] GC(48)   StringDedup Requests1 Weak     Min:  0.0, Avg:  0.0, Max:  0.0, Diff:  0.0, Sum:  0.0, Workers: 4
[24.522s][debug][gc,phases      ] GC(48)     Dead                           Min: 0, Avg:  0.0, Max: 0, Diff: 0, Sum: 0, Workers: 4
[24.522s][debug][gc,phases      ] GC(48)     Total                          Min: 0, Avg:  0.0, Max: 0, Diff: 0, Sum: 0, Workers: 4
[24.522s][debug][gc,phases      ] GC(48)   Weak JFR Old Object Samples    Min:  0.0, Avg:  0.0, Max:  0.0, Diff:  0.0, Sum:  0.0, Workers: 4
[24.522s][debug][gc,phases      ] GC(48)     Dead                           Min: 0, Avg:  0.0, Max: 0, Diff: 0, Sum: 0, Workers: 4
[24.522s][debug][gc,phases      ] GC(48)     Total                          Min: 0, Avg:  0.0, Max: 0, Diff: 0, Sum: 0, Workers: 4
[24.522s][debug][gc,phases      ] GC(48) Weak Processing 0.285ms
[24.522s][debug][gc,age         ] GC(48) Desired survivor size 274726912 bytes, new threshold 15 (max threshold 15)
[24.522s][info ][gc,heap        ] GC(48) PSYoungGen: 1592528K(1823232K)->55152K(1820672K) Eden: 1546752K(1546752K)->0K(1546752K) From: 45776K(276480K)->55152K(273920K)
[24.522s][info ][gc,heap        ] GC(48) ParOldGen: 484581K(581120K)->485101K(581120K)
[24.522s][info ][gc,metaspace   ] GC(48) Metaspace: 68714K(69504K)->68714K(69504K) NonClass: 58714K(59136K)->58714K(59136K) Class: 9999K(10368K)->9999K(10368K)
[24.522s][info ][gc             ] GC(48) Pause Young (Allocation Failure) 2028M->527M(2345M) 23.438ms
[24.522s][info ][gc,cpu         ] GC(48) User=0.09s Sys=0.00s Real=0.02s
[24.522s][info ][safepoint      ] Safepoint "ParallelGCFailedAllocation", Time since last: 426993027 ns, Reaching safepoint: 155011 ns, At safepoint: 23547489 ns, Total: 23702500 ns
[24.861s][info ][safepoint      ] Safepoint "ICBufferFull", Time since last: 337261083 ns, Reaching safepoint: 2184056 ns, At safepoint: 30302 ns, Total: 2214358 ns
[24.943s][info ][gc,start       ] GC(49) Pause Young (Allocation Failure)
[24.964s][debug][gc,phases      ] GC(49) Scavenge 20.839ms
[24.964s][debug][gc,ref         ] GC(49) Skipped phase 1 of Reference Processing: no references
[24.964s][debug][gc,ref         ] GC(49) ReferenceProcessor::execute queues: 1, RefProcThreadModel::Single, marks_oops_alive: false
[24.964s][debug][gc,ref         ] GC(49) Skipped phase 3 of Reference Processing: no references
[24.964s][debug][gc,ref         ] GC(49) ReferenceProcessor::execute queues: 1, RefProcThreadModel::Single, marks_oops_alive: false
[24.964s][debug][gc,phases      ] GC(49) Reference Processing 0.126ms
[24.964s][debug][gc,phases      ] GC(49)   VM Weak                        Min:  0.0, Avg:  0.0, Max:  0.0, Diff:  0.0, Sum:  0.0, Workers: 4
[24.964s][debug][gc,phases      ] GC(49)     Dead                           Min: 0, Avg:  0.0, Max: 0, Diff: 0, Sum: 0, Workers: 4
[24.964s][debug][gc,phases      ] GC(49)     Total                          Min: 0, Avg: 148.8, Max: 595, Diff: 595, Sum: 595, Workers: 4
[24.964s][debug][gc,phases      ] GC(49)   ObjectSynchronizer Weak        Min:  0.0, Avg:  0.0, Max:  0.0, Diff:  0.0, Sum:  0.0, Workers: 4
[24.964s][debug][gc,phases      ] GC(49)     Dead                           Min: 0, Avg:  0.0, Max: 0, Diff: 0, Sum: 0, Workers: 4
[24.964s][debug][gc,phases      ] GC(49)     Total                          Min: 0, Avg: 70.0, Max: 128, Diff: 128, Sum: 280, Workers: 4
[24.964s][debug][gc,phases      ] GC(49)   JVMTI Tag Weak OopStorage      Min:  0.0, Avg:  0.0, Max:  0.0, Diff:  0.0, Sum:  0.0, Workers: 4
[24.964s][debug][gc,phases      ] GC(49)     Dead                           Min: 0, Avg:  0.0, Max: 0, Diff: 0, Sum: 0, Workers: 4
[24.964s][debug][gc,phases      ] GC(49)     Total                          Min: 0, Avg:  0.0, Max: 0, Diff: 0, Sum: 0, Workers: 4
[24.964s][debug][gc,phases      ] GC(49)   StringTable Weak               Min:  0.1, Avg:  0.1, Max:  0.1, Diff:  0.0, Sum:  0.3, Workers: 4
[24.964s][debug][gc,phases      ] GC(49)     Dead                           Min: 0, Avg:  0.2, Max: 1, Diff: 1, Sum: 1, Workers: 4
[24.964s][debug][gc,phases      ] GC(49)     Total                          Min: 9637, Avg: 10745.2, Max: 11776, Diff: 2139, Sum: 42981, Workers: 4
[24.964s][debug][gc,phases      ] GC(49)   ResolvedMethodTable Weak       Min:  0.0, Avg:  0.0, Max:  0.0, Diff:  0.0, Sum:  0.1, Workers: 4
[24.964s][debug][gc,phases      ] GC(49)     Dead                           Min: 0, Avg:  0.0, Max: 0, Diff: 0, Sum: 0, Workers: 4
[24.964s][debug][gc,phases      ] GC(49)     Total                          Min: 1509, Avg: 1816.8, Max: 2175, Diff: 666, Sum: 7267, Workers: 4
[24.964s][debug][gc,phases      ] GC(49)   JNI Weak                       Min:  0.0, Avg:  0.0, Max:  0.0, Diff:  0.0, Sum:  0.0, Workers: 4
[24.964s][debug][gc,phases      ] GC(49)     Dead                           Min: 0, Avg:  0.0, Max: 0, Diff: 0, Sum: 0, Workers: 4
[24.964s][debug][gc,phases      ] GC(49)     Total                          Min: 0, Avg:  4.0, Max: 16, Diff: 16, Sum: 16, Workers: 4
[24.964s][debug][gc,phases      ] GC(49)   StringDedup Table Weak         Min:  0.0, Avg:  0.0, Max:  0.0, Diff:  0.0, Sum:  0.0, Workers: 4
[24.964s][debug][gc,phases      ] GC(49)     Dead                           Min: 0, Avg:  0.0, Max: 0, Diff: 0, Sum: 0, Workers: 4
[24.964s][debug][gc,phases      ] GC(49)     Total                          Min: 0, Avg:  0.0, Max: 0, Diff: 0, Sum: 0, Workers: 4
[24.964s][debug][gc,phases      ] GC(49)   StringDedup Requests0 Weak     Min:  0.0, Avg:  0.0, Max:  0.0, Diff:  0.0, Sum:  0.0, Workers: 4
[24.964s][debug][gc,phases      ] GC(49)     Dead                           Min: 0, Avg:  0.0, Max: 0, Diff: 0, Sum: 0, Workers: 4
[24.964s][debug][gc,phases      ] GC(49)     Total                          Min: 0, Avg:  0.0, Max: 0, Diff: 0, Sum: 0, Workers: 4
[24.964s][debug][gc,phases      ] GC(49)   StringDedup Requests1 Weak     Min:  0.0, Avg:  0.0, Max:  0.0, Diff:  0.0, Sum:  0.0, Workers: 4
[24.964s][debug][gc,phases      ] GC(49)     Dead                           Min: 0, Avg:  0.0, Max: 0, Diff: 0, Sum: 0, Workers: 4
[24.964s][debug][gc,phases      ] GC(49)     Total                          Min: 0, Avg:  0.0, Max: 0, Diff: 0, Sum: 0, Workers: 4
[24.964s][debug][gc,phases      ] GC(49)   Weak JFR Old Object Samples    Min:  0.0, Avg:  0.0, Max:  0.0, Diff:  0.0, Sum:  0.0, Workers: 4
[24.964s][debug][gc,phases      ] GC(49)     Dead                           Min: 0, Avg:  0.0, Max: 0, Diff: 0, Sum: 0, Workers: 4
[24.964s][debug][gc,phases      ] GC(49)     Total                          Min: 0, Avg:  0.0, Max: 0, Diff: 0, Sum: 0, Workers: 4
[24.964s][debug][gc,phases      ] GC(49) Weak Processing 0.277ms
[24.964s][debug][gc,age         ] GC(49) Desired survivor size 266862592 bytes, new threshold 15 (max threshold 15)
[24.964s][info ][gc,heap        ] GC(49) PSYoungGen: 1601904K(1820672K)->60432K(1836544K) Eden: 1546752K(1546752K)->0K(1568256K) From: 55152K(273920K)->60432K(268288K)
[24.964s][info ][gc,heap        ] GC(49) ParOldGen: 485101K(581120K)->486969K(581120K)
[24.964s][info ][gc,metaspace   ] GC(49) Metaspace: 68889K(69696K)->68889K(69696K) NonClass: 58854K(59328K)->58854K(59328K) Class: 10035K(10368K)->10035K(10368K)
[24.964s][info ][gc             ] GC(49) Pause Young (Allocation Failure) 2038M->534M(2361M) 21.373ms
[24.964s][info ][gc,cpu         ] GC(49) User=0.09s Sys=0.00s Real=0.02s
[24.965s][info ][safepoint      ] Safepoint "ParallelGCFailedAllocation", Time since last: 81252426 ns, Reaching safepoint: 534138 ns, At safepoint: 21487641 ns, Total: 22021779 ns
[25.273s][info ][gc,start       ] GC(50) Pause Young (Allocation Failure)
[25.293s][debug][gc,phases      ] GC(50) Scavenge 20.196ms
[25.293s][debug][gc,ref         ] GC(50) Skipped phase 1 of Reference Processing: no references
[25.294s][debug][gc,ref         ] GC(50) ReferenceProcessor::execute queues: 1, RefProcThreadModel::Single, marks_oops_alive: false
[25.294s][debug][gc,ref         ] GC(50) Skipped phase 3 of Reference Processing: no references
[25.294s][debug][gc,ref         ] GC(50) ReferenceProcessor::execute queues: 1, RefProcThreadModel::Single, marks_oops_alive: false
[25.294s][debug][gc,phases      ] GC(50) Reference Processing 0.119ms
[25.294s][debug][gc,phases      ] GC(50)   VM Weak                        Min:  0.0, Avg:  0.0, Max:  0.0, Diff:  0.0, Sum:  0.0, Workers: 4
[25.294s][debug][gc,phases      ] GC(50)     Dead                           Min: 0, Avg:  0.0, Max: 0, Diff: 0, Sum: 0, Workers: 4
[25.294s][debug][gc,phases      ] GC(50)     Total                          Min: 0, Avg: 148.8, Max: 595, Diff: 595, Sum: 595, Workers: 4
[25.294s][debug][gc,phases      ] GC(50)   ObjectSynchronizer Weak        Min:  0.0, Avg:  0.0, Max:  0.0, Diff:  0.0, Sum:  0.0, Workers: 4
[25.294s][debug][gc,phases      ] GC(50)     Dead                           Min: 0, Avg:  0.0, Max: 0, Diff: 0, Sum: 0, Workers: 4
[25.294s][debug][gc,phases      ] GC(50)     Total                          Min: 0, Avg: 70.0, Max: 192, Diff: 192, Sum: 280, Workers: 4
[25.294s][debug][gc,phases      ] GC(50)   JVMTI Tag Weak OopStorage      Min:  0.0, Avg:  0.0, Max:  0.0, Diff:  0.0, Sum:  0.0, Workers: 4
[25.294s][debug][gc,phases      ] GC(50)     Dead                           Min: 0, Avg:  0.0, Max: 0, Diff: 0, Sum: 0, Workers: 4
[25.294s][debug][gc,phases      ] GC(50)     Total                          Min: 0, Avg:  0.0, Max: 0, Diff: 0, Sum: 0, Workers: 4
[25.294s][debug][gc,phases      ] GC(50)   StringTable Weak               Min:  0.1, Avg:  0.1, Max:  0.1, Diff:  0.0, Sum:  0.4, Workers: 4
[25.294s][debug][gc,phases      ] GC(50)     Dead                           Min: 0, Avg:  2.8, Max: 11, Diff: 11, Sum: 11, Workers: 4
[25.294s][debug][gc,phases      ] GC(50)     Total                          Min: 9973, Avg: 10746.2, Max: 11584, Diff: 1611, Sum: 42985, Workers: 4
[25.294s][debug][gc,phases      ] GC(50)   ResolvedMethodTable Weak       Min:  0.0, Avg:  0.0, Max:  0.0, Diff:  0.0, Sum:  0.1, Workers: 4
[25.294s][debug][gc,phases      ] GC(50)     Dead                           Min: 0, Avg:  0.0, Max: 0, Diff: 0, Sum: 0, Workers: 4
[25.294s][debug][gc,phases      ] GC(50)     Total                          Min: 1535, Avg: 1816.8, Max: 1984, Diff: 449, Sum: 7267, Workers: 4
[25.294s][debug][gc,phases      ] GC(50)   JNI Weak                       Min:  0.0, Avg:  0.0, Max:  0.0, Diff:  0.0, Sum:  0.0, Workers: 4
[25.294s][debug][gc,phases      ] GC(50)     Dead                           Min: 0, Avg:  0.0, Max: 0, Diff: 0, Sum: 0, Workers: 4
[25.294s][debug][gc,phases      ] GC(50)     Total                          Min: 0, Avg:  0.0, Max: 0, Diff: 0, Sum: 0, Workers: 4
[25.294s][debug][gc,phases      ] GC(50)   StringDedup Table Weak         Min:  0.0, Avg:  0.0, Max:  0.0, Diff:  0.0, Sum:  0.0, Workers: 4
[25.294s][debug][gc,phases      ] GC(50)     Dead                           Min: 0, Avg:  0.0, Max: 0, Diff: 0, Sum: 0, Workers: 4
[25.294s][debug][gc,phases      ] GC(50)     Total                          Min: 0, Avg:  0.0, Max: 0, Diff: 0, Sum: 0, Workers: 4
[25.294s][debug][gc,phases      ] GC(50)   StringDedup Requests0 Weak     Min:  0.0, Avg:  0.0, Max:  0.0, Diff:  0.0, Sum:  0.0, Workers: 4
[25.294s][debug][gc,phases      ] GC(50)     Dead                           Min: 0, Avg:  0.0, Max: 0, Diff: 0, Sum: 0, Workers: 4
[25.294s][debug][gc,phases      ] GC(50)     Total                          Min: 0, Avg:  0.0, Max: 0, Diff: 0, Sum: 0, Workers: 4
[25.294s][debug][gc,phases      ] GC(50)   StringDedup Requests1 Weak     Min:  0.0, Avg:  0.0, Max:  0.0, Diff:  0.0, Sum:  0.0, Workers: 4
[25.294s][debug][gc,phases      ] GC(50)     Dead                           Min: 0, Avg:  0.0, Max: 0, Diff: 0, Sum: 0, Workers: 4
[25.294s][debug][gc,phases      ] GC(50)     Total                          Min: 0, Avg:  0.0, Max: 0, Diff: 0, Sum: 0, Workers: 4
[25.294s][debug][gc,phases      ] GC(50)   Weak JFR Old Object Samples    Min:  0.0, Avg:  0.0, Max:  0.0, Diff:  0.0, Sum:  0.0, Workers: 4
[25.294s][debug][gc,phases      ] GC(50)     Dead                           Min: 0, Avg:  0.0, Max: 0, Diff: 0, Sum: 0, Workers: 4
[25.294s][debug][gc,phases      ] GC(50)     Total                          Min: 0, Avg:  0.0, Max: 0, Diff: 0, Sum: 0, Workers: 4
[25.294s][debug][gc,phases      ] GC(50) Weak Processing 0.303ms
[25.294s][debug][gc,age         ] GC(50) Desired survivor size 257949696 bytes, new threshold 15 (max threshold 15)
[25.294s][info ][gc,heap        ] GC(50) PSYoungGen: 1628688K(1836544K)->65232K(1828864K) Eden: 1568256K(1568256K)->0K(1568256K) From: 60432K(268288K)->65232K(260608K)
[25.294s][info ][gc,heap        ] GC(50) ParOldGen: 486969K(581120K)->488065K(581120K)
[25.294s][info ][gc,metaspace   ] GC(50) Metaspace: 68896K(69696K)->68896K(69696K) NonClass: 58861K(59328K)->58861K(59328K) Class: 10035K(10368K)->10035K(10368K)
[25.294s][info ][gc             ] GC(50) Pause Young (Allocation Failure) 2066M->540M(2353M) 20.763ms
[25.294s][info ][gc,cpu         ] GC(50) User=0.09s Sys=0.00s Real=0.02s
[25.294s][info ][safepoint      ] Safepoint "ParallelGCFailedAllocation", Time since last: 308451214 ns, Reaching safepoint: 108508 ns, At safepoint: 20869396 ns, Total: 20977904 ns
[25.617s][info ][gc,start       ] GC(51) Pause Young (Allocation Failure)
[25.646s][debug][gc,phases      ] GC(51) Scavenge 28.940ms
[25.646s][debug][gc,ref         ] GC(51) Skipped phase 1 of Reference Processing: no references
[25.646s][debug][gc,ref         ] GC(51) ReferenceProcessor::execute queues: 1, RefProcThreadModel::Single, marks_oops_alive: false
[25.646s][debug][gc,ref         ] GC(51) Skipped phase 3 of Reference Processing: no references
[25.646s][debug][gc,ref         ] GC(51) ReferenceProcessor::execute queues: 1, RefProcThreadModel::Single, marks_oops_alive: false
[25.646s][debug][gc,phases      ] GC(51) Reference Processing 0.124ms
[25.646s][debug][gc,phases      ] GC(51)   VM Weak                        Min:  0.0, Avg:  0.0, Max:  0.0, Diff:  0.0, Sum:  0.0, Workers: 4
[25.646s][debug][gc,phases      ] GC(51)     Dead                           Min: 0, Avg:  0.0, Max: 0, Diff: 0, Sum: 0, Workers: 4
[25.646s][debug][gc,phases      ] GC(51)     Total                          Min: 0, Avg: 148.8, Max: 448, Diff: 448, Sum: 595, Workers: 4
[25.646s][debug][gc,phases      ] GC(51)   ObjectSynchronizer Weak        Min:  0.0, Avg:  0.0, Max:  0.0, Diff:  0.0, Sum:  0.0, Workers: 4
[25.646s][debug][gc,phases      ] GC(51)     Dead                           Min: 0, Avg:  0.0, Max: 0, Diff: 0, Sum: 0, Workers: 4
[25.646s][debug][gc,phases      ] GC(51)     Total                          Min: 0, Avg: 70.0, Max: 152, Diff: 152, Sum: 280, Workers: 4
[25.646s][debug][gc,phases      ] GC(51)   JVMTI Tag Weak OopStorage      Min:  0.0, Avg:  0.0, Max:  0.0, Diff:  0.0, Sum:  0.0, Workers: 4
[25.646s][debug][gc,phases      ] GC(51)     Dead                           Min: 0, Avg:  0.0, Max: 0, Diff: 0, Sum: 0, Workers: 4
[25.646s][debug][gc,phases      ] GC(51)     Total                          Min: 0, Avg:  0.0, Max: 0, Diff: 0, Sum: 0, Workers: 4
[25.646s][debug][gc,phases      ] GC(51)   StringTable Weak               Min:  0.1, Avg:  0.1, Max:  0.1, Diff:  0.0, Sum:  0.4, Workers: 4
[25.646s][debug][gc,phases      ] GC(51)     Dead                           Min: 0, Avg:  2.8, Max: 11, Diff: 11, Sum: 11, Workers: 4
[25.646s][debug][gc,phases      ] GC(51)     Total                          Min: 9337, Avg: 10750.2, Max: 11968, Diff: 2631, Sum: 43001, Workers: 4
[25.646s][debug][gc,phases      ] GC(51)   ResolvedMethodTable Weak       Min:  0.0, Avg:  0.0, Max:  0.0, Diff:  0.0, Sum:  0.1, Workers: 4
[25.646s][debug][gc,phases      ] GC(51)     Dead                           Min: 0, Avg:  0.0, Max: 0, Diff: 0, Sum: 0, Workers: 4
[25.646s][debug][gc,phases      ] GC(51)     Total                          Min: 1408, Avg: 1816.8, Max: 2176, Diff: 768, Sum: 7267, Workers: 4
[25.646s][debug][gc,phases      ] GC(51)   JNI Weak                       Min:  0.0, Avg:  0.0, Max:  0.0, Diff:  0.0, Sum:  0.0, Workers: 4
[25.646s][debug][gc,phases      ] GC(51)     Dead                           Min: 0, Avg:  0.0, Max: 0, Diff: 0, Sum: 0, Workers: 4
[25.646s][debug][gc,phases      ] GC(51)     Total                          Min: 0, Avg:  4.8, Max: 19, Diff: 19, Sum: 19, Workers: 4
[25.646s][debug][gc,phases      ] GC(51)   StringDedup Table Weak         Min:  0.0, Avg:  0.0, Max:  0.0, Diff:  0.0, Sum:  0.0, Workers: 4
[25.646s][debug][gc,phases      ] GC(51)     Dead                           Min: 0, Avg:  0.0, Max: 0, Diff: 0, Sum: 0, Workers: 4
[25.646s][debug][gc,phases      ] GC(51)     Total                          Min: 0, Avg:  0.0, Max: 0, Diff: 0, Sum: 0, Workers: 4
[25.646s][debug][gc,phases      ] GC(51)   StringDedup Requests0 Weak     Min:  0.0, Avg:  0.0, Max:  0.0, Diff:  0.0, Sum:  0.0, Workers: 4
[25.646s][debug][gc,phases      ] GC(51)     Dead                           Min: 0, Avg:  0.0, Max: 0, Diff: 0, Sum: 0, Workers: 4
[25.646s][debug][gc,phases      ] GC(51)     Total                          Min: 0, Avg:  0.0, Max: 0, Diff: 0, Sum: 0, Workers: 4
[25.646s][debug][gc,phases      ] GC(51)   StringDedup Requests1 Weak     Min:  0.0, Avg:  0.0, Max:  0.0, Diff:  0.0, Sum:  0.0, Workers: 4
[25.646s][debug][gc,phases      ] GC(51)     Dead                           Min: 0, Avg:  0.0, Max: 0, Diff: 0, Sum: 0, Workers: 4
[25.646s][debug][gc,phases      ] GC(51)     Total                          Min: 0, Avg:  0.0, Max: 0, Diff: 0, Sum: 0, Workers: 4
[25.646s][debug][gc,phases      ] GC(51)   Weak JFR Old Object Samples    Min:  0.0, Avg:  0.0, Max:  0.0, Diff:  0.0, Sum:  0.0, Workers: 4
[25.646s][debug][gc,phases      ] GC(51)     Dead                           Min: 0, Avg:  0.0, Max: 0, Diff: 0, Sum: 0, Workers: 4
[25.646s][debug][gc,phases      ] GC(51)     Total                          Min: 0, Avg:  0.0, Max: 0, Diff: 0, Sum: 0, Workers: 4
[25.646s][debug][gc,phases      ] GC(51) Weak Processing 0.336ms
[25.646s][debug][gc,age         ] GC(51) Desired survivor size 246939648 bytes, new threshold 15 (max threshold 15)
[25.646s][info ][gc,heap        ] GC(51) PSYoungGen: 1633488K(1828864K)->72576K(1856000K) Eden: 1568256K(1568256K)->0K(1604096K) From: 65232K(260608K)->72576K(251904K)
[25.646s][info ][gc,heap        ] GC(51) ParOldGen: 488065K(581120K)->488873K(581120K)
[25.646s][info ][gc,metaspace   ] GC(51) Metaspace: 68928K(69696K)->68928K(69696K) NonClass: 58893K(59328K)->58893K(59328K) Class: 10035K(10368K)->10035K(10368K)
[25.646s][info ][gc             ] GC(51) Pause Young (Allocation Failure) 2071M->548M(2380M) 29.540ms
[25.646s][info ][gc,cpu         ] GC(51) User=0.15s Sys=0.00s Real=0.03s
[25.646s][info ][safepoint      ] Safepoint "ParallelGCFailedAllocation", Time since last: 322338009 ns, Reaching safepoint: 179613 ns, At safepoint: 29652625 ns, Total: 29832238 ns
[25.894s][info ][safepoint      ] Safepoint "ICBufferFull", Time since last: 248157483 ns, Reaching safepoint: 138310 ns, At safepoint: 23602 ns, Total: 161912 ns
[25.962s][info ][safepoint      ] Safepoint "ICBufferFull", Time since last: 67024803 ns, Reaching safepoint: 131709 ns, At safepoint: 25502 ns, Total: 157211 ns
[26.021s][info ][gc,start       ] GC(52) Pause Young (Allocation Failure)
[26.048s][debug][gc,phases      ] GC(52) Scavenge 26.682ms
[26.048s][debug][gc,ref         ] GC(52) Skipped phase 1 of Reference Processing: no references
[26.048s][debug][gc,ref         ] GC(52) ReferenceProcessor::execute queues: 1, RefProcThreadModel::Single, marks_oops_alive: false
[26.048s][debug][gc,ref         ] GC(52) Skipped phase 3 of Reference Processing: no references
[26.048s][debug][gc,ref         ] GC(52) ReferenceProcessor::execute queues: 1, RefProcThreadModel::Single, marks_oops_alive: false
[26.048s][debug][gc,phases      ] GC(52) Reference Processing 0.126ms
[26.048s][debug][gc,phases      ] GC(52)   VM Weak                        Min:  0.0, Avg:  0.0, Max:  0.0, Diff:  0.0, Sum:  0.0, Workers: 4
[26.048s][debug][gc,phases      ] GC(52)     Dead                           Min: 0, Avg:  0.0, Max: 0, Diff: 0, Sum: 0, Workers: 4
[26.048s][debug][gc,phases      ] GC(52)     Total                          Min: 0, Avg: 148.8, Max: 320, Diff: 320, Sum: 595, Workers: 4
[26.048s][debug][gc,phases      ] GC(52)   ObjectSynchronizer Weak        Min:  0.0, Avg:  0.0, Max:  0.0, Diff:  0.0, Sum:  0.0, Workers: 4
[26.048s][debug][gc,phases      ] GC(52)     Dead                           Min: 0, Avg:  0.0, Max: 0, Diff: 0, Sum: 0, Workers: 4
[26.048s][debug][gc,phases      ] GC(52)     Total                          Min: 0, Avg: 70.0, Max: 152, Diff: 152, Sum: 280, Workers: 4
[26.048s][debug][gc,phases      ] GC(52)   JVMTI Tag Weak OopStorage      Min:  0.0, Avg:  0.0, Max:  0.0, Diff:  0.0, Sum:  0.0, Workers: 4
[26.048s][debug][gc,phases      ] GC(52)     Dead                           Min: 0, Avg:  0.0, Max: 0, Diff: 0, Sum: 0, Workers: 4
[26.048s][debug][gc,phases      ] GC(52)     Total                          Min: 0, Avg:  0.0, Max: 0, Diff: 0, Sum: 0, Workers: 4
[26.048s][debug][gc,phases      ] GC(52)   StringTable Weak               Min:  0.1, Avg:  0.1, Max:  0.1, Diff:  0.0, Sum:  0.4, Workers: 4
[26.048s][debug][gc,phases      ] GC(52)     Dead                           Min: 0, Avg:  2.8, Max: 6, Diff: 6, Sum: 11, Workers: 4
[26.048s][debug][gc,phases      ] GC(52)     Total                          Min: 9344, Avg: 10750.8, Max: 11707, Diff: 2363, Sum: 43003, Workers: 4
[26.048s][debug][gc,phases      ] GC(52)   ResolvedMethodTable Weak       Min:  0.0, Avg:  0.0, Max:  0.0, Diff:  0.0, Sum:  0.1, Workers: 4
[26.048s][debug][gc,phases      ] GC(52)     Dead                           Min: 0, Avg:  0.0, Max: 0, Diff: 0, Sum: 0, Workers: 4
[26.048s][debug][gc,phases      ] GC(52)     Total                          Min: 1663, Avg: 1816.8, Max: 1984, Diff: 321, Sum: 7267, Workers: 4
[26.048s][debug][gc,phases      ] GC(52)   JNI Weak                       Min:  0.0, Avg:  0.0, Max:  0.0, Diff:  0.0, Sum:  0.0, Workers: 4
[26.048s][debug][gc,phases      ] GC(52)     Dead                           Min: 0, Avg:  0.0, Max: 0, Diff: 0, Sum: 0, Workers: 4
[26.048s][debug][gc,phases      ] GC(52)     Total                          Min: 0, Avg:  3.5, Max: 14, Diff: 14, Sum: 14, Workers: 4
[26.048s][debug][gc,phases      ] GC(52)   StringDedup Table Weak         Min:  0.0, Avg:  0.0, Max:  0.0, Diff:  0.0, Sum:  0.0, Workers: 4
[26.048s][debug][gc,phases      ] GC(52)     Dead                           Min: 0, Avg:  0.0, Max: 0, Diff: 0, Sum: 0, Workers: 4
[26.048s][debug][gc,phases      ] GC(52)     Total                          Min: 0, Avg:  0.0, Max: 0, Diff: 0, Sum: 0, Workers: 4
[26.048s][debug][gc,phases      ] GC(52)   StringDedup Requests0 Weak     Min:  0.0, Avg:  0.0, Max:  0.0, Diff:  0.0, Sum:  0.0, Workers: 4
[26.048s][debug][gc,phases      ] GC(52)     Dead                           Min: 0, Avg:  0.0, Max: 0, Diff: 0, Sum: 0, Workers: 4
[26.048s][debug][gc,phases      ] GC(52)     Total                          Min: 0, Avg:  0.0, Max: 0, Diff: 0, Sum: 0, Workers: 4
[26.048s][debug][gc,phases      ] GC(52)   StringDedup Requests1 Weak     Min:  0.0, Avg:  0.0, Max:  0.0, Diff:  0.0, Sum:  0.0, Workers: 4
[26.048s][debug][gc,phases      ] GC(52)     Dead                           Min: 0, Avg:  0.0, Max: 0, Diff: 0, Sum: 0, Workers: 4
[26.048s][debug][gc,phases      ] GC(52)     Total                          Min: 0, Avg:  0.0, Max: 0, Diff: 0, Sum: 0, Workers: 4
[26.048s][debug][gc,phases      ] GC(52)   Weak JFR Old Object Samples    Min:  0.0, Avg:  0.0, Max:  0.0, Diff:  0.0, Sum:  0.0, Workers: 4
[26.048s][debug][gc,phases      ] GC(52)     Dead                           Min: 0, Avg:  0.0, Max: 0, Diff: 0, Sum: 0, Workers: 4
[26.048s][debug][gc,phases      ] GC(52)     Total                          Min: 0, Avg:  0.0, Max: 0, Diff: 0, Sum: 0, Workers: 4
[26.048s][debug][gc,phases      ] GC(52) Weak Processing 0.323ms
[26.048s][debug][gc,age         ] GC(52) Desired survivor size 236453888 bytes, new threshold 15 (max threshold 15)
[26.048s][info ][gc,heap        ] GC(52) PSYoungGen: 1676672K(1856000K)->75248K(1845248K) Eden: 1604096K(1604096K)->0K(1604096K) From: 72576K(251904K)->75248K(241152K)
[26.048s][info ][gc,heap        ] GC(52) ParOldGen: 488873K(581120K)->490541K(581120K)
[26.048s][info ][gc,metaspace   ] GC(52) Metaspace: 68957K(69696K)->68957K(69696K) NonClass: 58921K(59328K)->58921K(59328K) Class: 10035K(10368K)->10035K(10368K)
[26.048s][info ][gc             ] GC(52) Pause Young (Allocation Failure) 2114M->552M(2369M) 27.277ms
[26.048s][info ][gc,cpu         ] GC(52) User=0.11s Sys=0.00s Real=0.03s
[26.048s][info ][safepoint      ] Safepoint "ParallelGCFailedAllocation", Time since last: 59296350 ns, Reaching safepoint: 138910 ns, At safepoint: 27388862 ns, Total: 27527772 ns
[26.170s][info ][safepoint      ] Safepoint "ICBufferFull", Time since last: 121113979 ns, Reaching safepoint: 189914 ns, At safepoint: 29502 ns, Total: 219416 ns
[26.280s][info ][safepoint      ] Safepoint "ICBufferFull", Time since last: 110404612 ns, Reaching safepoint: 122309 ns, At safepoint: 26201 ns, Total: 148510 ns
[26.376s][info ][gc,start       ] GC(53) Pause Young (Allocation Failure)
[26.403s][debug][gc,phases      ] GC(53) Scavenge 26.511ms
[26.403s][debug][gc,ref         ] GC(53) Skipped phase 1 of Reference Processing: no references
[26.403s][debug][gc,ref         ] GC(53) ReferenceProcessor::execute queues: 1, RefProcThreadModel::Single, marks_oops_alive: false
[26.403s][debug][gc,ref         ] GC(53) Skipped phase 3 of Reference Processing: no references
[26.403s][debug][gc,ref         ] GC(53) ReferenceProcessor::execute queues: 1, RefProcThreadModel::Single, marks_oops_alive: false
[26.403s][debug][gc,phases      ] GC(53) Reference Processing 0.123ms
[26.403s][debug][gc,phases      ] GC(53)   VM Weak                        Min:  0.0, Avg:  0.0, Max:  0.0, Diff:  0.0, Sum:  0.0, Workers: 4
[26.403s][debug][gc,phases      ] GC(53)     Dead                           Min: 0, Avg:  0.0, Max: 0, Diff: 0, Sum: 0, Workers: 4
[26.403s][debug][gc,phases      ] GC(53)     Total                          Min: 0, Avg: 148.8, Max: 403, Diff: 403, Sum: 595, Workers: 4
[26.403s][debug][gc,phases      ] GC(53)   ObjectSynchronizer Weak        Min:  0.0, Avg:  0.0, Max:  0.0, Diff:  0.0, Sum:  0.0, Workers: 4
[26.403s][debug][gc,phases      ] GC(53)     Dead                           Min: 0, Avg:  0.0, Max: 0, Diff: 0, Sum: 0, Workers: 4
[26.403s][debug][gc,phases      ] GC(53)     Total                          Min: 0, Avg: 70.0, Max: 128, Diff: 128, Sum: 280, Workers: 4
[26.403s][debug][gc,phases      ] GC(53)   JVMTI Tag Weak OopStorage      Min:  0.0, Avg:  0.0, Max:  0.0, Diff:  0.0, Sum:  0.0, Workers: 4
[26.403s][debug][gc,phases      ] GC(53)     Dead                           Min: 0, Avg:  0.0, Max: 0, Diff: 0, Sum: 0, Workers: 4
[26.403s][debug][gc,phases      ] GC(53)     Total                          Min: 0, Avg:  0.0, Max: 0, Diff: 0, Sum: 0, Workers: 4
[26.403s][debug][gc,phases      ] GC(53)   StringTable Weak               Min:  0.1, Avg:  0.1, Max:  0.1, Diff:  0.0, Sum:  0.4, Workers: 4
[26.403s][debug][gc,phases      ] GC(53)     Dead                           Min: 0, Avg:  0.0, Max: 0, Diff: 0, Sum: 0, Workers: 4
[26.403s][debug][gc,phases      ] GC(53)     Total                          Min: 10112, Avg: 10751.5, Max: 12222, Diff: 2110, Sum: 43006, Workers: 4
[26.403s][debug][gc,phases      ] GC(53)   ResolvedMethodTable Weak       Min:  0.0, Avg:  0.0, Max:  0.0, Diff:  0.0, Sum:  0.1, Workers: 4
[26.403s][debug][gc,phases      ] GC(53)     Dead                           Min: 0, Avg:  0.0, Max: 0, Diff: 0, Sum: 0, Workers: 4
[26.403s][debug][gc,phases      ] GC(53)     Total                          Min: 1599, Avg: 1816.8, Max: 1984, Diff: 385, Sum: 7267, Workers: 4
[26.403s][debug][gc,phases      ] GC(53)   JNI Weak                       Min:  0.0, Avg:  0.0, Max:  0.0, Diff:  0.0, Sum:  0.0, Workers: 4
[26.403s][debug][gc,phases      ] GC(53)     Dead                           Min: 0, Avg:  0.0, Max: 0, Diff: 0, Sum: 0, Workers: 4
[26.403s][debug][gc,phases      ] GC(53)     Total                          Min: 0, Avg:  4.5, Max: 18, Diff: 18, Sum: 18, Workers: 4
[26.403s][debug][gc,phases      ] GC(53)   StringDedup Table Weak         Min:  0.0, Avg:  0.0, Max:  0.0, Diff:  0.0, Sum:  0.0, Workers: 4
[26.403s][debug][gc,phases      ] GC(53)     Dead                           Min: 0, Avg:  0.0, Max: 0, Diff: 0, Sum: 0, Workers: 4
[26.403s][debug][gc,phases      ] GC(53)     Total                          Min: 0, Avg:  0.0, Max: 0, Diff: 0, Sum: 0, Workers: 4
[26.403s][debug][gc,phases      ] GC(53)   StringDedup Requests0 Weak     Min:  0.0, Avg:  0.0, Max:  0.0, Diff:  0.0, Sum:  0.0, Workers: 4
[26.403s][debug][gc,phases      ] GC(53)     Dead                           Min: 0, Avg:  0.0, Max: 0, Diff: 0, Sum: 0, Workers: 4
[26.403s][debug][gc,phases      ] GC(53)     Total                          Min: 0, Avg:  0.0, Max: 0, Diff: 0, Sum: 0, Workers: 4
[26.403s][debug][gc,phases      ] GC(53)   StringDedup Requests1 Weak     Min:  0.0, Avg:  0.0, Max:  0.0, Diff:  0.0, Sum:  0.0, Workers: 4
[26.403s][debug][gc,phases      ] GC(53)     Dead                           Min: 0, Avg:  0.0, Max: 0, Diff: 0, Sum: 0, Workers: 4
[26.403s][debug][gc,phases      ] GC(53)     Total                          Min: 0, Avg:  0.0, Max: 0, Diff: 0, Sum: 0, Workers: 4
[26.403s][debug][gc,phases      ] GC(53)   Weak JFR Old Object Samples    Min:  0.0, Avg:  0.0, Max:  0.0, Diff:  0.0, Sum:  0.0, Workers: 4
[26.403s][debug][gc,phases      ] GC(53)     Dead                           Min: 0, Avg:  0.0, Max: 0, Diff: 0, Sum: 0, Workers: 4
[26.403s][debug][gc,phases      ] GC(53)     Total                          Min: 0, Avg:  0.0, Max: 0, Diff: 0, Sum: 0, Workers: 4
[26.403s][debug][gc,phases      ] GC(53) Weak Processing 0.301ms
[26.403s][debug][gc,age         ] GC(53) Desired survivor size 225443840 bytes, new threshold 15 (max threshold 15)
[26.403s][info ][gc,heap        ] GC(53) PSYoungGen: 1679344K(1845248K)->77045K(1876992K) Eden: 1604096K(1604096K)->0K(1646080K) From: 75248K(241152K)->77045K(230912K)
[26.403s][info ][gc,heap        ] GC(53) ParOldGen: 490541K(581120K)->491949K(581120K)
[26.403s][info ][gc,metaspace   ] GC(53) Metaspace: 68968K(69696K)->68968K(69696K) NonClass: 58933K(59328K)->58933K(59328K) Class: 10035K(10368K)->10035K(10368K)
[26.403s][info ][gc             ] GC(53) Pause Young (Allocation Failure) 2119M->555M(2400M) 27.058ms
[26.403s][info ][gc,cpu         ] GC(53) User=0.11s Sys=0.00s Real=0.02s
[26.403s][info ][safepoint      ] Safepoint "ParallelGCFailedAllocation", Time since last: 95700859 ns, Reaching safepoint: 128709 ns, At safepoint: 27160846 ns, Total: 27289555 ns
[26.504s][info ][safepoint      ] Safepoint "ICBufferFull", Time since last: 100431397 ns, Reaching safepoint: 131110 ns, At safepoint: 24601 ns, Total: 155711 ns
[26.549s][info ][safepoint      ] Safepoint "ICBufferFull", Time since last: 44433084 ns, Reaching safepoint: 135310 ns, At safepoint: 21302 ns, Total: 156612 ns
[26.555s][info ][safepoint      ] Safepoint "ICBufferFull", Time since last: 6723181 ns, Reaching safepoint: 116109 ns, At safepoint: 22601 ns, Total: 138710 ns
[26.563s][info ][safepoint      ] Safepoint "ICBufferFull", Time since last: 6658378 ns, Reaching safepoint: 664647 ns, At safepoint: 28302 ns, Total: 692949 ns
[26.564s][info ][safepoint      ] Safepoint "ICBufferFull", Time since last: 1226388 ns, Reaching safepoint: 101007 ns, At safepoint: 26502 ns, Total: 127509 ns
[26.576s][info ][safepoint      ] Safepoint "ICBufferFull", Time since last: 11914254 ns, Reaching safepoint: 116808 ns, At safepoint: 45604 ns, Total: 162412 ns
[26.709s][info ][safepoint      ] Safepoint "ICBufferFull", Time since last: 132989427 ns, Reaching safepoint: 92606 ns, At safepoint: 28602 ns, Total: 121208 ns
[26.726s][info ][gc,start       ] GC(54) Pause Young (Allocation Failure)
[26.756s][debug][gc,phases      ] GC(54) Scavenge 29.367ms
[26.756s][debug][gc,ref         ] GC(54) Skipped phase 1 of Reference Processing: no references
[26.756s][debug][gc,ref         ] GC(54) ReferenceProcessor::execute queues: 1, RefProcThreadModel::Single, marks_oops_alive: false
[26.756s][debug][gc,ref         ] GC(54) Skipped phase 3 of Reference Processing: no references
[26.756s][debug][gc,ref         ] GC(54) Skipped phase 4 of Reference Processing: no references
[26.756s][debug][gc,phases      ] GC(54) Reference Processing 0.140ms
[26.756s][debug][gc,phases      ] GC(54)   VM Weak                        Min:  0.0, Avg:  0.0, Max:  0.0, Diff:  0.0, Sum:  0.0, Workers: 4
[26.756s][debug][gc,phases      ] GC(54)     Dead                           Min: 0, Avg:  0.0, Max: 0, Diff: 0, Sum: 0, Workers: 4
[26.756s][debug][gc,phases      ] GC(54)     Total                          Min: 0, Avg: 148.8, Max: 339, Diff: 339, Sum: 595, Workers: 4
[26.756s][debug][gc,phases      ] GC(54)   ObjectSynchronizer Weak        Min:  0.0, Avg:  0.0, Max:  0.0, Diff:  0.0, Sum:  0.0, Workers: 4
[26.756s][debug][gc,phases      ] GC(54)     Dead                           Min: 0, Avg:  0.0, Max: 0, Diff: 0, Sum: 0, Workers: 4
[26.756s][debug][gc,phases      ] GC(54)     Total                          Min: 0, Avg: 70.0, Max: 152, Diff: 152, Sum: 280, Workers: 4
[26.756s][debug][gc,phases      ] GC(54)   JVMTI Tag Weak OopStorage      Min:  0.0, Avg:  0.0, Max:  0.0, Diff:  0.0, Sum:  0.0, Workers: 4
[26.756s][debug][gc,phases      ] GC(54)     Dead                           Min: 0, Avg:  0.0, Max: 0, Diff: 0, Sum: 0, Workers: 4
[26.756s][debug][gc,phases      ] GC(54)     Total                          Min: 0, Avg:  0.0, Max: 0, Diff: 0, Sum: 0, Workers: 4
[26.756s][debug][gc,phases      ] GC(54)   StringTable Weak               Min:  0.1, Avg:  0.1, Max:  0.1, Diff:  0.0, Sum:  0.4, Workers: 4
[26.756s][debug][gc,phases      ] GC(54)     Dead                           Min: 0, Avg:  2.8, Max: 6, Diff: 6, Sum: 11, Workers: 4
[26.756s][debug][gc,phases      ] GC(54)     Total                          Min: 9984, Avg: 10753.0, Max: 11904, Diff: 1920, Sum: 43012, Workers: 4
[26.756s][debug][gc,phases      ] GC(54)   ResolvedMethodTable Weak       Min:  0.0, Avg:  0.0, Max:  0.0, Diff:  0.0, Sum:  0.1, Workers: 4
[26.756s][debug][gc,phases      ] GC(54)     Dead                           Min: 0, Avg:  0.0, Max: 0, Diff: 0, Sum: 0, Workers: 4
[26.756s][debug][gc,phases      ] GC(54)     Total                          Min: 1599, Avg: 1816.8, Max: 2085, Diff: 486, Sum: 7267, Workers: 4
[26.756s][debug][gc,phases      ] GC(54)   JNI Weak                       Min:  0.0, Avg:  0.0, Max:  0.0, Diff:  0.0, Sum:  0.0, Workers: 4
[26.756s][debug][gc,phases      ] GC(54)     Dead                           Min: 0, Avg:  0.0, Max: 0, Diff: 0, Sum: 0, Workers: 4
[26.756s][debug][gc,phases      ] GC(54)     Total                          Min: 0, Avg:  2.5, Max: 10, Diff: 10, Sum: 10, Workers: 4
[26.756s][debug][gc,phases      ] GC(54)   StringDedup Table Weak         Min:  0.0, Avg:  0.0, Max:  0.0, Diff:  0.0, Sum:  0.0, Workers: 4
[26.756s][debug][gc,phases      ] GC(54)     Dead                           Min: 0, Avg:  0.0, Max: 0, Diff: 0, Sum: 0, Workers: 4
[26.756s][debug][gc,phases      ] GC(54)     Total                          Min: 0, Avg:  0.0, Max: 0, Diff: 0, Sum: 0, Workers: 4
[26.756s][debug][gc,phases      ] GC(54)   StringDedup Requests0 Weak     Min:  0.0, Avg:  0.0, Max:  0.0, Diff:  0.0, Sum:  0.0, Workers: 4
[26.756s][debug][gc,phases      ] GC(54)     Dead                           Min: 0, Avg:  0.0, Max: 0, Diff: 0, Sum: 0, Workers: 4
[26.756s][debug][gc,phases      ] GC(54)     Total                          Min: 0, Avg:  0.0, Max: 0, Diff: 0, Sum: 0, Workers: 4
[26.756s][debug][gc,phases      ] GC(54)   StringDedup Requests1 Weak     Min:  0.0, Avg:  0.0, Max:  0.0, Diff:  0.0, Sum:  0.0, Workers: 4
[26.756s][debug][gc,phases      ] GC(54)     Dead                           Min: 0, Avg:  0.0, Max: 0, Diff: 0, Sum: 0, Workers: 4
[26.756s][debug][gc,phases      ] GC(54)     Total                          Min: 0, Avg:  0.0, Max: 0, Diff: 0, Sum: 0, Workers: 4
[26.756s][debug][gc,phases      ] GC(54)   Weak JFR Old Object Samples    Min:  0.0, Avg:  0.0, Max:  0.0, Diff:  0.0, Sum:  0.0, Workers: 4
[26.756s][debug][gc,phases      ] GC(54)     Dead                           Min: 0, Avg:  0.0, Max: 0, Diff: 0, Sum: 0, Workers: 4
[26.756s][debug][gc,phases      ] GC(54)     Total                          Min: 0, Avg:  0.0, Max: 0, Diff: 0, Sum: 0, Workers: 4
[26.756s][debug][gc,phases      ] GC(54) Weak Processing 0.359ms
[26.756s][debug][gc,age         ] GC(54) Desired survivor size 215482368 bytes, new threshold 15 (max threshold 15)
[26.756s][info ][gc,heap        ] GC(54) PSYoungGen: 1723125K(1876992K)->78256K(1866240K) Eden: 1646080K(1646080K)->0K(1646080K) From: 77045K(230912K)->78256K(220160K)
[26.756s][info ][gc,heap        ] GC(54) ParOldGen: 491949K(581120K)->493453K(581120K)
[26.756s][info ][gc,metaspace   ] GC(54) Metaspace: 68985K(69760K)->68985K(69760K) NonClass: 58950K(59392K)->58950K(59392K) Class: 10035K(10368K)->10035K(10368K)
[26.756s][info ][gc             ] GC(54) Pause Young (Allocation Failure) 2163M->558M(2390M) 30.026ms
[26.756s][info ][gc,cpu         ] GC(54) User=0.10s Sys=0.00s Real=0.03s
[26.756s][info ][safepoint      ] Safepoint "ParallelGCFailedAllocation", Time since last: 13631577 ns, Reaching safepoint: 3225731 ns, At safepoint: 30149559 ns, Total: 33375290 ns
[26.928s][info ][safepoint      ] Safepoint "ICBufferFull", Time since last: 171108257 ns, Reaching safepoint: 132409 ns, At safepoint: 24702 ns, Total: 157111 ns
[26.980s][info ][safepoint      ] Safepoint "ICBufferFull", Time since last: 52601167 ns, Reaching safepoint: 127410 ns, At safepoint: 20101 ns, Total: 147511 ns
[27.160s][info ][gc,start       ] GC(55) Pause Young (Allocation Failure)
[27.190s][debug][gc,phases      ] GC(55) Scavenge 30.488ms
[27.190s][debug][gc,ref         ] GC(55) Skipped phase 1 of Reference Processing: no references
[27.190s][debug][gc,ref         ] GC(55) ReferenceProcessor::execute queues: 1, RefProcThreadModel::Single, marks_oops_alive: false
[27.191s][debug][gc,ref         ] GC(55) Skipped phase 3 of Reference Processing: no references
[27.191s][debug][gc,ref         ] GC(55) Skipped phase 4 of Reference Processing: no references
[27.191s][debug][gc,phases      ] GC(55) Reference Processing 0.148ms
[27.191s][debug][gc,phases      ] GC(55)   VM Weak                        Min:  0.0, Avg:  0.0, Max:  0.0, Diff:  0.0, Sum:  0.0, Workers: 4
[27.191s][debug][gc,phases      ] GC(55)     Dead                           Min: 0, Avg:  0.0, Max: 0, Diff: 0, Sum: 0, Workers: 4
[27.191s][debug][gc,phases      ] GC(55)     Total                          Min: 0, Avg: 148.8, Max: 512, Diff: 512, Sum: 595, Workers: 4
[27.191s][debug][gc,phases      ] GC(55)   ObjectSynchronizer Weak        Min:  0.0, Avg:  0.0, Max:  0.0, Diff:  0.0, Sum:  0.0, Workers: 4
[27.191s][debug][gc,phases      ] GC(55)     Dead                           Min: 0, Avg:  0.0, Max: 0, Diff: 0, Sum: 0, Workers: 4
[27.191s][debug][gc,phases      ] GC(55)     Total                          Min: 0, Avg: 70.0, Max: 152, Diff: 152, Sum: 280, Workers: 4
[27.191s][debug][gc,phases      ] GC(55)   JVMTI Tag Weak OopStorage      Min:  0.0, Avg:  0.0, Max:  0.0, Diff:  0.0, Sum:  0.0, Workers: 4
[27.191s][debug][gc,phases      ] GC(55)     Dead                           Min: 0, Avg:  0.0, Max: 0, Diff: 0, Sum: 0, Workers: 4
[27.191s][debug][gc,phases      ] GC(55)     Total                          Min: 0, Avg:  0.0, Max: 0, Diff: 0, Sum: 0, Workers: 4
[27.191s][debug][gc,phases      ] GC(55)   StringTable Weak               Min:  0.1, Avg:  0.1, Max:  0.1, Diff:  0.0, Sum:  0.4, Workers: 4
[27.191s][debug][gc,phases      ] GC(55)     Dead                           Min: 0, Avg:  2.8, Max: 11, Diff: 11, Sum: 11, Workers: 4
[27.191s][debug][gc,phases      ] GC(55)     Total                          Min: 9280, Avg: 10753.2, Max: 12048, Diff: 2768, Sum: 43013, Workers: 4
[27.191s][debug][gc,phases      ] GC(55)   ResolvedMethodTable Weak       Min:  0.0, Avg:  0.0, Max:  0.0, Diff:  0.0, Sum:  0.1, Workers: 4
[27.191s][debug][gc,phases      ] GC(55)     Dead                           Min: 0, Avg:  0.0, Max: 0, Diff: 0, Sum: 0, Workers: 4
[27.191s][debug][gc,phases      ] GC(55)     Total                          Min: 1572, Avg: 1816.8, Max: 1984, Diff: 412, Sum: 7267, Workers: 4
[27.191s][debug][gc,phases      ] GC(55)   JNI Weak                       Min:  0.0, Avg:  0.0, Max:  0.0, Diff:  0.0, Sum:  0.0, Workers: 4
[27.191s][debug][gc,phases      ] GC(55)     Dead                           Min: 0, Avg:  0.0, Max: 0, Diff: 0, Sum: 0, Workers: 4
[27.191s][debug][gc,phases      ] GC(55)     Total                          Min: 0, Avg:  3.0, Max: 12, Diff: 12, Sum: 12, Workers: 4
[27.191s][debug][gc,phases      ] GC(55)   StringDedup Table Weak         Min:  0.0, Avg:  0.0, Max:  0.0, Diff:  0.0, Sum:  0.0, Workers: 4
[27.191s][debug][gc,phases      ] GC(55)     Dead                           Min: 0, Avg:  0.0, Max: 0, Diff: 0, Sum: 0, Workers: 4
[27.191s][debug][gc,phases      ] GC(55)     Total                          Min: 0, Avg:  0.0, Max: 0, Diff: 0, Sum: 0, Workers: 4
[27.191s][debug][gc,phases      ] GC(55)   StringDedup Requests0 Weak     Min:  0.0, Avg:  0.0, Max:  0.0, Diff:  0.0, Sum:  0.0, Workers: 4
[27.191s][debug][gc,phases      ] GC(55)     Dead                           Min: 0, Avg:  0.0, Max: 0, Diff: 0, Sum: 0, Workers: 4
[27.191s][debug][gc,phases      ] GC(55)     Total                          Min: 0, Avg:  0.0, Max: 0, Diff: 0, Sum: 0, Workers: 4
[27.191s][debug][gc,phases      ] GC(55)   StringDedup Requests1 Weak     Min:  0.0, Avg:  0.0, Max:  0.0, Diff:  0.0, Sum:  0.0, Workers: 4
[27.191s][debug][gc,phases      ] GC(55)     Dead                           Min: 0, Avg:  0.0, Max: 0, Diff: 0, Sum: 0, Workers: 4
[27.191s][debug][gc,phases      ] GC(55)     Total                          Min: 0, Avg:  0.0, Max: 0, Diff: 0, Sum: 0, Workers: 4
[27.191s][debug][gc,phases      ] GC(55)   Weak JFR Old Object Samples    Min:  0.0, Avg:  0.0, Max:  0.0, Diff:  0.0, Sum:  0.0, Workers: 4
[27.191s][debug][gc,phases      ] GC(55)     Dead                           Min: 0, Avg:  0.0, Max: 0, Diff: 0, Sum: 0, Workers: 4
[27.191s][debug][gc,phases      ] GC(55)     Total                          Min: 0, Avg:  0.0, Max: 0, Diff: 0, Sum: 0, Workers: 4
[27.191s][debug][gc,phases      ] GC(55) Weak Processing 0.386ms
[27.191s][debug][gc,age         ] GC(55) Desired survivor size 204472320 bytes, new threshold 15 (max threshold 15)
[27.191s][info ][gc,heap        ] GC(55) PSYoungGen: 1724336K(1866240K)->83824K(1897472K) Eden: 1646080K(1646080K)->0K(1687040K) From: 78256K(220160K)->83824K(210432K)
[27.191s][info ][gc,heap        ] GC(55) ParOldGen: 493453K(581120K)->494778K(581120K)
[27.191s][info ][gc,metaspace   ] GC(55) Metaspace: 69003K(69760K)->69003K(69760K) NonClass: 58968K(59392K)->58968K(59392K) Class: 10035K(10368K)->10035K(10368K)
[27.191s][info ][gc             ] GC(55) Pause Young (Allocation Failure) 2165M->565M(2420M) 31.193ms
[27.191s][info ][gc,cpu         ] GC(55) User=0.12s Sys=0.00s Real=0.03s
[27.191s][info ][safepoint      ] Safepoint "ParallelGCFailedAllocation", Time since last: 179336346 ns, Reaching safepoint: 142210 ns, At safepoint: 31322643 ns, Total: 31464853 ns
[27.521s][info ][safepoint      ] Safepoint "ICBufferFull", Time since last: 329860628 ns, Reaching safepoint: 142910 ns, At safepoint: 23202 ns, Total: 166112 ns
[27.522s][info ][safepoint      ] Safepoint "ICBufferFull", Time since last: 933167 ns, Reaching safepoint: 99607 ns, At safepoint: 16501 ns, Total: 116108 ns
[27.523s][info ][safepoint      ] Safepoint "ICBufferFull", Time since last: 939567 ns, Reaching safepoint: 209615 ns, At safepoint: 19902 ns, Total: 229517 ns
[27.524s][info ][safepoint      ] Safepoint "ICBufferFull", Time since last: 747153 ns, Reaching safepoint: 101207 ns, At safepoint: 20402 ns, Total: 121609 ns
[27.561s][info ][gc,start       ] GC(56) Pause Young (Allocation Failure)
[27.596s][debug][gc,phases      ] GC(56) Scavenge 34.909ms
[27.596s][debug][gc,ref         ] GC(56) Skipped phase 1 of Reference Processing: no references
[27.596s][debug][gc,ref         ] GC(56) ReferenceProcessor::execute queues: 1, RefProcThreadModel::Single, marks_oops_alive: false
[27.596s][debug][gc,ref         ] GC(56) Skipped phase 3 of Reference Processing: no references
[27.596s][debug][gc,ref         ] GC(56) Skipped phase 4 of Reference Processing: no references
[27.596s][debug][gc,phases      ] GC(56) Reference Processing 0.107ms
[27.596s][debug][gc,phases      ] GC(56)   VM Weak                        Min:  0.0, Avg:  0.0, Max:  0.0, Diff:  0.0, Sum:  0.0, Workers: 4
[27.596s][debug][gc,phases      ] GC(56)     Dead                           Min: 0, Avg:  0.0, Max: 0, Diff: 0, Sum: 0, Workers: 4
[27.596s][debug][gc,phases      ] GC(56)     Total                          Min: 0, Avg: 148.8, Max: 320, Diff: 320, Sum: 595, Workers: 4
[27.596s][debug][gc,phases      ] GC(56)   ObjectSynchronizer Weak        Min:  0.0, Avg:  0.0, Max:  0.0, Diff:  0.0, Sum:  0.0, Workers: 4
[27.596s][debug][gc,phases      ] GC(56)     Dead                           Min: 0, Avg:  0.0, Max: 0, Diff: 0, Sum: 0, Workers: 4
[27.596s][debug][gc,phases      ] GC(56)     Total                          Min: 0, Avg: 70.0, Max: 152, Diff: 152, Sum: 280, Workers: 4
[27.596s][debug][gc,phases      ] GC(56)   JVMTI Tag Weak OopStorage      Min:  0.0, Avg:  0.0, Max:  0.0, Diff:  0.0, Sum:  0.0, Workers: 4
[27.596s][debug][gc,phases      ] GC(56)     Dead                           Min: 0, Avg:  0.0, Max: 0, Diff: 0, Sum: 0, Workers: 4
[27.596s][debug][gc,phases      ] GC(56)     Total                          Min: 0, Avg:  0.0, Max: 0, Diff: 0, Sum: 0, Workers: 4
[27.596s][debug][gc,phases      ] GC(56)   StringTable Weak               Min:  0.1, Avg:  0.1, Max:  0.1, Diff:  0.0, Sum:  0.4, Workers: 4
[27.596s][debug][gc,phases      ] GC(56)     Dead                           Min: 0, Avg:  2.8, Max: 11, Diff: 11, Sum: 11, Workers: 4
[27.596s][debug][gc,phases      ] GC(56)     Total                          Min: 9810, Avg: 10753.8, Max: 11451, Diff: 1641, Sum: 43015, Workers: 4
[27.596s][debug][gc,phases      ] GC(56)   ResolvedMethodTable Weak       Min:  0.0, Avg:  0.0, Max:  0.0, Diff:  0.0, Sum:  0.1, Workers: 4
[27.596s][debug][gc,phases      ] GC(56)     Dead                           Min: 0, Avg:  0.0, Max: 0, Diff: 0, Sum: 0, Workers: 4
[27.596s][debug][gc,phases      ] GC(56)     Total                          Min: 1535, Avg: 1816.8, Max: 1984, Diff: 449, Sum: 7267, Workers: 4
[27.596s][debug][gc,phases      ] GC(56)   JNI Weak                       Min:  0.0, Avg:  0.0, Max:  0.0, Diff:  0.0, Sum:  0.0, Workers: 4
[27.596s][debug][gc,phases      ] GC(56)     Dead                           Min: 0, Avg:  0.0, Max: 0, Diff: 0, Sum: 0, Workers: 4
[27.596s][debug][gc,phases      ] GC(56)     Total                          Min: 0, Avg:  1.2, Max: 5, Diff: 5, Sum: 5, Workers: 4
[27.596s][debug][gc,phases      ] GC(56)   StringDedup Table Weak         Min:  0.0, Avg:  0.0, Max:  0.0, Diff:  0.0, Sum:  0.0, Workers: 4
[27.596s][debug][gc,phases      ] GC(56)     Dead                           Min: 0, Avg:  0.0, Max: 0, Diff: 0, Sum: 0, Workers: 4
[27.596s][debug][gc,phases      ] GC(56)     Total                          Min: 0, Avg:  0.0, Max: 0, Diff: 0, Sum: 0, Workers: 4
[27.596s][debug][gc,phases      ] GC(56)   StringDedup Requests0 Weak     Min:  0.0, Avg:  0.0, Max:  0.0, Diff:  0.0, Sum:  0.0, Workers: 4
[27.596s][debug][gc,phases      ] GC(56)     Dead                           Min: 0, Avg:  0.0, Max: 0, Diff: 0, Sum: 0, Workers: 4
[27.596s][debug][gc,phases      ] GC(56)     Total                          Min: 0, Avg:  0.0, Max: 0, Diff: 0, Sum: 0, Workers: 4
[27.596s][debug][gc,phases      ] GC(56)   StringDedup Requests1 Weak     Min:  0.0, Avg:  0.0, Max:  0.0, Diff:  0.0, Sum:  0.0, Workers: 4
[27.596s][debug][gc,phases      ] GC(56)     Dead                           Min: 0, Avg:  0.0, Max: 0, Diff: 0, Sum: 0, Workers: 4
[27.596s][debug][gc,phases      ] GC(56)     Total                          Min: 0, Avg:  0.0, Max: 0, Diff: 0, Sum: 0, Workers: 4
[27.596s][debug][gc,phases      ] GC(56)   Weak JFR Old Object Samples    Min:  0.0, Avg:  0.0, Max:  0.0, Diff:  0.0, Sum:  0.0, Workers: 4
[27.596s][debug][gc,phases      ] GC(56)     Dead                           Min: 0, Avg:  0.0, Max: 0, Diff: 0, Sum: 0, Workers: 4
[27.596s][debug][gc,phases      ] GC(56)     Total                          Min: 0, Avg:  0.0, Max: 0, Diff: 0, Sum: 0, Workers: 4
[27.596s][debug][gc,phases      ] GC(56) Weak Processing 0.277ms
[27.596s][debug][gc,age         ] GC(56) Desired survivor size 193462272 bytes, new threshold 15 (max threshold 15)
[27.596s][info ][gc,heap        ] GC(56) PSYoungGen: 1770864K(1897472K)->91184K(1886720K) Eden: 1687040K(1687040K)->0K(1687040K) From: 83824K(210432K)->91184K(199680K)
[27.596s][info ][gc,heap        ] GC(56) ParOldGen: 494778K(581120K)->496818K(581120K)
[27.596s][info ][gc,metaspace   ] GC(56) Metaspace: 69012K(69760K)->69012K(69760K) NonClass: 58977K(59392K)->58977K(59392K) Class: 10035K(10368K)->10035K(10368K)
[27.596s][info ][gc             ] GC(56) Pause Young (Allocation Failure) 2212M->574M(2410M) 35.458ms
[27.596s][info ][gc,cpu         ] GC(56) User=0.13s Sys=0.00s Real=0.04s
[27.597s][info ][safepoint      ] Safepoint "ParallelGCFailedAllocation", Time since last: 32477026 ns, Reaching safepoint: 4278607 ns, At safepoint: 35574548 ns, Total: 39853155 ns
[27.706s][info ][safepoint      ] Safepoint "ICBufferFull", Time since last: 109597847 ns, Reaching safepoint: 126909 ns, At safepoint: 26402 ns, Total: 153311 ns
[27.760s][info ][safepoint      ] Safepoint "ICBufferFull", Time since last: 53685343 ns, Reaching safepoint: 149311 ns, At safepoint: 27902 ns, Total: 177213 ns
[27.761s][info ][safepoint      ] Safepoint "ICBufferFull", Time since last: 970270 ns, Reaching safepoint: 99807 ns, At safepoint: 22301 ns, Total: 122108 ns
[27.762s][info ][safepoint      ] Safepoint "ICBufferFull", Time since last: 854362 ns, Reaching safepoint: 101707 ns, At safepoint: 18401 ns, Total: 120108 ns
[27.763s][info ][safepoint      ] Safepoint "ICBufferFull", Time since last: 936967 ns, Reaching safepoint: 103708 ns, At safepoint: 28302 ns, Total: 132010 ns
[27.764s][info ][safepoint      ] Safepoint "ICBufferFull", Time since last: 745853 ns, Reaching safepoint: 102307 ns, At safepoint: 27202 ns, Total: 129509 ns
[27.851s][info ][safepoint      ] Safepoint "ICBufferFull", Time since last: 86838118 ns, Reaching safepoint: 136509 ns, At safepoint: 24402 ns, Total: 160911 ns
[27.881s][info ][safepoint      ] Safepoint "ICBufferFull", Time since last: 29878739 ns, Reaching safepoint: 216216 ns, At safepoint: 21501 ns, Total: 237717 ns
[27.882s][info ][safepoint      ] Safepoint "ICBufferFull", Time since last: 1084278 ns, Reaching safepoint: 112208 ns, At safepoint: 20001 ns, Total: 132209 ns
[27.884s][info ][safepoint      ] Safepoint "ICBufferFull", Time since last: 1581914 ns, Reaching safepoint: 100907 ns, At safepoint: 15901 ns, Total: 116808 ns
[27.939s][info ][safepoint      ] Safepoint "ICBufferFull", Time since last: 54386694 ns, Reaching safepoint: 143110 ns, At safepoint: 29002 ns, Total: 172112 ns
[27.963s][info ][gc,start       ] GC(57) Pause Young (Allocation Failure)
[28.008s][debug][gc,phases      ] GC(57) Scavenge 44.138ms
[28.008s][debug][gc,ref         ] GC(57) Skipped phase 1 of Reference Processing: no references
[28.008s][debug][gc,ref         ] GC(57) ReferenceProcessor::execute queues: 1, RefProcThreadModel::Single, marks_oops_alive: false
[28.008s][debug][gc,ref         ] GC(57) Skipped phase 3 of Reference Processing: no references
[28.008s][debug][gc,ref         ] GC(57) ReferenceProcessor::execute queues: 1, RefProcThreadModel::Single, marks_oops_alive: false
[28.008s][debug][gc,phases      ] GC(57) Reference Processing 0.136ms
[28.008s][debug][gc,phases      ] GC(57)   VM Weak                        Min:  0.0, Avg:  0.0, Max:  0.0, Diff:  0.0, Sum:  0.0, Workers: 4
[28.008s][debug][gc,phases      ] GC(57)     Dead                           Min: 0, Avg:  0.0, Max: 0, Diff: 0, Sum: 0, Workers: 4
[28.008s][debug][gc,phases      ] GC(57)     Total                          Min: 0, Avg: 148.8, Max: 595, Diff: 595, Sum: 595, Workers: 4
[28.008s][debug][gc,phases      ] GC(57)   ObjectSynchronizer Weak        Min:  0.0, Avg:  0.0, Max:  0.0, Diff:  0.0, Sum:  0.0, Workers: 4
[28.008s][debug][gc,phases      ] GC(57)     Dead                           Min: 0, Avg:  0.0, Max: 0, Diff: 0, Sum: 0, Workers: 4
[28.008s][debug][gc,phases      ] GC(57)     Total                          Min: 0, Avg: 70.0, Max: 152, Diff: 152, Sum: 280, Workers: 4
[28.008s][debug][gc,phases      ] GC(57)   JVMTI Tag Weak OopStorage      Min:  0.0, Avg:  0.0, Max:  0.0, Diff:  0.0, Sum:  0.0, Workers: 4
[28.008s][debug][gc,phases      ] GC(57)     Dead                           Min: 0, Avg:  0.0, Max: 0, Diff: 0, Sum: 0, Workers: 4
[28.008s][debug][gc,phases      ] GC(57)     Total                          Min: 0, Avg:  0.0, Max: 0, Diff: 0, Sum: 0, Workers: 4
[28.008s][debug][gc,phases      ] GC(57)   StringTable Weak               Min:  0.1, Avg:  0.1, Max:  0.1, Diff:  0.0, Sum:  0.4, Workers: 4
[28.008s][debug][gc,phases      ] GC(57)     Dead                           Min: 0, Avg:  0.0, Max: 0, Diff: 0, Sum: 0, Workers: 4
[28.008s][debug][gc,phases      ] GC(57)     Total                          Min: 9664, Avg: 10754.2, Max: 12539, Diff: 2875, Sum: 43017, Workers: 4
[28.008s][debug][gc,phases      ] GC(57)   ResolvedMethodTable Weak       Min:  0.0, Avg:  0.0, Max:  0.0, Diff:  0.0, Sum:  0.1, Workers: 4
[28.008s][debug][gc,phases      ] GC(57)     Dead                           Min: 0, Avg:  0.0, Max: 0, Diff: 0, Sum: 0, Workers: 4
[28.008s][debug][gc,phases      ] GC(57)     Total                          Min: 1600, Avg: 1817.2, Max: 2176, Diff: 576, Sum: 7269, Workers: 4
[28.008s][debug][gc,phases      ] GC(57)   JNI Weak                       Min:  0.0, Avg:  0.0, Max:  0.0, Diff:  0.0, Sum:  0.0, Workers: 4
[28.008s][debug][gc,phases      ] GC(57)     Dead                           Min: 0, Avg:  0.0, Max: 0, Diff: 0, Sum: 0, Workers: 4
[28.008s][debug][gc,phases      ] GC(57)     Total                          Min: 0, Avg:  0.8, Max: 3, Diff: 3, Sum: 3, Workers: 4
[28.008s][debug][gc,phases      ] GC(57)   StringDedup Table Weak         Min:  0.0, Avg:  0.0, Max:  0.0, Diff:  0.0, Sum:  0.0, Workers: 4
[28.008s][debug][gc,phases      ] GC(57)     Dead                           Min: 0, Avg:  0.0, Max: 0, Diff: 0, Sum: 0, Workers: 4
[28.008s][debug][gc,phases      ] GC(57)     Total                          Min: 0, Avg:  0.0, Max: 0, Diff: 0, Sum: 0, Workers: 4
[28.008s][debug][gc,phases      ] GC(57)   StringDedup Requests0 Weak     Min:  0.0, Avg:  0.0, Max:  0.0, Diff:  0.0, Sum:  0.0, Workers: 4
[28.008s][debug][gc,phases      ] GC(57)     Dead                           Min: 0, Avg:  0.0, Max: 0, Diff: 0, Sum: 0, Workers: 4
[28.008s][debug][gc,phases      ] GC(57)     Total                          Min: 0, Avg:  0.0, Max: 0, Diff: 0, Sum: 0, Workers: 4
[28.008s][debug][gc,phases      ] GC(57)   StringDedup Requests1 Weak     Min:  0.0, Avg:  0.0, Max:  0.0, Diff:  0.0, Sum:  0.0, Workers: 4
[28.008s][debug][gc,phases      ] GC(57)     Dead                           Min: 0, Avg:  0.0, Max: 0, Diff: 0, Sum: 0, Workers: 4
[28.008s][debug][gc,phases      ] GC(57)     Total                          Min: 0, Avg:  0.0, Max: 0, Diff: 0, Sum: 0, Workers: 4
[28.008s][debug][gc,phases      ] GC(57)   Weak JFR Old Object Samples    Min:  0.0, Avg:  0.0, Max:  0.0, Diff:  0.0, Sum:  0.0, Workers: 4
[28.008s][debug][gc,phases      ] GC(57)     Dead                           Min: 0, Avg:  0.0, Max: 0, Diff: 0, Sum: 0, Workers: 4
[28.008s][debug][gc,phases      ] GC(57)     Total                          Min: 0, Avg:  0.0, Max: 0, Diff: 0, Sum: 0, Workers: 4
[28.008s][debug][gc,phases      ] GC(57) Weak Processing 0.295ms
[28.008s][debug][gc,age         ] GC(57) Desired survivor size 184025088 bytes, new threshold 15 (max threshold 15)
[28.008s][info ][gc,heap        ] GC(57) PSYoungGen: 1778224K(1886720K)->88384K(1917440K) Eden: 1687040K(1687040K)->0K(1728512K) From: 91184K(199680K)->88384K(188928K)
[28.008s][info ][gc,heap        ] GC(57) ParOldGen: 496818K(581120K)->503994K(581120K)
[28.008s][info ][gc,metaspace   ] GC(57) Metaspace: 69047K(69760K)->69047K(69760K) NonClass: 59010K(59392K)->59010K(59392K) Class: 10037K(10368K)->10037K(10368K)
[28.008s][info ][gc             ] GC(57) Pause Young (Allocation Failure) 2221M->578M(2440M) 44.709ms
[28.008s][info ][gc,cpu         ] GC(57) User=0.17s Sys=0.00s Real=0.05s
[28.008s][info ][safepoint      ] Safepoint "ParallelGCFailedAllocation", Time since last: 24459551 ns, Reaching safepoint: 131410 ns, At safepoint: 44825009 ns, Total: 44956419 ns
[28.100s][info ][safepoint      ] Safepoint "ICBufferFull", Time since last: 91565256 ns, Reaching safepoint: 122009 ns, At safepoint: 30602 ns, Total: 152611 ns
[28.200s][info ][safepoint      ] Safepoint "ICBufferFull", Time since last: 99659835 ns, Reaching safepoint: 138810 ns, At safepoint: 22901 ns, Total: 161711 ns
[28.333s][info ][gc,start       ] GC(58) Pause Young (Allocation Failure)
[28.374s][debug][gc,phases      ] GC(58) Scavenge 40.893ms
[28.374s][debug][gc,ref         ] GC(58) Skipped phase 1 of Reference Processing: no references
[28.374s][debug][gc,ref         ] GC(58) ReferenceProcessor::execute queues: 1, RefProcThreadModel::Single, marks_oops_alive: false
[28.374s][debug][gc,ref         ] GC(58) Skipped phase 3 of Reference Processing: no references
[28.374s][debug][gc,ref         ] GC(58) ReferenceProcessor::execute queues: 1, RefProcThreadModel::Single, marks_oops_alive: false
[28.374s][debug][gc,phases      ] GC(58) Reference Processing 0.117ms
[28.374s][debug][gc,phases      ] GC(58)   VM Weak                        Min:  0.0, Avg:  0.0, Max:  0.0, Diff:  0.0, Sum:  0.0, Workers: 4
[28.374s][debug][gc,phases      ] GC(58)     Dead                           Min: 0, Avg:  0.0, Max: 0, Diff: 0, Sum: 0, Workers: 4
[28.374s][debug][gc,phases      ] GC(58)     Total                          Min: 0, Avg: 148.8, Max: 595, Diff: 595, Sum: 595, Workers: 4
[28.374s][debug][gc,phases      ] GC(58)   ObjectSynchronizer Weak        Min:  0.0, Avg:  0.0, Max:  0.0, Diff:  0.0, Sum:  0.0, Workers: 4
[28.374s][debug][gc,phases      ] GC(58)     Dead                           Min: 0, Avg:  0.0, Max: 0, Diff: 0, Sum: 0, Workers: 4
[28.374s][debug][gc,phases      ] GC(58)     Total                          Min: 0, Avg: 70.0, Max: 280, Diff: 280, Sum: 280, Workers: 4
[28.374s][debug][gc,phases      ] GC(58)   JVMTI Tag Weak OopStorage      Min:  0.0, Avg:  0.0, Max:  0.0, Diff:  0.0, Sum:  0.0, Workers: 4
[28.374s][debug][gc,phases      ] GC(58)     Dead                           Min: 0, Avg:  0.0, Max: 0, Diff: 0, Sum: 0, Workers: 4
[28.374s][debug][gc,phases      ] GC(58)     Total                          Min: 0, Avg:  0.0, Max: 0, Diff: 0, Sum: 0, Workers: 4
[28.374s][debug][gc,phases      ] GC(58)   StringTable Weak               Min:  0.1, Avg:  0.1, Max:  0.1, Diff:  0.0, Sum:  0.4, Workers: 4
[28.374s][debug][gc,phases      ] GC(58)     Dead                           Min: 0, Avg:  2.8, Max: 5, Diff: 5, Sum: 11, Workers: 4
[28.374s][debug][gc,phases      ] GC(58)     Total                          Min: 9792, Avg: 10754.5, Max: 12160, Diff: 2368, Sum: 43018, Workers: 4
[28.374s][debug][gc,phases      ] GC(58)   ResolvedMethodTable Weak       Min:  0.0, Avg:  0.0, Max:  0.0, Diff:  0.0, Sum:  0.1, Workers: 4
[28.374s][debug][gc,phases      ] GC(58)     Dead                           Min: 0, Avg:  0.0, Max: 0, Diff: 0, Sum: 0, Workers: 4
[28.374s][debug][gc,phases      ] GC(58)     Total                          Min: 1600, Avg: 1817.2, Max: 2085, Diff: 485, Sum: 7269, Workers: 4
[28.374s][debug][gc,phases      ] GC(58)   JNI Weak                       Min:  0.0, Avg:  0.0, Max:  0.0, Diff:  0.0, Sum:  0.0, Workers: 4
[28.374s][debug][gc,phases      ] GC(58)     Dead                           Min: 0, Avg:  0.0, Max: 0, Diff: 0, Sum: 0, Workers: 4
[28.374s][debug][gc,phases      ] GC(58)     Total                          Min: 0, Avg:  0.8, Max: 3, Diff: 3, Sum: 3, Workers: 4
[28.374s][debug][gc,phases      ] GC(58)   StringDedup Table Weak         Min:  0.0, Avg:  0.0, Max:  0.0, Diff:  0.0, Sum:  0.0, Workers: 4
[28.374s][debug][gc,phases      ] GC(58)     Dead                           Min: 0, Avg:  0.0, Max: 0, Diff: 0, Sum: 0, Workers: 4
[28.374s][debug][gc,phases      ] GC(58)     Total                          Min: 0, Avg:  0.0, Max: 0, Diff: 0, Sum: 0, Workers: 4
[28.374s][debug][gc,phases      ] GC(58)   StringDedup Requests0 Weak     Min:  0.0, Avg:  0.0, Max:  0.0, Diff:  0.0, Sum:  0.0, Workers: 4
[28.374s][debug][gc,phases      ] GC(58)     Dead                           Min: 0, Avg:  0.0, Max: 0, Diff: 0, Sum: 0, Workers: 4
[28.374s][debug][gc,phases      ] GC(58)     Total                          Min: 0, Avg:  0.0, Max: 0, Diff: 0, Sum: 0, Workers: 4
[28.374s][debug][gc,phases      ] GC(58)   StringDedup Requests1 Weak     Min:  0.0, Avg:  0.0, Max:  0.0, Diff:  0.0, Sum:  0.0, Workers: 4
[28.374s][debug][gc,phases      ] GC(58)     Dead                           Min: 0, Avg:  0.0, Max: 0, Diff: 0, Sum: 0, Workers: 4
[28.374s][debug][gc,phases      ] GC(58)     Total                          Min: 0, Avg:  0.0, Max: 0, Diff: 0, Sum: 0, Workers: 4
[28.374s][debug][gc,phases      ] GC(58)   Weak JFR Old Object Samples    Min:  0.0, Avg:  0.0, Max:  0.0, Diff:  0.0, Sum:  0.0, Workers: 4
[28.374s][debug][gc,phases      ] GC(58)     Dead                           Min: 0, Avg:  0.0, Max: 0, Diff: 0, Sum: 0, Workers: 4
[28.374s][debug][gc,phases      ] GC(58)     Total                          Min: 0, Avg:  0.0, Max: 0, Diff: 0, Sum: 0, Workers: 4
[28.374s][debug][gc,phases      ] GC(58) Weak Processing 0.289ms
[28.374s][debug][gc,age         ] GC(58) Desired survivor size 175636480 bytes, new threshold 15 (max threshold 15)
[28.374s][info ][gc,heap        ] GC(58) PSYoungGen: 1816896K(1917440K)->87392K(1908224K) Eden: 1728512K(1728512K)->0K(1728512K) From: 88384K(188928K)->87392K(179712K)
[28.374s][info ][gc,heap        ] GC(58) ParOldGen: 503994K(581120K)->509050K(581120K)
[28.374s][info ][gc,metaspace   ] GC(58) Metaspace: 69065K(69760K)->69065K(69760K) NonClass: 59028K(59392K)->59028K(59392K) Class: 10037K(10368K)->10037K(10368K)
[28.374s][info ][gc             ] GC(58) Pause Young (Allocation Failure) 2266M->582M(2431M) 41.429ms
[28.374s][info ][gc,cpu         ] GC(58) User=0.15s Sys=0.00s Real=0.05s
[28.374s][info ][safepoint      ] Safepoint "ParallelGCFailedAllocation", Time since last: 132760806 ns, Reaching safepoint: 123708 ns, At safepoint: 41544775 ns, Total: 41668483 ns
[28.510s][info ][safepoint      ] Safepoint "ICBufferFull", Time since last: 135639811 ns, Reaching safepoint: 197214 ns, At safepoint: 23802 ns, Total: 221016 ns
[28.684s][info ][safepoint      ] Safepoint "ICBufferFull", Time since last: 173734936 ns, Reaching safepoint: 141210 ns, At safepoint: 33103 ns, Total: 174313 ns
[28.812s][info ][gc,start       ] GC(59) Pause Young (Allocation Failure)
[28.854s][debug][gc,phases      ] GC(59) Scavenge 42.250ms
[28.855s][debug][gc,ref         ] GC(59) Skipped phase 1 of Reference Processing: no references
[28.855s][debug][gc,ref         ] GC(59) ReferenceProcessor::execute queues: 1, RefProcThreadModel::Single, marks_oops_alive: false
[28.855s][debug][gc,ref         ] GC(59) Skipped phase 3 of Reference Processing: no references
[28.855s][debug][gc,ref         ] GC(59) ReferenceProcessor::execute queues: 1, RefProcThreadModel::Single, marks_oops_alive: false
[28.855s][debug][gc,phases      ] GC(59) Reference Processing 0.123ms
[28.855s][debug][gc,phases      ] GC(59)   VM Weak                        Min:  0.0, Avg:  0.0, Max:  0.0, Diff:  0.0, Sum:  0.0, Workers: 4
[28.855s][debug][gc,phases      ] GC(59)     Dead                           Min: 0, Avg:  0.0, Max: 0, Diff: 0, Sum: 0, Workers: 4
[28.855s][debug][gc,phases      ] GC(59)     Total                          Min: 0, Avg: 148.8, Max: 512, Diff: 512, Sum: 595, Workers: 4
[28.855s][debug][gc,phases      ] GC(59)   ObjectSynchronizer Weak        Min:  0.0, Avg:  0.0, Max:  0.0, Diff:  0.0, Sum:  0.0, Workers: 4
[28.855s][debug][gc,phases      ] GC(59)     Dead                           Min: 0, Avg:  0.0, Max: 0, Diff: 0, Sum: 0, Workers: 4
[28.855s][debug][gc,phases      ] GC(59)     Total                          Min: 0, Avg: 70.0, Max: 152, Diff: 152, Sum: 280, Workers: 4
[28.855s][debug][gc,phases      ] GC(59)   JVMTI Tag Weak OopStorage      Min:  0.0, Avg:  0.0, Max:  0.0, Diff:  0.0, Sum:  0.0, Workers: 4
[28.855s][debug][gc,phases      ] GC(59)     Dead                           Min: 0, Avg:  0.0, Max: 0, Diff: 0, Sum: 0, Workers: 4
[28.855s][debug][gc,phases      ] GC(59)     Total                          Min: 0, Avg:  0.0, Max: 0, Diff: 0, Sum: 0, Workers: 4
[28.855s][debug][gc,phases      ] GC(59)   StringTable Weak               Min:  0.1, Avg:  0.1, Max:  0.1, Diff:  0.0, Sum:  0.4, Workers: 4
[28.855s][debug][gc,phases      ] GC(59)     Dead                           Min: 0, Avg:  2.8, Max: 11, Diff: 11, Sum: 11, Workers: 4
[28.855s][debug][gc,phases      ] GC(59)     Total                          Min: 9344, Avg: 10756.0, Max: 12860, Diff: 3516, Sum: 43024, Workers: 4
[28.855s][debug][gc,phases      ] GC(59)   ResolvedMethodTable Weak       Min:  0.0, Avg:  0.0, Max:  0.0, Diff:  0.0, Sum:  0.1, Workers: 4
[28.855s][debug][gc,phases      ] GC(59)     Dead                           Min: 0, Avg:  0.0, Max: 0, Diff: 0, Sum: 0, Workers: 4
[28.855s][debug][gc,phases      ] GC(59)     Total                          Min: 1536, Avg: 1817.2, Max: 2213, Diff: 677, Sum: 7269, Workers: 4
[28.855s][debug][gc,phases      ] GC(59)   JNI Weak                       Min:  0.0, Avg:  0.0, Max:  0.0, Diff:  0.0, Sum:  0.0, Workers: 4
[28.855s][debug][gc,phases      ] GC(59)     Dead                           Min: 0, Avg:  0.0, Max: 0, Diff: 0, Sum: 0, Workers: 4
[28.855s][debug][gc,phases      ] GC(59)     Total                          Min: 0, Avg:  0.0, Max: 0, Diff: 0, Sum: 0, Workers: 4
[28.855s][debug][gc,phases      ] GC(59)   StringDedup Table Weak         Min:  0.0, Avg:  0.0, Max:  0.0, Diff:  0.0, Sum:  0.0, Workers: 4
[28.855s][debug][gc,phases      ] GC(59)     Dead                           Min: 0, Avg:  0.0, Max: 0, Diff: 0, Sum: 0, Workers: 4
[28.855s][debug][gc,phases      ] GC(59)     Total                          Min: 0, Avg:  0.0, Max: 0, Diff: 0, Sum: 0, Workers: 4
[28.855s][debug][gc,phases      ] GC(59)   StringDedup Requests0 Weak     Min:  0.0, Avg:  0.0, Max:  0.0, Diff:  0.0, Sum:  0.0, Workers: 4
[28.855s][debug][gc,phases      ] GC(59)     Dead                           Min: 0, Avg:  0.0, Max: 0, Diff: 0, Sum: 0, Workers: 4
[28.855s][debug][gc,phases      ] GC(59)     Total                          Min: 0, Avg:  0.0, Max: 0, Diff: 0, Sum: 0, Workers: 4
[28.855s][debug][gc,phases      ] GC(59)   StringDedup Requests1 Weak     Min:  0.0, Avg:  0.0, Max:  0.0, Diff:  0.0, Sum:  0.0, Workers: 4
[28.855s][debug][gc,phases      ] GC(59)     Dead                           Min: 0, Avg:  0.0, Max: 0, Diff: 0, Sum: 0, Workers: 4
[28.855s][debug][gc,phases      ] GC(59)     Total                          Min: 0, Avg:  0.0, Max: 0, Diff: 0, Sum: 0, Workers: 4
[28.855s][debug][gc,phases      ] GC(59)   Weak JFR Old Object Samples    Min:  0.0, Avg:  0.0, Max:  0.0, Diff:  0.0, Sum:  0.0, Workers: 4
[28.855s][debug][gc,phases      ] GC(59)     Dead                           Min: 0, Avg:  0.0, Max: 0, Diff: 0, Sum: 0, Workers: 4
[28.855s][debug][gc,phases      ] GC(59)     Total                          Min: 0, Avg:  0.0, Max: 0, Diff: 0, Sum: 0, Workers: 4
[28.855s][debug][gc,phases      ] GC(59) Weak Processing 0.310ms
[28.855s][debug][gc,age         ] GC(59) Desired survivor size 167772160 bytes, new threshold 15 (max threshold 15)
[28.855s][info ][gc,heap        ] GC(59) PSYoungGen: 1815904K(1908224K)->88304K(1933312K) Eden: 1728512K(1728512K)->0K(1761792K) From: 87392K(179712K)->88304K(171520K)
[28.855s][info ][gc,heap        ] GC(59) ParOldGen: 509050K(581120K)->513451K(581120K)
[28.855s][info ][gc,metaspace   ] GC(59) Metaspace: 69080K(69824K)->69080K(69824K) NonClass: 59043K(59456K)->59043K(59456K) Class: 10037K(10368K)->10037K(10368K)
[28.855s][info ][gc             ] GC(59) Pause Young (Allocation Failure) 2270M->587M(2455M) 42.824ms
[28.855s][info ][gc,cpu         ] GC(59) User=0.16s Sys=0.00s Real=0.05s
[28.855s][info ][safepoint      ] Safepoint "ParallelGCFailedAllocation", Time since last: 128105367 ns, Reaching safepoint: 132910 ns, At safepoint: 42919471 ns, Total: 43052381 ns
[29.115s][info ][safepoint      ] Safepoint "ICBufferFull", Time since last: 259713386 ns, Reaching safepoint: 165812 ns, At safepoint: 26402 ns, Total: 192214 ns
[29.122s][info ][safepoint      ] Safepoint "ICBufferFull", Time since last: 6971499 ns, Reaching safepoint: 123909 ns, At safepoint: 23001 ns, Total: 146910 ns
[29.129s][info ][safepoint      ] Safepoint "ICBufferFull", Time since last: 6637675 ns, Reaching safepoint: 114408 ns, At safepoint: 23302 ns, Total: 137710 ns
[29.175s][info ][gc,start       ] GC(60) Pause Young (Allocation Failure)
[29.211s][debug][gc,phases      ] GC(60) Scavenge 35.664ms
[29.211s][debug][gc,ref         ] GC(60) Skipped phase 1 of Reference Processing: no references
[29.211s][debug][gc,ref         ] GC(60) ReferenceProcessor::execute queues: 1, RefProcThreadModel::Single, marks_oops_alive: false
[29.211s][debug][gc,ref         ] GC(60) Skipped phase 3 of Reference Processing: no references
[29.211s][debug][gc,ref         ] GC(60) ReferenceProcessor::execute queues: 1, RefProcThreadModel::Single, marks_oops_alive: false
[29.211s][debug][gc,phases      ] GC(60) Reference Processing 0.155ms
[29.211s][debug][gc,phases      ] GC(60)   VM Weak                        Min:  0.0, Avg:  0.0, Max:  0.0, Diff:  0.0, Sum:  0.0, Workers: 4
[29.211s][debug][gc,phases      ] GC(60)     Dead                           Min: 0, Avg:  0.0, Max: 0, Diff: 0, Sum: 0, Workers: 4
[29.211s][debug][gc,phases      ] GC(60)     Total                          Min: 0, Avg: 148.8, Max: 339, Diff: 339, Sum: 595, Workers: 4
[29.211s][debug][gc,phases      ] GC(60)   ObjectSynchronizer Weak        Min:  0.0, Avg:  0.0, Max:  0.0, Diff:  0.0, Sum:  0.0, Workers: 4
[29.211s][debug][gc,phases      ] GC(60)     Dead                           Min: 0, Avg:  0.0, Max: 0, Diff: 0, Sum: 0, Workers: 4
[29.211s][debug][gc,phases      ] GC(60)     Total                          Min: 0, Avg: 70.0, Max: 128, Diff: 128, Sum: 280, Workers: 4
[29.211s][debug][gc,phases      ] GC(60)   JVMTI Tag Weak OopStorage      Min:  0.0, Avg:  0.0, Max:  0.0, Diff:  0.0, Sum:  0.0, Workers: 4
[29.211s][debug][gc,phases      ] GC(60)     Dead                           Min: 0, Avg:  0.0, Max: 0, Diff: 0, Sum: 0, Workers: 4
[29.211s][debug][gc,phases      ] GC(60)     Total                          Min: 0, Avg:  0.0, Max: 0, Diff: 0, Sum: 0, Workers: 4
[29.211s][debug][gc,phases      ] GC(60)   StringTable Weak               Min:  0.1, Avg:  0.1, Max:  0.1, Diff:  0.0, Sum:  0.4, Workers: 4
[29.211s][debug][gc,phases      ] GC(60)     Dead                           Min: 0, Avg:  2.8, Max: 5, Diff: 5, Sum: 11, Workers: 4
[29.211s][debug][gc,phases      ] GC(60)     Total                          Min: 10112, Avg: 10758.2, Max: 11264, Diff: 1152, Sum: 43033, Workers: 4
[29.211s][debug][gc,phases      ] GC(60)   ResolvedMethodTable Weak       Min:  0.0, Avg:  0.0, Max:  0.0, Diff:  0.0, Sum:  0.1, Workers: 4
[29.211s][debug][gc,phases      ] GC(60)     Dead                           Min: 0, Avg:  0.0, Max: 0, Diff: 0, Sum: 0, Workers: 4
[29.211s][debug][gc,phases      ] GC(60)     Total                          Min: 1536, Avg: 1817.2, Max: 2048, Diff: 512, Sum: 7269, Workers: 4
[29.211s][debug][gc,phases      ] GC(60)   JNI Weak                       Min:  0.0, Avg:  0.0, Max:  0.0, Diff:  0.0, Sum:  0.0, Workers: 4
[29.211s][debug][gc,phases      ] GC(60)     Dead                           Min: 0, Avg:  0.0, Max: 0, Diff: 0, Sum: 0, Workers: 4
[29.211s][debug][gc,phases      ] GC(60)     Total                          Min: 0, Avg:  0.0, Max: 0, Diff: 0, Sum: 0, Workers: 4
[29.211s][debug][gc,phases      ] GC(60)   StringDedup Table Weak         Min:  0.0, Avg:  0.0, Max:  0.0, Diff:  0.0, Sum:  0.0, Workers: 4
[29.211s][debug][gc,phases      ] GC(60)     Dead                           Min: 0, Avg:  0.0, Max: 0, Diff: 0, Sum: 0, Workers: 4
[29.211s][debug][gc,phases      ] GC(60)     Total                          Min: 0, Avg:  0.0, Max: 0, Diff: 0, Sum: 0, Workers: 4
[29.211s][debug][gc,phases      ] GC(60)   StringDedup Requests0 Weak     Min:  0.0, Avg:  0.0, Max:  0.0, Diff:  0.0, Sum:  0.0, Workers: 4
[29.211s][debug][gc,phases      ] GC(60)     Dead                           Min: 0, Avg:  0.0, Max: 0, Diff: 0, Sum: 0, Workers: 4
[29.211s][debug][gc,phases      ] GC(60)     Total                          Min: 0, Avg:  0.0, Max: 0, Diff: 0, Sum: 0, Workers: 4
[29.211s][debug][gc,phases      ] GC(60)   StringDedup Requests1 Weak     Min:  0.0, Avg:  0.0, Max:  0.0, Diff:  0.0, Sum:  0.0, Workers: 4
[29.211s][debug][gc,phases      ] GC(60)     Dead                           Min: 0, Avg:  0.0, Max: 0, Diff: 0, Sum: 0, Workers: 4
[29.211s][debug][gc,phases      ] GC(60)     Total                          Min: 0, Avg:  0.0, Max: 0, Diff: 0, Sum: 0, Workers: 4
[29.211s][debug][gc,phases      ] GC(60)   Weak JFR Old Object Samples    Min:  0.0, Avg:  0.0, Max:  0.0, Diff:  0.0, Sum:  0.0, Workers: 4
[29.211s][debug][gc,phases      ] GC(60)     Dead                           Min: 0, Avg:  0.0, Max: 0, Diff: 0, Sum: 0, Workers: 4
[29.211s][debug][gc,phases      ] GC(60)     Total                          Min: 0, Avg:  0.0, Max: 0, Diff: 0, Sum: 0, Workers: 4
[29.211s][debug][gc,phases      ] GC(60) Weak Processing 0.301ms
[29.211s][debug][gc,age         ] GC(60) Desired survivor size 160956416 bytes, new threshold 15 (max threshold 15)
[29.211s][info ][gc,heap        ] GC(60) PSYoungGen: 1850096K(1933312K)->86672K(1925632K) Eden: 1761792K(1761792K)->0K(1761792K) From: 88304K(171520K)->86672K(163840K)
[29.211s][info ][gc,heap        ] GC(60) ParOldGen: 513451K(581120K)->521883K(581120K)
[29.211s][info ][gc,metaspace   ] GC(60) Metaspace: 69085K(69824K)->69085K(69824K) NonClass: 59048K(59456K)->59048K(59456K) Class: 10037K(10368K)->10037K(10368K)
[29.211s][info ][gc             ] GC(60) Pause Young (Allocation Failure) 2308M->594M(2448M) 36.251ms
[29.211s][info ][gc,cpu         ] GC(60) User=0.14s Sys=0.00s Real=0.03s
[29.211s][info ][safepoint      ] Safepoint "ParallelGCFailedAllocation", Time since last: 45989291 ns, Reaching safepoint: 127709 ns, At safepoint: 36395705 ns, Total: 36523414 ns
[29.360s][info ][safepoint      ] Safepoint "ICBufferFull", Time since last: 148500727 ns, Reaching safepoint: 122009 ns, At safepoint: 34402 ns, Total: 156411 ns
[29.556s][info ][gc,start       ] GC(61) Pause Young (Allocation Failure)
[29.600s][debug][gc,phases      ] GC(61) Scavenge 43.744ms
[29.600s][debug][gc,ref         ] GC(61) Skipped phase 1 of Reference Processing: no references
[29.600s][debug][gc,ref         ] GC(61) ReferenceProcessor::execute queues: 1, RefProcThreadModel::Single, marks_oops_alive: false
[29.600s][debug][gc,ref         ] GC(61) Skipped phase 3 of Reference Processing: no references
[29.600s][debug][gc,ref         ] GC(61) ReferenceProcessor::execute queues: 1, RefProcThreadModel::Single, marks_oops_alive: false
[29.600s][debug][gc,phases      ] GC(61) Reference Processing 0.125ms
[29.600s][debug][gc,phases      ] GC(61)   VM Weak                        Min:  0.0, Avg:  0.0, Max:  0.0, Diff:  0.0, Sum:  0.0, Workers: 4
[29.600s][debug][gc,phases      ] GC(61)     Dead                           Min: 0, Avg:  0.0, Max: 0, Diff: 0, Sum: 0, Workers: 4
[29.600s][debug][gc,phases      ] GC(61)     Total                          Min: 0, Avg: 148.8, Max: 384, Diff: 384, Sum: 595, Workers: 4
[29.600s][debug][gc,phases      ] GC(61)   ObjectSynchronizer Weak        Min:  0.0, Avg:  0.0, Max:  0.0, Diff:  0.0, Sum:  0.0, Workers: 4
[29.600s][debug][gc,phases      ] GC(61)     Dead                           Min: 0, Avg:  0.0, Max: 0, Diff: 0, Sum: 0, Workers: 4
[29.600s][debug][gc,phases      ] GC(61)     Total                          Min: 0, Avg: 70.0, Max: 128, Diff: 128, Sum: 280, Workers: 4
[29.600s][debug][gc,phases      ] GC(61)   JVMTI Tag Weak OopStorage      Min:  0.0, Avg:  0.0, Max:  0.0, Diff:  0.0, Sum:  0.0, Workers: 4
[29.600s][debug][gc,phases      ] GC(61)     Dead                           Min: 0, Avg:  0.0, Max: 0, Diff: 0, Sum: 0, Workers: 4
[29.600s][debug][gc,phases      ] GC(61)     Total                          Min: 0, Avg:  0.0, Max: 0, Diff: 0, Sum: 0, Workers: 4
[29.600s][debug][gc,phases      ] GC(61)   StringTable Weak               Min:  0.1, Avg:  0.1, Max:  0.1, Diff:  0.0, Sum:  0.4, Workers: 4
[29.600s][debug][gc,phases      ] GC(61)     Dead                           Min: 0, Avg:  2.8, Max: 11, Diff: 11, Sum: 11, Workers: 4
[29.600s][debug][gc,phases      ] GC(61)     Total                          Min: 9984, Avg: 10760.0, Max: 11196, Diff: 1212, Sum: 43040, Workers: 4
[29.600s][debug][gc,phases      ] GC(61)   ResolvedMethodTable Weak       Min:  0.0, Avg:  0.0, Max:  0.0, Diff:  0.0, Sum:  0.1, Workers: 4
[29.600s][debug][gc,phases      ] GC(61)     Dead                           Min: 0, Avg:  0.0, Max: 0, Diff: 0, Sum: 0, Workers: 4
[29.600s][debug][gc,phases      ] GC(61)     Total                          Min: 1536, Avg: 1817.2, Max: 2112, Diff: 576, Sum: 7269, Workers: 4
[29.600s][debug][gc,phases      ] GC(61)   JNI Weak                       Min:  0.0, Avg:  0.0, Max:  0.0, Diff:  0.0, Sum:  0.0, Workers: 4
[29.600s][debug][gc,phases      ] GC(61)     Dead                           Min: 0, Avg:  0.0, Max: 0, Diff: 0, Sum: 0, Workers: 4
[29.600s][debug][gc,phases      ] GC(61)     Total                          Min: 0, Avg:  1.0, Max: 4, Diff: 4, Sum: 4, Workers: 4
[29.600s][debug][gc,phases      ] GC(61)   StringDedup Table Weak         Min:  0.0, Avg:  0.0, Max:  0.0, Diff:  0.0, Sum:  0.0, Workers: 4
[29.600s][debug][gc,phases      ] GC(61)     Dead                           Min: 0, Avg:  0.0, Max: 0, Diff: 0, Sum: 0, Workers: 4
[29.600s][debug][gc,phases      ] GC(61)     Total                          Min: 0, Avg:  0.0, Max: 0, Diff: 0, Sum: 0, Workers: 4
[29.600s][debug][gc,phases      ] GC(61)   StringDedup Requests0 Weak     Min:  0.0, Avg:  0.0, Max:  0.0, Diff:  0.0, Sum:  0.0, Workers: 4
[29.600s][debug][gc,phases      ] GC(61)     Dead                           Min: 0, Avg:  0.0, Max: 0, Diff: 0, Sum: 0, Workers: 4
[29.600s][debug][gc,phases      ] GC(61)     Total                          Min: 0, Avg:  0.0, Max: 0, Diff: 0, Sum: 0, Workers: 4
[29.600s][debug][gc,phases      ] GC(61)   StringDedup Requests1 Weak     Min:  0.0, Avg:  0.0, Max:  0.0, Diff:  0.0, Sum:  0.0, Workers: 4
[29.600s][debug][gc,phases      ] GC(61)     Dead                           Min: 0, Avg:  0.0, Max: 0, Diff: 0, Sum: 0, Workers: 4
[29.600s][debug][gc,phases      ] GC(61)     Total                          Min: 0, Avg:  0.0, Max: 0, Diff: 0, Sum: 0, Workers: 4
[29.600s][debug][gc,phases      ] GC(61)   Weak JFR Old Object Samples    Min:  0.0, Avg:  0.0, Max:  0.0, Diff:  0.0, Sum:  0.0, Workers: 4
[29.600s][debug][gc,phases      ] GC(61)     Dead                           Min: 0, Avg:  0.0, Max: 0, Diff: 0, Sum: 0, Workers: 4
[29.600s][debug][gc,phases      ] GC(61)     Total                          Min: 0, Avg:  0.0, Max: 0, Diff: 0, Sum: 0, Workers: 4
[29.600s][debug][gc,phases      ] GC(61) Weak Processing 0.307ms
[29.600s][debug][gc,age         ] GC(61) Desired survivor size 154664960 bytes, new threshold 15 (max threshold 15)
[29.600s][info ][gc,heap        ] GC(61) PSYoungGen: 1848464K(1925632K)->86928K(1946112K) Eden: 1761792K(1761792K)->0K(1788928K) From: 86672K(163840K)->86928K(157184K)
[29.600s][info ][gc,heap        ] GC(61) ParOldGen: 521883K(581120K)->527484K(581120K)
[29.600s][info ][gc,metaspace   ] GC(61) Metaspace: 69100K(69824K)->69100K(69824K) NonClass: 59063K(59456K)->59063K(59456K) Class: 10037K(10368K)->10037K(10368K)
[29.600s][info ][gc             ] GC(61) Pause Young (Allocation Failure) 2314M->600M(2468M) 44.308ms
[29.600s][info ][gc,cpu         ] GC(61) User=0.16s Sys=0.00s Real=0.04s
[29.600s][info ][safepoint      ] Safepoint "ParallelGCFailedAllocation", Time since last: 195794112 ns, Reaching safepoint: 135510 ns, At safepoint: 44414478 ns, Total: 44549988 ns
[29.971s][info ][gc,start       ] GC(62) Pause Young (Allocation Failure)
[30.005s][debug][gc,phases      ] GC(62) Scavenge 33.677ms
[30.005s][debug][gc,ref         ] GC(62) Skipped phase 1 of Reference Processing: no references
[30.005s][debug][gc,ref         ] GC(62) ReferenceProcessor::execute queues: 1, RefProcThreadModel::Single, marks_oops_alive: false
[30.005s][debug][gc,ref         ] GC(62) Skipped phase 3 of Reference Processing: no references
[30.005s][debug][gc,ref         ] GC(62) ReferenceProcessor::execute queues: 1, RefProcThreadModel::Single, marks_oops_alive: false
[30.005s][debug][gc,phases      ] GC(62) Reference Processing 0.152ms
[30.006s][debug][gc,phases      ] GC(62)   VM Weak                        Min:  0.0, Avg:  0.0, Max:  0.0, Diff:  0.0, Sum:  0.0, Workers: 4
[30.006s][debug][gc,phases      ] GC(62)     Dead                           Min: 0, Avg:  0.0, Max: 0, Diff: 0, Sum: 0, Workers: 4
[30.006s][debug][gc,phases      ] GC(62)     Total                          Min: 0, Avg: 149.8, Max: 535, Diff: 535, Sum: 599, Workers: 4
[30.006s][debug][gc,phases      ] GC(62)   ObjectSynchronizer Weak        Min:  0.0, Avg:  0.0, Max:  0.0, Diff:  0.0, Sum:  0.0, Workers: 4
[30.006s][debug][gc,phases      ] GC(62)     Dead                           Min: 0, Avg:  0.0, Max: 0, Diff: 0, Sum: 0, Workers: 4
[30.006s][debug][gc,phases      ] GC(62)     Total                          Min: 0, Avg: 70.0, Max: 152, Diff: 152, Sum: 280, Workers: 4
[30.006s][debug][gc,phases      ] GC(62)   JVMTI Tag Weak OopStorage      Min:  0.0, Avg:  0.0, Max:  0.0, Diff:  0.0, Sum:  0.0, Workers: 4
[30.006s][debug][gc,phases      ] GC(62)     Dead                           Min: 0, Avg:  0.0, Max: 0, Diff: 0, Sum: 0, Workers: 4
[30.006s][debug][gc,phases      ] GC(62)     Total                          Min: 0, Avg:  0.0, Max: 0, Diff: 0, Sum: 0, Workers: 4
[30.006s][debug][gc,phases      ] GC(62)   StringTable Weak               Min:  0.1, Avg:  0.1, Max:  0.1, Diff:  0.0, Sum:  0.4, Workers: 4
[30.006s][debug][gc,phases      ] GC(62)     Dead                           Min: 0, Avg:  0.0, Max: 0, Diff: 0, Sum: 0, Workers: 4
[30.006s][debug][gc,phases      ] GC(62)     Total                          Min: 10432, Avg: 10842.5, Max: 11114, Diff: 682, Sum: 43370, Workers: 4
[30.006s][debug][gc,phases      ] GC(62)   ResolvedMethodTable Weak       Min:  0.0, Avg:  0.0, Max:  0.0, Diff:  0.0, Sum:  0.1, Workers: 4
[30.006s][debug][gc,phases      ] GC(62)     Dead                           Min: 0, Avg:  6.2, Max: 21, Diff: 21, Sum: 25, Workers: 4
[30.006s][debug][gc,phases      ] GC(62)     Total                          Min: 1664, Avg: 1849.0, Max: 1984, Diff: 320, Sum: 7396, Workers: 4
[30.006s][debug][gc,phases      ] GC(62)   JNI Weak                       Min:  0.0, Avg:  0.0, Max:  0.0, Diff:  0.0, Sum:  0.0, Workers: 4
[30.006s][debug][gc,phases      ] GC(62)     Dead                           Min: 0, Avg:  0.0, Max: 0, Diff: 0, Sum: 0, Workers: 4
[30.006s][debug][gc,phases      ] GC(62)     Total                          Min: 0, Avg:  6.0, Max: 24, Diff: 24, Sum: 24, Workers: 4
[30.006s][debug][gc,phases      ] GC(62)   StringDedup Table Weak         Min:  0.0, Avg:  0.0, Max:  0.0, Diff:  0.0, Sum:  0.0, Workers: 4
[30.006s][debug][gc,phases      ] GC(62)     Dead                           Min: 0, Avg:  0.0, Max: 0, Diff: 0, Sum: 0, Workers: 4
[30.006s][debug][gc,phases      ] GC(62)     Total                          Min: 0, Avg:  0.0, Max: 0, Diff: 0, Sum: 0, Workers: 4
[30.006s][debug][gc,phases      ] GC(62)   StringDedup Requests0 Weak     Min:  0.0, Avg:  0.0, Max:  0.0, Diff:  0.0, Sum:  0.0, Workers: 4
[30.006s][debug][gc,phases      ] GC(62)     Dead                           Min: 0, Avg:  0.0, Max: 0, Diff: 0, Sum: 0, Workers: 4
[30.006s][debug][gc,phases      ] GC(62)     Total                          Min: 0, Avg:  0.0, Max: 0, Diff: 0, Sum: 0, Workers: 4
[30.006s][debug][gc,phases      ] GC(62)   StringDedup Requests1 Weak     Min:  0.0, Avg:  0.0, Max:  0.0, Diff:  0.0, Sum:  0.0, Workers: 4
[30.006s][debug][gc,phases      ] GC(62)     Dead                           Min: 0, Avg:  0.0, Max: 0, Diff: 0, Sum: 0, Workers: 4
[30.006s][debug][gc,phases      ] GC(62)     Total                          Min: 0, Avg:  0.0, Max: 0, Diff: 0, Sum: 0, Workers: 4
[30.006s][debug][gc,phases      ] GC(62)   Weak JFR Old Object Samples    Min:  0.0, Avg:  0.0, Max:  0.0, Diff:  0.0, Sum:  0.0, Workers: 4
[30.006s][debug][gc,phases      ] GC(62)     Dead                           Min: 0, Avg:  0.0, Max: 0, Diff: 0, Sum: 0, Workers: 4
[30.006s][debug][gc,phases      ] GC(62)     Total                          Min: 0, Avg:  0.0, Max: 0, Diff: 0, Sum: 0, Workers: 4
[30.006s][debug][gc,phases      ] GC(62) Weak Processing 0.323ms
[30.006s][debug][gc,age         ] GC(62) Desired survivor size 150470656 bytes, new threshold 15 (max threshold 15)
[30.006s][info ][gc,heap        ] GC(62) PSYoungGen: 1875856K(1946112K)->76576K(1939968K) Eden: 1788928K(1788928K)->0K(1788928K) From: 86928K(157184K)->76576K(151040K)
[30.006s][info ][gc,heap        ] GC(62) ParOldGen: 527484K(581120K)->534164K(581120K)
[30.006s][info ][gc,metaspace   ] GC(62) Metaspace: 69751K(70528K)->69751K(70528K) NonClass: 59609K(60032K)->59609K(60032K) Class: 10142K(10496K)->10142K(10496K)
[30.006s][info ][gc             ] GC(62) Pause Young (Allocation Failure) 2347M->596M(2462M) 34.294ms
[30.006s][info ][gc,cpu         ] GC(62) User=0.12s Sys=0.01s Real=0.04s
[30.006s][info ][safepoint      ] Safepoint "ParallelGCFailedAllocation", Time since last: 370765521 ns, Reaching safepoint: 282320 ns, At safepoint: 34399361 ns, Total: 34681681 ns
[30.389s][info ][gc,start       ] GC(63) Pause Young (Allocation Failure)
[30.498s][debug][gc,phases      ] GC(63) Scavenge 108.594ms
[30.498s][debug][gc,ref         ] GC(63) Skipped phase 1 of Reference Processing: no references
[30.498s][debug][gc,ref         ] GC(63) ReferenceProcessor::execute queues: 1, RefProcThreadModel::Single, marks_oops_alive: false
[30.498s][debug][gc,ref         ] GC(63) Skipped phase 3 of Reference Processing: no references
[30.498s][debug][gc,ref         ] GC(63) ReferenceProcessor::execute queues: 1, RefProcThreadModel::Single, marks_oops_alive: false
[30.498s][debug][gc,phases      ] GC(63) Reference Processing 0.124ms
[30.498s][debug][gc,phases      ] GC(63)   VM Weak                        Min:  0.0, Avg:  0.0, Max:  0.0, Diff:  0.0, Sum:  0.0, Workers: 4
[30.498s][debug][gc,phases      ] GC(63)     Dead                           Min: 0, Avg:  0.0, Max: 0, Diff: 0, Sum: 0, Workers: 4
[30.498s][debug][gc,phases      ] GC(63)     Total                          Min: 0, Avg: 149.8, Max: 599, Diff: 599, Sum: 599, Workers: 4
[30.498s][debug][gc,phases      ] GC(63)   ObjectSynchronizer Weak        Min:  0.0, Avg:  0.0, Max:  0.0, Diff:  0.0, Sum:  0.0, Workers: 4
[30.498s][debug][gc,phases      ] GC(63)     Dead                           Min: 0, Avg:  0.0, Max: 0, Diff: 0, Sum: 0, Workers: 4
[30.498s][debug][gc,phases      ] GC(63)     Total                          Min: 0, Avg: 70.0, Max: 280, Diff: 280, Sum: 280, Workers: 4
[30.498s][debug][gc,phases      ] GC(63)   JVMTI Tag Weak OopStorage      Min:  0.0, Avg:  0.0, Max:  0.0, Diff:  0.0, Sum:  0.0, Workers: 4
[30.498s][debug][gc,phases      ] GC(63)     Dead                           Min: 0, Avg:  0.0, Max: 0, Diff: 0, Sum: 0, Workers: 4
[30.498s][debug][gc,phases      ] GC(63)     Total                          Min: 0, Avg:  0.0, Max: 0, Diff: 0, Sum: 0, Workers: 4
[30.498s][debug][gc,phases      ] GC(63)   StringTable Weak               Min:  0.1, Avg:  0.1, Max:  0.1, Diff:  0.0, Sum:  0.4, Workers: 4
[30.498s][debug][gc,phases      ] GC(63)     Dead                           Min: 0, Avg:  3.0, Max: 12, Diff: 12, Sum: 12, Workers: 4
[30.498s][debug][gc,phases      ] GC(63)     Total                          Min: 9472, Avg: 10852.2, Max: 12625, Diff: 3153, Sum: 43409, Workers: 4
[30.498s][debug][gc,phases      ] GC(63)   ResolvedMethodTable Weak       Min:  0.0, Avg:  0.0, Max:  0.0, Diff:  0.0, Sum:  0.1, Workers: 4
[30.498s][debug][gc,phases      ] GC(63)     Dead                           Min: 0, Avg:  0.0, Max: 0, Diff: 0, Sum: 0, Workers: 4
[30.498s][debug][gc,phases      ] GC(63)     Total                          Min: 1600, Avg: 1852.2, Max: 2097, Diff: 497, Sum: 7409, Workers: 4
[30.498s][debug][gc,phases      ] GC(63)   JNI Weak                       Min:  0.0, Avg:  0.0, Max:  0.0, Diff:  0.0, Sum:  0.0, Workers: 4
[30.498s][debug][gc,phases      ] GC(63)     Dead                           Min: 0, Avg:  0.0, Max: 0, Diff: 0, Sum: 0, Workers: 4
[30.498s][debug][gc,phases      ] GC(63)     Total                          Min: 0, Avg:  2.2, Max: 9, Diff: 9, Sum: 9, Workers: 4
[30.498s][debug][gc,phases      ] GC(63)   StringDedup Table Weak         Min:  0.0, Avg:  0.0, Max:  0.0, Diff:  0.0, Sum:  0.0, Workers: 4
[30.498s][debug][gc,phases      ] GC(63)     Dead                           Min: 0, Avg:  0.0, Max: 0, Diff: 0, Sum: 0, Workers: 4
[30.498s][debug][gc,phases      ] GC(63)     Total                          Min: 0, Avg:  0.0, Max: 0, Diff: 0, Sum: 0, Workers: 4
[30.498s][debug][gc,phases      ] GC(63)   StringDedup Requests0 Weak     Min:  0.0, Avg:  0.0, Max:  0.0, Diff:  0.0, Sum:  0.0, Workers: 4
[30.498s][debug][gc,phases      ] GC(63)     Dead                           Min: 0, Avg:  0.0, Max: 0, Diff: 0, Sum: 0, Workers: 4
[30.498s][debug][gc,phases      ] GC(63)     Total                          Min: 0, Avg:  0.0, Max: 0, Diff: 0, Sum: 0, Workers: 4
[30.498s][debug][gc,phases      ] GC(63)   StringDedup Requests1 Weak     Min:  0.0, Avg:  0.0, Max:  0.0, Diff:  0.0, Sum:  0.0, Workers: 4
[30.498s][debug][gc,phases      ] GC(63)     Dead                           Min: 0, Avg:  0.0, Max: 0, Diff: 0, Sum: 0, Workers: 4
[30.498s][debug][gc,phases      ] GC(63)     Total                          Min: 0, Avg:  0.0, Max: 0, Diff: 0, Sum: 0, Workers: 4
[30.498s][debug][gc,phases      ] GC(63)   Weak JFR Old Object Samples    Min:  0.0, Avg:  0.0, Max:  0.0, Diff:  0.0, Sum:  0.0, Workers: 4
[30.498s][debug][gc,phases      ] GC(63)     Dead                           Min: 0, Avg:  0.0, Max: 0, Diff: 0, Sum: 0, Workers: 4
[30.498s][debug][gc,phases      ] GC(63)     Total                          Min: 0, Avg:  0.0, Max: 0, Diff: 0, Sum: 0, Workers: 4
[30.498s][debug][gc,phases      ] GC(63) Weak Processing 0.331ms
[30.498s][debug][gc,age         ] GC(63) Desired survivor size 183500800 bytes, new threshold 14 (max threshold 15)
[30.498s][info ][gc,heap        ] GC(63) PSYoungGen: 1865504K(1939968K)->146912K(1885696K) Eden: 1788928K(1788928K)->0K(1738752K) From: 76576K(151040K)->146912K(146944K)
[30.498s][info ][gc,heap        ] GC(63) ParOldGen: 534164K(581120K)->578692K(581120K)
[30.498s][info ][gc,metaspace   ] GC(63) Metaspace: 69935K(70720K)->69935K(70720K) NonClass: 59782K(60224K)->59782K(60224K) Class: 10153K(10496K)->10153K(10496K)
[30.498s][info ][gc             ] GC(63) Pause Young (Allocation Failure) 2343M->708M(2409M) 109.192ms
[30.498s][info ][gc,cpu         ] GC(63) User=0.40s Sys=0.03s Real=0.11s
[30.498s][debug][gc,phases      ] GC(64) Pre Compact 0.011ms
[30.498s][info ][gc,start       ] GC(64) Pause Full (Ergonomics)
[30.498s][info ][gc,phases,start] GC(64) Marking Phase
[30.665s][debug][gc,phases      ] GC(64) Par Mark 166.434ms
[30.665s][debug][gc,ref         ] GC(64) Skipped phase 1 of Reference Processing: no references
[30.665s][debug][gc,ref         ] GC(64) ReferenceProcessor::execute queues: 4, RefProcThreadModel::Multi, marks_oops_alive: false
[30.666s][debug][gc,ref         ] GC(64) Skipped phase 3 of Reference Processing: no references
[30.666s][debug][gc,ref         ] GC(64) ReferenceProcessor::execute queues: 1, RefProcThreadModel::Single, marks_oops_alive: false
[30.666s][debug][gc,phases      ] GC(64) Reference Processing 0.790ms
[30.666s][debug][gc,phases      ] GC(64)   VM Weak                        Min:  0.0, Avg:  0.0, Max:  0.0, Diff:  0.0, Sum:  0.0, Workers: 4
[30.666s][debug][gc,phases      ] GC(64)     Dead                           Min: 0, Avg:  0.0, Max: 0, Diff: 0, Sum: 0, Workers: 4
[30.666s][debug][gc,phases      ] GC(64)     Total                          Min: 0, Avg: 149.8, Max: 279, Diff: 279, Sum: 599, Workers: 4
[30.666s][debug][gc,phases      ] GC(64)   ObjectSynchronizer Weak        Min:  0.0, Avg:  0.0, Max:  0.0, Diff:  0.0, Sum:  0.0, Workers: 4
[30.666s][debug][gc,phases      ] GC(64)     Dead                           Min: 0, Avg:  1.5, Max: 4, Diff: 4, Sum: 6, Workers: 4
[30.666s][debug][gc,phases      ] GC(64)     Total                          Min: 24, Avg: 70.0, Max: 128, Diff: 104, Sum: 280, Workers: 4
[30.666s][debug][gc,phases      ] GC(64)   JVMTI Tag Weak OopStorage      Min:  0.0, Avg:  0.0, Max:  0.0, Diff:  0.0, Sum:  0.0, Workers: 4
[30.666s][debug][gc,phases      ] GC(64)     Dead                           Min: 0, Avg:  0.0, Max: 0, Diff: 0, Sum: 0, Workers: 4
[30.666s][debug][gc,phases      ] GC(64)     Total                          Min: 0, Avg:  0.0, Max: 0, Diff: 0, Sum: 0, Workers: 4
[30.666s][debug][gc,phases      ] GC(64)   StringTable Weak               Min:  0.2, Avg:  0.2, Max:  0.2, Diff:  0.0, Sum:  0.6, Workers: 4
[30.666s][debug][gc,phases      ] GC(64)     Dead                           Min: 0, Avg:  0.0, Max: 0, Diff: 0, Sum: 0, Workers: 4
[30.666s][debug][gc,phases      ] GC(64)     Total                          Min: 9280, Avg: 10852.2, Max: 12544, Diff: 3264, Sum: 43409, Workers: 4
[30.666s][debug][gc,phases      ] GC(64)   ResolvedMethodTable Weak       Min:  0.0, Avg:  0.0, Max:  0.0, Diff:  0.0, Sum:  0.1, Workers: 4
[30.666s][debug][gc,phases      ] GC(64)     Dead                           Min: 0, Avg:  0.0, Max: 0, Diff: 0, Sum: 0, Workers: 4
[30.666s][debug][gc,phases      ] GC(64)     Total                          Min: 1728, Avg: 1852.2, Max: 1983, Diff: 255, Sum: 7409, Workers: 4
[30.666s][debug][gc,phases      ] GC(64)   JNI Weak                       Min:  0.0, Avg:  0.0, Max:  0.0, Diff:  0.0, Sum:  0.0, Workers: 4
[30.666s][debug][gc,phases      ] GC(64)     Dead                           Min: 0, Avg:  0.0, Max: 0, Diff: 0, Sum: 0, Workers: 4
[30.666s][debug][gc,phases      ] GC(64)     Total                          Min: 0, Avg:  2.2, Max: 9, Diff: 9, Sum: 9, Workers: 4
[30.666s][debug][gc,phases      ] GC(64)   StringDedup Table Weak         Min:  0.0, Avg:  0.0, Max:  0.0, Diff:  0.0, Sum:  0.0, Workers: 4
[30.666s][debug][gc,phases      ] GC(64)     Dead                           Min: 0, Avg:  0.0, Max: 0, Diff: 0, Sum: 0, Workers: 4
[30.666s][debug][gc,phases      ] GC(64)     Total                          Min: 0, Avg:  0.0, Max: 0, Diff: 0, Sum: 0, Workers: 4
[30.666s][debug][gc,phases      ] GC(64)   StringDedup Requests0 Weak     Min:  0.0, Avg:  0.0, Max:  0.0, Diff:  0.0, Sum:  0.0, Workers: 4
[30.666s][debug][gc,phases      ] GC(64)     Dead                           Min: 0, Avg:  0.0, Max: 0, Diff: 0, Sum: 0, Workers: 4
[30.666s][debug][gc,phases      ] GC(64)     Total                          Min: 0, Avg:  0.0, Max: 0, Diff: 0, Sum: 0, Workers: 4
[30.666s][debug][gc,phases      ] GC(64)   StringDedup Requests1 Weak     Min:  0.0, Avg:  0.0, Max:  0.0, Diff:  0.0, Sum:  0.0, Workers: 4
[30.666s][debug][gc,phases      ] GC(64)     Dead                           Min: 0, Avg:  0.0, Max: 0, Diff: 0, Sum: 0, Workers: 4
[30.666s][debug][gc,phases      ] GC(64)     Total                          Min: 0, Avg:  0.0, Max: 0, Diff: 0, Sum: 0, Workers: 4
[30.666s][debug][gc,phases      ] GC(64)   Weak JFR Old Object Samples    Min:  0.0, Avg:  0.0, Max:  0.0, Diff:  0.0, Sum:  0.0, Workers: 4
[30.666s][debug][gc,phases      ] GC(64)     Dead                           Min: 0, Avg:  0.0, Max: 0, Diff: 0, Sum: 0, Workers: 4
[30.666s][debug][gc,phases      ] GC(64)     Total                          Min: 0, Avg:  0.0, Max: 0, Diff: 0, Sum: 0, Workers: 4
[30.666s][debug][gc,phases      ] GC(64) Weak Processing 0.358ms
[30.666s][debug][gc,phases      ] GC(64) ClassLoaderData 0.080ms
[30.666s][debug][gc,phases      ] GC(64) Trigger cleanups 0.000ms
[30.676s][debug][gc,phases      ] GC(64) Class Unloading 9.747ms
[30.676s][info ][gc,phases      ] GC(64) Marking Phase 177.498ms
[30.676s][info ][gc,phases,start] GC(64) Summary Phase
[30.676s][info ][gc,phases      ] GC(64) Summary Phase 0.021ms
[30.676s][info ][gc,phases,start] GC(64) Adjust Roots
[30.684s][info ][gc,phases      ] GC(64) Adjust Roots 7.831ms
[30.684s][info ][gc,phases,start] GC(64) Compaction Phase
[30.980s][info ][gc,phases      ] GC(64) Compaction Phase 296.276ms
[30.980s][info ][gc,phases,start] GC(64) Post Compact
[30.982s][info ][gc,phases      ] GC(64) Post Compact 2.069ms
[30.982s][info ][gc,heap        ] GC(64) PSYoungGen: 146912K(1885696K)->0K(1917952K) Eden: 0K(1738752K)->0K(1738752K) From: 146912K(146944K)->0K(179200K)
[30.982s][info ][gc,heap        ] GC(64) ParOldGen: 578692K(581120K)->476392K(550912K)
[30.982s][info ][gc,metaspace   ] GC(64) Metaspace: 69935K(70720K)->69935K(70720K) NonClass: 59782K(60224K)->59782K(60224K) Class: 10153K(10496K)->10153K(10496K)
[30.982s][info ][gc             ] GC(64) Pause Full (Ergonomics) 708M->465M(2411M) 483.987ms
[30.982s][info ][gc,cpu         ] GC(64) User=1.88s Sys=0.00s Real=0.48s
[30.982s][info ][safepoint      ] Safepoint "ParallelGCFailedAllocation", Time since last: 382737777 ns, Reaching safepoint: 459033 ns, At safepoint: 593357931 ns, Total: 593816964 ns
[31.332s][info ][gc,start       ] GC(65) Pause Young (Allocation Failure)
[31.351s][debug][gc,phases      ] GC(65) Scavenge 19.448ms
[31.351s][debug][gc,ref         ] GC(65) Skipped phase 1 of Reference Processing: no references
[31.352s][debug][gc,ref         ] GC(65) ReferenceProcessor::execute queues: 1, RefProcThreadModel::Single, marks_oops_alive: false
[31.352s][debug][gc,ref         ] GC(65) Skipped phase 3 of Reference Processing: no references
[31.352s][debug][gc,ref         ] GC(65) ReferenceProcessor::execute queues: 1, RefProcThreadModel::Single, marks_oops_alive: false
[31.352s][debug][gc,phases      ] GC(65) Reference Processing 0.126ms
[31.352s][debug][gc,phases      ] GC(65)   VM Weak                        Min:  0.0, Avg:  0.0, Max:  0.0, Diff:  0.0, Sum:  0.0, Workers: 4
[31.352s][debug][gc,phases      ] GC(65)     Dead                           Min: 0, Avg:  0.0, Max: 0, Diff: 0, Sum: 0, Workers: 4
[31.352s][debug][gc,phases      ] GC(65)     Total                          Min: 0, Avg: 152.5, Max: 448, Diff: 448, Sum: 610, Workers: 4
[31.352s][debug][gc,phases      ] GC(65)   ObjectSynchronizer Weak        Min:  0.0, Avg:  0.0, Max:  0.0, Diff:  0.0, Sum:  0.0, Workers: 4
[31.352s][debug][gc,phases      ] GC(65)     Dead                           Min: 0, Avg:  0.0, Max: 0, Diff: 0, Sum: 0, Workers: 4
[31.352s][debug][gc,phases      ] GC(65)     Total                          Min: 0, Avg: 70.0, Max: 152, Diff: 152, Sum: 280, Workers: 4
[31.352s][debug][gc,phases      ] GC(65)   JVMTI Tag Weak OopStorage      Min:  0.0, Avg:  0.0, Max:  0.0, Diff:  0.0, Sum:  0.0, Workers: 4
[31.352s][debug][gc,phases      ] GC(65)     Dead                           Min: 0, Avg:  0.0, Max: 0, Diff: 0, Sum: 0, Workers: 4
[31.352s][debug][gc,phases      ] GC(65)     Total                          Min: 0, Avg:  0.0, Max: 0, Diff: 0, Sum: 0, Workers: 4
[31.352s][debug][gc,phases      ] GC(65)   StringTable Weak               Min:  0.1, Avg:  0.1, Max:  0.1, Diff:  0.0, Sum:  0.4, Workers: 4
[31.352s][debug][gc,phases      ] GC(65)     Dead                           Min: 0, Avg:  3.5, Max: 11, Diff: 11, Sum: 14, Workers: 4
[31.352s][debug][gc,phases      ] GC(65)     Total                          Min: 9984, Avg: 10896.5, Max: 11584, Diff: 1600, Sum: 43586, Workers: 4
[31.352s][debug][gc,phases      ] GC(65)   ResolvedMethodTable Weak       Min:  0.0, Avg:  0.0, Max:  0.0, Diff:  0.0, Sum:  0.1, Workers: 4
[31.352s][debug][gc,phases      ] GC(65)     Dead                           Min: 9, Avg: 12.0, Max: 16, Diff: 7, Sum: 48, Workers: 4
[31.352s][debug][gc,phases      ] GC(65)     Total                          Min: 1600, Avg: 1892.5, Max: 2048, Diff: 448, Sum: 7570, Workers: 4
[31.352s][debug][gc,phases      ] GC(65)   JNI Weak                       Min:  0.0, Avg:  0.0, Max:  0.0, Diff:  0.0, Sum:  0.0, Workers: 4
[31.352s][debug][gc,phases      ] GC(65)     Dead                           Min: 0, Avg:  0.0, Max: 0, Diff: 0, Sum: 0, Workers: 4
[31.352s][debug][gc,phases      ] GC(65)     Total                          Min: 0, Avg:  0.0, Max: 0, Diff: 0, Sum: 0, Workers: 4
[31.352s][debug][gc,phases      ] GC(65)   StringDedup Table Weak         Min:  0.0, Avg:  0.0, Max:  0.0, Diff:  0.0, Sum:  0.0, Workers: 4
[31.352s][debug][gc,phases      ] GC(65)     Dead                           Min: 0, Avg:  0.0, Max: 0, Diff: 0, Sum: 0, Workers: 4
[31.352s][debug][gc,phases      ] GC(65)     Total                          Min: 0, Avg:  0.0, Max: 0, Diff: 0, Sum: 0, Workers: 4
[31.352s][debug][gc,phases      ] GC(65)   StringDedup Requests0 Weak     Min:  0.0, Avg:  0.0, Max:  0.0, Diff:  0.0, Sum:  0.0, Workers: 4
[31.352s][debug][gc,phases      ] GC(65)     Dead                           Min: 0, Avg:  0.0, Max: 0, Diff: 0, Sum: 0, Workers: 4
[31.352s][debug][gc,phases      ] GC(65)     Total                          Min: 0, Avg:  0.0, Max: 0, Diff: 0, Sum: 0, Workers: 4
[31.352s][debug][gc,phases      ] GC(65)   StringDedup Requests1 Weak     Min:  0.0, Avg:  0.0, Max:  0.0, Diff:  0.0, Sum:  0.0, Workers: 4
[31.352s][debug][gc,phases      ] GC(65)     Dead                           Min: 0, Avg:  0.0, Max: 0, Diff: 0, Sum: 0, Workers: 4
[31.352s][debug][gc,phases      ] GC(65)     Total                          Min: 0, Avg:  0.0, Max: 0, Diff: 0, Sum: 0, Workers: 4
[31.352s][debug][gc,phases      ] GC(65)   Weak JFR Old Object Samples    Min:  0.0, Avg:  0.0, Max:  0.0, Diff:  0.0, Sum:  0.0, Workers: 4
[31.352s][debug][gc,phases      ] GC(65)     Dead                           Min: 0, Avg:  0.0, Max: 0, Diff: 0, Sum: 0, Workers: 4
[31.352s][debug][gc,phases      ] GC(65)     Total                          Min: 0, Avg:  0.0, Max: 0, Diff: 0, Sum: 0, Workers: 4
[31.352s][debug][gc,phases      ] GC(65) Weak Processing 0.310ms
[31.352s][debug][gc,age         ] GC(65) Desired survivor size 187170816 bytes, new threshold 15 (max threshold 15)
[31.352s][info ][gc,heap        ] GC(65) PSYoungGen: 1738752K(1917952K)->30208K(1910784K) Eden: 1738752K(1738752K)->0K(1731584K) From: 0K(179200K)->30208K(179200K)
[31.352s][info ][gc,heap        ] GC(65) ParOldGen: 476392K(550912K)->476400K(550912K)
[31.352s][info ][gc,metaspace   ] GC(65) Metaspace: 70614K(71360K)->70614K(71360K) NonClass: 60353K(60736K)->60353K(60736K) Class: 10261K(10624K)->10261K(10624K)
[31.352s][info ][gc             ] GC(65) Pause Young (Allocation Failure) 2163M->494M(2404M) 20.018ms
[31.352s][info ][gc,cpu         ] GC(65) User=0.08s Sys=0.00s Real=0.02s
[31.352s][info ][safepoint      ] Safepoint "ParallelGCFailedAllocation", Time since last: 349300374 ns, Reaching safepoint: 186414 ns, At safepoint: 20124539 ns, Total: 20310953 ns
[31.705s][info ][gc,start       ] GC(66) Pause Young (Allocation Failure)
[31.724s][debug][gc,phases      ] GC(66) Scavenge 19.266ms
[31.724s][debug][gc,ref         ] GC(66) Skipped phase 1 of Reference Processing: no references
[31.724s][debug][gc,ref         ] GC(66) ReferenceProcessor::execute queues: 1, RefProcThreadModel::Single, marks_oops_alive: false
[31.724s][debug][gc,ref         ] GC(66) Skipped phase 3 of Reference Processing: no references
[31.724s][debug][gc,ref         ] GC(66) ReferenceProcessor::execute queues: 1, RefProcThreadModel::Single, marks_oops_alive: false
[31.724s][debug][gc,phases      ] GC(66) Reference Processing 0.134ms
[31.724s][debug][gc,phases      ] GC(66)   VM Weak                        Min:  0.0, Avg:  0.0, Max:  0.0, Diff:  0.0, Sum:  0.0, Workers: 4
[31.724s][debug][gc,phases      ] GC(66)     Dead                           Min: 0, Avg:  0.0, Max: 0, Diff: 0, Sum: 0, Workers: 4
[31.724s][debug][gc,phases      ] GC(66)     Total                          Min: 0, Avg: 155.0, Max: 620, Diff: 620, Sum: 620, Workers: 4
[31.724s][debug][gc,phases      ] GC(66)   ObjectSynchronizer Weak        Min:  0.0, Avg:  0.0, Max:  0.0, Diff:  0.0, Sum:  0.0, Workers: 4
[31.724s][debug][gc,phases      ] GC(66)     Dead                           Min: 0, Avg:  0.0, Max: 0, Diff: 0, Sum: 0, Workers: 4
[31.724s][debug][gc,phases      ] GC(66)     Total                          Min: 0, Avg: 70.0, Max: 152, Diff: 152, Sum: 280, Workers: 4
[31.724s][debug][gc,phases      ] GC(66)   JVMTI Tag Weak OopStorage      Min:  0.0, Avg:  0.0, Max:  0.0, Diff:  0.0, Sum:  0.0, Workers: 4
[31.724s][debug][gc,phases      ] GC(66)     Dead                           Min: 0, Avg:  0.0, Max: 0, Diff: 0, Sum: 0, Workers: 4
[31.724s][debug][gc,phases      ] GC(66)     Total                          Min: 0, Avg:  0.0, Max: 0, Diff: 0, Sum: 0, Workers: 4
[31.724s][debug][gc,phases      ] GC(66)   StringTable Weak               Min:  0.1, Avg:  0.1, Max:  0.1, Diff:  0.0, Sum:  0.4, Workers: 4
[31.724s][debug][gc,phases      ] GC(66)     Dead                           Min: 0, Avg:  0.5, Max: 2, Diff: 2, Sum: 2, Workers: 4
[31.724s][debug][gc,phases      ] GC(66)     Total                          Min: 9664, Avg: 10935.8, Max: 11904, Diff: 2240, Sum: 43743, Workers: 4
[31.724s][debug][gc,phases      ] GC(66)   ResolvedMethodTable Weak       Min:  0.0, Avg:  0.0, Max:  0.0, Diff:  0.0, Sum:  0.1, Workers: 4
[31.724s][debug][gc,phases      ] GC(66)     Dead                           Min: 0, Avg:  0.0, Max: 0, Diff: 0, Sum: 0, Workers: 4
[31.724s][debug][gc,phases      ] GC(66)     Total                          Min: 896, Avg: 1915.0, Max: 2558, Diff: 1662, Sum: 7660, Workers: 4
[31.724s][debug][gc,phases      ] GC(66)   JNI Weak                       Min:  0.0, Avg:  0.0, Max:  0.0, Diff:  0.0, Sum:  0.0, Workers: 4
[31.724s][debug][gc,phases      ] GC(66)     Dead                           Min: 0, Avg:  0.0, Max: 0, Diff: 0, Sum: 0, Workers: 4
[31.724s][debug][gc,phases      ] GC(66)     Total                          Min: 0, Avg:  4.2, Max: 17, Diff: 17, Sum: 17, Workers: 4
[31.724s][debug][gc,phases      ] GC(66)   StringDedup Table Weak         Min:  0.0, Avg:  0.0, Max:  0.0, Diff:  0.0, Sum:  0.0, Workers: 4
[31.724s][debug][gc,phases      ] GC(66)     Dead                           Min: 0, Avg:  0.0, Max: 0, Diff: 0, Sum: 0, Workers: 4
[31.724s][debug][gc,phases      ] GC(66)     Total                          Min: 0, Avg:  0.0, Max: 0, Diff: 0, Sum: 0, Workers: 4
[31.724s][debug][gc,phases      ] GC(66)   StringDedup Requests0 Weak     Min:  0.0, Avg:  0.0, Max:  0.0, Diff:  0.0, Sum:  0.0, Workers: 4
[31.724s][debug][gc,phases      ] GC(66)     Dead                           Min: 0, Avg:  0.0, Max: 0, Diff: 0, Sum: 0, Workers: 4
[31.724s][debug][gc,phases      ] GC(66)     Total                          Min: 0, Avg:  0.0, Max: 0, Diff: 0, Sum: 0, Workers: 4
[31.724s][debug][gc,phases      ] GC(66)   StringDedup Requests1 Weak     Min:  0.0, Avg:  0.0, Max:  0.0, Diff:  0.0, Sum:  0.0, Workers: 4
[31.724s][debug][gc,phases      ] GC(66)     Dead                           Min: 0, Avg:  0.0, Max: 0, Diff: 0, Sum: 0, Workers: 4
[31.724s][debug][gc,phases      ] GC(66)     Total                          Min: 0, Avg:  0.0, Max: 0, Diff: 0, Sum: 0, Workers: 4
[31.724s][debug][gc,phases      ] GC(66)   Weak JFR Old Object Samples    Min:  0.0, Avg:  0.0, Max:  0.0, Diff:  0.0, Sum:  0.0, Workers: 4
[31.724s][debug][gc,phases      ] GC(66)     Dead                           Min: 0, Avg:  0.0, Max: 0, Diff: 0, Sum: 0, Workers: 4
[31.725s][debug][gc,phases      ] GC(66)     Total                          Min: 0, Avg:  0.0, Max: 0, Diff: 0, Sum: 0, Workers: 4
[31.725s][debug][gc,phases      ] GC(66) Weak Processing 0.296ms
[31.725s][debug][gc,age         ] GC(66) Desired survivor size 187170816 bytes, new threshold 15 (max threshold 15)
[31.725s][info ][gc,heap        ] GC(66) PSYoungGen: 1761792K(1910784K)->38944K(1914368K) Eden: 1731584K(1731584K)->0K(1731584K) From: 30208K(179200K)->38944K(182784K)
[31.725s][info ][gc,heap        ] GC(66) ParOldGen: 476400K(550912K)->476408K(550912K)
[31.725s][info ][gc,metaspace   ] GC(66) Metaspace: 70955K(71808K)->70955K(71808K) NonClass: 60634K(61120K)->60634K(61120K) Class: 10321K(10688K)->10321K(10688K)
[31.725s][info ][gc             ] GC(66) Pause Young (Allocation Failure) 2185M->503M(2407M) 19.835ms
[31.725s][info ][gc,cpu         ] GC(66) User=0.08s Sys=0.00s Real=0.02s
[31.725s][info ][safepoint      ] Safepoint "ParallelGCFailedAllocation", Time since last: 352445796 ns, Reaching safepoint: 237617 ns, At safepoint: 19948325 ns, Total: 20185942 ns
[31.982s][info ][safepoint      ] Safepoint "ICBufferFull", Time since last: 257148677 ns, Reaching safepoint: 243518 ns, At safepoint: 24602 ns, Total: 268120 ns
[32.080s][info ][gc,start       ] GC(67) Pause Young (Allocation Failure)
[32.100s][debug][gc,phases      ] GC(67) Scavenge 19.863ms
[32.100s][debug][gc,ref         ] GC(67) Skipped phase 1 of Reference Processing: no references
[32.100s][debug][gc,ref         ] GC(67) ReferenceProcessor::execute queues: 1, RefProcThreadModel::Single, marks_oops_alive: false
[32.100s][debug][gc,ref         ] GC(67) Skipped phase 3 of Reference Processing: no references
[32.100s][debug][gc,ref         ] GC(67) ReferenceProcessor::execute queues: 1, RefProcThreadModel::Single, marks_oops_alive: false
[32.100s][debug][gc,phases      ] GC(67) Reference Processing 0.123ms
[32.100s][debug][gc,phases      ] GC(67)   VM Weak                        Min:  0.0, Avg:  0.0, Max:  0.0, Diff:  0.0, Sum:  0.0, Workers: 4
[32.100s][debug][gc,phases      ] GC(67)     Dead                           Min: 0, Avg:  0.0, Max: 0, Diff: 0, Sum: 0, Workers: 4
[32.100s][debug][gc,phases      ] GC(67)     Total                          Min: 0, Avg: 156.2, Max: 384, Diff: 384, Sum: 625, Workers: 4
[32.100s][debug][gc,phases      ] GC(67)   ObjectSynchronizer Weak        Min:  0.0, Avg:  0.0, Max:  0.0, Diff:  0.0, Sum:  0.0, Workers: 4
[32.100s][debug][gc,phases      ] GC(67)     Dead                           Min: 0, Avg:  0.0, Max: 0, Diff: 0, Sum: 0, Workers: 4
[32.100s][debug][gc,phases      ] GC(67)     Total                          Min: 0, Avg: 70.0, Max: 128, Diff: 128, Sum: 280, Workers: 4
[32.100s][debug][gc,phases      ] GC(67)   JVMTI Tag Weak OopStorage      Min:  0.0, Avg:  0.0, Max:  0.0, Diff:  0.0, Sum:  0.0, Workers: 4
[32.100s][debug][gc,phases      ] GC(67)     Dead                           Min: 0, Avg:  0.0, Max: 0, Diff: 0, Sum: 0, Workers: 4
[32.100s][debug][gc,phases      ] GC(67)     Total                          Min: 0, Avg:  0.0, Max: 0, Diff: 0, Sum: 0, Workers: 4
[32.100s][debug][gc,phases      ] GC(67)   StringTable Weak               Min:  0.1, Avg:  0.1, Max:  0.1, Diff:  0.0, Sum:  0.4, Workers: 4
[32.100s][debug][gc,phases      ] GC(67)     Dead                           Min: 0, Avg:  0.2, Max: 1, Diff: 1, Sum: 1, Workers: 4
[32.100s][debug][gc,phases      ] GC(67)     Total                          Min: 9664, Avg: 10950.8, Max: 11968, Diff: 2304, Sum: 43803, Workers: 4
[32.100s][debug][gc,phases      ] GC(67)   ResolvedMethodTable Weak       Min:  0.0, Avg:  0.0, Max:  0.0, Diff:  0.0, Sum:  0.1, Workers: 4
[32.100s][debug][gc,phases      ] GC(67)     Dead                           Min: 0, Avg:  0.0, Max: 0, Diff: 0, Sum: 0, Workers: 4
[32.100s][debug][gc,phases      ] GC(67)     Total                          Min: 1600, Avg: 1920.2, Max: 2176, Diff: 576, Sum: 7681, Workers: 4
[32.100s][debug][gc,phases      ] GC(67)   JNI Weak                       Min:  0.0, Avg:  0.0, Max:  0.0, Diff:  0.0, Sum:  0.0, Workers: 4
[32.100s][debug][gc,phases      ] GC(67)     Dead                           Min: 0, Avg:  0.0, Max: 0, Diff: 0, Sum: 0, Workers: 4
[32.100s][debug][gc,phases      ] GC(67)     Total                          Min: 0, Avg:  1.8, Max: 7, Diff: 7, Sum: 7, Workers: 4
[32.100s][debug][gc,phases      ] GC(67)   StringDedup Table Weak         Min:  0.0, Avg:  0.0, Max:  0.0, Diff:  0.0, Sum:  0.0, Workers: 4
[32.100s][debug][gc,phases      ] GC(67)     Dead                           Min: 0, Avg:  0.0, Max: 0, Diff: 0, Sum: 0, Workers: 4
[32.100s][debug][gc,phases      ] GC(67)     Total                          Min: 0, Avg:  0.0, Max: 0, Diff: 0, Sum: 0, Workers: 4
[32.100s][debug][gc,phases      ] GC(67)   StringDedup Requests0 Weak     Min:  0.0, Avg:  0.0, Max:  0.0, Diff:  0.0, Sum:  0.0, Workers: 4
[32.100s][debug][gc,phases      ] GC(67)     Dead                           Min: 0, Avg:  0.0, Max: 0, Diff: 0, Sum: 0, Workers: 4
[32.100s][debug][gc,phases      ] GC(67)     Total                          Min: 0, Avg:  0.0, Max: 0, Diff: 0, Sum: 0, Workers: 4
[32.100s][debug][gc,phases      ] GC(67)   StringDedup Requests1 Weak     Min:  0.0, Avg:  0.0, Max:  0.0, Diff:  0.0, Sum:  0.0, Workers: 4
[32.100s][debug][gc,phases      ] GC(67)     Dead                           Min: 0, Avg:  0.0, Max: 0, Diff: 0, Sum: 0, Workers: 4
[32.100s][debug][gc,phases      ] GC(67)     Total                          Min: 0, Avg:  0.0, Max: 0, Diff: 0, Sum: 0, Workers: 4
[32.100s][debug][gc,phases      ] GC(67)   Weak JFR Old Object Samples    Min:  0.0, Avg:  0.0, Max:  0.0, Diff:  0.0, Sum:  0.0, Workers: 4
[32.100s][debug][gc,phases      ] GC(67)     Dead                           Min: 0, Avg:  0.0, Max: 0, Diff: 0, Sum: 0, Workers: 4
[32.100s][debug][gc,phases      ] GC(67)     Total                          Min: 0, Avg:  0.0, Max: 0, Diff: 0, Sum: 0, Workers: 4
[32.100s][debug][gc,phases      ] GC(67) Weak Processing 0.304ms
[32.100s][debug][gc,age         ] GC(67) Desired survivor size 184549376 bytes, new threshold 15 (max threshold 15)
[32.100s][info ][gc,heap        ] GC(67) PSYoungGen: 1770528K(1914368K)->43680K(1916928K) Eden: 1731584K(1731584K)->0K(1734144K) From: 38944K(182784K)->43680K(182784K)
[32.100s][info ][gc,heap        ] GC(67) ParOldGen: 476408K(550912K)->476408K(550912K)
[32.100s][info ][gc,metaspace   ] GC(67) Metaspace: 71176K(72000K)->71176K(72000K) NonClass: 60840K(61312K)->60840K(61312K) Class: 10336K(10688K)->10336K(10688K)
[32.100s][info ][gc             ] GC(67) Pause Young (Allocation Failure) 2194M->507M(2410M) 20.424ms
[32.100s][info ][gc,cpu         ] GC(67) User=0.08s Sys=0.00s Real=0.02s
[32.100s][info ][safepoint      ] Safepoint "ParallelGCFailedAllocation", Time since last: 95478823 ns, Reaching safepoint: 2196057 ns, At safepoint: 20530467 ns, Total: 22726524 ns
[32.456s][info ][safepoint      ] Safepoint "ICBufferFull", Time since last: 355154581 ns, Reaching safepoint: 237317 ns, At safepoint: 21202 ns, Total: 258519 ns
[32.574s][info ][gc,start       ] GC(68) Pause Young (Allocation Failure)
[32.600s][debug][gc,phases      ] GC(68) Scavenge 26.065ms
[32.600s][debug][gc,ref         ] GC(68) Skipped phase 1 of Reference Processing: no references
[32.600s][debug][gc,ref         ] GC(68) ReferenceProcessor::execute queues: 1, RefProcThreadModel::Single, marks_oops_alive: false
[32.600s][debug][gc,ref         ] GC(68) Skipped phase 3 of Reference Processing: no references
[32.600s][debug][gc,ref         ] GC(68) ReferenceProcessor::execute queues: 1, RefProcThreadModel::Single, marks_oops_alive: false
[32.600s][debug][gc,phases      ] GC(68) Reference Processing 0.123ms
[32.600s][debug][gc,phases      ] GC(68)   VM Weak                        Min:  0.0, Avg:  0.0, Max:  0.0, Diff:  0.0, Sum:  0.0, Workers: 4
[32.600s][debug][gc,phases      ] GC(68)     Dead                           Min: 0, Avg:  0.0, Max: 0, Diff: 0, Sum: 0, Workers: 4
[32.600s][debug][gc,phases      ] GC(68)     Total                          Min: 0, Avg: 156.5, Max: 626, Diff: 626, Sum: 626, Workers: 4
[32.600s][debug][gc,phases      ] GC(68)   ObjectSynchronizer Weak        Min:  0.0, Avg:  0.0, Max:  0.0, Diff:  0.0, Sum:  0.0, Workers: 4
[32.600s][debug][gc,phases      ] GC(68)     Dead                           Min: 0, Avg:  0.0, Max: 0, Diff: 0, Sum: 0, Workers: 4
[32.600s][debug][gc,phases      ] GC(68)     Total                          Min: 0, Avg: 70.2, Max: 128, Diff: 128, Sum: 281, Workers: 4
[32.600s][debug][gc,phases      ] GC(68)   JVMTI Tag Weak OopStorage      Min:  0.0, Avg:  0.0, Max:  0.0, Diff:  0.0, Sum:  0.0, Workers: 4
[32.600s][debug][gc,phases      ] GC(68)     Dead                           Min: 0, Avg:  0.0, Max: 0, Diff: 0, Sum: 0, Workers: 4
[32.600s][debug][gc,phases      ] GC(68)     Total                          Min: 0, Avg:  0.0, Max: 0, Diff: 0, Sum: 0, Workers: 4
[32.600s][debug][gc,phases      ] GC(68)   StringTable Weak               Min:  0.1, Avg:  0.1, Max:  0.1, Diff:  0.0, Sum:  0.4, Workers: 4
[32.600s][debug][gc,phases      ] GC(68)     Dead                           Min: 0, Avg:  0.0, Max: 0, Diff: 0, Sum: 0, Workers: 4
[32.600s][debug][gc,phases      ] GC(68)     Total                          Min: 9472, Avg: 10980.8, Max: 12051, Diff: 2579, Sum: 43923, Workers: 4
[32.600s][debug][gc,phases      ] GC(68)   ResolvedMethodTable Weak       Min:  0.0, Avg:  0.0, Max:  0.0, Diff:  0.0, Sum:  0.1, Workers: 4
[32.600s][debug][gc,phases      ] GC(68)     Dead                           Min: 0, Avg: 10.0, Max: 40, Diff: 40, Sum: 40, Workers: 4
[32.600s][debug][gc,phases      ] GC(68)     Total                          Min: 1664, Avg: 1934.5, Max: 2240, Diff: 576, Sum: 7738, Workers: 4
[32.600s][debug][gc,phases      ] GC(68)   JNI Weak                       Min:  0.0, Avg:  0.0, Max:  0.0, Diff:  0.0, Sum:  0.0, Workers: 4
[32.600s][debug][gc,phases      ] GC(68)     Dead                           Min: 0, Avg:  0.0, Max: 0, Diff: 0, Sum: 0, Workers: 4
[32.600s][debug][gc,phases      ] GC(68)     Total                          Min: 0, Avg:  3.8, Max: 15, Diff: 15, Sum: 15, Workers: 4
[32.600s][debug][gc,phases      ] GC(68)   StringDedup Table Weak         Min:  0.0, Avg:  0.0, Max:  0.0, Diff:  0.0, Sum:  0.0, Workers: 4
[32.600s][debug][gc,phases      ] GC(68)     Dead                           Min: 0, Avg:  0.0, Max: 0, Diff: 0, Sum: 0, Workers: 4
[32.600s][debug][gc,phases      ] GC(68)     Total                          Min: 0, Avg:  0.0, Max: 0, Diff: 0, Sum: 0, Workers: 4
[32.600s][debug][gc,phases      ] GC(68)   StringDedup Requests0 Weak     Min:  0.0, Avg:  0.0, Max:  0.0, Diff:  0.0, Sum:  0.0, Workers: 4
[32.600s][debug][gc,phases      ] GC(68)     Dead                           Min: 0, Avg:  0.0, Max: 0, Diff: 0, Sum: 0, Workers: 4
[32.600s][debug][gc,phases      ] GC(68)     Total                          Min: 0, Avg:  0.0, Max: 0, Diff: 0, Sum: 0, Workers: 4
[32.600s][debug][gc,phases      ] GC(68)   StringDedup Requests1 Weak     Min:  0.0, Avg:  0.0, Max:  0.0, Diff:  0.0, Sum:  0.0, Workers: 4
[32.600s][debug][gc,phases      ] GC(68)     Dead                           Min: 0, Avg:  0.0, Max: 0, Diff: 0, Sum: 0, Workers: 4
[32.600s][debug][gc,phases      ] GC(68)     Total                          Min: 0, Avg:  0.0, Max: 0, Diff: 0, Sum: 0, Workers: 4
[32.600s][debug][gc,phases      ] GC(68)   Weak JFR Old Object Samples    Min:  0.0, Avg:  0.0, Max:  0.0, Diff:  0.0, Sum:  0.0, Workers: 4
[32.600s][debug][gc,phases      ] GC(68)     Dead                           Min: 0, Avg:  0.0, Max: 0, Diff: 0, Sum: 0, Workers: 4
[32.600s][debug][gc,phases      ] GC(68)     Total                          Min: 0, Avg:  0.0, Max: 0, Diff: 0, Sum: 0, Workers: 4
[32.600s][debug][gc,phases      ] GC(68) Weak Processing 0.302ms
[32.600s][debug][gc,age         ] GC(68) Desired survivor size 180355072 bytes, new threshold 15 (max threshold 15)
[32.600s][info ][gc,heap        ] GC(68) PSYoungGen: 1777824K(1916928K)->50320K(1914368K) Eden: 1734144K(1734144K)->0K(1734144K) From: 43680K(182784K)->50320K(180224K)
[32.600s][info ][gc,heap        ] GC(68) ParOldGen: 476408K(550912K)->476416K(550912K)
[32.600s][info ][gc,metaspace   ] GC(68) Metaspace: 72058K(72832K)->72058K(72832K) NonClass: 61641K(62080K)->61641K(62080K) Class: 10416K(10752K)->10416K(10752K)
[32.600s][info ][gc             ] GC(68) Pause Young (Allocation Failure) 2201M->514M(2407M) 26.617ms
[32.600s][info ][gc,cpu         ] GC(68) User=0.11s Sys=0.00s Real=0.02s
[32.600s][info ][safepoint      ] Safepoint "ParallelGCFailedAllocation", Time since last: 117874424 ns, Reaching safepoint: 174012 ns, At safepoint: 26728910 ns, Total: 26902922 ns
[32.935s][info ][safepoint      ] Safepoint "ICBufferFull", Time since last: 334414989 ns, Reaching safepoint: 188113 ns, At safepoint: 23602 ns, Total: 211715 ns
[32.976s][info ][gc,start       ] GC(69) Pause Young (Allocation Failure)
[33.006s][debug][gc,phases      ] GC(69) Scavenge 29.608ms
[33.006s][debug][gc,ref         ] GC(69) Skipped phase 1 of Reference Processing: no references
[33.006s][debug][gc,ref         ] GC(69) ReferenceProcessor::execute queues: 1, RefProcThreadModel::Single, marks_oops_alive: false
[33.006s][debug][gc,ref         ] GC(69) Skipped phase 3 of Reference Processing: no references
[33.006s][debug][gc,ref         ] GC(69) ReferenceProcessor::execute queues: 1, RefProcThreadModel::Single, marks_oops_alive: false
[33.006s][debug][gc,phases      ] GC(69) Reference Processing 0.142ms
[33.006s][debug][gc,phases      ] GC(69)   VM Weak                        Min:  0.0, Avg:  0.0, Max:  0.0, Diff:  0.0, Sum:  0.0, Workers: 4
[33.006s][debug][gc,phases      ] GC(69)     Dead                           Min: 0, Avg:  0.0, Max: 0, Diff: 0, Sum: 0, Workers: 4
[33.006s][debug][gc,phases      ] GC(69)     Total                          Min: 0, Avg: 156.8, Max: 576, Diff: 576, Sum: 627, Workers: 4
[33.006s][debug][gc,phases      ] GC(69)   ObjectSynchronizer Weak        Min:  0.0, Avg:  0.0, Max:  0.0, Diff:  0.0, Sum:  0.0, Workers: 4
[33.006s][debug][gc,phases      ] GC(69)     Dead                           Min: 0, Avg:  0.0, Max: 0, Diff: 0, Sum: 0, Workers: 4
[33.006s][debug][gc,phases      ] GC(69)     Total                          Min: 0, Avg: 70.2, Max: 153, Diff: 153, Sum: 281, Workers: 4
[33.006s][debug][gc,phases      ] GC(69)   JVMTI Tag Weak OopStorage      Min:  0.0, Avg:  0.0, Max:  0.0, Diff:  0.0, Sum:  0.0, Workers: 4
[33.006s][debug][gc,phases      ] GC(69)     Dead                           Min: 0, Avg:  0.0, Max: 0, Diff: 0, Sum: 0, Workers: 4
[33.006s][debug][gc,phases      ] GC(69)     Total                          Min: 0, Avg:  0.0, Max: 0, Diff: 0, Sum: 0, Workers: 4
[33.006s][debug][gc,phases      ] GC(69)   StringTable Weak               Min:  0.1, Avg:  0.1, Max:  0.1, Diff:  0.0, Sum:  0.4, Workers: 4
[33.006s][debug][gc,phases      ] GC(69)     Dead                           Min: 0, Avg:  0.0, Max: 0, Diff: 0, Sum: 0, Workers: 4
[33.006s][debug][gc,phases      ] GC(69)     Total                          Min: 10368, Avg: 11035.8, Max: 11520, Diff: 1152, Sum: 44143, Workers: 4
[33.006s][debug][gc,phases      ] GC(69)   ResolvedMethodTable Weak       Min:  0.0, Avg:  0.0, Max:  0.0, Diff:  0.0, Sum:  0.1, Workers: 4
[33.006s][debug][gc,phases      ] GC(69)     Dead                           Min: 0, Avg: 11.0, Max: 44, Diff: 44, Sum: 44, Workers: 4
[33.006s][debug][gc,phases      ] GC(69)     Total                          Min: 1663, Avg: 1978.5, Max: 2230, Diff: 567, Sum: 7914, Workers: 4
[33.006s][debug][gc,phases      ] GC(69)   JNI Weak                       Min:  0.0, Avg:  0.0, Max:  0.0, Diff:  0.0, Sum:  0.0, Workers: 4
[33.006s][debug][gc,phases      ] GC(69)     Dead                           Min: 0, Avg:  0.0, Max: 0, Diff: 0, Sum: 0, Workers: 4
[33.006s][debug][gc,phases      ] GC(69)     Total                          Min: 0, Avg:  5.8, Max: 23, Diff: 23, Sum: 23, Workers: 4
[33.006s][debug][gc,phases      ] GC(69)   StringDedup Table Weak         Min:  0.0, Avg:  0.0, Max:  0.0, Diff:  0.0, Sum:  0.0, Workers: 4
[33.006s][debug][gc,phases      ] GC(69)     Dead                           Min: 0, Avg:  0.0, Max: 0, Diff: 0, Sum: 0, Workers: 4
[33.006s][debug][gc,phases      ] GC(69)     Total                          Min: 0, Avg:  0.0, Max: 0, Diff: 0, Sum: 0, Workers: 4
[33.006s][debug][gc,phases      ] GC(69)   StringDedup Requests0 Weak     Min:  0.0, Avg:  0.0, Max:  0.0, Diff:  0.0, Sum:  0.0, Workers: 4
[33.006s][debug][gc,phases      ] GC(69)     Dead                           Min: 0, Avg:  0.0, Max: 0, Diff: 0, Sum: 0, Workers: 4
[33.006s][debug][gc,phases      ] GC(69)     Total                          Min: 0, Avg:  0.0, Max: 0, Diff: 0, Sum: 0, Workers: 4
[33.006s][debug][gc,phases      ] GC(69)   StringDedup Requests1 Weak     Min:  0.0, Avg:  0.0, Max:  0.0, Diff:  0.0, Sum:  0.0, Workers: 4
[33.006s][debug][gc,phases      ] GC(69)     Dead                           Min: 0, Avg:  0.0, Max: 0, Diff: 0, Sum: 0, Workers: 4
[33.006s][debug][gc,phases      ] GC(69)     Total                          Min: 0, Avg:  0.0, Max: 0, Diff: 0, Sum: 0, Workers: 4
[33.006s][debug][gc,phases      ] GC(69)   Weak JFR Old Object Samples    Min:  0.0, Avg:  0.0, Max:  0.0, Diff:  0.0, Sum:  0.0, Workers: 4
[33.006s][debug][gc,phases      ] GC(69)     Dead                           Min: 0, Avg:  0.0, Max: 0, Diff: 0, Sum: 0, Workers: 4
[33.006s][debug][gc,phases      ] GC(69)     Total                          Min: 0, Avg:  0.0, Max: 0, Diff: 0, Sum: 0, Workers: 4
[33.006s][debug][gc,phases      ] GC(69) Weak Processing 0.306ms
[33.006s][debug][gc,age         ] GC(69) Desired survivor size 174587904 bytes, new threshold 15 (max threshold 15)
[33.006s][info ][gc,heap        ] GC(69) PSYoungGen: 1784464K(1914368K)->54528K(1926656K) Eden: 1734144K(1734144K)->0K(1750528K) From: 50320K(180224K)->54528K(176128K)
[33.006s][info ][gc,heap        ] GC(69) ParOldGen: 476416K(550912K)->476416K(550912K)
[33.006s][info ][gc,metaspace   ] GC(69) Metaspace: 73421K(74240K)->73421K(74240K) NonClass: 62743K(63168K)->62743K(63168K) Class: 10678K(11072K)->10678K(11072K)
[33.006s][info ][gc             ] GC(69) Pause Young (Allocation Failure) 2207M->518M(2419M) 30.181ms
[33.006s][info ][gc,cpu         ] GC(69) User=0.12s Sys=0.01s Real=0.03s
[33.006s][info ][safepoint      ] Safepoint "ParallelGCFailedAllocation", Time since last: 40728409 ns, Reaching safepoint: 124709 ns, At safepoint: 30285664 ns, Total: 30410373 ns
[33.311s][info ][safepoint      ] Safepoint "ICBufferFull", Time since last: 304357941 ns, Reaching safepoint: 222916 ns, At safepoint: 26502 ns, Total: 249418 ns
[33.389s][info ][gc,start       ] GC(70) Pause Young (Allocation Failure)
[33.421s][debug][gc,phases      ] GC(70) Scavenge 31.397ms
[33.421s][debug][gc,ref         ] GC(70) Skipped phase 1 of Reference Processing: no references
[33.421s][debug][gc,ref         ] GC(70) ReferenceProcessor::execute queues: 1, RefProcThreadModel::Single, marks_oops_alive: false
[33.421s][debug][gc,ref         ] GC(70) Skipped phase 3 of Reference Processing: no references
[33.421s][debug][gc,ref         ] GC(70) ReferenceProcessor::execute queues: 1, RefProcThreadModel::Single, marks_oops_alive: false
[33.421s][debug][gc,phases      ] GC(70) Reference Processing 0.141ms
[33.421s][debug][gc,phases      ] GC(70)   VM Weak                        Min:  0.0, Avg:  0.0, Max:  0.0, Diff:  0.0, Sum:  0.0, Workers: 4
[33.421s][debug][gc,phases      ] GC(70)     Dead                           Min: 0, Avg:  0.0, Max: 0, Diff: 0, Sum: 0, Workers: 4
[33.421s][debug][gc,phases      ] GC(70)     Total                          Min: 0, Avg: 159.5, Max: 638, Diff: 638, Sum: 638, Workers: 4
[33.421s][debug][gc,phases      ] GC(70)   ObjectSynchronizer Weak        Min:  0.0, Avg:  0.0, Max:  0.0, Diff:  0.0, Sum:  0.0, Workers: 4
[33.421s][debug][gc,phases      ] GC(70)     Dead                           Min: 0, Avg:  0.2, Max: 1, Diff: 1, Sum: 1, Workers: 4
[33.421s][debug][gc,phases      ] GC(70)     Total                          Min: 0, Avg: 70.5, Max: 154, Diff: 154, Sum: 282, Workers: 4
[33.421s][debug][gc,phases      ] GC(70)   JVMTI Tag Weak OopStorage      Min:  0.0, Avg:  0.0, Max:  0.0, Diff:  0.0, Sum:  0.0, Workers: 4
[33.421s][debug][gc,phases      ] GC(70)     Dead                           Min: 0, Avg:  0.0, Max: 0, Diff: 0, Sum: 0, Workers: 4
[33.421s][debug][gc,phases      ] GC(70)     Total                          Min: 0, Avg:  0.0, Max: 0, Diff: 0, Sum: 0, Workers: 4
[33.421s][debug][gc,phases      ] GC(70)   StringTable Weak               Min:  0.1, Avg:  0.1, Max:  0.2, Diff:  0.1, Sum:  0.5, Workers: 4
[33.421s][debug][gc,phases      ] GC(70)     Dead                           Min: 0, Avg:  0.2, Max: 1, Diff: 1, Sum: 1, Workers: 4
[33.421s][debug][gc,phases      ] GC(70)     Total                          Min: 7507, Avg: 11460.8, Max: 15936, Diff: 8429, Sum: 45843, Workers: 4
[33.421s][debug][gc,phases      ] GC(70)   ResolvedMethodTable Weak       Min:  0.0, Avg:  0.0, Max:  0.0, Diff:  0.0, Sum:  0.1, Workers: 4
[33.421s][debug][gc,phases      ] GC(70)     Dead                           Min: 0, Avg:  0.2, Max: 1, Diff: 1, Sum: 1, Workers: 4
[33.421s][debug][gc,phases      ] GC(70)     Total                          Min: 1216, Avg: 1985.0, Max: 2368, Diff: 1152, Sum: 7940, Workers: 4
[33.421s][debug][gc,phases      ] GC(70)   JNI Weak                       Min:  0.0, Avg:  0.0, Max:  0.0, Diff:  0.0, Sum:  0.0, Workers: 4
[33.421s][debug][gc,phases      ] GC(70)     Dead                           Min: 0, Avg:  0.0, Max: 0, Diff: 0, Sum: 0, Workers: 4
[33.421s][debug][gc,phases      ] GC(70)     Total                          Min: 0, Avg:  8.8, Max: 35, Diff: 35, Sum: 35, Workers: 4
[33.421s][debug][gc,phases      ] GC(70)   StringDedup Table Weak         Min:  0.0, Avg:  0.0, Max:  0.0, Diff:  0.0, Sum:  0.0, Workers: 4
[33.421s][debug][gc,phases      ] GC(70)     Dead                           Min: 0, Avg:  0.0, Max: 0, Diff: 0, Sum: 0, Workers: 4
[33.421s][debug][gc,phases      ] GC(70)     Total                          Min: 0, Avg:  0.0, Max: 0, Diff: 0, Sum: 0, Workers: 4
[33.421s][debug][gc,phases      ] GC(70)   StringDedup Requests0 Weak     Min:  0.0, Avg:  0.0, Max:  0.0, Diff:  0.0, Sum:  0.0, Workers: 4
[33.421s][debug][gc,phases      ] GC(70)     Dead                           Min: 0, Avg:  0.0, Max: 0, Diff: 0, Sum: 0, Workers: 4
[33.421s][debug][gc,phases      ] GC(70)     Total                          Min: 0, Avg:  0.0, Max: 0, Diff: 0, Sum: 0, Workers: 4
[33.421s][debug][gc,phases      ] GC(70)   StringDedup Requests1 Weak     Min:  0.0, Avg:  0.0, Max:  0.0, Diff:  0.0, Sum:  0.0, Workers: 4
[33.421s][debug][gc,phases      ] GC(70)     Dead                           Min: 0, Avg:  0.0, Max: 0, Diff: 0, Sum: 0, Workers: 4
[33.421s][debug][gc,phases      ] GC(70)     Total                          Min: 0, Avg:  0.0, Max: 0, Diff: 0, Sum: 0, Workers: 4
[33.421s][debug][gc,phases      ] GC(70)   Weak JFR Old Object Samples    Min:  0.0, Avg:  0.0, Max:  0.0, Diff:  0.0, Sum:  0.0, Workers: 4
[33.421s][debug][gc,phases      ] GC(70)     Dead                           Min: 0, Avg:  0.0, Max: 0, Diff: 0, Sum: 0, Workers: 4
[33.421s][debug][gc,phases      ] GC(70)     Total                          Min: 0, Avg:  0.0, Max: 0, Diff: 0, Sum: 0, Workers: 4
[33.421s][debug][gc,phases      ] GC(70) Weak Processing 0.380ms
[33.421s][debug][gc,age         ] GC(70) Desired survivor size 167772160 bytes, new threshold 15 (max threshold 15)
[33.421s][info ][gc,heap        ] GC(70) PSYoungGen: 1805056K(1926656K)->60528K(1921024K) Eden: 1750528K(1750528K)->0K(1750528K) From: 54528K(176128K)->60528K(170496K)
[33.421s][info ][gc,heap        ] GC(70) ParOldGen: 476416K(550912K)->476424K(550912K)
[33.421s][info ][gc,metaspace   ] GC(70) Metaspace: 75719K(76480K)->75719K(76480K) NonClass: 64761K(65152K)->64761K(65152K) Class: 10957K(11328K)->10957K(11328K)
[33.421s][info ][gc             ] GC(70) Pause Young (Allocation Failure) 2228M->524M(2414M) 32.056ms
[33.421s][info ][gc,cpu         ] GC(70) User=0.13s Sys=0.00s Real=0.03s
[33.421s][info ][safepoint      ] Safepoint "ParallelGCFailedAllocation", Time since last: 78285892 ns, Reaching safepoint: 158611 ns, At safepoint: 32173199 ns, Total: 32331810 ns
[33.819s][info ][safepoint      ] Safepoint "ICBufferFull", Time since last: 397241069 ns, Reaching safepoint: 191113 ns, At safepoint: 30803 ns, Total: 221916 ns
[33.819s][info ][safepoint      ] Safepoint "ICBufferFull", Time since last: 113708 ns, Reaching safepoint: 163411 ns, At safepoint: 33103 ns, Total: 196514 ns
[33.894s][info ][gc,start       ] GC(71) Pause Young (Allocation Failure)
[33.925s][debug][gc,phases      ] GC(71) Scavenge 30.934ms
[33.925s][debug][gc,ref         ] GC(71) Skipped phase 1 of Reference Processing: no references
[33.925s][debug][gc,ref         ] GC(71) ReferenceProcessor::execute queues: 1, RefProcThreadModel::Single, marks_oops_alive: false
[33.925s][debug][gc,ref         ] GC(71) Skipped phase 3 of Reference Processing: no references
[33.925s][debug][gc,ref         ] GC(71) ReferenceProcessor::execute queues: 1, RefProcThreadModel::Single, marks_oops_alive: false
[33.925s][debug][gc,phases      ] GC(71) Reference Processing 0.159ms
[33.926s][debug][gc,phases      ] GC(71)   VM Weak                        Min:  0.0, Avg:  0.0, Max:  0.0, Diff:  0.0, Sum:  0.0, Workers: 4
[33.926s][debug][gc,phases      ] GC(71)     Dead                           Min: 0, Avg:  0.0, Max: 0, Diff: 0, Sum: 0, Workers: 4
[33.926s][debug][gc,phases      ] GC(71)     Total                          Min: 0, Avg: 160.5, Max: 320, Diff: 320, Sum: 642, Workers: 4
[33.926s][debug][gc,phases      ] GC(71)   ObjectSynchronizer Weak        Min:  0.0, Avg:  0.0, Max:  0.0, Diff:  0.0, Sum:  0.0, Workers: 4
[33.926s][debug][gc,phases      ] GC(71)     Dead                           Min: 0, Avg:  0.0, Max: 0, Diff: 0, Sum: 0, Workers: 4
[33.926s][debug][gc,phases      ] GC(71)     Total                          Min: 0, Avg: 70.8, Max: 155, Diff: 155, Sum: 283, Workers: 4
[33.926s][debug][gc,phases      ] GC(71)   JVMTI Tag Weak OopStorage      Min:  0.0, Avg:  0.0, Max:  0.0, Diff:  0.0, Sum:  0.0, Workers: 4
[33.926s][debug][gc,phases      ] GC(71)     Dead                           Min: 0, Avg:  0.0, Max: 0, Diff: 0, Sum: 0, Workers: 4
[33.926s][debug][gc,phases      ] GC(71)     Total                          Min: 0, Avg:  0.0, Max: 0, Diff: 0, Sum: 0, Workers: 4
[33.926s][debug][gc,phases      ] GC(71)   StringTable Weak               Min:  0.1, Avg:  0.1, Max:  0.1, Diff:  0.0, Sum:  0.5, Workers: 4
[33.926s][debug][gc,phases      ] GC(71)     Dead                           Min: 0, Avg:  0.8, Max: 3, Diff: 3, Sum: 3, Workers: 4
[33.926s][debug][gc,phases      ] GC(71)     Total                          Min: 11456, Avg: 11574.2, Max: 11712, Diff: 256, Sum: 46297, Workers: 4
[33.926s][debug][gc,phases      ] GC(71)   ResolvedMethodTable Weak       Min:  0.0, Avg:  0.0, Max:  0.0, Diff:  0.0, Sum:  0.1, Workers: 4
[33.926s][debug][gc,phases      ] GC(71)     Dead                           Min: 0, Avg:  7.2, Max: 29, Diff: 29, Sum: 29, Workers: 4
[33.926s][debug][gc,phases      ] GC(71)     Total                          Min: 1599, Avg: 1996.0, Max: 2359, Diff: 760, Sum: 7984, Workers: 4
[33.926s][debug][gc,phases      ] GC(71)   JNI Weak                       Min:  0.0, Avg:  0.0, Max:  0.0, Diff:  0.0, Sum:  0.0, Workers: 4
[33.926s][debug][gc,phases      ] GC(71)     Dead                           Min: 0, Avg:  0.0, Max: 0, Diff: 0, Sum: 0, Workers: 4
[33.926s][debug][gc,phases      ] GC(71)     Total                          Min: 0, Avg: 10.8, Max: 43, Diff: 43, Sum: 43, Workers: 4
[33.926s][debug][gc,phases      ] GC(71)   StringDedup Table Weak         Min:  0.0, Avg:  0.0, Max:  0.0, Diff:  0.0, Sum:  0.0, Workers: 4
[33.926s][debug][gc,phases      ] GC(71)     Dead                           Min: 0, Avg:  0.0, Max: 0, Diff: 0, Sum: 0, Workers: 4
[33.926s][debug][gc,phases      ] GC(71)     Total                          Min: 0, Avg:  0.0, Max: 0, Diff: 0, Sum: 0, Workers: 4
[33.926s][debug][gc,phases      ] GC(71)   StringDedup Requests0 Weak     Min:  0.0, Avg:  0.0, Max:  0.0, Diff:  0.0, Sum:  0.0, Workers: 4
[33.926s][debug][gc,phases      ] GC(71)     Dead                           Min: 0, Avg:  0.0, Max: 0, Diff: 0, Sum: 0, Workers: 4
[33.926s][debug][gc,phases      ] GC(71)     Total                          Min: 0, Avg:  0.0, Max: 0, Diff: 0, Sum: 0, Workers: 4
[33.926s][debug][gc,phases      ] GC(71)   StringDedup Requests1 Weak     Min:  0.0, Avg:  0.0, Max:  0.0, Diff:  0.0, Sum:  0.0, Workers: 4
[33.926s][debug][gc,phases      ] GC(71)     Dead                           Min: 0, Avg:  0.0, Max: 0, Diff: 0, Sum: 0, Workers: 4
[33.926s][debug][gc,phases      ] GC(71)     Total                          Min: 0, Avg:  0.0, Max: 0, Diff: 0, Sum: 0, Workers: 4
[33.926s][debug][gc,phases      ] GC(71)   Weak JFR Old Object Samples    Min:  0.0, Avg:  0.0, Max:  0.0, Diff:  0.0, Sum:  0.0, Workers: 4
[33.926s][debug][gc,phases      ] GC(71)     Dead                           Min: 0, Avg:  0.0, Max: 0, Diff: 0, Sum: 0, Workers: 4
[33.926s][debug][gc,phases      ] GC(71)     Total                          Min: 0, Avg:  0.0, Max: 0, Diff: 0, Sum: 0, Workers: 4
[33.926s][debug][gc,phases      ] GC(71) Weak Processing 0.320ms
[33.926s][debug][gc,age         ] GC(71) Desired survivor size 160432128 bytes, new threshold 15 (max threshold 15)
[33.926s][info ][gc,heap        ] GC(71) PSYoungGen: 1811056K(1921024K)->64133K(1940480K) Eden: 1750528K(1750528K)->0K(1776640K) From: 60528K(170496K)->64133K(163840K)
[33.926s][info ][gc,heap        ] GC(71) ParOldGen: 476424K(550912K)->476432K(550912K)
[33.926s][info ][gc,metaspace   ] GC(71) Metaspace: 77772K(78592K)->77772K(78592K) NonClass: 66533K(66944K)->66533K(66944K) Class: 11238K(11648K)->11238K(11648K)
[33.926s][info ][gc             ] GC(71) Pause Young (Allocation Failure) 2233M->527M(2433M) 31.540ms
[33.926s][info ][gc,cpu         ] GC(71) User=0.13s Sys=0.00s Real=0.03s
[33.926s][info ][safepoint      ] Safepoint "ParallelGCFailedAllocation", Time since last: 74758238 ns, Reaching safepoint: 154211 ns, At safepoint: 31652360 ns, Total: 31806571 ns
[34.208s][info ][safepoint      ] Safepoint "ICBufferFull", Time since last: 281877626 ns, Reaching safepoint: 250018 ns, At safepoint: 28102 ns, Total: 278120 ns
[34.208s][info ][safepoint      ] Safepoint "ICBufferFull", Time since last: 61004 ns, Reaching safepoint: 87906 ns, At safepoint: 25302 ns, Total: 113208 ns
[34.329s][info ][safepoint      ] Safepoint "ICBufferFull", Time since last: 120411398 ns, Reaching safepoint: 178512 ns, At safepoint: 16501 ns, Total: 195013 ns
[34.462s][info ][safepoint      ] Safepoint "ICBufferFull", Time since last: 133337321 ns, Reaching safepoint: 160911 ns, At safepoint: 24102 ns, Total: 185013 ns
[34.493s][info ][safepoint      ] Safepoint "ParallelGCFailedAllocation", Time since last: 30919208 ns, Reaching safepoint: 176812 ns, At safepoint: 27602 ns, Total: 204414 ns
[34.494s][info ][gc,start       ] GC(72) Pause Young (GCLocker Initiated GC)
[34.528s][debug][gc,phases      ] GC(72) Scavenge 33.843ms
[34.528s][debug][gc,ref         ] GC(72) Skipped phase 1 of Reference Processing: no references
[34.528s][debug][gc,ref         ] GC(72) ReferenceProcessor::execute queues: 1, RefProcThreadModel::Single, marks_oops_alive: false
[34.528s][debug][gc,ref         ] GC(72) Skipped phase 3 of Reference Processing: no references
[34.528s][debug][gc,ref         ] GC(72) ReferenceProcessor::execute queues: 1, RefProcThreadModel::Single, marks_oops_alive: false
[34.528s][debug][gc,phases      ] GC(72) Reference Processing 0.183ms
[34.528s][debug][gc,phases      ] GC(72)   VM Weak                        Min:  0.0, Avg:  0.0, Max:  0.0, Diff:  0.0, Sum:  0.0, Workers: 4
[34.528s][debug][gc,phases      ] GC(72)     Dead                           Min: 0, Avg:  0.0, Max: 0, Diff: 0, Sum: 0, Workers: 4
[34.528s][debug][gc,phases      ] GC(72)     Total                          Min: 0, Avg: 163.5, Max: 654, Diff: 654, Sum: 654, Workers: 4
[34.528s][debug][gc,phases      ] GC(72)   ObjectSynchronizer Weak        Min:  0.0, Avg:  0.0, Max:  0.0, Diff:  0.0, Sum:  0.0, Workers: 4
[34.528s][debug][gc,phases      ] GC(72)     Dead                           Min: 0, Avg:  0.0, Max: 0, Diff: 0, Sum: 0, Workers: 4
[34.528s][debug][gc,phases      ] GC(72)     Total                          Min: 0, Avg: 71.2, Max: 221, Diff: 221, Sum: 285, Workers: 4
[34.528s][debug][gc,phases      ] GC(72)   JVMTI Tag Weak OopStorage      Min:  0.0, Avg:  0.0, Max:  0.0, Diff:  0.0, Sum:  0.0, Workers: 4
[34.528s][debug][gc,phases      ] GC(72)     Dead                           Min: 0, Avg:  0.0, Max: 0, Diff: 0, Sum: 0, Workers: 4
[34.528s][debug][gc,phases      ] GC(72)     Total                          Min: 0, Avg:  0.0, Max: 0, Diff: 0, Sum: 0, Workers: 4
[34.528s][debug][gc,phases      ] GC(72)   StringTable Weak               Min:  0.1, Avg:  0.1, Max:  0.1, Diff:  0.0, Sum:  0.5, Workers: 4
[34.528s][debug][gc,phases      ] GC(72)     Dead                           Min: 0, Avg:  0.5, Max: 2, Diff: 2, Sum: 2, Workers: 4
[34.528s][debug][gc,phases      ] GC(72)     Total                          Min: 10816, Avg: 11652.8, Max: 12864, Diff: 2048, Sum: 46611, Workers: 4
[34.528s][debug][gc,phases      ] GC(72)   ResolvedMethodTable Weak       Min:  0.0, Avg:  0.0, Max:  0.0, Diff:  0.0, Sum:  0.1, Workers: 4
[34.528s][debug][gc,phases      ] GC(72)     Dead                           Min: 0, Avg: 11.2, Max: 20, Diff: 20, Sum: 45, Workers: 4
[34.528s][debug][gc,phases      ] GC(72)     Total                          Min: 1792, Avg: 2046.8, Max: 2236, Diff: 444, Sum: 8187, Workers: 4
[34.528s][debug][gc,phases      ] GC(72)   JNI Weak                       Min:  0.0, Avg:  0.0, Max:  0.0, Diff:  0.0, Sum:  0.0, Workers: 4
[34.528s][debug][gc,phases      ] GC(72)     Dead                           Min: 0, Avg:  0.0, Max: 0, Diff: 0, Sum: 0, Workers: 4
[34.528s][debug][gc,phases      ] GC(72)     Total                          Min: 0, Avg:  8.5, Max: 34, Diff: 34, Sum: 34, Workers: 4
[34.528s][debug][gc,phases      ] GC(72)   StringDedup Table Weak         Min:  0.0, Avg:  0.0, Max:  0.0, Diff:  0.0, Sum:  0.0, Workers: 4
[34.528s][debug][gc,phases      ] GC(72)     Dead                           Min: 0, Avg:  0.0, Max: 0, Diff: 0, Sum: 0, Workers: 4
[34.528s][debug][gc,phases      ] GC(72)     Total                          Min: 0, Avg:  0.0, Max: 0, Diff: 0, Sum: 0, Workers: 4
[34.528s][debug][gc,phases      ] GC(72)   StringDedup Requests0 Weak     Min:  0.0, Avg:  0.0, Max:  0.0, Diff:  0.0, Sum:  0.0, Workers: 4
[34.528s][debug][gc,phases      ] GC(72)     Dead                           Min: 0, Avg:  0.0, Max: 0, Diff: 0, Sum: 0, Workers: 4
[34.528s][debug][gc,phases      ] GC(72)     Total                          Min: 0, Avg:  0.0, Max: 0, Diff: 0, Sum: 0, Workers: 4
[34.528s][debug][gc,phases      ] GC(72)   StringDedup Requests1 Weak     Min:  0.0, Avg:  0.0, Max:  0.0, Diff:  0.0, Sum:  0.0, Workers: 4
[34.528s][debug][gc,phases      ] GC(72)     Dead                           Min: 0, Avg:  0.0, Max: 0, Diff: 0, Sum: 0, Workers: 4
[34.528s][debug][gc,phases      ] GC(72)     Total                          Min: 0, Avg:  0.0, Max: 0, Diff: 0, Sum: 0, Workers: 4
[34.528s][debug][gc,phases      ] GC(72)   Weak JFR Old Object Samples    Min:  0.0, Avg:  0.0, Max:  0.0, Diff:  0.0, Sum:  0.0, Workers: 4
[34.528s][debug][gc,phases      ] GC(72)     Dead                           Min: 0, Avg:  0.0, Max: 0, Diff: 0, Sum: 0, Workers: 4
[34.528s][debug][gc,phases      ] GC(72)     Total                          Min: 0, Avg:  0.0, Max: 0, Diff: 0, Sum: 0, Workers: 4
[34.528s][debug][gc,phases      ] GC(72) Weak Processing 0.356ms
[34.528s][debug][gc,age         ] GC(72) Desired survivor size 152567808 bytes, new threshold 15 (max threshold 15)
[34.528s][info ][gc,heap        ] GC(72) PSYoungGen: 1840773K(1940480K)->74385K(1933312K) Eden: 1776640K(1776640K)->0K(1776640K) From: 64133K(163840K)->74385K(156672K)
[34.528s][info ][gc,heap        ] GC(72) ParOldGen: 476443K(550912K)->476451K(550912K)
[34.528s][info ][gc,metaspace   ] GC(72) Metaspace: 79159K(79936K)->79159K(79936K) NonClass: 67737K(68160K)->67737K(68160K) Class: 11422K(11776K)->11422K(11776K)
[34.528s][info ][gc             ] GC(72) Pause Young (GCLocker Initiated GC) 2262M->537M(2426M) 34.498ms
[34.528s][info ][gc,cpu         ] GC(72) User=0.14s Sys=0.00s Real=0.03s
[34.528s][info ][safepoint      ] Safepoint "ParallelGCSystemGC", Time since last: 259319 ns, Reaching safepoint: 94507 ns, At safepoint: 34606870 ns, Total: 34701377 ns
[34.688s][info ][safepoint      ] Safepoint "ICBufferFull", Time since last: 159696800 ns, Reaching safepoint: 360826 ns, At safepoint: 21302 ns, Total: 382128 ns
[34.934s][info ][safepoint      ] Safepoint "ParallelGCFailedAllocation", Time since last: 244956382 ns, Reaching safepoint: 205114 ns, At safepoint: 27902 ns, Total: 233016 ns
[34.934s][info ][gc,start       ] GC(73) Pause Young (GCLocker Initiated GC)
[34.970s][debug][gc,phases      ] GC(73) Scavenge 35.637ms
[34.970s][debug][gc,ref         ] GC(73) Skipped phase 1 of Reference Processing: no references
[34.970s][debug][gc,ref         ] GC(73) ReferenceProcessor::execute queues: 1, RefProcThreadModel::Single, marks_oops_alive: false
[34.970s][debug][gc,ref         ] GC(73) Skipped phase 3 of Reference Processing: no references
[34.970s][debug][gc,ref         ] GC(73) ReferenceProcessor::execute queues: 1, RefProcThreadModel::Single, marks_oops_alive: false
[34.970s][debug][gc,phases      ] GC(73) Reference Processing 0.155ms
[34.970s][debug][gc,phases      ] GC(73)   VM Weak                        Min:  0.0, Avg:  0.0, Max:  0.0, Diff:  0.0, Sum:  0.0, Workers: 4
[34.970s][debug][gc,phases      ] GC(73)     Dead                           Min: 0, Avg:  0.0, Max: 0, Diff: 0, Sum: 0, Workers: 4
[34.970s][debug][gc,phases      ] GC(73)     Total                          Min: 0, Avg: 163.5, Max: 398, Diff: 398, Sum: 654, Workers: 4
[34.970s][debug][gc,phases      ] GC(73)   ObjectSynchronizer Weak        Min:  0.0, Avg:  0.0, Max:  0.0, Diff:  0.0, Sum:  0.0, Workers: 4
[34.970s][debug][gc,phases      ] GC(73)     Dead                           Min: 0, Avg:  0.0, Max: 0, Diff: 0, Sum: 0, Workers: 4
[34.970s][debug][gc,phases      ] GC(73)     Total                          Min: 0, Avg: 71.2, Max: 192, Diff: 192, Sum: 285, Workers: 4
[34.970s][debug][gc,phases      ] GC(73)   JVMTI Tag Weak OopStorage      Min:  0.0, Avg:  0.0, Max:  0.0, Diff:  0.0, Sum:  0.0, Workers: 4
[34.970s][debug][gc,phases      ] GC(73)     Dead                           Min: 0, Avg:  0.0, Max: 0, Diff: 0, Sum: 0, Workers: 4
[34.970s][debug][gc,phases      ] GC(73)     Total                          Min: 0, Avg:  0.0, Max: 0, Diff: 0, Sum: 0, Workers: 4
[34.970s][debug][gc,phases      ] GC(73)   StringTable Weak               Min:  0.1, Avg:  0.1, Max:  0.1, Diff:  0.0, Sum:  0.5, Workers: 4
[34.970s][debug][gc,phases      ] GC(73)     Dead                           Min: 0, Avg:  0.0, Max: 0, Diff: 0, Sum: 0, Workers: 4
[34.970s][debug][gc,phases      ] GC(73)     Total                          Min: 10240, Avg: 11661.8, Max: 12416, Diff: 2176, Sum: 46647, Workers: 4
[34.970s][debug][gc,phases      ] GC(73)   ResolvedMethodTable Weak       Min:  0.0, Avg:  0.0, Max:  0.0, Diff:  0.0, Sum:  0.1, Workers: 4
[34.970s][debug][gc,phases      ] GC(73)     Dead                           Min: 0, Avg:  4.5, Max: 8, Diff: 8, Sum: 18, Workers: 4
[34.970s][debug][gc,phases      ] GC(73)     Total                          Min: 1792, Avg: 2049.0, Max: 2240, Diff: 448, Sum: 8196, Workers: 4
[34.970s][debug][gc,phases      ] GC(73)   JNI Weak                       Min:  0.0, Avg:  0.0, Max:  0.0, Diff:  0.0, Sum:  0.0, Workers: 4
[34.970s][debug][gc,phases      ] GC(73)     Dead                           Min: 0, Avg:  0.0, Max: 0, Diff: 0, Sum: 0, Workers: 4
[34.970s][debug][gc,phases      ] GC(73)     Total                          Min: 0, Avg:  8.8, Max: 35, Diff: 35, Sum: 35, Workers: 4
[34.970s][debug][gc,phases      ] GC(73)   StringDedup Table Weak         Min:  0.0, Avg:  0.0, Max:  0.0, Diff:  0.0, Sum:  0.0, Workers: 4
[34.970s][debug][gc,phases      ] GC(73)     Dead                           Min: 0, Avg:  0.0, Max: 0, Diff: 0, Sum: 0, Workers: 4
[34.970s][debug][gc,phases      ] GC(73)     Total                          Min: 0, Avg:  0.0, Max: 0, Diff: 0, Sum: 0, Workers: 4
[34.970s][debug][gc,phases      ] GC(73)   StringDedup Requests0 Weak     Min:  0.0, Avg:  0.0, Max:  0.0, Diff:  0.0, Sum:  0.0, Workers: 4
[34.970s][debug][gc,phases      ] GC(73)     Dead                           Min: 0, Avg:  0.0, Max: 0, Diff: 0, Sum: 0, Workers: 4
[34.970s][debug][gc,phases      ] GC(73)     Total                          Min: 0, Avg:  0.0, Max: 0, Diff: 0, Sum: 0, Workers: 4
[34.970s][debug][gc,phases      ] GC(73)   StringDedup Requests1 Weak     Min:  0.0, Avg:  0.0, Max:  0.0, Diff:  0.0, Sum:  0.0, Workers: 4
[34.970s][debug][gc,phases      ] GC(73)     Dead                           Min: 0, Avg:  0.0, Max: 0, Diff: 0, Sum: 0, Workers: 4
[34.970s][debug][gc,phases      ] GC(73)     Total                          Min: 0, Avg:  0.0, Max: 0, Diff: 0, Sum: 0, Workers: 4
[34.970s][debug][gc,phases      ] GC(73)   Weak JFR Old Object Samples    Min:  0.0, Avg:  0.0, Max:  0.0, Diff:  0.0, Sum:  0.0, Workers: 4
[34.970s][debug][gc,phases      ] GC(73)     Dead                           Min: 0, Avg:  0.0, Max: 0, Diff: 0, Sum: 0, Workers: 4
[34.970s][debug][gc,phases      ] GC(73)     Total                          Min: 0, Avg:  0.0, Max: 0, Diff: 0, Sum: 0, Workers: 4
[34.970s][debug][gc,phases      ] GC(73) Weak Processing 0.331ms
[34.970s][debug][gc,age         ] GC(73) Desired survivor size 150470656 bytes, new threshold 15 (max threshold 15)
[34.970s][info ][gc,heap        ] GC(73) PSYoungGen: 1851025K(1933312K)->89085K(1950208K) Eden: 1776640K(1776640K)->0K(1801216K) From: 74385K(156672K)->89085K(148992K)
[34.970s][info ][gc,heap        ] GC(73) ParOldGen: 476486K(550912K)->476494K(550912K)
[34.970s][info ][gc,metaspace   ] GC(73) Metaspace: 79378K(80192K)->79378K(80192K) NonClass: 67951K(68416K)->67951K(68416K) Class: 11427K(11776K)->11427K(11776K)
[34.970s][info ][gc             ] GC(73) Pause Young (GCLocker Initiated GC) 2272M->552M(2442M) 36.250ms
[34.970s][info ][gc,cpu         ] GC(73) User=0.14s Sys=0.02s Real=0.03s
[34.970s][info ][safepoint      ] Safepoint "ParallelGCSystemGC", Time since last: 157012 ns, Reaching safepoint: 92606 ns, At safepoint: 36351995 ns, Total: 36444601 ns
[35.176s][info ][safepoint      ] Safepoint "ICBufferFull", Time since last: 205297551 ns, Reaching safepoint: 193614 ns, At safepoint: 31202 ns, Total: 224816 ns
[35.342s][info ][safepoint      ] Safepoint "ICBufferFull", Time since last: 161946758 ns, Reaching safepoint: 4331609 ns, At safepoint: 38403 ns, Total: 4370012 ns
[35.440s][info ][gc,start       ] GC(74) Pause Young (Allocation Failure)
[35.480s][debug][gc,phases      ] GC(74) Scavenge 39.735ms
[35.480s][debug][gc,ref         ] GC(74) Skipped phase 1 of Reference Processing: no references
[35.480s][debug][gc,ref         ] GC(74) ReferenceProcessor::execute queues: 1, RefProcThreadModel::Single, marks_oops_alive: false
[35.480s][debug][gc,ref         ] GC(74) Skipped phase 3 of Reference Processing: no references
[35.480s][debug][gc,ref         ] GC(74) ReferenceProcessor::execute queues: 1, RefProcThreadModel::Single, marks_oops_alive: false
[35.480s][debug][gc,phases      ] GC(74) Reference Processing 0.158ms
[35.480s][debug][gc,phases      ] GC(74)   VM Weak                        Min:  0.0, Avg:  0.0, Max:  0.0, Diff:  0.0, Sum:  0.0, Workers: 4
[35.480s][debug][gc,phases      ] GC(74)     Dead                           Min: 0, Avg:  0.0, Max: 0, Diff: 0, Sum: 0, Workers: 4
[35.480s][debug][gc,phases      ] GC(74)     Total                          Min: 0, Avg: 164.0, Max: 400, Diff: 400, Sum: 656, Workers: 4
[35.480s][debug][gc,phases      ] GC(74)   ObjectSynchronizer Weak        Min:  0.0, Avg:  0.0, Max:  0.0, Diff:  0.0, Sum:  0.0, Workers: 4
[35.480s][debug][gc,phases      ] GC(74)     Dead                           Min: 0, Avg:  0.0, Max: 0, Diff: 0, Sum: 0, Workers: 4
[35.480s][debug][gc,phases      ] GC(74)     Total                          Min: 0, Avg: 71.2, Max: 157, Diff: 157, Sum: 285, Workers: 4
[35.480s][debug][gc,phases      ] GC(74)   JVMTI Tag Weak OopStorage      Min:  0.0, Avg:  0.0, Max:  0.0, Diff:  0.0, Sum:  0.0, Workers: 4
[35.480s][debug][gc,phases      ] GC(74)     Dead                           Min: 0, Avg:  0.0, Max: 0, Diff: 0, Sum: 0, Workers: 4
[35.480s][debug][gc,phases      ] GC(74)     Total                          Min: 0, Avg:  0.0, Max: 0, Diff: 0, Sum: 0, Workers: 4
[35.480s][debug][gc,phases      ] GC(74)   StringTable Weak               Min:  0.1, Avg:  0.1, Max:  0.1, Diff:  0.0, Sum:  0.5, Workers: 4
[35.480s][debug][gc,phases      ] GC(74)     Dead                           Min: 0, Avg:  0.0, Max: 0, Diff: 0, Sum: 0, Workers: 4
[35.480s][debug][gc,phases      ] GC(74)     Total                          Min: 8960, Avg: 11668.0, Max: 13824, Diff: 4864, Sum: 46672, Workers: 4
[35.480s][debug][gc,phases      ] GC(74)   ResolvedMethodTable Weak       Min:  0.0, Avg:  0.0, Max:  0.0, Diff:  0.0, Sum:  0.1, Workers: 4
[35.480s][debug][gc,phases      ] GC(74)     Dead                           Min: 0, Avg:  0.0, Max: 0, Diff: 0, Sum: 0, Workers: 4
[35.480s][debug][gc,phases      ] GC(74)     Total                          Min: 1853, Avg: 1963.2, Max: 2113, Diff: 260, Sum: 7853, Workers: 4
[35.480s][debug][gc,phases      ] GC(74)   JNI Weak                       Min:  0.0, Avg:  0.0, Max:  0.0, Diff:  0.0, Sum:  0.0, Workers: 4
[35.480s][debug][gc,phases      ] GC(74)     Dead                           Min: 0, Avg:  0.0, Max: 0, Diff: 0, Sum: 0, Workers: 4
[35.480s][debug][gc,phases      ] GC(74)     Total                          Min: 0, Avg:  5.8, Max: 23, Diff: 23, Sum: 23, Workers: 4
[35.480s][debug][gc,phases      ] GC(74)   StringDedup Table Weak         Min:  0.0, Avg:  0.0, Max:  0.0, Diff:  0.0, Sum:  0.0, Workers: 4
[35.480s][debug][gc,phases      ] GC(74)     Dead                           Min: 0, Avg:  0.0, Max: 0, Diff: 0, Sum: 0, Workers: 4
[35.480s][debug][gc,phases      ] GC(74)     Total                          Min: 0, Avg:  0.0, Max: 0, Diff: 0, Sum: 0, Workers: 4
[35.480s][debug][gc,phases      ] GC(74)   StringDedup Requests0 Weak     Min:  0.0, Avg:  0.0, Max:  0.0, Diff:  0.0, Sum:  0.0, Workers: 4
[35.480s][debug][gc,phases      ] GC(74)     Dead                           Min: 0, Avg:  0.0, Max: 0, Diff: 0, Sum: 0, Workers: 4
[35.480s][debug][gc,phases      ] GC(74)     Total                          Min: 0, Avg:  0.0, Max: 0, Diff: 0, Sum: 0, Workers: 4
[35.480s][debug][gc,phases      ] GC(74)   StringDedup Requests1 Weak     Min:  0.0, Avg:  0.0, Max:  0.0, Diff:  0.0, Sum:  0.0, Workers: 4
[35.480s][debug][gc,phases      ] GC(74)     Dead                           Min: 0, Avg:  0.0, Max: 0, Diff: 0, Sum: 0, Workers: 4
[35.480s][debug][gc,phases      ] GC(74)     Total                          Min: 0, Avg:  0.0, Max: 0, Diff: 0, Sum: 0, Workers: 4
[35.480s][debug][gc,phases      ] GC(74)   Weak JFR Old Object Samples    Min:  0.0, Avg:  0.0, Max:  0.0, Diff:  0.0, Sum:  0.0, Workers: 4
[35.480s][debug][gc,phases      ] GC(74)     Dead                           Min: 0, Avg:  0.0, Max: 0, Diff: 0, Sum: 0, Workers: 4
[35.480s][debug][gc,phases      ] GC(74)     Total                          Min: 0, Avg:  0.0, Max: 0, Diff: 0, Sum: 0, Workers: 4
[35.480s][debug][gc,phases      ] GC(74) Weak Processing 0.348ms
[35.480s][debug][gc,age         ] GC(74) Desired survivor size 149946368 bytes, new threshold 15 (max threshold 15)
[35.480s][info ][gc,heap        ] GC(74) PSYoungGen: 1890301K(1950208K)->93592K(1948160K) Eden: 1801216K(1801216K)->0K(1801216K) From: 89085K(148992K)->93592K(146944K)
[35.480s][info ][gc,heap        ] GC(74) ParOldGen: 476495K(550912K)->476503K(550912K)
[35.480s][info ][gc,metaspace   ] GC(74) Metaspace: 79587K(80448K)->79587K(80448K) NonClass: 68143K(68608K)->68143K(68608K) Class: 11443K(11840K)->11443K(11840K)
[35.480s][info ][gc             ] GC(74) Pause Young (Allocation Failure) 2311M->556M(2440M) 40.386ms
[35.480s][info ][gc,cpu         ] GC(74) User=0.17s Sys=0.00s Real=0.04s
[35.480s][info ][safepoint      ] Safepoint "ParallelGCFailedAllocation", Time since last: 97615567 ns, Reaching safepoint: 154011 ns, At safepoint: 40516191 ns, Total: 40670202 ns
[35.757s][info ][safepoint      ] Safepoint "ICBufferFull", Time since last: 276364519 ns, Reaching safepoint: 542639 ns, At safepoint: 31002 ns, Total: 573641 ns
[35.953s][info ][safepoint      ] Safepoint "ICBufferFull", Time since last: 195497846 ns, Reaching safepoint: 164312 ns, At safepoint: 31302 ns, Total: 195614 ns
[35.978s][info ][gc,start       ] GC(75) Pause Young (Allocation Failure)
[36.028s][debug][gc,phases      ] GC(75) Scavenge 50.429ms
[36.028s][debug][gc,ref         ] GC(75) Skipped phase 1 of Reference Processing: no references
[36.028s][debug][gc,ref         ] GC(75) ReferenceProcessor::execute queues: 1, RefProcThreadModel::Single, marks_oops_alive: false
[36.028s][debug][gc,ref         ] GC(75) Skipped phase 3 of Reference Processing: no references
[36.028s][debug][gc,ref         ] GC(75) ReferenceProcessor::execute queues: 1, RefProcThreadModel::Single, marks_oops_alive: false
[36.028s][debug][gc,phases      ] GC(75) Reference Processing 0.171ms
[36.028s][debug][gc,phases      ] GC(75)   VM Weak                        Min:  0.0, Avg:  0.0, Max:  0.0, Diff:  0.0, Sum:  0.0, Workers: 4
[36.028s][debug][gc,phases      ] GC(75)     Dead                           Min: 0, Avg:  0.0, Max: 0, Diff: 0, Sum: 0, Workers: 4
[36.028s][debug][gc,phases      ] GC(75)     Total                          Min: 0, Avg: 164.0, Max: 640, Diff: 640, Sum: 656, Workers: 4
[36.028s][debug][gc,phases      ] GC(75)   ObjectSynchronizer Weak        Min:  0.0, Avg:  0.0, Max:  0.0, Diff:  0.0, Sum:  0.0, Workers: 4
[36.028s][debug][gc,phases      ] GC(75)     Dead                           Min: 0, Avg:  0.0, Max: 0, Diff: 0, Sum: 0, Workers: 4
[36.028s][debug][gc,phases      ] GC(75)     Total                          Min: 0, Avg: 71.2, Max: 192, Diff: 192, Sum: 285, Workers: 4
[36.028s][debug][gc,phases      ] GC(75)   JVMTI Tag Weak OopStorage      Min:  0.0, Avg:  0.0, Max:  0.0, Diff:  0.0, Sum:  0.0, Workers: 4
[36.028s][debug][gc,phases      ] GC(75)     Dead                           Min: 0, Avg:  0.0, Max: 0, Diff: 0, Sum: 0, Workers: 4
[36.028s][debug][gc,phases      ] GC(75)     Total                          Min: 0, Avg:  0.0, Max: 0, Diff: 0, Sum: 0, Workers: 4
[36.028s][debug][gc,phases      ] GC(75)   StringTable Weak               Min:  0.1, Avg:  0.1, Max:  0.1, Diff:  0.0, Sum:  0.5, Workers: 4
[36.028s][debug][gc,phases      ] GC(75)     Dead                           Min: 0, Avg:  0.0, Max: 0, Diff: 0, Sum: 0, Workers: 4
[36.028s][debug][gc,phases      ] GC(75)     Total                          Min: 10752, Avg: 11676.0, Max: 12400, Diff: 1648, Sum: 46704, Workers: 4
[36.028s][debug][gc,phases      ] GC(75)   ResolvedMethodTable Weak       Min:  0.0, Avg:  0.0, Max:  0.0, Diff:  0.0, Sum:  0.1, Workers: 4
[36.028s][debug][gc,phases      ] GC(75)     Dead                           Min: 0, Avg:  0.0, Max: 0, Diff: 0, Sum: 0, Workers: 4
[36.028s][debug][gc,phases      ] GC(75)     Total                          Min: 1806, Avg: 1963.8, Max: 2113, Diff: 307, Sum: 7855, Workers: 4
[36.028s][debug][gc,phases      ] GC(75)   JNI Weak                       Min:  0.0, Avg:  0.0, Max:  0.0, Diff:  0.0, Sum:  0.0, Workers: 4
[36.028s][debug][gc,phases      ] GC(75)     Dead                           Min: 0, Avg:  0.0, Max: 0, Diff: 0, Sum: 0, Workers: 4
[36.028s][debug][gc,phases      ] GC(75)     Total                          Min: 0, Avg:  6.2, Max: 25, Diff: 25, Sum: 25, Workers: 4
[36.028s][debug][gc,phases      ] GC(75)   StringDedup Table Weak         Min:  0.0, Avg:  0.0, Max:  0.0, Diff:  0.0, Sum:  0.0, Workers: 4
[36.028s][debug][gc,phases      ] GC(75)     Dead                           Min: 0, Avg:  0.0, Max: 0, Diff: 0, Sum: 0, Workers: 4
[36.028s][debug][gc,phases      ] GC(75)     Total                          Min: 0, Avg:  0.0, Max: 0, Diff: 0, Sum: 0, Workers: 4
[36.028s][debug][gc,phases      ] GC(75)   StringDedup Requests0 Weak     Min:  0.0, Avg:  0.0, Max:  0.0, Diff:  0.0, Sum:  0.0, Workers: 4
[36.028s][debug][gc,phases      ] GC(75)     Dead                           Min: 0, Avg:  0.0, Max: 0, Diff: 0, Sum: 0, Workers: 4
[36.028s][debug][gc,phases      ] GC(75)     Total                          Min: 0, Avg:  0.0, Max: 0, Diff: 0, Sum: 0, Workers: 4
[36.028s][debug][gc,phases      ] GC(75)   StringDedup Requests1 Weak     Min:  0.0, Avg:  0.0, Max:  0.0, Diff:  0.0, Sum:  0.0, Workers: 4
[36.028s][debug][gc,phases      ] GC(75)     Dead                           Min: 0, Avg:  0.0, Max: 0, Diff: 0, Sum: 0, Workers: 4
[36.028s][debug][gc,phases      ] GC(75)     Total                          Min: 0, Avg:  0.0, Max: 0, Diff: 0, Sum: 0, Workers: 4
[36.028s][debug][gc,phases      ] GC(75)   Weak JFR Old Object Samples    Min:  0.0, Avg:  0.0, Max:  0.0, Diff:  0.0, Sum:  0.0, Workers: 4
[36.028s][debug][gc,phases      ] GC(75)     Dead                           Min: 0, Avg:  0.0, Max: 0, Diff: 0, Sum: 0, Workers: 4
[36.028s][debug][gc,phases      ] GC(75)     Total                          Min: 0, Avg:  0.0, Max: 0, Diff: 0, Sum: 0, Workers: 4
[36.029s][debug][gc,phases      ] GC(75) Weak Processing 0.313ms
[36.029s][debug][gc,age         ] GC(75) Desired survivor size 154140672 bytes, new threshold 15 (max threshold 15)
[36.029s][info ][gc,heap        ] GC(75) PSYoungGen: 1894808K(1948160K)->106696K(1942528K) Eden: 1801216K(1801216K)->0K(1796096K) From: 93592K(146944K)->106696K(146432K)
[36.029s][info ][gc,heap        ] GC(75) ParOldGen: 476503K(550912K)->476503K(550912K)
[36.029s][info ][gc,metaspace   ] GC(75) Metaspace: 79771K(80576K)->79771K(80576K) NonClass: 68317K(68736K)->68317K(68736K) Class: 11454K(11840K)->11454K(11840K)
[36.029s][info ][gc             ] GC(75) Pause Young (Allocation Failure) 2315M->569M(2435M) 51.043ms
[36.029s][info ][gc,cpu         ] GC(75) User=0.20s Sys=0.00s Real=0.05s
[36.029s][info ][safepoint      ] Safepoint "ParallelGCFailedAllocation", Time since last: 24407141 ns, Reaching safepoint: 131509 ns, At safepoint: 51155250 ns, Total: 51286759 ns
[36.442s][info ][safepoint      ] Safepoint "ICBufferFull", Time since last: 412754544 ns, Reaching safepoint: 237017 ns, At safepoint: 32102 ns, Total: 269119 ns
[36.473s][info ][gc,start       ] GC(76) Pause Young (Allocation Failure)
[36.525s][debug][gc,phases      ] GC(76) Scavenge 51.849ms
[36.525s][debug][gc,ref         ] GC(76) Skipped phase 1 of Reference Processing: no references
[36.525s][debug][gc,ref         ] GC(76) ReferenceProcessor::execute queues: 1, RefProcThreadModel::Single, marks_oops_alive: false
[36.525s][debug][gc,ref         ] GC(76) Skipped phase 3 of Reference Processing: no references
[36.525s][debug][gc,ref         ] GC(76) ReferenceProcessor::execute queues: 1, RefProcThreadModel::Single, marks_oops_alive: false
[36.525s][debug][gc,phases      ] GC(76) Reference Processing 0.152ms
[36.525s][debug][gc,phases      ] GC(76)   VM Weak                        Min:  0.0, Avg:  0.0, Max:  0.0, Diff:  0.0, Sum:  0.0, Workers: 4
[36.525s][debug][gc,phases      ] GC(76)     Dead                           Min: 0, Avg:  0.0, Max: 0, Diff: 0, Sum: 0, Workers: 4
[36.525s][debug][gc,phases      ] GC(76)     Total                          Min: 0, Avg: 164.0, Max: 320, Diff: 320, Sum: 656, Workers: 4
[36.525s][debug][gc,phases      ] GC(76)   ObjectSynchronizer Weak        Min:  0.0, Avg:  0.0, Max:  0.0, Diff:  0.0, Sum:  0.0, Workers: 4
[36.525s][debug][gc,phases      ] GC(76)     Dead                           Min: 0, Avg:  0.0, Max: 0, Diff: 0, Sum: 0, Workers: 4
[36.525s][debug][gc,phases      ] GC(76)     Total                          Min: 0, Avg: 71.2, Max: 128, Diff: 128, Sum: 285, Workers: 4
[36.525s][debug][gc,phases      ] GC(76)   JVMTI Tag Weak OopStorage      Min:  0.0, Avg:  0.0, Max:  0.0, Diff:  0.0, Sum:  0.0, Workers: 4
[36.525s][debug][gc,phases      ] GC(76)     Dead                           Min: 0, Avg:  0.0, Max: 0, Diff: 0, Sum: 0, Workers: 4
[36.525s][debug][gc,phases      ] GC(76)     Total                          Min: 0, Avg:  0.0, Max: 0, Diff: 0, Sum: 0, Workers: 4
[36.525s][debug][gc,phases      ] GC(76)   StringTable Weak               Min:  0.1, Avg:  0.1, Max:  0.2, Diff:  0.0, Sum:  0.6, Workers: 4
[36.525s][debug][gc,phases      ] GC(76)     Dead                           Min: 0, Avg:  0.0, Max: 0, Diff: 0, Sum: 0, Workers: 4
[36.525s][debug][gc,phases      ] GC(76)     Total                          Min: 11584, Avg: 11679.0, Max: 11772, Diff: 188, Sum: 46716, Workers: 4
[36.525s][debug][gc,phases      ] GC(76)   ResolvedMethodTable Weak       Min:  0.0, Avg:  0.0, Max:  0.0, Diff:  0.0, Sum:  0.1, Workers: 4
[36.525s][debug][gc,phases      ] GC(76)     Dead                           Min: 0, Avg:  0.0, Max: 0, Diff: 0, Sum: 0, Workers: 4
[36.525s][debug][gc,phases      ] GC(76)     Total                          Min: 1832, Avg: 1963.8, Max: 2077, Diff: 245, Sum: 7855, Workers: 4
[36.525s][debug][gc,phases      ] GC(76)   JNI Weak                       Min:  0.0, Avg:  0.0, Max:  0.0, Diff:  0.0, Sum:  0.0, Workers: 4
[36.525s][debug][gc,phases      ] GC(76)     Dead                           Min: 0, Avg:  0.0, Max: 0, Diff: 0, Sum: 0, Workers: 4
[36.525s][debug][gc,phases      ] GC(76)     Total                          Min: 0, Avg:  8.0, Max: 32, Diff: 32, Sum: 32, Workers: 4
[36.525s][debug][gc,phases      ] GC(76)   StringDedup Table Weak         Min:  0.0, Avg:  0.0, Max:  0.0, Diff:  0.0, Sum:  0.0, Workers: 4
[36.525s][debug][gc,phases      ] GC(76)     Dead                           Min: 0, Avg:  0.0, Max: 0, Diff: 0, Sum: 0, Workers: 4
[36.525s][debug][gc,phases      ] GC(76)     Total                          Min: 0, Avg:  0.0, Max: 0, Diff: 0, Sum: 0, Workers: 4
[36.525s][debug][gc,phases      ] GC(76)   StringDedup Requests0 Weak     Min:  0.0, Avg:  0.0, Max:  0.0, Diff:  0.0, Sum:  0.0, Workers: 4
[36.525s][debug][gc,phases      ] GC(76)     Dead                           Min: 0, Avg:  0.0, Max: 0, Diff: 0, Sum: 0, Workers: 4
[36.525s][debug][gc,phases      ] GC(76)     Total                          Min: 0, Avg:  0.0, Max: 0, Diff: 0, Sum: 0, Workers: 4
[36.525s][debug][gc,phases      ] GC(76)   StringDedup Requests1 Weak     Min:  0.0, Avg:  0.0, Max:  0.0, Diff:  0.0, Sum:  0.0, Workers: 4
[36.525s][debug][gc,phases      ] GC(76)     Dead                           Min: 0, Avg:  0.0, Max: 0, Diff: 0, Sum: 0, Workers: 4
[36.525s][debug][gc,phases      ] GC(76)     Total                          Min: 0, Avg:  0.0, Max: 0, Diff: 0, Sum: 0, Workers: 4
[36.525s][debug][gc,phases      ] GC(76)   Weak JFR Old Object Samples    Min:  0.0, Avg:  0.0, Max:  0.0, Diff:  0.0, Sum:  0.0, Workers: 4
[36.525s][debug][gc,phases      ] GC(76)     Dead                           Min: 0, Avg:  0.0, Max: 0, Diff: 0, Sum: 0, Workers: 4
[36.525s][debug][gc,phases      ] GC(76)     Total                          Min: 0, Avg:  0.0, Max: 0, Diff: 0, Sum: 0, Workers: 4
[36.525s][debug][gc,phases      ] GC(76) Weak Processing 0.363ms
[36.525s][debug][gc,age         ] GC(76) Desired survivor size 159383552 bytes, new threshold 15 (max threshold 15)
[36.525s][info ][gc,heap        ] GC(76) PSYoungGen: 1902792K(1942528K)->113064K(1909248K) Eden: 1796096K(1796096K)->0K(1796096K) From: 106696K(146432K)->113064K(113152K)
[36.525s][info ][gc,heap        ] GC(76) ParOldGen: 476503K(550912K)->476511K(550912K)
[36.525s][info ][gc,metaspace   ] GC(76) Metaspace: 79848K(80704K)->79848K(80704K) NonClass: 68394K(68864K)->68394K(68864K) Class: 11454K(11840K)->11454K(11840K)
[36.525s][info ][gc             ] GC(76) Pause Young (Allocation Failure) 2323M->575M(2402M) 52.483ms
[36.525s][info ][gc,cpu         ] GC(76) User=0.20s Sys=0.00s Real=0.06s
[36.525s][info ][safepoint      ] Safepoint "ParallelGCFailedAllocation", Time since last: 30984910 ns, Reaching safepoint: 207515 ns, At safepoint: 52603453 ns, Total: 52810968 ns
[36.879s][info ][gc,start       ] GC(77) Pause Young (Allocation Failure)
[36.935s][debug][gc,phases      ] GC(77) Scavenge 55.365ms
[36.935s][debug][gc,ref         ] GC(77) Skipped phase 1 of Reference Processing: no references
[36.935s][debug][gc,ref         ] GC(77) ReferenceProcessor::execute queues: 1, RefProcThreadModel::Single, marks_oops_alive: false
[36.935s][debug][gc,ref         ] GC(77) Skipped phase 3 of Reference Processing: no references
[36.935s][debug][gc,ref         ] GC(77) ReferenceProcessor::execute queues: 1, RefProcThreadModel::Single, marks_oops_alive: false
[36.935s][debug][gc,phases      ] GC(77) Reference Processing 0.181ms
[36.935s][debug][gc,phases      ] GC(77)   VM Weak                        Min:  0.0, Avg:  0.0, Max:  0.0, Diff:  0.0, Sum:  0.0, Workers: 4
[36.935s][debug][gc,phases      ] GC(77)     Dead                           Min: 0, Avg:  0.0, Max: 0, Diff: 0, Sum: 0, Workers: 4
[36.935s][debug][gc,phases      ] GC(77)     Total                          Min: 0, Avg: 164.0, Max: 400, Diff: 400, Sum: 656, Workers: 4
[36.935s][debug][gc,phases      ] GC(77)   ObjectSynchronizer Weak        Min:  0.0, Avg:  0.0, Max:  0.0, Diff:  0.0, Sum:  0.0, Workers: 4
[36.935s][debug][gc,phases      ] GC(77)     Dead                           Min: 0, Avg:  0.0, Max: 0, Diff: 0, Sum: 0, Workers: 4
[36.935s][debug][gc,phases      ] GC(77)     Total                          Min: 0, Avg: 71.2, Max: 157, Diff: 157, Sum: 285, Workers: 4
[36.935s][debug][gc,phases      ] GC(77)   JVMTI Tag Weak OopStorage      Min:  0.0, Avg:  0.0, Max:  0.0, Diff:  0.0, Sum:  0.0, Workers: 4
[36.935s][debug][gc,phases      ] GC(77)     Dead                           Min: 0, Avg:  0.0, Max: 0, Diff: 0, Sum: 0, Workers: 4
[36.935s][debug][gc,phases      ] GC(77)     Total                          Min: 0, Avg:  0.0, Max: 0, Diff: 0, Sum: 0, Workers: 4
[36.935s][debug][gc,phases      ] GC(77)   StringTable Weak               Min:  0.1, Avg:  0.1, Max:  0.1, Diff:  0.0, Sum:  0.5, Workers: 4
[36.935s][debug][gc,phases      ] GC(77)     Dead                           Min: 0, Avg:  0.0, Max: 0, Diff: 0, Sum: 0, Workers: 4
[36.935s][debug][gc,phases      ] GC(77)     Total                          Min: 11008, Avg: 11686.0, Max: 12352, Diff: 1344, Sum: 46744, Workers: 4
[36.935s][debug][gc,phases      ] GC(77)   ResolvedMethodTable Weak       Min:  0.0, Avg:  0.0, Max:  0.0, Diff:  0.0, Sum:  0.1, Workers: 4
[36.935s][debug][gc,phases      ] GC(77)     Dead                           Min: 0, Avg:  0.0, Max: 0, Diff: 0, Sum: 0, Workers: 4
[36.935s][debug][gc,phases      ] GC(77)     Total                          Min: 1885, Avg: 1963.8, Max: 2066, Diff: 181, Sum: 7855, Workers: 4
[36.935s][debug][gc,phases      ] GC(77)   JNI Weak                       Min:  0.0, Avg:  0.0, Max:  0.0, Diff:  0.0, Sum:  0.0, Workers: 4
[36.935s][debug][gc,phases      ] GC(77)     Dead                           Min: 0, Avg:  0.0, Max: 0, Diff: 0, Sum: 0, Workers: 4
[36.935s][debug][gc,phases      ] GC(77)     Total                          Min: 0, Avg:  9.5, Max: 38, Diff: 38, Sum: 38, Workers: 4
[36.935s][debug][gc,phases      ] GC(77)   StringDedup Table Weak         Min:  0.0, Avg:  0.0, Max:  0.0, Diff:  0.0, Sum:  0.0, Workers: 4
[36.935s][debug][gc,phases      ] GC(77)     Dead                           Min: 0, Avg:  0.0, Max: 0, Diff: 0, Sum: 0, Workers: 4
[36.935s][debug][gc,phases      ] GC(77)     Total                          Min: 0, Avg:  0.0, Max: 0, Diff: 0, Sum: 0, Workers: 4
[36.935s][debug][gc,phases      ] GC(77)   StringDedup Requests0 Weak     Min:  0.0, Avg:  0.0, Max:  0.0, Diff:  0.0, Sum:  0.0, Workers: 4
[36.935s][debug][gc,phases      ] GC(77)     Dead                           Min: 0, Avg:  0.0, Max: 0, Diff: 0, Sum: 0, Workers: 4
[36.935s][debug][gc,phases      ] GC(77)     Total                          Min: 0, Avg:  0.0, Max: 0, Diff: 0, Sum: 0, Workers: 4
[36.935s][debug][gc,phases      ] GC(77)   StringDedup Requests1 Weak     Min:  0.0, Avg:  0.0, Max:  0.0, Diff:  0.0, Sum:  0.0, Workers: 4
[36.935s][debug][gc,phases      ] GC(77)     Dead                           Min: 0, Avg:  0.0, Max: 0, Diff: 0, Sum: 0, Workers: 4
[36.935s][debug][gc,phases      ] GC(77)     Total                          Min: 0, Avg:  0.0, Max: 0, Diff: 0, Sum: 0, Workers: 4
[36.935s][debug][gc,phases      ] GC(77)   Weak JFR Old Object Samples    Min:  0.0, Avg:  0.0, Max:  0.0, Diff:  0.0, Sum:  0.0, Workers: 4
[36.935s][debug][gc,phases      ] GC(77)     Dead                           Min: 0, Avg:  0.0, Max: 0, Diff: 0, Sum: 0, Workers: 4
[36.935s][debug][gc,phases      ] GC(77)     Total                          Min: 0, Avg:  0.0, Max: 0, Diff: 0, Sum: 0, Workers: 4
[36.935s][debug][gc,phases      ] GC(77) Weak Processing 0.365ms
[36.935s][debug][gc,age         ] GC(77) Desired survivor size 164102144 bytes, new threshold 15 (max threshold 15)
[36.935s][info ][gc,heap        ] GC(77) PSYoungGen: 1909160K(1909248K)->115640K(1932288K) Eden: 1796096K(1796096K)->0K(1776640K) From: 113064K(113152K)->115640K(155648K)
[36.935s][info ][gc,heap        ] GC(77) ParOldGen: 476511K(550912K)->476519K(550912K)
[36.935s][info ][gc,metaspace   ] GC(77) Metaspace: 79876K(80704K)->79876K(80704K) NonClass: 68422K(68864K)->68422K(68864K) Class: 11454K(11840K)->11454K(11840K)
[36.935s][info ][gc             ] GC(77) Pause Young (Allocation Failure) 2329M->578M(2425M) 56.055ms
[36.935s][info ][gc,cpu         ] GC(77) User=0.26s Sys=0.01s Real=0.06s
[36.935s][info ][safepoint      ] Safepoint "ParallelGCFailedAllocation", Time since last: 353545011 ns, Reaching safepoint: 156712 ns, At safepoint: 56170905 ns, Total: 56327617 ns
[37.150s][info ][safepoint      ] Safepoint "ICBufferFull", Time since last: 214640604 ns, Reaching safepoint: 194814 ns, At safepoint: 29902 ns, Total: 224716 ns
[37.150s][info ][safepoint      ] Safepoint "ICBufferFull", Time since last: 72406 ns, Reaching safepoint: 127709 ns, At safepoint: 29602 ns, Total: 157311 ns
[37.326s][info ][safepoint      ] Safepoint "ICBufferFull", Time since last: 175457711 ns, Reaching safepoint: 218715 ns, At safepoint: 35003 ns, Total: 253718 ns
[37.414s][info ][gc,start       ] GC(78) Pause Young (Allocation Failure)
[37.470s][debug][gc,phases      ] GC(78) Scavenge 55.346ms
[37.470s][debug][gc,ref         ] GC(78) Skipped phase 1 of Reference Processing: no references
[37.470s][debug][gc,ref         ] GC(78) ReferenceProcessor::execute queues: 1, RefProcThreadModel::Single, marks_oops_alive: false
[37.470s][debug][gc,ref         ] GC(78) Skipped phase 3 of Reference Processing: no references
[37.470s][debug][gc,ref         ] GC(78) ReferenceProcessor::execute queues: 1, RefProcThreadModel::Single, marks_oops_alive: false
[37.470s][debug][gc,phases      ] GC(78) Reference Processing 0.156ms
[37.470s][debug][gc,phases      ] GC(78)   VM Weak                        Min:  0.0, Avg:  0.0, Max:  0.0, Diff:  0.0, Sum:  0.0, Workers: 4
[37.470s][debug][gc,phases      ] GC(78)     Dead                           Min: 0, Avg:  0.0, Max: 0, Diff: 0, Sum: 0, Workers: 4
[37.470s][debug][gc,phases      ] GC(78)     Total                          Min: 0, Avg: 164.2, Max: 657, Diff: 657, Sum: 657, Workers: 4
[37.470s][debug][gc,phases      ] GC(78)   ObjectSynchronizer Weak        Min:  0.0, Avg:  0.0, Max:  0.0, Diff:  0.0, Sum:  0.0, Workers: 4
[37.470s][debug][gc,phases      ] GC(78)     Dead                           Min: 0, Avg:  0.0, Max: 0, Diff: 0, Sum: 0, Workers: 4
[37.470s][debug][gc,phases      ] GC(78)     Total                          Min: 0, Avg: 71.2, Max: 285, Diff: 285, Sum: 285, Workers: 4
[37.470s][debug][gc,phases      ] GC(78)   JVMTI Tag Weak OopStorage      Min:  0.0, Avg:  0.0, Max:  0.0, Diff:  0.0, Sum:  0.0, Workers: 4
[37.470s][debug][gc,phases      ] GC(78)     Dead                           Min: 0, Avg:  0.0, Max: 0, Diff: 0, Sum: 0, Workers: 4
[37.470s][debug][gc,phases      ] GC(78)     Total                          Min: 0, Avg:  0.0, Max: 0, Diff: 0, Sum: 0, Workers: 4
[37.470s][debug][gc,phases      ] GC(78)   StringTable Weak               Min:  0.1, Avg:  0.1, Max:  0.1, Diff:  0.0, Sum:  0.6, Workers: 4
[37.470s][debug][gc,phases      ] GC(78)     Dead                           Min: 0, Avg:  0.0, Max: 0, Diff: 0, Sum: 0, Workers: 4
[37.470s][debug][gc,phases      ] GC(78)     Total                          Min: 9600, Avg: 11690.2, Max: 13161, Diff: 3561, Sum: 46761, Workers: 4
[37.470s][debug][gc,phases      ] GC(78)   ResolvedMethodTable Weak       Min:  0.0, Avg:  0.0, Max:  0.0, Diff:  0.0, Sum:  0.1, Workers: 4
[37.470s][debug][gc,phases      ] GC(78)     Dead                           Min: 0, Avg:  0.0, Max: 0, Diff: 0, Sum: 0, Workers: 4
[37.470s][debug][gc,phases      ] GC(78)     Total                          Min: 1770, Avg: 1967.8, Max: 2068, Diff: 298, Sum: 7871, Workers: 4
[37.470s][debug][gc,phases      ] GC(78)   JNI Weak                       Min:  0.0, Avg:  0.0, Max:  0.0, Diff:  0.0, Sum:  0.0, Workers: 4
[37.470s][debug][gc,phases      ] GC(78)     Dead                           Min: 0, Avg:  0.0, Max: 0, Diff: 0, Sum: 0, Workers: 4
[37.470s][debug][gc,phases      ] GC(78)     Total                          Min: 0, Avg:  4.2, Max: 17, Diff: 17, Sum: 17, Workers: 4
[37.470s][debug][gc,phases      ] GC(78)   StringDedup Table Weak         Min:  0.0, Avg:  0.0, Max:  0.0, Diff:  0.0, Sum:  0.0, Workers: 4
[37.470s][debug][gc,phases      ] GC(78)     Dead                           Min: 0, Avg:  0.0, Max: 0, Diff: 0, Sum: 0, Workers: 4
[37.470s][debug][gc,phases      ] GC(78)     Total                          Min: 0, Avg:  0.0, Max: 0, Diff: 0, Sum: 0, Workers: 4
[37.470s][debug][gc,phases      ] GC(78)   StringDedup Requests0 Weak     Min:  0.0, Avg:  0.0, Max:  0.0, Diff:  0.0, Sum:  0.0, Workers: 4
[37.470s][debug][gc,phases      ] GC(78)     Dead                           Min: 0, Avg:  0.0, Max: 0, Diff: 0, Sum: 0, Workers: 4
[37.470s][debug][gc,phases      ] GC(78)     Total                          Min: 0, Avg:  0.0, Max: 0, Diff: 0, Sum: 0, Workers: 4
[37.470s][debug][gc,phases      ] GC(78)   StringDedup Requests1 Weak     Min:  0.0, Avg:  0.0, Max:  0.0, Diff:  0.0, Sum:  0.0, Workers: 4
[37.470s][debug][gc,phases      ] GC(78)     Dead                           Min: 0, Avg:  0.0, Max: 0, Diff: 0, Sum: 0, Workers: 4
[37.470s][debug][gc,phases      ] GC(78)     Total                          Min: 0, Avg:  0.0, Max: 0, Diff: 0, Sum: 0, Workers: 4
[37.470s][debug][gc,phases      ] GC(78)   Weak JFR Old Object Samples    Min:  0.0, Avg:  0.0, Max:  0.0, Diff:  0.0, Sum:  0.0, Workers: 4
[37.470s][debug][gc,phases      ] GC(78)     Dead                           Min: 0, Avg:  0.0, Max: 0, Diff: 0, Sum: 0, Workers: 4
[37.470s][debug][gc,phases      ] GC(78)     Total                          Min: 0, Avg:  0.0, Max: 0, Diff: 0, Sum: 0, Workers: 4
[37.470s][debug][gc,phases      ] GC(78) Weak Processing 0.365ms
[37.470s][debug][gc,age         ] GC(78) Desired survivor size 169345024 bytes, new threshold 15 (max threshold 15)
[37.470s][info ][gc,heap        ] GC(78) PSYoungGen: 1892280K(1932288K)->119848K(1896960K) Eden: 1776640K(1776640K)->0K(1776640K) From: 115640K(155648K)->119848K(120320K)
[37.470s][info ][gc,heap        ] GC(78) ParOldGen: 476519K(550912K)->476519K(550912K)
[37.470s][info ][gc,metaspace   ] GC(78) Metaspace: 79985K(80768K)->79985K(80768K) NonClass: 68519K(68928K)->68519K(68928K) Class: 11466K(11840K)->11466K(11840K)
[37.470s][info ][gc             ] GC(78) Pause Young (Allocation Failure) 2313M->582M(2390M) 55.997ms
[37.471s][info ][gc,cpu         ] GC(78) User=0.22s Sys=0.00s Real=0.05s
[37.471s][info ][safepoint      ] Safepoint "ParallelGCFailedAllocation", Time since last: 88174587 ns, Reaching safepoint: 151111 ns, At safepoint: 56108800 ns, Total: 56259911 ns
[37.873s][info ][gc,start       ] GC(79) Pause Young (Allocation Failure)
[37.926s][debug][gc,phases      ] GC(79) Scavenge 53.020ms
[37.926s][debug][gc,ref         ] GC(79) Skipped phase 1 of Reference Processing: no references
[37.926s][debug][gc,ref         ] GC(79) ReferenceProcessor::execute queues: 1, RefProcThreadModel::Single, marks_oops_alive: false
[37.926s][debug][gc,ref         ] GC(79) Skipped phase 3 of Reference Processing: no references
[37.926s][debug][gc,ref         ] GC(79) ReferenceProcessor::execute queues: 1, RefProcThreadModel::Single, marks_oops_alive: false
[37.926s][debug][gc,phases      ] GC(79) Reference Processing 0.160ms
[37.926s][debug][gc,phases      ] GC(79)   VM Weak                        Min:  0.0, Avg:  0.0, Max:  0.0, Diff:  0.0, Sum:  0.0, Workers: 4
[37.926s][debug][gc,phases      ] GC(79)     Dead                           Min: 0, Avg:  0.0, Max: 0, Diff: 0, Sum: 0, Workers: 4
[37.926s][debug][gc,phases      ] GC(79)     Total                          Min: 0, Avg: 164.2, Max: 320, Diff: 320, Sum: 657, Workers: 4
[37.926s][debug][gc,phases      ] GC(79)   ObjectSynchronizer Weak        Min:  0.0, Avg:  0.0, Max:  0.0, Diff:  0.0, Sum:  0.0, Workers: 4
[37.926s][debug][gc,phases      ] GC(79)     Dead                           Min: 0, Avg:  0.0, Max: 0, Diff: 0, Sum: 0, Workers: 4
[37.926s][debug][gc,phases      ] GC(79)     Total                          Min: 0, Avg: 71.2, Max: 128, Diff: 128, Sum: 285, Workers: 4
[37.926s][debug][gc,phases      ] GC(79)   JVMTI Tag Weak OopStorage      Min:  0.0, Avg:  0.0, Max:  0.0, Diff:  0.0, Sum:  0.0, Workers: 4
[37.926s][debug][gc,phases      ] GC(79)     Dead                           Min: 0, Avg:  0.0, Max: 0, Diff: 0, Sum: 0, Workers: 4
[37.926s][debug][gc,phases      ] GC(79)     Total                          Min: 0, Avg:  0.0, Max: 0, Diff: 0, Sum: 0, Workers: 4
[37.926s][debug][gc,phases      ] GC(79)   StringTable Weak               Min:  0.1, Avg:  0.1, Max:  0.1, Diff:  0.0, Sum:  0.5, Workers: 4
[37.926s][debug][gc,phases      ] GC(79)     Dead                           Min: 0, Avg:  0.0, Max: 0, Diff: 0, Sum: 0, Workers: 4
[37.926s][debug][gc,phases      ] GC(79)     Total                          Min: 10816, Avg: 11691.8, Max: 12288, Diff: 1472, Sum: 46767, Workers: 4
[37.926s][debug][gc,phases      ] GC(79)   ResolvedMethodTable Weak       Min:  0.0, Avg:  0.0, Max:  0.0, Diff:  0.0, Sum:  0.1, Workers: 4
[37.926s][debug][gc,phases      ] GC(79)     Dead                           Min: 0, Avg:  0.0, Max: 0, Diff: 0, Sum: 0, Workers: 4
[37.926s][debug][gc,phases      ] GC(79)     Total                          Min: 1770, Avg: 1968.0, Max: 2193, Diff: 423, Sum: 7872, Workers: 4
[37.926s][debug][gc,phases      ] GC(79)   JNI Weak                       Min:  0.0, Avg:  0.0, Max:  0.0, Diff:  0.0, Sum:  0.0, Workers: 4
[37.926s][debug][gc,phases      ] GC(79)     Dead                           Min: 0, Avg:  0.0, Max: 0, Diff: 0, Sum: 0, Workers: 4
[37.926s][debug][gc,phases      ] GC(79)     Total                          Min: 0, Avg:  1.5, Max: 6, Diff: 6, Sum: 6, Workers: 4
[37.926s][debug][gc,phases      ] GC(79)   StringDedup Table Weak         Min:  0.0, Avg:  0.0, Max:  0.0, Diff:  0.0, Sum:  0.0, Workers: 4
[37.926s][debug][gc,phases      ] GC(79)     Dead                           Min: 0, Avg:  0.0, Max: 0, Diff: 0, Sum: 0, Workers: 4
[37.926s][debug][gc,phases      ] GC(79)     Total                          Min: 0, Avg:  0.0, Max: 0, Diff: 0, Sum: 0, Workers: 4
[37.926s][debug][gc,phases      ] GC(79)   StringDedup Requests0 Weak     Min:  0.0, Avg:  0.0, Max:  0.0, Diff:  0.0, Sum:  0.0, Workers: 4
[37.926s][debug][gc,phases      ] GC(79)     Dead                           Min: 0, Avg:  0.0, Max: 0, Diff: 0, Sum: 0, Workers: 4
[37.926s][debug][gc,phases      ] GC(79)     Total                          Min: 0, Avg:  0.0, Max: 0, Diff: 0, Sum: 0, Workers: 4
[37.926s][debug][gc,phases      ] GC(79)   StringDedup Requests1 Weak     Min:  0.0, Avg:  0.0, Max:  0.0, Diff:  0.0, Sum:  0.0, Workers: 4
[37.926s][debug][gc,phases      ] GC(79)     Dead                           Min: 0, Avg:  0.0, Max: 0, Diff: 0, Sum: 0, Workers: 4
[37.926s][debug][gc,phases      ] GC(79)     Total                          Min: 0, Avg:  0.0, Max: 0, Diff: 0, Sum: 0, Workers: 4
[37.926s][debug][gc,phases      ] GC(79)   Weak JFR Old Object Samples    Min:  0.0, Avg:  0.0, Max:  0.0, Diff:  0.0, Sum:  0.0, Workers: 4
[37.926s][debug][gc,phases      ] GC(79)     Dead                           Min: 0, Avg:  0.0, Max: 0, Diff: 0, Sum: 0, Workers: 4
[37.926s][debug][gc,phases      ] GC(79)     Total                          Min: 0, Avg:  0.0, Max: 0, Diff: 0, Sum: 0, Workers: 4
[37.926s][debug][gc,phases      ] GC(79) Weak Processing 0.334ms
[37.926s][debug][gc,age         ] GC(79) Desired survivor size 175112192 bytes, new threshold 15 (max threshold 15)
[37.926s][info ][gc,heap        ] GC(79) PSYoungGen: 1896488K(1896960K)->125120K(1920512K) Eden: 1776640K(1776640K)->0K(1755136K) From: 119848K(120320K)->125120K(165376K)
[37.926s][info ][gc,heap        ] GC(79) ParOldGen: 476519K(550912K)->476527K(550912K)
[37.926s][info ][gc,metaspace   ] GC(79) Metaspace: 80057K(80832K)->80057K(80832K) NonClass: 68590K(68992K)->68590K(68992K) Class: 11467K(11840K)->11467K(11840K)
[37.926s][info ][gc             ] GC(79) Pause Young (Allocation Failure) 2317M->587M(2413M) 53.644ms
[37.926s][info ][gc,cpu         ] GC(79) User=0.22s Sys=0.00s Real=0.06s
[37.926s][info ][safepoint      ] Safepoint "ParallelGCFailedAllocation", Time since last: 401890848 ns, Reaching safepoint: 209915 ns, At safepoint: 53759432 ns, Total: 53969347 ns
[38.338s][info ][gc,start       ] GC(80) Pause Young (Allocation Failure)
[38.405s][debug][gc,phases      ] GC(80) Scavenge 67.206ms
[38.405s][debug][gc,ref         ] GC(80) Skipped phase 1 of Reference Processing: no references
[38.405s][debug][gc,ref         ] GC(80) ReferenceProcessor::execute queues: 1, RefProcThreadModel::Single, marks_oops_alive: false
[38.405s][debug][gc,ref         ] GC(80) Skipped phase 3 of Reference Processing: no references
[38.405s][debug][gc,ref         ] GC(80) ReferenceProcessor::execute queues: 1, RefProcThreadModel::Single, marks_oops_alive: false
[38.405s][debug][gc,phases      ] GC(80) Reference Processing 0.174ms
[38.405s][debug][gc,phases      ] GC(80)   VM Weak                        Min:  0.0, Avg:  0.0, Max:  0.0, Diff:  0.0, Sum:  0.0, Workers: 4
[38.405s][debug][gc,phases      ] GC(80)     Dead                           Min: 0, Avg:  0.0, Max: 0, Diff: 0, Sum: 0, Workers: 4
[38.405s][debug][gc,phases      ] GC(80)     Total                          Min: 0, Avg: 165.2, Max: 661, Diff: 661, Sum: 661, Workers: 4
[38.405s][debug][gc,phases      ] GC(80)   ObjectSynchronizer Weak        Min:  0.0, Avg:  0.0, Max:  0.0, Diff:  0.0, Sum:  0.0, Workers: 4
[38.405s][debug][gc,phases      ] GC(80)     Dead                           Min: 0, Avg:  0.0, Max: 0, Diff: 0, Sum: 0, Workers: 4
[38.405s][debug][gc,phases      ] GC(80)     Total                          Min: 0, Avg: 71.2, Max: 256, Diff: 256, Sum: 285, Workers: 4
[38.405s][debug][gc,phases      ] GC(80)   JVMTI Tag Weak OopStorage      Min:  0.0, Avg:  0.0, Max:  0.0, Diff:  0.0, Sum:  0.0, Workers: 4
[38.405s][debug][gc,phases      ] GC(80)     Dead                           Min: 0, Avg:  0.0, Max: 0, Diff: 0, Sum: 0, Workers: 4
[38.405s][debug][gc,phases      ] GC(80)     Total                          Min: 0, Avg:  0.0, Max: 0, Diff: 0, Sum: 0, Workers: 4
[38.405s][debug][gc,phases      ] GC(80)   StringTable Weak               Min:  0.1, Avg:  0.1, Max:  0.1, Diff:  0.0, Sum:  0.5, Workers: 4
[38.405s][debug][gc,phases      ] GC(80)     Dead                           Min: 0, Avg:  0.2, Max: 1, Diff: 1, Sum: 1, Workers: 4
[38.405s][debug][gc,phases      ] GC(80)     Total                          Min: 11327, Avg: 11694.5, Max: 12032, Diff: 705, Sum: 46778, Workers: 4
[38.405s][debug][gc,phases      ] GC(80)   ResolvedMethodTable Weak       Min:  0.0, Avg:  0.0, Max:  0.0, Diff:  0.0, Sum:  0.1, Workers: 4
[38.405s][debug][gc,phases      ] GC(80)     Dead                           Min: 0, Avg:  0.0, Max: 0, Diff: 0, Sum: 0, Workers: 4
[38.405s][debug][gc,phases      ] GC(80)     Total                          Min: 1399, Avg: 1974.2, Max: 2420, Diff: 1021, Sum: 7897, Workers: 4
[38.405s][debug][gc,phases      ] GC(80)   JNI Weak                       Min:  0.0, Avg:  0.0, Max:  0.0, Diff:  0.0, Sum:  0.0, Workers: 4
[38.405s][debug][gc,phases      ] GC(80)     Dead                           Min: 0, Avg:  0.0, Max: 0, Diff: 0, Sum: 0, Workers: 4
[38.405s][debug][gc,phases      ] GC(80)     Total                          Min: 0, Avg:  3.0, Max: 12, Diff: 12, Sum: 12, Workers: 4
[38.405s][debug][gc,phases      ] GC(80)   StringDedup Table Weak         Min:  0.0, Avg:  0.0, Max:  0.0, Diff:  0.0, Sum:  0.0, Workers: 4
[38.405s][debug][gc,phases      ] GC(80)     Dead                           Min: 0, Avg:  0.0, Max: 0, Diff: 0, Sum: 0, Workers: 4
[38.405s][debug][gc,phases      ] GC(80)     Total                          Min: 0, Avg:  0.0, Max: 0, Diff: 0, Sum: 0, Workers: 4
[38.405s][debug][gc,phases      ] GC(80)   StringDedup Requests0 Weak     Min:  0.0, Avg:  0.0, Max:  0.0, Diff:  0.0, Sum:  0.0, Workers: 4
[38.405s][debug][gc,phases      ] GC(80)     Dead                           Min: 0, Avg:  0.0, Max: 0, Diff: 0, Sum: 0, Workers: 4
[38.405s][debug][gc,phases      ] GC(80)     Total                          Min: 0, Avg:  0.0, Max: 0, Diff: 0, Sum: 0, Workers: 4
[38.405s][debug][gc,phases      ] GC(80)   StringDedup Requests1 Weak     Min:  0.0, Avg:  0.0, Max:  0.0, Diff:  0.0, Sum:  0.0, Workers: 4
[38.405s][debug][gc,phases      ] GC(80)     Dead                           Min: 0, Avg:  0.0, Max: 0, Diff: 0, Sum: 0, Workers: 4
[38.405s][debug][gc,phases      ] GC(80)     Total                          Min: 0, Avg:  0.0, Max: 0, Diff: 0, Sum: 0, Workers: 4
[38.405s][debug][gc,phases      ] GC(80)   Weak JFR Old Object Samples    Min:  0.0, Avg:  0.0, Max:  0.0, Diff:  0.0, Sum:  0.0, Workers: 4
[38.405s][debug][gc,phases      ] GC(80)     Dead                           Min: 0, Avg:  0.0, Max: 0, Diff: 0, Sum: 0, Workers: 4
[38.405s][debug][gc,phases      ] GC(80)     Total                          Min: 0, Avg:  0.0, Max: 0, Diff: 0, Sum: 0, Workers: 4
[38.405s][debug][gc,phases      ] GC(80) Weak Processing 0.331ms
[38.405s][debug][gc,age         ] GC(80) Desired survivor size 169345024 bytes, new threshold 15 (max threshold 15)
[38.405s][info ][gc,heap        ] GC(80) PSYoungGen: 1880256K(1920512K)->100272K(1926144K) Eden: 1755136K(1755136K)->0K(1755136K) From: 125120K(165376K)->100272K(171008K)
[38.405s][info ][gc,heap        ] GC(80) ParOldGen: 476527K(550912K)->505167K(550912K)
[38.405s][info ][gc,metaspace   ] GC(80) Metaspace: 80144K(80960K)->80144K(80960K) NonClass: 68669K(69120K)->68669K(69120K) Class: 11475K(11840K)->11475K(11840K)
[38.405s][info ][gc             ] GC(80) Pause Young (Allocation Failure) 2301M->591M(2419M) 67.845ms
[38.405s][info ][gc,cpu         ] GC(80) User=0.26s Sys=0.01s Real=0.07s
[38.406s][info ][safepoint      ] Safepoint "ParallelGCFailedAllocation", Time since last: 410986391 ns, Reaching safepoint: 189914 ns, At safepoint: 67953143 ns, Total: 68143057 ns
[38.847s][info ][gc,start       ] GC(81) Pause Young (Allocation Failure)
[38.890s][debug][gc,phases      ] GC(81) Scavenge 42.745ms
[38.890s][debug][gc,ref         ] GC(81) Skipped phase 1 of Reference Processing: no references
[38.890s][debug][gc,ref         ] GC(81) ReferenceProcessor::execute queues: 1, RefProcThreadModel::Single, marks_oops_alive: false
[38.890s][debug][gc,ref         ] GC(81) Skipped phase 3 of Reference Processing: no references
[38.890s][debug][gc,ref         ] GC(81) ReferenceProcessor::execute queues: 1, RefProcThreadModel::Single, marks_oops_alive: false
[38.890s][debug][gc,phases      ] GC(81) Reference Processing 0.144ms
[38.890s][debug][gc,phases      ] GC(81)   VM Weak                        Min:  0.0, Avg:  0.0, Max:  0.0, Diff:  0.0, Sum:  0.0, Workers: 4
[38.890s][debug][gc,phases      ] GC(81)     Dead                           Min: 0, Avg:  0.0, Max: 0, Diff: 0, Sum: 0, Workers: 4
[38.890s][debug][gc,phases      ] GC(81)     Total                          Min: 0, Avg: 165.2, Max: 576, Diff: 576, Sum: 661, Workers: 4
[38.890s][debug][gc,phases      ] GC(81)   ObjectSynchronizer Weak        Min:  0.0, Avg:  0.0, Max:  0.0, Diff:  0.0, Sum:  0.0, Workers: 4
[38.890s][debug][gc,phases      ] GC(81)     Dead                           Min: 0, Avg:  0.0, Max: 0, Diff: 0, Sum: 0, Workers: 4
[38.890s][debug][gc,phases      ] GC(81)     Total                          Min: 0, Avg: 71.2, Max: 128, Diff: 128, Sum: 285, Workers: 4
[38.890s][debug][gc,phases      ] GC(81)   JVMTI Tag Weak OopStorage      Min:  0.0, Avg:  0.0, Max:  0.0, Diff:  0.0, Sum:  0.0, Workers: 4
[38.890s][debug][gc,phases      ] GC(81)     Dead                           Min: 0, Avg:  0.0, Max: 0, Diff: 0, Sum: 0, Workers: 4
[38.890s][debug][gc,phases      ] GC(81)     Total                          Min: 0, Avg:  0.0, Max: 0, Diff: 0, Sum: 0, Workers: 4
[38.890s][debug][gc,phases      ] GC(81)   StringTable Weak               Min:  0.1, Avg:  0.1, Max:  0.1, Diff:  0.0, Sum:  0.5, Workers: 4
[38.890s][debug][gc,phases      ] GC(81)     Dead                           Min: 0, Avg:  0.2, Max: 1, Diff: 1, Sum: 1, Workers: 4
[38.890s][debug][gc,phases      ] GC(81)     Total                          Min: 11072, Avg: 11700.8, Max: 12351, Diff: 1279, Sum: 46803, Workers: 4
[38.890s][debug][gc,phases      ] GC(81)   ResolvedMethodTable Weak       Min:  0.0, Avg:  0.0, Max:  0.0, Diff:  0.0, Sum:  0.1, Workers: 4
[38.890s][debug][gc,phases      ] GC(81)     Dead                           Min: 0, Avg:  4.2, Max: 12, Diff: 12, Sum: 17, Workers: 4
[38.890s][debug][gc,phases      ] GC(81)     Total                          Min: 1800, Avg: 1983.8, Max: 2321, Diff: 521, Sum: 7935, Workers: 4
[38.890s][debug][gc,phases      ] GC(81)   JNI Weak                       Min:  0.0, Avg:  0.0, Max:  0.0, Diff:  0.0, Sum:  0.0, Workers: 4
[38.890s][debug][gc,phases      ] GC(81)     Dead                           Min: 0, Avg:  0.0, Max: 0, Diff: 0, Sum: 0, Workers: 4
[38.890s][debug][gc,phases      ] GC(81)     Total                          Min: 0, Avg:  3.2, Max: 13, Diff: 13, Sum: 13, Workers: 4
[38.890s][debug][gc,phases      ] GC(81)   StringDedup Table Weak         Min:  0.0, Avg:  0.0, Max:  0.0, Diff:  0.0, Sum:  0.0, Workers: 4
[38.890s][debug][gc,phases      ] GC(81)     Dead                           Min: 0, Avg:  0.0, Max: 0, Diff: 0, Sum: 0, Workers: 4
[38.890s][debug][gc,phases      ] GC(81)     Total                          Min: 0, Avg:  0.0, Max: 0, Diff: 0, Sum: 0, Workers: 4
[38.890s][debug][gc,phases      ] GC(81)   StringDedup Requests0 Weak     Min:  0.0, Avg:  0.0, Max:  0.0, Diff:  0.0, Sum:  0.0, Workers: 4
[38.890s][debug][gc,phases      ] GC(81)     Dead                           Min: 0, Avg:  0.0, Max: 0, Diff: 0, Sum: 0, Workers: 4
[38.890s][debug][gc,phases      ] GC(81)     Total                          Min: 0, Avg:  0.0, Max: 0, Diff: 0, Sum: 0, Workers: 4
[38.890s][debug][gc,phases      ] GC(81)   StringDedup Requests1 Weak     Min:  0.0, Avg:  0.0, Max:  0.0, Diff:  0.0, Sum:  0.0, Workers: 4
[38.890s][debug][gc,phases      ] GC(81)     Dead                           Min: 0, Avg:  0.0, Max: 0, Diff: 0, Sum: 0, Workers: 4
[38.890s][debug][gc,phases      ] GC(81)     Total                          Min: 0, Avg:  0.0, Max: 0, Diff: 0, Sum: 0, Workers: 4
[38.890s][debug][gc,phases      ] GC(81)   Weak JFR Old Object Samples    Min:  0.0, Avg:  0.0, Max:  0.0, Diff:  0.0, Sum:  0.0, Workers: 4
[38.890s][debug][gc,phases      ] GC(81)     Dead                           Min: 0, Avg:  0.0, Max: 0, Diff: 0, Sum: 0, Workers: 4
[38.890s][debug][gc,phases      ] GC(81)     Total                          Min: 0, Avg:  0.0, Max: 0, Diff: 0, Sum: 0, Workers: 4
[38.890s][debug][gc,phases      ] GC(81) Weak Processing 0.334ms
[38.890s][debug][gc,age         ] GC(81) Desired survivor size 162529280 bytes, new threshold 15 (max threshold 15)
[38.890s][info ][gc,heap        ] GC(81) PSYoungGen: 1855408K(1926144K)->95153K(1938432K) Eden: 1755136K(1755136K)->0K(1773056K) From: 100272K(171008K)->95153K(165376K)
[38.890s][info ][gc,heap        ] GC(81) ParOldGen: 505167K(550912K)->512957K(550912K)
[38.890s][info ][gc,metaspace   ] GC(81) Metaspace: 80266K(81088K)->80266K(81088K) NonClass: 68777K(69248K)->68777K(69248K) Class: 11488K(11840K)->11488K(11840K)
[38.890s][info ][gc             ] GC(81) Pause Young (Allocation Failure) 2305M->593M(2431M) 43.366ms
[38.890s][info ][gc,cpu         ] GC(81) User=0.17s Sys=0.00s Real=0.04s
[38.890s][info ][safepoint      ] Safepoint "ParallelGCFailedAllocation", Time since last: 441143633 ns, Reaching safepoint: 256119 ns, At safepoint: 43486098 ns, Total: 43742217 ns
[39.264s][info ][gc,start       ] GC(82) Pause Young (Allocation Failure)
[39.308s][debug][gc,phases      ] GC(82) Scavenge 43.482ms
[39.308s][debug][gc,ref         ] GC(82) Skipped phase 1 of Reference Processing: no references
[39.308s][debug][gc,ref         ] GC(82) ReferenceProcessor::execute queues: 1, RefProcThreadModel::Single, marks_oops_alive: false
[39.308s][debug][gc,ref         ] GC(82) Skipped phase 3 of Reference Processing: no references
[39.308s][debug][gc,ref         ] GC(82) ReferenceProcessor::execute queues: 1, RefProcThreadModel::Single, marks_oops_alive: false
[39.308s][debug][gc,phases      ] GC(82) Reference Processing 0.143ms
[39.308s][debug][gc,phases      ] GC(82)   VM Weak                        Min:  0.0, Avg:  0.0, Max:  0.0, Diff:  0.0, Sum:  0.0, Workers: 4
[39.308s][debug][gc,phases      ] GC(82)     Dead                           Min: 0, Avg:  0.0, Max: 0, Diff: 0, Sum: 0, Workers: 4
[39.308s][debug][gc,phases      ] GC(82)     Total                          Min: 0, Avg: 165.2, Max: 384, Diff: 384, Sum: 661, Workers: 4
[39.308s][debug][gc,phases      ] GC(82)   ObjectSynchronizer Weak        Min:  0.0, Avg:  0.0, Max:  0.0, Diff:  0.0, Sum:  0.0, Workers: 4
[39.308s][debug][gc,phases      ] GC(82)     Dead                           Min: 0, Avg:  0.0, Max: 0, Diff: 0, Sum: 0, Workers: 4
[39.308s][debug][gc,phases      ] GC(82)     Total                          Min: 0, Avg: 71.2, Max: 128, Diff: 128, Sum: 285, Workers: 4
[39.308s][debug][gc,phases      ] GC(82)   JVMTI Tag Weak OopStorage      Min:  0.0, Avg:  0.0, Max:  0.0, Diff:  0.0, Sum:  0.0, Workers: 4
[39.308s][debug][gc,phases      ] GC(82)     Dead                           Min: 0, Avg:  0.0, Max: 0, Diff: 0, Sum: 0, Workers: 4
[39.308s][debug][gc,phases      ] GC(82)     Total                          Min: 0, Avg:  0.0, Max: 0, Diff: 0, Sum: 0, Workers: 4
[39.308s][debug][gc,phases      ] GC(82)   StringTable Weak               Min:  0.1, Avg:  0.1, Max:  0.1, Diff:  0.0, Sum:  0.5, Workers: 4
[39.308s][debug][gc,phases      ] GC(82)     Dead                           Min: 0, Avg:  0.0, Max: 0, Diff: 0, Sum: 0, Workers: 4
[39.308s][debug][gc,phases      ] GC(82)     Total                          Min: 10944, Avg: 11705.0, Max: 12224, Diff: 1280, Sum: 46820, Workers: 4
[39.308s][debug][gc,phases      ] GC(82)   ResolvedMethodTable Weak       Min:  0.0, Avg:  0.0, Max:  0.0, Diff:  0.0, Sum:  0.1, Workers: 4
[39.308s][debug][gc,phases      ] GC(82)     Dead                           Min: 0, Avg:  0.0, Max: 0, Diff: 0, Sum: 0, Workers: 4
[39.308s][debug][gc,phases      ] GC(82)     Total                          Min: 1822, Avg: 1984.2, Max: 2130, Diff: 308, Sum: 7937, Workers: 4
[39.308s][debug][gc,phases      ] GC(82)   JNI Weak                       Min:  0.0, Avg:  0.0, Max:  0.0, Diff:  0.0, Sum:  0.0, Workers: 4
[39.308s][debug][gc,phases      ] GC(82)     Dead                           Min: 0, Avg:  0.0, Max: 0, Diff: 0, Sum: 0, Workers: 4
[39.308s][debug][gc,phases      ] GC(82)     Total                          Min: 0, Avg:  3.8, Max: 15, Diff: 15, Sum: 15, Workers: 4
[39.308s][debug][gc,phases      ] GC(82)   StringDedup Table Weak         Min:  0.0, Avg:  0.0, Max:  0.0, Diff:  0.0, Sum:  0.0, Workers: 4
[39.308s][debug][gc,phases      ] GC(82)     Dead                           Min: 0, Avg:  0.0, Max: 0, Diff: 0, Sum: 0, Workers: 4
[39.308s][debug][gc,phases      ] GC(82)     Total                          Min: 0, Avg:  0.0, Max: 0, Diff: 0, Sum: 0, Workers: 4
[39.308s][debug][gc,phases      ] GC(82)   StringDedup Requests0 Weak     Min:  0.0, Avg:  0.0, Max:  0.0, Diff:  0.0, Sum:  0.0, Workers: 4
[39.308s][debug][gc,phases      ] GC(82)     Dead                           Min: 0, Avg:  0.0, Max: 0, Diff: 0, Sum: 0, Workers: 4
[39.308s][debug][gc,phases      ] GC(82)     Total                          Min: 0, Avg:  0.0, Max: 0, Diff: 0, Sum: 0, Workers: 4
[39.308s][debug][gc,phases      ] GC(82)   StringDedup Requests1 Weak     Min:  0.0, Avg:  0.0, Max:  0.0, Diff:  0.0, Sum:  0.0, Workers: 4
[39.308s][debug][gc,phases      ] GC(82)     Dead                           Min: 0, Avg:  0.0, Max: 0, Diff: 0, Sum: 0, Workers: 4
[39.308s][debug][gc,phases      ] GC(82)     Total                          Min: 0, Avg:  0.0, Max: 0, Diff: 0, Sum: 0, Workers: 4
[39.308s][debug][gc,phases      ] GC(82)   Weak JFR Old Object Samples    Min:  0.0, Avg:  0.0, Max:  0.0, Diff:  0.0, Sum:  0.0, Workers: 4
[39.308s][debug][gc,phases      ] GC(82)     Dead                           Min: 0, Avg:  0.0, Max: 0, Diff: 0, Sum: 0, Workers: 4
[39.308s][debug][gc,phases      ] GC(82)     Total                          Min: 0, Avg:  0.0, Max: 0, Diff: 0, Sum: 0, Workers: 4
[39.308s][debug][gc,phases      ] GC(82) Weak Processing 0.330ms
[39.308s][debug][gc,age         ] GC(82) Desired survivor size 156237824 bytes, new threshold 15 (max threshold 15)
[39.308s][info ][gc,heap        ] GC(82) PSYoungGen: 1868209K(1938432K)->94728K(1931776K) Eden: 1773056K(1773056K)->0K(1773056K) From: 95153K(165376K)->94728K(158720K)
[39.308s][info ][gc,heap        ] GC(82) ParOldGen: 512957K(550912K)->516185K(550912K)
[39.308s][info ][gc,metaspace   ] GC(82) Metaspace: 80316K(81152K)->80316K(81152K) NonClass: 68826K(69312K)->68826K(69312K) Class: 11490K(11840K)->11490K(11840K)
[39.308s][info ][gc             ] GC(82) Pause Young (Allocation Failure) 2325M->596M(2424M) 44.094ms
[39.308s][info ][gc,cpu         ] GC(82) User=0.22s Sys=0.00s Real=0.05s
[39.308s][info ][safepoint      ] Safepoint "ParallelGCFailedAllocation", Time since last: 372474535 ns, Reaching safepoint: 1137681 ns, At safepoint: 44207049 ns, Total: 45344730 ns
[39.772s][info ][gc,start       ] GC(83) Pause Young (Allocation Failure)
[39.814s][debug][gc,phases      ] GC(83) Scavenge 42.745ms
[39.815s][debug][gc,ref         ] GC(83) Skipped phase 1 of Reference Processing: no references
[39.815s][debug][gc,ref         ] GC(83) ReferenceProcessor::execute queues: 1, RefProcThreadModel::Single, marks_oops_alive: false
[39.815s][debug][gc,ref         ] GC(83) Skipped phase 3 of Reference Processing: no references
[39.815s][debug][gc,ref         ] GC(83) ReferenceProcessor::execute queues: 1, RefProcThreadModel::Single, marks_oops_alive: false
[39.815s][debug][gc,phases      ] GC(83) Reference Processing 0.141ms
[39.815s][debug][gc,phases      ] GC(83)   VM Weak                        Min:  0.0, Avg:  0.0, Max:  0.0, Diff:  0.0, Sum:  0.0, Workers: 4
[39.815s][debug][gc,phases      ] GC(83)     Dead                           Min: 0, Avg:  0.0, Max: 0, Diff: 0, Sum: 0, Workers: 4
[39.815s][debug][gc,phases      ] GC(83)     Total                          Min: 0, Avg: 165.2, Max: 576, Diff: 576, Sum: 661, Workers: 4
[39.815s][debug][gc,phases      ] GC(83)   ObjectSynchronizer Weak        Min:  0.0, Avg:  0.0, Max:  0.0, Diff:  0.0, Sum:  0.0, Workers: 4
[39.815s][debug][gc,phases      ] GC(83)     Dead                           Min: 0, Avg:  0.0, Max: 0, Diff: 0, Sum: 0, Workers: 4
[39.815s][debug][gc,phases      ] GC(83)     Total                          Min: 0, Avg: 71.2, Max: 128, Diff: 128, Sum: 285, Workers: 4
[39.815s][debug][gc,phases      ] GC(83)   JVMTI Tag Weak OopStorage      Min:  0.0, Avg:  0.0, Max:  0.0, Diff:  0.0, Sum:  0.0, Workers: 4
[39.815s][debug][gc,phases      ] GC(83)     Dead                           Min: 0, Avg:  0.0, Max: 0, Diff: 0, Sum: 0, Workers: 4
[39.815s][debug][gc,phases      ] GC(83)     Total                          Min: 0, Avg:  0.0, Max: 0, Diff: 0, Sum: 0, Workers: 4
[39.815s][debug][gc,phases      ] GC(83)   StringTable Weak               Min:  0.1, Avg:  0.1, Max:  0.1, Diff:  0.0, Sum:  0.5, Workers: 4
[39.815s][debug][gc,phases      ] GC(83)     Dead                           Min: 0, Avg:  0.0, Max: 0, Diff: 0, Sum: 0, Workers: 4
[39.815s][debug][gc,phases      ] GC(83)     Total                          Min: 10880, Avg: 11708.5, Max: 12352, Diff: 1472, Sum: 46834, Workers: 4
[39.815s][debug][gc,phases      ] GC(83)   ResolvedMethodTable Weak       Min:  0.0, Avg:  0.0, Max:  0.0, Diff:  0.0, Sum:  0.1, Workers: 4
[39.815s][debug][gc,phases      ] GC(83)     Dead                           Min: 0, Avg:  0.0, Max: 0, Diff: 0, Sum: 0, Workers: 4
[39.815s][debug][gc,phases      ] GC(83)     Total                          Min: 1824, Avg: 1984.8, Max: 2193, Diff: 369, Sum: 7939, Workers: 4
[39.815s][debug][gc,phases      ] GC(83)   JNI Weak                       Min:  0.0, Avg:  0.0, Max:  0.0, Diff:  0.0, Sum:  0.0, Workers: 4
[39.815s][debug][gc,phases      ] GC(83)     Dead                           Min: 0, Avg:  0.0, Max: 0, Diff: 0, Sum: 0, Workers: 4
[39.815s][debug][gc,phases      ] GC(83)     Total                          Min: 0, Avg:  2.0, Max: 8, Diff: 8, Sum: 8, Workers: 4
[39.815s][debug][gc,phases      ] GC(83)   StringDedup Table Weak         Min:  0.0, Avg:  0.0, Max:  0.0, Diff:  0.0, Sum:  0.0, Workers: 4
[39.815s][debug][gc,phases      ] GC(83)     Dead                           Min: 0, Avg:  0.0, Max: 0, Diff: 0, Sum: 0, Workers: 4
[39.815s][debug][gc,phases      ] GC(83)     Total                          Min: 0, Avg:  0.0, Max: 0, Diff: 0, Sum: 0, Workers: 4
[39.815s][debug][gc,phases      ] GC(83)   StringDedup Requests0 Weak     Min:  0.0, Avg:  0.0, Max:  0.0, Diff:  0.0, Sum:  0.0, Workers: 4
[39.815s][debug][gc,phases      ] GC(83)     Dead                           Min: 0, Avg:  0.0, Max: 0, Diff: 0, Sum: 0, Workers: 4
[39.815s][debug][gc,phases      ] GC(83)     Total                          Min: 0, Avg:  0.0, Max: 0, Diff: 0, Sum: 0, Workers: 4
[39.815s][debug][gc,phases      ] GC(83)   StringDedup Requests1 Weak     Min:  0.0, Avg:  0.0, Max:  0.0, Diff:  0.0, Sum:  0.0, Workers: 4
[39.815s][debug][gc,phases      ] GC(83)     Dead                           Min: 0, Avg:  0.0, Max: 0, Diff: 0, Sum: 0, Workers: 4
[39.815s][debug][gc,phases      ] GC(83)     Total                          Min: 0, Avg:  0.0, Max: 0, Diff: 0, Sum: 0, Workers: 4
[39.815s][debug][gc,phases      ] GC(83)   Weak JFR Old Object Samples    Min:  0.0, Avg:  0.0, Max:  0.0, Diff:  0.0, Sum:  0.0, Workers: 4
[39.815s][debug][gc,phases      ] GC(83)     Dead                           Min: 0, Avg:  0.0, Max: 0, Diff: 0, Sum: 0, Workers: 4
[39.815s][debug][gc,phases      ] GC(83)     Total                          Min: 0, Avg:  0.0, Max: 0, Diff: 0, Sum: 0, Workers: 4
[39.815s][debug][gc,phases      ] GC(83) Weak Processing 0.331ms
[39.815s][debug][gc,age         ] GC(83) Desired survivor size 150994944 bytes, new threshold 15 (max threshold 15)
[39.815s][info ][gc,heap        ] GC(83) PSYoungGen: 1867784K(1931776K)->90450K(1949696K) Eden: 1773056K(1773056K)->0K(1797120K) From: 94728K(158720K)->90450K(152576K)
[39.815s][info ][gc,heap        ] GC(83) ParOldGen: 516185K(550912K)->523007K(550912K)
[39.815s][info ][gc,metaspace   ] GC(83) Metaspace: 80475K(81280K)->80475K(81280K) NonClass: 68976K(69440K)->68976K(69440K) Class: 11498K(11840K)->11498K(11840K)
[39.815s][info ][gc             ] GC(83) Pause Young (Allocation Failure) 2328M->599M(2442M) 43.360ms
[39.815s][info ][gc,cpu         ] GC(83) User=0.17s Sys=0.00s Real=0.05s
[39.815s][info ][safepoint      ] Safepoint "ParallelGCFailedAllocation", Time since last: 463162790 ns, Reaching safepoint: 218916 ns, At safepoint: 43473095 ns, Total: 43692011 ns
[40.237s][info ][gc,start       ] GC(84) Pause Young (Allocation Failure)
[40.278s][debug][gc,phases      ] GC(84) Scavenge 41.540ms
[40.278s][debug][gc,ref         ] GC(84) Skipped phase 1 of Reference Processing: no references
[40.278s][debug][gc,ref         ] GC(84) ReferenceProcessor::execute queues: 1, RefProcThreadModel::Single, marks_oops_alive: false
[40.279s][debug][gc,ref         ] GC(84) Skipped phase 3 of Reference Processing: no references
[40.279s][debug][gc,ref         ] GC(84) ReferenceProcessor::execute queues: 1, RefProcThreadModel::Single, marks_oops_alive: false
[40.279s][debug][gc,phases      ] GC(84) Reference Processing 0.127ms
[40.279s][debug][gc,phases      ] GC(84)   VM Weak                        Min:  0.0, Avg:  0.0, Max:  0.0, Diff:  0.0, Sum:  0.0, Workers: 4
[40.279s][debug][gc,phases      ] GC(84)     Dead                           Min: 0, Avg:  0.0, Max: 0, Diff: 0, Sum: 0, Workers: 4
[40.279s][debug][gc,phases      ] GC(84)     Total                          Min: 0, Avg: 165.2, Max: 469, Diff: 469, Sum: 661, Workers: 4
[40.279s][debug][gc,phases      ] GC(84)   ObjectSynchronizer Weak        Min:  0.0, Avg:  0.0, Max:  0.0, Diff:  0.0, Sum:  0.0, Workers: 4
[40.279s][debug][gc,phases      ] GC(84)     Dead                           Min: 0, Avg:  0.0, Max: 0, Diff: 0, Sum: 0, Workers: 4
[40.279s][debug][gc,phases      ] GC(84)     Total                          Min: 0, Avg: 71.2, Max: 128, Diff: 128, Sum: 285, Workers: 4
[40.279s][debug][gc,phases      ] GC(84)   JVMTI Tag Weak OopStorage      Min:  0.0, Avg:  0.0, Max:  0.0, Diff:  0.0, Sum:  0.0, Workers: 4
[40.279s][debug][gc,phases      ] GC(84)     Dead                           Min: 0, Avg:  0.0, Max: 0, Diff: 0, Sum: 0, Workers: 4
[40.279s][debug][gc,phases      ] GC(84)     Total                          Min: 0, Avg:  0.0, Max: 0, Diff: 0, Sum: 0, Workers: 4
[40.279s][debug][gc,phases      ] GC(84)   StringTable Weak               Min:  0.1, Avg:  0.1, Max:  0.1, Diff:  0.0, Sum:  0.5, Workers: 4
[40.279s][debug][gc,phases      ] GC(84)     Dead                           Min: 0, Avg:  0.0, Max: 0, Diff: 0, Sum: 0, Workers: 4
[40.279s][debug][gc,phases      ] GC(84)     Total                          Min: 7680, Avg: 11708.5, Max: 13248, Diff: 5568, Sum: 46834, Workers: 4
[40.279s][debug][gc,phases      ] GC(84)   ResolvedMethodTable Weak       Min:  0.0, Avg:  0.0, Max:  0.0, Diff:  0.0, Sum:  0.1, Workers: 4
[40.279s][debug][gc,phases      ] GC(84)     Dead                           Min: 0, Avg:  0.0, Max: 0, Diff: 0, Sum: 0, Workers: 4
[40.279s][debug][gc,phases      ] GC(84)     Total                          Min: 1869, Avg: 1984.8, Max: 2209, Diff: 340, Sum: 7939, Workers: 4
[40.279s][debug][gc,phases      ] GC(84)   JNI Weak                       Min:  0.0, Avg:  0.0, Max:  0.0, Diff:  0.0, Sum:  0.0, Workers: 4
[40.279s][debug][gc,phases      ] GC(84)     Dead                           Min: 0, Avg:  0.0, Max: 0, Diff: 0, Sum: 0, Workers: 4
[40.279s][debug][gc,phases      ] GC(84)     Total                          Min: 0, Avg:  3.5, Max: 14, Diff: 14, Sum: 14, Workers: 4
[40.279s][debug][gc,phases      ] GC(84)   StringDedup Table Weak         Min:  0.0, Avg:  0.0, Max:  0.0, Diff:  0.0, Sum:  0.0, Workers: 4
[40.279s][debug][gc,phases      ] GC(84)     Dead                           Min: 0, Avg:  0.0, Max: 0, Diff: 0, Sum: 0, Workers: 4
[40.279s][debug][gc,phases      ] GC(84)     Total                          Min: 0, Avg:  0.0, Max: 0, Diff: 0, Sum: 0, Workers: 4
[40.279s][debug][gc,phases      ] GC(84)   StringDedup Requests0 Weak     Min:  0.0, Avg:  0.0, Max:  0.0, Diff:  0.0, Sum:  0.0, Workers: 4
[40.279s][debug][gc,phases      ] GC(84)     Dead                           Min: 0, Avg:  0.0, Max: 0, Diff: 0, Sum: 0, Workers: 4
[40.279s][debug][gc,phases      ] GC(84)     Total                          Min: 0, Avg:  0.0, Max: 0, Diff: 0, Sum: 0, Workers: 4
[40.279s][debug][gc,phases      ] GC(84)   StringDedup Requests1 Weak     Min:  0.0, Avg:  0.0, Max:  0.0, Diff:  0.0, Sum:  0.0, Workers: 4
[40.279s][debug][gc,phases      ] GC(84)     Dead                           Min: 0, Avg:  0.0, Max: 0, Diff: 0, Sum: 0, Workers: 4
[40.279s][debug][gc,phases      ] GC(84)     Total                          Min: 0, Avg:  0.0, Max: 0, Diff: 0, Sum: 0, Workers: 4
[40.279s][debug][gc,phases      ] GC(84)   Weak JFR Old Object Samples    Min:  0.0, Avg:  0.0, Max:  0.0, Diff:  0.0, Sum:  0.0, Workers: 4
[40.279s][debug][gc,phases      ] GC(84)     Dead                           Min: 0, Avg:  0.0, Max: 0, Diff: 0, Sum: 0, Workers: 4
[40.279s][debug][gc,phases      ] GC(84)     Total                          Min: 0, Avg:  0.0, Max: 0, Diff: 0, Sum: 0, Workers: 4
[40.279s][debug][gc,phases      ] GC(84) Weak Processing 0.353ms
[40.279s][debug][gc,age         ] GC(84) Desired survivor size 146276352 bytes, new threshold 15 (max threshold 15)
[40.279s][info ][gc,heap        ] GC(84) PSYoungGen: 1887570K(1949696K)->89682K(1944576K) Eden: 1797120K(1797120K)->0K(1797120K) From: 90450K(152576K)->89682K(147456K)
[40.279s][info ][gc,heap        ] GC(84) ParOldGen: 523007K(550912K)->526599K(550912K)
[40.279s][info ][gc,metaspace   ] GC(84) Metaspace: 80517K(81344K)->80517K(81344K) NonClass: 69019K(69504K)->69019K(69504K) Class: 11498K(11840K)->11498K(11840K)
[40.279s][info ][gc             ] GC(84) Pause Young (Allocation Failure) 2354M->601M(2437M) 42.160ms
[40.279s][info ][gc,cpu         ] GC(84) User=0.17s Sys=0.00s Real=0.04s
[40.279s][info ][safepoint      ] Safepoint "ParallelGCFailedAllocation", Time since last: 420706558 ns, Reaching safepoint: 904164 ns, At safepoint: 42279311 ns, Total: 43183475 ns
[40.722s][info ][gc,start       ] GC(85) Pause Young (Allocation Failure)
[40.764s][debug][gc,phases      ] GC(85) Scavenge 42.103ms
[40.764s][debug][gc,ref         ] GC(85) Skipped phase 1 of Reference Processing: no references
[40.765s][debug][gc,ref         ] GC(85) ReferenceProcessor::execute queues: 1, RefProcThreadModel::Single, marks_oops_alive: false
[40.765s][debug][gc,ref         ] GC(85) Skipped phase 3 of Reference Processing: no references
[40.765s][debug][gc,ref         ] GC(85) ReferenceProcessor::execute queues: 1, RefProcThreadModel::Single, marks_oops_alive: false
[40.765s][debug][gc,phases      ] GC(85) Reference Processing 0.119ms
[40.765s][debug][gc,phases      ] GC(85)   VM Weak                        Min:  0.0, Avg:  0.0, Max:  0.0, Diff:  0.0, Sum:  0.0, Workers: 4
[40.765s][debug][gc,phases      ] GC(85)     Dead                           Min: 0, Avg:  0.0, Max: 0, Diff: 0, Sum: 0, Workers: 4
[40.765s][debug][gc,phases      ] GC(85)     Total                          Min: 0, Avg: 165.2, Max: 448, Diff: 448, Sum: 661, Workers: 4
[40.765s][debug][gc,phases      ] GC(85)   ObjectSynchronizer Weak        Min:  0.0, Avg:  0.0, Max:  0.0, Diff:  0.0, Sum:  0.0, Workers: 4
[40.765s][debug][gc,phases      ] GC(85)     Dead                           Min: 0, Avg:  0.0, Max: 0, Diff: 0, Sum: 0, Workers: 4
[40.765s][debug][gc,phases      ] GC(85)     Total                          Min: 0, Avg: 71.2, Max: 157, Diff: 157, Sum: 285, Workers: 4
[40.765s][debug][gc,phases      ] GC(85)   JVMTI Tag Weak OopStorage      Min:  0.0, Avg:  0.0, Max:  0.0, Diff:  0.0, Sum:  0.0, Workers: 4
[40.765s][debug][gc,phases      ] GC(85)     Dead                           Min: 0, Avg:  0.0, Max: 0, Diff: 0, Sum: 0, Workers: 4
[40.765s][debug][gc,phases      ] GC(85)     Total                          Min: 0, Avg:  0.0, Max: 0, Diff: 0, Sum: 0, Workers: 4
[40.765s][debug][gc,phases      ] GC(85)   StringTable Weak               Min:  0.1, Avg:  0.1, Max:  0.1, Diff:  0.0, Sum:  0.4, Workers: 4
[40.765s][debug][gc,phases      ] GC(85)     Dead                           Min: 0, Avg:  0.0, Max: 0, Diff: 0, Sum: 0, Workers: 4
[40.765s][debug][gc,phases      ] GC(85)     Total                          Min: 11008, Avg: 11708.8, Max: 12403, Diff: 1395, Sum: 46835, Workers: 4
[40.765s][debug][gc,phases      ] GC(85)   ResolvedMethodTable Weak       Min:  0.0, Avg:  0.0, Max:  0.0, Diff:  0.0, Sum:  0.1, Workers: 4
[40.765s][debug][gc,phases      ] GC(85)     Dead                           Min: 0, Avg:  0.0, Max: 0, Diff: 0, Sum: 0, Workers: 4
[40.765s][debug][gc,phases      ] GC(85)     Total                          Min: 1824, Avg: 1984.8, Max: 2356, Diff: 532, Sum: 7939, Workers: 4
[40.765s][debug][gc,phases      ] GC(85)   JNI Weak                       Min:  0.0, Avg:  0.0, Max:  0.0, Diff:  0.0, Sum:  0.0, Workers: 4
[40.765s][debug][gc,phases      ] GC(85)     Dead                           Min: 0, Avg:  0.0, Max: 0, Diff: 0, Sum: 0, Workers: 4
[40.765s][debug][gc,phases      ] GC(85)     Total                          Min: 0, Avg:  3.2, Max: 13, Diff: 13, Sum: 13, Workers: 4
[40.765s][debug][gc,phases      ] GC(85)   StringDedup Table Weak         Min:  0.0, Avg:  0.0, Max:  0.0, Diff:  0.0, Sum:  0.0, Workers: 4
[40.765s][debug][gc,phases      ] GC(85)     Dead                           Min: 0, Avg:  0.0, Max: 0, Diff: 0, Sum: 0, Workers: 4
[40.765s][debug][gc,phases      ] GC(85)     Total                          Min: 0, Avg:  0.0, Max: 0, Diff: 0, Sum: 0, Workers: 4
[40.765s][debug][gc,phases      ] GC(85)   StringDedup Requests0 Weak     Min:  0.0, Avg:  0.0, Max:  0.0, Diff:  0.0, Sum:  0.0, Workers: 4
[40.765s][debug][gc,phases      ] GC(85)     Dead                           Min: 0, Avg:  0.0, Max: 0, Diff: 0, Sum: 0, Workers: 4
[40.765s][debug][gc,phases      ] GC(85)     Total                          Min: 0, Avg:  0.0, Max: 0, Diff: 0, Sum: 0, Workers: 4
[40.765s][debug][gc,phases      ] GC(85)   StringDedup Requests1 Weak     Min:  0.0, Avg:  0.0, Max:  0.0, Diff:  0.0, Sum:  0.0, Workers: 4
[40.765s][debug][gc,phases      ] GC(85)     Dead                           Min: 0, Avg:  0.0, Max: 0, Diff: 0, Sum: 0, Workers: 4
[40.765s][debug][gc,phases      ] GC(85)     Total                          Min: 0, Avg:  0.0, Max: 0, Diff: 0, Sum: 0, Workers: 4
[40.765s][debug][gc,phases      ] GC(85)   Weak JFR Old Object Samples    Min:  0.0, Avg:  0.0, Max:  0.0, Diff:  0.0, Sum:  0.0, Workers: 4
[40.765s][debug][gc,phases      ] GC(85)     Dead                           Min: 0, Avg:  0.0, Max: 0, Diff: 0, Sum: 0, Workers: 4
[40.765s][debug][gc,phases      ] GC(85)     Total                          Min: 0, Avg:  0.0, Max: 0, Diff: 0, Sum: 0, Workers: 4
[40.765s][debug][gc,phases      ] GC(85) Weak Processing 0.292ms
[40.765s][debug][gc,age         ] GC(85) Desired survivor size 142082048 bytes, new threshold 15 (max threshold 15)
[40.765s][info ][gc,heap        ] GC(85) PSYoungGen: 1886802K(1944576K)->87911K(1958400K) Eden: 1797120K(1797120K)->0K(1815552K) From: 89682K(147456K)->87911K(142848K)
[40.765s][info ][gc,heap        ] GC(85) ParOldGen: 526599K(550912K)->533138K(550912K)
[40.765s][info ][gc,metaspace   ] GC(85) Metaspace: 80554K(81344K)->80554K(81344K) NonClass: 69055K(69504K)->69055K(69504K) Class: 11498K(11840K)->11498K(11840K)
[40.765s][info ][gc             ] GC(85) Pause Young (Allocation Failure) 2356M->606M(2450M) 42.676ms
[40.765s][info ][gc,cpu         ] GC(85) User=0.17s Sys=0.00s Real=0.04s
[40.765s][debug][gc,phases      ] GC(86) Pre Compact 0.008ms
[40.765s][info ][gc,start       ] GC(86) Pause Full (Ergonomics)
[40.765s][info ][gc,phases,start] GC(86) Marking Phase
[40.906s][debug][gc,phases      ] GC(86) Par Mark 140.864ms
[40.906s][debug][gc,ref         ] GC(86) Skipped phase 1 of Reference Processing: no references
[40.906s][debug][gc,ref         ] GC(86) ReferenceProcessor::execute queues: 4, RefProcThreadModel::Multi, marks_oops_alive: false
[40.907s][debug][gc,ref         ] GC(86) Skipped phase 3 of Reference Processing: no references
[40.907s][debug][gc,ref         ] GC(86) ReferenceProcessor::execute queues: 1, RefProcThreadModel::Single, marks_oops_alive: false
[40.907s][debug][gc,phases      ] GC(86) Reference Processing 0.701ms
[40.907s][debug][gc,phases      ] GC(86)   VM Weak                        Min:  0.0, Avg:  0.0, Max:  0.0, Diff:  0.0, Sum:  0.0, Workers: 4
[40.907s][debug][gc,phases      ] GC(86)     Dead                           Min: 0, Avg:  0.0, Max: 0, Diff: 0, Sum: 0, Workers: 4
[40.907s][debug][gc,phases      ] GC(86)     Total                          Min: 0, Avg: 165.2, Max: 469, Diff: 469, Sum: 661, Workers: 4
[40.907s][debug][gc,phases      ] GC(86)   ObjectSynchronizer Weak        Min:  0.0, Avg:  0.0, Max:  0.0, Diff:  0.0, Sum:  0.0, Workers: 4
[40.907s][debug][gc,phases      ] GC(86)     Dead                           Min: 0, Avg:  0.2, Max: 1, Diff: 1, Sum: 1, Workers: 4
[40.907s][debug][gc,phases      ] GC(86)     Total                          Min: 0, Avg: 71.2, Max: 128, Diff: 128, Sum: 285, Workers: 4
[40.907s][debug][gc,phases      ] GC(86)   JVMTI Tag Weak OopStorage      Min:  0.0, Avg:  0.0, Max:  0.0, Diff:  0.0, Sum:  0.0, Workers: 4
[40.907s][debug][gc,phases      ] GC(86)     Dead                           Min: 0, Avg:  0.0, Max: 0, Diff: 0, Sum: 0, Workers: 4
[40.907s][debug][gc,phases      ] GC(86)     Total                          Min: 0, Avg:  0.0, Max: 0, Diff: 0, Sum: 0, Workers: 4
[40.907s][debug][gc,phases      ] GC(86)   StringTable Weak               Min:  0.1, Avg:  0.1, Max:  0.1, Diff:  0.0, Sum:  0.6, Workers: 4
[40.907s][debug][gc,phases      ] GC(86)     Dead                           Min: 0, Avg:  0.0, Max: 0, Diff: 0, Sum: 0, Workers: 4
[40.907s][debug][gc,phases      ] GC(86)     Total                          Min: 11264, Avg: 11708.8, Max: 12531, Diff: 1267, Sum: 46835, Workers: 4
[40.907s][debug][gc,phases      ] GC(86)   ResolvedMethodTable Weak       Min:  0.0, Avg:  0.0, Max:  0.0, Diff:  0.0, Sum:  0.1, Workers: 4
[40.907s][debug][gc,phases      ] GC(86)     Dead                           Min: 0, Avg:  0.0, Max: 0, Diff: 0, Sum: 0, Workers: 4
[40.907s][debug][gc,phases      ] GC(86)     Total                          Min: 1835, Avg: 1984.8, Max: 2238, Diff: 403, Sum: 7939, Workers: 4
[40.907s][debug][gc,phases      ] GC(86)   JNI Weak                       Min:  0.0, Avg:  0.0, Max:  0.0, Diff:  0.0, Sum:  0.0, Workers: 4
[40.907s][debug][gc,phases      ] GC(86)     Dead                           Min: 0, Avg:  0.0, Max: 0, Diff: 0, Sum: 0, Workers: 4
[40.907s][debug][gc,phases      ] GC(86)     Total                          Min: 0, Avg:  3.2, Max: 13, Diff: 13, Sum: 13, Workers: 4
[40.907s][debug][gc,phases      ] GC(86)   StringDedup Table Weak         Min:  0.0, Avg:  0.0, Max:  0.0, Diff:  0.0, Sum:  0.0, Workers: 4
[40.907s][debug][gc,phases      ] GC(86)     Dead                           Min: 0, Avg:  0.0, Max: 0, Diff: 0, Sum: 0, Workers: 4
[40.907s][debug][gc,phases      ] GC(86)     Total                          Min: 0, Avg:  0.0, Max: 0, Diff: 0, Sum: 0, Workers: 4
[40.907s][debug][gc,phases      ] GC(86)   StringDedup Requests0 Weak     Min:  0.0, Avg:  0.0, Max:  0.0, Diff:  0.0, Sum:  0.0, Workers: 4
[40.907s][debug][gc,phases      ] GC(86)     Dead                           Min: 0, Avg:  0.0, Max: 0, Diff: 0, Sum: 0, Workers: 4
[40.907s][debug][gc,phases      ] GC(86)     Total                          Min: 0, Avg:  0.0, Max: 0, Diff: 0, Sum: 0, Workers: 4
[40.907s][debug][gc,phases      ] GC(86)   StringDedup Requests1 Weak     Min:  0.0, Avg:  0.0, Max:  0.0, Diff:  0.0, Sum:  0.0, Workers: 4
[40.907s][debug][gc,phases      ] GC(86)     Dead                           Min: 0, Avg:  0.0, Max: 0, Diff: 0, Sum: 0, Workers: 4
[40.907s][debug][gc,phases      ] GC(86)     Total                          Min: 0, Avg:  0.0, Max: 0, Diff: 0, Sum: 0, Workers: 4
[40.907s][debug][gc,phases      ] GC(86)   Weak JFR Old Object Samples    Min:  0.0, Avg:  0.0, Max:  0.0, Diff:  0.0, Sum:  0.0, Workers: 4
[40.907s][debug][gc,phases      ] GC(86)     Dead                           Min: 0, Avg:  0.0, Max: 0, Diff: 0, Sum: 0, Workers: 4
[40.907s][debug][gc,phases      ] GC(86)     Total                          Min: 0, Avg:  0.0, Max: 0, Diff: 0, Sum: 0, Workers: 4
[40.907s][debug][gc,phases      ] GC(86) Weak Processing 0.358ms
[40.907s][debug][gc,phases      ] GC(86) ClassLoaderData 0.088ms
[40.907s][debug][gc,phases      ] GC(86) Trigger cleanups 0.000ms
[40.920s][debug][gc,phases      ] GC(86) Class Unloading 13.059ms
[40.920s][info ][gc,phases      ] GC(86) Marking Phase 155.109ms
[40.920s][info ][gc,phases,start] GC(86) Summary Phase
[40.920s][info ][gc,phases      ] GC(86) Summary Phase 0.019ms
[40.920s][info ][gc,phases,start] GC(86) Adjust Roots
[40.930s][info ][gc,phases      ] GC(86) Adjust Roots 10.005ms
[40.930s][info ][gc,phases,start] GC(86) Compaction Phase
[41.066s][info ][gc,phases      ] GC(86) Compaction Phase 135.736ms
[41.066s][info ][gc,phases,start] GC(86) Post Compact
[41.068s][info ][gc,phases      ] GC(86) Post Compact 1.888ms
[41.068s][info ][gc,heap        ] GC(86) PSYoungGen: 87911K(1958400K)->0K(1954304K) Eden: 0K(1815552K)->0K(1815552K) From: 87911K(142848K)->0K(138752K)
[41.068s][info ][gc,heap        ] GC(86) ParOldGen: 533138K(550912K)->473307K(542208K)
[41.068s][info ][gc,metaspace   ] GC(86) Metaspace: 80554K(81344K)->80554K(81344K) NonClass: 69055K(69504K)->69055K(69504K) Class: 11498K(11840K)->11498K(11840K)
[41.068s][info ][gc             ] GC(86) Pause Full (Ergonomics) 606M->462M(2438M) 303.023ms
[41.068s][info ][gc,cpu         ] GC(86) User=1.11s Sys=0.02s Real=0.31s
[41.095s][info ][safepoint      ] Safepoint "ParallelGCFailedAllocation", Time since last: 442971239 ns, Reaching safepoint: 218116 ns, At safepoint: 372585319 ns, Total: 372803435 ns
[41.478s][info ][gc,start       ] GC(87) Pause Young (Allocation Failure)
[41.480s][debug][gc,phases      ] GC(87) Scavenge 2.493ms
[41.480s][debug][gc,ref         ] GC(87) Skipped phase 1 of Reference Processing: no references
[41.480s][debug][gc,ref         ] GC(87) Skipped phase 2 of Reference Processing: no references
[41.480s][debug][gc,ref         ] GC(87) Skipped phase 3 of Reference Processing: no references
[41.480s][debug][gc,ref         ] GC(87) Skipped phase 4 of Reference Processing: no references
[41.480s][debug][gc,phases      ] GC(87) Reference Processing 0.040ms
[41.480s][debug][gc,phases      ] GC(87)   VM Weak                        Min:  0.0, Avg:  0.0, Max:  0.0, Diff:  0.0, Sum:  0.0, Workers: 4
[41.480s][debug][gc,phases      ] GC(87)     Dead                           Min: 0, Avg:  0.0, Max: 0, Diff: 0, Sum: 0, Workers: 4
[41.480s][debug][gc,phases      ] GC(87)     Total                          Min: 0, Avg: 165.2, Max: 533, Diff: 533, Sum: 661, Workers: 4
[41.480s][debug][gc,phases      ] GC(87)   ObjectSynchronizer Weak        Min:  0.0, Avg:  0.0, Max:  0.0, Diff:  0.0, Sum:  0.0, Workers: 4
[41.480s][debug][gc,phases      ] GC(87)     Dead                           Min: 0, Avg:  0.0, Max: 0, Diff: 0, Sum: 0, Workers: 4
[41.480s][debug][gc,phases      ] GC(87)     Total                          Min: 0, Avg: 71.2, Max: 157, Diff: 157, Sum: 285, Workers: 4
[41.480s][debug][gc,phases      ] GC(87)   JVMTI Tag Weak OopStorage      Min:  0.0, Avg:  0.0, Max:  0.0, Diff:  0.0, Sum:  0.0, Workers: 4
[41.480s][debug][gc,phases      ] GC(87)     Dead                           Min: 0, Avg:  0.0, Max: 0, Diff: 0, Sum: 0, Workers: 4
[41.480s][debug][gc,phases      ] GC(87)     Total                          Min: 0, Avg:  0.0, Max: 0, Diff: 0, Sum: 0, Workers: 4
[41.481s][debug][gc,phases      ] GC(87)   StringTable Weak               Min:  0.1, Avg:  0.1, Max:  0.1, Diff:  0.0, Sum:  0.4, Workers: 4
[41.481s][debug][gc,phases      ] GC(87)     Dead                           Min: 0, Avg:  0.0, Max: 0, Diff: 0, Sum: 0, Workers: 4
[41.481s][debug][gc,phases      ] GC(87)     Total                          Min: 11200, Avg: 11710.0, Max: 12472, Diff: 1272, Sum: 46840, Workers: 4
[41.481s][debug][gc,phases      ] GC(87)   ResolvedMethodTable Weak       Min:  0.0, Avg:  0.0, Max:  0.0, Diff:  0.0, Sum:  0.1, Workers: 4
[41.481s][debug][gc,phases      ] GC(87)     Dead                           Min: 0, Avg:  0.0, Max: 0, Diff: 0, Sum: 0, Workers: 4
[41.481s][debug][gc,phases      ] GC(87)     Total                          Min: 1930, Avg: 1984.8, Max: 2044, Diff: 114, Sum: 7939, Workers: 4
[41.481s][debug][gc,phases      ] GC(87)   JNI Weak                       Min:  0.0, Avg:  0.0, Max:  0.0, Diff:  0.0, Sum:  0.0, Workers: 4
[41.481s][debug][gc,phases      ] GC(87)     Dead                           Min: 0, Avg:  0.0, Max: 0, Diff: 0, Sum: 0, Workers: 4
[41.481s][debug][gc,phases      ] GC(87)     Total                          Min: 0, Avg:  2.5, Max: 10, Diff: 10, Sum: 10, Workers: 4
[41.481s][debug][gc,phases      ] GC(87)   StringDedup Table Weak         Min:  0.0, Avg:  0.0, Max:  0.0, Diff:  0.0, Sum:  0.0, Workers: 4
[41.481s][debug][gc,phases      ] GC(87)     Dead                           Min: 0, Avg:  0.0, Max: 0, Diff: 0, Sum: 0, Workers: 4
[41.481s][debug][gc,phases      ] GC(87)     Total                          Min: 0, Avg:  0.0, Max: 0, Diff: 0, Sum: 0, Workers: 4
[41.481s][debug][gc,phases      ] GC(87)   StringDedup Requests0 Weak     Min:  0.0, Avg:  0.0, Max:  0.0, Diff:  0.0, Sum:  0.0, Workers: 4
[41.481s][debug][gc,phases      ] GC(87)     Dead                           Min: 0, Avg:  0.0, Max: 0, Diff: 0, Sum: 0, Workers: 4
[41.481s][debug][gc,phases      ] GC(87)     Total                          Min: 0, Avg:  0.0, Max: 0, Diff: 0, Sum: 0, Workers: 4
[41.481s][debug][gc,phases      ] GC(87)   StringDedup Requests1 Weak     Min:  0.0, Avg:  0.0, Max:  0.0, Diff:  0.0, Sum:  0.0, Workers: 4
[41.481s][debug][gc,phases      ] GC(87)     Dead                           Min: 0, Avg:  0.0, Max: 0, Diff: 0, Sum: 0, Workers: 4
[41.481s][debug][gc,phases      ] GC(87)     Total                          Min: 0, Avg:  0.0, Max: 0, Diff: 0, Sum: 0, Workers: 4
[41.481s][debug][gc,phases      ] GC(87)   Weak JFR Old Object Samples    Min:  0.0, Avg:  0.0, Max:  0.0, Diff:  0.0, Sum:  0.0, Workers: 4
[41.481s][debug][gc,phases      ] GC(87)     Dead                           Min: 0, Avg:  0.0, Max: 0, Diff: 0, Sum: 0, Workers: 4
[41.481s][debug][gc,phases      ] GC(87)     Total                          Min: 0, Avg:  0.0, Max: 0, Diff: 0, Sum: 0, Workers: 4
[41.481s][debug][gc,phases      ] GC(87) Weak Processing 0.283ms
[41.481s][debug][gc,age         ] GC(87) Desired survivor size 153616384 bytes, new threshold 15 (max threshold 15)
[41.481s][info ][gc,heap        ] GC(87) PSYoungGen: 1815552K(1954304K)->1888K(1935872K) Eden: 1815552K(1815552K)->0K(1797120K) From: 0K(138752K)->1888K(138752K)
[41.481s][info ][gc,heap        ] GC(87) ParOldGen: 473307K(542208K)->473307K(542208K)
[41.481s][info ][gc,metaspace   ] GC(87) Metaspace: 80555K(81344K)->80555K(81344K) NonClass: 69056K(69504K)->69056K(69504K) Class: 11498K(11840K)->11498K(11840K)
[41.481s][info ][gc             ] GC(87) Pause Young (Allocation Failure) 2235M->464M(2420M) 3.045ms
[41.481s][info ][gc,cpu         ] GC(87) User=0.01s Sys=0.00s Real=0.00s
[41.481s][info ][safepoint      ] Safepoint "ParallelGCFailedAllocation", Time since last: 382578130 ns, Reaching safepoint: 190513 ns, At safepoint: 3161826 ns, Total: 3352339 ns
[41.888s][info ][gc,start       ] GC(88) Pause Young (Allocation Failure)
[41.891s][debug][gc,phases      ] GC(88) Scavenge 2.413ms
[41.891s][debug][gc,ref         ] GC(88) Skipped phase 1 of Reference Processing: no references
[41.891s][debug][gc,ref         ] GC(88) ReferenceProcessor::execute queues: 1, RefProcThreadModel::Single, marks_oops_alive: false
[41.891s][debug][gc,ref         ] GC(88) Skipped phase 3 of Reference Processing: no references
[41.891s][debug][gc,ref         ] GC(88) ReferenceProcessor::execute queues: 1, RefProcThreadModel::Single, marks_oops_alive: false
[41.891s][debug][gc,phases      ] GC(88) Reference Processing 0.120ms
[41.891s][debug][gc,phases      ] GC(88)   VM Weak                        Min:  0.0, Avg:  0.0, Max:  0.0, Diff:  0.0, Sum:  0.0, Workers: 4
[41.891s][debug][gc,phases      ] GC(88)     Dead                           Min: 0, Avg:  0.0, Max: 0, Diff: 0, Sum: 0, Workers: 4
[41.891s][debug][gc,phases      ] GC(88)     Total                          Min: 0, Avg: 165.5, Max: 384, Diff: 384, Sum: 662, Workers: 4
[41.891s][debug][gc,phases      ] GC(88)   ObjectSynchronizer Weak        Min:  0.0, Avg:  0.0, Max:  0.0, Diff:  0.0, Sum:  0.0, Workers: 4
[41.891s][debug][gc,phases      ] GC(88)     Dead                           Min: 0, Avg:  0.0, Max: 0, Diff: 0, Sum: 0, Workers: 4
[41.891s][debug][gc,phases      ] GC(88)     Total                          Min: 0, Avg: 71.2, Max: 128, Diff: 128, Sum: 285, Workers: 4
[41.891s][debug][gc,phases      ] GC(88)   JVMTI Tag Weak OopStorage      Min:  0.0, Avg:  0.0, Max:  0.0, Diff:  0.0, Sum:  0.0, Workers: 4
[41.891s][debug][gc,phases      ] GC(88)     Dead                           Min: 0, Avg:  0.0, Max: 0, Diff: 0, Sum: 0, Workers: 4
[41.891s][debug][gc,phases      ] GC(88)     Total                          Min: 0, Avg:  0.0, Max: 0, Diff: 0, Sum: 0, Workers: 4
[41.891s][debug][gc,phases      ] GC(88)   StringTable Weak               Min:  0.1, Avg:  0.1, Max:  0.1, Diff:  0.0, Sum:  0.4, Workers: 4
[41.891s][debug][gc,phases      ] GC(88)     Dead                           Min: 0, Avg:  0.0, Max: 0, Diff: 0, Sum: 0, Workers: 4
[41.891s][debug][gc,phases      ] GC(88)     Total                          Min: 11326, Avg: 11711.5, Max: 12352, Diff: 1026, Sum: 46846, Workers: 4
[41.891s][debug][gc,phases      ] GC(88)   ResolvedMethodTable Weak       Min:  0.0, Avg:  0.0, Max:  0.0, Diff:  0.0, Sum:  0.1, Workers: 4
[41.891s][debug][gc,phases      ] GC(88)     Dead                           Min: 0, Avg:  0.0, Max: 0, Diff: 0, Sum: 0, Workers: 4
[41.891s][debug][gc,phases      ] GC(88)     Total                          Min: 1837, Avg: 1986.5, Max: 2103, Diff: 266, Sum: 7946, Workers: 4
[41.891s][debug][gc,phases      ] GC(88)   JNI Weak                       Min:  0.0, Avg:  0.0, Max:  0.0, Diff:  0.0, Sum:  0.0, Workers: 4
[41.891s][debug][gc,phases      ] GC(88)     Dead                           Min: 0, Avg:  0.0, Max: 0, Diff: 0, Sum: 0, Workers: 4
[41.891s][debug][gc,phases      ] GC(88)     Total                          Min: 0, Avg:  4.2, Max: 17, Diff: 17, Sum: 17, Workers: 4
[41.891s][debug][gc,phases      ] GC(88)   StringDedup Table Weak         Min:  0.0, Avg:  0.0, Max:  0.0, Diff:  0.0, Sum:  0.0, Workers: 4
[41.891s][debug][gc,phases      ] GC(88)     Dead                           Min: 0, Avg:  0.0, Max: 0, Diff: 0, Sum: 0, Workers: 4
[41.891s][debug][gc,phases      ] GC(88)     Total                          Min: 0, Avg:  0.0, Max: 0, Diff: 0, Sum: 0, Workers: 4
[41.891s][debug][gc,phases      ] GC(88)   StringDedup Requests0 Weak     Min:  0.0, Avg:  0.0, Max:  0.0, Diff:  0.0, Sum:  0.0, Workers: 4
[41.891s][debug][gc,phases      ] GC(88)     Dead                           Min: 0, Avg:  0.0, Max: 0, Diff: 0, Sum: 0, Workers: 4
[41.891s][debug][gc,phases      ] GC(88)     Total                          Min: 0, Avg:  0.0, Max: 0, Diff: 0, Sum: 0, Workers: 4
[41.891s][debug][gc,phases      ] GC(88)   StringDedup Requests1 Weak     Min:  0.0, Avg:  0.0, Max:  0.0, Diff:  0.0, Sum:  0.0, Workers: 4
[41.891s][debug][gc,phases      ] GC(88)     Dead                           Min: 0, Avg:  0.0, Max: 0, Diff: 0, Sum: 0, Workers: 4
[41.891s][debug][gc,phases      ] GC(88)     Total                          Min: 0, Avg:  0.0, Max: 0, Diff: 0, Sum: 0, Workers: 4
[41.891s][debug][gc,phases      ] GC(88)   Weak JFR Old Object Samples    Min:  0.0, Avg:  0.0, Max:  0.0, Diff:  0.0, Sum:  0.0, Workers: 4
[41.891s][debug][gc,phases      ] GC(88)     Dead                           Min: 0, Avg:  0.0, Max: 0, Diff: 0, Sum: 0, Workers: 4
[41.891s][debug][gc,phases      ] GC(88)     Total                          Min: 0, Avg:  0.0, Max: 0, Diff: 0, Sum: 0, Workers: 4
[41.891s][debug][gc,phases      ] GC(88) Weak Processing 0.313ms
[41.891s][debug][gc,age         ] GC(88) Desired survivor size 160956416 bytes, new threshold 15 (max threshold 15)
[41.891s][info ][gc,heap        ] GC(88) PSYoungGen: 1799008K(1935872K)->2144K(1799680K) Eden: 1797120K(1797120K)->0K(1797120K) From: 1888K(138752K)->2144K(2560K)
[41.891s][info ][gc,heap        ] GC(88) ParOldGen: 473307K(542208K)->473315K(542208K)
[41.891s][info ][gc,metaspace   ] GC(88) Metaspace: 80612K(81472K)->80612K(81472K) NonClass: 69110K(69568K)->69110K(69568K) Class: 11502K(11904K)->11502K(11904K)
[41.891s][info ][gc             ] GC(88) Pause Young (Allocation Failure) 2219M->464M(2287M) 2.985ms
[41.891s][info ][gc,cpu         ] GC(88) User=0.01s Sys=0.00s Real=0.00s
[41.891s][info ][safepoint      ] Safepoint "ParallelGCFailedAllocation", Time since last: 407251177 ns, Reaching safepoint: 183813 ns, At safepoint: 3091120 ns, Total: 3274933 ns
[42.313s][info ][gc,start       ] GC(89) Pause Young (Allocation Failure)
[42.315s][debug][gc,phases      ] GC(89) Scavenge 2.570ms
[42.315s][debug][gc,ref         ] GC(89) Skipped phase 1 of Reference Processing: no references
[42.315s][debug][gc,ref         ] GC(89) ReferenceProcessor::execute queues: 1, RefProcThreadModel::Single, marks_oops_alive: false
[42.315s][debug][gc,ref         ] GC(89) Skipped phase 3 of Reference Processing: no references
[42.315s][debug][gc,ref         ] GC(89) ReferenceProcessor::execute queues: 1, RefProcThreadModel::Single, marks_oops_alive: false
[42.315s][debug][gc,phases      ] GC(89) Reference Processing 0.096ms
[42.316s][debug][gc,phases      ] GC(89)   VM Weak                        Min:  0.0, Avg:  0.0, Max:  0.0, Diff:  0.0, Sum:  0.0, Workers: 4
[42.316s][debug][gc,phases      ] GC(89)     Dead                           Min: 0, Avg:  0.0, Max: 0, Diff: 0, Sum: 0, Workers: 4
[42.316s][debug][gc,phases      ] GC(89)     Total                          Min: 0, Avg: 165.5, Max: 342, Diff: 342, Sum: 662, Workers: 4
[42.316s][debug][gc,phases      ] GC(89)   ObjectSynchronizer Weak        Min:  0.0, Avg:  0.0, Max:  0.0, Diff:  0.0, Sum:  0.0, Workers: 4
[42.316s][debug][gc,phases      ] GC(89)     Dead                           Min: 0, Avg:  0.0, Max: 0, Diff: 0, Sum: 0, Workers: 4
[42.316s][debug][gc,phases      ] GC(89)     Total                          Min: 0, Avg: 71.2, Max: 157, Diff: 157, Sum: 285, Workers: 4
[42.316s][debug][gc,phases      ] GC(89)   JVMTI Tag Weak OopStorage      Min:  0.0, Avg:  0.0, Max:  0.0, Diff:  0.0, Sum:  0.0, Workers: 4
[42.316s][debug][gc,phases      ] GC(89)     Dead                           Min: 0, Avg:  0.0, Max: 0, Diff: 0, Sum: 0, Workers: 4
[42.316s][debug][gc,phases      ] GC(89)     Total                          Min: 0, Avg:  0.0, Max: 0, Diff: 0, Sum: 0, Workers: 4
[42.316s][debug][gc,phases      ] GC(89)   StringTable Weak               Min:  0.1, Avg:  0.1, Max:  0.1, Diff:  0.0, Sum:  0.4, Workers: 4
[42.316s][debug][gc,phases      ] GC(89)     Dead                           Min: 0, Avg:  0.0, Max: 0, Diff: 0, Sum: 0, Workers: 4
[42.316s][debug][gc,phases      ] GC(89)     Total                          Min: 10112, Avg: 11715.5, Max: 12430, Diff: 2318, Sum: 46862, Workers: 4
[42.316s][debug][gc,phases      ] GC(89)   ResolvedMethodTable Weak       Min:  0.0, Avg:  0.0, Max:  0.0, Diff:  0.0, Sum:  0.1, Workers: 4
[42.316s][debug][gc,phases      ] GC(89)     Dead                           Min: 0, Avg:  0.0, Max: 0, Diff: 0, Sum: 0, Workers: 4
[42.316s][debug][gc,phases      ] GC(89)     Total                          Min: 1829, Avg: 1986.8, Max: 2228, Diff: 399, Sum: 7947, Workers: 4
[42.316s][debug][gc,phases      ] GC(89)   JNI Weak                       Min:  0.0, Avg:  0.0, Max:  0.0, Diff:  0.0, Sum:  0.0, Workers: 4
[42.316s][debug][gc,phases      ] GC(89)     Dead                           Min: 0, Avg:  0.0, Max: 0, Diff: 0, Sum: 0, Workers: 4
[42.316s][debug][gc,phases      ] GC(89)     Total                          Min: 0, Avg:  0.0, Max: 0, Diff: 0, Sum: 0, Workers: 4
[42.316s][debug][gc,phases      ] GC(89)   StringDedup Table Weak         Min:  0.0, Avg:  0.0, Max:  0.0, Diff:  0.0, Sum:  0.0, Workers: 4
[42.316s][debug][gc,phases      ] GC(89)     Dead                           Min: 0, Avg:  0.0, Max: 0, Diff: 0, Sum: 0, Workers: 4
[42.316s][debug][gc,phases      ] GC(89)     Total                          Min: 0, Avg:  0.0, Max: 0, Diff: 0, Sum: 0, Workers: 4
[42.316s][debug][gc,phases      ] GC(89)   StringDedup Requests0 Weak     Min:  0.0, Avg:  0.0, Max:  0.0, Diff:  0.0, Sum:  0.0, Workers: 4
[42.316s][debug][gc,phases      ] GC(89)     Dead                           Min: 0, Avg:  0.0, Max: 0, Diff: 0, Sum: 0, Workers: 4
[42.316s][debug][gc,phases      ] GC(89)     Total                          Min: 0, Avg:  0.0, Max: 0, Diff: 0, Sum: 0, Workers: 4
[42.316s][debug][gc,phases      ] GC(89)   StringDedup Requests1 Weak     Min:  0.0, Avg:  0.0, Max:  0.0, Diff:  0.0, Sum:  0.0, Workers: 4
[42.316s][debug][gc,phases      ] GC(89)     Dead                           Min: 0, Avg:  0.0, Max: 0, Diff: 0, Sum: 0, Workers: 4
[42.316s][debug][gc,phases      ] GC(89)     Total                          Min: 0, Avg:  0.0, Max: 0, Diff: 0, Sum: 0, Workers: 4
[42.316s][debug][gc,phases      ] GC(89)   Weak JFR Old Object Samples    Min:  0.0, Avg:  0.0, Max:  0.0, Diff:  0.0, Sum:  0.0, Workers: 4
[42.316s][debug][gc,phases      ] GC(89)     Dead                           Min: 0, Avg:  0.0, Max: 0, Diff: 0, Sum: 0, Workers: 4
[42.316s][debug][gc,phases      ] GC(89)     Total                          Min: 0, Avg:  0.0, Max: 0, Diff: 0, Sum: 0, Workers: 4
[42.316s][debug][gc,phases      ] GC(89) Weak Processing 0.319ms
[42.316s][debug][gc,age         ] GC(89) Desired survivor size 165150720 bytes, new threshold 15 (max threshold 15)
[42.316s][info ][gc,heap        ] GC(89) PSYoungGen: 1799264K(1799680K)->2624K(1931776K) Eden: 1797120K(1797120K)->0K(1774592K) From: 2144K(2560K)->2624K(157184K)
[42.316s][info ][gc,heap        ] GC(89) ParOldGen: 473315K(542208K)->473323K(542208K)
[42.316s][info ][gc,metaspace   ] GC(89) Metaspace: 80660K(81536K)->80660K(81536K) NonClass: 69156K(69632K)->69156K(69632K) Class: 11504K(11904K)->11504K(11904K)
[42.316s][info ][gc             ] GC(89) Pause Young (Allocation Failure) 2219M->464M(2416M) 3.113ms
[42.316s][info ][gc,cpu         ] GC(89) User=0.01s Sys=0.00s Real=0.01s
[42.316s][info ][safepoint      ] Safepoint "ParallelGCFailedAllocation", Time since last: 421250369 ns, Reaching safepoint: 159112 ns, At safepoint: 3229329 ns, Total: 3388441 ns
[42.758s][info ][gc,start       ] GC(90) Pause Young (Allocation Failure)
[42.761s][debug][gc,phases      ] GC(90) Scavenge 2.608ms
[42.761s][debug][gc,ref         ] GC(90) Skipped phase 1 of Reference Processing: no references
[42.761s][debug][gc,ref         ] GC(90) ReferenceProcessor::execute queues: 1, RefProcThreadModel::Single, marks_oops_alive: false
[42.761s][debug][gc,ref         ] GC(90) Skipped phase 3 of Reference Processing: no references
[42.761s][debug][gc,ref         ] GC(90) ReferenceProcessor::execute queues: 1, RefProcThreadModel::Single, marks_oops_alive: false
[42.761s][debug][gc,phases      ] GC(90) Reference Processing 0.123ms
[42.761s][debug][gc,phases      ] GC(90)   VM Weak                        Min:  0.0, Avg:  0.0, Max:  0.0, Diff:  0.0, Sum:  0.0, Workers: 4
[42.761s][debug][gc,phases      ] GC(90)     Dead                           Min: 0, Avg:  0.0, Max: 0, Diff: 0, Sum: 0, Workers: 4
[42.761s][debug][gc,phases      ] GC(90)     Total                          Min: 0, Avg: 165.5, Max: 512, Diff: 512, Sum: 662, Workers: 4
[42.761s][debug][gc,phases      ] GC(90)   ObjectSynchronizer Weak        Min:  0.0, Avg:  0.0, Max:  0.0, Diff:  0.0, Sum:  0.0, Workers: 4
[42.761s][debug][gc,phases      ] GC(90)     Dead                           Min: 0, Avg:  0.0, Max: 0, Diff: 0, Sum: 0, Workers: 4
[42.761s][debug][gc,phases      ] GC(90)     Total                          Min: 0, Avg: 71.2, Max: 157, Diff: 157, Sum: 285, Workers: 4
[42.761s][debug][gc,phases      ] GC(90)   JVMTI Tag Weak OopStorage      Min:  0.0, Avg:  0.0, Max:  0.0, Diff:  0.0, Sum:  0.0, Workers: 4
[42.761s][debug][gc,phases      ] GC(90)     Dead                           Min: 0, Avg:  0.0, Max: 0, Diff: 0, Sum: 0, Workers: 4
[42.761s][debug][gc,phases      ] GC(90)     Total                          Min: 0, Avg:  0.0, Max: 0, Diff: 0, Sum: 0, Workers: 4
[42.761s][debug][gc,phases      ] GC(90)   StringTable Weak               Min:  0.1, Avg:  0.1, Max:  0.1, Diff:  0.0, Sum:  0.4, Workers: 4
[42.761s][debug][gc,phases      ] GC(90)     Dead                           Min: 0, Avg:  0.2, Max: 1, Diff: 1, Sum: 1, Workers: 4
[42.761s][debug][gc,phases      ] GC(90)     Total                          Min: 11264, Avg: 11716.2, Max: 12543, Diff: 1279, Sum: 46865, Workers: 4
[42.761s][debug][gc,phases      ] GC(90)   ResolvedMethodTable Weak       Min:  0.0, Avg:  0.0, Max:  0.0, Diff:  0.0, Sum:  0.1, Workers: 4
[42.761s][debug][gc,phases      ] GC(90)     Dead                           Min: 0, Avg:  0.0, Max: 0, Diff: 0, Sum: 0, Workers: 4
[42.761s][debug][gc,phases      ] GC(90)     Total                          Min: 1926, Avg: 1987.2, Max: 2103, Diff: 177, Sum: 7949, Workers: 4
[42.761s][debug][gc,phases      ] GC(90)   JNI Weak                       Min:  0.0, Avg:  0.0, Max:  0.0, Diff:  0.0, Sum:  0.0, Workers: 4
[42.761s][debug][gc,phases      ] GC(90)     Dead                           Min: 0, Avg:  0.0, Max: 0, Diff: 0, Sum: 0, Workers: 4
[42.761s][debug][gc,phases      ] GC(90)     Total                          Min: 0, Avg:  3.5, Max: 14, Diff: 14, Sum: 14, Workers: 4
[42.761s][debug][gc,phases      ] GC(90)   StringDedup Table Weak         Min:  0.0, Avg:  0.0, Max:  0.0, Diff:  0.0, Sum:  0.0, Workers: 4
[42.761s][debug][gc,phases      ] GC(90)     Dead                           Min: 0, Avg:  0.0, Max: 0, Diff: 0, Sum: 0, Workers: 4
[42.761s][debug][gc,phases      ] GC(90)     Total                          Min: 0, Avg:  0.0, Max: 0, Diff: 0, Sum: 0, Workers: 4
[42.761s][debug][gc,phases      ] GC(90)   StringDedup Requests0 Weak     Min:  0.0, Avg:  0.0, Max:  0.0, Diff:  0.0, Sum:  0.0, Workers: 4
[42.761s][debug][gc,phases      ] GC(90)     Dead                           Min: 0, Avg:  0.0, Max: 0, Diff: 0, Sum: 0, Workers: 4
[42.761s][debug][gc,phases      ] GC(90)     Total                          Min: 0, Avg:  0.0, Max: 0, Diff: 0, Sum: 0, Workers: 4
[42.761s][debug][gc,phases      ] GC(90)   StringDedup Requests1 Weak     Min:  0.0, Avg:  0.0, Max:  0.0, Diff:  0.0, Sum:  0.0, Workers: 4
[42.761s][debug][gc,phases      ] GC(90)     Dead                           Min: 0, Avg:  0.0, Max: 0, Diff: 0, Sum: 0, Workers: 4
[42.761s][debug][gc,phases      ] GC(90)     Total                          Min: 0, Avg:  0.0, Max: 0, Diff: 0, Sum: 0, Workers: 4
[42.761s][debug][gc,phases      ] GC(90)   Weak JFR Old Object Samples    Min:  0.0, Avg:  0.0, Max:  0.0, Diff:  0.0, Sum:  0.0, Workers: 4
[42.761s][debug][gc,phases      ] GC(90)     Dead                           Min: 0, Avg:  0.0, Max: 0, Diff: 0, Sum: 0, Workers: 4
[42.761s][debug][gc,phases      ] GC(90)     Total                          Min: 0, Avg:  0.0, Max: 0, Diff: 0, Sum: 0, Workers: 4
[42.761s][debug][gc,phases      ] GC(90) Weak Processing 0.338ms
[42.761s][debug][gc,age         ] GC(90) Desired survivor size 167247872 bytes, new threshold 15 (max threshold 15)
[42.761s][info ][gc,heap        ] GC(90) PSYoungGen: 1777216K(1931776K)->2848K(1777664K) Eden: 1774592K(1774592K)->0K(1774592K) From: 2624K(157184K)->2848K(3072K)
[42.761s][info ][gc,heap        ] GC(90) ParOldGen: 473323K(542208K)->473331K(542208K)
[42.761s][info ][gc,metaspace   ] GC(90) Metaspace: 80718K(81600K)->80718K(81600K) NonClass: 69213K(69696K)->69213K(69696K) Class: 11504K(11904K)->11504K(11904K)
[42.761s][info ][gc             ] GC(90) Pause Young (Allocation Failure) 2197M->465M(2265M) 3.202ms
[42.761s][info ][gc,cpu         ] GC(90) User=0.02s Sys=0.00s Real=0.00s
[42.761s][info ][safepoint      ] Safepoint "ParallelGCFailedAllocation", Time since last: 438736409 ns, Reaching safepoint: 3269433 ns, At safepoint: 3304034 ns, Total: 6573467 ns
[43.195s][info ][gc,start       ] GC(91) Pause Young (Allocation Failure)
[43.198s][debug][gc,phases      ] GC(91) Scavenge 2.731ms
[43.198s][debug][gc,ref         ] GC(91) Skipped phase 1 of Reference Processing: no references
[43.198s][debug][gc,ref         ] GC(91) ReferenceProcessor::execute queues: 1, RefProcThreadModel::Single, marks_oops_alive: false
[43.198s][debug][gc,ref         ] GC(91) Skipped phase 3 of Reference Processing: no references
[43.198s][debug][gc,ref         ] GC(91) Skipped phase 4 of Reference Processing: no references
[43.198s][debug][gc,phases      ] GC(91) Reference Processing 0.102ms
[43.198s][debug][gc,phases      ] GC(91)   VM Weak                        Min:  0.0, Avg:  0.0, Max:  0.0, Diff:  0.0, Sum:  0.0, Workers: 4
[43.198s][debug][gc,phases      ] GC(91)     Dead                           Min: 0, Avg:  0.0, Max: 0, Diff: 0, Sum: 0, Workers: 4
[43.198s][debug][gc,phases      ] GC(91)     Total                          Min: 0, Avg: 165.5, Max: 320, Diff: 320, Sum: 662, Workers: 4
[43.198s][debug][gc,phases      ] GC(91)   ObjectSynchronizer Weak        Min:  0.0, Avg:  0.0, Max:  0.0, Diff:  0.0, Sum:  0.0, Workers: 4
[43.198s][debug][gc,phases      ] GC(91)     Dead                           Min: 0, Avg:  0.0, Max: 0, Diff: 0, Sum: 0, Workers: 4
[43.198s][debug][gc,phases      ] GC(91)     Total                          Min: 0, Avg: 71.2, Max: 128, Diff: 128, Sum: 285, Workers: 4
[43.198s][debug][gc,phases      ] GC(91)   JVMTI Tag Weak OopStorage      Min:  0.0, Avg:  0.0, Max:  0.0, Diff:  0.0, Sum:  0.0, Workers: 4
[43.198s][debug][gc,phases      ] GC(91)     Dead                           Min: 0, Avg:  0.0, Max: 0, Diff: 0, Sum: 0, Workers: 4
[43.198s][debug][gc,phases      ] GC(91)     Total                          Min: 0, Avg:  0.0, Max: 0, Diff: 0, Sum: 0, Workers: 4
[43.198s][debug][gc,phases      ] GC(91)   StringTable Weak               Min:  0.1, Avg:  0.1, Max:  0.1, Diff:  0.0, Sum:  0.4, Workers: 4
[43.198s][debug][gc,phases      ] GC(91)     Dead                           Min: 0, Avg:  0.0, Max: 0, Diff: 0, Sum: 0, Workers: 4
[43.198s][debug][gc,phases      ] GC(91)     Total                          Min: 11226, Avg: 11718.2, Max: 12608, Diff: 1382, Sum: 46873, Workers: 4
[43.198s][debug][gc,phases      ] GC(91)   ResolvedMethodTable Weak       Min:  0.0, Avg:  0.0, Max:  0.0, Diff:  0.0, Sum:  0.1, Workers: 4
[43.198s][debug][gc,phases      ] GC(91)     Dead                           Min: 0, Avg:  0.0, Max: 0, Diff: 0, Sum: 0, Workers: 4
[43.198s][debug][gc,phases      ] GC(91)     Total                          Min: 1937, Avg: 1987.2, Max: 2095, Diff: 158, Sum: 7949, Workers: 4
[43.198s][debug][gc,phases      ] GC(91)   JNI Weak                       Min:  0.0, Avg:  0.0, Max:  0.0, Diff:  0.0, Sum:  0.0, Workers: 4
[43.198s][debug][gc,phases      ] GC(91)     Dead                           Min: 0, Avg:  0.0, Max: 0, Diff: 0, Sum: 0, Workers: 4
[43.198s][debug][gc,phases      ] GC(91)     Total                          Min: 0, Avg:  2.0, Max: 8, Diff: 8, Sum: 8, Workers: 4
[43.198s][debug][gc,phases      ] GC(91)   StringDedup Table Weak         Min:  0.0, Avg:  0.0, Max:  0.0, Diff:  0.0, Sum:  0.0, Workers: 4
[43.198s][debug][gc,phases      ] GC(91)     Dead                           Min: 0, Avg:  0.0, Max: 0, Diff: 0, Sum: 0, Workers: 4
[43.198s][debug][gc,phases      ] GC(91)     Total                          Min: 0, Avg:  0.0, Max: 0, Diff: 0, Sum: 0, Workers: 4
[43.198s][debug][gc,phases      ] GC(91)   StringDedup Requests0 Weak     Min:  0.0, Avg:  0.0, Max:  0.0, Diff:  0.0, Sum:  0.0, Workers: 4
[43.198s][debug][gc,phases      ] GC(91)     Dead                           Min: 0, Avg:  0.0, Max: 0, Diff: 0, Sum: 0, Workers: 4
[43.198s][debug][gc,phases      ] GC(91)     Total                          Min: 0, Avg:  0.0, Max: 0, Diff: 0, Sum: 0, Workers: 4
[43.198s][debug][gc,phases      ] GC(91)   StringDedup Requests1 Weak     Min:  0.0, Avg:  0.0, Max:  0.0, Diff:  0.0, Sum:  0.0, Workers: 4
[43.198s][debug][gc,phases      ] GC(91)     Dead                           Min: 0, Avg:  0.0, Max: 0, Diff: 0, Sum: 0, Workers: 4
[43.198s][debug][gc,phases      ] GC(91)     Total                          Min: 0, Avg:  0.0, Max: 0, Diff: 0, Sum: 0, Workers: 4
[43.198s][debug][gc,phases      ] GC(91)   Weak JFR Old Object Samples    Min:  0.0, Avg:  0.0, Max:  0.0, Diff:  0.0, Sum:  0.0, Workers: 4
[43.198s][debug][gc,phases      ] GC(91)     Dead                           Min: 0, Avg:  0.0, Max: 0, Diff: 0, Sum: 0, Workers: 4
[43.198s][debug][gc,phases      ] GC(91)     Total                          Min: 0, Avg:  0.0, Max: 0, Diff: 0, Sum: 0, Workers: 4
[43.198s][debug][gc,phases      ] GC(91) Weak Processing 0.321ms
[43.198s][debug][gc,age         ] GC(91) Desired survivor size 167247872 bytes, new threshold 15 (max threshold 15)
[43.198s][info ][gc,heap        ] GC(91) PSYoungGen: 1777440K(1777664K)->3200K(1933824K) Eden: 1774592K(1774592K)->0K(1770496K) From: 2848K(3072K)->3200K(163328K)
[43.199s][info ][gc,heap        ] GC(91) ParOldGen: 473331K(542208K)->473331K(542208K)
[43.199s][info ][gc,metaspace   ] GC(91) Metaspace: 80744K(81600K)->80744K(81600K) NonClass: 69239K(69696K)->69239K(69696K) Class: 11504K(11904K)->11504K(11904K)
[43.199s][info ][gc             ] GC(91) Pause Young (Allocation Failure) 2198M->465M(2418M) 3.269ms
[43.199s][info ][gc,cpu         ] GC(91) User=0.01s Sys=0.00s Real=0.00s
[43.199s][info ][safepoint      ] Safepoint "ParallelGCFailedAllocation", Time since last: 433841452 ns, Reaching safepoint: 191413 ns, At safepoint: 3376441 ns, Total: 3567854 ns
[43.501s][info ][safepoint      ] Safepoint "ICBufferFull", Time since last: 301791961 ns, Reaching safepoint: 221115 ns, At safepoint: 30903 ns, Total: 252018 ns
[43.625s][info ][gc,start       ] GC(92) Pause Young (Allocation Failure)
[43.630s][debug][gc,phases      ] GC(92) Scavenge 4.827ms
[43.630s][debug][gc,ref         ] GC(92) Skipped phase 1 of Reference Processing: no references
[43.630s][debug][gc,ref         ] GC(92) ReferenceProcessor::execute queues: 1, RefProcThreadModel::Single, marks_oops_alive: false
[43.630s][debug][gc,ref         ] GC(92) Skipped phase 3 of Reference Processing: no references
[43.630s][debug][gc,ref         ] GC(92) ReferenceProcessor::execute queues: 1, RefProcThreadModel::Single, marks_oops_alive: false
[43.630s][debug][gc,phases      ] GC(92) Reference Processing 0.112ms
[43.630s][debug][gc,phases      ] GC(92)   VM Weak                        Min:  0.0, Avg:  0.0, Max:  0.0, Diff:  0.0, Sum:  0.0, Workers: 4
[43.630s][debug][gc,phases      ] GC(92)     Dead                           Min: 0, Avg:  0.0, Max: 0, Diff: 0, Sum: 0, Workers: 4
[43.630s][debug][gc,phases      ] GC(92)     Total                          Min: 0, Avg: 165.5, Max: 384, Diff: 384, Sum: 662, Workers: 4
[43.630s][debug][gc,phases      ] GC(92)   ObjectSynchronizer Weak        Min:  0.0, Avg:  0.0, Max:  0.0, Diff:  0.0, Sum:  0.0, Workers: 4
[43.630s][debug][gc,phases      ] GC(92)     Dead                           Min: 0, Avg:  0.0, Max: 0, Diff: 0, Sum: 0, Workers: 4
[43.630s][debug][gc,phases      ] GC(92)     Total                          Min: 0, Avg: 71.2, Max: 128, Diff: 128, Sum: 285, Workers: 4
[43.630s][debug][gc,phases      ] GC(92)   JVMTI Tag Weak OopStorage      Min:  0.0, Avg:  0.0, Max:  0.0, Diff:  0.0, Sum:  0.0, Workers: 4
[43.630s][debug][gc,phases      ] GC(92)     Dead                           Min: 0, Avg:  0.0, Max: 0, Diff: 0, Sum: 0, Workers: 4
[43.630s][debug][gc,phases      ] GC(92)     Total                          Min: 0, Avg:  0.0, Max: 0, Diff: 0, Sum: 0, Workers: 4
[43.630s][debug][gc,phases      ] GC(92)   StringTable Weak               Min:  0.1, Avg:  0.1, Max:  0.1, Diff:  0.0, Sum:  0.5, Workers: 4
[43.630s][debug][gc,phases      ] GC(92)     Dead                           Min: 0, Avg:  0.0, Max: 0, Diff: 0, Sum: 0, Workers: 4
[43.630s][debug][gc,phases      ] GC(92)     Total                          Min: 10432, Avg: 11722.8, Max: 12992, Diff: 2560, Sum: 46891, Workers: 4
[43.630s][debug][gc,phases      ] GC(92)   ResolvedMethodTable Weak       Min:  0.0, Avg:  0.0, Max:  0.0, Diff:  0.0, Sum:  0.1, Workers: 4
[43.630s][debug][gc,phases      ] GC(92)     Dead                           Min: 0, Avg:  0.0, Max: 0, Diff: 0, Sum: 0, Workers: 4
[43.630s][debug][gc,phases      ] GC(92)     Total                          Min: 1828, Avg: 1987.2, Max: 2222, Diff: 394, Sum: 7949, Workers: 4
[43.630s][debug][gc,phases      ] GC(92)   JNI Weak                       Min:  0.0, Avg:  0.0, Max:  0.0, Diff:  0.0, Sum:  0.0, Workers: 4
[43.630s][debug][gc,phases      ] GC(92)     Dead                           Min: 0, Avg:  0.0, Max: 0, Diff: 0, Sum: 0, Workers: 4
[43.631s][debug][gc,phases      ] GC(92)     Total                          Min: 0, Avg:  1.5, Max: 6, Diff: 6, Sum: 6, Workers: 4
[43.631s][debug][gc,phases      ] GC(92)   StringDedup Table Weak         Min:  0.0, Avg:  0.0, Max:  0.0, Diff:  0.0, Sum:  0.0, Workers: 4
[43.631s][debug][gc,phases      ] GC(92)     Dead                           Min: 0, Avg:  0.0, Max: 0, Diff: 0, Sum: 0, Workers: 4
[43.631s][debug][gc,phases      ] GC(92)     Total                          Min: 0, Avg:  0.0, Max: 0, Diff: 0, Sum: 0, Workers: 4
[43.631s][debug][gc,phases      ] GC(92)   StringDedup Requests0 Weak     Min:  0.0, Avg:  0.0, Max:  0.0, Diff:  0.0, Sum:  0.0, Workers: 4
[43.631s][debug][gc,phases      ] GC(92)     Dead                           Min: 0, Avg:  0.0, Max: 0, Diff: 0, Sum: 0, Workers: 4
[43.631s][debug][gc,phases      ] GC(92)     Total                          Min: 0, Avg:  0.0, Max: 0, Diff: 0, Sum: 0, Workers: 4
[43.631s][debug][gc,phases      ] GC(92)   StringDedup Requests1 Weak     Min:  0.0, Avg:  0.0, Max:  0.0, Diff:  0.0, Sum:  0.0, Workers: 4
[43.631s][debug][gc,phases      ] GC(92)     Dead                           Min: 0, Avg:  0.0, Max: 0, Diff: 0, Sum: 0, Workers: 4
[43.631s][debug][gc,phases      ] GC(92)     Total                          Min: 0, Avg:  0.0, Max: 0, Diff: 0, Sum: 0, Workers: 4
[43.631s][debug][gc,phases      ] GC(92)   Weak JFR Old Object Samples    Min:  0.0, Avg:  0.0, Max:  0.0, Diff:  0.0, Sum:  0.0, Workers: 4
[43.631s][debug][gc,phases      ] GC(92)     Dead                           Min: 0, Avg:  0.0, Max: 0, Diff: 0, Sum: 0, Workers: 4
[43.631s][debug][gc,phases      ] GC(92)     Total                          Min: 0, Avg:  0.0, Max: 0, Diff: 0, Sum: 0, Workers: 4
[43.631s][debug][gc,phases      ] GC(92) Weak Processing 0.334ms
[43.631s][debug][gc,age         ] GC(92) Desired survivor size 165150720 bytes, new threshold 15 (max threshold 15)
[43.631s][info ][gc,heap        ] GC(92) PSYoungGen: 1773696K(1933824K)->3520K(1933824K) Eden: 1770496K(1770496K)->0K(1770496K) From: 3200K(163328K)->3520K(163328K)
[43.631s][info ][gc,heap        ] GC(92) ParOldGen: 473331K(542208K)->473331K(542208K)
[43.631s][info ][gc,metaspace   ] GC(92) Metaspace: 80761K(81600K)->80761K(81600K) NonClass: 69257K(69696K)->69257K(69696K) Class: 11504K(11904K)->11504K(11904K)
[43.631s][info ][gc             ] GC(92) Pause Young (Allocation Failure) 2194M->465M(2418M) 5.426ms
[43.631s][info ][gc,cpu         ] GC(92) User=0.02s Sys=0.00s Real=0.00s
[43.631s][info ][safepoint      ] Safepoint "ParallelGCFailedAllocation", Time since last: 124138127 ns, Reaching safepoint: 373826 ns, At safepoint: 5540594 ns, Total: 5914420 ns
[44.122s][info ][gc,start       ] GC(93) Pause Young (Allocation Failure)
[44.125s][debug][gc,phases      ] GC(93) Scavenge 3.005ms
[44.125s][debug][gc,ref         ] GC(93) Skipped phase 1 of Reference Processing: no references
[44.125s][debug][gc,ref         ] GC(93) ReferenceProcessor::execute queues: 1, RefProcThreadModel::Single, marks_oops_alive: false
[44.125s][debug][gc,ref         ] GC(93) Skipped phase 3 of Reference Processing: no references
[44.125s][debug][gc,ref         ] GC(93) Skipped phase 4 of Reference Processing: no references
[44.125s][debug][gc,phases      ] GC(93) Reference Processing 0.100ms
[44.125s][debug][gc,phases      ] GC(93)   VM Weak                        Min:  0.0, Avg:  0.0, Max:  0.0, Diff:  0.0, Sum:  0.0, Workers: 4
[44.125s][debug][gc,phases      ] GC(93)     Dead                           Min: 0, Avg:  0.0, Max: 0, Diff: 0, Sum: 0, Workers: 4
[44.125s][debug][gc,phases      ] GC(93)     Total                          Min: 0, Avg: 165.5, Max: 640, Diff: 640, Sum: 662, Workers: 4
[44.125s][debug][gc,phases      ] GC(93)   ObjectSynchronizer Weak        Min:  0.0, Avg:  0.0, Max:  0.0, Diff:  0.0, Sum:  0.0, Workers: 4
[44.125s][debug][gc,phases      ] GC(93)     Dead                           Min: 0, Avg:  0.0, Max: 0, Diff: 0, Sum: 0, Workers: 4
[44.125s][debug][gc,phases      ] GC(93)     Total                          Min: 0, Avg: 71.2, Max: 157, Diff: 157, Sum: 285, Workers: 4
[44.125s][debug][gc,phases      ] GC(93)   JVMTI Tag Weak OopStorage      Min:  0.0, Avg:  0.0, Max:  0.0, Diff:  0.0, Sum:  0.0, Workers: 4
[44.125s][debug][gc,phases      ] GC(93)     Dead                           Min: 0, Avg:  0.0, Max: 0, Diff: 0, Sum: 0, Workers: 4
[44.125s][debug][gc,phases      ] GC(93)     Total                          Min: 0, Avg:  0.0, Max: 0, Diff: 0, Sum: 0, Workers: 4
[44.125s][debug][gc,phases      ] GC(93)   StringTable Weak               Min:  0.1, Avg:  0.1, Max:  0.1, Diff:  0.0, Sum:  0.4, Workers: 4
[44.125s][debug][gc,phases      ] GC(93)     Dead                           Min: 0, Avg:  0.0, Max: 0, Diff: 0, Sum: 0, Workers: 4
[44.125s][debug][gc,phases      ] GC(93)     Total                          Min: 11584, Avg: 11747.5, Max: 11904, Diff: 320, Sum: 46990, Workers: 4
[44.125s][debug][gc,phases      ] GC(93)   ResolvedMethodTable Weak       Min:  0.0, Avg:  0.0, Max:  0.0, Diff:  0.0, Sum:  0.1, Workers: 4
[44.125s][debug][gc,phases      ] GC(93)     Dead                           Min: 0, Avg:  0.0, Max: 0, Diff: 0, Sum: 0, Workers: 4
[44.125s][debug][gc,phases      ] GC(93)     Total                          Min: 1737, Avg: 1987.2, Max: 2228, Diff: 491, Sum: 7949, Workers: 4
[44.125s][debug][gc,phases      ] GC(93)   JNI Weak                       Min:  0.0, Avg:  0.0, Max:  0.0, Diff:  0.0, Sum:  0.0, Workers: 4
[44.125s][debug][gc,phases      ] GC(93)     Dead                           Min: 0, Avg:  0.0, Max: 0, Diff: 0, Sum: 0, Workers: 4
[44.125s][debug][gc,phases      ] GC(93)     Total                          Min: 0, Avg:  1.5, Max: 6, Diff: 6, Sum: 6, Workers: 4
[44.125s][debug][gc,phases      ] GC(93)   StringDedup Table Weak         Min:  0.0, Avg:  0.0, Max:  0.0, Diff:  0.0, Sum:  0.0, Workers: 4
[44.125s][debug][gc,phases      ] GC(93)     Dead                           Min: 0, Avg:  0.0, Max: 0, Diff: 0, Sum: 0, Workers: 4
[44.125s][debug][gc,phases      ] GC(93)     Total                          Min: 0, Avg:  0.0, Max: 0, Diff: 0, Sum: 0, Workers: 4
[44.125s][debug][gc,phases      ] GC(93)   StringDedup Requests0 Weak     Min:  0.0, Avg:  0.0, Max:  0.0, Diff:  0.0, Sum:  0.0, Workers: 4
[44.125s][debug][gc,phases      ] GC(93)     Dead                           Min: 0, Avg:  0.0, Max: 0, Diff: 0, Sum: 0, Workers: 4
[44.125s][debug][gc,phases      ] GC(93)     Total                          Min: 0, Avg:  0.0, Max: 0, Diff: 0, Sum: 0, Workers: 4
[44.125s][debug][gc,phases      ] GC(93)   StringDedup Requests1 Weak     Min:  0.0, Avg:  0.0, Max:  0.0, Diff:  0.0, Sum:  0.0, Workers: 4
[44.125s][debug][gc,phases      ] GC(93)     Dead                           Min: 0, Avg:  0.0, Max: 0, Diff: 0, Sum: 0, Workers: 4
[44.125s][debug][gc,phases      ] GC(93)     Total                          Min: 0, Avg:  0.0, Max: 0, Diff: 0, Sum: 0, Workers: 4
[44.125s][debug][gc,phases      ] GC(93)   Weak JFR Old Object Samples    Min:  0.0, Avg:  0.0, Max:  0.0, Diff:  0.0, Sum:  0.0, Workers: 4
[44.125s][debug][gc,phases      ] GC(93)     Dead                           Min: 0, Avg:  0.0, Max: 0, Diff: 0, Sum: 0, Workers: 4
[44.125s][debug][gc,phases      ] GC(93)     Total                          Min: 0, Avg:  0.0, Max: 0, Diff: 0, Sum: 0, Workers: 4
[44.125s][debug][gc,phases      ] GC(93) Weak Processing 0.304ms
[44.125s][debug][gc,age         ] GC(93) Desired survivor size 162004992 bytes, new threshold 15 (max threshold 15)
[44.126s][info ][gc,heap        ] GC(93) PSYoungGen: 1774016K(1933824K)->3936K(1938944K) Eden: 1770496K(1770496K)->0K(1777664K) From: 3520K(163328K)->3936K(161280K)
[44.126s][info ][gc,heap        ] GC(93) ParOldGen: 473331K(542208K)->473331K(542208K)
[44.126s][info ][gc,metaspace   ] GC(93) Metaspace: 80797K(81664K)->80797K(81664K) NonClass: 69289K(69760K)->69289K(69760K) Class: 11507K(11904K)->11507K(11904K)
[44.126s][info ][gc             ] GC(93) Pause Young (Allocation Failure) 2194M->466M(2423M) 3.535ms
[44.126s][info ][gc,cpu         ] GC(93) User=0.01s Sys=0.00s Real=0.01s
[44.126s][info ][safepoint      ] Safepoint "ParallelGCFailedAllocation", Time since last: 486913910 ns, Reaching safepoint: 4347709 ns, At safepoint: 3644059 ns, Total: 7991768 ns
[44.551s][info ][gc,start       ] GC(94) Pause Young (Allocation Failure)
[44.554s][debug][gc,phases      ] GC(94) Scavenge 3.078ms
[44.554s][debug][gc,ref         ] GC(94) Skipped phase 1 of Reference Processing: no references
[44.554s][debug][gc,ref         ] GC(94) ReferenceProcessor::execute queues: 1, RefProcThreadModel::Single, marks_oops_alive: false
[44.554s][debug][gc,ref         ] GC(94) Skipped phase 3 of Reference Processing: no references
[44.554s][debug][gc,ref         ] GC(94) Skipped phase 4 of Reference Processing: no references
[44.554s][debug][gc,phases      ] GC(94) Reference Processing 0.098ms
[44.554s][debug][gc,phases      ] GC(94)   VM Weak                        Min:  0.0, Avg:  0.0, Max:  0.0, Diff:  0.0, Sum:  0.0, Workers: 4
[44.554s][debug][gc,phases      ] GC(94)     Dead                           Min: 0, Avg:  0.0, Max: 0, Diff: 0, Sum: 0, Workers: 4
[44.554s][debug][gc,phases      ] GC(94)     Total                          Min: 0, Avg: 165.5, Max: 534, Diff: 534, Sum: 662, Workers: 4
[44.554s][debug][gc,phases      ] GC(94)   ObjectSynchronizer Weak        Min:  0.0, Avg:  0.0, Max:  0.0, Diff:  0.0, Sum:  0.0, Workers: 4
[44.554s][debug][gc,phases      ] GC(94)     Dead                           Min: 0, Avg:  0.0, Max: 0, Diff: 0, Sum: 0, Workers: 4
[44.554s][debug][gc,phases      ] GC(94)     Total                          Min: 0, Avg: 71.2, Max: 157, Diff: 157, Sum: 285, Workers: 4
[44.554s][debug][gc,phases      ] GC(94)   JVMTI Tag Weak OopStorage      Min:  0.0, Avg:  0.0, Max:  0.0, Diff:  0.0, Sum:  0.0, Workers: 4
[44.554s][debug][gc,phases      ] GC(94)     Dead                           Min: 0, Avg:  0.0, Max: 0, Diff: 0, Sum: 0, Workers: 4
[44.554s][debug][gc,phases      ] GC(94)     Total                          Min: 0, Avg:  0.0, Max: 0, Diff: 0, Sum: 0, Workers: 4
[44.554s][debug][gc,phases      ] GC(94)   StringTable Weak               Min:  0.1, Avg:  0.1, Max:  0.1, Diff:  0.0, Sum:  0.4, Workers: 4
[44.554s][debug][gc,phases      ] GC(94)     Dead                           Min: 0, Avg:  0.0, Max: 0, Diff: 0, Sum: 0, Workers: 4
[44.554s][debug][gc,phases      ] GC(94)     Total                          Min: 10368, Avg: 11751.5, Max: 12574, Diff: 2206, Sum: 47006, Workers: 4
[44.554s][debug][gc,phases      ] GC(94)   ResolvedMethodTable Weak       Min:  0.0, Avg:  0.0, Max:  0.0, Diff:  0.0, Sum:  0.1, Workers: 4
[44.554s][debug][gc,phases      ] GC(94)     Dead                           Min: 0, Avg:  0.0, Max: 0, Diff: 0, Sum: 0, Workers: 4
[44.554s][debug][gc,phases      ] GC(94)     Total                          Min: 1864, Avg: 1987.2, Max: 2102, Diff: 238, Sum: 7949, Workers: 4
[44.554s][debug][gc,phases      ] GC(94)   JNI Weak                       Min:  0.0, Avg:  0.0, Max:  0.0, Diff:  0.0, Sum:  0.0, Workers: 4
[44.554s][debug][gc,phases      ] GC(94)     Dead                           Min: 0, Avg:  0.0, Max: 0, Diff: 0, Sum: 0, Workers: 4
[44.554s][debug][gc,phases      ] GC(94)     Total                          Min: 0, Avg:  0.0, Max: 0, Diff: 0, Sum: 0, Workers: 4
[44.554s][debug][gc,phases      ] GC(94)   StringDedup Table Weak         Min:  0.0, Avg:  0.0, Max:  0.0, Diff:  0.0, Sum:  0.0, Workers: 4
[44.554s][debug][gc,phases      ] GC(94)     Dead                           Min: 0, Avg:  0.0, Max: 0, Diff: 0, Sum: 0, Workers: 4
[44.554s][debug][gc,phases      ] GC(94)     Total                          Min: 0, Avg:  0.0, Max: 0, Diff: 0, Sum: 0, Workers: 4
[44.554s][debug][gc,phases      ] GC(94)   StringDedup Requests0 Weak     Min:  0.0, Avg:  0.0, Max:  0.0, Diff:  0.0, Sum:  0.0, Workers: 4
[44.554s][debug][gc,phases      ] GC(94)     Dead                           Min: 0, Avg:  0.0, Max: 0, Diff: 0, Sum: 0, Workers: 4
[44.554s][debug][gc,phases      ] GC(94)     Total                          Min: 0, Avg:  0.0, Max: 0, Diff: 0, Sum: 0, Workers: 4
[44.554s][debug][gc,phases      ] GC(94)   StringDedup Requests1 Weak     Min:  0.0, Avg:  0.0, Max:  0.0, Diff:  0.0, Sum:  0.0, Workers: 4
[44.554s][debug][gc,phases      ] GC(94)     Dead                           Min: 0, Avg:  0.0, Max: 0, Diff: 0, Sum: 0, Workers: 4
[44.554s][debug][gc,phases      ] GC(94)     Total                          Min: 0, Avg:  0.0, Max: 0, Diff: 0, Sum: 0, Workers: 4
[44.554s][debug][gc,phases      ] GC(94)   Weak JFR Old Object Samples    Min:  0.0, Avg:  0.0, Max:  0.0, Diff:  0.0, Sum:  0.0, Workers: 4
[44.554s][debug][gc,phases      ] GC(94)     Dead                           Min: 0, Avg:  0.0, Max: 0, Diff: 0, Sum: 0, Workers: 4
[44.554s][debug][gc,phases      ] GC(94)     Total                          Min: 0, Avg:  0.0, Max: 0, Diff: 0, Sum: 0, Workers: 4
[44.554s][debug][gc,phases      ] GC(94) Weak Processing 0.308ms
[44.554s][debug][gc,age         ] GC(94) Desired survivor size 157810688 bytes, new threshold 15 (max threshold 15)
[44.554s][info ][gc,heap        ] GC(94) PSYoungGen: 1781600K(1938944K)->4224K(1935872K) Eden: 1777664K(1777664K)->0K(1777664K) From: 3936K(161280K)->4224K(158208K)
[44.554s][info ][gc,heap        ] GC(94) ParOldGen: 473331K(542208K)->473331K(542208K)
[44.554s][info ][gc,metaspace   ] GC(94) Metaspace: 80832K(81664K)->80832K(81664K) NonClass: 69325K(69760K)->69325K(69760K) Class: 11507K(11904K)->11507K(11904K)
[44.554s][info ][gc             ] GC(94) Pause Young (Allocation Failure) 2202M->466M(2420M) 3.617ms
[44.554s][info ][gc,cpu         ] GC(94) User=0.01s Sys=0.00s Real=0.01s
[44.554s][info ][safepoint      ] Safepoint "ParallelGCFailedAllocation", Time since last: 424757992 ns, Reaching safepoint: 244317 ns, At safepoint: 3737266 ns, Total: 3981583 ns
[45.001s][info ][gc,start       ] GC(95) Pause Young (Allocation Failure)
[45.005s][debug][gc,phases      ] GC(95) Scavenge 3.779ms
[45.005s][debug][gc,ref         ] GC(95) Skipped phase 1 of Reference Processing: no references
[45.005s][debug][gc,ref         ] GC(95) ReferenceProcessor::execute queues: 1, RefProcThreadModel::Single, marks_oops_alive: false
[45.005s][debug][gc,ref         ] GC(95) Skipped phase 3 of Reference Processing: no references
[45.005s][debug][gc,ref         ] GC(95) Skipped phase 4 of Reference Processing: no references
[45.005s][debug][gc,phases      ] GC(95) Reference Processing 0.103ms
[45.005s][debug][gc,phases      ] GC(95)   VM Weak                        Min:  0.0, Avg:  0.0, Max:  0.0, Diff:  0.0, Sum:  0.0, Workers: 4
[45.005s][debug][gc,phases      ] GC(95)     Dead                           Min: 0, Avg:  0.0, Max: 0, Diff: 0, Sum: 0, Workers: 4
[45.005s][debug][gc,phases      ] GC(95)     Total                          Min: 0, Avg: 165.5, Max: 534, Diff: 534, Sum: 662, Workers: 4
[45.005s][debug][gc,phases      ] GC(95)   ObjectSynchronizer Weak        Min:  0.0, Avg:  0.0, Max:  0.0, Diff:  0.0, Sum:  0.0, Workers: 4
[45.005s][debug][gc,phases      ] GC(95)     Dead                           Min: 0, Avg:  0.0, Max: 0, Diff: 0, Sum: 0, Workers: 4
[45.005s][debug][gc,phases      ] GC(95)     Total                          Min: 0, Avg: 71.2, Max: 128, Diff: 128, Sum: 285, Workers: 4
[45.005s][debug][gc,phases      ] GC(95)   JVMTI Tag Weak OopStorage      Min:  0.0, Avg:  0.0, Max:  0.0, Diff:  0.0, Sum:  0.0, Workers: 4
[45.005s][debug][gc,phases      ] GC(95)     Dead                           Min: 0, Avg:  0.0, Max: 0, Diff: 0, Sum: 0, Workers: 4
[45.005s][debug][gc,phases      ] GC(95)     Total                          Min: 0, Avg:  0.0, Max: 0, Diff: 0, Sum: 0, Workers: 4
[45.005s][debug][gc,phases      ] GC(95)   StringTable Weak               Min:  0.1, Avg:  0.1, Max:  0.1, Diff:  0.0, Sum:  0.4, Workers: 4
[45.005s][debug][gc,phases      ] GC(95)     Dead                           Min: 0, Avg:  0.0, Max: 0, Diff: 0, Sum: 0, Workers: 4
[45.005s][debug][gc,phases      ] GC(95)     Total                          Min: 11200, Avg: 11754.0, Max: 12456, Diff: 1256, Sum: 47016, Workers: 4
[45.005s][debug][gc,phases      ] GC(95)   ResolvedMethodTable Weak       Min:  0.0, Avg:  0.0, Max:  0.0, Diff:  0.0, Sum:  0.2, Workers: 4
[45.005s][debug][gc,phases      ] GC(95)     Dead                           Min: 0, Avg:  0.0, Max: 0, Diff: 0, Sum: 0, Workers: 4
[45.005s][debug][gc,phases      ] GC(95)     Total                          Min: 1711, Avg: 1987.2, Max: 2257, Diff: 546, Sum: 7949, Workers: 4
[45.005s][debug][gc,phases      ] GC(95)   JNI Weak                       Min:  0.0, Avg:  0.0, Max:  0.0, Diff:  0.0, Sum:  0.0, Workers: 4
[45.005s][debug][gc,phases      ] GC(95)     Dead                           Min: 0, Avg:  0.0, Max: 0, Diff: 0, Sum: 0, Workers: 4
[45.005s][debug][gc,phases      ] GC(95)     Total                          Min: 0, Avg:  0.8, Max: 3, Diff: 3, Sum: 3, Workers: 4
[45.005s][debug][gc,phases      ] GC(95)   StringDedup Table Weak         Min:  0.0, Avg:  0.0, Max:  0.0, Diff:  0.0, Sum:  0.0, Workers: 4
[45.005s][debug][gc,phases      ] GC(95)     Dead                           Min: 0, Avg:  0.0, Max: 0, Diff: 0, Sum: 0, Workers: 4
[45.005s][debug][gc,phases      ] GC(95)     Total                          Min: 0, Avg:  0.0, Max: 0, Diff: 0, Sum: 0, Workers: 4
[45.005s][debug][gc,phases      ] GC(95)   StringDedup Requests0 Weak     Min:  0.0, Avg:  0.0, Max:  0.0, Diff:  0.0, Sum:  0.0, Workers: 4
[45.005s][debug][gc,phases      ] GC(95)     Dead                           Min: 0, Avg:  0.0, Max: 0, Diff: 0, Sum: 0, Workers: 4
[45.005s][debug][gc,phases      ] GC(95)     Total                          Min: 0, Avg:  0.0, Max: 0, Diff: 0, Sum: 0, Workers: 4
[45.005s][debug][gc,phases      ] GC(95)   StringDedup Requests1 Weak     Min:  0.0, Avg:  0.0, Max:  0.0, Diff:  0.0, Sum:  0.0, Workers: 4
[45.005s][debug][gc,phases      ] GC(95)     Dead                           Min: 0, Avg:  0.0, Max: 0, Diff: 0, Sum: 0, Workers: 4
[45.005s][debug][gc,phases      ] GC(95)     Total                          Min: 0, Avg:  0.0, Max: 0, Diff: 0, Sum: 0, Workers: 4
[45.005s][debug][gc,phases      ] GC(95)   Weak JFR Old Object Samples    Min:  0.0, Avg:  0.0, Max:  0.0, Diff:  0.0, Sum:  0.0, Workers: 4
[45.005s][debug][gc,phases      ] GC(95)     Dead                           Min: 0, Avg:  0.0, Max: 0, Diff: 0, Sum: 0, Workers: 4
[45.005s][debug][gc,phases      ] GC(95)     Total                          Min: 0, Avg:  0.0, Max: 0, Diff: 0, Sum: 0, Workers: 4
[45.005s][debug][gc,phases      ] GC(95) Weak Processing 0.320ms
[45.005s][debug][gc,age         ] GC(95) Desired survivor size 153092096 bytes, new threshold 15 (max threshold 15)
[45.005s][info ][gc,heap        ] GC(95) PSYoungGen: 1781888K(1935872K)->4640K(1947648K) Eden: 1777664K(1777664K)->0K(1793536K) From: 4224K(158208K)->4640K(154112K)
[45.005s][info ][gc,heap        ] GC(95) ParOldGen: 473331K(542208K)->473339K(542208K)
[45.005s][info ][gc,metaspace   ] GC(95) Metaspace: 80878K(81728K)->80878K(81728K) NonClass: 69370K(69824K)->69370K(69824K) Class: 11507K(11904K)->11507K(11904K)
[45.005s][info ][gc             ] GC(95) Pause Young (Allocation Failure) 2202M->466M(2431M) 4.359ms
[45.005s][info ][gc,cpu         ] GC(95) User=0.02s Sys=0.00s Real=0.01s
[45.005s][info ][safepoint      ] Safepoint "ParallelGCFailedAllocation", Time since last: 446256008 ns, Reaching safepoint: 243317 ns, At safepoint: 4463717 ns, Total: 4707034 ns
[45.458s][info ][gc,start       ] GC(96) Pause Young (Allocation Failure)
[45.462s][debug][gc,phases      ] GC(96) Scavenge 3.927ms
[45.462s][debug][gc,ref         ] GC(96) Skipped phase 1 of Reference Processing: no references
[45.462s][debug][gc,ref         ] GC(96) ReferenceProcessor::execute queues: 1, RefProcThreadModel::Single, marks_oops_alive: false
[45.462s][debug][gc,ref         ] GC(96) Skipped phase 3 of Reference Processing: no references
[45.462s][debug][gc,ref         ] GC(96) Skipped phase 4 of Reference Processing: no references
[45.462s][debug][gc,phases      ] GC(96) Reference Processing 0.100ms
[45.462s][debug][gc,phases      ] GC(96)   VM Weak                        Min:  0.0, Avg:  0.0, Max:  0.0, Diff:  0.0, Sum:  0.0, Workers: 4
[45.462s][debug][gc,phases      ] GC(96)     Dead                           Min: 0, Avg:  0.0, Max: 0, Diff: 0, Sum: 0, Workers: 4
[45.462s][debug][gc,phases      ] GC(96)     Total                          Min: 0, Avg: 165.5, Max: 512, Diff: 512, Sum: 662, Workers: 4
[45.462s][debug][gc,phases      ] GC(96)   ObjectSynchronizer Weak        Min:  0.0, Avg:  0.0, Max:  0.0, Diff:  0.0, Sum:  0.0, Workers: 4
[45.462s][debug][gc,phases      ] GC(96)     Dead                           Min: 0, Avg:  0.0, Max: 0, Diff: 0, Sum: 0, Workers: 4
[45.462s][debug][gc,phases      ] GC(96)     Total                          Min: 0, Avg: 71.2, Max: 128, Diff: 128, Sum: 285, Workers: 4
[45.462s][debug][gc,phases      ] GC(96)   JVMTI Tag Weak OopStorage      Min:  0.0, Avg:  0.0, Max:  0.0, Diff:  0.0, Sum:  0.0, Workers: 4
[45.462s][debug][gc,phases      ] GC(96)     Dead                           Min: 0, Avg:  0.0, Max: 0, Diff: 0, Sum: 0, Workers: 4
[45.462s][debug][gc,phases      ] GC(96)     Total                          Min: 0, Avg:  0.0, Max: 0, Diff: 0, Sum: 0, Workers: 4
[45.462s][debug][gc,phases      ] GC(96)   StringTable Weak               Min:  0.1, Avg:  0.1, Max:  0.1, Diff:  0.0, Sum:  0.4, Workers: 4
[45.462s][debug][gc,phases      ] GC(96)     Dead                           Min: 0, Avg:  0.0, Max: 0, Diff: 0, Sum: 0, Workers: 4
[45.462s][debug][gc,phases      ] GC(96)     Total                          Min: 10752, Avg: 11754.2, Max: 13184, Diff: 2432, Sum: 47017, Workers: 4
[45.462s][debug][gc,phases      ] GC(96)   ResolvedMethodTable Weak       Min:  0.0, Avg:  0.0, Max:  0.0, Diff:  0.0, Sum:  0.1, Workers: 4
[45.462s][debug][gc,phases      ] GC(96)     Dead                           Min: 0, Avg:  0.0, Max: 0, Diff: 0, Sum: 0, Workers: 4
[45.462s][debug][gc,phases      ] GC(96)     Total                          Min: 1735, Avg: 1987.2, Max: 2321, Diff: 586, Sum: 7949, Workers: 4
[45.462s][debug][gc,phases      ] GC(96)   JNI Weak                       Min:  0.0, Avg:  0.0, Max:  0.0, Diff:  0.0, Sum:  0.0, Workers: 4
[45.462s][debug][gc,phases      ] GC(96)     Dead                           Min: 0, Avg:  0.0, Max: 0, Diff: 0, Sum: 0, Workers: 4
[45.462s][debug][gc,phases      ] GC(96)     Total                          Min: 0, Avg:  1.5, Max: 6, Diff: 6, Sum: 6, Workers: 4
[45.462s][debug][gc,phases      ] GC(96)   StringDedup Table Weak         Min:  0.0, Avg:  0.0, Max:  0.0, Diff:  0.0, Sum:  0.0, Workers: 4
[45.462s][debug][gc,phases      ] GC(96)     Dead                           Min: 0, Avg:  0.0, Max: 0, Diff: 0, Sum: 0, Workers: 4
[45.462s][debug][gc,phases      ] GC(96)     Total                          Min: 0, Avg:  0.0, Max: 0, Diff: 0, Sum: 0, Workers: 4
[45.462s][debug][gc,phases      ] GC(96)   StringDedup Requests0 Weak     Min:  0.0, Avg:  0.0, Max:  0.0, Diff:  0.0, Sum:  0.0, Workers: 4
[45.462s][debug][gc,phases      ] GC(96)     Dead                           Min: 0, Avg:  0.0, Max: 0, Diff: 0, Sum: 0, Workers: 4
[45.462s][debug][gc,phases      ] GC(96)     Total                          Min: 0, Avg:  0.0, Max: 0, Diff: 0, Sum: 0, Workers: 4
[45.462s][debug][gc,phases      ] GC(96)   StringDedup Requests1 Weak     Min:  0.0, Avg:  0.0, Max:  0.0, Diff:  0.0, Sum:  0.0, Workers: 4
[45.462s][debug][gc,phases      ] GC(96)     Dead                           Min: 0, Avg:  0.0, Max: 0, Diff: 0, Sum: 0, Workers: 4
[45.462s][debug][gc,phases      ] GC(96)     Total                          Min: 0, Avg:  0.0, Max: 0, Diff: 0, Sum: 0, Workers: 4
[45.462s][debug][gc,phases      ] GC(96)   Weak JFR Old Object Samples    Min:  0.0, Avg:  0.0, Max:  0.0, Diff:  0.0, Sum:  0.0, Workers: 4
[45.462s][debug][gc,phases      ] GC(96)     Dead                           Min: 0, Avg:  0.0, Max: 0, Diff: 0, Sum: 0, Workers: 4
[45.462s][debug][gc,phases      ] GC(96)     Total                          Min: 0, Avg:  0.0, Max: 0, Diff: 0, Sum: 0, Workers: 4
[45.462s][debug][gc,phases      ] GC(96) Weak Processing 0.306ms
[45.462s][debug][gc,age         ] GC(96) Desired survivor size 147324928 bytes, new threshold 15 (max threshold 15)
[45.462s][info ][gc,heap        ] GC(96) PSYoungGen: 1798176K(1947648K)->5024K(1943040K) Eden: 1793536K(1793536K)->0K(1793536K) From: 4640K(154112K)->5024K(149504K)
[45.462s][info ][gc,heap        ] GC(96) ParOldGen: 473339K(542208K)->473339K(542208K)
[45.462s][info ][gc,metaspace   ] GC(96) Metaspace: 80890K(81728K)->80890K(81728K) NonClass: 69383K(69824K)->69383K(69824K) Class: 11507K(11904K)->11507K(11904K)
[45.462s][info ][gc             ] GC(96) Pause Young (Allocation Failure) 2218M->467M(2427M) 4.464ms
[45.462s][info ][gc,cpu         ] GC(96) User=0.02s Sys=0.00s Real=0.00s
[45.462s][info ][safepoint      ] Safepoint "ParallelGCFailedAllocation", Time since last: 443760829 ns, Reaching safepoint: 8577009 ns, At safepoint: 4576425 ns, Total: 13153434 ns
[45.913s][info ][gc,start       ] GC(97) Pause Young (Allocation Failure)
[45.917s][debug][gc,phases      ] GC(97) Scavenge 4.078ms
[45.917s][debug][gc,ref         ] GC(97) Skipped phase 1 of Reference Processing: no references
[45.917s][debug][gc,ref         ] GC(97) ReferenceProcessor::execute queues: 1, RefProcThreadModel::Single, marks_oops_alive: false
[45.917s][debug][gc,ref         ] GC(97) Skipped phase 3 of Reference Processing: no references
[45.917s][debug][gc,ref         ] GC(97) ReferenceProcessor::execute queues: 1, RefProcThreadModel::Single, marks_oops_alive: false
[45.917s][debug][gc,phases      ] GC(97) Reference Processing 0.108ms
[45.917s][debug][gc,phases      ] GC(97)   VM Weak                        Min:  0.0, Avg:  0.0, Max:  0.0, Diff:  0.0, Sum:  0.0, Workers: 4
[45.917s][debug][gc,phases      ] GC(97)     Dead                           Min: 0, Avg:  0.0, Max: 0, Diff: 0, Sum: 0, Workers: 4
[45.917s][debug][gc,phases      ] GC(97)     Total                          Min: 0, Avg: 165.8, Max: 343, Diff: 343, Sum: 663, Workers: 4
[45.917s][debug][gc,phases      ] GC(97)   ObjectSynchronizer Weak        Min:  0.0, Avg:  0.0, Max:  0.0, Diff:  0.0, Sum:  0.0, Workers: 4
[45.917s][debug][gc,phases      ] GC(97)     Dead                           Min: 0, Avg:  0.0, Max: 0, Diff: 0, Sum: 0, Workers: 4
[45.917s][debug][gc,phases      ] GC(97)     Total                          Min: 0, Avg: 71.2, Max: 157, Diff: 157, Sum: 285, Workers: 4
[45.917s][debug][gc,phases      ] GC(97)   JVMTI Tag Weak OopStorage      Min:  0.0, Avg:  0.0, Max:  0.0, Diff:  0.0, Sum:  0.0, Workers: 4
[45.917s][debug][gc,phases      ] GC(97)     Dead                           Min: 0, Avg:  0.0, Max: 0, Diff: 0, Sum: 0, Workers: 4
[45.917s][debug][gc,phases      ] GC(97)     Total                          Min: 0, Avg:  0.0, Max: 0, Diff: 0, Sum: 0, Workers: 4
[45.917s][debug][gc,phases      ] GC(97)   StringTable Weak               Min:  0.1, Avg:  0.1, Max:  0.1, Diff:  0.0, Sum:  0.4, Workers: 4
[45.917s][debug][gc,phases      ] GC(97)     Dead                           Min: 0, Avg:  0.5, Max: 1, Diff: 1, Sum: 2, Workers: 4
[45.917s][debug][gc,phases      ] GC(97)     Total                          Min: 9920, Avg: 11760.5, Max: 13119, Diff: 3199, Sum: 47042, Workers: 4
[45.917s][debug][gc,phases      ] GC(97)   ResolvedMethodTable Weak       Min:  0.0, Avg:  0.0, Max:  0.0, Diff:  0.0, Sum:  0.1, Workers: 4
[45.917s][debug][gc,phases      ] GC(97)     Dead                           Min: 0, Avg:  0.0, Max: 0, Diff: 0, Sum: 0, Workers: 4
[45.917s][debug][gc,phases      ] GC(97)     Total                          Min: 1912, Avg: 1991.5, Max: 2163, Diff: 251, Sum: 7966, Workers: 4
[45.917s][debug][gc,phases      ] GC(97)   JNI Weak                       Min:  0.0, Avg:  0.0, Max:  0.0, Diff:  0.0, Sum:  0.0, Workers: 4
[45.917s][debug][gc,phases      ] GC(97)     Dead                           Min: 0, Avg:  0.0, Max: 0, Diff: 0, Sum: 0, Workers: 4
[45.917s][debug][gc,phases      ] GC(97)     Total                          Min: 0, Avg:  2.2, Max: 9, Diff: 9, Sum: 9, Workers: 4
[45.917s][debug][gc,phases      ] GC(97)   StringDedup Table Weak         Min:  0.0, Avg:  0.0, Max:  0.0, Diff:  0.0, Sum:  0.0, Workers: 4
[45.917s][debug][gc,phases      ] GC(97)     Dead                           Min: 0, Avg:  0.0, Max: 0, Diff: 0, Sum: 0, Workers: 4
[45.917s][debug][gc,phases      ] GC(97)     Total                          Min: 0, Avg:  0.0, Max: 0, Diff: 0, Sum: 0, Workers: 4
[45.917s][debug][gc,phases      ] GC(97)   StringDedup Requests0 Weak     Min:  0.0, Avg:  0.0, Max:  0.0, Diff:  0.0, Sum:  0.0, Workers: 4
[45.917s][debug][gc,phases      ] GC(97)     Dead                           Min: 0, Avg:  0.0, Max: 0, Diff: 0, Sum: 0, Workers: 4
[45.917s][debug][gc,phases      ] GC(97)     Total                          Min: 0, Avg:  0.0, Max: 0, Diff: 0, Sum: 0, Workers: 4
[45.917s][debug][gc,phases      ] GC(97)   StringDedup Requests1 Weak     Min:  0.0, Avg:  0.0, Max:  0.0, Diff:  0.0, Sum:  0.0, Workers: 4
[45.917s][debug][gc,phases      ] GC(97)     Dead                           Min: 0, Avg:  0.0, Max: 0, Diff: 0, Sum: 0, Workers: 4
[45.917s][debug][gc,phases      ] GC(97)     Total                          Min: 0, Avg:  0.0, Max: 0, Diff: 0, Sum: 0, Workers: 4
[45.917s][debug][gc,phases      ] GC(97)   Weak JFR Old Object Samples    Min:  0.0, Avg:  0.0, Max:  0.0, Diff:  0.0, Sum:  0.0, Workers: 4
[45.917s][debug][gc,phases      ] GC(97)     Dead                           Min: 0, Avg:  0.0, Max: 0, Diff: 0, Sum: 0, Workers: 4
[45.917s][debug][gc,phases      ] GC(97)     Total                          Min: 0, Avg:  0.0, Max: 0, Diff: 0, Sum: 0, Workers: 4
[45.917s][debug][gc,phases      ] GC(97) Weak Processing 0.321ms
[45.917s][debug][gc,age         ] GC(97) Desired survivor size 141033472 bytes, new threshold 15 (max threshold 15)
[45.917s][info ][gc,heap        ] GC(97) PSYoungGen: 1798560K(1943040K)->5472K(1959424K) Eden: 1793536K(1793536K)->0K(1815552K) From: 5024K(149504K)->5472K(143872K)
[45.917s][info ][gc,heap        ] GC(97) ParOldGen: 473339K(542208K)->473347K(542208K)
[45.917s][info ][gc,metaspace   ] GC(97) Metaspace: 80979K(81792K)->80979K(81792K) NonClass: 69458K(69888K)->69458K(69888K) Class: 11521K(11904K)->11521K(11904K)
[45.917s][info ][gc             ] GC(97) Pause Young (Allocation Failure) 2218M->467M(2443M) 4.650ms
[45.917s][info ][gc,cpu         ] GC(97) User=0.01s Sys=0.00s Real=0.01s
[45.917s][info ][safepoint      ] Safepoint "ParallelGCFailedAllocation", Time since last: 450138072 ns, Reaching safepoint: 128409 ns, At safepoint: 4748637 ns, Total: 4877046 ns
[46.378s][info ][gc,start       ] GC(98) Pause Young (Allocation Failure)
[46.383s][debug][gc,phases      ] GC(98) Scavenge 5.362ms
[46.383s][debug][gc,ref         ] GC(98) Skipped phase 1 of Reference Processing: no references
[46.383s][debug][gc,ref         ] GC(98) ReferenceProcessor::execute queues: 1, RefProcThreadModel::Single, marks_oops_alive: false
[46.383s][debug][gc,ref         ] GC(98) Skipped phase 3 of Reference Processing: no references
[46.383s][debug][gc,ref         ] GC(98) ReferenceProcessor::execute queues: 1, RefProcThreadModel::Single, marks_oops_alive: false
[46.383s][debug][gc,phases      ] GC(98) Reference Processing 0.104ms
[46.384s][debug][gc,phases      ] GC(98)   VM Weak                        Min:  0.0, Avg:  0.0, Max:  0.0, Diff:  0.0, Sum:  0.0, Workers: 4
[46.384s][debug][gc,phases      ] GC(98)     Dead                           Min: 0, Avg:  0.0, Max: 0, Diff: 0, Sum: 0, Workers: 4
[46.384s][debug][gc,phases      ] GC(98)     Total                          Min: 0, Avg: 165.8, Max: 407, Diff: 407, Sum: 663, Workers: 4
[46.384s][debug][gc,phases      ] GC(98)   ObjectSynchronizer Weak        Min:  0.0, Avg:  0.0, Max:  0.0, Diff:  0.0, Sum:  0.0, Workers: 4
[46.384s][debug][gc,phases      ] GC(98)     Dead                           Min: 0, Avg:  0.0, Max: 0, Diff: 0, Sum: 0, Workers: 4
[46.384s][debug][gc,phases      ] GC(98)     Total                          Min: 0, Avg: 71.2, Max: 192, Diff: 192, Sum: 285, Workers: 4
[46.384s][debug][gc,phases      ] GC(98)   JVMTI Tag Weak OopStorage      Min:  0.0, Avg:  0.0, Max:  0.0, Diff:  0.0, Sum:  0.0, Workers: 4
[46.384s][debug][gc,phases      ] GC(98)     Dead                           Min: 0, Avg:  0.0, Max: 0, Diff: 0, Sum: 0, Workers: 4
[46.384s][debug][gc,phases      ] GC(98)     Total                          Min: 0, Avg:  0.0, Max: 0, Diff: 0, Sum: 0, Workers: 4
[46.384s][debug][gc,phases      ] GC(98)   StringTable Weak               Min:  0.1, Avg:  0.1, Max:  0.1, Diff:  0.0, Sum:  0.5, Workers: 4
[46.384s][debug][gc,phases      ] GC(98)     Dead                           Min: 0, Avg:  0.0, Max: 0, Diff: 0, Sum: 0, Workers: 4
[46.384s][debug][gc,phases      ] GC(98)     Total                          Min: 10707, Avg: 11764.5, Max: 13247, Diff: 2540, Sum: 47058, Workers: 4
[46.384s][debug][gc,phases      ] GC(98)   ResolvedMethodTable Weak       Min:  0.0, Avg:  0.0, Max:  0.0, Diff:  0.0, Sum:  0.1, Workers: 4
[46.384s][debug][gc,phases      ] GC(98)     Dead                           Min: 0, Avg:  0.0, Max: 0, Diff: 0, Sum: 0, Workers: 4
[46.384s][debug][gc,phases      ] GC(98)     Total                          Min: 1833, Avg: 1993.0, Max: 2102, Diff: 269, Sum: 7972, Workers: 4
[46.384s][debug][gc,phases      ] GC(98)   JNI Weak                       Min:  0.0, Avg:  0.0, Max:  0.0, Diff:  0.0, Sum:  0.0, Workers: 4
[46.384s][debug][gc,phases      ] GC(98)     Dead                           Min: 0, Avg:  0.0, Max: 0, Diff: 0, Sum: 0, Workers: 4
[46.384s][debug][gc,phases      ] GC(98)     Total                          Min: 0, Avg:  4.0, Max: 16, Diff: 16, Sum: 16, Workers: 4
[46.384s][debug][gc,phases      ] GC(98)   StringDedup Table Weak         Min:  0.0, Avg:  0.0, Max:  0.0, Diff:  0.0, Sum:  0.0, Workers: 4
[46.384s][debug][gc,phases      ] GC(98)     Dead                           Min: 0, Avg:  0.0, Max: 0, Diff: 0, Sum: 0, Workers: 4
[46.384s][debug][gc,phases      ] GC(98)     Total                          Min: 0, Avg:  0.0, Max: 0, Diff: 0, Sum: 0, Workers: 4
[46.384s][debug][gc,phases      ] GC(98)   StringDedup Requests0 Weak     Min:  0.0, Avg:  0.0, Max:  0.0, Diff:  0.0, Sum:  0.0, Workers: 4
[46.384s][debug][gc,phases      ] GC(98)     Dead                           Min: 0, Avg:  0.0, Max: 0, Diff: 0, Sum: 0, Workers: 4
[46.384s][debug][gc,phases      ] GC(98)     Total                          Min: 0, Avg:  0.0, Max: 0, Diff: 0, Sum: 0, Workers: 4
[46.384s][debug][gc,phases      ] GC(98)   StringDedup Requests1 Weak     Min:  0.0, Avg:  0.0, Max:  0.0, Diff:  0.0, Sum:  0.0, Workers: 4
[46.384s][debug][gc,phases      ] GC(98)     Dead                           Min: 0, Avg:  0.0, Max: 0, Diff: 0, Sum: 0, Workers: 4
[46.384s][debug][gc,phases      ] GC(98)     Total                          Min: 0, Avg:  0.0, Max: 0, Diff: 0, Sum: 0, Workers: 4
[46.384s][debug][gc,phases      ] GC(98)   Weak JFR Old Object Samples    Min:  0.0, Avg:  0.0, Max:  0.0, Diff:  0.0, Sum:  0.0, Workers: 4
[46.384s][debug][gc,phases      ] GC(98)     Dead                           Min: 0, Avg:  0.0, Max: 0, Diff: 0, Sum: 0, Workers: 4
[46.384s][debug][gc,phases      ] GC(98)     Total                          Min: 0, Avg:  0.0, Max: 0, Diff: 0, Sum: 0, Workers: 4
[46.384s][debug][gc,phases      ] GC(98) Weak Processing 0.324ms
[46.384s][debug][gc,age         ] GC(98) Desired survivor size 134742016 bytes, new threshold 15 (max threshold 15)
[46.384s][info ][gc,heap        ] GC(98) PSYoungGen: 1821024K(1959424K)->6432K(1953280K) Eden: 1815552K(1815552K)->0K(1815552K) From: 5472K(143872K)->6432K(137728K)
[46.384s][info ][gc,heap        ] GC(98) ParOldGen: 473347K(542208K)->473355K(542208K)
[46.384s][info ][gc,metaspace   ] GC(98) Metaspace: 81132K(81920K)->81132K(81920K) NonClass: 69602K(70016K)->69602K(70016K) Class: 11529K(11904K)->11529K(11904K)
[46.384s][info ][gc             ] GC(98) Pause Young (Allocation Failure) 2240M->468M(2437M) 5.945ms
[46.384s][info ][gc,cpu         ] GC(98) User=0.03s Sys=0.00s Real=0.00s
[46.384s][info ][safepoint      ] Safepoint "ParallelGCFailedAllocation", Time since last: 460488103 ns, Reaching safepoint: 164312 ns, At safepoint: 6058930 ns, Total: 6223242 ns
[46.681s][info ][safepoint      ] Safepoint "ICBufferFull", Time since last: 296750672 ns, Reaching safepoint: 300721 ns, At safepoint: 40403 ns, Total: 341124 ns
[46.876s][info ][gc,start       ] GC(99) Pause Young (Allocation Failure)
[46.881s][debug][gc,phases      ] GC(99) Scavenge 4.651ms
[46.881s][debug][gc,ref         ] GC(99) Skipped phase 1 of Reference Processing: no references
[46.881s][debug][gc,ref         ] GC(99) ReferenceProcessor::execute queues: 1, RefProcThreadModel::Single, marks_oops_alive: false
[46.881s][debug][gc,ref         ] GC(99) Skipped phase 3 of Reference Processing: no references
[46.881s][debug][gc,ref         ] GC(99) ReferenceProcessor::execute queues: 1, RefProcThreadModel::Single, marks_oops_alive: false
[46.881s][debug][gc,phases      ] GC(99) Reference Processing 0.106ms
[46.882s][debug][gc,phases      ] GC(99)   VM Weak                        Min:  0.0, Avg:  0.0, Max:  0.0, Diff:  0.0, Sum:  0.0, Workers: 4
[46.882s][debug][gc,phases      ] GC(99)     Dead                           Min: 0, Avg:  0.0, Max: 0, Diff: 0, Sum: 0, Workers: 4
[46.882s][debug][gc,phases      ] GC(99)     Total                          Min: 0, Avg: 166.0, Max: 344, Diff: 344, Sum: 664, Workers: 4
[46.882s][debug][gc,phases      ] GC(99)   ObjectSynchronizer Weak        Min:  0.0, Avg:  0.0, Max:  0.0, Diff:  0.0, Sum:  0.0, Workers: 4
[46.882s][debug][gc,phases      ] GC(99)     Dead                           Min: 0, Avg:  0.0, Max: 0, Diff: 0, Sum: 0, Workers: 4
[46.882s][debug][gc,phases      ] GC(99)     Total                          Min: 0, Avg: 71.2, Max: 128, Diff: 128, Sum: 285, Workers: 4
[46.882s][debug][gc,phases      ] GC(99)   JVMTI Tag Weak OopStorage      Min:  0.0, Avg:  0.0, Max:  0.0, Diff:  0.0, Sum:  0.0, Workers: 4
[46.882s][debug][gc,phases      ] GC(99)     Dead                           Min: 0, Avg:  0.0, Max: 0, Diff: 0, Sum: 0, Workers: 4
[46.882s][debug][gc,phases      ] GC(99)     Total                          Min: 0, Avg:  0.0, Max: 0, Diff: 0, Sum: 0, Workers: 4
[46.882s][debug][gc,phases      ] GC(99)   StringTable Weak               Min:  0.1, Avg:  0.1, Max:  0.1, Diff:  0.0, Sum:  0.5, Workers: 4
[46.882s][debug][gc,phases      ] GC(99)     Dead                           Min: 0, Avg:  0.5, Max: 2, Diff: 2, Sum: 2, Workers: 4
[46.882s][debug][gc,phases      ] GC(99)     Total                          Min: 11136, Avg: 11773.8, Max: 12792, Diff: 1656, Sum: 47095, Workers: 4
[46.882s][debug][gc,phases      ] GC(99)   ResolvedMethodTable Weak       Min:  0.0, Avg:  0.0, Max:  0.0, Diff:  0.0, Sum:  0.1, Workers: 4
[46.882s][debug][gc,phases      ] GC(99)     Dead                           Min: 0, Avg:  0.0, Max: 0, Diff: 0, Sum: 0, Workers: 4
[46.882s][debug][gc,phases      ] GC(99)     Total                          Min: 1857, Avg: 1999.8, Max: 2071, Diff: 214, Sum: 7999, Workers: 4
[46.882s][debug][gc,phases      ] GC(99)   JNI Weak                       Min:  0.0, Avg:  0.0, Max:  0.0, Diff:  0.0, Sum:  0.0, Workers: 4
[46.882s][debug][gc,phases      ] GC(99)     Dead                           Min: 0, Avg:  0.0, Max: 0, Diff: 0, Sum: 0, Workers: 4
[46.882s][debug][gc,phases      ] GC(99)     Total                          Min: 0, Avg:  3.8, Max: 15, Diff: 15, Sum: 15, Workers: 4
[46.882s][debug][gc,phases      ] GC(99)   StringDedup Table Weak         Min:  0.0, Avg:  0.0, Max:  0.0, Diff:  0.0, Sum:  0.0, Workers: 4
[46.882s][debug][gc,phases      ] GC(99)     Dead                           Min: 0, Avg:  0.0, Max: 0, Diff: 0, Sum: 0, Workers: 4
[46.882s][debug][gc,phases      ] GC(99)     Total                          Min: 0, Avg:  0.0, Max: 0, Diff: 0, Sum: 0, Workers: 4
[46.882s][debug][gc,phases      ] GC(99)   StringDedup Requests0 Weak     Min:  0.0, Avg:  0.0, Max:  0.0, Diff:  0.0, Sum:  0.0, Workers: 4
[46.882s][debug][gc,phases      ] GC(99)     Dead                           Min: 0, Avg:  0.0, Max: 0, Diff: 0, Sum: 0, Workers: 4
[46.882s][debug][gc,phases      ] GC(99)     Total                          Min: 0, Avg:  0.0, Max: 0, Diff: 0, Sum: 0, Workers: 4
[46.882s][debug][gc,phases      ] GC(99)   StringDedup Requests1 Weak     Min:  0.0, Avg:  0.0, Max:  0.0, Diff:  0.0, Sum:  0.0, Workers: 4
[46.882s][debug][gc,phases      ] GC(99)     Dead                           Min: 0, Avg:  0.0, Max: 0, Diff: 0, Sum: 0, Workers: 4
[46.882s][debug][gc,phases      ] GC(99)     Total                          Min: 0, Avg:  0.0, Max: 0, Diff: 0, Sum: 0, Workers: 4
[46.882s][debug][gc,phases      ] GC(99)   Weak JFR Old Object Samples    Min:  0.0, Avg:  0.0, Max:  0.0, Diff:  0.0, Sum:  0.0, Workers: 4
[46.882s][debug][gc,phases      ] GC(99)     Dead                           Min: 0, Avg:  0.0, Max: 0, Diff: 0, Sum: 0, Workers: 4
[46.882s][debug][gc,phases      ] GC(99)     Total                          Min: 0, Avg:  0.0, Max: 0, Diff: 0, Sum: 0, Workers: 4
[46.882s][debug][gc,phases      ] GC(99) Weak Processing 0.349ms
[46.882s][debug][gc,age         ] GC(99) Desired survivor size 128450560 bytes, new threshold 15 (max threshold 15)
[46.882s][info ][gc,heap        ] GC(99) PSYoungGen: 1821984K(1953280K)->6752K(1971712K) Eden: 1815552K(1815552K)->0K(1840128K) From: 6432K(137728K)->6752K(131584K)
[46.882s][info ][gc,heap        ] GC(99) ParOldGen: 473355K(542208K)->473363K(542208K)
[46.882s][info ][gc,metaspace   ] GC(99) Metaspace: 81234K(82048K)->81234K(82048K) NonClass: 69694K(70144K)->69694K(70144K) Class: 11540K(11904K)->11540K(11904K)
[46.882s][info ][gc             ] GC(99) Pause Young (Allocation Failure) 2241M->468M(2455M) 5.246ms
[46.882s][info ][gc,cpu         ] GC(99) User=0.02s Sys=0.00s Real=0.00s
[46.882s][info ][safepoint      ] Safepoint "ParallelGCFailedAllocation", Time since last: 195246260 ns, Reaching safepoint: 175812 ns, At safepoint: 5353280 ns, Total: 5529092 ns
[47.378s][info ][gc,start       ] GC(100) Pause Young (Allocation Failure)
[47.385s][debug][gc,phases      ] GC(100) Scavenge 6.909ms
[47.385s][debug][gc,ref         ] GC(100) Skipped phase 1 of Reference Processing: no references
[47.385s][debug][gc,ref         ] GC(100) ReferenceProcessor::execute queues: 1, RefProcThreadModel::Single, marks_oops_alive: false
[47.385s][debug][gc,ref         ] GC(100) Skipped phase 3 of Reference Processing: no references
[47.385s][debug][gc,ref         ] GC(100) ReferenceProcessor::execute queues: 1, RefProcThreadModel::Single, marks_oops_alive: false
[47.385s][debug][gc,phases      ] GC(100) Reference Processing 0.154ms
[47.385s][debug][gc,phases      ] GC(100)   VM Weak                        Min:  0.0, Avg:  0.0, Max:  0.0, Diff:  0.0, Sum:  0.0, Workers: 4
[47.385s][debug][gc,phases      ] GC(100)     Dead                           Min: 0, Avg:  0.0, Max: 0, Diff: 0, Sum: 0, Workers: 4
[47.385s][debug][gc,phases      ] GC(100)     Total                          Min: 0, Avg: 167.0, Max: 476, Diff: 476, Sum: 668, Workers: 4
[47.385s][debug][gc,phases      ] GC(100)   ObjectSynchronizer Weak        Min:  0.0, Avg:  0.0, Max:  0.0, Diff:  0.0, Sum:  0.0, Workers: 4
[47.385s][debug][gc,phases      ] GC(100)     Dead                           Min: 0, Avg:  0.0, Max: 0, Diff: 0, Sum: 0, Workers: 4
[47.385s][debug][gc,phases      ] GC(100)     Total                          Min: 0, Avg: 71.5, Max: 158, Diff: 158, Sum: 286, Workers: 4
[47.385s][debug][gc,phases      ] GC(100)   JVMTI Tag Weak OopStorage      Min:  0.0, Avg:  0.0, Max:  0.0, Diff:  0.0, Sum:  0.0, Workers: 4
[47.385s][debug][gc,phases      ] GC(100)     Dead                           Min: 0, Avg:  0.0, Max: 0, Diff: 0, Sum: 0, Workers: 4
[47.385s][debug][gc,phases      ] GC(100)     Total                          Min: 0, Avg:  0.0, Max: 0, Diff: 0, Sum: 0, Workers: 4
[47.385s][debug][gc,phases      ] GC(100)   StringTable Weak               Min:  0.1, Avg:  0.1, Max:  0.1, Diff:  0.0, Sum:  0.5, Workers: 4
[47.385s][debug][gc,phases      ] GC(100)     Dead                           Min: 0, Avg:  0.0, Max: 0, Diff: 0, Sum: 0, Workers: 4
[47.385s][debug][gc,phases      ] GC(100)     Total                          Min: 11328, Avg: 11778.0, Max: 12608, Diff: 1280, Sum: 47112, Workers: 4
[47.385s][debug][gc,phases      ] GC(100)   ResolvedMethodTable Weak       Min:  0.0, Avg:  0.0, Max:  0.0, Diff:  0.0, Sum:  0.1, Workers: 4
[47.385s][debug][gc,phases      ] GC(100)     Dead                           Min: 0, Avg:  0.0, Max: 0, Diff: 0, Sum: 0, Workers: 4
[47.385s][debug][gc,phases      ] GC(100)     Total                          Min: 1793, Avg: 2007.2, Max: 2190, Diff: 397, Sum: 8029, Workers: 4
[47.385s][debug][gc,phases      ] GC(100)   JNI Weak                       Min:  0.0, Avg:  0.0, Max:  0.0, Diff:  0.0, Sum:  0.0, Workers: 4
[47.385s][debug][gc,phases      ] GC(100)     Dead                           Min: 0, Avg:  0.0, Max: 0, Diff: 0, Sum: 0, Workers: 4
[47.385s][debug][gc,phases      ] GC(100)     Total                          Min: 0, Avg:  4.2, Max: 17, Diff: 17, Sum: 17, Workers: 4
[47.385s][debug][gc,phases      ] GC(100)   StringDedup Table Weak         Min:  0.0, Avg:  0.0, Max:  0.0, Diff:  0.0, Sum:  0.0, Workers: 4
[47.385s][debug][gc,phases      ] GC(100)     Dead                           Min: 0, Avg:  0.0, Max: 0, Diff: 0, Sum: 0, Workers: 4
[47.385s][debug][gc,phases      ] GC(100)     Total                          Min: 0, Avg:  0.0, Max: 0, Diff: 0, Sum: 0, Workers: 4
[47.385s][debug][gc,phases      ] GC(100)   StringDedup Requests0 Weak     Min:  0.0, Avg:  0.0, Max:  0.0, Diff:  0.0, Sum:  0.0, Workers: 4
[47.385s][debug][gc,phases      ] GC(100)     Dead                           Min: 0, Avg:  0.0, Max: 0, Diff: 0, Sum: 0, Workers: 4
[47.385s][debug][gc,phases      ] GC(100)     Total                          Min: 0, Avg:  0.0, Max: 0, Diff: 0, Sum: 0, Workers: 4
[47.385s][debug][gc,phases      ] GC(100)   StringDedup Requests1 Weak     Min:  0.0, Avg:  0.0, Max:  0.0, Diff:  0.0, Sum:  0.0, Workers: 4
[47.385s][debug][gc,phases      ] GC(100)     Dead                           Min: 0, Avg:  0.0, Max: 0, Diff: 0, Sum: 0, Workers: 4
[47.385s][debug][gc,phases      ] GC(100)     Total                          Min: 0, Avg:  0.0, Max: 0, Diff: 0, Sum: 0, Workers: 4
[47.385s][debug][gc,phases      ] GC(100)   Weak JFR Old Object Samples    Min:  0.0, Avg:  0.0, Max:  0.0, Diff:  0.0, Sum:  0.0, Workers: 4
[47.385s][debug][gc,phases      ] GC(100)     Dead                           Min: 0, Avg:  0.0, Max: 0, Diff: 0, Sum: 0, Workers: 4
[47.385s][debug][gc,phases      ] GC(100)     Total                          Min: 0, Avg:  0.0, Max: 0, Diff: 0, Sum: 0, Workers: 4
[47.385s][debug][gc,phases      ] GC(100) Weak Processing 0.328ms
[47.385s][debug][gc,age         ] GC(100) Desired survivor size 121110528 bytes, new threshold 15 (max threshold 15)
[47.385s][info ][gc,heap        ] GC(100) PSYoungGen: 1846880K(1971712K)->10080K(1965568K) Eden: 1840128K(1840128K)->0K(1840128K) From: 6752K(131584K)->10080K(125440K)
[47.385s][info ][gc,heap        ] GC(100) ParOldGen: 473363K(542208K)->473371K(542208K)
[47.385s][info ][gc,metaspace   ] GC(100) Metaspace: 81353K(82176K)->81353K(82176K) NonClass: 69803K(70272K)->69803K(70272K) Class: 11550K(11904K)->11550K(11904K)
[47.385s][info ][gc             ] GC(100) Pause Young (Allocation Failure) 2265M->472M(2449M) 7.532ms
[47.385s][info ][gc,cpu         ] GC(100) User=0.03s Sys=0.00s Real=0.01s
[47.386s][info ][safepoint      ] Safepoint "ParallelGCFailedAllocation", Time since last: 495698788 ns, Reaching safepoint: 217215 ns, At safepoint: 8096575 ns, Total: 8313790 ns
[47.899s][info ][gc,start       ] GC(101) Pause Young (Allocation Failure)
[47.906s][debug][gc,phases      ] GC(101) Scavenge 6.994ms
[47.906s][debug][gc,ref         ] GC(101) Skipped phase 1 of Reference Processing: no references
[47.906s][debug][gc,ref         ] GC(101) ReferenceProcessor::execute queues: 1, RefProcThreadModel::Single, marks_oops_alive: false
[47.906s][debug][gc,ref         ] GC(101) Skipped phase 3 of Reference Processing: no references
[47.906s][debug][gc,ref         ] GC(101) ReferenceProcessor::execute queues: 1, RefProcThreadModel::Single, marks_oops_alive: false
[47.906s][debug][gc,phases      ] GC(101) Reference Processing 0.144ms
[47.907s][debug][gc,phases      ] GC(101)   VM Weak                        Min:  0.0, Avg:  0.0, Max:  0.0, Diff:  0.0, Sum:  0.0, Workers: 4
[47.907s][debug][gc,phases      ] GC(101)     Dead                           Min: 0, Avg:  0.0, Max: 0, Diff: 0, Sum: 0, Workers: 4
[47.907s][debug][gc,phases      ] GC(101)     Total                          Min: 0, Avg: 168.0, Max: 448, Diff: 448, Sum: 672, Workers: 4
[47.907s][debug][gc,phases      ] GC(101)   ObjectSynchronizer Weak        Min:  0.0, Avg:  0.0, Max:  0.0, Diff:  0.0, Sum:  0.0, Workers: 4
[47.907s][debug][gc,phases      ] GC(101)     Dead                           Min: 0, Avg:  0.0, Max: 0, Diff: 0, Sum: 0, Workers: 4
[47.907s][debug][gc,phases      ] GC(101)     Total                          Min: 0, Avg: 71.5, Max: 128, Diff: 128, Sum: 286, Workers: 4
[47.907s][debug][gc,phases      ] GC(101)   JVMTI Tag Weak OopStorage      Min:  0.0, Avg:  0.0, Max:  0.0, Diff:  0.0, Sum:  0.0, Workers: 4
[47.907s][debug][gc,phases      ] GC(101)     Dead                           Min: 0, Avg:  0.0, Max: 0, Diff: 0, Sum: 0, Workers: 4
[47.907s][debug][gc,phases      ] GC(101)     Total                          Min: 0, Avg:  0.0, Max: 0, Diff: 0, Sum: 0, Workers: 4
[47.907s][debug][gc,phases      ] GC(101)   StringTable Weak               Min:  0.1, Avg:  0.1, Max:  0.1, Diff:  0.0, Sum:  0.5, Workers: 4
[47.907s][debug][gc,phases      ] GC(101)     Dead                           Min: 0, Avg:  0.0, Max: 0, Diff: 0, Sum: 0, Workers: 4
[47.907s][debug][gc,phases      ] GC(101)     Total                          Min: 10624, Avg: 11779.2, Max: 12672, Diff: 2048, Sum: 47117, Workers: 4
[47.907s][debug][gc,phases      ] GC(101)   ResolvedMethodTable Weak       Min:  0.0, Avg:  0.0, Max:  0.0, Diff:  0.0, Sum:  0.1, Workers: 4
[47.907s][debug][gc,phases      ] GC(101)     Dead                           Min: 0, Avg:  0.0, Max: 0, Diff: 0, Sum: 0, Workers: 4
[47.907s][debug][gc,phases      ] GC(101)     Total                          Min: 1854, Avg: 2010.8, Max: 2251, Diff: 397, Sum: 8043, Workers: 4
[47.907s][debug][gc,phases      ] GC(101)   JNI Weak                       Min:  0.0, Avg:  0.0, Max:  0.0, Diff:  0.0, Sum:  0.0, Workers: 4
[47.907s][debug][gc,phases      ] GC(101)     Dead                           Min: 0, Avg:  0.0, Max: 0, Diff: 0, Sum: 0, Workers: 4
[47.907s][debug][gc,phases      ] GC(101)     Total                          Min: 0, Avg:  2.5, Max: 10, Diff: 10, Sum: 10, Workers: 4
[47.907s][debug][gc,phases      ] GC(101)   StringDedup Table Weak         Min:  0.0, Avg:  0.0, Max:  0.0, Diff:  0.0, Sum:  0.0, Workers: 4
[47.907s][debug][gc,phases      ] GC(101)     Dead                           Min: 0, Avg:  0.0, Max: 0, Diff: 0, Sum: 0, Workers: 4
[47.907s][debug][gc,phases      ] GC(101)     Total                          Min: 0, Avg:  0.0, Max: 0, Diff: 0, Sum: 0, Workers: 4
[47.907s][debug][gc,phases      ] GC(101)   StringDedup Requests0 Weak     Min:  0.0, Avg:  0.0, Max:  0.0, Diff:  0.0, Sum:  0.0, Workers: 4
[47.907s][debug][gc,phases      ] GC(101)     Dead                           Min: 0, Avg:  0.0, Max: 0, Diff: 0, Sum: 0, Workers: 4
[47.907s][debug][gc,phases      ] GC(101)     Total                          Min: 0, Avg:  0.0, Max: 0, Diff: 0, Sum: 0, Workers: 4
[47.907s][debug][gc,phases      ] GC(101)   StringDedup Requests1 Weak     Min:  0.0, Avg:  0.0, Max:  0.0, Diff:  0.0, Sum:  0.0, Workers: 4
[47.907s][debug][gc,phases      ] GC(101)     Dead                           Min: 0, Avg:  0.0, Max: 0, Diff: 0, Sum: 0, Workers: 4
[47.907s][debug][gc,phases      ] GC(101)     Total                          Min: 0, Avg:  0.0, Max: 0, Diff: 0, Sum: 0, Workers: 4
[47.907s][debug][gc,phases      ] GC(101)   Weak JFR Old Object Samples    Min:  0.0, Avg:  0.0, Max:  0.0, Diff:  0.0, Sum:  0.0, Workers: 4
[47.907s][debug][gc,phases      ] GC(101)     Dead                           Min: 0, Avg:  0.0, Max: 0, Diff: 0, Sum: 0, Workers: 4
[47.907s][debug][gc,phases      ] GC(101)     Total                          Min: 0, Avg:  0.0, Max: 0, Diff: 0, Sum: 0, Workers: 4
[47.907s][debug][gc,phases      ] GC(101) Weak Processing 0.352ms
[47.907s][debug][gc,age         ] GC(101) Desired survivor size 114294784 bytes, new threshold 15 (max threshold 15)
[47.907s][info ][gc,heap        ] GC(101) PSYoungGen: 1850208K(1965568K)->11152K(1985536K) Eden: 1840128K(1840128K)->0K(1867264K) From: 10080K(125440K)->11152K(118272K)
[47.907s][info ][gc,heap        ] GC(101) ParOldGen: 473371K(542208K)->473379K(542208K)
[47.907s][info ][gc,metaspace   ] GC(101) Metaspace: 81429K(82240K)->81429K(82240K) NonClass: 69873K(70336K)->69873K(70336K) Class: 11556K(11904K)->11556K(11904K)
[47.907s][info ][gc             ] GC(101) Pause Young (Allocation Failure) 2269M->473M(2468M) 7.644ms
[47.907s][info ][gc,cpu         ] GC(101) User=0.04s Sys=0.00s Real=0.01s
[47.907s][info ][safepoint      ] Safepoint "ParallelGCFailedAllocation", Time since last: 513024608 ns, Reaching safepoint: 214315 ns, At safepoint: 7753050 ns, Total: 7967365 ns
[48.458s][info ][safepoint      ] Safepoint "ParallelGCFailedAllocation", Time since last: 550799882 ns, Reaching safepoint: 167512 ns, At safepoint: 33302 ns, Total: 200814 ns
[48.458s][info ][gc,start       ] GC(102) Pause Young (GCLocker Initiated GC)
[48.466s][debug][gc,phases      ] GC(102) Scavenge 7.692ms
[48.466s][debug][gc,ref         ] GC(102) Skipped phase 1 of Reference Processing: no references
[48.466s][debug][gc,ref         ] GC(102) ReferenceProcessor::execute queues: 1, RefProcThreadModel::Single, marks_oops_alive: false
[48.466s][debug][gc,ref         ] GC(102) Skipped phase 3 of Reference Processing: no references
[48.466s][debug][gc,ref         ] GC(102) ReferenceProcessor::execute queues: 1, RefProcThreadModel::Single, marks_oops_alive: false
[48.466s][debug][gc,phases      ] GC(102) Reference Processing 0.106ms
[48.466s][debug][gc,phases      ] GC(102)   VM Weak                        Min:  0.0, Avg:  0.0, Max:  0.0, Diff:  0.0, Sum:  0.0, Workers: 4
[48.466s][debug][gc,phases      ] GC(102)     Dead                           Min: 0, Avg:  0.0, Max: 0, Diff: 0, Sum: 0, Workers: 4
[48.466s][debug][gc,phases      ] GC(102)     Total                          Min: 0, Avg: 168.0, Max: 672, Diff: 672, Sum: 672, Workers: 4
[48.466s][debug][gc,phases      ] GC(102)   ObjectSynchronizer Weak        Min:  0.0, Avg:  0.0, Max:  0.0, Diff:  0.0, Sum:  0.0, Workers: 4
[48.466s][debug][gc,phases      ] GC(102)     Dead                           Min: 0, Avg:  0.0, Max: 0, Diff: 0, Sum: 0, Workers: 4
[48.466s][debug][gc,phases      ] GC(102)     Total                          Min: 0, Avg: 71.5, Max: 128, Diff: 128, Sum: 286, Workers: 4
[48.466s][debug][gc,phases      ] GC(102)   JVMTI Tag Weak OopStorage      Min:  0.0, Avg:  0.0, Max:  0.0, Diff:  0.0, Sum:  0.0, Workers: 4
[48.466s][debug][gc,phases      ] GC(102)     Dead                           Min: 0, Avg:  0.0, Max: 0, Diff: 0, Sum: 0, Workers: 4
[48.466s][debug][gc,phases      ] GC(102)     Total                          Min: 0, Avg:  0.0, Max: 0, Diff: 0, Sum: 0, Workers: 4
[48.466s][debug][gc,phases      ] GC(102)   StringTable Weak               Min:  0.1, Avg:  0.2, Max:  0.3, Diff:  0.2, Sum:  0.6, Workers: 4
[48.466s][debug][gc,phases      ] GC(102)     Dead                           Min: 0, Avg:  0.0, Max: 0, Diff: 0, Sum: 0, Workers: 4
[48.466s][debug][gc,phases      ] GC(102)     Total                          Min: 10961, Avg: 11780.2, Max: 12800, Diff: 1839, Sum: 47121, Workers: 4
[48.466s][debug][gc,phases      ] GC(102)   ResolvedMethodTable Weak       Min:  0.0, Avg:  0.0, Max:  0.0, Diff:  0.0, Sum:  0.1, Workers: 4
[48.466s][debug][gc,phases      ] GC(102)     Dead                           Min: 0, Avg:  0.0, Max: 0, Diff: 0, Sum: 0, Workers: 4
[48.466s][debug][gc,phases      ] GC(102)     Total                          Min: 0, Avg: 2010.8, Max: 2973, Diff: 2973, Sum: 8043, Workers: 4
[48.466s][debug][gc,phases      ] GC(102)   JNI Weak                       Min:  0.0, Avg:  0.0, Max:  0.0, Diff:  0.0, Sum:  0.0, Workers: 4
[48.466s][debug][gc,phases      ] GC(102)     Dead                           Min: 0, Avg:  0.0, Max: 0, Diff: 0, Sum: 0, Workers: 4
[48.466s][debug][gc,phases      ] GC(102)     Total                          Min: 0, Avg:  2.2, Max: 9, Diff: 9, Sum: 9, Workers: 4
[48.466s][debug][gc,phases      ] GC(102)   StringDedup Table Weak         Min:  0.0, Avg:  0.0, Max:  0.0, Diff:  0.0, Sum:  0.0, Workers: 4
[48.466s][debug][gc,phases      ] GC(102)     Dead                           Min: 0, Avg:  0.0, Max: 0, Diff: 0, Sum: 0, Workers: 4
[48.466s][debug][gc,phases      ] GC(102)     Total                          Min: 0, Avg:  0.0, Max: 0, Diff: 0, Sum: 0, Workers: 4
[48.466s][debug][gc,phases      ] GC(102)   StringDedup Requests0 Weak     Min:  0.0, Avg:  0.0, Max:  0.0, Diff:  0.0, Sum:  0.0, Workers: 4
[48.466s][debug][gc,phases      ] GC(102)     Dead                           Min: 0, Avg:  0.0, Max: 0, Diff: 0, Sum: 0, Workers: 4
[48.466s][debug][gc,phases      ] GC(102)     Total                          Min: 0, Avg:  0.0, Max: 0, Diff: 0, Sum: 0, Workers: 4
[48.466s][debug][gc,phases      ] GC(102)   StringDedup Requests1 Weak     Min:  0.0, Avg:  0.0, Max:  0.0, Diff:  0.0, Sum:  0.0, Workers: 4
[48.466s][debug][gc,phases      ] GC(102)     Dead                           Min: 0, Avg:  0.0, Max: 0, Diff: 0, Sum: 0, Workers: 4
[48.466s][debug][gc,phases      ] GC(102)     Total                          Min: 0, Avg:  0.0, Max: 0, Diff: 0, Sum: 0, Workers: 4
[48.466s][debug][gc,phases      ] GC(102)   Weak JFR Old Object Samples    Min:  0.0, Avg:  0.0, Max:  0.0, Diff:  0.0, Sum:  0.0, Workers: 4
[48.466s][debug][gc,phases      ] GC(102)     Dead                           Min: 0, Avg:  0.0, Max: 0, Diff: 0, Sum: 0, Workers: 4
[48.466s][debug][gc,phases      ] GC(102)     Total                          Min: 0, Avg:  0.0, Max: 0, Diff: 0, Sum: 0, Workers: 4
[48.466s][debug][gc,phases      ] GC(102) Weak Processing 0.577ms
[48.466s][debug][gc,age         ] GC(102) Desired survivor size 107479040 bytes, new threshold 15 (max threshold 15)
[48.466s][info ][gc,heap        ] GC(102) PSYoungGen: 1878416K(1985536K)->10992K(1978880K) Eden: 1867264K(1867264K)->0K(1867264K) From: 11152K(118272K)->10992K(111616K)
[48.466s][info ][gc,heap        ] GC(102) ParOldGen: 473379K(542208K)->475059K(542208K)
[48.466s][info ][gc,metaspace   ] GC(102) Metaspace: 81465K(82240K)->81465K(82240K) NonClass: 69908K(70336K)->69908K(70336K) Class: 11556K(11904K)->11556K(11904K)
[48.466s][info ][gc             ] GC(102) Pause Young (GCLocker Initiated GC) 2296M->474M(2462M) 8.500ms
[48.466s][info ][gc,cpu         ] GC(102) User=0.03s Sys=0.00s Real=0.01s
[48.467s][info ][safepoint      ] Safepoint "ParallelGCSystemGC", Time since last: 62404 ns, Reaching safepoint: 83706 ns, At safepoint: 8594210 ns, Total: 8677916 ns
[49.006s][info ][safepoint      ] Safepoint "ICBufferFull", Time since last: 539179845 ns, Reaching safepoint: 152811 ns, At safepoint: 12700 ns, Total: 165511 ns
[49.424s][info ][safepoint      ] Safepoint "ICBufferFull", Time since last: 418000246 ns, Reaching safepoint: 167212 ns, At safepoint: 10201 ns, Total: 177413 ns
[50.416s][info ][safepoint      ] Safepoint "ICBufferFull", Time since last: 991703409 ns, Reaching safepoint: 179812 ns, At safepoint: 7601 ns, Total: 187413 ns
[50.789s][info ][safepoint      ] Safepoint "ICBufferFull", Time since last: 373206551 ns, Reaching safepoint: 206615 ns, At safepoint: 9000 ns, Total: 215615 ns
[51.510s][info ][safepoint      ] Safepoint "ICBufferFull", Time since last: 720508556 ns, Reaching safepoint: 500635 ns, At safepoint: 8901 ns, Total: 509536 ns
[52.156s][info ][safepoint      ] Safepoint "ICBufferFull", Time since last: 645855648 ns, Reaching safepoint: 188413 ns, At safepoint: 4901 ns, Total: 193314 ns
[53.157s][info ][safepoint      ] Safepoint "Cleanup", Time since last: 1000109019 ns, Reaching safepoint: 180513 ns, At safepoint: 9400 ns, Total: 189913 ns
[54.223s][info ][safepoint      ] Safepoint "Cleanup", Time since last: 1065669928 ns, Reaching safepoint: 191814 ns, At safepoint: 18201 ns, Total: 210015 ns
[56.059s][info ][safepoint      ] Safepoint "Cleanup", Time since last: 1836109476 ns, Reaching safepoint: 190313 ns, At safepoint: 12801 ns, Total: 203114 ns
[57.059s][info ][safepoint      ] Safepoint "Cleanup", Time since last: 1000118699 ns, Reaching safepoint: 122208 ns, At safepoint: 12501 ns, Total: 134709 ns
[58.059s][info ][safepoint      ] Safepoint "Cleanup", Time since last: 1000106667 ns, Reaching safepoint: 142210 ns, At safepoint: 10201 ns, Total: 152411 ns
[59.060s][info ][safepoint      ] Safepoint "Cleanup", Time since last: 1000125837 ns, Reaching safepoint: 110208 ns, At safepoint: 7001 ns, Total: 117209 ns
[60.060s][info ][safepoint      ] Safepoint "Cleanup", Time since last: 1000082303 ns, Reaching safepoint: 60405 ns, At safepoint: 5200 ns, Total: 65605 ns
[61.060s][info ][safepoint      ] Safepoint "Cleanup", Time since last: 1000098674 ns, Reaching safepoint: 70405 ns, At safepoint: 10101 ns, Total: 80506 ns
[62.060s][info ][safepoint      ] Safepoint "Cleanup", Time since last: 1000090142 ns, Reaching safepoint: 117909 ns, At safepoint: 9100 ns, Total: 127009 ns
[63.060s][info ][safepoint      ] Safepoint "Cleanup", Time since last: 1000101613 ns, Reaching safepoint: 86206 ns, At safepoint: 7601 ns, Total: 93807 ns
[64.061s][info ][safepoint      ] Safepoint "Cleanup", Time since last: 1000109983 ns, Reaching safepoint: 84806 ns, At safepoint: 12101 ns, Total: 96907 ns
[65.261s][info ][safepoint      ] Safepoint "Cleanup", Time since last: 1199822717 ns, Reaching safepoint: 121409 ns, At safepoint: 8600 ns, Total: 130009 ns
[66.261s][info ][safepoint      ] Safepoint "Cleanup", Time since last: 1000105916 ns, Reaching safepoint: 74605 ns, At safepoint: 6101 ns, Total: 80706 ns
[67.261s][info ][safepoint      ] Safepoint "Cleanup", Time since last: 1000108685 ns, Reaching safepoint: 193514 ns, At safepoint: 22401 ns, Total: 215915 ns
[68.261s][info ][safepoint      ] Safepoint "Cleanup", Time since last: 1000107355 ns, Reaching safepoint: 88507 ns, At safepoint: 8900 ns, Total: 97407 ns
[69.261s][info ][safepoint      ] Safepoint "Cleanup", Time since last: 1000055021 ns, Reaching safepoint: 60905 ns, At safepoint: 7500 ns, Total: 68405 ns
[70.262s][info ][safepoint      ] Safepoint "Cleanup", Time since last: 1000077393 ns, Reaching safepoint: 78105 ns, At safepoint: 8701 ns, Total: 86806 ns
[71.262s][info ][safepoint      ] Safepoint "Cleanup", Time since last: 1000108364 ns, Reaching safepoint: 57004 ns, At safepoint: 9201 ns, Total: 66205 ns
[72.262s][info ][safepoint      ] Safepoint "Cleanup", Time since last: 1000108934 ns, Reaching safepoint: 66105 ns, At safepoint: 5600 ns, Total: 71705 ns
[73.262s][info ][safepoint      ] Safepoint "Cleanup", Time since last: 1000111905 ns, Reaching safepoint: 85406 ns, At safepoint: 10701 ns, Total: 96107 ns
[74.672s][info ][safepoint      ] Safepoint "Cleanup", Time since last: 1409311381 ns, Reaching safepoint: 123108 ns, At safepoint: 9501 ns, Total: 132609 ns
[75.909s][info ][safepoint      ] Safepoint "Cleanup", Time since last: 1237416567 ns, Reaching safepoint: 63704 ns, At safepoint: 5301 ns, Total: 69005 ns
[76.909s][info ][safepoint      ] Safepoint "Cleanup", Time since last: 1000104095 ns, Reaching safepoint: 124209 ns, At safepoint: 5000 ns, Total: 129209 ns
[77.910s][info ][safepoint      ] Safepoint "Cleanup", Time since last: 1000106566 ns, Reaching safepoint: 82205 ns, At safepoint: 11501 ns, Total: 93706 ns
[78.910s][info ][safepoint      ] Safepoint "Cleanup", Time since last: 1000110636 ns, Reaching safepoint: 86606 ns, At safepoint: 8101 ns, Total: 94707 ns
[79.910s][info ][safepoint      ] Safepoint "Cleanup", Time since last: 1000113707 ns, Reaching safepoint: 81205 ns, At safepoint: 13401 ns, Total: 94606 ns
[80.910s][info ][safepoint      ] Safepoint "Cleanup", Time since last: 1000296290 ns, Reaching safepoint: 56604 ns, At safepoint: 7401 ns, Total: 64005 ns
[81.910s][info ][safepoint      ] Safepoint "Cleanup", Time since last: 1000100646 ns, Reaching safepoint: 57604 ns, At safepoint: 5401 ns, Total: 63005 ns
[82.911s][info ][safepoint      ] Safepoint "Cleanup", Time since last: 1000106018 ns, Reaching safepoint: 59704 ns, At safepoint: 8100 ns, Total: 67804 ns
[83.911s][info ][safepoint      ] Safepoint "Cleanup", Time since last: 1000065886 ns, Reaching safepoint: 52403 ns, At safepoint: 4501 ns, Total: 56904 ns
[84.154s][info ][gc,start       ] GC(103) Pause Young (Allocation Failure)
[84.165s][debug][gc,phases      ] GC(103) Scavenge 10.929ms
[84.165s][debug][gc,ref         ] GC(103) Skipped phase 1 of Reference Processing: no references
[84.165s][debug][gc,ref         ] GC(103) ReferenceProcessor::execute queues: 1, RefProcThreadModel::Single, marks_oops_alive: false
[84.165s][debug][gc,ref         ] GC(103) Skipped phase 3 of Reference Processing: no references
[84.165s][debug][gc,ref         ] GC(103) ReferenceProcessor::execute queues: 1, RefProcThreadModel::Single, marks_oops_alive: false
[84.165s][debug][gc,phases      ] GC(103) Reference Processing 0.122ms
[84.166s][debug][gc,phases      ] GC(103)   VM Weak                        Min:  0.0, Avg:  0.0, Max:  0.0, Diff:  0.0, Sum:  0.0, Workers: 4
[84.166s][debug][gc,phases      ] GC(103)     Dead                           Min: 0, Avg:  0.0, Max: 0, Diff: 0, Sum: 0, Workers: 4
[84.166s][debug][gc,phases      ] GC(103)     Total                          Min: 0, Avg: 169.0, Max: 356, Diff: 356, Sum: 676, Workers: 4
[84.166s][debug][gc,phases      ] GC(103)   ObjectSynchronizer Weak        Min:  0.0, Avg:  0.0, Max:  0.0, Diff:  0.0, Sum:  0.0, Workers: 4
[84.166s][debug][gc,phases      ] GC(103)     Dead                           Min: 0, Avg:  0.0, Max: 0, Diff: 0, Sum: 0, Workers: 4
[84.166s][debug][gc,phases      ] GC(103)     Total                          Min: 0, Avg: 72.0, Max: 224, Diff: 224, Sum: 288, Workers: 4
[84.166s][debug][gc,phases      ] GC(103)   JVMTI Tag Weak OopStorage      Min:  0.0, Avg:  0.0, Max:  0.0, Diff:  0.0, Sum:  0.0, Workers: 4
[84.166s][debug][gc,phases      ] GC(103)     Dead                           Min: 0, Avg:  0.0, Max: 0, Diff: 0, Sum: 0, Workers: 4
[84.166s][debug][gc,phases      ] GC(103)     Total                          Min: 0, Avg:  0.0, Max: 0, Diff: 0, Sum: 0, Workers: 4
[84.166s][debug][gc,phases      ] GC(103)   StringTable Weak               Min:  0.1, Avg:  0.1, Max:  0.1, Diff:  0.0, Sum:  0.5, Workers: 4
[84.166s][debug][gc,phases      ] GC(103)     Dead                           Min: 0, Avg:  0.5, Max: 2, Diff: 2, Sum: 2, Workers: 4
[84.166s][debug][gc,phases      ] GC(103)     Total                          Min: 11136, Avg: 11929.5, Max: 13670, Diff: 2534, Sum: 47718, Workers: 4
[84.166s][debug][gc,phases      ] GC(103)   ResolvedMethodTable Weak       Min:  0.0, Avg:  0.0, Max:  0.0, Diff:  0.0, Sum:  0.1, Workers: 4
[84.166s][debug][gc,phases      ] GC(103)     Dead                           Min: 0, Avg:  0.0, Max: 0, Diff: 0, Sum: 0, Workers: 4
[84.166s][debug][gc,phases      ] GC(103)     Total                          Min: 1832, Avg: 2028.0, Max: 2338, Diff: 506, Sum: 8112, Workers: 4
[84.166s][debug][gc,phases      ] GC(103)   JNI Weak                       Min:  0.0, Avg:  0.0, Max:  0.0, Diff:  0.0, Sum:  0.0, Workers: 4
[84.166s][debug][gc,phases      ] GC(103)     Dead                           Min: 0, Avg:  0.0, Max: 0, Diff: 0, Sum: 0, Workers: 4
[84.166s][debug][gc,phases      ] GC(103)     Total                          Min: 0, Avg:  0.0, Max: 0, Diff: 0, Sum: 0, Workers: 4
[84.166s][debug][gc,phases      ] GC(103)   StringDedup Table Weak         Min:  0.0, Avg:  0.0, Max:  0.0, Diff:  0.0, Sum:  0.0, Workers: 4
[84.166s][debug][gc,phases      ] GC(103)     Dead                           Min: 0, Avg:  0.0, Max: 0, Diff: 0, Sum: 0, Workers: 4
[84.166s][debug][gc,phases      ] GC(103)     Total                          Min: 0, Avg:  0.0, Max: 0, Diff: 0, Sum: 0, Workers: 4
[84.166s][debug][gc,phases      ] GC(103)   StringDedup Requests0 Weak     Min:  0.0, Avg:  0.0, Max:  0.0, Diff:  0.0, Sum:  0.0, Workers: 4
[84.166s][debug][gc,phases      ] GC(103)     Dead                           Min: 0, Avg:  0.0, Max: 0, Diff: 0, Sum: 0, Workers: 4
[84.166s][debug][gc,phases      ] GC(103)     Total                          Min: 0, Avg:  0.0, Max: 0, Diff: 0, Sum: 0, Workers: 4
[84.166s][debug][gc,phases      ] GC(103)   StringDedup Requests1 Weak     Min:  0.0, Avg:  0.0, Max:  0.0, Diff:  0.0, Sum:  0.0, Workers: 4
[84.166s][debug][gc,phases      ] GC(103)     Dead                           Min: 0, Avg:  0.0, Max: 0, Diff: 0, Sum: 0, Workers: 4
[84.166s][debug][gc,phases      ] GC(103)     Total                          Min: 0, Avg:  0.0, Max: 0, Diff: 0, Sum: 0, Workers: 4
[84.166s][debug][gc,phases      ] GC(103)   Weak JFR Old Object Samples    Min:  0.0, Avg:  0.0, Max:  0.0, Diff:  0.0, Sum:  0.0, Workers: 4
[84.166s][debug][gc,phases      ] GC(103)     Dead                           Min: 0, Avg:  0.0, Max: 0, Diff: 0, Sum: 0, Workers: 4
[84.166s][debug][gc,phases      ] GC(103)     Total                          Min: 0, Avg:  0.0, Max: 0, Diff: 0, Sum: 0, Workers: 4
[84.166s][debug][gc,phases      ] GC(103) Weak Processing 0.351ms
[84.166s][debug][gc,age         ] GC(103) Desired survivor size 101187584 bytes, new threshold 15 (max threshold 15)
[84.166s][info ][gc,heap        ] GC(103) PSYoungGen: 1878256K(1978880K)->12256K(1998336K) Eden: 1867264K(1867264K)->0K(1893376K) From: 10992K(111616K)->12256K(104960K)
[84.166s][info ][gc,heap        ] GC(103) ParOldGen: 475062K(542208K)->475390K(542208K)
[84.166s][info ][gc,metaspace   ] GC(103) Metaspace: 82119K(82944K)->82119K(82944K) NonClass: 70526K(70976K)->70526K(70976K) Class: 11592K(11968K)->11592K(11968K)
[84.166s][info ][gc             ] GC(103) Pause Young (Allocation Failure) 2298M->476M(2481M) 11.549ms
[84.166s][info ][gc,cpu         ] GC(103) User=0.04s Sys=0.00s Real=0.01s
[84.166s][info ][safepoint      ] Safepoint "ParallelGCFailedAllocation", Time since last: 243264994 ns, Reaching safepoint: 105308 ns, At safepoint: 11634712 ns, Total: 11740020 ns
[85.166s][info ][safepoint      ] Safepoint "Cleanup", Time since last: 1000082450 ns, Reaching safepoint: 60605 ns, At safepoint: 7500 ns, Total: 68105 ns
[86.166s][info ][safepoint      ] Safepoint "Cleanup", Time since last: 1000123423 ns, Reaching safepoint: 62705 ns, At safepoint: 7500 ns, Total: 70205 ns
[87.166s][info ][safepoint      ] Safepoint "Cleanup", Time since last: 1000118094 ns, Reaching safepoint: 53804 ns, At safepoint: 8901 ns, Total: 62705 ns
[88.166s][info ][safepoint      ] Safepoint "Cleanup", Time since last: 1000102463 ns, Reaching safepoint: 52504 ns, At safepoint: 7800 ns, Total: 60304 ns
[89.167s][info ][safepoint      ] Safepoint "Cleanup", Time since last: 1000112035 ns, Reaching safepoint: 59905 ns, At safepoint: 6800 ns, Total: 66705 ns
[90.167s][info ][safepoint      ] Safepoint "Cleanup", Time since last: 1000119007 ns, Reaching safepoint: 73905 ns, At safepoint: 11801 ns, Total: 85706 ns
[92.150s][info ][safepoint      ] Safepoint "Cleanup", Time since last: 1983296046 ns, Reaching safepoint: 252418 ns, At safepoint: 11701 ns, Total: 264119 ns
[93.151s][info ][safepoint      ] Safepoint "Cleanup", Time since last: 1000114720 ns, Reaching safepoint: 48603 ns, At safepoint: 4200 ns, Total: 52803 ns
[94.151s][info ][safepoint      ] Safepoint "Cleanup", Time since last: 1000125492 ns, Reaching safepoint: 64305 ns, At safepoint: 7200 ns, Total: 71505 ns
[95.151s][info ][safepoint      ] Safepoint "Cleanup", Time since last: 1000111962 ns, Reaching safepoint: 61104 ns, At safepoint: 11401 ns, Total: 72505 ns
[96.151s][info ][safepoint      ] Safepoint "Cleanup", Time since last: 1000107433 ns, Reaching safepoint: 54204 ns, At safepoint: 17901 ns, Total: 72105 ns
[97.151s][info ][safepoint      ] Safepoint "Cleanup", Time since last: 1000113205 ns, Reaching safepoint: 56904 ns, At safepoint: 5400 ns, Total: 62304 ns
[98.151s][info ][safepoint      ] Safepoint "Cleanup", Time since last: 1000068974 ns, Reaching safepoint: 50203 ns, At safepoint: 5400 ns, Total: 55603 ns
[99.152s][info ][safepoint      ] Safepoint "Cleanup", Time since last: 1000108348 ns, Reaching safepoint: 47403 ns, At safepoint: 6801 ns, Total: 54204 ns
[100.152s][info ][safepoint      ] Safepoint "Cleanup", Time since last: 1000106418 ns, Reaching safepoint: 52104 ns, At safepoint: 9801 ns, Total: 61905 ns
[101.152s][info ][safepoint      ] Safepoint "Cleanup", Time since last: 1000111390 ns, Reaching safepoint: 52404 ns, At safepoint: 7000 ns, Total: 59404 ns
[102.152s][info ][safepoint      ] Safepoint "Cleanup", Time since last: 1000061359 ns, Reaching safepoint: 56904 ns, At safepoint: 8301 ns, Total: 65205 ns
[103.152s][info ][safepoint      ] Safepoint "Cleanup", Time since last: 1000123435 ns, Reaching safepoint: 52403 ns, At safepoint: 5401 ns, Total: 57804 ns
[104.152s][info ][safepoint      ] Safepoint "Cleanup", Time since last: 1000108705 ns, Reaching safepoint: 120609 ns, At safepoint: 5800 ns, Total: 126409 ns
[106.153s][info ][safepoint      ] Safepoint "Cleanup", Time since last: 2000174724 ns, Reaching safepoint: 118508 ns, At safepoint: 7701 ns, Total: 126209 ns
[107.153s][info ][safepoint      ] Safepoint "Cleanup", Time since last: 1000109921 ns, Reaching safepoint: 157211 ns, At safepoint: 9500 ns, Total: 166711 ns
[108.153s][info ][safepoint      ] Safepoint "Cleanup", Time since last: 1000106893 ns, Reaching safepoint: 117409 ns, At safepoint: 8100 ns, Total: 125509 ns
[109.154s][info ][safepoint      ] Safepoint "Cleanup", Time since last: 1000106365 ns, Reaching safepoint: 129909 ns, At safepoint: 9601 ns, Total: 139510 ns
[110.154s][info ][safepoint      ] Safepoint "Cleanup", Time since last: 1000114938 ns, Reaching safepoint: 119308 ns, At safepoint: 5900 ns, Total: 125208 ns
[112.154s][info ][safepoint      ] Safepoint "Cleanup", Time since last: 2000173488 ns, Reaching safepoint: 127109 ns, At safepoint: 9000 ns, Total: 136109 ns
[113.154s][info ][safepoint      ] Safepoint "Cleanup", Time since last: 1000064851 ns, Reaching safepoint: 121009 ns, At safepoint: 11200 ns, Total: 132209 ns
[115.155s][info ][safepoint      ] Safepoint "Cleanup", Time since last: 2000143320 ns, Reaching safepoint: 122208 ns, At safepoint: 5501 ns, Total: 127709 ns
[116.155s][info ][safepoint      ] Safepoint "Cleanup", Time since last: 1000109971 ns, Reaching safepoint: 116808 ns, At safepoint: 10900 ns, Total: 127708 ns
[117.155s][info ][safepoint      ] Safepoint "Cleanup", Time since last: 1000128145 ns, Reaching safepoint: 135909 ns, At safepoint: 12901 ns, Total: 148810 ns
[118.155s][info ][safepoint      ] Safepoint "Cleanup", Time since last: 1000114316 ns, Reaching safepoint: 119609 ns, At safepoint: 10100 ns, Total: 129709 ns
[120.156s][info ][safepoint      ] Safepoint "Cleanup", Time since last: 2000185047 ns, Reaching safepoint: 126709 ns, At safepoint: 5400 ns, Total: 132109 ns
[121.806s][info ][safepoint      ] Safepoint "Cleanup", Time since last: 1649936946 ns, Reaching safepoint: 155911 ns, At safepoint: 9600 ns, Total: 165511 ns
[123.741s][info ][safepoint      ] Safepoint "Cleanup", Time since last: 1934798654 ns, Reaching safepoint: 66304 ns, At safepoint: 8801 ns, Total: 75105 ns
[124.741s][info ][safepoint      ] Safepoint "Cleanup", Time since last: 1000118337 ns, Reaching safepoint: 117408 ns, At safepoint: 10901 ns, Total: 128309 ns
[125.741s][info ][safepoint      ] Safepoint "Cleanup", Time since last: 1000114009 ns, Reaching safepoint: 56504 ns, At safepoint: 4700 ns, Total: 61204 ns
[127.247s][info ][safepoint      ] Safepoint "Cleanup", Time since last: 1506361437 ns, Reaching safepoint: 64504 ns, At safepoint: 5601 ns, Total: 70105 ns
[128.248s][info ][safepoint      ] Safepoint "Cleanup", Time since last: 1000112341 ns, Reaching safepoint: 45503 ns, At safepoint: 2801 ns, Total: 48304 ns
[129.248s][info ][safepoint      ] Safepoint "Cleanup", Time since last: 1000115915 ns, Reaching safepoint: 64704 ns, At safepoint: 11501 ns, Total: 76205 ns
[130.248s][info ][safepoint      ] Safepoint "Cleanup", Time since last: 1000117488 ns, Reaching safepoint: 83806 ns, At safepoint: 9800 ns, Total: 93606 ns
[131.248s][info ][safepoint      ] Safepoint "Cleanup", Time since last: 1000119762 ns, Reaching safepoint: 54404 ns, At safepoint: 8800 ns, Total: 63204 ns
[132.248s][info ][safepoint      ] Safepoint "Cleanup", Time since last: 1000114435 ns, Reaching safepoint: 62104 ns, At safepoint: 5800 ns, Total: 67904 ns
[133.249s][info ][safepoint      ] Safepoint "Cleanup", Time since last: 1000109908 ns, Reaching safepoint: 51803 ns, At safepoint: 4000 ns, Total: 55803 ns
[134.249s][info ][safepoint      ] Safepoint "Cleanup", Time since last: 1000111181 ns, Reaching safepoint: 54004 ns, At safepoint: 5700 ns, Total: 59704 ns
[135.249s][info ][safepoint      ] Safepoint "Cleanup", Time since last: 1000067852 ns, Reaching safepoint: 44403 ns, At safepoint: 3100 ns, Total: 47503 ns
[136.249s][info ][safepoint      ] Safepoint "Cleanup", Time since last: 1000099427 ns, Reaching safepoint: 58204 ns, At safepoint: 2400 ns, Total: 60604 ns
[137.249s][info ][safepoint      ] Safepoint "Cleanup", Time since last: 1000117702 ns, Reaching safepoint: 48303 ns, At safepoint: 7600 ns, Total: 55903 ns
[138.249s][info ][safepoint      ] Safepoint "Cleanup", Time since last: 1000112775 ns, Reaching safepoint: 53804 ns, At safepoint: 7301 ns, Total: 61105 ns
[139.250s][info ][safepoint      ] Safepoint "Cleanup", Time since last: 1000106748 ns, Reaching safepoint: 62304 ns, At safepoint: 8200 ns, Total: 70504 ns
[140.250s][info ][safepoint      ] Safepoint "Cleanup", Time since last: 1000114323 ns, Reaching safepoint: 54303 ns, At safepoint: 9401 ns, Total: 63704 ns
[141.250s][info ][safepoint      ] Safepoint "Cleanup", Time since last: 1000113096 ns, Reaching safepoint: 59904 ns, At safepoint: 3500 ns, Total: 63404 ns
[142.250s][info ][safepoint      ] Safepoint "Cleanup", Time since last: 1000094469 ns, Reaching safepoint: 58404 ns, At safepoint: 2900 ns, Total: 61304 ns
[143.250s][info ][safepoint      ] Safepoint "Cleanup", Time since last: 1000114043 ns, Reaching safepoint: 53004 ns, At safepoint: 5600 ns, Total: 58604 ns
[144.250s][info ][safepoint      ] Safepoint "Cleanup", Time since last: 1000108418 ns, Reaching safepoint: 46903 ns, At safepoint: 2200 ns, Total: 49103 ns
[145.251s][info ][safepoint      ] Safepoint "Cleanup", Time since last: 1000080389 ns, Reaching safepoint: 60004 ns, At safepoint: 5500 ns, Total: 65504 ns
[147.251s][info ][safepoint      ] Safepoint "Cleanup", Time since last: 2000152300 ns, Reaching safepoint: 53804 ns, At safepoint: 5700 ns, Total: 59504 ns
[148.251s][info ][safepoint      ] Safepoint "Cleanup", Time since last: 1000109613 ns, Reaching safepoint: 60604 ns, At safepoint: 7401 ns, Total: 68005 ns
[149.251s][info ][safepoint      ] Safepoint "Cleanup", Time since last: 1000111287 ns, Reaching safepoint: 73205 ns, At safepoint: 9301 ns, Total: 82506 ns
[149.286s][info ][gc,start       ] GC(104) Pause Young (Allocation Failure)
[149.294s][debug][gc,phases      ] GC(104) Scavenge 7.760ms
[149.294s][debug][gc,ref         ] GC(104) Skipped phase 1 of Reference Processing: no references
[149.294s][debug][gc,ref         ] GC(104) ReferenceProcessor::execute queues: 1, RefProcThreadModel::Single, marks_oops_alive: false
[149.294s][debug][gc,ref         ] GC(104) Skipped phase 3 of Reference Processing: no references
[149.294s][debug][gc,ref         ] GC(104) ReferenceProcessor::execute queues: 1, RefProcThreadModel::Single, marks_oops_alive: false
[149.294s][debug][gc,phases      ] GC(104) Reference Processing 0.125ms
[149.294s][debug][gc,phases      ] GC(104)   VM Weak                        Min:  0.0, Avg:  0.0, Max:  0.0, Diff:  0.0, Sum:  0.0, Workers: 4
[149.294s][debug][gc,phases      ] GC(104)     Dead                           Min: 0, Avg:  0.0, Max: 0, Diff: 0, Sum: 0, Workers: 4
[149.294s][debug][gc,phases      ] GC(104)     Total                          Min: 0, Avg: 169.2, Max: 576, Diff: 576, Sum: 677, Workers: 4
[149.294s][debug][gc,phases      ] GC(104)   ObjectSynchronizer Weak        Min:  0.0, Avg:  0.0, Max:  0.0, Diff:  0.0, Sum:  0.0, Workers: 4
[149.295s][debug][gc,phases      ] GC(104)     Dead                           Min: 0, Avg:  0.0, Max: 0, Diff: 0, Sum: 0, Workers: 4
[149.295s][debug][gc,phases      ] GC(104)     Total                          Min: 0, Avg: 72.0, Max: 160, Diff: 160, Sum: 288, Workers: 4
[149.295s][debug][gc,phases      ] GC(104)   JVMTI Tag Weak OopStorage      Min:  0.0, Avg:  0.0, Max:  0.0, Diff:  0.0, Sum:  0.0, Workers: 4
[149.295s][debug][gc,phases      ] GC(104)     Dead                           Min: 0, Avg:  0.0, Max: 0, Diff: 0, Sum: 0, Workers: 4
[149.295s][debug][gc,phases      ] GC(104)     Total                          Min: 0, Avg:  0.0, Max: 0, Diff: 0, Sum: 0, Workers: 4
[149.295s][debug][gc,phases      ] GC(104)   StringTable Weak               Min:  0.1, Avg:  0.1, Max:  0.1, Diff:  0.0, Sum:  0.5, Workers: 4
[149.295s][debug][gc,phases      ] GC(104)     Dead                           Min: 0, Avg:  0.5, Max: 2, Diff: 2, Sum: 2, Workers: 4
[149.295s][debug][gc,phases      ] GC(104)     Total                          Min: 11183, Avg: 11963.8, Max: 12864, Diff: 1681, Sum: 47855, Workers: 4
[149.295s][debug][gc,phases      ] GC(104)   ResolvedMethodTable Weak       Min:  0.0, Avg:  0.0, Max:  0.0, Diff:  0.0, Sum:  0.1, Workers: 4
[149.295s][debug][gc,phases      ] GC(104)     Dead                           Min: 0, Avg:  0.0, Max: 0, Diff: 0, Sum: 0, Workers: 4
[149.295s][debug][gc,phases      ] GC(104)     Total                          Min: 1882, Avg: 2039.0, Max: 2289, Diff: 407, Sum: 8156, Workers: 4
[149.295s][debug][gc,phases      ] GC(104)   JNI Weak                       Min:  0.0, Avg:  0.0, Max:  0.0, Diff:  0.0, Sum:  0.0, Workers: 4
[149.295s][debug][gc,phases      ] GC(104)     Dead                           Min: 0, Avg:  0.0, Max: 0, Diff: 0, Sum: 0, Workers: 4
[149.295s][debug][gc,phases      ] GC(104)     Total                          Min: 0, Avg:  0.0, Max: 0, Diff: 0, Sum: 0, Workers: 4
[149.295s][debug][gc,phases      ] GC(104)   StringDedup Table Weak         Min:  0.0, Avg:  0.0, Max:  0.0, Diff:  0.0, Sum:  0.0, Workers: 4
[149.295s][debug][gc,phases      ] GC(104)     Dead                           Min: 0, Avg:  0.0, Max: 0, Diff: 0, Sum: 0, Workers: 4
[149.295s][debug][gc,phases      ] GC(104)     Total                          Min: 0, Avg:  0.0, Max: 0, Diff: 0, Sum: 0, Workers: 4
[149.295s][debug][gc,phases      ] GC(104)   StringDedup Requests0 Weak     Min:  0.0, Avg:  0.0, Max:  0.0, Diff:  0.0, Sum:  0.0, Workers: 4
[149.295s][debug][gc,phases      ] GC(104)     Dead                           Min: 0, Avg:  0.0, Max: 0, Diff: 0, Sum: 0, Workers: 4
[149.295s][debug][gc,phases      ] GC(104)     Total                          Min: 0, Avg:  0.0, Max: 0, Diff: 0, Sum: 0, Workers: 4
[149.295s][debug][gc,phases      ] GC(104)   StringDedup Requests1 Weak     Min:  0.0, Avg:  0.0, Max:  0.0, Diff:  0.0, Sum:  0.0, Workers: 4
[149.295s][debug][gc,phases      ] GC(104)     Dead                           Min: 0, Avg:  0.0, Max: 0, Diff: 0, Sum: 0, Workers: 4
[149.295s][debug][gc,phases      ] GC(104)     Total                          Min: 0, Avg:  0.0, Max: 0, Diff: 0, Sum: 0, Workers: 4
[149.295s][debug][gc,phases      ] GC(104)   Weak JFR Old Object Samples    Min:  0.0, Avg:  0.0, Max:  0.0, Diff:  0.0, Sum:  0.0, Workers: 4
[149.295s][debug][gc,phases      ] GC(104)     Dead                           Min: 0, Avg:  0.0, Max: 0, Diff: 0, Sum: 0, Workers: 4
[149.295s][debug][gc,phases      ] GC(104)     Total                          Min: 0, Avg:  0.0, Max: 0, Diff: 0, Sum: 0, Workers: 4
[149.295s][debug][gc,phases      ] GC(104) Weak Processing 0.324ms
[149.295s][debug][gc,age         ] GC(104) Desired survivor size 94896128 bytes, new threshold 15 (max threshold 15)
[149.295s][info ][gc,heap        ] GC(104) PSYoungGen: 1905632K(1998336K)->12560K(1992192K) Eden: 1893376K(1893376K)->0K(1893376K) From: 12256K(104960K)->12560K(98816K)
[149.295s][info ][gc,heap        ] GC(104) ParOldGen: 475390K(542208K)->475754K(542208K)
[149.295s][info ][gc,metaspace   ] GC(104) Metaspace: 82530K(83328K)->82530K(83328K) NonClass: 70907K(71360K)->70907K(71360K) Class: 11622K(11968K)->11622K(11968K)
[149.295s][info ][gc             ] GC(104) Pause Young (Allocation Failure) 2325M->476M(2475M) 8.351ms
[149.295s][info ][gc,cpu         ] GC(104) User=0.02s Sys=0.01s Real=0.01s
[149.295s][info ][safepoint      ] Safepoint "ParallelGCFailedAllocation", Time since last: 35143492 ns, Reaching safepoint: 45703 ns, At safepoint: 8440875 ns, Total: 8486578 ns
[150.295s][info ][safepoint      ] Safepoint "Cleanup", Time since last: 1000083358 ns, Reaching safepoint: 80506 ns, At safepoint: 6200 ns, Total: 86706 ns
[151.295s][info ][safepoint      ] Safepoint "Cleanup", Time since last: 1000117535 ns, Reaching safepoint: 59504 ns, At safepoint: 2700 ns, Total: 62204 ns
[152.295s][info ][safepoint      ] Safepoint "Cleanup", Time since last: 1000118010 ns, Reaching safepoint: 97706 ns, At safepoint: 8001 ns, Total: 105707 ns
[153.295s][info ][safepoint      ] Safepoint "Cleanup", Time since last: 1000116783 ns, Reaching safepoint: 52304 ns, At safepoint: 3500 ns, Total: 55804 ns
[154.296s][info ][safepoint      ] Safepoint "Cleanup", Time since last: 1000106457 ns, Reaching safepoint: 91107 ns, At safepoint: 9300 ns, Total: 100407 ns
[155.296s][info ][safepoint      ] Safepoint "Cleanup", Time since last: 1000113932 ns, Reaching safepoint: 54504 ns, At safepoint: 5400 ns, Total: 59904 ns
[156.296s][info ][safepoint      ] Safepoint "Cleanup", Time since last: 1000115407 ns, Reaching safepoint: 59204 ns, At safepoint: 3700 ns, Total: 62904 ns
[157.296s][info ][safepoint      ] Safepoint "Cleanup", Time since last: 1000111181 ns, Reaching safepoint: 51104 ns, At safepoint: 4100 ns, Total: 55204 ns
[158.296s][info ][safepoint      ] Safepoint "Cleanup", Time since last: 1000108256 ns, Reaching safepoint: 46403 ns, At safepoint: 7500 ns, Total: 53903 ns
[159.297s][info ][safepoint      ] Safepoint "Cleanup", Time since last: 1000110830 ns, Reaching safepoint: 58704 ns, At safepoint: 7601 ns, Total: 66305 ns
[160.297s][info ][safepoint      ] Safepoint "Cleanup", Time since last: 1000106304 ns, Reaching safepoint: 50204 ns, At safepoint: 3000 ns, Total: 53204 ns
[161.297s][info ][safepoint      ] Safepoint "Cleanup", Time since last: 1000110880 ns, Reaching safepoint: 50903 ns, At safepoint: 2500 ns, Total: 53403 ns
[162.297s][info ][safepoint      ] Safepoint "Cleanup", Time since last: 1000127356 ns, Reaching safepoint: 61804 ns, At safepoint: 8600 ns, Total: 70404 ns
[163.297s][info ][safepoint      ] Safepoint "Cleanup", Time since last: 1000114730 ns, Reaching safepoint: 55504 ns, At safepoint: 14601 ns, Total: 70105 ns
[164.297s][info ][safepoint      ] Safepoint "Cleanup", Time since last: 1000115404 ns, Reaching safepoint: 52804 ns, At safepoint: 4000 ns, Total: 56804 ns
[165.298s][info ][safepoint      ] Safepoint "Cleanup", Time since last: 1000110579 ns, Reaching safepoint: 52704 ns, At safepoint: 2400 ns, Total: 55104 ns
[168.298s][info ][safepoint      ] Safepoint "Cleanup", Time since last: 3000251982 ns, Reaching safepoint: 55003 ns, At safepoint: 8401 ns, Total: 63404 ns
[170.298s][info ][safepoint      ] Safepoint "Cleanup", Time since last: 2000175031 ns, Reaching safepoint: 51803 ns, At safepoint: 6600 ns, Total: 58403 ns
[172.298s][info ][safepoint      ] Safepoint "Cleanup", Time since last: 2000172832 ns, Reaching safepoint: 46303 ns, At safepoint: 2700 ns, Total: 49003 ns
[173.488s][info ][safepoint      ] Safepoint "Cleanup", Time since last: 1189196337 ns, Reaching safepoint: 112308 ns, At safepoint: 8300 ns, Total: 120608 ns
[174.488s][info ][safepoint      ] Safepoint "Cleanup", Time since last: 1000126052 ns, Reaching safepoint: 52204 ns, At safepoint: 12801 ns, Total: 65005 ns
[175.488s][info ][safepoint      ] Safepoint "Cleanup", Time since last: 1000121427 ns, Reaching safepoint: 37802 ns, At safepoint: 3200 ns, Total: 41002 ns
[176.488s][info ][safepoint      ] Safepoint "Cleanup", Time since last: 1000113402 ns, Reaching safepoint: 59704 ns, At safepoint: 8401 ns, Total: 68105 ns
[177.488s][info ][safepoint      ] Safepoint "Cleanup", Time since last: 1000110977 ns, Reaching safepoint: 60704 ns, At safepoint: 5501 ns, Total: 66205 ns
[179.489s][info ][safepoint      ] Safepoint "Cleanup", Time since last: 2000197380 ns, Reaching safepoint: 60204 ns, At safepoint: 7300 ns, Total: 67504 ns
[181.489s][info ][safepoint      ] Safepoint "Cleanup", Time since last: 2000186882 ns, Reaching safepoint: 55704 ns, At safepoint: 9300 ns, Total: 65004 ns
[185.489s][info ][safepoint      ] Safepoint "Cleanup", Time since last: 4000284367 ns, Reaching safepoint: 64705 ns, At safepoint: 12900 ns, Total: 77605 ns
[186.489s][info ][safepoint      ] Safepoint "Cleanup", Time since last: 1000103259 ns, Reaching safepoint: 64104 ns, At safepoint: 7901 ns, Total: 72005 ns
[187.490s][info ][safepoint      ] Safepoint "Cleanup", Time since last: 1000111435 ns, Reaching safepoint: 64304 ns, At safepoint: 30603 ns, Total: 94907 ns
[189.490s][info ][safepoint      ] Safepoint "Cleanup", Time since last: 2000174995 ns, Reaching safepoint: 58204 ns, At safepoint: 5700 ns, Total: 63904 ns
[190.490s][info ][safepoint      ] Safepoint "Cleanup", Time since last: 1000121364 ns, Reaching safepoint: 46203 ns, At safepoint: 2701 ns, Total: 48904 ns
[191.490s][info ][safepoint      ] Safepoint "Cleanup", Time since last: 1000117039 ns, Reaching safepoint: 46604 ns, At safepoint: 3300 ns, Total: 49904 ns
[192.490s][info ][safepoint      ] Safepoint "Cleanup", Time since last: 1000109516 ns, Reaching safepoint: 51503 ns, At safepoint: 2400 ns, Total: 53903 ns
[194.491s][info ][safepoint      ] Safepoint "Cleanup", Time since last: 2000178958 ns, Reaching safepoint: 54503 ns, At safepoint: 8201 ns, Total: 62704 ns
[195.491s][info ][safepoint      ] Safepoint "Cleanup", Time since last: 1000113545 ns, Reaching safepoint: 127308 ns, At safepoint: 10501 ns, Total: 137809 ns
[196.491s][info ][safepoint      ] Safepoint "Cleanup", Time since last: 1000113921 ns, Reaching safepoint: 97007 ns, At safepoint: 7200 ns, Total: 104207 ns
[197.491s][info ][safepoint      ] Safepoint "Cleanup", Time since last: 1000115598 ns, Reaching safepoint: 57104 ns, At safepoint: 6701 ns, Total: 63805 ns
[201.492s][info ][safepoint      ] Safepoint "Cleanup", Time since last: 4000290045 ns, Reaching safepoint: 50004 ns, At safepoint: 6800 ns, Total: 56804 ns
[203.492s][info ][safepoint      ] Safepoint "Cleanup", Time since last: 2000207337 ns, Reaching safepoint: 54804 ns, At safepoint: 6500 ns, Total: 61304 ns
[204.492s][info ][safepoint      ] Safepoint "Cleanup", Time since last: 1000121735 ns, Reaching safepoint: 57804 ns, At safepoint: 5900 ns, Total: 63704 ns
[205.492s][info ][safepoint      ] Safepoint "Cleanup", Time since last: 1000120512 ns, Reaching safepoint: 62004 ns, At safepoint: 2700 ns, Total: 64704 ns
[209.493s][info ][safepoint      ] Safepoint "Cleanup", Time since last: 4000327405 ns, Reaching safepoint: 51103 ns, At safepoint: 5201 ns, Total: 56304 ns
[210.493s][info ][safepoint      ] Safepoint "Cleanup", Time since last: 1000107595 ns, Reaching safepoint: 50003 ns, At safepoint: 2301 ns, Total: 52304 ns
[213.493s][info ][safepoint      ] Safepoint "Cleanup", Time since last: 3000243743 ns, Reaching safepoint: 43603 ns, At safepoint: 2900 ns, Total: 46503 ns
[215.493s][info ][safepoint      ] Safepoint "Cleanup", Time since last: 2000177983 ns, Reaching safepoint: 75905 ns, At safepoint: 9201 ns, Total: 85106 ns
[216.494s][info ][safepoint      ] Safepoint "Cleanup", Time since last: 1000107558 ns, Reaching safepoint: 52604 ns, At safepoint: 5500 ns, Total: 58104 ns
[217.494s][info ][safepoint      ] Safepoint "Cleanup", Time since last: 1000076834 ns, Reaching safepoint: 64604 ns, At safepoint: 4701 ns, Total: 69305 ns
[218.494s][info ][safepoint      ] Safepoint "Cleanup", Time since last: 1000108913 ns, Reaching safepoint: 65705 ns, At safepoint: 8400 ns, Total: 74105 ns
[219.494s][info ][safepoint      ] Safepoint "Cleanup", Time since last: 1000113491 ns, Reaching safepoint: 46903 ns, At safepoint: 3501 ns, Total: 50404 ns
[219.890s][info ][gc,start       ] GC(105) Pause Young (Allocation Failure)
[219.897s][debug][gc,phases      ] GC(105) Scavenge 7.267ms
[219.897s][debug][gc,ref         ] GC(105) Skipped phase 1 of Reference Processing: no references
[219.898s][debug][gc,ref         ] GC(105) ReferenceProcessor::execute queues: 1, RefProcThreadModel::Single, marks_oops_alive: false
[219.898s][debug][gc,ref         ] GC(105) Skipped phase 3 of Reference Processing: no references
[219.898s][debug][gc,ref         ] GC(105) ReferenceProcessor::execute queues: 1, RefProcThreadModel::Single, marks_oops_alive: false
[219.898s][debug][gc,phases      ] GC(105) Reference Processing 0.095ms
[219.898s][debug][gc,phases      ] GC(105)   VM Weak                        Min:  0.0, Avg:  0.0, Max:  0.0, Diff:  0.0, Sum:  0.0, Workers: 4
[219.898s][debug][gc,phases      ] GC(105)     Dead                           Min: 0, Avg:  0.0, Max: 0, Diff: 0, Sum: 0, Workers: 4
[219.898s][debug][gc,phases      ] GC(105)     Total                          Min: 0, Avg: 171.2, Max: 640, Diff: 640, Sum: 685, Workers: 4
[219.898s][debug][gc,phases      ] GC(105)   ObjectSynchronizer Weak        Min:  0.0, Avg:  0.0, Max:  0.0, Diff:  0.0, Sum:  0.0, Workers: 4
[219.898s][debug][gc,phases      ] GC(105)     Dead                           Min: 0, Avg:  0.0, Max: 0, Diff: 0, Sum: 0, Workers: 4
[219.898s][debug][gc,phases      ] GC(105)     Total                          Min: 0, Avg: 72.2, Max: 192, Diff: 192, Sum: 289, Workers: 4
[219.898s][debug][gc,phases      ] GC(105)   JVMTI Tag Weak OopStorage      Min:  0.0, Avg:  0.0, Max:  0.0, Diff:  0.0, Sum:  0.0, Workers: 4
[219.898s][debug][gc,phases      ] GC(105)     Dead                           Min: 0, Avg:  0.0, Max: 0, Diff: 0, Sum: 0, Workers: 4
[219.898s][debug][gc,phases      ] GC(105)     Total                          Min: 0, Avg:  0.0, Max: 0, Diff: 0, Sum: 0, Workers: 4
[219.898s][debug][gc,phases      ] GC(105)   StringTable Weak               Min:  0.1, Avg:  0.1, Max:  0.1, Diff:  0.0, Sum:  0.4, Workers: 4
[219.898s][debug][gc,phases      ] GC(105)     Dead                           Min: 0, Avg:  0.0, Max: 0, Diff: 0, Sum: 0, Workers: 4
[219.898s][debug][gc,phases      ] GC(105)     Total                          Min: 9471, Avg: 11983.8, Max: 13056, Diff: 3585, Sum: 47935, Workers: 4
[219.898s][debug][gc,phases      ] GC(105)   ResolvedMethodTable Weak       Min:  0.0, Avg:  0.0, Max:  0.0, Diff:  0.0, Sum:  0.1, Workers: 4
[219.898s][debug][gc,phases      ] GC(105)     Dead                           Min: 0, Avg:  4.5, Max: 15, Diff: 15, Sum: 18, Workers: 4
[219.898s][debug][gc,phases      ] GC(105)     Total                          Min: 1716, Avg: 2048.0, Max: 2423, Diff: 707, Sum: 8192, Workers: 4
[219.898s][debug][gc,phases      ] GC(105)   JNI Weak                       Min:  0.0, Avg:  0.0, Max:  0.0, Diff:  0.0, Sum:  0.0, Workers: 4
[219.898s][debug][gc,phases      ] GC(105)     Dead                           Min: 0, Avg:  0.0, Max: 0, Diff: 0, Sum: 0, Workers: 4
[219.898s][debug][gc,phases      ] GC(105)     Total                          Min: 0, Avg:  0.0, Max: 0, Diff: 0, Sum: 0, Workers: 4
[219.898s][debug][gc,phases      ] GC(105)   StringDedup Table Weak         Min:  0.0, Avg:  0.0, Max:  0.0, Diff:  0.0, Sum:  0.0, Workers: 4
[219.898s][debug][gc,phases      ] GC(105)     Dead                           Min: 0, Avg:  0.0, Max: 0, Diff: 0, Sum: 0, Workers: 4
[219.898s][debug][gc,phases      ] GC(105)     Total                          Min: 0, Avg:  0.0, Max: 0, Diff: 0, Sum: 0, Workers: 4
[219.898s][debug][gc,phases      ] GC(105)   StringDedup Requests0 Weak     Min:  0.0, Avg:  0.0, Max:  0.0, Diff:  0.0, Sum:  0.0, Workers: 4
[219.898s][debug][gc,phases      ] GC(105)     Dead                           Min: 0, Avg:  0.0, Max: 0, Diff: 0, Sum: 0, Workers: 4
[219.898s][debug][gc,phases      ] GC(105)     Total                          Min: 0, Avg:  0.0, Max: 0, Diff: 0, Sum: 0, Workers: 4
[219.898s][debug][gc,phases      ] GC(105)   StringDedup Requests1 Weak     Min:  0.0, Avg:  0.0, Max:  0.0, Diff:  0.0, Sum:  0.0, Workers: 4
[219.898s][debug][gc,phases      ] GC(105)     Dead                           Min: 0, Avg:  0.0, Max: 0, Diff: 0, Sum: 0, Workers: 4
[219.898s][debug][gc,phases      ] GC(105)     Total                          Min: 0, Avg:  0.0, Max: 0, Diff: 0, Sum: 0, Workers: 4
[219.898s][debug][gc,phases      ] GC(105)   Weak JFR Old Object Samples    Min:  0.0, Avg:  0.0, Max:  0.0, Diff:  0.0, Sum:  0.0, Workers: 4
[219.898s][debug][gc,phases      ] GC(105)     Dead                           Min: 0, Avg:  0.0, Max: 0, Diff: 0, Sum: 0, Workers: 4
[219.898s][debug][gc,phases      ] GC(105)     Total                          Min: 0, Avg:  0.0, Max: 0, Diff: 0, Sum: 0, Workers: 4
[219.898s][debug][gc,phases      ] GC(105) Weak Processing 0.313ms
[219.898s][debug][gc,age         ] GC(105) Desired survivor size 88604672 bytes, new threshold 15 (max threshold 15)
[219.898s][info ][gc,heap        ] GC(105) PSYoungGen: 1905936K(1992192K)->12448K(2010624K) Eden: 1893376K(1893376K)->0K(1917952K) From: 12560K(98816K)->12448K(92672K)
[219.898s][info ][gc,heap        ] GC(105) ParOldGen: 475754K(542208K)->476138K(542208K)
[219.898s][info ][gc,metaspace   ] GC(105) Metaspace: 82714K(83584K)->82714K(83584K) NonClass: 71083K(71552K)->71083K(71552K) Class: 11630K(12032K)->11630K(12032K)
[219.898s][info ][gc             ] GC(105) Pause Young (Allocation Failure) 2325M->477M(2493M) 7.812ms
[219.898s][info ][gc,cpu         ] GC(105) User=0.03s Sys=0.00s Real=0.01s
[219.898s][info ][safepoint      ] Safepoint "ParallelGCFailedAllocation", Time since last: 396038283 ns, Reaching safepoint: 27002 ns, At safepoint: 7895223 ns, Total: 7922225 ns
[220.898s][info ][safepoint      ] Safepoint "Cleanup", Time since last: 1000081158 ns, Reaching safepoint: 33802 ns, At safepoint: 2700 ns, Total: 36502 ns
[223.898s][info ][safepoint      ] Safepoint "Cleanup", Time since last: 3000236038 ns, Reaching safepoint: 51103 ns, At safepoint: 5701 ns, Total: 56804 ns
[224.899s][info ][safepoint      ] Safepoint "Cleanup", Time since last: 1000090268 ns, Reaching safepoint: 49604 ns, At safepoint: 6400 ns, Total: 56004 ns
[225.899s][info ][safepoint      ] Safepoint "Cleanup", Time since last: 1000104847 ns, Reaching safepoint: 56704 ns, At safepoint: 7701 ns, Total: 64405 ns
[237.900s][info ][safepoint      ] Safepoint "Cleanup", Time since last: 12000800716 ns, Reaching safepoint: 48403 ns, At safepoint: 2500 ns, Total: 50903 ns
[238.900s][info ][safepoint      ] Safepoint "Cleanup", Time since last: 1000115963 ns, Reaching safepoint: 63104 ns, At safepoint: 5700 ns, Total: 68804 ns
[239.900s][info ][safepoint      ] Safepoint "Cleanup", Time since last: 1000108641 ns, Reaching safepoint: 57704 ns, At safepoint: 3100 ns, Total: 60804 ns
[241.900s][info ][safepoint      ] Safepoint "Cleanup", Time since last: 2000174513 ns, Reaching safepoint: 54303 ns, At safepoint: 2300 ns, Total: 56603 ns
[242.900s][info ][safepoint      ] Safepoint "Cleanup", Time since last: 1000108476 ns, Reaching safepoint: 46603 ns, At safepoint: 2500 ns, Total: 49103 ns
[243.900s][info ][safepoint      ] Safepoint "Cleanup", Time since last: 1000106654 ns, Reaching safepoint: 46703 ns, At safepoint: 6801 ns, Total: 53504 ns
[244.901s][info ][safepoint      ] Safepoint "Cleanup", Time since last: 1000107032 ns, Reaching safepoint: 525335 ns, At safepoint: 9900 ns, Total: 535235 ns
[245.901s][info ][safepoint      ] Safepoint "Cleanup", Time since last: 1000112212 ns, Reaching safepoint: 45603 ns, At safepoint: 3500 ns, Total: 49103 ns
[246.901s][info ][safepoint      ] Safepoint "Cleanup", Time since last: 1000082088 ns, Reaching safepoint: 54604 ns, At safepoint: 5500 ns, Total: 60104 ns
[248.902s][info ][safepoint      ] Safepoint "Cleanup", Time since last: 2000140411 ns, Reaching safepoint: 46303 ns, At safepoint: 30202 ns, Total: 76505 ns
[249.902s][info ][safepoint      ] Safepoint "Cleanup", Time since last: 1000064823 ns, Reaching safepoint: 47703 ns, At safepoint: 4700 ns, Total: 52403 ns
[251.902s][info ][safepoint      ] Safepoint "Cleanup", Time since last: 2000172585 ns, Reaching safepoint: 51504 ns, At safepoint: 5800 ns, Total: 57304 ns
[252.902s][info ][safepoint      ] Safepoint "Cleanup", Time since last: 1000106262 ns, Reaching safepoint: 52704 ns, At safepoint: 5500 ns, Total: 58204 ns
[253.902s][info ][safepoint      ] Safepoint "Cleanup", Time since last: 1000105741 ns, Reaching safepoint: 43203 ns, At safepoint: 2700 ns, Total: 45903 ns
[254.902s][info ][safepoint      ] Safepoint "Cleanup", Time since last: 1000100120 ns, Reaching safepoint: 115108 ns, At safepoint: 10700 ns, Total: 125808 ns
[255.903s][info ][safepoint      ] Safepoint "Cleanup", Time since last: 1000125901 ns, Reaching safepoint: 132508 ns, At safepoint: 7001 ns, Total: 139509 ns
[256.903s][info ][safepoint      ] Safepoint "Cleanup", Time since last: 1000119479 ns, Reaching safepoint: 108807 ns, At safepoint: 4600 ns, Total: 113407 ns
[257.903s][info ][safepoint      ] Safepoint "Cleanup", Time since last: 1000112758 ns, Reaching safepoint: 120308 ns, At safepoint: 10400 ns, Total: 130708 ns
[258.903s][info ][safepoint      ] Safepoint "Cleanup", Time since last: 1000116837 ns, Reaching safepoint: 110208 ns, At safepoint: 6200 ns, Total: 116408 ns
[259.904s][info ][safepoint      ] Safepoint "Cleanup", Time since last: 1000113216 ns, Reaching safepoint: 120108 ns, At safepoint: 10301 ns, Total: 130409 ns
[260.904s][info ][safepoint      ] Safepoint "Cleanup", Time since last: 1000110095 ns, Reaching safepoint: 114107 ns, At safepoint: 7400 ns, Total: 121507 ns
[261.904s][info ][safepoint      ] Safepoint "Cleanup", Time since last: 1000099274 ns, Reaching safepoint: 125508 ns, At safepoint: 9801 ns, Total: 135309 ns
[262.904s][info ][safepoint      ] Safepoint "Cleanup", Time since last: 1000113854 ns, Reaching safepoint: 119607 ns, At safepoint: 16201 ns, Total: 135808 ns
[263.905s][info ][safepoint      ] Safepoint "Cleanup", Time since last: 1000115034 ns, Reaching safepoint: 127108 ns, At safepoint: 8300 ns, Total: 135408 ns
[264.905s][info ][safepoint      ] Safepoint "Cleanup", Time since last: 1000074510 ns, Reaching safepoint: 115508 ns, At safepoint: 7100 ns, Total: 122608 ns
[266.905s][info ][safepoint      ] Safepoint "Cleanup", Time since last: 2000163359 ns, Reaching safepoint: 122408 ns, At safepoint: 9601 ns, Total: 132009 ns
[271.906s][info ][safepoint      ] Safepoint "Cleanup", Time since last: 5000398838 ns, Reaching safepoint: 118007 ns, At safepoint: 7501 ns, Total: 125508 ns
[274.906s][info ][safepoint      ] Safepoint "Cleanup", Time since last: 3000251579 ns, Reaching safepoint: 122408 ns, At safepoint: 12101 ns, Total: 134509 ns
[275.906s][info ][safepoint      ] Safepoint "Cleanup", Time since last: 1000112188 ns, Reaching safepoint: 118107 ns, At safepoint: 7201 ns, Total: 125308 ns
[277.907s][info ][safepoint      ] Safepoint "Cleanup", Time since last: 2000184713 ns, Reaching safepoint: 118707 ns, At safepoint: 8401 ns, Total: 127108 ns
[278.907s][info ][safepoint      ] Safepoint "Cleanup", Time since last: 1000093426 ns, Reaching safepoint: 121008 ns, At safepoint: 6600 ns, Total: 127608 ns
[279.907s][info ][safepoint      ] Safepoint "Cleanup", Time since last: 1000106607 ns, Reaching safepoint: 123509 ns, At safepoint: 8200 ns, Total: 131709 ns
[281.907s][info ][safepoint      ] Safepoint "Cleanup", Time since last: 2000174752 ns, Reaching safepoint: 149009 ns, At safepoint: 12501 ns, Total: 161510 ns
[284.908s][info ][safepoint      ] Safepoint "Cleanup", Time since last: 3000269279 ns, Reaching safepoint: 134909 ns, At safepoint: 11901 ns, Total: 146810 ns
[287.212s][info ][safepoint      ] Safepoint "Cleanup", Time since last: 2304011286 ns, Reaching safepoint: 93106 ns, At safepoint: 5600 ns, Total: 98706 ns
[287.787s][info ][gc,start       ] GC(106) Pause Young (Allocation Failure)
[287.794s][debug][gc,phases      ] GC(106) Scavenge 7.394ms
[287.794s][debug][gc,ref         ] GC(106) Skipped phase 1 of Reference Processing: no references
[287.794s][debug][gc,ref         ] GC(106) ReferenceProcessor::execute queues: 1, RefProcThreadModel::Single, marks_oops_alive: false
[287.794s][debug][gc,ref         ] GC(106) Skipped phase 3 of Reference Processing: no references
[287.794s][debug][gc,ref         ] GC(106) ReferenceProcessor::execute queues: 1, RefProcThreadModel::Single, marks_oops_alive: false
[287.794s][debug][gc,phases      ] GC(106) Reference Processing 0.113ms
[287.795s][debug][gc,phases      ] GC(106)   VM Weak                        Min:  0.0, Avg:  0.0, Max:  0.0, Diff:  0.0, Sum:  0.0, Workers: 4
[287.795s][debug][gc,phases      ] GC(106)     Dead                           Min: 0, Avg:  0.0, Max: 0, Diff: 0, Sum: 0, Workers: 4
[287.795s][debug][gc,phases      ] GC(106)     Total                          Min: 0, Avg: 171.2, Max: 640, Diff: 640, Sum: 685, Workers: 4
[287.795s][debug][gc,phases      ] GC(106)   ObjectSynchronizer Weak        Min:  0.0, Avg:  0.0, Max:  0.0, Diff:  0.0, Sum:  0.0, Workers: 4
[287.795s][debug][gc,phases      ] GC(106)     Dead                           Min: 0, Avg:  0.0, Max: 0, Diff: 0, Sum: 0, Workers: 4
[287.795s][debug][gc,phases      ] GC(106)     Total                          Min: 0, Avg: 72.2, Max: 225, Diff: 225, Sum: 289, Workers: 4
[287.795s][debug][gc,phases      ] GC(106)   JVMTI Tag Weak OopStorage      Min:  0.0, Avg:  0.0, Max:  0.0, Diff:  0.0, Sum:  0.0, Workers: 4
[287.795s][debug][gc,phases      ] GC(106)     Dead                           Min: 0, Avg:  0.0, Max: 0, Diff: 0, Sum: 0, Workers: 4
[287.795s][debug][gc,phases      ] GC(106)     Total                          Min: 0, Avg:  0.0, Max: 0, Diff: 0, Sum: 0, Workers: 4
[287.795s][debug][gc,phases      ] GC(106)   StringTable Weak               Min:  0.1, Avg:  0.1, Max:  0.1, Diff:  0.0, Sum:  0.4, Workers: 4
[287.795s][debug][gc,phases      ] GC(106)     Dead                           Min: 0, Avg:  0.0, Max: 0, Diff: 0, Sum: 0, Workers: 4
[287.795s][debug][gc,phases      ] GC(106)     Total                          Min: 10503, Avg: 11985.8, Max: 13760, Diff: 3257, Sum: 47943, Workers: 4
[287.795s][debug][gc,phases      ] GC(106)   ResolvedMethodTable Weak       Min:  0.0, Avg:  0.0, Max:  0.0, Diff:  0.0, Sum:  0.1, Workers: 4
[287.795s][debug][gc,phases      ] GC(106)     Dead                           Min: 0, Avg:  0.0, Max: 0, Diff: 0, Sum: 0, Workers: 4
[287.795s][debug][gc,phases      ] GC(106)     Total                          Min: 1239, Avg: 2048.0, Max: 2616, Diff: 1377, Sum: 8192, Workers: 4
[287.795s][debug][gc,phases      ] GC(106)   JNI Weak                       Min:  0.0, Avg:  0.0, Max:  0.0, Diff:  0.0, Sum:  0.0, Workers: 4
[287.795s][debug][gc,phases      ] GC(106)     Dead                           Min: 0, Avg:  0.0, Max: 0, Diff: 0, Sum: 0, Workers: 4
[287.795s][debug][gc,phases      ] GC(106)     Total                          Min: 0, Avg:  0.0, Max: 0, Diff: 0, Sum: 0, Workers: 4
[287.795s][debug][gc,phases      ] GC(106)   StringDedup Table Weak         Min:  0.0, Avg:  0.0, Max:  0.0, Diff:  0.0, Sum:  0.0, Workers: 4
[287.795s][debug][gc,phases      ] GC(106)     Dead                           Min: 0, Avg:  0.0, Max: 0, Diff: 0, Sum: 0, Workers: 4
[287.795s][debug][gc,phases      ] GC(106)     Total                          Min: 0, Avg:  0.0, Max: 0, Diff: 0, Sum: 0, Workers: 4
[287.795s][debug][gc,phases      ] GC(106)   StringDedup Requests0 Weak     Min:  0.0, Avg:  0.0, Max:  0.0, Diff:  0.0, Sum:  0.0, Workers: 4
[287.795s][debug][gc,phases      ] GC(106)     Dead                           Min: 0, Avg:  0.0, Max: 0, Diff: 0, Sum: 0, Workers: 4
[287.795s][debug][gc,phases      ] GC(106)     Total                          Min: 0, Avg:  0.0, Max: 0, Diff: 0, Sum: 0, Workers: 4
[287.795s][debug][gc,phases      ] GC(106)   StringDedup Requests1 Weak     Min:  0.0, Avg:  0.0, Max:  0.0, Diff:  0.0, Sum:  0.0, Workers: 4
[287.795s][debug][gc,phases      ] GC(106)     Dead                           Min: 0, Avg:  0.0, Max: 0, Diff: 0, Sum: 0, Workers: 4
[287.795s][debug][gc,phases      ] GC(106)     Total                          Min: 0, Avg:  0.0, Max: 0, Diff: 0, Sum: 0, Workers: 4
[287.795s][debug][gc,phases      ] GC(106)   Weak JFR Old Object Samples    Min:  0.0, Avg:  0.0, Max:  0.0, Diff:  0.0, Sum:  0.0, Workers: 4
[287.795s][debug][gc,phases      ] GC(106)     Dead                           Min: 0, Avg:  0.0, Max: 0, Diff: 0, Sum: 0, Workers: 4
[287.795s][debug][gc,phases      ] GC(106)     Total                          Min: 0, Avg:  0.0, Max: 0, Diff: 0, Sum: 0, Workers: 4
[287.795s][debug][gc,phases      ] GC(106) Weak Processing 0.325ms
[287.795s][debug][gc,age         ] GC(106) Desired survivor size 83361792 bytes, new threshold 15 (max threshold 15)
[287.795s][info ][gc,heap        ] GC(106) PSYoungGen: 1930400K(2010624K)->12016K(2004480K) Eden: 1917952K(1917952K)->0K(1917952K) From: 12448K(92672K)->12016K(86528K)
[287.795s][info ][gc,heap        ] GC(106) ParOldGen: 476138K(542208K)->476474K(542208K)
[287.795s][info ][gc,metaspace   ] GC(106) Metaspace: 82766K(83648K)->82766K(83648K) NonClass: 71135K(71616K)->71135K(71616K) Class: 11630K(12032K)->11630K(12032K)
[287.795s][info ][gc             ] GC(106) Pause Young (Allocation Failure) 2350M->477M(2487M) 7.961ms
[287.795s][info ][gc,cpu         ] GC(106) User=0.03s Sys=0.00s Real=0.01s
[287.795s][info ][safepoint      ] Safepoint "ParallelGCFailedAllocation", Time since last: 574650019 ns, Reaching safepoint: 107707 ns, At safepoint: 8049523 ns, Total: 8157230 ns
[289.559s][info ][safepoint      ] Safepoint "Cleanup", Time since last: 1763628089 ns, Reaching safepoint: 100306 ns, At safepoint: 9401 ns, Total: 109707 ns
[291.262s][info ][safepoint      ] Safepoint "Cleanup", Time since last: 1702956790 ns, Reaching safepoint: 74205 ns, At safepoint: 10600 ns, Total: 84805 ns
[292.262s][info ][safepoint      ] Safepoint "Cleanup", Time since last: 1000112964 ns, Reaching safepoint: 41202 ns, At safepoint: 2101 ns, Total: 43303 ns
[294.262s][info ][safepoint      ] Safepoint "Cleanup", Time since last: 2000171364 ns, Reaching safepoint: 56103 ns, At safepoint: 3801 ns, Total: 59904 ns
[295.265s][info ][safepoint      ] Safepoint "Cleanup", Time since last: 1000101604 ns, Reaching safepoint: 3176206 ns, At safepoint: 8300 ns, Total: 3184506 ns
[296.006s][info ][safepoint      ] Safepoint "ICBufferFull", Time since last: 738571245 ns, Reaching safepoint: 2625170 ns, At safepoint: 15301 ns, Total: 2640471 ns
[297.011s][info ][safepoint      ] Safepoint "Cleanup", Time since last: 1002611833 ns, Reaching safepoint: 1664307 ns, At safepoint: 6701 ns, Total: 1671008 ns
[297.269s][info ][safepoint      ] Safepoint "ICBufferFull", Time since last: 258339928 ns, Reaching safepoint: 246216 ns, At safepoint: 14301 ns, Total: 260517 ns
[297.309s][info ][safepoint      ] Safepoint "ICBufferFull", Time since last: 39167136 ns, Reaching safepoint: 56704 ns, At safepoint: 3000 ns, Total: 59704 ns
[297.310s][info ][safepoint      ] Safepoint "ICBufferFull", Time since last: 1005365 ns, Reaching safepoint: 37802 ns, At safepoint: 10101 ns, Total: 47903 ns
[297.583s][info ][safepoint      ] Safepoint "ICBufferFull", Time since last: 273471608 ns, Reaching safepoint: 51403 ns, At safepoint: 9401 ns, Total: 60804 ns
[297.692s][info ][safepoint      ] Safepoint "ICBufferFull", Time since last: 108377716 ns, Reaching safepoint: 48403 ns, At safepoint: 3700 ns, Total: 52103 ns
[297.733s][info ][safepoint      ] Safepoint "ICBufferFull", Time since last: 41481085 ns, Reaching safepoint: 58704 ns, At safepoint: 5201 ns, Total: 63905 ns
[297.734s][info ][safepoint      ] Safepoint "ICBufferFull", Time since last: 1163075 ns, Reaching safepoint: 77705 ns, At safepoint: 2900 ns, Total: 80605 ns
[297.843s][info ][safepoint      ] Safepoint "ICBufferFull", Time since last: 108836645 ns, Reaching safepoint: 53904 ns, At safepoint: 6000 ns, Total: 59904 ns
[297.964s][info ][safepoint      ] Safepoint "ICBufferFull", Time since last: 120228883 ns, Reaching safepoint: 50603 ns, At safepoint: 4600 ns, Total: 55203 ns
[298.022s][info ][safepoint      ] Safepoint "ICBufferFull", Time since last: 58774505 ns, Reaching safepoint: 50403 ns, At safepoint: 2701 ns, Total: 53104 ns
[298.133s][info ][safepoint      ] Safepoint "ICBufferFull", Time since last: 110248136 ns, Reaching safepoint: 564337 ns, At safepoint: 11400 ns, Total: 575737 ns
[298.281s][info ][safepoint      ] Safepoint "ICBufferFull", Time since last: 146117159 ns, Reaching safepoint: 1485896 ns, At safepoint: 14001 ns, Total: 1499897 ns
[298.997s][info ][gc,start       ] GC(107) Pause Young (Allocation Failure)
[299.050s][debug][gc,phases      ] GC(107) Scavenge 52.305ms
[299.050s][debug][gc,ref         ] GC(107) Skipped phase 1 of Reference Processing: no references
[299.050s][debug][gc,ref         ] GC(107) ReferenceProcessor::execute queues: 1, RefProcThreadModel::Single, marks_oops_alive: false
[299.050s][debug][gc,ref         ] GC(107) Skipped phase 3 of Reference Processing: no references
[299.050s][debug][gc,ref         ] GC(107) ReferenceProcessor::execute queues: 1, RefProcThreadModel::Single, marks_oops_alive: false
[299.050s][debug][gc,phases      ] GC(107) Reference Processing 0.149ms
[299.050s][debug][gc,phases      ] GC(107)   VM Weak                        Min:  0.0, Avg:  0.0, Max:  0.0, Diff:  0.0, Sum:  0.0, Workers: 4
[299.050s][debug][gc,phases      ] GC(107)     Dead                           Min: 0, Avg:  0.0, Max: 0, Diff: 0, Sum: 0, Workers: 4
[299.050s][debug][gc,phases      ] GC(107)     Total                          Min: 0, Avg: 172.2, Max: 689, Diff: 689, Sum: 689, Workers: 4
[299.050s][debug][gc,phases      ] GC(107)   ObjectSynchronizer Weak        Min:  0.0, Avg:  0.0, Max:  0.0, Diff:  0.0, Sum:  0.0, Workers: 4
[299.050s][debug][gc,phases      ] GC(107)     Dead                           Min: 0, Avg:  0.2, Max: 1, Diff: 1, Sum: 1, Workers: 4
[299.050s][debug][gc,phases      ] GC(107)     Total                          Min: 0, Avg: 72.8, Max: 291, Diff: 291, Sum: 291, Workers: 4
[299.050s][debug][gc,phases      ] GC(107)   JVMTI Tag Weak OopStorage      Min:  0.0, Avg:  0.0, Max:  0.0, Diff:  0.0, Sum:  0.0, Workers: 4
[299.050s][debug][gc,phases      ] GC(107)     Dead                           Min: 0, Avg:  0.0, Max: 0, Diff: 0, Sum: 0, Workers: 4
[299.050s][debug][gc,phases      ] GC(107)     Total                          Min: 0, Avg:  0.0, Max: 0, Diff: 0, Sum: 0, Workers: 4
[299.050s][debug][gc,phases      ] GC(107)   StringTable Weak               Min:  0.0, Avg:  0.1, Max:  0.2, Diff:  0.2, Sum:  0.4, Workers: 4
[299.050s][debug][gc,phases      ] GC(107)     Dead                           Min: 0, Avg:  0.0, Max: 0, Diff: 0, Sum: 0, Workers: 4
[299.050s][debug][gc,phases      ] GC(107)     Total                          Min: 0, Avg: 11990.8, Max: 25371, Diff: 25371, Sum: 47963, Workers: 4
[299.050s][debug][gc,phases      ] GC(107)   ResolvedMethodTable Weak       Min:  0.0, Avg:  0.0, Max:  0.0, Diff:  0.0, Sum:  0.1, Workers: 4
[299.050s][debug][gc,phases      ] GC(107)     Dead                           Min: 0, Avg:  0.2, Max: 1, Diff: 1, Sum: 1, Workers: 4
[299.050s][debug][gc,phases      ] GC(107)     Total                          Min: 0, Avg: 2050.5, Max: 2874, Diff: 2874, Sum: 8202, Workers: 4
[299.050s][debug][gc,phases      ] GC(107)   JNI Weak                       Min:  0.0, Avg:  0.0, Max:  0.0, Diff:  0.0, Sum:  0.0, Workers: 4
[299.050s][debug][gc,phases      ] GC(107)     Dead                           Min: 0, Avg:  0.0, Max: 0, Diff: 0, Sum: 0, Workers: 4
[299.050s][debug][gc,phases      ] GC(107)     Total                          Min: 0, Avg:  2.5, Max: 10, Diff: 10, Sum: 10, Workers: 4
[299.050s][debug][gc,phases      ] GC(107)   StringDedup Table Weak         Min:  0.0, Avg:  0.0, Max:  0.0, Diff:  0.0, Sum:  0.0, Workers: 4
[299.050s][debug][gc,phases      ] GC(107)     Dead                           Min: 0, Avg:  0.0, Max: 0, Diff: 0, Sum: 0, Workers: 4
[299.050s][debug][gc,phases      ] GC(107)     Total                          Min: 0, Avg:  0.0, Max: 0, Diff: 0, Sum: 0, Workers: 4
[299.050s][debug][gc,phases      ] GC(107)   StringDedup Requests0 Weak     Min:  0.0, Avg:  0.0, Max:  0.0, Diff:  0.0, Sum:  0.0, Workers: 4
[299.050s][debug][gc,phases      ] GC(107)     Dead                           Min: 0, Avg:  0.0, Max: 0, Diff: 0, Sum: 0, Workers: 4
[299.050s][debug][gc,phases      ] GC(107)     Total                          Min: 0, Avg:  0.0, Max: 0, Diff: 0, Sum: 0, Workers: 4
[299.050s][debug][gc,phases      ] GC(107)   StringDedup Requests1 Weak     Min:  0.0, Avg:  0.0, Max:  0.0, Diff:  0.0, Sum:  0.0, Workers: 4
[299.050s][debug][gc,phases      ] GC(107)     Dead                           Min: 0, Avg:  0.0, Max: 0, Diff: 0, Sum: 0, Workers: 4
[299.050s][debug][gc,phases      ] GC(107)     Total                          Min: 0, Avg:  0.0, Max: 0, Diff: 0, Sum: 0, Workers: 4
[299.050s][debug][gc,phases      ] GC(107)   Weak JFR Old Object Samples    Min:  0.0, Avg:  0.0, Max:  0.0, Diff:  0.0, Sum:  0.0, Workers: 4
[299.050s][debug][gc,phases      ] GC(107)     Dead                           Min: 0, Avg:  0.0, Max: 0, Diff: 0, Sum: 0, Workers: 4
[299.050s][debug][gc,phases      ] GC(107)     Total                          Min: 0, Avg:  0.0, Max: 0, Diff: 0, Sum: 0, Workers: 4
[299.050s][debug][gc,phases      ] GC(107) Weak Processing 0.424ms
[299.050s][debug][gc,age         ] GC(107) Desired survivor size 98041856 bytes, new threshold 15 (max threshold 15)
[299.050s][info ][gc,heap        ] GC(107) PSYoungGen: 1929968K(2004480K)->74482K(1987072K) Eden: 1917952K(1917952K)->0K(1905664K) From: 12016K(86528K)->74482K(81408K)
[299.050s][info ][gc,heap        ] GC(107) ParOldGen: 476474K(542208K)->476814K(542208K)
[299.050s][info ][gc,metaspace   ] GC(107) Metaspace: 82918K(83776K)->82918K(83776K) NonClass: 71280K(71744K)->71280K(71744K) Class: 11637K(12032K)->11637K(12032K)
[299.050s][info ][gc             ] GC(107) Pause Young (Allocation Failure) 2350M->538M(2470M) 53.012ms
[299.050s][info ][gc,cpu         ] GC(107) User=0.09s Sys=0.00s Real=0.05s
[299.050s][info ][safepoint      ] Safepoint "ParallelGCFailedAllocation", Time since last: 708931384 ns, Reaching safepoint: 7483884 ns, At safepoint: 53137539 ns, Total: 60621423 ns
[300.052s][info ][safepoint      ] Safepoint "Cleanup", Time since last: 1001168480 ns, Reaching safepoint: 185612 ns, At safepoint: 18801 ns, Total: 204413 ns
[300.973s][info ][safepoint      ] Safepoint "ICBufferFull", Time since last: 920952674 ns, Reaching safepoint: 361723 ns, At safepoint: 11801 ns, Total: 373524 ns
[301.973s][info ][safepoint      ] Safepoint "Cleanup", Time since last: 1000123876 ns, Reaching safepoint: 90206 ns, At safepoint: 15801 ns, Total: 106007 ns
[302.974s][info ][safepoint      ] Safepoint "Cleanup", Time since last: 1000183160 ns, Reaching safepoint: 101807 ns, At safepoint: 5100 ns, Total: 106907 ns
[303.974s][info ][safepoint      ] Safepoint "Cleanup", Time since last: 1000111837 ns, Reaching safepoint: 138209 ns, At safepoint: 10601 ns, Total: 148810 ns
[304.974s][info ][safepoint      ] Safepoint "Cleanup", Time since last: 1000108617 ns, Reaching safepoint: 65204 ns, At safepoint: 7801 ns, Total: 73005 ns
[306.070s][info ][safepoint      ] Safepoint "Cleanup", Time since last: 1095328748 ns, Reaching safepoint: 175111 ns, At safepoint: 13701 ns, Total: 188812 ns
[307.070s][info ][safepoint      ] Safepoint "Cleanup", Time since last: 1000094077 ns, Reaching safepoint: 65404 ns, At safepoint: 7600 ns, Total: 73004 ns
[308.070s][info ][safepoint      ] Safepoint "Cleanup", Time since last: 1000096658 ns, Reaching safepoint: 66105 ns, At safepoint: 6100 ns, Total: 72205 ns
[309.070s][info ][safepoint      ] Safepoint "Cleanup", Time since last: 1000089839 ns, Reaching safepoint: 65104 ns, At safepoint: 12001 ns, Total: 77105 ns
[310.070s][info ][safepoint      ] Safepoint "Cleanup", Time since last: 1000105420 ns, Reaching safepoint: 54504 ns, At safepoint: 10701 ns, Total: 65205 ns
[311.070s][info ][safepoint      ] Safepoint "Cleanup", Time since last: 1000111702 ns, Reaching safepoint: 93106 ns, At safepoint: 7500 ns, Total: 100606 ns
[312.071s][info ][safepoint      ] Safepoint "Cleanup", Time since last: 1000125185 ns, Reaching safepoint: 88605 ns, At safepoint: 10801 ns, Total: 99406 ns
[313.071s][info ][safepoint      ] Safepoint "Cleanup", Time since last: 1000140567 ns, Reaching safepoint: 115307 ns, At safepoint: 8801 ns, Total: 124108 ns
[314.071s][info ][safepoint      ] Safepoint "Cleanup", Time since last: 1000116846 ns, Reaching safepoint: 75605 ns, At safepoint: 11100 ns, Total: 86705 ns
[315.071s][info ][safepoint      ] Safepoint "Cleanup", Time since last: 1000116028 ns, Reaching safepoint: 50003 ns, At safepoint: 3900 ns, Total: 53903 ns
[316.071s][info ][safepoint      ] Safepoint "Cleanup", Time since last: 1000114509 ns, Reaching safepoint: 75205 ns, At safepoint: 2900 ns, Total: 78105 ns
[317.072s][info ][safepoint      ] Safepoint "Cleanup", Time since last: 1000112290 ns, Reaching safepoint: 57904 ns, At safepoint: 3400 ns, Total: 61304 ns
[318.072s][info ][safepoint      ] Safepoint "Cleanup", Time since last: 1000087970 ns, Reaching safepoint: 60304 ns, At safepoint: 6500 ns, Total: 66804 ns
[319.072s][info ][safepoint      ] Safepoint "Cleanup", Time since last: 1000112553 ns, Reaching safepoint: 51003 ns, At safepoint: 9801 ns, Total: 60804 ns
[320.072s][info ][safepoint      ] Safepoint "Cleanup", Time since last: 1000114934 ns, Reaching safepoint: 60804 ns, At safepoint: 7000 ns, Total: 67804 ns
[321.072s][info ][safepoint      ] Safepoint "Cleanup", Time since last: 1000103116 ns, Reaching safepoint: 43202 ns, At safepoint: 2601 ns, Total: 45803 ns
[321.553s][info ][gc,start       ] GC(108) Pause Young (Allocation Failure)
[321.573s][debug][gc,phases      ] GC(108) Scavenge 20.208ms
[321.573s][debug][gc,ref         ] GC(108) Skipped phase 1 of Reference Processing: no references
[321.573s][debug][gc,ref         ] GC(108) ReferenceProcessor::execute queues: 1, RefProcThreadModel::Single, marks_oops_alive: false
[321.573s][debug][gc,ref         ] GC(108) ReferenceProcessor::execute queues: 4, RefProcThreadModel::Multi, marks_oops_alive: true
[321.573s][debug][gc,ref         ] GC(108) ReferenceProcessor::execute queues: 1, RefProcThreadModel::Single, marks_oops_alive: false
[321.573s][debug][gc,phases      ] GC(108) Reference Processing 0.198ms
[321.573s][debug][gc,phases      ] GC(108)   VM Weak                        Min:  0.0, Avg:  0.0, Max:  0.0, Diff:  0.0, Sum:  0.0, Workers: 4
[321.574s][debug][gc,phases      ] GC(108)     Dead                           Min: 0, Avg:  0.0, Max: 0, Diff: 0, Sum: 0, Workers: 4
[321.574s][debug][gc,phases      ] GC(108)     Total                          Min: 0, Avg: 173.0, Max: 372, Diff: 372, Sum: 692, Workers: 4
[321.574s][debug][gc,phases      ] GC(108)   ObjectSynchronizer Weak        Min:  0.0, Avg:  0.0, Max:  0.0, Diff:  0.0, Sum:  0.0, Workers: 4
[321.574s][debug][gc,phases      ] GC(108)     Dead                           Min: 0, Avg:  0.0, Max: 0, Diff: 0, Sum: 0, Workers: 4
[321.574s][debug][gc,phases      ] GC(108)     Total                          Min: 0, Avg: 73.0, Max: 128, Diff: 128, Sum: 292, Workers: 4
[321.574s][debug][gc,phases      ] GC(108)   JVMTI Tag Weak OopStorage      Min:  0.0, Avg:  0.0, Max:  0.0, Diff:  0.0, Sum:  0.0, Workers: 4
[321.574s][debug][gc,phases      ] GC(108)     Dead                           Min: 0, Avg:  0.0, Max: 0, Diff: 0, Sum: 0, Workers: 4
[321.574s][debug][gc,phases      ] GC(108)     Total                          Min: 0, Avg:  0.0, Max: 0, Diff: 0, Sum: 0, Workers: 4
[321.574s][debug][gc,phases      ] GC(108)   StringTable Weak               Min:  0.1, Avg:  0.1, Max:  0.1, Diff:  0.0, Sum:  0.4, Workers: 4
[321.574s][debug][gc,phases      ] GC(108)     Dead                           Min: 0, Avg:  0.2, Max: 1, Diff: 1, Sum: 1, Workers: 4
[321.574s][debug][gc,phases      ] GC(108)     Total                          Min: 11200, Avg: 12020.8, Max: 13011, Diff: 1811, Sum: 48083, Workers: 4
[321.574s][debug][gc,phases      ] GC(108)   ResolvedMethodTable Weak       Min:  0.0, Avg:  0.0, Max:  0.0, Diff:  0.0, Sum:  0.1, Workers: 4
[321.574s][debug][gc,phases      ] GC(108)     Dead                           Min: 0, Avg:  0.2, Max: 1, Diff: 1, Sum: 1, Workers: 4
[321.574s][debug][gc,phases      ] GC(108)     Total                          Min: 1856, Avg: 2062.5, Max: 2432, Diff: 576, Sum: 8250, Workers: 4
[321.574s][debug][gc,phases      ] GC(108)   JNI Weak                       Min:  0.0, Avg:  0.0, Max:  0.0, Diff:  0.0, Sum:  0.0, Workers: 4
[321.574s][debug][gc,phases      ] GC(108)     Dead                           Min: 0, Avg:  0.0, Max: 0, Diff: 0, Sum: 0, Workers: 4
[321.574s][debug][gc,phases      ] GC(108)     Total                          Min: 0, Avg:  0.0, Max: 0, Diff: 0, Sum: 0, Workers: 4
[321.574s][debug][gc,phases      ] GC(108)   StringDedup Table Weak         Min:  0.0, Avg:  0.0, Max:  0.0, Diff:  0.0, Sum:  0.0, Workers: 4
[321.574s][debug][gc,phases      ] GC(108)     Dead                           Min: 0, Avg:  0.0, Max: 0, Diff: 0, Sum: 0, Workers: 4
[321.574s][debug][gc,phases      ] GC(108)     Total                          Min: 0, Avg:  0.0, Max: 0, Diff: 0, Sum: 0, Workers: 4
[321.574s][debug][gc,phases      ] GC(108)   StringDedup Requests0 Weak     Min:  0.0, Avg:  0.0, Max:  0.0, Diff:  0.0, Sum:  0.0, Workers: 4
[321.574s][debug][gc,phases      ] GC(108)     Dead                           Min: 0, Avg:  0.0, Max: 0, Diff: 0, Sum: 0, Workers: 4
[321.574s][debug][gc,phases      ] GC(108)     Total                          Min: 0, Avg:  0.0, Max: 0, Diff: 0, Sum: 0, Workers: 4
[321.574s][debug][gc,phases      ] GC(108)   StringDedup Requests1 Weak     Min:  0.0, Avg:  0.0, Max:  0.0, Diff:  0.0, Sum:  0.0, Workers: 4
[321.574s][debug][gc,phases      ] GC(108)     Dead                           Min: 0, Avg:  0.0, Max: 0, Diff: 0, Sum: 0, Workers: 4
[321.574s][debug][gc,phases      ] GC(108)     Total                          Min: 0, Avg:  0.0, Max: 0, Diff: 0, Sum: 0, Workers: 4
[321.574s][debug][gc,phases      ] GC(108)   Weak JFR Old Object Samples    Min:  0.0, Avg:  0.0, Max:  0.0, Diff:  0.0, Sum:  0.0, Workers: 4
[321.574s][debug][gc,phases      ] GC(108)     Dead                           Min: 0, Avg:  0.0, Max: 0, Diff: 0, Sum: 0, Workers: 4
[321.574s][debug][gc,phases      ] GC(108)     Total                          Min: 0, Avg:  0.0, Max: 0, Diff: 0, Sum: 0, Workers: 4
[321.574s][debug][gc,phases      ] GC(108) Weak Processing 0.322ms
[321.574s][debug][gc,age         ] GC(108) Desired survivor size 111673344 bytes, new threshold 15 (max threshold 15)
[321.574s][info ][gc,heap        ] GC(108) PSYoungGen: 1980146K(1987072K)->80002K(1986048K) Eden: 1905664K(1905664K)->0K(1905664K) From: 74482K(81408K)->80002K(80384K)
[321.574s][info ][gc,heap        ] GC(108) ParOldGen: 476814K(542208K)->477214K(542208K)
[321.574s][info ][gc,metaspace   ] GC(108) Metaspace: 83164K(83968K)->83164K(83968K) NonClass: 71499K(71936K)->71499K(71936K) Class: 11665K(12032K)->11665K(12032K)
[321.574s][info ][gc             ] GC(108) Pause Young (Allocation Failure) 2399M->544M(2469M) 20.874ms
[321.574s][info ][gc,cpu         ] GC(108) User=0.08s Sys=0.00s Real=0.03s
[321.574s][info ][safepoint      ] Safepoint "ParallelGCFailedAllocation", Time since last: 480438491 ns, Reaching safepoint: 43303 ns, At safepoint: 20950347 ns, Total: 20993650 ns
[322.574s][info ][safepoint      ] Safepoint "Cleanup", Time since last: 1000079586 ns, Reaching safepoint: 52803 ns, At safepoint: 5501 ns, Total: 58304 ns
[323.574s][info ][safepoint      ] Safepoint "Cleanup", Time since last: 1000099668 ns, Reaching safepoint: 58504 ns, At safepoint: 7601 ns, Total: 66105 ns
[324.574s][info ][safepoint      ] Safepoint "Cleanup", Time since last: 1000108751 ns, Reaching safepoint: 53203 ns, At safepoint: 3100 ns, Total: 56303 ns
[325.574s][info ][safepoint      ] Safepoint "Cleanup", Time since last: 1000103733 ns, Reaching safepoint: 49303 ns, At safepoint: 2800 ns, Total: 52103 ns
[326.575s][info ][safepoint      ] Safepoint "Cleanup", Time since last: 1000107715 ns, Reaching safepoint: 49103 ns, At safepoint: 6800 ns, Total: 55903 ns
[327.575s][info ][safepoint      ] Safepoint "Cleanup", Time since last: 1000090995 ns, Reaching safepoint: 48003 ns, At safepoint: 2500 ns, Total: 50503 ns
[328.575s][info ][safepoint      ] Safepoint "Cleanup", Time since last: 1000091177 ns, Reaching safepoint: 48703 ns, At safepoint: 2500 ns, Total: 51203 ns
[329.575s][info ][safepoint      ] Safepoint "Cleanup", Time since last: 1000190966 ns, Reaching safepoint: 53003 ns, At safepoint: 4700 ns, Total: 57703 ns
[330.575s][info ][safepoint      ] Safepoint "Cleanup", Time since last: 1000110042 ns, Reaching safepoint: 59304 ns, At safepoint: 6700 ns, Total: 66004 ns
[331.575s][info ][safepoint      ] Safepoint "Cleanup", Time since last: 1000111924 ns, Reaching safepoint: 58704 ns, At safepoint: 2700 ns, Total: 61404 ns
[333.576s][info ][safepoint      ] Safepoint "Cleanup", Time since last: 2000180890 ns, Reaching safepoint: 81405 ns, At safepoint: 5301 ns, Total: 86706 ns
[334.576s][info ][safepoint      ] Safepoint "Cleanup", Time since last: 1000117070 ns, Reaching safepoint: 49503 ns, At safepoint: 7400 ns, Total: 56903 ns
[335.576s][info ][safepoint      ] Safepoint "Cleanup", Time since last: 1000114652 ns, Reaching safepoint: 53103 ns, At safepoint: 5701 ns, Total: 58804 ns
[336.576s][info ][safepoint      ] Safepoint "Cleanup", Time since last: 1000106833 ns, Reaching safepoint: 60104 ns, At safepoint: 10100 ns, Total: 70204 ns
[337.576s][info ][safepoint      ] Safepoint "Cleanup", Time since last: 1000107016 ns, Reaching safepoint: 50303 ns, At safepoint: 11101 ns, Total: 61404 ns
[338.577s][info ][safepoint      ] Safepoint "Cleanup", Time since last: 1000111397 ns, Reaching safepoint: 71205 ns, At safepoint: 5700 ns, Total: 76905 ns
[339.577s][info ][safepoint      ] Safepoint "Cleanup", Time since last: 1000113980 ns, Reaching safepoint: 54604 ns, At safepoint: 7300 ns, Total: 61904 ns
[341.577s][info ][safepoint      ] Safepoint "Cleanup", Time since last: 2000186705 ns, Reaching safepoint: 49403 ns, At safepoint: 5100 ns, Total: 54503 ns
[342.577s][info ][safepoint      ] Safepoint "Cleanup", Time since last: 1000124528 ns, Reaching safepoint: 38002 ns, At safepoint: 12601 ns, Total: 50603 ns
[344.577s][info ][safepoint      ] Safepoint "Cleanup", Time since last: 2000178197 ns, Reaching safepoint: 58704 ns, At safepoint: 9701 ns, Total: 68405 ns
[345.578s][info ][safepoint      ] Safepoint "Cleanup", Time since last: 1000108673 ns, Reaching safepoint: 117508 ns, At safepoint: 8800 ns, Total: 126308 ns
[346.578s][info ][safepoint      ] Safepoint "Cleanup", Time since last: 1000109656 ns, Reaching safepoint: 69205 ns, At safepoint: 5600 ns, Total: 74805 ns
[347.578s][info ][safepoint      ] Safepoint "Cleanup", Time since last: 1000128540 ns, Reaching safepoint: 54603 ns, At safepoint: 6000 ns, Total: 60603 ns
[348.578s][info ][safepoint      ] Safepoint "Cleanup", Time since last: 1000109121 ns, Reaching safepoint: 51804 ns, At safepoint: 6700 ns, Total: 58504 ns
[350.375s][info ][safepoint      ] Safepoint "Cleanup", Time since last: 1797168439 ns, Reaching safepoint: 97306 ns, At safepoint: 10401 ns, Total: 107707 ns
[351.376s][info ][safepoint      ] Safepoint "Cleanup", Time since last: 1000107772 ns, Reaching safepoint: 56604 ns, At safepoint: 10000 ns, Total: 66604 ns
[352.376s][info ][safepoint      ] Safepoint "Cleanup", Time since last: 1000119056 ns, Reaching safepoint: 48303 ns, At safepoint: 5700 ns, Total: 54003 ns
[353.376s][info ][safepoint      ] Safepoint "Cleanup", Time since last: 1000105137 ns, Reaching safepoint: 72705 ns, At safepoint: 6700 ns, Total: 79405 ns
[354.376s][info ][safepoint      ] Safepoint "Cleanup", Time since last: 1000100120 ns, Reaching safepoint: 45603 ns, At safepoint: 3200 ns, Total: 48803 ns
[355.376s][info ][safepoint      ] Safepoint "Cleanup", Time since last: 1000113203 ns, Reaching safepoint: 74405 ns, At safepoint: 8200 ns, Total: 82605 ns
[356.376s][info ][safepoint      ] Safepoint "Cleanup", Time since last: 1000107685 ns, Reaching safepoint: 60204 ns, At safepoint: 5701 ns, Total: 65905 ns
[357.377s][info ][safepoint      ] Safepoint "Cleanup", Time since last: 1000064465 ns, Reaching safepoint: 60004 ns, At safepoint: 7000 ns, Total: 67004 ns
[358.377s][info ][safepoint      ] Safepoint "Cleanup", Time since last: 1000109451 ns, Reaching safepoint: 52704 ns, At safepoint: 5400 ns, Total: 58104 ns
[359.377s][info ][safepoint      ] Safepoint "Cleanup", Time since last: 1000104634 ns, Reaching safepoint: 49103 ns, At safepoint: 2700 ns, Total: 51803 ns
[360.377s][info ][safepoint      ] Safepoint "Cleanup", Time since last: 1000112517 ns, Reaching safepoint: 49803 ns, At safepoint: 9401 ns, Total: 59204 ns
[360.633s][info ][gc,start       ] GC(109) Pause Young (Allocation Failure)
[360.652s][debug][gc,phases      ] GC(109) Scavenge 18.960ms
[360.652s][debug][gc,ref         ] GC(109) Skipped phase 1 of Reference Processing: no references
[360.652s][debug][gc,ref         ] GC(109) ReferenceProcessor::execute queues: 1, RefProcThreadModel::Single, marks_oops_alive: false
[360.652s][debug][gc,ref         ] GC(109) Skipped phase 3 of Reference Processing: no references
[360.652s][debug][gc,ref         ] GC(109) ReferenceProcessor::execute queues: 1, RefProcThreadModel::Single, marks_oops_alive: false
[360.652s][debug][gc,phases      ] GC(109) Reference Processing 0.146ms
[360.652s][debug][gc,phases      ] GC(109)   VM Weak                        Min:  0.0, Avg:  0.0, Max:  0.0, Diff:  0.0, Sum:  0.0, Workers: 4
[360.652s][debug][gc,phases      ] GC(109)     Dead                           Min: 0, Avg:  0.0, Max: 0, Diff: 0, Sum: 0, Workers: 4
[360.652s][debug][gc,phases      ] GC(109)     Total                          Min: 0, Avg: 173.0, Max: 576, Diff: 576, Sum: 692, Workers: 4
[360.652s][debug][gc,phases      ] GC(109)   ObjectSynchronizer Weak        Min:  0.0, Avg:  0.0, Max:  0.0, Diff:  0.0, Sum:  0.0, Workers: 4
[360.652s][debug][gc,phases      ] GC(109)     Dead                           Min: 0, Avg:  0.0, Max: 0, Diff: 0, Sum: 0, Workers: 4
[360.652s][debug][gc,phases      ] GC(109)     Total                          Min: 0, Avg: 73.0, Max: 164, Diff: 164, Sum: 292, Workers: 4
[360.652s][debug][gc,phases      ] GC(109)   JVMTI Tag Weak OopStorage      Min:  0.0, Avg:  0.0, Max:  0.0, Diff:  0.0, Sum:  0.0, Workers: 4
[360.652s][debug][gc,phases      ] GC(109)     Dead                           Min: 0, Avg:  0.0, Max: 0, Diff: 0, Sum: 0, Workers: 4
[360.652s][debug][gc,phases      ] GC(109)     Total                          Min: 0, Avg:  0.0, Max: 0, Diff: 0, Sum: 0, Workers: 4
[360.652s][debug][gc,phases      ] GC(109)   StringTable Weak               Min:  0.1, Avg:  0.1, Max:  0.1, Diff:  0.0, Sum:  0.4, Workers: 4
[360.652s][debug][gc,phases      ] GC(109)     Dead                           Min: 0, Avg:  0.2, Max: 1, Diff: 1, Sum: 1, Workers: 4
[360.652s][debug][gc,phases      ] GC(109)     Total                          Min: 10560, Avg: 12029.2, Max: 12736, Diff: 2176, Sum: 48117, Workers: 4
[360.652s][debug][gc,phases      ] GC(109)   ResolvedMethodTable Weak       Min:  0.0, Avg:  0.0, Max:  0.0, Diff:  0.0, Sum:  0.1, Workers: 4
[360.652s][debug][gc,phases      ] GC(109)     Dead                           Min: 0, Avg:  0.0, Max: 0, Diff: 0, Sum: 0, Workers: 4
[360.652s][debug][gc,phases      ] GC(109)     Total                          Min: 1280, Avg: 2067.5, Max: 2496, Diff: 1216, Sum: 8270, Workers: 4
[360.652s][debug][gc,phases      ] GC(109)   JNI Weak                       Min:  0.0, Avg:  0.0, Max:  0.0, Diff:  0.0, Sum:  0.0, Workers: 4
[360.652s][debug][gc,phases      ] GC(109)     Dead                           Min: 0, Avg:  0.0, Max: 0, Diff: 0, Sum: 0, Workers: 4
[360.652s][debug][gc,phases      ] GC(109)     Total                          Min: 0, Avg:  0.0, Max: 0, Diff: 0, Sum: 0, Workers: 4
[360.652s][debug][gc,phases      ] GC(109)   StringDedup Table Weak         Min:  0.0, Avg:  0.0, Max:  0.0, Diff:  0.0, Sum:  0.0, Workers: 4
[360.652s][debug][gc,phases      ] GC(109)     Dead                           Min: 0, Avg:  0.0, Max: 0, Diff: 0, Sum: 0, Workers: 4
[360.652s][debug][gc,phases      ] GC(109)     Total                          Min: 0, Avg:  0.0, Max: 0, Diff: 0, Sum: 0, Workers: 4
[360.652s][debug][gc,phases      ] GC(109)   StringDedup Requests0 Weak     Min:  0.0, Avg:  0.0, Max:  0.0, Diff:  0.0, Sum:  0.0, Workers: 4
[360.652s][debug][gc,phases      ] GC(109)     Dead                           Min: 0, Avg:  0.0, Max: 0, Diff: 0, Sum: 0, Workers: 4
[360.652s][debug][gc,phases      ] GC(109)     Total                          Min: 0, Avg:  0.0, Max: 0, Diff: 0, Sum: 0, Workers: 4
[360.652s][debug][gc,phases      ] GC(109)   StringDedup Requests1 Weak     Min:  0.0, Avg:  0.0, Max:  0.0, Diff:  0.0, Sum:  0.0, Workers: 4
[360.652s][debug][gc,phases      ] GC(109)     Dead                           Min: 0, Avg:  0.0, Max: 0, Diff: 0, Sum: 0, Workers: 4
[360.652s][debug][gc,phases      ] GC(109)     Total                          Min: 0, Avg:  0.0, Max: 0, Diff: 0, Sum: 0, Workers: 4
[360.652s][debug][gc,phases      ] GC(109)   Weak JFR Old Object Samples    Min:  0.0, Avg:  0.0, Max:  0.0, Diff:  0.0, Sum:  0.0, Workers: 4
[360.652s][debug][gc,phases      ] GC(109)     Dead                           Min: 0, Avg:  0.0, Max: 0, Diff: 0, Sum: 0, Workers: 4
[360.652s][debug][gc,phases      ] GC(109)     Total                          Min: 0, Avg:  0.0, Max: 0, Diff: 0, Sum: 0, Workers: 4
[360.652s][debug][gc,phases      ] GC(109) Weak Processing 0.328ms
[360.652s][debug][gc,age         ] GC(109) Desired survivor size 122683392 bytes, new threshold 15 (max threshold 15)
[360.652s][info ][gc,heap        ] GC(109) PSYoungGen: 1985666K(1986048K)->81001K(1966592K) Eden: 1905664K(1905664K)->0K(1857536K) From: 80002K(80384K)->81001K(109056K)
[360.652s][info ][gc,heap        ] GC(109) ParOldGen: 477214K(542208K)->477558K(542208K)
[360.652s][info ][gc,metaspace   ] GC(109) Metaspace: 83290K(84096K)->83290K(84096K) NonClass: 71616K(72064K)->71616K(72064K) Class: 11673K(12032K)->11673K(12032K)
[360.652s][info ][gc             ] GC(109) Pause Young (Allocation Failure) 2405M->545M(2450M) 19.578ms
[360.652s][info ][gc,cpu         ] GC(109) User=0.08s Sys=0.00s Real=0.02s
[360.652s][info ][safepoint      ] Safepoint "ParallelGCFailedAllocation", Time since last: 255670661 ns, Reaching safepoint: 27002 ns, At safepoint: 19670751 ns, Total: 19697753 ns
[361.653s][info ][safepoint      ] Safepoint "Cleanup", Time since last: 1000090194 ns, Reaching safepoint: 119107 ns, At safepoint: 5201 ns, Total: 124308 ns
[362.653s][info ][safepoint      ] Safepoint "Cleanup", Time since last: 1000112478 ns, Reaching safepoint: 67504 ns, At safepoint: 10901 ns, Total: 78405 ns
[363.653s][info ][safepoint      ] Safepoint "Cleanup", Time since last: 1000173765 ns, Reaching safepoint: 121707 ns, At safepoint: 5501 ns, Total: 127208 ns
[364.653s][info ][safepoint      ] Safepoint "Cleanup", Time since last: 1000107144 ns, Reaching safepoint: 120907 ns, At safepoint: 10001 ns, Total: 130908 ns
[366.654s][info ][safepoint      ] Safepoint "Cleanup", Time since last: 2000183235 ns, Reaching safepoint: 116207 ns, At safepoint: 6000 ns, Total: 122207 ns
[367.654s][info ][safepoint      ] Safepoint "Cleanup", Time since last: 1000112894 ns, Reaching safepoint: 115007 ns, At safepoint: 7801 ns, Total: 122808 ns
[368.654s][info ][safepoint      ] Safepoint "Cleanup", Time since last: 1000106876 ns, Reaching safepoint: 110707 ns, At safepoint: 10000 ns, Total: 120707 ns
[369.654s][info ][safepoint      ] Safepoint "Cleanup", Time since last: 1000108460 ns, Reaching safepoint: 110607 ns, At safepoint: 7800 ns, Total: 118407 ns
[370.655s][info ][safepoint      ] Safepoint "Cleanup", Time since last: 1000118744 ns, Reaching safepoint: 124708 ns, At safepoint: 11000 ns, Total: 135708 ns
[371.655s][info ][safepoint      ] Safepoint "Cleanup", Time since last: 1000112327 ns, Reaching safepoint: 115307 ns, At safepoint: 5700 ns, Total: 121007 ns
[376.655s][info ][safepoint      ] Safepoint "Cleanup", Time since last: 5000303565 ns, Reaching safepoint: 123507 ns, At safepoint: 7301 ns, Total: 130808 ns
[377.656s][info ][safepoint      ] Safepoint "Cleanup", Time since last: 1000107726 ns, Reaching safepoint: 195312 ns, At safepoint: 10601 ns, Total: 205913 ns
[379.656s][info ][safepoint      ] Safepoint "Cleanup", Time since last: 2000145298 ns, Reaching safepoint: 130108 ns, At safepoint: 8501 ns, Total: 138609 ns
[380.656s][info ][safepoint      ] Safepoint "Cleanup", Time since last: 1000107776 ns, Reaching safepoint: 94006 ns, At safepoint: 15301 ns, Total: 109307 ns
[381.656s][info ][safepoint      ] Safepoint "Cleanup", Time since last: 1000112261 ns, Reaching safepoint: 125508 ns, At safepoint: 9600 ns, Total: 135108 ns
[386.657s][info ][safepoint      ] Safepoint "Cleanup", Time since last: 5000360845 ns, Reaching safepoint: 127408 ns, At safepoint: 6700 ns, Total: 134108 ns
[387.657s][info ][safepoint      ] Safepoint "Cleanup", Time since last: 1000127864 ns, Reaching safepoint: 147809 ns, At safepoint: 7501 ns, Total: 155310 ns
[388.657s][info ][safepoint      ] Safepoint "Cleanup", Time since last: 1000111846 ns, Reaching safepoint: 120907 ns, At safepoint: 5901 ns, Total: 126808 ns
[389.658s][info ][safepoint      ] Safepoint "Cleanup", Time since last: 1000114430 ns, Reaching safepoint: 125908 ns, At safepoint: 5100 ns, Total: 131008 ns
[390.658s][info ][safepoint      ] Safepoint "Cleanup", Time since last: 1000112014 ns, Reaching safepoint: 117108 ns, At safepoint: 6000 ns, Total: 123108 ns
[392.658s][info ][safepoint      ] Safepoint "Cleanup", Time since last: 2000201279 ns, Reaching safepoint: 122407 ns, At safepoint: 8401 ns, Total: 130808 ns
[393.658s][info ][safepoint      ] Safepoint "Cleanup", Time since last: 1000121766 ns, Reaching safepoint: 122308 ns, At safepoint: 5900 ns, Total: 128208 ns
[400.659s][info ][safepoint      ] Safepoint "Cleanup", Time since last: 7000460694 ns, Reaching safepoint: 119107 ns, At safepoint: 13301 ns, Total: 132408 ns
[401.659s][info ][safepoint      ] Safepoint "Cleanup", Time since last: 1000116139 ns, Reaching safepoint: 118907 ns, At safepoint: 4900 ns, Total: 123807 ns
[402.660s][info ][safepoint      ] Safepoint "Cleanup", Time since last: 1000120124 ns, Reaching safepoint: 168010 ns, At safepoint: 29202 ns, Total: 197212 ns
[403.653s][info ][gc,start       ] GC(110) Pause Young (Allocation Failure)
[403.673s][debug][gc,phases      ] GC(110) Scavenge 19.513ms
[403.673s][debug][gc,ref         ] GC(110) Skipped phase 1 of Reference Processing: no references
[403.673s][debug][gc,ref         ] GC(110) ReferenceProcessor::execute queues: 1, RefProcThreadModel::Single, marks_oops_alive: false
[403.673s][debug][gc,ref         ] GC(110) Skipped phase 3 of Reference Processing: no references
[403.673s][debug][gc,ref         ] GC(110) ReferenceProcessor::execute queues: 1, RefProcThreadModel::Single, marks_oops_alive: false
[403.673s][debug][gc,phases      ] GC(110) Reference Processing 0.144ms
[403.673s][debug][gc,phases      ] GC(110)   VM Weak                        Min:  0.0, Avg:  0.0, Max:  0.0, Diff:  0.0, Sum:  0.0, Workers: 4
[403.673s][debug][gc,phases      ] GC(110)     Dead                           Min: 0, Avg:  0.0, Max: 0, Diff: 0, Sum: 0, Workers: 4
[403.673s][debug][gc,phases      ] GC(110)     Total                          Min: 0, Avg: 173.0, Max: 576, Diff: 576, Sum: 692, Workers: 4
[403.673s][debug][gc,phases      ] GC(110)   ObjectSynchronizer Weak        Min:  0.0, Avg:  0.0, Max:  0.0, Diff:  0.0, Sum:  0.0, Workers: 4
[403.673s][debug][gc,phases      ] GC(110)     Dead                           Min: 0, Avg:  0.0, Max: 0, Diff: 0, Sum: 0, Workers: 4
[403.673s][debug][gc,phases      ] GC(110)     Total                          Min: 0, Avg: 73.0, Max: 128, Diff: 128, Sum: 292, Workers: 4
[403.673s][debug][gc,phases      ] GC(110)   JVMTI Tag Weak OopStorage      Min:  0.0, Avg:  0.0, Max:  0.0, Diff:  0.0, Sum:  0.0, Workers: 4
[403.673s][debug][gc,phases      ] GC(110)     Dead                           Min: 0, Avg:  0.0, Max: 0, Diff: 0, Sum: 0, Workers: 4
[403.673s][debug][gc,phases      ] GC(110)     Total                          Min: 0, Avg:  0.0, Max: 0, Diff: 0, Sum: 0, Workers: 4
[403.673s][debug][gc,phases      ] GC(110)   StringTable Weak               Min:  0.1, Avg:  0.1, Max:  0.1, Diff:  0.0, Sum:  0.6, Workers: 4
[403.673s][debug][gc,phases      ] GC(110)     Dead                           Min: 0, Avg:  0.0, Max: 0, Diff: 0, Sum: 0, Workers: 4
[403.673s][debug][gc,phases      ] GC(110)     Total                          Min: 11072, Avg: 12031.0, Max: 13116, Diff: 2044, Sum: 48124, Workers: 4
[403.673s][debug][gc,phases      ] GC(110)   ResolvedMethodTable Weak       Min:  0.0, Avg:  0.0, Max:  0.0, Diff:  0.0, Sum:  0.1, Workers: 4
[403.673s][debug][gc,phases      ] GC(110)     Dead                           Min: 0, Avg:  0.0, Max: 0, Diff: 0, Sum: 0, Workers: 4
[403.673s][debug][gc,phases      ] GC(110)     Total                          Min: 1856, Avg: 2068.0, Max: 2496, Diff: 640, Sum: 8272, Workers: 4
[403.673s][debug][gc,phases      ] GC(110)   JNI Weak                       Min:  0.0, Avg:  0.0, Max:  0.0, Diff:  0.0, Sum:  0.0, Workers: 4
[403.673s][debug][gc,phases      ] GC(110)     Dead                           Min: 0, Avg:  0.0, Max: 0, Diff: 0, Sum: 0, Workers: 4
[403.673s][debug][gc,phases      ] GC(110)     Total                          Min: 0, Avg:  0.0, Max: 0, Diff: 0, Sum: 0, Workers: 4
[403.673s][debug][gc,phases      ] GC(110)   StringDedup Table Weak         Min:  0.0, Avg:  0.0, Max:  0.0, Diff:  0.0, Sum:  0.0, Workers: 4
[403.673s][debug][gc,phases      ] GC(110)     Dead                           Min: 0, Avg:  0.0, Max: 0, Diff: 0, Sum: 0, Workers: 4
[403.673s][debug][gc,phases      ] GC(110)     Total                          Min: 0, Avg:  0.0, Max: 0, Diff: 0, Sum: 0, Workers: 4
[403.673s][debug][gc,phases      ] GC(110)   StringDedup Requests0 Weak     Min:  0.0, Avg:  0.0, Max:  0.0, Diff:  0.0, Sum:  0.0, Workers: 4
[403.673s][debug][gc,phases      ] GC(110)     Dead                           Min: 0, Avg:  0.0, Max: 0, Diff: 0, Sum: 0, Workers: 4
[403.673s][debug][gc,phases      ] GC(110)     Total                          Min: 0, Avg:  0.0, Max: 0, Diff: 0, Sum: 0, Workers: 4
[403.673s][debug][gc,phases      ] GC(110)   StringDedup Requests1 Weak     Min:  0.0, Avg:  0.0, Max:  0.0, Diff:  0.0, Sum:  0.0, Workers: 4
[403.673s][debug][gc,phases      ] GC(110)     Dead                           Min: 0, Avg:  0.0, Max: 0, Diff: 0, Sum: 0, Workers: 4
[403.673s][debug][gc,phases      ] GC(110)     Total                          Min: 0, Avg:  0.0, Max: 0, Diff: 0, Sum: 0, Workers: 4
[403.673s][debug][gc,phases      ] GC(110)   Weak JFR Old Object Samples    Min:  0.0, Avg:  0.0, Max:  0.0, Diff:  0.0, Sum:  0.0, Workers: 4
[403.673s][debug][gc,phases      ] GC(110)     Dead                           Min: 0, Avg:  0.0, Max: 0, Diff: 0, Sum: 0, Workers: 4
[403.673s][debug][gc,phases      ] GC(110)     Total                          Min: 0, Avg:  0.0, Max: 0, Diff: 0, Sum: 0, Workers: 4
[403.673s][debug][gc,phases      ] GC(110) Weak Processing 0.361ms
[403.673s][debug][gc,age         ] GC(110) Desired survivor size 131596288 bytes, new threshold 15 (max threshold 15)
[403.673s][info ][gc,heap        ] GC(110) PSYoungGen: 1938537K(1966592K)->81138K(1938944K) Eden: 1857536K(1857536K)->0K(1857536K) From: 81001K(109056K)->81138K(81408K)
[403.673s][info ][gc,heap        ] GC(110) ParOldGen: 477558K(542208K)->477974K(542208K)
[403.673s][info ][gc,metaspace   ] GC(110) Metaspace: 83348K(84160K)->83348K(84160K) NonClass: 71673K(72128K)->71673K(72128K) Class: 11675K(12032K)->11675K(12032K)
[403.673s][info ][gc             ] GC(110) Pause Young (Allocation Failure) 2359M->546M(2423M) 20.159ms
[403.673s][info ][gc,cpu         ] GC(110) User=0.08s Sys=0.00s Real=0.02s
[403.673s][info ][safepoint      ] Safepoint "ParallelGCFailedAllocation", Time since last: 993423086 ns, Reaching safepoint: 48904 ns, At safepoint: 20240072 ns, Total: 20288976 ns
[404.673s][info ][safepoint      ] Safepoint "Cleanup", Time since last: 1000082690 ns, Reaching safepoint: 50703 ns, At safepoint: 7600 ns, Total: 58303 ns
[406.674s][info ][safepoint      ] Safepoint "Cleanup", Time since last: 2000153931 ns, Reaching safepoint: 48803 ns, At safepoint: 5300 ns, Total: 54103 ns
[407.674s][info ][safepoint      ] Safepoint "Cleanup", Time since last: 1000108644 ns, Reaching safepoint: 84906 ns, At safepoint: 7000 ns, Total: 91906 ns
[409.674s][info ][safepoint      ] Safepoint "Cleanup", Time since last: 2000176039 ns, Reaching safepoint: 77805 ns, At safepoint: 8800 ns, Total: 86605 ns
[410.674s][info ][safepoint      ] Safepoint "Cleanup", Time since last: 1000102497 ns, Reaching safepoint: 52604 ns, At safepoint: 8200 ns, Total: 60804 ns
[411.674s][info ][safepoint      ] Safepoint "Cleanup", Time since last: 1000102282 ns, Reaching safepoint: 52803 ns, At safepoint: 8600 ns, Total: 61403 ns
[412.675s][info ][safepoint      ] Safepoint "Cleanup", Time since last: 1000101666 ns, Reaching safepoint: 42503 ns, At safepoint: 2900 ns, Total: 45403 ns
[414.675s][info ][safepoint      ] Safepoint "Cleanup", Time since last: 2000171084 ns, Reaching safepoint: 52703 ns, At safepoint: 9601 ns, Total: 62304 ns
[415.675s][info ][safepoint      ] Safepoint "Cleanup", Time since last: 1000107020 ns, Reaching safepoint: 83905 ns, At safepoint: 5501 ns, Total: 89406 ns
[417.675s][info ][safepoint      ] Safepoint "Cleanup", Time since last: 2000177291 ns, Reaching safepoint: 57304 ns, At safepoint: 5300 ns, Total: 62604 ns
[418.675s][info ][safepoint      ] Safepoint "Cleanup", Time since last: 1000108775 ns, Reaching safepoint: 63204 ns, At safepoint: 6800 ns, Total: 70004 ns
[419.782s][info ][safepoint      ] Safepoint "Cleanup", Time since last: 1106470321 ns, Reaching safepoint: 171011 ns, At safepoint: 17601 ns, Total: 188612 ns
[420.782s][info ][safepoint      ] Safepoint "Cleanup", Time since last: 1000099442 ns, Reaching safepoint: 98806 ns, At safepoint: 10401 ns, Total: 109207 ns
[421.783s][info ][safepoint      ] Safepoint "Cleanup", Time since last: 1000092326 ns, Reaching safepoint: 50303 ns, At safepoint: 7100 ns, Total: 57403 ns
[422.783s][info ][safepoint      ] Safepoint "Cleanup", Time since last: 1000107712 ns, Reaching safepoint: 67204 ns, At safepoint: 12801 ns, Total: 80005 ns
[423.783s][info ][safepoint      ] Safepoint "Cleanup", Time since last: 1000107797 ns, Reaching safepoint: 50003 ns, At safepoint: 6400 ns, Total: 56403 ns
[424.783s][info ][safepoint      ] Safepoint "Cleanup", Time since last: 1000111382 ns, Reaching safepoint: 74205 ns, At safepoint: 4500 ns, Total: 78705 ns
[425.783s][info ][safepoint      ] Safepoint "Cleanup", Time since last: 1000110567 ns, Reaching safepoint: 64604 ns, At safepoint: 7500 ns, Total: 72104 ns
[426.783s][info ][safepoint      ] Safepoint "Cleanup", Time since last: 1000099151 ns, Reaching safepoint: 51603 ns, At safepoint: 7601 ns, Total: 59204 ns
[427.784s][info ][safepoint      ] Safepoint "Cleanup", Time since last: 1000114037 ns, Reaching safepoint: 51803 ns, At safepoint: 5700 ns, Total: 57503 ns
[429.784s][info ][safepoint      ] Safepoint "Cleanup", Time since last: 2000172726 ns, Reaching safepoint: 50103 ns, At safepoint: 9700 ns, Total: 59803 ns
[431.784s][info ][safepoint      ] Safepoint "Cleanup", Time since last: 2000172966 ns, Reaching safepoint: 51603 ns, At safepoint: 2700 ns, Total: 54303 ns
[432.784s][info ][safepoint      ] Safepoint "Cleanup", Time since last: 1000098862 ns, Reaching safepoint: 49003 ns, At safepoint: 7000 ns, Total: 56003 ns
[433.784s][info ][safepoint      ] Safepoint "Cleanup", Time since last: 1000100347 ns, Reaching safepoint: 45803 ns, At safepoint: 3300 ns, Total: 49103 ns
[438.785s][info ][safepoint      ] Safepoint "Cleanup", Time since last: 5000313699 ns, Reaching safepoint: 52004 ns, At safepoint: 2100 ns, Total: 54104 ns
[439.241s][info ][gc,start       ] GC(111) Pause Young (Allocation Failure)
[439.261s][debug][gc,phases      ] GC(111) Scavenge 20.115ms
[439.261s][debug][gc,ref         ] GC(111) Skipped phase 1 of Reference Processing: no references
[439.261s][debug][gc,ref         ] GC(111) ReferenceProcessor::execute queues: 1, RefProcThreadModel::Single, marks_oops_alive: false
[439.261s][debug][gc,ref         ] GC(111) Skipped phase 3 of Reference Processing: no references
[439.261s][debug][gc,ref         ] GC(111) ReferenceProcessor::execute queues: 1, RefProcThreadModel::Single, marks_oops_alive: false
[439.261s][debug][gc,phases      ] GC(111) Reference Processing 0.129ms
[439.261s][debug][gc,phases      ] GC(111)   VM Weak                        Min:  0.0, Avg:  0.0, Max:  0.0, Diff:  0.0, Sum:  0.0, Workers: 4
[439.261s][debug][gc,phases      ] GC(111)     Dead                           Min: 0, Avg:  0.0, Max: 0, Diff: 0, Sum: 0, Workers: 4
[439.261s][debug][gc,phases      ] GC(111)     Total                          Min: 0, Avg: 175.0, Max: 700, Diff: 700, Sum: 700, Workers: 4
[439.261s][debug][gc,phases      ] GC(111)   ObjectSynchronizer Weak        Min:  0.0, Avg:  0.0, Max:  0.0, Diff:  0.0, Sum:  0.0, Workers: 4
[439.261s][debug][gc,phases      ] GC(111)     Dead                           Min: 0, Avg:  0.0, Max: 0, Diff: 0, Sum: 0, Workers: 4
[439.261s][debug][gc,phases      ] GC(111)     Total                          Min: 0, Avg: 73.0, Max: 164, Diff: 164, Sum: 292, Workers: 4
[439.261s][debug][gc,phases      ] GC(111)   JVMTI Tag Weak OopStorage      Min:  0.0, Avg:  0.0, Max:  0.0, Diff:  0.0, Sum:  0.0, Workers: 4
[439.261s][debug][gc,phases      ] GC(111)     Dead                           Min: 0, Avg:  0.0, Max: 0, Diff: 0, Sum: 0, Workers: 4
[439.261s][debug][gc,phases      ] GC(111)     Total                          Min: 0, Avg:  0.0, Max: 0, Diff: 0, Sum: 0, Workers: 4
[439.261s][debug][gc,phases      ] GC(111)   StringTable Weak               Min:  0.1, Avg:  0.1, Max:  0.1, Diff:  0.0, Sum:  0.5, Workers: 4
[439.261s][debug][gc,phases      ] GC(111)     Dead                           Min: 0, Avg:  0.0, Max: 0, Diff: 0, Sum: 0, Workers: 4
[439.261s][debug][gc,phases      ] GC(111)     Total                          Min: 10816, Avg: 12041.2, Max: 12581, Diff: 1765, Sum: 48165, Workers: 4
[439.261s][debug][gc,phases      ] GC(111)   ResolvedMethodTable Weak       Min:  0.0, Avg:  0.0, Max:  0.0, Diff:  0.0, Sum:  0.1, Workers: 4
[439.261s][debug][gc,phases      ] GC(111)     Dead                           Min: 0, Avg:  0.0, Max: 0, Diff: 0, Sum: 0, Workers: 4
[439.261s][debug][gc,phases      ] GC(111)     Total                          Min: 1792, Avg: 2078.0, Max: 2424, Diff: 632, Sum: 8312, Workers: 4
[439.261s][debug][gc,phases      ] GC(111)   JNI Weak                       Min:  0.0, Avg:  0.0, Max:  0.0, Diff:  0.0, Sum:  0.0, Workers: 4
[439.261s][debug][gc,phases      ] GC(111)     Dead                           Min: 0, Avg:  0.0, Max: 0, Diff: 0, Sum: 0, Workers: 4
[439.261s][debug][gc,phases      ] GC(111)     Total                          Min: 0, Avg:  0.0, Max: 0, Diff: 0, Sum: 0, Workers: 4
[439.261s][debug][gc,phases      ] GC(111)   StringDedup Table Weak         Min:  0.0, Avg:  0.0, Max:  0.0, Diff:  0.0, Sum:  0.0, Workers: 4
[439.261s][debug][gc,phases      ] GC(111)     Dead                           Min: 0, Avg:  0.0, Max: 0, Diff: 0, Sum: 0, Workers: 4
[439.261s][debug][gc,phases      ] GC(111)     Total                          Min: 0, Avg:  0.0, Max: 0, Diff: 0, Sum: 0, Workers: 4
[439.261s][debug][gc,phases      ] GC(111)   StringDedup Requests0 Weak     Min:  0.0, Avg:  0.0, Max:  0.0, Diff:  0.0, Sum:  0.0, Workers: 4
[439.261s][debug][gc,phases      ] GC(111)     Dead                           Min: 0, Avg:  0.0, Max: 0, Diff: 0, Sum: 0, Workers: 4
[439.261s][debug][gc,phases      ] GC(111)     Total                          Min: 0, Avg:  0.0, Max: 0, Diff: 0, Sum: 0, Workers: 4
[439.261s][debug][gc,phases      ] GC(111)   StringDedup Requests1 Weak     Min:  0.0, Avg:  0.0, Max:  0.0, Diff:  0.0, Sum:  0.0, Workers: 4
[439.261s][debug][gc,phases      ] GC(111)     Dead                           Min: 0, Avg:  0.0, Max: 0, Diff: 0, Sum: 0, Workers: 4
[439.261s][debug][gc,phases      ] GC(111)     Total                          Min: 0, Avg:  0.0, Max: 0, Diff: 0, Sum: 0, Workers: 4
[439.261s][debug][gc,phases      ] GC(111)   Weak JFR Old Object Samples    Min:  0.0, Avg:  0.0, Max:  0.0, Diff:  0.0, Sum:  0.0, Workers: 4
[439.261s][debug][gc,phases      ] GC(111)     Dead                           Min: 0, Avg:  0.0, Max: 0, Diff: 0, Sum: 0, Workers: 4
[439.261s][debug][gc,phases      ] GC(111)     Total                          Min: 0, Avg:  0.0, Max: 0, Diff: 0, Sum: 0, Workers: 4
[439.261s][debug][gc,phases      ] GC(111) Weak Processing 0.342ms
[439.261s][debug][gc,age         ] GC(111) Desired survivor size 138936320 bytes, new threshold 15 (max threshold 15)
[439.261s][info ][gc,heap        ] GC(111) PSYoungGen: 1938674K(1938944K)->83186K(1954304K) Eden: 1857536K(1857536K)->0K(1825792K) From: 81138K(81408K)->83186K(128512K)
[439.261s][info ][gc,heap        ] GC(111) ParOldGen: 477974K(542208K)->478358K(542208K)
[439.261s][info ][gc,metaspace   ] GC(111) Metaspace: 83464K(84288K)->83464K(84288K) NonClass: 71769K(72192K)->71769K(72192K) Class: 11695K(12096K)->11695K(12096K)
[439.261s][info ][gc             ] GC(111) Pause Young (Allocation Failure) 2360M->548M(2438M) 20.718ms
[439.261s][info ][gc,cpu         ] GC(111) User=0.08s Sys=0.00s Real=0.02s
[439.261s][info ][safepoint      ] Safepoint "ParallelGCFailedAllocation", Time since last: 455803921 ns, Reaching safepoint: 34002 ns, At safepoint: 20799997 ns, Total: 20833999 ns
[440.262s][info ][safepoint      ] Safepoint "Cleanup", Time since last: 1000080050 ns, Reaching safepoint: 116208 ns, At safepoint: 5600 ns, Total: 121808 ns
[444.262s][info ][safepoint      ] Safepoint "Cleanup", Time since last: 4000262450 ns, Reaching safepoint: 111307 ns, At safepoint: 12401 ns, Total: 123708 ns
[447.262s][info ][safepoint      ] Safepoint "Cleanup", Time since last: 3000260589 ns, Reaching safepoint: 49203 ns, At safepoint: 2900 ns, Total: 52103 ns
[448.262s][info ][safepoint      ] Safepoint "Cleanup", Time since last: 1000112836 ns, Reaching safepoint: 50403 ns, At safepoint: 7001 ns, Total: 57404 ns
[452.263s][info ][safepoint      ] Safepoint "Cleanup", Time since last: 4000310690 ns, Reaching safepoint: 45503 ns, At safepoint: 2600 ns, Total: 48103 ns
[453.263s][info ][safepoint      ] Safepoint "Cleanup", Time since last: 1000111365 ns, Reaching safepoint: 274617 ns, At safepoint: 6000 ns, Total: 280617 ns
[454.263s][info ][safepoint      ] Safepoint "Cleanup", Time since last: 1000112550 ns, Reaching safepoint: 63804 ns, At safepoint: 5100 ns, Total: 68904 ns
[457.264s][info ][safepoint      ] Safepoint "Cleanup", Time since last: 3000241759 ns, Reaching safepoint: 47302 ns, At safepoint: 2701 ns, Total: 50003 ns
[458.264s][info ][safepoint      ] Safepoint "Cleanup", Time since last: 1000141495 ns, Reaching safepoint: 52303 ns, At safepoint: 6300 ns, Total: 58603 ns
[460.264s][info ][safepoint      ] Safepoint "Cleanup", Time since last: 2000124738 ns, Reaching safepoint: 84605 ns, At safepoint: 8201 ns, Total: 92806 ns
[461.264s][info ][safepoint      ] Safepoint "Cleanup", Time since last: 1000107850 ns, Reaching safepoint: 74105 ns, At safepoint: 8200 ns, Total: 82305 ns
[462.264s][info ][safepoint      ] Safepoint "Cleanup", Time since last: 1000113437 ns, Reaching safepoint: 67804 ns, At safepoint: 11501 ns, Total: 79305 ns
[463.265s][info ][safepoint      ] Safepoint "Cleanup", Time since last: 1000109823 ns, Reaching safepoint: 61603 ns, At safepoint: 10001 ns, Total: 71604 ns
[466.265s][info ][safepoint      ] Safepoint "Cleanup", Time since last: 3000253579 ns, Reaching safepoint: 49403 ns, At safepoint: 2801 ns, Total: 52204 ns
[468.265s][info ][safepoint      ] Safepoint "Cleanup", Time since last: 2000154215 ns, Reaching safepoint: 75105 ns, At safepoint: 5300 ns, Total: 80405 ns
[469.265s][info ][safepoint      ] Safepoint "Cleanup", Time since last: 1000105739 ns, Reaching safepoint: 58704 ns, At safepoint: 6100 ns, Total: 64804 ns
[470.265s][info ][safepoint      ] Safepoint "Cleanup", Time since last: 1000110426 ns, Reaching safepoint: 51003 ns, At safepoint: 6600 ns, Total: 57603 ns
[471.266s][info ][safepoint      ] Safepoint "Cleanup", Time since last: 1000135313 ns, Reaching safepoint: 114808 ns, At safepoint: 5200 ns, Total: 120008 ns
[473.266s][info ][safepoint      ] Safepoint "Cleanup", Time since last: 2000180679 ns, Reaching safepoint: 50304 ns, At safepoint: 3700 ns, Total: 54004 ns
[474.266s][info ][safepoint      ] Safepoint "Cleanup", Time since last: 1000105870 ns, Reaching safepoint: 66104 ns, At safepoint: 9901 ns, Total: 76005 ns
[475.266s][info ][safepoint      ] Safepoint "Cleanup", Time since last: 1000113857 ns, Reaching safepoint: 50403 ns, At safepoint: 6800 ns, Total: 57203 ns
[476.805s][info ][safepoint      ] Safepoint "Cleanup", Time since last: 1538516531 ns, Reaching safepoint: 623639 ns, At safepoint: 10600 ns, Total: 634239 ns
[477.756s][info ][gc,start       ] GC(112) Pause Young (Allocation Failure)
[477.777s][debug][gc,phases      ] GC(112) Scavenge 21.524ms
[477.777s][debug][gc,ref         ] GC(112) Skipped phase 1 of Reference Processing: no references
[477.778s][debug][gc,ref         ] GC(112) ReferenceProcessor::execute queues: 1, RefProcThreadModel::Single, marks_oops_alive: false
[477.778s][debug][gc,ref         ] GC(112) Skipped phase 3 of Reference Processing: no references
[477.778s][debug][gc,ref         ] GC(112) ReferenceProcessor::execute queues: 1, RefProcThreadModel::Single, marks_oops_alive: false
[477.778s][debug][gc,phases      ] GC(112) Reference Processing 0.138ms
[477.778s][debug][gc,phases      ] GC(112)   VM Weak                        Min:  0.0, Avg:  0.0, Max:  0.0, Diff:  0.0, Sum:  0.0, Workers: 4
[477.778s][debug][gc,phases      ] GC(112)     Dead                           Min: 0, Avg:  0.0, Max: 0, Diff: 0, Sum: 0, Workers: 4
[477.778s][debug][gc,phases      ] GC(112)     Total                          Min: 0, Avg: 176.0, Max: 384, Diff: 384, Sum: 704, Workers: 4
[477.778s][debug][gc,phases      ] GC(112)   ObjectSynchronizer Weak        Min:  0.0, Avg:  0.0, Max:  0.0, Diff:  0.0, Sum:  0.0, Workers: 4
[477.778s][debug][gc,phases      ] GC(112)     Dead                           Min: 0, Avg:  0.0, Max: 0, Diff: 0, Sum: 0, Workers: 4
[477.778s][debug][gc,phases      ] GC(112)     Total                          Min: 0, Avg: 73.0, Max: 128, Diff: 128, Sum: 292, Workers: 4
[477.778s][debug][gc,phases      ] GC(112)   JVMTI Tag Weak OopStorage      Min:  0.0, Avg:  0.0, Max:  0.0, Diff:  0.0, Sum:  0.0, Workers: 4
[477.778s][debug][gc,phases      ] GC(112)     Dead                           Min: 0, Avg:  0.0, Max: 0, Diff: 0, Sum: 0, Workers: 4
[477.778s][debug][gc,phases      ] GC(112)     Total                          Min: 0, Avg:  0.0, Max: 0, Diff: 0, Sum: 0, Workers: 4
[477.778s][debug][gc,phases      ] GC(112)   StringTable Weak               Min:  0.1, Avg:  0.1, Max:  0.1, Diff:  0.0, Sum:  0.5, Workers: 4
[477.778s][debug][gc,phases      ] GC(112)     Dead                           Min: 0, Avg:  0.0, Max: 0, Diff: 0, Sum: 0, Workers: 4
[477.778s][debug][gc,phases      ] GC(112)     Total                          Min: 11456, Avg: 12044.0, Max: 12480, Diff: 1024, Sum: 48176, Workers: 4
[477.778s][debug][gc,phases      ] GC(112)   ResolvedMethodTable Weak       Min:  0.0, Avg:  0.0, Max:  0.0, Diff:  0.0, Sum:  0.1, Workers: 4
[477.778s][debug][gc,phases      ] GC(112)     Dead                           Min: 0, Avg:  0.0, Max: 0, Diff: 0, Sum: 0, Workers: 4
[477.778s][debug][gc,phases      ] GC(112)     Total                          Min: 1922, Avg: 2080.5, Max: 2240, Diff: 318, Sum: 8322, Workers: 4
[477.778s][debug][gc,phases      ] GC(112)   JNI Weak                       Min:  0.0, Avg:  0.0, Max:  0.0, Diff:  0.0, Sum:  0.0, Workers: 4
[477.778s][debug][gc,phases      ] GC(112)     Dead                           Min: 0, Avg:  0.0, Max: 0, Diff: 0, Sum: 0, Workers: 4
[477.778s][debug][gc,phases      ] GC(112)     Total                          Min: 0, Avg:  0.0, Max: 0, Diff: 0, Sum: 0, Workers: 4
[477.778s][debug][gc,phases      ] GC(112)   StringDedup Table Weak         Min:  0.0, Avg:  0.0, Max:  0.0, Diff:  0.0, Sum:  0.0, Workers: 4
[477.778s][debug][gc,phases      ] GC(112)     Dead                           Min: 0, Avg:  0.0, Max: 0, Diff: 0, Sum: 0, Workers: 4
[477.778s][debug][gc,phases      ] GC(112)     Total                          Min: 0, Avg:  0.0, Max: 0, Diff: 0, Sum: 0, Workers: 4
[477.778s][debug][gc,phases      ] GC(112)   StringDedup Requests0 Weak     Min:  0.0, Avg:  0.0, Max:  0.0, Diff:  0.0, Sum:  0.0, Workers: 4
[477.778s][debug][gc,phases      ] GC(112)     Dead                           Min: 0, Avg:  0.0, Max: 0, Diff: 0, Sum: 0, Workers: 4
[477.778s][debug][gc,phases      ] GC(112)     Total                          Min: 0, Avg:  0.0, Max: 0, Diff: 0, Sum: 0, Workers: 4
[477.778s][debug][gc,phases      ] GC(112)   StringDedup Requests1 Weak     Min:  0.0, Avg:  0.0, Max:  0.0, Diff:  0.0, Sum:  0.0, Workers: 4
[477.778s][debug][gc,phases      ] GC(112)     Dead                           Min: 0, Avg:  0.0, Max: 0, Diff: 0, Sum: 0, Workers: 4
[477.778s][debug][gc,phases      ] GC(112)     Total                          Min: 0, Avg:  0.0, Max: 0, Diff: 0, Sum: 0, Workers: 4
[477.778s][debug][gc,phases      ] GC(112)   Weak JFR Old Object Samples    Min:  0.0, Avg:  0.0, Max:  0.0, Diff:  0.0, Sum:  0.0, Workers: 4
[477.778s][debug][gc,phases      ] GC(112)     Dead                           Min: 0, Avg:  0.0, Max: 0, Diff: 0, Sum: 0, Workers: 4
[477.778s][debug][gc,phases      ] GC(112)     Total                          Min: 0, Avg:  0.0, Max: 0, Diff: 0, Sum: 0, Workers: 4
[477.778s][debug][gc,phases      ] GC(112) Weak Processing 0.344ms
[477.778s][debug][gc,age         ] GC(112) Desired survivor size 144703488 bytes, new threshold 15 (max threshold 15)
[477.778s][info ][gc,heap        ] GC(112) PSYoungGen: 1908978K(1954304K)->84434K(1910272K) Eden: 1825792K(1825792K)->0K(1825792K) From: 83186K(128512K)->84434K(84480K)
[477.778s][info ][gc,heap        ] GC(112) ParOldGen: 478358K(542208K)->478814K(542208K)
[477.778s][info ][gc,metaspace   ] GC(112) Metaspace: 83501K(84352K)->83501K(84352K) NonClass: 71802K(72256K)->71802K(72256K) Class: 11698K(12096K)->11698K(12096K)
[477.778s][info ][gc             ] GC(112) Pause Young (Allocation Failure) 2331M->550M(2395M) 22.137ms
[477.778s][info ][gc,cpu         ] GC(112) User=0.09s Sys=0.00s Real=0.02s
[477.778s][info ][safepoint      ] Safepoint "ParallelGCFailedAllocation", Time since last: 950274342 ns, Reaching safepoint: 47303 ns, At safepoint: 22218674 ns, Total: 22265977 ns
[478.778s][info ][safepoint      ] Safepoint "Cleanup", Time since last: 1000088007 ns, Reaching safepoint: 65804 ns, At safepoint: 10801 ns, Total: 76605 ns
[479.778s][info ][safepoint      ] Safepoint "Cleanup", Time since last: 1000121796 ns, Reaching safepoint: 47103 ns, At safepoint: 3000 ns, Total: 50103 ns
[480.779s][info ][safepoint      ] Safepoint "Cleanup", Time since last: 1000141784 ns, Reaching safepoint: 47203 ns, At safepoint: 2400 ns, Total: 49603 ns
[481.779s][info ][safepoint      ] Safepoint "Cleanup", Time since last: 1000121969 ns, Reaching safepoint: 64704 ns, At safepoint: 5000 ns, Total: 69704 ns
[482.779s][info ][safepoint      ] Safepoint "Cleanup", Time since last: 1000115056 ns, Reaching safepoint: 114007 ns, At safepoint: 12600 ns, Total: 126607 ns
[483.779s][info ][safepoint      ] Safepoint "Cleanup", Time since last: 1000114442 ns, Reaching safepoint: 62204 ns, At safepoint: 8800 ns, Total: 71004 ns
[484.779s][info ][safepoint      ] Safepoint "Cleanup", Time since last: 1000100128 ns, Reaching safepoint: 52603 ns, At safepoint: 11401 ns, Total: 64004 ns
[485.779s][info ][safepoint      ] Safepoint "Cleanup", Time since last: 1000118115 ns, Reaching safepoint: 48303 ns, At safepoint: 2600 ns, Total: 50903 ns
[486.780s][info ][safepoint      ] Safepoint "Cleanup", Time since last: 1000115101 ns, Reaching safepoint: 41103 ns, At safepoint: 2300 ns, Total: 43403 ns
[487.780s][info ][safepoint      ] Safepoint "Cleanup", Time since last: 1000113688 ns, Reaching safepoint: 43803 ns, At safepoint: 5800 ns, Total: 49603 ns
[488.780s][info ][safepoint      ] Safepoint "Cleanup", Time since last: 1000113475 ns, Reaching safepoint: 115407 ns, At safepoint: 8601 ns, Total: 124008 ns
[489.780s][info ][safepoint      ] Safepoint "Cleanup", Time since last: 1000119262 ns, Reaching safepoint: 72304 ns, At safepoint: 11601 ns, Total: 83905 ns
[490.780s][info ][safepoint      ] Safepoint "Cleanup", Time since last: 1000115448 ns, Reaching safepoint: 55303 ns, At safepoint: 7601 ns, Total: 62904 ns
[491.781s][info ][safepoint      ] Safepoint "Cleanup", Time since last: 1000107234 ns, Reaching safepoint: 42003 ns, At safepoint: 3700 ns, Total: 45703 ns
[492.781s][info ][safepoint      ] Safepoint "Cleanup", Time since last: 1000087320 ns, Reaching safepoint: 49103 ns, At safepoint: 2501 ns, Total: 51604 ns
[493.781s][info ][safepoint      ] Safepoint "Cleanup", Time since last: 1000119508 ns, Reaching safepoint: 45303 ns, At safepoint: 2300 ns, Total: 47603 ns
[494.781s][info ][safepoint      ] Safepoint "Cleanup", Time since last: 1000109695 ns, Reaching safepoint: 54504 ns, At safepoint: 2400 ns, Total: 56904 ns
[495.781s][info ][safepoint      ] Safepoint "Cleanup", Time since last: 1000118382 ns, Reaching safepoint: 58604 ns, At safepoint: 8401 ns, Total: 67005 ns
[496.781s][info ][safepoint      ] Safepoint "Cleanup", Time since last: 1000108768 ns, Reaching safepoint: 51104 ns, At safepoint: 7900 ns, Total: 59004 ns
[499.782s][info ][safepoint      ] Safepoint "Cleanup", Time since last: 3000230822 ns, Reaching safepoint: 59904 ns, At safepoint: 7500 ns, Total: 67404 ns
[500.782s][info ][safepoint      ] Safepoint "Cleanup", Time since last: 1000112117 ns, Reaching safepoint: 51203 ns, At safepoint: 5201 ns, Total: 56404 ns
[502.782s][info ][safepoint      ] Safepoint "Cleanup", Time since last: 2000170691 ns, Reaching safepoint: 39302 ns, At safepoint: 2701 ns, Total: 42003 ns
[503.782s][info ][safepoint      ] Safepoint "Cleanup", Time since last: 1000108577 ns, Reaching safepoint: 57104 ns, At safepoint: 8000 ns, Total: 65104 ns
[504.782s][info ][safepoint      ] Safepoint "Cleanup", Time since last: 1000110265 ns, Reaching safepoint: 47603 ns, At safepoint: 4600 ns, Total: 52203 ns
[505.783s][info ][safepoint      ] Safepoint "Cleanup", Time since last: 1000113853 ns, Reaching safepoint: 46302 ns, At safepoint: 5701 ns, Total: 52003 ns
[506.783s][info ][safepoint      ] Safepoint "Cleanup", Time since last: 1000122640 ns, Reaching safepoint: 49903 ns, At safepoint: 7400 ns, Total: 57303 ns
[507.783s][info ][safepoint      ] Safepoint "Cleanup", Time since last: 1000111927 ns, Reaching safepoint: 49903 ns, At safepoint: 2200 ns, Total: 52103 ns
[509.783s][info ][safepoint      ] Safepoint "Cleanup", Time since last: 2000170311 ns, Reaching safepoint: 48903 ns, At safepoint: 16601 ns, Total: 65504 ns
[511.303s][info ][gc,start       ] GC(113) Pause Young (Allocation Failure)
[511.327s][debug][gc,phases      ] GC(113) Scavenge 23.703ms
[511.327s][debug][gc,ref         ] GC(113) Skipped phase 1 of Reference Processing: no references
[511.327s][debug][gc,ref         ] GC(113) ReferenceProcessor::execute queues: 1, RefProcThreadModel::Single, marks_oops_alive: false
[511.327s][debug][gc,ref         ] GC(113) Skipped phase 3 of Reference Processing: no references
[511.327s][debug][gc,ref         ] GC(113) ReferenceProcessor::execute queues: 1, RefProcThreadModel::Single, marks_oops_alive: false
[511.327s][debug][gc,phases      ] GC(113) Reference Processing 0.130ms
[511.327s][debug][gc,phases      ] GC(113)   VM Weak                        Min:  0.0, Avg:  0.0, Max:  0.0, Diff:  0.0, Sum:  0.0, Workers: 4
[511.327s][debug][gc,phases      ] GC(113)     Dead                           Min: 0, Avg:  0.0, Max: 0, Diff: 0, Sum: 0, Workers: 4
[511.327s][debug][gc,phases      ] GC(113)     Total                          Min: 0, Avg: 177.2, Max: 517, Diff: 517, Sum: 709, Workers: 4
[511.327s][debug][gc,phases      ] GC(113)   ObjectSynchronizer Weak        Min:  0.0, Avg:  0.0, Max:  0.0, Diff:  0.0, Sum:  0.0, Workers: 4
[511.327s][debug][gc,phases      ] GC(113)     Dead                           Min: 0, Avg:  0.0, Max: 0, Diff: 0, Sum: 0, Workers: 4
[511.327s][debug][gc,phases      ] GC(113)     Total                          Min: 0, Avg: 73.0, Max: 128, Diff: 128, Sum: 292, Workers: 4
[511.327s][debug][gc,phases      ] GC(113)   JVMTI Tag Weak OopStorage      Min:  0.0, Avg:  0.0, Max:  0.0, Diff:  0.0, Sum:  0.0, Workers: 4
[511.327s][debug][gc,phases      ] GC(113)     Dead                           Min: 0, Avg:  0.0, Max: 0, Diff: 0, Sum: 0, Workers: 4
[511.327s][debug][gc,phases      ] GC(113)     Total                          Min: 0, Avg:  0.0, Max: 0, Diff: 0, Sum: 0, Workers: 4
[511.327s][debug][gc,phases      ] GC(113)   StringTable Weak               Min:  0.1, Avg:  0.1, Max:  0.1, Diff:  0.0, Sum:  0.5, Workers: 4
[511.327s][debug][gc,phases      ] GC(113)     Dead                           Min: 0, Avg:  0.2, Max: 1, Diff: 1, Sum: 1, Workers: 4
[511.327s][debug][gc,phases      ] GC(113)     Total                          Min: 11584, Avg: 12052.5, Max: 12928, Diff: 1344, Sum: 48210, Workers: 4
[511.327s][debug][gc,phases      ] GC(113)   ResolvedMethodTable Weak       Min:  0.0, Avg:  0.0, Max:  0.0, Diff:  0.0, Sum:  0.1, Workers: 4
[511.327s][debug][gc,phases      ] GC(113)     Dead                           Min: 0, Avg:  0.0, Max: 0, Diff: 0, Sum: 0, Workers: 4
[511.327s][debug][gc,phases      ] GC(113)     Total                          Min: 1920, Avg: 2087.0, Max: 2332, Diff: 412, Sum: 8348, Workers: 4
[511.327s][debug][gc,phases      ] GC(113)   JNI Weak                       Min:  0.0, Avg:  0.0, Max:  0.0, Diff:  0.0, Sum:  0.0, Workers: 4
[511.327s][debug][gc,phases      ] GC(113)     Dead                           Min: 0, Avg:  0.0, Max: 0, Diff: 0, Sum: 0, Workers: 4
[511.327s][debug][gc,phases      ] GC(113)     Total                          Min: 0, Avg:  0.0, Max: 0, Diff: 0, Sum: 0, Workers: 4
[511.327s][debug][gc,phases      ] GC(113)   StringDedup Table Weak         Min:  0.0, Avg:  0.0, Max:  0.0, Diff:  0.0, Sum:  0.0, Workers: 4
[511.327s][debug][gc,phases      ] GC(113)     Dead                           Min: 0, Avg:  0.0, Max: 0, Diff: 0, Sum: 0, Workers: 4
[511.327s][debug][gc,phases      ] GC(113)     Total                          Min: 0, Avg:  0.0, Max: 0, Diff: 0, Sum: 0, Workers: 4
[511.327s][debug][gc,phases      ] GC(113)   StringDedup Requests0 Weak     Min:  0.0, Avg:  0.0, Max:  0.0, Diff:  0.0, Sum:  0.0, Workers: 4
[511.327s][debug][gc,phases      ] GC(113)     Dead                           Min: 0, Avg:  0.0, Max: 0, Diff: 0, Sum: 0, Workers: 4
[511.327s][debug][gc,phases      ] GC(113)     Total                          Min: 0, Avg:  0.0, Max: 0, Diff: 0, Sum: 0, Workers: 4
[511.327s][debug][gc,phases      ] GC(113)   StringDedup Requests1 Weak     Min:  0.0, Avg:  0.0, Max:  0.0, Diff:  0.0, Sum:  0.0, Workers: 4
[511.327s][debug][gc,phases      ] GC(113)     Dead                           Min: 0, Avg:  0.0, Max: 0, Diff: 0, Sum: 0, Workers: 4
[511.327s][debug][gc,phases      ] GC(113)     Total                          Min: 0, Avg:  0.0, Max: 0, Diff: 0, Sum: 0, Workers: 4
[511.327s][debug][gc,phases      ] GC(113)   Weak JFR Old Object Samples    Min:  0.0, Avg:  0.0, Max:  0.0, Diff:  0.0, Sum:  0.0, Workers: 4
[511.327s][debug][gc,phases      ] GC(113)     Dead                           Min: 0, Avg:  0.0, Max: 0, Diff: 0, Sum: 0, Workers: 4
[511.327s][debug][gc,phases      ] GC(113)     Total                          Min: 0, Avg:  0.0, Max: 0, Diff: 0, Sum: 0, Workers: 4
[511.327s][debug][gc,phases      ] GC(113) Weak Processing 0.327ms
[511.327s][debug][gc,age         ] GC(113) Desired survivor size 149422080 bytes, new threshold 15 (max threshold 15)
[511.327s][info ][gc,heap        ] GC(113) PSYoungGen: 1910226K(1910272K)->85618K(1946624K) Eden: 1825792K(1825792K)->0K(1805312K) From: 84434K(84480K)->85618K(141312K)
[511.327s][info ][gc,heap        ] GC(113) ParOldGen: 478814K(542208K)->479262K(542208K)
[511.327s][info ][gc,metaspace   ] GC(113) Metaspace: 83570K(84416K)->83570K(84416K) NonClass: 71864K(72320K)->71864K(72320K) Class: 11706K(12096K)->11706K(12096K)
[511.327s][info ][gc             ] GC(113) Pause Young (Allocation Failure) 2333M->551M(2430M) 24.302ms
[511.327s][info ][gc,cpu         ] GC(113) User=0.09s Sys=0.00s Real=0.03s
[511.327s][info ][safepoint      ] Safepoint "ParallelGCFailedAllocation", Time since last: 1519813782 ns, Reaching safepoint: 58104 ns, At safepoint: 24389997 ns, Total: 24448101 ns
[512.328s][info ][safepoint      ] Safepoint "Cleanup", Time since last: 1000082166 ns, Reaching safepoint: 47203 ns, At safepoint: 5201 ns, Total: 52404 ns
[513.328s][info ][safepoint      ] Safepoint "Cleanup", Time since last: 1000107355 ns, Reaching safepoint: 60104 ns, At safepoint: 5000 ns, Total: 65104 ns
[514.328s][info ][safepoint      ] Safepoint "Cleanup", Time since last: 1000078141 ns, Reaching safepoint: 124508 ns, At safepoint: 6800 ns, Total: 131308 ns
[515.328s][info ][safepoint      ] Safepoint "Cleanup", Time since last: 1000107130 ns, Reaching safepoint: 43103 ns, At safepoint: 2700 ns, Total: 45803 ns
[516.328s][info ][safepoint      ] Safepoint "Cleanup", Time since last: 1000104817 ns, Reaching safepoint: 57204 ns, At safepoint: 4800 ns, Total: 62004 ns
[517.328s][info ][safepoint      ] Safepoint "Cleanup", Time since last: 1000072903 ns, Reaching safepoint: 67504 ns, At safepoint: 7800 ns, Total: 75304 ns
[518.329s][info ][safepoint      ] Safepoint "Cleanup", Time since last: 1000113193 ns, Reaching safepoint: 55504 ns, At safepoint: 5700 ns, Total: 61204 ns
[520.329s][info ][safepoint      ] Safepoint "Cleanup", Time since last: 2000179445 ns, Reaching safepoint: 61403 ns, At safepoint: 8701 ns, Total: 70104 ns
[521.329s][info ][safepoint      ] Safepoint "Cleanup", Time since last: 1000133756 ns, Reaching safepoint: 60404 ns, At safepoint: 7200 ns, Total: 67604 ns
[522.329s][info ][safepoint      ] Safepoint "Cleanup", Time since last: 1000106343 ns, Reaching safepoint: 56103 ns, At safepoint: 5000 ns, Total: 61103 ns
[524.329s][info ][safepoint      ] Safepoint "Cleanup", Time since last: 2000152044 ns, Reaching safepoint: 45102 ns, At safepoint: 14101 ns, Total: 59203 ns
[525.330s][info ][safepoint      ] Safepoint "Cleanup", Time since last: 1000114106 ns, Reaching safepoint: 49103 ns, At safepoint: 37302 ns, Total: 86405 ns
[526.330s][info ][safepoint      ] Safepoint "Cleanup", Time since last: 1000095792 ns, Reaching safepoint: 46603 ns, At safepoint: 5000 ns, Total: 51603 ns
[527.330s][info ][safepoint      ] Safepoint "Cleanup", Time since last: 1000091779 ns, Reaching safepoint: 49803 ns, At safepoint: 4000 ns, Total: 53803 ns
[528.330s][info ][safepoint      ] Safepoint "Cleanup", Time since last: 1000099268 ns, Reaching safepoint: 46303 ns, At safepoint: 4500 ns, Total: 50803 ns
[532.330s][info ][safepoint      ] Safepoint "Cleanup", Time since last: 4000308941 ns, Reaching safepoint: 60704 ns, At safepoint: 5400 ns, Total: 66104 ns
[534.331s][info ][safepoint      ] Safepoint "Cleanup", Time since last: 2000166898 ns, Reaching safepoint: 137509 ns, At safepoint: 9100 ns, Total: 146609 ns
[535.862s][info ][safepoint      ] Safepoint "Cleanup", Time since last: 1530672682 ns, Reaching safepoint: 178311 ns, At safepoint: 8101 ns, Total: 186412 ns
[537.105s][info ][safepoint      ] Safepoint "Cleanup", Time since last: 1242951088 ns, Reaching safepoint: 158010 ns, At safepoint: 10401 ns, Total: 168411 ns
[538.105s][info ][safepoint      ] Safepoint "Cleanup", Time since last: 1000105448 ns, Reaching safepoint: 132708 ns, At safepoint: 7001 ns, Total: 139709 ns
[539.105s][info ][safepoint      ] Safepoint "Cleanup", Time since last: 1000120237 ns, Reaching safepoint: 118807 ns, At safepoint: 5901 ns, Total: 124708 ns
[540.105s][info ][safepoint      ] Safepoint "Cleanup", Time since last: 1000094423 ns, Reaching safepoint: 127008 ns, At safepoint: 14501 ns, Total: 141509 ns
[541.106s][info ][safepoint      ] Safepoint "Cleanup", Time since last: 1000120013 ns, Reaching safepoint: 115707 ns, At safepoint: 6501 ns, Total: 122208 ns
[541.250s][info ][gc,start       ] GC(114) Pause Young (Allocation Failure)
[541.274s][debug][gc,phases      ] GC(114) Scavenge 23.630ms
[541.274s][debug][gc,ref         ] GC(114) Skipped phase 1 of Reference Processing: no references
[541.274s][debug][gc,ref         ] GC(114) ReferenceProcessor::execute queues: 1, RefProcThreadModel::Single, marks_oops_alive: false
[541.274s][debug][gc,ref         ] GC(114) Skipped phase 3 of Reference Processing: no references
[541.274s][debug][gc,ref         ] GC(114) ReferenceProcessor::execute queues: 1, RefProcThreadModel::Single, marks_oops_alive: false
[541.274s][debug][gc,phases      ] GC(114) Reference Processing 0.132ms
[541.275s][debug][gc,phases      ] GC(114)   VM Weak                        Min:  0.0, Avg:  0.0, Max:  0.0, Diff:  0.0, Sum:  0.0, Workers: 4
[541.275s][debug][gc,phases      ] GC(114)     Dead                           Min: 0, Avg:  0.0, Max: 0, Diff: 0, Sum: 0, Workers: 4
[541.275s][debug][gc,phases      ] GC(114)     Total                          Min: 0, Avg: 177.5, Max: 646, Diff: 646, Sum: 710, Workers: 4
[541.275s][debug][gc,phases      ] GC(114)   ObjectSynchronizer Weak        Min:  0.0, Avg:  0.0, Max:  0.0, Diff:  0.0, Sum:  0.0, Workers: 4
[541.275s][debug][gc,phases      ] GC(114)     Dead                           Min: 0, Avg:  0.0, Max: 0, Diff: 0, Sum: 0, Workers: 4
[541.275s][debug][gc,phases      ] GC(114)     Total                          Min: 0, Avg: 73.0, Max: 164, Diff: 164, Sum: 292, Workers: 4
[541.275s][debug][gc,phases      ] GC(114)   JVMTI Tag Weak OopStorage      Min:  0.0, Avg:  0.0, Max:  0.0, Diff:  0.0, Sum:  0.0, Workers: 4
[541.275s][debug][gc,phases      ] GC(114)     Dead                           Min: 0, Avg:  0.0, Max: 0, Diff: 0, Sum: 0, Workers: 4
[541.275s][debug][gc,phases      ] GC(114)     Total                          Min: 0, Avg:  0.0, Max: 0, Diff: 0, Sum: 0, Workers: 4
[541.275s][debug][gc,phases      ] GC(114)   StringTable Weak               Min:  0.1, Avg:  0.1, Max:  0.1, Diff:  0.0, Sum:  0.5, Workers: 4
[541.275s][debug][gc,phases      ] GC(114)     Dead                           Min: 0, Avg:  0.0, Max: 0, Diff: 0, Sum: 0, Workers: 4
[541.275s][debug][gc,phases      ] GC(114)     Total                          Min: 11136, Avg: 12054.2, Max: 12928, Diff: 1792, Sum: 48217, Workers: 4
[541.275s][debug][gc,phases      ] GC(114)   ResolvedMethodTable Weak       Min:  0.0, Avg:  0.0, Max:  0.0, Diff:  0.0, Sum:  0.1, Workers: 4
[541.275s][debug][gc,phases      ] GC(114)     Dead                           Min: 0, Avg:  0.0, Max: 0, Diff: 0, Sum: 0, Workers: 4
[541.275s][debug][gc,phases      ] GC(114)     Total                          Min: 1892, Avg: 2089.0, Max: 2432, Diff: 540, Sum: 8356, Workers: 4
[541.275s][debug][gc,phases      ] GC(114)   JNI Weak                       Min:  0.0, Avg:  0.0, Max:  0.0, Diff:  0.0, Sum:  0.0, Workers: 4
[541.275s][debug][gc,phases      ] GC(114)     Dead                           Min: 0, Avg:  0.0, Max: 0, Diff: 0, Sum: 0, Workers: 4
[541.275s][debug][gc,phases      ] GC(114)     Total                          Min: 0, Avg:  0.0, Max: 0, Diff: 0, Sum: 0, Workers: 4
[541.275s][debug][gc,phases      ] GC(114)   StringDedup Table Weak         Min:  0.0, Avg:  0.0, Max:  0.0, Diff:  0.0, Sum:  0.0, Workers: 4
[541.275s][debug][gc,phases      ] GC(114)     Dead                           Min: 0, Avg:  0.0, Max: 0, Diff: 0, Sum: 0, Workers: 4
[541.275s][debug][gc,phases      ] GC(114)     Total                          Min: 0, Avg:  0.0, Max: 0, Diff: 0, Sum: 0, Workers: 4
[541.275s][debug][gc,phases      ] GC(114)   StringDedup Requests0 Weak     Min:  0.0, Avg:  0.0, Max:  0.0, Diff:  0.0, Sum:  0.0, Workers: 4
[541.275s][debug][gc,phases      ] GC(114)     Dead                           Min: 0, Avg:  0.0, Max: 0, Diff: 0, Sum: 0, Workers: 4
[541.275s][debug][gc,phases      ] GC(114)     Total                          Min: 0, Avg:  0.0, Max: 0, Diff: 0, Sum: 0, Workers: 4
[541.275s][debug][gc,phases      ] GC(114)   StringDedup Requests1 Weak     Min:  0.0, Avg:  0.0, Max:  0.0, Diff:  0.0, Sum:  0.0, Workers: 4
[541.275s][debug][gc,phases      ] GC(114)     Dead                           Min: 0, Avg:  0.0, Max: 0, Diff: 0, Sum: 0, Workers: 4
[541.275s][debug][gc,phases      ] GC(114)     Total                          Min: 0, Avg:  0.0, Max: 0, Diff: 0, Sum: 0, Workers: 4
[541.275s][debug][gc,phases      ] GC(114)   Weak JFR Old Object Samples    Min:  0.0, Avg:  0.0, Max:  0.0, Diff:  0.0, Sum:  0.0, Workers: 4
[541.275s][debug][gc,phases      ] GC(114)     Dead                           Min: 0, Avg:  0.0, Max: 0, Diff: 0, Sum: 0, Workers: 4
[541.275s][debug][gc,phases      ] GC(114)     Total                          Min: 0, Avg:  0.0, Max: 0, Diff: 0, Sum: 0, Workers: 4
[541.275s][debug][gc,phases      ] GC(114) Weak Processing 0.338ms
[541.275s][debug][gc,age         ] GC(114) Desired survivor size 157286400 bytes, new threshold 15 (max threshold 15)
[541.275s][info ][gc,heap        ] GC(114) PSYoungGen: 1890930K(1946624K)->98370K(1904128K) Eden: 1805312K(1805312K)->0K(1805312K) From: 85618K(141312K)->98370K(98816K)
[541.275s][info ][gc,heap        ] GC(114) ParOldGen: 479262K(542208K)->479942K(542208K)
[541.275s][info ][gc,metaspace   ] GC(114) Metaspace: 83639K(84480K)->83639K(84480K) NonClass: 71927K(72384K)->71927K(72384K) Class: 11711K(12096K)->11711K(12096K)
[541.275s][info ][gc             ] GC(114) Pause Young (Allocation Failure) 2314M->564M(2389M) 24.241ms
[541.275s][info ][gc,cpu         ] GC(114) User=0.09s Sys=0.00s Real=0.03s
[541.275s][info ][safepoint      ] Safepoint "ParallelGCFailedAllocation", Time since last: 144684825 ns, Reaching safepoint: 46903 ns, At safepoint: 24330384 ns, Total: 24377287 ns
[542.275s][info ][safepoint      ] Safepoint "Cleanup", Time since last: 1000079797 ns, Reaching safepoint: 56504 ns, At safepoint: 6600 ns, Total: 63104 ns
[543.275s][info ][safepoint      ] Safepoint "Cleanup", Time since last: 1000102686 ns, Reaching safepoint: 51303 ns, At safepoint: 5501 ns, Total: 56804 ns
[544.275s][info ][safepoint      ] Safepoint "Cleanup", Time since last: 1000104774 ns, Reaching safepoint: 47303 ns, At safepoint: 2200 ns, Total: 49503 ns
[545.275s][info ][safepoint      ] Safepoint "Cleanup", Time since last: 1000104363 ns, Reaching safepoint: 58603 ns, At safepoint: 8101 ns, Total: 66704 ns
[546.276s][info ][safepoint      ] Safepoint "Cleanup", Time since last: 1000113651 ns, Reaching safepoint: 84105 ns, At safepoint: 6100 ns, Total: 90205 ns
[547.276s][info ][safepoint      ] Safepoint "Cleanup", Time since last: 1000113039 ns, Reaching safepoint: 60504 ns, At safepoint: 7801 ns, Total: 68305 ns
[550.276s][info ][safepoint      ] Safepoint "Cleanup", Time since last: 3000241240 ns, Reaching safepoint: 62904 ns, At safepoint: 5400 ns, Total: 68304 ns
[551.276s][info ][safepoint      ] Safepoint "Cleanup", Time since last: 1000129393 ns, Reaching safepoint: 44903 ns, At safepoint: 8700 ns, Total: 53603 ns
[552.276s][info ][safepoint      ] Safepoint "Cleanup", Time since last: 1000110980 ns, Reaching safepoint: 54804 ns, At safepoint: 2300 ns, Total: 57104 ns
[553.277s][info ][safepoint      ] Safepoint "Cleanup", Time since last: 1000107768 ns, Reaching safepoint: 60103 ns, At safepoint: 5701 ns, Total: 65804 ns
[555.277s][info ][safepoint      ] Safepoint "Cleanup", Time since last: 2000165998 ns, Reaching safepoint: 62804 ns, At safepoint: 10300 ns, Total: 73104 ns
[556.277s][info ][safepoint      ] Safepoint "Cleanup", Time since last: 1000115934 ns, Reaching safepoint: 64203 ns, At safepoint: 7801 ns, Total: 72004 ns
[558.277s][info ][safepoint      ] Safepoint "Cleanup", Time since last: 2000171728 ns, Reaching safepoint: 49303 ns, At safepoint: 4801 ns, Total: 54104 ns
[559.277s][info ][safepoint      ] Safepoint "Cleanup", Time since last: 1000106597 ns, Reaching safepoint: 51004 ns, At safepoint: 6500 ns, Total: 57504 ns
[561.278s][info ][safepoint      ] Safepoint "Cleanup", Time since last: 2000160558 ns, Reaching safepoint: 51603 ns, At safepoint: 5200 ns, Total: 56803 ns
[562.278s][info ][safepoint      ] Safepoint "Cleanup", Time since last: 1000111364 ns, Reaching safepoint: 117707 ns, At safepoint: 5401 ns, Total: 123108 ns
[563.278s][info ][safepoint      ] Safepoint "Cleanup", Time since last: 1000105651 ns, Reaching safepoint: 54704 ns, At safepoint: 5000 ns, Total: 59704 ns
[564.278s][info ][safepoint      ] Safepoint "Cleanup", Time since last: 1000087039 ns, Reaching safepoint: 56203 ns, At safepoint: 5501 ns, Total: 61704 ns
[566.278s][info ][safepoint      ] Safepoint "Cleanup", Time since last: 2000162543 ns, Reaching safepoint: 49503 ns, At safepoint: 7400 ns, Total: 56903 ns
[567.279s][info ][safepoint      ] Safepoint "Cleanup", Time since last: 1000108006 ns, Reaching safepoint: 52303 ns, At safepoint: 6801 ns, Total: 59104 ns
[570.279s][info ][safepoint      ] Safepoint "Cleanup", Time since last: 3000238444 ns, Reaching safepoint: 51004 ns, At safepoint: 3700 ns, Total: 54704 ns
[571.279s][info ][safepoint      ] Safepoint "Cleanup", Time since last: 1000108260 ns, Reaching safepoint: 46503 ns, At safepoint: 2600 ns, Total: 49103 ns
[572.279s][info ][safepoint      ] Safepoint "Cleanup", Time since last: 1000117550 ns, Reaching safepoint: 91106 ns, At safepoint: 4600 ns, Total: 95706 ns
[573.279s][info ][safepoint      ] Safepoint "Cleanup", Time since last: 1000110638 ns, Reaching safepoint: 52703 ns, At safepoint: 7701 ns, Total: 60404 ns
[574.280s][info ][safepoint      ] Safepoint "Cleanup", Time since last: 1000108926 ns, Reaching safepoint: 47903 ns, At safepoint: 5101 ns, Total: 53004 ns
[575.280s][info ][safepoint      ] Safepoint "Cleanup", Time since last: 1000105915 ns, Reaching safepoint: 47603 ns, At safepoint: 2700 ns, Total: 50303 ns
[576.503s][info ][gc,start       ] GC(115) Pause Young (Allocation Failure)
[576.526s][debug][gc,phases      ] GC(115) Scavenge 22.691ms
[576.526s][debug][gc,ref         ] GC(115) Skipped phase 1 of Reference Processing: no references
[576.526s][debug][gc,ref         ] GC(115) ReferenceProcessor::execute queues: 1, RefProcThreadModel::Single, marks_oops_alive: false
[576.526s][debug][gc,ref         ] GC(115) Skipped phase 3 of Reference Processing: no references
[576.526s][debug][gc,ref         ] GC(115) ReferenceProcessor::execute queues: 1, RefProcThreadModel::Single, marks_oops_alive: false
[576.526s][debug][gc,phases      ] GC(115) Reference Processing 0.127ms
[576.526s][debug][gc,phases      ] GC(115)   VM Weak                        Min:  0.0, Avg:  0.0, Max:  0.0, Diff:  0.0, Sum:  0.0, Workers: 4
[576.526s][debug][gc,phases      ] GC(115)     Dead                           Min: 0, Avg:  0.0, Max: 0, Diff: 0, Sum: 0, Workers: 4
[576.526s][debug][gc,phases      ] GC(115)     Total                          Min: 0, Avg: 177.5, Max: 710, Diff: 710, Sum: 710, Workers: 4
[576.526s][debug][gc,phases      ] GC(115)   ObjectSynchronizer Weak        Min:  0.0, Avg:  0.0, Max:  0.0, Diff:  0.0, Sum:  0.0, Workers: 4
[576.526s][debug][gc,phases      ] GC(115)     Dead                           Min: 0, Avg:  0.0, Max: 0, Diff: 0, Sum: 0, Workers: 4
[576.526s][debug][gc,phases      ] GC(115)     Total                          Min: 0, Avg: 73.0, Max: 228, Diff: 228, Sum: 292, Workers: 4
[576.526s][debug][gc,phases      ] GC(115)   JVMTI Tag Weak OopStorage      Min:  0.0, Avg:  0.0, Max:  0.0, Diff:  0.0, Sum:  0.0, Workers: 4
[576.526s][debug][gc,phases      ] GC(115)     Dead                           Min: 0, Avg:  0.0, Max: 0, Diff: 0, Sum: 0, Workers: 4
[576.526s][debug][gc,phases      ] GC(115)     Total                          Min: 0, Avg:  0.0, Max: 0, Diff: 0, Sum: 0, Workers: 4
[576.526s][debug][gc,phases      ] GC(115)   StringTable Weak               Min:  0.1, Avg:  0.1, Max:  0.1, Diff:  0.0, Sum:  0.4, Workers: 4
[576.526s][debug][gc,phases      ] GC(115)     Dead                           Min: 0, Avg:  0.0, Max: 0, Diff: 0, Sum: 0, Workers: 4
[576.526s][debug][gc,phases      ] GC(115)     Total                          Min: 11200, Avg: 12054.5, Max: 12506, Diff: 1306, Sum: 48218, Workers: 4
[576.526s][debug][gc,phases      ] GC(115)   ResolvedMethodTable Weak       Min:  0.0, Avg:  0.0, Max:  0.0, Diff:  0.0, Sum:  0.1, Workers: 4
[576.526s][debug][gc,phases      ] GC(115)     Dead                           Min: 0, Avg:  0.0, Max: 0, Diff: 0, Sum: 0, Workers: 4
[576.526s][debug][gc,phases      ] GC(115)     Total                          Min: 1728, Avg: 2089.5, Max: 2432, Diff: 704, Sum: 8358, Workers: 4
[576.526s][debug][gc,phases      ] GC(115)   JNI Weak                       Min:  0.0, Avg:  0.0, Max:  0.0, Diff:  0.0, Sum:  0.0, Workers: 4
[576.526s][debug][gc,phases      ] GC(115)     Dead                           Min: 0, Avg:  0.0, Max: 0, Diff: 0, Sum: 0, Workers: 4
[576.526s][debug][gc,phases      ] GC(115)     Total                          Min: 0, Avg:  0.0, Max: 0, Diff: 0, Sum: 0, Workers: 4
[576.526s][debug][gc,phases      ] GC(115)   StringDedup Table Weak         Min:  0.0, Avg:  0.0, Max:  0.0, Diff:  0.0, Sum:  0.0, Workers: 4
[576.526s][debug][gc,phases      ] GC(115)     Dead                           Min: 0, Avg:  0.0, Max: 0, Diff: 0, Sum: 0, Workers: 4
[576.526s][debug][gc,phases      ] GC(115)     Total                          Min: 0, Avg:  0.0, Max: 0, Diff: 0, Sum: 0, Workers: 4
[576.526s][debug][gc,phases      ] GC(115)   StringDedup Requests0 Weak     Min:  0.0, Avg:  0.0, Max:  0.0, Diff:  0.0, Sum:  0.0, Workers: 4
[576.526s][debug][gc,phases      ] GC(115)     Dead                           Min: 0, Avg:  0.0, Max: 0, Diff: 0, Sum: 0, Workers: 4
[576.526s][debug][gc,phases      ] GC(115)     Total                          Min: 0, Avg:  0.0, Max: 0, Diff: 0, Sum: 0, Workers: 4
[576.526s][debug][gc,phases      ] GC(115)   StringDedup Requests1 Weak     Min:  0.0, Avg:  0.0, Max:  0.0, Diff:  0.0, Sum:  0.0, Workers: 4
[576.526s][debug][gc,phases      ] GC(115)     Dead                           Min: 0, Avg:  0.0, Max: 0, Diff: 0, Sum: 0, Workers: 4
[576.526s][debug][gc,phases      ] GC(115)     Total                          Min: 0, Avg:  0.0, Max: 0, Diff: 0, Sum: 0, Workers: 4
[576.526s][debug][gc,phases      ] GC(115)   Weak JFR Old Object Samples    Min:  0.0, Avg:  0.0, Max:  0.0, Diff:  0.0, Sum:  0.0, Workers: 4
[576.526s][debug][gc,phases      ] GC(115)     Dead                           Min: 0, Avg:  0.0, Max: 0, Diff: 0, Sum: 0, Workers: 4
[576.526s][debug][gc,phases      ] GC(115)     Total                          Min: 0, Avg:  0.0, Max: 0, Diff: 0, Sum: 0, Workers: 4
[576.526s][debug][gc,phases      ] GC(115) Weak Processing 0.318ms
[576.526s][debug][gc,age         ] GC(115) Desired survivor size 162529280 bytes, new threshold 15 (max threshold 15)
[576.526s][info ][gc,heap        ] GC(115) PSYoungGen: 1903682K(1904128K)->96338K(1933312K) Eden: 1805312K(1805312K)->0K(1779712K) From: 98370K(98816K)->96338K(153600K)
[576.526s][info ][gc,heap        ] GC(115) ParOldGen: 479942K(542208K)->481750K(542208K)
[576.526s][info ][gc,metaspace   ] GC(115) Metaspace: 83685K(84544K)->83685K(84544K) NonClass: 71972K(72448K)->71972K(72448K) Class: 11713K(12096K)->11713K(12096K)
[576.526s][info ][gc             ] GC(115) Pause Young (Allocation Failure) 2327M->564M(2417M) 23.271ms
[576.526s][info ][gc,cpu         ] GC(115) User=0.09s Sys=0.00s Real=0.03s
[576.526s][info ][safepoint      ] Safepoint "ParallelGCFailedAllocation", Time since last: 1223083015 ns, Reaching safepoint: 100906 ns, At safepoint: 23352415 ns, Total: 23453321 ns
[577.526s][info ][safepoint      ] Safepoint "Cleanup", Time since last: 1000099890 ns, Reaching safepoint: 53403 ns, At safepoint: 7501 ns, Total: 60904 ns
[578.527s][info ][safepoint      ] Safepoint "Cleanup", Time since last: 1000111779 ns, Reaching safepoint: 55403 ns, At safepoint: 12801 ns, Total: 68204 ns
[581.527s][info ][safepoint      ] Safepoint "Cleanup", Time since last: 3000249966 ns, Reaching safepoint: 48503 ns, At safepoint: 3200 ns, Total: 51703 ns
[582.527s][info ][safepoint      ] Safepoint "Cleanup", Time since last: 1000108034 ns, Reaching safepoint: 49003 ns, At safepoint: 6901 ns, Total: 55904 ns
[583.527s][info ][safepoint      ] Safepoint "Cleanup", Time since last: 1000110223 ns, Reaching safepoint: 57104 ns, At safepoint: 5300 ns, Total: 62404 ns
[585.527s][info ][safepoint      ] Safepoint "Cleanup", Time since last: 2000182812 ns, Reaching safepoint: 56303 ns, At safepoint: 4101 ns, Total: 60404 ns
[586.528s][info ][safepoint      ] Safepoint "Cleanup", Time since last: 1000102990 ns, Reaching safepoint: 107506 ns, At safepoint: 6501 ns, Total: 114007 ns
[587.528s][info ][safepoint      ] Safepoint "Cleanup", Time since last: 1000099279 ns, Reaching safepoint: 144108 ns, At safepoint: 11001 ns, Total: 155109 ns
[588.528s][info ][safepoint      ] Safepoint "Cleanup", Time since last: 1000106068 ns, Reaching safepoint: 44903 ns, At safepoint: 6900 ns, Total: 51803 ns
[589.667s][info ][safepoint      ] Safepoint "Cleanup", Time since last: 1138328313 ns, Reaching safepoint: 119307 ns, At safepoint: 5600 ns, Total: 124907 ns
[590.667s][info ][safepoint      ] Safepoint "Cleanup", Time since last: 1000117446 ns, Reaching safepoint: 48103 ns, At safepoint: 2200 ns, Total: 50303 ns
[591.667s][info ][safepoint      ] Safepoint "Cleanup", Time since last: 1000109334 ns, Reaching safepoint: 44403 ns, At safepoint: 6200 ns, Total: 50603 ns
[593.667s][info ][safepoint      ] Safepoint "Cleanup", Time since last: 2000167633 ns, Reaching safepoint: 62304 ns, At safepoint: 7500 ns, Total: 69804 ns
[594.667s][info ][safepoint      ] Safepoint "Cleanup", Time since last: 1000105402 ns, Reaching safepoint: 76104 ns, At safepoint: 10701 ns, Total: 86805 ns
[595.668s][info ][safepoint      ] Safepoint "Cleanup", Time since last: 1000119391 ns, Reaching safepoint: 57004 ns, At safepoint: 2700 ns, Total: 59704 ns
[598.668s][info ][safepoint      ] Safepoint "Cleanup", Time since last: 3000247803 ns, Reaching safepoint: 52503 ns, At safepoint: 2700 ns, Total: 55203 ns
[600.668s][info ][safepoint      ] Safepoint "Cleanup", Time since last: 2000181983 ns, Reaching safepoint: 51503 ns, At safepoint: 5300 ns, Total: 56803 ns
[601.668s][info ][safepoint      ] Safepoint "Cleanup", Time since last: 1000112327 ns, Reaching safepoint: 51603 ns, At safepoint: 2400 ns, Total: 54003 ns
[602.668s][info ][safepoint      ] Safepoint "Cleanup", Time since last: 1000108416 ns, Reaching safepoint: 49403 ns, At safepoint: 2900 ns, Total: 52303 ns
[605.669s][info ][safepoint      ] Safepoint "Cleanup", Time since last: 3000251379 ns, Reaching safepoint: 81405 ns, At safepoint: 7701 ns, Total: 89106 ns
[607.669s][info ][safepoint      ] Safepoint "Cleanup", Time since last: 2000181434 ns, Reaching safepoint: 58603 ns, At safepoint: 2600 ns, Total: 61203 ns
[610.669s][info ][safepoint      ] Safepoint "Cleanup", Time since last: 3000190717 ns, Reaching safepoint: 56404 ns, At safepoint: 2500 ns, Total: 58904 ns
[612.952s][info ][gc,start       ] GC(116) Pause Young (Allocation Failure)
[612.971s][debug][gc,phases      ] GC(116) Scavenge 19.007ms
[612.971s][debug][gc,ref         ] GC(116) Skipped phase 1 of Reference Processing: no references
[612.971s][debug][gc,ref         ] GC(116) ReferenceProcessor::execute queues: 1, RefProcThreadModel::Single, marks_oops_alive: false
[612.971s][debug][gc,ref         ] GC(116) Skipped phase 3 of Reference Processing: no references
[612.971s][debug][gc,ref         ] GC(116) ReferenceProcessor::execute queues: 1, RefProcThreadModel::Single, marks_oops_alive: false
[612.971s][debug][gc,phases      ] GC(116) Reference Processing 0.139ms
[612.972s][debug][gc,phases      ] GC(116)   VM Weak                        Min:  0.0, Avg:  0.0, Max:  0.0, Diff:  0.0, Sum:  0.0, Workers: 4
[612.972s][debug][gc,phases      ] GC(116)     Dead                           Min: 0, Avg:  0.0, Max: 0, Diff: 0, Sum: 0, Workers: 4
[612.972s][debug][gc,phases      ] GC(116)     Total                          Min: 0, Avg: 178.2, Max: 704, Diff: 704, Sum: 713, Workers: 4
[612.972s][debug][gc,phases      ] GC(116)   ObjectSynchronizer Weak        Min:  0.0, Avg:  0.0, Max:  0.0, Diff:  0.0, Sum:  0.0, Workers: 4
[612.972s][debug][gc,phases      ] GC(116)     Dead                           Min: 0, Avg:  0.0, Max: 0, Diff: 0, Sum: 0, Workers: 4
[612.972s][debug][gc,phases      ] GC(116)     Total                          Min: 0, Avg: 73.0, Max: 164, Diff: 164, Sum: 292, Workers: 4
[612.972s][debug][gc,phases      ] GC(116)   JVMTI Tag Weak OopStorage      Min:  0.0, Avg:  0.0, Max:  0.0, Diff:  0.0, Sum:  0.0, Workers: 4
[612.972s][debug][gc,phases      ] GC(116)     Dead                           Min: 0, Avg:  0.0, Max: 0, Diff: 0, Sum: 0, Workers: 4
[612.972s][debug][gc,phases      ] GC(116)     Total                          Min: 0, Avg:  0.0, Max: 0, Diff: 0, Sum: 0, Workers: 4
[612.972s][debug][gc,phases      ] GC(116)   StringTable Weak               Min:  0.1, Avg:  0.1, Max:  0.1, Diff:  0.0, Sum:  0.5, Workers: 4
[612.972s][debug][gc,phases      ] GC(116)     Dead                           Min: 0, Avg:  1.0, Max: 3, Diff: 3, Sum: 4, Workers: 4
[612.972s][debug][gc,phases      ] GC(116)     Total                          Min: 10368, Avg: 12075.5, Max: 13504, Diff: 3136, Sum: 48302, Workers: 4
[612.972s][debug][gc,phases      ] GC(116)   ResolvedMethodTable Weak       Min:  0.0, Avg:  0.0, Max:  0.0, Diff:  0.0, Sum:  0.1, Workers: 4
[612.972s][debug][gc,phases      ] GC(116)     Dead                           Min: 0, Avg:  4.0, Max: 16, Diff: 16, Sum: 16, Workers: 4
[612.972s][debug][gc,phases      ] GC(116)     Total                          Min: 1788, Avg: 2104.0, Max: 2281, Diff: 493, Sum: 8416, Workers: 4
[612.972s][debug][gc,phases      ] GC(116)   JNI Weak                       Min:  0.0, Avg:  0.0, Max:  0.0, Diff:  0.0, Sum:  0.0, Workers: 4
[612.972s][debug][gc,phases      ] GC(116)     Dead                           Min: 0, Avg:  0.0, Max: 0, Diff: 0, Sum: 0, Workers: 4
[612.972s][debug][gc,phases      ] GC(116)     Total                          Min: 0, Avg:  0.0, Max: 0, Diff: 0, Sum: 0, Workers: 4
[612.972s][debug][gc,phases      ] GC(116)   StringDedup Table Weak         Min:  0.0, Avg:  0.0, Max:  0.0, Diff:  0.0, Sum:  0.0, Workers: 4
[612.972s][debug][gc,phases      ] GC(116)     Dead                           Min: 0, Avg:  0.0, Max: 0, Diff: 0, Sum: 0, Workers: 4
[612.972s][debug][gc,phases      ] GC(116)     Total                          Min: 0, Avg:  0.0, Max: 0, Diff: 0, Sum: 0, Workers: 4
[612.972s][debug][gc,phases      ] GC(116)   StringDedup Requests0 Weak     Min:  0.0, Avg:  0.0, Max:  0.0, Diff:  0.0, Sum:  0.0, Workers: 4
[612.972s][debug][gc,phases      ] GC(116)     Dead                           Min: 0, Avg:  0.0, Max: 0, Diff: 0, Sum: 0, Workers: 4
[612.972s][debug][gc,phases      ] GC(116)     Total                          Min: 0, Avg:  0.0, Max: 0, Diff: 0, Sum: 0, Workers: 4
[612.972s][debug][gc,phases      ] GC(116)   StringDedup Requests1 Weak     Min:  0.0, Avg:  0.0, Max:  0.0, Diff:  0.0, Sum:  0.0, Workers: 4
[612.972s][debug][gc,phases      ] GC(116)     Dead                           Min: 0, Avg:  0.0, Max: 0, Diff: 0, Sum: 0, Workers: 4
[612.972s][debug][gc,phases      ] GC(116)     Total                          Min: 0, Avg:  0.0, Max: 0, Diff: 0, Sum: 0, Workers: 4
[612.972s][debug][gc,phases      ] GC(116)   Weak JFR Old Object Samples    Min:  0.0, Avg:  0.0, Max:  0.0, Diff:  0.0, Sum:  0.0, Workers: 4
[612.972s][debug][gc,phases      ] GC(116)     Dead                           Min: 0, Avg:  0.0, Max: 0, Diff: 0, Sum: 0, Workers: 4
[612.972s][debug][gc,phases      ] GC(116)     Total                          Min: 0, Avg:  0.0, Max: 0, Diff: 0, Sum: 0, Workers: 4
[612.972s][debug][gc,phases      ] GC(116) Weak Processing 0.333ms
[612.972s][debug][gc,age         ] GC(116) Desired survivor size 158334976 bytes, new threshold 15 (max threshold 15)
[612.972s][info ][gc,heap        ] GC(116) PSYoungGen: 1876050K(1933312K)->75761K(1938432K) Eden: 1779712K(1779712K)->0K(1779712K) From: 96338K(153600K)->75761K(158720K)
[612.972s][info ][gc,heap        ] GC(116) ParOldGen: 481750K(542208K)->482630K(542208K)
[612.972s][info ][gc,metaspace   ] GC(116) Metaspace: 83889K(84736K)->83889K(84736K) NonClass: 72147K(72640K)->72147K(72640K) Class: 11741K(12096K)->11741K(12096K)
[612.972s][info ][gc             ] GC(116) Pause Young (Allocation Failure) 2302M->545M(2422M) 19.630ms
[612.972s][info ][gc,cpu         ] GC(116) User=0.08s Sys=0.00s Real=0.02s
[612.972s][info ][safepoint      ] Safepoint "ParallelGCFailedAllocation", Time since last: 2282784340 ns, Reaching safepoint: 49603 ns, At safepoint: 19718787 ns, Total: 19768390 ns
[614.972s][info ][safepoint      ] Safepoint "Cleanup", Time since last: 2000147878 ns, Reaching safepoint: 53104 ns, At safepoint: 2500 ns, Total: 55604 ns
[617.972s][info ][safepoint      ] Safepoint "Cleanup", Time since last: 3000246192 ns, Reaching safepoint: 52903 ns, At safepoint: 9600 ns, Total: 62503 ns
[618.972s][info ][safepoint      ] Safepoint "Cleanup", Time since last: 1000111545 ns, Reaching safepoint: 59504 ns, At safepoint: 10601 ns, Total: 70105 ns
[619.973s][info ][safepoint      ] Safepoint "Cleanup", Time since last: 1000113734 ns, Reaching safepoint: 54204 ns, At safepoint: 2500 ns, Total: 56704 ns
[628.973s][info ][safepoint      ] Safepoint "Cleanup", Time since last: 9000622429 ns, Reaching safepoint: 50803 ns, At safepoint: 3000 ns, Total: 53803 ns
[632.974s][info ][safepoint      ] Safepoint "Cleanup", Time since last: 4000307262 ns, Reaching safepoint: 51204 ns, At safepoint: 7400 ns, Total: 58604 ns
[633.974s][info ][safepoint      ] Safepoint "Cleanup", Time since last: 1000113893 ns, Reaching safepoint: 65904 ns, At safepoint: 5300 ns, Total: 71204 ns
[635.974s][info ][safepoint      ] Safepoint "Cleanup", Time since last: 2000170952 ns, Reaching safepoint: 46003 ns, At safepoint: 7400 ns, Total: 53403 ns
[636.974s][info ][safepoint      ] Safepoint "Cleanup", Time since last: 1000106562 ns, Reaching safepoint: 58504 ns, At safepoint: 4300 ns, Total: 62804 ns
[637.975s][info ][safepoint      ] Safepoint "Cleanup", Time since last: 1000303964 ns, Reaching safepoint: 51803 ns, At safepoint: 5401 ns, Total: 57204 ns
[640.975s][info ][safepoint      ] Safepoint "Cleanup", Time since last: 3000259493 ns, Reaching safepoint: 55304 ns, At safepoint: 2800 ns, Total: 58104 ns
[642.975s][info ][safepoint      ] Safepoint "Cleanup", Time since last: 2000201615 ns, Reaching safepoint: 52903 ns, At safepoint: 8800 ns, Total: 61703 ns
[643.975s][info ][safepoint      ] Safepoint "Cleanup", Time since last: 1000126395 ns, Reaching safepoint: 36202 ns, At safepoint: 3000 ns, Total: 39202 ns
[644.975s][info ][safepoint      ] Safepoint "Cleanup", Time since last: 1000073981 ns, Reaching safepoint: 50803 ns, At safepoint: 9601 ns, Total: 60404 ns
[647.976s][info ][safepoint      ] Safepoint "Cleanup", Time since last: 3000235786 ns, Reaching safepoint: 55703 ns, At safepoint: 8600 ns, Total: 64303 ns
[648.976s][info ][safepoint      ] Safepoint "Cleanup", Time since last: 1000105844 ns, Reaching safepoint: 55904 ns, At safepoint: 9200 ns, Total: 65104 ns
[649.976s][info ][safepoint      ] Safepoint "Cleanup", Time since last: 1000129936 ns, Reaching safepoint: 46703 ns, At safepoint: 2700 ns, Total: 49403 ns
[650.976s][info ][safepoint      ] Safepoint "Cleanup", Time since last: 1000114925 ns, Reaching safepoint: 42803 ns, At safepoint: 4000 ns, Total: 46803 ns
[654.977s][info ][safepoint      ] Safepoint "Cleanup", Time since last: 4000312795 ns, Reaching safepoint: 52203 ns, At safepoint: 2501 ns, Total: 54704 ns
[655.977s][info ][safepoint      ] Safepoint "Cleanup", Time since last: 1000086175 ns, Reaching safepoint: 51003 ns, At safepoint: 2300 ns, Total: 53303 ns
[675.803s][info ][gc,start       ] GC(117) Pause Young (Allocation Failure)
[675.825s][debug][gc,phases      ] GC(117) Scavenge 21.510ms
[675.825s][debug][gc,ref         ] GC(117) Skipped phase 1 of Reference Processing: no references
[675.825s][debug][gc,ref         ] GC(117) ReferenceProcessor::execute queues: 1, RefProcThreadModel::Single, marks_oops_alive: false
[675.825s][debug][gc,ref         ] GC(117) ReferenceProcessor::execute queues: 4, RefProcThreadModel::Multi, marks_oops_alive: true
[675.825s][debug][gc,ref         ] GC(117) ReferenceProcessor::execute queues: 1, RefProcThreadModel::Single, marks_oops_alive: false
[675.825s][debug][gc,phases      ] GC(117) Reference Processing 0.267ms
[675.825s][debug][gc,phases      ] GC(117)   VM Weak                        Min:  0.0, Avg:  0.0, Max:  0.0, Diff:  0.0, Sum:  0.0, Workers: 4
[675.825s][debug][gc,phases      ] GC(117)     Dead                           Min: 0, Avg:  0.0, Max: 0, Diff: 0, Sum: 0, Workers: 4
[675.825s][debug][gc,phases      ] GC(117)     Total                          Min: 0, Avg: 178.2, Max: 512, Diff: 512, Sum: 713, Workers: 4
[675.825s][debug][gc,phases      ] GC(117)   ObjectSynchronizer Weak        Min:  0.0, Avg:  0.0, Max:  0.0, Diff:  0.0, Sum:  0.0, Workers: 4
[675.825s][debug][gc,phases      ] GC(117)     Dead                           Min: 0, Avg:  0.0, Max: 0, Diff: 0, Sum: 0, Workers: 4
[675.825s][debug][gc,phases      ] GC(117)     Total                          Min: 0, Avg: 73.0, Max: 192, Diff: 192, Sum: 292, Workers: 4
[675.825s][debug][gc,phases      ] GC(117)   JVMTI Tag Weak OopStorage      Min:  0.0, Avg:  0.0, Max:  0.0, Diff:  0.0, Sum:  0.0, Workers: 4
[675.825s][debug][gc,phases      ] GC(117)     Dead                           Min: 0, Avg:  0.0, Max: 0, Diff: 0, Sum: 0, Workers: 4
[675.825s][debug][gc,phases      ] GC(117)     Total                          Min: 0, Avg:  0.0, Max: 0, Diff: 0, Sum: 0, Workers: 4
[675.825s][debug][gc,phases      ] GC(117)   StringTable Weak               Min:  0.1, Avg:  0.1, Max:  0.1, Diff:  0.0, Sum:  0.5, Workers: 4
[675.825s][debug][gc,phases      ] GC(117)     Dead                           Min: 0, Avg:  0.0, Max: 0, Diff: 0, Sum: 0, Workers: 4
[675.825s][debug][gc,phases      ] GC(117)     Total                          Min: 11392, Avg: 12081.5, Max: 12736, Diff: 1344, Sum: 48326, Workers: 4
[675.825s][debug][gc,phases      ] GC(117)   ResolvedMethodTable Weak       Min:  0.0, Avg:  0.0, Max:  0.0, Diff:  0.0, Sum:  0.1, Workers: 4
[675.825s][debug][gc,phases      ] GC(117)     Dead                           Min: 0, Avg:  0.0, Max: 0, Diff: 0, Sum: 0, Workers: 4
[675.825s][debug][gc,phases      ] GC(117)     Total                          Min: 1920, Avg: 2106.0, Max: 2304, Diff: 384, Sum: 8424, Workers: 4
[675.825s][debug][gc,phases      ] GC(117)   JNI Weak                       Min:  0.0, Avg:  0.0, Max:  0.0, Diff:  0.0, Sum:  0.0, Workers: 4
[675.825s][debug][gc,phases      ] GC(117)     Dead                           Min: 0, Avg:  0.0, Max: 0, Diff: 0, Sum: 0, Workers: 4
[675.825s][debug][gc,phases      ] GC(117)     Total                          Min: 0, Avg:  0.0, Max: 0, Diff: 0, Sum: 0, Workers: 4
[675.825s][debug][gc,phases      ] GC(117)   StringDedup Table Weak         Min:  0.0, Avg:  0.0, Max:  0.0, Diff:  0.0, Sum:  0.0, Workers: 4
[675.825s][debug][gc,phases      ] GC(117)     Dead                           Min: 0, Avg:  0.0, Max: 0, Diff: 0, Sum: 0, Workers: 4
[675.825s][debug][gc,phases      ] GC(117)     Total                          Min: 0, Avg:  0.0, Max: 0, Diff: 0, Sum: 0, Workers: 4
[675.825s][debug][gc,phases      ] GC(117)   StringDedup Requests0 Weak     Min:  0.0, Avg:  0.0, Max:  0.0, Diff:  0.0, Sum:  0.0, Workers: 4
[675.825s][debug][gc,phases      ] GC(117)     Dead                           Min: 0, Avg:  0.0, Max: 0, Diff: 0, Sum: 0, Workers: 4
[675.825s][debug][gc,phases      ] GC(117)     Total                          Min: 0, Avg:  0.0, Max: 0, Diff: 0, Sum: 0, Workers: 4
[675.825s][debug][gc,phases      ] GC(117)   StringDedup Requests1 Weak     Min:  0.0, Avg:  0.0, Max:  0.0, Diff:  0.0, Sum:  0.0, Workers: 4
[675.825s][debug][gc,phases      ] GC(117)     Dead                           Min: 0, Avg:  0.0, Max: 0, Diff: 0, Sum: 0, Workers: 4
[675.825s][debug][gc,phases      ] GC(117)     Total                          Min: 0, Avg:  0.0, Max: 0, Diff: 0, Sum: 0, Workers: 4
[675.825s][debug][gc,phases      ] GC(117)   Weak JFR Old Object Samples    Min:  0.0, Avg:  0.0, Max:  0.0, Diff:  0.0, Sum:  0.0, Workers: 4
[675.825s][debug][gc,phases      ] GC(117)     Dead                           Min: 0, Avg:  0.0, Max: 0, Diff: 0, Sum: 0, Workers: 4
[675.825s][debug][gc,phases      ] GC(117)     Total                          Min: 0, Avg:  0.0, Max: 0, Diff: 0, Sum: 0, Workers: 4
[675.825s][debug][gc,phases      ] GC(117) Weak Processing 0.355ms
[675.825s][debug][gc,age         ] GC(117) Desired survivor size 153616384 bytes, new threshold 15 (max threshold 15)
[675.825s][info ][gc,heap        ] GC(117) PSYoungGen: 1855473K(1938432K)->74353K(1947136K) Eden: 1779712K(1779712K)->0K(1792512K) From: 75761K(158720K)->74353K(154624K)
[675.825s][info ][gc,heap        ] GC(117) ParOldGen: 482630K(542208K)->483982K(542208K)
[675.825s][info ][gc,metaspace   ] GC(117) Metaspace: 83929K(84800K)->83929K(84800K) NonClass: 72183K(72704K)->72183K(72704K) Class: 11745K(12096K)->11745K(12096K)
[675.825s][info ][gc             ] GC(117) Pause Young (Allocation Failure) 2283M->545M(2431M) 22.283ms
[675.826s][info ][gc,cpu         ] GC(117) User=0.09s Sys=0.00s Real=0.03s
[675.826s][info ][safepoint      ] Safepoint "ParallelGCFailedAllocation", Time since last: 19826297364 ns, Reaching safepoint: 54803 ns, At safepoint: 22378434 ns, Total: 22433237 ns
[676.826s][info ][safepoint      ] Safepoint "Cleanup", Time since last: 1000085079 ns, Reaching safepoint: 51903 ns, At safepoint: 5400 ns, Total: 57303 ns
[680.826s][info ][safepoint      ] Safepoint "Cleanup", Time since last: 4000300322 ns, Reaching safepoint: 44803 ns, At safepoint: 5200 ns, Total: 50003 ns
[683.826s][info ][safepoint      ] Safepoint "Cleanup", Time since last: 3000233572 ns, Reaching safepoint: 54503 ns, At safepoint: 2700 ns, Total: 57203 ns
[685.827s][info ][safepoint      ] Safepoint "Cleanup", Time since last: 2000173803 ns, Reaching safepoint: 49403 ns, At safepoint: 6600 ns, Total: 56003 ns
[686.827s][info ][safepoint      ] Safepoint "Cleanup", Time since last: 1000105189 ns, Reaching safepoint: 45203 ns, At safepoint: 2200 ns, Total: 47403 ns
[688.827s][info ][safepoint      ] Safepoint "Cleanup", Time since last: 2000182850 ns, Reaching safepoint: 44502 ns, At safepoint: 6401 ns, Total: 50903 ns
[691.827s][info ][safepoint      ] Safepoint "Cleanup", Time since last: 3000232454 ns, Reaching safepoint: 47603 ns, At safepoint: 11801 ns, Total: 59404 ns
[696.828s][info ][safepoint      ] Safepoint "Cleanup", Time since last: 5000379878 ns, Reaching safepoint: 50203 ns, At safepoint: 7900 ns, Total: 58103 ns
[698.828s][info ][safepoint      ] Safepoint "Cleanup", Time since last: 2000183171 ns, Reaching safepoint: 41803 ns, At safepoint: 2300 ns, Total: 44103 ns
[709.829s][info ][safepoint      ] Safepoint "Cleanup", Time since last: 11000710696 ns, Reaching safepoint: 52603 ns, At safepoint: 28302 ns, Total: 80905 ns
[715.829s][info ][safepoint      ] Safepoint "Cleanup", Time since last: 6000426922 ns, Reaching safepoint: 46703 ns, At safepoint: 2700 ns, Total: 49403 ns
[724.830s][info ][safepoint      ] Safepoint "Cleanup", Time since last: 9000582305 ns, Reaching safepoint: 47903 ns, At safepoint: 3600 ns, Total: 51503 ns
[730.830s][info ][safepoint      ] Safepoint "Cleanup", Time since last: 6000427461 ns, Reaching safepoint: 37403 ns, At safepoint: 3000 ns, Total: 40403 ns
[732.831s][info ][safepoint      ] Safepoint "Cleanup", Time since last: 2000178289 ns, Reaching safepoint: 50503 ns, At safepoint: 9801 ns, Total: 60304 ns
[734.831s][info ][safepoint      ] Safepoint "Cleanup", Time since last: 2000154255 ns, Reaching safepoint: 38402 ns, At safepoint: 2700 ns, Total: 41102 ns
[740.003s][info ][gc,start       ] GC(118) Pause Young (Allocation Failure)
[740.018s][debug][gc,phases      ] GC(118) Scavenge 15.730ms
[740.019s][debug][gc,ref         ] GC(118) Skipped phase 1 of Reference Processing: no references
[740.019s][debug][gc,ref         ] GC(118) ReferenceProcessor::execute queues: 1, RefProcThreadModel::Single, marks_oops_alive: false
[740.019s][debug][gc,ref         ] GC(118) Skipped phase 3 of Reference Processing: no references
[740.019s][debug][gc,ref         ] GC(118) ReferenceProcessor::execute queues: 1, RefProcThreadModel::Single, marks_oops_alive: false
[740.019s][debug][gc,phases      ] GC(118) Reference Processing 0.168ms
[740.019s][debug][gc,phases      ] GC(118)   VM Weak                        Min:  0.0, Avg:  0.0, Max:  0.0, Diff:  0.0, Sum:  0.0, Workers: 4
[740.019s][debug][gc,phases      ] GC(118)     Dead                           Min: 0, Avg:  0.0, Max: 0, Diff: 0, Sum: 0, Workers: 4
[740.019s][debug][gc,phases      ] GC(118)     Total                          Min: 0, Avg: 178.2, Max: 393, Diff: 393, Sum: 713, Workers: 4
[740.019s][debug][gc,phases      ] GC(118)   ObjectSynchronizer Weak        Min:  0.0, Avg:  0.0, Max:  0.0, Diff:  0.0, Sum:  0.0, Workers: 4
[740.019s][debug][gc,phases      ] GC(118)     Dead                           Min: 0, Avg:  0.0, Max: 0, Diff: 0, Sum: 0, Workers: 4
[740.019s][debug][gc,phases      ] GC(118)     Total                          Min: 0, Avg: 73.0, Max: 192, Diff: 192, Sum: 292, Workers: 4
[740.019s][debug][gc,phases      ] GC(118)   JVMTI Tag Weak OopStorage      Min:  0.0, Avg:  0.0, Max:  0.0, Diff:  0.0, Sum:  0.0, Workers: 4
[740.019s][debug][gc,phases      ] GC(118)     Dead                           Min: 0, Avg:  0.0, Max: 0, Diff: 0, Sum: 0, Workers: 4
[740.019s][debug][gc,phases      ] GC(118)     Total                          Min: 0, Avg:  0.0, Max: 0, Diff: 0, Sum: 0, Workers: 4
[740.019s][debug][gc,phases      ] GC(118)   StringTable Weak               Min:  0.1, Avg:  0.1, Max:  0.1, Diff:  0.0, Sum:  0.5, Workers: 4
[740.019s][debug][gc,phases      ] GC(118)     Dead                           Min: 0, Avg:  0.0, Max: 0, Diff: 0, Sum: 0, Workers: 4
[740.019s][debug][gc,phases      ] GC(118)     Total                          Min: 10591, Avg: 12087.8, Max: 13120, Diff: 2529, Sum: 48351, Workers: 4
[740.019s][debug][gc,phases      ] GC(118)   ResolvedMethodTable Weak       Min:  0.0, Avg:  0.0, Max:  0.0, Diff:  0.0, Sum:  0.1, Workers: 4
[740.019s][debug][gc,phases      ] GC(118)     Dead                           Min: 0, Avg:  0.0, Max: 0, Diff: 0, Sum: 0, Workers: 4
[740.019s][debug][gc,phases      ] GC(118)     Total                          Min: 1961, Avg: 2106.0, Max: 2304, Diff: 343, Sum: 8424, Workers: 4
[740.019s][debug][gc,phases      ] GC(118)   JNI Weak                       Min:  0.0, Avg:  0.0, Max:  0.0, Diff:  0.0, Sum:  0.0, Workers: 4
[740.019s][debug][gc,phases      ] GC(118)     Dead                           Min: 0, Avg:  0.0, Max: 0, Diff: 0, Sum: 0, Workers: 4
[740.019s][debug][gc,phases      ] GC(118)     Total                          Min: 0, Avg:  0.0, Max: 0, Diff: 0, Sum: 0, Workers: 4
[740.019s][debug][gc,phases      ] GC(118)   StringDedup Table Weak         Min:  0.0, Avg:  0.0, Max:  0.0, Diff:  0.0, Sum:  0.0, Workers: 4
[740.019s][debug][gc,phases      ] GC(118)     Dead                           Min: 0, Avg:  0.0, Max: 0, Diff: 0, Sum: 0, Workers: 4
[740.019s][debug][gc,phases      ] GC(118)     Total                          Min: 0, Avg:  0.0, Max: 0, Diff: 0, Sum: 0, Workers: 4
[740.019s][debug][gc,phases      ] GC(118)   StringDedup Requests0 Weak     Min:  0.0, Avg:  0.0, Max:  0.0, Diff:  0.0, Sum:  0.0, Workers: 4
[740.019s][debug][gc,phases      ] GC(118)     Dead                           Min: 0, Avg:  0.0, Max: 0, Diff: 0, Sum: 0, Workers: 4
[740.019s][debug][gc,phases      ] GC(118)     Total                          Min: 0, Avg:  0.0, Max: 0, Diff: 0, Sum: 0, Workers: 4
[740.019s][debug][gc,phases      ] GC(118)   StringDedup Requests1 Weak     Min:  0.0, Avg:  0.0, Max:  0.0, Diff:  0.0, Sum:  0.0, Workers: 4
[740.019s][debug][gc,phases      ] GC(118)     Dead                           Min: 0, Avg:  0.0, Max: 0, Diff: 0, Sum: 0, Workers: 4
[740.019s][debug][gc,phases      ] GC(118)     Total                          Min: 0, Avg:  0.0, Max: 0, Diff: 0, Sum: 0, Workers: 4
[740.019s][debug][gc,phases      ] GC(118)   Weak JFR Old Object Samples    Min:  0.0, Avg:  0.0, Max:  0.0, Diff:  0.0, Sum:  0.0, Workers: 4
[740.019s][debug][gc,phases      ] GC(118)     Dead                           Min: 0, Avg:  0.0, Max: 0, Diff: 0, Sum: 0, Workers: 4
[740.019s][debug][gc,phases      ] GC(118)     Total                          Min: 0, Avg:  0.0, Max: 0, Diff: 0, Sum: 0, Workers: 4
[740.019s][debug][gc,phases      ] GC(118) Weak Processing 0.394ms
[740.019s][debug][gc,age         ] GC(118) Desired survivor size 148373504 bytes, new threshold 15 (max threshold 15)
[740.019s][info ][gc,heap        ] GC(118) PSYoungGen: 1866865K(1947136K)->72720K(1942528K) Eden: 1792512K(1792512K)->0K(1792512K) From: 74353K(154624K)->72720K(150016K)
[740.019s][info ][gc,heap        ] GC(118) ParOldGen: 483982K(542208K)->485550K(542208K)
[740.019s][info ][gc,metaspace   ] GC(118) Metaspace: 83940K(84800K)->83940K(84800K) NonClass: 72195K(72704K)->72195K(72704K) Class: 11745K(12096K)->11745K(12096K)
[740.019s][info ][gc             ] GC(118) Pause Young (Allocation Failure) 2295M->545M(2426M) 16.433ms
[740.019s][info ][gc,cpu         ] GC(118) User=0.07s Sys=0.00s Real=0.02s
[740.019s][info ][safepoint      ] Safepoint "ParallelGCFailedAllocation", Time since last: 5171927469 ns, Reaching safepoint: 31802 ns, At safepoint: 16514275 ns, Total: 16546077 ns
[774.021s][info ][safepoint      ] Safepoint "Cleanup", Time since last: 34002248592 ns, Reaching safepoint: 49103 ns, At safepoint: 3400 ns, Total: 52503 ns
[785.022s][info ][safepoint      ] Safepoint "Cleanup", Time since last: 11000730688 ns, Reaching safepoint: 40102 ns, At safepoint: 2801 ns, Total: 42903 ns
[788.022s][info ][safepoint      ] Safepoint "Cleanup", Time since last: 3000190593 ns, Reaching safepoint: 48403 ns, At safepoint: 5300 ns, Total: 53703 ns
[803.677s][info ][gc,start       ] GC(119) Pause Young (Allocation Failure)
[803.694s][debug][gc,phases      ] GC(119) Scavenge 17.830ms
[803.695s][debug][gc,ref         ] GC(119) Skipped phase 1 of Reference Processing: no references
[803.695s][debug][gc,ref         ] GC(119) ReferenceProcessor::execute queues: 1, RefProcThreadModel::Single, marks_oops_alive: false
[803.695s][debug][gc,ref         ] GC(119) Skipped phase 3 of Reference Processing: no references
[803.695s][debug][gc,ref         ] GC(119) ReferenceProcessor::execute queues: 1, RefProcThreadModel::Single, marks_oops_alive: false
[803.695s][debug][gc,phases      ] GC(119) Reference Processing 0.138ms
[803.695s][debug][gc,phases      ] GC(119)   VM Weak                        Min:  0.0, Avg:  0.0, Max:  0.0, Diff:  0.0, Sum:  0.0, Workers: 4
[803.695s][debug][gc,phases      ] GC(119)     Dead                           Min: 0, Avg:  0.0, Max: 0, Diff: 0, Sum: 0, Workers: 4
[803.695s][debug][gc,phases      ] GC(119)     Total                          Min: 0, Avg: 178.2, Max: 448, Diff: 448, Sum: 713, Workers: 4
[803.695s][debug][gc,phases      ] GC(119)   ObjectSynchronizer Weak        Min:  0.0, Avg:  0.0, Max:  0.0, Diff:  0.0, Sum:  0.0, Workers: 4
[803.695s][debug][gc,phases      ] GC(119)     Dead                           Min: 0, Avg:  0.0, Max: 0, Diff: 0, Sum: 0, Workers: 4
[803.695s][debug][gc,phases      ] GC(119)     Total                          Min: 0, Avg: 73.0, Max: 128, Diff: 128, Sum: 292, Workers: 4
[803.695s][debug][gc,phases      ] GC(119)   JVMTI Tag Weak OopStorage      Min:  0.0, Avg:  0.0, Max:  0.0, Diff:  0.0, Sum:  0.0, Workers: 4
[803.695s][debug][gc,phases      ] GC(119)     Dead                           Min: 0, Avg:  0.0, Max: 0, Diff: 0, Sum: 0, Workers: 4
[803.695s][debug][gc,phases      ] GC(119)     Total                          Min: 0, Avg:  0.0, Max: 0, Diff: 0, Sum: 0, Workers: 4
[803.695s][debug][gc,phases      ] GC(119)   StringTable Weak               Min:  0.1, Avg:  0.1, Max:  0.1, Diff:  0.0, Sum:  0.6, Workers: 4
[803.695s][debug][gc,phases      ] GC(119)     Dead                           Min: 0, Avg:  0.0, Max: 0, Diff: 0, Sum: 0, Workers: 4
[803.695s][debug][gc,phases      ] GC(119)     Total                          Min: 11456, Avg: 12087.8, Max: 12575, Diff: 1119, Sum: 48351, Workers: 4
[803.695s][debug][gc,phases      ] GC(119)   ResolvedMethodTable Weak       Min:  0.0, Avg:  0.0, Max:  0.0, Diff:  0.0, Sum:  0.1, Workers: 4
[803.695s][debug][gc,phases      ] GC(119)     Dead                           Min: 0, Avg:  0.0, Max: 0, Diff: 0, Sum: 0, Workers: 4
[803.695s][debug][gc,phases      ] GC(119)     Total                          Min: 1919, Avg: 2106.0, Max: 2496, Diff: 577, Sum: 8424, Workers: 4
[803.695s][debug][gc,phases      ] GC(119)   JNI Weak                       Min:  0.0, Avg:  0.0, Max:  0.0, Diff:  0.0, Sum:  0.0, Workers: 4
[803.695s][debug][gc,phases      ] GC(119)     Dead                           Min: 0, Avg:  0.0, Max: 0, Diff: 0, Sum: 0, Workers: 4
[803.695s][debug][gc,phases      ] GC(119)     Total                          Min: 0, Avg:  0.0, Max: 0, Diff: 0, Sum: 0, Workers: 4
[803.695s][debug][gc,phases      ] GC(119)   StringDedup Table Weak         Min:  0.0, Avg:  0.0, Max:  0.0, Diff:  0.0, Sum:  0.0, Workers: 4
[803.695s][debug][gc,phases      ] GC(119)     Dead                           Min: 0, Avg:  0.0, Max: 0, Diff: 0, Sum: 0, Workers: 4
[803.695s][debug][gc,phases      ] GC(119)     Total                          Min: 0, Avg:  0.0, Max: 0, Diff: 0, Sum: 0, Workers: 4
[803.695s][debug][gc,phases      ] GC(119)   StringDedup Requests0 Weak     Min:  0.0, Avg:  0.0, Max:  0.0, Diff:  0.0, Sum:  0.0, Workers: 4
[803.695s][debug][gc,phases      ] GC(119)     Dead                           Min: 0, Avg:  0.0, Max: 0, Diff: 0, Sum: 0, Workers: 4
[803.695s][debug][gc,phases      ] GC(119)     Total                          Min: 0, Avg:  0.0, Max: 0, Diff: 0, Sum: 0, Workers: 4
[803.695s][debug][gc,phases      ] GC(119)   StringDedup Requests1 Weak     Min:  0.0, Avg:  0.0, Max:  0.0, Diff:  0.0, Sum:  0.0, Workers: 4
[803.695s][debug][gc,phases      ] GC(119)     Dead                           Min: 0, Avg:  0.0, Max: 0, Diff: 0, Sum: 0, Workers: 4
[803.695s][debug][gc,phases      ] GC(119)     Total                          Min: 0, Avg:  0.0, Max: 0, Diff: 0, Sum: 0, Workers: 4
[803.695s][debug][gc,phases      ] GC(119)   Weak JFR Old Object Samples    Min:  0.0, Avg:  0.0, Max:  0.0, Diff:  0.0, Sum:  0.0, Workers: 4
[803.695s][debug][gc,phases      ] GC(119)     Dead                           Min: 0, Avg:  0.0, Max: 0, Diff: 0, Sum: 0, Workers: 4
[803.695s][debug][gc,phases      ] GC(119)     Total                          Min: 0, Avg:  0.0, Max: 0, Diff: 0, Sum: 0, Workers: 4
[803.695s][debug][gc,phases      ] GC(119) Weak Processing 0.392ms
[803.695s][debug][gc,age         ] GC(119) Desired survivor size 143130624 bytes, new threshold 15 (max threshold 15)
[803.695s][info ][gc,heap        ] GC(119) PSYoungGen: 1865232K(1942528K)->72240K(1957376K) Eden: 1792512K(1792512K)->0K(1812480K) From: 72720K(150016K)->72240K(144896K)
[803.695s][info ][gc,heap        ] GC(119) ParOldGen: 485550K(542208K)->486038K(542208K)
[803.695s][info ][gc,metaspace   ] GC(119) Metaspace: 83945K(84800K)->83945K(84800K) NonClass: 72199K(72704K)->72199K(72704K) Class: 11745K(12096K)->11745K(12096K)
[803.695s][info ][gc             ] GC(119) Pause Young (Allocation Failure) 2295M->545M(2441M) 18.712ms
[803.695s][info ][gc,cpu         ] GC(119) User=0.07s Sys=0.00s Real=0.02s
[803.695s][info ][safepoint      ] Safepoint "ParallelGCFailedAllocation", Time since last: 15654014905 ns, Reaching safepoint: 36002 ns, At safepoint: 18816901 ns, Total: 18852903 ns
[804.696s][info ][safepoint      ] Safepoint "Cleanup", Time since last: 1000100438 ns, Reaching safepoint: 54903 ns, At safepoint: 2900 ns, Total: 57803 ns
[805.696s][info ][safepoint      ] Safepoint "Cleanup", Time since last: 1000085930 ns, Reaching safepoint: 43902 ns, At safepoint: 2900 ns, Total: 46802 ns
[809.696s][info ][safepoint      ] Safepoint "Cleanup", Time since last: 4000326346 ns, Reaching safepoint: 60504 ns, At safepoint: 3000 ns, Total: 63504 ns
[812.696s][info ][safepoint      ] Safepoint "Cleanup", Time since last: 3000249660 ns, Reaching safepoint: 66204 ns, At safepoint: 10201 ns, Total: 76405 ns
[814.697s][info ][safepoint      ] Safepoint "Cleanup", Time since last: 2000184539 ns, Reaching safepoint: 43603 ns, At safepoint: 2700 ns, Total: 46303 ns
[816.697s][info ][safepoint      ] Safepoint "Cleanup", Time since last: 2000240814 ns, Reaching safepoint: 52103 ns, At safepoint: 2400 ns, Total: 54503 ns
[817.697s][info ][safepoint      ] Safepoint "Cleanup", Time since last: 1000128247 ns, Reaching safepoint: 59904 ns, At safepoint: 3700 ns, Total: 63604 ns
[819.697s][info ][safepoint      ] Safepoint "Cleanup", Time since last: 2000179769 ns, Reaching safepoint: 67104 ns, At safepoint: 5600 ns, Total: 72704 ns
[824.698s][info ][safepoint      ] Safepoint "Cleanup", Time since last: 5000388147 ns, Reaching safepoint: 137908 ns, At safepoint: 11401 ns, Total: 149309 ns
[825.698s][info ][safepoint      ] Safepoint "Cleanup", Time since last: 1000113491 ns, Reaching safepoint: 81804 ns, At safepoint: 4801 ns, Total: 86605 ns
[826.698s][info ][safepoint      ] Safepoint "Cleanup", Time since last: 1000118484 ns, Reaching safepoint: 64103 ns, At safepoint: 7801 ns, Total: 71904 ns
[827.698s][info ][safepoint      ] Safepoint "Cleanup", Time since last: 1000109677 ns, Reaching safepoint: 59003 ns, At safepoint: 5500 ns, Total: 64503 ns
[828.699s][info ][safepoint      ] Safepoint "Cleanup", Time since last: 1000116371 ns, Reaching safepoint: 59003 ns, At safepoint: 12401 ns, Total: 71404 ns
[829.699s][info ][safepoint      ] Safepoint "Cleanup", Time since last: 1000123764 ns, Reaching safepoint: 70004 ns, At safepoint: 7600 ns, Total: 77604 ns
[852.700s][info ][safepoint      ] Safepoint "Cleanup", Time since last: 23001558137 ns, Reaching safepoint: 59204 ns, At safepoint: 9700 ns, Total: 68904 ns
[854.701s][info ][safepoint      ] Safepoint "Cleanup", Time since last: 2000179597 ns, Reaching safepoint: 49303 ns, At safepoint: 2600 ns, Total: 51903 ns
[857.701s][info ][safepoint      ] Safepoint "Cleanup", Time since last: 3000258646 ns, Reaching safepoint: 57503 ns, At safepoint: 8501 ns, Total: 66004 ns
[859.713s][info ][safepoint      ] Safepoint "Cleanup", Time since last: 2012126927 ns, Reaching safepoint: 102806 ns, At safepoint: 6800 ns, Total: 109606 ns
[863.267s][info ][safepoint      ] Safepoint "Cleanup", Time since last: 3553929435 ns, Reaching safepoint: 52303 ns, At safepoint: 32702 ns, Total: 85005 ns
[866.268s][info ][safepoint      ] Safepoint "Cleanup", Time since last: 3000242280 ns, Reaching safepoint: 45802 ns, At safepoint: 2701 ns, Total: 48503 ns
[867.764s][info ][gc,start       ] GC(120) Pause Young (Allocation Failure)
[867.782s][debug][gc,phases      ] GC(120) Scavenge 17.985ms
[867.782s][debug][gc,ref         ] GC(120) Skipped phase 1 of Reference Processing: no references
[867.782s][debug][gc,ref         ] GC(120) ReferenceProcessor::execute queues: 1, RefProcThreadModel::Single, marks_oops_alive: false
[867.782s][debug][gc,ref         ] GC(120) Skipped phase 3 of Reference Processing: no references
[867.782s][debug][gc,ref         ] GC(120) ReferenceProcessor::execute queues: 1, RefProcThreadModel::Single, marks_oops_alive: false
[867.782s][debug][gc,phases      ] GC(120) Reference Processing 0.161ms
[867.782s][debug][gc,phases      ] GC(120)   VM Weak                        Min:  0.0, Avg:  0.0, Max:  0.0, Diff:  0.0, Sum:  0.0, Workers: 4
[867.782s][debug][gc,phases      ] GC(120)     Dead                           Min: 0, Avg:  0.0, Max: 0, Diff: 0, Sum: 0, Workers: 4
[867.782s][debug][gc,phases      ] GC(120)     Total                          Min: 9, Avg: 178.2, Max: 384, Diff: 375, Sum: 713, Workers: 4
[867.782s][debug][gc,phases      ] GC(120)   ObjectSynchronizer Weak        Min:  0.0, Avg:  0.0, Max:  0.0, Diff:  0.0, Sum:  0.0, Workers: 4
[867.782s][debug][gc,phases      ] GC(120)     Dead                           Min: 0, Avg:  0.0, Max: 0, Diff: 0, Sum: 0, Workers: 4
[867.782s][debug][gc,phases      ] GC(120)     Total                          Min: 0, Avg: 73.0, Max: 128, Diff: 128, Sum: 292, Workers: 4
[867.782s][debug][gc,phases      ] GC(120)   JVMTI Tag Weak OopStorage      Min:  0.0, Avg:  0.0, Max:  0.0, Diff:  0.0, Sum:  0.0, Workers: 4
[867.782s][debug][gc,phases      ] GC(120)     Dead                           Min: 0, Avg:  0.0, Max: 0, Diff: 0, Sum: 0, Workers: 4
[867.782s][debug][gc,phases      ] GC(120)     Total                          Min: 0, Avg:  0.0, Max: 0, Diff: 0, Sum: 0, Workers: 4
[867.782s][debug][gc,phases      ] GC(120)   StringTable Weak               Min:  0.1, Avg:  0.1, Max:  0.1, Diff:  0.0, Sum:  0.5, Workers: 4
[867.782s][debug][gc,phases      ] GC(120)     Dead                           Min: 0, Avg:  0.0, Max: 0, Diff: 0, Sum: 0, Workers: 4
[867.782s][debug][gc,phases      ] GC(120)     Total                          Min: 10176, Avg: 12098.8, Max: 13376, Diff: 3200, Sum: 48395, Workers: 4
[867.782s][debug][gc,phases      ] GC(120)   ResolvedMethodTable Weak       Min:  0.0, Avg:  0.0, Max:  0.0, Diff:  0.0, Sum:  0.1, Workers: 4
[867.782s][debug][gc,phases      ] GC(120)     Dead                           Min: 0, Avg:  0.0, Max: 0, Diff: 0, Sum: 0, Workers: 4
[867.782s][debug][gc,phases      ] GC(120)     Total                          Min: 1596, Avg: 2111.0, Max: 2368, Diff: 772, Sum: 8444, Workers: 4
[867.782s][debug][gc,phases      ] GC(120)   JNI Weak                       Min:  0.0, Avg:  0.0, Max:  0.0, Diff:  0.0, Sum:  0.0, Workers: 4
[867.782s][debug][gc,phases      ] GC(120)     Dead                           Min: 0, Avg:  0.0, Max: 0, Diff: 0, Sum: 0, Workers: 4
[867.782s][debug][gc,phases      ] GC(120)     Total                          Min: 0, Avg:  0.0, Max: 0, Diff: 0, Sum: 0, Workers: 4
[867.782s][debug][gc,phases      ] GC(120)   StringDedup Table Weak         Min:  0.0, Avg:  0.0, Max:  0.0, Diff:  0.0, Sum:  0.0, Workers: 4
[867.782s][debug][gc,phases      ] GC(120)     Dead                           Min: 0, Avg:  0.0, Max: 0, Diff: 0, Sum: 0, Workers: 4
[867.782s][debug][gc,phases      ] GC(120)     Total                          Min: 0, Avg:  0.0, Max: 0, Diff: 0, Sum: 0, Workers: 4
[867.782s][debug][gc,phases      ] GC(120)   StringDedup Requests0 Weak     Min:  0.0, Avg:  0.0, Max:  0.0, Diff:  0.0, Sum:  0.0, Workers: 4
[867.782s][debug][gc,phases      ] GC(120)     Dead                           Min: 0, Avg:  0.0, Max: 0, Diff: 0, Sum: 0, Workers: 4
[867.782s][debug][gc,phases      ] GC(120)     Total                          Min: 0, Avg:  0.0, Max: 0, Diff: 0, Sum: 0, Workers: 4
[867.782s][debug][gc,phases      ] GC(120)   StringDedup Requests1 Weak     Min:  0.0, Avg:  0.0, Max:  0.0, Diff:  0.0, Sum:  0.0, Workers: 4
[867.782s][debug][gc,phases      ] GC(120)     Dead                           Min: 0, Avg:  0.0, Max: 0, Diff: 0, Sum: 0, Workers: 4
[867.782s][debug][gc,phases      ] GC(120)     Total                          Min: 0, Avg:  0.0, Max: 0, Diff: 0, Sum: 0, Workers: 4
[867.782s][debug][gc,phases      ] GC(120)   Weak JFR Old Object Samples    Min:  0.0, Avg:  0.0, Max:  0.0, Diff:  0.0, Sum:  0.0, Workers: 4
[867.782s][debug][gc,phases      ] GC(120)     Dead                           Min: 0, Avg:  0.0, Max: 0, Diff: 0, Sum: 0, Workers: 4
[867.782s][debug][gc,phases      ] GC(120)     Total                          Min: 0, Avg:  0.0, Max: 0, Diff: 0, Sum: 0, Workers: 4
[867.782s][debug][gc,phases      ] GC(120) Weak Processing 0.345ms
[867.782s][debug][gc,age         ] GC(120) Desired survivor size 138412032 bytes, new threshold 15 (max threshold 15)
[867.782s][info ][gc,heap        ] GC(120) PSYoungGen: 1884720K(1957376K)->72144K(1952256K) Eden: 1812480K(1812480K)->0K(1812480K) From: 72240K(144896K)->72144K(139776K)
[867.782s][info ][gc,heap        ] GC(120) ParOldGen: 486038K(542208K)->486470K(542208K)
[867.782s][info ][gc,metaspace   ] GC(120) Metaspace: 84091K(84992K)->84091K(84992K) NonClass: 72327K(72832K)->72327K(72832K) Class: 11763K(12160K)->11763K(12160K)
[867.782s][info ][gc             ] GC(120) Pause Young (Allocation Failure) 2315M->545M(2436M) 18.644ms
[867.782s][info ][gc,cpu         ] GC(120) User=0.07s Sys=0.00s Real=0.02s
[867.782s][info ][safepoint      ] Safepoint "ParallelGCFailedAllocation", Time since last: 1496062132 ns, Reaching safepoint: 53003 ns, At safepoint: 18738989 ns, Total: 18791992 ns
[868.783s][info ][safepoint      ] Safepoint "Cleanup", Time since last: 1000085405 ns, Reaching safepoint: 43802 ns, At safepoint: 2300 ns, Total: 46102 ns
[869.783s][info ][safepoint      ] Safepoint "Cleanup", Time since last: 1000117100 ns, Reaching safepoint: 61304 ns, At safepoint: 10001 ns, Total: 71305 ns
[872.783s][info ][safepoint      ] Safepoint "Cleanup", Time since last: 3000217254 ns, Reaching safepoint: 58103 ns, At safepoint: 5201 ns, Total: 63304 ns
[875.783s][info ][safepoint      ] Safepoint "Cleanup", Time since last: 3000258100 ns, Reaching safepoint: 55103 ns, At safepoint: 3000 ns, Total: 58103 ns
[877.784s][info ][safepoint      ] Safepoint "Cleanup", Time since last: 2000182503 ns, Reaching safepoint: 72305 ns, At safepoint: 6200 ns, Total: 78505 ns
[882.784s][info ][safepoint      ] Safepoint "Cleanup", Time since last: 5000378344 ns, Reaching safepoint: 49203 ns, At safepoint: 3601 ns, Total: 52804 ns
[884.571s][info ][safepoint      ] Safepoint "Cleanup", Time since last: 1786602729 ns, Reaching safepoint: 63504 ns, At safepoint: 7200 ns, Total: 70704 ns
[885.571s][info ][safepoint      ] Safepoint "Cleanup", Time since last: 1000119602 ns, Reaching safepoint: 45803 ns, At safepoint: 2400 ns, Total: 48203 ns
[891.571s][info ][safepoint      ] Safepoint "Cleanup", Time since last: 6000303860 ns, Reaching safepoint: 79704 ns, At safepoint: 5401 ns, Total: 85105 ns
[894.572s][info ][safepoint      ] Safepoint "Cleanup", Time since last: 3000246953 ns, Reaching safepoint: 59104 ns, At safepoint: 2500 ns, Total: 61604 ns
[895.572s][info ][safepoint      ] Safepoint "Cleanup", Time since last: 1000114041 ns, Reaching safepoint: 125407 ns, At safepoint: 8601 ns, Total: 134008 ns
[896.572s][info ][safepoint      ] Safepoint "Cleanup", Time since last: 1000107034 ns, Reaching safepoint: 57703 ns, At safepoint: 6801 ns, Total: 64504 ns
[897.572s][info ][safepoint      ] Safepoint "Cleanup", Time since last: 1000107628 ns, Reaching safepoint: 60104 ns, At safepoint: 3000 ns, Total: 63104 ns
[900.572s][info ][safepoint      ] Safepoint "Cleanup", Time since last: 3000213344 ns, Reaching safepoint: 49003 ns, At safepoint: 5500 ns, Total: 54503 ns
[901.573s][info ][safepoint      ] Safepoint "Cleanup", Time since last: 1000115305 ns, Reaching safepoint: 47603 ns, At safepoint: 2900 ns, Total: 50503 ns
[903.573s][info ][safepoint      ] Safepoint "Cleanup", Time since last: 2000184490 ns, Reaching safepoint: 120707 ns, At safepoint: 13201 ns, Total: 133908 ns
[905.573s][info ][safepoint      ] Safepoint "Cleanup", Time since last: 2000176866 ns, Reaching safepoint: 53503 ns, At safepoint: 8700 ns, Total: 62203 ns
[907.573s][info ][safepoint      ] Safepoint "Cleanup", Time since last: 2000183443 ns, Reaching safepoint: 55503 ns, At safepoint: 5200 ns, Total: 60703 ns
[908.574s][info ][safepoint      ] Safepoint "Cleanup", Time since last: 1000107264 ns, Reaching safepoint: 54203 ns, At safepoint: 5400 ns, Total: 59603 ns
[909.574s][info ][safepoint      ] Safepoint "Cleanup", Time since last: 1000131359 ns, Reaching safepoint: 52803 ns, At safepoint: 4901 ns, Total: 57704 ns
[910.574s][info ][safepoint      ] Safepoint "Cleanup", Time since last: 1000112552 ns, Reaching safepoint: 50603 ns, At safepoint: 8200 ns, Total: 58803 ns
[912.574s][info ][safepoint      ] Safepoint "Cleanup", Time since last: 2000197785 ns, Reaching safepoint: 67604 ns, At safepoint: 11901 ns, Total: 79505 ns
[913.574s][info ][safepoint      ] Safepoint "Cleanup", Time since last: 1000116335 ns, Reaching safepoint: 89905 ns, At safepoint: 11200 ns, Total: 101105 ns
[914.575s][info ][safepoint      ] Safepoint "Cleanup", Time since last: 1000116230 ns, Reaching safepoint: 59703 ns, At safepoint: 8900 ns, Total: 68603 ns
[917.575s][info ][safepoint      ] Safepoint "Cleanup", Time since last: 3000237546 ns, Reaching safepoint: 76505 ns, At safepoint: 6100 ns, Total: 82605 ns
[917.835s][info ][gc,start       ] GC(121) Pause Young (Allocation Failure)
[917.854s][debug][gc,phases      ] GC(121) Scavenge 18.563ms
[917.854s][debug][gc,ref         ] GC(121) Skipped phase 1 of Reference Processing: no references
[917.854s][debug][gc,ref         ] GC(121) ReferenceProcessor::execute queues: 1, RefProcThreadModel::Single, marks_oops_alive: false
[917.854s][debug][gc,ref         ] GC(121) Skipped phase 3 of Reference Processing: no references
[917.854s][debug][gc,ref         ] GC(121) ReferenceProcessor::execute queues: 1, RefProcThreadModel::Single, marks_oops_alive: false
[917.854s][debug][gc,phases      ] GC(121) Reference Processing 0.121ms
[917.854s][debug][gc,phases      ] GC(121)   VM Weak                        Min:  0.0, Avg:  0.0, Max:  0.0, Diff:  0.0, Sum:  0.0, Workers: 4
[917.854s][debug][gc,phases      ] GC(121)     Dead                           Min: 0, Avg:  0.0, Max: 0, Diff: 0, Sum: 0, Workers: 4
[917.854s][debug][gc,phases      ] GC(121)     Total                          Min: 0, Avg: 179.2, Max: 717, Diff: 717, Sum: 717, Workers: 4
[917.854s][debug][gc,phases      ] GC(121)   ObjectSynchronizer Weak        Min:  0.0, Avg:  0.0, Max:  0.0, Diff:  0.0, Sum:  0.0, Workers: 4
[917.854s][debug][gc,phases      ] GC(121)     Dead                           Min: 0, Avg:  0.0, Max: 0, Diff: 0, Sum: 0, Workers: 4
[917.854s][debug][gc,phases      ] GC(121)     Total                          Min: 0, Avg: 73.0, Max: 164, Diff: 164, Sum: 292, Workers: 4
[917.854s][debug][gc,phases      ] GC(121)   JVMTI Tag Weak OopStorage      Min:  0.0, Avg:  0.0, Max:  0.0, Diff:  0.0, Sum:  0.0, Workers: 4
[917.854s][debug][gc,phases      ] GC(121)     Dead                           Min: 0, Avg:  0.0, Max: 0, Diff: 0, Sum: 0, Workers: 4
[917.854s][debug][gc,phases      ] GC(121)     Total                          Min: 0, Avg:  0.0, Max: 0, Diff: 0, Sum: 0, Workers: 4
[917.854s][debug][gc,phases      ] GC(121)   StringTable Weak               Min:  0.1, Avg:  0.1, Max:  0.1, Diff:  0.0, Sum:  0.5, Workers: 4
[917.854s][debug][gc,phases      ] GC(121)     Dead                           Min: 0, Avg:  0.0, Max: 0, Diff: 0, Sum: 0, Workers: 4
[917.854s][debug][gc,phases      ] GC(121)     Total                          Min: 11220, Avg: 12101.0, Max: 12736, Diff: 1516, Sum: 48404, Workers: 4
[917.854s][debug][gc,phases      ] GC(121)   ResolvedMethodTable Weak       Min:  0.0, Avg:  0.0, Max:  0.0, Diff:  0.0, Sum:  0.1, Workers: 4
[917.854s][debug][gc,phases      ] GC(121)     Dead                           Min: 0, Avg:  0.0, Max: 0, Diff: 0, Sum: 0, Workers: 4
[917.854s][debug][gc,phases      ] GC(121)     Total                          Min: 1920, Avg: 2114.8, Max: 2496, Diff: 576, Sum: 8459, Workers: 4
[917.854s][debug][gc,phases      ] GC(121)   JNI Weak                       Min:  0.0, Avg:  0.0, Max:  0.0, Diff:  0.0, Sum:  0.0, Workers: 4
[917.854s][debug][gc,phases      ] GC(121)     Dead                           Min: 0, Avg:  0.0, Max: 0, Diff: 0, Sum: 0, Workers: 4
[917.854s][debug][gc,phases      ] GC(121)     Total                          Min: 0, Avg:  0.0, Max: 0, Diff: 0, Sum: 0, Workers: 4
[917.854s][debug][gc,phases      ] GC(121)   StringDedup Table Weak         Min:  0.0, Avg:  0.0, Max:  0.0, Diff:  0.0, Sum:  0.0, Workers: 4
[917.854s][debug][gc,phases      ] GC(121)     Dead                           Min: 0, Avg:  0.0, Max: 0, Diff: 0, Sum: 0, Workers: 4
[917.854s][debug][gc,phases      ] GC(121)     Total                          Min: 0, Avg:  0.0, Max: 0, Diff: 0, Sum: 0, Workers: 4
[917.854s][debug][gc,phases      ] GC(121)   StringDedup Requests0 Weak     Min:  0.0, Avg:  0.0, Max:  0.0, Diff:  0.0, Sum:  0.0, Workers: 4
[917.854s][debug][gc,phases      ] GC(121)     Dead                           Min: 0, Avg:  0.0, Max: 0, Diff: 0, Sum: 0, Workers: 4
[917.854s][debug][gc,phases      ] GC(121)     Total                          Min: 0, Avg:  0.0, Max: 0, Diff: 0, Sum: 0, Workers: 4
[917.854s][debug][gc,phases      ] GC(121)   StringDedup Requests1 Weak     Min:  0.0, Avg:  0.0, Max:  0.0, Diff:  0.0, Sum:  0.0, Workers: 4
[917.854s][debug][gc,phases      ] GC(121)     Dead                           Min: 0, Avg:  0.0, Max: 0, Diff: 0, Sum: 0, Workers: 4
[917.854s][debug][gc,phases      ] GC(121)     Total                          Min: 0, Avg:  0.0, Max: 0, Diff: 0, Sum: 0, Workers: 4
[917.854s][debug][gc,phases      ] GC(121)   Weak JFR Old Object Samples    Min:  0.0, Avg:  0.0, Max:  0.0, Diff:  0.0, Sum:  0.0, Workers: 4
[917.854s][debug][gc,phases      ] GC(121)     Dead                           Min: 0, Avg:  0.0, Max: 0, Diff: 0, Sum: 0, Workers: 4
[917.854s][debug][gc,phases      ] GC(121)     Total                          Min: 0, Avg:  0.0, Max: 0, Diff: 0, Sum: 0, Workers: 4
[917.854s][debug][gc,phases      ] GC(121) Weak Processing 0.330ms
[917.854s][debug][gc,age         ] GC(121) Desired survivor size 133693440 bytes, new threshold 15 (max threshold 15)
[917.854s][info ][gc,heap        ] GC(121) PSYoungGen: 1884624K(1952256K)->72705K(1966592K) Eden: 1812480K(1812480K)->0K(1831424K) From: 72144K(139776K)->72705K(135168K)
[917.854s][info ][gc,heap        ] GC(121) ParOldGen: 486470K(542208K)->487318K(542208K)
[917.854s][info ][gc,metaspace   ] GC(121) Metaspace: 84203K(85120K)->84203K(85120K) NonClass: 72432K(72960K)->72432K(72960K) Class: 11771K(12160K)->11771K(12160K)
[917.854s][info ][gc             ] GC(121) Pause Young (Allocation Failure) 2315M->546M(2450M) 19.149ms
[917.854s][info ][gc,cpu         ] GC(121) User=0.08s Sys=0.00s Real=0.02s
[917.854s][info ][safepoint      ] Safepoint "ParallelGCFailedAllocation", Time since last: 260105534 ns, Reaching safepoint: 36502 ns, At safepoint: 19228212 ns, Total: 19264714 ns
[918.854s][info ][safepoint      ] Safepoint "Cleanup", Time since last: 1000084402 ns, Reaching safepoint: 111407 ns, At safepoint: 5100 ns, Total: 116507 ns
[920.855s][info ][safepoint      ] Safepoint "Cleanup", Time since last: 2000182489 ns, Reaching safepoint: 106906 ns, At safepoint: 9700 ns, Total: 116606 ns
[921.855s][info ][safepoint      ] Safepoint "Cleanup", Time since last: 1000116488 ns, Reaching safepoint: 130507 ns, At safepoint: 15601 ns, Total: 146108 ns
[924.855s][info ][safepoint      ] Safepoint "Cleanup", Time since last: 3000267823 ns, Reaching safepoint: 134208 ns, At safepoint: 39302 ns, Total: 173510 ns
[925.856s][info ][safepoint      ] Safepoint "Cleanup", Time since last: 1000105164 ns, Reaching safepoint: 111106 ns, At safepoint: 5300 ns, Total: 116406 ns
[926.856s][info ][safepoint      ] Safepoint "Cleanup", Time since last: 1000078857 ns, Reaching safepoint: 122107 ns, At safepoint: 10801 ns, Total: 132908 ns
[927.856s][info ][safepoint      ] Safepoint "Cleanup", Time since last: 1000106452 ns, Reaching safepoint: 123407 ns, At safepoint: 6101 ns, Total: 129508 ns
[929.856s][info ][safepoint      ] Safepoint "Cleanup", Time since last: 2000176686 ns, Reaching safepoint: 116707 ns, At safepoint: 6400 ns, Total: 123107 ns
[931.857s][info ][safepoint      ] Safepoint "Cleanup", Time since last: 2000176364 ns, Reaching safepoint: 65403 ns, At safepoint: 12601 ns, Total: 78004 ns
[932.857s][info ][safepoint      ] Safepoint "Cleanup", Time since last: 1000112425 ns, Reaching safepoint: 120407 ns, At safepoint: 10200 ns, Total: 130607 ns
[933.857s][info ][safepoint      ] Safepoint "Cleanup", Time since last: 1000147222 ns, Reaching safepoint: 116806 ns, At safepoint: 7101 ns, Total: 123907 ns
[934.857s][info ][safepoint      ] Safepoint "Cleanup", Time since last: 1000111813 ns, Reaching safepoint: 138809 ns, At safepoint: 5900 ns, Total: 144709 ns
[954.859s][info ][safepoint      ] Safepoint "Cleanup", Time since last: 20001407072 ns, Reaching safepoint: 49403 ns, At safepoint: 3900 ns, Total: 53303 ns
[959.859s][info ][safepoint      ] Safepoint "Cleanup", Time since last: 5000414435 ns, Reaching safepoint: 44402 ns, At safepoint: 2600 ns, Total: 47002 ns
[967.860s][info ][safepoint      ] Safepoint "Cleanup", Time since last: 8000607917 ns, Reaching safepoint: 78705 ns, At safepoint: 7000 ns, Total: 85705 ns
[968.860s][info ][safepoint      ] Safepoint "Cleanup", Time since last: 1000113631 ns, Reaching safepoint: 47403 ns, At safepoint: 5000 ns, Total: 52403 ns
[969.860s][info ][safepoint      ] Safepoint "Cleanup", Time since last: 1000108525 ns, Reaching safepoint: 49403 ns, At safepoint: 13601 ns, Total: 63004 ns
[972.861s][info ][safepoint      ] Safepoint "Cleanup", Time since last: 3000212738 ns, Reaching safepoint: 55803 ns, At safepoint: 2601 ns, Total: 58404 ns
[976.915s][info ][gc,start       ] GC(122) Pause Young (Allocation Failure)
[976.935s][debug][gc,phases      ] GC(122) Scavenge 19.130ms
[976.935s][debug][gc,ref         ] GC(122) Skipped phase 1 of Reference Processing: no references
[976.935s][debug][gc,ref         ] GC(122) ReferenceProcessor::execute queues: 1, RefProcThreadModel::Single, marks_oops_alive: false
[976.935s][debug][gc,ref         ] GC(122) Skipped phase 3 of Reference Processing: no references
[976.935s][debug][gc,ref         ] GC(122) ReferenceProcessor::execute queues: 1, RefProcThreadModel::Single, marks_oops_alive: false
[976.935s][debug][gc,phases      ] GC(122) Reference Processing 0.118ms
[976.935s][debug][gc,phases      ] GC(122)   VM Weak                        Min:  0.0, Avg:  0.0, Max:  0.0, Diff:  0.0, Sum:  0.0, Workers: 4
[976.935s][debug][gc,phases      ] GC(122)     Dead                           Min: 0, Avg:  0.0, Max: 0, Diff: 0, Sum: 0, Workers: 4
[976.935s][debug][gc,phases      ] GC(122)     Total                          Min: 0, Avg: 179.5, Max: 462, Diff: 462, Sum: 718, Workers: 4
[976.935s][debug][gc,phases      ] GC(122)   ObjectSynchronizer Weak        Min:  0.0, Avg:  0.0, Max:  0.0, Diff:  0.0, Sum:  0.0, Workers: 4
[976.935s][debug][gc,phases      ] GC(122)     Dead                           Min: 0, Avg:  0.0, Max: 0, Diff: 0, Sum: 0, Workers: 4
[976.935s][debug][gc,phases      ] GC(122)     Total                          Min: 0, Avg: 73.0, Max: 128, Diff: 128, Sum: 292, Workers: 4
[976.935s][debug][gc,phases      ] GC(122)   JVMTI Tag Weak OopStorage      Min:  0.0, Avg:  0.0, Max:  0.0, Diff:  0.0, Sum:  0.0, Workers: 4
[976.935s][debug][gc,phases      ] GC(122)     Dead                           Min: 0, Avg:  0.0, Max: 0, Diff: 0, Sum: 0, Workers: 4
[976.935s][debug][gc,phases      ] GC(122)     Total                          Min: 0, Avg:  0.0, Max: 0, Diff: 0, Sum: 0, Workers: 4
[976.935s][debug][gc,phases      ] GC(122)   StringTable Weak               Min:  0.1, Avg:  0.1, Max:  0.1, Diff:  0.0, Sum:  0.4, Workers: 4
[976.935s][debug][gc,phases      ] GC(122)     Dead                           Min: 0, Avg:  0.0, Max: 0, Diff: 0, Sum: 0, Workers: 4
[976.935s][debug][gc,phases      ] GC(122)     Total                          Min: 11008, Avg: 12103.8, Max: 12895, Diff: 1887, Sum: 48415, Workers: 4
[976.935s][debug][gc,phases      ] GC(122)   ResolvedMethodTable Weak       Min:  0.0, Avg:  0.0, Max:  0.0, Diff:  0.0, Sum:  0.1, Workers: 4
[976.935s][debug][gc,phases      ] GC(122)     Dead                           Min: 0, Avg:  0.0, Max: 0, Diff: 0, Sum: 0, Workers: 4
[976.935s][debug][gc,phases      ] GC(122)     Total                          Min: 1739, Avg: 2114.8, Max: 2304, Diff: 565, Sum: 8459, Workers: 4
[976.935s][debug][gc,phases      ] GC(122)   JNI Weak                       Min:  0.0, Avg:  0.0, Max:  0.0, Diff:  0.0, Sum:  0.0, Workers: 4
[976.935s][debug][gc,phases      ] GC(122)     Dead                           Min: 0, Avg:  0.0, Max: 0, Diff: 0, Sum: 0, Workers: 4
[976.935s][debug][gc,phases      ] GC(122)     Total                          Min: 0, Avg:  0.0, Max: 0, Diff: 0, Sum: 0, Workers: 4
[976.935s][debug][gc,phases      ] GC(122)   StringDedup Table Weak         Min:  0.0, Avg:  0.0, Max:  0.0, Diff:  0.0, Sum:  0.0, Workers: 4
[976.935s][debug][gc,phases      ] GC(122)     Dead                           Min: 0, Avg:  0.0, Max: 0, Diff: 0, Sum: 0, Workers: 4
[976.935s][debug][gc,phases      ] GC(122)     Total                          Min: 0, Avg:  0.0, Max: 0, Diff: 0, Sum: 0, Workers: 4
[976.935s][debug][gc,phases      ] GC(122)   StringDedup Requests0 Weak     Min:  0.0, Avg:  0.0, Max:  0.0, Diff:  0.0, Sum:  0.0, Workers: 4
[976.935s][debug][gc,phases      ] GC(122)     Dead                           Min: 0, Avg:  0.0, Max: 0, Diff: 0, Sum: 0, Workers: 4
[976.935s][debug][gc,phases      ] GC(122)     Total                          Min: 0, Avg:  0.0, Max: 0, Diff: 0, Sum: 0, Workers: 4
[976.935s][debug][gc,phases      ] GC(122)   StringDedup Requests1 Weak     Min:  0.0, Avg:  0.0, Max:  0.0, Diff:  0.0, Sum:  0.0, Workers: 4
[976.935s][debug][gc,phases      ] GC(122)     Dead                           Min: 0, Avg:  0.0, Max: 0, Diff: 0, Sum: 0, Workers: 4
[976.935s][debug][gc,phases      ] GC(122)     Total                          Min: 0, Avg:  0.0, Max: 0, Diff: 0, Sum: 0, Workers: 4
[976.935s][debug][gc,phases      ] GC(122)   Weak JFR Old Object Samples    Min:  0.0, Avg:  0.0, Max:  0.0, Diff:  0.0, Sum:  0.0, Workers: 4
[976.935s][debug][gc,phases      ] GC(122)     Dead                           Min: 0, Avg:  0.0, Max: 0, Diff: 0, Sum: 0, Workers: 4
[976.935s][debug][gc,phases      ] GC(122)     Total                          Min: 0, Avg:  0.0, Max: 0, Diff: 0, Sum: 0, Workers: 4
[976.935s][debug][gc,phases      ] GC(122) Weak Processing 0.330ms
[976.935s][debug][gc,age         ] GC(122) Desired survivor size 134217728 bytes, new threshold 15 (max threshold 15)
[976.935s][info ][gc,heap        ] GC(122) PSYoungGen: 1904129K(1966592K)->24817K(1961984K) Eden: 1831424K(1831424K)->0K(1831424K) From: 72705K(135168K)->24817K(130560K)
[976.935s][info ][gc,heap        ] GC(122) ParOldGen: 487318K(542208K)->536060K(542208K)
[976.935s][info ][gc,metaspace   ] GC(122) Metaspace: 84226K(85120K)->84226K(85120K) NonClass: 72453K(72960K)->72453K(72960K) Class: 11772K(12160K)->11772K(12160K)
[976.935s][info ][gc             ] GC(122) Pause Young (Allocation Failure) 2335M->547M(2445M) 19.711ms
[976.935s][info ][gc,cpu         ] GC(122) User=0.08s Sys=0.00s Real=0.02s
[976.935s][debug][gc,phases      ] GC(123) Pre Compact 0.010ms
[976.935s][info ][gc,start       ] GC(123) Pause Full (Ergonomics)
[976.935s][info ][gc,phases,start] GC(123) Marking Phase
[977.082s][debug][gc,phases      ] GC(123) Par Mark 146.322ms
[977.082s][debug][gc,ref         ] GC(123) Skipped phase 1 of Reference Processing: no references
[977.082s][debug][gc,ref         ] GC(123) ReferenceProcessor::execute queues: 4, RefProcThreadModel::Multi, marks_oops_alive: false
[977.082s][debug][gc,ref         ] GC(123) ReferenceProcessor::execute queues: 4, RefProcThreadModel::Multi, marks_oops_alive: true
[977.082s][debug][gc,ref         ] GC(123) ReferenceProcessor::execute queues: 1, RefProcThreadModel::Single, marks_oops_alive: false
[977.082s][debug][gc,phases      ] GC(123) Reference Processing 0.829ms
[977.083s][debug][gc,phases      ] GC(123)   VM Weak                        Min:  0.0, Avg:  0.0, Max:  0.0, Diff:  0.0, Sum:  0.0, Workers: 4
[977.083s][debug][gc,phases      ] GC(123)     Dead                           Min: 0, Avg:  0.0, Max: 0, Diff: 0, Sum: 0, Workers: 4
[977.083s][debug][gc,phases      ] GC(123)     Total                          Min: 0, Avg: 179.5, Max: 398, Diff: 398, Sum: 718, Workers: 4
[977.083s][debug][gc,phases      ] GC(123)   ObjectSynchronizer Weak        Min:  0.0, Avg:  0.0, Max:  0.0, Diff:  0.0, Sum:  0.0, Workers: 4
[977.083s][debug][gc,phases      ] GC(123)     Dead                           Min: 0, Avg:  0.0, Max: 0, Diff: 0, Sum: 0, Workers: 4
[977.083s][debug][gc,phases      ] GC(123)     Total                          Min: 36, Avg: 73.0, Max: 128, Diff: 92, Sum: 292, Workers: 4
[977.083s][debug][gc,phases      ] GC(123)   JVMTI Tag Weak OopStorage      Min:  0.0, Avg:  0.0, Max:  0.0, Diff:  0.0, Sum:  0.0, Workers: 4
[977.083s][debug][gc,phases      ] GC(123)     Dead                           Min: 0, Avg:  0.0, Max: 0, Diff: 0, Sum: 0, Workers: 4
[977.083s][debug][gc,phases      ] GC(123)     Total                          Min: 0, Avg:  0.0, Max: 0, Diff: 0, Sum: 0, Workers: 4
[977.083s][debug][gc,phases      ] GC(123)   StringTable Weak               Min:  0.2, Avg:  0.2, Max:  0.2, Diff:  0.0, Sum:  0.6, Workers: 4
[977.083s][debug][gc,phases      ] GC(123)     Dead                           Min: 0, Avg:  0.0, Max: 0, Diff: 0, Sum: 0, Workers: 4
[977.083s][debug][gc,phases      ] GC(123)     Total                          Min: 10432, Avg: 12103.8, Max: 12992, Diff: 2560, Sum: 48415, Workers: 4
[977.083s][debug][gc,phases      ] GC(123)   ResolvedMethodTable Weak       Min:  0.0, Avg:  0.0, Max:  0.0, Diff:  0.0, Sum:  0.1, Workers: 4
[977.083s][debug][gc,phases      ] GC(123)     Dead                           Min: 0, Avg:  0.0, Max: 0, Diff: 0, Sum: 0, Workers: 4
[977.083s][debug][gc,phases      ] GC(123)     Total                          Min: 1856, Avg: 2114.8, Max: 2251, Diff: 395, Sum: 8459, Workers: 4
[977.083s][debug][gc,phases      ] GC(123)   JNI Weak                       Min:  0.0, Avg:  0.0, Max:  0.0, Diff:  0.0, Sum:  0.0, Workers: 4
[977.083s][debug][gc,phases      ] GC(123)     Dead                           Min: 0, Avg:  0.0, Max: 0, Diff: 0, Sum: 0, Workers: 4
[977.083s][debug][gc,phases      ] GC(123)     Total                          Min: 0, Avg:  0.0, Max: 0, Diff: 0, Sum: 0, Workers: 4
[977.083s][debug][gc,phases      ] GC(123)   StringDedup Table Weak         Min:  0.0, Avg:  0.0, Max:  0.0, Diff:  0.0, Sum:  0.0, Workers: 4
[977.083s][debug][gc,phases      ] GC(123)     Dead                           Min: 0, Avg:  0.0, Max: 0, Diff: 0, Sum: 0, Workers: 4
[977.083s][debug][gc,phases      ] GC(123)     Total                          Min: 0, Avg:  0.0, Max: 0, Diff: 0, Sum: 0, Workers: 4
[977.083s][debug][gc,phases      ] GC(123)   StringDedup Requests0 Weak     Min:  0.0, Avg:  0.0, Max:  0.0, Diff:  0.0, Sum:  0.0, Workers: 4
[977.083s][debug][gc,phases      ] GC(123)     Dead                           Min: 0, Avg:  0.0, Max: 0, Diff: 0, Sum: 0, Workers: 4
[977.083s][debug][gc,phases      ] GC(123)     Total                          Min: 0, Avg:  0.0, Max: 0, Diff: 0, Sum: 0, Workers: 4
[977.083s][debug][gc,phases      ] GC(123)   StringDedup Requests1 Weak     Min:  0.0, Avg:  0.0, Max:  0.0, Diff:  0.0, Sum:  0.0, Workers: 4
[977.083s][debug][gc,phases      ] GC(123)     Dead                           Min: 0, Avg:  0.0, Max: 0, Diff: 0, Sum: 0, Workers: 4
[977.083s][debug][gc,phases      ] GC(123)     Total                          Min: 0, Avg:  0.0, Max: 0, Diff: 0, Sum: 0, Workers: 4
[977.083s][debug][gc,phases      ] GC(123)   Weak JFR Old Object Samples    Min:  0.0, Avg:  0.0, Max:  0.0, Diff:  0.0, Sum:  0.0, Workers: 4
[977.083s][debug][gc,phases      ] GC(123)     Dead                           Min: 0, Avg:  0.0, Max: 0, Diff: 0, Sum: 0, Workers: 4
[977.083s][debug][gc,phases      ] GC(123)     Total                          Min: 0, Avg:  0.0, Max: 0, Diff: 0, Sum: 0, Workers: 4
[977.083s][debug][gc,phases      ] GC(123) Weak Processing 0.361ms
[977.083s][debug][gc,phases      ] GC(123) ClassLoaderData 0.096ms
[977.083s][debug][gc,phases      ] GC(123) Trigger cleanups 0.000ms
[977.103s][debug][gc,phases      ] GC(123) Class Unloading 20.088ms
[977.103s][info ][gc,phases      ] GC(123) Marking Phase 167.785ms
[977.103s][info ][gc,phases,start] GC(123) Summary Phase
[977.103s][info ][gc,phases      ] GC(123) Summary Phase 0.035ms
[977.103s][info ][gc,phases,start] GC(123) Adjust Roots
[977.118s][info ][gc,phases      ] GC(123) Adjust Roots 15.174ms
[977.118s][info ][gc,phases,start] GC(123) Compaction Phase
[977.258s][info ][gc,phases      ] GC(123) Compaction Phase 139.997ms
[977.258s][info ][gc,phases,start] GC(123) Post Compact
[977.260s][info ][gc,phases      ] GC(123) Post Compact 1.603ms
[977.260s][info ][gc,heap        ] GC(123) PSYoungGen: 24817K(1961984K)->0K(1966080K) Eden: 0K(1831424K)->0K(1835008K) From: 24817K(130560K)->0K(131072K)
[977.260s][info ][gc,heap        ] GC(123) ParOldGen: 536060K(542208K)->497176K(581120K)
[977.260s][info ][gc,metaspace   ] GC(123) Metaspace: 84226K(85120K)->84226K(85120K) NonClass: 72453K(72960K)->72453K(72960K) Class: 11772K(12160K)->11772K(12160K)
[977.260s][info ][gc             ] GC(123) Pause Full (Ergonomics) 547M->485M(2487M) 324.877ms
[977.260s][info ][gc,cpu         ] GC(123) User=1.19s Sys=0.00s Real=0.32s
[977.260s][info ][safepoint      ] Safepoint "ParallelGCFailedAllocation", Time since last: 4054571199 ns, Reaching safepoint: 42302 ns, At safepoint: 344742116 ns, Total: 344784418 ns
[983.261s][info ][safepoint      ] Safepoint "Cleanup", Time since last: 6000417602 ns, Reaching safepoint: 48702 ns, At safepoint: 10801 ns, Total: 59503 ns
[991.261s][info ][safepoint      ] Safepoint "Cleanup", Time since last: 8000560853 ns, Reaching safepoint: 48503 ns, At safepoint: 25802 ns, Total: 74305 ns
[999.262s][info ][safepoint      ] Safepoint "Cleanup", Time since last: 8000585736 ns, Reaching safepoint: 59103 ns, At safepoint: 3701 ns, Total: 62804 ns
[1023.264s][info ][safepoint      ] Safepoint "Cleanup", Time since last: 24001613537 ns, Reaching safepoint: 49703 ns, At safepoint: 12501 ns, Total: 62204 ns
[1025.264s][info ][safepoint      ] Safepoint "Cleanup", Time since last: 2000212409 ns, Reaching safepoint: 53203 ns, At safepoint: 6901 ns, Total: 60104 ns
[1026.264s][info ][safepoint      ] Safepoint "Cleanup", Time since last: 1000109448 ns, Reaching safepoint: 39302 ns, At safepoint: 2000 ns, Total: 41302 ns
[1033.264s][info ][safepoint      ] Safepoint "Cleanup", Time since last: 7000447087 ns, Reaching safepoint: 45203 ns, At safepoint: 8300 ns, Total: 53503 ns
[1041.265s][info ][safepoint      ] Safepoint "Cleanup", Time since last: 8000705150 ns, Reaching safepoint: 55303 ns, At safepoint: 7100 ns, Total: 62403 ns
[1041.326s][info ][gc,start       ] GC(124) Pause Young (Allocation Failure)
[1041.328s][debug][gc,phases      ] GC(124) Scavenge 1.790ms
[1041.328s][debug][gc,ref         ] GC(124) Skipped phase 1 of Reference Processing: no references
[1041.328s][debug][gc,ref         ] GC(124) Skipped phase 2 of Reference Processing: no references
[1041.328s][debug][gc,ref         ] GC(124) Skipped phase 3 of Reference Processing: no references
[1041.328s][debug][gc,ref         ] GC(124) Skipped phase 4 of Reference Processing: no references
[1041.328s][debug][gc,phases      ] GC(124) Reference Processing 0.032ms
[1041.328s][debug][gc,phases      ] GC(124)   VM Weak                        Min:  0.0, Avg:  0.0, Max:  0.0, Diff:  0.0, Sum:  0.0, Workers: 4
[1041.328s][debug][gc,phases      ] GC(124)     Dead                           Min: 0, Avg:  0.0, Max: 0, Diff: 0, Sum: 0, Workers: 4
[1041.328s][debug][gc,phases      ] GC(124)     Total                          Min: 0, Avg: 179.5, Max: 576, Diff: 576, Sum: 718, Workers: 4
[1041.328s][debug][gc,phases      ] GC(124)   ObjectSynchronizer Weak        Min:  0.0, Avg:  0.0, Max:  0.0, Diff:  0.0, Sum:  0.0, Workers: 4
[1041.328s][debug][gc,phases      ] GC(124)     Dead                           Min: 0, Avg:  0.0, Max: 0, Diff: 0, Sum: 0, Workers: 4
[1041.328s][debug][gc,phases      ] GC(124)     Total                          Min: 0, Avg: 73.0, Max: 128, Diff: 128, Sum: 292, Workers: 4
[1041.328s][debug][gc,phases      ] GC(124)   JVMTI Tag Weak OopStorage      Min:  0.0, Avg:  0.0, Max:  0.0, Diff:  0.0, Sum:  0.0, Workers: 4
[1041.328s][debug][gc,phases      ] GC(124)     Dead                           Min: 0, Avg:  0.0, Max: 0, Diff: 0, Sum: 0, Workers: 4
[1041.328s][debug][gc,phases      ] GC(124)     Total                          Min: 0, Avg:  0.0, Max: 0, Diff: 0, Sum: 0, Workers: 4
[1041.328s][debug][gc,phases      ] GC(124)   StringTable Weak               Min:  0.1, Avg:  0.1, Max:  0.1, Diff:  0.0, Sum:  0.4, Workers: 4
[1041.328s][debug][gc,phases      ] GC(124)     Dead                           Min: 0, Avg:  0.0, Max: 0, Diff: 0, Sum: 0, Workers: 4
[1041.328s][debug][gc,phases      ] GC(124)     Total                          Min: 11295, Avg: 12103.8, Max: 12800, Diff: 1505, Sum: 48415, Workers: 4
[1041.328s][debug][gc,phases      ] GC(124)   ResolvedMethodTable Weak       Min:  0.0, Avg:  0.0, Max:  0.0, Diff:  0.0, Sum:  0.1, Workers: 4
[1041.328s][debug][gc,phases      ] GC(124)     Dead                           Min: 0, Avg:  0.0, Max: 0, Diff: 0, Sum: 0, Workers: 4
[1041.328s][debug][gc,phases      ] GC(124)     Total                          Min: 1675, Avg: 2114.8, Max: 2624, Diff: 949, Sum: 8459, Workers: 4
[1041.328s][debug][gc,phases      ] GC(124)   JNI Weak                       Min:  0.0, Avg:  0.0, Max:  0.0, Diff:  0.0, Sum:  0.0, Workers: 4
[1041.328s][debug][gc,phases      ] GC(124)     Dead                           Min: 0, Avg:  0.0, Max: 0, Diff: 0, Sum: 0, Workers: 4
[1041.328s][debug][gc,phases      ] GC(124)     Total                          Min: 0, Avg:  0.0, Max: 0, Diff: 0, Sum: 0, Workers: 4
[1041.328s][debug][gc,phases      ] GC(124)   StringDedup Table Weak         Min:  0.0, Avg:  0.0, Max:  0.0, Diff:  0.0, Sum:  0.0, Workers: 4
[1041.328s][debug][gc,phases      ] GC(124)     Dead                           Min: 0, Avg:  0.0, Max: 0, Diff: 0, Sum: 0, Workers: 4
[1041.328s][debug][gc,phases      ] GC(124)     Total                          Min: 0, Avg:  0.0, Max: 0, Diff: 0, Sum: 0, Workers: 4
[1041.328s][debug][gc,phases      ] GC(124)   StringDedup Requests0 Weak     Min:  0.0, Avg:  0.0, Max:  0.0, Diff:  0.0, Sum:  0.0, Workers: 4
[1041.328s][debug][gc,phases      ] GC(124)     Dead                           Min: 0, Avg:  0.0, Max: 0, Diff: 0, Sum: 0, Workers: 4
[1041.328s][debug][gc,phases      ] GC(124)     Total                          Min: 0, Avg:  0.0, Max: 0, Diff: 0, Sum: 0, Workers: 4
[1041.328s][debug][gc,phases      ] GC(124)   StringDedup Requests1 Weak     Min:  0.0, Avg:  0.0, Max:  0.0, Diff:  0.0, Sum:  0.0, Workers: 4
[1041.329s][debug][gc,phases      ] GC(124)     Dead                           Min: 0, Avg:  0.0, Max: 0, Diff: 0, Sum: 0, Workers: 4
[1041.329s][debug][gc,phases      ] GC(124)     Total                          Min: 0, Avg:  0.0, Max: 0, Diff: 0, Sum: 0, Workers: 4
[1041.329s][debug][gc,phases      ] GC(124)   Weak JFR Old Object Samples    Min:  0.0, Avg:  0.0, Max:  0.0, Diff:  0.0, Sum:  0.0, Workers: 4
[1041.329s][debug][gc,phases      ] GC(124)     Dead                           Min: 0, Avg:  0.0, Max: 0, Diff: 0, Sum: 0, Workers: 4
[1041.329s][debug][gc,phases      ] GC(124)     Total                          Min: 0, Avg:  0.0, Max: 0, Diff: 0, Sum: 0, Workers: 4
[1041.329s][debug][gc,phases      ] GC(124) Weak Processing 0.393ms
[1041.329s][debug][gc,age         ] GC(124) Desired survivor size 137887744 bytes, new threshold 15 (max threshold 15)
[1041.329s][info ][gc,heap        ] GC(124) PSYoungGen: 1835008K(1966080K)->1792K(1837056K) Eden: 1835008K(1835008K)->0K(1835008K) From: 0K(131072K)->1792K(2048K)
[1041.329s][info ][gc,heap        ] GC(124) ParOldGen: 497176K(581120K)->497176K(581120K)
[1041.329s][info ][gc,metaspace   ] GC(124) Metaspace: 84240K(85120K)->84240K(85120K) NonClass: 72468K(72960K)->72468K(72960K) Class: 11772K(12160K)->11772K(12160K)
[1041.329s][info ][gc             ] GC(124) Pause Young (Allocation Failure) 2277M->487M(2361M) 2.347ms
[1041.329s][info ][gc,cpu         ] GC(124) User=0.00s Sys=0.00s Real=0.00s
[1041.329s][info ][safepoint      ] Safepoint "ParallelGCFailedAllocation", Time since last: 60952685 ns, Reaching safepoint: 46603 ns, At safepoint: 2451840 ns, Total: 2498443 ns
[1042.329s][info ][safepoint      ] Safepoint "Cleanup", Time since last: 1000106974 ns, Reaching safepoint: 55103 ns, At safepoint: 14501 ns, Total: 69604 ns
[1044.329s][info ][safepoint      ] Safepoint "Cleanup", Time since last: 2000201434 ns, Reaching safepoint: 47903 ns, At safepoint: 4100 ns, Total: 52003 ns
[1049.329s][info ][safepoint      ] Safepoint "Cleanup", Time since last: 5000356248 ns, Reaching safepoint: 50603 ns, At safepoint: 6801 ns, Total: 57404 ns
[1060.330s][info ][safepoint      ] Safepoint "Cleanup", Time since last: 11000685250 ns, Reaching safepoint: 51403 ns, At safepoint: 7101 ns, Total: 58504 ns
[1070.331s][info ][safepoint      ] Safepoint "Cleanup", Time since last: 10000679983 ns, Reaching safepoint: 54603 ns, At safepoint: 9901 ns, Total: 64504 ns
[1071.331s][info ][safepoint      ] Safepoint "Cleanup", Time since last: 1000106747 ns, Reaching safepoint: 65004 ns, At safepoint: 2800 ns, Total: 67804 ns
[1077.332s][info ][safepoint      ] Safepoint "Cleanup", Time since last: 6000422580 ns, Reaching safepoint: 51503 ns, At safepoint: 3100 ns, Total: 54603 ns
[1085.332s][info ][safepoint      ] Safepoint "Cleanup", Time since last: 8000499401 ns, Reaching safepoint: 51603 ns, At safepoint: 7201 ns, Total: 58804 ns
[1108.896s][info ][gc,start       ] GC(125) Pause Young (Allocation Failure)
[1108.898s][debug][gc,phases      ] GC(125) Scavenge 1.832ms
[1108.898s][debug][gc,ref         ] GC(125) Skipped phase 1 of Reference Processing: no references
[1108.898s][debug][gc,ref         ] GC(125) Skipped phase 2 of Reference Processing: no references
[1108.898s][debug][gc,ref         ] GC(125) Skipped phase 3 of Reference Processing: no references
[1108.898s][debug][gc,ref         ] GC(125) Skipped phase 4 of Reference Processing: no references
[1108.898s][debug][gc,phases      ] GC(125) Reference Processing 0.024ms
[1108.898s][debug][gc,phases      ] GC(125)   VM Weak                        Min:  0.0, Avg:  0.0, Max:  0.0, Diff:  0.0, Sum:  0.0, Workers: 4
[1108.898s][debug][gc,phases      ] GC(125)     Dead                           Min: 0, Avg:  0.0, Max: 0, Diff: 0, Sum: 0, Workers: 4
[1108.898s][debug][gc,phases      ] GC(125)     Total                          Min: 0, Avg: 179.5, Max: 512, Diff: 512, Sum: 718, Workers: 4
[1108.898s][debug][gc,phases      ] GC(125)   ObjectSynchronizer Weak        Min:  0.0, Avg:  0.0, Max:  0.0, Diff:  0.0, Sum:  0.0, Workers: 4
[1108.898s][debug][gc,phases      ] GC(125)     Dead                           Min: 0, Avg:  0.0, Max: 0, Diff: 0, Sum: 0, Workers: 4
[1108.898s][debug][gc,phases      ] GC(125)     Total                          Min: 0, Avg: 73.0, Max: 128, Diff: 128, Sum: 292, Workers: 4
[1108.898s][debug][gc,phases      ] GC(125)   JVMTI Tag Weak OopStorage      Min:  0.0, Avg:  0.0, Max:  0.0, Diff:  0.0, Sum:  0.0, Workers: 4
[1108.898s][debug][gc,phases      ] GC(125)     Dead                           Min: 0, Avg:  0.0, Max: 0, Diff: 0, Sum: 0, Workers: 4
[1108.898s][debug][gc,phases      ] GC(125)     Total                          Min: 0, Avg:  0.0, Max: 0, Diff: 0, Sum: 0, Workers: 4
[1108.898s][debug][gc,phases      ] GC(125)   StringTable Weak               Min:  0.1, Avg:  0.1, Max:  0.1, Diff:  0.0, Sum:  0.5, Workers: 4
[1108.898s][debug][gc,phases      ] GC(125)     Dead                           Min: 0, Avg:  0.0, Max: 0, Diff: 0, Sum: 0, Workers: 4
[1108.898s][debug][gc,phases      ] GC(125)     Total                          Min: 11264, Avg: 12106.2, Max: 13696, Diff: 2432, Sum: 48425, Workers: 4
[1108.898s][debug][gc,phases      ] GC(125)   ResolvedMethodTable Weak       Min:  0.0, Avg:  0.0, Max:  0.0, Diff:  0.0, Sum:  0.1, Workers: 4
[1108.898s][debug][gc,phases      ] GC(125)     Dead                           Min: 0, Avg:  0.0, Max: 0, Diff: 0, Sum: 0, Workers: 4
[1108.898s][debug][gc,phases      ] GC(125)     Total                          Min: 1856, Avg: 2114.8, Max: 2379, Diff: 523, Sum: 8459, Workers: 4
[1108.898s][debug][gc,phases      ] GC(125)   JNI Weak                       Min:  0.0, Avg:  0.0, Max:  0.0, Diff:  0.0, Sum:  0.0, Workers: 4
[1108.898s][debug][gc,phases      ] GC(125)     Dead                           Min: 0, Avg:  0.0, Max: 0, Diff: 0, Sum: 0, Workers: 4
[1108.898s][debug][gc,phases      ] GC(125)     Total                          Min: 0, Avg:  0.0, Max: 0, Diff: 0, Sum: 0, Workers: 4
[1108.898s][debug][gc,phases      ] GC(125)   StringDedup Table Weak         Min:  0.0, Avg:  0.0, Max:  0.0, Diff:  0.0, Sum:  0.0, Workers: 4
[1108.898s][debug][gc,phases      ] GC(125)     Dead                           Min: 0, Avg:  0.0, Max: 0, Diff: 0, Sum: 0, Workers: 4
[1108.898s][debug][gc,phases      ] GC(125)     Total                          Min: 0, Avg:  0.0, Max: 0, Diff: 0, Sum: 0, Workers: 4
[1108.898s][debug][gc,phases      ] GC(125)   StringDedup Requests0 Weak     Min:  0.0, Avg:  0.0, Max:  0.0, Diff:  0.0, Sum:  0.0, Workers: 4
[1108.898s][debug][gc,phases      ] GC(125)     Dead                           Min: 0, Avg:  0.0, Max: 0, Diff: 0, Sum: 0, Workers: 4
[1108.898s][debug][gc,phases      ] GC(125)     Total                          Min: 0, Avg:  0.0, Max: 0, Diff: 0, Sum: 0, Workers: 4
[1108.898s][debug][gc,phases      ] GC(125)   StringDedup Requests1 Weak     Min:  0.0, Avg:  0.0, Max:  0.0, Diff:  0.0, Sum:  0.0, Workers: 4
[1108.898s][debug][gc,phases      ] GC(125)     Dead                           Min: 0, Avg:  0.0, Max: 0, Diff: 0, Sum: 0, Workers: 4
[1108.898s][debug][gc,phases      ] GC(125)     Total                          Min: 0, Avg:  0.0, Max: 0, Diff: 0, Sum: 0, Workers: 4
[1108.898s][debug][gc,phases      ] GC(125)   Weak JFR Old Object Samples    Min:  0.0, Avg:  0.0, Max:  0.0, Diff:  0.0, Sum:  0.0, Workers: 4
[1108.898s][debug][gc,phases      ] GC(125)     Dead                           Min: 0, Avg:  0.0, Max: 0, Diff: 0, Sum: 0, Workers: 4
[1108.898s][debug][gc,phases      ] GC(125)     Total                          Min: 0, Avg:  0.0, Max: 0, Diff: 0, Sum: 0, Workers: 4
[1108.898s][debug][gc,phases      ] GC(125) Weak Processing 0.341ms
[1108.898s][debug][gc,age         ] GC(125) Desired survivor size 139460608 bytes, new threshold 15 (max threshold 15)
[1108.898s][info ][gc,heap        ] GC(125) PSYoungGen: 1836800K(1837056K)->2416K(1959424K) Eden: 1835008K(1835008K)->0K(1824768K) From: 1792K(2048K)->2416K(134656K)
[1108.898s][info ][gc,heap        ] GC(125) ParOldGen: 497176K(581120K)->497184K(581120K)
[1108.898s][info ][gc,metaspace   ] GC(125) Metaspace: 84244K(85120K)->84244K(85120K) NonClass: 72472K(72960K)->72472K(72960K) Class: 11772K(12160K)->11772K(12160K)
[1108.898s][info ][gc             ] GC(125) Pause Young (Allocation Failure) 2279M->487M(2481M) 2.313ms
[1108.898s][info ][gc,cpu         ] GC(125) User=0.01s Sys=0.00s Real=0.00s
[1108.898s][info ][safepoint      ] Safepoint "ParallelGCFailedAllocation", Time since last: 23563729728 ns, Reaching safepoint: 41302 ns, At safepoint: 2403337 ns, Total: 2444639 ns
[1123.899s][info ][safepoint      ] Safepoint "Cleanup", Time since last: 15000966883 ns, Reaching safepoint: 52603 ns, At safepoint: 8401 ns, Total: 61004 ns
[1125.900s][info ][safepoint      ] Safepoint "Cleanup", Time since last: 2000181655 ns, Reaching safepoint: 56703 ns, At safepoint: 3800 ns, Total: 60503 ns
[1128.900s][info ][safepoint      ] Safepoint "Cleanup", Time since last: 3000257253 ns, Reaching safepoint: 52303 ns, At safepoint: 3500 ns, Total: 55803 ns
[1153.902s][info ][safepoint      ] Safepoint "Cleanup", Time since last: 25001724004 ns, Reaching safepoint: 49303 ns, At safepoint: 8600 ns, Total: 57903 ns
[1157.902s][info ][safepoint      ] Safepoint "Cleanup", Time since last: 4000317046 ns, Reaching safepoint: 50103 ns, At safepoint: 41202 ns, Total: 91305 ns
[1174.807s][info ][gc,start       ] GC(126) Pause Young (Allocation Failure)
[1174.808s][debug][gc,phases      ] GC(126) Scavenge 1.676ms
[1174.808s][debug][gc,ref         ] GC(126) Skipped phase 1 of Reference Processing: no references
[1174.808s][debug][gc,ref         ] GC(126) Skipped phase 2 of Reference Processing: no references
[1174.808s][debug][gc,ref         ] GC(126) Skipped phase 3 of Reference Processing: no references
[1174.808s][debug][gc,ref         ] GC(126) Skipped phase 4 of Reference Processing: no references
[1174.809s][debug][gc,phases      ] GC(126) Reference Processing 0.048ms
[1174.809s][debug][gc,phases      ] GC(126)   VM Weak                        Min:  0.0, Avg:  0.0, Max:  0.0, Diff:  0.0, Sum:  0.0, Workers: 4
[1174.809s][debug][gc,phases      ] GC(126)     Dead                           Min: 0, Avg:  0.0, Max: 0, Diff: 0, Sum: 0, Workers: 4
[1174.809s][debug][gc,phases      ] GC(126)     Total                          Min: 0, Avg: 179.5, Max: 718, Diff: 718, Sum: 718, Workers: 4
[1174.809s][debug][gc,phases      ] GC(126)   ObjectSynchronizer Weak        Min:  0.0, Avg:  0.0, Max:  0.0, Diff:  0.0, Sum:  0.0, Workers: 4
[1174.809s][debug][gc,phases      ] GC(126)     Dead                           Min: 0, Avg:  0.0, Max: 0, Diff: 0, Sum: 0, Workers: 4
[1174.809s][debug][gc,phases      ] GC(126)     Total                          Min: 0, Avg: 73.0, Max: 256, Diff: 256, Sum: 292, Workers: 4
[1174.809s][debug][gc,phases      ] GC(126)   JVMTI Tag Weak OopStorage      Min:  0.0, Avg:  0.0, Max:  0.0, Diff:  0.0, Sum:  0.0, Workers: 4
[1174.809s][debug][gc,phases      ] GC(126)     Dead                           Min: 0, Avg:  0.0, Max: 0, Diff: 0, Sum: 0, Workers: 4
[1174.809s][debug][gc,phases      ] GC(126)     Total                          Min: 0, Avg:  0.0, Max: 0, Diff: 0, Sum: 0, Workers: 4
[1174.809s][debug][gc,phases      ] GC(126)   StringTable Weak               Min:  0.1, Avg:  0.1, Max:  0.1, Diff:  0.0, Sum:  0.4, Workers: 4
[1174.809s][debug][gc,phases      ] GC(126)     Dead                           Min: 0, Avg:  0.0, Max: 0, Diff: 0, Sum: 0, Workers: 4
[1174.809s][debug][gc,phases      ] GC(126)     Total                          Min: 10560, Avg: 12112.5, Max: 12930, Diff: 2370, Sum: 48450, Workers: 4
[1174.809s][debug][gc,phases      ] GC(126)   ResolvedMethodTable Weak       Min:  0.0, Avg:  0.0, Max:  0.0, Diff:  0.0, Sum:  0.1, Workers: 4
[1174.809s][debug][gc,phases      ] GC(126)     Dead                           Min: 0, Avg:  0.0, Max: 0, Diff: 0, Sum: 0, Workers: 4
[1174.809s][debug][gc,phases      ] GC(126)     Total                          Min: 1675, Avg: 2114.8, Max: 2432, Diff: 757, Sum: 8459, Workers: 4
[1174.809s][debug][gc,phases      ] GC(126)   JNI Weak                       Min:  0.0, Avg:  0.0, Max:  0.0, Diff:  0.0, Sum:  0.0, Workers: 4
[1174.809s][debug][gc,phases      ] GC(126)     Dead                           Min: 0, Avg:  0.0, Max: 0, Diff: 0, Sum: 0, Workers: 4
[1174.809s][debug][gc,phases      ] GC(126)     Total                          Min: 0, Avg:  0.0, Max: 0, Diff: 0, Sum: 0, Workers: 4
[1174.809s][debug][gc,phases      ] GC(126)   StringDedup Table Weak         Min:  0.0, Avg:  0.0, Max:  0.0, Diff:  0.0, Sum:  0.0, Workers: 4
[1174.809s][debug][gc,phases      ] GC(126)     Dead                           Min: 0, Avg:  0.0, Max: 0, Diff: 0, Sum: 0, Workers: 4
[1174.809s][debug][gc,phases      ] GC(126)     Total                          Min: 0, Avg:  0.0, Max: 0, Diff: 0, Sum: 0, Workers: 4
[1174.809s][debug][gc,phases      ] GC(126)   StringDedup Requests0 Weak     Min:  0.0, Avg:  0.0, Max:  0.0, Diff:  0.0, Sum:  0.0, Workers: 4
[1174.809s][debug][gc,phases      ] GC(126)     Dead                           Min: 0, Avg:  0.0, Max: 0, Diff: 0, Sum: 0, Workers: 4
[1174.809s][debug][gc,phases      ] GC(126)     Total                          Min: 0, Avg:  0.0, Max: 0, Diff: 0, Sum: 0, Workers: 4
[1174.809s][debug][gc,phases      ] GC(126)   StringDedup Requests1 Weak     Min:  0.0, Avg:  0.0, Max:  0.0, Diff:  0.0, Sum:  0.0, Workers: 4
[1174.809s][debug][gc,phases      ] GC(126)     Dead                           Min: 0, Avg:  0.0, Max: 0, Diff: 0, Sum: 0, Workers: 4
[1174.809s][debug][gc,phases      ] GC(126)     Total                          Min: 0, Avg:  0.0, Max: 0, Diff: 0, Sum: 0, Workers: 4
[1174.809s][debug][gc,phases      ] GC(126)   Weak JFR Old Object Samples    Min:  0.0, Avg:  0.0, Max:  0.0, Diff:  0.0, Sum:  0.0, Workers: 4
[1174.809s][debug][gc,phases      ] GC(126)     Dead                           Min: 0, Avg:  0.0, Max: 0, Diff: 0, Sum: 0, Workers: 4
[1174.809s][debug][gc,phases      ] GC(126)     Total                          Min: 0, Avg:  0.0, Max: 0, Diff: 0, Sum: 0, Workers: 4
[1174.809s][debug][gc,phases      ] GC(126) Weak Processing 0.295ms
[1174.809s][debug][gc,age         ] GC(126) Desired survivor size 138936320 bytes, new threshold 15 (max threshold 15)
[1174.809s][info ][gc,heap        ] GC(126) PSYoungGen: 1827184K(1959424K)->2288K(1960960K) Eden: 1824768K(1824768K)->0K(1824768K) From: 2416K(134656K)->2288K(136192K)
[1174.809s][info ][gc,heap        ] GC(126) ParOldGen: 497184K(581120K)->497184K(581120K)
[1174.809s][info ][gc,metaspace   ] GC(126) Metaspace: 84254K(85120K)->84254K(85120K) NonClass: 72482K(72960K)->72482K(72960K) Class: 11772K(12160K)->11772K(12160K)
[1174.809s][info ][gc             ] GC(126) Pause Young (Allocation Failure) 2269M->487M(2482M) 2.141ms
[1174.809s][info ][gc,cpu         ] GC(126) User=0.01s Sys=0.00s Real=0.00s
[1174.809s][info ][safepoint      ] Safepoint "ParallelGCFailedAllocation", Time since last: 16904483873 ns, Reaching safepoint: 45603 ns, At safepoint: 2218426 ns, Total: 2264029 ns
[1182.809s][info ][safepoint      ] Safepoint "Cleanup", Time since last: 8000548940 ns, Reaching safepoint: 47303 ns, At safepoint: 2100 ns, Total: 49403 ns
[1186.810s][info ][safepoint      ] Safepoint "Cleanup", Time since last: 4000256537 ns, Reaching safepoint: 65604 ns, At safepoint: 30902 ns, Total: 96506 ns
[1195.811s][info ][safepoint      ] Safepoint "Cleanup", Time since last: 9000626588 ns, Reaching safepoint: 51502 ns, At safepoint: 7001 ns, Total: 58503 ns
[1201.811s][info ][safepoint      ] Safepoint "Cleanup", Time since last: 6000418675 ns, Reaching safepoint: 43302 ns, At safepoint: 7701 ns, Total: 51003 ns
[1221.812s][info ][safepoint      ] Safepoint "Cleanup", Time since last: 20001221089 ns, Reaching safepoint: 50103 ns, At safepoint: 2300 ns, Total: 52403 ns
[1236.022s][info ][gc,start       ] GC(127) Pause Young (Allocation Failure)
[1236.024s][debug][gc,phases      ] GC(127) Scavenge 2.254ms
[1236.024s][debug][gc,ref         ] GC(127) Skipped phase 1 of Reference Processing: no references
[1236.024s][debug][gc,ref         ] GC(127) ReferenceProcessor::execute queues: 1, RefProcThreadModel::Single, marks_oops_alive: false
[1236.024s][debug][gc,ref         ] GC(127) Skipped phase 3 of Reference Processing: no references
[1236.024s][debug][gc,ref         ] GC(127) Skipped phase 4 of Reference Processing: no references
[1236.024s][debug][gc,phases      ] GC(127) Reference Processing 0.117ms
[1236.025s][debug][gc,phases      ] GC(127)   VM Weak                        Min:  0.0, Avg:  0.0, Max:  0.0, Diff:  0.0, Sum:  0.0, Workers: 4
[1236.025s][debug][gc,phases      ] GC(127)     Dead                           Min: 0, Avg:  0.0, Max: 0, Diff: 0, Sum: 0, Workers: 4
[1236.025s][debug][gc,phases      ] GC(127)     Total                          Min: 0, Avg: 179.5, Max: 718, Diff: 718, Sum: 718, Workers: 4
[1236.025s][debug][gc,phases      ] GC(127)   ObjectSynchronizer Weak        Min:  0.0, Avg:  0.0, Max:  0.0, Diff:  0.0, Sum:  0.0, Workers: 4
[1236.025s][debug][gc,phases      ] GC(127)     Dead                           Min: 0, Avg:  0.0, Max: 0, Diff: 0, Sum: 0, Workers: 4
[1236.025s][debug][gc,phases      ] GC(127)     Total                          Min: 0, Avg: 73.5, Max: 294, Diff: 294, Sum: 294, Workers: 4
[1236.025s][debug][gc,phases      ] GC(127)   JVMTI Tag Weak OopStorage      Min:  0.0, Avg:  0.0, Max:  0.0, Diff:  0.0, Sum:  0.0, Workers: 4
[1236.025s][debug][gc,phases      ] GC(127)     Dead                           Min: 0, Avg:  0.0, Max: 0, Diff: 0, Sum: 0, Workers: 4
[1236.025s][debug][gc,phases      ] GC(127)     Total                          Min: 0, Avg:  0.0, Max: 0, Diff: 0, Sum: 0, Workers: 4
[1236.025s][debug][gc,phases      ] GC(127)   StringTable Weak               Min:  0.1, Avg:  0.1, Max:  0.1, Diff:  0.0, Sum:  0.4, Workers: 4
[1236.025s][debug][gc,phases      ] GC(127)     Dead                           Min: 0, Avg:  0.0, Max: 0, Diff: 0, Sum: 0, Workers: 4
[1236.025s][debug][gc,phases      ] GC(127)     Total                          Min: 11288, Avg: 12118.0, Max: 13056, Diff: 1768, Sum: 48472, Workers: 4
[1236.025s][debug][gc,phases      ] GC(127)   ResolvedMethodTable Weak       Min:  0.0, Avg:  0.0, Max:  0.0, Diff:  0.0, Sum:  0.1, Workers: 4
[1236.025s][debug][gc,phases      ] GC(127)     Dead                           Min: 0, Avg:  0.0, Max: 0, Diff: 0, Sum: 0, Workers: 4
[1236.025s][debug][gc,phases      ] GC(127)     Total                          Min: 1984, Avg: 2114.8, Max: 2240, Diff: 256, Sum: 8459, Workers: 4
[1236.025s][debug][gc,phases      ] GC(127)   JNI Weak                       Min:  0.0, Avg:  0.0, Max:  0.0, Diff:  0.0, Sum:  0.0, Workers: 4
[1236.025s][debug][gc,phases      ] GC(127)     Dead                           Min: 0, Avg:  0.0, Max: 0, Diff: 0, Sum: 0, Workers: 4
[1236.025s][debug][gc,phases      ] GC(127)     Total                          Min: 0, Avg:  0.0, Max: 0, Diff: 0, Sum: 0, Workers: 4
[1236.025s][debug][gc,phases      ] GC(127)   StringDedup Table Weak         Min:  0.0, Avg:  0.0, Max:  0.0, Diff:  0.0, Sum:  0.0, Workers: 4
[1236.025s][debug][gc,phases      ] GC(127)     Dead                           Min: 0, Avg:  0.0, Max: 0, Diff: 0, Sum: 0, Workers: 4
[1236.025s][debug][gc,phases      ] GC(127)     Total                          Min: 0, Avg:  0.0, Max: 0, Diff: 0, Sum: 0, Workers: 4
[1236.025s][debug][gc,phases      ] GC(127)   StringDedup Requests0 Weak     Min:  0.0, Avg:  0.0, Max:  0.0, Diff:  0.0, Sum:  0.0, Workers: 4
[1236.025s][debug][gc,phases      ] GC(127)     Dead                           Min: 0, Avg:  0.0, Max: 0, Diff: 0, Sum: 0, Workers: 4
[1236.025s][debug][gc,phases      ] GC(127)     Total                          Min: 0, Avg:  0.0, Max: 0, Diff: 0, Sum: 0, Workers: 4
[1236.025s][debug][gc,phases      ] GC(127)   StringDedup Requests1 Weak     Min:  0.0, Avg:  0.0, Max:  0.0, Diff:  0.0, Sum:  0.0, Workers: 4
[1236.025s][debug][gc,phases      ] GC(127)     Dead                           Min: 0, Avg:  0.0, Max: 0, Diff: 0, Sum: 0, Workers: 4
[1236.025s][debug][gc,phases      ] GC(127)     Total                          Min: 0, Avg:  0.0, Max: 0, Diff: 0, Sum: 0, Workers: 4
[1236.025s][debug][gc,phases      ] GC(127)   Weak JFR Old Object Samples    Min:  0.0, Avg:  0.0, Max:  0.0, Diff:  0.0, Sum:  0.0, Workers: 4
[1236.025s][debug][gc,phases      ] GC(127)     Dead                           Min: 0, Avg:  0.0, Max: 0, Diff: 0, Sum: 0, Workers: 4
[1236.025s][debug][gc,phases      ] GC(127)     Total                          Min: 0, Avg:  0.0, Max: 0, Diff: 0, Sum: 0, Workers: 4
[1236.025s][debug][gc,phases      ] GC(127) Weak Processing 0.340ms
[1236.025s][debug][gc,age         ] GC(127) Desired survivor size 137363456 bytes, new threshold 15 (max threshold 15)
[1236.025s][info ][gc,heap        ] GC(127) PSYoungGen: 1827056K(1960960K)->3328K(1963008K) Eden: 1824768K(1824768K)->0K(1827328K) From: 2288K(136192K)->3328K(135680K)
[1236.025s][info ][gc,heap        ] GC(127) ParOldGen: 497184K(581120K)->497184K(581120K)
[1236.025s][info ][gc,metaspace   ] GC(127) Metaspace: 84259K(85120K)->84259K(85120K) NonClass: 72487K(72960K)->72487K(72960K) Class: 11772K(12160K)->11772K(12160K)
[1236.025s][info ][gc             ] GC(127) Pause Young (Allocation Failure) 2269M->488M(2484M) 2.830ms
[1236.025s][info ][gc,cpu         ] GC(127) User=0.01s Sys=0.00s Real=0.00s
[1236.025s][info ][safepoint      ] Safepoint "ParallelGCFailedAllocation", Time since last: 14209642299 ns, Reaching safepoint: 53803 ns, At safepoint: 2911065 ns, Total: 2964868 ns
[1238.025s][info ][safepoint      ] Safepoint "Cleanup", Time since last: 2000164582 ns, Reaching safepoint: 44402 ns, At safepoint: 2800 ns, Total: 47202 ns
[1239.025s][info ][safepoint      ] Safepoint "Cleanup", Time since last: 1000109238 ns, Reaching safepoint: 49803 ns, At safepoint: 3500 ns, Total: 53303 ns
[1240.025s][info ][safepoint      ] Safepoint "Cleanup", Time since last: 1000142437 ns, Reaching safepoint: 58603 ns, At safepoint: 7401 ns, Total: 66004 ns
[1264.027s][info ][safepoint      ] Safepoint "Cleanup", Time since last: 24001572673 ns, Reaching safepoint: 46002 ns, At safepoint: 4201 ns, Total: 50203 ns
[1299.053s][info ][gc,start       ] GC(128) Pause Young (Allocation Failure)
[1299.055s][debug][gc,phases      ] GC(128) Scavenge 1.890ms
[1299.055s][debug][gc,ref         ] GC(128) Skipped phase 1 of Reference Processing: no references
[1299.055s][debug][gc,ref         ] GC(128) ReferenceProcessor::execute queues: 1, RefProcThreadModel::Single, marks_oops_alive: false
[1299.055s][debug][gc,ref         ] GC(128) Skipped phase 3 of Reference Processing: no references
[1299.055s][debug][gc,ref         ] GC(128) Skipped phase 4 of Reference Processing: no references
[1299.055s][debug][gc,phases      ] GC(128) Reference Processing 0.100ms
[1299.055s][debug][gc,phases      ] GC(128)   VM Weak                        Min:  0.0, Avg:  0.0, Max:  0.0, Diff:  0.0, Sum:  0.0, Workers: 4
[1299.055s][debug][gc,phases      ] GC(128)     Dead                           Min: 0, Avg:  0.0, Max: 0, Diff: 0, Sum: 0, Workers: 4
[1299.055s][debug][gc,phases      ] GC(128)     Total                          Min: 0, Avg: 179.5, Max: 462, Diff: 462, Sum: 718, Workers: 4
[1299.055s][debug][gc,phases      ] GC(128)   ObjectSynchronizer Weak        Min:  0.0, Avg:  0.0, Max:  0.0, Diff:  0.0, Sum:  0.0, Workers: 4
[1299.055s][debug][gc,phases      ] GC(128)     Dead                           Min: 0, Avg:  0.0, Max: 0, Diff: 0, Sum: 0, Workers: 4
[1299.055s][debug][gc,phases      ] GC(128)     Total                          Min: 0, Avg: 73.5, Max: 166, Diff: 166, Sum: 294, Workers: 4
[1299.055s][debug][gc,phases      ] GC(128)   JVMTI Tag Weak OopStorage      Min:  0.0, Avg:  0.0, Max:  0.0, Diff:  0.0, Sum:  0.0, Workers: 4
[1299.055s][debug][gc,phases      ] GC(128)     Dead                           Min: 0, Avg:  0.0, Max: 0, Diff: 0, Sum: 0, Workers: 4
[1299.055s][debug][gc,phases      ] GC(128)     Total                          Min: 0, Avg:  0.0, Max: 0, Diff: 0, Sum: 0, Workers: 4
[1299.055s][debug][gc,phases      ] GC(128)   StringTable Weak               Min:  0.1, Avg:  0.1, Max:  0.1, Diff:  0.0, Sum:  0.4, Workers: 4
[1299.055s][debug][gc,phases      ] GC(128)     Dead                           Min: 0, Avg:  0.0, Max: 0, Diff: 0, Sum: 0, Workers: 4
[1299.055s][debug][gc,phases      ] GC(128)     Total                          Min: 11482, Avg: 12118.5, Max: 12608, Diff: 1126, Sum: 48474, Workers: 4
[1299.055s][debug][gc,phases      ] GC(128)   ResolvedMethodTable Weak       Min:  0.0, Avg:  0.0, Max:  0.0, Diff:  0.0, Sum:  0.1, Workers: 4
[1299.055s][debug][gc,phases      ] GC(128)     Dead                           Min: 0, Avg:  0.0, Max: 0, Diff: 0, Sum: 0, Workers: 4
[1299.055s][debug][gc,phases      ] GC(128)     Total                          Min: 1920, Avg: 2114.8, Max: 2368, Diff: 448, Sum: 8459, Workers: 4
[1299.055s][debug][gc,phases      ] GC(128)   JNI Weak                       Min:  0.0, Avg:  0.0, Max:  0.0, Diff:  0.0, Sum:  0.0, Workers: 4
[1299.055s][debug][gc,phases      ] GC(128)     Dead                           Min: 0, Avg:  0.0, Max: 0, Diff: 0, Sum: 0, Workers: 4
[1299.055s][debug][gc,phases      ] GC(128)     Total                          Min: 0, Avg:  0.0, Max: 0, Diff: 0, Sum: 0, Workers: 4
[1299.055s][debug][gc,phases      ] GC(128)   StringDedup Table Weak         Min:  0.0, Avg:  0.0, Max:  0.0, Diff:  0.0, Sum:  0.0, Workers: 4
[1299.055s][debug][gc,phases      ] GC(128)     Dead                           Min: 0, Avg:  0.0, Max: 0, Diff: 0, Sum: 0, Workers: 4
[1299.055s][debug][gc,phases      ] GC(128)     Total                          Min: 0, Avg:  0.0, Max: 0, Diff: 0, Sum: 0, Workers: 4
[1299.055s][debug][gc,phases      ] GC(128)   StringDedup Requests0 Weak     Min:  0.0, Avg:  0.0, Max:  0.0, Diff:  0.0, Sum:  0.0, Workers: 4
[1299.055s][debug][gc,phases      ] GC(128)     Dead                           Min: 0, Avg:  0.0, Max: 0, Diff: 0, Sum: 0, Workers: 4
[1299.055s][debug][gc,phases      ] GC(128)     Total                          Min: 0, Avg:  0.0, Max: 0, Diff: 0, Sum: 0, Workers: 4
[1299.055s][debug][gc,phases      ] GC(128)   StringDedup Requests1 Weak     Min:  0.0, Avg:  0.0, Max:  0.0, Diff:  0.0, Sum:  0.0, Workers: 4
[1299.055s][debug][gc,phases      ] GC(128)     Dead                           Min: 0, Avg:  0.0, Max: 0, Diff: 0, Sum: 0, Workers: 4
[1299.055s][debug][gc,phases      ] GC(128)     Total                          Min: 0, Avg:  0.0, Max: 0, Diff: 0, Sum: 0, Workers: 4
[1299.055s][debug][gc,phases      ] GC(128)   Weak JFR Old Object Samples    Min:  0.0, Avg:  0.0, Max:  0.0, Diff:  0.0, Sum:  0.0, Workers: 4
[1299.055s][debug][gc,phases      ] GC(128)     Dead                           Min: 0, Avg:  0.0, Max: 0, Diff: 0, Sum: 0, Workers: 4
[1299.055s][debug][gc,phases      ] GC(128)     Total                          Min: 0, Avg:  0.0, Max: 0, Diff: 0, Sum: 0, Workers: 4
[1299.055s][debug][gc,phases      ] GC(128) Weak Processing 0.303ms
[1299.055s][debug][gc,age         ] GC(128) Desired survivor size 134742016 bytes, new threshold 15 (max threshold 15)
[1299.055s][info ][gc,heap        ] GC(128) PSYoungGen: 1830656K(1963008K)->3504K(1961472K) Eden: 1827328K(1827328K)->0K(1827328K) From: 3328K(135680K)->3504K(134144K)
[1299.055s][info ][gc,heap        ] GC(128) ParOldGen: 497184K(581120K)->497184K(581120K)
[1299.055s][info ][gc,metaspace   ] GC(128) Metaspace: 84267K(85120K)->84267K(85120K) NonClass: 72494K(72960K)->72494K(72960K) Class: 11772K(12160K)->11772K(12160K)
[1299.055s][info ][gc             ] GC(128) Pause Young (Allocation Failure) 2273M->488M(2483M) 2.416ms
[1299.055s][info ][gc,cpu         ] GC(128) User=0.01s Sys=0.00s Real=0.00s
[1299.055s][info ][safepoint      ] Safepoint "ParallelGCFailedAllocation", Time since last: 35025871046 ns, Reaching safepoint: 45203 ns, At safepoint: 2507541 ns, Total: 2552744 ns
[1307.056s][info ][safepoint      ] Safepoint "Cleanup", Time since last: 8000554896 ns, Reaching safepoint: 118407 ns, At safepoint: 8601 ns, Total: 127008 ns
[1308.056s][info ][safepoint      ] Safepoint "Cleanup", Time since last: 1000108639 ns, Reaching safepoint: 128007 ns, At safepoint: 6201 ns, Total: 134208 ns
[1316.057s][info ][safepoint      ] Safepoint "Cleanup", Time since last: 8000690411 ns, Reaching safepoint: 99606 ns, At safepoint: 6300 ns, Total: 105906 ns
[1319.058s][info ][safepoint      ] Safepoint "Cleanup", Time since last: 3000246735 ns, Reaching safepoint: 126507 ns, At safepoint: 8601 ns, Total: 135108 ns
[1331.059s][info ][safepoint      ] Safepoint "Cleanup", Time since last: 12000938002 ns, Reaching safepoint: 69304 ns, At safepoint: 9000 ns, Total: 78304 ns
[1335.059s][info ][safepoint      ] Safepoint "Cleanup", Time since last: 4000304085 ns, Reaching safepoint: 61803 ns, At safepoint: 11101 ns, Total: 72904 ns
[1343.060s][info ][safepoint      ] Safepoint "Cleanup", Time since last: 8000546744 ns, Reaching safepoint: 45302 ns, At safepoint: 2700 ns, Total: 48002 ns
[1345.060s][info ][safepoint      ] Safepoint "Cleanup", Time since last: 2000178589 ns, Reaching safepoint: 54103 ns, At safepoint: 3700 ns, Total: 57803 ns
[1347.060s][info ][safepoint      ] Safepoint "Cleanup", Time since last: 2000176078 ns, Reaching safepoint: 49703 ns, At safepoint: 7800 ns, Total: 57503 ns
[1352.912s][info ][safepoint      ] Safepoint "Cleanup", Time since last: 5852287456 ns, Reaching safepoint: 56903 ns, At safepoint: 5401 ns, Total: 62304 ns
[1353.913s][info ][safepoint      ] Safepoint "Cleanup", Time since last: 1000101021 ns, Reaching safepoint: 45603 ns, At safepoint: 4000 ns, Total: 49603 ns
[1354.913s][info ][safepoint      ] Safepoint "Cleanup", Time since last: 1000125721 ns, Reaching safepoint: 69403 ns, At safepoint: 9101 ns, Total: 78504 ns
[1362.147s][info ][gc,start       ] GC(129) Pause Young (Allocation Failure)
[1362.150s][debug][gc,phases      ] GC(129) Scavenge 2.751ms
[1362.150s][debug][gc,ref         ] GC(129) Skipped phase 1 of Reference Processing: no references
[1362.150s][debug][gc,ref         ] GC(129) ReferenceProcessor::execute queues: 1, RefProcThreadModel::Single, marks_oops_alive: false
[1362.150s][debug][gc,ref         ] GC(129) Skipped phase 3 of Reference Processing: no references
[1362.150s][debug][gc,ref         ] GC(129) ReferenceProcessor::execute queues: 1, RefProcThreadModel::Single, marks_oops_alive: false
[1362.150s][debug][gc,phases      ] GC(129) Reference Processing 0.123ms
[1362.150s][debug][gc,phases      ] GC(129)   VM Weak                        Min:  0.0, Avg:  0.0, Max:  0.0, Diff:  0.0, Sum:  0.0, Workers: 4
[1362.150s][debug][gc,phases      ] GC(129)     Dead                           Min: 0, Avg:  0.0, Max: 0, Diff: 0, Sum: 0, Workers: 4
[1362.150s][debug][gc,phases      ] GC(129)     Total                          Min: 0, Avg: 179.5, Max: 654, Diff: 654, Sum: 718, Workers: 4
[1362.150s][debug][gc,phases      ] GC(129)   ObjectSynchronizer Weak        Min:  0.0, Avg:  0.0, Max:  0.0, Diff:  0.0, Sum:  0.0, Workers: 4
[1362.150s][debug][gc,phases      ] GC(129)     Dead                           Min: 0, Avg:  0.0, Max: 0, Diff: 0, Sum: 0, Workers: 4
[1362.150s][debug][gc,phases      ] GC(129)     Total                          Min: 0, Avg: 73.5, Max: 166, Diff: 166, Sum: 294, Workers: 4
[1362.150s][debug][gc,phases      ] GC(129)   JVMTI Tag Weak OopStorage      Min:  0.0, Avg:  0.0, Max:  0.0, Diff:  0.0, Sum:  0.0, Workers: 4
[1362.150s][debug][gc,phases      ] GC(129)     Dead                           Min: 0, Avg:  0.0, Max: 0, Diff: 0, Sum: 0, Workers: 4
[1362.150s][debug][gc,phases      ] GC(129)     Total                          Min: 0, Avg:  0.0, Max: 0, Diff: 0, Sum: 0, Workers: 4
[1362.150s][debug][gc,phases      ] GC(129)   StringTable Weak               Min:  0.1, Avg:  0.1, Max:  0.1, Diff:  0.0, Sum:  0.4, Workers: 4
[1362.150s][debug][gc,phases      ] GC(129)     Dead                           Min: 0, Avg:  0.0, Max: 0, Diff: 0, Sum: 0, Workers: 4
[1362.150s][debug][gc,phases      ] GC(129)     Total                          Min: 10925, Avg: 12123.2, Max: 13376, Diff: 2451, Sum: 48493, Workers: 4
[1362.150s][debug][gc,phases      ] GC(129)   ResolvedMethodTable Weak       Min:  0.0, Avg:  0.0, Max:  0.0, Diff:  0.0, Sum:  0.1, Workers: 4
[1362.150s][debug][gc,phases      ] GC(129)     Dead                           Min: 0, Avg:  0.0, Max: 0, Diff: 0, Sum: 0, Workers: 4
[1362.150s][debug][gc,phases      ] GC(129)     Total                          Min: 1870, Avg: 2115.5, Max: 2304, Diff: 434, Sum: 8462, Workers: 4
[1362.150s][debug][gc,phases      ] GC(129)   JNI Weak                       Min:  0.0, Avg:  0.0, Max:  0.0, Diff:  0.0, Sum:  0.0, Workers: 4
[1362.150s][debug][gc,phases      ] GC(129)     Dead                           Min: 0, Avg:  0.0, Max: 0, Diff: 0, Sum: 0, Workers: 4
[1362.150s][debug][gc,phases      ] GC(129)     Total                          Min: 0, Avg:  0.0, Max: 0, Diff: 0, Sum: 0, Workers: 4
[1362.150s][debug][gc,phases      ] GC(129)   StringDedup Table Weak         Min:  0.0, Avg:  0.0, Max:  0.0, Diff:  0.0, Sum:  0.0, Workers: 4
[1362.150s][debug][gc,phases      ] GC(129)     Dead                           Min: 0, Avg:  0.0, Max: 0, Diff: 0, Sum: 0, Workers: 4
[1362.150s][debug][gc,phases      ] GC(129)     Total                          Min: 0, Avg:  0.0, Max: 0, Diff: 0, Sum: 0, Workers: 4
[1362.150s][debug][gc,phases      ] GC(129)   StringDedup Requests0 Weak     Min:  0.0, Avg:  0.0, Max:  0.0, Diff:  0.0, Sum:  0.0, Workers: 4
[1362.150s][debug][gc,phases      ] GC(129)     Dead                           Min: 0, Avg:  0.0, Max: 0, Diff: 0, Sum: 0, Workers: 4
[1362.150s][debug][gc,phases      ] GC(129)     Total                          Min: 0, Avg:  0.0, Max: 0, Diff: 0, Sum: 0, Workers: 4
[1362.150s][debug][gc,phases      ] GC(129)   StringDedup Requests1 Weak     Min:  0.0, Avg:  0.0, Max:  0.0, Diff:  0.0, Sum:  0.0, Workers: 4
[1362.150s][debug][gc,phases      ] GC(129)     Dead                           Min: 0, Avg:  0.0, Max: 0, Diff: 0, Sum: 0, Workers: 4
[1362.150s][debug][gc,phases      ] GC(129)     Total                          Min: 0, Avg:  0.0, Max: 0, Diff: 0, Sum: 0, Workers: 4
[1362.150s][debug][gc,phases      ] GC(129)   Weak JFR Old Object Samples    Min:  0.0, Avg:  0.0, Max:  0.0, Diff:  0.0, Sum:  0.0, Workers: 4
[1362.150s][debug][gc,phases      ] GC(129)     Dead                           Min: 0, Avg:  0.0, Max: 0, Diff: 0, Sum: 0, Workers: 4
[1362.150s][debug][gc,phases      ] GC(129)     Total                          Min: 0, Avg:  0.0, Max: 0, Diff: 0, Sum: 0, Workers: 4
[1362.150s][debug][gc,phases      ] GC(129) Weak Processing 0.301ms
[1362.150s][debug][gc,age         ] GC(129) Desired survivor size 131072000 bytes, new threshold 15 (max threshold 15)
[1362.150s][info ][gc,heap        ] GC(129) PSYoungGen: 1830832K(1961472K)->3808K(1969152K) Eden: 1827328K(1827328K)->0K(1837568K) From: 3504K(134144K)->3808K(131584K)
[1362.150s][info ][gc,heap        ] GC(129) ParOldGen: 497184K(581120K)->497184K(581120K)
[1362.150s][info ][gc,metaspace   ] GC(129) Metaspace: 84293K(85184K)->84293K(85184K) NonClass: 72518K(73024K)->72518K(73024K) Class: 11774K(12160K)->11774K(12160K)
[1362.150s][info ][gc             ] GC(129) Pause Young (Allocation Failure) 2273M->489M(2490M) 3.300ms
[1362.150s][info ][gc,cpu         ] GC(129) User=0.01s Sys=0.00s Real=0.00s
[1362.150s][info ][safepoint      ] Safepoint "ParallelGCFailedAllocation", Time since last: 7233867745 ns, Reaching safepoint: 65304 ns, At safepoint: 3386690 ns, Total: 3451994 ns
[1368.151s][info ][safepoint      ] Safepoint "Cleanup", Time since last: 6000427549 ns, Reaching safepoint: 47302 ns, At safepoint: 7001 ns, Total: 54303 ns
[1371.151s][info ][safepoint      ] Safepoint "Cleanup", Time since last: 3000243543 ns, Reaching safepoint: 81505 ns, At safepoint: 9001 ns, Total: 90506 ns
[1381.152s][info ][safepoint      ] Safepoint "Cleanup", Time since last: 10000710854 ns, Reaching safepoint: 53503 ns, At safepoint: 5900 ns, Total: 59403 ns
[1394.153s][info ][safepoint      ] Safepoint "Cleanup", Time since last: 13000931204 ns, Reaching safepoint: 118707 ns, At safepoint: 5900 ns, Total: 124607 ns
[1421.155s][info ][safepoint      ] Safepoint "Cleanup", Time since last: 27001902034 ns, Reaching safepoint: 166309 ns, At safepoint: 11301 ns, Total: 177610 ns
[1422.155s][info ][safepoint      ] Safepoint "Cleanup", Time since last: 1000110365 ns, Reaching safepoint: 127207 ns, At safepoint: 9901 ns, Total: 137108 ns
[1424.709s][info ][gc,start       ] GC(130) Pause Young (Allocation Failure)
[1424.711s][debug][gc,phases      ] GC(130) Scavenge 2.222ms
[1424.711s][debug][gc,ref         ] GC(130) Skipped phase 1 of Reference Processing: no references
[1424.711s][debug][gc,ref         ] GC(130) ReferenceProcessor::execute queues: 1, RefProcThreadModel::Single, marks_oops_alive: false
[1424.711s][debug][gc,ref         ] GC(130) Skipped phase 3 of Reference Processing: no references
[1424.712s][debug][gc,ref         ] GC(130) Skipped phase 4 of Reference Processing: no references
[1424.712s][debug][gc,phases      ] GC(130) Reference Processing 0.103ms
[1424.712s][debug][gc,phases      ] GC(130)   VM Weak                        Min:  0.0, Avg:  0.0, Max:  0.0, Diff:  0.0, Sum:  0.0, Workers: 4
[1424.712s][debug][gc,phases      ] GC(130)     Dead                           Min: 0, Avg:  0.0, Max: 0, Diff: 0, Sum: 0, Workers: 4
[1424.712s][debug][gc,phases      ] GC(130)     Total                          Min: 0, Avg: 179.5, Max: 718, Diff: 718, Sum: 718, Workers: 4
[1424.712s][debug][gc,phases      ] GC(130)   ObjectSynchronizer Weak        Min:  0.0, Avg:  0.0, Max:  0.0, Diff:  0.0, Sum:  0.0, Workers: 4
[1424.712s][debug][gc,phases      ] GC(130)     Dead                           Min: 0, Avg:  0.0, Max: 0, Diff: 0, Sum: 0, Workers: 4
[1424.712s][debug][gc,phases      ] GC(130)     Total                          Min: 0, Avg: 73.5, Max: 256, Diff: 256, Sum: 294, Workers: 4
[1424.712s][debug][gc,phases      ] GC(130)   JVMTI Tag Weak OopStorage      Min:  0.0, Avg:  0.0, Max:  0.0, Diff:  0.0, Sum:  0.0, Workers: 4
[1424.712s][debug][gc,phases      ] GC(130)     Dead                           Min: 0, Avg:  0.0, Max: 0, Diff: 0, Sum: 0, Workers: 4
[1424.712s][debug][gc,phases      ] GC(130)     Total                          Min: 0, Avg:  0.0, Max: 0, Diff: 0, Sum: 0, Workers: 4
[1424.712s][debug][gc,phases      ] GC(130)   StringTable Weak               Min:  0.1, Avg:  0.1, Max:  0.1, Diff:  0.0, Sum:  0.4, Workers: 4
[1424.712s][debug][gc,phases      ] GC(130)     Dead                           Min: 0, Avg:  0.0, Max: 0, Diff: 0, Sum: 0, Workers: 4
[1424.712s][debug][gc,phases      ] GC(130)     Total                          Min: 10560, Avg: 12125.2, Max: 12864, Diff: 2304, Sum: 48501, Workers: 4
[1424.712s][debug][gc,phases      ] GC(130)   ResolvedMethodTable Weak       Min:  0.0, Avg:  0.0, Max:  0.0, Diff:  0.0, Sum:  0.1, Workers: 4
[1424.712s][debug][gc,phases      ] GC(130)     Dead                           Min: 0, Avg:  0.0, Max: 0, Diff: 0, Sum: 0, Workers: 4
[1424.712s][debug][gc,phases      ] GC(130)     Total                          Min: 1920, Avg: 2115.5, Max: 2318, Diff: 398, Sum: 8462, Workers: 4
[1424.712s][debug][gc,phases      ] GC(130)   JNI Weak                       Min:  0.0, Avg:  0.0, Max:  0.0, Diff:  0.0, Sum:  0.0, Workers: 4
[1424.712s][debug][gc,phases      ] GC(130)     Dead                           Min: 0, Avg:  0.0, Max: 0, Diff: 0, Sum: 0, Workers: 4
[1424.712s][debug][gc,phases      ] GC(130)     Total                          Min: 0, Avg:  0.0, Max: 0, Diff: 0, Sum: 0, Workers: 4
[1424.712s][debug][gc,phases      ] GC(130)   StringDedup Table Weak         Min:  0.0, Avg:  0.0, Max:  0.0, Diff:  0.0, Sum:  0.0, Workers: 4
[1424.712s][debug][gc,phases      ] GC(130)     Dead                           Min: 0, Avg:  0.0, Max: 0, Diff: 0, Sum: 0, Workers: 4
[1424.712s][debug][gc,phases      ] GC(130)     Total                          Min: 0, Avg:  0.0, Max: 0, Diff: 0, Sum: 0, Workers: 4
[1424.712s][debug][gc,phases      ] GC(130)   StringDedup Requests0 Weak     Min:  0.0, Avg:  0.0, Max:  0.0, Diff:  0.0, Sum:  0.0, Workers: 4
[1424.712s][debug][gc,phases      ] GC(130)     Dead                           Min: 0, Avg:  0.0, Max: 0, Diff: 0, Sum: 0, Workers: 4
[1424.712s][debug][gc,phases      ] GC(130)     Total                          Min: 0, Avg:  0.0, Max: 0, Diff: 0, Sum: 0, Workers: 4
[1424.712s][debug][gc,phases      ] GC(130)   StringDedup Requests1 Weak     Min:  0.0, Avg:  0.0, Max:  0.0, Diff:  0.0, Sum:  0.0, Workers: 4
[1424.712s][debug][gc,phases      ] GC(130)     Dead                           Min: 0, Avg:  0.0, Max: 0, Diff: 0, Sum: 0, Workers: 4
[1424.712s][debug][gc,phases      ] GC(130)     Total                          Min: 0, Avg:  0.0, Max: 0, Diff: 0, Sum: 0, Workers: 4
[1424.712s][debug][gc,phases      ] GC(130)   Weak JFR Old Object Samples    Min:  0.0, Avg:  0.0, Max:  0.0, Diff:  0.0, Sum:  0.0, Workers: 4
[1424.712s][debug][gc,phases      ] GC(130)     Dead                           Min: 0, Avg:  0.0, Max: 0, Diff: 0, Sum: 0, Workers: 4
[1424.712s][debug][gc,phases      ] GC(130)     Total                          Min: 0, Avg:  0.0, Max: 0, Diff: 0, Sum: 0, Workers: 4
[1424.712s][debug][gc,phases      ] GC(130) Weak Processing 0.319ms
[1424.712s][debug][gc,age         ] GC(130) Desired survivor size 126877696 bytes, new threshold 15 (max threshold 15)
[1424.712s][info ][gc,heap        ] GC(130) PSYoungGen: 1841376K(1969152K)->3808K(1965568K) Eden: 1837568K(1837568K)->0K(1837568K) From: 3808K(131584K)->3808K(128000K)
[1424.712s][info ][gc,heap        ] GC(130) ParOldGen: 497184K(581120K)->497184K(581120K)
[1424.712s][info ][gc,metaspace   ] GC(130) Metaspace: 84298K(85184K)->84298K(85184K) NonClass: 72523K(73024K)->72523K(73024K) Class: 11774K(12160K)->11774K(12160K)
[1424.712s][info ][gc             ] GC(130) Pause Young (Allocation Failure) 2283M->489M(2487M) 2.782ms
[1424.712s][info ][gc,cpu         ] GC(130) User=0.01s Sys=0.00s Real=0.00s
[1424.712s][info ][safepoint      ] Safepoint "ParallelGCFailedAllocation", Time since last: 2553969309 ns, Reaching safepoint: 32001 ns, At safepoint: 2864061 ns, Total: 2896062 ns
[1428.712s][info ][safepoint      ] Safepoint "Cleanup", Time since last: 4000254708 ns, Reaching safepoint: 54303 ns, At safepoint: 8100 ns, Total: 62403 ns
[1429.712s][info ][safepoint      ] Safepoint "Cleanup", Time since last: 1000103749 ns, Reaching safepoint: 46903 ns, At safepoint: 2700 ns, Total: 49603 ns
[1430.713s][info ][safepoint      ] Safepoint "Cleanup", Time since last: 1000108847 ns, Reaching safepoint: 31602 ns, At safepoint: 2200 ns, Total: 33802 ns
[1438.713s][info ][safepoint      ] Safepoint "Cleanup", Time since last: 8000545184 ns, Reaching safepoint: 54903 ns, At safepoint: 9001 ns, Total: 63904 ns
[1443.714s][info ][safepoint      ] Safepoint "Cleanup", Time since last: 5000350510 ns, Reaching safepoint: 43802 ns, At safepoint: 2300 ns, Total: 46102 ns
[1444.714s][info ][safepoint      ] Safepoint "Cleanup", Time since last: 1000113219 ns, Reaching safepoint: 53503 ns, At safepoint: 7100 ns, Total: 60603 ns
[1455.715s][info ][safepoint      ] Safepoint "Cleanup", Time since last: 11000794841 ns, Reaching safepoint: 47403 ns, At safepoint: 3500 ns, Total: 50903 ns
[1484.716s][info ][safepoint      ] Safepoint "Cleanup", Time since last: 29001886147 ns, Reaching safepoint: 53203 ns, At safepoint: 5900 ns, Total: 59103 ns
[1487.717s][info ][safepoint      ] Safepoint "Cleanup", Time since last: 3000214000 ns, Reaching safepoint: 38102 ns, At safepoint: 2300 ns, Total: 40402 ns
[1488.717s][info ][safepoint      ] Safepoint "Cleanup", Time since last: 1000124332 ns, Reaching safepoint: 36902 ns, At safepoint: 2700 ns, Total: 39602 ns
[1489.270s][info ][gc,start       ] GC(131) Pause Young (Allocation Failure)
[1489.273s][debug][gc,phases      ] GC(131) Scavenge 2.471ms
[1489.273s][debug][gc,ref         ] GC(131) Skipped phase 1 of Reference Processing: no references
[1489.273s][debug][gc,ref         ] GC(131) ReferenceProcessor::execute queues: 1, RefProcThreadModel::Single, marks_oops_alive: false
[1489.273s][debug][gc,ref         ] GC(131) Skipped phase 3 of Reference Processing: no references
[1489.273s][debug][gc,ref         ] GC(131) Skipped phase 4 of Reference Processing: no references
[1489.273s][debug][gc,phases      ] GC(131) Reference Processing 0.111ms
[1489.273s][debug][gc,phases      ] GC(131)   VM Weak                        Min:  0.0, Avg:  0.0, Max:  0.0, Diff:  0.0, Sum:  0.0, Workers: 4
[1489.273s][debug][gc,phases      ] GC(131)     Dead                           Min: 0, Avg:  0.0, Max: 0, Diff: 0, Sum: 0, Workers: 4
[1489.273s][debug][gc,phases      ] GC(131)     Total                          Min: 0, Avg: 179.5, Max: 448, Diff: 448, Sum: 718, Workers: 4
[1489.273s][debug][gc,phases      ] GC(131)   ObjectSynchronizer Weak        Min:  0.0, Avg:  0.0, Max:  0.0, Diff:  0.0, Sum:  0.0, Workers: 4
[1489.273s][debug][gc,phases      ] GC(131)     Dead                           Min: 0, Avg:  0.0, Max: 0, Diff: 0, Sum: 0, Workers: 4
[1489.273s][debug][gc,phases      ] GC(131)     Total                          Min: 0, Avg: 73.5, Max: 128, Diff: 128, Sum: 294, Workers: 4
[1489.273s][debug][gc,phases      ] GC(131)   JVMTI Tag Weak OopStorage      Min:  0.0, Avg:  0.0, Max:  0.0, Diff:  0.0, Sum:  0.0, Workers: 4
[1489.273s][debug][gc,phases      ] GC(131)     Dead                           Min: 0, Avg:  0.0, Max: 0, Diff: 0, Sum: 0, Workers: 4
[1489.273s][debug][gc,phases      ] GC(131)     Total                          Min: 0, Avg:  0.0, Max: 0, Diff: 0, Sum: 0, Workers: 4
[1489.273s][debug][gc,phases      ] GC(131)   StringTable Weak               Min:  0.1, Avg:  0.1, Max:  0.1, Diff:  0.0, Sum:  0.5, Workers: 4
[1489.273s][debug][gc,phases      ] GC(131)     Dead                           Min: 0, Avg:  0.0, Max: 0, Diff: 0, Sum: 0, Workers: 4
[1489.273s][debug][gc,phases      ] GC(131)     Total                          Min: 10752, Avg: 12125.2, Max: 13376, Diff: 2624, Sum: 48501, Workers: 4
[1489.273s][debug][gc,phases      ] GC(131)   ResolvedMethodTable Weak       Min:  0.0, Avg:  0.0, Max:  0.0, Diff:  0.0, Sum:  0.1, Workers: 4
[1489.273s][debug][gc,phases      ] GC(131)     Dead                           Min: 0, Avg:  0.0, Max: 0, Diff: 0, Sum: 0, Workers: 4
[1489.273s][debug][gc,phases      ] GC(131)     Total                          Min: 1920, Avg: 2115.5, Max: 2496, Diff: 576, Sum: 8462, Workers: 4
[1489.273s][debug][gc,phases      ] GC(131)   JNI Weak                       Min:  0.0, Avg:  0.0, Max:  0.0, Diff:  0.0, Sum:  0.0, Workers: 4
[1489.273s][debug][gc,phases      ] GC(131)     Dead                           Min: 0, Avg:  0.0, Max: 0, Diff: 0, Sum: 0, Workers: 4
[1489.273s][debug][gc,phases      ] GC(131)     Total                          Min: 0, Avg:  0.0, Max: 0, Diff: 0, Sum: 0, Workers: 4
[1489.273s][debug][gc,phases      ] GC(131)   StringDedup Table Weak         Min:  0.0, Avg:  0.0, Max:  0.0, Diff:  0.0, Sum:  0.0, Workers: 4
[1489.273s][debug][gc,phases      ] GC(131)     Dead                           Min: 0, Avg:  0.0, Max: 0, Diff: 0, Sum: 0, Workers: 4
[1489.273s][debug][gc,phases      ] GC(131)     Total                          Min: 0, Avg:  0.0, Max: 0, Diff: 0, Sum: 0, Workers: 4
[1489.273s][debug][gc,phases      ] GC(131)   StringDedup Requests0 Weak     Min:  0.0, Avg:  0.0, Max:  0.0, Diff:  0.0, Sum:  0.0, Workers: 4
[1489.273s][debug][gc,phases      ] GC(131)     Dead                           Min: 0, Avg:  0.0, Max: 0, Diff: 0, Sum: 0, Workers: 4
[1489.273s][debug][gc,phases      ] GC(131)     Total                          Min: 0, Avg:  0.0, Max: 0, Diff: 0, Sum: 0, Workers: 4
[1489.273s][debug][gc,phases      ] GC(131)   StringDedup Requests1 Weak     Min:  0.0, Avg:  0.0, Max:  0.0, Diff:  0.0, Sum:  0.0, Workers: 4
[1489.273s][debug][gc,phases      ] GC(131)     Dead                           Min: 0, Avg:  0.0, Max: 0, Diff: 0, Sum: 0, Workers: 4
[1489.273s][debug][gc,phases      ] GC(131)     Total                          Min: 0, Avg:  0.0, Max: 0, Diff: 0, Sum: 0, Workers: 4
[1489.273s][debug][gc,phases      ] GC(131)   Weak JFR Old Object Samples    Min:  0.0, Avg:  0.0, Max:  0.0, Diff:  0.0, Sum:  0.0, Workers: 4
[1489.273s][debug][gc,phases      ] GC(131)     Dead                           Min: 0, Avg:  0.0, Max: 0, Diff: 0, Sum: 0, Workers: 4
[1489.273s][debug][gc,phases      ] GC(131)     Total                          Min: 0, Avg:  0.0, Max: 0, Diff: 0, Sum: 0, Workers: 4
[1489.273s][debug][gc,phases      ] GC(131) Weak Processing 0.333ms
[1489.273s][debug][gc,age         ] GC(131) Desired survivor size 122159104 bytes, new threshold 15 (max threshold 15)
[1489.273s][info ][gc,heap        ] GC(131) PSYoungGen: 1841376K(1965568K)->4128K(1977856K) Eden: 1837568K(1837568K)->0K(1853952K) From: 3808K(128000K)->4128K(123904K)
[1489.273s][info ][gc,heap        ] GC(131) ParOldGen: 497184K(581120K)->497184K(581120K)
[1489.273s][info ][gc,metaspace   ] GC(131) Metaspace: 84303K(85184K)->84303K(85184K) NonClass: 72529K(73024K)->72529K(73024K) Class: 11774K(12160K)->11774K(12160K)
[1489.273s][info ][gc             ] GC(131) Pause Young (Allocation Failure) 2283M->489M(2499M) 3.048ms
[1489.273s][info ][gc,cpu         ] GC(131) User=0.01s Sys=0.00s Real=0.01s
[1489.273s][info ][safepoint      ] Safepoint "ParallelGCFailedAllocation", Time since last: 553285187 ns, Reaching safepoint: 52603 ns, At safepoint: 3145275 ns, Total: 3197878 ns
[1513.275s][info ][safepoint      ] Safepoint "Cleanup", Time since last: 24001489112 ns, Reaching safepoint: 51303 ns, At safepoint: 2600 ns, Total: 53903 ns
[1515.275s][info ][safepoint      ] Safepoint "Cleanup", Time since last: 2000178465 ns, Reaching safepoint: 50303 ns, At safepoint: 3400 ns, Total: 53703 ns
[1516.275s][info ][safepoint      ] Safepoint "Cleanup", Time since last: 1000104381 ns, Reaching safepoint: 52202 ns, At safepoint: 2601 ns, Total: 54803 ns
[1526.276s][info ][safepoint      ] Safepoint "Cleanup", Time since last: 10000633586 ns, Reaching safepoint: 51403 ns, At safepoint: 21701 ns, Total: 73104 ns
[1528.276s][info ][safepoint      ] Safepoint "Cleanup", Time since last: 2000172519 ns, Reaching safepoint: 64503 ns, At safepoint: 5701 ns, Total: 70204 ns
[1529.276s][info ][safepoint      ] Safepoint "Cleanup", Time since last: 1000131259 ns, Reaching safepoint: 52603 ns, At safepoint: 7900 ns, Total: 60503 ns
[1532.277s][info ][safepoint      ] Safepoint "Cleanup", Time since last: 3000231959 ns, Reaching safepoint: 44002 ns, At safepoint: 5000 ns, Total: 49002 ns
[1533.277s][info ][safepoint      ] Safepoint "Cleanup", Time since last: 1000113652 ns, Reaching safepoint: 47902 ns, At safepoint: 9001 ns, Total: 56903 ns
[1535.277s][info ][safepoint      ] Safepoint "Cleanup", Time since last: 2000172994 ns, Reaching safepoint: 41603 ns, At safepoint: 2300 ns, Total: 43903 ns
[1551.278s][info ][safepoint      ] Safepoint "Cleanup", Time since last: 16001082293 ns, Reaching safepoint: 47003 ns, At safepoint: 4000 ns, Total: 51003 ns
[1553.836s][info ][gc,start       ] GC(132) Pause Young (Allocation Failure)
[1553.838s][debug][gc,phases      ] GC(132) Scavenge 2.260ms
[1553.839s][debug][gc,ref         ] GC(132) Skipped phase 1 of Reference Processing: no references
[1553.839s][debug][gc,ref         ] GC(132) ReferenceProcessor::execute queues: 1, RefProcThreadModel::Single, marks_oops_alive: false
[1553.839s][debug][gc,ref         ] GC(132) Skipped phase 3 of Reference Processing: no references
[1553.839s][debug][gc,ref         ] GC(132) ReferenceProcessor::execute queues: 1, RefProcThreadModel::Single, marks_oops_alive: false
[1553.839s][debug][gc,phases      ] GC(132) Reference Processing 0.104ms
[1553.839s][debug][gc,phases      ] GC(132)   VM Weak                        Min:  0.0, Avg:  0.0, Max:  0.0, Diff:  0.0, Sum:  0.0, Workers: 4
[1553.839s][debug][gc,phases      ] GC(132)     Dead                           Min: 0, Avg:  0.0, Max: 0, Diff: 0, Sum: 0, Workers: 4
[1553.839s][debug][gc,phases      ] GC(132)     Total                          Min: 0, Avg: 179.5, Max: 320, Diff: 320, Sum: 718, Workers: 4
[1553.839s][debug][gc,phases      ] GC(132)   ObjectSynchronizer Weak        Min:  0.0, Avg:  0.0, Max:  0.0, Diff:  0.0, Sum:  0.0, Workers: 4
[1553.839s][debug][gc,phases      ] GC(132)     Dead                           Min: 0, Avg:  0.0, Max: 0, Diff: 0, Sum: 0, Workers: 4
[1553.839s][debug][gc,phases      ] GC(132)     Total                          Min: 0, Avg: 73.5, Max: 128, Diff: 128, Sum: 294, Workers: 4
[1553.839s][debug][gc,phases      ] GC(132)   JVMTI Tag Weak OopStorage      Min:  0.0, Avg:  0.0, Max:  0.0, Diff:  0.0, Sum:  0.0, Workers: 4
[1553.839s][debug][gc,phases      ] GC(132)     Dead                           Min: 0, Avg:  0.0, Max: 0, Diff: 0, Sum: 0, Workers: 4
[1553.839s][debug][gc,phases      ] GC(132)     Total                          Min: 0, Avg:  0.0, Max: 0, Diff: 0, Sum: 0, Workers: 4
[1553.839s][debug][gc,phases      ] GC(132)   StringTable Weak               Min:  0.1, Avg:  0.1, Max:  0.1, Diff:  0.0, Sum:  0.4, Workers: 4
[1553.839s][debug][gc,phases      ] GC(132)     Dead                           Min: 0, Avg:  0.0, Max: 0, Diff: 0, Sum: 0, Workers: 4
[1553.839s][debug][gc,phases      ] GC(132)     Total                          Min: 11136, Avg: 12127.2, Max: 12800, Diff: 1664, Sum: 48509, Workers: 4
[1553.839s][debug][gc,phases      ] GC(132)   ResolvedMethodTable Weak       Min:  0.0, Avg:  0.0, Max:  0.0, Diff:  0.0, Sum:  0.1, Workers: 4
[1553.839s][debug][gc,phases      ] GC(132)     Dead                           Min: 0, Avg:  0.0, Max: 0, Diff: 0, Sum: 0, Workers: 4
[1553.839s][debug][gc,phases      ] GC(132)     Total                          Min: 1920, Avg: 2115.5, Max: 2318, Diff: 398, Sum: 8462, Workers: 4
[1553.839s][debug][gc,phases      ] GC(132)   JNI Weak                       Min:  0.0, Avg:  0.0, Max:  0.0, Diff:  0.0, Sum:  0.0, Workers: 4
[1553.839s][debug][gc,phases      ] GC(132)     Dead                           Min: 0, Avg:  0.0, Max: 0, Diff: 0, Sum: 0, Workers: 4
[1553.839s][debug][gc,phases      ] GC(132)     Total                          Min: 0, Avg:  0.0, Max: 0, Diff: 0, Sum: 0, Workers: 4
[1553.839s][debug][gc,phases      ] GC(132)   StringDedup Table Weak         Min:  0.0, Avg:  0.0, Max:  0.0, Diff:  0.0, Sum:  0.0, Workers: 4
[1553.839s][debug][gc,phases      ] GC(132)     Dead                           Min: 0, Avg:  0.0, Max: 0, Diff: 0, Sum: 0, Workers: 4
[1553.839s][debug][gc,phases      ] GC(132)     Total                          Min: 0, Avg:  0.0, Max: 0, Diff: 0, Sum: 0, Workers: 4
[1553.839s][debug][gc,phases      ] GC(132)   StringDedup Requests0 Weak     Min:  0.0, Avg:  0.0, Max:  0.0, Diff:  0.0, Sum:  0.0, Workers: 4
[1553.839s][debug][gc,phases      ] GC(132)     Dead                           Min: 0, Avg:  0.0, Max: 0, Diff: 0, Sum: 0, Workers: 4
[1553.839s][debug][gc,phases      ] GC(132)     Total                          Min: 0, Avg:  0.0, Max: 0, Diff: 0, Sum: 0, Workers: 4
[1553.839s][debug][gc,phases      ] GC(132)   StringDedup Requests1 Weak     Min:  0.0, Avg:  0.0, Max:  0.0, Diff:  0.0, Sum:  0.0, Workers: 4
[1553.839s][debug][gc,phases      ] GC(132)     Dead                           Min: 0, Avg:  0.0, Max: 0, Diff: 0, Sum: 0, Workers: 4
[1553.839s][debug][gc,phases      ] GC(132)     Total                          Min: 0, Avg:  0.0, Max: 0, Diff: 0, Sum: 0, Workers: 4
[1553.839s][debug][gc,phases      ] GC(132)   Weak JFR Old Object Samples    Min:  0.0, Avg:  0.0, Max:  0.0, Diff:  0.0, Sum:  0.0, Workers: 4
[1553.839s][debug][gc,phases      ] GC(132)     Dead                           Min: 0, Avg:  0.0, Max: 0, Diff: 0, Sum: 0, Workers: 4
[1553.839s][debug][gc,phases      ] GC(132)     Total                          Min: 0, Avg:  0.0, Max: 0, Diff: 0, Sum: 0, Workers: 4
[1553.839s][debug][gc,phases      ] GC(132) Weak Processing 0.398ms
[1553.839s][debug][gc,age         ] GC(132) Desired survivor size 116916224 bytes, new threshold 15 (max threshold 15)
[1553.839s][info ][gc,heap        ] GC(132) PSYoungGen: 1858080K(1977856K)->4272K(1973248K) Eden: 1853952K(1853952K)->0K(1853952K) From: 4128K(123904K)->4272K(119296K)
[1553.839s][info ][gc,heap        ] GC(132) ParOldGen: 497184K(581120K)->497192K(581120K)
[1553.839s][info ][gc,metaspace   ] GC(132) Metaspace: 84330K(85184K)->84330K(85184K) NonClass: 72555K(73024K)->72555K(73024K) Class: 11774K(12160K)->11774K(12160K)
[1553.839s][info ][gc             ] GC(132) Pause Young (Allocation Failure) 2300M->489M(2494M) 2.886ms
[1553.839s][info ][gc,cpu         ] GC(132) User=0.01s Sys=0.00s Real=0.00s
[1553.839s][info ][safepoint      ] Safepoint "ParallelGCFailedAllocation", Time since last: 2557822800 ns, Reaching safepoint: 31102 ns, At safepoint: 2966865 ns, Total: 2997967 ns
[1557.839s][info ][safepoint      ] Safepoint "Cleanup", Time since last: 4000278440 ns, Reaching safepoint: 51303 ns, At safepoint: 2700 ns, Total: 54003 ns
[1558.840s][info ][safepoint      ] Safepoint "Cleanup", Time since last: 1000121009 ns, Reaching safepoint: 43102 ns, At safepoint: 2300 ns, Total: 45402 ns
[1561.840s][info ][safepoint      ] Safepoint "Cleanup", Time since last: 3000248110 ns, Reaching safepoint: 49303 ns, At safepoint: 6200 ns, Total: 55503 ns
[1562.840s][info ][safepoint      ] Safepoint "Cleanup", Time since last: 1000106102 ns, Reaching safepoint: 49202 ns, At safepoint: 2301 ns, Total: 51503 ns
[1564.840s][info ][safepoint      ] Safepoint "Cleanup", Time since last: 2000157594 ns, Reaching safepoint: 48803 ns, At safepoint: 2200 ns, Total: 51003 ns
[1575.841s][info ][safepoint      ] Safepoint "Cleanup", Time since last: 11000761050 ns, Reaching safepoint: 57803 ns, At safepoint: 5200 ns, Total: 63003 ns
[1591.842s][info ][safepoint      ] Safepoint "Cleanup", Time since last: 16001034036 ns, Reaching safepoint: 45702 ns, At safepoint: 2600 ns, Total: 48302 ns
[1593.842s][info ][safepoint      ] Safepoint "Cleanup", Time since last: 2000222107 ns, Reaching safepoint: 46303 ns, At safepoint: 4000 ns, Total: 50303 ns
[1610.844s][info ][safepoint      ] Safepoint "Cleanup", Time since last: 17001079916 ns, Reaching safepoint: 43303 ns, At safepoint: 2900 ns, Total: 46203 ns
[1617.844s][info ][safepoint      ] Safepoint "Cleanup", Time since last: 7000510932 ns, Reaching safepoint: 46603 ns, At safepoint: 35802 ns, Total: 82405 ns
[1618.398s][info ][gc,start       ] GC(133) Pause Young (Allocation Failure)
[1618.400s][debug][gc,phases      ] GC(133) Scavenge 2.250ms
[1618.400s][debug][gc,ref         ] GC(133) Skipped phase 1 of Reference Processing: no references
[1618.400s][debug][gc,ref         ] GC(133) ReferenceProcessor::execute queues: 1, RefProcThreadModel::Single, marks_oops_alive: false
[1618.400s][debug][gc,ref         ] GC(133) Skipped phase 3 of Reference Processing: no references
[1618.400s][debug][gc,ref         ] GC(133) Skipped phase 4 of Reference Processing: no references
[1618.400s][debug][gc,phases      ] GC(133) Reference Processing 0.104ms
[1618.400s][debug][gc,phases      ] GC(133)   VM Weak                        Min:  0.0, Avg:  0.0, Max:  0.0, Diff:  0.0, Sum:  0.0, Workers: 4
[1618.400s][debug][gc,phases      ] GC(133)     Dead                           Min: 0, Avg:  0.0, Max: 0, Diff: 0, Sum: 0, Workers: 4
[1618.400s][debug][gc,phases      ] GC(133)     Total                          Min: 0, Avg: 179.5, Max: 462, Diff: 462, Sum: 718, Workers: 4
[1618.400s][debug][gc,phases      ] GC(133)   ObjectSynchronizer Weak        Min:  0.0, Avg:  0.0, Max:  0.0, Diff:  0.0, Sum:  0.0, Workers: 4
[1618.400s][debug][gc,phases      ] GC(133)     Dead                           Min: 0, Avg:  0.0, Max: 0, Diff: 0, Sum: 0, Workers: 4
[1618.400s][debug][gc,phases      ] GC(133)     Total                          Min: 38, Avg: 73.5, Max: 128, Diff: 90, Sum: 294, Workers: 4
[1618.400s][debug][gc,phases      ] GC(133)   JVMTI Tag Weak OopStorage      Min:  0.0, Avg:  0.0, Max:  0.0, Diff:  0.0, Sum:  0.0, Workers: 4
[1618.400s][debug][gc,phases      ] GC(133)     Dead                           Min: 0, Avg:  0.0, Max: 0, Diff: 0, Sum: 0, Workers: 4
[1618.400s][debug][gc,phases      ] GC(133)     Total                          Min: 0, Avg:  0.0, Max: 0, Diff: 0, Sum: 0, Workers: 4
[1618.400s][debug][gc,phases      ] GC(133)   StringTable Weak               Min:  0.1, Avg:  0.1, Max:  0.1, Diff:  0.0, Sum:  0.4, Workers: 4
[1618.400s][debug][gc,phases      ] GC(133)     Dead                           Min: 0, Avg:  0.0, Max: 0, Diff: 0, Sum: 0, Workers: 4
[1618.400s][debug][gc,phases      ] GC(133)     Total                          Min: 10944, Avg: 12127.2, Max: 12672, Diff: 1728, Sum: 48509, Workers: 4
[1618.400s][debug][gc,phases      ] GC(133)   ResolvedMethodTable Weak       Min:  0.0, Avg:  0.0, Max:  0.0, Diff:  0.0, Sum:  0.1, Workers: 4
[1618.400s][debug][gc,phases      ] GC(133)     Dead                           Min: 0, Avg:  0.0, Max: 0, Diff: 0, Sum: 0, Workers: 4
[1618.400s][debug][gc,phases      ] GC(133)     Total                          Min: 1998, Avg: 2115.5, Max: 2304, Diff: 306, Sum: 8462, Workers: 4
[1618.400s][debug][gc,phases      ] GC(133)   JNI Weak                       Min:  0.0, Avg:  0.0, Max:  0.0, Diff:  0.0, Sum:  0.0, Workers: 4
[1618.400s][debug][gc,phases      ] GC(133)     Dead                           Min: 0, Avg:  0.0, Max: 0, Diff: 0, Sum: 0, Workers: 4
[1618.400s][debug][gc,phases      ] GC(133)     Total                          Min: 0, Avg:  0.0, Max: 0, Diff: 0, Sum: 0, Workers: 4
[1618.400s][debug][gc,phases      ] GC(133)   StringDedup Table Weak         Min:  0.0, Avg:  0.0, Max:  0.0, Diff:  0.0, Sum:  0.0, Workers: 4
[1618.400s][debug][gc,phases      ] GC(133)     Dead                           Min: 0, Avg:  0.0, Max: 0, Diff: 0, Sum: 0, Workers: 4
[1618.400s][debug][gc,phases      ] GC(133)     Total                          Min: 0, Avg:  0.0, Max: 0, Diff: 0, Sum: 0, Workers: 4
[1618.400s][debug][gc,phases      ] GC(133)   StringDedup Requests0 Weak     Min:  0.0, Avg:  0.0, Max:  0.0, Diff:  0.0, Sum:  0.0, Workers: 4
[1618.400s][debug][gc,phases      ] GC(133)     Dead                           Min: 0, Avg:  0.0, Max: 0, Diff: 0, Sum: 0, Workers: 4
[1618.400s][debug][gc,phases      ] GC(133)     Total                          Min: 0, Avg:  0.0, Max: 0, Diff: 0, Sum: 0, Workers: 4
[1618.400s][debug][gc,phases      ] GC(133)   StringDedup Requests1 Weak     Min:  0.0, Avg:  0.0, Max:  0.0, Diff:  0.0, Sum:  0.0, Workers: 4
[1618.401s][debug][gc,phases      ] GC(133)     Dead                           Min: 0, Avg:  0.0, Max: 0, Diff: 0, Sum: 0, Workers: 4
[1618.401s][debug][gc,phases      ] GC(133)     Total                          Min: 0, Avg:  0.0, Max: 0, Diff: 0, Sum: 0, Workers: 4
[1618.401s][debug][gc,phases      ] GC(133)   Weak JFR Old Object Samples    Min:  0.0, Avg:  0.0, Max:  0.0, Diff:  0.0, Sum:  0.0, Workers: 4
[1618.401s][debug][gc,phases      ] GC(133)     Dead                           Min: 0, Avg:  0.0, Max: 0, Diff: 0, Sum: 0, Workers: 4
[1618.401s][debug][gc,phases      ] GC(133)     Total                          Min: 0, Avg:  0.0, Max: 0, Diff: 0, Sum: 0, Workers: 4
[1618.401s][debug][gc,phases      ] GC(133) Weak Processing 0.325ms
[1618.401s][debug][gc,age         ] GC(133) Desired survivor size 111673344 bytes, new threshold 15 (max threshold 15)
[1618.401s][info ][gc,heap        ] GC(133) PSYoungGen: 1858224K(1973248K)->4320K(1988096K) Eden: 1853952K(1853952K)->0K(1873920K) From: 4272K(119296K)->4320K(114176K)
[1618.401s][info ][gc,heap        ] GC(133) ParOldGen: 497192K(581120K)->497192K(581120K)
[1618.401s][info ][gc,metaspace   ] GC(133) Metaspace: 84339K(85184K)->84339K(85184K) NonClass: 72565K(73024K)->72565K(73024K) Class: 11774K(12160K)->11774K(12160K)
[1618.401s][info ][gc             ] GC(133) Pause Young (Allocation Failure) 2300M->489M(2509M) 2.803ms
[1618.401s][info ][gc,cpu         ] GC(133) User=0.01s Sys=0.00s Real=0.00s
[1618.401s][info ][safepoint      ] Safepoint "ParallelGCFailedAllocation", Time since last: 553455077 ns, Reaching safepoint: 100505 ns, At safepoint: 2887261 ns, Total: 2987766 ns
[1623.401s][info ][safepoint      ] Safepoint "Cleanup", Time since last: 5000324544 ns, Reaching safepoint: 42203 ns, At safepoint: 6500 ns, Total: 48703 ns
[1638.402s][info ][safepoint      ] Safepoint "Cleanup", Time since last: 15001026920 ns, Reaching safepoint: 53303 ns, At safepoint: 3600 ns, Total: 56903 ns
[1688.453s][info ][gc,start       ] GC(134) Pause Young (Allocation Failure)
[1688.455s][debug][gc,phases      ] GC(134) Scavenge 2.265ms
[1688.455s][debug][gc,ref         ] GC(134) Skipped phase 1 of Reference Processing: no references
[1688.455s][debug][gc,ref         ] GC(134) ReferenceProcessor::execute queues: 1, RefProcThreadModel::Single, marks_oops_alive: false
[1688.455s][debug][gc,ref         ] GC(134) Skipped phase 3 of Reference Processing: no references
[1688.455s][debug][gc,ref         ] GC(134) Skipped phase 4 of Reference Processing: no references
[1688.455s][debug][gc,phases      ] GC(134) Reference Processing 0.118ms
[1688.456s][debug][gc,phases      ] GC(134)   VM Weak                        Min:  0.0, Avg:  0.0, Max:  0.0, Diff:  0.0, Sum:  0.0, Workers: 4
[1688.456s][debug][gc,phases      ] GC(134)     Dead                           Min: 0, Avg:  0.0, Max: 0, Diff: 0, Sum: 0, Workers: 4
[1688.456s][debug][gc,phases      ] GC(134)     Total                          Min: 0, Avg: 179.5, Max: 448, Diff: 448, Sum: 718, Workers: 4
[1688.456s][debug][gc,phases      ] GC(134)   ObjectSynchronizer Weak        Min:  0.0, Avg:  0.0, Max:  0.0, Diff:  0.0, Sum:  0.0, Workers: 4
[1688.456s][debug][gc,phases      ] GC(134)     Dead                           Min: 0, Avg:  0.0, Max: 0, Diff: 0, Sum: 0, Workers: 4
[1688.456s][debug][gc,phases      ] GC(134)     Total                          Min: 0, Avg: 73.5, Max: 166, Diff: 166, Sum: 294, Workers: 4
[1688.456s][debug][gc,phases      ] GC(134)   JVMTI Tag Weak OopStorage      Min:  0.0, Avg:  0.0, Max:  0.0, Diff:  0.0, Sum:  0.0, Workers: 4
[1688.456s][debug][gc,phases      ] GC(134)     Dead                           Min: 0, Avg:  0.0, Max: 0, Diff: 0, Sum: 0, Workers: 4
[1688.456s][debug][gc,phases      ] GC(134)     Total                          Min: 0, Avg:  0.0, Max: 0, Diff: 0, Sum: 0, Workers: 4
[1688.456s][debug][gc,phases      ] GC(134)   StringTable Weak               Min:  0.1, Avg:  0.1, Max:  0.1, Diff:  0.0, Sum:  0.4, Workers: 4
[1688.456s][debug][gc,phases      ] GC(134)     Dead                           Min: 0, Avg:  0.0, Max: 0, Diff: 0, Sum: 0, Workers: 4
[1688.456s][debug][gc,phases      ] GC(134)     Total                          Min: 11648, Avg: 12127.2, Max: 12608, Diff: 960, Sum: 48509, Workers: 4
[1688.456s][debug][gc,phases      ] GC(134)   ResolvedMethodTable Weak       Min:  0.0, Avg:  0.0, Max:  0.0, Diff:  0.0, Sum:  0.1, Workers: 4
[1688.456s][debug][gc,phases      ] GC(134)     Dead                           Min: 0, Avg:  0.0, Max: 0, Diff: 0, Sum: 0, Workers: 4
[1688.456s][debug][gc,phases      ] GC(134)     Total                          Min: 1664, Avg: 2115.5, Max: 2560, Diff: 896, Sum: 8462, Workers: 4
[1688.456s][debug][gc,phases      ] GC(134)   JNI Weak                       Min:  0.0, Avg:  0.0, Max:  0.0, Diff:  0.0, Sum:  0.0, Workers: 4
[1688.456s][debug][gc,phases      ] GC(134)     Dead                           Min: 0, Avg:  0.0, Max: 0, Diff: 0, Sum: 0, Workers: 4
[1688.456s][debug][gc,phases      ] GC(134)     Total                          Min: 0, Avg:  0.0, Max: 0, Diff: 0, Sum: 0, Workers: 4
[1688.456s][debug][gc,phases      ] GC(134)   StringDedup Table Weak         Min:  0.0, Avg:  0.0, Max:  0.0, Diff:  0.0, Sum:  0.0, Workers: 4
[1688.456s][debug][gc,phases      ] GC(134)     Dead                           Min: 0, Avg:  0.0, Max: 0, Diff: 0, Sum: 0, Workers: 4
[1688.456s][debug][gc,phases      ] GC(134)     Total                          Min: 0, Avg:  0.0, Max: 0, Diff: 0, Sum: 0, Workers: 4
[1688.456s][debug][gc,phases      ] GC(134)   StringDedup Requests0 Weak     Min:  0.0, Avg:  0.0, Max:  0.0, Diff:  0.0, Sum:  0.0, Workers: 4
[1688.456s][debug][gc,phases      ] GC(134)     Dead                           Min: 0, Avg:  0.0, Max: 0, Diff: 0, Sum: 0, Workers: 4
[1688.456s][debug][gc,phases      ] GC(134)     Total                          Min: 0, Avg:  0.0, Max: 0, Diff: 0, Sum: 0, Workers: 4
[1688.456s][debug][gc,phases      ] GC(134)   StringDedup Requests1 Weak     Min:  0.0, Avg:  0.0, Max:  0.0, Diff:  0.0, Sum:  0.0, Workers: 4
[1688.456s][debug][gc,phases      ] GC(134)     Dead                           Min: 0, Avg:  0.0, Max: 0, Diff: 0, Sum: 0, Workers: 4
[1688.456s][debug][gc,phases      ] GC(134)     Total                          Min: 0, Avg:  0.0, Max: 0, Diff: 0, Sum: 0, Workers: 4
[1688.456s][debug][gc,phases      ] GC(134)   Weak JFR Old Object Samples    Min:  0.0, Avg:  0.0, Max:  0.0, Diff:  0.0, Sum:  0.0, Workers: 4
[1688.456s][debug][gc,phases      ] GC(134)     Dead                           Min: 0, Avg:  0.0, Max: 0, Diff: 0, Sum: 0, Workers: 4
[1688.456s][debug][gc,phases      ] GC(134)     Total                          Min: 0, Avg:  0.0, Max: 0, Diff: 0, Sum: 0, Workers: 4
[1688.456s][debug][gc,phases      ] GC(134) Weak Processing 0.319ms
[1688.456s][debug][gc,age         ] GC(134) Desired survivor size 106430464 bytes, new threshold 15 (max threshold 15)
[1688.456s][info ][gc,heap        ] GC(134) PSYoungGen: 1878240K(1988096K)->4192K(1982976K) Eden: 1873920K(1873920K)->0K(1873920K) From: 4320K(114176K)->4192K(109056K)
[1688.456s][info ][gc,heap        ] GC(134) ParOldGen: 497192K(581120K)->497192K(581120K)
[1688.456s][info ][gc,metaspace   ] GC(134) Metaspace: 84339K(85184K)->84339K(85184K) NonClass: 72565K(73024K)->72565K(73024K) Class: 11774K(12160K)->11774K(12160K)
[1688.456s][info ][gc             ] GC(134) Pause Young (Allocation Failure) 2319M->489M(2504M) 2.819ms
[1688.456s][info ][gc,cpu         ] GC(134) User=0.01s Sys=0.00s Real=0.01s
[1688.456s][info ][safepoint      ] Safepoint "ParallelGCFailedAllocation", Time since last: 50050701826 ns, Reaching safepoint: 99305 ns, At safepoint: 2918162 ns, Total: 3017467 ns
[1740.459s][info ][safepoint      ] Safepoint "Cleanup", Time since last: 52003342010 ns, Reaching safepoint: 45002 ns, At safepoint: 5401 ns, Total: 50403 ns
[1748.460s][info ][safepoint      ] Safepoint "Cleanup", Time since last: 8000622500 ns, Reaching safepoint: 51303 ns, At safepoint: 6900 ns, Total: 58203 ns
[1749.460s][info ][safepoint      ] Safepoint "Cleanup", Time since last: 1000117447 ns, Reaching safepoint: 60203 ns, At safepoint: 3401 ns, Total: 63604 ns
[1750.460s][info ][safepoint      ] Safepoint "Cleanup", Time since last: 1000126946 ns, Reaching safepoint: 59203 ns, At safepoint: 2700 ns, Total: 61903 ns
[1753.461s][info ][safepoint      ] Safepoint "Cleanup", Time since last: 3000268427 ns, Reaching safepoint: 54503 ns, At safepoint: 3900 ns, Total: 58403 ns
[1754.461s][info ][safepoint      ] Safepoint "Cleanup", Time since last: 1000101741 ns, Reaching safepoint: 45902 ns, At safepoint: 6401 ns, Total: 52303 ns
[1756.805s][info ][gc,start       ] GC(135) Pause Young (Allocation Failure)
[1756.809s][debug][gc,phases      ] GC(135) Scavenge 3.635ms
[1756.809s][debug][gc,ref         ] GC(135) Skipped phase 1 of Reference Processing: no references
[1756.809s][debug][gc,ref         ] GC(135) ReferenceProcessor::execute queues: 1, RefProcThreadModel::Single, marks_oops_alive: false
[1756.809s][debug][gc,ref         ] GC(135) Skipped phase 3 of Reference Processing: no references
[1756.809s][debug][gc,ref         ] GC(135) ReferenceProcessor::execute queues: 1, RefProcThreadModel::Single, marks_oops_alive: false
[1756.809s][debug][gc,phases      ] GC(135) Reference Processing 0.104ms
[1756.809s][debug][gc,phases      ] GC(135)   VM Weak                        Min:  0.0, Avg:  0.0, Max:  0.0, Diff:  0.0, Sum:  0.0, Workers: 4
[1756.809s][debug][gc,phases      ] GC(135)     Dead                           Min: 0, Avg:  0.0, Max: 0, Diff: 0, Sum: 0, Workers: 4
[1756.809s][debug][gc,phases      ] GC(135)     Total                          Min: 0, Avg: 179.5, Max: 718, Diff: 718, Sum: 718, Workers: 4
[1756.809s][debug][gc,phases      ] GC(135)   ObjectSynchronizer Weak        Min:  0.0, Avg:  0.0, Max:  0.0, Diff:  0.0, Sum:  0.0, Workers: 4
[1756.809s][debug][gc,phases      ] GC(135)     Dead                           Min: 0, Avg:  0.0, Max: 0, Diff: 0, Sum: 0, Workers: 4
[1756.809s][debug][gc,phases      ] GC(135)     Total                          Min: 0, Avg: 73.5, Max: 192, Diff: 192, Sum: 294, Workers: 4
[1756.809s][debug][gc,phases      ] GC(135)   JVMTI Tag Weak OopStorage      Min:  0.0, Avg:  0.0, Max:  0.0, Diff:  0.0, Sum:  0.0, Workers: 4
[1756.809s][debug][gc,phases      ] GC(135)     Dead                           Min: 0, Avg:  0.0, Max: 0, Diff: 0, Sum: 0, Workers: 4
[1756.809s][debug][gc,phases      ] GC(135)     Total                          Min: 0, Avg:  0.0, Max: 0, Diff: 0, Sum: 0, Workers: 4
[1756.809s][debug][gc,phases      ] GC(135)   StringTable Weak               Min:  0.1, Avg:  0.1, Max:  0.1, Diff:  0.0, Sum:  0.4, Workers: 4
[1756.809s][debug][gc,phases      ] GC(135)     Dead                           Min: 0, Avg:  0.0, Max: 0, Diff: 0, Sum: 0, Workers: 4
[1756.809s][debug][gc,phases      ] GC(135)     Total                          Min: 11200, Avg: 12135.5, Max: 13376, Diff: 2176, Sum: 48542, Workers: 4
[1756.809s][debug][gc,phases      ] GC(135)   ResolvedMethodTable Weak       Min:  0.0, Avg:  0.0, Max:  0.0, Diff:  0.0, Sum:  0.1, Workers: 4
[1756.809s][debug][gc,phases      ] GC(135)     Dead                           Min: 0, Avg:  0.0, Max: 0, Diff: 0, Sum: 0, Workers: 4
[1756.809s][debug][gc,phases      ] GC(135)     Total                          Min: 1806, Avg: 2115.5, Max: 2432, Diff: 626, Sum: 8462, Workers: 4
[1756.809s][debug][gc,phases      ] GC(135)   JNI Weak                       Min:  0.0, Avg:  0.0, Max:  0.0, Diff:  0.0, Sum:  0.0, Workers: 4
[1756.809s][debug][gc,phases      ] GC(135)     Dead                           Min: 0, Avg:  0.0, Max: 0, Diff: 0, Sum: 0, Workers: 4
[1756.809s][debug][gc,phases      ] GC(135)     Total                          Min: 0, Avg:  0.0, Max: 0, Diff: 0, Sum: 0, Workers: 4
[1756.809s][debug][gc,phases      ] GC(135)   StringDedup Table Weak         Min:  0.0, Avg:  0.0, Max:  0.0, Diff:  0.0, Sum:  0.0, Workers: 4
[1756.809s][debug][gc,phases      ] GC(135)     Dead                           Min: 0, Avg:  0.0, Max: 0, Diff: 0, Sum: 0, Workers: 4
[1756.809s][debug][gc,phases      ] GC(135)     Total                          Min: 0, Avg:  0.0, Max: 0, Diff: 0, Sum: 0, Workers: 4
[1756.809s][debug][gc,phases      ] GC(135)   StringDedup Requests0 Weak     Min:  0.0, Avg:  0.0, Max:  0.0, Diff:  0.0, Sum:  0.0, Workers: 4
[1756.809s][debug][gc,phases      ] GC(135)     Dead                           Min: 0, Avg:  0.0, Max: 0, Diff: 0, Sum: 0, Workers: 4
[1756.809s][debug][gc,phases      ] GC(135)     Total                          Min: 0, Avg:  0.0, Max: 0, Diff: 0, Sum: 0, Workers: 4
[1756.809s][debug][gc,phases      ] GC(135)   StringDedup Requests1 Weak     Min:  0.0, Avg:  0.0, Max:  0.0, Diff:  0.0, Sum:  0.0, Workers: 4
[1756.809s][debug][gc,phases      ] GC(135)     Dead                           Min: 0, Avg:  0.0, Max: 0, Diff: 0, Sum: 0, Workers: 4
[1756.809s][debug][gc,phases      ] GC(135)     Total                          Min: 0, Avg:  0.0, Max: 0, Diff: 0, Sum: 0, Workers: 4
[1756.809s][debug][gc,phases      ] GC(135)   Weak JFR Old Object Samples    Min:  0.0, Avg:  0.0, Max:  0.0, Diff:  0.0, Sum:  0.0, Workers: 4
[1756.809s][debug][gc,phases      ] GC(135)     Dead                           Min: 0, Avg:  0.0, Max: 0, Diff: 0, Sum: 0, Workers: 4
[1756.809s][debug][gc,phases      ] GC(135)     Total                          Min: 0, Avg:  0.0, Max: 0, Diff: 0, Sum: 0, Workers: 4
[1756.809s][debug][gc,phases      ] GC(135) Weak Processing 0.317ms
[1756.809s][debug][gc,age         ] GC(135) Desired survivor size 101187584 bytes, new threshold 15 (max threshold 15)
[1756.809s][info ][gc,heap        ] GC(135) PSYoungGen: 1878112K(1982976K)->5744K(1998336K) Eden: 1873920K(1873920K)->0K(1894400K) From: 4192K(109056K)->5744K(103936K)
[1756.809s][info ][gc,heap        ] GC(135) ParOldGen: 497192K(581120K)->497200K(581120K)
[1756.809s][info ][gc,metaspace   ] GC(135) Metaspace: 84370K(85248K)->84370K(85248K) NonClass: 72595K(73088K)->72595K(73088K) Class: 11774K(12160K)->11774K(12160K)
[1756.809s][info ][gc             ] GC(135) Pause Young (Allocation Failure) 2319M->491M(2519M) 4.178ms
[1756.809s][info ][gc,cpu         ] GC(135) User=0.01s Sys=0.01s Real=0.01s
[1756.809s][info ][safepoint      ] Safepoint "ParallelGCFailedAllocation", Time since last: 2344101240 ns, Reaching safepoint: 114307 ns, At safepoint: 4258036 ns, Total: 4372343 ns
[1758.809s][info ][safepoint      ] Safepoint "Cleanup", Time since last: 2000151869 ns, Reaching safepoint: 51803 ns, At safepoint: 2400 ns, Total: 54203 ns
[1762.810s][info ][safepoint      ] Safepoint "Cleanup", Time since last: 4000302327 ns, Reaching safepoint: 49302 ns, At safepoint: 2300 ns, Total: 51602 ns
[1768.810s][info ][safepoint      ] Safepoint "Cleanup", Time since last: 6000422055 ns, Reaching safepoint: 48902 ns, At safepoint: 2401 ns, Total: 51303 ns
[1773.811s][info ][safepoint      ] Safepoint "Cleanup", Time since last: 5000376800 ns, Reaching safepoint: 38202 ns, At safepoint: 2600 ns, Total: 40802 ns
[1775.811s][info ][safepoint      ] Safepoint "Cleanup", Time since last: 2000129331 ns, Reaching safepoint: 47803 ns, At safepoint: 4400 ns, Total: 52203 ns
[1782.811s][info ][safepoint      ] Safepoint "Cleanup", Time since last: 7000471177 ns, Reaching safepoint: 44602 ns, At safepoint: 2000 ns, Total: 46602 ns
[1783.811s][info ][safepoint      ] Safepoint "Cleanup", Time since last: 1000060707 ns, Reaching safepoint: 50003 ns, At safepoint: 6400 ns, Total: 56403 ns
[1784.812s][info ][safepoint      ] Safepoint "Cleanup", Time since last: 1000121909 ns, Reaching safepoint: 119606 ns, At safepoint: 7801 ns, Total: 127407 ns
[1789.812s][info ][safepoint      ] Safepoint "Cleanup", Time since last: 5000352313 ns, Reaching safepoint: 64204 ns, At safepoint: 11200 ns, Total: 75404 ns
[1795.813s][info ][safepoint      ] Safepoint "Cleanup", Time since last: 6000351278 ns, Reaching safepoint: 52003 ns, At safepoint: 6900 ns, Total: 58903 ns
[1808.813s][info ][safepoint      ] Safepoint "Cleanup", Time since last: 13000797427 ns, Reaching safepoint: 49602 ns, At safepoint: 30702 ns, Total: 80304 ns
[1812.814s][info ][safepoint      ] Safepoint "Cleanup", Time since last: 4000236012 ns, Reaching safepoint: 58003 ns, At safepoint: 5800 ns, Total: 63803 ns
[1813.814s][info ][safepoint      ] Safepoint "Cleanup", Time since last: 1000127880 ns, Reaching safepoint: 42802 ns, At safepoint: 2800 ns, Total: 45602 ns
[1816.814s][info ][safepoint      ] Safepoint "Cleanup", Time since last: 3000231123 ns, Reaching safepoint: 53103 ns, At safepoint: 5101 ns, Total: 58204 ns
[1818.814s][info ][safepoint      ] Safepoint "Cleanup", Time since last: 2000172245 ns, Reaching safepoint: 44902 ns, At safepoint: 10301 ns, Total: 55203 ns
[1819.815s][info ][safepoint      ] Safepoint "Cleanup", Time since last: 1000108872 ns, Reaching safepoint: 53003 ns, At safepoint: 11500 ns, Total: 64503 ns
[1823.153s][info ][gc,start       ] GC(136) Pause Young (Allocation Failure)
[1823.157s][debug][gc,phases      ] GC(136) Scavenge 3.889ms
[1823.157s][debug][gc,ref         ] GC(136) Skipped phase 1 of Reference Processing: no references
[1823.157s][debug][gc,ref         ] GC(136) ReferenceProcessor::execute queues: 1, RefProcThreadModel::Single, marks_oops_alive: false
[1823.157s][debug][gc,ref         ] GC(136) Skipped phase 3 of Reference Processing: no references
[1823.157s][debug][gc,ref         ] GC(136) ReferenceProcessor::execute queues: 1, RefProcThreadModel::Single, marks_oops_alive: false
[1823.157s][debug][gc,phases      ] GC(136) Reference Processing 0.103ms
[1823.157s][debug][gc,phases      ] GC(136)   VM Weak                        Min:  0.0, Avg:  0.0, Max:  0.0, Diff:  0.0, Sum:  0.0, Workers: 4
[1823.157s][debug][gc,phases      ] GC(136)     Dead                           Min: 0, Avg:  0.0, Max: 0, Diff: 0, Sum: 0, Workers: 4
[1823.157s][debug][gc,phases      ] GC(136)     Total                          Min: 0, Avg: 179.5, Max: 398, Diff: 398, Sum: 718, Workers: 4
[1823.157s][debug][gc,phases      ] GC(136)   ObjectSynchronizer Weak        Min:  0.0, Avg:  0.0, Max:  0.0, Diff:  0.0, Sum:  0.0, Workers: 4
[1823.157s][debug][gc,phases      ] GC(136)     Dead                           Min: 0, Avg:  0.0, Max: 0, Diff: 0, Sum: 0, Workers: 4
[1823.157s][debug][gc,phases      ] GC(136)     Total                          Min: 0, Avg: 73.5, Max: 166, Diff: 166, Sum: 294, Workers: 4
[1823.157s][debug][gc,phases      ] GC(136)   JVMTI Tag Weak OopStorage      Min:  0.0, Avg:  0.0, Max:  0.0, Diff:  0.0, Sum:  0.0, Workers: 4
[1823.157s][debug][gc,phases      ] GC(136)     Dead                           Min: 0, Avg:  0.0, Max: 0, Diff: 0, Sum: 0, Workers: 4
[1823.157s][debug][gc,phases      ] GC(136)     Total                          Min: 0, Avg:  0.0, Max: 0, Diff: 0, Sum: 0, Workers: 4
[1823.157s][debug][gc,phases      ] GC(136)   StringTable Weak               Min:  0.1, Avg:  0.1, Max:  0.1, Diff:  0.0, Sum:  0.5, Workers: 4
[1823.157s][debug][gc,phases      ] GC(136)     Dead                           Min: 0, Avg:  0.0, Max: 0, Diff: 0, Sum: 0, Workers: 4
[1823.157s][debug][gc,phases      ] GC(136)     Total                          Min: 11776, Avg: 12137.2, Max: 12992, Diff: 1216, Sum: 48549, Workers: 4
[1823.157s][debug][gc,phases      ] GC(136)   ResolvedMethodTable Weak       Min:  0.0, Avg:  0.0, Max:  0.0, Diff:  0.0, Sum:  0.1, Workers: 4
[1823.157s][debug][gc,phases      ] GC(136)     Dead                           Min: 0, Avg:  0.0, Max: 0, Diff: 0, Sum: 0, Workers: 4
[1823.157s][debug][gc,phases      ] GC(136)     Total                          Min: 1920, Avg: 2115.5, Max: 2190, Diff: 270, Sum: 8462, Workers: 4
[1823.157s][debug][gc,phases      ] GC(136)   JNI Weak                       Min:  0.0, Avg:  0.0, Max:  0.0, Diff:  0.0, Sum:  0.0, Workers: 4
[1823.157s][debug][gc,phases      ] GC(136)     Dead                           Min: 0, Avg:  0.0, Max: 0, Diff: 0, Sum: 0, Workers: 4
[1823.157s][debug][gc,phases      ] GC(136)     Total                          Min: 0, Avg:  0.0, Max: 0, Diff: 0, Sum: 0, Workers: 4
[1823.157s][debug][gc,phases      ] GC(136)   StringDedup Table Weak         Min:  0.0, Avg:  0.0, Max:  0.0, Diff:  0.0, Sum:  0.0, Workers: 4
[1823.157s][debug][gc,phases      ] GC(136)     Dead                           Min: 0, Avg:  0.0, Max: 0, Diff: 0, Sum: 0, Workers: 4
[1823.157s][debug][gc,phases      ] GC(136)     Total                          Min: 0, Avg:  0.0, Max: 0, Diff: 0, Sum: 0, Workers: 4
[1823.157s][debug][gc,phases      ] GC(136)   StringDedup Requests0 Weak     Min:  0.0, Avg:  0.0, Max:  0.0, Diff:  0.0, Sum:  0.0, Workers: 4
[1823.157s][debug][gc,phases      ] GC(136)     Dead                           Min: 0, Avg:  0.0, Max: 0, Diff: 0, Sum: 0, Workers: 4
[1823.157s][debug][gc,phases      ] GC(136)     Total                          Min: 0, Avg:  0.0, Max: 0, Diff: 0, Sum: 0, Workers: 4
[1823.157s][debug][gc,phases      ] GC(136)   StringDedup Requests1 Weak     Min:  0.0, Avg:  0.0, Max:  0.0, Diff:  0.0, Sum:  0.0, Workers: 4
[1823.157s][debug][gc,phases      ] GC(136)     Dead                           Min: 0, Avg:  0.0, Max: 0, Diff: 0, Sum: 0, Workers: 4
[1823.157s][debug][gc,phases      ] GC(136)     Total                          Min: 0, Avg:  0.0, Max: 0, Diff: 0, Sum: 0, Workers: 4
[1823.157s][debug][gc,phases      ] GC(136)   Weak JFR Old Object Samples    Min:  0.0, Avg:  0.0, Max:  0.0, Diff:  0.0, Sum:  0.0, Workers: 4
[1823.157s][debug][gc,phases      ] GC(136)     Dead                           Min: 0, Avg:  0.0, Max: 0, Diff: 0, Sum: 0, Workers: 4
[1823.157s][debug][gc,phases      ] GC(136)     Total                          Min: 0, Avg:  0.0, Max: 0, Diff: 0, Sum: 0, Workers: 4
[1823.157s][debug][gc,phases      ] GC(136) Weak Processing 0.327ms
[1823.157s][debug][gc,age         ] GC(136) Desired survivor size 95420416 bytes, new threshold 15 (max threshold 15)
[1823.157s][info ][gc,heap        ] GC(136) PSYoungGen: 1900144K(1998336K)->6144K(1993216K) Eden: 1894400K(1894400K)->0K(1894400K) From: 5744K(103936K)->6144K(98816K)
[1823.157s][info ][gc,heap        ] GC(136) ParOldGen: 497200K(581120K)->497200K(581120K)
[1823.157s][info ][gc,metaspace   ] GC(136) Metaspace: 84386K(85248K)->84386K(85248K) NonClass: 72611K(73088K)->72611K(73088K) Class: 11774K(12160K)->11774K(12160K)
[1823.157s][info ][gc             ] GC(136) Pause Young (Allocation Failure) 2341M->491M(2514M) 4.453ms
[1823.157s][info ][gc,cpu         ] GC(136) User=0.01s Sys=0.00s Real=0.01s
[1823.157s][info ][safepoint      ] Safepoint "ParallelGCFailedAllocation", Time since last: 3338169515 ns, Reaching safepoint: 49103 ns, At safepoint: 4534451 ns, Total: 4583554 ns
[1825.158s][info ][safepoint      ] Safepoint "Cleanup", Time since last: 2000160632 ns, Reaching safepoint: 127407 ns, At safepoint: 11600 ns, Total: 139007 ns
[1827.158s][info ][safepoint      ] Safepoint "Cleanup", Time since last: 2000181929 ns, Reaching safepoint: 106606 ns, At safepoint: 8301 ns, Total: 114907 ns
[1831.158s][info ][safepoint      ] Safepoint "Cleanup", Time since last: 4000336445 ns, Reaching safepoint: 124307 ns, At safepoint: 9500 ns, Total: 133807 ns
[1834.159s][info ][safepoint      ] Safepoint "Cleanup", Time since last: 3000255574 ns, Reaching safepoint: 46703 ns, At safepoint: 3500 ns, Total: 50203 ns
[1835.159s][info ][safepoint      ] Safepoint "Cleanup", Time since last: 1000118958 ns, Reaching safepoint: 58803 ns, At safepoint: 7400 ns, Total: 66203 ns
[1839.159s][info ][safepoint      ] Safepoint "Cleanup", Time since last: 4000300513 ns, Reaching safepoint: 49802 ns, At safepoint: 10501 ns, Total: 60303 ns
[1849.160s][info ][safepoint      ] Safepoint "Cleanup", Time since last: 10000672960 ns, Reaching safepoint: 50603 ns, At safepoint: 7900 ns, Total: 58503 ns
[1854.160s][info ][safepoint      ] Safepoint "Cleanup", Time since last: 5000368397 ns, Reaching safepoint: 45503 ns, At safepoint: 2100 ns, Total: 47603 ns
[1855.161s][info ][safepoint      ] Safepoint "Cleanup", Time since last: 1000114239 ns, Reaching safepoint: 47202 ns, At safepoint: 2200 ns, Total: 49402 ns
[1856.161s][info ][safepoint      ] Safepoint "Cleanup", Time since last: 1000073936 ns, Reaching safepoint: 49703 ns, At safepoint: 2300 ns, Total: 52003 ns
[1859.161s][info ][safepoint      ] Safepoint "Cleanup", Time since last: 3000224702 ns, Reaching safepoint: 55703 ns, At safepoint: 3900 ns, Total: 59603 ns
[1860.161s][info ][safepoint      ] Safepoint "Cleanup", Time since last: 1000134435 ns, Reaching safepoint: 60504 ns, At safepoint: 5100 ns, Total: 65604 ns
[1862.161s][info ][safepoint      ] Safepoint "Cleanup", Time since last: 2000166662 ns, Reaching safepoint: 43303 ns, At safepoint: 14001 ns, Total: 57304 ns
[1863.162s][info ][safepoint      ] Safepoint "Cleanup", Time since last: 1000101330 ns, Reaching safepoint: 44703 ns, At safepoint: 2500 ns, Total: 47203 ns
[1882.841s][info ][gc,start       ] GC(137) Pause Young (Allocation Failure)
[1882.845s][debug][gc,phases      ] GC(137) Scavenge 3.389ms
[1882.845s][debug][gc,ref         ] GC(137) Skipped phase 1 of Reference Processing: no references
[1882.845s][debug][gc,ref         ] GC(137) ReferenceProcessor::execute queues: 1, RefProcThreadModel::Single, marks_oops_alive: false
[1882.845s][debug][gc,ref         ] GC(137) Skipped phase 3 of Reference Processing: no references
[1882.845s][debug][gc,ref         ] GC(137) ReferenceProcessor::execute queues: 1, RefProcThreadModel::Single, marks_oops_alive: false
[1882.845s][debug][gc,phases      ] GC(137) Reference Processing 0.116ms
[1882.845s][debug][gc,phases      ] GC(137)   VM Weak                        Min:  0.0, Avg:  0.0, Max:  0.0, Diff:  0.0, Sum:  0.0, Workers: 4
[1882.845s][debug][gc,phases      ] GC(137)     Dead                           Min: 0, Avg:  0.0, Max: 0, Diff: 0, Sum: 0, Workers: 4
[1882.845s][debug][gc,phases      ] GC(137)     Total                          Min: 0, Avg: 179.5, Max: 718, Diff: 718, Sum: 718, Workers: 4
[1882.845s][debug][gc,phases      ] GC(137)   ObjectSynchronizer Weak        Min:  0.0, Avg:  0.0, Max:  0.0, Diff:  0.0, Sum:  0.0, Workers: 4
[1882.845s][debug][gc,phases      ] GC(137)     Dead                           Min: 0, Avg:  0.0, Max: 0, Diff: 0, Sum: 0, Workers: 4
[1882.845s][debug][gc,phases      ] GC(137)     Total                          Min: 0, Avg: 73.5, Max: 294, Diff: 294, Sum: 294, Workers: 4
[1882.845s][debug][gc,phases      ] GC(137)   JVMTI Tag Weak OopStorage      Min:  0.0, Avg:  0.0, Max:  0.0, Diff:  0.0, Sum:  0.0, Workers: 4
[1882.845s][debug][gc,phases      ] GC(137)     Dead                           Min: 0, Avg:  0.0, Max: 0, Diff: 0, Sum: 0, Workers: 4
[1882.845s][debug][gc,phases      ] GC(137)     Total                          Min: 0, Avg:  0.0, Max: 0, Diff: 0, Sum: 0, Workers: 4
[1882.845s][debug][gc,phases      ] GC(137)   StringTable Weak               Min:  0.1, Avg:  0.1, Max:  0.1, Diff:  0.0, Sum:  0.4, Workers: 4
[1882.845s][debug][gc,phases      ] GC(137)     Dead                           Min: 0, Avg:  0.0, Max: 0, Diff: 0, Sum: 0, Workers: 4
[1882.845s][debug][gc,phases      ] GC(137)     Total                          Min: 10816, Avg: 12137.5, Max: 14528, Diff: 3712, Sum: 48550, Workers: 4
[1882.845s][debug][gc,phases      ] GC(137)   ResolvedMethodTable Weak       Min:  0.0, Avg:  0.0, Max:  0.0, Diff:  0.0, Sum:  0.1, Workers: 4
[1882.845s][debug][gc,phases      ] GC(137)     Dead                           Min: 0, Avg:  0.0, Max: 0, Diff: 0, Sum: 0, Workers: 4
[1882.845s][debug][gc,phases      ] GC(137)     Total                          Min: 1984, Avg: 2115.5, Max: 2304, Diff: 320, Sum: 8462, Workers: 4
[1882.845s][debug][gc,phases      ] GC(137)   JNI Weak                       Min:  0.0, Avg:  0.0, Max:  0.0, Diff:  0.0, Sum:  0.0, Workers: 4
[1882.845s][debug][gc,phases      ] GC(137)     Dead                           Min: 0, Avg:  0.0, Max: 0, Diff: 0, Sum: 0, Workers: 4
[1882.845s][debug][gc,phases      ] GC(137)     Total                          Min: 0, Avg:  0.0, Max: 0, Diff: 0, Sum: 0, Workers: 4
[1882.845s][debug][gc,phases      ] GC(137)   StringDedup Table Weak         Min:  0.0, Avg:  0.0, Max:  0.0, Diff:  0.0, Sum:  0.0, Workers: 4
[1882.845s][debug][gc,phases      ] GC(137)     Dead                           Min: 0, Avg:  0.0, Max: 0, Diff: 0, Sum: 0, Workers: 4
[1882.845s][debug][gc,phases      ] GC(137)     Total                          Min: 0, Avg:  0.0, Max: 0, Diff: 0, Sum: 0, Workers: 4
[1882.845s][debug][gc,phases      ] GC(137)   StringDedup Requests0 Weak     Min:  0.0, Avg:  0.0, Max:  0.0, Diff:  0.0, Sum:  0.0, Workers: 4
[1882.845s][debug][gc,phases      ] GC(137)     Dead                           Min: 0, Avg:  0.0, Max: 0, Diff: 0, Sum: 0, Workers: 4
[1882.845s][debug][gc,phases      ] GC(137)     Total                          Min: 0, Avg:  0.0, Max: 0, Diff: 0, Sum: 0, Workers: 4
[1882.845s][debug][gc,phases      ] GC(137)   StringDedup Requests1 Weak     Min:  0.0, Avg:  0.0, Max:  0.0, Diff:  0.0, Sum:  0.0, Workers: 4
[1882.845s][debug][gc,phases      ] GC(137)     Dead                           Min: 0, Avg:  0.0, Max: 0, Diff: 0, Sum: 0, Workers: 4
[1882.845s][debug][gc,phases      ] GC(137)     Total                          Min: 0, Avg:  0.0, Max: 0, Diff: 0, Sum: 0, Workers: 4
[1882.845s][debug][gc,phases      ] GC(137)   Weak JFR Old Object Samples    Min:  0.0, Avg:  0.0, Max:  0.0, Diff:  0.0, Sum:  0.0, Workers: 4
[1882.845s][debug][gc,phases      ] GC(137)     Dead                           Min: 0, Avg:  0.0, Max: 0, Diff: 0, Sum: 0, Workers: 4
[1882.845s][debug][gc,phases      ] GC(137)     Total                          Min: 0, Avg:  0.0, Max: 0, Diff: 0, Sum: 0, Workers: 4
[1882.845s][debug][gc,phases      ] GC(137) Weak Processing 0.333ms
[1882.845s][debug][gc,age         ] GC(137) Desired survivor size 90177536 bytes, new threshold 15 (max threshold 15)
[1882.845s][info ][gc,heap        ] GC(137) PSYoungGen: 1900544K(1993216K)->6432K(2009088K) Eden: 1894400K(1894400K)->0K(1915904K) From: 6144K(98816K)->6432K(93184K)
[1882.845s][info ][gc,heap        ] GC(137) ParOldGen: 497200K(581120K)->497200K(581120K)
[1882.845s][info ][gc,metaspace   ] GC(137) Metaspace: 84408K(85248K)->84408K(85248K) NonClass: 72632K(73088K)->72632K(73088K) Class: 11775K(12160K)->11775K(12160K)
[1882.845s][info ][gc             ] GC(137) Pause Young (Allocation Failure) 2341M->491M(2529M) 3.957ms
[1882.845s][info ][gc,cpu         ] GC(137) User=0.01s Sys=0.00s Real=0.01s
[1882.845s][info ][safepoint      ] Safepoint "ParallelGCFailedAllocation", Time since last: 19679517392 ns, Reaching safepoint: 122107 ns, At safepoint: 4037623 ns, Total: 4159730 ns
[1893.846s][info ][safepoint      ] Safepoint "Cleanup", Time since last: 11000753069 ns, Reaching safepoint: 55203 ns, At safepoint: 10901 ns, Total: 66104 ns
[1894.846s][info ][safepoint      ] Safepoint "Cleanup", Time since last: 1000106103 ns, Reaching safepoint: 53703 ns, At safepoint: 7801 ns, Total: 61504 ns
[1922.848s][info ][safepoint      ] Safepoint "Cleanup", Time since last: 28001793986 ns, Reaching safepoint: 46603 ns, At safepoint: 3300 ns, Total: 49903 ns
[1923.848s][info ][safepoint      ] Safepoint "Cleanup", Time since last: 1000111580 ns, Reaching safepoint: 54303 ns, At safepoint: 6300 ns, Total: 60603 ns
[1932.849s][info ][safepoint      ] Safepoint "Cleanup", Time since last: 9000580457 ns, Reaching safepoint: 66603 ns, At safepoint: 9301 ns, Total: 75904 ns
[1933.849s][info ][safepoint      ] Safepoint "Cleanup", Time since last: 1000111671 ns, Reaching safepoint: 36502 ns, At safepoint: 7201 ns, Total: 43703 ns
[1942.850s][info ][safepoint      ] Safepoint "Cleanup", Time since last: 9000547183 ns, Reaching safepoint: 57103 ns, At safepoint: 5601 ns, Total: 62704 ns
[1943.850s][info ][safepoint      ] Safepoint "Cleanup", Time since last: 1000108463 ns, Reaching safepoint: 54403 ns, At safepoint: 6501 ns, Total: 60904 ns
[1948.206s][info ][gc,start       ] GC(138) Pause Young (Allocation Failure)
[1948.209s][debug][gc,phases      ] GC(138) Scavenge 2.998ms
[1948.209s][debug][gc,ref         ] GC(138) Skipped phase 1 of Reference Processing: no references
[1948.209s][debug][gc,ref         ] GC(138) ReferenceProcessor::execute queues: 1, RefProcThreadModel::Single, marks_oops_alive: false
[1948.209s][debug][gc,ref         ] GC(138) Skipped phase 3 of Reference Processing: no references
[1948.209s][debug][gc,ref         ] GC(138) ReferenceProcessor::execute queues: 1, RefProcThreadModel::Single, marks_oops_alive: false
[1948.209s][debug][gc,phases      ] GC(138) Reference Processing 0.119ms
[1948.209s][debug][gc,phases      ] GC(138)   VM Weak                        Min:  0.0, Avg:  0.0, Max:  0.0, Diff:  0.0, Sum:  0.0, Workers: 4
[1948.209s][debug][gc,phases      ] GC(138)     Dead                           Min: 0, Avg:  0.0, Max: 0, Diff: 0, Sum: 0, Workers: 4
[1948.209s][debug][gc,phases      ] GC(138)     Total                          Min: 0, Avg: 179.5, Max: 640, Diff: 640, Sum: 718, Workers: 4
[1948.209s][debug][gc,phases      ] GC(138)   ObjectSynchronizer Weak        Min:  0.0, Avg:  0.0, Max:  0.0, Diff:  0.0, Sum:  0.0, Workers: 4
[1948.209s][debug][gc,phases      ] GC(138)     Dead                           Min: 0, Avg:  0.0, Max: 0, Diff: 0, Sum: 0, Workers: 4
[1948.209s][debug][gc,phases      ] GC(138)     Total                          Min: 0, Avg: 73.5, Max: 166, Diff: 166, Sum: 294, Workers: 4
[1948.209s][debug][gc,phases      ] GC(138)   JVMTI Tag Weak OopStorage      Min:  0.0, Avg:  0.0, Max:  0.0, Diff:  0.0, Sum:  0.0, Workers: 4
[1948.209s][debug][gc,phases      ] GC(138)     Dead                           Min: 0, Avg:  0.0, Max: 0, Diff: 0, Sum: 0, Workers: 4
[1948.209s][debug][gc,phases      ] GC(138)     Total                          Min: 0, Avg:  0.0, Max: 0, Diff: 0, Sum: 0, Workers: 4
[1948.209s][debug][gc,phases      ] GC(138)   StringTable Weak               Min:  0.1, Avg:  0.1, Max:  0.1, Diff:  0.0, Sum:  0.4, Workers: 4
[1948.209s][debug][gc,phases      ] GC(138)     Dead                           Min: 0, Avg:  0.0, Max: 0, Diff: 0, Sum: 0, Workers: 4
[1948.209s][debug][gc,phases      ] GC(138)     Total                          Min: 11456, Avg: 12137.5, Max: 12838, Diff: 1382, Sum: 48550, Workers: 4
[1948.209s][debug][gc,phases      ] GC(138)   ResolvedMethodTable Weak       Min:  0.0, Avg:  0.0, Max:  0.0, Diff:  0.0, Sum:  0.1, Workers: 4
[1948.209s][debug][gc,phases      ] GC(138)     Dead                           Min: 0, Avg:  0.0, Max: 0, Diff: 0, Sum: 0, Workers: 4
[1948.209s][debug][gc,phases      ] GC(138)     Total                          Min: 1920, Avg: 2115.5, Max: 2368, Diff: 448, Sum: 8462, Workers: 4
[1948.209s][debug][gc,phases      ] GC(138)   JNI Weak                       Min:  0.0, Avg:  0.0, Max:  0.0, Diff:  0.0, Sum:  0.0, Workers: 4
[1948.209s][debug][gc,phases      ] GC(138)     Dead                           Min: 0, Avg:  0.0, Max: 0, Diff: 0, Sum: 0, Workers: 4
[1948.209s][debug][gc,phases      ] GC(138)     Total                          Min: 0, Avg:  0.0, Max: 0, Diff: 0, Sum: 0, Workers: 4
[1948.209s][debug][gc,phases      ] GC(138)   StringDedup Table Weak         Min:  0.0, Avg:  0.0, Max:  0.0, Diff:  0.0, Sum:  0.0, Workers: 4
[1948.209s][debug][gc,phases      ] GC(138)     Dead                           Min: 0, Avg:  0.0, Max: 0, Diff: 0, Sum: 0, Workers: 4
[1948.209s][debug][gc,phases      ] GC(138)     Total                          Min: 0, Avg:  0.0, Max: 0, Diff: 0, Sum: 0, Workers: 4
[1948.209s][debug][gc,phases      ] GC(138)   StringDedup Requests0 Weak     Min:  0.0, Avg:  0.0, Max:  0.0, Diff:  0.0, Sum:  0.0, Workers: 4
[1948.209s][debug][gc,phases      ] GC(138)     Dead                           Min: 0, Avg:  0.0, Max: 0, Diff: 0, Sum: 0, Workers: 4
[1948.209s][debug][gc,phases      ] GC(138)     Total                          Min: 0, Avg:  0.0, Max: 0, Diff: 0, Sum: 0, Workers: 4
[1948.209s][debug][gc,phases      ] GC(138)   StringDedup Requests1 Weak     Min:  0.0, Avg:  0.0, Max:  0.0, Diff:  0.0, Sum:  0.0, Workers: 4
[1948.209s][debug][gc,phases      ] GC(138)     Dead                           Min: 0, Avg:  0.0, Max: 0, Diff: 0, Sum: 0, Workers: 4
[1948.209s][debug][gc,phases      ] GC(138)     Total                          Min: 0, Avg:  0.0, Max: 0, Diff: 0, Sum: 0, Workers: 4
[1948.209s][debug][gc,phases      ] GC(138)   Weak JFR Old Object Samples    Min:  0.0, Avg:  0.0, Max:  0.0, Diff:  0.0, Sum:  0.0, Workers: 4
[1948.209s][debug][gc,phases      ] GC(138)     Dead                           Min: 0, Avg:  0.0, Max: 0, Diff: 0, Sum: 0, Workers: 4
[1948.209s][debug][gc,phases      ] GC(138)     Total                          Min: 0, Avg:  0.0, Max: 0, Diff: 0, Sum: 0, Workers: 4
[1948.209s][debug][gc,phases      ] GC(138) Weak Processing 0.282ms
[1948.209s][debug][gc,age         ] GC(138) Desired survivor size 84934656 bytes, new threshold 15 (max threshold 15)
[1948.209s][info ][gc,heap        ] GC(138) PSYoungGen: 1922336K(2009088K)->6480K(2003968K) Eden: 1915904K(1915904K)->0K(1915904K) From: 6432K(93184K)->6480K(88064K)
[1948.209s][info ][gc,heap        ] GC(138) ParOldGen: 497200K(581120K)->497200K(581120K)
[1948.210s][info ][gc,metaspace   ] GC(138) Metaspace: 84427K(85312K)->84427K(85312K) NonClass: 72651K(73152K)->72651K(73152K) Class: 11775K(12160K)->11775K(12160K)
[1948.210s][info ][gc             ] GC(138) Pause Young (Allocation Failure) 2362M->491M(2524M) 3.522ms
[1948.210s][info ][gc,cpu         ] GC(138) User=0.01s Sys=0.00s Real=0.00s
[1948.210s][info ][safepoint      ] Safepoint "ParallelGCFailedAllocation", Time since last: 4356017394 ns, Reaching safepoint: 121506 ns, At safepoint: 3602800 ns, Total: 3724306 ns
[1950.210s][info ][safepoint      ] Safepoint "Cleanup", Time since last: 2000149114 ns, Reaching safepoint: 54003 ns, At safepoint: 6900 ns, Total: 60903 ns
[1951.210s][info ][safepoint      ] Safepoint "Cleanup", Time since last: 1000092857 ns, Reaching safepoint: 56304 ns, At safepoint: 6700 ns, Total: 63004 ns
[1953.210s][info ][safepoint      ] Safepoint "Cleanup", Time since last: 2000161010 ns, Reaching safepoint: 56504 ns, At safepoint: 2300 ns, Total: 58804 ns
[1954.210s][info ][safepoint      ] Safepoint "Cleanup", Time since last: 1000112856 ns, Reaching safepoint: 45602 ns, At safepoint: 4300 ns, Total: 49902 ns
[1960.211s][info ][safepoint      ] Safepoint "Cleanup", Time since last: 6000466608 ns, Reaching safepoint: 63704 ns, At safepoint: 4000 ns, Total: 67704 ns
[1962.211s][info ][safepoint      ] Safepoint "Cleanup", Time since last: 2000167997 ns, Reaching safepoint: 47303 ns, At safepoint: 2300 ns, Total: 49603 ns
[1968.212s][info ][safepoint      ] Safepoint "Cleanup", Time since last: 6000400468 ns, Reaching safepoint: 116707 ns, At safepoint: 5400 ns, Total: 122107 ns
[1970.212s][info ][safepoint      ] Safepoint "Cleanup", Time since last: 2000172786 ns, Reaching safepoint: 54903 ns, At safepoint: 2400 ns, Total: 57303 ns
[1971.212s][info ][safepoint      ] Safepoint "Cleanup", Time since last: 1000106643 ns, Reaching safepoint: 49803 ns, At safepoint: 5400 ns, Total: 55203 ns
[1974.212s][info ][safepoint      ] Safepoint "Cleanup", Time since last: 3000225119 ns, Reaching safepoint: 53503 ns, At safepoint: 2500 ns, Total: 56003 ns
[1979.409s][info ][safepoint      ] Safepoint "Cleanup", Time since last: 5196340807 ns, Reaching safepoint: 69904 ns, At safepoint: 6300 ns, Total: 76204 ns
[1984.469s][info ][safepoint      ] Safepoint "Cleanup", Time since last: 5059890852 ns, Reaching safepoint: 68104 ns, At safepoint: 10100 ns, Total: 78204 ns
[1990.469s][info ][safepoint      ] Safepoint "Cleanup", Time since last: 6000496877 ns, Reaching safepoint: 50203 ns, At safepoint: 3400 ns, Total: 53603 ns
[2004.470s][info ][safepoint      ] Safepoint "Cleanup", Time since last: 14001021907 ns, Reaching safepoint: 60703 ns, At safepoint: 3000 ns, Total: 63703 ns
[2005.657s][info ][safepoint      ] Safepoint "Cleanup", Time since last: 1186376803 ns, Reaching safepoint: 113507 ns, At safepoint: 11800 ns, Total: 125307 ns
[2006.657s][info ][safepoint      ] Safepoint "Cleanup", Time since last: 1000107018 ns, Reaching safepoint: 131507 ns, At safepoint: 7901 ns, Total: 139408 ns
[2011.753s][info ][gc,start       ] GC(139) Pause Young (Allocation Failure)
[2011.756s][debug][gc,phases      ] GC(139) Scavenge 3.142ms
[2011.756s][debug][gc,ref         ] GC(139) Skipped phase 1 of Reference Processing: no references
[2011.756s][debug][gc,ref         ] GC(139) ReferenceProcessor::execute queues: 1, RefProcThreadModel::Single, marks_oops_alive: false
[2011.756s][debug][gc,ref         ] GC(139) Skipped phase 3 of Reference Processing: no references
[2011.756s][debug][gc,ref         ] GC(139) ReferenceProcessor::execute queues: 1, RefProcThreadModel::Single, marks_oops_alive: false
[2011.756s][debug][gc,phases      ] GC(139) Reference Processing 0.123ms
[2011.757s][debug][gc,phases      ] GC(139)   VM Weak                        Min:  0.0, Avg:  0.0, Max:  0.0, Diff:  0.0, Sum:  0.0, Workers: 4
[2011.757s][debug][gc,phases      ] GC(139)     Dead                           Min: 0, Avg:  0.0, Max: 0, Diff: 0, Sum: 0, Workers: 4
[2011.757s][debug][gc,phases      ] GC(139)     Total                          Min: 0, Avg: 179.5, Max: 640, Diff: 640, Sum: 718, Workers: 4
[2011.757s][debug][gc,phases      ] GC(139)   ObjectSynchronizer Weak        Min:  0.0, Avg:  0.0, Max:  0.0, Diff:  0.0, Sum:  0.0, Workers: 4
[2011.757s][debug][gc,phases      ] GC(139)     Dead                           Min: 0, Avg:  0.0, Max: 0, Diff: 0, Sum: 0, Workers: 4
[2011.757s][debug][gc,phases      ] GC(139)     Total                          Min: 0, Avg: 73.5, Max: 230, Diff: 230, Sum: 294, Workers: 4
[2011.757s][debug][gc,phases      ] GC(139)   JVMTI Tag Weak OopStorage      Min:  0.0, Avg:  0.0, Max:  0.0, Diff:  0.0, Sum:  0.0, Workers: 4
[2011.757s][debug][gc,phases      ] GC(139)     Dead                           Min: 0, Avg:  0.0, Max: 0, Diff: 0, Sum: 0, Workers: 4
[2011.757s][debug][gc,phases      ] GC(139)     Total                          Min: 0, Avg:  0.0, Max: 0, Diff: 0, Sum: 0, Workers: 4
[2011.757s][debug][gc,phases      ] GC(139)   StringTable Weak               Min:  0.1, Avg:  0.1, Max:  0.1, Diff:  0.0, Sum:  0.4, Workers: 4
[2011.757s][debug][gc,phases      ] GC(139)     Dead                           Min: 0, Avg:  0.0, Max: 0, Diff: 0, Sum: 0, Workers: 4
[2011.757s][debug][gc,phases      ] GC(139)     Total                          Min: 11648, Avg: 12137.5, Max: 12736, Diff: 1088, Sum: 48550, Workers: 4
[2011.757s][debug][gc,phases      ] GC(139)   ResolvedMethodTable Weak       Min:  0.0, Avg:  0.0, Max:  0.0, Diff:  0.0, Sum:  0.1, Workers: 4
[2011.757s][debug][gc,phases      ] GC(139)     Dead                           Min: 0, Avg:  0.0, Max: 0, Diff: 0, Sum: 0, Workers: 4
[2011.757s][debug][gc,phases      ] GC(139)     Total                          Min: 1984, Avg: 2115.5, Max: 2240, Diff: 256, Sum: 8462, Workers: 4
[2011.757s][debug][gc,phases      ] GC(139)   JNI Weak                       Min:  0.0, Avg:  0.0, Max:  0.0, Diff:  0.0, Sum:  0.0, Workers: 4
[2011.757s][debug][gc,phases      ] GC(139)     Dead                           Min: 0, Avg:  0.0, Max: 0, Diff: 0, Sum: 0, Workers: 4
[2011.757s][debug][gc,phases      ] GC(139)     Total                          Min: 0, Avg:  0.0, Max: 0, Diff: 0, Sum: 0, Workers: 4
[2011.757s][debug][gc,phases      ] GC(139)   StringDedup Table Weak         Min:  0.0, Avg:  0.0, Max:  0.0, Diff:  0.0, Sum:  0.0, Workers: 4
[2011.757s][debug][gc,phases      ] GC(139)     Dead                           Min: 0, Avg:  0.0, Max: 0, Diff: 0, Sum: 0, Workers: 4
[2011.757s][debug][gc,phases      ] GC(139)     Total                          Min: 0, Avg:  0.0, Max: 0, Diff: 0, Sum: 0, Workers: 4
[2011.757s][debug][gc,phases      ] GC(139)   StringDedup Requests0 Weak     Min:  0.0, Avg:  0.0, Max:  0.0, Diff:  0.0, Sum:  0.0, Workers: 4
[2011.757s][debug][gc,phases      ] GC(139)     Dead                           Min: 0, Avg:  0.0, Max: 0, Diff: 0, Sum: 0, Workers: 4
[2011.757s][debug][gc,phases      ] GC(139)     Total                          Min: 0, Avg:  0.0, Max: 0, Diff: 0, Sum: 0, Workers: 4
[2011.757s][debug][gc,phases      ] GC(139)   StringDedup Requests1 Weak     Min:  0.0, Avg:  0.0, Max:  0.0, Diff:  0.0, Sum:  0.0, Workers: 4
[2011.757s][debug][gc,phases      ] GC(139)     Dead                           Min: 0, Avg:  0.0, Max: 0, Diff: 0, Sum: 0, Workers: 4
[2011.757s][debug][gc,phases      ] GC(139)     Total                          Min: 0, Avg:  0.0, Max: 0, Diff: 0, Sum: 0, Workers: 4
[2011.757s][debug][gc,phases      ] GC(139)   Weak JFR Old Object Samples    Min:  0.0, Avg:  0.0, Max:  0.0, Diff:  0.0, Sum:  0.0, Workers: 4
[2011.757s][debug][gc,phases      ] GC(139)     Dead                           Min: 0, Avg:  0.0, Max: 0, Diff: 0, Sum: 0, Workers: 4
[2011.757s][debug][gc,phases      ] GC(139)     Total                          Min: 0, Avg:  0.0, Max: 0, Diff: 0, Sum: 0, Workers: 4
[2011.757s][debug][gc,phases      ] GC(139) Weak Processing 0.296ms
[2011.757s][debug][gc,age         ] GC(139) Desired survivor size 80216064 bytes, new threshold 15 (max threshold 15)
[2011.757s][info ][gc,heap        ] GC(139) PSYoungGen: 1922384K(2003968K)->6496K(2018816K) Eden: 1915904K(1915904K)->0K(1935872K) From: 6480K(88064K)->6496K(82944K)
[2011.757s][info ][gc,heap        ] GC(139) ParOldGen: 497200K(581120K)->497336K(581120K)
[2011.757s][info ][gc,metaspace   ] GC(139) Metaspace: 84432K(85312K)->84432K(85312K) NonClass: 72656K(73152K)->72656K(73152K) Class: 11775K(12160K)->11775K(12160K)
[2011.757s][info ][gc             ] GC(139) Pause Young (Allocation Failure) 2362M->492M(2539M) 3.713ms
[2011.757s][info ][gc,cpu         ] GC(139) User=0.00s Sys=0.00s Real=0.01s
[2011.757s][info ][safepoint      ] Safepoint "ParallelGCFailedAllocation", Time since last: 5095805138 ns, Reaching safepoint: 108006 ns, At safepoint: 3793209 ns, Total: 3901215 ns
[2023.758s][info ][safepoint      ] Safepoint "Cleanup", Time since last: 12000827927 ns, Reaching safepoint: 135611 ns, At safepoint: 29603 ns, Total: 165214 ns
[2048.760s][info ][safepoint      ] Safepoint "Cleanup", Time since last: 25001770118 ns, Reaching safepoint: 157413 ns, At safepoint: 37203 ns, Total: 194616 ns
[2065.761s][info ][safepoint      ] Safepoint "Cleanup", Time since last: 17001054520 ns, Reaching safepoint: 51204 ns, At safepoint: 7601 ns, Total: 58805 ns
[2072.761s][info ][safepoint      ] Safepoint "Cleanup", Time since last: 7000507610 ns, Reaching safepoint: 42004 ns, At safepoint: 2600 ns, Total: 44604 ns
[2077.154s][info ][gc,start       ] GC(140) Pause Young (Allocation Failure)
[2077.157s][debug][gc,phases      ] GC(140) Scavenge 3.021ms
[2077.157s][debug][gc,ref         ] GC(140) Skipped phase 1 of Reference Processing: no references
[2077.157s][debug][gc,ref         ] GC(140) ReferenceProcessor::execute queues: 1, RefProcThreadModel::Single, marks_oops_alive: false
[2077.157s][debug][gc,ref         ] GC(140) Skipped phase 3 of Reference Processing: no references
[2077.157s][debug][gc,ref         ] GC(140) ReferenceProcessor::execute queues: 1, RefProcThreadModel::Single, marks_oops_alive: false
[2077.157s][debug][gc,phases      ] GC(140) Reference Processing 0.105ms
[2077.158s][debug][gc,phases      ] GC(140)   VM Weak                        Min:  0.0, Avg:  0.0, Max:  0.0, Diff:  0.0, Sum:  0.0, Workers: 4
[2077.158s][debug][gc,phases      ] GC(140)     Dead                           Min: 0, Avg:  0.0, Max: 0, Diff: 0, Sum: 0, Workers: 4
[2077.158s][debug][gc,phases      ] GC(140)     Total                          Min: 0, Avg: 179.5, Max: 270, Diff: 270, Sum: 718, Workers: 4
[2077.158s][debug][gc,phases      ] GC(140)   ObjectSynchronizer Weak        Min:  0.0, Avg:  0.0, Max:  0.0, Diff:  0.0, Sum:  0.0, Workers: 4
[2077.158s][debug][gc,phases      ] GC(140)     Dead                           Min: 0, Avg:  0.0, Max: 0, Diff: 0, Sum: 0, Workers: 4
[2077.158s][debug][gc,phases      ] GC(140)     Total                          Min: 0, Avg: 73.5, Max: 128, Diff: 128, Sum: 294, Workers: 4
[2077.158s][debug][gc,phases      ] GC(140)   JVMTI Tag Weak OopStorage      Min:  0.0, Avg:  0.0, Max:  0.0, Diff:  0.0, Sum:  0.0, Workers: 4
[2077.158s][debug][gc,phases      ] GC(140)     Dead                           Min: 0, Avg:  0.0, Max: 0, Diff: 0, Sum: 0, Workers: 4
[2077.158s][debug][gc,phases      ] GC(140)     Total                          Min: 0, Avg:  0.0, Max: 0, Diff: 0, Sum: 0, Workers: 4
[2077.158s][debug][gc,phases      ] GC(140)   StringTable Weak               Min:  0.1, Avg:  0.1, Max:  0.1, Diff:  0.0, Sum:  0.4, Workers: 4
[2077.158s][debug][gc,phases      ] GC(140)     Dead                           Min: 0, Avg:  0.0, Max: 0, Diff: 0, Sum: 0, Workers: 4
[2077.158s][debug][gc,phases      ] GC(140)     Total                          Min: 11712, Avg: 12137.8, Max: 12583, Diff: 871, Sum: 48551, Workers: 4
[2077.158s][debug][gc,phases      ] GC(140)   ResolvedMethodTable Weak       Min:  0.0, Avg:  0.0, Max:  0.0, Diff:  0.0, Sum:  0.1, Workers: 4
[2077.158s][debug][gc,phases      ] GC(140)     Dead                           Min: 0, Avg:  0.0, Max: 0, Diff: 0, Sum: 0, Workers: 4
[2077.158s][debug][gc,phases      ] GC(140)     Total                          Min: 1984, Avg: 2115.5, Max: 2240, Diff: 256, Sum: 8462, Workers: 4
[2077.158s][debug][gc,phases      ] GC(140)   JNI Weak                       Min:  0.0, Avg:  0.0, Max:  0.0, Diff:  0.0, Sum:  0.0, Workers: 4
[2077.158s][debug][gc,phases      ] GC(140)     Dead                           Min: 0, Avg:  0.0, Max: 0, Diff: 0, Sum: 0, Workers: 4
[2077.158s][debug][gc,phases      ] GC(140)     Total                          Min: 0, Avg:  0.0, Max: 0, Diff: 0, Sum: 0, Workers: 4
[2077.158s][debug][gc,phases      ] GC(140)   StringDedup Table Weak         Min:  0.0, Avg:  0.0, Max:  0.0, Diff:  0.0, Sum:  0.0, Workers: 4
[2077.158s][debug][gc,phases      ] GC(140)     Dead                           Min: 0, Avg:  0.0, Max: 0, Diff: 0, Sum: 0, Workers: 4
[2077.158s][debug][gc,phases      ] GC(140)     Total                          Min: 0, Avg:  0.0, Max: 0, Diff: 0, Sum: 0, Workers: 4
[2077.158s][debug][gc,phases      ] GC(140)   StringDedup Requests0 Weak     Min:  0.0, Avg:  0.0, Max:  0.0, Diff:  0.0, Sum:  0.0, Workers: 4
[2077.158s][debug][gc,phases      ] GC(140)     Dead                           Min: 0, Avg:  0.0, Max: 0, Diff: 0, Sum: 0, Workers: 4
[2077.158s][debug][gc,phases      ] GC(140)     Total                          Min: 0, Avg:  0.0, Max: 0, Diff: 0, Sum: 0, Workers: 4
[2077.158s][debug][gc,phases      ] GC(140)   StringDedup Requests1 Weak     Min:  0.0, Avg:  0.0, Max:  0.0, Diff:  0.0, Sum:  0.0, Workers: 4
[2077.158s][debug][gc,phases      ] GC(140)     Dead                           Min: 0, Avg:  0.0, Max: 0, Diff: 0, Sum: 0, Workers: 4
[2077.158s][debug][gc,phases      ] GC(140)     Total                          Min: 0, Avg:  0.0, Max: 0, Diff: 0, Sum: 0, Workers: 4
[2077.158s][debug][gc,phases      ] GC(140)   Weak JFR Old Object Samples    Min:  0.0, Avg:  0.0, Max:  0.0, Diff:  0.0, Sum:  0.0, Workers: 4
[2077.158s][debug][gc,phases      ] GC(140)     Dead                           Min: 0, Avg:  0.0, Max: 0, Diff: 0, Sum: 0, Workers: 4
[2077.158s][debug][gc,phases      ] GC(140)     Total                          Min: 0, Avg:  0.0, Max: 0, Diff: 0, Sum: 0, Workers: 4
[2077.158s][debug][gc,phases      ] GC(140) Weak Processing 0.311ms
[2077.158s][debug][gc,age         ] GC(140) Desired survivor size 74973184 bytes, new threshold 15 (max threshold 15)
[2077.158s][info ][gc,heap        ] GC(140) PSYoungGen: 1942368K(2018816K)->6528K(2014208K) Eden: 1935872K(1935872K)->0K(1935872K) From: 6496K(82944K)->6528K(78336K)
[2077.158s][info ][gc,heap        ] GC(140) ParOldGen: 497336K(581120K)->497440K(581120K)
[2077.158s][info ][gc,metaspace   ] GC(140) Metaspace: 84433K(85312K)->84433K(85312K) NonClass: 72658K(73152K)->72658K(73152K) Class: 11775K(12160K)->11775K(12160K)
[2077.158s][info ][gc             ] GC(140) Pause Young (Allocation Failure) 2382M->492M(2534M) 3.558ms
[2077.158s][info ][gc,cpu         ] GC(140) User=0.01s Sys=0.00s Real=0.00s
[2077.158s][info ][safepoint      ] Safepoint "ParallelGCFailedAllocation", Time since last: 4392689516 ns, Reaching safepoint: 45404 ns, At safepoint: 3659694 ns, Total: 3705098 ns
[2086.158s][info ][safepoint      ] Safepoint "Cleanup", Time since last: 9000636905 ns, Reaching safepoint: 50704 ns, At safepoint: 3300 ns, Total: 54004 ns
[2089.159s][info ][safepoint      ] Safepoint "Cleanup", Time since last: 3000257900 ns, Reaching safepoint: 33903 ns, At safepoint: 2600 ns, Total: 36503 ns
[2114.161s][info ][safepoint      ] Safepoint "Cleanup", Time since last: 25002091382 ns, Reaching safepoint: 46203 ns, At safepoint: 8101 ns, Total: 54304 ns
[2145.753s][info ][gc,start       ] GC(141) Pause Young (Allocation Failure)
[2145.756s][debug][gc,phases      ] GC(141) Scavenge 3.166ms
[2145.756s][debug][gc,ref         ] GC(141) Skipped phase 1 of Reference Processing: no references
[2145.756s][debug][gc,ref         ] GC(141) ReferenceProcessor::execute queues: 1, RefProcThreadModel::Single, marks_oops_alive: false
[2145.756s][debug][gc,ref         ] GC(141) Skipped phase 3 of Reference Processing: no references
[2145.756s][debug][gc,ref         ] GC(141) ReferenceProcessor::execute queues: 1, RefProcThreadModel::Single, marks_oops_alive: false
[2145.756s][debug][gc,phases      ] GC(141) Reference Processing 0.105ms
[2145.756s][debug][gc,phases      ] GC(141)   VM Weak                        Min:  0.0, Avg:  0.0, Max:  0.0, Diff:  0.0, Sum:  0.0, Workers: 4
[2145.756s][debug][gc,phases      ] GC(141)     Dead                           Min: 0, Avg:  0.0, Max: 0, Diff: 0, Sum: 0, Workers: 4
[2145.756s][debug][gc,phases      ] GC(141)     Total                          Min: 0, Avg: 179.5, Max: 590, Diff: 590, Sum: 718, Workers: 4
[2145.756s][debug][gc,phases      ] GC(141)   ObjectSynchronizer Weak        Min:  0.0, Avg:  0.0, Max:  0.0, Diff:  0.0, Sum:  0.0, Workers: 4
[2145.756s][debug][gc,phases      ] GC(141)     Dead                           Min: 0, Avg:  0.0, Max: 0, Diff: 0, Sum: 0, Workers: 4
[2145.756s][debug][gc,phases      ] GC(141)     Total                          Min: 0, Avg: 73.5, Max: 128, Diff: 128, Sum: 294, Workers: 4
[2145.756s][debug][gc,phases      ] GC(141)   JVMTI Tag Weak OopStorage      Min:  0.0, Avg:  0.0, Max:  0.0, Diff:  0.0, Sum:  0.0, Workers: 4
[2145.756s][debug][gc,phases      ] GC(141)     Dead                           Min: 0, Avg:  0.0, Max: 0, Diff: 0, Sum: 0, Workers: 4
[2145.756s][debug][gc,phases      ] GC(141)     Total                          Min: 0, Avg:  0.0, Max: 0, Diff: 0, Sum: 0, Workers: 4
[2145.756s][debug][gc,phases      ] GC(141)   StringTable Weak               Min:  0.1, Avg:  0.1, Max:  0.1, Diff:  0.0, Sum:  0.4, Workers: 4
[2145.756s][debug][gc,phases      ] GC(141)     Dead                           Min: 0, Avg:  0.0, Max: 0, Diff: 0, Sum: 0, Workers: 4
[2145.756s][debug][gc,phases      ] GC(141)     Total                          Min: 10816, Avg: 12138.8, Max: 13248, Diff: 2432, Sum: 48555, Workers: 4
[2145.756s][debug][gc,phases      ] GC(141)   ResolvedMethodTable Weak       Min:  0.0, Avg:  0.0, Max:  0.0, Diff:  0.0, Sum:  0.1, Workers: 4
[2145.756s][debug][gc,phases      ] GC(141)     Dead                           Min: 0, Avg:  0.0, Max: 0, Diff: 0, Sum: 0, Workers: 4
[2145.756s][debug][gc,phases      ] GC(141)     Total                          Min: 1856, Avg: 2115.5, Max: 2446, Diff: 590, Sum: 8462, Workers: 4
[2145.756s][debug][gc,phases      ] GC(141)   JNI Weak                       Min:  0.0, Avg:  0.0, Max:  0.0, Diff:  0.0, Sum:  0.0, Workers: 4
[2145.756s][debug][gc,phases      ] GC(141)     Dead                           Min: 0, Avg:  0.0, Max: 0, Diff: 0, Sum: 0, Workers: 4
[2145.756s][debug][gc,phases      ] GC(141)     Total                          Min: 0, Avg:  0.0, Max: 0, Diff: 0, Sum: 0, Workers: 4
[2145.756s][debug][gc,phases      ] GC(141)   StringDedup Table Weak         Min:  0.0, Avg:  0.0, Max:  0.0, Diff:  0.0, Sum:  0.0, Workers: 4
[2145.756s][debug][gc,phases      ] GC(141)     Dead                           Min: 0, Avg:  0.0, Max: 0, Diff: 0, Sum: 0, Workers: 4
[2145.756s][debug][gc,phases      ] GC(141)     Total                          Min: 0, Avg:  0.0, Max: 0, Diff: 0, Sum: 0, Workers: 4
[2145.756s][debug][gc,phases      ] GC(141)   StringDedup Requests0 Weak     Min:  0.0, Avg:  0.0, Max:  0.0, Diff:  0.0, Sum:  0.0, Workers: 4
[2145.756s][debug][gc,phases      ] GC(141)     Dead                           Min: 0, Avg:  0.0, Max: 0, Diff: 0, Sum: 0, Workers: 4
[2145.756s][debug][gc,phases      ] GC(141)     Total                          Min: 0, Avg:  0.0, Max: 0, Diff: 0, Sum: 0, Workers: 4
[2145.756s][debug][gc,phases      ] GC(141)   StringDedup Requests1 Weak     Min:  0.0, Avg:  0.0, Max:  0.0, Diff:  0.0, Sum:  0.0, Workers: 4
[2145.756s][debug][gc,phases      ] GC(141)     Dead                           Min: 0, Avg:  0.0, Max: 0, Diff: 0, Sum: 0, Workers: 4
[2145.756s][debug][gc,phases      ] GC(141)     Total                          Min: 0, Avg:  0.0, Max: 0, Diff: 0, Sum: 0, Workers: 4
[2145.756s][debug][gc,phases      ] GC(141)   Weak JFR Old Object Samples    Min:  0.0, Avg:  0.0, Max:  0.0, Diff:  0.0, Sum:  0.0, Workers: 4
[2145.756s][debug][gc,phases      ] GC(141)     Dead                           Min: 0, Avg:  0.0, Max: 0, Diff: 0, Sum: 0, Workers: 4
[2145.756s][debug][gc,phases      ] GC(141)     Total                          Min: 0, Avg:  0.0, Max: 0, Diff: 0, Sum: 0, Workers: 4
[2145.756s][debug][gc,phases      ] GC(141) Weak Processing 0.336ms
[2145.756s][debug][gc,age         ] GC(141) Desired survivor size 70778880 bytes, new threshold 15 (max threshold 15)
[2145.756s][info ][gc,heap        ] GC(141) PSYoungGen: 1942400K(2014208K)->6208K(2028032K) Eden: 1935872K(1935872K)->0K(1954816K) From: 6528K(78336K)->6208K(73216K)
[2145.756s][info ][gc,heap        ] GC(141) ParOldGen: 497440K(581120K)->497552K(581120K)
[2145.756s][info ][gc,metaspace   ] GC(141) Metaspace: 84443K(85312K)->84443K(85312K) NonClass: 72668K(73152K)->72668K(73152K) Class: 11775K(12160K)->11775K(12160K)
[2145.756s][info ][gc             ] GC(141) Pause Young (Allocation Failure) 2382M->491M(2548M) 3.722ms
[2145.756s][info ][gc,cpu         ] GC(141) User=0.02s Sys=0.00s Real=0.01s
[2145.756s][info ][safepoint      ] Safepoint "ParallelGCFailedAllocation", Time since last: 31591635395 ns, Reaching safepoint: 55004 ns, At safepoint: 3826196 ns, Total: 3881200 ns
[2161.758s][info ][safepoint      ] Safepoint "Cleanup", Time since last: 16001046881 ns, Reaching safepoint: 137611 ns, At safepoint: 12901 ns, Total: 150512 ns
[2167.758s][info ][safepoint      ] Safepoint "Cleanup", Time since last: 6000431010 ns, Reaching safepoint: 119109 ns, At safepoint: 7901 ns, Total: 127010 ns
[2170.758s][info ][safepoint      ] Safepoint "Cleanup", Time since last: 3000200662 ns, Reaching safepoint: 118109 ns, At safepoint: 10801 ns, Total: 128910 ns
[2178.759s][info ][safepoint      ] Safepoint "Cleanup", Time since last: 8000542479 ns, Reaching safepoint: 56704 ns, At safepoint: 8701 ns, Total: 65405 ns
[2189.760s][info ][safepoint      ] Safepoint "Cleanup", Time since last: 11000765530 ns, Reaching safepoint: 84707 ns, At safepoint: 5400 ns, Total: 90107 ns
[2191.760s][info ][safepoint      ] Safepoint "Cleanup", Time since last: 2000177916 ns, Reaching safepoint: 130610 ns, At safepoint: 10001 ns, Total: 140611 ns
[2195.761s][info ][safepoint      ] Safepoint "Cleanup", Time since last: 4000242207 ns, Reaching safepoint: 49304 ns, At safepoint: 8801 ns, Total: 58105 ns
[2200.761s][info ][safepoint      ] Safepoint "Cleanup", Time since last: 5000336486 ns, Reaching safepoint: 47504 ns, At safepoint: 2500 ns, Total: 50004 ns
[2213.053s][info ][gc,start       ] GC(142) Pause Young (Allocation Failure)
[2213.057s][debug][gc,phases      ] GC(142) Scavenge 3.159ms
[2213.057s][debug][gc,ref         ] GC(142) Skipped phase 1 of Reference Processing: no references
[2213.057s][debug][gc,ref         ] GC(142) ReferenceProcessor::execute queues: 1, RefProcThreadModel::Single, marks_oops_alive: false
[2213.057s][debug][gc,ref         ] GC(142) Skipped phase 3 of Reference Processing: no references
[2213.057s][debug][gc,ref         ] GC(142) ReferenceProcessor::execute queues: 1, RefProcThreadModel::Single, marks_oops_alive: false
[2213.057s][debug][gc,phases      ] GC(142) Reference Processing 0.105ms
[2213.057s][debug][gc,phases      ] GC(142)   VM Weak                        Min:  0.0, Avg:  0.0, Max:  0.0, Diff:  0.0, Sum:  0.0, Workers: 4
[2213.057s][debug][gc,phases      ] GC(142)     Dead                           Min: 0, Avg:  0.0, Max: 0, Diff: 0, Sum: 0, Workers: 4
[2213.057s][debug][gc,phases      ] GC(142)     Total                          Min: 0, Avg: 179.5, Max: 704, Diff: 704, Sum: 718, Workers: 4
[2213.057s][debug][gc,phases      ] GC(142)   ObjectSynchronizer Weak        Min:  0.0, Avg:  0.0, Max:  0.0, Diff:  0.0, Sum:  0.0, Workers: 4
[2213.057s][debug][gc,phases      ] GC(142)     Dead                           Min: 0, Avg:  0.0, Max: 0, Diff: 0, Sum: 0, Workers: 4
[2213.057s][debug][gc,phases      ] GC(142)     Total                          Min: 0, Avg: 73.5, Max: 128, Diff: 128, Sum: 294, Workers: 4
[2213.057s][debug][gc,phases      ] GC(142)   JVMTI Tag Weak OopStorage      Min:  0.0, Avg:  0.0, Max:  0.0, Diff:  0.0, Sum:  0.0, Workers: 4
[2213.057s][debug][gc,phases      ] GC(142)     Dead                           Min: 0, Avg:  0.0, Max: 0, Diff: 0, Sum: 0, Workers: 4
[2213.057s][debug][gc,phases      ] GC(142)     Total                          Min: 0, Avg:  0.0, Max: 0, Diff: 0, Sum: 0, Workers: 4
[2213.057s][debug][gc,phases      ] GC(142)   StringTable Weak               Min:  0.1, Avg:  0.1, Max:  0.1, Diff:  0.0, Sum:  0.4, Workers: 4
[2213.057s][debug][gc,phases      ] GC(142)     Dead                           Min: 0, Avg:  0.0, Max: 0, Diff: 0, Sum: 0, Workers: 4
[2213.057s][debug][gc,phases      ] GC(142)     Total                          Min: 11712, Avg: 12141.0, Max: 12468, Diff: 756, Sum: 48564, Workers: 4
[2213.057s][debug][gc,phases      ] GC(142)   ResolvedMethodTable Weak       Min:  0.0, Avg:  0.0, Max:  0.0, Diff:  0.0, Sum:  0.1, Workers: 4
[2213.057s][debug][gc,phases      ] GC(142)     Dead                           Min: 0, Avg:  0.0, Max: 0, Diff: 0, Sum: 0, Workers: 4
[2213.057s][debug][gc,phases      ] GC(142)     Total                          Min: 1920, Avg: 2115.5, Max: 2368, Diff: 448, Sum: 8462, Workers: 4
[2213.057s][debug][gc,phases      ] GC(142)   JNI Weak                       Min:  0.0, Avg:  0.0, Max:  0.0, Diff:  0.0, Sum:  0.0, Workers: 4
[2213.057s][debug][gc,phases      ] GC(142)     Dead                           Min: 0, Avg:  0.0, Max: 0, Diff: 0, Sum: 0, Workers: 4
[2213.057s][debug][gc,phases      ] GC(142)     Total                          Min: 0, Avg:  0.0, Max: 0, Diff: 0, Sum: 0, Workers: 4
[2213.057s][debug][gc,phases      ] GC(142)   StringDedup Table Weak         Min:  0.0, Avg:  0.0, Max:  0.0, Diff:  0.0, Sum:  0.0, Workers: 4
[2213.057s][debug][gc,phases      ] GC(142)     Dead                           Min: 0, Avg:  0.0, Max: 0, Diff: 0, Sum: 0, Workers: 4
[2213.057s][debug][gc,phases      ] GC(142)     Total                          Min: 0, Avg:  0.0, Max: 0, Diff: 0, Sum: 0, Workers: 4
[2213.057s][debug][gc,phases      ] GC(142)   StringDedup Requests0 Weak     Min:  0.0, Avg:  0.0, Max:  0.0, Diff:  0.0, Sum:  0.0, Workers: 4
[2213.057s][debug][gc,phases      ] GC(142)     Dead                           Min: 0, Avg:  0.0, Max: 0, Diff: 0, Sum: 0, Workers: 4
[2213.057s][debug][gc,phases      ] GC(142)     Total                          Min: 0, Avg:  0.0, Max: 0, Diff: 0, Sum: 0, Workers: 4
[2213.057s][debug][gc,phases      ] GC(142)   StringDedup Requests1 Weak     Min:  0.0, Avg:  0.0, Max:  0.0, Diff:  0.0, Sum:  0.0, Workers: 4
[2213.057s][debug][gc,phases      ] GC(142)     Dead                           Min: 0, Avg:  0.0, Max: 0, Diff: 0, Sum: 0, Workers: 4
[2213.057s][debug][gc,phases      ] GC(142)     Total                          Min: 0, Avg:  0.0, Max: 0, Diff: 0, Sum: 0, Workers: 4
[2213.057s][debug][gc,phases      ] GC(142)   Weak JFR Old Object Samples    Min:  0.0, Avg:  0.0, Max:  0.0, Diff:  0.0, Sum:  0.0, Workers: 4
[2213.057s][debug][gc,phases      ] GC(142)     Dead                           Min: 0, Avg:  0.0, Max: 0, Diff: 0, Sum: 0, Workers: 4
[2213.057s][debug][gc,phases      ] GC(142)     Total                          Min: 0, Avg:  0.0, Max: 0, Diff: 0, Sum: 0, Workers: 4
[2213.057s][debug][gc,phases      ] GC(142) Weak Processing 0.345ms
[2213.057s][debug][gc,age         ] GC(142) Desired survivor size 66584576 bytes, new threshold 15 (max threshold 15)
[2213.057s][info ][gc,heap        ] GC(142) PSYoungGen: 1961024K(2028032K)->6256K(2023936K) Eden: 1954816K(1954816K)->0K(1954816K) From: 6208K(73216K)->6256K(69120K)
[2213.057s][info ][gc,heap        ] GC(142) ParOldGen: 497552K(581120K)->497656K(581120K)
[2213.057s][info ][gc,metaspace   ] GC(142) Metaspace: 84453K(85312K)->84453K(85312K) NonClass: 72678K(73152K)->72678K(73152K) Class: 11775K(12160K)->11775K(12160K)
[2213.057s][info ][gc             ] GC(142) Pause Young (Allocation Failure) 2400M->492M(2544M) 3.748ms
[2213.057s][info ][gc,cpu         ] GC(142) User=0.02s Sys=0.00s Real=0.00s
[2213.057s][info ][safepoint      ] Safepoint "ParallelGCFailedAllocation", Time since last: 12292255557 ns, Reaching safepoint: 104708 ns, At safepoint: 3853589 ns, Total: 3958297 ns
[2222.058s][info ][safepoint      ] Safepoint "Cleanup", Time since last: 9000723440 ns, Reaching safepoint: 121409 ns, At safepoint: 9301 ns, Total: 130710 ns
[2235.059s][info ][safepoint      ] Safepoint "Cleanup", Time since last: 13000867453 ns, Reaching safepoint: 53904 ns, At safepoint: 8301 ns, Total: 62205 ns
[2249.061s][info ][safepoint      ] Safepoint "Cleanup", Time since last: 14002052895 ns, Reaching safepoint: 56304 ns, At safepoint: 5201 ns, Total: 61505 ns
[2254.061s][info ][safepoint      ] Safepoint "Cleanup", Time since last: 5000351907 ns, Reaching safepoint: 53604 ns, At safepoint: 3301 ns, Total: 56905 ns
[2263.062s][info ][safepoint      ] Safepoint "Cleanup", Time since last: 9000528313 ns, Reaching safepoint: 54304 ns, At safepoint: 10101 ns, Total: 64405 ns
[2269.063s][info ][safepoint      ] Safepoint "Cleanup", Time since last: 6000417117 ns, Reaching safepoint: 49304 ns, At safepoint: 9200 ns, Total: 58504 ns
[2276.063s][info ][safepoint      ] Safepoint "Cleanup", Time since last: 7000408973 ns, Reaching safepoint: 46404 ns, At safepoint: 2800 ns, Total: 49204 ns
[2283.002s][info ][gc,start       ] GC(143) Pause Young (Allocation Failure)
[2283.006s][debug][gc,phases      ] GC(143) Scavenge 3.660ms
[2283.006s][debug][gc,ref         ] GC(143) Skipped phase 1 of Reference Processing: no references
[2283.006s][debug][gc,ref         ] GC(143) ReferenceProcessor::execute queues: 1, RefProcThreadModel::Single, marks_oops_alive: false
[2283.006s][debug][gc,ref         ] GC(143) Skipped phase 3 of Reference Processing: no references
[2283.006s][debug][gc,ref         ] GC(143) ReferenceProcessor::execute queues: 1, RefProcThreadModel::Single, marks_oops_alive: false
[2283.006s][debug][gc,phases      ] GC(143) Reference Processing 0.105ms
[2283.006s][debug][gc,phases      ] GC(143)   VM Weak                        Min:  0.0, Avg:  0.0, Max:  0.0, Diff:  0.0, Sum:  0.0, Workers: 4
[2283.006s][debug][gc,phases      ] GC(143)     Dead                           Min: 0, Avg:  0.0, Max: 0, Diff: 0, Sum: 0, Workers: 4
[2283.006s][debug][gc,phases      ] GC(143)     Total                          Min: 0, Avg: 179.5, Max: 384, Diff: 384, Sum: 718, Workers: 4
[2283.006s][debug][gc,phases      ] GC(143)   ObjectSynchronizer Weak        Min:  0.0, Avg:  0.0, Max:  0.0, Diff:  0.0, Sum:  0.0, Workers: 4
[2283.006s][debug][gc,phases      ] GC(143)     Dead                           Min: 0, Avg:  0.0, Max: 0, Diff: 0, Sum: 0, Workers: 4
[2283.006s][debug][gc,phases      ] GC(143)     Total                          Min: 0, Avg: 73.5, Max: 166, Diff: 166, Sum: 294, Workers: 4
[2283.006s][debug][gc,phases      ] GC(143)   JVMTI Tag Weak OopStorage      Min:  0.0, Avg:  0.0, Max:  0.0, Diff:  0.0, Sum:  0.0, Workers: 4
[2283.006s][debug][gc,phases      ] GC(143)     Dead                           Min: 0, Avg:  0.0, Max: 0, Diff: 0, Sum: 0, Workers: 4
[2283.006s][debug][gc,phases      ] GC(143)     Total                          Min: 0, Avg:  0.0, Max: 0, Diff: 0, Sum: 0, Workers: 4
[2283.006s][debug][gc,phases      ] GC(143)   StringTable Weak               Min:  0.1, Avg:  0.1, Max:  0.1, Diff:  0.0, Sum:  0.4, Workers: 4
[2283.006s][debug][gc,phases      ] GC(143)     Dead                           Min: 0, Avg:  0.0, Max: 0, Diff: 0, Sum: 0, Workers: 4
[2283.006s][debug][gc,phases      ] GC(143)     Total                          Min: 11456, Avg: 12141.0, Max: 12736, Diff: 1280, Sum: 48564, Workers: 4
[2283.006s][debug][gc,phases      ] GC(143)   ResolvedMethodTable Weak       Min:  0.0, Avg:  0.0, Max:  0.0, Diff:  0.0, Sum:  0.1, Workers: 4
[2283.006s][debug][gc,phases      ] GC(143)     Dead                           Min: 0, Avg:  0.0, Max: 0, Diff: 0, Sum: 0, Workers: 4
[2283.006s][debug][gc,phases      ] GC(143)     Total                          Min: 1984, Avg: 2115.5, Max: 2240, Diff: 256, Sum: 8462, Workers: 4
[2283.006s][debug][gc,phases      ] GC(143)   JNI Weak                       Min:  0.0, Avg:  0.0, Max:  0.0, Diff:  0.0, Sum:  0.0, Workers: 4
[2283.006s][debug][gc,phases      ] GC(143)     Dead                           Min: 0, Avg:  0.0, Max: 0, Diff: 0, Sum: 0, Workers: 4
[2283.006s][debug][gc,phases      ] GC(143)     Total                          Min: 0, Avg:  0.0, Max: 0, Diff: 0, Sum: 0, Workers: 4
[2283.006s][debug][gc,phases      ] GC(143)   StringDedup Table Weak         Min:  0.0, Avg:  0.0, Max:  0.0, Diff:  0.0, Sum:  0.0, Workers: 4
[2283.006s][debug][gc,phases      ] GC(143)     Dead                           Min: 0, Avg:  0.0, Max: 0, Diff: 0, Sum: 0, Workers: 4
[2283.006s][debug][gc,phases      ] GC(143)     Total                          Min: 0, Avg:  0.0, Max: 0, Diff: 0, Sum: 0, Workers: 4
[2283.006s][debug][gc,phases      ] GC(143)   StringDedup Requests0 Weak     Min:  0.0, Avg:  0.0, Max:  0.0, Diff:  0.0, Sum:  0.0, Workers: 4
[2283.006s][debug][gc,phases      ] GC(143)     Dead                           Min: 0, Avg:  0.0, Max: 0, Diff: 0, Sum: 0, Workers: 4
[2283.006s][debug][gc,phases      ] GC(143)     Total                          Min: 0, Avg:  0.0, Max: 0, Diff: 0, Sum: 0, Workers: 4
[2283.006s][debug][gc,phases      ] GC(143)   StringDedup Requests1 Weak     Min:  0.0, Avg:  0.0, Max:  0.0, Diff:  0.0, Sum:  0.0, Workers: 4
[2283.006s][debug][gc,phases      ] GC(143)     Dead                           Min: 0, Avg:  0.0, Max: 0, Diff: 0, Sum: 0, Workers: 4
[2283.006s][debug][gc,phases      ] GC(143)     Total                          Min: 0, Avg:  0.0, Max: 0, Diff: 0, Sum: 0, Workers: 4
[2283.006s][debug][gc,phases      ] GC(143)   Weak JFR Old Object Samples    Min:  0.0, Avg:  0.0, Max:  0.0, Diff:  0.0, Sum:  0.0, Workers: 4
[2283.006s][debug][gc,phases      ] GC(143)     Dead                           Min: 0, Avg:  0.0, Max: 0, Diff: 0, Sum: 0, Workers: 4
[2283.006s][debug][gc,phases      ] GC(143)     Total                          Min: 0, Avg:  0.0, Max: 0, Diff: 0, Sum: 0, Workers: 4
[2283.006s][debug][gc,phases      ] GC(143) Weak Processing 0.330ms
[2283.006s][debug][gc,age         ] GC(143) Desired survivor size 62390272 bytes, new threshold 15 (max threshold 15)
[2283.006s][info ][gc,heap        ] GC(143) PSYoungGen: 1961072K(2023936K)->6528K(2036224K) Eden: 1954816K(1954816K)->0K(1971200K) From: 6256K(69120K)->6528K(65024K)
[2283.006s][info ][gc,heap        ] GC(143) ParOldGen: 497656K(581120K)->497772K(581120K)
[2283.006s][info ][gc,metaspace   ] GC(143) Metaspace: 84454K(85312K)->84454K(85312K) NonClass: 72679K(73152K)->72679K(73152K) Class: 11775K(12160K)->11775K(12160K)
[2283.006s][info ][gc             ] GC(143) Pause Young (Allocation Failure) 2401M->492M(2556M) 4.221ms
[2283.006s][info ][gc,cpu         ] GC(143) User=0.02s Sys=0.00s Real=0.01s
[2283.006s][info ][safepoint      ] Safepoint "ParallelGCFailedAllocation", Time since last: 6938719238 ns, Reaching safepoint: 40403 ns, At safepoint: 4304814 ns, Total: 4345217 ns
[2287.006s][info ][safepoint      ] Safepoint "Cleanup", Time since last: 4000277844 ns, Reaching safepoint: 117908 ns, At safepoint: 9701 ns, Total: 127609 ns
[2288.007s][info ][safepoint      ] Safepoint "Cleanup", Time since last: 1000115092 ns, Reaching safepoint: 127209 ns, At safepoint: 8601 ns, Total: 135810 ns
[2293.007s][info ][safepoint      ] Safepoint "Cleanup", Time since last: 5000420118 ns, Reaching safepoint: 119609 ns, At safepoint: 29802 ns, Total: 149411 ns
[2318.009s][info ][safepoint      ] Safepoint "Cleanup", Time since last: 25001587803 ns, Reaching safepoint: 46004 ns, At safepoint: 5400 ns, Total: 51404 ns
[2322.009s][info ][safepoint      ] Safepoint "Cleanup", Time since last: 4000315428 ns, Reaching safepoint: 58105 ns, At safepoint: 3800 ns, Total: 61905 ns
[2350.403s][info ][gc,start       ] GC(144) Pause Young (Allocation Failure)
[2350.406s][debug][gc,phases      ] GC(144) Scavenge 3.202ms
[2350.406s][debug][gc,ref         ] GC(144) Skipped phase 1 of Reference Processing: no references
[2350.406s][debug][gc,ref         ] GC(144) ReferenceProcessor::execute queues: 1, RefProcThreadModel::Single, marks_oops_alive: false
[2350.406s][debug][gc,ref         ] GC(144) Skipped phase 3 of Reference Processing: no references
[2350.406s][debug][gc,ref         ] GC(144) ReferenceProcessor::execute queues: 1, RefProcThreadModel::Single, marks_oops_alive: false
[2350.406s][debug][gc,phases      ] GC(144) Reference Processing 0.106ms
[2350.406s][debug][gc,phases      ] GC(144)   VM Weak                        Min:  0.0, Avg:  0.0, Max:  0.0, Diff:  0.0, Sum:  0.0, Workers: 4
[2350.406s][debug][gc,phases      ] GC(144)     Dead                           Min: 0, Avg:  0.0, Max: 0, Diff: 0, Sum: 0, Workers: 4
[2350.406s][debug][gc,phases      ] GC(144)     Total                          Min: 0, Avg: 179.5, Max: 462, Diff: 462, Sum: 718, Workers: 4
[2350.406s][debug][gc,phases      ] GC(144)   ObjectSynchronizer Weak        Min:  0.0, Avg:  0.0, Max:  0.0, Diff:  0.0, Sum:  0.0, Workers: 4
[2350.406s][debug][gc,phases      ] GC(144)     Dead                           Min: 0, Avg:  0.0, Max: 0, Diff: 0, Sum: 0, Workers: 4
[2350.406s][debug][gc,phases      ] GC(144)     Total                          Min: 0, Avg: 73.5, Max: 166, Diff: 166, Sum: 294, Workers: 4
[2350.406s][debug][gc,phases      ] GC(144)   JVMTI Tag Weak OopStorage      Min:  0.0, Avg:  0.0, Max:  0.0, Diff:  0.0, Sum:  0.0, Workers: 4
[2350.406s][debug][gc,phases      ] GC(144)     Dead                           Min: 0, Avg:  0.0, Max: 0, Diff: 0, Sum: 0, Workers: 4
[2350.407s][debug][gc,phases      ] GC(144)     Total                          Min: 0, Avg:  0.0, Max: 0, Diff: 0, Sum: 0, Workers: 4
[2350.407s][debug][gc,phases      ] GC(144)   StringTable Weak               Min:  0.1, Avg:  0.1, Max:  0.1, Diff:  0.0, Sum:  0.4, Workers: 4
[2350.407s][debug][gc,phases      ] GC(144)     Dead                           Min: 0, Avg:  0.0, Max: 0, Diff: 0, Sum: 0, Workers: 4
[2350.407s][debug][gc,phases      ] GC(144)     Total                          Min: 11382, Avg: 12141.5, Max: 12608, Diff: 1226, Sum: 48566, Workers: 4
[2350.407s][debug][gc,phases      ] GC(144)   ResolvedMethodTable Weak       Min:  0.0, Avg:  0.0, Max:  0.0, Diff:  0.0, Sum:  0.1, Workers: 4
[2350.407s][debug][gc,phases      ] GC(144)     Dead                           Min: 0, Avg:  0.0, Max: 0, Diff: 0, Sum: 0, Workers: 4
[2350.407s][debug][gc,phases      ] GC(144)     Total                          Min: 2048, Avg: 2115.5, Max: 2190, Diff: 142, Sum: 8462, Workers: 4
[2350.407s][debug][gc,phases      ] GC(144)   JNI Weak                       Min:  0.0, Avg:  0.0, Max:  0.0, Diff:  0.0, Sum:  0.0, Workers: 4
[2350.407s][debug][gc,phases      ] GC(144)     Dead                           Min: 0, Avg:  0.0, Max: 0, Diff: 0, Sum: 0, Workers: 4
[2350.407s][debug][gc,phases      ] GC(144)     Total                          Min: 0, Avg:  0.0, Max: 0, Diff: 0, Sum: 0, Workers: 4
[2350.407s][debug][gc,phases      ] GC(144)   StringDedup Table Weak         Min:  0.0, Avg:  0.0, Max:  0.0, Diff:  0.0, Sum:  0.0, Workers: 4
[2350.407s][debug][gc,phases      ] GC(144)     Dead                           Min: 0, Avg:  0.0, Max: 0, Diff: 0, Sum: 0, Workers: 4
[2350.407s][debug][gc,phases      ] GC(144)     Total                          Min: 0, Avg:  0.0, Max: 0, Diff: 0, Sum: 0, Workers: 4
[2350.407s][debug][gc,phases      ] GC(144)   StringDedup Requests0 Weak     Min:  0.0, Avg:  0.0, Max:  0.0, Diff:  0.0, Sum:  0.0, Workers: 4
[2350.407s][debug][gc,phases      ] GC(144)     Dead                           Min: 0, Avg:  0.0, Max: 0, Diff: 0, Sum: 0, Workers: 4
[2350.407s][debug][gc,phases      ] GC(144)     Total                          Min: 0, Avg:  0.0, Max: 0, Diff: 0, Sum: 0, Workers: 4
[2350.407s][debug][gc,phases      ] GC(144)   StringDedup Requests1 Weak     Min:  0.0, Avg:  0.0, Max:  0.0, Diff:  0.0, Sum:  0.0, Workers: 4
[2350.407s][debug][gc,phases      ] GC(144)     Dead                           Min: 0, Avg:  0.0, Max: 0, Diff: 0, Sum: 0, Workers: 4
[2350.407s][debug][gc,phases      ] GC(144)     Total                          Min: 0, Avg:  0.0, Max: 0, Diff: 0, Sum: 0, Workers: 4
[2350.407s][debug][gc,phases      ] GC(144)   Weak JFR Old Object Samples    Min:  0.0, Avg:  0.0, Max:  0.0, Diff:  0.0, Sum:  0.0, Workers: 4
[2350.407s][debug][gc,phases      ] GC(144)     Dead                           Min: 0, Avg:  0.0, Max: 0, Diff: 0, Sum: 0, Workers: 4
[2350.407s][debug][gc,phases      ] GC(144)     Total                          Min: 0, Avg:  0.0, Max: 0, Diff: 0, Sum: 0, Workers: 4
[2350.407s][debug][gc,phases      ] GC(144) Weak Processing 0.307ms
[2350.407s][debug][gc,age         ] GC(144) Desired survivor size 58195968 bytes, new threshold 15 (max threshold 15)
[2350.407s][info ][gc,heap        ] GC(144) PSYoungGen: 1977728K(2036224K)->6368K(2032128K) Eden: 1971200K(1971200K)->0K(1971200K) From: 6528K(65024K)->6368K(60928K)
[2350.407s][info ][gc,heap        ] GC(144) ParOldGen: 497772K(581120K)->497972K(581120K)
[2350.407s][info ][gc,metaspace   ] GC(144) Metaspace: 84455K(85312K)->84455K(85312K) NonClass: 72679K(73152K)->72679K(73152K) Class: 11775K(12160K)->11775K(12160K)
[2350.407s][info ][gc             ] GC(144) Pause Young (Allocation Failure) 2417M->492M(2552M) 3.735ms
[2350.407s][info ][gc,cpu         ] GC(144) User=0.02s Sys=0.00s Real=0.01s
[2350.407s][info ][safepoint      ] Safepoint "ParallelGCFailedAllocation", Time since last: 28393536803 ns, Reaching safepoint: 34602 ns, At safepoint: 3815171 ns, Total: 3849773 ns
[2353.407s][info ][safepoint      ] Safepoint "Cleanup", Time since last: 3000212637 ns, Reaching safepoint: 115908 ns, At safepoint: 26902 ns, Total: 142810 ns
[2354.407s][info ][safepoint      ] Safepoint "Cleanup", Time since last: 1000102898 ns, Reaching safepoint: 113008 ns, At safepoint: 5900 ns, Total: 118908 ns
[2356.408s][info ][safepoint      ] Safepoint "Cleanup", Time since last: 2000172916 ns, Reaching safepoint: 120509 ns, At safepoint: 5400 ns, Total: 125909 ns
[2357.408s][info ][safepoint      ] Safepoint "Cleanup", Time since last: 1000113223 ns, Reaching safepoint: 121908 ns, At safepoint: 5401 ns, Total: 127309 ns
[2360.408s][info ][safepoint      ] Safepoint "Cleanup", Time since last: 3000212407 ns, Reaching safepoint: 132009 ns, At safepoint: 6801 ns, Total: 138810 ns
[2381.409s][info ][safepoint      ] Safepoint "Cleanup", Time since last: 21001281313 ns, Reaching safepoint: 48804 ns, At safepoint: 7400 ns, Total: 56204 ns
[2410.411s][info ][safepoint      ] Safepoint "Cleanup", Time since last: 29001884303 ns, Reaching safepoint: 50404 ns, At safepoint: 2300 ns, Total: 52704 ns
[2411.412s][info ][safepoint      ] Safepoint "Cleanup", Time since last: 1000114633 ns, Reaching safepoint: 52704 ns, At safepoint: 5500 ns, Total: 58204 ns
[2417.412s][info ][safepoint      ] Safepoint "Cleanup", Time since last: 6000377805 ns, Reaching safepoint: 43903 ns, At safepoint: 40103 ns, Total: 84006 ns
[2419.412s][info ][safepoint      ] Safepoint "Cleanup", Time since last: 2000174026 ns, Reaching safepoint: 54604 ns, At safepoint: 8000 ns, Total: 62604 ns
[2420.412s][info ][safepoint      ] Safepoint "Cleanup", Time since last: 1000110931 ns, Reaching safepoint: 49104 ns, At safepoint: 2200 ns, Total: 51304 ns
[2420.705s][info ][gc,start       ] GC(145) Pause Young (Allocation Failure)
[2420.709s][debug][gc,phases      ] GC(145) Scavenge 4.086ms
[2420.709s][debug][gc,ref         ] GC(145) Skipped phase 1 of Reference Processing: no references
[2420.709s][debug][gc,ref         ] GC(145) ReferenceProcessor::execute queues: 1, RefProcThreadModel::Single, marks_oops_alive: false
[2420.709s][debug][gc,ref         ] GC(145) Skipped phase 3 of Reference Processing: no references
[2420.709s][debug][gc,ref         ] GC(145) ReferenceProcessor::execute queues: 1, RefProcThreadModel::Single, marks_oops_alive: false
[2420.709s][debug][gc,phases      ] GC(145) Reference Processing 0.131ms
[2420.709s][debug][gc,phases      ] GC(145)   VM Weak                        Min:  0.0, Avg:  0.0, Max:  0.0, Diff:  0.0, Sum:  0.0, Workers: 4
[2420.709s][debug][gc,phases      ] GC(145)     Dead                           Min: 0, Avg:  0.0, Max: 0, Diff: 0, Sum: 0, Workers: 4
[2420.709s][debug][gc,phases      ] GC(145)     Total                          Min: 0, Avg: 179.5, Max: 398, Diff: 398, Sum: 718, Workers: 4
[2420.709s][debug][gc,phases      ] GC(145)   ObjectSynchronizer Weak        Min:  0.0, Avg:  0.0, Max:  0.0, Diff:  0.0, Sum:  0.0, Workers: 4
[2420.709s][debug][gc,phases      ] GC(145)     Dead                           Min: 0, Avg:  0.0, Max: 0, Diff: 0, Sum: 0, Workers: 4
[2420.709s][debug][gc,phases      ] GC(145)     Total                          Min: 0, Avg: 73.5, Max: 166, Diff: 166, Sum: 294, Workers: 4
[2420.709s][debug][gc,phases      ] GC(145)   JVMTI Tag Weak OopStorage      Min:  0.0, Avg:  0.0, Max:  0.0, Diff:  0.0, Sum:  0.0, Workers: 4
[2420.709s][debug][gc,phases      ] GC(145)     Dead                           Min: 0, Avg:  0.0, Max: 0, Diff: 0, Sum: 0, Workers: 4
[2420.709s][debug][gc,phases      ] GC(145)     Total                          Min: 0, Avg:  0.0, Max: 0, Diff: 0, Sum: 0, Workers: 4
[2420.709s][debug][gc,phases      ] GC(145)   StringTable Weak               Min:  0.1, Avg:  0.1, Max:  0.1, Diff:  0.0, Sum:  0.4, Workers: 4
[2420.709s][debug][gc,phases      ] GC(145)     Dead                           Min: 0, Avg:  0.0, Max: 0, Diff: 0, Sum: 0, Workers: 4
[2420.709s][debug][gc,phases      ] GC(145)     Total                          Min: 10998, Avg: 12141.5, Max: 13696, Diff: 2698, Sum: 48566, Workers: 4
[2420.709s][debug][gc,phases      ] GC(145)   ResolvedMethodTable Weak       Min:  0.0, Avg:  0.0, Max:  0.0, Diff:  0.0, Sum:  0.1, Workers: 4
[2420.709s][debug][gc,phases      ] GC(145)     Dead                           Min: 0, Avg:  0.0, Max: 0, Diff: 0, Sum: 0, Workers: 4
[2420.709s][debug][gc,phases      ] GC(145)     Total                          Min: 1792, Avg: 2115.5, Max: 2560, Diff: 768, Sum: 8462, Workers: 4
[2420.709s][debug][gc,phases      ] GC(145)   JNI Weak                       Min:  0.0, Avg:  0.0, Max:  0.0, Diff:  0.0, Sum:  0.0, Workers: 4
[2420.709s][debug][gc,phases      ] GC(145)     Dead                           Min: 0, Avg:  0.0, Max: 0, Diff: 0, Sum: 0, Workers: 4
[2420.709s][debug][gc,phases      ] GC(145)     Total                          Min: 0, Avg:  0.0, Max: 0, Diff: 0, Sum: 0, Workers: 4
[2420.709s][debug][gc,phases      ] GC(145)   StringDedup Table Weak         Min:  0.0, Avg:  0.0, Max:  0.0, Diff:  0.0, Sum:  0.0, Workers: 4
[2420.709s][debug][gc,phases      ] GC(145)     Dead                           Min: 0, Avg:  0.0, Max: 0, Diff: 0, Sum: 0, Workers: 4
[2420.709s][debug][gc,phases      ] GC(145)     Total                          Min: 0, Avg:  0.0, Max: 0, Diff: 0, Sum: 0, Workers: 4
[2420.709s][debug][gc,phases      ] GC(145)   StringDedup Requests0 Weak     Min:  0.0, Avg:  0.0, Max:  0.0, Diff:  0.0, Sum:  0.0, Workers: 4
[2420.709s][debug][gc,phases      ] GC(145)     Dead                           Min: 0, Avg:  0.0, Max: 0, Diff: 0, Sum: 0, Workers: 4
[2420.709s][debug][gc,phases      ] GC(145)     Total                          Min: 0, Avg:  0.0, Max: 0, Diff: 0, Sum: 0, Workers: 4
[2420.709s][debug][gc,phases      ] GC(145)   StringDedup Requests1 Weak     Min:  0.0, Avg:  0.0, Max:  0.0, Diff:  0.0, Sum:  0.0, Workers: 4
[2420.709s][debug][gc,phases      ] GC(145)     Dead                           Min: 0, Avg:  0.0, Max: 0, Diff: 0, Sum: 0, Workers: 4
[2420.709s][debug][gc,phases      ] GC(145)     Total                          Min: 0, Avg:  0.0, Max: 0, Diff: 0, Sum: 0, Workers: 4
[2420.709s][debug][gc,phases      ] GC(145)   Weak JFR Old Object Samples    Min:  0.0, Avg:  0.0, Max:  0.0, Diff:  0.0, Sum:  0.0, Workers: 4
[2420.709s][debug][gc,phases      ] GC(145)     Dead                           Min: 0, Avg:  0.0, Max: 0, Diff: 0, Sum: 0, Workers: 4
[2420.709s][debug][gc,phases      ] GC(145)     Total                          Min: 0, Avg:  0.0, Max: 0, Diff: 0, Sum: 0, Workers: 4
[2420.709s][debug][gc,phases      ] GC(145) Weak Processing 0.319ms
[2420.709s][debug][gc,age         ] GC(145) Desired survivor size 55050240 bytes, new threshold 15 (max threshold 15)
[2420.709s][info ][gc,heap        ] GC(145) PSYoungGen: 1977568K(2032128K)->5616K(2043392K) Eden: 1971200K(1971200K)->0K(1986560K) From: 6368K(60928K)->5616K(56832K)
[2420.709s][info ][gc,heap        ] GC(145) ParOldGen: 497972K(581120K)->498076K(581120K)
[2420.709s][info ][gc,metaspace   ] GC(145) Metaspace: 84460K(85312K)->84460K(85312K) NonClass: 72684K(73152K)->72684K(73152K) Class: 11775K(12160K)->11775K(12160K)
[2420.709s][info ][gc             ] GC(145) Pause Young (Allocation Failure) 2417M->491M(2563M) 4.667ms
[2420.709s][info ][gc,cpu         ] GC(145) User=0.01s Sys=0.00s Real=0.01s
[2420.709s][info ][safepoint      ] Safepoint "ParallelGCFailedAllocation", Time since last: 292151649 ns, Reaching safepoint: 25902 ns, At safepoint: 4739129 ns, Total: 4765031 ns
[2421.710s][info ][safepoint      ] Safepoint "Cleanup", Time since last: 1000084900 ns, Reaching safepoint: 53204 ns, At safepoint: 4400 ns, Total: 57604 ns
[2422.710s][info ][safepoint      ] Safepoint "Cleanup", Time since last: 1000112780 ns, Reaching safepoint: 48804 ns, At safepoint: 17901 ns, Total: 66705 ns
[2424.710s][info ][safepoint      ] Safepoint "Cleanup", Time since last: 2000182991 ns, Reaching safepoint: 47804 ns, At safepoint: 2200 ns, Total: 50004 ns
[2427.710s][info ][safepoint      ] Safepoint "Cleanup", Time since last: 3000229569 ns, Reaching safepoint: 45903 ns, At safepoint: 4200 ns, Total: 50103 ns
[2430.711s][info ][safepoint      ] Safepoint "Cleanup", Time since last: 3000244373 ns, Reaching safepoint: 45903 ns, At safepoint: 8000 ns, Total: 53903 ns
[2433.711s][info ][safepoint      ] Safepoint "Cleanup", Time since last: 3000251577 ns, Reaching safepoint: 55204 ns, At safepoint: 8001 ns, Total: 63205 ns
[2434.711s][info ][safepoint      ] Safepoint "Cleanup", Time since last: 1000103417 ns, Reaching safepoint: 56604 ns, At safepoint: 4200 ns, Total: 60804 ns
[2445.712s][info ][safepoint      ] Safepoint "Cleanup", Time since last: 11000820548 ns, Reaching safepoint: 55604 ns, At safepoint: 36402 ns, Total: 92006 ns
[2456.713s][info ][safepoint      ] Safepoint "Cleanup", Time since last: 11000760787 ns, Reaching safepoint: 43603 ns, At safepoint: 2000 ns, Total: 45603 ns
[2457.713s][info ][safepoint      ] Safepoint "Cleanup", Time since last: 1000109831 ns, Reaching safepoint: 46803 ns, At safepoint: 2900 ns, Total: 49703 ns
[2459.713s][info ][safepoint      ] Safepoint "Cleanup", Time since last: 2000184398 ns, Reaching safepoint: 37803 ns, At safepoint: 2700 ns, Total: 40503 ns
[2460.713s][info ][safepoint      ] Safepoint "Cleanup", Time since last: 1000107269 ns, Reaching safepoint: 46803 ns, At safepoint: 2400 ns, Total: 49203 ns
[2477.715s][info ][safepoint      ] Safepoint "Cleanup", Time since last: 17001883470 ns, Reaching safepoint: 44103 ns, At safepoint: 34102 ns, Total: 78205 ns
[2478.715s][info ][safepoint      ] Safepoint "Cleanup", Time since last: 1000106405 ns, Reaching safepoint: 52704 ns, At safepoint: 2300 ns, Total: 55004 ns
[2487.669s][info ][gc,start       ] GC(146) Pause Young (Allocation Failure)
[2487.674s][debug][gc,phases      ] GC(146) Scavenge 4.570ms
[2487.674s][debug][gc,ref         ] GC(146) Skipped phase 1 of Reference Processing: no references
[2487.674s][debug][gc,ref         ] GC(146) ReferenceProcessor::execute queues: 1, RefProcThreadModel::Single, marks_oops_alive: false
[2487.674s][debug][gc,ref         ] GC(146) Skipped phase 3 of Reference Processing: no references
[2487.674s][debug][gc,ref         ] GC(146) ReferenceProcessor::execute queues: 1, RefProcThreadModel::Single, marks_oops_alive: false
[2487.674s][debug][gc,phases      ] GC(146) Reference Processing 0.139ms
[2487.674s][debug][gc,phases      ] GC(146)   VM Weak                        Min:  0.0, Avg:  0.0, Max:  0.0, Diff:  0.0, Sum:  0.0, Workers: 4
[2487.674s][debug][gc,phases      ] GC(146)     Dead                           Min: 0, Avg:  0.0, Max: 0, Diff: 0, Sum: 0, Workers: 4
[2487.674s][debug][gc,phases      ] GC(146)     Total                          Min: 78, Avg: 179.5, Max: 256, Diff: 178, Sum: 718, Workers: 4
[2487.674s][debug][gc,phases      ] GC(146)   ObjectSynchronizer Weak        Min:  0.0, Avg:  0.0, Max:  0.0, Diff:  0.0, Sum:  0.0, Workers: 4
[2487.674s][debug][gc,phases      ] GC(146)     Dead                           Min: 0, Avg:  0.0, Max: 0, Diff: 0, Sum: 0, Workers: 4
[2487.674s][debug][gc,phases      ] GC(146)     Total                          Min: 38, Avg: 73.5, Max: 128, Diff: 90, Sum: 294, Workers: 4
[2487.674s][debug][gc,phases      ] GC(146)   JVMTI Tag Weak OopStorage      Min:  0.0, Avg:  0.0, Max:  0.0, Diff:  0.0, Sum:  0.0, Workers: 4
[2487.674s][debug][gc,phases      ] GC(146)     Dead                           Min: 0, Avg:  0.0, Max: 0, Diff: 0, Sum: 0, Workers: 4
[2487.674s][debug][gc,phases      ] GC(146)     Total                          Min: 0, Avg:  0.0, Max: 0, Diff: 0, Sum: 0, Workers: 4
[2487.674s][debug][gc,phases      ] GC(146)   StringTable Weak               Min:  0.1, Avg:  0.1, Max:  0.1, Diff:  0.0, Sum:  0.4, Workers: 4
[2487.674s][debug][gc,phases      ] GC(146)     Dead                           Min: 0, Avg:  0.0, Max: 0, Diff: 0, Sum: 0, Workers: 4
[2487.674s][debug][gc,phases      ] GC(146)     Total                          Min: 11456, Avg: 12144.0, Max: 13248, Diff: 1792, Sum: 48576, Workers: 4
[2487.674s][debug][gc,phases      ] GC(146)   ResolvedMethodTable Weak       Min:  0.0, Avg:  0.0, Max:  0.0, Diff:  0.0, Sum:  0.1, Workers: 4
[2487.674s][debug][gc,phases      ] GC(146)     Dead                           Min: 0, Avg:  0.0, Max: 0, Diff: 0, Sum: 0, Workers: 4
[2487.674s][debug][gc,phases      ] GC(146)     Total                          Min: 1920, Avg: 2115.5, Max: 2368, Diff: 448, Sum: 8462, Workers: 4
[2487.674s][debug][gc,phases      ] GC(146)   JNI Weak                       Min:  0.0, Avg:  0.0, Max:  0.0, Diff:  0.0, Sum:  0.0, Workers: 4
[2487.674s][debug][gc,phases      ] GC(146)     Dead                           Min: 0, Avg:  0.0, Max: 0, Diff: 0, Sum: 0, Workers: 4
[2487.674s][debug][gc,phases      ] GC(146)     Total                          Min: 0, Avg:  0.0, Max: 0, Diff: 0, Sum: 0, Workers: 4
[2487.674s][debug][gc,phases      ] GC(146)   StringDedup Table Weak         Min:  0.0, Avg:  0.0, Max:  0.0, Diff:  0.0, Sum:  0.0, Workers: 4
[2487.674s][debug][gc,phases      ] GC(146)     Dead                           Min: 0, Avg:  0.0, Max: 0, Diff: 0, Sum: 0, Workers: 4
[2487.674s][debug][gc,phases      ] GC(146)     Total                          Min: 0, Avg:  0.0, Max: 0, Diff: 0, Sum: 0, Workers: 4
[2487.674s][debug][gc,phases      ] GC(146)   StringDedup Requests0 Weak     Min:  0.0, Avg:  0.0, Max:  0.0, Diff:  0.0, Sum:  0.0, Workers: 4
[2487.674s][debug][gc,phases      ] GC(146)     Dead                           Min: 0, Avg:  0.0, Max: 0, Diff: 0, Sum: 0, Workers: 4
[2487.674s][debug][gc,phases      ] GC(146)     Total                          Min: 0, Avg:  0.0, Max: 0, Diff: 0, Sum: 0, Workers: 4
[2487.674s][debug][gc,phases      ] GC(146)   StringDedup Requests1 Weak     Min:  0.0, Avg:  0.0, Max:  0.0, Diff:  0.0, Sum:  0.0, Workers: 4
[2487.674s][debug][gc,phases      ] GC(146)     Dead                           Min: 0, Avg:  0.0, Max: 0, Diff: 0, Sum: 0, Workers: 4
[2487.674s][debug][gc,phases      ] GC(146)     Total                          Min: 0, Avg:  0.0, Max: 0, Diff: 0, Sum: 0, Workers: 4
[2487.674s][debug][gc,phases      ] GC(146)   Weak JFR Old Object Samples    Min:  0.0, Avg:  0.0, Max:  0.0, Diff:  0.0, Sum:  0.0, Workers: 4
[2487.674s][debug][gc,phases      ] GC(146)     Dead                           Min: 0, Avg:  0.0, Max: 0, Diff: 0, Sum: 0, Workers: 4
[2487.674s][debug][gc,phases      ] GC(146)     Total                          Min: 0, Avg:  0.0, Max: 0, Diff: 0, Sum: 0, Workers: 4
[2487.674s][debug][gc,phases      ] GC(146) Weak Processing 0.288ms
[2487.674s][debug][gc,age         ] GC(146) Desired survivor size 51380224 bytes, new threshold 15 (max threshold 15)
[2487.674s][info ][gc,heap        ] GC(146) PSYoungGen: 1992176K(2043392K)->6560K(2040320K) Eden: 1986560K(1986560K)->0K(1986560K) From: 5616K(56832K)->6560K(53760K)
[2487.674s][info ][gc,heap        ] GC(146) ParOldGen: 498076K(581120K)->498172K(581120K)
[2487.674s][info ][gc,metaspace   ] GC(146) Metaspace: 84475K(85312K)->84475K(85312K) NonClass: 72700K(73152K)->72700K(73152K) Class: 11775K(12160K)->11775K(12160K)
[2487.674s][info ][gc             ] GC(146) Pause Young (Allocation Failure) 2431M->492M(2560M) 5.127ms
[2487.675s][info ][gc,cpu         ] GC(146) User=0.02s Sys=0.00s Real=0.01s
[2487.675s][info ][safepoint      ] Safepoint "ParallelGCFailedAllocation", Time since last: 8953932769 ns, Reaching safepoint: 25701 ns, At safepoint: 5202454 ns, Total: 5228155 ns
[2495.675s][info ][safepoint      ] Safepoint "Cleanup", Time since last: 8000554715 ns, Reaching safepoint: 64504 ns, At safepoint: 6001 ns, Total: 70505 ns
[2520.677s][info ][safepoint      ] Safepoint "Cleanup", Time since last: 25001521948 ns, Reaching safepoint: 33102 ns, At safepoint: 2300 ns, Total: 35402 ns
[2526.677s][info ][safepoint      ] Safepoint "Cleanup", Time since last: 6000433141 ns, Reaching safepoint: 51303 ns, At safepoint: 7901 ns, Total: 59204 ns
[2548.679s][info ][safepoint      ] Safepoint "Cleanup", Time since last: 22001339763 ns, Reaching safepoint: 47204 ns, At safepoint: 9300 ns, Total: 56504 ns
[2556.679s][info ][safepoint      ] Safepoint "Cleanup", Time since last: 8000533923 ns, Reaching safepoint: 60404 ns, At safepoint: 13401 ns, Total: 73805 ns
[2558.729s][info ][gc,start       ] GC(147) Pause Young (Allocation Failure)
[2558.733s][debug][gc,phases      ] GC(147) Scavenge 3.446ms
[2558.733s][debug][gc,ref         ] GC(147) Skipped phase 1 of Reference Processing: no references
[2558.733s][debug][gc,ref         ] GC(147) ReferenceProcessor::execute queues: 1, RefProcThreadModel::Single, marks_oops_alive: false
[2558.733s][debug][gc,ref         ] GC(147) Skipped phase 3 of Reference Processing: no references
[2558.733s][debug][gc,ref         ] GC(147) ReferenceProcessor::execute queues: 1, RefProcThreadModel::Single, marks_oops_alive: false
[2558.733s][debug][gc,phases      ] GC(147) Reference Processing 0.119ms
[2558.733s][debug][gc,phases      ] GC(147)   VM Weak                        Min:  0.0, Avg:  0.0, Max:  0.0, Diff:  0.0, Sum:  0.0, Workers: 4
[2558.733s][debug][gc,phases      ] GC(147)     Dead                           Min: 0, Avg:  0.0, Max: 0, Diff: 0, Sum: 0, Workers: 4
[2558.733s][debug][gc,phases      ] GC(147)     Total                          Min: 0, Avg: 179.5, Max: 398, Diff: 398, Sum: 718, Workers: 4
[2558.733s][debug][gc,phases      ] GC(147)   ObjectSynchronizer Weak        Min:  0.0, Avg:  0.0, Max:  0.0, Diff:  0.0, Sum:  0.0, Workers: 4
[2558.733s][debug][gc,phases      ] GC(147)     Dead                           Min: 0, Avg:  0.0, Max: 0, Diff: 0, Sum: 0, Workers: 4
[2558.733s][debug][gc,phases      ] GC(147)     Total                          Min: 0, Avg: 73.5, Max: 128, Diff: 128, Sum: 294, Workers: 4
[2558.733s][debug][gc,phases      ] GC(147)   JVMTI Tag Weak OopStorage      Min:  0.0, Avg:  0.0, Max:  0.0, Diff:  0.0, Sum:  0.0, Workers: 4
[2558.733s][debug][gc,phases      ] GC(147)     Dead                           Min: 0, Avg:  0.0, Max: 0, Diff: 0, Sum: 0, Workers: 4
[2558.733s][debug][gc,phases      ] GC(147)     Total                          Min: 0, Avg:  0.0, Max: 0, Diff: 0, Sum: 0, Workers: 4
[2558.733s][debug][gc,phases      ] GC(147)   StringTable Weak               Min:  0.1, Avg:  0.1, Max:  0.1, Diff:  0.0, Sum:  0.5, Workers: 4
[2558.733s][debug][gc,phases      ] GC(147)     Dead                           Min: 0, Avg:  0.0, Max: 0, Diff: 0, Sum: 0, Workers: 4
[2558.733s][debug][gc,phases      ] GC(147)     Total                          Min: 11200, Avg: 12144.0, Max: 12928, Diff: 1728, Sum: 48576, Workers: 4
[2558.733s][debug][gc,phases      ] GC(147)   ResolvedMethodTable Weak       Min:  0.0, Avg:  0.0, Max:  0.0, Diff:  0.0, Sum:  0.1, Workers: 4
[2558.733s][debug][gc,phases      ] GC(147)     Dead                           Min: 0, Avg:  0.0, Max: 0, Diff: 0, Sum: 0, Workers: 4
[2558.733s][debug][gc,phases      ] GC(147)     Total                          Min: 1984, Avg: 2115.5, Max: 2254, Diff: 270, Sum: 8462, Workers: 4
[2558.733s][debug][gc,phases      ] GC(147)   JNI Weak                       Min:  0.0, Avg:  0.0, Max:  0.0, Diff:  0.0, Sum:  0.0, Workers: 4
[2558.733s][debug][gc,phases      ] GC(147)     Dead                           Min: 0, Avg:  0.0, Max: 0, Diff: 0, Sum: 0, Workers: 4
[2558.733s][debug][gc,phases      ] GC(147)     Total                          Min: 0, Avg:  0.0, Max: 0, Diff: 0, Sum: 0, Workers: 4
[2558.733s][debug][gc,phases      ] GC(147)   StringDedup Table Weak         Min:  0.0, Avg:  0.0, Max:  0.0, Diff:  0.0, Sum:  0.0, Workers: 4
[2558.733s][debug][gc,phases      ] GC(147)     Dead                           Min: 0, Avg:  0.0, Max: 0, Diff: 0, Sum: 0, Workers: 4
[2558.733s][debug][gc,phases      ] GC(147)     Total                          Min: 0, Avg:  0.0, Max: 0, Diff: 0, Sum: 0, Workers: 4
[2558.733s][debug][gc,phases      ] GC(147)   StringDedup Requests0 Weak     Min:  0.0, Avg:  0.0, Max:  0.0, Diff:  0.0, Sum:  0.0, Workers: 4
[2558.733s][debug][gc,phases      ] GC(147)     Dead                           Min: 0, Avg:  0.0, Max: 0, Diff: 0, Sum: 0, Workers: 4
[2558.733s][debug][gc,phases      ] GC(147)     Total                          Min: 0, Avg:  0.0, Max: 0, Diff: 0, Sum: 0, Workers: 4
[2558.733s][debug][gc,phases      ] GC(147)   StringDedup Requests1 Weak     Min:  0.0, Avg:  0.0, Max:  0.0, Diff:  0.0, Sum:  0.0, Workers: 4
[2558.733s][debug][gc,phases      ] GC(147)     Dead                           Min: 0, Avg:  0.0, Max: 0, Diff: 0, Sum: 0, Workers: 4
[2558.733s][debug][gc,phases      ] GC(147)     Total                          Min: 0, Avg:  0.0, Max: 0, Diff: 0, Sum: 0, Workers: 4
[2558.733s][debug][gc,phases      ] GC(147)   Weak JFR Old Object Samples    Min:  0.0, Avg:  0.0, Max:  0.0, Diff:  0.0, Sum:  0.0, Workers: 4
[2558.733s][debug][gc,phases      ] GC(147)     Dead                           Min: 0, Avg:  0.0, Max: 0, Diff: 0, Sum: 0, Workers: 4
[2558.733s][debug][gc,phases      ] GC(147)     Total                          Min: 0, Avg:  0.0, Max: 0, Diff: 0, Sum: 0, Workers: 4
[2558.733s][debug][gc,phases      ] GC(147) Weak Processing 0.351ms
[2558.733s][debug][gc,age         ] GC(147) Desired survivor size 48234496 bytes, new threshold 15 (max threshold 15)
[2558.733s][info ][gc,heap        ] GC(147) PSYoungGen: 1993120K(2040320K)->6256K(2050048K) Eden: 1986560K(1986560K)->0K(1999872K) From: 6560K(53760K)->6256K(50176K)
[2558.733s][info ][gc,heap        ] GC(147) ParOldGen: 498172K(581120K)->498276K(581120K)
[2558.733s][info ][gc,metaspace   ] GC(147) Metaspace: 84485K(85312K)->84485K(85312K) NonClass: 72710K(73152K)->72710K(73152K) Class: 11775K(12160K)->11775K(12160K)
[2558.733s][info ][gc             ] GC(147) Pause Young (Allocation Failure) 2432M->492M(2569M) 4.032ms
[2558.733s][info ][gc,cpu         ] GC(147) User=0.01s Sys=0.00s Real=0.01s
[2558.733s][info ][safepoint      ] Safepoint "ParallelGCFailedAllocation", Time since last: 2050023508 ns, Reaching safepoint: 38603 ns, At safepoint: 4114774 ns, Total: 4153377 ns
[2559.734s][info ][safepoint      ] Safepoint "Cleanup", Time since last: 1000082217 ns, Reaching safepoint: 54704 ns, At safepoint: 3400 ns, Total: 58104 ns
[2576.735s][info ][safepoint      ] Safepoint "Cleanup", Time since last: 17001134512 ns, Reaching safepoint: 50703 ns, At safepoint: 3300 ns, Total: 54003 ns
[2597.736s][info ][safepoint      ] Safepoint "Cleanup", Time since last: 21001424262 ns, Reaching safepoint: 51003 ns, At safepoint: 6801 ns, Total: 57804 ns
[2613.737s][info ][safepoint      ] Safepoint "Cleanup", Time since last: 16001097320 ns, Reaching safepoint: 56604 ns, At safepoint: 13901 ns, Total: 70505 ns
[2614.738s][info ][safepoint      ] Safepoint "Cleanup", Time since last: 1000111736 ns, Reaching safepoint: 63504 ns, At safepoint: 5900 ns, Total: 69404 ns
[2620.738s][info ][safepoint      ] Safepoint "Cleanup", Time since last: 6000433782 ns, Reaching safepoint: 44103 ns, At safepoint: 2100 ns, Total: 46203 ns
[2621.738s][info ][safepoint      ] Safepoint "Cleanup", Time since last: 1000118030 ns, Reaching safepoint: 49704 ns, At safepoint: 2400 ns, Total: 52104 ns
[2627.739s][info ][safepoint      ] Safepoint "Cleanup", Time since last: 6000431451 ns, Reaching safepoint: 42503 ns, At safepoint: 2900 ns, Total: 45403 ns
[2628.455s][info ][gc,start       ] GC(148) Pause Young (Allocation Failure)
[2628.458s][debug][gc,phases      ] GC(148) Scavenge 2.994ms
[2628.458s][debug][gc,ref         ] GC(148) Skipped phase 1 of Reference Processing: no references
[2628.458s][debug][gc,ref         ] GC(148) ReferenceProcessor::execute queues: 1, RefProcThreadModel::Single, marks_oops_alive: false
[2628.458s][debug][gc,ref         ] GC(148) Skipped phase 3 of Reference Processing: no references
[2628.458s][debug][gc,ref         ] GC(148) ReferenceProcessor::execute queues: 1, RefProcThreadModel::Single, marks_oops_alive: false
[2628.458s][debug][gc,phases      ] GC(148) Reference Processing 0.109ms
[2628.458s][debug][gc,phases      ] GC(148)   VM Weak                        Min:  0.0, Avg:  0.0, Max:  0.0, Diff:  0.0, Sum:  0.0, Workers: 4
[2628.458s][debug][gc,phases      ] GC(148)     Dead                           Min: 0, Avg:  0.0, Max: 0, Diff: 0, Sum: 0, Workers: 4
[2628.458s][debug][gc,phases      ] GC(148)     Total                          Min: 0, Avg: 179.5, Max: 718, Diff: 718, Sum: 718, Workers: 4
[2628.458s][debug][gc,phases      ] GC(148)   ObjectSynchronizer Weak        Min:  0.0, Avg:  0.0, Max:  0.0, Diff:  0.0, Sum:  0.0, Workers: 4
[2628.458s][debug][gc,phases      ] GC(148)     Dead                           Min: 0, Avg:  0.0, Max: 0, Diff: 0, Sum: 0, Workers: 4
[2628.458s][debug][gc,phases      ] GC(148)     Total                          Min: 0, Avg: 73.5, Max: 230, Diff: 230, Sum: 294, Workers: 4
[2628.458s][debug][gc,phases      ] GC(148)   JVMTI Tag Weak OopStorage      Min:  0.0, Avg:  0.0, Max:  0.0, Diff:  0.0, Sum:  0.0, Workers: 4
[2628.458s][debug][gc,phases      ] GC(148)     Dead                           Min: 0, Avg:  0.0, Max: 0, Diff: 0, Sum: 0, Workers: 4
[2628.458s][debug][gc,phases      ] GC(148)     Total                          Min: 0, Avg:  0.0, Max: 0, Diff: 0, Sum: 0, Workers: 4
[2628.458s][debug][gc,phases      ] GC(148)   StringTable Weak               Min:  0.1, Avg:  0.1, Max:  0.1, Diff:  0.0, Sum:  0.4, Workers: 4
[2628.458s][debug][gc,phases      ] GC(148)     Dead                           Min: 0, Avg:  0.0, Max: 0, Diff: 0, Sum: 0, Workers: 4
[2628.458s][debug][gc,phases      ] GC(148)     Total                          Min: 10816, Avg: 12144.0, Max: 13312, Diff: 2496, Sum: 48576, Workers: 4
[2628.458s][debug][gc,phases      ] GC(148)   ResolvedMethodTable Weak       Min:  0.0, Avg:  0.0, Max:  0.0, Diff:  0.0, Sum:  0.1, Workers: 4
[2628.458s][debug][gc,phases      ] GC(148)     Dead                           Min: 0, Avg:  0.0, Max: 0, Diff: 0, Sum: 0, Workers: 4
[2628.458s][debug][gc,phases      ] GC(148)     Total                          Min: 1984, Avg: 2115.5, Max: 2304, Diff: 320, Sum: 8462, Workers: 4
[2628.458s][debug][gc,phases      ] GC(148)   JNI Weak                       Min:  0.0, Avg:  0.0, Max:  0.0, Diff:  0.0, Sum:  0.0, Workers: 4
[2628.458s][debug][gc,phases      ] GC(148)     Dead                           Min: 0, Avg:  0.0, Max: 0, Diff: 0, Sum: 0, Workers: 4
[2628.458s][debug][gc,phases      ] GC(148)     Total                          Min: 0, Avg:  0.0, Max: 0, Diff: 0, Sum: 0, Workers: 4
[2628.458s][debug][gc,phases      ] GC(148)   StringDedup Table Weak         Min:  0.0, Avg:  0.0, Max:  0.0, Diff:  0.0, Sum:  0.0, Workers: 4
[2628.458s][debug][gc,phases      ] GC(148)     Dead                           Min: 0, Avg:  0.0, Max: 0, Diff: 0, Sum: 0, Workers: 4
[2628.458s][debug][gc,phases      ] GC(148)     Total                          Min: 0, Avg:  0.0, Max: 0, Diff: 0, Sum: 0, Workers: 4
[2628.458s][debug][gc,phases      ] GC(148)   StringDedup Requests0 Weak     Min:  0.0, Avg:  0.0, Max:  0.0, Diff:  0.0, Sum:  0.0, Workers: 4
[2628.458s][debug][gc,phases      ] GC(148)     Dead                           Min: 0, Avg:  0.0, Max: 0, Diff: 0, Sum: 0, Workers: 4
[2628.458s][debug][gc,phases      ] GC(148)     Total                          Min: 0, Avg:  0.0, Max: 0, Diff: 0, Sum: 0, Workers: 4
[2628.458s][debug][gc,phases      ] GC(148)   StringDedup Requests1 Weak     Min:  0.0, Avg:  0.0, Max:  0.0, Diff:  0.0, Sum:  0.0, Workers: 4
[2628.458s][debug][gc,phases      ] GC(148)     Dead                           Min: 0, Avg:  0.0, Max: 0, Diff: 0, Sum: 0, Workers: 4
[2628.458s][debug][gc,phases      ] GC(148)     Total                          Min: 0, Avg:  0.0, Max: 0, Diff: 0, Sum: 0, Workers: 4
[2628.458s][debug][gc,phases      ] GC(148)   Weak JFR Old Object Samples    Min:  0.0, Avg:  0.0, Max:  0.0, Diff:  0.0, Sum:  0.0, Workers: 4
[2628.458s][debug][gc,phases      ] GC(148)     Dead                           Min: 0, Avg:  0.0, Max: 0, Diff: 0, Sum: 0, Workers: 4
[2628.458s][debug][gc,phases      ] GC(148)     Total                          Min: 0, Avg:  0.0, Max: 0, Diff: 0, Sum: 0, Workers: 4
[2628.458s][debug][gc,phases      ] GC(148) Weak Processing 0.312ms
[2628.458s][debug][gc,age         ] GC(148) Desired survivor size 45088768 bytes, new threshold 15 (max threshold 15)
[2628.458s][info ][gc,heap        ] GC(148) PSYoungGen: 2006128K(2050048K)->6384K(2046976K) Eden: 1999872K(1999872K)->0K(1999872K) From: 6256K(50176K)->6384K(47104K)
[2628.458s][info ][gc,heap        ] GC(148) ParOldGen: 498276K(581120K)->498372K(581120K)
[2628.458s][info ][gc,metaspace   ] GC(148) Metaspace: 84503K(85376K)->84503K(85376K) NonClass: 72728K(73216K)->72728K(73216K) Class: 11775K(12160K)->11775K(12160K)
[2628.458s][info ][gc             ] GC(148) Pause Young (Allocation Failure) 2445M->492M(2566M) 3.562ms
[2628.458s][info ][gc,cpu         ] GC(148) User=0.01s Sys=0.00s Real=0.00s
[2628.458s][info ][safepoint      ] Safepoint "ParallelGCFailedAllocation", Time since last: 716017714 ns, Reaching safepoint: 122508 ns, At safepoint: 3655840 ns, Total: 3778348 ns
[2633.459s][info ][safepoint      ] Safepoint "Cleanup", Time since last: 5000323913 ns, Reaching safepoint: 52204 ns, At safepoint: 32102 ns, Total: 84306 ns
[2639.459s][info ][safepoint      ] Safepoint "Cleanup", Time since last: 6000368412 ns, Reaching safepoint: 53703 ns, At safepoint: 8501 ns, Total: 62204 ns
[2643.460s][info ][safepoint      ] Safepoint "Cleanup", Time since last: 4000318022 ns, Reaching safepoint: 59104 ns, At safepoint: 12001 ns, Total: 71105 ns
[2653.460s][info ][safepoint      ] Safepoint "Cleanup", Time since last: 10000676697 ns, Reaching safepoint: 46903 ns, At safepoint: 2500 ns, Total: 49403 ns
[2656.461s][info ][safepoint      ] Safepoint "Cleanup", Time since last: 3000238116 ns, Reaching safepoint: 53203 ns, At safepoint: 10001 ns, Total: 63204 ns
[2657.461s][info ][safepoint      ] Safepoint "Cleanup", Time since last: 1000106412 ns, Reaching safepoint: 50903 ns, At safepoint: 7101 ns, Total: 58004 ns
[2659.461s][info ][safepoint      ] Safepoint "Cleanup", Time since last: 2000178480 ns, Reaching safepoint: 56004 ns, At safepoint: 8300 ns, Total: 64304 ns
[2662.461s][info ][safepoint      ] Safepoint "Cleanup", Time since last: 3000249365 ns, Reaching safepoint: 50704 ns, At safepoint: 5000 ns, Total: 55704 ns
[2663.462s][info ][safepoint      ] Safepoint "Cleanup", Time since last: 1000099928 ns, Reaching safepoint: 45703 ns, At safepoint: 2000 ns, Total: 47703 ns
[2671.462s][info ][safepoint      ] Safepoint "Cleanup", Time since last: 8000561016 ns, Reaching safepoint: 53704 ns, At safepoint: 3200 ns, Total: 56904 ns
[2673.462s][info ][safepoint      ] Safepoint "Cleanup", Time since last: 2000191696 ns, Reaching safepoint: 49603 ns, At safepoint: 7701 ns, Total: 57304 ns
[2687.308s][info ][safepoint      ] Safepoint "Cleanup", Time since last: 13845066854 ns, Reaching safepoint: 124808 ns, At safepoint: 10001 ns, Total: 134809 ns
[2688.308s][info ][safepoint      ] Safepoint "Cleanup", Time since last: 1000092892 ns, Reaching safepoint: 173212 ns, At safepoint: 10700 ns, Total: 183912 ns
[2689.308s][info ][safepoint      ] Safepoint "Cleanup", Time since last: 1000136082 ns, Reaching safepoint: 129009 ns, At safepoint: 10800 ns, Total: 139809 ns
[2690.308s][info ][safepoint      ] Safepoint "Cleanup", Time since last: 1000109268 ns, Reaching safepoint: 40502 ns, At safepoint: 2501 ns, Total: 43003 ns
[2694.309s][info ][safepoint      ] Safepoint "Cleanup", Time since last: 4000297929 ns, Reaching safepoint: 51903 ns, At safepoint: 7001 ns, Total: 58904 ns
[2696.309s][info ][safepoint      ] Safepoint "Cleanup", Time since last: 2000177088 ns, Reaching safepoint: 49103 ns, At safepoint: 2500 ns, Total: 51603 ns
[2700.309s][info ][safepoint      ] Safepoint "Cleanup", Time since last: 4000293418 ns, Reaching safepoint: 48503 ns, At safepoint: 5200 ns, Total: 53703 ns
[2700.553s][info ][gc,start       ] GC(149) Pause Young (Allocation Failure)
[2700.556s][debug][gc,phases      ] GC(149) Scavenge 2.671ms
[2700.556s][debug][gc,ref         ] GC(149) Skipped phase 1 of Reference Processing: no references
[2700.556s][debug][gc,ref         ] GC(149) ReferenceProcessor::execute queues: 1, RefProcThreadModel::Single, marks_oops_alive: false
[2700.556s][debug][gc,ref         ] GC(149) Skipped phase 3 of Reference Processing: no references
[2700.556s][debug][gc,ref         ] GC(149) ReferenceProcessor::execute queues: 1, RefProcThreadModel::Single, marks_oops_alive: false
[2700.556s][debug][gc,phases      ] GC(149) Reference Processing 0.110ms
[2700.556s][debug][gc,phases      ] GC(149)   VM Weak                        Min:  0.0, Avg:  0.0, Max:  0.0, Diff:  0.0, Sum:  0.0, Workers: 4
[2700.556s][debug][gc,phases      ] GC(149)     Dead                           Min: 0, Avg:  0.0, Max: 0, Diff: 0, Sum: 0, Workers: 4
[2700.556s][debug][gc,phases      ] GC(149)     Total                          Min: 0, Avg: 179.5, Max: 384, Diff: 384, Sum: 718, Workers: 4
[2700.556s][debug][gc,phases      ] GC(149)   ObjectSynchronizer Weak        Min:  0.0, Avg:  0.0, Max:  0.0, Diff:  0.0, Sum:  0.0, Workers: 4
[2700.556s][debug][gc,phases      ] GC(149)     Dead                           Min: 0, Avg:  0.0, Max: 0, Diff: 0, Sum: 0, Workers: 4
[2700.556s][debug][gc,phases      ] GC(149)     Total                          Min: 0, Avg: 73.5, Max: 230, Diff: 230, Sum: 294, Workers: 4
[2700.556s][debug][gc,phases      ] GC(149)   JVMTI Tag Weak OopStorage      Min:  0.0, Avg:  0.0, Max:  0.0, Diff:  0.0, Sum:  0.0, Workers: 4
[2700.556s][debug][gc,phases      ] GC(149)     Dead                           Min: 0, Avg:  0.0, Max: 0, Diff: 0, Sum: 0, Workers: 4
[2700.556s][debug][gc,phases      ] GC(149)     Total                          Min: 0, Avg:  0.0, Max: 0, Diff: 0, Sum: 0, Workers: 4
[2700.556s][debug][gc,phases      ] GC(149)   StringTable Weak               Min:  0.1, Avg:  0.1, Max:  0.1, Diff:  0.0, Sum:  0.4, Workers: 4
[2700.556s][debug][gc,phases      ] GC(149)     Dead                           Min: 0, Avg:  0.0, Max: 0, Diff: 0, Sum: 0, Workers: 4
[2700.556s][debug][gc,phases      ] GC(149)     Total                          Min: 10304, Avg: 12161.0, Max: 13636, Diff: 3332, Sum: 48644, Workers: 4
[2700.556s][debug][gc,phases      ] GC(149)   ResolvedMethodTable Weak       Min:  0.0, Avg:  0.0, Max:  0.0, Diff:  0.0, Sum:  0.1, Workers: 4
[2700.556s][debug][gc,phases      ] GC(149)     Dead                           Min: 0, Avg:  0.0, Max: 0, Diff: 0, Sum: 0, Workers: 4
[2700.556s][debug][gc,phases      ] GC(149)     Total                          Min: 1792, Avg: 2115.5, Max: 2368, Diff: 576, Sum: 8462, Workers: 4
[2700.556s][debug][gc,phases      ] GC(149)   JNI Weak                       Min:  0.0, Avg:  0.0, Max:  0.0, Diff:  0.0, Sum:  0.0, Workers: 4
[2700.556s][debug][gc,phases      ] GC(149)     Dead                           Min: 0, Avg:  0.0, Max: 0, Diff: 0, Sum: 0, Workers: 4
[2700.556s][debug][gc,phases      ] GC(149)     Total                          Min: 0, Avg:  0.0, Max: 0, Diff: 0, Sum: 0, Workers: 4
[2700.556s][debug][gc,phases      ] GC(149)   StringDedup Table Weak         Min:  0.0, Avg:  0.0, Max:  0.0, Diff:  0.0, Sum:  0.0, Workers: 4
[2700.556s][debug][gc,phases      ] GC(149)     Dead                           Min: 0, Avg:  0.0, Max: 0, Diff: 0, Sum: 0, Workers: 4
[2700.556s][debug][gc,phases      ] GC(149)     Total                          Min: 0, Avg:  0.0, Max: 0, Diff: 0, Sum: 0, Workers: 4
[2700.556s][debug][gc,phases      ] GC(149)   StringDedup Requests0 Weak     Min:  0.0, Avg:  0.0, Max:  0.0, Diff:  0.0, Sum:  0.0, Workers: 4
[2700.556s][debug][gc,phases      ] GC(149)     Dead                           Min: 0, Avg:  0.0, Max: 0, Diff: 0, Sum: 0, Workers: 4
[2700.556s][debug][gc,phases      ] GC(149)     Total                          Min: 0, Avg:  0.0, Max: 0, Diff: 0, Sum: 0, Workers: 4
[2700.556s][debug][gc,phases      ] GC(149)   StringDedup Requests1 Weak     Min:  0.0, Avg:  0.0, Max:  0.0, Diff:  0.0, Sum:  0.0, Workers: 4
[2700.556s][debug][gc,phases      ] GC(149)     Dead                           Min: 0, Avg:  0.0, Max: 0, Diff: 0, Sum: 0, Workers: 4
[2700.556s][debug][gc,phases      ] GC(149)     Total                          Min: 0, Avg:  0.0, Max: 0, Diff: 0, Sum: 0, Workers: 4
[2700.556s][debug][gc,phases      ] GC(149)   Weak JFR Old Object Samples    Min:  0.0, Avg:  0.0, Max:  0.0, Diff:  0.0, Sum:  0.0, Workers: 4
[2700.556s][debug][gc,phases      ] GC(149)     Dead                           Min: 0, Avg:  0.0, Max: 0, Diff: 0, Sum: 0, Workers: 4
[2700.556s][debug][gc,phases      ] GC(149)     Total                          Min: 0, Avg:  0.0, Max: 0, Diff: 0, Sum: 0, Workers: 4
[2700.556s][debug][gc,phases      ] GC(149) Weak Processing 0.305ms
[2700.556s][debug][gc,age         ] GC(149) Desired survivor size 41943040 bytes, new threshold 15 (max threshold 15)
[2700.556s][info ][gc,heap        ] GC(149) PSYoungGen: 2006256K(2046976K)->6688K(2056192K) Eden: 1999872K(1999872K)->0K(2012160K) From: 6384K(47104K)->6688K(44032K)
[2700.556s][info ][gc,heap        ] GC(149) ParOldGen: 498372K(581120K)->498556K(581120K)
[2700.556s][info ][gc,metaspace   ] GC(149) Metaspace: 84512K(85376K)->84512K(85376K) NonClass: 72737K(73216K)->72737K(73216K) Class: 11775K(12160K)->11775K(12160K)
[2700.556s][info ][gc             ] GC(149) Pause Young (Allocation Failure) 2445M->493M(2575M) 3.213ms
[2700.556s][info ][gc,cpu         ] GC(149) User=0.01s Sys=0.01s Real=0.00s
[2700.556s][info ][safepoint      ] Safepoint "ParallelGCFailedAllocation", Time since last: 243809633 ns, Reaching safepoint: 33202 ns, At safepoint: 3284912 ns, Total: 3318114 ns
[2701.557s][info ][safepoint      ] Safepoint "Cleanup", Time since last: 1000047117 ns, Reaching safepoint: 126008 ns, At safepoint: 7201 ns, Total: 133209 ns
[2703.557s][info ][safepoint      ] Safepoint "Cleanup", Time since last: 2000229305 ns, Reaching safepoint: 122007 ns, At safepoint: 5301 ns, Total: 127308 ns
[2704.557s][info ][safepoint      ] Safepoint "Cleanup", Time since last: 1000115483 ns, Reaching safepoint: 116308 ns, At safepoint: 6900 ns, Total: 123208 ns
[2706.558s][info ][safepoint      ] Safepoint "Cleanup", Time since last: 2000180325 ns, Reaching safepoint: 132109 ns, At safepoint: 16601 ns, Total: 148710 ns
[2712.558s][info ][safepoint      ] Safepoint "Cleanup", Time since last: 6000461666 ns, Reaching safepoint: 127409 ns, At safepoint: 11000 ns, Total: 138409 ns
[2713.558s][info ][safepoint      ] Safepoint "Cleanup", Time since last: 1000088968 ns, Reaching safepoint: 145109 ns, At safepoint: 9001 ns, Total: 154110 ns
[2714.559s][info ][safepoint      ] Safepoint "Cleanup", Time since last: 1000110057 ns, Reaching safepoint: 60904 ns, At safepoint: 7500 ns, Total: 68404 ns
[2716.559s][info ][safepoint      ] Safepoint "Cleanup", Time since last: 2000158872 ns, Reaching safepoint: 51303 ns, At safepoint: 3600 ns, Total: 54903 ns
[2717.559s][info ][safepoint      ] Safepoint "Cleanup", Time since last: 1000103819 ns, Reaching safepoint: 52204 ns, At safepoint: 2700 ns, Total: 54904 ns
[2721.559s][info ][safepoint      ] Safepoint "Cleanup", Time since last: 4000302544 ns, Reaching safepoint: 54503 ns, At safepoint: 10201 ns, Total: 64704 ns
[2726.560s][info ][safepoint      ] Safepoint "Cleanup", Time since last: 5000336250 ns, Reaching safepoint: 51303 ns, At safepoint: 8000 ns, Total: 59303 ns
[2727.560s][info ][safepoint      ] Safepoint "Cleanup", Time since last: 1000112297 ns, Reaching safepoint: 208213 ns, At safepoint: 8300 ns, Total: 216513 ns
[2728.560s][info ][safepoint      ] Safepoint "Cleanup", Time since last: 1000112384 ns, Reaching safepoint: 137009 ns, At safepoint: 10701 ns, Total: 147710 ns
[2729.560s][info ][safepoint      ] Safepoint "Cleanup", Time since last: 1000115172 ns, Reaching safepoint: 50503 ns, At safepoint: 15501 ns, Total: 66004 ns
[2730.561s][info ][safepoint      ] Safepoint "Cleanup", Time since last: 1000109660 ns, Reaching safepoint: 42602 ns, At safepoint: 2200 ns, Total: 44802 ns
[2732.561s][info ][safepoint      ] Safepoint "Cleanup", Time since last: 2000171580 ns, Reaching safepoint: 57404 ns, At safepoint: 8700 ns, Total: 66104 ns
[2733.561s][info ][safepoint      ] Safepoint "Cleanup", Time since last: 1000109023 ns, Reaching safepoint: 83006 ns, At safepoint: 8900 ns, Total: 91906 ns
[2735.561s][info ][safepoint      ] Safepoint "Cleanup", Time since last: 2000169807 ns, Reaching safepoint: 62104 ns, At safepoint: 7901 ns, Total: 70005 ns
[2737.561s][info ][safepoint      ] Safepoint "Cleanup", Time since last: 2000139457 ns, Reaching safepoint: 47203 ns, At safepoint: 8000 ns, Total: 55203 ns
[2738.562s][info ][safepoint      ] Safepoint "Cleanup", Time since last: 1000093462 ns, Reaching safepoint: 45203 ns, At safepoint: 7201 ns, Total: 52404 ns
[2742.562s][info ][safepoint      ] Safepoint "Cleanup", Time since last: 4000242321 ns, Reaching safepoint: 53003 ns, At safepoint: 8301 ns, Total: 61304 ns
[2744.562s][info ][safepoint      ] Safepoint "Cleanup", Time since last: 2000159892 ns, Reaching safepoint: 51603 ns, At safepoint: 7800 ns, Total: 59403 ns
[2745.562s][info ][safepoint      ] Safepoint "Cleanup", Time since last: 1000105080 ns, Reaching safepoint: 55804 ns, At safepoint: 6900 ns, Total: 62704 ns
[2752.563s][info ][safepoint      ] Safepoint "Cleanup", Time since last: 7000450613 ns, Reaching safepoint: 47903 ns, At safepoint: 32602 ns, Total: 80505 ns
[2756.563s][info ][safepoint      ] Safepoint "Cleanup", Time since last: 4000262066 ns, Reaching safepoint: 42803 ns, At safepoint: 7400 ns, Total: 50203 ns
[2757.563s][info ][safepoint      ] Safepoint "Cleanup", Time since last: 1000111441 ns, Reaching safepoint: 50303 ns, At safepoint: 7801 ns, Total: 58104 ns
[2758.547s][info ][gc,start       ] GC(150) Pause Young (Allocation Failure)
[2758.555s][debug][gc,phases      ] GC(150) Scavenge 8.804ms
[2758.555s][debug][gc,ref         ] GC(150) Skipped phase 1 of Reference Processing: no references
[2758.556s][debug][gc,ref         ] GC(150) ReferenceProcessor::execute queues: 1, RefProcThreadModel::Single, marks_oops_alive: false
[2758.556s][debug][gc,ref         ] GC(150) ReferenceProcessor::execute queues: 4, RefProcThreadModel::Multi, marks_oops_alive: true
[2758.556s][debug][gc,ref         ] GC(150) ReferenceProcessor::execute queues: 1, RefProcThreadModel::Single, marks_oops_alive: false
[2758.556s][debug][gc,phases      ] GC(150) Reference Processing 0.190ms
[2758.556s][debug][gc,phases      ] GC(150)   VM Weak                        Min:  0.0, Avg:  0.0, Max:  0.0, Diff:  0.0, Sum:  0.0, Workers: 4
[2758.556s][debug][gc,phases      ] GC(150)     Dead                           Min: 0, Avg:  0.0, Max: 0, Diff: 0, Sum: 0, Workers: 4
[2758.556s][debug][gc,phases      ] GC(150)     Total                          Min: 0, Avg: 183.2, Max: 669, Diff: 669, Sum: 733, Workers: 4
[2758.556s][debug][gc,phases      ] GC(150)   ObjectSynchronizer Weak        Min:  0.0, Avg:  0.0, Max:  0.0, Diff:  0.0, Sum:  0.0, Workers: 4
[2758.556s][debug][gc,phases      ] GC(150)     Dead                           Min: 0, Avg:  0.0, Max: 0, Diff: 0, Sum: 0, Workers: 4
[2758.556s][debug][gc,phases      ] GC(150)     Total                          Min: 0, Avg: 73.5, Max: 166, Diff: 166, Sum: 294, Workers: 4
[2758.556s][debug][gc,phases      ] GC(150)   JVMTI Tag Weak OopStorage      Min:  0.0, Avg:  0.0, Max:  0.0, Diff:  0.0, Sum:  0.0, Workers: 4
[2758.556s][debug][gc,phases      ] GC(150)     Dead                           Min: 0, Avg:  0.0, Max: 0, Diff: 0, Sum: 0, Workers: 4
[2758.556s][debug][gc,phases      ] GC(150)     Total                          Min: 0, Avg:  0.0, Max: 0, Diff: 0, Sum: 0, Workers: 4
[2758.556s][debug][gc,phases      ] GC(150)   StringTable Weak               Min:  0.1, Avg:  0.1, Max:  0.1, Diff:  0.0, Sum:  0.4, Workers: 4
[2758.556s][debug][gc,phases      ] GC(150)     Dead                           Min: 0, Avg:  0.5, Max: 2, Diff: 2, Sum: 2, Workers: 4
[2758.556s][debug][gc,phases      ] GC(150)     Total                          Min: 11264, Avg: 12186.2, Max: 14144, Diff: 2880, Sum: 48745, Workers: 4
[2758.556s][debug][gc,phases      ] GC(150)   ResolvedMethodTable Weak       Min:  0.0, Avg:  0.0, Max:  0.0, Diff:  0.0, Sum:  0.1, Workers: 4
[2758.556s][debug][gc,phases      ] GC(150)     Dead                           Min: 0, Avg:  0.0, Max: 0, Diff: 0, Sum: 0, Workers: 4
[2758.556s][debug][gc,phases      ] GC(150)     Total                          Min: 1889, Avg: 2120.2, Max: 2368, Diff: 479, Sum: 8481, Workers: 4
[2758.556s][debug][gc,phases      ] GC(150)   JNI Weak                       Min:  0.0, Avg:  0.0, Max:  0.0, Diff:  0.0, Sum:  0.0, Workers: 4
[2758.556s][debug][gc,phases      ] GC(150)     Dead                           Min: 0, Avg:  0.0, Max: 0, Diff: 0, Sum: 0, Workers: 4
[2758.556s][debug][gc,phases      ] GC(150)     Total                          Min: 0, Avg:  0.0, Max: 0, Diff: 0, Sum: 0, Workers: 4
[2758.556s][debug][gc,phases      ] GC(150)   StringDedup Table Weak         Min:  0.0, Avg:  0.0, Max:  0.0, Diff:  0.0, Sum:  0.0, Workers: 4
[2758.556s][debug][gc,phases      ] GC(150)     Dead                           Min: 0, Avg:  0.0, Max: 0, Diff: 0, Sum: 0, Workers: 4
[2758.556s][debug][gc,phases      ] GC(150)     Total                          Min: 0, Avg:  0.0, Max: 0, Diff: 0, Sum: 0, Workers: 4
[2758.556s][debug][gc,phases      ] GC(150)   StringDedup Requests0 Weak     Min:  0.0, Avg:  0.0, Max:  0.0, Diff:  0.0, Sum:  0.0, Workers: 4
[2758.556s][debug][gc,phases      ] GC(150)     Dead                           Min: 0, Avg:  0.0, Max: 0, Diff: 0, Sum: 0, Workers: 4
[2758.556s][debug][gc,phases      ] GC(150)     Total                          Min: 0, Avg:  0.0, Max: 0, Diff: 0, Sum: 0, Workers: 4
[2758.556s][debug][gc,phases      ] GC(150)   StringDedup Requests1 Weak     Min:  0.0, Avg:  0.0, Max:  0.0, Diff:  0.0, Sum:  0.0, Workers: 4
[2758.556s][debug][gc,phases      ] GC(150)     Dead                           Min: 0, Avg:  0.0, Max: 0, Diff: 0, Sum: 0, Workers: 4
[2758.556s][debug][gc,phases      ] GC(150)     Total                          Min: 0, Avg:  0.0, Max: 0, Diff: 0, Sum: 0, Workers: 4
[2758.556s][debug][gc,phases      ] GC(150)   Weak JFR Old Object Samples    Min:  0.0, Avg:  0.0, Max:  0.0, Diff:  0.0, Sum:  0.0, Workers: 4
[2758.556s][debug][gc,phases      ] GC(150)     Dead                           Min: 0, Avg:  0.0, Max: 0, Diff: 0, Sum: 0, Workers: 4
[2758.556s][debug][gc,phases      ] GC(150)     Total                          Min: 0, Avg:  0.0, Max: 0, Diff: 0, Sum: 0, Workers: 4
[2758.556s][debug][gc,phases      ] GC(150) Weak Processing 0.314ms
[2758.556s][debug][gc,age         ] GC(150) Desired survivor size 45088768 bytes, new threshold 15 (max threshold 15)
[2758.556s][info ][gc,heap        ] GC(150) PSYoungGen: 2018848K(2056192K)->25763K(2053120K) Eden: 2012160K(2012160K)->0K(2012160K) From: 6688K(44032K)->25763K(40960K)
[2758.556s][info ][gc,heap        ] GC(150) ParOldGen: 498556K(581120K)->499853K(581120K)
[2758.556s][info ][gc,metaspace   ] GC(150) Metaspace: 84616K(85504K)->84616K(85504K) NonClass: 72833K(73344K)->72833K(73344K) Class: 11783K(12160K)->11783K(12160K)
[2758.556s][info ][gc             ] GC(150) Pause Young (Allocation Failure) 2458M->513M(2572M) 9.462ms
[2758.556s][info ][gc,cpu         ] GC(150) User=0.04s Sys=0.00s Real=0.01s
[2758.556s][info ][safepoint      ] Safepoint "ParallelGCFailedAllocation", Time since last: 983033039 ns, Reaching safepoint: 170411 ns, At safepoint: 9548909 ns, Total: 9719320 ns
[2759.556s][info ][safepoint      ] Safepoint "Cleanup", Time since last: 1000086916 ns, Reaching safepoint: 115108 ns, At safepoint: 8500 ns, Total: 123608 ns
[2760.557s][info ][safepoint      ] Safepoint "Cleanup", Time since last: 1000111807 ns, Reaching safepoint: 122907 ns, At safepoint: 7201 ns, Total: 130108 ns
[2761.557s][info ][safepoint      ] Safepoint "Cleanup", Time since last: 1000106894 ns, Reaching safepoint: 119008 ns, At safepoint: 8501 ns, Total: 127509 ns
[2763.557s][info ][safepoint      ] Safepoint "Cleanup", Time since last: 2000184353 ns, Reaching safepoint: 119407 ns, At safepoint: 11201 ns, Total: 130608 ns
[2766.557s][info ][safepoint      ] Safepoint "Cleanup", Time since last: 3000236442 ns, Reaching safepoint: 95906 ns, At safepoint: 10601 ns, Total: 106507 ns
[2768.558s][info ][safepoint      ] Safepoint "Cleanup", Time since last: 2000179939 ns, Reaching safepoint: 113707 ns, At safepoint: 10701 ns, Total: 124408 ns
[2770.558s][info ][safepoint      ] Safepoint "Cleanup", Time since last: 2000171594 ns, Reaching safepoint: 122508 ns, At safepoint: 7900 ns, Total: 130408 ns
[2772.558s][info ][safepoint      ] Safepoint "Cleanup", Time since last: 2000180250 ns, Reaching safepoint: 118808 ns, At safepoint: 12400 ns, Total: 131208 ns
[2774.559s][info ][safepoint      ] Safepoint "Cleanup", Time since last: 2000187906 ns, Reaching safepoint: 116207 ns, At safepoint: 8001 ns, Total: 124208 ns
[2778.559s][info ][safepoint      ] Safepoint "Cleanup", Time since last: 4000312274 ns, Reaching safepoint: 121107 ns, At safepoint: 13701 ns, Total: 134808 ns
[2782.559s][info ][safepoint      ] Safepoint "Cleanup", Time since last: 4000323698 ns, Reaching safepoint: 50304 ns, At safepoint: 7200 ns, Total: 57504 ns
[2783.560s][info ][safepoint      ] Safepoint "Cleanup", Time since last: 1000111749 ns, Reaching safepoint: 58104 ns, At safepoint: 10900 ns, Total: 69004 ns
[2784.560s][info ][safepoint      ] Safepoint "Cleanup", Time since last: 1000111139 ns, Reaching safepoint: 62103 ns, At safepoint: 5401 ns, Total: 67504 ns
[2786.560s][info ][safepoint      ] Safepoint "Cleanup", Time since last: 2000139038 ns, Reaching safepoint: 51403 ns, At safepoint: 13001 ns, Total: 64404 ns
[2788.560s][info ][safepoint      ] Safepoint "Cleanup", Time since last: 2000172097 ns, Reaching safepoint: 47403 ns, At safepoint: 8301 ns, Total: 55704 ns
[2791.561s][info ][safepoint      ] Safepoint "Cleanup", Time since last: 3000225112 ns, Reaching safepoint: 49703 ns, At safepoint: 5300 ns, Total: 55003 ns
[2794.561s][info ][safepoint      ] Safepoint "Cleanup", Time since last: 3000217415 ns, Reaching safepoint: 44103 ns, At safepoint: 7500 ns, Total: 51603 ns
[2795.561s][info ][safepoint      ] Safepoint "Cleanup", Time since last: 1000109419 ns, Reaching safepoint: 51504 ns, At safepoint: 2300 ns, Total: 53804 ns
[2796.561s][info ][safepoint      ] Safepoint "Cleanup", Time since last: 1000117509 ns, Reaching safepoint: 49803 ns, At safepoint: 2200 ns, Total: 52003 ns
[2797.561s][info ][safepoint      ] Safepoint "Cleanup", Time since last: 1000107398 ns, Reaching safepoint: 52103 ns, At safepoint: 3200 ns, Total: 55303 ns
[2803.562s][info ][safepoint      ] Safepoint "Cleanup", Time since last: 6000457853 ns, Reaching safepoint: 120407 ns, At safepoint: 7301 ns, Total: 127708 ns
[2804.562s][info ][safepoint      ] Safepoint "Cleanup", Time since last: 1000110424 ns, Reaching safepoint: 120307 ns, At safepoint: 11401 ns, Total: 131708 ns
[2807.562s][info ][safepoint      ] Safepoint "Cleanup", Time since last: 3000242603 ns, Reaching safepoint: 48303 ns, At safepoint: 3401 ns, Total: 51704 ns
[2808.563s][info ][safepoint      ] Safepoint "Cleanup", Time since last: 1000103281 ns, Reaching safepoint: 54904 ns, At safepoint: 7200 ns, Total: 62104 ns
[2809.563s][info ][safepoint      ] Safepoint "Cleanup", Time since last: 1000102871 ns, Reaching safepoint: 55604 ns, At safepoint: 4200 ns, Total: 59804 ns
[2811.563s][info ][safepoint      ] Safepoint "Cleanup", Time since last: 2000168209 ns, Reaching safepoint: 147110 ns, At safepoint: 6100 ns, Total: 153210 ns
[2814.563s][info ][safepoint      ] Safepoint "Cleanup", Time since last: 3000229385 ns, Reaching safepoint: 51303 ns, At safepoint: 27002 ns, Total: 78305 ns
[2816.564s][info ][safepoint      ] Safepoint "Cleanup", Time since last: 2000171906 ns, Reaching safepoint: 48303 ns, At safepoint: 3700 ns, Total: 52003 ns
[2818.432s][info ][gc,start       ] GC(151) Pause Young (Allocation Failure)
[2818.442s][debug][gc,phases      ] GC(151) Scavenge 10.122ms
[2818.442s][debug][gc,ref         ] GC(151) Skipped phase 1 of Reference Processing: no references
[2818.442s][debug][gc,ref         ] GC(151) ReferenceProcessor::execute queues: 1, RefProcThreadModel::Single, marks_oops_alive: false
[2818.442s][debug][gc,ref         ] GC(151) Skipped phase 3 of Reference Processing: no references
[2818.442s][debug][gc,ref         ] GC(151) ReferenceProcessor::execute queues: 1, RefProcThreadModel::Single, marks_oops_alive: false
[2818.442s][debug][gc,phases      ] GC(151) Reference Processing 0.125ms
[2818.442s][debug][gc,phases      ] GC(151)   VM Weak                        Min:  0.0, Avg:  0.0, Max:  0.0, Diff:  0.0, Sum:  0.0, Workers: 4
[2818.442s][debug][gc,phases      ] GC(151)     Dead                           Min: 0, Avg:  0.0, Max: 0, Diff: 0, Sum: 0, Workers: 4
[2818.442s][debug][gc,phases      ] GC(151)     Total                          Min: 0, Avg: 183.2, Max: 448, Diff: 448, Sum: 733, Workers: 4
[2818.442s][debug][gc,phases      ] GC(151)   ObjectSynchronizer Weak        Min:  0.0, Avg:  0.0, Max:  0.0, Diff:  0.0, Sum:  0.0, Workers: 4
[2818.442s][debug][gc,phases      ] GC(151)     Dead                           Min: 0, Avg:  0.0, Max: 0, Diff: 0, Sum: 0, Workers: 4
[2818.442s][debug][gc,phases      ] GC(151)     Total                          Min: 0, Avg: 73.5, Max: 128, Diff: 128, Sum: 294, Workers: 4
[2818.442s][debug][gc,phases      ] GC(151)   JVMTI Tag Weak OopStorage      Min:  0.0, Avg:  0.0, Max:  0.0, Diff:  0.0, Sum:  0.0, Workers: 4
[2818.442s][debug][gc,phases      ] GC(151)     Dead                           Min: 0, Avg:  0.0, Max: 0, Diff: 0, Sum: 0, Workers: 4
[2818.442s][debug][gc,phases      ] GC(151)     Total                          Min: 0, Avg:  0.0, Max: 0, Diff: 0, Sum: 0, Workers: 4
[2818.442s][debug][gc,phases      ] GC(151)   StringTable Weak               Min:  0.0, Avg:  0.1, Max:  0.2, Diff:  0.2, Sum:  0.5, Workers: 4
[2818.442s][debug][gc,phases      ] GC(151)     Dead                           Min: 0, Avg:  0.0, Max: 0, Diff: 0, Sum: 0, Workers: 4
[2818.442s][debug][gc,phases      ] GC(151)     Total                          Min: 0, Avg: 12191.0, Max: 16704, Diff: 16704, Sum: 48764, Workers: 4
[2818.442s][debug][gc,phases      ] GC(151)   ResolvedMethodTable Weak       Min:  0.0, Avg:  0.0, Max:  0.0, Diff:  0.0, Sum:  0.1, Workers: 4
[2818.442s][debug][gc,phases      ] GC(151)     Dead                           Min: 0, Avg:  0.0, Max: 0, Diff: 0, Sum: 0, Workers: 4
[2818.442s][debug][gc,phases      ] GC(151)     Total                          Min: 0, Avg: 2120.5, Max: 2914, Diff: 2914, Sum: 8482, Workers: 4
[2818.442s][debug][gc,phases      ] GC(151)   JNI Weak                       Min:  0.0, Avg:  0.0, Max:  0.0, Diff:  0.0, Sum:  0.0, Workers: 4
[2818.442s][debug][gc,phases      ] GC(151)     Dead                           Min: 0, Avg:  0.0, Max: 0, Diff: 0, Sum: 0, Workers: 4
[2818.442s][debug][gc,phases      ] GC(151)     Total                          Min: 0, Avg:  0.0, Max: 0, Diff: 0, Sum: 0, Workers: 4
[2818.442s][debug][gc,phases      ] GC(151)   StringDedup Table Weak         Min:  0.0, Avg:  0.0, Max:  0.0, Diff:  0.0, Sum:  0.0, Workers: 4
[2818.442s][debug][gc,phases      ] GC(151)     Dead                           Min: 0, Avg:  0.0, Max: 0, Diff: 0, Sum: 0, Workers: 4
[2818.442s][debug][gc,phases      ] GC(151)     Total                          Min: 0, Avg:  0.0, Max: 0, Diff: 0, Sum: 0, Workers: 4
[2818.442s][debug][gc,phases      ] GC(151)   StringDedup Requests0 Weak     Min:  0.0, Avg:  0.0, Max:  0.0, Diff:  0.0, Sum:  0.0, Workers: 4
[2818.442s][debug][gc,phases      ] GC(151)     Dead                           Min: 0, Avg:  0.0, Max: 0, Diff: 0, Sum: 0, Workers: 4
[2818.442s][debug][gc,phases      ] GC(151)     Total                          Min: 0, Avg:  0.0, Max: 0, Diff: 0, Sum: 0, Workers: 4
[2818.442s][debug][gc,phases      ] GC(151)   StringDedup Requests1 Weak     Min:  0.0, Avg:  0.0, Max:  0.0, Diff:  0.0, Sum:  0.0, Workers: 4
[2818.442s][debug][gc,phases      ] GC(151)     Dead                           Min: 0, Avg:  0.0, Max: 0, Diff: 0, Sum: 0, Workers: 4
[2818.442s][debug][gc,phases      ] GC(151)     Total                          Min: 0, Avg:  0.0, Max: 0, Diff: 0, Sum: 0, Workers: 4
[2818.442s][debug][gc,phases      ] GC(151)   Weak JFR Old Object Samples    Min:  0.0, Avg:  0.0, Max:  0.0, Diff:  0.0, Sum:  0.0, Workers: 4
[2818.442s][debug][gc,phases      ] GC(151)     Dead                           Min: 0, Avg:  0.0, Max: 0, Diff: 0, Sum: 0, Workers: 4
[2818.442s][debug][gc,phases      ] GC(151)     Total                          Min: 0, Avg:  0.0, Max: 0, Diff: 0, Sum: 0, Workers: 4
[2818.442s][debug][gc,phases      ] GC(151) Weak Processing 0.405ms
[2818.442s][debug][gc,age         ] GC(151) Desired survivor size 46137344 bytes, new threshold 15 (max threshold 15)
[2818.442s][info ][gc,heap        ] GC(151) PSYoungGen: 2037923K(2053120K)->23089K(2051072K) Eden: 2012160K(2012160K)->0K(2007040K) From: 25763K(40960K)->23089K(44032K)
[2818.442s][info ][gc,heap        ] GC(151) ParOldGen: 499853K(581120K)->500125K(581120K)
[2818.442s][info ][gc,metaspace   ] GC(151) Metaspace: 84680K(85568K)->84680K(85568K) NonClass: 72896K(73408K)->72896K(73408K) Class: 11784K(12160K)->11784K(12160K)
[2818.442s][info ][gc             ] GC(151) Pause Young (Allocation Failure) 2478M->510M(2570M) 10.785ms
[2818.442s][info ][gc,cpu         ] GC(151) User=0.02s Sys=0.00s Real=0.01s
[2818.442s][info ][safepoint      ] Safepoint "ParallelGCFailedAllocation", Time since last: 1867844006 ns, Reaching safepoint: 40703 ns, At safepoint: 10883987 ns, Total: 10924690 ns
[2820.443s][info ][safepoint      ] Safepoint "Cleanup", Time since last: 2000152926 ns, Reaching safepoint: 73505 ns, At safepoint: 7800 ns, Total: 81305 ns
[2821.443s][info ][safepoint      ] Safepoint "Cleanup", Time since last: 1000101449 ns, Reaching safepoint: 62404 ns, At safepoint: 7801 ns, Total: 70205 ns
[2822.443s][info ][safepoint      ] Safepoint "Cleanup", Time since last: 1000118540 ns, Reaching safepoint: 60004 ns, At safepoint: 7500 ns, Total: 67504 ns
[2823.443s][info ][safepoint      ] Safepoint "Cleanup", Time since last: 1000118630 ns, Reaching safepoint: 58004 ns, At safepoint: 6600 ns, Total: 64604 ns
[2824.443s][info ][safepoint      ] Safepoint "Cleanup", Time since last: 1000167423 ns, Reaching safepoint: 66604 ns, At safepoint: 3900 ns, Total: 70504 ns
[2825.444s][info ][safepoint      ] Safepoint "Cleanup", Time since last: 1000112410 ns, Reaching safepoint: 60904 ns, At safepoint: 11200 ns, Total: 72104 ns
[2828.444s][info ][safepoint      ] Safepoint "Cleanup", Time since last: 3000285365 ns, Reaching safepoint: 70605 ns, At safepoint: 9400 ns, Total: 80005 ns
[2839.445s][info ][safepoint      ] Safepoint "Cleanup", Time since last: 11001167512 ns, Reaching safepoint: 53803 ns, At safepoint: 3700 ns, Total: 57503 ns
[2840.554s][info ][safepoint      ] Safepoint "Cleanup", Time since last: 1108429980 ns, Reaching safepoint: 95606 ns, At safepoint: 10700 ns, Total: 106306 ns
[2841.554s][info ][safepoint      ] Safepoint "Cleanup", Time since last: 1000139552 ns, Reaching safepoint: 124507 ns, At safepoint: 8501 ns, Total: 133008 ns
[2842.554s][info ][safepoint      ] Safepoint "Cleanup", Time since last: 1000133741 ns, Reaching safepoint: 135109 ns, At safepoint: 12400 ns, Total: 147509 ns
[2845.555s][info ][safepoint      ] Safepoint "Cleanup", Time since last: 3000254957 ns, Reaching safepoint: 115007 ns, At safepoint: 5200 ns, Total: 120207 ns
[2846.555s][info ][safepoint      ] Safepoint "Cleanup", Time since last: 1000111101 ns, Reaching safepoint: 125308 ns, At safepoint: 8801 ns, Total: 134109 ns
[2848.555s][info ][safepoint      ] Safepoint "Cleanup", Time since last: 2000137067 ns, Reaching safepoint: 117408 ns, At safepoint: 5700 ns, Total: 123108 ns
[2850.209s][info ][safepoint      ] Safepoint "Cleanup", Time since last: 1654104879 ns, Reaching safepoint: 130609 ns, At safepoint: 10200 ns, Total: 140809 ns
[2850.874s][info ][safepoint      ] Safepoint "ICBufferFull", Time since last: 664801884 ns, Reaching safepoint: 41902 ns, At safepoint: 2701 ns, Total: 44603 ns
[2851.072s][info ][safepoint      ] Safepoint "ICBufferFull", Time since last: 197463909 ns, Reaching safepoint: 39203 ns, At safepoint: 3800 ns, Total: 43003 ns
[2851.112s][info ][safepoint      ] Safepoint "ICBufferFull", Time since last: 40254230 ns, Reaching safepoint: 62304 ns, At safepoint: 2300 ns, Total: 64604 ns
[2851.149s][info ][safepoint      ] Safepoint "ICBufferFull", Time since last: 36849016 ns, Reaching safepoint: 46302 ns, At safepoint: 2301 ns, Total: 48603 ns
[2851.193s][info ][safepoint      ] Safepoint "ICBufferFull", Time since last: 44360487 ns, Reaching safepoint: 48304 ns, At safepoint: 2500 ns, Total: 50804 ns
[2851.200s][info ][safepoint      ] Safepoint "ICBufferFull", Time since last: 6992339 ns, Reaching safepoint: 52103 ns, At safepoint: 3101 ns, Total: 55204 ns
[2851.202s][info ][gc,start       ] GC(152) Pause Young (Allocation Failure)
[2851.214s][debug][gc,phases      ] GC(152) Scavenge 12.290ms
[2851.214s][debug][gc,ref         ] GC(152) Skipped phase 1 of Reference Processing: no references
[2851.214s][debug][gc,ref         ] GC(152) ReferenceProcessor::execute queues: 1, RefProcThreadModel::Single, marks_oops_alive: false
[2851.214s][debug][gc,ref         ] GC(152) Skipped phase 3 of Reference Processing: no references
[2851.214s][debug][gc,ref         ] GC(152) ReferenceProcessor::execute queues: 1, RefProcThreadModel::Single, marks_oops_alive: false
[2851.214s][debug][gc,phases      ] GC(152) Reference Processing 0.110ms
[2851.215s][debug][gc,phases      ] GC(152)   VM Weak                        Min:  0.0, Avg:  0.0, Max:  0.0, Diff:  0.0, Sum:  0.0, Workers: 4
[2851.215s][debug][gc,phases      ] GC(152)     Dead                           Min: 0, Avg:  0.0, Max: 0, Diff: 0, Sum: 0, Workers: 4
[2851.215s][debug][gc,phases      ] GC(152)     Total                          Min: 0, Avg: 185.2, Max: 640, Diff: 640, Sum: 741, Workers: 4
[2851.215s][debug][gc,phases      ] GC(152)   ObjectSynchronizer Weak        Min:  0.0, Avg:  0.0, Max:  0.0, Diff:  0.0, Sum:  0.0, Workers: 4
[2851.215s][debug][gc,phases      ] GC(152)     Dead                           Min: 0, Avg:  0.0, Max: 0, Diff: 0, Sum: 0, Workers: 4
[2851.215s][debug][gc,phases      ] GC(152)     Total                          Min: 0, Avg: 73.5, Max: 192, Diff: 192, Sum: 294, Workers: 4
[2851.215s][debug][gc,phases      ] GC(152)   JVMTI Tag Weak OopStorage      Min:  0.0, Avg:  0.0, Max:  0.0, Diff:  0.0, Sum:  0.0, Workers: 4
[2851.215s][debug][gc,phases      ] GC(152)     Dead                           Min: 0, Avg:  0.0, Max: 0, Diff: 0, Sum: 0, Workers: 4
[2851.215s][debug][gc,phases      ] GC(152)     Total                          Min: 0, Avg:  0.0, Max: 0, Diff: 0, Sum: 0, Workers: 4
[2851.215s][debug][gc,phases      ] GC(152)   StringTable Weak               Min:  0.1, Avg:  0.1, Max:  0.1, Diff:  0.0, Sum:  0.4, Workers: 4
[2851.215s][debug][gc,phases      ] GC(152)     Dead                           Min: 0, Avg:  0.2, Max: 1, Diff: 1, Sum: 1, Workers: 4
[2851.215s][debug][gc,phases      ] GC(152)     Total                          Min: 11456, Avg: 12193.0, Max: 13568, Diff: 2112, Sum: 48772, Workers: 4
[2851.215s][debug][gc,phases      ] GC(152)   ResolvedMethodTable Weak       Min:  0.0, Avg:  0.0, Max:  0.0, Diff:  0.0, Sum:  0.1, Workers: 4
[2851.215s][debug][gc,phases      ] GC(152)     Dead                           Min: 0, Avg:  0.0, Max: 0, Diff: 0, Sum: 0, Workers: 4
[2851.215s][debug][gc,phases      ] GC(152)     Total                          Min: 1920, Avg: 2126.8, Max: 2560, Diff: 640, Sum: 8507, Workers: 4
[2851.215s][debug][gc,phases      ] GC(152)   JNI Weak                       Min:  0.0, Avg:  0.0, Max:  0.0, Diff:  0.0, Sum:  0.0, Workers: 4
[2851.215s][debug][gc,phases      ] GC(152)     Dead                           Min: 0, Avg:  0.0, Max: 0, Diff: 0, Sum: 0, Workers: 4
[2851.215s][debug][gc,phases      ] GC(152)     Total                          Min: 0, Avg:  0.0, Max: 0, Diff: 0, Sum: 0, Workers: 4
[2851.215s][debug][gc,phases      ] GC(152)   StringDedup Table Weak         Min:  0.0, Avg:  0.0, Max:  0.0, Diff:  0.0, Sum:  0.0, Workers: 4
[2851.215s][debug][gc,phases      ] GC(152)     Dead                           Min: 0, Avg:  0.0, Max: 0, Diff: 0, Sum: 0, Workers: 4
[2851.215s][debug][gc,phases      ] GC(152)     Total                          Min: 0, Avg:  0.0, Max: 0, Diff: 0, Sum: 0, Workers: 4
[2851.215s][debug][gc,phases      ] GC(152)   StringDedup Requests0 Weak     Min:  0.0, Avg:  0.0, Max:  0.0, Diff:  0.0, Sum:  0.0, Workers: 4
[2851.215s][debug][gc,phases      ] GC(152)     Dead                           Min: 0, Avg:  0.0, Max: 0, Diff: 0, Sum: 0, Workers: 4
[2851.215s][debug][gc,phases      ] GC(152)     Total                          Min: 0, Avg:  0.0, Max: 0, Diff: 0, Sum: 0, Workers: 4
[2851.215s][debug][gc,phases      ] GC(152)   StringDedup Requests1 Weak     Min:  0.0, Avg:  0.0, Max:  0.0, Diff:  0.0, Sum:  0.0, Workers: 4
[2851.215s][debug][gc,phases      ] GC(152)     Dead                           Min: 0, Avg:  0.0, Max: 0, Diff: 0, Sum: 0, Workers: 4
[2851.215s][debug][gc,phases      ] GC(152)     Total                          Min: 0, Avg:  0.0, Max: 0, Diff: 0, Sum: 0, Workers: 4
[2851.215s][debug][gc,phases      ] GC(152)   Weak JFR Old Object Samples    Min:  0.0, Avg:  0.0, Max:  0.0, Diff:  0.0, Sum:  0.0, Workers: 4
[2851.215s][debug][gc,phases      ] GC(152)     Dead                           Min: 0, Avg:  0.0, Max: 0, Diff: 0, Sum: 0, Workers: 4
[2851.215s][debug][gc,phases      ] GC(152)     Total                          Min: 0, Avg:  0.0, Max: 0, Diff: 0, Sum: 0, Workers: 4
[2851.215s][debug][gc,phases      ] GC(152) Weak Processing 0.302ms
[2851.215s][debug][gc,age         ] GC(152) Desired survivor size 54001664 bytes, new threshold 15 (max threshold 15)
[2851.215s][info ][gc,heap        ] GC(152) PSYoungGen: 2030129K(2051072K)->41841K(2049024K) Eden: 2007040K(2007040K)->0K(2007040K) From: 23089K(44032K)->41841K(41984K)
[2851.215s][info ][gc,heap        ] GC(152) ParOldGen: 500125K(581120K)->500229K(581120K)
[2851.215s][info ][gc,metaspace   ] GC(152) Metaspace: 84737K(85632K)->84737K(85632K) NonClass: 72945K(73472K)->72945K(73472K) Class: 11792K(12160K)->11792K(12160K)
[2851.215s][info ][gc             ] GC(152) Pause Young (Allocation Failure) 2470M->529M(2568M) 12.811ms
[2851.215s][info ][gc,cpu         ] GC(152) User=0.05s Sys=0.00s Real=0.02s
[2851.215s][info ][safepoint      ] Safepoint "ParallelGCFailedAllocation", Time since last: 1389787 ns, Reaching safepoint: 105307 ns, At safepoint: 12890910 ns, Total: 12996217 ns
[2851.238s][info ][safepoint      ] Safepoint "ICBufferFull", Time since last: 23277363 ns, Reaching safepoint: 48403 ns, At safepoint: 6800 ns, Total: 55203 ns
[2851.253s][info ][safepoint      ] Safepoint "ICBufferFull", Time since last: 14476810 ns, Reaching safepoint: 43403 ns, At safepoint: 2200 ns, Total: 45603 ns
[2851.315s][info ][safepoint      ] Safepoint "ICBufferFull", Time since last: 62402021 ns, Reaching safepoint: 50904 ns, At safepoint: 2400 ns, Total: 53304 ns
[2851.316s][info ][safepoint      ] Safepoint "ICBufferFull", Time since last: 794450 ns, Reaching safepoint: 35902 ns, At safepoint: 3000 ns, Total: 38902 ns
[2851.331s][info ][safepoint      ] Safepoint "ICBufferFull", Time since last: 14587417 ns, Reaching safepoint: 57803 ns, At safepoint: 2601 ns, Total: 60404 ns
[2851.346s][info ][safepoint      ] Safepoint "ICBufferFull", Time since last: 15258359 ns, Reaching safepoint: 35502 ns, At safepoint: 2700 ns, Total: 38202 ns
[2851.354s][info ][safepoint      ] Safepoint "ICBufferFull", Time since last: 7894096 ns, Reaching safepoint: 40003 ns, At safepoint: 3200 ns, Total: 43203 ns
[2851.388s][info ][safepoint      ] Safepoint "ICBufferFull", Time since last: 34162347 ns, Reaching safepoint: 54903 ns, At safepoint: 6601 ns, Total: 61504 ns
[2851.438s][info ][safepoint      ] Safepoint "ICBufferFull", Time since last: 49979141 ns, Reaching safepoint: 42902 ns, At safepoint: 6401 ns, Total: 49303 ns
[2851.439s][info ][safepoint      ] Safepoint "ICBufferFull", Time since last: 848753 ns, Reaching safepoint: 36902 ns, At safepoint: 4301 ns, Total: 41203 ns
[2851.470s][info ][safepoint      ] Safepoint "ICBufferFull", Time since last: 31397173 ns, Reaching safepoint: 56403 ns, At safepoint: 2400 ns, Total: 58803 ns
[2851.503s][info ][safepoint      ] Safepoint "ICBufferFull", Time since last: 32476841 ns, Reaching safepoint: 43603 ns, At safepoint: 2100 ns, Total: 45703 ns
[2851.543s][info ][safepoint      ] Safepoint "ICBufferFull", Time since last: 39969012 ns, Reaching safepoint: 35002 ns, At safepoint: 2301 ns, Total: 37303 ns
[2851.586s][info ][safepoint      ] Safepoint "ICBufferFull", Time since last: 42522572 ns, Reaching safepoint: 107607 ns, At safepoint: 10600 ns, Total: 118207 ns
[2851.618s][info ][safepoint      ] Safepoint "ICBufferFull", Time since last: 32047814 ns, Reaching safepoint: 35603 ns, At safepoint: 2300 ns, Total: 37903 ns
[2851.668s][info ][safepoint      ] Safepoint "ICBufferFull", Time since last: 49791728 ns, Reaching safepoint: 40703 ns, At safepoint: 2400 ns, Total: 43103 ns
[2851.717s][info ][safepoint      ] Safepoint "ICBufferFull", Time since last: 49601917 ns, Reaching safepoint: 35502 ns, At safepoint: 2000 ns, Total: 37502 ns
[2851.718s][info ][safepoint      ] Safepoint "ICBufferFull", Time since last: 903757 ns, Reaching safepoint: 37502 ns, At safepoint: 1600 ns, Total: 39102 ns
[2851.783s][info ][safepoint      ] Safepoint "ICBufferFull", Time since last: 65202098 ns, Reaching safepoint: 63303 ns, At safepoint: 5401 ns, Total: 68704 ns
[2851.791s][info ][safepoint      ] Safepoint "ICBufferFull", Time since last: 7678582 ns, Reaching safepoint: 40203 ns, At safepoint: 1900 ns, Total: 42103 ns
[2851.832s][info ][safepoint      ] Safepoint "ICBufferFull", Time since last: 40678056 ns, Reaching safepoint: 44703 ns, At safepoint: 2000 ns, Total: 46703 ns
[2852.832s][info ][safepoint      ] Safepoint "Cleanup", Time since last: 1000109240 ns, Reaching safepoint: 56104 ns, At safepoint: 8101 ns, Total: 64205 ns
[2854.832s][info ][safepoint      ] Safepoint "Cleanup", Time since last: 2000174149 ns, Reaching safepoint: 64504 ns, At safepoint: 6901 ns, Total: 71405 ns
[2856.832s][info ][safepoint      ] Safepoint "Cleanup", Time since last: 2000181812 ns, Reaching safepoint: 51103 ns, At safepoint: 3400 ns, Total: 54503 ns
[2859.833s][info ][safepoint      ] Safepoint "Cleanup", Time since last: 3000249046 ns, Reaching safepoint: 49903 ns, At safepoint: 6601 ns, Total: 56504 ns
[2862.833s][info ][safepoint      ] Safepoint "Cleanup", Time since last: 3000243860 ns, Reaching safepoint: 50504 ns, At safepoint: 10300 ns, Total: 60804 ns
[2863.833s][info ][safepoint      ] Safepoint "Cleanup", Time since last: 1000107337 ns, Reaching safepoint: 70404 ns, At safepoint: 9501 ns, Total: 79905 ns
[2864.833s][info ][safepoint      ] Safepoint "Cleanup", Time since last: 1000112127 ns, Reaching safepoint: 53104 ns, At safepoint: 5300 ns, Total: 58404 ns
[2865.834s][info ][safepoint      ] Safepoint "Cleanup", Time since last: 1000157221 ns, Reaching safepoint: 56603 ns, At safepoint: 3601 ns, Total: 60204 ns
[2868.834s][info ][safepoint      ] Safepoint "Cleanup", Time since last: 3000277495 ns, Reaching safepoint: 54803 ns, At safepoint: 5300 ns, Total: 60103 ns
[2870.834s][info ][safepoint      ] Safepoint "Cleanup", Time since last: 2000164049 ns, Reaching safepoint: 45103 ns, At safepoint: 5000 ns, Total: 50103 ns
[2871.305s][info ][gc,start       ] GC(153) Pause Young (Allocation Failure)
[2871.317s][debug][gc,phases      ] GC(153) Scavenge 12.598ms
[2871.317s][debug][gc,ref         ] GC(153) Skipped phase 1 of Reference Processing: no references
[2871.318s][debug][gc,ref         ] GC(153) ReferenceProcessor::execute queues: 1, RefProcThreadModel::Single, marks_oops_alive: false
[2871.318s][debug][gc,ref         ] GC(153) Skipped phase 3 of Reference Processing: no references
[2871.318s][debug][gc,ref         ] GC(153) ReferenceProcessor::execute queues: 1, RefProcThreadModel::Single, marks_oops_alive: false
[2871.318s][debug][gc,phases      ] GC(153) Reference Processing 0.111ms
[2871.318s][debug][gc,phases      ] GC(153)   VM Weak                        Min:  0.0, Avg:  0.0, Max:  0.0, Diff:  0.0, Sum:  0.0, Workers: 4
[2871.318s][debug][gc,phases      ] GC(153)     Dead                           Min: 0, Avg:  0.0, Max: 0, Diff: 0, Sum: 0, Workers: 4
[2871.318s][debug][gc,phases      ] GC(153)     Total                          Min: 0, Avg: 185.2, Max: 293, Diff: 293, Sum: 741, Workers: 4
[2871.318s][debug][gc,phases      ] GC(153)   ObjectSynchronizer Weak        Min:  0.0, Avg:  0.0, Max:  0.0, Diff:  0.0, Sum:  0.0, Workers: 4
[2871.318s][debug][gc,phases      ] GC(153)     Dead                           Min: 0, Avg:  0.0, Max: 0, Diff: 0, Sum: 0, Workers: 4
[2871.318s][debug][gc,phases      ] GC(153)     Total                          Min: 0, Avg: 73.8, Max: 167, Diff: 167, Sum: 295, Workers: 4
[2871.318s][debug][gc,phases      ] GC(153)   JVMTI Tag Weak OopStorage      Min:  0.0, Avg:  0.0, Max:  0.0, Diff:  0.0, Sum:  0.0, Workers: 4
[2871.318s][debug][gc,phases      ] GC(153)     Dead                           Min: 0, Avg:  0.0, Max: 0, Diff: 0, Sum: 0, Workers: 4
[2871.318s][debug][gc,phases      ] GC(153)     Total                          Min: 0, Avg:  0.0, Max: 0, Diff: 0, Sum: 0, Workers: 4
[2871.318s][debug][gc,phases      ] GC(153)   StringTable Weak               Min:  0.1, Avg:  0.1, Max:  0.1, Diff:  0.0, Sum:  0.5, Workers: 4
[2871.318s][debug][gc,phases      ] GC(153)     Dead                           Min: 0, Avg:  0.0, Max: 0, Diff: 0, Sum: 0, Workers: 4
[2871.318s][debug][gc,phases      ] GC(153)     Total                          Min: 10717, Avg: 12199.2, Max: 13120, Diff: 2403, Sum: 48797, Workers: 4
[2871.318s][debug][gc,phases      ] GC(153)   ResolvedMethodTable Weak       Min:  0.0, Avg:  0.0, Max:  0.0, Diff:  0.0, Sum:  0.1, Workers: 4
[2871.318s][debug][gc,phases      ] GC(153)     Dead                           Min: 0, Avg:  0.0, Max: 0, Diff: 0, Sum: 0, Workers: 4
[2871.318s][debug][gc,phases      ] GC(153)     Total                          Min: 1856, Avg: 2128.0, Max: 2432, Diff: 576, Sum: 8512, Workers: 4
[2871.318s][debug][gc,phases      ] GC(153)   JNI Weak                       Min:  0.0, Avg:  0.0, Max:  0.0, Diff:  0.0, Sum:  0.0, Workers: 4
[2871.318s][debug][gc,phases      ] GC(153)     Dead                           Min: 0, Avg:  0.0, Max: 0, Diff: 0, Sum: 0, Workers: 4
[2871.318s][debug][gc,phases      ] GC(153)     Total                          Min: 0, Avg:  0.0, Max: 0, Diff: 0, Sum: 0, Workers: 4
[2871.318s][debug][gc,phases      ] GC(153)   StringDedup Table Weak         Min:  0.0, Avg:  0.0, Max:  0.0, Diff:  0.0, Sum:  0.0, Workers: 4
[2871.318s][debug][gc,phases      ] GC(153)     Dead                           Min: 0, Avg:  0.0, Max: 0, Diff: 0, Sum: 0, Workers: 4
[2871.318s][debug][gc,phases      ] GC(153)     Total                          Min: 0, Avg:  0.0, Max: 0, Diff: 0, Sum: 0, Workers: 4
[2871.318s][debug][gc,phases      ] GC(153)   StringDedup Requests0 Weak     Min:  0.0, Avg:  0.0, Max:  0.0, Diff:  0.0, Sum:  0.0, Workers: 4
[2871.318s][debug][gc,phases      ] GC(153)     Dead                           Min: 0, Avg:  0.0, Max: 0, Diff: 0, Sum: 0, Workers: 4
[2871.318s][debug][gc,phases      ] GC(153)     Total                          Min: 0, Avg:  0.0, Max: 0, Diff: 0, Sum: 0, Workers: 4
[2871.318s][debug][gc,phases      ] GC(153)   StringDedup Requests1 Weak     Min:  0.0, Avg:  0.0, Max:  0.0, Diff:  0.0, Sum:  0.0, Workers: 4
[2871.318s][debug][gc,phases      ] GC(153)     Dead                           Min: 0, Avg:  0.0, Max: 0, Diff: 0, Sum: 0, Workers: 4
[2871.318s][debug][gc,phases      ] GC(153)     Total                          Min: 0, Avg:  0.0, Max: 0, Diff: 0, Sum: 0, Workers: 4
[2871.318s][debug][gc,phases      ] GC(153)   Weak JFR Old Object Samples    Min:  0.0, Avg:  0.0, Max:  0.0, Diff:  0.0, Sum:  0.0, Workers: 4
[2871.318s][debug][gc,phases      ] GC(153)     Dead                           Min: 0, Avg:  0.0, Max: 0, Diff: 0, Sum: 0, Workers: 4
[2871.318s][debug][gc,phases      ] GC(153)     Total                          Min: 0, Avg:  0.0, Max: 0, Diff: 0, Sum: 0, Workers: 4
[2871.318s][debug][gc,phases      ] GC(153) Weak Processing 0.324ms
[2871.318s][debug][gc,age         ] GC(153) Desired survivor size 63963136 bytes, new threshold 14 (max threshold 15)
[2871.318s][info ][gc,heap        ] GC(153) PSYoungGen: 2048881K(2049024K)->48120K(2020352K) Eden: 2007040K(2007040K)->0K(1972224K) From: 41841K(41984K)->48120K(48128K)
[2871.318s][info ][gc,heap        ] GC(153) ParOldGen: 500229K(581120K)->503001K(581120K)
[2871.318s][info ][gc,metaspace   ] GC(153) Metaspace: 84783K(85632K)->84783K(85632K) NonClass: 72986K(73472K)->72986K(73472K) Class: 11796K(12160K)->11796K(12160K)
[2871.318s][info ][gc             ] GC(153) Pause Young (Allocation Failure) 2489M->538M(2540M) 13.166ms
[2871.318s][info ][gc,cpu         ] GC(153) User=0.06s Sys=0.00s Real=0.02s
[2871.318s][info ][safepoint      ] Safepoint "ParallelGCFailedAllocation", Time since last: 470449978 ns, Reaching safepoint: 43603 ns, At safepoint: 13250330 ns, Total: 13293933 ns
[2873.318s][info ][safepoint      ] Safepoint "Cleanup", Time since last: 2000148702 ns, Reaching safepoint: 52903 ns, At safepoint: 5401 ns, Total: 58304 ns
[2880.319s][info ][safepoint      ] Safepoint "Cleanup", Time since last: 7000508370 ns, Reaching safepoint: 46503 ns, At safepoint: 6600 ns, Total: 53103 ns
[2884.319s][info ][safepoint      ] Safepoint "Cleanup", Time since last: 4000301541 ns, Reaching safepoint: 42503 ns, At safepoint: 2200 ns, Total: 44703 ns
[2885.319s][info ][safepoint      ] Safepoint "Cleanup", Time since last: 1000074538 ns, Reaching safepoint: 51903 ns, At safepoint: 2500 ns, Total: 54403 ns
[2886.319s][info ][safepoint      ] Safepoint "Cleanup", Time since last: 1000105231 ns, Reaching safepoint: 49403 ns, At safepoint: 5601 ns, Total: 55004 ns
[2887.320s][info ][safepoint      ] Safepoint "Cleanup", Time since last: 1000115822 ns, Reaching safepoint: 52203 ns, At safepoint: 9701 ns, Total: 61904 ns
[2890.320s][info ][safepoint      ] Safepoint "Cleanup", Time since last: 3000266909 ns, Reaching safepoint: 54304 ns, At safepoint: 10100 ns, Total: 64404 ns
[2892.320s][info ][safepoint      ] Safepoint "Cleanup", Time since last: 2000171462 ns, Reaching safepoint: 48503 ns, At safepoint: 7100 ns, Total: 55603 ns
[2894.320s][info ][safepoint      ] Safepoint "Cleanup", Time since last: 2000181027 ns, Reaching safepoint: 32502 ns, At safepoint: 27801 ns, Total: 60303 ns
[2899.321s][info ][safepoint      ] Safepoint "Cleanup", Time since last: 5000372068 ns, Reaching safepoint: 48904 ns, At safepoint: 5400 ns, Total: 54304 ns
[2901.321s][info ][safepoint      ] Safepoint "Cleanup", Time since last: 2000172573 ns, Reaching safepoint: 48904 ns, At safepoint: 2500 ns, Total: 51404 ns
[2903.321s][info ][safepoint      ] Safepoint "Cleanup", Time since last: 2000161396 ns, Reaching safepoint: 55904 ns, At safepoint: 7900 ns, Total: 63804 ns
[2909.322s][info ][safepoint      ] Safepoint "Cleanup", Time since last: 6000473336 ns, Reaching safepoint: 62504 ns, At safepoint: 11201 ns, Total: 73705 ns
[2910.322s][info ][safepoint      ] Safepoint "Cleanup", Time since last: 1000109359 ns, Reaching safepoint: 43503 ns, At safepoint: 5000 ns, Total: 48503 ns
[2911.322s][info ][safepoint      ] Safepoint "Cleanup", Time since last: 1000110041 ns, Reaching safepoint: 73605 ns, At safepoint: 6100 ns, Total: 79705 ns
[2915.322s][info ][safepoint      ] Safepoint "Cleanup", Time since last: 4000302567 ns, Reaching safepoint: 52604 ns, At safepoint: 2800 ns, Total: 55404 ns
[2918.323s][info ][safepoint      ] Safepoint "Cleanup", Time since last: 3000243082 ns, Reaching safepoint: 44703 ns, At safepoint: 7400 ns, Total: 52103 ns
[2919.323s][info ][safepoint      ] Safepoint "Cleanup", Time since last: 1000122794 ns, Reaching safepoint: 60004 ns, At safepoint: 7500 ns, Total: 67504 ns
[2919.453s][info ][gc,start       ] GC(154) Pause Young (Allocation Failure)
[2919.473s][debug][gc,phases      ] GC(154) Scavenge 19.737ms
[2919.473s][debug][gc,ref         ] GC(154) Skipped phase 1 of Reference Processing: no references
[2919.473s][debug][gc,ref         ] GC(154) ReferenceProcessor::execute queues: 1, RefProcThreadModel::Single, marks_oops_alive: false
[2919.473s][debug][gc,ref         ] GC(154) Skipped phase 3 of Reference Processing: no references
[2919.473s][debug][gc,ref         ] GC(154) ReferenceProcessor::execute queues: 1, RefProcThreadModel::Single, marks_oops_alive: false
[2919.473s][debug][gc,phases      ] GC(154) Reference Processing 0.137ms
[2919.474s][debug][gc,phases      ] GC(154)   VM Weak                        Min:  0.0, Avg:  0.0, Max:  0.0, Diff:  0.0, Sum:  0.0, Workers: 4
[2919.474s][debug][gc,phases      ] GC(154)     Dead                           Min: 0, Avg:  0.0, Max: 0, Diff: 0, Sum: 0, Workers: 4
[2919.474s][debug][gc,phases      ] GC(154)     Total                          Min: 0, Avg: 185.2, Max: 741, Diff: 741, Sum: 741, Workers: 4
[2919.474s][debug][gc,phases      ] GC(154)   ObjectSynchronizer Weak        Min:  0.0, Avg:  0.0, Max:  0.0, Diff:  0.0, Sum:  0.0, Workers: 4
[2919.474s][debug][gc,phases      ] GC(154)     Dead                           Min: 0, Avg:  0.0, Max: 0, Diff: 0, Sum: 0, Workers: 4
[2919.474s][debug][gc,phases      ] GC(154)     Total                          Min: 0, Avg: 73.8, Max: 295, Diff: 295, Sum: 295, Workers: 4
[2919.474s][debug][gc,phases      ] GC(154)   JVMTI Tag Weak OopStorage      Min:  0.0, Avg:  0.0, Max:  0.0, Diff:  0.0, Sum:  0.0, Workers: 4
[2919.474s][debug][gc,phases      ] GC(154)     Dead                           Min: 0, Avg:  0.0, Max: 0, Diff: 0, Sum: 0, Workers: 4
[2919.474s][debug][gc,phases      ] GC(154)     Total                          Min: 0, Avg:  0.0, Max: 0, Diff: 0, Sum: 0, Workers: 4
[2919.474s][debug][gc,phases      ] GC(154)   StringTable Weak               Min:  0.0, Avg:  0.1, Max:  0.5, Diff:  0.5, Sum:  0.5, Workers: 4
[2919.474s][debug][gc,phases      ] GC(154)     Dead                           Min: 0, Avg:  0.0, Max: 0, Diff: 0, Sum: 0, Workers: 4
[2919.474s][debug][gc,phases      ] GC(154)     Total                          Min: 0, Avg: 12199.5, Max: 48798, Diff: 48798, Sum: 48798, Workers: 4
[2919.474s][debug][gc,phases      ] GC(154)   ResolvedMethodTable Weak       Min:  0.0, Avg:  0.0, Max:  0.1, Diff:  0.1, Sum:  0.1, Workers: 4
[2919.474s][debug][gc,phases      ] GC(154)     Dead                           Min: 0, Avg:  0.0, Max: 0, Diff: 0, Sum: 0, Workers: 4
[2919.474s][debug][gc,phases      ] GC(154)     Total                          Min: 0, Avg: 2128.0, Max: 8512, Diff: 8512, Sum: 8512, Workers: 4
[2919.474s][debug][gc,phases      ] GC(154)   JNI Weak                       Min:  0.0, Avg:  0.0, Max:  0.0, Diff:  0.0, Sum:  0.0, Workers: 4
[2919.474s][debug][gc,phases      ] GC(154)     Dead                           Min: 0, Avg:  0.0, Max: 0, Diff: 0, Sum: 0, Workers: 4
[2919.474s][debug][gc,phases      ] GC(154)     Total                          Min: 0, Avg:  0.0, Max: 0, Diff: 0, Sum: 0, Workers: 4
[2919.474s][debug][gc,phases      ] GC(154)   StringDedup Table Weak         Min:  0.0, Avg:  0.0, Max:  0.0, Diff:  0.0, Sum:  0.0, Workers: 4
[2919.474s][debug][gc,phases      ] GC(154)     Dead                           Min: 0, Avg:  0.0, Max: 0, Diff: 0, Sum: 0, Workers: 4
[2919.474s][debug][gc,phases      ] GC(154)     Total                          Min: 0, Avg:  0.0, Max: 0, Diff: 0, Sum: 0, Workers: 4
[2919.474s][debug][gc,phases      ] GC(154)   StringDedup Requests0 Weak     Min:  0.0, Avg:  0.0, Max:  0.0, Diff:  0.0, Sum:  0.0, Workers: 4
[2919.474s][debug][gc,phases      ] GC(154)     Dead                           Min: 0, Avg:  0.0, Max: 0, Diff: 0, Sum: 0, Workers: 4
[2919.474s][debug][gc,phases      ] GC(154)     Total                          Min: 0, Avg:  0.0, Max: 0, Diff: 0, Sum: 0, Workers: 4
[2919.474s][debug][gc,phases      ] GC(154)   StringDedup Requests1 Weak     Min:  0.0, Avg:  0.0, Max:  0.0, Diff:  0.0, Sum:  0.0, Workers: 4
[2919.474s][debug][gc,phases      ] GC(154)     Dead                           Min: 0, Avg:  0.0, Max: 0, Diff: 0, Sum: 0, Workers: 4
[2919.474s][debug][gc,phases      ] GC(154)     Total                          Min: 0, Avg:  0.0, Max: 0, Diff: 0, Sum: 0, Workers: 4
[2919.474s][debug][gc,phases      ] GC(154)   Weak JFR Old Object Samples    Min:  0.0, Avg:  0.0, Max:  0.0, Diff:  0.0, Sum:  0.0, Workers: 4
[2919.474s][debug][gc,phases      ] GC(154)     Dead                           Min: 0, Avg:  0.0, Max: 0, Diff: 0, Sum: 0, Workers: 4
[2919.474s][debug][gc,phases      ] GC(154)     Total                          Min: 0, Avg:  0.0, Max: 0, Diff: 0, Sum: 0, Workers: 4
[2919.474s][debug][gc,phases      ] GC(154) Weak Processing 0.838ms
[2919.474s][debug][gc,age         ] GC(154) Desired survivor size 70778880 bytes, new threshold 15 (max threshold 15)
[2919.474s][info ][gc,heap        ] GC(154) PSYoungGen: 2020344K(2020352K)->49553K(2021888K) Eden: 1972224K(1972224K)->0K(1972224K) From: 48120K(48128K)->49553K(49664K)
[2919.474s][info ][gc,heap        ] GC(154) ParOldGen: 503001K(581120K)->503041K(581120K)
[2919.474s][info ][gc,metaspace   ] GC(154) Metaspace: 84794K(85632K)->84794K(85632K) NonClass: 72997K(73472K)->72997K(73472K) Class: 11797K(12160K)->11797K(12160K)
[2919.474s][info ][gc             ] GC(154) Pause Young (Allocation Failure) 2464M->539M(2542M) 20.903ms
[2919.474s][info ][gc,cpu         ] GC(154) User=0.04s Sys=0.00s Real=0.02s
[2919.474s][info ][safepoint      ] Safepoint "ParallelGCFailedAllocation", Time since last: 130165501 ns, Reaching safepoint: 45403 ns, At safepoint: 21000736 ns, Total: 21046139 ns
[2921.474s][info ][safepoint      ] Safepoint "Cleanup", Time since last: 2000164321 ns, Reaching safepoint: 76205 ns, At safepoint: 8301 ns, Total: 84506 ns
[2927.475s][info ][safepoint      ] Safepoint "Cleanup", Time since last: 6000470324 ns, Reaching safepoint: 45503 ns, At safepoint: 7900 ns, Total: 53403 ns
[2928.475s][info ][safepoint      ] Safepoint "Cleanup", Time since last: 1000119827 ns, Reaching safepoint: 78405 ns, At safepoint: 7001 ns, Total: 85406 ns
[2929.475s][info ][safepoint      ] Safepoint "Cleanup", Time since last: 1000118609 ns, Reaching safepoint: 58704 ns, At safepoint: 8000 ns, Total: 66704 ns
[2930.476s][info ][safepoint      ] Safepoint "Cleanup", Time since last: 1000125891 ns, Reaching safepoint: 58604 ns, At safepoint: 7801 ns, Total: 66405 ns
[2938.476s][info ][safepoint      ] Safepoint "Cleanup", Time since last: 8000585159 ns, Reaching safepoint: 77705 ns, At safepoint: 11901 ns, Total: 89606 ns
[2939.476s][info ][safepoint      ] Safepoint "Cleanup", Time since last: 1000125631 ns, Reaching safepoint: 54404 ns, At safepoint: 10601 ns, Total: 65005 ns
[2940.477s][info ][safepoint      ] Safepoint "Cleanup", Time since last: 1000117313 ns, Reaching safepoint: 60504 ns, At safepoint: 19901 ns, Total: 80405 ns
[2944.477s][info ][safepoint      ] Safepoint "Cleanup", Time since last: 4000349468 ns, Reaching safepoint: 60904 ns, At safepoint: 20302 ns, Total: 81206 ns
[2955.478s][info ][safepoint      ] Safepoint "Cleanup", Time since last: 11000825196 ns, Reaching safepoint: 59004 ns, At safepoint: 8600 ns, Total: 67604 ns
[2965.479s][info ][safepoint      ] Safepoint "Cleanup", Time since last: 10000714164 ns, Reaching safepoint: 57404 ns, At safepoint: 10300 ns, Total: 67704 ns
[2970.055s][info ][gc,start       ] GC(155) Pause Young (Allocation Failure)
[2970.068s][debug][gc,phases      ] GC(155) Scavenge 12.979ms
[2970.068s][debug][gc,ref         ] GC(155) Skipped phase 1 of Reference Processing: no references
[2970.068s][debug][gc,ref         ] GC(155) ReferenceProcessor::execute queues: 1, RefProcThreadModel::Single, marks_oops_alive: false
[2970.068s][debug][gc,ref         ] GC(155) Skipped phase 3 of Reference Processing: no references
[2970.068s][debug][gc,ref         ] GC(155) ReferenceProcessor::execute queues: 1, RefProcThreadModel::Single, marks_oops_alive: false
[2970.068s][debug][gc,phases      ] GC(155) Reference Processing 0.137ms
[2970.068s][debug][gc,phases      ] GC(155)   VM Weak                        Min:  0.0, Avg:  0.0, Max:  0.0, Diff:  0.0, Sum:  0.0, Workers: 4
[2970.068s][debug][gc,phases      ] GC(155)     Dead                           Min: 0, Avg:  0.0, Max: 0, Diff: 0, Sum: 0, Workers: 4
[2970.069s][debug][gc,phases      ] GC(155)     Total                          Min: 0, Avg: 185.2, Max: 677, Diff: 677, Sum: 741, Workers: 4
[2970.069s][debug][gc,phases      ] GC(155)   ObjectSynchronizer Weak        Min:  0.0, Avg:  0.0, Max:  0.0, Diff:  0.0, Sum:  0.0, Workers: 4
[2970.069s][debug][gc,phases      ] GC(155)     Dead                           Min: 0, Avg:  0.0, Max: 0, Diff: 0, Sum: 0, Workers: 4
[2970.069s][debug][gc,phases      ] GC(155)     Total                          Min: 0, Avg: 73.8, Max: 192, Diff: 192, Sum: 295, Workers: 4
[2970.069s][debug][gc,phases      ] GC(155)   JVMTI Tag Weak OopStorage      Min:  0.0, Avg:  0.0, Max:  0.0, Diff:  0.0, Sum:  0.0, Workers: 4
[2970.069s][debug][gc,phases      ] GC(155)     Dead                           Min: 0, Avg:  0.0, Max: 0, Diff: 0, Sum: 0, Workers: 4
[2970.069s][debug][gc,phases      ] GC(155)     Total                          Min: 0, Avg:  0.0, Max: 0, Diff: 0, Sum: 0, Workers: 4
[2970.069s][debug][gc,phases      ] GC(155)   StringTable Weak               Min:  0.1, Avg:  0.1, Max:  0.1, Diff:  0.0, Sum:  0.5, Workers: 4
[2970.069s][debug][gc,phases      ] GC(155)     Dead                           Min: 0, Avg:  0.0, Max: 0, Diff: 0, Sum: 0, Workers: 4
[2970.069s][debug][gc,phases      ] GC(155)     Total                          Min: 11104, Avg: 12200.0, Max: 13248, Diff: 2144, Sum: 48800, Workers: 4
[2970.069s][debug][gc,phases      ] GC(155)   ResolvedMethodTable Weak       Min:  0.0, Avg:  0.0, Max:  0.0, Diff:  0.0, Sum:  0.1, Workers: 4
[2970.069s][debug][gc,phases      ] GC(155)     Dead                           Min: 0, Avg:  0.0, Max: 0, Diff: 0, Sum: 0, Workers: 4
[2970.069s][debug][gc,phases      ] GC(155)     Total                          Min: 1984, Avg: 2128.0, Max: 2240, Diff: 256, Sum: 8512, Workers: 4
[2970.069s][debug][gc,phases      ] GC(155)   JNI Weak                       Min:  0.0, Avg:  0.0, Max:  0.0, Diff:  0.0, Sum:  0.0, Workers: 4
[2970.069s][debug][gc,phases      ] GC(155)     Dead                           Min: 0, Avg:  0.0, Max: 0, Diff: 0, Sum: 0, Workers: 4
[2970.069s][debug][gc,phases      ] GC(155)     Total                          Min: 0, Avg:  0.0, Max: 0, Diff: 0, Sum: 0, Workers: 4
[2970.069s][debug][gc,phases      ] GC(155)   StringDedup Table Weak         Min:  0.0, Avg:  0.0, Max:  0.0, Diff:  0.0, Sum:  0.0, Workers: 4
[2970.069s][debug][gc,phases      ] GC(155)     Dead                           Min: 0, Avg:  0.0, Max: 0, Diff: 0, Sum: 0, Workers: 4
[2970.069s][debug][gc,phases      ] GC(155)     Total                          Min: 0, Avg:  0.0, Max: 0, Diff: 0, Sum: 0, Workers: 4
[2970.069s][debug][gc,phases      ] GC(155)   StringDedup Requests0 Weak     Min:  0.0, Avg:  0.0, Max:  0.0, Diff:  0.0, Sum:  0.0, Workers: 4
[2970.069s][debug][gc,phases      ] GC(155)     Dead                           Min: 0, Avg:  0.0, Max: 0, Diff: 0, Sum: 0, Workers: 4
[2970.069s][debug][gc,phases      ] GC(155)     Total                          Min: 0, Avg:  0.0, Max: 0, Diff: 0, Sum: 0, Workers: 4
[2970.069s][debug][gc,phases      ] GC(155)   StringDedup Requests1 Weak     Min:  0.0, Avg:  0.0, Max:  0.0, Diff:  0.0, Sum:  0.0, Workers: 4
[2970.069s][debug][gc,phases      ] GC(155)     Dead                           Min: 0, Avg:  0.0, Max: 0, Diff: 0, Sum: 0, Workers: 4
[2970.069s][debug][gc,phases      ] GC(155)     Total                          Min: 0, Avg:  0.0, Max: 0, Diff: 0, Sum: 0, Workers: 4
[2970.069s][debug][gc,phases      ] GC(155)   Weak JFR Old Object Samples    Min:  0.0, Avg:  0.0, Max:  0.0, Diff:  0.0, Sum:  0.0, Workers: 4
[2970.069s][debug][gc,phases      ] GC(155)     Dead                           Min: 0, Avg:  0.0, Max: 0, Diff: 0, Sum: 0, Workers: 4
[2970.069s][debug][gc,phases      ] GC(155)     Total                          Min: 0, Avg:  0.0, Max: 0, Diff: 0, Sum: 0, Workers: 4
[2970.069s][debug][gc,phases      ] GC(155) Weak Processing 0.434ms
[2970.069s][debug][gc,age         ] GC(155) Desired survivor size 76546048 bytes, new threshold 15 (max threshold 15)
[2970.069s][info ][gc,heap        ] GC(155) PSYoungGen: 2021777K(2021888K)->49937K(2016768K) Eden: 1972224K(1972224K)->0K(1947648K) From: 49553K(49664K)->49937K(69120K)
[2970.069s][info ][gc,heap        ] GC(155) ParOldGen: 503041K(581120K)->503041K(581120K)
[2970.069s][info ][gc,metaspace   ] GC(155) Metaspace: 84805K(85696K)->84805K(85696K) NonClass: 73007K(73536K)->73007K(73536K) Class: 11797K(12160K)->11797K(12160K)
[2970.069s][info ][gc             ] GC(155) Pause Young (Allocation Failure) 2465M->540M(2537M) 13.690ms
[2970.069s][info ][gc,cpu         ] GC(155) User=0.06s Sys=0.00s Real=0.01s
[2970.069s][info ][safepoint      ] Safepoint "ParallelGCFailedAllocation", Time since last: 4576287332 ns, Reaching safepoint: 47403 ns, At safepoint: 13800931 ns, Total: 13848334 ns
[2979.070s][info ][safepoint      ] Safepoint "Cleanup", Time since last: 9000649693 ns, Reaching safepoint: 47203 ns, At safepoint: 6301 ns, Total: 53504 ns
[2996.071s][info ][safepoint      ] Safepoint "Cleanup", Time since last: 17001393189 ns, Reaching safepoint: 49303 ns, At safepoint: 9401 ns, Total: 58704 ns
[2997.071s][info ][safepoint      ] Safepoint "Cleanup", Time since last: 1000104069 ns, Reaching safepoint: 48104 ns, At safepoint: 2400 ns, Total: 50504 ns
[2998.071s][info ][safepoint      ] Safepoint "Cleanup", Time since last: 1000106453 ns, Reaching safepoint: 40603 ns, At safepoint: 9601 ns, Total: 50204 ns
[3000.072s][info ][safepoint      ] Safepoint "Cleanup", Time since last: 2000174157 ns, Reaching safepoint: 49404 ns, At safepoint: 3900 ns, Total: 53304 ns
[3001.072s][info ][safepoint      ] Safepoint "Cleanup", Time since last: 1000108807 ns, Reaching safepoint: 45103 ns, At safepoint: 2300 ns, Total: 47403 ns
[3004.072s][info ][safepoint      ] Safepoint "Cleanup", Time since last: 3000205119 ns, Reaching safepoint: 47903 ns, At safepoint: 9400 ns, Total: 57303 ns
[3005.072s][info ][safepoint      ] Safepoint "Cleanup", Time since last: 1000114545 ns, Reaching safepoint: 51704 ns, At safepoint: 2600 ns, Total: 54304 ns
[3020.865s][info ][gc,start       ] GC(156) Pause Young (Allocation Failure)
[3020.877s][debug][gc,phases      ] GC(156) Scavenge 11.732ms
[3020.877s][debug][gc,ref         ] GC(156) Skipped phase 1 of Reference Processing: no references
[3020.877s][debug][gc,ref         ] GC(156) ReferenceProcessor::execute queues: 1, RefProcThreadModel::Single, marks_oops_alive: false
[3020.877s][debug][gc,ref         ] GC(156) Skipped phase 3 of Reference Processing: no references
[3020.877s][debug][gc,ref         ] GC(156) ReferenceProcessor::execute queues: 1, RefProcThreadModel::Single, marks_oops_alive: false
[3020.877s][debug][gc,phases      ] GC(156) Reference Processing 0.130ms
[3020.878s][debug][gc,phases      ] GC(156)   VM Weak                        Min:  0.0, Avg:  0.0, Max:  0.0, Diff:  0.0, Sum:  0.0, Workers: 4
[3020.878s][debug][gc,phases      ] GC(156)     Dead                           Min: 0, Avg:  0.0, Max: 0, Diff: 0, Sum: 0, Workers: 4
[3020.878s][debug][gc,phases      ] GC(156)     Total                          Min: 0, Avg: 185.2, Max: 421, Diff: 421, Sum: 741, Workers: 4
[3020.878s][debug][gc,phases      ] GC(156)   ObjectSynchronizer Weak        Min:  0.0, Avg:  0.0, Max:  0.0, Diff:  0.0, Sum:  0.0, Workers: 4
[3020.878s][debug][gc,phases      ] GC(156)     Dead                           Min: 0, Avg:  0.0, Max: 0, Diff: 0, Sum: 0, Workers: 4
[3020.878s][debug][gc,phases      ] GC(156)     Total                          Min: 0, Avg: 73.8, Max: 128, Diff: 128, Sum: 295, Workers: 4
[3020.878s][debug][gc,phases      ] GC(156)   JVMTI Tag Weak OopStorage      Min:  0.0, Avg:  0.0, Max:  0.0, Diff:  0.0, Sum:  0.0, Workers: 4
[3020.878s][debug][gc,phases      ] GC(156)     Dead                           Min: 0, Avg:  0.0, Max: 0, Diff: 0, Sum: 0, Workers: 4
[3020.878s][debug][gc,phases      ] GC(156)     Total                          Min: 0, Avg:  0.0, Max: 0, Diff: 0, Sum: 0, Workers: 4
[3020.878s][debug][gc,phases      ] GC(156)   StringTable Weak               Min:  0.1, Avg:  0.1, Max:  0.1, Diff:  0.0, Sum:  0.5, Workers: 4
[3020.878s][debug][gc,phases      ] GC(156)     Dead                           Min: 0, Avg:  0.0, Max: 0, Diff: 0, Sum: 0, Workers: 4
[3020.878s][debug][gc,phases      ] GC(156)     Total                          Min: 11264, Avg: 12200.2, Max: 12992, Diff: 1728, Sum: 48801, Workers: 4
[3020.878s][debug][gc,phases      ] GC(156)   ResolvedMethodTable Weak       Min:  0.0, Avg:  0.0, Max:  0.0, Diff:  0.0, Sum:  0.1, Workers: 4
[3020.878s][debug][gc,phases      ] GC(156)     Dead                           Min: 0, Avg:  0.0, Max: 0, Diff: 0, Sum: 0, Workers: 4
[3020.878s][debug][gc,phases      ] GC(156)     Total                          Min: 1984, Avg: 2128.0, Max: 2368, Diff: 384, Sum: 8512, Workers: 4
[3020.878s][debug][gc,phases      ] GC(156)   JNI Weak                       Min:  0.0, Avg:  0.0, Max:  0.0, Diff:  0.0, Sum:  0.0, Workers: 4
[3020.878s][debug][gc,phases      ] GC(156)     Dead                           Min: 0, Avg:  0.0, Max: 0, Diff: 0, Sum: 0, Workers: 4
[3020.878s][debug][gc,phases      ] GC(156)     Total                          Min: 0, Avg:  0.0, Max: 0, Diff: 0, Sum: 0, Workers: 4
[3020.878s][debug][gc,phases      ] GC(156)   StringDedup Table Weak         Min:  0.0, Avg:  0.0, Max:  0.0, Diff:  0.0, Sum:  0.0, Workers: 4
[3020.878s][debug][gc,phases      ] GC(156)     Dead                           Min: 0, Avg:  0.0, Max: 0, Diff: 0, Sum: 0, Workers: 4
[3020.878s][debug][gc,phases      ] GC(156)     Total                          Min: 0, Avg:  0.0, Max: 0, Diff: 0, Sum: 0, Workers: 4
[3020.878s][debug][gc,phases      ] GC(156)   StringDedup Requests0 Weak     Min:  0.0, Avg:  0.0, Max:  0.0, Diff:  0.0, Sum:  0.0, Workers: 4
[3020.878s][debug][gc,phases      ] GC(156)     Dead                           Min: 0, Avg:  0.0, Max: 0, Diff: 0, Sum: 0, Workers: 4
[3020.878s][debug][gc,phases      ] GC(156)     Total                          Min: 0, Avg:  0.0, Max: 0, Diff: 0, Sum: 0, Workers: 4
[3020.878s][debug][gc,phases      ] GC(156)   StringDedup Requests1 Weak     Min:  0.0, Avg:  0.0, Max:  0.0, Diff:  0.0, Sum:  0.0, Workers: 4
[3020.878s][debug][gc,phases      ] GC(156)     Dead                           Min: 0, Avg:  0.0, Max: 0, Diff: 0, Sum: 0, Workers: 4
[3020.878s][debug][gc,phases      ] GC(156)     Total                          Min: 0, Avg:  0.0, Max: 0, Diff: 0, Sum: 0, Workers: 4
[3020.878s][debug][gc,phases      ] GC(156)   Weak JFR Old Object Samples    Min:  0.0, Avg:  0.0, Max:  0.0, Diff:  0.0, Sum:  0.0, Workers: 4
[3020.878s][debug][gc,phases      ] GC(156)     Dead                           Min: 0, Avg:  0.0, Max: 0, Diff: 0, Sum: 0, Workers: 4
[3020.878s][debug][gc,phases      ] GC(156)     Total                          Min: 0, Avg:  0.0, Max: 0, Diff: 0, Sum: 0, Workers: 4
[3020.878s][debug][gc,phases      ] GC(156) Weak Processing 0.360ms
[3020.878s][debug][gc,age         ] GC(156) Desired survivor size 81264640 bytes, new threshold 15 (max threshold 15)
[3020.878s][info ][gc,heap        ] GC(156) PSYoungGen: 1997447K(2016768K)->50097K(1997824K) Eden: 1947510K(1947648K)->0K(1947648K) From: 49937K(69120K)->50097K(50176K)
[3020.878s][info ][gc,heap        ] GC(156) ParOldGen: 503041K(581120K)->503073K(581120K)
[3020.878s][info ][gc,metaspace   ] GC(156) Metaspace: 84807K(85696K)->84807K(85696K) NonClass: 73010K(73536K)->73010K(73536K) Class: 11797K(12160K)->11797K(12160K)
[3020.878s][info ][gc             ] GC(156) Pause Young (Allocation Failure) 2441M->540M(2518M) 12.360ms
[3020.878s][info ][gc,cpu         ] GC(156) User=0.06s Sys=0.00s Real=0.01s
[3020.878s][info ][safepoint      ] Safepoint "ParallelGCFailedAllocation", Time since last: 15793312125 ns, Reaching safepoint: 34003 ns, At safepoint: 12446030 ns, Total: 12480033 ns
[3021.878s][info ][safepoint      ] Safepoint "Cleanup", Time since last: 1000080786 ns, Reaching safepoint: 43503 ns, At safepoint: 2200 ns, Total: 45703 ns
[3029.879s][info ][safepoint      ] Safepoint "Cleanup", Time since last: 8000545945 ns, Reaching safepoint: 47303 ns, At safepoint: 5201 ns, Total: 52504 ns
[3031.879s][info ][safepoint      ] Safepoint "Cleanup", Time since last: 2000176091 ns, Reaching safepoint: 52503 ns, At safepoint: 3200 ns, Total: 55703 ns
[3032.879s][info ][safepoint      ] Safepoint "Cleanup", Time since last: 1000121926 ns, Reaching safepoint: 55604 ns, At safepoint: 7800 ns, Total: 63404 ns
[3033.879s][info ][safepoint      ] Safepoint "Cleanup", Time since last: 1000112710 ns, Reaching safepoint: 61804 ns, At safepoint: 9901 ns, Total: 71705 ns
[3034.879s][info ][safepoint      ] Safepoint "Cleanup", Time since last: 1000110396 ns, Reaching safepoint: 49903 ns, At safepoint: 6400 ns, Total: 56303 ns
[3038.880s][info ][safepoint      ] Safepoint "Cleanup", Time since last: 4000310928 ns, Reaching safepoint: 129908 ns, At safepoint: 9601 ns, Total: 139509 ns
[3055.904s][info ][safepoint      ] Safepoint "Cleanup", Time since last: 17024198612 ns, Reaching safepoint: 130909 ns, At safepoint: 10000 ns, Total: 140909 ns
[3062.905s][info ][safepoint      ] Safepoint "Cleanup", Time since last: 7000549153 ns, Reaching safepoint: 119307 ns, At safepoint: 5301 ns, Total: 124608 ns
[3072.643s][info ][gc,start       ] GC(157) Pause Young (Allocation Failure)
[3072.655s][debug][gc,phases      ] GC(157) Scavenge 11.881ms
[3072.655s][debug][gc,ref         ] GC(157) Skipped phase 1 of Reference Processing: no references
[3072.655s][debug][gc,ref         ] GC(157) ReferenceProcessor::execute queues: 1, RefProcThreadModel::Single, marks_oops_alive: false
[3072.655s][debug][gc,ref         ] GC(157) Skipped phase 3 of Reference Processing: no references
[3072.655s][debug][gc,ref         ] GC(157) ReferenceProcessor::execute queues: 1, RefProcThreadModel::Single, marks_oops_alive: false
[3072.655s][debug][gc,phases      ] GC(157) Reference Processing 0.148ms
[3072.655s][debug][gc,phases      ] GC(157)   VM Weak                        Min:  0.0, Avg:  0.0, Max:  0.0, Diff:  0.0, Sum:  0.0, Workers: 4
[3072.655s][debug][gc,phases      ] GC(157)     Dead                           Min: 0, Avg:  0.0, Max: 0, Diff: 0, Sum: 0, Workers: 4
[3072.655s][debug][gc,phases      ] GC(157)     Total                          Min: 0, Avg: 185.2, Max: 576, Diff: 576, Sum: 741, Workers: 4
[3072.655s][debug][gc,phases      ] GC(157)   ObjectSynchronizer Weak        Min:  0.0, Avg:  0.0, Max:  0.0, Diff:  0.0, Sum:  0.0, Workers: 4
[3072.655s][debug][gc,phases      ] GC(157)     Dead                           Min: 0, Avg:  0.0, Max: 0, Diff: 0, Sum: 0, Workers: 4
[3072.655s][debug][gc,phases      ] GC(157)     Total                          Min: 0, Avg: 73.8, Max: 167, Diff: 167, Sum: 295, Workers: 4
[3072.655s][debug][gc,phases      ] GC(157)   JVMTI Tag Weak OopStorage      Min:  0.0, Avg:  0.0, Max:  0.0, Diff:  0.0, Sum:  0.0, Workers: 4
[3072.655s][debug][gc,phases      ] GC(157)     Dead                           Min: 0, Avg:  0.0, Max: 0, Diff: 0, Sum: 0, Workers: 4
[3072.655s][debug][gc,phases      ] GC(157)     Total                          Min: 0, Avg:  0.0, Max: 0, Diff: 0, Sum: 0, Workers: 4
[3072.655s][debug][gc,phases      ] GC(157)   StringTable Weak               Min:  0.1, Avg:  0.1, Max:  0.1, Diff:  0.0, Sum:  0.5, Workers: 4
[3072.655s][debug][gc,phases      ] GC(157)     Dead                           Min: 0, Avg:  0.0, Max: 0, Diff: 0, Sum: 0, Workers: 4
[3072.655s][debug][gc,phases      ] GC(157)     Total                          Min: 11072, Avg: 12201.8, Max: 13607, Diff: 2535, Sum: 48807, Workers: 4
[3072.655s][debug][gc,phases      ] GC(157)   ResolvedMethodTable Weak       Min:  0.0, Avg:  0.0, Max:  0.0, Diff:  0.0, Sum:  0.1, Workers: 4
[3072.655s][debug][gc,phases      ] GC(157)     Dead                           Min: 0, Avg:  0.0, Max: 0, Diff: 0, Sum: 0, Workers: 4
[3072.655s][debug][gc,phases      ] GC(157)     Total                          Min: 2048, Avg: 2128.0, Max: 2240, Diff: 192, Sum: 8512, Workers: 4
[3072.655s][debug][gc,phases      ] GC(157)   JNI Weak                       Min:  0.0, Avg:  0.0, Max:  0.0, Diff:  0.0, Sum:  0.0, Workers: 4
[3072.655s][debug][gc,phases      ] GC(157)     Dead                           Min: 0, Avg:  0.0, Max: 0, Diff: 0, Sum: 0, Workers: 4
[3072.655s][debug][gc,phases      ] GC(157)     Total                          Min: 0, Avg:  0.0, Max: 0, Diff: 0, Sum: 0, Workers: 4
[3072.655s][debug][gc,phases      ] GC(157)   StringDedup Table Weak         Min:  0.0, Avg:  0.0, Max:  0.0, Diff:  0.0, Sum:  0.0, Workers: 4
[3072.655s][debug][gc,phases      ] GC(157)     Dead                           Min: 0, Avg:  0.0, Max: 0, Diff: 0, Sum: 0, Workers: 4
[3072.655s][debug][gc,phases      ] GC(157)     Total                          Min: 0, Avg:  0.0, Max: 0, Diff: 0, Sum: 0, Workers: 4
[3072.655s][debug][gc,phases      ] GC(157)   StringDedup Requests0 Weak     Min:  0.0, Avg:  0.0, Max:  0.0, Diff:  0.0, Sum:  0.0, Workers: 4
[3072.655s][debug][gc,phases      ] GC(157)     Dead                           Min: 0, Avg:  0.0, Max: 0, Diff: 0, Sum: 0, Workers: 4
[3072.655s][debug][gc,phases      ] GC(157)     Total                          Min: 0, Avg:  0.0, Max: 0, Diff: 0, Sum: 0, Workers: 4
[3072.655s][debug][gc,phases      ] GC(157)   StringDedup Requests1 Weak     Min:  0.0, Avg:  0.0, Max:  0.0, Diff:  0.0, Sum:  0.0, Workers: 4
[3072.655s][debug][gc,phases      ] GC(157)     Dead                           Min: 0, Avg:  0.0, Max: 0, Diff: 0, Sum: 0, Workers: 4
[3072.655s][debug][gc,phases      ] GC(157)     Total                          Min: 0, Avg:  0.0, Max: 0, Diff: 0, Sum: 0, Workers: 4
[3072.655s][debug][gc,phases      ] GC(157)   Weak JFR Old Object Samples    Min:  0.0, Avg:  0.0, Max:  0.0, Diff:  0.0, Sum:  0.0, Workers: 4
[3072.655s][debug][gc,phases      ] GC(157)     Dead                           Min: 0, Avg:  0.0, Max: 0, Diff: 0, Sum: 0, Workers: 4
[3072.655s][debug][gc,phases      ] GC(157)     Total                          Min: 0, Avg:  0.0, Max: 0, Diff: 0, Sum: 0, Workers: 4
[3072.655s][debug][gc,phases      ] GC(157) Weak Processing 0.396ms
[3072.655s][debug][gc,age         ] GC(157) Desired survivor size 84410368 bytes, new threshold 15 (max threshold 15)
[3072.655s][info ][gc,heap        ] GC(157) PSYoungGen: 1997745K(1997824K)->50145K(2011648K) Eden: 1947648K(1947648K)->0K(1932288K) From: 50097K(50176K)->50145K(79360K)
[3072.655s][info ][gc,heap        ] GC(157) ParOldGen: 503073K(581120K)->503097K(581120K)
[3072.655s][info ][gc,metaspace   ] GC(157) Metaspace: 84844K(85696K)->84844K(85696K) NonClass: 73047K(73536K)->73047K(73536K) Class: 11797K(12160K)->11797K(12160K)
[3072.655s][info ][gc             ] GC(157) Pause Young (Allocation Failure) 2442M->540M(2532M) 12.598ms
[3072.655s][info ][gc,cpu         ] GC(157) User=0.04s Sys=0.00s Real=0.02s
[3072.655s][info ][safepoint      ] Safepoint "ParallelGCFailedAllocation", Time since last: 9737584930 ns, Reaching safepoint: 56604 ns, At safepoint: 12721639 ns, Total: 12778243 ns
[3089.657s][info ][safepoint      ] Safepoint "Cleanup", Time since last: 17001227566 ns, Reaching safepoint: 112707 ns, At safepoint: 10401 ns, Total: 123108 ns
[3103.658s][info ][safepoint      ] Safepoint "Cleanup", Time since last: 14000914186 ns, Reaching safepoint: 118208 ns, At safepoint: 5000 ns, Total: 123208 ns
[3104.658s][info ][safepoint      ] Safepoint "Cleanup", Time since last: 1000114041 ns, Reaching safepoint: 109208 ns, At safepoint: 5400 ns, Total: 114608 ns
[3124.178s][info ][gc,start       ] GC(158) Pause Young (Allocation Failure)
[3124.189s][debug][gc,phases      ] GC(158) Scavenge 11.489ms
[3124.189s][debug][gc,ref         ] GC(158) Skipped phase 1 of Reference Processing: no references
[3124.189s][debug][gc,ref         ] GC(158) ReferenceProcessor::execute queues: 1, RefProcThreadModel::Single, marks_oops_alive: false
[3124.189s][debug][gc,ref         ] GC(158) Skipped phase 3 of Reference Processing: no references
[3124.189s][debug][gc,ref         ] GC(158) ReferenceProcessor::execute queues: 1, RefProcThreadModel::Single, marks_oops_alive: false
[3124.189s][debug][gc,phases      ] GC(158) Reference Processing 0.117ms
[3124.189s][debug][gc,phases      ] GC(158)   VM Weak                        Min:  0.0, Avg:  0.0, Max:  0.0, Diff:  0.0, Sum:  0.0, Workers: 4
[3124.189s][debug][gc,phases      ] GC(158)     Dead                           Min: 0, Avg:  0.0, Max: 0, Diff: 0, Sum: 0, Workers: 4
[3124.189s][debug][gc,phases      ] GC(158)     Total                          Min: 0, Avg: 185.2, Max: 741, Diff: 741, Sum: 741, Workers: 4
[3124.189s][debug][gc,phases      ] GC(158)   ObjectSynchronizer Weak        Min:  0.0, Avg:  0.0, Max:  0.0, Diff:  0.0, Sum:  0.0, Workers: 4
[3124.189s][debug][gc,phases      ] GC(158)     Dead                           Min: 0, Avg:  0.0, Max: 0, Diff: 0, Sum: 0, Workers: 4
[3124.189s][debug][gc,phases      ] GC(158)     Total                          Min: 0, Avg: 73.8, Max: 128, Diff: 128, Sum: 295, Workers: 4
[3124.189s][debug][gc,phases      ] GC(158)   JVMTI Tag Weak OopStorage      Min:  0.0, Avg:  0.0, Max:  0.0, Diff:  0.0, Sum:  0.0, Workers: 4
[3124.190s][debug][gc,phases      ] GC(158)     Dead                           Min: 0, Avg:  0.0, Max: 0, Diff: 0, Sum: 0, Workers: 4
[3124.190s][debug][gc,phases      ] GC(158)     Total                          Min: 0, Avg:  0.0, Max: 0, Diff: 0, Sum: 0, Workers: 4
[3124.190s][debug][gc,phases      ] GC(158)   StringTable Weak               Min:  0.1, Avg:  0.1, Max:  0.1, Diff:  0.0, Sum:  0.5, Workers: 4
[3124.190s][debug][gc,phases      ] GC(158)     Dead                           Min: 0, Avg:  0.0, Max: 0, Diff: 0, Sum: 0, Workers: 4
[3124.190s][debug][gc,phases      ] GC(158)     Total                          Min: 11584, Avg: 12202.5, Max: 12906, Diff: 1322, Sum: 48810, Workers: 4
[3124.190s][debug][gc,phases      ] GC(158)   ResolvedMethodTable Weak       Min:  0.0, Avg:  0.0, Max:  0.0, Diff:  0.0, Sum:  0.1, Workers: 4
[3124.190s][debug][gc,phases      ] GC(158)     Dead                           Min: 0, Avg:  0.0, Max: 0, Diff: 0, Sum: 0, Workers: 4
[3124.190s][debug][gc,phases      ] GC(158)     Total                          Min: 1856, Avg: 2130.2, Max: 2377, Diff: 521, Sum: 8521, Workers: 4
[3124.190s][debug][gc,phases      ] GC(158)   JNI Weak                       Min:  0.0, Avg:  0.0, Max:  0.0, Diff:  0.0, Sum:  0.0, Workers: 4
[3124.190s][debug][gc,phases      ] GC(158)     Dead                           Min: 0, Avg:  0.0, Max: 0, Diff: 0, Sum: 0, Workers: 4
[3124.190s][debug][gc,phases      ] GC(158)     Total                          Min: 0, Avg:  0.0, Max: 0, Diff: 0, Sum: 0, Workers: 4
[3124.190s][debug][gc,phases      ] GC(158)   StringDedup Table Weak         Min:  0.0, Avg:  0.0, Max:  0.0, Diff:  0.0, Sum:  0.0, Workers: 4
[3124.190s][debug][gc,phases      ] GC(158)     Dead                           Min: 0, Avg:  0.0, Max: 0, Diff: 0, Sum: 0, Workers: 4
[3124.190s][debug][gc,phases      ] GC(158)     Total                          Min: 0, Avg:  0.0, Max: 0, Diff: 0, Sum: 0, Workers: 4
[3124.190s][debug][gc,phases      ] GC(158)   StringDedup Requests0 Weak     Min:  0.0, Avg:  0.0, Max:  0.0, Diff:  0.0, Sum:  0.0, Workers: 4
[3124.190s][debug][gc,phases      ] GC(158)     Dead                           Min: 0, Avg:  0.0, Max: 0, Diff: 0, Sum: 0, Workers: 4
[3124.190s][debug][gc,phases      ] GC(158)     Total                          Min: 0, Avg:  0.0, Max: 0, Diff: 0, Sum: 0, Workers: 4
[3124.190s][debug][gc,phases      ] GC(158)   StringDedup Requests1 Weak     Min:  0.0, Avg:  0.0, Max:  0.0, Diff:  0.0, Sum:  0.0, Workers: 4
[3124.190s][debug][gc,phases      ] GC(158)     Dead                           Min: 0, Avg:  0.0, Max: 0, Diff: 0, Sum: 0, Workers: 4
[3124.190s][debug][gc,phases      ] GC(158)     Total                          Min: 0, Avg:  0.0, Max: 0, Diff: 0, Sum: 0, Workers: 4
[3124.190s][debug][gc,phases      ] GC(158)   Weak JFR Old Object Samples    Min:  0.0, Avg:  0.0, Max:  0.0, Diff:  0.0, Sum:  0.0, Workers: 4
[3124.190s][debug][gc,phases      ] GC(158)     Dead                           Min: 0, Avg:  0.0, Max: 0, Diff: 0, Sum: 0, Workers: 4
[3124.190s][debug][gc,phases      ] GC(158)     Total                          Min: 0, Avg:  0.0, Max: 0, Diff: 0, Sum: 0, Workers: 4
[3124.190s][debug][gc,phases      ] GC(158) Weak Processing 0.337ms
[3124.190s][debug][gc,age         ] GC(158) Desired survivor size 87031808 bytes, new threshold 15 (max threshold 15)
[3124.190s][info ][gc,heap        ] GC(158) PSYoungGen: 1982433K(2011648K)->50321K(1982976K) Eden: 1932288K(1932288K)->0K(1932288K) From: 50145K(79360K)->50321K(50688K)
[3124.190s][info ][gc,heap        ] GC(158) ParOldGen: 503097K(581120K)->503121K(581120K)
[3124.190s][info ][gc,metaspace   ] GC(158) Metaspace: 84861K(85760K)->84861K(85760K) NonClass: 73060K(73536K)->73060K(73536K) Class: 11800K(12224K)->11800K(12224K)
[3124.190s][info ][gc             ] GC(158) Pause Young (Allocation Failure) 2427M->540M(2504M) 12.090ms
[3124.190s][info ][gc,cpu         ] GC(158) User=0.04s Sys=0.00s Real=0.01s
[3124.190s][info ][safepoint      ] Safepoint "ParallelGCFailedAllocation", Time since last: 19519648771 ns, Reaching safepoint: 28502 ns, At safepoint: 12189596 ns, Total: 12218098 ns
[3139.191s][info ][safepoint      ] Safepoint "Cleanup", Time since last: 15001067747 ns, Reaching safepoint: 48804 ns, At safepoint: 7800 ns, Total: 56604 ns
[3142.191s][info ][safepoint      ] Safepoint "Cleanup", Time since last: 3000259168 ns, Reaching safepoint: 70205 ns, At safepoint: 7400 ns, Total: 77605 ns
[3143.191s][info ][safepoint      ] Safepoint "Cleanup", Time since last: 1000116168 ns, Reaching safepoint: 60304 ns, At safepoint: 6200 ns, Total: 66504 ns
[3145.192s][info ][safepoint      ] Safepoint "Cleanup", Time since last: 2000193797 ns, Reaching safepoint: 57604 ns, At safepoint: 10100 ns, Total: 67704 ns
[3151.192s][info ][safepoint      ] Safepoint "Cleanup", Time since last: 6000453601 ns, Reaching safepoint: 71505 ns, At safepoint: 10401 ns, Total: 81906 ns
[3155.193s][info ][safepoint      ] Safepoint "Cleanup", Time since last: 4000350970 ns, Reaching safepoint: 56404 ns, At safepoint: 5700 ns, Total: 62104 ns
[3157.193s][info ][safepoint      ] Safepoint "Cleanup", Time since last: 2000190517 ns, Reaching safepoint: 59004 ns, At safepoint: 3600 ns, Total: 62604 ns
[3160.193s][info ][safepoint      ] Safepoint "Cleanup", Time since last: 3000226935 ns, Reaching safepoint: 54804 ns, At safepoint: 9600 ns, Total: 64404 ns
[3164.194s][info ][safepoint      ] Safepoint "Cleanup", Time since last: 4000328656 ns, Reaching safepoint: 70004 ns, At safepoint: 7901 ns, Total: 77905 ns
[3165.194s][info ][safepoint      ] Safepoint "Cleanup", Time since last: 1000130313 ns, Reaching safepoint: 64304 ns, At safepoint: 2900 ns, Total: 67204 ns
[3168.194s][info ][safepoint      ] Safepoint "Cleanup", Time since last: 3000269865 ns, Reaching safepoint: 56204 ns, At safepoint: 2600 ns, Total: 58804 ns
[3170.194s][info ][safepoint      ] Safepoint "Cleanup", Time since last: 2000186120 ns, Reaching safepoint: 57504 ns, At safepoint: 7800 ns, Total: 65304 ns
[3171.195s][info ][safepoint      ] Safepoint "Cleanup", Time since last: 1000133546 ns, Reaching safepoint: 118508 ns, At safepoint: 10101 ns, Total: 128609 ns
[3173.195s][info ][safepoint      ] Safepoint "Cleanup", Time since last: 2000166551 ns, Reaching safepoint: 49904 ns, At safepoint: 3400 ns, Total: 53304 ns
[3174.195s][info ][safepoint      ] Safepoint "Cleanup", Time since last: 1000103410 ns, Reaching safepoint: 56904 ns, At safepoint: 5800 ns, Total: 62704 ns
[3175.195s][info ][safepoint      ] Safepoint "Cleanup", Time since last: 1000116001 ns, Reaching safepoint: 67704 ns, At safepoint: 3900 ns, Total: 71604 ns
[3177.803s][info ][gc,start       ] GC(159) Pause Young (Allocation Failure)
[3177.814s][debug][gc,phases      ] GC(159) Scavenge 11.337ms
[3177.814s][debug][gc,ref         ] GC(159) Skipped phase 1 of Reference Processing: no references
[3177.814s][debug][gc,ref         ] GC(159) ReferenceProcessor::execute queues: 1, RefProcThreadModel::Single, marks_oops_alive: false
[3177.814s][debug][gc,ref         ] GC(159) Skipped phase 3 of Reference Processing: no references
[3177.814s][debug][gc,ref         ] GC(159) ReferenceProcessor::execute queues: 1, RefProcThreadModel::Single, marks_oops_alive: false
[3177.814s][debug][gc,phases      ] GC(159) Reference Processing 0.137ms
[3177.815s][debug][gc,phases      ] GC(159)   VM Weak                        Min:  0.0, Avg:  0.0, Max:  0.0, Diff:  0.0, Sum:  0.0, Workers: 4
[3177.815s][debug][gc,phases      ] GC(159)     Dead                           Min: 0, Avg:  0.0, Max: 0, Diff: 0, Sum: 0, Workers: 4
[3177.815s][debug][gc,phases      ] GC(159)     Total                          Min: 0, Avg: 185.2, Max: 640, Diff: 640, Sum: 741, Workers: 4
[3177.815s][debug][gc,phases      ] GC(159)   ObjectSynchronizer Weak        Min:  0.0, Avg:  0.0, Max:  0.0, Diff:  0.0, Sum:  0.0, Workers: 4
[3177.815s][debug][gc,phases      ] GC(159)     Dead                           Min: 0, Avg:  0.0, Max: 0, Diff: 0, Sum: 0, Workers: 4
[3177.815s][debug][gc,phases      ] GC(159)     Total                          Min: 39, Avg: 73.8, Max: 128, Diff: 89, Sum: 295, Workers: 4
[3177.815s][debug][gc,phases      ] GC(159)   JVMTI Tag Weak OopStorage      Min:  0.0, Avg:  0.0, Max:  0.0, Diff:  0.0, Sum:  0.0, Workers: 4
[3177.815s][debug][gc,phases      ] GC(159)     Dead                           Min: 0, Avg:  0.0, Max: 0, Diff: 0, Sum: 0, Workers: 4
[3177.815s][debug][gc,phases      ] GC(159)     Total                          Min: 0, Avg:  0.0, Max: 0, Diff: 0, Sum: 0, Workers: 4
[3177.815s][debug][gc,phases      ] GC(159)   StringTable Weak               Min:  0.1, Avg:  0.1, Max:  0.1, Diff:  0.0, Sum:  0.6, Workers: 4
[3177.815s][debug][gc,phases      ] GC(159)     Dead                           Min: 0, Avg:  0.0, Max: 0, Diff: 0, Sum: 0, Workers: 4
[3177.815s][debug][gc,phases      ] GC(159)     Total                          Min: 10876, Avg: 12207.0, Max: 14848, Diff: 3972, Sum: 48828, Workers: 4
[3177.815s][debug][gc,phases      ] GC(159)   ResolvedMethodTable Weak       Min:  0.0, Avg:  0.0, Max:  0.0, Diff:  0.0, Sum:  0.1, Workers: 4
[3177.815s][debug][gc,phases      ] GC(159)     Dead                           Min: 0, Avg:  0.0, Max: 0, Diff: 0, Sum: 0, Workers: 4
[3177.815s][debug][gc,phases      ] GC(159)     Total                          Min: 1984, Avg: 2135.2, Max: 2368, Diff: 384, Sum: 8541, Workers: 4
[3177.815s][debug][gc,phases      ] GC(159)   JNI Weak                       Min:  0.0, Avg:  0.0, Max:  0.0, Diff:  0.0, Sum:  0.0, Workers: 4
[3177.815s][debug][gc,phases      ] GC(159)     Dead                           Min: 0, Avg:  0.0, Max: 0, Diff: 0, Sum: 0, Workers: 4
[3177.815s][debug][gc,phases      ] GC(159)     Total                          Min: 0, Avg:  0.0, Max: 0, Diff: 0, Sum: 0, Workers: 4
[3177.815s][debug][gc,phases      ] GC(159)   StringDedup Table Weak         Min:  0.0, Avg:  0.0, Max:  0.0, Diff:  0.0, Sum:  0.0, Workers: 4
[3177.815s][debug][gc,phases      ] GC(159)     Dead                           Min: 0, Avg:  0.0, Max: 0, Diff: 0, Sum: 0, Workers: 4
[3177.815s][debug][gc,phases      ] GC(159)     Total                          Min: 0, Avg:  0.0, Max: 0, Diff: 0, Sum: 0, Workers: 4
[3177.815s][debug][gc,phases      ] GC(159)   StringDedup Requests0 Weak     Min:  0.0, Avg:  0.0, Max:  0.0, Diff:  0.0, Sum:  0.0, Workers: 4
[3177.815s][debug][gc,phases      ] GC(159)     Dead                           Min: 0, Avg:  0.0, Max: 0, Diff: 0, Sum: 0, Workers: 4
[3177.815s][debug][gc,phases      ] GC(159)     Total                          Min: 0, Avg:  0.0, Max: 0, Diff: 0, Sum: 0, Workers: 4
[3177.815s][debug][gc,phases      ] GC(159)   StringDedup Requests1 Weak     Min:  0.0, Avg:  0.0, Max:  0.0, Diff:  0.0, Sum:  0.0, Workers: 4
[3177.815s][debug][gc,phases      ] GC(159)     Dead                           Min: 0, Avg:  0.0, Max: 0, Diff: 0, Sum: 0, Workers: 4
[3177.815s][debug][gc,phases      ] GC(159)     Total                          Min: 0, Avg:  0.0, Max: 0, Diff: 0, Sum: 0, Workers: 4
[3177.815s][debug][gc,phases      ] GC(159)   Weak JFR Old Object Samples    Min:  0.0, Avg:  0.0, Max:  0.0, Diff:  0.0, Sum:  0.0, Workers: 4
[3177.815s][debug][gc,phases      ] GC(159)     Dead                           Min: 0, Avg:  0.0, Max: 0, Diff: 0, Sum: 0, Workers: 4
[3177.815s][debug][gc,phases      ] GC(159)     Total                          Min: 0, Avg:  0.0, Max: 0, Diff: 0, Sum: 0, Workers: 4
[3177.815s][debug][gc,phases      ] GC(159) Weak Processing 0.384ms
[3177.815s][debug][gc,age         ] GC(159) Desired survivor size 87556096 bytes, new threshold 15 (max threshold 15)
[3177.815s][info ][gc,heap        ] GC(159) PSYoungGen: 1982609K(1982976K)->47841K(2011136K) Eden: 1932288K(1932288K)->0K(1926144K) From: 50321K(50688K)->47841K(84992K)
[3177.815s][info ][gc,heap        ] GC(159) ParOldGen: 503121K(581120K)->503201K(581120K)
[3177.815s][info ][gc,metaspace   ] GC(159) Metaspace: 84910K(85824K)->84910K(85824K) NonClass: 73100K(73600K)->73100K(73600K) Class: 11809K(12224K)->11809K(12224K)
[3177.815s][info ][gc             ] GC(159) Pause Young (Allocation Failure) 2427M->538M(2531M) 12.013ms
[3177.815s][info ][gc,cpu         ] GC(159) User=0.04s Sys=0.00s Real=0.02s
[3177.815s][info ][safepoint      ] Safepoint "ParallelGCFailedAllocation", Time since last: 2607682346 ns, Reaching safepoint: 60004 ns, At safepoint: 12107683 ns, Total: 12167687 ns
[3185.816s][info ][safepoint      ] Safepoint "Cleanup", Time since last: 8000528347 ns, Reaching safepoint: 67605 ns, At safepoint: 6200 ns, Total: 73805 ns
[3187.816s][info ][safepoint      ] Safepoint "Cleanup", Time since last: 2000141328 ns, Reaching safepoint: 50503 ns, At safepoint: 6301 ns, Total: 56804 ns
[3188.816s][info ][safepoint      ] Safepoint "Cleanup", Time since last: 1000109550 ns, Reaching safepoint: 46103 ns, At safepoint: 3200 ns, Total: 49303 ns
[3189.816s][info ][safepoint      ] Safepoint "Cleanup", Time since last: 1000107940 ns, Reaching safepoint: 43903 ns, At safepoint: 8400 ns, Total: 52303 ns
[3190.816s][info ][safepoint      ] Safepoint "Cleanup", Time since last: 1000110029 ns, Reaching safepoint: 50603 ns, At safepoint: 6600 ns, Total: 57203 ns
[3192.816s][info ][safepoint      ] Safepoint "Cleanup", Time since last: 2000152021 ns, Reaching safepoint: 42503 ns, At safepoint: 2700 ns, Total: 45203 ns
[3193.817s][info ][safepoint      ] Safepoint "Cleanup", Time since last: 1000104296 ns, Reaching safepoint: 42203 ns, At safepoint: 8400 ns, Total: 50603 ns
[3198.817s][info ][safepoint      ] Safepoint "Cleanup", Time since last: 5000363310 ns, Reaching safepoint: 65904 ns, At safepoint: 10301 ns, Total: 76205 ns
[3205.818s][info ][safepoint      ] Safepoint "Cleanup", Time since last: 7000925916 ns, Reaching safepoint: 43803 ns, At safepoint: 2700 ns, Total: 46503 ns
[3207.818s][info ][safepoint      ] Safepoint "Cleanup", Time since last: 2000150502 ns, Reaching safepoint: 47103 ns, At safepoint: 2100 ns, Total: 49203 ns
[3211.819s][info ][safepoint      ] Safepoint "Cleanup", Time since last: 4000266178 ns, Reaching safepoint: 49404 ns, At safepoint: 7000 ns, Total: 56404 ns
[3213.819s][info ][safepoint      ] Safepoint "Cleanup", Time since last: 2000183080 ns, Reaching safepoint: 54304 ns, At safepoint: 7000 ns, Total: 61304 ns
[3215.819s][info ][safepoint      ] Safepoint "Cleanup", Time since last: 2000171938 ns, Reaching safepoint: 237615 ns, At safepoint: 11401 ns, Total: 249016 ns
[3219.820s][info ][safepoint      ] Safepoint "Cleanup", Time since last: 4000338953 ns, Reaching safepoint: 49003 ns, At safepoint: 2100 ns, Total: 51103 ns
[3220.820s][info ][safepoint      ] Safepoint "Cleanup", Time since last: 1000105415 ns, Reaching safepoint: 47503 ns, At safepoint: 8000 ns, Total: 55503 ns
[3223.820s][info ][safepoint      ] Safepoint "Cleanup", Time since last: 3000235376 ns, Reaching safepoint: 44703 ns, At safepoint: 2800 ns, Total: 47503 ns
[3226.820s][info ][safepoint      ] Safepoint "Cleanup", Time since last: 3000212684 ns, Reaching safepoint: 47403 ns, At safepoint: 7600 ns, Total: 55003 ns
[3227.406s][info ][gc,start       ] GC(160) Pause Young (Allocation Failure)
[3227.418s][debug][gc,phases      ] GC(160) Scavenge 11.941ms
[3227.418s][debug][gc,ref         ] GC(160) Skipped phase 1 of Reference Processing: no references
[3227.419s][debug][gc,ref         ] GC(160) ReferenceProcessor::execute queues: 1, RefProcThreadModel::Single, marks_oops_alive: false
[3227.419s][debug][gc,ref         ] GC(160) Skipped phase 3 of Reference Processing: no references
[3227.419s][debug][gc,ref         ] GC(160) ReferenceProcessor::execute queues: 1, RefProcThreadModel::Single, marks_oops_alive: false
[3227.419s][debug][gc,phases      ] GC(160) Reference Processing 0.118ms
[3227.419s][debug][gc,phases      ] GC(160)   VM Weak                        Min:  0.0, Avg:  0.0, Max:  0.0, Diff:  0.0, Sum:  0.0, Workers: 4
[3227.419s][debug][gc,phases      ] GC(160)     Dead                           Min: 0, Avg:  0.0, Max: 0, Diff: 0, Sum: 0, Workers: 4
[3227.419s][debug][gc,phases      ] GC(160)     Total                          Min: 0, Avg: 185.2, Max: 512, Diff: 512, Sum: 741, Workers: 4
[3227.419s][debug][gc,phases      ] GC(160)   ObjectSynchronizer Weak        Min:  0.0, Avg:  0.0, Max:  0.0, Diff:  0.0, Sum:  0.0, Workers: 4
[3227.419s][debug][gc,phases      ] GC(160)     Dead                           Min: 0, Avg:  0.0, Max: 0, Diff: 0, Sum: 0, Workers: 4
[3227.419s][debug][gc,phases      ] GC(160)     Total                          Min: 0, Avg: 73.8, Max: 192, Diff: 192, Sum: 295, Workers: 4
[3227.419s][debug][gc,phases      ] GC(160)   JVMTI Tag Weak OopStorage      Min:  0.0, Avg:  0.0, Max:  0.0, Diff:  0.0, Sum:  0.0, Workers: 4
[3227.419s][debug][gc,phases      ] GC(160)     Dead                           Min: 0, Avg:  0.0, Max: 0, Diff: 0, Sum: 0, Workers: 4
[3227.419s][debug][gc,phases      ] GC(160)     Total                          Min: 0, Avg:  0.0, Max: 0, Diff: 0, Sum: 0, Workers: 4
[3227.419s][debug][gc,phases      ] GC(160)   StringTable Weak               Min:  0.1, Avg:  0.1, Max:  0.1, Diff:  0.0, Sum:  0.4, Workers: 4
[3227.419s][debug][gc,phases      ] GC(160)     Dead                           Min: 0, Avg:  0.0, Max: 0, Diff: 0, Sum: 0, Workers: 4
[3227.419s][debug][gc,phases      ] GC(160)     Total                          Min: 11520, Avg: 12207.5, Max: 12736, Diff: 1216, Sum: 48830, Workers: 4
[3227.419s][debug][gc,phases      ] GC(160)   ResolvedMethodTable Weak       Min:  0.0, Avg:  0.0, Max:  0.0, Diff:  0.0, Sum:  0.1, Workers: 4
[3227.419s][debug][gc,phases      ] GC(160)     Dead                           Min: 0, Avg:  0.0, Max: 0, Diff: 0, Sum: 0, Workers: 4
[3227.419s][debug][gc,phases      ] GC(160)     Total                          Min: 1984, Avg: 2135.8, Max: 2271, Diff: 287, Sum: 8543, Workers: 4
[3227.419s][debug][gc,phases      ] GC(160)   JNI Weak                       Min:  0.0, Avg:  0.0, Max:  0.0, Diff:  0.0, Sum:  0.0, Workers: 4
[3227.419s][debug][gc,phases      ] GC(160)     Dead                           Min: 0, Avg:  0.0, Max: 0, Diff: 0, Sum: 0, Workers: 4
[3227.419s][debug][gc,phases      ] GC(160)     Total                          Min: 0, Avg:  0.0, Max: 0, Diff: 0, Sum: 0, Workers: 4
[3227.419s][debug][gc,phases      ] GC(160)   StringDedup Table Weak         Min:  0.0, Avg:  0.0, Max:  0.0, Diff:  0.0, Sum:  0.0, Workers: 4
[3227.419s][debug][gc,phases      ] GC(160)     Dead                           Min: 0, Avg:  0.0, Max: 0, Diff: 0, Sum: 0, Workers: 4
[3227.419s][debug][gc,phases      ] GC(160)     Total                          Min: 0, Avg:  0.0, Max: 0, Diff: 0, Sum: 0, Workers: 4
[3227.419s][debug][gc,phases      ] GC(160)   StringDedup Requests0 Weak     Min:  0.0, Avg:  0.0, Max:  0.0, Diff:  0.0, Sum:  0.0, Workers: 4
[3227.419s][debug][gc,phases      ] GC(160)     Dead                           Min: 0, Avg:  0.0, Max: 0, Diff: 0, Sum: 0, Workers: 4
[3227.419s][debug][gc,phases      ] GC(160)     Total                          Min: 0, Avg:  0.0, Max: 0, Diff: 0, Sum: 0, Workers: 4
[3227.419s][debug][gc,phases      ] GC(160)   StringDedup Requests1 Weak     Min:  0.0, Avg:  0.0, Max:  0.0, Diff:  0.0, Sum:  0.0, Workers: 4
[3227.419s][debug][gc,phases      ] GC(160)     Dead                           Min: 0, Avg:  0.0, Max: 0, Diff: 0, Sum: 0, Workers: 4
[3227.419s][debug][gc,phases      ] GC(160)     Total                          Min: 0, Avg:  0.0, Max: 0, Diff: 0, Sum: 0, Workers: 4
[3227.419s][debug][gc,phases      ] GC(160)   Weak JFR Old Object Samples    Min:  0.0, Avg:  0.0, Max:  0.0, Diff:  0.0, Sum:  0.0, Workers: 4
[3227.419s][debug][gc,phases      ] GC(160)     Dead                           Min: 0, Avg:  0.0, Max: 0, Diff: 0, Sum: 0, Workers: 4
[3227.419s][debug][gc,phases      ] GC(160)     Total                          Min: 0, Avg:  0.0, Max: 0, Diff: 0, Sum: 0, Workers: 4
[3227.419s][debug][gc,phases      ] GC(160) Weak Processing 0.336ms
[3227.419s][debug][gc,age         ] GC(160) Desired survivor size 87556096 bytes, new threshold 15 (max threshold 15)
[3227.419s][info ][gc,heap        ] GC(160) PSYoungGen: 1973985K(2011136K)->47137K(2011648K) Eden: 1926144K(1926144K)->0K(1926144K) From: 47841K(84992K)->47137K(85504K)
[3227.419s][info ][gc,heap        ] GC(160) ParOldGen: 503201K(581120K)->503257K(581120K)
[3227.419s][info ][gc,metaspace   ] GC(160) Metaspace: 84933K(85824K)->84933K(85824K) NonClass: 73123K(73600K)->73123K(73600K) Class: 11809K(12224K)->11809K(12224K)
[3227.419s][info ][gc             ] GC(160) Pause Young (Allocation Failure) 2419M->537M(2532M) 12.531ms
[3227.419s][info ][gc,cpu         ] GC(160) User=0.05s Sys=0.00s Real=0.01s
[3227.419s][info ][safepoint      ] Safepoint "ParallelGCFailedAllocation", Time since last: 585972984 ns, Reaching safepoint: 108907 ns, At safepoint: 12620009 ns, Total: 12728916 ns
[3242.420s][info ][safepoint      ] Safepoint "Cleanup", Time since last: 15001123488 ns, Reaching safepoint: 57203 ns, At safepoint: 9001 ns, Total: 66204 ns
[3246.421s][info ][safepoint      ] Safepoint "Cleanup", Time since last: 4000309891 ns, Reaching safepoint: 39003 ns, At safepoint: 4300 ns, Total: 43303 ns
[3247.421s][info ][safepoint      ] Safepoint "Cleanup", Time since last: 1000109351 ns, Reaching safepoint: 41502 ns, At safepoint: 5301 ns, Total: 46803 ns
[3250.421s][info ][safepoint      ] Safepoint "Cleanup", Time since last: 3000224487 ns, Reaching safepoint: 49603 ns, At safepoint: 5400 ns, Total: 55003 ns
[3258.422s][info ][safepoint      ] Safepoint "Cleanup", Time since last: 8000569411 ns, Reaching safepoint: 73605 ns, At safepoint: 7700 ns, Total: 81305 ns
[3261.422s][info ][safepoint      ] Safepoint "Cleanup", Time since last: 3000234674 ns, Reaching safepoint: 48403 ns, At safepoint: 4001 ns, Total: 52404 ns
[3263.422s][info ][safepoint      ] Safepoint "Cleanup", Time since last: 2000173403 ns, Reaching safepoint: 50303 ns, At safepoint: 17801 ns, Total: 68104 ns
[3264.422s][info ][safepoint      ] Safepoint "Cleanup", Time since last: 1000112990 ns, Reaching safepoint: 54903 ns, At safepoint: 18401 ns, Total: 73304 ns
[3266.423s][info ][safepoint      ] Safepoint "Cleanup", Time since last: 2000165047 ns, Reaching safepoint: 50603 ns, At safepoint: 6901 ns, Total: 57504 ns
[3268.423s][info ][safepoint      ] Safepoint "Cleanup", Time since last: 2000191111 ns, Reaching safepoint: 51503 ns, At safepoint: 2601 ns, Total: 54104 ns
[3270.423s][info ][safepoint      ] Safepoint "Cleanup", Time since last: 2000173773 ns, Reaching safepoint: 54903 ns, At safepoint: 9501 ns, Total: 64404 ns
[3271.423s][info ][safepoint      ] Safepoint "Cleanup", Time since last: 1000109624 ns, Reaching safepoint: 49103 ns, At safepoint: 3800 ns, Total: 52903 ns
[3273.423s][info ][safepoint      ] Safepoint "Cleanup", Time since last: 2000139816 ns, Reaching safepoint: 47403 ns, At safepoint: 4700 ns, Total: 52103 ns
[3274.424s][info ][safepoint      ] Safepoint "Cleanup", Time since last: 1000122898 ns, Reaching safepoint: 47803 ns, At safepoint: 10201 ns, Total: 58004 ns
[3275.282s][info ][gc,start       ] GC(161) Pause Young (Allocation Failure)
[3275.293s][debug][gc,phases      ] GC(161) Scavenge 11.717ms
[3275.293s][debug][gc,ref         ] GC(161) Skipped phase 1 of Reference Processing: no references
[3275.294s][debug][gc,ref         ] GC(161) ReferenceProcessor::execute queues: 1, RefProcThreadModel::Single, marks_oops_alive: false
[3275.294s][debug][gc,ref         ] GC(161) Skipped phase 3 of Reference Processing: no references
[3275.294s][debug][gc,ref         ] GC(161) ReferenceProcessor::execute queues: 1, RefProcThreadModel::Single, marks_oops_alive: false
[3275.294s][debug][gc,phases      ] GC(161) Reference Processing 0.118ms
[3275.294s][debug][gc,phases      ] GC(161)   VM Weak                        Min:  0.0, Avg:  0.0, Max:  0.0, Diff:  0.0, Sum:  0.0, Workers: 4
[3275.294s][debug][gc,phases      ] GC(161)     Dead                           Min: 0, Avg:  0.0, Max: 0, Diff: 0, Sum: 0, Workers: 4
[3275.294s][debug][gc,phases      ] GC(161)     Total                          Min: 0, Avg: 185.2, Max: 677, Diff: 677, Sum: 741, Workers: 4
[3275.294s][debug][gc,phases      ] GC(161)   ObjectSynchronizer Weak        Min:  0.0, Avg:  0.0, Max:  0.0, Diff:  0.0, Sum:  0.0, Workers: 4
[3275.294s][debug][gc,phases      ] GC(161)     Dead                           Min: 0, Avg:  0.0, Max: 0, Diff: 0, Sum: 0, Workers: 4
[3275.294s][debug][gc,phases      ] GC(161)     Total                          Min: 0, Avg: 73.8, Max: 192, Diff: 192, Sum: 295, Workers: 4
[3275.294s][debug][gc,phases      ] GC(161)   JVMTI Tag Weak OopStorage      Min:  0.0, Avg:  0.0, Max:  0.0, Diff:  0.0, Sum:  0.0, Workers: 4
[3275.294s][debug][gc,phases      ] GC(161)     Dead                           Min: 0, Avg:  0.0, Max: 0, Diff: 0, Sum: 0, Workers: 4
[3275.294s][debug][gc,phases      ] GC(161)     Total                          Min: 0, Avg:  0.0, Max: 0, Diff: 0, Sum: 0, Workers: 4
[3275.294s][debug][gc,phases      ] GC(161)   StringTable Weak               Min:  0.1, Avg:  0.1, Max:  0.1, Diff:  0.0, Sum:  0.5, Workers: 4
[3275.294s][debug][gc,phases      ] GC(161)     Dead                           Min: 0, Avg:  0.0, Max: 0, Diff: 0, Sum: 0, Workers: 4
[3275.294s][debug][gc,phases      ] GC(161)     Total                          Min: 11136, Avg: 12208.0, Max: 13184, Diff: 2048, Sum: 48832, Workers: 4
[3275.294s][debug][gc,phases      ] GC(161)   ResolvedMethodTable Weak       Min:  0.0, Avg:  0.0, Max:  0.0, Diff:  0.0, Sum:  0.1, Workers: 4
[3275.294s][debug][gc,phases      ] GC(161)     Dead                           Min: 0, Avg:  0.0, Max: 0, Diff: 0, Sum: 0, Workers: 4
[3275.294s][debug][gc,phases      ] GC(161)     Total                          Min: 1984, Avg: 2135.8, Max: 2399, Diff: 415, Sum: 8543, Workers: 4
[3275.294s][debug][gc,phases      ] GC(161)   JNI Weak                       Min:  0.0, Avg:  0.0, Max:  0.0, Diff:  0.0, Sum:  0.0, Workers: 4
[3275.294s][debug][gc,phases      ] GC(161)     Dead                           Min: 0, Avg:  0.0, Max: 0, Diff: 0, Sum: 0, Workers: 4
[3275.294s][debug][gc,phases      ] GC(161)     Total                          Min: 0, Avg:  0.0, Max: 0, Diff: 0, Sum: 0, Workers: 4
[3275.294s][debug][gc,phases      ] GC(161)   StringDedup Table Weak         Min:  0.0, Avg:  0.0, Max:  0.0, Diff:  0.0, Sum:  0.0, Workers: 4
[3275.294s][debug][gc,phases      ] GC(161)     Dead                           Min: 0, Avg:  0.0, Max: 0, Diff: 0, Sum: 0, Workers: 4
[3275.294s][debug][gc,phases      ] GC(161)     Total                          Min: 0, Avg:  0.0, Max: 0, Diff: 0, Sum: 0, Workers: 4
[3275.294s][debug][gc,phases      ] GC(161)   StringDedup Requests0 Weak     Min:  0.0, Avg:  0.0, Max:  0.0, Diff:  0.0, Sum:  0.0, Workers: 4
[3275.294s][debug][gc,phases      ] GC(161)     Dead                           Min: 0, Avg:  0.0, Max: 0, Diff: 0, Sum: 0, Workers: 4
[3275.294s][debug][gc,phases      ] GC(161)     Total                          Min: 0, Avg:  0.0, Max: 0, Diff: 0, Sum: 0, Workers: 4
[3275.294s][debug][gc,phases      ] GC(161)   StringDedup Requests1 Weak     Min:  0.0, Avg:  0.0, Max:  0.0, Diff:  0.0, Sum:  0.0, Workers: 4
[3275.294s][debug][gc,phases      ] GC(161)     Dead                           Min: 0, Avg:  0.0, Max: 0, Diff: 0, Sum: 0, Workers: 4
[3275.294s][debug][gc,phases      ] GC(161)     Total                          Min: 0, Avg:  0.0, Max: 0, Diff: 0, Sum: 0, Workers: 4
[3275.294s][debug][gc,phases      ] GC(161)   Weak JFR Old Object Samples    Min:  0.0, Avg:  0.0, Max:  0.0, Diff:  0.0, Sum:  0.0, Workers: 4
[3275.294s][debug][gc,phases      ] GC(161)     Dead                           Min: 0, Avg:  0.0, Max: 0, Diff: 0, Sum: 0, Workers: 4
[3275.294s][debug][gc,phases      ] GC(161)     Total                          Min: 0, Avg:  0.0, Max: 0, Diff: 0, Sum: 0, Workers: 4
[3275.294s][debug][gc,phases      ] GC(161) Weak Processing 0.335ms
[3275.294s][debug][gc,age         ] GC(161) Desired survivor size 87556096 bytes, new threshold 15 (max threshold 15)
[3275.294s][info ][gc,heap        ] GC(161) PSYoungGen: 1973281K(2011648K)->47649K(2011648K) Eden: 1926144K(1926144K)->0K(1926144K) From: 47137K(85504K)->47649K(85504K)
[3275.294s][info ][gc,heap        ] GC(161) ParOldGen: 503257K(581120K)->503301K(581120K)
[3275.294s][info ][gc,metaspace   ] GC(161) Metaspace: 84988K(85888K)->84988K(85888K) NonClass: 73178K(73664K)->73178K(73664K) Class: 11809K(12224K)->11809K(12224K)
[3275.294s][info ][gc             ] GC(161) Pause Young (Allocation Failure) 2418M->538M(2532M) 12.303ms
[3275.294s][info ][gc,cpu         ] GC(161) User=0.05s Sys=0.00s Real=0.02s
[3275.294s][info ][safepoint      ] Safepoint "ParallelGCFailedAllocation", Time since last: 857983837 ns, Reaching safepoint: 46403 ns, At safepoint: 12388689 ns, Total: 12435092 ns
[3277.294s][info ][safepoint      ] Safepoint "Cleanup", Time since last: 2000154945 ns, Reaching safepoint: 63104 ns, At safepoint: 7201 ns, Total: 70305 ns
[3278.294s][info ][safepoint      ] Safepoint "Cleanup", Time since last: 1000112761 ns, Reaching safepoint: 72805 ns, At safepoint: 5500 ns, Total: 78305 ns
[3279.295s][info ][safepoint      ] Safepoint "Cleanup", Time since last: 1000108852 ns, Reaching safepoint: 49404 ns, At safepoint: 3600 ns, Total: 53004 ns
[3283.295s][info ][safepoint      ] Safepoint "Cleanup", Time since last: 4000333111 ns, Reaching safepoint: 55604 ns, At safepoint: 2600 ns, Total: 58204 ns
[3285.295s][info ][safepoint      ] Safepoint "Cleanup", Time since last: 2000151101 ns, Reaching safepoint: 58704 ns, At safepoint: 3900 ns, Total: 62604 ns
[3288.296s][info ][safepoint      ] Safepoint "Cleanup", Time since last: 3000251436 ns, Reaching safepoint: 60503 ns, At safepoint: 7401 ns, Total: 67904 ns
[3298.296s][info ][safepoint      ] Safepoint "Cleanup", Time since last: 10000703000 ns, Reaching safepoint: 66804 ns, At safepoint: 12901 ns, Total: 79705 ns
[3304.297s][info ][safepoint      ] Safepoint "Cleanup", Time since last: 6000462802 ns, Reaching safepoint: 63504 ns, At safepoint: 10701 ns, Total: 74205 ns
[3309.297s][info ][safepoint      ] Safepoint "Cleanup", Time since last: 5000415817 ns, Reaching safepoint: 66004 ns, At safepoint: 3100 ns, Total: 69104 ns
[3310.298s][info ][safepoint      ] Safepoint "Cleanup", Time since last: 1000114880 ns, Reaching safepoint: 730846 ns, At safepoint: 12201 ns, Total: 743047 ns
[3318.299s][info ][safepoint      ] Safepoint "Cleanup", Time since last: 8000602910 ns, Reaching safepoint: 62404 ns, At safepoint: 9701 ns, Total: 72105 ns
[3320.299s][info ][safepoint      ] Safepoint "Cleanup", Time since last: 2000181995 ns, Reaching safepoint: 64604 ns, At safepoint: 4401 ns, Total: 69005 ns
[3322.357s][info ][gc,start       ] GC(162) Pause Young (Allocation Failure)
[3322.370s][debug][gc,phases      ] GC(162) Scavenge 12.684ms
[3322.370s][debug][gc,ref         ] GC(162) Skipped phase 1 of Reference Processing: no references
[3322.370s][debug][gc,ref         ] GC(162) ReferenceProcessor::execute queues: 1, RefProcThreadModel::Single, marks_oops_alive: false
[3322.370s][debug][gc,ref         ] GC(162) Skipped phase 3 of Reference Processing: no references
[3322.370s][debug][gc,ref         ] GC(162) ReferenceProcessor::execute queues: 1, RefProcThreadModel::Single, marks_oops_alive: false
[3322.370s][debug][gc,phases      ] GC(162) Reference Processing 0.127ms
[3322.370s][debug][gc,phases      ] GC(162)   VM Weak                        Min:  0.0, Avg:  0.0, Max:  0.0, Diff:  0.0, Sum:  0.0, Workers: 4
[3322.370s][debug][gc,phases      ] GC(162)     Dead                           Min: 0, Avg:  0.0, Max: 0, Diff: 0, Sum: 0, Workers: 4
[3322.370s][debug][gc,phases      ] GC(162)     Total                          Min: 0, Avg: 185.2, Max: 741, Diff: 741, Sum: 741, Workers: 4
[3322.370s][debug][gc,phases      ] GC(162)   ObjectSynchronizer Weak        Min:  0.0, Avg:  0.0, Max:  0.0, Diff:  0.0, Sum:  0.0, Workers: 4
[3322.370s][debug][gc,phases      ] GC(162)     Dead                           Min: 0, Avg:  0.0, Max: 0, Diff: 0, Sum: 0, Workers: 4
[3322.370s][debug][gc,phases      ] GC(162)     Total                          Min: 0, Avg: 73.8, Max: 192, Diff: 192, Sum: 295, Workers: 4
[3322.370s][debug][gc,phases      ] GC(162)   JVMTI Tag Weak OopStorage      Min:  0.0, Avg:  0.0, Max:  0.0, Diff:  0.0, Sum:  0.0, Workers: 4
[3322.370s][debug][gc,phases      ] GC(162)     Dead                           Min: 0, Avg:  0.0, Max: 0, Diff: 0, Sum: 0, Workers: 4
[3322.370s][debug][gc,phases      ] GC(162)     Total                          Min: 0, Avg:  0.0, Max: 0, Diff: 0, Sum: 0, Workers: 4
[3322.370s][debug][gc,phases      ] GC(162)   StringTable Weak               Min:  0.1, Avg:  0.1, Max:  0.1, Diff:  0.0, Sum:  0.5, Workers: 4
[3322.370s][debug][gc,phases      ] GC(162)     Dead                           Min: 0, Avg:  0.0, Max: 0, Diff: 0, Sum: 0, Workers: 4
[3322.370s][debug][gc,phases      ] GC(162)     Total                          Min: 11072, Avg: 12208.0, Max: 13632, Diff: 2560, Sum: 48832, Workers: 4
[3322.370s][debug][gc,phases      ] GC(162)   ResolvedMethodTable Weak       Min:  0.0, Avg:  0.0, Max:  0.0, Diff:  0.0, Sum:  0.1, Workers: 4
[3322.370s][debug][gc,phases      ] GC(162)     Dead                           Min: 0, Avg:  0.0, Max: 0, Diff: 0, Sum: 0, Workers: 4
[3322.370s][debug][gc,phases      ] GC(162)     Total                          Min: 1984, Avg: 2135.8, Max: 2432, Diff: 448, Sum: 8543, Workers: 4
[3322.370s][debug][gc,phases      ] GC(162)   JNI Weak                       Min:  0.0, Avg:  0.0, Max:  0.0, Diff:  0.0, Sum:  0.0, Workers: 4
[3322.370s][debug][gc,phases      ] GC(162)     Dead                           Min: 0, Avg:  0.0, Max: 0, Diff: 0, Sum: 0, Workers: 4
[3322.370s][debug][gc,phases      ] GC(162)     Total                          Min: 0, Avg:  0.0, Max: 0, Diff: 0, Sum: 0, Workers: 4
[3322.370s][debug][gc,phases      ] GC(162)   StringDedup Table Weak         Min:  0.0, Avg:  0.0, Max:  0.0, Diff:  0.0, Sum:  0.0, Workers: 4
[3322.370s][debug][gc,phases      ] GC(162)     Dead                           Min: 0, Avg:  0.0, Max: 0, Diff: 0, Sum: 0, Workers: 4
[3322.370s][debug][gc,phases      ] GC(162)     Total                          Min: 0, Avg:  0.0, Max: 0, Diff: 0, Sum: 0, Workers: 4
[3322.370s][debug][gc,phases      ] GC(162)   StringDedup Requests0 Weak     Min:  0.0, Avg:  0.0, Max:  0.0, Diff:  0.0, Sum:  0.0, Workers: 4
[3322.370s][debug][gc,phases      ] GC(162)     Dead                           Min: 0, Avg:  0.0, Max: 0, Diff: 0, Sum: 0, Workers: 4
[3322.370s][debug][gc,phases      ] GC(162)     Total                          Min: 0, Avg:  0.0, Max: 0, Diff: 0, Sum: 0, Workers: 4
[3322.370s][debug][gc,phases      ] GC(162)   StringDedup Requests1 Weak     Min:  0.0, Avg:  0.0, Max:  0.0, Diff:  0.0, Sum:  0.0, Workers: 4
[3322.370s][debug][gc,phases      ] GC(162)     Dead                           Min: 0, Avg:  0.0, Max: 0, Diff: 0, Sum: 0, Workers: 4
[3322.370s][debug][gc,phases      ] GC(162)     Total                          Min: 0, Avg:  0.0, Max: 0, Diff: 0, Sum: 0, Workers: 4
[3322.371s][debug][gc,phases      ] GC(162)   Weak JFR Old Object Samples    Min:  0.0, Avg:  0.0, Max:  0.0, Diff:  0.0, Sum:  0.0, Workers: 4
[3322.371s][debug][gc,phases      ] GC(162)     Dead                           Min: 0, Avg:  0.0, Max: 0, Diff: 0, Sum: 0, Workers: 4
[3322.371s][debug][gc,phases      ] GC(162)     Total                          Min: 0, Avg:  0.0, Max: 0, Diff: 0, Sum: 0, Workers: 4
[3322.371s][debug][gc,phases      ] GC(162) Weak Processing 0.577ms
[3322.371s][debug][gc,age         ] GC(162) Desired survivor size 87031808 bytes, new threshold 15 (max threshold 15)
[3322.371s][info ][gc,heap        ] GC(162) PSYoungGen: 1973793K(2011648K)->47649K(2011648K) Eden: 1926144K(1926144K)->0K(1926144K) From: 47649K(85504K)->47649K(85504K)
[3322.371s][info ][gc,heap        ] GC(162) ParOldGen: 503301K(581120K)->503341K(581120K)
[3322.371s][info ][gc,metaspace   ] GC(162) Metaspace: 85028K(85952K)->85028K(85952K) NonClass: 73219K(73728K)->73219K(73728K) Class: 11809K(12224K)->11809K(12224K)
[3322.371s][info ][gc             ] GC(162) Pause Young (Allocation Failure) 2419M->538M(2532M) 13.557ms
[3322.371s][info ][gc,cpu         ] GC(162) User=0.05s Sys=0.00s Real=0.01s
[3322.371s][info ][safepoint      ] Safepoint "ParallelGCFailedAllocation", Time since last: 2058013320 ns, Reaching safepoint: 95206 ns, At safepoint: 13642664 ns, Total: 13737870 ns
[3323.371s][info ][safepoint      ] Safepoint "Cleanup", Time since last: 1000060065 ns, Reaching safepoint: 72105 ns, At safepoint: 2600 ns, Total: 74705 ns
[3329.371s][info ][safepoint      ] Safepoint "Cleanup", Time since last: 6000368622 ns, Reaching safepoint: 59904 ns, At safepoint: 7400 ns, Total: 67304 ns
[3332.372s][info ][safepoint      ] Safepoint "Cleanup", Time since last: 3000239803 ns, Reaching safepoint: 52904 ns, At safepoint: 7200 ns, Total: 60104 ns
[3333.372s][info ][safepoint      ] Safepoint "Cleanup", Time since last: 1000085985 ns, Reaching safepoint: 60904 ns, At safepoint: 6800 ns, Total: 67704 ns
[3338.372s][info ][safepoint      ] Safepoint "Cleanup", Time since last: 5000360599 ns, Reaching safepoint: 46003 ns, At safepoint: 7601 ns, Total: 53604 ns
[3340.373s][info ][safepoint      ] Safepoint "Cleanup", Time since last: 2000171664 ns, Reaching safepoint: 46903 ns, At safepoint: 8001 ns, Total: 54904 ns
[3342.804s][info ][safepoint      ] Safepoint "Cleanup", Time since last: 2431215532 ns, Reaching safepoint: 114707 ns, At safepoint: 13101 ns, Total: 127808 ns
[3343.804s][info ][safepoint      ] Safepoint "Cleanup", Time since last: 1000108102 ns, Reaching safepoint: 128408 ns, At safepoint: 6101 ns, Total: 134509 ns
[3347.805s][info ][safepoint      ] Safepoint "Cleanup", Time since last: 4000268818 ns, Reaching safepoint: 123708 ns, At safepoint: 10601 ns, Total: 134309 ns
[3352.757s][info ][safepoint      ] Safepoint "Cleanup", Time since last: 4952348595 ns, Reaching safepoint: 127708 ns, At safepoint: 10401 ns, Total: 138109 ns
[3356.757s][info ][safepoint      ] Safepoint "Cleanup", Time since last: 4000318139 ns, Reaching safepoint: 118807 ns, At safepoint: 11801 ns, Total: 130608 ns
[3357.758s][info ][safepoint      ] Safepoint "Cleanup", Time since last: 1000111992 ns, Reaching safepoint: 113008 ns, At safepoint: 9400 ns, Total: 122408 ns
[3358.758s][info ][safepoint      ] Safepoint "Cleanup", Time since last: 1000119085 ns, Reaching safepoint: 127508 ns, At safepoint: 5601 ns, Total: 133109 ns
[3359.758s][info ][safepoint      ] Safepoint "Cleanup", Time since last: 1000120877 ns, Reaching safepoint: 115807 ns, At safepoint: 4900 ns, Total: 120707 ns
[3361.759s][info ][safepoint      ] Safepoint "Cleanup", Time since last: 2000181728 ns, Reaching safepoint: 123108 ns, At safepoint: 12801 ns, Total: 135909 ns
[3364.759s][info ][safepoint      ] Safepoint "Cleanup", Time since last: 3000234931 ns, Reaching safepoint: 93406 ns, At safepoint: 13901 ns, Total: 107307 ns
[3365.759s][info ][safepoint      ] Safepoint "Cleanup", Time since last: 1000142332 ns, Reaching safepoint: 120908 ns, At safepoint: 5700 ns, Total: 126608 ns
[3367.759s][info ][safepoint      ] Safepoint "Cleanup", Time since last: 2000181835 ns, Reaching safepoint: 122308 ns, At safepoint: 10301 ns, Total: 132609 ns
[3368.760s][info ][safepoint      ] Safepoint "Cleanup", Time since last: 1000098706 ns, Reaching safepoint: 122808 ns, At safepoint: 13301 ns, Total: 136109 ns
[3369.653s][info ][gc,start       ] GC(163) Pause Young (Allocation Failure)
[3369.666s][debug][gc,phases      ] GC(163) Scavenge 13.104ms
[3369.666s][debug][gc,ref         ] GC(163) Skipped phase 1 of Reference Processing: no references
[3369.666s][debug][gc,ref         ] GC(163) ReferenceProcessor::execute queues: 1, RefProcThreadModel::Single, marks_oops_alive: false
[3369.666s][debug][gc,ref         ] GC(163) Skipped phase 3 of Reference Processing: no references
[3369.666s][debug][gc,ref         ] GC(163) ReferenceProcessor::execute queues: 1, RefProcThreadModel::Single, marks_oops_alive: false
[3369.666s][debug][gc,phases      ] GC(163) Reference Processing 0.128ms
[3369.667s][debug][gc,phases      ] GC(163)   VM Weak                        Min:  0.0, Avg:  0.0, Max:  0.0, Diff:  0.0, Sum:  0.0, Workers: 4
[3369.667s][debug][gc,phases      ] GC(163)     Dead                           Min: 0, Avg:  0.0, Max: 0, Diff: 0, Sum: 0, Workers: 4
[3369.667s][debug][gc,phases      ] GC(163)     Total                          Min: 0, Avg: 185.2, Max: 448, Diff: 448, Sum: 741, Workers: 4
[3369.667s][debug][gc,phases      ] GC(163)   ObjectSynchronizer Weak        Min:  0.0, Avg:  0.0, Max:  0.0, Diff:  0.0, Sum:  0.0, Workers: 4
[3369.667s][debug][gc,phases      ] GC(163)     Dead                           Min: 0, Avg:  0.0, Max: 0, Diff: 0, Sum: 0, Workers: 4
[3369.667s][debug][gc,phases      ] GC(163)     Total                          Min: 0, Avg: 73.8, Max: 128, Diff: 128, Sum: 295, Workers: 4
[3369.667s][debug][gc,phases      ] GC(163)   JVMTI Tag Weak OopStorage      Min:  0.0, Avg:  0.0, Max:  0.0, Diff:  0.0, Sum:  0.0, Workers: 4
[3369.667s][debug][gc,phases      ] GC(163)     Dead                           Min: 0, Avg:  0.0, Max: 0, Diff: 0, Sum: 0, Workers: 4
[3369.667s][debug][gc,phases      ] GC(163)     Total                          Min: 0, Avg:  0.0, Max: 0, Diff: 0, Sum: 0, Workers: 4
[3369.667s][debug][gc,phases      ] GC(163)   StringTable Weak               Min:  0.1, Avg:  0.1, Max:  0.1, Diff:  0.0, Sum:  0.5, Workers: 4
[3369.667s][debug][gc,phases      ] GC(163)     Dead                           Min: 0, Avg:  0.0, Max: 0, Diff: 0, Sum: 0, Workers: 4
[3369.667s][debug][gc,phases      ] GC(163)     Total                          Min: 12169, Avg: 12210.2, Max: 12224, Diff: 55, Sum: 48841, Workers: 4
[3369.667s][debug][gc,phases      ] GC(163)   ResolvedMethodTable Weak       Min:  0.0, Avg:  0.0, Max:  0.0, Diff:  0.0, Sum:  0.1, Workers: 4
[3369.667s][debug][gc,phases      ] GC(163)     Dead                           Min: 0, Avg:  0.0, Max: 0, Diff: 0, Sum: 0, Workers: 4
[3369.667s][debug][gc,phases      ] GC(163)     Total                          Min: 1984, Avg: 2135.8, Max: 2368, Diff: 384, Sum: 8543, Workers: 4
[3369.667s][debug][gc,phases      ] GC(163)   JNI Weak                       Min:  0.0, Avg:  0.0, Max:  0.0, Diff:  0.0, Sum:  0.0, Workers: 4
[3369.667s][debug][gc,phases      ] GC(163)     Dead                           Min: 0, Avg:  0.0, Max: 0, Diff: 0, Sum: 0, Workers: 4
[3369.667s][debug][gc,phases      ] GC(163)     Total                          Min: 0, Avg:  0.0, Max: 0, Diff: 0, Sum: 0, Workers: 4
[3369.667s][debug][gc,phases      ] GC(163)   StringDedup Table Weak         Min:  0.0, Avg:  0.0, Max:  0.0, Diff:  0.0, Sum:  0.0, Workers: 4
[3369.667s][debug][gc,phases      ] GC(163)     Dead                           Min: 0, Avg:  0.0, Max: 0, Diff: 0, Sum: 0, Workers: 4
[3369.667s][debug][gc,phases      ] GC(163)     Total                          Min: 0, Avg:  0.0, Max: 0, Diff: 0, Sum: 0, Workers: 4
[3369.667s][debug][gc,phases      ] GC(163)   StringDedup Requests0 Weak     Min:  0.0, Avg:  0.0, Max:  0.0, Diff:  0.0, Sum:  0.0, Workers: 4
[3369.667s][debug][gc,phases      ] GC(163)     Dead                           Min: 0, Avg:  0.0, Max: 0, Diff: 0, Sum: 0, Workers: 4
[3369.667s][debug][gc,phases      ] GC(163)     Total                          Min: 0, Avg:  0.0, Max: 0, Diff: 0, Sum: 0, Workers: 4
[3369.667s][debug][gc,phases      ] GC(163)   StringDedup Requests1 Weak     Min:  0.0, Avg:  0.0, Max:  0.0, Diff:  0.0, Sum:  0.0, Workers: 4
[3369.667s][debug][gc,phases      ] GC(163)     Dead                           Min: 0, Avg:  0.0, Max: 0, Diff: 0, Sum: 0, Workers: 4
[3369.667s][debug][gc,phases      ] GC(163)     Total                          Min: 0, Avg:  0.0, Max: 0, Diff: 0, Sum: 0, Workers: 4
[3369.667s][debug][gc,phases      ] GC(163)   Weak JFR Old Object Samples    Min:  0.0, Avg:  0.0, Max:  0.0, Diff:  0.0, Sum:  0.0, Workers: 4
[3369.667s][debug][gc,phases      ] GC(163)     Dead                           Min: 0, Avg:  0.0, Max: 0, Diff: 0, Sum: 0, Workers: 4
[3369.667s][debug][gc,phases      ] GC(163)     Total                          Min: 0, Avg:  0.0, Max: 0, Diff: 0, Sum: 0, Workers: 4
[3369.667s][debug][gc,phases      ] GC(163) Weak Processing 0.366ms
[3369.667s][debug][gc,age         ] GC(163) Desired survivor size 85983232 bytes, new threshold 15 (max threshold 15)
[3369.667s][info ][gc,heap        ] GC(163) PSYoungGen: 1973793K(2011648K)->47489K(2013184K) Eden: 1926144K(1926144K)->0K(1928192K) From: 47649K(85504K)->47489K(84992K)
[3369.667s][info ][gc,heap        ] GC(163) ParOldGen: 503341K(581120K)->503373K(581120K)
[3369.667s][info ][gc,metaspace   ] GC(163) Metaspace: 85042K(85952K)->85042K(85952K) NonClass: 73232K(73728K)->73232K(73728K) Class: 11809K(12224K)->11809K(12224K)
[3369.667s][info ][gc             ] GC(163) Pause Young (Allocation Failure) 2419M->537M(2533M) 13.746ms
[3369.667s][info ][gc,cpu         ] GC(163) User=0.05s Sys=0.00s Real=0.01s
[3369.667s][info ][safepoint      ] Safepoint "ParallelGCFailedAllocation", Time since last: 893326685 ns, Reaching safepoint: 99106 ns, At safepoint: 13842770 ns, Total: 13941876 ns
[3372.667s][info ][safepoint      ] Safepoint "Cleanup", Time since last: 3000223950 ns, Reaching safepoint: 48303 ns, At safepoint: 9400 ns, Total: 57703 ns
[3374.667s][info ][safepoint      ] Safepoint "Cleanup", Time since last: 2000175931 ns, Reaching safepoint: 45703 ns, At safepoint: 9900 ns, Total: 55603 ns
[3375.668s][info ][safepoint      ] Safepoint "Cleanup", Time since last: 1000103955 ns, Reaching safepoint: 46803 ns, At safepoint: 1900 ns, Total: 48703 ns
[3385.668s][info ][safepoint      ] Safepoint "Cleanup", Time since last: 10000687315 ns, Reaching safepoint: 53004 ns, At safepoint: 5400 ns, Total: 58404 ns
[3386.669s][info ][safepoint      ] Safepoint "Cleanup", Time since last: 1000111974 ns, Reaching safepoint: 56603 ns, At safepoint: 31502 ns, Total: 88105 ns
[3388.669s][info ][safepoint      ] Safepoint "Cleanup", Time since last: 2000163321 ns, Reaching safepoint: 47903 ns, At safepoint: 5201 ns, Total: 53104 ns
[3392.767s][info ][safepoint      ] Safepoint "Cleanup", Time since last: 4098062884 ns, Reaching safepoint: 45703 ns, At safepoint: 4200 ns, Total: 49903 ns
[3394.767s][info ][safepoint      ] Safepoint "Cleanup", Time since last: 2000169233 ns, Reaching safepoint: 61304 ns, At safepoint: 4900 ns, Total: 66204 ns
[3396.767s][info ][safepoint      ] Safepoint "Cleanup", Time since last: 2000170004 ns, Reaching safepoint: 51203 ns, At safepoint: 5200 ns, Total: 56403 ns
[3398.768s][info ][safepoint      ] Safepoint "Cleanup", Time since last: 2000182076 ns, Reaching safepoint: 46503 ns, At safepoint: 5000 ns, Total: 51503 ns
[3400.768s][info ][safepoint      ] Safepoint "Cleanup", Time since last: 2000156745 ns, Reaching safepoint: 46303 ns, At safepoint: 2300 ns, Total: 48603 ns
[3406.768s][info ][safepoint      ] Safepoint "Cleanup", Time since last: 6000421562 ns, Reaching safepoint: 43203 ns, At safepoint: 2300 ns, Total: 45503 ns
[3407.768s][info ][safepoint      ] Safepoint "Cleanup", Time since last: 1000093521 ns, Reaching safepoint: 45202 ns, At safepoint: 10901 ns, Total: 56103 ns
[3414.769s][info ][safepoint      ] Safepoint "Cleanup", Time since last: 7000500936 ns, Reaching safepoint: 104606 ns, At safepoint: 10501 ns, Total: 115107 ns
[3416.390s][info ][gc,start       ] GC(164) Pause Young (Allocation Failure)
[3416.402s][debug][gc,phases      ] GC(164) Scavenge 12.695ms
[3416.402s][debug][gc,ref         ] GC(164) Skipped phase 1 of Reference Processing: no references
[3416.403s][debug][gc,ref         ] GC(164) ReferenceProcessor::execute queues: 1, RefProcThreadModel::Single, marks_oops_alive: false
[3416.403s][debug][gc,ref         ] GC(164) Skipped phase 3 of Reference Processing: no references
[3416.403s][debug][gc,ref         ] GC(164) ReferenceProcessor::execute queues: 1, RefProcThreadModel::Single, marks_oops_alive: false
[3416.403s][debug][gc,phases      ] GC(164) Reference Processing 0.118ms
[3416.403s][debug][gc,phases      ] GC(164)   VM Weak                        Min:  0.0, Avg:  0.0, Max:  0.0, Diff:  0.0, Sum:  0.0, Workers: 4
[3416.403s][debug][gc,phases      ] GC(164)     Dead                           Min: 0, Avg:  0.0, Max: 0, Diff: 0, Sum: 0, Workers: 4
[3416.403s][debug][gc,phases      ] GC(164)     Total                          Min: 0, Avg: 185.2, Max: 704, Diff: 704, Sum: 741, Workers: 4
[3416.403s][debug][gc,phases      ] GC(164)   ObjectSynchronizer Weak        Min:  0.0, Avg:  0.0, Max:  0.0, Diff:  0.0, Sum:  0.0, Workers: 4
[3416.403s][debug][gc,phases      ] GC(164)     Dead                           Min: 0, Avg:  0.0, Max: 0, Diff: 0, Sum: 0, Workers: 4
[3416.403s][debug][gc,phases      ] GC(164)     Total                          Min: 39, Avg: 73.8, Max: 128, Diff: 89, Sum: 295, Workers: 4
[3416.403s][debug][gc,phases      ] GC(164)   JVMTI Tag Weak OopStorage      Min:  0.0, Avg:  0.0, Max:  0.0, Diff:  0.0, Sum:  0.0, Workers: 4
[3416.403s][debug][gc,phases      ] GC(164)     Dead                           Min: 0, Avg:  0.0, Max: 0, Diff: 0, Sum: 0, Workers: 4
[3416.403s][debug][gc,phases      ] GC(164)     Total                          Min: 0, Avg:  0.0, Max: 0, Diff: 0, Sum: 0, Workers: 4
[3416.403s][debug][gc,phases      ] GC(164)   StringTable Weak               Min:  0.1, Avg:  0.1, Max:  0.1, Diff:  0.0, Sum:  0.5, Workers: 4
[3416.403s][debug][gc,phases      ] GC(164)     Dead                           Min: 0, Avg:  0.0, Max: 0, Diff: 0, Sum: 0, Workers: 4
[3416.403s][debug][gc,phases      ] GC(164)     Total                          Min: 11584, Avg: 12210.8, Max: 13248, Diff: 1664, Sum: 48843, Workers: 4
[3416.403s][debug][gc,phases      ] GC(164)   ResolvedMethodTable Weak       Min:  0.0, Avg:  0.0, Max:  0.0, Diff:  0.0, Sum:  0.1, Workers: 4
[3416.403s][debug][gc,phases      ] GC(164)     Dead                           Min: 0, Avg:  0.0, Max: 0, Diff: 0, Sum: 0, Workers: 4
[3416.403s][debug][gc,phases      ] GC(164)     Total                          Min: 2019, Avg: 2136.8, Max: 2240, Diff: 221, Sum: 8547, Workers: 4
[3416.403s][debug][gc,phases      ] GC(164)   JNI Weak                       Min:  0.0, Avg:  0.0, Max:  0.0, Diff:  0.0, Sum:  0.0, Workers: 4
[3416.403s][debug][gc,phases      ] GC(164)     Dead                           Min: 0, Avg:  0.0, Max: 0, Diff: 0, Sum: 0, Workers: 4
[3416.403s][debug][gc,phases      ] GC(164)     Total                          Min: 0, Avg:  0.0, Max: 0, Diff: 0, Sum: 0, Workers: 4
[3416.403s][debug][gc,phases      ] GC(164)   StringDedup Table Weak         Min:  0.0, Avg:  0.0, Max:  0.0, Diff:  0.0, Sum:  0.0, Workers: 4
[3416.403s][debug][gc,phases      ] GC(164)     Dead                           Min: 0, Avg:  0.0, Max: 0, Diff: 0, Sum: 0, Workers: 4
[3416.403s][debug][gc,phases      ] GC(164)     Total                          Min: 0, Avg:  0.0, Max: 0, Diff: 0, Sum: 0, Workers: 4
[3416.403s][debug][gc,phases      ] GC(164)   StringDedup Requests0 Weak     Min:  0.0, Avg:  0.0, Max:  0.0, Diff:  0.0, Sum:  0.0, Workers: 4
[3416.403s][debug][gc,phases      ] GC(164)     Dead                           Min: 0, Avg:  0.0, Max: 0, Diff: 0, Sum: 0, Workers: 4
[3416.403s][debug][gc,phases      ] GC(164)     Total                          Min: 0, Avg:  0.0, Max: 0, Diff: 0, Sum: 0, Workers: 4
[3416.403s][debug][gc,phases      ] GC(164)   StringDedup Requests1 Weak     Min:  0.0, Avg:  0.0, Max:  0.0, Diff:  0.0, Sum:  0.0, Workers: 4
[3416.403s][debug][gc,phases      ] GC(164)     Dead                           Min: 0, Avg:  0.0, Max: 0, Diff: 0, Sum: 0, Workers: 4
[3416.403s][debug][gc,phases      ] GC(164)     Total                          Min: 0, Avg:  0.0, Max: 0, Diff: 0, Sum: 0, Workers: 4
[3416.403s][debug][gc,phases      ] GC(164)   Weak JFR Old Object Samples    Min:  0.0, Avg:  0.0, Max:  0.0, Diff:  0.0, Sum:  0.0, Workers: 4
[3416.403s][debug][gc,phases      ] GC(164)     Dead                           Min: 0, Avg:  0.0, Max: 0, Diff: 0, Sum: 0, Workers: 4
[3416.403s][debug][gc,phases      ] GC(164)     Total                          Min: 0, Avg:  0.0, Max: 0, Diff: 0, Sum: 0, Workers: 4
[3416.403s][debug][gc,phases      ] GC(164) Weak Processing 0.335ms
[3416.403s][debug][gc,age         ] GC(164) Desired survivor size 84410368 bytes, new threshold 15 (max threshold 15)
[3416.403s][info ][gc,heap        ] GC(164) PSYoungGen: 1975681K(2013184K)->46241K(2012160K) Eden: 1928192K(1928192K)->0K(1928192K) From: 47489K(84992K)->46241K(83968K)
[3416.403s][info ][gc,heap        ] GC(164) ParOldGen: 503373K(581120K)->503581K(581120K)
[3416.403s][info ][gc,metaspace   ] GC(164) Metaspace: 85064K(85952K)->85064K(85952K) NonClass: 73253K(73728K)->73253K(73728K) Class: 11811K(12224K)->11811K(12224K)
[3416.403s][info ][gc             ] GC(164) Pause Young (Allocation Failure) 2420M->536M(2532M) 13.291ms
[3416.403s][info ][gc,cpu         ] GC(164) User=0.05s Sys=0.00s Real=0.01s
[3416.403s][info ][safepoint      ] Safepoint "ParallelGCFailedAllocation", Time since last: 1620523374 ns, Reaching safepoint: 70904 ns, At safepoint: 13387838 ns, Total: 13458742 ns
[3421.403s][info ][safepoint      ] Safepoint "Cleanup", Time since last: 5000343187 ns, Reaching safepoint: 114308 ns, At safepoint: 6600 ns, Total: 120908 ns
[3425.404s][info ][safepoint      ] Safepoint "Cleanup", Time since last: 4000322730 ns, Reaching safepoint: 122907 ns, At safepoint: 21202 ns, Total: 144109 ns
[3426.404s][info ][safepoint      ] Safepoint "Cleanup", Time since last: 1000117892 ns, Reaching safepoint: 121608 ns, At safepoint: 10300 ns, Total: 131908 ns
[3428.404s][info ][safepoint      ] Safepoint "Cleanup", Time since last: 2000180662 ns, Reaching safepoint: 123508 ns, At safepoint: 9800 ns, Total: 133308 ns
[3429.405s][info ][safepoint      ] Safepoint "Cleanup", Time since last: 1000112972 ns, Reaching safepoint: 118708 ns, At safepoint: 6900 ns, Total: 125608 ns
[3431.405s][info ][safepoint      ] Safepoint "Cleanup", Time since last: 2000191322 ns, Reaching safepoint: 142008 ns, At safepoint: 10601 ns, Total: 152609 ns
[3433.405s][info ][safepoint      ] Safepoint "Cleanup", Time since last: 2000190795 ns, Reaching safepoint: 79405 ns, At safepoint: 16901 ns, Total: 96306 ns
[3434.406s][info ][safepoint      ] Safepoint "Cleanup", Time since last: 1000111638 ns, Reaching safepoint: 119807 ns, At safepoint: 10201 ns, Total: 130008 ns
[3437.406s][info ][safepoint      ] Safepoint "Cleanup", Time since last: 3000208867 ns, Reaching safepoint: 58904 ns, At safepoint: 31001 ns, Total: 89905 ns
[3438.406s][info ][safepoint      ] Safepoint "Cleanup", Time since last: 1000120613 ns, Reaching safepoint: 115507 ns, At safepoint: 6300 ns, Total: 121807 ns
[3441.407s][info ][safepoint      ] Safepoint "Cleanup", Time since last: 3000278091 ns, Reaching safepoint: 134009 ns, At safepoint: 7200 ns, Total: 141209 ns
[3444.407s][info ][safepoint      ] Safepoint "Cleanup", Time since last: 3000262631 ns, Reaching safepoint: 117107 ns, At safepoint: 6601 ns, Total: 123708 ns
[3450.408s][info ][safepoint      ] Safepoint "Cleanup", Time since last: 6000475982 ns, Reaching safepoint: 129808 ns, At safepoint: 12000 ns, Total: 141808 ns
[3452.408s][info ][safepoint      ] Safepoint "Cleanup", Time since last: 2000169243 ns, Reaching safepoint: 116207 ns, At safepoint: 7401 ns, Total: 123608 ns
[3458.408s][info ][safepoint      ] Safepoint "Cleanup", Time since last: 6000452269 ns, Reaching safepoint: 117507 ns, At safepoint: 8101 ns, Total: 125608 ns
[3459.409s][info ][safepoint      ] Safepoint "Cleanup", Time since last: 1000112675 ns, Reaching safepoint: 121607 ns, At safepoint: 5401 ns, Total: 127008 ns
[3462.409s][info ][safepoint      ] Safepoint "Cleanup", Time since last: 3000239680 ns, Reaching safepoint: 177611 ns, At safepoint: 9100 ns, Total: 186711 ns
[3463.409s][info ][safepoint      ] Safepoint "Cleanup", Time since last: 1000114650 ns, Reaching safepoint: 47003 ns, At safepoint: 3600 ns, Total: 50603 ns
[3464.409s][info ][safepoint      ] Safepoint "Cleanup", Time since last: 1000116343 ns, Reaching safepoint: 56404 ns, At safepoint: 8500 ns, Total: 64904 ns
[3466.758s][info ][gc,start       ] GC(165) Pause Young (Allocation Failure)
[3466.768s][debug][gc,phases      ] GC(165) Scavenge 10.401ms
[3466.768s][debug][gc,ref         ] GC(165) Skipped phase 1 of Reference Processing: no references
[3466.768s][debug][gc,ref         ] GC(165) ReferenceProcessor::execute queues: 1, RefProcThreadModel::Single, marks_oops_alive: false
[3466.768s][debug][gc,ref         ] GC(165) Skipped phase 3 of Reference Processing: no references
[3466.768s][debug][gc,ref         ] GC(165) ReferenceProcessor::execute queues: 1, RefProcThreadModel::Single, marks_oops_alive: false
[3466.768s][debug][gc,phases      ] GC(165) Reference Processing 0.137ms
[3466.769s][debug][gc,phases      ] GC(165)   VM Weak                        Min:  0.0, Avg:  0.0, Max:  0.0, Diff:  0.0, Sum:  0.0, Workers: 4
[3466.769s][debug][gc,phases      ] GC(165)     Dead                           Min: 0, Avg:  0.0, Max: 0, Diff: 0, Sum: 0, Workers: 4
[3466.769s][debug][gc,phases      ] GC(165)     Total                          Min: 0, Avg: 185.2, Max: 384, Diff: 384, Sum: 741, Workers: 4
[3466.769s][debug][gc,phases      ] GC(165)   ObjectSynchronizer Weak        Min:  0.0, Avg:  0.0, Max:  0.0, Diff:  0.0, Sum:  0.0, Workers: 4
[3466.769s][debug][gc,phases      ] GC(165)     Dead                           Min: 0, Avg:  0.0, Max: 0, Diff: 0, Sum: 0, Workers: 4
[3466.769s][debug][gc,phases      ] GC(165)     Total                          Min: 0, Avg: 73.8, Max: 167, Diff: 167, Sum: 295, Workers: 4
[3466.769s][debug][gc,phases      ] GC(165)   JVMTI Tag Weak OopStorage      Min:  0.0, Avg:  0.0, Max:  0.0, Diff:  0.0, Sum:  0.0, Workers: 4
[3466.769s][debug][gc,phases      ] GC(165)     Dead                           Min: 0, Avg:  0.0, Max: 0, Diff: 0, Sum: 0, Workers: 4
[3466.769s][debug][gc,phases      ] GC(165)     Total                          Min: 0, Avg:  0.0, Max: 0, Diff: 0, Sum: 0, Workers: 4
[3466.769s][debug][gc,phases      ] GC(165)   StringTable Weak               Min:  0.1, Avg:  0.1, Max:  0.1, Diff:  0.0, Sum:  0.5, Workers: 4
[3466.769s][debug][gc,phases      ] GC(165)     Dead                           Min: 0, Avg:  0.2, Max: 1, Diff: 1, Sum: 1, Workers: 4
[3466.769s][debug][gc,phases      ] GC(165)     Total                          Min: 10816, Avg: 12213.2, Max: 13696, Diff: 2880, Sum: 48853, Workers: 4
[3466.769s][debug][gc,phases      ] GC(165)   ResolvedMethodTable Weak       Min:  0.0, Avg:  0.0, Max:  0.0, Diff:  0.0, Sum:  0.1, Workers: 4
[3466.769s][debug][gc,phases      ] GC(165)     Dead                           Min: 0, Avg:  0.0, Max: 0, Diff: 0, Sum: 0, Workers: 4
[3466.769s][debug][gc,phases      ] GC(165)     Total                          Min: 2048, Avg: 2136.8, Max: 2211, Diff: 163, Sum: 8547, Workers: 4
[3466.769s][debug][gc,phases      ] GC(165)   JNI Weak                       Min:  0.0, Avg:  0.0, Max:  0.0, Diff:  0.0, Sum:  0.0, Workers: 4
[3466.769s][debug][gc,phases      ] GC(165)     Dead                           Min: 0, Avg:  0.0, Max: 0, Diff: 0, Sum: 0, Workers: 4
[3466.769s][debug][gc,phases      ] GC(165)     Total                          Min: 0, Avg:  0.0, Max: 0, Diff: 0, Sum: 0, Workers: 4
[3466.769s][debug][gc,phases      ] GC(165)   StringDedup Table Weak         Min:  0.0, Avg:  0.0, Max:  0.0, Diff:  0.0, Sum:  0.0, Workers: 4
[3466.769s][debug][gc,phases      ] GC(165)     Dead                           Min: 0, Avg:  0.0, Max: 0, Diff: 0, Sum: 0, Workers: 4
[3466.769s][debug][gc,phases      ] GC(165)     Total                          Min: 0, Avg:  0.0, Max: 0, Diff: 0, Sum: 0, Workers: 4
[3466.769s][debug][gc,phases      ] GC(165)   StringDedup Requests0 Weak     Min:  0.0, Avg:  0.0, Max:  0.0, Diff:  0.0, Sum:  0.0, Workers: 4
[3466.769s][debug][gc,phases      ] GC(165)     Dead                           Min: 0, Avg:  0.0, Max: 0, Diff: 0, Sum: 0, Workers: 4
[3466.769s][debug][gc,phases      ] GC(165)     Total                          Min: 0, Avg:  0.0, Max: 0, Diff: 0, Sum: 0, Workers: 4
[3466.769s][debug][gc,phases      ] GC(165)   StringDedup Requests1 Weak     Min:  0.0, Avg:  0.0, Max:  0.0, Diff:  0.0, Sum:  0.0, Workers: 4
[3466.769s][debug][gc,phases      ] GC(165)     Dead                           Min: 0, Avg:  0.0, Max: 0, Diff: 0, Sum: 0, Workers: 4
[3466.769s][debug][gc,phases      ] GC(165)     Total                          Min: 0, Avg:  0.0, Max: 0, Diff: 0, Sum: 0, Workers: 4
[3466.769s][debug][gc,phases      ] GC(165)   Weak JFR Old Object Samples    Min:  0.0, Avg:  0.0, Max:  0.0, Diff:  0.0, Sum:  0.0, Workers: 4
[3466.769s][debug][gc,phases      ] GC(165)     Dead                           Min: 0, Avg:  0.0, Max: 0, Diff: 0, Sum: 0, Workers: 4
[3466.769s][debug][gc,phases      ] GC(165)     Total                          Min: 0, Avg:  0.0, Max: 0, Diff: 0, Sum: 0, Workers: 4
[3466.769s][debug][gc,phases      ] GC(165) Weak Processing 0.347ms
[3466.769s][debug][gc,age         ] GC(165) Desired survivor size 81788928 bytes, new threshold 15 (max threshold 15)
[3466.769s][info ][gc,heap        ] GC(165) PSYoungGen: 1974433K(2012160K)->28736K(2017280K) Eden: 1928192K(1928192K)->0K(1934848K) From: 46241K(83968K)->28736K(82432K)
[3466.769s][info ][gc,heap        ] GC(165) ParOldGen: 503581K(581120K)->521411K(581120K)
[3466.769s][info ][gc,metaspace   ] GC(165) Metaspace: 85075K(85952K)->85075K(85952K) NonClass: 73264K(73728K)->73264K(73728K) Class: 11811K(12224K)->11811K(12224K)
[3466.769s][info ][gc             ] GC(165) Pause Young (Allocation Failure) 2419M->537M(2537M) 11.025ms
[3466.769s][info ][gc,cpu         ] GC(165) User=0.04s Sys=0.00s Real=0.01s
[3466.769s][info ][safepoint      ] Safepoint "ParallelGCFailedAllocation", Time since last: 2348122313 ns, Reaching safepoint: 108707 ns, At safepoint: 11116892 ns, Total: 11225599 ns
[3470.769s][info ][safepoint      ] Safepoint "Cleanup", Time since last: 4000271039 ns, Reaching safepoint: 42102 ns, At safepoint: 5901 ns, Total: 48003 ns
[3479.770s][info ][safepoint      ] Safepoint "Cleanup", Time since last: 9000643225 ns, Reaching safepoint: 47603 ns, At safepoint: 6301 ns, Total: 53904 ns
[3481.770s][info ][safepoint      ] Safepoint "Cleanup", Time since last: 2000176673 ns, Reaching safepoint: 42303 ns, At safepoint: 2500 ns, Total: 44803 ns
[3484.770s][info ][safepoint      ] Safepoint "Cleanup", Time since last: 3000240863 ns, Reaching safepoint: 45003 ns, At safepoint: 9500 ns, Total: 54503 ns
[3491.771s][info ][safepoint      ] Safepoint "Cleanup", Time since last: 7000431427 ns, Reaching safepoint: 50603 ns, At safepoint: 7301 ns, Total: 57904 ns
[3493.771s][info ][safepoint      ] Safepoint "Cleanup", Time since last: 2000169028 ns, Reaching safepoint: 46002 ns, At safepoint: 2301 ns, Total: 48303 ns
[3494.771s][info ][safepoint      ] Safepoint "Cleanup", Time since last: 1000115057 ns, Reaching safepoint: 42502 ns, At safepoint: 8001 ns, Total: 50503 ns
[3496.771s][info ][safepoint      ] Safepoint "Cleanup", Time since last: 2000170092 ns, Reaching safepoint: 42703 ns, At safepoint: 2700 ns, Total: 45403 ns
[3504.772s][info ][safepoint      ] Safepoint "Cleanup", Time since last: 8000549125 ns, Reaching safepoint: 43502 ns, At safepoint: 2401 ns, Total: 45903 ns
[3506.224s][info ][safepoint      ] Safepoint "ICBufferFull", Time since last: 1451609275 ns, Reaching safepoint: 117708 ns, At safepoint: 8700 ns, Total: 126408 ns
[3506.227s][info ][safepoint      ] Safepoint "ICBufferFull", Time since last: 2775572 ns, Reaching safepoint: 121908 ns, At safepoint: 7300 ns, Total: 129208 ns
[3506.228s][info ][safepoint      ] Safepoint "ICBufferFull", Time since last: 1241577 ns, Reaching safepoint: 38603 ns, At safepoint: 5300 ns, Total: 43903 ns
[3507.228s][info ][safepoint      ] Safepoint "Cleanup", Time since last: 1000101783 ns, Reaching safepoint: 71904 ns, At safepoint: 8501 ns, Total: 80405 ns
[3513.208s][info ][gc,start       ] GC(166) Pause Young (Allocation Failure)
[3513.218s][debug][gc,phases      ] GC(166) Scavenge 9.337ms
[3513.218s][debug][gc,ref         ] GC(166) Skipped phase 1 of Reference Processing: no references
[3513.218s][debug][gc,ref         ] GC(166) ReferenceProcessor::execute queues: 1, RefProcThreadModel::Single, marks_oops_alive: false
[3513.218s][debug][gc,ref         ] GC(166) Skipped phase 3 of Reference Processing: no references
[3513.218s][debug][gc,ref         ] GC(166) ReferenceProcessor::execute queues: 1, RefProcThreadModel::Single, marks_oops_alive: false
[3513.218s][debug][gc,phases      ] GC(166) Reference Processing 0.110ms
[3513.218s][debug][gc,phases      ] GC(166)   VM Weak                        Min:  0.0, Avg:  0.0, Max:  0.0, Diff:  0.0, Sum:  0.0, Workers: 4
[3513.218s][debug][gc,phases      ] GC(166)     Dead                           Min: 0, Avg:  0.0, Max: 0, Diff: 0, Sum: 0, Workers: 4
[3513.218s][debug][gc,phases      ] GC(166)     Total                          Min: 0, Avg: 185.2, Max: 357, Diff: 357, Sum: 741, Workers: 4
[3513.218s][debug][gc,phases      ] GC(166)   ObjectSynchronizer Weak        Min:  0.0, Avg:  0.0, Max:  0.0, Diff:  0.0, Sum:  0.0, Workers: 4
[3513.218s][debug][gc,phases      ] GC(166)     Dead                           Min: 0, Avg:  0.0, Max: 0, Diff: 0, Sum: 0, Workers: 4
[3513.218s][debug][gc,phases      ] GC(166)     Total                          Min: 0, Avg: 73.8, Max: 128, Diff: 128, Sum: 295, Workers: 4
[3513.218s][debug][gc,phases      ] GC(166)   JVMTI Tag Weak OopStorage      Min:  0.0, Avg:  0.0, Max:  0.0, Diff:  0.0, Sum:  0.0, Workers: 4
[3513.218s][debug][gc,phases      ] GC(166)     Dead                           Min: 0, Avg:  0.0, Max: 0, Diff: 0, Sum: 0, Workers: 4
[3513.218s][debug][gc,phases      ] GC(166)     Total                          Min: 0, Avg:  0.0, Max: 0, Diff: 0, Sum: 0, Workers: 4
[3513.218s][debug][gc,phases      ] GC(166)   StringTable Weak               Min:  0.1, Avg:  0.1, Max:  0.1, Diff:  0.0, Sum:  0.5, Workers: 4
[3513.218s][debug][gc,phases      ] GC(166)     Dead                           Min: 0, Avg:  0.0, Max: 0, Diff: 0, Sum: 0, Workers: 4
[3513.218s][debug][gc,phases      ] GC(166)     Total                          Min: 10432, Avg: 12213.2, Max: 14080, Diff: 3648, Sum: 48853, Workers: 4
[3513.218s][debug][gc,phases      ] GC(166)   ResolvedMethodTable Weak       Min:  0.0, Avg:  0.0, Max:  0.0, Diff:  0.0, Sum:  0.1, Workers: 4
[3513.218s][debug][gc,phases      ] GC(166)     Dead                           Min: 0, Avg:  0.0, Max: 0, Diff: 0, Sum: 0, Workers: 4
[3513.218s][debug][gc,phases      ] GC(166)     Total                          Min: 1984, Avg: 2136.8, Max: 2275, Diff: 291, Sum: 8547, Workers: 4
[3513.218s][debug][gc,phases      ] GC(166)   JNI Weak                       Min:  0.0, Avg:  0.0, Max:  0.0, Diff:  0.0, Sum:  0.0, Workers: 4
[3513.218s][debug][gc,phases      ] GC(166)     Dead                           Min: 0, Avg:  0.0, Max: 0, Diff: 0, Sum: 0, Workers: 4
[3513.218s][debug][gc,phases      ] GC(166)     Total                          Min: 0, Avg:  0.0, Max: 0, Diff: 0, Sum: 0, Workers: 4
[3513.218s][debug][gc,phases      ] GC(166)   StringDedup Table Weak         Min:  0.0, Avg:  0.0, Max:  0.0, Diff:  0.0, Sum:  0.0, Workers: 4
[3513.218s][debug][gc,phases      ] GC(166)     Dead                           Min: 0, Avg:  0.0, Max: 0, Diff: 0, Sum: 0, Workers: 4
[3513.218s][debug][gc,phases      ] GC(166)     Total                          Min: 0, Avg:  0.0, Max: 0, Diff: 0, Sum: 0, Workers: 4
[3513.218s][debug][gc,phases      ] GC(166)   StringDedup Requests0 Weak     Min:  0.0, Avg:  0.0, Max:  0.0, Diff:  0.0, Sum:  0.0, Workers: 4
[3513.218s][debug][gc,phases      ] GC(166)     Dead                           Min: 0, Avg:  0.0, Max: 0, Diff: 0, Sum: 0, Workers: 4
[3513.218s][debug][gc,phases      ] GC(166)     Total                          Min: 0, Avg:  0.0, Max: 0, Diff: 0, Sum: 0, Workers: 4
[3513.218s][debug][gc,phases      ] GC(166)   StringDedup Requests1 Weak     Min:  0.0, Avg:  0.0, Max:  0.0, Diff:  0.0, Sum:  0.0, Workers: 4
[3513.218s][debug][gc,phases      ] GC(166)     Dead                           Min: 0, Avg:  0.0, Max: 0, Diff: 0, Sum: 0, Workers: 4
[3513.218s][debug][gc,phases      ] GC(166)     Total                          Min: 0, Avg:  0.0, Max: 0, Diff: 0, Sum: 0, Workers: 4
[3513.218s][debug][gc,phases      ] GC(166)   Weak JFR Old Object Samples    Min:  0.0, Avg:  0.0, Max:  0.0, Diff:  0.0, Sum:  0.0, Workers: 4
[3513.218s][debug][gc,phases      ] GC(166)     Dead                           Min: 0, Avg:  0.0, Max: 0, Diff: 0, Sum: 0, Workers: 4
[3513.218s][debug][gc,phases      ] GC(166)     Total                          Min: 0, Avg:  0.0, Max: 0, Diff: 0, Sum: 0, Workers: 4
[3513.218s][debug][gc,phases      ] GC(166) Weak Processing 0.333ms
[3513.218s][debug][gc,age         ] GC(166) Desired survivor size 78643200 bytes, new threshold 15 (max threshold 15)
[3513.218s][info ][gc,heap        ] GC(166) PSYoungGen: 1963584K(2017280K)->29296K(2014720K) Eden: 1934848K(1934848K)->0K(1934848K) From: 28736K(82432K)->29296K(79872K)
[3513.218s][info ][gc,heap        ] GC(166) ParOldGen: 521411K(581120K)->521451K(581120K)
[3513.218s][info ][gc,metaspace   ] GC(166) Metaspace: 85085K(86016K)->85085K(86016K) NonClass: 73274K(73792K)->73274K(73792K) Class: 11811K(12224K)->11811K(12224K)
[3513.218s][info ][gc             ] GC(166) Pause Young (Allocation Failure) 2426M->537M(2535M) 9.913ms
[3513.218s][info ][gc,cpu         ] GC(166) User=0.03s Sys=0.00s Real=0.01s
[3513.218s][info ][safepoint      ] Safepoint "ParallelGCFailedAllocation", Time since last: 5979927794 ns, Reaching safepoint: 52703 ns, At safepoint: 9998320 ns, Total: 10051023 ns
[3515.218s][info ][safepoint      ] Safepoint "Cleanup", Time since last: 2000142975 ns, Reaching safepoint: 44803 ns, At safepoint: 3700 ns, Total: 48503 ns
[3520.219s][info ][safepoint      ] Safepoint "Cleanup", Time since last: 5000363789 ns, Reaching safepoint: 45203 ns, At safepoint: 3700 ns, Total: 48903 ns
[3521.219s][info ][safepoint      ] Safepoint "Cleanup", Time since last: 1000114304 ns, Reaching safepoint: 41802 ns, At safepoint: 5301 ns, Total: 47103 ns
[3522.219s][info ][safepoint      ] Safepoint "Cleanup", Time since last: 1000087996 ns, Reaching safepoint: 66404 ns, At safepoint: 13301 ns, Total: 79705 ns
[3523.219s][info ][safepoint      ] Safepoint "Cleanup", Time since last: 1000105291 ns, Reaching safepoint: 47403 ns, At safepoint: 2600 ns, Total: 50003 ns
[3524.219s][info ][safepoint      ] Safepoint "Cleanup", Time since last: 1000104386 ns, Reaching safepoint: 47703 ns, At safepoint: 5301 ns, Total: 53004 ns
[3525.219s][info ][safepoint      ] Safepoint "Cleanup", Time since last: 1000109580 ns, Reaching safepoint: 37903 ns, At safepoint: 2200 ns, Total: 40103 ns
[3528.220s][info ][safepoint      ] Safepoint "Cleanup", Time since last: 3000219901 ns, Reaching safepoint: 44103 ns, At safepoint: 2700 ns, Total: 46803 ns
[3533.220s][info ][safepoint      ] Safepoint "Cleanup", Time since last: 5000341423 ns, Reaching safepoint: 47903 ns, At safepoint: 5400 ns, Total: 53303 ns
[3541.221s][info ][safepoint      ] Safepoint "Cleanup", Time since last: 8000557271 ns, Reaching safepoint: 48603 ns, At safepoint: 9201 ns, Total: 57804 ns
[3555.608s][info ][gc,start       ] GC(167) Pause Young (Allocation Failure)
[3555.619s][debug][gc,phases      ] GC(167) Scavenge 10.664ms
[3555.619s][debug][gc,ref         ] GC(167) Skipped phase 1 of Reference Processing: no references
[3555.619s][debug][gc,ref         ] GC(167) ReferenceProcessor::execute queues: 1, RefProcThreadModel::Single, marks_oops_alive: false
[3555.619s][debug][gc,ref         ] GC(167) Skipped phase 3 of Reference Processing: no references
[3555.619s][debug][gc,ref         ] GC(167) ReferenceProcessor::execute queues: 1, RefProcThreadModel::Single, marks_oops_alive: false
[3555.619s][debug][gc,phases      ] GC(167) Reference Processing 0.110ms
[3555.619s][debug][gc,phases      ] GC(167)   VM Weak                        Min:  0.0, Avg:  0.0, Max:  0.0, Diff:  0.0, Sum:  0.0, Workers: 4
[3555.619s][debug][gc,phases      ] GC(167)     Dead                           Min: 0, Avg:  0.0, Max: 0, Diff: 0, Sum: 0, Workers: 4
[3555.619s][debug][gc,phases      ] GC(167)     Total                          Min: 0, Avg: 186.2, Max: 745, Diff: 745, Sum: 745, Workers: 4
[3555.619s][debug][gc,phases      ] GC(167)   ObjectSynchronizer Weak        Min:  0.0, Avg:  0.0, Max:  0.0, Diff:  0.0, Sum:  0.0, Workers: 4
[3555.619s][debug][gc,phases      ] GC(167)     Dead                           Min: 0, Avg:  0.0, Max: 0, Diff: 0, Sum: 0, Workers: 4
[3555.619s][debug][gc,phases      ] GC(167)     Total                          Min: 0, Avg: 73.8, Max: 192, Diff: 192, Sum: 295, Workers: 4
[3555.619s][debug][gc,phases      ] GC(167)   JVMTI Tag Weak OopStorage      Min:  0.0, Avg:  0.0, Max:  0.0, Diff:  0.0, Sum:  0.0, Workers: 4
[3555.619s][debug][gc,phases      ] GC(167)     Dead                           Min: 0, Avg:  0.0, Max: 0, Diff: 0, Sum: 0, Workers: 4
[3555.619s][debug][gc,phases      ] GC(167)     Total                          Min: 0, Avg:  0.0, Max: 0, Diff: 0, Sum: 0, Workers: 4
[3555.619s][debug][gc,phases      ] GC(167)   StringTable Weak               Min:  0.1, Avg:  0.1, Max:  0.1, Diff:  0.0, Sum:  0.4, Workers: 4
[3555.619s][debug][gc,phases      ] GC(167)     Dead                           Min: 0, Avg:  0.0, Max: 0, Diff: 0, Sum: 0, Workers: 4
[3555.619s][debug][gc,phases      ] GC(167)     Total                          Min: 11712, Avg: 12214.2, Max: 12608, Diff: 896, Sum: 48857, Workers: 4
[3555.619s][debug][gc,phases      ] GC(167)   ResolvedMethodTable Weak       Min:  0.0, Avg:  0.0, Max:  0.0, Diff:  0.0, Sum:  0.1, Workers: 4
[3555.619s][debug][gc,phases      ] GC(167)     Dead                           Min: 0, Avg:  0.0, Max: 0, Diff: 0, Sum: 0, Workers: 4
[3555.619s][debug][gc,phases      ] GC(167)     Total                          Min: 1775, Avg: 2139.8, Max: 2368, Diff: 593, Sum: 8559, Workers: 4
[3555.619s][debug][gc,phases      ] GC(167)   JNI Weak                       Min:  0.0, Avg:  0.0, Max:  0.0, Diff:  0.0, Sum:  0.0, Workers: 4
[3555.619s][debug][gc,phases      ] GC(167)     Dead                           Min: 0, Avg:  0.0, Max: 0, Diff: 0, Sum: 0, Workers: 4
[3555.619s][debug][gc,phases      ] GC(167)     Total                          Min: 0, Avg:  0.0, Max: 0, Diff: 0, Sum: 0, Workers: 4
[3555.619s][debug][gc,phases      ] GC(167)   StringDedup Table Weak         Min:  0.0, Avg:  0.0, Max:  0.0, Diff:  0.0, Sum:  0.0, Workers: 4
[3555.619s][debug][gc,phases      ] GC(167)     Dead                           Min: 0, Avg:  0.0, Max: 0, Diff: 0, Sum: 0, Workers: 4
[3555.619s][debug][gc,phases      ] GC(167)     Total                          Min: 0, Avg:  0.0, Max: 0, Diff: 0, Sum: 0, Workers: 4
[3555.619s][debug][gc,phases      ] GC(167)   StringDedup Requests0 Weak     Min:  0.0, Avg:  0.0, Max:  0.0, Diff:  0.0, Sum:  0.0, Workers: 4
[3555.619s][debug][gc,phases      ] GC(167)     Dead                           Min: 0, Avg:  0.0, Max: 0, Diff: 0, Sum: 0, Workers: 4
[3555.619s][debug][gc,phases      ] GC(167)     Total                          Min: 0, Avg:  0.0, Max: 0, Diff: 0, Sum: 0, Workers: 4
[3555.619s][debug][gc,phases      ] GC(167)   StringDedup Requests1 Weak     Min:  0.0, Avg:  0.0, Max:  0.0, Diff:  0.0, Sum:  0.0, Workers: 4
[3555.619s][debug][gc,phases      ] GC(167)     Dead                           Min: 0, Avg:  0.0, Max: 0, Diff: 0, Sum: 0, Workers: 4
[3555.619s][debug][gc,phases      ] GC(167)     Total                          Min: 0, Avg:  0.0, Max: 0, Diff: 0, Sum: 0, Workers: 4
[3555.619s][debug][gc,phases      ] GC(167)   Weak JFR Old Object Samples    Min:  0.0, Avg:  0.0, Max:  0.0, Diff:  0.0, Sum:  0.0, Workers: 4
[3555.619s][debug][gc,phases      ] GC(167)     Dead                           Min: 0, Avg:  0.0, Max: 0, Diff: 0, Sum: 0, Workers: 4
[3555.619s][debug][gc,phases      ] GC(167)     Total                          Min: 0, Avg:  0.0, Max: 0, Diff: 0, Sum: 0, Workers: 4
[3555.619s][debug][gc,phases      ] GC(167) Weak Processing 0.322ms
[3555.619s][debug][gc,age         ] GC(167) Desired survivor size 78118912 bytes, new threshold 15 (max threshold 15)
[3555.620s][info ][gc,heap        ] GC(167) PSYoungGen: 1964144K(2014720K)->17888K(2020864K) Eden: 1934848K(1934848K)->0K(1944064K) From: 29296K(79872K)->17888K(76800K)
[3555.620s][info ][gc,heap        ] GC(167) ParOldGen: 521451K(581120K)->534086K(581120K)
[3555.620s][info ][gc,metaspace   ] GC(167) Metaspace: 85104K(86016K)->85104K(86016K) NonClass: 73288K(73792K)->73288K(73792K) Class: 11815K(12224K)->11815K(12224K)
[3555.620s][info ][gc             ] GC(167) Pause Young (Allocation Failure) 2427M->539M(2541M) 11.218ms
[3555.620s][info ][gc,cpu         ] GC(167) User=0.05s Sys=0.00s Real=0.01s
[3555.620s][info ][safepoint      ] Safepoint "ParallelGCFailedAllocation", Time since last: 14387399435 ns, Reaching safepoint: 105307 ns, At safepoint: 11305297 ns, Total: 11410604 ns
[3556.620s][info ][safepoint      ] Safepoint "Cleanup", Time since last: 1000051107 ns, Reaching safepoint: 38902 ns, At safepoint: 2900 ns, Total: 41802 ns
[3558.620s][info ][safepoint      ] Safepoint "Cleanup", Time since last: 2000185902 ns, Reaching safepoint: 52803 ns, At safepoint: 6900 ns, Total: 59703 ns
[3563.620s][info ][safepoint      ] Safepoint "Cleanup", Time since last: 5000369507 ns, Reaching safepoint: 55603 ns, At safepoint: 7901 ns, Total: 63504 ns
[3579.621s][info ][safepoint      ] Safepoint "Cleanup", Time since last: 16001009622 ns, Reaching safepoint: 51103 ns, At safepoint: 6000 ns, Total: 57103 ns
[3584.622s][info ][safepoint      ] Safepoint "Cleanup", Time since last: 5000370269 ns, Reaching safepoint: 48203 ns, At safepoint: 9701 ns, Total: 57904 ns
[3586.458s][info ][safepoint      ] Safepoint "Cleanup", Time since last: 1836193421 ns, Reaching safepoint: 143509 ns, At safepoint: 9500 ns, Total: 153009 ns
[3587.458s][info ][safepoint      ] Safepoint "Cleanup", Time since last: 1000112652 ns, Reaching safepoint: 114907 ns, At safepoint: 4901 ns, Total: 119808 ns
[3590.459s][info ][safepoint      ] Safepoint "Cleanup", Time since last: 3000234620 ns, Reaching safepoint: 124907 ns, At safepoint: 14401 ns, Total: 139308 ns
[3591.459s][info ][safepoint      ] Safepoint "Cleanup", Time since last: 1000089031 ns, Reaching safepoint: 139008 ns, At safepoint: 7701 ns, Total: 146709 ns
[3592.459s][info ][safepoint      ] Safepoint "Cleanup", Time since last: 1000107027 ns, Reaching safepoint: 102706 ns, At safepoint: 9401 ns, Total: 112107 ns
[3593.459s][info ][safepoint      ] Safepoint "Cleanup", Time since last: 1000115222 ns, Reaching safepoint: 115307 ns, At safepoint: 5001 ns, Total: 120308 ns
[3598.460s][info ][safepoint      ] Safepoint "Cleanup", Time since last: 5000376327 ns, Reaching safepoint: 122907 ns, At safepoint: 6000 ns, Total: 128907 ns
[3600.460s][info ][safepoint      ] Safepoint "Cleanup", Time since last: 2000192980 ns, Reaching safepoint: 119207 ns, At safepoint: 13201 ns, Total: 132408 ns
[3603.528s][info ][gc,start       ] GC(168) Pause Young (Allocation Failure)
[3603.537s][debug][gc,phases      ] GC(168) Scavenge 8.322ms
[3603.537s][debug][gc,ref         ] GC(168) Skipped phase 1 of Reference Processing: no references
[3603.537s][debug][gc,ref         ] GC(168) ReferenceProcessor::execute queues: 1, RefProcThreadModel::Single, marks_oops_alive: false
[3603.537s][debug][gc,ref         ] GC(168) Skipped phase 3 of Reference Processing: no references
[3603.537s][debug][gc,ref         ] GC(168) ReferenceProcessor::execute queues: 1, RefProcThreadModel::Single, marks_oops_alive: false
[3603.537s][debug][gc,phases      ] GC(168) Reference Processing 0.129ms
[3603.537s][debug][gc,phases      ] GC(168)   VM Weak                        Min:  0.0, Avg:  0.0, Max:  0.0, Diff:  0.0, Sum:  0.0, Workers: 4
[3603.537s][debug][gc,phases      ] GC(168)     Dead                           Min: 0, Avg:  0.0, Max: 0, Diff: 0, Sum: 0, Workers: 4
[3603.537s][debug][gc,phases      ] GC(168)     Total                          Min: 0, Avg: 186.2, Max: 745, Diff: 745, Sum: 745, Workers: 4
[3603.537s][debug][gc,phases      ] GC(168)   ObjectSynchronizer Weak        Min:  0.0, Avg:  0.0, Max:  0.0, Diff:  0.0, Sum:  0.0, Workers: 4
[3603.537s][debug][gc,phases      ] GC(168)     Dead                           Min: 0, Avg:  0.0, Max: 0, Diff: 0, Sum: 0, Workers: 4
[3603.537s][debug][gc,phases      ] GC(168)     Total                          Min: 0, Avg: 73.8, Max: 192, Diff: 192, Sum: 295, Workers: 4
[3603.537s][debug][gc,phases      ] GC(168)   JVMTI Tag Weak OopStorage      Min:  0.0, Avg:  0.0, Max:  0.0, Diff:  0.0, Sum:  0.0, Workers: 4
[3603.537s][debug][gc,phases      ] GC(168)     Dead                           Min: 0, Avg:  0.0, Max: 0, Diff: 0, Sum: 0, Workers: 4
[3603.537s][debug][gc,phases      ] GC(168)     Total                          Min: 0, Avg:  0.0, Max: 0, Diff: 0, Sum: 0, Workers: 4
[3603.537s][debug][gc,phases      ] GC(168)   StringTable Weak               Min:  0.1, Avg:  0.1, Max:  0.1, Diff:  0.0, Sum:  0.4, Workers: 4
[3603.537s][debug][gc,phases      ] GC(168)     Dead                           Min: 0, Avg:  0.0, Max: 0, Diff: 0, Sum: 0, Workers: 4
[3603.537s][debug][gc,phases      ] GC(168)     Total                          Min: 11485, Avg: 12215.2, Max: 13568, Diff: 2083, Sum: 48861, Workers: 4
[3603.537s][debug][gc,phases      ] GC(168)   ResolvedMethodTable Weak       Min:  0.0, Avg:  0.0, Max:  0.0, Diff:  0.0, Sum:  0.1, Workers: 4
[3603.537s][debug][gc,phases      ] GC(168)     Dead                           Min: 0, Avg:  0.0, Max: 0, Diff: 0, Sum: 0, Workers: 4
[3603.537s][debug][gc,phases      ] GC(168)     Total                          Min: 1728, Avg: 2139.8, Max: 2624, Diff: 896, Sum: 8559, Workers: 4
[3603.537s][debug][gc,phases      ] GC(168)   JNI Weak                       Min:  0.0, Avg:  0.0, Max:  0.0, Diff:  0.0, Sum:  0.0, Workers: 4
[3603.537s][debug][gc,phases      ] GC(168)     Dead                           Min: 0, Avg:  0.0, Max: 0, Diff: 0, Sum: 0, Workers: 4
[3603.537s][debug][gc,phases      ] GC(168)     Total                          Min: 0, Avg:  0.0, Max: 0, Diff: 0, Sum: 0, Workers: 4
[3603.537s][debug][gc,phases      ] GC(168)   StringDedup Table Weak         Min:  0.0, Avg:  0.0, Max:  0.0, Diff:  0.0, Sum:  0.0, Workers: 4
[3603.537s][debug][gc,phases      ] GC(168)     Dead                           Min: 0, Avg:  0.0, Max: 0, Diff: 0, Sum: 0, Workers: 4
[3603.537s][debug][gc,phases      ] GC(168)     Total                          Min: 0, Avg:  0.0, Max: 0, Diff: 0, Sum: 0, Workers: 4
[3603.537s][debug][gc,phases      ] GC(168)   StringDedup Requests0 Weak     Min:  0.0, Avg:  0.0, Max:  0.0, Diff:  0.0, Sum:  0.0, Workers: 4
[3603.537s][debug][gc,phases      ] GC(168)     Dead                           Min: 0, Avg:  0.0, Max: 0, Diff: 0, Sum: 0, Workers: 4
[3603.537s][debug][gc,phases      ] GC(168)     Total                          Min: 0, Avg:  0.0, Max: 0, Diff: 0, Sum: 0, Workers: 4
[3603.537s][debug][gc,phases      ] GC(168)   StringDedup Requests1 Weak     Min:  0.0, Avg:  0.0, Max:  0.0, Diff:  0.0, Sum:  0.0, Workers: 4
[3603.537s][debug][gc,phases      ] GC(168)     Dead                           Min: 0, Avg:  0.0, Max: 0, Diff: 0, Sum: 0, Workers: 4
[3603.537s][debug][gc,phases      ] GC(168)     Total                          Min: 0, Avg:  0.0, Max: 0, Diff: 0, Sum: 0, Workers: 4
[3603.537s][debug][gc,phases      ] GC(168)   Weak JFR Old Object Samples    Min:  0.0, Avg:  0.0, Max:  0.0, Diff:  0.0, Sum:  0.0, Workers: 4
[3603.537s][debug][gc,phases      ] GC(168)     Dead                           Min: 0, Avg:  0.0, Max: 0, Diff: 0, Sum: 0, Workers: 4
[3603.537s][debug][gc,phases      ] GC(168)     Total                          Min: 0, Avg:  0.0, Max: 0, Diff: 0, Sum: 0, Workers: 4
[3603.537s][debug][gc,phases      ] GC(168) Weak Processing 0.390ms
[3603.537s][debug][gc,age         ] GC(168) Desired survivor size 79167488 bytes, new threshold 15 (max threshold 15)
[3603.537s][info ][gc,heap        ] GC(168) PSYoungGen: 1961952K(2020864K)->6800K(1951232K) Eden: 1944064K(1944064K)->0K(1944064K) From: 17888K(76800K)->6800K(7168K)
[3603.537s][info ][gc,heap        ] GC(168) ParOldGen: 534086K(581120K)->545741K(581120K)
[3603.537s][info ][gc,metaspace   ] GC(168) Metaspace: 85116K(86016K)->85116K(86016K) NonClass: 73300K(73792K)->73300K(73792K) Class: 11815K(12224K)->11815K(12224K)
[3603.537s][info ][gc             ] GC(168) Pause Young (Allocation Failure) 2437M->539M(2473M) 9.005ms
[3603.537s][info ][gc,cpu         ] GC(168) User=0.03s Sys=0.00s Real=0.01s
[3603.537s][info ][safepoint      ] Safepoint "ParallelGCFailedAllocation", Time since last: 3067742379 ns, Reaching safepoint: 42002 ns, At safepoint: 9106960 ns, Total: 9148962 ns
[3616.538s][info ][safepoint      ] Safepoint "Cleanup", Time since last: 13000887084 ns, Reaching safepoint: 53903 ns, At safepoint: 3600 ns, Total: 57503 ns
[3631.539s][info ][safepoint      ] Safepoint "Cleanup", Time since last: 15001128181 ns, Reaching safepoint: 57904 ns, At safepoint: 2500 ns, Total: 60404 ns
[3633.540s][info ][safepoint      ] Safepoint "Cleanup", Time since last: 2000197469 ns, Reaching safepoint: 58804 ns, At safepoint: 4000 ns, Total: 62804 ns
[3634.540s][info ][safepoint      ] Safepoint "Cleanup", Time since last: 1000114329 ns, Reaching safepoint: 56203 ns, At safepoint: 8501 ns, Total: 64704 ns
[3639.540s][info ][safepoint      ] Safepoint "Cleanup", Time since last: 5000435667 ns, Reaching safepoint: 68204 ns, At safepoint: 11601 ns, Total: 79805 ns
[3640.541s][info ][safepoint      ] Safepoint "Cleanup", Time since last: 1000130902 ns, Reaching safepoint: 68005 ns, At safepoint: 14200 ns, Total: 82205 ns
[3657.403s][info ][gc,start       ] GC(169) Pause Young (Allocation Failure)
[3657.407s][debug][gc,phases      ] GC(169) Scavenge 3.829ms
[3657.407s][debug][gc,ref         ] GC(169) Skipped phase 1 of Reference Processing: no references
[3657.407s][debug][gc,ref         ] GC(169) ReferenceProcessor::execute queues: 1, RefProcThreadModel::Single, marks_oops_alive: false
[3657.407s][debug][gc,ref         ] GC(169) Skipped phase 3 of Reference Processing: no references
[3657.407s][debug][gc,ref         ] GC(169) ReferenceProcessor::execute queues: 1, RefProcThreadModel::Single, marks_oops_alive: false
[3657.407s][debug][gc,phases      ] GC(169) Reference Processing 0.108ms
[3657.407s][debug][gc,phases      ] GC(169)   VM Weak                        Min:  0.0, Avg:  0.0, Max:  0.0, Diff:  0.0, Sum:  0.0, Workers: 4
[3657.407s][debug][gc,phases      ] GC(169)     Dead                           Min: 0, Avg:  0.0, Max: 0, Diff: 0, Sum: 0, Workers: 4
[3657.407s][debug][gc,phases      ] GC(169)     Total                          Min: 0, Avg: 186.2, Max: 448, Diff: 448, Sum: 745, Workers: 4
[3657.407s][debug][gc,phases      ] GC(169)   ObjectSynchronizer Weak        Min:  0.0, Avg:  0.0, Max:  0.0, Diff:  0.0, Sum:  0.0, Workers: 4
[3657.407s][debug][gc,phases      ] GC(169)     Dead                           Min: 0, Avg:  0.0, Max: 0, Diff: 0, Sum: 0, Workers: 4
[3657.407s][debug][gc,phases      ] GC(169)     Total                          Min: 0, Avg: 73.8, Max: 128, Diff: 128, Sum: 295, Workers: 4
[3657.407s][debug][gc,phases      ] GC(169)   JVMTI Tag Weak OopStorage      Min:  0.0, Avg:  0.0, Max:  0.0, Diff:  0.0, Sum:  0.0, Workers: 4
[3657.407s][debug][gc,phases      ] GC(169)     Dead                           Min: 0, Avg:  0.0, Max: 0, Diff: 0, Sum: 0, Workers: 4
[3657.407s][debug][gc,phases      ] GC(169)     Total                          Min: 0, Avg:  0.0, Max: 0, Diff: 0, Sum: 0, Workers: 4
[3657.407s][debug][gc,phases      ] GC(169)   StringTable Weak               Min:  0.1, Avg:  0.1, Max:  0.1, Diff:  0.0, Sum:  0.4, Workers: 4
[3657.407s][debug][gc,phases      ] GC(169)     Dead                           Min: 0, Avg:  0.0, Max: 0, Diff: 0, Sum: 0, Workers: 4
[3657.407s][debug][gc,phases      ] GC(169)     Total                          Min: 11712, Avg: 12216.5, Max: 13056, Diff: 1344, Sum: 48866, Workers: 4
[3657.407s][debug][gc,phases      ] GC(169)   ResolvedMethodTable Weak       Min:  0.0, Avg:  0.0, Max:  0.0, Diff:  0.0, Sum:  0.1, Workers: 4
[3657.407s][debug][gc,phases      ] GC(169)     Dead                           Min: 0, Avg:  0.0, Max: 0, Diff: 0, Sum: 0, Workers: 4
[3657.407s][debug][gc,phases      ] GC(169)     Total                          Min: 2112, Avg: 2139.8, Max: 2176, Diff: 64, Sum: 8559, Workers: 4
[3657.407s][debug][gc,phases      ] GC(169)   JNI Weak                       Min:  0.0, Avg:  0.0, Max:  0.0, Diff:  0.0, Sum:  0.0, Workers: 4
[3657.407s][debug][gc,phases      ] GC(169)     Dead                           Min: 0, Avg:  0.0, Max: 0, Diff: 0, Sum: 0, Workers: 4
[3657.407s][debug][gc,phases      ] GC(169)     Total                          Min: 0, Avg:  0.0, Max: 0, Diff: 0, Sum: 0, Workers: 4
[3657.407s][debug][gc,phases      ] GC(169)   StringDedup Table Weak         Min:  0.0, Avg:  0.0, Max:  0.0, Diff:  0.0, Sum:  0.0, Workers: 4
[3657.407s][debug][gc,phases      ] GC(169)     Dead                           Min: 0, Avg:  0.0, Max: 0, Diff: 0, Sum: 0, Workers: 4
[3657.407s][debug][gc,phases      ] GC(169)     Total                          Min: 0, Avg:  0.0, Max: 0, Diff: 0, Sum: 0, Workers: 4
[3657.407s][debug][gc,phases      ] GC(169)   StringDedup Requests0 Weak     Min:  0.0, Avg:  0.0, Max:  0.0, Diff:  0.0, Sum:  0.0, Workers: 4
[3657.407s][debug][gc,phases      ] GC(169)     Dead                           Min: 0, Avg:  0.0, Max: 0, Diff: 0, Sum: 0, Workers: 4
[3657.407s][debug][gc,phases      ] GC(169)     Total                          Min: 0, Avg:  0.0, Max: 0, Diff: 0, Sum: 0, Workers: 4
[3657.407s][debug][gc,phases      ] GC(169)   StringDedup Requests1 Weak     Min:  0.0, Avg:  0.0, Max:  0.0, Diff:  0.0, Sum:  0.0, Workers: 4
[3657.407s][debug][gc,phases      ] GC(169)     Dead                           Min: 0, Avg:  0.0, Max: 0, Diff: 0, Sum: 0, Workers: 4
[3657.407s][debug][gc,phases      ] GC(169)     Total                          Min: 0, Avg:  0.0, Max: 0, Diff: 0, Sum: 0, Workers: 4
[3657.407s][debug][gc,phases      ] GC(169)   Weak JFR Old Object Samples    Min:  0.0, Avg:  0.0, Max:  0.0, Diff:  0.0, Sum:  0.0, Workers: 4
[3657.407s][debug][gc,phases      ] GC(169)     Dead                           Min: 0, Avg:  0.0, Max: 0, Diff: 0, Sum: 0, Workers: 4
[3657.407s][debug][gc,phases      ] GC(169)     Total                          Min: 0, Avg:  0.0, Max: 0, Diff: 0, Sum: 0, Workers: 4
[3657.407s][debug][gc,phases      ] GC(169) Weak Processing 0.317ms
[3657.407s][debug][gc,age         ] GC(169) Desired survivor size 78643200 bytes, new threshold 15 (max threshold 15)
[3657.407s][info ][gc,heap        ] GC(169) PSYoungGen: 1950864K(1951232K)->7312K(2020352K) Eden: 1944064K(1944064K)->0K(1943040K) From: 6800K(7168K)->7312K(77312K)
[3657.407s][info ][gc,heap        ] GC(169) ParOldGen: 545741K(581120K)->545889K(581120K)
[3657.407s][info ][gc,metaspace   ] GC(169) Metaspace: 85117K(86016K)->85117K(86016K) NonClass: 73302K(73792K)->73302K(73792K) Class: 11815K(12224K)->11815K(12224K)
[3657.407s][info ][gc             ] GC(169) Pause Young (Allocation Failure) 2438M->540M(2540M) 4.387ms
[3657.407s][info ][gc,cpu         ] GC(169) User=0.02s Sys=0.00s Real=0.01s
[3657.407s][info ][safepoint      ] Safepoint "ParallelGCFailedAllocation", Time since last: 16862400908 ns, Reaching safepoint: 33202 ns, At safepoint: 4473074 ns, Total: 4506276 ns
[3666.408s][info ][safepoint      ] Safepoint "Cleanup", Time since last: 9000656829 ns, Reaching safepoint: 129908 ns, At safepoint: 39602 ns, Total: 169510 ns
[3677.409s][info ][safepoint      ] Safepoint "Cleanup", Time since last: 11000745665 ns, Reaching safepoint: 46403 ns, At safepoint: 3100 ns, Total: 49503 ns
[3680.409s][info ][safepoint      ] Safepoint "Cleanup", Time since last: 3000239296 ns, Reaching safepoint: 118707 ns, At safepoint: 9301 ns, Total: 128008 ns
[3686.410s][info ][safepoint      ] Safepoint "Cleanup", Time since last: 6000409275 ns, Reaching safepoint: 33102 ns, At safepoint: 3301 ns, Total: 36403 ns
[3695.410s][info ][safepoint      ] Safepoint "Cleanup", Time since last: 9000607837 ns, Reaching safepoint: 38203 ns, At safepoint: 2800 ns, Total: 41003 ns
[3697.411s][info ][safepoint      ] Safepoint "Cleanup", Time since last: 2000177622 ns, Reaching safepoint: 54203 ns, At safepoint: 6501 ns, Total: 60704 ns
[3699.411s][info ][safepoint      ] Safepoint "Cleanup", Time since last: 2000179206 ns, Reaching safepoint: 102206 ns, At safepoint: 5900 ns, Total: 108106 ns
[3701.411s][info ][safepoint      ] Safepoint "Cleanup", Time since last: 2000166490 ns, Reaching safepoint: 47303 ns, At safepoint: 8900 ns, Total: 56203 ns
[3703.411s][info ][safepoint      ] Safepoint "Cleanup", Time since last: 2000133472 ns, Reaching safepoint: 59403 ns, At safepoint: 9901 ns, Total: 69304 ns
[3711.412s][info ][safepoint      ] Safepoint "Cleanup", Time since last: 8000588632 ns, Reaching safepoint: 49803 ns, At safepoint: 9001 ns, Total: 58804 ns
[3713.053s][info ][gc,start       ] GC(170) Pause Young (Allocation Failure)
[3713.058s][debug][gc,phases      ] GC(170) Scavenge 4.899ms
[3713.058s][debug][gc,ref         ] GC(170) Skipped phase 1 of Reference Processing: no references
[3713.058s][debug][gc,ref         ] GC(170) ReferenceProcessor::execute queues: 1, RefProcThreadModel::Single, marks_oops_alive: false
[3713.058s][debug][gc,ref         ] GC(170) Skipped phase 3 of Reference Processing: no references
[3713.058s][debug][gc,ref         ] GC(170) ReferenceProcessor::execute queues: 1, RefProcThreadModel::Single, marks_oops_alive: false
[3713.058s][debug][gc,phases      ] GC(170) Reference Processing 0.107ms
[3713.058s][debug][gc,phases      ] GC(170)   VM Weak                        Min:  0.0, Avg:  0.0, Max:  0.0, Diff:  0.0, Sum:  0.0, Workers: 4
[3713.058s][debug][gc,phases      ] GC(170)     Dead                           Min: 0, Avg:  0.0, Max: 0, Diff: 0, Sum: 0, Workers: 4
[3713.058s][debug][gc,phases      ] GC(170)     Total                          Min: 0, Avg: 186.2, Max: 448, Diff: 448, Sum: 745, Workers: 4
[3713.058s][debug][gc,phases      ] GC(170)   ObjectSynchronizer Weak        Min:  0.0, Avg:  0.0, Max:  0.0, Diff:  0.0, Sum:  0.0, Workers: 4
[3713.058s][debug][gc,phases      ] GC(170)     Dead                           Min: 0, Avg:  0.0, Max: 0, Diff: 0, Sum: 0, Workers: 4
[3713.058s][debug][gc,phases      ] GC(170)     Total                          Min: 0, Avg: 73.8, Max: 167, Diff: 167, Sum: 295, Workers: 4
[3713.058s][debug][gc,phases      ] GC(170)   JVMTI Tag Weak OopStorage      Min:  0.0, Avg:  0.0, Max:  0.0, Diff:  0.0, Sum:  0.0, Workers: 4
[3713.058s][debug][gc,phases      ] GC(170)     Dead                           Min: 0, Avg:  0.0, Max: 0, Diff: 0, Sum: 0, Workers: 4
[3713.058s][debug][gc,phases      ] GC(170)     Total                          Min: 0, Avg:  0.0, Max: 0, Diff: 0, Sum: 0, Workers: 4
[3713.058s][debug][gc,phases      ] GC(170)   StringTable Weak               Min:  0.1, Avg:  0.1, Max:  0.1, Diff:  0.0, Sum:  0.4, Workers: 4
[3713.058s][debug][gc,phases      ] GC(170)     Dead                           Min: 0, Avg:  0.0, Max: 0, Diff: 0, Sum: 0, Workers: 4
[3713.058s][debug][gc,phases      ] GC(170)     Total                          Min: 11456, Avg: 12216.8, Max: 12643, Diff: 1187, Sum: 48867, Workers: 4
[3713.058s][debug][gc,phases      ] GC(170)   ResolvedMethodTable Weak       Min:  0.0, Avg:  0.0, Max:  0.0, Diff:  0.0, Sum:  0.1, Workers: 4
[3713.058s][debug][gc,phases      ] GC(170)     Dead                           Min: 0, Avg:  0.0, Max: 0, Diff: 0, Sum: 0, Workers: 4
[3713.058s][debug][gc,phases      ] GC(170)     Total                          Min: 1920, Avg: 2139.8, Max: 2432, Diff: 512, Sum: 8559, Workers: 4
[3713.058s][debug][gc,phases      ] GC(170)   JNI Weak                       Min:  0.0, Avg:  0.0, Max:  0.0, Diff:  0.0, Sum:  0.0, Workers: 4
[3713.058s][debug][gc,phases      ] GC(170)     Dead                           Min: 0, Avg:  0.0, Max: 0, Diff: 0, Sum: 0, Workers: 4
[3713.058s][debug][gc,phases      ] GC(170)     Total                          Min: 0, Avg:  0.0, Max: 0, Diff: 0, Sum: 0, Workers: 4
[3713.058s][debug][gc,phases      ] GC(170)   StringDedup Table Weak         Min:  0.0, Avg:  0.0, Max:  0.0, Diff:  0.0, Sum:  0.0, Workers: 4
[3713.058s][debug][gc,phases      ] GC(170)     Dead                           Min: 0, Avg:  0.0, Max: 0, Diff: 0, Sum: 0, Workers: 4
[3713.058s][debug][gc,phases      ] GC(170)     Total                          Min: 0, Avg:  0.0, Max: 0, Diff: 0, Sum: 0, Workers: 4
[3713.058s][debug][gc,phases      ] GC(170)   StringDedup Requests0 Weak     Min:  0.0, Avg:  0.0, Max:  0.0, Diff:  0.0, Sum:  0.0, Workers: 4
[3713.058s][debug][gc,phases      ] GC(170)     Dead                           Min: 0, Avg:  0.0, Max: 0, Diff: 0, Sum: 0, Workers: 4
[3713.058s][debug][gc,phases      ] GC(170)     Total                          Min: 0, Avg:  0.0, Max: 0, Diff: 0, Sum: 0, Workers: 4
[3713.058s][debug][gc,phases      ] GC(170)   StringDedup Requests1 Weak     Min:  0.0, Avg:  0.0, Max:  0.0, Diff:  0.0, Sum:  0.0, Workers: 4
[3713.058s][debug][gc,phases      ] GC(170)     Dead                           Min: 0, Avg:  0.0, Max: 0, Diff: 0, Sum: 0, Workers: 4
[3713.058s][debug][gc,phases      ] GC(170)     Total                          Min: 0, Avg:  0.0, Max: 0, Diff: 0, Sum: 0, Workers: 4
[3713.058s][debug][gc,phases      ] GC(170)   Weak JFR Old Object Samples    Min:  0.0, Avg:  0.0, Max:  0.0, Diff:  0.0, Sum:  0.0, Workers: 4
[3713.058s][debug][gc,phases      ] GC(170)     Dead                           Min: 0, Avg:  0.0, Max: 0, Diff: 0, Sum: 0, Workers: 4
[3713.058s][debug][gc,phases      ] GC(170)     Total                          Min: 0, Avg:  0.0, Max: 0, Diff: 0, Sum: 0, Workers: 4
[3713.058s][debug][gc,phases      ] GC(170) Weak Processing 0.313ms
[3713.058s][debug][gc,age         ] GC(170) Desired survivor size 77594624 bytes, new threshold 15 (max threshold 15)
[3713.058s][info ][gc,heap        ] GC(170) PSYoungGen: 1950352K(2020352K)->7520K(2019840K) Eden: 1943040K(1943040K)->0K(1943040K) From: 7312K(77312K)->7520K(76800K)
[3713.058s][info ][gc,heap        ] GC(170) ParOldGen: 545889K(581120K)->546025K(581120K)
[3713.058s][info ][gc,metaspace   ] GC(170) Metaspace: 85138K(86016K)->85138K(86016K) NonClass: 73323K(73792K)->73323K(73792K) Class: 11815K(12224K)->11815K(12224K)
[3713.058s][info ][gc             ] GC(170) Pause Young (Allocation Failure) 2437M->540M(2540M) 5.460ms
[3713.058s][info ][gc,cpu         ] GC(170) User=0.02s Sys=0.01s Real=0.01s
[3713.058s][info ][safepoint      ] Safepoint "ParallelGCFailedAllocation", Time since last: 1640741973 ns, Reaching safepoint: 98706 ns, At safepoint: 5539238 ns, Total: 5637944 ns
[3718.059s][info ][safepoint      ] Safepoint "Cleanup", Time since last: 5000326021 ns, Reaching safepoint: 113507 ns, At safepoint: 16201 ns, Total: 129708 ns
[3724.875s][info ][safepoint      ] Safepoint "ICBufferFull", Time since last: 6816005488 ns, Reaching safepoint: 50003 ns, At safepoint: 8500 ns, Total: 58503 ns
[3724.885s][info ][safepoint      ] Safepoint "ICBufferFull", Time since last: 9489879 ns, Reaching safepoint: 47602 ns, At safepoint: 6301 ns, Total: 53903 ns
[3724.942s][info ][safepoint      ] Safepoint "ICBufferFull", Time since last: 57699416 ns, Reaching safepoint: 54804 ns, At safepoint: 2400 ns, Total: 57204 ns
[3724.971s][info ][safepoint      ] Safepoint "ICBufferFull", Time since last: 28382630 ns, Reaching safepoint: 113406 ns, At safepoint: 5201 ns, Total: 118607 ns
[3724.980s][info ][safepoint      ] Safepoint "ICBufferFull", Time since last: 9450576 ns, Reaching safepoint: 39502 ns, At safepoint: 2500 ns, Total: 42002 ns
[3725.011s][info ][safepoint      ] Safepoint "ICBufferFull", Time since last: 30876282 ns, Reaching safepoint: 46703 ns, At safepoint: 8600 ns, Total: 55303 ns
[3725.069s][info ][safepoint      ] Safepoint "ICBufferFull", Time since last: 57799223 ns, Reaching safepoint: 42702 ns, At safepoint: 2701 ns, Total: 45403 ns
[3725.122s][info ][safepoint      ] Safepoint "ICBufferFull", Time since last: 53323149 ns, Reaching safepoint: 44703 ns, At safepoint: 4800 ns, Total: 49503 ns
[3725.123s][info ][safepoint      ] Safepoint "ICBufferFull", Time since last: 898755 ns, Reaching safepoint: 30002 ns, At safepoint: 1100 ns, Total: 31102 ns
[3725.192s][info ][safepoint      ] Safepoint "ICBufferFull", Time since last: 68588080 ns, Reaching safepoint: 50703 ns, At safepoint: 2600 ns, Total: 53303 ns
[3725.193s][info ][safepoint      ] Safepoint "ICBufferFull", Time since last: 1118268 ns, Reaching safepoint: 40303 ns, At safepoint: 1500 ns, Total: 41803 ns
[3725.260s][info ][safepoint      ] Safepoint "ICBufferFull", Time since last: 67029985 ns, Reaching safepoint: 119007 ns, At safepoint: 7401 ns, Total: 126408 ns
[3725.318s][info ][safepoint      ] Safepoint "ICBufferFull", Time since last: 57577009 ns, Reaching safepoint: 46203 ns, At safepoint: 11400 ns, Total: 57603 ns
[3725.351s][info ][safepoint      ] Safepoint "ICBufferFull", Time since last: 32705993 ns, Reaching safepoint: 46803 ns, At safepoint: 3801 ns, Total: 50604 ns
[3725.352s][info ][safepoint      ] Safepoint "ICBufferFull", Time since last: 834250 ns, Reaching safepoint: 17801 ns, At safepoint: 1601 ns, Total: 19402 ns
[3725.425s][info ][safepoint      ] Safepoint "ICBufferFull", Time since last: 73141057 ns, Reaching safepoint: 77605 ns, At safepoint: 13001 ns, Total: 90606 ns
[3725.501s][info ][safepoint      ] Safepoint "ICBufferFull", Time since last: 76618569 ns, Reaching safepoint: 55103 ns, At safepoint: 3101 ns, Total: 58204 ns
[3725.569s][info ][safepoint      ] Safepoint "ICBufferFull", Time since last: 67680424 ns, Reaching safepoint: 42303 ns, At safepoint: 2000 ns, Total: 44303 ns
[3725.570s][info ][safepoint      ] Safepoint "ICBufferFull", Time since last: 797349 ns, Reaching safepoint: 29901 ns, At safepoint: 3001 ns, Total: 32902 ns
[3725.624s][info ][safepoint      ] Safepoint "ICBufferFull", Time since last: 53894884 ns, Reaching safepoint: 53203 ns, At safepoint: 3500 ns, Total: 56703 ns
[3725.674s][info ][safepoint      ] Safepoint "ICBufferFull", Time since last: 50413573 ns, Reaching safepoint: 44902 ns, At safepoint: 3701 ns, Total: 48603 ns
[3725.675s][info ][safepoint      ] Safepoint "ICBufferFull", Time since last: 743745 ns, Reaching safepoint: 31102 ns, At safepoint: 2000 ns, Total: 33102 ns
[3725.708s][info ][safepoint      ] Safepoint "ICBufferFull", Time since last: 32944608 ns, Reaching safepoint: 62203 ns, At safepoint: 2301 ns, Total: 64504 ns
[3725.709s][info ][safepoint      ] Safepoint "ICBufferFull", Time since last: 1135669 ns, Reaching safepoint: 28701 ns, At safepoint: 1901 ns, Total: 30602 ns
[3725.716s][info ][safepoint      ] Safepoint "ICBufferFull", Time since last: 6082770 ns, Reaching safepoint: 31602 ns, At safepoint: 1400 ns, Total: 33002 ns
[3725.733s][info ][safepoint      ] Safepoint "ICBufferFull", Time since last: 17471265 ns, Reaching safepoint: 57704 ns, At safepoint: 2800 ns, Total: 60504 ns
[3725.740s][info ][safepoint      ] Safepoint "ICBufferFull", Time since last: 6663506 ns, Reaching safepoint: 47103 ns, At safepoint: 3200 ns, Total: 50303 ns
[3725.742s][info ][safepoint      ] Safepoint "ParallelGCFailedAllocation", Time since last: 1683302 ns, Reaching safepoint: 99306 ns, At safepoint: 21202 ns, Total: 120508 ns
[3725.742s][info ][gc,start       ] GC(171) Pause Young (GCLocker Initiated GC)
[3725.757s][debug][gc,phases      ] GC(171) Scavenge 14.682ms
[3725.757s][debug][gc,ref         ] GC(171) Skipped phase 1 of Reference Processing: no references
[3725.757s][debug][gc,ref         ] GC(171) ReferenceProcessor::execute queues: 1, RefProcThreadModel::Single, marks_oops_alive: false
[3725.757s][debug][gc,ref         ] GC(171) Skipped phase 3 of Reference Processing: no references
[3725.757s][debug][gc,ref         ] GC(171) ReferenceProcessor::execute queues: 1, RefProcThreadModel::Single, marks_oops_alive: false
[3725.757s][debug][gc,phases      ] GC(171) Reference Processing 0.121ms
[3725.757s][debug][gc,phases      ] GC(171)   VM Weak                        Min:  0.0, Avg:  0.0, Max:  0.0, Diff:  0.0, Sum:  0.0, Workers: 4
[3725.757s][debug][gc,phases      ] GC(171)     Dead                           Min: 0, Avg:  0.0, Max: 0, Diff: 0, Sum: 0, Workers: 4
[3725.757s][debug][gc,phases      ] GC(171)     Total                          Min: 0, Avg: 186.2, Max: 576, Diff: 576, Sum: 745, Workers: 4
[3725.757s][debug][gc,phases      ] GC(171)   ObjectSynchronizer Weak        Min:  0.0, Avg:  0.0, Max:  0.0, Diff:  0.0, Sum:  0.0, Workers: 4
[3725.757s][debug][gc,phases      ] GC(171)     Dead                           Min: 0, Avg:  0.0, Max: 0, Diff: 0, Sum: 0, Workers: 4
[3725.757s][debug][gc,phases      ] GC(171)     Total                          Min: 0, Avg: 73.8, Max: 167, Diff: 167, Sum: 295, Workers: 4
[3725.757s][debug][gc,phases      ] GC(171)   JVMTI Tag Weak OopStorage      Min:  0.0, Avg:  0.0, Max:  0.0, Diff:  0.0, Sum:  0.0, Workers: 4
[3725.757s][debug][gc,phases      ] GC(171)     Dead                           Min: 0, Avg:  0.0, Max: 0, Diff: 0, Sum: 0, Workers: 4
[3725.757s][debug][gc,phases      ] GC(171)     Total                          Min: 0, Avg:  0.0, Max: 0, Diff: 0, Sum: 0, Workers: 4
[3725.757s][debug][gc,phases      ] GC(171)   StringTable Weak               Min:  0.1, Avg:  0.1, Max:  0.1, Diff:  0.0, Sum:  0.5, Workers: 4
[3725.757s][debug][gc,phases      ] GC(171)     Dead                           Min: 0, Avg:  0.0, Max: 0, Diff: 0, Sum: 0, Workers: 4
[3725.757s][debug][gc,phases      ] GC(171)     Total                          Min: 10176, Avg: 12217.5, Max: 13760, Diff: 3584, Sum: 48870, Workers: 4
[3725.757s][debug][gc,phases      ] GC(171)   ResolvedMethodTable Weak       Min:  0.0, Avg:  0.0, Max:  0.0, Diff:  0.0, Sum:  0.1, Workers: 4
[3725.757s][debug][gc,phases      ] GC(171)     Dead                           Min: 0, Avg:  0.0, Max: 0, Diff: 0, Sum: 0, Workers: 4
[3725.757s][debug][gc,phases      ] GC(171)     Total                          Min: 1984, Avg: 2140.8, Max: 2368, Diff: 384, Sum: 8563, Workers: 4
[3725.757s][debug][gc,phases      ] GC(171)   JNI Weak                       Min:  0.0, Avg:  0.0, Max:  0.0, Diff:  0.0, Sum:  0.0, Workers: 4
[3725.757s][debug][gc,phases      ] GC(171)     Dead                           Min: 0, Avg:  0.0, Max: 0, Diff: 0, Sum: 0, Workers: 4
[3725.757s][debug][gc,phases      ] GC(171)     Total                          Min: 0, Avg:  0.0, Max: 0, Diff: 0, Sum: 0, Workers: 4
[3725.757s][debug][gc,phases      ] GC(171)   StringDedup Table Weak         Min:  0.0, Avg:  0.0, Max:  0.0, Diff:  0.0, Sum:  0.0, Workers: 4
[3725.757s][debug][gc,phases      ] GC(171)     Dead                           Min: 0, Avg:  0.0, Max: 0, Diff: 0, Sum: 0, Workers: 4
[3725.757s][debug][gc,phases      ] GC(171)     Total                          Min: 0, Avg:  0.0, Max: 0, Diff: 0, Sum: 0, Workers: 4
[3725.757s][debug][gc,phases      ] GC(171)   StringDedup Requests0 Weak     Min:  0.0, Avg:  0.0, Max:  0.0, Diff:  0.0, Sum:  0.0, Workers: 4
[3725.757s][debug][gc,phases      ] GC(171)     Dead                           Min: 0, Avg:  0.0, Max: 0, Diff: 0, Sum: 0, Workers: 4
[3725.757s][debug][gc,phases      ] GC(171)     Total                          Min: 0, Avg:  0.0, Max: 0, Diff: 0, Sum: 0, Workers: 4
[3725.757s][debug][gc,phases      ] GC(171)   StringDedup Requests1 Weak     Min:  0.0, Avg:  0.0, Max:  0.0, Diff:  0.0, Sum:  0.0, Workers: 4
[3725.757s][debug][gc,phases      ] GC(171)     Dead                           Min: 0, Avg:  0.0, Max: 0, Diff: 0, Sum: 0, Workers: 4
[3725.757s][debug][gc,phases      ] GC(171)     Total                          Min: 0, Avg:  0.0, Max: 0, Diff: 0, Sum: 0, Workers: 4
[3725.757s][debug][gc,phases      ] GC(171)   Weak JFR Old Object Samples    Min:  0.0, Avg:  0.0, Max:  0.0, Diff:  0.0, Sum:  0.0, Workers: 4
[3725.757s][debug][gc,phases      ] GC(171)     Dead                           Min: 0, Avg:  0.0, Max: 0, Diff: 0, Sum: 0, Workers: 4
[3725.757s][debug][gc,phases      ] GC(171)     Total                          Min: 0, Avg:  0.0, Max: 0, Diff: 0, Sum: 0, Workers: 4
[3725.757s][debug][gc,phases      ] GC(171) Weak Processing 0.364ms
[3725.757s][debug][gc,age         ] GC(171) Desired survivor size 74448896 bytes, new threshold 15 (max threshold 15)
[3725.757s][info ][gc,heap        ] GC(171) PSYoungGen: 1950560K(2019840K)->32258K(2024448K) Eden: 1943040K(1943040K)->0K(1948672K) From: 7520K(76800K)->32258K(75776K)
[3725.757s][info ][gc,heap        ] GC(171) ParOldGen: 546034K(581120K)->546138K(581120K)
[3725.757s][info ][gc,metaspace   ] GC(171) Metaspace: 85159K(86080K)->85159K(86080K) NonClass: 73343K(73856K)->73343K(73856K) Class: 11816K(12224K)->11816K(12224K)
[3725.757s][info ][gc             ] GC(171) Pause Young (GCLocker Initiated GC) 2438M->564M(2544M) 15.289ms
[3725.757s][info ][gc,cpu         ] GC(171) User=0.05s Sys=0.01s Real=0.02s
[3725.757s][info ][safepoint      ] Safepoint "ParallelGCSystemGC", Time since last: 168010 ns, Reaching safepoint: 97706 ns, At safepoint: 15402239 ns, Total: 15499945 ns
[3725.814s][info ][safepoint      ] Safepoint "ICBufferFull", Time since last: 56991573 ns, Reaching safepoint: 50903 ns, At safepoint: 2100 ns, Total: 53003 ns
[3725.836s][info ][safepoint      ] Safepoint "ICBufferFull", Time since last: 21446507 ns, Reaching safepoint: 46703 ns, At safepoint: 2900 ns, Total: 49603 ns
[3725.853s][info ][safepoint      ] Safepoint "ICBufferFull", Time since last: 17083041 ns, Reaching safepoint: 52703 ns, At safepoint: 3000 ns, Total: 55703 ns
[3725.909s][info ][safepoint      ] Safepoint "ICBufferFull", Time since last: 55963111 ns, Reaching safepoint: 123107 ns, At safepoint: 6401 ns, Total: 129508 ns
[3725.966s][info ][safepoint      ] Safepoint "ICBufferFull", Time since last: 56479841 ns, Reaching safepoint: 46303 ns, At safepoint: 6701 ns, Total: 53004 ns
[3726.023s][info ][safepoint      ] Safepoint "ICBufferFull", Time since last: 57443200 ns, Reaching safepoint: 47603 ns, At safepoint: 2200 ns, Total: 49803 ns
[3726.078s][info ][safepoint      ] Safepoint "ICBufferFull", Time since last: 54848043 ns, Reaching safepoint: 44702 ns, At safepoint: 2701 ns, Total: 47403 ns
[3726.144s][info ][safepoint      ] Safepoint "ICBufferFull", Time since last: 65632899 ns, Reaching safepoint: 54404 ns, At safepoint: 2600 ns, Total: 57004 ns
[3726.205s][info ][safepoint      ] Safepoint "ICBufferFull", Time since last: 61703860 ns, Reaching safepoint: 60204 ns, At safepoint: 6200 ns, Total: 66404 ns
[3726.267s][info ][safepoint      ] Safepoint "ICBufferFull", Time since last: 61404442 ns, Reaching safepoint: 40602 ns, At safepoint: 2901 ns, Total: 43503 ns
[3727.267s][info ][safepoint      ] Safepoint "Cleanup", Time since last: 1000106844 ns, Reaching safepoint: 64504 ns, At safepoint: 8200 ns, Total: 72704 ns
[3730.267s][info ][safepoint      ] Safepoint "Cleanup", Time since last: 3000241204 ns, Reaching safepoint: 49003 ns, At safepoint: 7701 ns, Total: 56704 ns
[3731.267s][info ][safepoint      ] Safepoint "Cleanup", Time since last: 1000108929 ns, Reaching safepoint: 52603 ns, At safepoint: 2600 ns, Total: 55203 ns
[3734.268s][info ][safepoint      ] Safepoint "Cleanup", Time since last: 3000240360 ns, Reaching safepoint: 54603 ns, At safepoint: 7200 ns, Total: 61803 ns
[3738.268s][info ][safepoint      ] Safepoint "Cleanup", Time since last: 4000308727 ns, Reaching safepoint: 48502 ns, At safepoint: 3601 ns, Total: 52103 ns
[3739.268s][info ][safepoint      ] Safepoint "Cleanup", Time since last: 1000061096 ns, Reaching safepoint: 42603 ns, At safepoint: 2500 ns, Total: 45103 ns
[3740.268s][info ][safepoint      ] Safepoint "Cleanup", Time since last: 1000095394 ns, Reaching safepoint: 38203 ns, At safepoint: 2500 ns, Total: 40703 ns
[3741.269s][info ][safepoint      ] Safepoint "Cleanup", Time since last: 1000100191 ns, Reaching safepoint: 49303 ns, At safepoint: 3400 ns, Total: 52703 ns
[3742.269s][info ][safepoint      ] Safepoint "Cleanup", Time since last: 1000096188 ns, Reaching safepoint: 71404 ns, At safepoint: 11301 ns, Total: 82705 ns
[3745.269s][info ][safepoint      ] Safepoint "Cleanup", Time since last: 3000232837 ns, Reaching safepoint: 47703 ns, At safepoint: 2600 ns, Total: 50303 ns
[3747.104s][info ][gc,start       ] GC(172) Pause Young (Allocation Failure)
[3747.116s][debug][gc,phases      ] GC(172) Scavenge 11.413ms
[3747.116s][debug][gc,ref         ] GC(172) Skipped phase 1 of Reference Processing: no references
[3747.116s][debug][gc,ref         ] GC(172) ReferenceProcessor::execute queues: 1, RefProcThreadModel::Single, marks_oops_alive: false
[3747.116s][debug][gc,ref         ] GC(172) Skipped phase 3 of Reference Processing: no references
[3747.116s][debug][gc,ref         ] GC(172) ReferenceProcessor::execute queues: 1, RefProcThreadModel::Single, marks_oops_alive: false
[3747.116s][debug][gc,phases      ] GC(172) Reference Processing 0.134ms
[3747.116s][debug][gc,phases      ] GC(172)   VM Weak                        Min:  0.0, Avg:  0.0, Max:  0.0, Diff:  0.0, Sum:  0.0, Workers: 4
[3747.116s][debug][gc,phases      ] GC(172)     Dead                           Min: 0, Avg:  0.0, Max: 0, Diff: 0, Sum: 0, Workers: 4
[3747.116s][debug][gc,phases      ] GC(172)     Total                          Min: 0, Avg: 186.2, Max: 489, Diff: 489, Sum: 745, Workers: 4
[3747.116s][debug][gc,phases      ] GC(172)   ObjectSynchronizer Weak        Min:  0.0, Avg:  0.0, Max:  0.0, Diff:  0.0, Sum:  0.0, Workers: 4
[3747.116s][debug][gc,phases      ] GC(172)     Dead                           Min: 0, Avg:  0.0, Max: 0, Diff: 0, Sum: 0, Workers: 4
[3747.116s][debug][gc,phases      ] GC(172)     Total                          Min: 0, Avg: 73.8, Max: 192, Diff: 192, Sum: 295, Workers: 4
[3747.116s][debug][gc,phases      ] GC(172)   JVMTI Tag Weak OopStorage      Min:  0.0, Avg:  0.0, Max:  0.0, Diff:  0.0, Sum:  0.0, Workers: 4
[3747.116s][debug][gc,phases      ] GC(172)     Dead                           Min: 0, Avg:  0.0, Max: 0, Diff: 0, Sum: 0, Workers: 4
[3747.116s][debug][gc,phases      ] GC(172)     Total                          Min: 0, Avg:  0.0, Max: 0, Diff: 0, Sum: 0, Workers: 4
[3747.116s][debug][gc,phases      ] GC(172)   StringTable Weak               Min:  0.1, Avg:  0.1, Max:  0.1, Diff:  0.0, Sum:  0.5, Workers: 4
[3747.116s][debug][gc,phases      ] GC(172)     Dead                           Min: 0, Avg:  0.0, Max: 0, Diff: 0, Sum: 0, Workers: 4
[3747.116s][debug][gc,phases      ] GC(172)     Total                          Min: 11008, Avg: 12217.5, Max: 13222, Diff: 2214, Sum: 48870, Workers: 4
[3747.116s][debug][gc,phases      ] GC(172)   ResolvedMethodTable Weak       Min:  0.0, Avg:  0.0, Max:  0.0, Diff:  0.0, Sum:  0.1, Workers: 4
[3747.116s][debug][gc,phases      ] GC(172)     Dead                           Min: 0, Avg:  0.0, Max: 0, Diff: 0, Sum: 0, Workers: 4
[3747.116s][debug][gc,phases      ] GC(172)     Total                          Min: 2048, Avg: 2141.2, Max: 2229, Diff: 181, Sum: 8565, Workers: 4
[3747.116s][debug][gc,phases      ] GC(172)   JNI Weak                       Min:  0.0, Avg:  0.0, Max:  0.0, Diff:  0.0, Sum:  0.0, Workers: 4
[3747.116s][debug][gc,phases      ] GC(172)     Dead                           Min: 0, Avg:  0.0, Max: 0, Diff: 0, Sum: 0, Workers: 4
[3747.116s][debug][gc,phases      ] GC(172)     Total                          Min: 0, Avg:  0.0, Max: 0, Diff: 0, Sum: 0, Workers: 4
[3747.116s][debug][gc,phases      ] GC(172)   StringDedup Table Weak         Min:  0.0, Avg:  0.0, Max:  0.0, Diff:  0.0, Sum:  0.0, Workers: 4
[3747.116s][debug][gc,phases      ] GC(172)     Dead                           Min: 0, Avg:  0.0, Max: 0, Diff: 0, Sum: 0, Workers: 4
[3747.116s][debug][gc,phases      ] GC(172)     Total                          Min: 0, Avg:  0.0, Max: 0, Diff: 0, Sum: 0, Workers: 4
[3747.116s][debug][gc,phases      ] GC(172)   StringDedup Requests0 Weak     Min:  0.0, Avg:  0.0, Max:  0.0, Diff:  0.0, Sum:  0.0, Workers: 4
[3747.116s][debug][gc,phases      ] GC(172)     Dead                           Min: 0, Avg:  0.0, Max: 0, Diff: 0, Sum: 0, Workers: 4
[3747.116s][debug][gc,phases      ] GC(172)     Total                          Min: 0, Avg:  0.0, Max: 0, Diff: 0, Sum: 0, Workers: 4
[3747.116s][debug][gc,phases      ] GC(172)   StringDedup Requests1 Weak     Min:  0.0, Avg:  0.0, Max:  0.0, Diff:  0.0, Sum:  0.0, Workers: 4
[3747.116s][debug][gc,phases      ] GC(172)     Dead                           Min: 0, Avg:  0.0, Max: 0, Diff: 0, Sum: 0, Workers: 4
[3747.116s][debug][gc,phases      ] GC(172)     Total                          Min: 0, Avg:  0.0, Max: 0, Diff: 0, Sum: 0, Workers: 4
[3747.116s][debug][gc,phases      ] GC(172)   Weak JFR Old Object Samples    Min:  0.0, Avg:  0.0, Max:  0.0, Diff:  0.0, Sum:  0.0, Workers: 4
[3747.116s][debug][gc,phases      ] GC(172)     Dead                           Min: 0, Avg:  0.0, Max: 0, Diff: 0, Sum: 0, Workers: 4
[3747.116s][debug][gc,phases      ] GC(172)     Total                          Min: 0, Avg:  0.0, Max: 0, Diff: 0, Sum: 0, Workers: 4
[3747.116s][debug][gc,phases      ] GC(172) Weak Processing 0.341ms
[3747.116s][debug][gc,age         ] GC(172) Desired survivor size 73924608 bytes, new threshold 15 (max threshold 15)
[3747.116s][info ][gc,heap        ] GC(172) PSYoungGen: 1980930K(2024448K)->38832K(2021376K) Eden: 1948672K(1948672K)->0K(1948672K) From: 32258K(75776K)->38832K(72704K)
[3747.116s][info ][gc,heap        ] GC(172) ParOldGen: 546823K(581120K)->546943K(581120K)
[3747.116s][info ][gc,metaspace   ] GC(172) Metaspace: 85172K(86080K)->85172K(86080K) NonClass: 73354K(73856K)->73354K(73856K) Class: 11817K(12224K)->11817K(12224K)
[3747.116s][info ][gc             ] GC(172) Pause Young (Allocation Failure) 2468M->572M(2541M) 12.026ms
[3747.116s][info ][gc,cpu         ] GC(172) User=0.05s Sys=0.00s Real=0.02s
[3747.116s][info ][safepoint      ] Safepoint "ParallelGCFailedAllocation", Time since last: 1835090193 ns, Reaching safepoint: 52103 ns, At safepoint: 12114738 ns, Total: 12166841 ns
[3748.116s][info ][safepoint      ] Safepoint "Cleanup", Time since last: 1000085065 ns, Reaching safepoint: 123508 ns, At safepoint: 16901 ns, Total: 140409 ns
[3749.117s][info ][safepoint      ] Safepoint "Cleanup", Time since last: 1000116363 ns, Reaching safepoint: 45703 ns, At safepoint: 3900 ns, Total: 49603 ns
[3750.117s][info ][safepoint      ] Safepoint "Cleanup", Time since last: 1000067657 ns, Reaching safepoint: 47103 ns, At safepoint: 2901 ns, Total: 50004 ns
[3754.117s][info ][safepoint      ] Safepoint "Cleanup", Time since last: 4000275992 ns, Reaching safepoint: 42803 ns, At safepoint: 3300 ns, Total: 46103 ns
[3756.117s][info ][safepoint      ] Safepoint "Cleanup", Time since last: 2000184578 ns, Reaching safepoint: 56003 ns, At safepoint: 28602 ns, Total: 84605 ns
[3760.118s][info ][safepoint      ] Safepoint "Cleanup", Time since last: 4000229904 ns, Reaching safepoint: 47803 ns, At safepoint: 6800 ns, Total: 54603 ns
[3761.118s][info ][safepoint      ] Safepoint "Cleanup", Time since last: 1000104120 ns, Reaching safepoint: 30902 ns, At safepoint: 2300 ns, Total: 33202 ns
[3768.118s][info ][safepoint      ] Safepoint "Cleanup", Time since last: 7000497027 ns, Reaching safepoint: 45603 ns, At safepoint: 4100 ns, Total: 49703 ns
[3774.119s][info ][safepoint      ] Safepoint "Cleanup", Time since last: 6000437388 ns, Reaching safepoint: 48003 ns, At safepoint: 8001 ns, Total: 56004 ns
[3776.119s][info ][safepoint      ] Safepoint "Cleanup", Time since last: 2000193238 ns, Reaching safepoint: 53203 ns, At safepoint: 6800 ns, Total: 60003 ns
[3777.119s][info ][safepoint      ] Safepoint "Cleanup", Time since last: 1000111665 ns, Reaching safepoint: 57003 ns, At safepoint: 8401 ns, Total: 65404 ns
[3778.119s][info ][safepoint      ] Safepoint "Cleanup", Time since last: 1000113861 ns, Reaching safepoint: 54704 ns, At safepoint: 12500 ns, Total: 67204 ns
[3779.120s][info ][safepoint      ] Safepoint "Cleanup", Time since last: 1000105258 ns, Reaching safepoint: 63304 ns, At safepoint: 8100 ns, Total: 71404 ns
[3780.120s][info ][safepoint      ] Safepoint "Cleanup", Time since last: 1000099254 ns, Reaching safepoint: 51803 ns, At safepoint: 2400 ns, Total: 54203 ns
[3781.170s][info ][safepoint      ] Safepoint "Cleanup", Time since last: 1050508012 ns, Reaching safepoint: 74605 ns, At safepoint: 5000 ns, Total: 79605 ns
[3782.441s][info ][safepoint      ] Safepoint "Cleanup", Time since last: 1270532973 ns, Reaching safepoint: 76705 ns, At safepoint: 5600 ns, Total: 82305 ns
[3784.441s][info ][safepoint      ] Safepoint "Cleanup", Time since last: 2000179080 ns, Reaching safepoint: 51903 ns, At safepoint: 3501 ns, Total: 55404 ns
[3787.442s][info ][safepoint      ] Safepoint "Cleanup", Time since last: 3000256494 ns, Reaching safepoint: 60504 ns, At safepoint: 7900 ns, Total: 68404 ns
[3788.183s][info ][gc,start       ] GC(173) Pause Young (Allocation Failure)
[3788.196s][debug][gc,phases      ] GC(173) Scavenge 12.743ms
[3788.196s][debug][gc,ref         ] GC(173) Skipped phase 1 of Reference Processing: no references
[3788.196s][debug][gc,ref         ] GC(173) ReferenceProcessor::execute queues: 1, RefProcThreadModel::Single, marks_oops_alive: false
[3788.196s][debug][gc,ref         ] GC(173) Skipped phase 3 of Reference Processing: no references
[3788.196s][debug][gc,ref         ] GC(173) ReferenceProcessor::execute queues: 1, RefProcThreadModel::Single, marks_oops_alive: false
[3788.196s][debug][gc,phases      ] GC(173) Reference Processing 0.110ms
[3788.196s][debug][gc,phases      ] GC(173)   VM Weak                        Min:  0.0, Avg:  0.0, Max:  0.0, Diff:  0.0, Sum:  0.0, Workers: 4
[3788.196s][debug][gc,phases      ] GC(173)     Dead                           Min: 0, Avg:  0.0, Max: 0, Diff: 0, Sum: 0, Workers: 4
[3788.196s][debug][gc,phases      ] GC(173)     Total                          Min: 0, Avg: 186.2, Max: 745, Diff: 745, Sum: 745, Workers: 4
[3788.196s][debug][gc,phases      ] GC(173)   ObjectSynchronizer Weak        Min:  0.0, Avg:  0.0, Max:  0.0, Diff:  0.0, Sum:  0.0, Workers: 4
[3788.196s][debug][gc,phases      ] GC(173)     Dead                           Min: 0, Avg:  0.0, Max: 0, Diff: 0, Sum: 0, Workers: 4
[3788.196s][debug][gc,phases      ] GC(173)     Total                          Min: 0, Avg: 73.8, Max: 192, Diff: 192, Sum: 295, Workers: 4
[3788.196s][debug][gc,phases      ] GC(173)   JVMTI Tag Weak OopStorage      Min:  0.0, Avg:  0.0, Max:  0.0, Diff:  0.0, Sum:  0.0, Workers: 4
[3788.196s][debug][gc,phases      ] GC(173)     Dead                           Min: 0, Avg:  0.0, Max: 0, Diff: 0, Sum: 0, Workers: 4
[3788.196s][debug][gc,phases      ] GC(173)     Total                          Min: 0, Avg:  0.0, Max: 0, Diff: 0, Sum: 0, Workers: 4
[3788.196s][debug][gc,phases      ] GC(173)   StringTable Weak               Min:  0.1, Avg:  0.1, Max:  0.1, Diff:  0.0, Sum:  0.4, Workers: 4
[3788.196s][debug][gc,phases      ] GC(173)     Dead                           Min: 0, Avg:  0.0, Max: 0, Diff: 0, Sum: 0, Workers: 4
[3788.196s][debug][gc,phases      ] GC(173)     Total                          Min: 10475, Avg: 12218.8, Max: 13568, Diff: 3093, Sum: 48875, Workers: 4
[3788.196s][debug][gc,phases      ] GC(173)   ResolvedMethodTable Weak       Min:  0.0, Avg:  0.0, Max:  0.0, Diff:  0.0, Sum:  0.1, Workers: 4
[3788.196s][debug][gc,phases      ] GC(173)     Dead                           Min: 0, Avg:  0.0, Max: 0, Diff: 0, Sum: 0, Workers: 4
[3788.196s][debug][gc,phases      ] GC(173)     Total                          Min: 1920, Avg: 2141.2, Max: 2560, Diff: 640, Sum: 8565, Workers: 4
[3788.196s][debug][gc,phases      ] GC(173)   JNI Weak                       Min:  0.0, Avg:  0.0, Max:  0.0, Diff:  0.0, Sum:  0.0, Workers: 4
[3788.196s][debug][gc,phases      ] GC(173)     Dead                           Min: 0, Avg:  0.0, Max: 0, Diff: 0, Sum: 0, Workers: 4
[3788.196s][debug][gc,phases      ] GC(173)     Total                          Min: 0, Avg:  0.0, Max: 0, Diff: 0, Sum: 0, Workers: 4
[3788.196s][debug][gc,phases      ] GC(173)   StringDedup Table Weak         Min:  0.0, Avg:  0.0, Max:  0.0, Diff:  0.0, Sum:  0.0, Workers: 4
[3788.196s][debug][gc,phases      ] GC(173)     Dead                           Min: 0, Avg:  0.0, Max: 0, Diff: 0, Sum: 0, Workers: 4
[3788.196s][debug][gc,phases      ] GC(173)     Total                          Min: 0, Avg:  0.0, Max: 0, Diff: 0, Sum: 0, Workers: 4
[3788.196s][debug][gc,phases      ] GC(173)   StringDedup Requests0 Weak     Min:  0.0, Avg:  0.0, Max:  0.0, Diff:  0.0, Sum:  0.0, Workers: 4
[3788.196s][debug][gc,phases      ] GC(173)     Dead                           Min: 0, Avg:  0.0, Max: 0, Diff: 0, Sum: 0, Workers: 4
[3788.196s][debug][gc,phases      ] GC(173)     Total                          Min: 0, Avg:  0.0, Max: 0, Diff: 0, Sum: 0, Workers: 4
[3788.196s][debug][gc,phases      ] GC(173)   StringDedup Requests1 Weak     Min:  0.0, Avg:  0.0, Max:  0.0, Diff:  0.0, Sum:  0.0, Workers: 4
[3788.196s][debug][gc,phases      ] GC(173)     Dead                           Min: 0, Avg:  0.0, Max: 0, Diff: 0, Sum: 0, Workers: 4
[3788.196s][debug][gc,phases      ] GC(173)     Total                          Min: 0, Avg:  0.0, Max: 0, Diff: 0, Sum: 0, Workers: 4
[3788.196s][debug][gc,phases      ] GC(173)   Weak JFR Old Object Samples    Min:  0.0, Avg:  0.0, Max:  0.0, Diff:  0.0, Sum:  0.0, Workers: 4
[3788.196s][debug][gc,phases      ] GC(173)     Dead                           Min: 0, Avg:  0.0, Max: 0, Diff: 0, Sum: 0, Workers: 4
[3788.196s][debug][gc,phases      ] GC(173)     Total                          Min: 0, Avg:  0.0, Max: 0, Diff: 0, Sum: 0, Workers: 4
[3788.196s][debug][gc,phases      ] GC(173) Weak Processing 0.321ms
[3788.196s][debug][gc,age         ] GC(173) Desired survivor size 73924608 bytes, new threshold 15 (max threshold 15)
[3788.196s][info ][gc,heap        ] GC(173) PSYoungGen: 1987504K(2021376K)->40044K(2024960K) Eden: 1948672K(1948672K)->0K(1952768K) From: 38832K(72704K)->40044K(72192K)
[3788.196s][info ][gc,heap        ] GC(173) ParOldGen: 546943K(581120K)->547071K(581120K)
[3788.196s][info ][gc,metaspace   ] GC(173) Metaspace: 85191K(86080K)->85191K(86080K) NonClass: 73373K(73856K)->73373K(73856K) Class: 11817K(12224K)->11817K(12224K)
[3788.196s][info ][gc             ] GC(173) Pause Young (Allocation Failure) 2475M->573M(2545M) 13.307ms
[3788.196s][info ][gc,cpu         ] GC(173) User=0.06s Sys=0.00s Real=0.02s
[3788.196s][info ][safepoint      ] Safepoint "ParallelGCFailedAllocation", Time since last: 741134602 ns, Reaching safepoint: 96105 ns, At safepoint: 13389213 ns, Total: 13485318 ns
[3792.197s][info ][safepoint      ] Safepoint "Cleanup", Time since last: 4000290566 ns, Reaching safepoint: 73904 ns, At safepoint: 11501 ns, Total: 85405 ns
[3808.198s][info ][safepoint      ] Safepoint "Cleanup", Time since last: 16001147034 ns, Reaching safepoint: 46802 ns, At safepoint: 3401 ns, Total: 50203 ns
[3816.198s][info ][safepoint      ] Safepoint "Cleanup", Time since last: 8000618258 ns, Reaching safepoint: 63604 ns, At safepoint: 7300 ns, Total: 70904 ns
[3817.199s][info ][safepoint      ] Safepoint "Cleanup", Time since last: 1000116133 ns, Reaching safepoint: 62104 ns, At safepoint: 31902 ns, Total: 94006 ns
[3821.199s][info ][safepoint      ] Safepoint "Cleanup", Time since last: 4000280588 ns, Reaching safepoint: 52003 ns, At safepoint: 4501 ns, Total: 56504 ns
[3826.199s][info ][safepoint      ] Safepoint "Cleanup", Time since last: 5000381441 ns, Reaching safepoint: 53004 ns, At safepoint: 3500 ns, Total: 56504 ns
[3827.200s][info ][safepoint      ] Safepoint "Cleanup", Time since last: 1000142003 ns, Reaching safepoint: 69404 ns, At safepoint: 7000 ns, Total: 76404 ns
[3831.200s][info ][safepoint      ] Safepoint "Cleanup", Time since last: 4000285164 ns, Reaching safepoint: 46403 ns, At safepoint: 3000 ns, Total: 49403 ns
[3832.310s][info ][gc,start       ] GC(174) Pause Young (Allocation Failure)
[3832.320s][debug][gc,phases      ] GC(174) Scavenge 9.638ms
[3832.320s][debug][gc,ref         ] GC(174) Skipped phase 1 of Reference Processing: no references
[3832.320s][debug][gc,ref         ] GC(174) ReferenceProcessor::execute queues: 1, RefProcThreadModel::Single, marks_oops_alive: false
[3832.320s][debug][gc,ref         ] GC(174) Skipped phase 3 of Reference Processing: no references
[3832.320s][debug][gc,ref         ] GC(174) ReferenceProcessor::execute queues: 1, RefProcThreadModel::Single, marks_oops_alive: false
[3832.320s][debug][gc,phases      ] GC(174) Reference Processing 0.116ms
[3832.320s][debug][gc,phases      ] GC(174)   VM Weak                        Min:  0.0, Avg:  0.0, Max:  0.0, Diff:  0.0, Sum:  0.0, Workers: 4
[3832.320s][debug][gc,phases      ] GC(174)     Dead                           Min: 0, Avg:  0.0, Max: 0, Diff: 0, Sum: 0, Workers: 4
[3832.320s][debug][gc,phases      ] GC(174)     Total                          Min: 0, Avg: 186.2, Max: 256, Diff: 256, Sum: 745, Workers: 4
[3832.320s][debug][gc,phases      ] GC(174)   ObjectSynchronizer Weak        Min:  0.0, Avg:  0.0, Max:  0.0, Diff:  0.0, Sum:  0.0, Workers: 4
[3832.320s][debug][gc,phases      ] GC(174)     Dead                           Min: 0, Avg:  0.0, Max: 0, Diff: 0, Sum: 0, Workers: 4
[3832.320s][debug][gc,phases      ] GC(174)     Total                          Min: 39, Avg: 73.8, Max: 128, Diff: 89, Sum: 295, Workers: 4
[3832.320s][debug][gc,phases      ] GC(174)   JVMTI Tag Weak OopStorage      Min:  0.0, Avg:  0.0, Max:  0.0, Diff:  0.0, Sum:  0.0, Workers: 4
[3832.320s][debug][gc,phases      ] GC(174)     Dead                           Min: 0, Avg:  0.0, Max: 0, Diff: 0, Sum: 0, Workers: 4
[3832.320s][debug][gc,phases      ] GC(174)     Total                          Min: 0, Avg:  0.0, Max: 0, Diff: 0, Sum: 0, Workers: 4
[3832.320s][debug][gc,phases      ] GC(174)   StringTable Weak               Min:  0.1, Avg:  0.1, Max:  0.1, Diff:  0.0, Sum:  0.5, Workers: 4
[3832.320s][debug][gc,phases      ] GC(174)     Dead                           Min: 0, Avg:  0.0, Max: 0, Diff: 0, Sum: 0, Workers: 4
[3832.320s][debug][gc,phases      ] GC(174)     Total                          Min: 10688, Avg: 12218.8, Max: 14656, Diff: 3968, Sum: 48875, Workers: 4
[3832.320s][debug][gc,phases      ] GC(174)   ResolvedMethodTable Weak       Min:  0.0, Avg:  0.0, Max:  0.0, Diff:  0.0, Sum:  0.1, Workers: 4
[3832.320s][debug][gc,phases      ] GC(174)     Dead                           Min: 0, Avg:  0.0, Max: 0, Diff: 0, Sum: 0, Workers: 4
[3832.320s][debug][gc,phases      ] GC(174)     Total                          Min: 1856, Avg: 2141.2, Max: 2805, Diff: 949, Sum: 8565, Workers: 4
[3832.320s][debug][gc,phases      ] GC(174)   JNI Weak                       Min:  0.0, Avg:  0.0, Max:  0.0, Diff:  0.0, Sum:  0.0, Workers: 4
[3832.320s][debug][gc,phases      ] GC(174)     Dead                           Min: 0, Avg:  0.0, Max: 0, Diff: 0, Sum: 0, Workers: 4
[3832.320s][debug][gc,phases      ] GC(174)     Total                          Min: 0, Avg:  0.0, Max: 0, Diff: 0, Sum: 0, Workers: 4
[3832.320s][debug][gc,phases      ] GC(174)   StringDedup Table Weak         Min:  0.0, Avg:  0.0, Max:  0.0, Diff:  0.0, Sum:  0.0, Workers: 4
[3832.320s][debug][gc,phases      ] GC(174)     Dead                           Min: 0, Avg:  0.0, Max: 0, Diff: 0, Sum: 0, Workers: 4
[3832.320s][debug][gc,phases      ] GC(174)     Total                          Min: 0, Avg:  0.0, Max: 0, Diff: 0, Sum: 0, Workers: 4
[3832.320s][debug][gc,phases      ] GC(174)   StringDedup Requests0 Weak     Min:  0.0, Avg:  0.0, Max:  0.0, Diff:  0.0, Sum:  0.0, Workers: 4
[3832.320s][debug][gc,phases      ] GC(174)     Dead                           Min: 0, Avg:  0.0, Max: 0, Diff: 0, Sum: 0, Workers: 4
[3832.320s][debug][gc,phases      ] GC(174)     Total                          Min: 0, Avg:  0.0, Max: 0, Diff: 0, Sum: 0, Workers: 4
[3832.320s][debug][gc,phases      ] GC(174)   StringDedup Requests1 Weak     Min:  0.0, Avg:  0.0, Max:  0.0, Diff:  0.0, Sum:  0.0, Workers: 4
[3832.320s][debug][gc,phases      ] GC(174)     Dead                           Min: 0, Avg:  0.0, Max: 0, Diff: 0, Sum: 0, Workers: 4
[3832.320s][debug][gc,phases      ] GC(174)     Total                          Min: 0, Avg:  0.0, Max: 0, Diff: 0, Sum: 0, Workers: 4
[3832.320s][debug][gc,phases      ] GC(174)   Weak JFR Old Object Samples    Min:  0.0, Avg:  0.0, Max:  0.0, Diff:  0.0, Sum:  0.0, Workers: 4
[3832.320s][debug][gc,phases      ] GC(174)     Dead                           Min: 0, Avg:  0.0, Max: 0, Diff: 0, Sum: 0, Workers: 4
[3832.320s][debug][gc,phases      ] GC(174)     Total                          Min: 0, Avg:  0.0, Max: 0, Diff: 0, Sum: 0, Workers: 4
[3832.320s][debug][gc,phases      ] GC(174) Weak Processing 0.336ms
[3832.320s][debug][gc,age         ] GC(174) Desired survivor size 72876032 bytes, new threshold 15 (max threshold 15)
[3832.320s][info ][gc,heap        ] GC(174) PSYoungGen: 1992812K(2024960K)->38160K(2024960K) Eden: 1952768K(1952768K)->0K(1952768K) From: 40044K(72192K)->38160K(72192K)
[3832.320s][info ][gc,heap        ] GC(174) ParOldGen: 547071K(581120K)->547383K(581120K)
[3832.320s][info ][gc,metaspace   ] GC(174) Metaspace: 85196K(86080K)->85196K(86080K) NonClass: 73378K(73856K)->73378K(73856K) Class: 11817K(12224K)->11817K(12224K)
[3832.320s][info ][gc             ] GC(174) Pause Young (Allocation Failure) 2480M->571M(2545M) 10.232ms
[3832.320s][info ][gc,cpu         ] GC(174) User=0.04s Sys=0.00s Real=0.01s
[3832.320s][info ][safepoint      ] Safepoint "ParallelGCFailedAllocation", Time since last: 1109819932 ns, Reaching safepoint: 43202 ns, At safepoint: 10323726 ns, Total: 10366928 ns
[3841.321s][info ][safepoint      ] Safepoint "Cleanup", Time since last: 9000768115 ns, Reaching safepoint: 59304 ns, At safepoint: 7000 ns, Total: 66304 ns
[3844.321s][info ][safepoint      ] Safepoint "Cleanup", Time since last: 3000200748 ns, Reaching safepoint: 48303 ns, At safepoint: 8100 ns, Total: 56403 ns
[3855.322s][info ][safepoint      ] Safepoint "Cleanup", Time since last: 11000784613 ns, Reaching safepoint: 44603 ns, At safepoint: 2700 ns, Total: 47303 ns
[3857.322s][info ][safepoint      ] Safepoint "Cleanup", Time since last: 2000182821 ns, Reaching safepoint: 41802 ns, At safepoint: 5001 ns, Total: 46803 ns
[3861.323s][info ][safepoint      ] Safepoint "Cleanup", Time since last: 4000279701 ns, Reaching safepoint: 48503 ns, At safepoint: 2000 ns, Total: 50503 ns
[3865.323s][info ][safepoint      ] Safepoint "Cleanup", Time since last: 4000275555 ns, Reaching safepoint: 51303 ns, At safepoint: 2100 ns, Total: 53403 ns
[3866.323s][info ][safepoint      ] Safepoint "Cleanup", Time since last: 1000116284 ns, Reaching safepoint: 48103 ns, At safepoint: 7001 ns, Total: 55104 ns
[3885.224s][info ][gc,start       ] GC(175) Pause Young (Allocation Failure)
[3885.235s][debug][gc,phases      ] GC(175) Scavenge 10.900ms
[3885.235s][debug][gc,ref         ] GC(175) Skipped phase 1 of Reference Processing: no references
[3885.235s][debug][gc,ref         ] GC(175) ReferenceProcessor::execute queues: 1, RefProcThreadModel::Single, marks_oops_alive: false
[3885.235s][debug][gc,ref         ] GC(175) Skipped phase 3 of Reference Processing: no references
[3885.235s][debug][gc,ref         ] GC(175) ReferenceProcessor::execute queues: 1, RefProcThreadModel::Single, marks_oops_alive: false
[3885.235s][debug][gc,phases      ] GC(175) Reference Processing 0.164ms
[3885.235s][debug][gc,phases      ] GC(175)   VM Weak                        Min:  0.0, Avg:  0.0, Max:  0.0, Diff:  0.0, Sum:  0.0, Workers: 4
[3885.235s][debug][gc,phases      ] GC(175)     Dead                           Min: 0, Avg:  0.0, Max: 0, Diff: 0, Sum: 0, Workers: 4
[3885.235s][debug][gc,phases      ] GC(175)     Total                          Min: 0, Avg: 186.2, Max: 640, Diff: 640, Sum: 745, Workers: 4
[3885.235s][debug][gc,phases      ] GC(175)   ObjectSynchronizer Weak        Min:  0.0, Avg:  0.0, Max:  0.0, Diff:  0.0, Sum:  0.0, Workers: 4
[3885.235s][debug][gc,phases      ] GC(175)     Dead                           Min: 0, Avg:  0.0, Max: 0, Diff: 0, Sum: 0, Workers: 4
[3885.235s][debug][gc,phases      ] GC(175)     Total                          Min: 0, Avg: 73.8, Max: 128, Diff: 128, Sum: 295, Workers: 4
[3885.235s][debug][gc,phases      ] GC(175)   JVMTI Tag Weak OopStorage      Min:  0.0, Avg:  0.0, Max:  0.0, Diff:  0.0, Sum:  0.0, Workers: 4
[3885.235s][debug][gc,phases      ] GC(175)     Dead                           Min: 0, Avg:  0.0, Max: 0, Diff: 0, Sum: 0, Workers: 4
[3885.235s][debug][gc,phases      ] GC(175)     Total                          Min: 0, Avg:  0.0, Max: 0, Diff: 0, Sum: 0, Workers: 4
[3885.235s][debug][gc,phases      ] GC(175)   StringTable Weak               Min:  0.1, Avg:  0.1, Max:  0.1, Diff:  0.0, Sum:  0.5, Workers: 4
[3885.235s][debug][gc,phases      ] GC(175)     Dead                           Min: 0, Avg:  0.0, Max: 0, Diff: 0, Sum: 0, Workers: 4
[3885.235s][debug][gc,phases      ] GC(175)     Total                          Min: 11712, Avg: 12218.8, Max: 13355, Diff: 1643, Sum: 48875, Workers: 4
[3885.235s][debug][gc,phases      ] GC(175)   ResolvedMethodTable Weak       Min:  0.0, Avg:  0.0, Max:  0.0, Diff:  0.0, Sum:  0.1, Workers: 4
[3885.235s][debug][gc,phases      ] GC(175)     Dead                           Min: 0, Avg:  0.0, Max: 0, Diff: 0, Sum: 0, Workers: 4
[3885.235s][debug][gc,phases      ] GC(175)     Total                          Min: 1984, Avg: 2141.2, Max: 2304, Diff: 320, Sum: 8565, Workers: 4
[3885.235s][debug][gc,phases      ] GC(175)   JNI Weak                       Min:  0.0, Avg:  0.0, Max:  0.0, Diff:  0.0, Sum:  0.0, Workers: 4
[3885.235s][debug][gc,phases      ] GC(175)     Dead                           Min: 0, Avg:  0.0, Max: 0, Diff: 0, Sum: 0, Workers: 4
[3885.235s][debug][gc,phases      ] GC(175)     Total                          Min: 0, Avg:  0.0, Max: 0, Diff: 0, Sum: 0, Workers: 4
[3885.235s][debug][gc,phases      ] GC(175)   StringDedup Table Weak         Min:  0.0, Avg:  0.0, Max:  0.0, Diff:  0.0, Sum:  0.0, Workers: 4
[3885.235s][debug][gc,phases      ] GC(175)     Dead                           Min: 0, Avg:  0.0, Max: 0, Diff: 0, Sum: 0, Workers: 4
[3885.235s][debug][gc,phases      ] GC(175)     Total                          Min: 0, Avg:  0.0, Max: 0, Diff: 0, Sum: 0, Workers: 4
[3885.235s][debug][gc,phases      ] GC(175)   StringDedup Requests0 Weak     Min:  0.0, Avg:  0.0, Max:  0.0, Diff:  0.0, Sum:  0.0, Workers: 4
[3885.235s][debug][gc,phases      ] GC(175)     Dead                           Min: 0, Avg:  0.0, Max: 0, Diff: 0, Sum: 0, Workers: 4
[3885.235s][debug][gc,phases      ] GC(175)     Total                          Min: 0, Avg:  0.0, Max: 0, Diff: 0, Sum: 0, Workers: 4
[3885.235s][debug][gc,phases      ] GC(175)   StringDedup Requests1 Weak     Min:  0.0, Avg:  0.0, Max:  0.0, Diff:  0.0, Sum:  0.0, Workers: 4
[3885.235s][debug][gc,phases      ] GC(175)     Dead                           Min: 0, Avg:  0.0, Max: 0, Diff: 0, Sum: 0, Workers: 4
[3885.235s][debug][gc,phases      ] GC(175)     Total                          Min: 0, Avg:  0.0, Max: 0, Diff: 0, Sum: 0, Workers: 4
[3885.235s][debug][gc,phases      ] GC(175)   Weak JFR Old Object Samples    Min:  0.0, Avg:  0.0, Max:  0.0, Diff:  0.0, Sum:  0.0, Workers: 4
[3885.235s][debug][gc,phases      ] GC(175)     Dead                           Min: 0, Avg:  0.0, Max: 0, Diff: 0, Sum: 0, Workers: 4
[3885.235s][debug][gc,phases      ] GC(175)     Total                          Min: 0, Avg:  0.0, Max: 0, Diff: 0, Sum: 0, Workers: 4
[3885.235s][debug][gc,phases      ] GC(175) Weak Processing 0.379ms
[3885.235s][debug][gc,age         ] GC(175) Desired survivor size 71303168 bytes, new threshold 15 (max threshold 15)
[3885.235s][info ][gc,heap        ] GC(175) PSYoungGen: 1990928K(2024960K)->38240K(2027520K) Eden: 1952768K(1952768K)->0K(1956352K) From: 38160K(72192K)->38240K(71168K)
[3885.235s][info ][gc,heap        ] GC(175) ParOldGen: 547383K(581120K)->547503K(581120K)
[3885.235s][info ][gc,metaspace   ] GC(175) Metaspace: 85202K(86080K)->85202K(86080K) NonClass: 73384K(73856K)->73384K(73856K) Class: 11817K(12224K)->11817K(12224K)
[3885.235s][info ][gc             ] GC(175) Pause Young (Allocation Failure) 2478M->572M(2547M) 11.607ms
[3885.235s][info ][gc,cpu         ] GC(175) User=0.04s Sys=0.00s Real=0.02s
[3885.235s][info ][safepoint      ] Safepoint "ParallelGCFailedAllocation", Time since last: 18900431412 ns, Reaching safepoint: 40702 ns, At safepoint: 11736809 ns, Total: 11777511 ns
[3892.236s][info ][safepoint      ] Safepoint "Cleanup", Time since last: 7000478219 ns, Reaching safepoint: 48803 ns, At safepoint: 8600 ns, Total: 57403 ns
[3898.236s][info ][safepoint      ] Safepoint "Cleanup", Time since last: 6000457998 ns, Reaching safepoint: 56703 ns, At safepoint: 12201 ns, Total: 68904 ns
[3929.239s][info ][safepoint      ] Safepoint "Cleanup", Time since last: 31002142849 ns, Reaching safepoint: 61304 ns, At safepoint: 11600 ns, Total: 72904 ns
[3937.239s][info ][safepoint      ] Safepoint "Cleanup", Time since last: 8000620201 ns, Reaching safepoint: 60904 ns, At safepoint: 7000 ns, Total: 67904 ns
[3938.770s][info ][gc,start       ] GC(176) Pause Young (Allocation Failure)
[3938.781s][debug][gc,phases      ] GC(176) Scavenge 10.810ms
[3938.781s][debug][gc,ref         ] GC(176) Skipped phase 1 of Reference Processing: no references
[3938.781s][debug][gc,ref         ] GC(176) ReferenceProcessor::execute queues: 1, RefProcThreadModel::Single, marks_oops_alive: false
[3938.781s][debug][gc,ref         ] GC(176) Skipped phase 3 of Reference Processing: no references
[3938.781s][debug][gc,ref         ] GC(176) ReferenceProcessor::execute queues: 1, RefProcThreadModel::Single, marks_oops_alive: false
[3938.781s][debug][gc,phases      ] GC(176) Reference Processing 0.114ms
[3938.782s][debug][gc,phases      ] GC(176)   VM Weak                        Min:  0.0, Avg:  0.0, Max:  0.0, Diff:  0.0, Sum:  0.0, Workers: 4
[3938.782s][debug][gc,phases      ] GC(176)     Dead                           Min: 0, Avg:  0.0, Max: 0, Diff: 0, Sum: 0, Workers: 4
[3938.782s][debug][gc,phases      ] GC(176)     Total                          Min: 0, Avg: 186.2, Max: 576, Diff: 576, Sum: 745, Workers: 4
[3938.782s][debug][gc,phases      ] GC(176)   ObjectSynchronizer Weak        Min:  0.0, Avg:  0.0, Max:  0.0, Diff:  0.0, Sum:  0.0, Workers: 4
[3938.782s][debug][gc,phases      ] GC(176)     Dead                           Min: 0, Avg:  0.0, Max: 0, Diff: 0, Sum: 0, Workers: 4
[3938.782s][debug][gc,phases      ] GC(176)     Total                          Min: 0, Avg: 73.8, Max: 192, Diff: 192, Sum: 295, Workers: 4
[3938.782s][debug][gc,phases      ] GC(176)   JVMTI Tag Weak OopStorage      Min:  0.0, Avg:  0.0, Max:  0.0, Diff:  0.0, Sum:  0.0, Workers: 4
[3938.782s][debug][gc,phases      ] GC(176)     Dead                           Min: 0, Avg:  0.0, Max: 0, Diff: 0, Sum: 0, Workers: 4
[3938.782s][debug][gc,phases      ] GC(176)     Total                          Min: 0, Avg:  0.0, Max: 0, Diff: 0, Sum: 0, Workers: 4
[3938.782s][debug][gc,phases      ] GC(176)   StringTable Weak               Min:  0.1, Avg:  0.1, Max:  0.1, Diff:  0.0, Sum:  0.5, Workers: 4
[3938.782s][debug][gc,phases      ] GC(176)     Dead                           Min: 0, Avg:  0.0, Max: 0, Diff: 0, Sum: 0, Workers: 4
[3938.782s][debug][gc,phases      ] GC(176)     Total                          Min: 10944, Avg: 12218.8, Max: 13611, Diff: 2667, Sum: 48875, Workers: 4
[3938.782s][debug][gc,phases      ] GC(176)   ResolvedMethodTable Weak       Min:  0.0, Avg:  0.0, Max:  0.0, Diff:  0.0, Sum:  0.1, Workers: 4
[3938.782s][debug][gc,phases      ] GC(176)     Dead                           Min: 0, Avg:  0.0, Max: 0, Diff: 0, Sum: 0, Workers: 4
[3938.782s][debug][gc,phases      ] GC(176)     Total                          Min: 1984, Avg: 2141.2, Max: 2229, Diff: 245, Sum: 8565, Workers: 4
[3938.782s][debug][gc,phases      ] GC(176)   JNI Weak                       Min:  0.0, Avg:  0.0, Max:  0.0, Diff:  0.0, Sum:  0.0, Workers: 4
[3938.782s][debug][gc,phases      ] GC(176)     Dead                           Min: 0, Avg:  0.0, Max: 0, Diff: 0, Sum: 0, Workers: 4
[3938.782s][debug][gc,phases      ] GC(176)     Total                          Min: 0, Avg:  0.0, Max: 0, Diff: 0, Sum: 0, Workers: 4
[3938.782s][debug][gc,phases      ] GC(176)   StringDedup Table Weak         Min:  0.0, Avg:  0.0, Max:  0.0, Diff:  0.0, Sum:  0.0, Workers: 4
[3938.782s][debug][gc,phases      ] GC(176)     Dead                           Min: 0, Avg:  0.0, Max: 0, Diff: 0, Sum: 0, Workers: 4
[3938.782s][debug][gc,phases      ] GC(176)     Total                          Min: 0, Avg:  0.0, Max: 0, Diff: 0, Sum: 0, Workers: 4
[3938.782s][debug][gc,phases      ] GC(176)   StringDedup Requests0 Weak     Min:  0.0, Avg:  0.0, Max:  0.0, Diff:  0.0, Sum:  0.0, Workers: 4
[3938.782s][debug][gc,phases      ] GC(176)     Dead                           Min: 0, Avg:  0.0, Max: 0, Diff: 0, Sum: 0, Workers: 4
[3938.782s][debug][gc,phases      ] GC(176)     Total                          Min: 0, Avg:  0.0, Max: 0, Diff: 0, Sum: 0, Workers: 4
[3938.782s][debug][gc,phases      ] GC(176)   StringDedup Requests1 Weak     Min:  0.0, Avg:  0.0, Max:  0.0, Diff:  0.0, Sum:  0.0, Workers: 4
[3938.782s][debug][gc,phases      ] GC(176)     Dead                           Min: 0, Avg:  0.0, Max: 0, Diff: 0, Sum: 0, Workers: 4
[3938.782s][debug][gc,phases      ] GC(176)     Total                          Min: 0, Avg:  0.0, Max: 0, Diff: 0, Sum: 0, Workers: 4
[3938.782s][debug][gc,phases      ] GC(176)   Weak JFR Old Object Samples    Min:  0.0, Avg:  0.0, Max:  0.0, Diff:  0.0, Sum:  0.0, Workers: 4
[3938.782s][debug][gc,phases      ] GC(176)     Dead                           Min: 0, Avg:  0.0, Max: 0, Diff: 0, Sum: 0, Workers: 4
[3938.782s][debug][gc,phases      ] GC(176)     Total                          Min: 0, Avg:  0.0, Max: 0, Diff: 0, Sum: 0, Workers: 4
[3938.782s][debug][gc,phases      ] GC(176) Weak Processing 0.347ms
[3938.782s][debug][gc,age         ] GC(176) Desired survivor size 70254592 bytes, new threshold 15 (max threshold 15)
[3938.782s][info ][gc,heap        ] GC(176) PSYoungGen: 1994592K(2027520K)->38784K(2025984K) Eden: 1956352K(1956352K)->0K(1956352K) From: 38240K(71168K)->38784K(69632K)
[3938.782s][info ][gc,heap        ] GC(176) ParOldGen: 547503K(581120K)->547591K(581120K)
[3938.782s][info ][gc,metaspace   ] GC(176) Metaspace: 85208K(86080K)->85208K(86080K) NonClass: 73390K(73856K)->73390K(73856K) Class: 11817K(12224K)->11817K(12224K)
[3938.782s][info ][gc             ] GC(176) Pause Young (Allocation Failure) 2482M->572M(2546M) 11.412ms
[3938.782s][info ][gc,cpu         ] GC(176) User=0.04s Sys=0.00s Real=0.01s
[3938.782s][info ][safepoint      ] Safepoint "ParallelGCFailedAllocation", Time since last: 1531029296 ns, Reaching safepoint: 33102 ns, At safepoint: 11506094 ns, Total: 11539196 ns
[3939.782s][info ][safepoint      ] Safepoint "Cleanup", Time since last: 1000087885 ns, Reaching safepoint: 61404 ns, At safepoint: 6100 ns, Total: 67504 ns
[3941.323s][info ][safepoint      ] Safepoint "Cleanup", Time since last: 1540870379 ns, Reaching safepoint: 60404 ns, At safepoint: 7000 ns, Total: 67404 ns
[3942.323s][info ][safepoint      ] Safepoint "Cleanup", Time since last: 1000095980 ns, Reaching safepoint: 46103 ns, At safepoint: 2300 ns, Total: 48403 ns
[3948.324s][info ][safepoint      ] Safepoint "Cleanup", Time since last: 6000433818 ns, Reaching safepoint: 47803 ns, At safepoint: 2300 ns, Total: 50103 ns
[3949.324s][info ][safepoint      ] Safepoint "Cleanup", Time since last: 1000111863 ns, Reaching safepoint: 59404 ns, At safepoint: 2700 ns, Total: 62104 ns
[3951.324s][info ][safepoint      ] Safepoint "Cleanup", Time since last: 2000166016 ns, Reaching safepoint: 56803 ns, At safepoint: 8001 ns, Total: 64804 ns
[3958.325s][info ][safepoint      ] Safepoint "Cleanup", Time since last: 7000475923 ns, Reaching safepoint: 54203 ns, At safepoint: 10201 ns, Total: 64404 ns
[3959.325s][info ][safepoint      ] Safepoint "Cleanup", Time since last: 1000103638 ns, Reaching safepoint: 43003 ns, At safepoint: 3600 ns, Total: 46603 ns
[3968.325s][info ][safepoint      ] Safepoint "Cleanup", Time since last: 9000777031 ns, Reaching safepoint: 48003 ns, At safepoint: 4301 ns, Total: 52304 ns
[3970.326s][info ][safepoint      ] Safepoint "Cleanup", Time since last: 2000181826 ns, Reaching safepoint: 39902 ns, At safepoint: 21501 ns, Total: 61403 ns
[3973.326s][info ][safepoint      ] Safepoint "Cleanup", Time since last: 3000412630 ns, Reaching safepoint: 49303 ns, At safepoint: 3700 ns, Total: 53003 ns
[3975.326s][info ][safepoint      ] Safepoint "Cleanup", Time since last: 2000173302 ns, Reaching safepoint: 43703 ns, At safepoint: 2100 ns, Total: 45803 ns
[3984.327s][info ][safepoint      ] Safepoint "Cleanup", Time since last: 9000621685 ns, Reaching safepoint: 43502 ns, At safepoint: 2200 ns, Total: 45702 ns
[3988.532s][info ][gc,start       ] GC(177) Pause Young (Allocation Failure)
[3988.543s][debug][gc,phases      ] GC(177) Scavenge 10.192ms
[3988.543s][debug][gc,ref         ] GC(177) Skipped phase 1 of Reference Processing: no references
[3988.543s][debug][gc,ref         ] GC(177) ReferenceProcessor::execute queues: 1, RefProcThreadModel::Single, marks_oops_alive: false
[3988.543s][debug][gc,ref         ] GC(177) Skipped phase 3 of Reference Processing: no references
[3988.543s][debug][gc,ref         ] GC(177) ReferenceProcessor::execute queues: 1, RefProcThreadModel::Single, marks_oops_alive: false
[3988.543s][debug][gc,phases      ] GC(177) Reference Processing 0.117ms
[3988.543s][debug][gc,phases      ] GC(177)   VM Weak                        Min:  0.0, Avg:  0.0, Max:  0.0, Diff:  0.0, Sum:  0.0, Workers: 4
[3988.543s][debug][gc,phases      ] GC(177)     Dead                           Min: 0, Avg:  0.0, Max: 0, Diff: 0, Sum: 0, Workers: 4
[3988.543s][debug][gc,phases      ] GC(177)     Total                          Min: 0, Avg: 186.2, Max: 576, Diff: 576, Sum: 745, Workers: 4
[3988.543s][debug][gc,phases      ] GC(177)   ObjectSynchronizer Weak        Min:  0.0, Avg:  0.0, Max:  0.0, Diff:  0.0, Sum:  0.0, Workers: 4
[3988.543s][debug][gc,phases      ] GC(177)     Dead                           Min: 0, Avg:  0.0, Max: 0, Diff: 0, Sum: 0, Workers: 4
[3988.543s][debug][gc,phases      ] GC(177)     Total                          Min: 0, Avg: 73.8, Max: 167, Diff: 167, Sum: 295, Workers: 4
[3988.543s][debug][gc,phases      ] GC(177)   JVMTI Tag Weak OopStorage      Min:  0.0, Avg:  0.0, Max:  0.0, Diff:  0.0, Sum:  0.0, Workers: 4
[3988.543s][debug][gc,phases      ] GC(177)     Dead                           Min: 0, Avg:  0.0, Max: 0, Diff: 0, Sum: 0, Workers: 4
[3988.543s][debug][gc,phases      ] GC(177)     Total                          Min: 0, Avg:  0.0, Max: 0, Diff: 0, Sum: 0, Workers: 4
[3988.543s][debug][gc,phases      ] GC(177)   StringTable Weak               Min:  0.1, Avg:  0.1, Max:  0.1, Diff:  0.0, Sum:  0.5, Workers: 4
[3988.543s][debug][gc,phases      ] GC(177)     Dead                           Min: 0, Avg:  0.0, Max: 0, Diff: 0, Sum: 0, Workers: 4
[3988.543s][debug][gc,phases      ] GC(177)     Total                          Min: 11567, Avg: 12219.8, Max: 12928, Diff: 1361, Sum: 48879, Workers: 4
[3988.543s][debug][gc,phases      ] GC(177)   ResolvedMethodTable Weak       Min:  0.0, Avg:  0.0, Max:  0.0, Diff:  0.0, Sum:  0.1, Workers: 4
[3988.543s][debug][gc,phases      ] GC(177)     Dead                           Min: 0, Avg:  0.0, Max: 0, Diff: 0, Sum: 0, Workers: 4
[3988.543s][debug][gc,phases      ] GC(177)     Total                          Min: 1984, Avg: 2142.5, Max: 2368, Diff: 384, Sum: 8570, Workers: 4
[3988.543s][debug][gc,phases      ] GC(177)   JNI Weak                       Min:  0.0, Avg:  0.0, Max:  0.0, Diff:  0.0, Sum:  0.0, Workers: 4
[3988.543s][debug][gc,phases      ] GC(177)     Dead                           Min: 0, Avg:  0.0, Max: 0, Diff: 0, Sum: 0, Workers: 4
[3988.543s][debug][gc,phases      ] GC(177)     Total                          Min: 0, Avg:  0.0, Max: 0, Diff: 0, Sum: 0, Workers: 4
[3988.543s][debug][gc,phases      ] GC(177)   StringDedup Table Weak         Min:  0.0, Avg:  0.0, Max:  0.0, Diff:  0.0, Sum:  0.0, Workers: 4
[3988.543s][debug][gc,phases      ] GC(177)     Dead                           Min: 0, Avg:  0.0, Max: 0, Diff: 0, Sum: 0, Workers: 4
[3988.543s][debug][gc,phases      ] GC(177)     Total                          Min: 0, Avg:  0.0, Max: 0, Diff: 0, Sum: 0, Workers: 4
[3988.543s][debug][gc,phases      ] GC(177)   StringDedup Requests0 Weak     Min:  0.0, Avg:  0.0, Max:  0.0, Diff:  0.0, Sum:  0.0, Workers: 4
[3988.543s][debug][gc,phases      ] GC(177)     Dead                           Min: 0, Avg:  0.0, Max: 0, Diff: 0, Sum: 0, Workers: 4
[3988.543s][debug][gc,phases      ] GC(177)     Total                          Min: 0, Avg:  0.0, Max: 0, Diff: 0, Sum: 0, Workers: 4
[3988.543s][debug][gc,phases      ] GC(177)   StringDedup Requests1 Weak     Min:  0.0, Avg:  0.0, Max:  0.0, Diff:  0.0, Sum:  0.0, Workers: 4
[3988.543s][debug][gc,phases      ] GC(177)     Dead                           Min: 0, Avg:  0.0, Max: 0, Diff: 0, Sum: 0, Workers: 4
[3988.543s][debug][gc,phases      ] GC(177)     Total                          Min: 0, Avg:  0.0, Max: 0, Diff: 0, Sum: 0, Workers: 4
[3988.543s][debug][gc,phases      ] GC(177)   Weak JFR Old Object Samples    Min:  0.0, Avg:  0.0, Max:  0.0, Diff:  0.0, Sum:  0.0, Workers: 4
[3988.543s][debug][gc,phases      ] GC(177)     Dead                           Min: 0, Avg:  0.0, Max: 0, Diff: 0, Sum: 0, Workers: 4
[3988.543s][debug][gc,phases      ] GC(177)     Total                          Min: 0, Avg:  0.0, Max: 0, Diff: 0, Sum: 0, Workers: 4
[3988.543s][debug][gc,phases      ] GC(177) Weak Processing 0.331ms
[3988.543s][debug][gc,age         ] GC(177) Desired survivor size 68681728 bytes, new threshold 15 (max threshold 15)
[3988.543s][info ][gc,heap        ] GC(177) PSYoungGen: 1995136K(2025984K)->38992K(2030080K) Eden: 1956352K(1956352K)->0K(1961472K) From: 38784K(69632K)->38992K(68608K)
[3988.543s][info ][gc,heap        ] GC(177) ParOldGen: 547591K(581120K)->547671K(581120K)
[3988.543s][info ][gc,metaspace   ] GC(177) Metaspace: 85222K(86080K)->85222K(86080K) NonClass: 73401K(73856K)->73401K(73856K) Class: 11820K(12224K)->11820K(12224K)
[3988.543s][info ][gc             ] GC(177) Pause Young (Allocation Failure) 2483M->572M(2550M) 10.780ms
[3988.543s][info ][gc,cpu         ] GC(177) User=0.04s Sys=0.00s Real=0.01s
[3988.543s][info ][safepoint      ] Safepoint "ParallelGCFailedAllocation", Time since last: 4205084112 ns, Reaching safepoint: 44402 ns, At safepoint: 10868754 ns, Total: 10913156 ns
[3992.543s][info ][safepoint      ] Safepoint "Cleanup", Time since last: 4000306653 ns, Reaching safepoint: 74804 ns, At safepoint: 5301 ns, Total: 80105 ns
[3993.544s][info ][safepoint      ] Safepoint "Cleanup", Time since last: 1000110359 ns, Reaching safepoint: 58904 ns, At safepoint: 6000 ns, Total: 64904 ns
[3997.544s][info ][safepoint      ] Safepoint "Cleanup", Time since last: 4000302508 ns, Reaching safepoint: 49103 ns, At safepoint: 3700 ns, Total: 52803 ns
[4001.544s][info ][safepoint      ] Safepoint "Cleanup", Time since last: 4000254869 ns, Reaching safepoint: 56504 ns, At safepoint: 43202 ns, Total: 99706 ns
[4002.545s][info ][safepoint      ] Safepoint "Cleanup", Time since last: 1000102739 ns, Reaching safepoint: 66404 ns, At safepoint: 3800 ns, Total: 70204 ns
[4003.545s][info ][safepoint      ] Safepoint "Cleanup", Time since last: 1000128139 ns, Reaching safepoint: 56403 ns, At safepoint: 8401 ns, Total: 64804 ns
[4016.546s][info ][safepoint      ] Safepoint "Cleanup", Time since last: 13000905455 ns, Reaching safepoint: 51703 ns, At safepoint: 8600 ns, Total: 60303 ns
[4019.546s][info ][safepoint      ] Safepoint "Cleanup", Time since last: 3000236909 ns, Reaching safepoint: 44103 ns, At safepoint: 3700 ns, Total: 47803 ns
[4020.546s][info ][safepoint      ] Safepoint "Cleanup", Time since last: 1000124901 ns, Reaching safepoint: 47103 ns, At safepoint: 3200 ns, Total: 50303 ns
[4021.546s][info ][safepoint      ] Safepoint "Cleanup", Time since last: 1000116299 ns, Reaching safepoint: 57004 ns, At safepoint: 7300 ns, Total: 64304 ns
[4023.547s][info ][safepoint      ] Safepoint "Cleanup", Time since last: 2000172388 ns, Reaching safepoint: 42202 ns, At safepoint: 3200 ns, Total: 45402 ns
[4027.547s][info ][safepoint      ] Safepoint "Cleanup", Time since last: 4000279046 ns, Reaching safepoint: 113407 ns, At safepoint: 7000 ns, Total: 120407 ns
[4028.340s][info ][gc,start       ] GC(178) Pause Young (Allocation Failure)
[4028.352s][debug][gc,phases      ] GC(178) Scavenge 12.280ms
[4028.352s][debug][gc,ref         ] GC(178) Skipped phase 1 of Reference Processing: no references
[4028.352s][debug][gc,ref         ] GC(178) ReferenceProcessor::execute queues: 1, RefProcThreadModel::Single, marks_oops_alive: false
[4028.352s][debug][gc,ref         ] GC(178) Skipped phase 3 of Reference Processing: no references
[4028.352s][debug][gc,ref         ] GC(178) ReferenceProcessor::execute queues: 1, RefProcThreadModel::Single, marks_oops_alive: false
[4028.352s][debug][gc,phases      ] GC(178) Reference Processing 0.119ms
[4028.352s][debug][gc,phases      ] GC(178)   VM Weak                        Min:  0.0, Avg:  0.0, Max:  0.0, Diff:  0.0, Sum:  0.0, Workers: 4
[4028.352s][debug][gc,phases      ] GC(178)     Dead                           Min: 0, Avg:  0.0, Max: 0, Diff: 0, Sum: 0, Workers: 4
[4028.352s][debug][gc,phases      ] GC(178)     Total                          Min: 0, Avg: 186.2, Max: 640, Diff: 640, Sum: 745, Workers: 4
[4028.352s][debug][gc,phases      ] GC(178)   ObjectSynchronizer Weak        Min:  0.0, Avg:  0.0, Max:  0.0, Diff:  0.0, Sum:  0.0, Workers: 4
[4028.352s][debug][gc,phases      ] GC(178)     Dead                           Min: 0, Avg:  0.0, Max: 0, Diff: 0, Sum: 0, Workers: 4
[4028.352s][debug][gc,phases      ] GC(178)     Total                          Min: 0, Avg: 73.8, Max: 192, Diff: 192, Sum: 295, Workers: 4
[4028.352s][debug][gc,phases      ] GC(178)   JVMTI Tag Weak OopStorage      Min:  0.0, Avg:  0.0, Max:  0.0, Diff:  0.0, Sum:  0.0, Workers: 4
[4028.352s][debug][gc,phases      ] GC(178)     Dead                           Min: 0, Avg:  0.0, Max: 0, Diff: 0, Sum: 0, Workers: 4
[4028.352s][debug][gc,phases      ] GC(178)     Total                          Min: 0, Avg:  0.0, Max: 0, Diff: 0, Sum: 0, Workers: 4
[4028.352s][debug][gc,phases      ] GC(178)   StringTable Weak               Min:  0.1, Avg:  0.1, Max:  0.1, Diff:  0.0, Sum:  0.5, Workers: 4
[4028.352s][debug][gc,phases      ] GC(178)     Dead                           Min: 0, Avg:  0.0, Max: 0, Diff: 0, Sum: 0, Workers: 4
[4028.352s][debug][gc,phases      ] GC(178)     Total                          Min: 11328, Avg: 12221.2, Max: 13056, Diff: 1728, Sum: 48885, Workers: 4
[4028.352s][debug][gc,phases      ] GC(178)   ResolvedMethodTable Weak       Min:  0.0, Avg:  0.0, Max:  0.0, Diff:  0.0, Sum:  0.1, Workers: 4
[4028.352s][debug][gc,phases      ] GC(178)     Dead                           Min: 0, Avg:  0.0, Max: 0, Diff: 0, Sum: 0, Workers: 4
[4028.352s][debug][gc,phases      ] GC(178)     Total                          Min: 2042, Avg: 2142.5, Max: 2240, Diff: 198, Sum: 8570, Workers: 4
[4028.352s][debug][gc,phases      ] GC(178)   JNI Weak                       Min:  0.0, Avg:  0.0, Max:  0.0, Diff:  0.0, Sum:  0.0, Workers: 4
[4028.352s][debug][gc,phases      ] GC(178)     Dead                           Min: 0, Avg:  0.0, Max: 0, Diff: 0, Sum: 0, Workers: 4
[4028.352s][debug][gc,phases      ] GC(178)     Total                          Min: 0, Avg:  0.0, Max: 0, Diff: 0, Sum: 0, Workers: 4
[4028.352s][debug][gc,phases      ] GC(178)   StringDedup Table Weak         Min:  0.0, Avg:  0.0, Max:  0.0, Diff:  0.0, Sum:  0.0, Workers: 4
[4028.352s][debug][gc,phases      ] GC(178)     Dead                           Min: 0, Avg:  0.0, Max: 0, Diff: 0, Sum: 0, Workers: 4
[4028.352s][debug][gc,phases      ] GC(178)     Total                          Min: 0, Avg:  0.0, Max: 0, Diff: 0, Sum: 0, Workers: 4
[4028.352s][debug][gc,phases      ] GC(178)   StringDedup Requests0 Weak     Min:  0.0, Avg:  0.0, Max:  0.0, Diff:  0.0, Sum:  0.0, Workers: 4
[4028.352s][debug][gc,phases      ] GC(178)     Dead                           Min: 0, Avg:  0.0, Max: 0, Diff: 0, Sum: 0, Workers: 4
[4028.352s][debug][gc,phases      ] GC(178)     Total                          Min: 0, Avg:  0.0, Max: 0, Diff: 0, Sum: 0, Workers: 4
[4028.352s][debug][gc,phases      ] GC(178)   StringDedup Requests1 Weak     Min:  0.0, Avg:  0.0, Max:  0.0, Diff:  0.0, Sum:  0.0, Workers: 4
[4028.352s][debug][gc,phases      ] GC(178)     Dead                           Min: 0, Avg:  0.0, Max: 0, Diff: 0, Sum: 0, Workers: 4
[4028.352s][debug][gc,phases      ] GC(178)     Total                          Min: 0, Avg:  0.0, Max: 0, Diff: 0, Sum: 0, Workers: 4
[4028.352s][debug][gc,phases      ] GC(178)   Weak JFR Old Object Samples    Min:  0.0, Avg:  0.0, Max:  0.0, Diff:  0.0, Sum:  0.0, Workers: 4
[4028.352s][debug][gc,phases      ] GC(178)     Dead                           Min: 0, Avg:  0.0, Max: 0, Diff: 0, Sum: 0, Workers: 4
[4028.352s][debug][gc,phases      ] GC(178)     Total                          Min: 0, Avg:  0.0, Max: 0, Diff: 0, Sum: 0, Workers: 4
[4028.352s][debug][gc,phases      ] GC(178) Weak Processing 0.343ms
[4028.352s][debug][gc,age         ] GC(178) Desired survivor size 68157440 bytes, new threshold 15 (max threshold 15)
[4028.352s][info ][gc,heap        ] GC(178) PSYoungGen: 2000464K(2030080K)->39696K(2028544K) Eden: 1961472K(1961472K)->0K(1961472K) From: 38992K(68608K)->39696K(67072K)
[4028.352s][info ][gc,heap        ] GC(178) ParOldGen: 547671K(581120K)->547759K(581120K)
[4028.352s][info ][gc,metaspace   ] GC(178) Metaspace: 85231K(86144K)->85231K(86144K) NonClass: 73410K(73920K)->73410K(73920K) Class: 11820K(12224K)->11820K(12224K)
[4028.352s][info ][gc             ] GC(178) Pause Young (Allocation Failure) 2488M->573M(2548M) 12.879ms
[4028.352s][info ][gc,cpu         ] GC(178) User=0.05s Sys=0.00s Real=0.01s
[4028.353s][info ][safepoint      ] Safepoint "ParallelGCFailedAllocation", Time since last: 792572016 ns, Reaching safepoint: 37002 ns, At safepoint: 12963379 ns, Total: 13000381 ns
[4033.353s][info ][safepoint      ] Safepoint "Cleanup", Time since last: 5000363977 ns, Reaching safepoint: 141409 ns, At safepoint: 30802 ns, Total: 172211 ns
[4041.354s][info ][safepoint      ] Safepoint "Cleanup", Time since last: 8000597905 ns, Reaching safepoint: 133708 ns, At safepoint: 11601 ns, Total: 145309 ns
[4044.354s][info ][safepoint      ] Safepoint "Cleanup", Time since last: 3000239457 ns, Reaching safepoint: 117107 ns, At safepoint: 5201 ns, Total: 122308 ns
[4045.354s][info ][safepoint      ] Safepoint "Cleanup", Time since last: 1000092664 ns, Reaching safepoint: 112607 ns, At safepoint: 6601 ns, Total: 119208 ns
[4065.110s][info ][gc,start       ] GC(179) Pause Young (Allocation Failure)
[4065.133s][debug][gc,phases      ] GC(179) Scavenge 22.528ms
[4065.133s][debug][gc,ref         ] GC(179) Skipped phase 1 of Reference Processing: no references
[4065.133s][debug][gc,ref         ] GC(179) ReferenceProcessor::execute queues: 1, RefProcThreadModel::Single, marks_oops_alive: false
[4065.133s][debug][gc,ref         ] GC(179) Skipped phase 3 of Reference Processing: no references
[4065.133s][debug][gc,ref         ] GC(179) ReferenceProcessor::execute queues: 1, RefProcThreadModel::Single, marks_oops_alive: false
[4065.133s][debug][gc,phases      ] GC(179) Reference Processing 0.131ms
[4065.134s][debug][gc,phases      ] GC(179)   VM Weak                        Min:  0.0, Avg:  0.0, Max:  0.0, Diff:  0.0, Sum:  0.0, Workers: 4
[4065.134s][debug][gc,phases      ] GC(179)     Dead                           Min: 0, Avg:  0.0, Max: 0, Diff: 0, Sum: 0, Workers: 4
[4065.134s][debug][gc,phases      ] GC(179)     Total                          Min: 0, Avg: 186.2, Max: 384, Diff: 384, Sum: 745, Workers: 4
[4065.134s][debug][gc,phases      ] GC(179)   ObjectSynchronizer Weak        Min:  0.0, Avg:  0.0, Max:  0.0, Diff:  0.0, Sum:  0.0, Workers: 4
[4065.134s][debug][gc,phases      ] GC(179)     Dead                           Min: 0, Avg:  0.0, Max: 0, Diff: 0, Sum: 0, Workers: 4
[4065.134s][debug][gc,phases      ] GC(179)     Total                          Min: 0, Avg: 73.8, Max: 192, Diff: 192, Sum: 295, Workers: 4
[4065.134s][debug][gc,phases      ] GC(179)   JVMTI Tag Weak OopStorage      Min:  0.0, Avg:  0.0, Max:  0.0, Diff:  0.0, Sum:  0.0, Workers: 4
[4065.134s][debug][gc,phases      ] GC(179)     Dead                           Min: 0, Avg:  0.0, Max: 0, Diff: 0, Sum: 0, Workers: 4
[4065.134s][debug][gc,phases      ] GC(179)     Total                          Min: 0, Avg:  0.0, Max: 0, Diff: 0, Sum: 0, Workers: 4
[4065.134s][debug][gc,phases      ] GC(179)   StringTable Weak               Min:  0.0, Avg:  0.1, Max:  0.3, Diff:  0.3, Sum:  0.6, Workers: 4
[4065.134s][debug][gc,phases      ] GC(179)     Dead                           Min: 0, Avg:  0.0, Max: 0, Diff: 0, Sum: 0, Workers: 4
[4065.134s][debug][gc,phases      ] GC(179)     Total                          Min: 0, Avg: 12221.2, Max: 24629, Diff: 24629, Sum: 48885, Workers: 4
[4065.134s][debug][gc,phases      ] GC(179)   ResolvedMethodTable Weak       Min:  0.0, Avg:  0.0, Max:  0.0, Diff:  0.0, Sum:  0.1, Workers: 4
[4065.134s][debug][gc,phases      ] GC(179)     Dead                           Min: 0, Avg:  0.0, Max: 0, Diff: 0, Sum: 0, Workers: 4
[4065.134s][debug][gc,phases      ] GC(179)     Total                          Min: 0, Avg: 2142.5, Max: 4346, Diff: 4346, Sum: 8570, Workers: 4
[4065.134s][debug][gc,phases      ] GC(179)   JNI Weak                       Min:  0.0, Avg:  0.0, Max:  0.0, Diff:  0.0, Sum:  0.0, Workers: 4
[4065.134s][debug][gc,phases      ] GC(179)     Dead                           Min: 0, Avg:  0.0, Max: 0, Diff: 0, Sum: 0, Workers: 4
[4065.134s][debug][gc,phases      ] GC(179)     Total                          Min: 0, Avg:  0.0, Max: 0, Diff: 0, Sum: 0, Workers: 4
[4065.134s][debug][gc,phases      ] GC(179)   StringDedup Table Weak         Min:  0.0, Avg:  0.0, Max:  0.0, Diff:  0.0, Sum:  0.0, Workers: 4
[4065.134s][debug][gc,phases      ] GC(179)     Dead                           Min: 0, Avg:  0.0, Max: 0, Diff: 0, Sum: 0, Workers: 4
[4065.134s][debug][gc,phases      ] GC(179)     Total                          Min: 0, Avg:  0.0, Max: 0, Diff: 0, Sum: 0, Workers: 4
[4065.134s][debug][gc,phases      ] GC(179)   StringDedup Requests0 Weak     Min:  0.0, Avg:  0.0, Max:  0.0, Diff:  0.0, Sum:  0.0, Workers: 4
[4065.134s][debug][gc,phases      ] GC(179)     Dead                           Min: 0, Avg:  0.0, Max: 0, Diff: 0, Sum: 0, Workers: 4
[4065.134s][debug][gc,phases      ] GC(179)     Total                          Min: 0, Avg:  0.0, Max: 0, Diff: 0, Sum: 0, Workers: 4
[4065.134s][debug][gc,phases      ] GC(179)   StringDedup Requests1 Weak     Min:  0.0, Avg:  0.0, Max:  0.0, Diff:  0.0, Sum:  0.0, Workers: 4
[4065.134s][debug][gc,phases      ] GC(179)     Dead                           Min: 0, Avg:  0.0, Max: 0, Diff: 0, Sum: 0, Workers: 4
[4065.134s][debug][gc,phases      ] GC(179)     Total                          Min: 0, Avg:  0.0, Max: 0, Diff: 0, Sum: 0, Workers: 4
[4065.134s][debug][gc,phases      ] GC(179)   Weak JFR Old Object Samples    Min:  0.0, Avg:  0.0, Max:  0.0, Diff:  0.0, Sum:  0.0, Workers: 4
[4065.134s][debug][gc,phases      ] GC(179)     Dead                           Min: 0, Avg:  0.0, Max: 0, Diff: 0, Sum: 0, Workers: 4
[4065.134s][debug][gc,phases      ] GC(179)     Total                          Min: 0, Avg:  0.0, Max: 0, Diff: 0, Sum: 0, Workers: 4
[4065.134s][debug][gc,phases      ] GC(179) Weak Processing 0.589ms
[4065.134s][debug][gc,age         ] GC(179) Desired survivor size 67108864 bytes, new threshold 15 (max threshold 15)
[4065.134s][info ][gc,heap        ] GC(179) PSYoungGen: 2001168K(2028544K)->39904K(2031616K) Eden: 1961472K(1961472K)->0K(1965056K) From: 39696K(67072K)->39904K(66560K)
[4065.134s][info ][gc,heap        ] GC(179) ParOldGen: 547759K(581120K)->548059K(581120K)
[4065.134s][info ][gc,metaspace   ] GC(179) Metaspace: 85231K(86144K)->85231K(86144K) NonClass: 73410K(73920K)->73410K(73920K) Class: 11820K(12224K)->11820K(12224K)
[4065.134s][info ][gc             ] GC(179) Pause Young (Allocation Failure) 2489M->574M(2551M) 23.421ms
[4065.134s][info ][gc,cpu         ] GC(179) User=0.05s Sys=0.00s Real=0.03s
[4065.134s][info ][safepoint      ] Safepoint "ParallelGCFailedAllocation", Time since last: 19756016653 ns, Reaching safepoint: 50603 ns, At safepoint: 23530631 ns, Total: 23581234 ns
[4067.134s][info ][safepoint      ] Safepoint "Cleanup", Time since last: 2000163775 ns, Reaching safepoint: 56204 ns, At safepoint: 30202 ns, Total: 86406 ns
[4076.135s][info ][safepoint      ] Safepoint "Cleanup", Time since last: 9000654622 ns, Reaching safepoint: 54003 ns, At safepoint: 5401 ns, Total: 59404 ns
[4077.135s][info ][safepoint      ] Safepoint "Cleanup", Time since last: 1000122532 ns, Reaching safepoint: 58604 ns, At safepoint: 9800 ns, Total: 68404 ns
[4079.135s][info ][safepoint      ] Safepoint "Cleanup", Time since last: 2000185730 ns, Reaching safepoint: 57304 ns, At safepoint: 3600 ns, Total: 60904 ns
[4081.136s][info ][safepoint      ] Safepoint "Cleanup", Time since last: 2000187090 ns, Reaching safepoint: 61904 ns, At safepoint: 4300 ns, Total: 66204 ns
[4087.136s][info ][safepoint      ] Safepoint "Cleanup", Time since last: 6000467921 ns, Reaching safepoint: 64004 ns, At safepoint: 11801 ns, Total: 75805 ns
[4089.136s][info ][safepoint      ] Safepoint "Cleanup", Time since last: 2000176728 ns, Reaching safepoint: 56803 ns, At safepoint: 3301 ns, Total: 60104 ns
[4091.137s][info ][safepoint      ] Safepoint "Cleanup", Time since last: 2000191989 ns, Reaching safepoint: 59304 ns, At safepoint: 3900 ns, Total: 63204 ns
[4092.137s][info ][safepoint      ] Safepoint "Cleanup", Time since last: 1000124782 ns, Reaching safepoint: 57803 ns, At safepoint: 2200 ns, Total: 60003 ns
[4102.138s][info ][safepoint      ] Safepoint "Cleanup", Time since last: 10000719642 ns, Reaching safepoint: 71604 ns, At safepoint: 10901 ns, Total: 82505 ns
[4106.758s][info ][gc,start       ] GC(180) Pause Young (Allocation Failure)
[4106.774s][debug][gc,phases      ] GC(180) Scavenge 15.453ms
[4106.774s][debug][gc,ref         ] GC(180) Skipped phase 1 of Reference Processing: no references
[4106.774s][debug][gc,ref         ] GC(180) ReferenceProcessor::execute queues: 1, RefProcThreadModel::Single, marks_oops_alive: false
[4106.774s][debug][gc,ref         ] GC(180) Skipped phase 3 of Reference Processing: no references
[4106.774s][debug][gc,ref         ] GC(180) ReferenceProcessor::execute queues: 1, RefProcThreadModel::Single, marks_oops_alive: false
[4106.774s][debug][gc,phases      ] GC(180) Reference Processing 0.112ms
[4106.774s][debug][gc,phases      ] GC(180)   VM Weak                        Min:  0.0, Avg:  0.0, Max:  0.0, Diff:  0.0, Sum:  0.0, Workers: 4
[4106.774s][debug][gc,phases      ] GC(180)     Dead                           Min: 0, Avg:  0.0, Max: 0, Diff: 0, Sum: 0, Workers: 4
[4106.774s][debug][gc,phases      ] GC(180)     Total                          Min: 0, Avg: 186.2, Max: 576, Diff: 576, Sum: 745, Workers: 4
[4106.774s][debug][gc,phases      ] GC(180)   ObjectSynchronizer Weak        Min:  0.0, Avg:  0.0, Max:  0.0, Diff:  0.0, Sum:  0.0, Workers: 4
[4106.774s][debug][gc,phases      ] GC(180)     Dead                           Min: 0, Avg:  0.0, Max: 0, Diff: 0, Sum: 0, Workers: 4
[4106.774s][debug][gc,phases      ] GC(180)     Total                          Min: 0, Avg: 73.8, Max: 128, Diff: 128, Sum: 295, Workers: 4
[4106.774s][debug][gc,phases      ] GC(180)   JVMTI Tag Weak OopStorage      Min:  0.0, Avg:  0.0, Max:  0.0, Diff:  0.0, Sum:  0.0, Workers: 4
[4106.774s][debug][gc,phases      ] GC(180)     Dead                           Min: 0, Avg:  0.0, Max: 0, Diff: 0, Sum: 0, Workers: 4
[4106.774s][debug][gc,phases      ] GC(180)     Total                          Min: 0, Avg:  0.0, Max: 0, Diff: 0, Sum: 0, Workers: 4
[4106.774s][debug][gc,phases      ] GC(180)   StringTable Weak               Min:  0.1, Avg:  0.1, Max:  0.1, Diff:  0.0, Sum:  0.6, Workers: 4
[4106.774s][debug][gc,phases      ] GC(180)     Dead                           Min: 0, Avg:  0.0, Max: 0, Diff: 0, Sum: 0, Workers: 4
[4106.774s][debug][gc,phases      ] GC(180)     Total                          Min: 11392, Avg: 12221.2, Max: 12661, Diff: 1269, Sum: 48885, Workers: 4
[4106.774s][debug][gc,phases      ] GC(180)   ResolvedMethodTable Weak       Min:  0.0, Avg:  0.0, Max:  0.0, Diff:  0.0, Sum:  0.1, Workers: 4
[4106.774s][debug][gc,phases      ] GC(180)     Dead                           Min: 0, Avg:  0.0, Max: 0, Diff: 0, Sum: 0, Workers: 4
[4106.774s][debug][gc,phases      ] GC(180)     Total                          Min: 1984, Avg: 2142.5, Max: 2304, Diff: 320, Sum: 8570, Workers: 4
[4106.774s][debug][gc,phases      ] GC(180)   JNI Weak                       Min:  0.0, Avg:  0.0, Max:  0.0, Diff:  0.0, Sum:  0.0, Workers: 4
[4106.774s][debug][gc,phases      ] GC(180)     Dead                           Min: 0, Avg:  0.0, Max: 0, Diff: 0, Sum: 0, Workers: 4
[4106.774s][debug][gc,phases      ] GC(180)     Total                          Min: 0, Avg:  0.0, Max: 0, Diff: 0, Sum: 0, Workers: 4
[4106.774s][debug][gc,phases      ] GC(180)   StringDedup Table Weak         Min:  0.0, Avg:  0.0, Max:  0.0, Diff:  0.0, Sum:  0.0, Workers: 4
[4106.774s][debug][gc,phases      ] GC(180)     Dead                           Min: 0, Avg:  0.0, Max: 0, Diff: 0, Sum: 0, Workers: 4
[4106.774s][debug][gc,phases      ] GC(180)     Total                          Min: 0, Avg:  0.0, Max: 0, Diff: 0, Sum: 0, Workers: 4
[4106.774s][debug][gc,phases      ] GC(180)   StringDedup Requests0 Weak     Min:  0.0, Avg:  0.0, Max:  0.0, Diff:  0.0, Sum:  0.0, Workers: 4
[4106.774s][debug][gc,phases      ] GC(180)     Dead                           Min: 0, Avg:  0.0, Max: 0, Diff: 0, Sum: 0, Workers: 4
[4106.774s][debug][gc,phases      ] GC(180)     Total                          Min: 0, Avg:  0.0, Max: 0, Diff: 0, Sum: 0, Workers: 4
[4106.774s][debug][gc,phases      ] GC(180)   StringDedup Requests1 Weak     Min:  0.0, Avg:  0.0, Max:  0.0, Diff:  0.0, Sum:  0.0, Workers: 4
[4106.774s][debug][gc,phases      ] GC(180)     Dead                           Min: 0, Avg:  0.0, Max: 0, Diff: 0, Sum: 0, Workers: 4
[4106.774s][debug][gc,phases      ] GC(180)     Total                          Min: 0, Avg:  0.0, Max: 0, Diff: 0, Sum: 0, Workers: 4
[4106.774s][debug][gc,phases      ] GC(180)   Weak JFR Old Object Samples    Min:  0.0, Avg:  0.0, Max:  0.0, Diff:  0.0, Sum:  0.0, Workers: 4
[4106.774s][debug][gc,phases      ] GC(180)     Dead                           Min: 0, Avg:  0.0, Max: 0, Diff: 0, Sum: 0, Workers: 4
[4106.774s][debug][gc,phases      ] GC(180)     Total                          Min: 0, Avg:  0.0, Max: 0, Diff: 0, Sum: 0, Workers: 4
[4106.774s][debug][gc,phases      ] GC(180) Weak Processing 0.362ms
[4106.774s][debug][gc,age         ] GC(180) Desired survivor size 64487424 bytes, new threshold 15 (max threshold 15)
[4106.774s][info ][gc,heap        ] GC(180) PSYoungGen: 2004960K(2031616K)->30240K(2030592K) Eden: 1965056K(1965056K)->0K(1965056K) From: 39904K(66560K)->30240K(65536K)
[4106.774s][info ][gc,heap        ] GC(180) ParOldGen: 548059K(581120K)->548236K(581120K)
[4106.774s][info ][gc,metaspace   ] GC(180) Metaspace: 85233K(86144K)->85233K(86144K) NonClass: 73412K(73920K)->73412K(73920K) Class: 11820K(12224K)->11820K(12224K)
[4106.774s][info ][gc             ] GC(180) Pause Young (Allocation Failure) 2493M->564M(2550M) 16.078ms
[4106.774s][info ][gc,cpu         ] GC(180) User=0.05s Sys=0.00s Real=0.02s
[4106.775s][info ][safepoint      ] Safepoint "ParallelGCFailedAllocation", Time since last: 4620643817 ns, Reaching safepoint: 41203 ns, At safepoint: 16170645 ns, Total: 16211848 ns
[4146.777s][info ][safepoint      ] Safepoint "Cleanup", Time since last: 40002706316 ns, Reaching safepoint: 54903 ns, At safepoint: 3801 ns, Total: 58704 ns
[4147.777s][info ][safepoint      ] Safepoint "Cleanup", Time since last: 1000122359 ns, Reaching safepoint: 53104 ns, At safepoint: 2600 ns, Total: 55704 ns
[4165.478s][info ][gc,start       ] GC(181) Pause Young (Allocation Failure)
[4165.486s][debug][gc,phases      ] GC(181) Scavenge 8.378ms
[4165.486s][debug][gc,ref         ] GC(181) Skipped phase 1 of Reference Processing: no references
[4165.487s][debug][gc,ref         ] GC(181) ReferenceProcessor::execute queues: 1, RefProcThreadModel::Single, marks_oops_alive: false
[4165.487s][debug][gc,ref         ] GC(181) ReferenceProcessor::execute queues: 4, RefProcThreadModel::Multi, marks_oops_alive: true
[4165.487s][debug][gc,ref         ] GC(181) ReferenceProcessor::execute queues: 1, RefProcThreadModel::Single, marks_oops_alive: false
[4165.487s][debug][gc,phases      ] GC(181) Reference Processing 0.172ms
[4165.487s][debug][gc,phases      ] GC(181)   VM Weak                        Min:  0.0, Avg:  0.0, Max:  0.0, Diff:  0.0, Sum:  0.0, Workers: 4
[4165.487s][debug][gc,phases      ] GC(181)     Dead                           Min: 0, Avg:  0.0, Max: 0, Diff: 0, Sum: 0, Workers: 4
[4165.487s][debug][gc,phases      ] GC(181)     Total                          Min: 0, Avg: 186.2, Max: 489, Diff: 489, Sum: 745, Workers: 4
[4165.487s][debug][gc,phases      ] GC(181)   ObjectSynchronizer Weak        Min:  0.0, Avg:  0.0, Max:  0.0, Diff:  0.0, Sum:  0.0, Workers: 4
[4165.487s][debug][gc,phases      ] GC(181)     Dead                           Min: 0, Avg:  0.0, Max: 0, Diff: 0, Sum: 0, Workers: 4
[4165.487s][debug][gc,phases      ] GC(181)     Total                          Min: 0, Avg: 73.8, Max: 167, Diff: 167, Sum: 295, Workers: 4
[4165.487s][debug][gc,phases      ] GC(181)   JVMTI Tag Weak OopStorage      Min:  0.0, Avg:  0.0, Max:  0.0, Diff:  0.0, Sum:  0.0, Workers: 4
[4165.487s][debug][gc,phases      ] GC(181)     Dead                           Min: 0, Avg:  0.0, Max: 0, Diff: 0, Sum: 0, Workers: 4
[4165.487s][debug][gc,phases      ] GC(181)     Total                          Min: 0, Avg:  0.0, Max: 0, Diff: 0, Sum: 0, Workers: 4
[4165.487s][debug][gc,phases      ] GC(181)   StringTable Weak               Min:  0.1, Avg:  0.1, Max:  0.1, Diff:  0.0, Sum:  0.5, Workers: 4
[4165.487s][debug][gc,phases      ] GC(181)     Dead                           Min: 0, Avg:  0.0, Max: 0, Diff: 0, Sum: 0, Workers: 4
[4165.487s][debug][gc,phases      ] GC(181)     Total                          Min: 9920, Avg: 12222.8, Max: 13632, Diff: 3712, Sum: 48891, Workers: 4
[4165.487s][debug][gc,phases      ] GC(181)   ResolvedMethodTable Weak       Min:  0.0, Avg:  0.0, Max:  0.0, Diff:  0.0, Sum:  0.1, Workers: 4
[4165.487s][debug][gc,phases      ] GC(181)     Dead                           Min: 0, Avg:  0.0, Max: 0, Diff: 0, Sum: 0, Workers: 4
[4165.487s][debug][gc,phases      ] GC(181)     Total                          Min: 2042, Avg: 2142.5, Max: 2368, Diff: 326, Sum: 8570, Workers: 4
[4165.487s][debug][gc,phases      ] GC(181)   JNI Weak                       Min:  0.0, Avg:  0.0, Max:  0.0, Diff:  0.0, Sum:  0.0, Workers: 4
[4165.487s][debug][gc,phases      ] GC(181)     Dead                           Min: 0, Avg:  0.0, Max: 0, Diff: 0, Sum: 0, Workers: 4
[4165.487s][debug][gc,phases      ] GC(181)     Total                          Min: 0, Avg:  0.0, Max: 0, Diff: 0, Sum: 0, Workers: 4
[4165.487s][debug][gc,phases      ] GC(181)   StringDedup Table Weak         Min:  0.0, Avg:  0.0, Max:  0.0, Diff:  0.0, Sum:  0.0, Workers: 4
[4165.487s][debug][gc,phases      ] GC(181)     Dead                           Min: 0, Avg:  0.0, Max: 0, Diff: 0, Sum: 0, Workers: 4
[4165.487s][debug][gc,phases      ] GC(181)     Total                          Min: 0, Avg:  0.0, Max: 0, Diff: 0, Sum: 0, Workers: 4
[4165.487s][debug][gc,phases      ] GC(181)   StringDedup Requests0 Weak     Min:  0.0, Avg:  0.0, Max:  0.0, Diff:  0.0, Sum:  0.0, Workers: 4
[4165.487s][debug][gc,phases      ] GC(181)     Dead                           Min: 0, Avg:  0.0, Max: 0, Diff: 0, Sum: 0, Workers: 4
[4165.487s][debug][gc,phases      ] GC(181)     Total                          Min: 0, Avg:  0.0, Max: 0, Diff: 0, Sum: 0, Workers: 4
[4165.487s][debug][gc,phases      ] GC(181)   StringDedup Requests1 Weak     Min:  0.0, Avg:  0.0, Max:  0.0, Diff:  0.0, Sum:  0.0, Workers: 4
[4165.487s][debug][gc,phases      ] GC(181)     Dead                           Min: 0, Avg:  0.0, Max: 0, Diff: 0, Sum: 0, Workers: 4
[4165.487s][debug][gc,phases      ] GC(181)     Total                          Min: 0, Avg:  0.0, Max: 0, Diff: 0, Sum: 0, Workers: 4
[4165.487s][debug][gc,phases      ] GC(181)   Weak JFR Old Object Samples    Min:  0.0, Avg:  0.0, Max:  0.0, Diff:  0.0, Sum:  0.0, Workers: 4
[4165.487s][debug][gc,phases      ] GC(181)     Dead                           Min: 0, Avg:  0.0, Max: 0, Diff: 0, Sum: 0, Workers: 4
[4165.487s][debug][gc,phases      ] GC(181)     Total                          Min: 0, Avg:  0.0, Max: 0, Diff: 0, Sum: 0, Workers: 4
[4165.487s][debug][gc,phases      ] GC(181) Weak Processing 0.351ms
[4165.487s][debug][gc,age         ] GC(181) Desired survivor size 62390272 bytes, new threshold 15 (max threshold 15)
[4165.487s][info ][gc,heap        ] GC(181) PSYoungGen: 1995296K(2030592K)->28912K(2036224K) Eden: 1965056K(1965056K)->0K(1973248K) From: 30240K(65536K)->28912K(62976K)
[4165.487s][info ][gc,heap        ] GC(181) ParOldGen: 548236K(581120K)->548476K(581120K)
[4165.487s][info ][gc,metaspace   ] GC(181) Metaspace: 85250K(86144K)->85250K(86144K) NonClass: 73429K(73920K)->73429K(73920K) Class: 11820K(12224K)->11820K(12224K)
[4165.487s][info ][gc             ] GC(181) Pause Young (Allocation Failure) 2483M->563M(2556M) 9.041ms
[4165.487s][info ][gc,cpu         ] GC(181) User=0.04s Sys=0.00s Real=0.01s
[4165.487s][info ][safepoint      ] Safepoint "ParallelGCFailedAllocation", Time since last: 17700448030 ns, Reaching safepoint: 43403 ns, At safepoint: 9131085 ns, Total: 9174488 ns
[4182.488s][info ][safepoint      ] Safepoint "Cleanup", Time since last: 17001179828 ns, Reaching safepoint: 55503 ns, At safepoint: 8401 ns, Total: 63904 ns
[4185.489s][info ][safepoint      ] Safepoint "Cleanup", Time since last: 3000248027 ns, Reaching safepoint: 55203 ns, At safepoint: 31602 ns, Total: 86805 ns
[4186.489s][info ][safepoint      ] Safepoint "Cleanup", Time since last: 1000086826 ns, Reaching safepoint: 68905 ns, At safepoint: 3300 ns, Total: 72205 ns
[4193.489s][info ][safepoint      ] Safepoint "Cleanup", Time since last: 7000515447 ns, Reaching safepoint: 51904 ns, At safepoint: 5400 ns, Total: 57304 ns
[4194.490s][info ][safepoint      ] Safepoint "Cleanup", Time since last: 1000114463 ns, Reaching safepoint: 55703 ns, At safepoint: 2500 ns, Total: 58203 ns
[4196.490s][info ][safepoint      ] Safepoint "Cleanup", Time since last: 2000182198 ns, Reaching safepoint: 52403 ns, At safepoint: 4001 ns, Total: 56404 ns
[4199.490s][info ][safepoint      ] Safepoint "Cleanup", Time since last: 3000251884 ns, Reaching safepoint: 52404 ns, At safepoint: 2500 ns, Total: 54904 ns
[4207.491s][info ][safepoint      ] Safepoint "Cleanup", Time since last: 8000598069 ns, Reaching safepoint: 54504 ns, At safepoint: 3000 ns, Total: 57504 ns
[4234.032s][info ][gc,start       ] GC(182) Pause Young (Allocation Failure)
[4234.038s][debug][gc,phases      ] GC(182) Scavenge 6.210ms
[4234.038s][debug][gc,ref         ] GC(182) Skipped phase 1 of Reference Processing: no references
[4234.038s][debug][gc,ref         ] GC(182) ReferenceProcessor::execute queues: 1, RefProcThreadModel::Single, marks_oops_alive: false
[4234.038s][debug][gc,ref         ] GC(182) Skipped phase 3 of Reference Processing: no references
[4234.038s][debug][gc,ref         ] GC(182) ReferenceProcessor::execute queues: 1, RefProcThreadModel::Single, marks_oops_alive: false
[4234.038s][debug][gc,phases      ] GC(182) Reference Processing 0.111ms
[4234.038s][debug][gc,phases      ] GC(182)   VM Weak                        Min:  0.0, Avg:  0.0, Max:  0.0, Diff:  0.0, Sum:  0.0, Workers: 4
[4234.038s][debug][gc,phases      ] GC(182)     Dead                           Min: 0, Avg:  0.0, Max: 0, Diff: 0, Sum: 0, Workers: 4
[4234.038s][debug][gc,phases      ] GC(182)     Total                          Min: 0, Avg: 186.2, Max: 384, Diff: 384, Sum: 745, Workers: 4
[4234.038s][debug][gc,phases      ] GC(182)   ObjectSynchronizer Weak        Min:  0.0, Avg:  0.0, Max:  0.0, Diff:  0.0, Sum:  0.0, Workers: 4
[4234.038s][debug][gc,phases      ] GC(182)     Dead                           Min: 0, Avg:  0.0, Max: 0, Diff: 0, Sum: 0, Workers: 4
[4234.038s][debug][gc,phases      ] GC(182)     Total                          Min: 0, Avg: 73.8, Max: 128, Diff: 128, Sum: 295, Workers: 4
[4234.038s][debug][gc,phases      ] GC(182)   JVMTI Tag Weak OopStorage      Min:  0.0, Avg:  0.0, Max:  0.0, Diff:  0.0, Sum:  0.0, Workers: 4
[4234.038s][debug][gc,phases      ] GC(182)     Dead                           Min: 0, Avg:  0.0, Max: 0, Diff: 0, Sum: 0, Workers: 4
[4234.038s][debug][gc,phases      ] GC(182)     Total                          Min: 0, Avg:  0.0, Max: 0, Diff: 0, Sum: 0, Workers: 4
[4234.038s][debug][gc,phases      ] GC(182)   StringTable Weak               Min:  0.1, Avg:  0.1, Max:  0.1, Diff:  0.0, Sum:  0.4, Workers: 4
[4234.038s][debug][gc,phases      ] GC(182)     Dead                           Min: 0, Avg:  0.0, Max: 0, Diff: 0, Sum: 0, Workers: 4
[4234.038s][debug][gc,phases      ] GC(182)     Total                          Min: 11968, Avg: 12225.8, Max: 12359, Diff: 391, Sum: 48903, Workers: 4
[4234.038s][debug][gc,phases      ] GC(182)   ResolvedMethodTable Weak       Min:  0.0, Avg:  0.0, Max:  0.0, Diff:  0.0, Sum:  0.1, Workers: 4
[4234.038s][debug][gc,phases      ] GC(182)     Dead                           Min: 0, Avg:  0.0, Max: 0, Diff: 0, Sum: 0, Workers: 4
[4234.038s][debug][gc,phases      ] GC(182)     Total                          Min: 2048, Avg: 2142.5, Max: 2304, Diff: 256, Sum: 8570, Workers: 4
[4234.038s][debug][gc,phases      ] GC(182)   JNI Weak                       Min:  0.0, Avg:  0.0, Max:  0.0, Diff:  0.0, Sum:  0.0, Workers: 4
[4234.038s][debug][gc,phases      ] GC(182)     Dead                           Min: 0, Avg:  0.0, Max: 0, Diff: 0, Sum: 0, Workers: 4
[4234.038s][debug][gc,phases      ] GC(182)     Total                          Min: 0, Avg:  0.0, Max: 0, Diff: 0, Sum: 0, Workers: 4
[4234.038s][debug][gc,phases      ] GC(182)   StringDedup Table Weak         Min:  0.0, Avg:  0.0, Max:  0.0, Diff:  0.0, Sum:  0.0, Workers: 4
[4234.038s][debug][gc,phases      ] GC(182)     Dead                           Min: 0, Avg:  0.0, Max: 0, Diff: 0, Sum: 0, Workers: 4
[4234.038s][debug][gc,phases      ] GC(182)     Total                          Min: 0, Avg:  0.0, Max: 0, Diff: 0, Sum: 0, Workers: 4
[4234.038s][debug][gc,phases      ] GC(182)   StringDedup Requests0 Weak     Min:  0.0, Avg:  0.0, Max:  0.0, Diff:  0.0, Sum:  0.0, Workers: 4
[4234.038s][debug][gc,phases      ] GC(182)     Dead                           Min: 0, Avg:  0.0, Max: 0, Diff: 0, Sum: 0, Workers: 4
[4234.038s][debug][gc,phases      ] GC(182)     Total                          Min: 0, Avg:  0.0, Max: 0, Diff: 0, Sum: 0, Workers: 4
[4234.038s][debug][gc,phases      ] GC(182)   StringDedup Requests1 Weak     Min:  0.0, Avg:  0.0, Max:  0.0, Diff:  0.0, Sum:  0.0, Workers: 4
[4234.038s][debug][gc,phases      ] GC(182)     Dead                           Min: 0, Avg:  0.0, Max: 0, Diff: 0, Sum: 0, Workers: 4
[4234.038s][debug][gc,phases      ] GC(182)     Total                          Min: 0, Avg:  0.0, Max: 0, Diff: 0, Sum: 0, Workers: 4
[4234.038s][debug][gc,phases      ] GC(182)   Weak JFR Old Object Samples    Min:  0.0, Avg:  0.0, Max:  0.0, Diff:  0.0, Sum:  0.0, Workers: 4
[4234.038s][debug][gc,phases      ] GC(182)     Dead                           Min: 0, Avg:  0.0, Max: 0, Diff: 0, Sum: 0, Workers: 4
[4234.038s][debug][gc,phases      ] GC(182)     Total                          Min: 0, Avg:  0.0, Max: 0, Diff: 0, Sum: 0, Workers: 4
[4234.038s][debug][gc,phases      ] GC(182) Weak Processing 0.314ms
[4234.038s][debug][gc,age         ] GC(182) Desired survivor size 62390272 bytes, new threshold 15 (max threshold 15)
[4234.038s][info ][gc,heap        ] GC(182) PSYoungGen: 2002160K(2036224K)->16496K(2034176K) Eden: 1973248K(1973248K)->0K(1973248K) From: 28912K(62976K)->16496K(60928K)
[4234.038s][info ][gc,heap        ] GC(182) ParOldGen: 548476K(581120K)->548848K(581120K)
[4234.038s][info ][gc,metaspace   ] GC(182) Metaspace: 85253K(86144K)->85253K(86144K) NonClass: 73433K(73920K)->73433K(73920K) Class: 11820K(12224K)->11820K(12224K)
[4234.038s][info ][gc             ] GC(182) Pause Young (Allocation Failure) 2490M->552M(2554M) 6.771ms
[4234.039s][info ][gc,cpu         ] GC(182) User=0.02s Sys=0.00s Real=0.01s
[4234.039s][info ][safepoint      ] Safepoint "ParallelGCFailedAllocation", Time since last: 26540869374 ns, Reaching safepoint: 50803 ns, At safepoint: 6857335 ns, Total: 6908138 ns
[4257.040s][info ][safepoint      ] Safepoint "Cleanup", Time since last: 23001520933 ns, Reaching safepoint: 64404 ns, At safepoint: 11901 ns, Total: 76305 ns
[4265.041s][info ][safepoint      ] Safepoint "Cleanup", Time since last: 8000625807 ns, Reaching safepoint: 90106 ns, At safepoint: 11000 ns, Total: 101106 ns
[4274.042s][info ][safepoint      ] Safepoint "Cleanup", Time since last: 9000612713 ns, Reaching safepoint: 62804 ns, At safepoint: 6601 ns, Total: 69405 ns
[4288.043s][info ][safepoint      ] Safepoint "Cleanup", Time since last: 14000930150 ns, Reaching safepoint: 130309 ns, At safepoint: 14401 ns, Total: 144710 ns
[4288.311s][info ][gc,start       ] GC(183) Pause Young (Allocation Failure)
[4288.333s][debug][gc,phases      ] GC(183) Scavenge 22.823ms
[4288.334s][debug][gc,ref         ] GC(183) Skipped phase 1 of Reference Processing: no references
[4288.334s][debug][gc,ref         ] GC(183) ReferenceProcessor::execute queues: 1, RefProcThreadModel::Single, marks_oops_alive: false
[4288.334s][debug][gc,ref         ] GC(183) ReferenceProcessor::execute queues: 4, RefProcThreadModel::Multi, marks_oops_alive: true
[4288.334s][debug][gc,ref         ] GC(183) ReferenceProcessor::execute queues: 1, RefProcThreadModel::Single, marks_oops_alive: false
[4288.334s][debug][gc,phases      ] GC(183) Reference Processing 0.199ms
[4288.334s][debug][gc,phases      ] GC(183)   VM Weak                        Min:  0.0, Avg:  0.0, Max:  0.0, Diff:  0.0, Sum:  0.0, Workers: 4
[4288.334s][debug][gc,phases      ] GC(183)     Dead                           Min: 0, Avg:  0.0, Max: 0, Diff: 0, Sum: 0, Workers: 4
[4288.334s][debug][gc,phases      ] GC(183)     Total                          Min: 0, Avg: 186.5, Max: 384, Diff: 384, Sum: 746, Workers: 4
[4288.334s][debug][gc,phases      ] GC(183)   ObjectSynchronizer Weak        Min:  0.0, Avg:  0.0, Max:  0.0, Diff:  0.0, Sum:  0.0, Workers: 4
[4288.334s][debug][gc,phases      ] GC(183)     Dead                           Min: 0, Avg:  0.2, Max: 1, Diff: 1, Sum: 1, Workers: 4
[4288.334s][debug][gc,phases      ] GC(183)     Total                          Min: 40, Avg: 74.0, Max: 128, Diff: 88, Sum: 296, Workers: 4
[4288.334s][debug][gc,phases      ] GC(183)   JVMTI Tag Weak OopStorage      Min:  0.0, Avg:  0.0, Max:  0.0, Diff:  0.0, Sum:  0.0, Workers: 4
[4288.334s][debug][gc,phases      ] GC(183)     Dead                           Min: 0, Avg:  0.0, Max: 0, Diff: 0, Sum: 0, Workers: 4
[4288.334s][debug][gc,phases      ] GC(183)     Total                          Min: 0, Avg:  0.0, Max: 0, Diff: 0, Sum: 0, Workers: 4
[4288.334s][debug][gc,phases      ] GC(183)   StringTable Weak               Min:  0.1, Avg:  0.1, Max:  0.1, Diff:  0.0, Sum:  0.5, Workers: 4
[4288.334s][debug][gc,phases      ] GC(183)     Dead                           Min: 0, Avg:  0.2, Max: 1, Diff: 1, Sum: 1, Workers: 4
[4288.334s][debug][gc,phases      ] GC(183)     Total                          Min: 11391, Avg: 12226.2, Max: 12746, Diff: 1355, Sum: 48905, Workers: 4
[4288.334s][debug][gc,phases      ] GC(183)   ResolvedMethodTable Weak       Min:  0.0, Avg:  0.0, Max:  0.0, Diff:  0.0, Sum:  0.1, Workers: 4
[4288.334s][debug][gc,phases      ] GC(183)     Dead                           Min: 0, Avg:  0.0, Max: 0, Diff: 0, Sum: 0, Workers: 4
[4288.334s][debug][gc,phases      ] GC(183)     Total                          Min: 1984, Avg: 2143.0, Max: 2432, Diff: 448, Sum: 8572, Workers: 4
[4288.334s][debug][gc,phases      ] GC(183)   JNI Weak                       Min:  0.0, Avg:  0.0, Max:  0.0, Diff:  0.0, Sum:  0.0, Workers: 4
[4288.334s][debug][gc,phases      ] GC(183)     Dead                           Min: 0, Avg:  0.0, Max: 0, Diff: 0, Sum: 0, Workers: 4
[4288.334s][debug][gc,phases      ] GC(183)     Total                          Min: 0, Avg:  1.2, Max: 5, Diff: 5, Sum: 5, Workers: 4
[4288.334s][debug][gc,phases      ] GC(183)   StringDedup Table Weak         Min:  0.0, Avg:  0.0, Max:  0.0, Diff:  0.0, Sum:  0.0, Workers: 4
[4288.334s][debug][gc,phases      ] GC(183)     Dead                           Min: 0, Avg:  0.0, Max: 0, Diff: 0, Sum: 0, Workers: 4
[4288.334s][debug][gc,phases      ] GC(183)     Total                          Min: 0, Avg:  0.0, Max: 0, Diff: 0, Sum: 0, Workers: 4
[4288.334s][debug][gc,phases      ] GC(183)   StringDedup Requests0 Weak     Min:  0.0, Avg:  0.0, Max:  0.0, Diff:  0.0, Sum:  0.0, Workers: 4
[4288.334s][debug][gc,phases      ] GC(183)     Dead                           Min: 0, Avg:  0.0, Max: 0, Diff: 0, Sum: 0, Workers: 4
[4288.334s][debug][gc,phases      ] GC(183)     Total                          Min: 0, Avg:  0.0, Max: 0, Diff: 0, Sum: 0, Workers: 4
[4288.334s][debug][gc,phases      ] GC(183)   StringDedup Requests1 Weak     Min:  0.0, Avg:  0.0, Max:  0.0, Diff:  0.0, Sum:  0.0, Workers: 4
[4288.334s][debug][gc,phases      ] GC(183)     Dead                           Min: 0, Avg:  0.0, Max: 0, Diff: 0, Sum: 0, Workers: 4
[4288.334s][debug][gc,phases      ] GC(183)     Total                          Min: 0, Avg:  0.0, Max: 0, Diff: 0, Sum: 0, Workers: 4
[4288.334s][debug][gc,phases      ] GC(183)   Weak JFR Old Object Samples    Min:  0.0, Avg:  0.0, Max:  0.0, Diff:  0.0, Sum:  0.0, Workers: 4
[4288.334s][debug][gc,phases      ] GC(183)     Dead                           Min: 0, Avg:  0.0, Max: 0, Diff: 0, Sum: 0, Workers: 4
[4288.334s][debug][gc,phases      ] GC(183)     Total                          Min: 0, Avg:  0.0, Max: 0, Diff: 0, Sum: 0, Workers: 4
[4288.334s][debug][gc,phases      ] GC(183) Weak Processing 0.348ms
[4288.334s][debug][gc,age         ] GC(183) Desired survivor size 63438848 bytes, new threshold 15 (max threshold 15)
[4288.334s][info ][gc,heap        ] GC(183) PSYoungGen: 1989355K(2034176K)->41424K(2034176K) Eden: 1972859K(1973248K)->0K(1973248K) From: 16496K(60928K)->41424K(60928K)
[4288.334s][info ][gc,heap        ] GC(183) ParOldGen: 548848K(581120K)->549072K(581120K)
[4288.334s][info ][gc,metaspace   ] GC(183) Metaspace: 85282K(86144K)->85282K(86144K) NonClass: 73459K(73920K)->73459K(73920K) Class: 11822K(12224K)->11822K(12224K)
[4288.334s][info ][gc             ] GC(183) Pause Young (Allocation Failure) 2478M->576M(2554M) 23.518ms
[4288.334s][info ][gc,cpu         ] GC(183) User=0.11s Sys=0.01s Real=0.03s
[4288.334s][info ][safepoint      ] Safepoint "ParallelGCFailedAllocation", Time since last: 267902920 ns, Reaching safepoint: 57404 ns, At safepoint: 23610491 ns, Total: 23667895 ns
[4289.334s][info ][safepoint      ] Safepoint "Cleanup", Time since last: 1000078758 ns, Reaching safepoint: 128408 ns, At safepoint: 10001 ns, Total: 138409 ns
[4289.819s][info ][gc,heap,exit   ] Heap
[4289.819s][info ][gc,heap,exit   ]  PSYoungGen      total 2034176K, used 1162803K [0x0000000780000000, 0x0000000800000000, 0x0000000800000000)
[4289.819s][info ][gc,heap,exit   ]   eden space 1973248K, 56% used [0x0000000780000000,0x00000007c4718cc0,0x00000007f8700000)
[4289.819s][info ][gc,heap,exit   ]   from space 60928K, 67% used [0x00000007fc480000,0x00000007fecf42f0,0x0000000800000000)
[4289.819s][info ][gc,heap,exit   ]   to   space 61952K, 0% used [0x00000007f8700000,0x00000007f8700000,0x00000007fc380000)
[4289.819s][info ][gc,heap,exit   ]  ParOldGen       total 581120K, used 549072K [0x0000000740000000, 0x0000000763780000, 0x0000000780000000)
[4289.819s][info ][gc,heap,exit   ]   object space 581120K, 94% used [0x0000000740000000,0x0000000761834190,0x0000000763780000)
[4289.819s][info ][gc,heap,exit   ]  Metaspace       used 85315K, committed 86208K, reserved 1130496K
[4289.819s][info ][gc,heap,exit   ]   class space    used 11827K, committed 12224K, reserved 1048576K
