[0.003s][info][gc] Using Parallel
[0.004s][info][gc,init] Version: 17.0.2+8-LTS (release)
[0.004s][info][gc,init] CPUs: 8 total, 8 available
[0.004s][info][gc,init] Memory: 32112M
[0.004s][info][gc,init] Large Page Support: Disabled
[0.004s][info][gc,init] NUMA Support: Disabled
[0.004s][info][gc,init] Compressed Oops: Enabled (Zero based)
[0.004s][info][gc,init] Alignments: Space 512K, Generation 512K, Heap 2M
[0.004s][info][gc,init] Heap Min Capacity: 2054M
[0.004s][info][gc,init] Heap Initial Capacity: 2054M
[0.004s][info][gc,init] Heap Max Capacity: 3G
[0.004s][info][gc,init] Pre-touch: Disabled
[0.004s][info][gc,init] Parallel Workers: 4
[0.005s][info][gc,metaspace] CDS archive(s) not mapped
[0.005s][info][gc,metaspace] Compressed class space mapped at: 0x0000000800000000-0x0000000840000000, reserved size: 1073741824
[0.005s][info][gc,metaspace] Narrow klass base: 0x0000000800000000, Narrow klass shift: 0, Narrow klass range: 0x40000000
[0.720s][info][safepoint   ] Safepoint "ICBufferFull", Time since last: 696316309 ns, Reaching safepoint: 164204 ns, At safepoint: 7600 ns, Total: 171804 ns
[0.992s][info][safepoint   ] Safepoint "ICBufferFull", Time since last: 271439312 ns, Reaching safepoint: 204104 ns, At safepoint: 1800 ns, Total: 205904 ns
[1.185s][info][gc,start    ] GC(0) Pause Young (Metadata GC Threshold)
[1.200s][debug][gc,phases   ] GC(0) Scavenge 9.418ms
[1.200s][debug][gc,ref      ] GC(0) Skipped phase 1 of Reference Processing: no references
[1.200s][debug][gc,ref      ] GC(0) ReferenceProcessor::execute queues: 1, RefProcThreadModel::Single, marks_oops_alive: false
[1.200s][debug][gc,ref      ] GC(0) Skipped phase 3 of Reference Processing: no references
[1.200s][debug][gc,ref      ] GC(0) ReferenceProcessor::execute queues: 1, RefProcThreadModel::Single, marks_oops_alive: false
[1.201s][debug][gc,phases   ] GC(0) Reference Processing 0.231ms
[1.201s][debug][gc,phases   ] GC(0)   VM Weak                        Min:  0.0, Avg:  0.0, Max:  0.0, Diff:  0.0, Sum:  0.0, Workers: 4
[1.201s][debug][gc,phases   ] GC(0)     Dead                           Min: 0, Avg:  0.0, Max: 0, Diff: 0, Sum: 0, Workers: 4
[1.201s][debug][gc,phases   ] GC(0)     Total                          Min: 0, Avg: 26.8, Max: 64, Diff: 64, Sum: 107, Workers: 4
[1.201s][debug][gc,phases   ] GC(0)   ObjectSynchronizer Weak        Min:  0.0, Avg:  0.0, Max:  0.0, Diff:  0.0, Sum:  0.0, Workers: 4
[1.201s][debug][gc,phases   ] GC(0)     Dead                           Min: 0, Avg:  0.2, Max: 1, Diff: 1, Sum: 1, Workers: 4
[1.201s][debug][gc,phases   ] GC(0)     Total                          Min: 0, Avg:  1.2, Max: 5, Diff: 5, Sum: 5, Workers: 4
[1.201s][debug][gc,phases   ] GC(0)   JVMTI Tag Weak OopStorage      Min:  0.0, Avg:  0.0, Max:  0.0, Diff:  0.0, Sum:  0.0, Workers: 4
[1.201s][debug][gc,phases   ] GC(0)     Dead                           Min: 0, Avg:  0.0, Max: 0, Diff: 0, Sum: 0, Workers: 4
[1.201s][debug][gc,phases   ] GC(0)     Total                          Min: 0, Avg:  0.0, Max: 0, Diff: 0, Sum: 0, Workers: 4
[1.201s][debug][gc,phases   ] GC(0)   StringTable Weak               Min:  0.1, Avg:  0.1, Max:  0.1, Diff:  0.0, Sum:  0.4, Workers: 4
[1.201s][debug][gc,phases   ] GC(0)     Dead                           Min: 2, Avg:  7.2, Max: 15, Diff: 13, Sum: 29, Workers: 4
[1.201s][debug][gc,phases   ] GC(0)     Total                          Min: 2463, Avg: 2839.8, Max: 3392, Diff: 929, Sum: 11359, Workers: 4
[1.201s][debug][gc,phases   ] GC(0)   ResolvedMethodTable Weak       Min:  0.0, Avg:  0.0, Max:  0.0, Diff:  0.0, Sum:  0.0, Workers: 4
[1.201s][debug][gc,phases   ] GC(0)     Dead                           Min: 1, Avg:  6.8, Max: 13, Diff: 12, Sum: 27, Workers: 4
[1.201s][debug][gc,phases   ] GC(0)     Total                          Min: 128, Avg: 147.8, Max: 207, Diff: 79, Sum: 591, Workers: 4
[1.201s][debug][gc,phases   ] GC(0)   JNI Weak                       Min:  0.0, Avg:  0.0, Max:  0.0, Diff:  0.0, Sum:  0.0, Workers: 4
[1.201s][debug][gc,phases   ] GC(0)     Dead                           Min: 0, Avg:  0.0, Max: 0, Diff: 0, Sum: 0, Workers: 4
[1.201s][debug][gc,phases   ] GC(0)     Total                          Min: 0, Avg:  0.0, Max: 0, Diff: 0, Sum: 0, Workers: 4
[1.201s][debug][gc,phases   ] GC(0)   StringDedup Table Weak         Min:  0.0, Avg:  0.0, Max:  0.0, Diff:  0.0, Sum:  0.0, Workers: 4
[1.201s][debug][gc,phases   ] GC(0)     Dead                           Min: 0, Avg:  0.0, Max: 0, Diff: 0, Sum: 0, Workers: 4
[1.201s][debug][gc,phases   ] GC(0)     Total                          Min: 0, Avg:  0.0, Max: 0, Diff: 0, Sum: 0, Workers: 4
[1.201s][debug][gc,phases   ] GC(0)   StringDedup Requests0 Weak     Min:  0.0, Avg:  0.0, Max:  0.0, Diff:  0.0, Sum:  0.0, Workers: 4
[1.201s][debug][gc,phases   ] GC(0)     Dead                           Min: 0, Avg:  0.0, Max: 0, Diff: 0, Sum: 0, Workers: 4
[1.201s][debug][gc,phases   ] GC(0)     Total                          Min: 0, Avg:  0.0, Max: 0, Diff: 0, Sum: 0, Workers: 4
[1.201s][debug][gc,phases   ] GC(0)   StringDedup Requests1 Weak     Min:  0.0, Avg:  0.0, Max:  0.0, Diff:  0.0, Sum:  0.0, Workers: 4
[1.201s][debug][gc,phases   ] GC(0)     Dead                           Min: 0, Avg:  0.0, Max: 0, Diff: 0, Sum: 0, Workers: 4
[1.201s][debug][gc,phases   ] GC(0)     Total                          Min: 0, Avg:  0.0, Max: 0, Diff: 0, Sum: 0, Workers: 4
[1.201s][debug][gc,phases   ] GC(0)   Weak JFR Old Object Samples    Min:  0.0, Avg:  0.0, Max:  0.0, Diff:  0.0, Sum:  0.0, Workers: 4
[1.201s][debug][gc,phases   ] GC(0)     Dead                           Min: 0, Avg:  0.0, Max: 0, Diff: 0, Sum: 0, Workers: 4
[1.201s][debug][gc,phases   ] GC(0)     Total                          Min: 0, Avg:  0.0, Max: 0, Diff: 0, Sum: 0, Workers: 4
[1.201s][debug][gc,phases   ] GC(0) Weak Processing 0.301ms
[1.201s][debug][gc,age      ] GC(0) Desired survivor size 536870912 bytes, new threshold 7 (max threshold 15)
[1.201s][info ][gc,heap     ] GC(0) PSYoungGen: 274533K(1572864K)->16886K(1572864K) Eden: 274533K(1048576K)->0K(1048576K) From: 0K(524288K)->16886K(524288K)
[1.201s][info ][gc,heap     ] GC(0) ParOldGen: 0K(6144K)->88K(6144K)
[1.201s][info ][gc,metaspace] GC(0) Metaspace: 21336K(21504K)->21336K(21504K) NonClass: 18861K(18944K)->18861K(18944K) Class: 2475K(2560K)->2475K(2560K)
[1.201s][info ][gc          ] GC(0) Pause Young (Metadata GC Threshold) 268M->16M(1542M) 16.184ms
[1.201s][info ][gc,cpu      ] GC(0) User=0.02s Sys=0.01s Real=0.02s
[1.201s][debug][gc,phases   ] GC(1) Pre Compact 0.008ms
[1.201s][info ][gc,start    ] GC(1) Pause Full (Metadata GC Threshold)
[1.201s][info ][gc,phases,start] GC(1) Marking Phase
[1.209s][debug][gc,phases      ] GC(1) Par Mark 8.250ms
[1.209s][debug][gc,ref         ] GC(1) Skipped phase 1 of Reference Processing: no references
[1.209s][debug][gc,ref         ] GC(1) ReferenceProcessor::execute queues: 1, RefProcThreadModel::Single, marks_oops_alive: false
[1.209s][debug][gc,ref         ] GC(1) Skipped phase 3 of Reference Processing: no references
[1.209s][debug][gc,ref         ] GC(1) ReferenceProcessor::execute queues: 1, RefProcThreadModel::Single, marks_oops_alive: false
[1.209s][debug][gc,phases      ] GC(1) Reference Processing 0.060ms
[1.209s][debug][gc,phases      ] GC(1)   VM Weak                        Min:  0.0, Avg:  0.0, Max:  0.0, Diff:  0.0, Sum:  0.0, Workers: 4
[1.209s][debug][gc,phases      ] GC(1)     Dead                           Min: 0, Avg:  0.0, Max: 0, Diff: 0, Sum: 0, Workers: 4
[1.209s][debug][gc,phases      ] GC(1)     Total                          Min: 0, Avg: 26.8, Max: 107, Diff: 107, Sum: 107, Workers: 4
[1.209s][debug][gc,phases      ] GC(1)   ObjectSynchronizer Weak        Min:  0.0, Avg:  0.0, Max:  0.0, Diff:  0.0, Sum:  0.0, Workers: 4
[1.209s][debug][gc,phases      ] GC(1)     Dead                           Min: 0, Avg:  0.0, Max: 0, Diff: 0, Sum: 0, Workers: 4
[1.209s][debug][gc,phases      ] GC(1)     Total                          Min: 0, Avg:  1.2, Max: 5, Diff: 5, Sum: 5, Workers: 4
[1.209s][debug][gc,phases      ] GC(1)   JVMTI Tag Weak OopStorage      Min:  0.0, Avg:  0.0, Max:  0.0, Diff:  0.0, Sum:  0.0, Workers: 4
[1.209s][debug][gc,phases      ] GC(1)     Dead                           Min: 0, Avg:  0.0, Max: 0, Diff: 0, Sum: 0, Workers: 4
[1.209s][debug][gc,phases      ] GC(1)     Total                          Min: 0, Avg:  0.0, Max: 0, Diff: 0, Sum: 0, Workers: 4
[1.209s][debug][gc,phases      ] GC(1)   StringTable Weak               Min:  0.0, Avg:  0.0, Max:  0.0, Diff:  0.0, Sum:  0.2, Workers: 4
[1.209s][debug][gc,phases      ] GC(1)     Dead                           Min: 0, Avg:  0.0, Max: 0, Diff: 0, Sum: 0, Workers: 4
[1.209s][debug][gc,phases      ] GC(1)     Total                          Min: 2560, Avg: 2839.8, Max: 3456, Diff: 896, Sum: 11359, Workers: 4
[1.209s][debug][gc,phases      ] GC(1)   ResolvedMethodTable Weak       Min:  0.0, Avg:  0.0, Max:  0.0, Diff:  0.0, Sum:  0.0, Workers: 4
[1.209s][debug][gc,phases      ] GC(1)     Dead                           Min: 0, Avg:  0.0, Max: 0, Diff: 0, Sum: 0, Workers: 4
[1.209s][debug][gc,phases      ] GC(1)     Total                          Min: 128, Avg: 147.8, Max: 192, Diff: 64, Sum: 591, Workers: 4
[1.210s][debug][gc,phases      ] GC(1)   JNI Weak                       Min:  0.0, Avg:  0.0, Max:  0.0, Diff:  0.0, Sum:  0.0, Workers: 4
[1.210s][debug][gc,phases      ] GC(1)     Dead                           Min: 0, Avg:  0.0, Max: 0, Diff: 0, Sum: 0, Workers: 4
[1.210s][debug][gc,phases      ] GC(1)     Total                          Min: 0, Avg:  0.0, Max: 0, Diff: 0, Sum: 0, Workers: 4
[1.210s][debug][gc,phases      ] GC(1)   StringDedup Table Weak         Min:  0.0, Avg:  0.0, Max:  0.0, Diff:  0.0, Sum:  0.0, Workers: 4
[1.210s][debug][gc,phases      ] GC(1)     Dead                           Min: 0, Avg:  0.0, Max: 0, Diff: 0, Sum: 0, Workers: 4
[1.210s][debug][gc,phases      ] GC(1)     Total                          Min: 0, Avg:  0.0, Max: 0, Diff: 0, Sum: 0, Workers: 4
[1.210s][debug][gc,phases      ] GC(1)   StringDedup Requests0 Weak     Min:  0.0, Avg:  0.0, Max:  0.0, Diff:  0.0, Sum:  0.0, Workers: 4
[1.210s][debug][gc,phases      ] GC(1)     Dead                           Min: 0, Avg:  0.0, Max: 0, Diff: 0, Sum: 0, Workers: 4
[1.210s][debug][gc,phases      ] GC(1)     Total                          Min: 0, Avg:  0.0, Max: 0, Diff: 0, Sum: 0, Workers: 4
[1.210s][debug][gc,phases      ] GC(1)   StringDedup Requests1 Weak     Min:  0.0, Avg:  0.0, Max:  0.0, Diff:  0.0, Sum:  0.0, Workers: 4
[1.210s][debug][gc,phases      ] GC(1)     Dead                           Min: 0, Avg:  0.0, Max: 0, Diff: 0, Sum: 0, Workers: 4
[1.210s][debug][gc,phases      ] GC(1)     Total                          Min: 0, Avg:  0.0, Max: 0, Diff: 0, Sum: 0, Workers: 4
[1.210s][debug][gc,phases      ] GC(1)   Weak JFR Old Object Samples    Min:  0.0, Avg:  0.0, Max:  0.0, Diff:  0.0, Sum:  0.0, Workers: 4
[1.210s][debug][gc,phases      ] GC(1)     Dead                           Min: 0, Avg:  0.0, Max: 0, Diff: 0, Sum: 0, Workers: 4
[1.210s][debug][gc,phases      ] GC(1)     Total                          Min: 0, Avg:  0.0, Max: 0, Diff: 0, Sum: 0, Workers: 4
[1.210s][debug][gc,phases      ] GC(1) Weak Processing 0.256ms
[1.210s][debug][gc,phases      ] GC(1) ClassLoaderData 0.016ms
[1.210s][debug][gc,phases      ] GC(1) Trigger cleanups 0.000ms
[1.212s][debug][gc,phases      ] GC(1) Class Unloading 2.054ms
[1.212s][info ][gc,phases      ] GC(1) Marking Phase 10.704ms
[1.212s][info ][gc,phases,start] GC(1) Summary Phase
[1.212s][info ][gc,phases      ] GC(1) Summary Phase 0.006ms
[1.212s][info ][gc,phases,start] GC(1) Adjust Roots
[1.215s][info ][gc,phases      ] GC(1) Adjust Roots 3.058ms
[1.215s][info ][gc,phases,start] GC(1) Compaction Phase
[1.227s][info ][gc,phases      ] GC(1) Compaction Phase 12.031ms
[1.227s][info ][gc,phases,start] GC(1) Post Compact
[1.227s][info ][gc,phases      ] GC(1) Post Compact 0.474ms
[1.227s][info ][gc,heap        ] GC(1) PSYoungGen: 16886K(1572864K)->11138K(1572864K) Eden: 0K(1048576K)->0K(1048576K) From: 16886K(524288K)->11138K(524288K)
[1.227s][info ][gc,heap        ] GC(1) ParOldGen: 88K(6144K)->5705K(6144K)
[1.227s][info ][gc,metaspace   ] GC(1) Metaspace: 21336K(21504K)->21336K(21504K) NonClass: 18861K(18944K)->18861K(18944K) Class: 2475K(2560K)->2475K(2560K)
[1.227s][info ][gc             ] GC(1) Pause Full (Metadata GC Threshold) 16M->16M(1542M) 26.389ms
[1.227s][info ][gc,cpu         ] GC(1) User=0.08s Sys=0.01s Real=0.02s
[1.227s][info ][safepoint      ] Safepoint "CollectForMetadataAllocation", Time since last: 192843229 ns, Reaching safepoint: 112203 ns, At safepoint: 42686414 ns, Total: 42798617 ns
[1.228s][info ][safepoint      ] Safepoint "CollectForMetadataAllocation", Time since last: 57601 ns, Reaching safepoint: 91802 ns, At safepoint: 12300 ns, Total: 104102 ns
[1.228s][info ][safepoint      ] Safepoint "CollectForMetadataAllocation", Time since last: 47201 ns, Reaching safepoint: 93702 ns, At safepoint: 13501 ns, Total: 107203 ns
[1.643s][info ][safepoint      ] Safepoint "ICBufferFull", Time since last: 415483396 ns, Reaching safepoint: 133403 ns, At safepoint: 6000 ns, Total: 139403 ns
[1.657s][info ][safepoint      ] Safepoint "ICBufferFull", Time since last: 13936098 ns, Reaching safepoint: 40301 ns, At safepoint: 1900 ns, Total: 42201 ns
[1.669s][info ][safepoint      ] Safepoint "ICBufferFull", Time since last: 12094859 ns, Reaching safepoint: 47901 ns, At safepoint: 15101 ns, Total: 63002 ns
[1.682s][info ][safepoint      ] Safepoint "ICBufferFull", Time since last: 12898776 ns, Reaching safepoint: 133303 ns, At safepoint: 5100 ns, Total: 138403 ns
[1.687s][info ][safepoint      ] Safepoint "ICBufferFull", Time since last: 4502896 ns, Reaching safepoint: 111303 ns, At safepoint: 4400 ns, Total: 115703 ns
[1.691s][info ][safepoint      ] Safepoint "ICBufferFull", Time since last: 4004285 ns, Reaching safepoint: 41801 ns, At safepoint: 1400 ns, Total: 43201 ns
[1.695s][info ][safepoint      ] Safepoint "ICBufferFull", Time since last: 4047187 ns, Reaching safepoint: 117103 ns, At safepoint: 4700 ns, Total: 121803 ns
[1.700s][info ][safepoint      ] Safepoint "ICBufferFull", Time since last: 4877204 ns, Reaching safepoint: 106302 ns, At safepoint: 3800 ns, Total: 110102 ns
[1.704s][info ][safepoint      ] Safepoint "ICBufferFull", Time since last: 3810182 ns, Reaching safepoint: 64301 ns, At safepoint: 6001 ns, Total: 70302 ns
[1.711s][info ][safepoint      ] Safepoint "ICBufferFull", Time since last: 6618141 ns, Reaching safepoint: 49701 ns, At safepoint: 2800 ns, Total: 52501 ns
[1.712s][info ][safepoint      ] Safepoint "ICBufferFull", Time since last: 1546633 ns, Reaching safepoint: 30301 ns, At safepoint: 1300 ns, Total: 31601 ns
[1.713s][info ][safepoint      ] Safepoint "ICBufferFull", Time since last: 507411 ns, Reaching safepoint: 17800 ns, At safepoint: 1200 ns, Total: 19000 ns
[1.784s][info ][safepoint      ] Safepoint "ICBufferFull", Time since last: 70635813 ns, Reaching safepoint: 170304 ns, At safepoint: 2000 ns, Total: 172304 ns
[1.794s][info ][safepoint      ] Safepoint "ICBufferFull", Time since last: 10378922 ns, Reaching safepoint: 48701 ns, At safepoint: 1500 ns, Total: 50201 ns
[1.795s][info ][safepoint      ] Safepoint "ICBufferFull", Time since last: 1213626 ns, Reaching safepoint: 29401 ns, At safepoint: 900 ns, Total: 30301 ns
[1.797s][info ][safepoint      ] Safepoint "ICBufferFull", Time since last: 1422830 ns, Reaching safepoint: 17900 ns, At safepoint: 1200 ns, Total: 19100 ns
[1.798s][info ][safepoint      ] Safepoint "ICBufferFull", Time since last: 906520 ns, Reaching safepoint: 82402 ns, At safepoint: 4900 ns, Total: 87302 ns
[1.799s][info ][safepoint      ] Safepoint "ICBufferFull", Time since last: 1196625 ns, Reaching safepoint: 17001 ns, At safepoint: 900 ns, Total: 17901 ns
[1.800s][info ][safepoint      ] Safepoint "ICBufferFull", Time since last: 932620 ns, Reaching safepoint: 15000 ns, At safepoint: 1000 ns, Total: 16000 ns
[1.802s][info ][safepoint      ] Safepoint "ICBufferFull", Time since last: 1607834 ns, Reaching safepoint: 29601 ns, At safepoint: 6500 ns, Total: 36101 ns
[1.803s][info ][safepoint      ] Safepoint "ICBufferFull", Time since last: 1042623 ns, Reaching safepoint: 20700 ns, At safepoint: 1700 ns, Total: 22400 ns
[1.804s][info ][safepoint      ] Safepoint "ICBufferFull", Time since last: 1433531 ns, Reaching safepoint: 17500 ns, At safepoint: 1700 ns, Total: 19200 ns
[1.805s][info ][safepoint      ] Safepoint "ICBufferFull", Time since last: 1158725 ns, Reaching safepoint: 28401 ns, At safepoint: 1300 ns, Total: 29701 ns
[1.807s][info ][safepoint      ] Safepoint "ICBufferFull", Time since last: 2022443 ns, Reaching safepoint: 16500 ns, At safepoint: 1400 ns, Total: 17900 ns
[1.808s][info ][safepoint      ] Safepoint "ICBufferFull", Time since last: 660814 ns, Reaching safepoint: 16101 ns, At safepoint: 1000 ns, Total: 17101 ns
[1.810s][info ][safepoint      ] Safepoint "ICBufferFull", Time since last: 2212647 ns, Reaching safepoint: 36901 ns, At safepoint: 1900 ns, Total: 38801 ns
[1.813s][info ][safepoint      ] Safepoint "ICBufferFull", Time since last: 2566755 ns, Reaching safepoint: 31001 ns, At safepoint: 1800 ns, Total: 32801 ns
[1.815s][info ][safepoint      ] Safepoint "ICBufferFull", Time since last: 1994842 ns, Reaching safepoint: 39901 ns, At safepoint: 4900 ns, Total: 44801 ns
[1.824s][info ][safepoint      ] Safepoint "ICBufferFull", Time since last: 8625985 ns, Reaching safepoint: 53501 ns, At safepoint: 1900 ns, Total: 55401 ns
[1.849s][info ][safepoint      ] Safepoint "ICBufferFull", Time since last: 25434145 ns, Reaching safepoint: 52401 ns, At safepoint: 2000 ns, Total: 54401 ns
[1.853s][info ][safepoint      ] Safepoint "ICBufferFull", Time since last: 4184090 ns, Reaching safepoint: 39800 ns, At safepoint: 1901 ns, Total: 41701 ns
[1.895s][info ][safepoint      ] Safepoint "ICBufferFull", Time since last: 41191582 ns, Reaching safepoint: 131602 ns, At safepoint: 8801 ns, Total: 140403 ns
[1.895s][info ][safepoint      ] Safepoint "ICBufferFull", Time since last: 571812 ns, Reaching safepoint: 29100 ns, At safepoint: 1200 ns, Total: 30300 ns
[1.900s][info ][safepoint      ] Safepoint "ICBufferFull", Time since last: 4454896 ns, Reaching safepoint: 50501 ns, At safepoint: 5800 ns, Total: 56301 ns
[1.908s][info ][safepoint      ] Safepoint "ICBufferFull", Time since last: 8148775 ns, Reaching safepoint: 107902 ns, At safepoint: 4400 ns, Total: 112302 ns
[1.953s][info ][safepoint      ] Safepoint "ICBufferFull", Time since last: 44491453 ns, Reaching safepoint: 90002 ns, At safepoint: 3500 ns, Total: 93502 ns
[1.954s][info ][safepoint      ] Safepoint "ICBufferFull", Time since last: 1317028 ns, Reaching safepoint: 40801 ns, At safepoint: 5700 ns, Total: 46501 ns
[1.956s][info ][safepoint      ] Safepoint "ICBufferFull", Time since last: 1823239 ns, Reaching safepoint: 24200 ns, At safepoint: 5300 ns, Total: 29500 ns
[1.957s][info ][safepoint      ] Safepoint "ICBufferFull", Time since last: 1187826 ns, Reaching safepoint: 45601 ns, At safepoint: 5200 ns, Total: 50801 ns
[1.959s][info ][safepoint      ] Safepoint "ICBufferFull", Time since last: 1665236 ns, Reaching safepoint: 251505 ns, At safepoint: 2300 ns, Total: 253805 ns
[1.961s][info ][safepoint      ] Safepoint "ICBufferFull", Time since last: 1563734 ns, Reaching safepoint: 32100 ns, At safepoint: 4400 ns, Total: 36500 ns
[1.961s][info ][safepoint      ] Safepoint "ICBufferFull", Time since last: 767817 ns, Reaching safepoint: 27000 ns, At safepoint: 1000 ns, Total: 28000 ns
[1.962s][info ][safepoint      ] Safepoint "ICBufferFull", Time since last: 477511 ns, Reaching safepoint: 12900 ns, At safepoint: 900 ns, Total: 13800 ns
[1.963s][info ][safepoint      ] Safepoint "ICBufferFull", Time since last: 1040122 ns, Reaching safepoint: 35601 ns, At safepoint: 1900 ns, Total: 37501 ns
[1.965s][info ][safepoint      ] Safepoint "ICBufferFull", Time since last: 1685436 ns, Reaching safepoint: 16900 ns, At safepoint: 1000 ns, Total: 17900 ns
[1.966s][info ][safepoint      ] Safepoint "ICBufferFull", Time since last: 766717 ns, Reaching safepoint: 14800 ns, At safepoint: 4700 ns, Total: 19500 ns
[1.966s][info ][safepoint      ] Safepoint "ICBufferFull", Time since last: 726116 ns, Reaching safepoint: 32601 ns, At safepoint: 1300 ns, Total: 33901 ns
[1.967s][info ][safepoint      ] Safepoint "ICBufferFull", Time since last: 899619 ns, Reaching safepoint: 23300 ns, At safepoint: 1100 ns, Total: 24400 ns
[1.969s][info ][safepoint      ] Safepoint "ICBufferFull", Time since last: 1773738 ns, Reaching safepoint: 16201 ns, At safepoint: 900 ns, Total: 17101 ns
[1.970s][info ][safepoint      ] Safepoint "ICBufferFull", Time since last: 1319528 ns, Reaching safepoint: 19700 ns, At safepoint: 5200 ns, Total: 24900 ns
[1.971s][info ][safepoint      ] Safepoint "ICBufferFull", Time since last: 927420 ns, Reaching safepoint: 32901 ns, At safepoint: 900 ns, Total: 33801 ns
[1.973s][info ][safepoint      ] Safepoint "ICBufferFull", Time since last: 1718037 ns, Reaching safepoint: 13700 ns, At safepoint: 800 ns, Total: 14500 ns
[1.975s][info ][safepoint      ] Safepoint "ICBufferFull", Time since last: 2329850 ns, Reaching safepoint: 26101 ns, At safepoint: 2000 ns, Total: 28101 ns
[1.978s][info ][safepoint      ] Safepoint "ICBufferFull", Time since last: 2547254 ns, Reaching safepoint: 102202 ns, At safepoint: 5501 ns, Total: 107703 ns
[1.984s][info ][safepoint      ] Safepoint "ICBufferFull", Time since last: 5940927 ns, Reaching safepoint: 63401 ns, At safepoint: 4900 ns, Total: 68301 ns
[1.990s][info ][safepoint      ] Safepoint "ICBufferFull", Time since last: 5741623 ns, Reaching safepoint: 41901 ns, At safepoint: 2100 ns, Total: 44001 ns
[1.993s][info ][safepoint      ] Safepoint "ICBufferFull", Time since last: 3561376 ns, Reaching safepoint: 25301 ns, At safepoint: 2100 ns, Total: 27401 ns
[1.995s][info ][safepoint      ] Safepoint "ICBufferFull", Time since last: 1553333 ns, Reaching safepoint: 17501 ns, At safepoint: 1000 ns, Total: 18501 ns
[1.996s][info ][safepoint      ] Safepoint "ICBufferFull", Time since last: 503210 ns, Reaching safepoint: 24501 ns, At safepoint: 2500 ns, Total: 27001 ns
[1.997s][info ][safepoint      ] Safepoint "ICBufferFull", Time since last: 1520832 ns, Reaching safepoint: 27501 ns, At safepoint: 1200 ns, Total: 28701 ns
[1.999s][info ][safepoint      ] Safepoint "ICBufferFull", Time since last: 1591034 ns, Reaching safepoint: 21901 ns, At safepoint: 1300 ns, Total: 23201 ns
[2.000s][info ][safepoint      ] Safepoint "ICBufferFull", Time since last: 1527032 ns, Reaching safepoint: 20501 ns, At safepoint: 1100 ns, Total: 21601 ns
[2.002s][info ][safepoint      ] Safepoint "ICBufferFull", Time since last: 1509332 ns, Reaching safepoint: 34201 ns, At safepoint: 7200 ns, Total: 41401 ns
[2.005s][info ][safepoint      ] Safepoint "ICBufferFull", Time since last: 3257170 ns, Reaching safepoint: 37701 ns, At safepoint: 2100 ns, Total: 39801 ns
[2.007s][info ][safepoint      ] Safepoint "ICBufferFull", Time since last: 1686136 ns, Reaching safepoint: 33600 ns, At safepoint: 1300 ns, Total: 34900 ns
[2.008s][info ][safepoint      ] Safepoint "ICBufferFull", Time since last: 1423331 ns, Reaching safepoint: 37001 ns, At safepoint: 3900 ns, Total: 40901 ns
[2.010s][info ][safepoint      ] Safepoint "ICBufferFull", Time since last: 1815839 ns, Reaching safepoint: 57901 ns, At safepoint: 6000 ns, Total: 63901 ns
[2.012s][info ][safepoint      ] Safepoint "ICBufferFull", Time since last: 1629035 ns, Reaching safepoint: 37201 ns, At safepoint: 4700 ns, Total: 41901 ns
[2.014s][info ][safepoint      ] Safepoint "ICBufferFull", Time since last: 2203447 ns, Reaching safepoint: 43001 ns, At safepoint: 1700 ns, Total: 44701 ns
[2.016s][info ][safepoint      ] Safepoint "ICBufferFull", Time since last: 1588034 ns, Reaching safepoint: 34501 ns, At safepoint: 2200 ns, Total: 36701 ns
[2.018s][info ][safepoint      ] Safepoint "ICBufferFull", Time since last: 2256848 ns, Reaching safepoint: 46101 ns, At safepoint: 1700 ns, Total: 47801 ns
[2.027s][info ][safepoint      ] Safepoint "ICBufferFull", Time since last: 9024293 ns, Reaching safepoint: 42601 ns, At safepoint: 2000 ns, Total: 44601 ns
[2.028s][info ][safepoint      ] Safepoint "ICBufferFull", Time since last: 1005422 ns, Reaching safepoint: 26800 ns, At safepoint: 1900 ns, Total: 28700 ns
[2.030s][info ][safepoint      ] Safepoint "ICBufferFull", Time since last: 1818339 ns, Reaching safepoint: 18201 ns, At safepoint: 1700 ns, Total: 19901 ns
[2.030s][info ][safepoint      ] Safepoint "ICBufferFull", Time since last: 473110 ns, Reaching safepoint: 22600 ns, At safepoint: 800 ns, Total: 23400 ns
[2.032s][info ][safepoint      ] Safepoint "ICBufferFull", Time since last: 1787139 ns, Reaching safepoint: 28900 ns, At safepoint: 2800 ns, Total: 31700 ns
[2.035s][info ][safepoint      ] Safepoint "ICBufferFull", Time since last: 2523254 ns, Reaching safepoint: 38301 ns, At safepoint: 1700 ns, Total: 40001 ns
[2.041s][info ][safepoint      ] Safepoint "ICBufferFull", Time since last: 6030829 ns, Reaching safepoint: 36201 ns, At safepoint: 1500 ns, Total: 37701 ns
[2.046s][info ][safepoint      ] Safepoint "ICBufferFull", Time since last: 4906305 ns, Reaching safepoint: 38601 ns, At safepoint: 1700 ns, Total: 40301 ns
[2.047s][info ][safepoint      ] Safepoint "ICBufferFull", Time since last: 1399030 ns, Reaching safepoint: 25801 ns, At safepoint: 1400 ns, Total: 27201 ns
[2.048s][info ][safepoint      ] Safepoint "ICBufferFull", Time since last: 472210 ns, Reaching safepoint: 21800 ns, At safepoint: 700 ns, Total: 22500 ns
[2.051s][info ][safepoint      ] Safepoint "ICBufferFull", Time since last: 3025165 ns, Reaching safepoint: 26201 ns, At safepoint: 1900 ns, Total: 28101 ns
[2.052s][info ][safepoint      ] Safepoint "ICBufferFull", Time since last: 906919 ns, Reaching safepoint: 18300 ns, At safepoint: 1201 ns, Total: 19501 ns
[2.056s][info ][safepoint      ] Safepoint "ICBufferFull", Time since last: 4371593 ns, Reaching safepoint: 23901 ns, At safepoint: 6000 ns, Total: 29901 ns
[2.057s][info ][safepoint      ] Safepoint "ICBufferFull", Time since last: 671814 ns, Reaching safepoint: 35501 ns, At safepoint: 1100 ns, Total: 36601 ns
[2.060s][info ][safepoint      ] Safepoint "ICBufferFull", Time since last: 2680057 ns, Reaching safepoint: 14601 ns, At safepoint: 1300 ns, Total: 15901 ns
[2.062s][info ][safepoint      ] Safepoint "ICBufferFull", Time since last: 2752659 ns, Reaching safepoint: 19800 ns, At safepoint: 1500 ns, Total: 21300 ns
[2.063s][info ][safepoint      ] Safepoint "ICBufferFull", Time since last: 619913 ns, Reaching safepoint: 12801 ns, At safepoint: 900 ns, Total: 13701 ns
[2.068s][info ][safepoint      ] Safepoint "ICBufferFull", Time since last: 4972406 ns, Reaching safepoint: 20301 ns, At safepoint: 1500 ns, Total: 21801 ns
[2.092s][info ][safepoint      ] Safepoint "ICBufferFull", Time since last: 23686507 ns, Reaching safepoint: 57301 ns, At safepoint: 1900 ns, Total: 59201 ns
[2.092s][info ][safepoint      ] Safepoint "ICBufferFull", Time since last: 683815 ns, Reaching safepoint: 30200 ns, At safepoint: 1300 ns, Total: 31500 ns
[2.116s][info ][safepoint      ] Safepoint "ICBufferFull", Time since last: 23763909 ns, Reaching safepoint: 50301 ns, At safepoint: 1700 ns, Total: 52001 ns
[2.118s][info ][safepoint      ] Safepoint "ICBufferFull", Time since last: 1360729 ns, Reaching safepoint: 25301 ns, At safepoint: 1000 ns, Total: 26301 ns
[2.119s][info ][safepoint      ] Safepoint "ICBufferFull", Time since last: 1163425 ns, Reaching safepoint: 26500 ns, At safepoint: 1001 ns, Total: 27501 ns
[2.120s][info ][safepoint      ] Safepoint "ICBufferFull", Time since last: 1043522 ns, Reaching safepoint: 14100 ns, At safepoint: 8500 ns, Total: 22600 ns
[2.122s][info ][safepoint      ] Safepoint "ICBufferFull", Time since last: 2313550 ns, Reaching safepoint: 29801 ns, At safepoint: 1400 ns, Total: 31201 ns
[2.124s][info ][safepoint      ] Safepoint "ICBufferFull", Time since last: 2140645 ns, Reaching safepoint: 38301 ns, At safepoint: 2100 ns, Total: 40401 ns
[2.126s][info ][safepoint      ] Safepoint "ICBufferFull", Time since last: 1425631 ns, Reaching safepoint: 26400 ns, At safepoint: 1100 ns, Total: 27500 ns
[2.127s][info ][safepoint      ] Safepoint "ICBufferFull", Time since last: 1173725 ns, Reaching safepoint: 17101 ns, At safepoint: 1000 ns, Total: 18101 ns
[2.128s][info ][safepoint      ] Safepoint "ICBufferFull", Time since last: 1283227 ns, Reaching safepoint: 31101 ns, At safepoint: 900 ns, Total: 32001 ns
[2.132s][info ][safepoint      ] Safepoint "ICBufferFull", Time since last: 4020286 ns, Reaching safepoint: 33801 ns, At safepoint: 1800 ns, Total: 35601 ns
[2.134s][info ][safepoint      ] Safepoint "ICBufferFull", Time since last: 1182525 ns, Reaching safepoint: 37401 ns, At safepoint: 6700 ns, Total: 44101 ns
[2.135s][info ][safepoint      ] Safepoint "ICBufferFull", Time since last: 1592734 ns, Reaching safepoint: 22701 ns, At safepoint: 1400 ns, Total: 24101 ns
[2.140s][info ][safepoint      ] Safepoint "ICBufferFull", Time since last: 5028207 ns, Reaching safepoint: 31501 ns, At safepoint: 6500 ns, Total: 38001 ns
[2.141s][info ][safepoint      ] Safepoint "ICBufferFull", Time since last: 1114924 ns, Reaching safepoint: 25901 ns, At safepoint: 4000 ns, Total: 29901 ns
[2.143s][info ][safepoint      ] Safepoint "ICBufferFull", Time since last: 1787738 ns, Reaching safepoint: 12600 ns, At safepoint: 1100 ns, Total: 13700 ns
[2.144s][info ][safepoint      ] Safepoint "ICBufferFull", Time since last: 633014 ns, Reaching safepoint: 28201 ns, At safepoint: 7200 ns, Total: 35401 ns
[2.146s][info ][safepoint      ] Safepoint "ICBufferFull", Time since last: 1584334 ns, Reaching safepoint: 32900 ns, At safepoint: 2200 ns, Total: 35100 ns
[2.147s][info ][safepoint      ] Safepoint "ICBufferFull", Time since last: 1281728 ns, Reaching safepoint: 37801 ns, At safepoint: 1900 ns, Total: 39701 ns
[2.148s][info ][safepoint      ] Safepoint "ICBufferFull", Time since last: 1164425 ns, Reaching safepoint: 74201 ns, At safepoint: 5000 ns, Total: 79201 ns
[2.149s][info ][safepoint      ] Safepoint "ICBufferFull", Time since last: 1354029 ns, Reaching safepoint: 28201 ns, At safepoint: 1100 ns, Total: 29301 ns
[2.151s][info ][safepoint      ] Safepoint "ICBufferFull", Time since last: 1145024 ns, Reaching safepoint: 96302 ns, At safepoint: 6001 ns, Total: 102303 ns
[2.152s][info ][safepoint      ] Safepoint "ICBufferFull", Time since last: 1150224 ns, Reaching safepoint: 83202 ns, At safepoint: 5500 ns, Total: 88702 ns
[2.154s][info ][safepoint      ] Safepoint "ICBufferFull", Time since last: 1838239 ns, Reaching safepoint: 100003 ns, At safepoint: 6400 ns, Total: 106403 ns
[2.155s][info ][safepoint      ] Safepoint "ICBufferFull", Time since last: 1189825 ns, Reaching safepoint: 35401 ns, At safepoint: 9500 ns, Total: 44901 ns
[2.157s][info ][safepoint      ] Safepoint "ICBufferFull", Time since last: 1392630 ns, Reaching safepoint: 98402 ns, At safepoint: 5200 ns, Total: 103602 ns
[2.158s][info ][safepoint      ] Safepoint "ICBufferFull", Time since last: 1194926 ns, Reaching safepoint: 38401 ns, At safepoint: 4400 ns, Total: 42801 ns
[2.159s][info ][safepoint      ] Safepoint "ICBufferFull", Time since last: 1115924 ns, Reaching safepoint: 92902 ns, At safepoint: 5000 ns, Total: 97902 ns
[2.160s][info ][safepoint      ] Safepoint "ICBufferFull", Time since last: 1102523 ns, Reaching safepoint: 14201 ns, At safepoint: 1000 ns, Total: 15201 ns
[2.162s][info ][safepoint      ] Safepoint "ICBufferFull", Time since last: 1924441 ns, Reaching safepoint: 68701 ns, At safepoint: 3100 ns, Total: 71801 ns
[2.164s][info ][safepoint      ] Safepoint "ICBufferFull", Time since last: 1344329 ns, Reaching safepoint: 88802 ns, At safepoint: 6000 ns, Total: 94802 ns
[2.165s][info ][safepoint      ] Safepoint "ICBufferFull", Time since last: 1166925 ns, Reaching safepoint: 31601 ns, At safepoint: 5800 ns, Total: 37401 ns
[2.166s][info ][safepoint      ] Safepoint "ICBufferFull", Time since last: 1173925 ns, Reaching safepoint: 32901 ns, At safepoint: 5100 ns, Total: 38001 ns
[2.167s][info ][safepoint      ] Safepoint "ICBufferFull", Time since last: 481210 ns, Reaching safepoint: 16301 ns, At safepoint: 4100 ns, Total: 20401 ns
[2.168s][info ][safepoint      ] Safepoint "ICBufferFull", Time since last: 1251927 ns, Reaching safepoint: 26000 ns, At safepoint: 1000 ns, Total: 27000 ns
[2.170s][info ][safepoint      ] Safepoint "ICBufferFull", Time since last: 2321350 ns, Reaching safepoint: 26300 ns, At safepoint: 1400 ns, Total: 27700 ns
[2.171s][info ][safepoint      ] Safepoint "ICBufferFull", Time since last: 1014622 ns, Reaching safepoint: 25501 ns, At safepoint: 1000 ns, Total: 26501 ns
[2.172s][info ][safepoint      ] Safepoint "ICBufferFull", Time since last: 1099623 ns, Reaching safepoint: 16601 ns, At safepoint: 1100 ns, Total: 17701 ns
[2.174s][info ][safepoint      ] Safepoint "ICBufferFull", Time since last: 1317028 ns, Reaching safepoint: 20400 ns, At safepoint: 1200 ns, Total: 21600 ns
[2.174s][info ][safepoint      ] Safepoint "ICBufferFull", Time since last: 478711 ns, Reaching safepoint: 16300 ns, At safepoint: 1100 ns, Total: 17400 ns
[2.176s][info ][safepoint      ] Safepoint "ICBufferFull", Time since last: 1297528 ns, Reaching safepoint: 31100 ns, At safepoint: 1500 ns, Total: 32600 ns
[2.177s][info ][safepoint      ] Safepoint "ICBufferFull", Time since last: 1330729 ns, Reaching safepoint: 21500 ns, At safepoint: 5400 ns, Total: 26900 ns
[2.178s][info ][safepoint      ] Safepoint "ICBufferFull", Time since last: 907120 ns, Reaching safepoint: 22300 ns, At safepoint: 1200 ns, Total: 23500 ns
[2.179s][info ][safepoint      ] Safepoint "ICBufferFull", Time since last: 1317429 ns, Reaching safepoint: 32900 ns, At safepoint: 1600 ns, Total: 34500 ns
[2.181s][info ][safepoint      ] Safepoint "ICBufferFull", Time since last: 1651136 ns, Reaching safepoint: 19800 ns, At safepoint: 1200 ns, Total: 21000 ns
[2.182s][info ][safepoint      ] Safepoint "ICBufferFull", Time since last: 916420 ns, Reaching safepoint: 17800 ns, At safepoint: 1000 ns, Total: 18800 ns
[2.183s][info ][safepoint      ] Safepoint "ICBufferFull", Time since last: 765817 ns, Reaching safepoint: 16200 ns, At safepoint: 900 ns, Total: 17100 ns
[2.183s][info ][safepoint      ] Safepoint "ICBufferFull", Time since last: 901419 ns, Reaching safepoint: 19801 ns, At safepoint: 1300 ns, Total: 21101 ns
[2.184s][info ][safepoint      ] Safepoint "ICBufferFull", Time since last: 933920 ns, Reaching safepoint: 31000 ns, At safepoint: 1500 ns, Total: 32500 ns
[2.185s][info ][safepoint      ] Safepoint "ICBufferFull", Time since last: 807118 ns, Reaching safepoint: 24800 ns, At safepoint: 1100 ns, Total: 25900 ns
[2.187s][info ][safepoint      ] Safepoint "ICBufferFull", Time since last: 1425331 ns, Reaching safepoint: 33200 ns, At safepoint: 800 ns, Total: 34000 ns
[2.187s][info ][safepoint      ] Safepoint "ICBufferFull", Time since last: 632314 ns, Reaching safepoint: 23000 ns, At safepoint: 1601 ns, Total: 24601 ns
[2.188s][info ][safepoint      ] Safepoint "ICBufferFull", Time since last: 625613 ns, Reaching safepoint: 32601 ns, At safepoint: 3700 ns, Total: 36301 ns
[2.375s][info ][safepoint      ] Safepoint "ICBufferFull", Time since last: 187095506 ns, Reaching safepoint: 236205 ns, At safepoint: 14800 ns, Total: 251005 ns
[2.629s][info ][gc,start       ] GC(2) Pause Young (Metadata GC Threshold)
[2.659s][debug][gc,phases      ] GC(2) Scavenge 30.231ms
[2.659s][debug][gc,ref         ] GC(2) Skipped phase 1 of Reference Processing: no references
[2.659s][debug][gc,ref         ] GC(2) ReferenceProcessor::execute queues: 2, RefProcThreadModel::Multi, marks_oops_alive: false
[2.659s][debug][gc,ref         ] GC(2) Skipped phase 3 of Reference Processing: no references
[2.659s][debug][gc,ref         ] GC(2) ReferenceProcessor::execute queues: 1, RefProcThreadModel::Single, marks_oops_alive: false
[2.659s][debug][gc,phases      ] GC(2) Reference Processing 0.315ms
[2.659s][debug][gc,phases      ] GC(2)   VM Weak                        Min:  0.0, Avg:  0.0, Max:  0.0, Diff:  0.0, Sum:  0.0, Workers: 4
[2.659s][debug][gc,phases      ] GC(2)     Dead                           Min: 0, Avg:  0.0, Max: 0, Diff: 0, Sum: 0, Workers: 4
[2.659s][debug][gc,phases      ] GC(2)     Total                          Min: 0, Avg: 68.2, Max: 192, Diff: 192, Sum: 273, Workers: 4
[2.659s][debug][gc,phases      ] GC(2)   ObjectSynchronizer Weak        Min:  0.0, Avg:  0.0, Max:  0.0, Diff:  0.0, Sum:  0.0, Workers: 4
[2.660s][debug][gc,phases      ] GC(2)     Dead                           Min: 0, Avg:  0.2, Max: 1, Diff: 1, Sum: 1, Workers: 4
[2.660s][debug][gc,phases      ] GC(2)     Total                          Min: 0, Avg:  2.5, Max: 10, Diff: 10, Sum: 10, Workers: 4
[2.660s][debug][gc,phases      ] GC(2)   JVMTI Tag Weak OopStorage      Min:  0.0, Avg:  0.0, Max:  0.0, Diff:  0.0, Sum:  0.0, Workers: 4
[2.660s][debug][gc,phases      ] GC(2)     Dead                           Min: 0, Avg:  0.0, Max: 0, Diff: 0, Sum: 0, Workers: 4
[2.660s][debug][gc,phases      ] GC(2)     Total                          Min: 0, Avg:  0.0, Max: 0, Diff: 0, Sum: 0, Workers: 4
[2.660s][debug][gc,phases      ] GC(2)   StringTable Weak               Min:  0.2, Avg:  0.2, Max:  0.2, Diff:  0.0, Sum:  0.7, Workers: 4
[2.660s][debug][gc,phases      ] GC(2)     Dead                           Min: 1, Avg:  5.5, Max: 16, Diff: 15, Sum: 22, Workers: 4
[2.660s][debug][gc,phases      ] GC(2)     Total                          Min: 4101, Avg: 4945.2, Max: 6016, Diff: 1915, Sum: 19781, Workers: 4
[2.660s][debug][gc,phases      ] GC(2)   ResolvedMethodTable Weak       Min:  0.0, Avg:  0.0, Max:  0.0, Diff:  0.0, Sum:  0.1, Workers: 4
[2.660s][debug][gc,phases      ] GC(2)     Dead                           Min: 4, Avg: 18.2, Max: 39, Diff: 35, Sum: 73, Workers: 4
[2.660s][debug][gc,phases      ] GC(2)     Total                          Min: 384, Avg: 473.0, Max: 640, Diff: 256, Sum: 1892, Workers: 4
[2.660s][debug][gc,phases      ] GC(2)   JNI Weak                       Min:  0.0, Avg:  0.0, Max:  0.0, Diff:  0.0, Sum:  0.0, Workers: 4
[2.660s][debug][gc,phases      ] GC(2)     Dead                           Min: 0, Avg:  0.0, Max: 0, Diff: 0, Sum: 0, Workers: 4
[2.660s][debug][gc,phases      ] GC(2)     Total                          Min: 0, Avg:  0.0, Max: 0, Diff: 0, Sum: 0, Workers: 4
[2.660s][debug][gc,phases      ] GC(2)   StringDedup Table Weak         Min:  0.0, Avg:  0.0, Max:  0.0, Diff:  0.0, Sum:  0.0, Workers: 4
[2.660s][debug][gc,phases      ] GC(2)     Dead                           Min: 0, Avg:  0.0, Max: 0, Diff: 0, Sum: 0, Workers: 4
[2.660s][debug][gc,phases      ] GC(2)     Total                          Min: 0, Avg:  0.0, Max: 0, Diff: 0, Sum: 0, Workers: 4
[2.660s][debug][gc,phases      ] GC(2)   StringDedup Requests0 Weak     Min:  0.0, Avg:  0.0, Max:  0.0, Diff:  0.0, Sum:  0.0, Workers: 4
[2.660s][debug][gc,phases      ] GC(2)     Dead                           Min: 0, Avg:  0.0, Max: 0, Diff: 0, Sum: 0, Workers: 4
[2.660s][debug][gc,phases      ] GC(2)     Total                          Min: 0, Avg:  0.0, Max: 0, Diff: 0, Sum: 0, Workers: 4
[2.660s][debug][gc,phases      ] GC(2)   StringDedup Requests1 Weak     Min:  0.0, Avg:  0.0, Max:  0.0, Diff:  0.0, Sum:  0.0, Workers: 4
[2.660s][debug][gc,phases      ] GC(2)     Dead                           Min: 0, Avg:  0.0, Max: 0, Diff: 0, Sum: 0, Workers: 4
[2.660s][debug][gc,phases      ] GC(2)     Total                          Min: 0, Avg:  0.0, Max: 0, Diff: 0, Sum: 0, Workers: 4
[2.660s][debug][gc,phases      ] GC(2)   Weak JFR Old Object Samples    Min:  0.0, Avg:  0.0, Max:  0.0, Diff:  0.0, Sum:  0.0, Workers: 4
[2.660s][debug][gc,phases      ] GC(2)     Dead                           Min: 0, Avg:  0.0, Max: 0, Diff: 0, Sum: 0, Workers: 4
[2.660s][debug][gc,phases      ] GC(2)     Total                          Min: 0, Avg:  0.0, Max: 0, Diff: 0, Sum: 0, Workers: 4
[2.660s][debug][gc,phases      ] GC(2) Weak Processing 0.391ms
[2.660s][debug][gc,age         ] GC(2) Desired survivor size 536870912 bytes, new threshold 7 (max threshold 15)
[2.660s][info ][gc,heap        ] GC(2) PSYoungGen: 443152K(1572864K)->56566K(1572864K) Eden: 432014K(1048576K)->0K(1048576K) From: 11138K(524288K)->56566K(524288K)
[2.660s][info ][gc,heap        ] GC(2) ParOldGen: 5705K(6144K)->5713K(6144K)
[2.660s][info ][gc,metaspace   ] GC(2) Metaspace: 35463K(35840K)->35463K(35840K) NonClass: 30997K(31168K)->30997K(31168K) Class: 4466K(4672K)->4466K(4672K)
[2.660s][info ][gc             ] GC(2) Pause Young (Metadata GC Threshold) 438M->60M(1542M) 31.083ms
[2.660s][info ][gc,cpu         ] GC(2) User=0.12s Sys=0.00s Real=0.03s
[2.660s][debug][gc,phases      ] GC(3) Pre Compact 0.013ms
[2.660s][info ][gc,start       ] GC(3) Pause Full (Metadata GC Threshold)
[2.660s][info ][gc,phases,start] GC(3) Marking Phase
[2.679s][debug][gc,phases      ] GC(3) Par Mark 18.831ms
[2.679s][debug][gc,ref         ] GC(3) Skipped phase 1 of Reference Processing: no references
[2.679s][debug][gc,ref         ] GC(3) ReferenceProcessor::execute queues: 2, RefProcThreadModel::Multi, marks_oops_alive: false
[2.679s][debug][gc,ref         ] GC(3) Skipped phase 3 of Reference Processing: no references
[2.679s][debug][gc,ref         ] GC(3) ReferenceProcessor::execute queues: 1, RefProcThreadModel::Single, marks_oops_alive: false
[2.679s][debug][gc,phases      ] GC(3) Reference Processing 0.119ms
[2.679s][debug][gc,phases      ] GC(3)   VM Weak                        Min:  0.0, Avg:  0.0, Max:  0.0, Diff:  0.0, Sum:  0.0, Workers: 4
[2.679s][debug][gc,phases      ] GC(3)     Dead                           Min: 0, Avg:  0.0, Max: 0, Diff: 0, Sum: 0, Workers: 4
[2.679s][debug][gc,phases      ] GC(3)     Total                          Min: 0, Avg: 68.2, Max: 192, Diff: 192, Sum: 273, Workers: 4
[2.679s][debug][gc,phases      ] GC(3)   ObjectSynchronizer Weak        Min:  0.0, Avg:  0.0, Max:  0.0, Diff:  0.0, Sum:  0.0, Workers: 4
[2.679s][debug][gc,phases      ] GC(3)     Dead                           Min: 0, Avg:  0.0, Max: 0, Diff: 0, Sum: 0, Workers: 4
[2.679s][debug][gc,phases      ] GC(3)     Total                          Min: 0, Avg:  2.5, Max: 10, Diff: 10, Sum: 10, Workers: 4
[2.679s][debug][gc,phases      ] GC(3)   JVMTI Tag Weak OopStorage      Min:  0.0, Avg:  0.0, Max:  0.0, Diff:  0.0, Sum:  0.0, Workers: 4
[2.679s][debug][gc,phases      ] GC(3)     Dead                           Min: 0, Avg:  0.0, Max: 0, Diff: 0, Sum: 0, Workers: 4
[2.679s][debug][gc,phases      ] GC(3)     Total                          Min: 0, Avg:  0.0, Max: 0, Diff: 0, Sum: 0, Workers: 4
[2.679s][debug][gc,phases      ] GC(3)   StringTable Weak               Min:  0.1, Avg:  0.1, Max:  0.1, Diff:  0.0, Sum:  0.3, Workers: 4
[2.679s][debug][gc,phases      ] GC(3)     Dead                           Min: 0, Avg:  0.5, Max: 1, Diff: 1, Sum: 2, Workers: 4
[2.679s][debug][gc,phases      ] GC(3)     Total                          Min: 4544, Avg: 4945.2, Max: 5829, Diff: 1285, Sum: 19781, Workers: 4
[2.679s][debug][gc,phases      ] GC(3)   ResolvedMethodTable Weak       Min:  0.0, Avg:  0.0, Max:  0.0, Diff:  0.0, Sum:  0.0, Workers: 4
[2.679s][debug][gc,phases      ] GC(3)     Dead                           Min: 0, Avg:  0.0, Max: 0, Diff: 0, Sum: 0, Workers: 4
[2.679s][debug][gc,phases      ] GC(3)     Total                          Min: 448, Avg: 473.0, Max: 512, Diff: 64, Sum: 1892, Workers: 4
[2.679s][debug][gc,phases      ] GC(3)   JNI Weak                       Min:  0.0, Avg:  0.0, Max:  0.0, Diff:  0.0, Sum:  0.0, Workers: 4
[2.679s][debug][gc,phases      ] GC(3)     Dead                           Min: 0, Avg:  0.0, Max: 0, Diff: 0, Sum: 0, Workers: 4
[2.679s][debug][gc,phases      ] GC(3)     Total                          Min: 0, Avg:  0.0, Max: 0, Diff: 0, Sum: 0, Workers: 4
[2.679s][debug][gc,phases      ] GC(3)   StringDedup Table Weak         Min:  0.0, Avg:  0.0, Max:  0.0, Diff:  0.0, Sum:  0.0, Workers: 4
[2.679s][debug][gc,phases      ] GC(3)     Dead                           Min: 0, Avg:  0.0, Max: 0, Diff: 0, Sum: 0, Workers: 4
[2.679s][debug][gc,phases      ] GC(3)     Total                          Min: 0, Avg:  0.0, Max: 0, Diff: 0, Sum: 0, Workers: 4
[2.679s][debug][gc,phases      ] GC(3)   StringDedup Requests0 Weak     Min:  0.0, Avg:  0.0, Max:  0.0, Diff:  0.0, Sum:  0.0, Workers: 4
[2.679s][debug][gc,phases      ] GC(3)     Dead                           Min: 0, Avg:  0.0, Max: 0, Diff: 0, Sum: 0, Workers: 4
[2.679s][debug][gc,phases      ] GC(3)     Total                          Min: 0, Avg:  0.0, Max: 0, Diff: 0, Sum: 0, Workers: 4
[2.679s][debug][gc,phases      ] GC(3)   StringDedup Requests1 Weak     Min:  0.0, Avg:  0.0, Max:  0.0, Diff:  0.0, Sum:  0.0, Workers: 4
[2.679s][debug][gc,phases      ] GC(3)     Dead                           Min: 0, Avg:  0.0, Max: 0, Diff: 0, Sum: 0, Workers: 4
[2.679s][debug][gc,phases      ] GC(3)     Total                          Min: 0, Avg:  0.0, Max: 0, Diff: 0, Sum: 0, Workers: 4
[2.679s][debug][gc,phases      ] GC(3)   Weak JFR Old Object Samples    Min:  0.0, Avg:  0.0, Max:  0.0, Diff:  0.0, Sum:  0.0, Workers: 4
[2.679s][debug][gc,phases      ] GC(3)     Dead                           Min: 0, Avg:  0.0, Max: 0, Diff: 0, Sum: 0, Workers: 4
[2.679s][debug][gc,phases      ] GC(3)     Total                          Min: 0, Avg:  0.0, Max: 0, Diff: 0, Sum: 0, Workers: 4
[2.679s][debug][gc,phases      ] GC(3) Weak Processing 0.255ms
[2.679s][debug][gc,phases      ] GC(3) ClassLoaderData 0.037ms
[2.679s][debug][gc,phases      ] GC(3) Trigger cleanups 0.000ms
[2.683s][debug][gc,phases      ] GC(3) Class Unloading 3.618ms
[2.683s][info ][gc,phases      ] GC(3) Marking Phase 22.936ms
[2.683s][info ][gc,phases,start] GC(3) Summary Phase
[2.683s][info ][gc,phases      ] GC(3) Summary Phase 0.006ms
[2.683s][info ][gc,phases,start] GC(3) Adjust Roots
[2.687s][info ][gc,phases      ] GC(3) Adjust Roots 4.340ms
[2.687s][info ][gc,phases,start] GC(3) Compaction Phase
[2.953s][info ][gc,phases      ] GC(3) Compaction Phase 266.160ms
[2.953s][info ][gc,phases,start] GC(3) Post Compact
[2.954s][info ][gc,phases      ] GC(3) Post Compact 0.659ms
[2.954s][info ][gc,heap        ] GC(3) PSYoungGen: 56566K(1572864K)->56392K(1572864K) Eden: 0K(1048576K)->0K(1048576K) From: 56566K(524288K)->56392K(524288K)
[2.954s][info ][gc,heap        ] GC(3) ParOldGen: 5713K(6144K)->5642K(6144K)
[2.954s][info ][gc,metaspace   ] GC(3) Metaspace: 35463K(35840K)->35463K(35840K) NonClass: 30997K(31168K)->30997K(31168K) Class: 4466K(4672K)->4466K(4672K)
[2.954s][info ][gc             ] GC(3) Pause Full (Metadata GC Threshold) 60M->60M(1542M) 294.232ms
[2.954s][info ][gc,cpu         ] GC(3) User=0.63s Sys=0.01s Real=0.29s
[2.954s][info ][safepoint      ] Safepoint "CollectForMetadataAllocation", Time since last: 253021518 ns, Reaching safepoint: 130903 ns, At safepoint: 325446569 ns, Total: 325577472 ns
[3.145s][info ][safepoint      ] Safepoint "ICBufferFull", Time since last: 191141793 ns, Reaching safepoint: 134103 ns, At safepoint: 5700 ns, Total: 139803 ns
[3.277s][info ][safepoint      ] Safepoint "ICBufferFull", Time since last: 131843123 ns, Reaching safepoint: 225405 ns, At safepoint: 7200 ns, Total: 232605 ns
[3.508s][info ][safepoint      ] Safepoint "ICBufferFull", Time since last: 230437335 ns, Reaching safepoint: 217204 ns, At safepoint: 23001 ns, Total: 240205 ns
[3.510s][info ][safepoint      ] Safepoint "ICBufferFull", Time since last: 2153946 ns, Reaching safepoint: 108502 ns, At safepoint: 19101 ns, Total: 127603 ns
[3.513s][info ][safepoint      ] Safepoint "ICBufferFull", Time since last: 2349050 ns, Reaching safepoint: 109302 ns, At safepoint: 23001 ns, Total: 132303 ns
[3.632s][info ][safepoint      ] Safepoint "ICBufferFull", Time since last: 118587939 ns, Reaching safepoint: 236205 ns, At safepoint: 26801 ns, Total: 263006 ns
[3.801s][info ][safepoint      ] Safepoint "ICBufferFull", Time since last: 168971718 ns, Reaching safepoint: 213305 ns, At safepoint: 27300 ns, Total: 240605 ns
[3.940s][info ][safepoint      ] Safepoint "ICBufferFull", Time since last: 139368385 ns, Reaching safepoint: 207804 ns, At safepoint: 15201 ns, Total: 223005 ns
[3.945s][info ][safepoint      ] Safepoint "ICBufferFull", Time since last: 4088387 ns, Reaching safepoint: 114203 ns, At safepoint: 10600 ns, Total: 124803 ns
[3.945s][info ][safepoint      ] Safepoint "ICBufferFull", Time since last: 63701 ns, Reaching safepoint: 83202 ns, At safepoint: 18600 ns, Total: 101802 ns
[4.237s][info ][safepoint      ] Safepoint "ICBufferFull", Time since last: 291758348 ns, Reaching safepoint: 207205 ns, At safepoint: 22900 ns, Total: 230105 ns
[4.415s][info ][safepoint      ] Safepoint "ICBufferFull", Time since last: 176914688 ns, Reaching safepoint: 813718 ns, At safepoint: 34301 ns, Total: 848019 ns
[4.488s][info ][safepoint      ] Safepoint "ICBufferFull", Time since last: 73341270 ns, Reaching safepoint: 264306 ns, At safepoint: 21200 ns, Total: 285506 ns
[4.526s][info ][safepoint      ] Safepoint "ICBufferFull", Time since last: 35208054 ns, Reaching safepoint: 2205948 ns, At safepoint: 25100 ns, Total: 2231048 ns
[4.526s][info ][safepoint      ] Safepoint "ICBufferFull", Time since last: 75402 ns, Reaching safepoint: 89802 ns, At safepoint: 17200 ns, Total: 107002 ns
[4.533s][info ][safepoint      ] Safepoint "ICBufferFull", Time since last: 7280556 ns, Reaching safepoint: 126003 ns, At safepoint: 27000 ns, Total: 153003 ns
[4.539s][info ][safepoint      ] Safepoint "ICBufferFull", Time since last: 5129910 ns, Reaching safepoint: 270906 ns, At safepoint: 27800 ns, Total: 298706 ns
[4.557s][info ][safepoint      ] Safepoint "ICBufferFull", Time since last: 17883683 ns, Reaching safepoint: 199605 ns, At safepoint: 26800 ns, Total: 226405 ns
[4.560s][info ][safepoint      ] Safepoint "ICBufferFull", Time since last: 3060166 ns, Reaching safepoint: 133703 ns, At safepoint: 24400 ns, Total: 158103 ns
[4.563s][info ][safepoint      ] Safepoint "ICBufferFull", Time since last: 2844561 ns, Reaching safepoint: 109702 ns, At safepoint: 38401 ns, Total: 148103 ns
[4.573s][info ][safepoint      ] Safepoint "ICBufferFull", Time since last: 9429502 ns, Reaching safepoint: 124603 ns, At safepoint: 22000 ns, Total: 146603 ns
[4.575s][info ][safepoint      ] Safepoint "ICBufferFull", Time since last: 2282549 ns, Reaching safepoint: 142503 ns, At safepoint: 15701 ns, Total: 158204 ns
[4.578s][info ][safepoint      ] Safepoint "ICBufferFull", Time since last: 2566155 ns, Reaching safepoint: 128302 ns, At safepoint: 24301 ns, Total: 152603 ns
[4.580s][info ][gc,start       ] GC(4) Pause Young (Allocation Failure)
[4.698s][debug][gc,phases      ] GC(4) Scavenge 117.074ms
[4.698s][debug][gc,ref         ] GC(4) Skipped phase 1 of Reference Processing: no references
[4.698s][debug][gc,ref         ] GC(4) ReferenceProcessor::execute queues: 4, RefProcThreadModel::Multi, marks_oops_alive: false
[4.698s][debug][gc,ref         ] GC(4) Skipped phase 3 of Reference Processing: no references
[4.698s][debug][gc,ref         ] GC(4) ReferenceProcessor::execute queues: 3, RefProcThreadModel::Multi, marks_oops_alive: false
[4.698s][debug][gc,phases      ] GC(4) Reference Processing 0.388ms
[4.698s][debug][gc,phases      ] GC(4)   VM Weak                        Min:  0.0, Avg:  0.0, Max:  0.0, Diff:  0.0, Sum:  0.0, Workers: 4
[4.698s][debug][gc,phases      ] GC(4)     Dead                           Min: 0, Avg:  0.0, Max: 0, Diff: 0, Sum: 0, Workers: 4
[4.698s][debug][gc,phases      ] GC(4)     Total                          Min: 0, Avg: 105.0, Max: 228, Diff: 228, Sum: 420, Workers: 4
[4.698s][debug][gc,phases      ] GC(4)   ObjectSynchronizer Weak        Min:  0.0, Avg:  0.0, Max:  0.0, Diff:  0.0, Sum:  0.0, Workers: 4
[4.698s][debug][gc,phases      ] GC(4)     Dead                           Min: 0, Avg: 53.8, Max: 102, Diff: 102, Sum: 215, Workers: 4
[4.698s][debug][gc,phases      ] GC(4)     Total                          Min: 0, Avg: 64.0, Max: 128, Diff: 128, Sum: 256, Workers: 4
[4.698s][debug][gc,phases      ] GC(4)   JVMTI Tag Weak OopStorage      Min:  0.0, Avg:  0.0, Max:  0.0, Diff:  0.0, Sum:  0.0, Workers: 4
[4.698s][debug][gc,phases      ] GC(4)     Dead                           Min: 0, Avg:  0.0, Max: 0, Diff: 0, Sum: 0, Workers: 4
[4.698s][debug][gc,phases      ] GC(4)     Total                          Min: 0, Avg:  0.0, Max: 0, Diff: 0, Sum: 0, Workers: 4
[4.698s][debug][gc,phases      ] GC(4)   StringTable Weak               Min:  0.3, Avg:  0.3, Max:  0.3, Diff:  0.0, Sum:  1.2, Workers: 4
[4.698s][debug][gc,phases      ] GC(4)     Dead                           Min: 2, Avg:  6.5, Max: 15, Diff: 13, Sum: 26, Workers: 4
[4.698s][debug][gc,phases      ] GC(4)     Total                          Min: 8256, Avg: 9553.8, Max: 11015, Diff: 2759, Sum: 38215, Workers: 4
[4.698s][debug][gc,phases      ] GC(4)   ResolvedMethodTable Weak       Min:  0.0, Avg:  0.0, Max:  0.0, Diff:  0.0, Sum:  0.1, Workers: 4
[4.698s][debug][gc,phases      ] GC(4)     Dead                           Min: 13, Avg: 42.8, Max: 73, Diff: 60, Sum: 171, Workers: 4
[4.698s][debug][gc,phases      ] GC(4)     Total                          Min: 1088, Avg: 1228.5, Max: 1330, Diff: 242, Sum: 4914, Workers: 4
[4.698s][debug][gc,phases      ] GC(4)   JNI Weak                       Min:  0.0, Avg:  0.0, Max:  0.0, Diff:  0.0, Sum:  0.0, Workers: 4
[4.698s][debug][gc,phases      ] GC(4)     Dead                           Min: 0, Avg:  0.0, Max: 0, Diff: 0, Sum: 0, Workers: 4
[4.698s][debug][gc,phases      ] GC(4)     Total                          Min: 0, Avg:  1.8, Max: 7, Diff: 7, Sum: 7, Workers: 4
[4.698s][debug][gc,phases      ] GC(4)   StringDedup Table Weak         Min:  0.0, Avg:  0.0, Max:  0.0, Diff:  0.0, Sum:  0.0, Workers: 4
[4.699s][debug][gc,phases      ] GC(4)     Dead                           Min: 0, Avg:  0.0, Max: 0, Diff: 0, Sum: 0, Workers: 4
[4.699s][debug][gc,phases      ] GC(4)     Total                          Min: 0, Avg:  0.0, Max: 0, Diff: 0, Sum: 0, Workers: 4
[4.699s][debug][gc,phases      ] GC(4)   StringDedup Requests0 Weak     Min:  0.0, Avg:  0.0, Max:  0.0, Diff:  0.0, Sum:  0.0, Workers: 4
[4.699s][debug][gc,phases      ] GC(4)     Dead                           Min: 0, Avg:  0.0, Max: 0, Diff: 0, Sum: 0, Workers: 4
[4.699s][debug][gc,phases      ] GC(4)     Total                          Min: 0, Avg:  0.0, Max: 0, Diff: 0, Sum: 0, Workers: 4
[4.699s][debug][gc,phases      ] GC(4)   StringDedup Requests1 Weak     Min:  0.0, Avg:  0.0, Max:  0.0, Diff:  0.0, Sum:  0.0, Workers: 4
[4.699s][debug][gc,phases      ] GC(4)     Dead                           Min: 0, Avg:  0.0, Max: 0, Diff: 0, Sum: 0, Workers: 4
[4.699s][debug][gc,phases      ] GC(4)     Total                          Min: 0, Avg:  0.0, Max: 0, Diff: 0, Sum: 0, Workers: 4
[4.699s][debug][gc,phases      ] GC(4)   Weak JFR Old Object Samples    Min:  0.0, Avg:  0.0, Max:  0.0, Diff:  0.0, Sum:  0.0, Workers: 4
[4.699s][debug][gc,phases      ] GC(4)     Dead                           Min: 0, Avg:  0.0, Max: 0, Diff: 0, Sum: 0, Workers: 4
[4.699s][debug][gc,phases      ] GC(4)     Total                          Min: 0, Avg:  0.0, Max: 0, Diff: 0, Sum: 0, Workers: 4
[4.699s][debug][gc,phases      ] GC(4) Weak Processing 0.518ms
[4.699s][debug][gc,age         ] GC(4) Desired survivor size 536870912 bytes, new threshold 7 (max threshold 15)
[4.699s][info ][gc,heap        ] GC(4) PSYoungGen: 1104968K(1572864K)->165883K(1572864K) Eden: 1048576K(1048576K)->0K(1048576K) From: 56392K(524288K)->165883K(524288K)
[4.699s][info ][gc,heap        ] GC(4) ParOldGen: 5642K(6144K)->5658K(6144K)
[4.699s][info ][gc,metaspace   ] GC(4) Metaspace: 53571K(54144K)->53571K(54144K) NonClass: 45666K(45952K)->45666K(45952K) Class: 7905K(8192K)->7905K(8192K)
[4.699s][info ][gc             ] GC(4) Pause Young (Allocation Failure) 1084M->167M(1542M) 118.124ms
[4.699s][info ][gc,cpu         ] GC(4) User=0.40s Sys=0.07s Real=0.12s
[4.699s][info ][safepoint      ] Safepoint "ParallelGCFailedAllocation", Time since last: 2575655 ns, Reaching safepoint: 107202 ns, At safepoint: 118222732 ns, Total: 118329934 ns
[4.716s][info ][safepoint      ] Safepoint "ICBufferFull", Time since last: 16788659 ns, Reaching safepoint: 125603 ns, At safepoint: 22401 ns, Total: 148004 ns
[4.726s][info ][safepoint      ] Safepoint "ICBufferFull", Time since last: 10185918 ns, Reaching safepoint: 123702 ns, At safepoint: 22701 ns, Total: 146403 ns
[4.731s][info ][safepoint      ] Safepoint "ICBufferFull", Time since last: 4467896 ns, Reaching safepoint: 131002 ns, At safepoint: 26001 ns, Total: 157003 ns
[4.733s][info ][safepoint      ] Safepoint "ICBufferFull", Time since last: 2105345 ns, Reaching safepoint: 112802 ns, At safepoint: 26101 ns, Total: 138903 ns
[4.736s][info ][safepoint      ] Safepoint "ICBufferFull", Time since last: 3013265 ns, Reaching safepoint: 109502 ns, At safepoint: 25600 ns, Total: 135102 ns
[4.912s][info ][gc,start       ] GC(5) Pause Young (Allocation Failure)
[5.001s][debug][gc,phases      ] GC(5) Scavenge 89.500ms
[5.001s][debug][gc,ref         ] GC(5) Skipped phase 1 of Reference Processing: no references
[5.001s][debug][gc,ref         ] GC(5) ReferenceProcessor::execute queues: 4, RefProcThreadModel::Multi, marks_oops_alive: false
[5.002s][debug][gc,ref         ] GC(5) Skipped phase 3 of Reference Processing: no references
[5.002s][debug][gc,ref         ] GC(5) ReferenceProcessor::execute queues: 1, RefProcThreadModel::Single, marks_oops_alive: false
[5.002s][debug][gc,phases      ] GC(5) Reference Processing 0.333ms
[5.002s][debug][gc,phases      ] GC(5)   VM Weak                        Min:  0.0, Avg:  0.0, Max:  0.0, Diff:  0.0, Sum:  0.0, Workers: 4
[5.002s][debug][gc,phases      ] GC(5)     Dead                           Min: 0, Avg:  0.0, Max: 0, Diff: 0, Sum: 0, Workers: 4
[5.002s][debug][gc,phases      ] GC(5)     Total                          Min: 0, Avg: 105.8, Max: 359, Diff: 359, Sum: 423, Workers: 4
[5.002s][debug][gc,phases      ] GC(5)   ObjectSynchronizer Weak        Min:  0.0, Avg:  0.0, Max:  0.0, Diff:  0.0, Sum:  0.0, Workers: 4
[5.002s][debug][gc,phases      ] GC(5)     Dead                           Min: 0, Avg:  4.5, Max: 18, Diff: 18, Sum: 18, Workers: 4
[5.002s][debug][gc,phases      ] GC(5)     Total                          Min: 18, Avg: 68.5, Max: 128, Diff: 110, Sum: 274, Workers: 4
[5.002s][debug][gc,phases      ] GC(5)   JVMTI Tag Weak OopStorage      Min:  0.0, Avg:  0.0, Max:  0.0, Diff:  0.0, Sum:  0.0, Workers: 4
[5.002s][debug][gc,phases      ] GC(5)     Dead                           Min: 0, Avg:  0.0, Max: 0, Diff: 0, Sum: 0, Workers: 4
[5.002s][debug][gc,phases      ] GC(5)     Total                          Min: 0, Avg:  0.0, Max: 0, Diff: 0, Sum: 0, Workers: 4
[5.002s][debug][gc,phases      ] GC(5)   StringTable Weak               Min:  0.4, Avg:  0.4, Max:  0.4, Diff:  0.0, Sum:  1.5, Workers: 4
[5.002s][debug][gc,phases      ] GC(5)     Dead                           Min: 0, Avg:  0.0, Max: 0, Diff: 0, Sum: 0, Workers: 4
[5.002s][debug][gc,phases      ] GC(5)     Total                          Min: 8320, Avg: 9560.0, Max: 12800, Diff: 4480, Sum: 38240, Workers: 4
[5.002s][debug][gc,phases      ] GC(5)   ResolvedMethodTable Weak       Min:  0.0, Avg:  0.0, Max:  0.1, Diff:  0.0, Sum:  0.2, Workers: 4
[5.002s][debug][gc,phases      ] GC(5)     Dead                           Min: 0, Avg:  0.0, Max: 0, Diff: 0, Sum: 0, Workers: 4
[5.002s][debug][gc,phases      ] GC(5)     Total                          Min: 852, Avg: 1189.8, Max: 1596, Diff: 744, Sum: 4759, Workers: 4
[5.002s][debug][gc,phases      ] GC(5)   JNI Weak                       Min:  0.0, Avg:  0.0, Max:  0.0, Diff:  0.0, Sum:  0.0, Workers: 4
[5.002s][debug][gc,phases      ] GC(5)     Dead                           Min: 0, Avg:  0.0, Max: 0, Diff: 0, Sum: 0, Workers: 4
[5.002s][debug][gc,phases      ] GC(5)     Total                          Min: 0, Avg:  1.8, Max: 7, Diff: 7, Sum: 7, Workers: 4
[5.002s][debug][gc,phases      ] GC(5)   StringDedup Table Weak         Min:  0.0, Avg:  0.0, Max:  0.0, Diff:  0.0, Sum:  0.0, Workers: 4
[5.002s][debug][gc,phases      ] GC(5)     Dead                           Min: 0, Avg:  0.0, Max: 0, Diff: 0, Sum: 0, Workers: 4
[5.002s][debug][gc,phases      ] GC(5)     Total                          Min: 0, Avg:  0.0, Max: 0, Diff: 0, Sum: 0, Workers: 4
[5.002s][debug][gc,phases      ] GC(5)   StringDedup Requests0 Weak     Min:  0.0, Avg:  0.0, Max:  0.0, Diff:  0.0, Sum:  0.0, Workers: 4
[5.002s][debug][gc,phases      ] GC(5)     Dead                           Min: 0, Avg:  0.0, Max: 0, Diff: 0, Sum: 0, Workers: 4
[5.002s][debug][gc,phases      ] GC(5)     Total                          Min: 0, Avg:  0.0, Max: 0, Diff: 0, Sum: 0, Workers: 4
[5.002s][debug][gc,phases      ] GC(5)   StringDedup Requests1 Weak     Min:  0.0, Avg:  0.0, Max:  0.0, Diff:  0.0, Sum:  0.0, Workers: 4
[5.002s][debug][gc,phases      ] GC(5)     Dead                           Min: 0, Avg:  0.0, Max: 0, Diff: 0, Sum: 0, Workers: 4
[5.002s][debug][gc,phases      ] GC(5)     Total                          Min: 0, Avg:  0.0, Max: 0, Diff: 0, Sum: 0, Workers: 4
[5.002s][debug][gc,phases      ] GC(5)   Weak JFR Old Object Samples    Min:  0.0, Avg:  0.0, Max:  0.0, Diff:  0.0, Sum:  0.0, Workers: 4
[5.002s][debug][gc,phases      ] GC(5)     Dead                           Min: 0, Avg:  0.0, Max: 0, Diff: 0, Sum: 0, Workers: 4
[5.002s][debug][gc,phases      ] GC(5)     Total                          Min: 0, Avg:  0.0, Max: 0, Diff: 0, Sum: 0, Workers: 4
[5.002s][debug][gc,phases      ] GC(5) Weak Processing 0.610ms
[5.002s][debug][gc,age         ] GC(5) Desired survivor size 536870912 bytes, new threshold 7 (max threshold 15)
[5.002s][info ][gc,heap        ] GC(5) PSYoungGen: 1214459K(1572864K)->179210K(1572864K) Eden: 1048576K(1048576K)->0K(1048576K) From: 165883K(524288K)->179210K(524288K)
[5.002s][info ][gc,heap        ] GC(5) ParOldGen: 5658K(6144K)->5666K(6144K)
[5.002s][info ][gc,metaspace   ] GC(5) Metaspace: 53704K(54272K)->53704K(54272K) NonClass: 45791K(46080K)->45791K(46080K) Class: 7913K(8192K)->7913K(8192K)
[5.002s][info ][gc             ] GC(5) Pause Young (Allocation Failure) 1191M->180M(1542M) 90.575ms
[5.002s][info ][gc,cpu         ] GC(5) User=0.29s Sys=0.07s Real=0.09s
[5.002s][info ][safepoint      ] Safepoint "ParallelGCFailedAllocation", Time since last: 175537560 ns, Reaching safepoint: 226704 ns, At safepoint: 90673242 ns, Total: 90899946 ns
[5.151s][info ][safepoint      ] Safepoint "ICBufferFull", Time since last: 148585682 ns, Reaching safepoint: 208104 ns, At safepoint: 21601 ns, Total: 229705 ns
[5.177s][info ][safepoint      ] Safepoint "ICBufferFull", Time since last: 25877854 ns, Reaching safepoint: 146603 ns, At safepoint: 28601 ns, Total: 175204 ns
[5.188s][info ][safepoint      ] Safepoint "ICBufferFull", Time since last: 10080616 ns, Reaching safepoint: 270106 ns, At safepoint: 25200 ns, Total: 295306 ns
[5.194s][info ][safepoint      ] Safepoint "ICBufferFull", Time since last: 6356136 ns, Reaching safepoint: 106402 ns, At safepoint: 27301 ns, Total: 133703 ns
[5.218s][info ][safepoint      ] Safepoint "ICBufferFull", Time since last: 23843811 ns, Reaching safepoint: 138103 ns, At safepoint: 26100 ns, Total: 164203 ns
[5.233s][info ][safepoint      ] Safepoint "ICBufferFull", Time since last: 12598870 ns, Reaching safepoint: 2226148 ns, At safepoint: 31100 ns, Total: 2257248 ns
[5.234s][info ][gc,start       ] GC(6) Pause Young (Allocation Failure)
[5.313s][debug][gc,phases      ] GC(6) Scavenge 79.133ms
[5.313s][debug][gc,ref         ] GC(6) Skipped phase 1 of Reference Processing: no references
[5.313s][debug][gc,ref         ] GC(6) ReferenceProcessor::execute queues: 4, RefProcThreadModel::Multi, marks_oops_alive: false
[5.314s][debug][gc,ref         ] GC(6) Skipped phase 3 of Reference Processing: no references
[5.314s][debug][gc,ref         ] GC(6) ReferenceProcessor::execute queues: 1, RefProcThreadModel::Single, marks_oops_alive: false
[5.314s][debug][gc,phases      ] GC(6) Reference Processing 0.470ms
[5.314s][debug][gc,phases      ] GC(6)   VM Weak                        Min:  0.0, Avg:  0.0, Max:  0.0, Diff:  0.0, Sum:  0.0, Workers: 4
[5.314s][debug][gc,phases      ] GC(6)     Dead                           Min: 0, Avg:  0.0, Max: 0, Diff: 0, Sum: 0, Workers: 4
[5.314s][debug][gc,phases      ] GC(6)     Total                          Min: 0, Avg: 109.8, Max: 183, Diff: 183, Sum: 439, Workers: 4
[5.314s][debug][gc,phases      ] GC(6)   ObjectSynchronizer Weak        Min:  0.0, Avg:  0.0, Max:  0.0, Diff:  0.0, Sum:  0.0, Workers: 4
[5.314s][debug][gc,phases      ] GC(6)     Dead                           Min: 0, Avg:  0.0, Max: 0, Diff: 0, Sum: 0, Workers: 4
[5.314s][debug][gc,phases      ] GC(6)     Total                          Min: 0, Avg: 68.5, Max: 146, Diff: 146, Sum: 274, Workers: 4
[5.314s][debug][gc,phases      ] GC(6)   JVMTI Tag Weak OopStorage      Min:  0.0, Avg:  0.0, Max:  0.0, Diff:  0.0, Sum:  0.0, Workers: 4
[5.314s][debug][gc,phases      ] GC(6)     Dead                           Min: 0, Avg:  0.0, Max: 0, Diff: 0, Sum: 0, Workers: 4
[5.314s][debug][gc,phases      ] GC(6)     Total                          Min: 0, Avg:  0.0, Max: 0, Diff: 0, Sum: 0, Workers: 4
[5.314s][debug][gc,phases      ] GC(6)   StringTable Weak               Min:  0.4, Avg:  0.4, Max:  0.4, Diff:  0.0, Sum:  1.5, Workers: 4
[5.314s][debug][gc,phases      ] GC(6)     Dead                           Min: 0, Avg:  3.5, Max: 13, Diff: 13, Sum: 14, Workers: 4
[5.314s][debug][gc,phases      ] GC(6)     Total                          Min: 8128, Avg: 9600.2, Max: 13248, Diff: 5120, Sum: 38401, Workers: 4
[5.314s][debug][gc,phases      ] GC(6)   ResolvedMethodTable Weak       Min:  0.0, Avg:  0.1, Max:  0.1, Diff:  0.0, Sum:  0.2, Workers: 4
[5.314s][debug][gc,phases      ] GC(6)     Dead                           Min: 0, Avg:  0.0, Max: 0, Diff: 0, Sum: 0, Workers: 4
[5.314s][debug][gc,phases      ] GC(6)     Total                          Min: 958, Avg: 1226.8, Max: 1842, Diff: 884, Sum: 4907, Workers: 4
[5.314s][debug][gc,phases      ] GC(6)   JNI Weak                       Min:  0.0, Avg:  0.0, Max:  0.0, Diff:  0.0, Sum:  0.0, Workers: 4
[5.314s][debug][gc,phases      ] GC(6)     Dead                           Min: 0, Avg:  0.0, Max: 0, Diff: 0, Sum: 0, Workers: 4
[5.314s][debug][gc,phases      ] GC(6)     Total                          Min: 0, Avg:  4.0, Max: 16, Diff: 16, Sum: 16, Workers: 4
[5.314s][debug][gc,phases      ] GC(6)   StringDedup Table Weak         Min:  0.0, Avg:  0.0, Max:  0.0, Diff:  0.0, Sum:  0.0, Workers: 4
[5.314s][debug][gc,phases      ] GC(6)     Dead                           Min: 0, Avg:  0.0, Max: 0, Diff: 0, Sum: 0, Workers: 4
[5.314s][debug][gc,phases      ] GC(6)     Total                          Min: 0, Avg:  0.0, Max: 0, Diff: 0, Sum: 0, Workers: 4
[5.314s][debug][gc,phases      ] GC(6)   StringDedup Requests0 Weak     Min:  0.0, Avg:  0.0, Max:  0.0, Diff:  0.0, Sum:  0.0, Workers: 4
[5.314s][debug][gc,phases      ] GC(6)     Dead                           Min: 0, Avg:  0.0, Max: 0, Diff: 0, Sum: 0, Workers: 4
[5.314s][debug][gc,phases      ] GC(6)     Total                          Min: 0, Avg:  0.0, Max: 0, Diff: 0, Sum: 0, Workers: 4
[5.314s][debug][gc,phases      ] GC(6)   StringDedup Requests1 Weak     Min:  0.0, Avg:  0.0, Max:  0.0, Diff:  0.0, Sum:  0.0, Workers: 4
[5.314s][debug][gc,phases      ] GC(6)     Dead                           Min: 0, Avg:  0.0, Max: 0, Diff: 0, Sum: 0, Workers: 4
[5.314s][debug][gc,phases      ] GC(6)     Total                          Min: 0, Avg:  0.0, Max: 0, Diff: 0, Sum: 0, Workers: 4
[5.314s][debug][gc,phases      ] GC(6)   Weak JFR Old Object Samples    Min:  0.0, Avg:  0.0, Max:  0.0, Diff:  0.0, Sum:  0.0, Workers: 4
[5.314s][debug][gc,phases      ] GC(6)     Dead                           Min: 0, Avg:  0.0, Max: 0, Diff: 0, Sum: 0, Workers: 4
[5.314s][debug][gc,phases      ] GC(6)     Total                          Min: 0, Avg:  0.0, Max: 0, Diff: 0, Sum: 0, Workers: 4
[5.314s][debug][gc,phases      ] GC(6) Weak Processing 0.623ms
[5.314s][debug][gc,age         ] GC(6) Desired survivor size 271056896 bytes, new threshold 6 (max threshold 15)
[5.314s][info ][gc,heap        ] GC(6) PSYoungGen: 1227786K(1572864K)->180835K(1572864K) Eden: 1048576K(1048576K)->0K(1048576K) From: 179210K(524288K)->180835K(524288K)
[5.314s][info ][gc,heap        ] GC(6) ParOldGen: 5666K(6144K)->5674K(6144K)
[5.314s][info ][gc,metaspace   ] GC(6) Metaspace: 54177K(54784K)->54177K(54784K) NonClass: 46184K(46528K)->46184K(46528K) Class: 7993K(8256K)->7993K(8256K)
[5.314s][info ][gc             ] GC(6) Pause Young (Allocation Failure) 1204M->182M(1542M) 80.346ms
[5.314s][info ][gc,cpu         ] GC(6) User=0.37s Sys=0.03s Real=0.08s
[5.314s][info ][safepoint      ] Safepoint "ParallelGCFailedAllocation", Time since last: 837918 ns, Reaching safepoint: 176004 ns, At safepoint: 80442423 ns, Total: 80618427 ns
[5.330s][info ][safepoint      ] Safepoint "ICBufferFull", Time since last: 11929555 ns, Reaching safepoint: 3192068 ns, At safepoint: 28601 ns, Total: 3220669 ns
[5.398s][info ][safepoint      ] Safepoint "ICBufferFull", Time since last: 68452966 ns, Reaching safepoint: 129703 ns, At safepoint: 25800 ns, Total: 155503 ns
[5.462s][info ][safepoint      ] Safepoint "ICBufferFull", Time since last: 63817567 ns, Reaching safepoint: 136103 ns, At safepoint: 24900 ns, Total: 161003 ns
[5.477s][info ][safepoint      ] Safepoint "ICBufferFull", Time since last: 14429809 ns, Reaching safepoint: 135803 ns, At safepoint: 21001 ns, Total: 156804 ns
[5.492s][info ][safepoint      ] Safepoint "ICBufferFull", Time since last: 14637513 ns, Reaching safepoint: 127503 ns, At safepoint: 27901 ns, Total: 155404 ns
[5.501s][info ][safepoint      ] Safepoint "ICBufferFull", Time since last: 8288677 ns, Reaching safepoint: 720916 ns, At safepoint: 26700 ns, Total: 747616 ns
[5.517s][info ][safepoint      ] Safepoint "ICBufferFull", Time since last: 16226848 ns, Reaching safepoint: 137103 ns, At safepoint: 20600 ns, Total: 157703 ns
[5.533s][info ][safepoint      ] Safepoint "ICBufferFull", Time since last: 15465931 ns, Reaching safepoint: 118003 ns, At safepoint: 27900 ns, Total: 145903 ns
[5.542s][info ][safepoint      ] Safepoint "ICBufferFull", Time since last: 8761788 ns, Reaching safepoint: 123103 ns, At safepoint: 48401 ns, Total: 171504 ns
[5.570s][info ][safepoint      ] Safepoint "ICBufferFull", Time since last: 28421008 ns, Reaching safepoint: 137703 ns, At safepoint: 27901 ns, Total: 165604 ns
[5.589s][info ][safepoint      ] Safepoint "ICBufferFull", Time since last: 15674436 ns, Reaching safepoint: 3219168 ns, At safepoint: 26701 ns, Total: 3245869 ns
[5.605s][info ][safepoint      ] Safepoint "ICBufferFull", Time since last: 13184682 ns, Reaching safepoint: 3250870 ns, At safepoint: 29001 ns, Total: 3279871 ns
[5.616s][info ][safepoint      ] Safepoint "ICBufferFull", Time since last: 8335378 ns, Reaching safepoint: 2123946 ns, At safepoint: 29700 ns, Total: 2153646 ns
[5.622s][info ][safepoint      ] Safepoint "ICBufferFull", Time since last: 6320236 ns, Reaching safepoint: 119202 ns, At safepoint: 26601 ns, Total: 145803 ns
[5.637s][info ][safepoint      ] Safepoint "ICBufferFull", Time since last: 14162803 ns, Reaching safepoint: 213305 ns, At safepoint: 25800 ns, Total: 239105 ns
[5.642s][info ][safepoint      ] Safepoint "ICBufferFull", Time since last: 5077909 ns, Reaching safepoint: 117202 ns, At safepoint: 23701 ns, Total: 140903 ns
[5.649s][info ][safepoint      ] Safepoint "ICBufferFull", Time since last: 7198854 ns, Reaching safepoint: 124403 ns, At safepoint: 26600 ns, Total: 151003 ns
[5.650s][info ][safepoint      ] Safepoint "ICBufferFull", Time since last: 57302 ns, Reaching safepoint: 95202 ns, At safepoint: 26700 ns, Total: 121902 ns
[5.662s][info ][safepoint      ] Safepoint "ICBufferFull", Time since last: 12179461 ns, Reaching safepoint: 132003 ns, At safepoint: 27800 ns, Total: 159803 ns
[5.670s][info ][safepoint      ] Safepoint "ICBufferFull", Time since last: 6808046 ns, Reaching safepoint: 957121 ns, At safepoint: 39401 ns, Total: 996522 ns
[5.677s][info ][safepoint      ] Safepoint "ICBufferFull", Time since last: 6321435 ns, Reaching safepoint: 782617 ns, At safepoint: 21000 ns, Total: 803617 ns
[5.679s][info ][safepoint      ] Safepoint "ICBufferFull", Time since last: 2293349 ns, Reaching safepoint: 98602 ns, At safepoint: 23701 ns, Total: 122303 ns
[5.684s][info ][safepoint      ] Safepoint "ICBufferFull", Time since last: 4172289 ns, Reaching safepoint: 116703 ns, At safepoint: 24900 ns, Total: 141603 ns
[5.686s][info ][safepoint      ] Safepoint "ICBufferFull", Time since last: 2352251 ns, Reaching safepoint: 103102 ns, At safepoint: 23700 ns, Total: 126802 ns
[5.689s][info ][safepoint      ] Safepoint "ICBufferFull", Time since last: 2476153 ns, Reaching safepoint: 92302 ns, At safepoint: 25801 ns, Total: 118103 ns
[5.691s][info ][safepoint      ] Safepoint "ICBufferFull", Time since last: 2723758 ns, Reaching safepoint: 69002 ns, At safepoint: 27200 ns, Total: 96202 ns
[5.697s][info ][safepoint      ] Safepoint "ICBufferFull", Time since last: 4902505 ns, Reaching safepoint: 108203 ns, At safepoint: 23200 ns, Total: 131403 ns
[5.717s][info ][safepoint      ] Safepoint "ICBufferFull", Time since last: 17447074 ns, Reaching safepoint: 3184368 ns, At safepoint: 33001 ns, Total: 3217369 ns
[5.759s][info ][safepoint      ] Safepoint "ICBufferFull", Time since last: 40682571 ns, Reaching safepoint: 1079423 ns, At safepoint: 25001 ns, Total: 1104424 ns
[5.772s][info ][safepoint      ] Safepoint "ICBufferFull", Time since last: 12601469 ns, Reaching safepoint: 132903 ns, At safepoint: 31301 ns, Total: 164204 ns
[5.794s][info ][safepoint      ] Safepoint "ICBufferFull", Time since last: 22191975 ns, Reaching safepoint: 130703 ns, At safepoint: 24700 ns, Total: 155403 ns
[5.809s][info ][safepoint      ] Safepoint "ICBufferFull", Time since last: 10602728 ns, Reaching safepoint: 4271091 ns, At safepoint: 26101 ns, Total: 4297192 ns
[5.816s][info ][gc,start       ] GC(7) Pause Young (Allocation Failure)
[5.912s][debug][gc,phases      ] GC(7) Scavenge 95.750ms
[5.912s][debug][gc,ref         ] GC(7) Skipped phase 1 of Reference Processing: no references
[5.912s][debug][gc,ref         ] GC(7) ReferenceProcessor::execute queues: 4, RefProcThreadModel::Multi, marks_oops_alive: false
[5.913s][debug][gc,ref         ] GC(7) Skipped phase 3 of Reference Processing: no references
[5.913s][debug][gc,ref         ] GC(7) ReferenceProcessor::execute queues: 1, RefProcThreadModel::Single, marks_oops_alive: false
[5.913s][debug][gc,phases      ] GC(7) Reference Processing 0.339ms
[5.913s][debug][gc,phases      ] GC(7)   VM Weak                        Min:  0.0, Avg:  0.0, Max:  0.0, Diff:  0.0, Sum:  0.0, Workers: 4
[5.913s][debug][gc,phases      ] GC(7)     Dead                           Min: 0, Avg:  0.0, Max: 0, Diff: 0, Sum: 0, Workers: 4
[5.913s][debug][gc,phases      ] GC(7)     Total                          Min: 0, Avg: 109.8, Max: 192, Diff: 192, Sum: 439, Workers: 4
[5.913s][debug][gc,phases      ] GC(7)   ObjectSynchronizer Weak        Min:  0.0, Avg:  0.0, Max:  0.0, Diff:  0.0, Sum:  0.0, Workers: 4
[5.913s][debug][gc,phases      ] GC(7)     Dead                           Min: 0, Avg:  0.2, Max: 1, Diff: 1, Sum: 1, Workers: 4
[5.913s][debug][gc,phases      ] GC(7)     Total                          Min: 0, Avg: 68.5, Max: 128, Diff: 128, Sum: 274, Workers: 4
[5.913s][debug][gc,phases      ] GC(7)   JVMTI Tag Weak OopStorage      Min:  0.0, Avg:  0.0, Max:  0.0, Diff:  0.0, Sum:  0.0, Workers: 4
[5.913s][debug][gc,phases      ] GC(7)     Dead                           Min: 0, Avg:  0.0, Max: 0, Diff: 0, Sum: 0, Workers: 4
[5.913s][debug][gc,phases      ] GC(7)     Total                          Min: 0, Avg:  0.0, Max: 0, Diff: 0, Sum: 0, Workers: 4
[5.913s][debug][gc,phases      ] GC(7)   StringTable Weak               Min:  0.3, Avg:  0.3, Max:  0.3, Diff:  0.0, Sum:  1.3, Workers: 4
[5.913s][debug][gc,phases      ] GC(7)     Dead                           Min: 0, Avg:  3.2, Max: 13, Diff: 13, Sum: 13, Workers: 4
[5.913s][debug][gc,phases      ] GC(7)     Total                          Min: 6528, Avg: 9609.5, Max: 11072, Diff: 4544, Sum: 38438, Workers: 4
[5.913s][debug][gc,phases      ] GC(7)   ResolvedMethodTable Weak       Min:  0.0, Avg:  0.0, Max:  0.0, Diff:  0.0, Sum:  0.2, Workers: 4
[5.913s][debug][gc,phases      ] GC(7)     Dead                           Min: 0, Avg:  0.0, Max: 0, Diff: 0, Sum: 0, Workers: 4
[5.913s][debug][gc,phases      ] GC(7)     Total                          Min: 896, Avg: 1230.5, Max: 1536, Diff: 640, Sum: 4922, Workers: 4
[5.913s][debug][gc,phases      ] GC(7)   JNI Weak                       Min:  0.0, Avg:  0.0, Max:  0.0, Diff:  0.0, Sum:  0.0, Workers: 4
[5.913s][debug][gc,phases      ] GC(7)     Dead                           Min: 0, Avg:  0.0, Max: 0, Diff: 0, Sum: 0, Workers: 4
[5.913s][debug][gc,phases      ] GC(7)     Total                          Min: 0, Avg:  1.2, Max: 5, Diff: 5, Sum: 5, Workers: 4
[5.913s][debug][gc,phases      ] GC(7)   StringDedup Table Weak         Min:  0.0, Avg:  0.0, Max:  0.0, Diff:  0.0, Sum:  0.0, Workers: 4
[5.913s][debug][gc,phases      ] GC(7)     Dead                           Min: 0, Avg:  0.0, Max: 0, Diff: 0, Sum: 0, Workers: 4
[5.913s][debug][gc,phases      ] GC(7)     Total                          Min: 0, Avg:  0.0, Max: 0, Diff: 0, Sum: 0, Workers: 4
[5.913s][debug][gc,phases      ] GC(7)   StringDedup Requests0 Weak     Min:  0.0, Avg:  0.0, Max:  0.0, Diff:  0.0, Sum:  0.0, Workers: 4
[5.913s][debug][gc,phases      ] GC(7)     Dead                           Min: 0, Avg:  0.0, Max: 0, Diff: 0, Sum: 0, Workers: 4
[5.913s][debug][gc,phases      ] GC(7)     Total                          Min: 0, Avg:  0.0, Max: 0, Diff: 0, Sum: 0, Workers: 4
[5.913s][debug][gc,phases      ] GC(7)   StringDedup Requests1 Weak     Min:  0.0, Avg:  0.0, Max:  0.0, Diff:  0.0, Sum:  0.0, Workers: 4
[5.913s][debug][gc,phases      ] GC(7)     Dead                           Min: 0, Avg:  0.0, Max: 0, Diff: 0, Sum: 0, Workers: 4
[5.913s][debug][gc,phases      ] GC(7)     Total                          Min: 0, Avg:  0.0, Max: 0, Diff: 0, Sum: 0, Workers: 4
[5.913s][debug][gc,phases      ] GC(7)   Weak JFR Old Object Samples    Min:  0.0, Avg:  0.0, Max:  0.0, Diff:  0.0, Sum:  0.0, Workers: 4
[5.913s][debug][gc,phases      ] GC(7)     Dead                           Min: 0, Avg:  0.0, Max: 0, Diff: 0, Sum: 0, Workers: 4
[5.913s][debug][gc,phases      ] GC(7)     Total                          Min: 0, Avg:  0.0, Max: 0, Diff: 0, Sum: 0, Workers: 4
[5.913s][debug][gc,phases      ] GC(7) Weak Processing 0.545ms
[5.913s][debug][gc,age         ] GC(7) Desired survivor size 282066944 bytes, new threshold 5 (max threshold 15)
[5.913s][info ][gc,heap        ] GC(7) PSYoungGen: 1229411K(1572864K)->179290K(1810944K) Eden: 1048576K(1048576K)->0K(1546240K) From: 180835K(524288K)->179290K(264704K)
[5.913s][info ][gc,heap        ] GC(7) ParOldGen: 5674K(6144K)->5682K(6144K)
[5.913s][info ][gc,metaspace   ] GC(7) Metaspace: 54365K(54976K)->54365K(54976K) NonClass: 46363K(46720K)->46363K(46720K) Class: 8001K(8256K)->8001K(8256K)
[5.913s][info ][gc             ] GC(7) Pause Young (Allocation Failure) 1206M->180M(1774M) 96.781ms
[5.913s][info ][gc,cpu         ] GC(7) User=0.30s Sys=0.09s Real=0.10s
[5.913s][info ][safepoint      ] Safepoint "ParallelGCFailedAllocation", Time since last: 6976149 ns, Reaching safepoint: 482510 ns, At safepoint: 96868575 ns, Total: 97351085 ns
[5.976s][info ][safepoint      ] Safepoint "ICBufferFull", Time since last: 59725079 ns, Reaching safepoint: 3259770 ns, At safepoint: 30000 ns, Total: 3289770 ns
[5.989s][info ][safepoint      ] Safepoint "ICBufferFull", Time since last: 12868076 ns, Reaching safepoint: 105402 ns, At safepoint: 19801 ns, Total: 125203 ns
[5.990s][info ][safepoint      ] Safepoint "ICBufferFull", Time since last: 675014 ns, Reaching safepoint: 90302 ns, At safepoint: 24400 ns, Total: 114702 ns
[5.991s][info ][safepoint      ] Safepoint "ICBufferFull", Time since last: 641514 ns, Reaching safepoint: 100202 ns, At safepoint: 20701 ns, Total: 120903 ns
[5.992s][info ][safepoint      ] Safepoint "ICBufferFull", Time since last: 673914 ns, Reaching safepoint: 97702 ns, At safepoint: 21501 ns, Total: 119203 ns
[5.993s][info ][safepoint      ] Safepoint "ICBufferFull", Time since last: 685614 ns, Reaching safepoint: 227505 ns, At safepoint: 26001 ns, Total: 253506 ns
[5.993s][info ][safepoint      ] Safepoint "ICBufferFull", Time since last: 554912 ns, Reaching safepoint: 102502 ns, At safepoint: 22400 ns, Total: 124902 ns
[5.994s][info ][safepoint      ] Safepoint "ICBufferFull", Time since last: 638114 ns, Reaching safepoint: 89402 ns, At safepoint: 25301 ns, Total: 114703 ns
[5.995s][info ][safepoint      ] Safepoint "ICBufferFull", Time since last: 642813 ns, Reaching safepoint: 88502 ns, At safepoint: 22001 ns, Total: 110503 ns
[5.996s][info ][safepoint      ] Safepoint "ICBufferFull", Time since last: 651614 ns, Reaching safepoint: 88402 ns, At safepoint: 20000 ns, Total: 108402 ns
[5.996s][info ][safepoint      ] Safepoint "ICBufferFull", Time since last: 727116 ns, Reaching safepoint: 170603 ns, At safepoint: 25701 ns, Total: 196304 ns
[5.999s][info ][safepoint      ] Safepoint "ICBufferFull", Time since last: 666314 ns, Reaching safepoint: 2087445 ns, At safepoint: 24100 ns, Total: 2111545 ns
[6.000s][info ][safepoint      ] Safepoint "ICBufferFull", Time since last: 667314 ns, Reaching safepoint: 91702 ns, At safepoint: 20101 ns, Total: 111803 ns
[6.004s][info ][safepoint      ] Safepoint "ICBufferFull", Time since last: 712415 ns, Reaching safepoint: 2992264 ns, At safepoint: 36701 ns, Total: 3028965 ns
[6.007s][info ][safepoint      ] Safepoint "ICBufferFull", Time since last: 3247170 ns, Reaching safepoint: 122802 ns, At safepoint: 38201 ns, Total: 161003 ns
[6.017s][info ][safepoint      ] Safepoint "ICBufferFull", Time since last: 9622106 ns, Reaching safepoint: 123003 ns, At safepoint: 24100 ns, Total: 147103 ns
[6.018s][info ][safepoint      ] Safepoint "ICBufferFull", Time since last: 716016 ns, Reaching safepoint: 90901 ns, At safepoint: 21701 ns, Total: 112602 ns
[6.025s][info ][safepoint      ] Safepoint "ICBufferFull", Time since last: 7029750 ns, Reaching safepoint: 602813 ns, At safepoint: 23001 ns, Total: 625814 ns
[6.027s][info ][safepoint      ] Safepoint "ICBufferFull", Time since last: 1018722 ns, Reaching safepoint: 92502 ns, At safepoint: 20400 ns, Total: 112902 ns
[6.027s][info ][safepoint      ] Safepoint "ICBufferFull", Time since last: 681215 ns, Reaching safepoint: 89902 ns, At safepoint: 19500 ns, Total: 109402 ns
[6.028s][info ][safepoint      ] Safepoint "ICBufferFull", Time since last: 653314 ns, Reaching safepoint: 102102 ns, At safepoint: 17401 ns, Total: 119503 ns
[6.029s][info ][safepoint      ] Safepoint "ICBufferFull", Time since last: 652314 ns, Reaching safepoint: 95802 ns, At safepoint: 22300 ns, Total: 118102 ns
[6.030s][info ][safepoint      ] Safepoint "ICBufferFull", Time since last: 645514 ns, Reaching safepoint: 90202 ns, At safepoint: 17000 ns, Total: 107202 ns
[6.030s][info ][safepoint      ] Safepoint "ICBufferFull", Time since last: 657014 ns, Reaching safepoint: 90202 ns, At safepoint: 18601 ns, Total: 108803 ns
[6.031s][info ][safepoint      ] Safepoint "ICBufferFull", Time since last: 653014 ns, Reaching safepoint: 89902 ns, At safepoint: 18800 ns, Total: 108702 ns
[6.032s][info ][safepoint      ] Safepoint "ICBufferFull", Time since last: 754616 ns, Reaching safepoint: 92902 ns, At safepoint: 18800 ns, Total: 111702 ns
[6.033s][info ][safepoint      ] Safepoint "ICBufferFull", Time since last: 689715 ns, Reaching safepoint: 111503 ns, At safepoint: 27900 ns, Total: 139403 ns
[6.034s][info ][safepoint      ] Safepoint "ICBufferFull", Time since last: 653914 ns, Reaching safepoint: 90002 ns, At safepoint: 22101 ns, Total: 112103 ns
[6.034s][info ][safepoint      ] Safepoint "ICBufferFull", Time since last: 654714 ns, Reaching safepoint: 97402 ns, At safepoint: 18500 ns, Total: 115902 ns
[6.035s][info ][safepoint      ] Safepoint "ICBufferFull", Time since last: 648114 ns, Reaching safepoint: 89702 ns, At safepoint: 22400 ns, Total: 112102 ns
[6.038s][info ][safepoint      ] Safepoint "ICBufferFull", Time since last: 2417152 ns, Reaching safepoint: 106802 ns, At safepoint: 20301 ns, Total: 127103 ns
[6.038s][info ][safepoint      ] Safepoint "ICBufferFull", Time since last: 655414 ns, Reaching safepoint: 94502 ns, At safepoint: 23400 ns, Total: 117902 ns
[6.039s][info ][safepoint      ] Safepoint "ICBufferFull", Time since last: 686815 ns, Reaching safepoint: 103202 ns, At safepoint: 18301 ns, Total: 121503 ns
[6.045s][info ][safepoint      ] Safepoint "ICBufferFull", Time since last: 5325614 ns, Reaching safepoint: 108802 ns, At safepoint: 24701 ns, Total: 133503 ns
[6.046s][info ][safepoint      ] Safepoint "ICBufferFull", Time since last: 753316 ns, Reaching safepoint: 363508 ns, At safepoint: 20900 ns, Total: 384408 ns
[6.047s][info ][safepoint      ] Safepoint "ICBufferFull", Time since last: 673514 ns, Reaching safepoint: 845719 ns, At safepoint: 24700 ns, Total: 870419 ns
[6.049s][info ][safepoint      ] Safepoint "ICBufferFull", Time since last: 745716 ns, Reaching safepoint: 374408 ns, At safepoint: 26001 ns, Total: 400409 ns
[6.050s][info ][safepoint      ] Safepoint "ICBufferFull", Time since last: 726915 ns, Reaching safepoint: 615413 ns, At safepoint: 26301 ns, Total: 641714 ns
[6.061s][info ][safepoint      ] Safepoint "ICBufferFull", Time since last: 10747730 ns, Reaching safepoint: 113303 ns, At safepoint: 23400 ns, Total: 136703 ns
[6.062s][info ][safepoint      ] Safepoint "ICBufferFull", Time since last: 691815 ns, Reaching safepoint: 104802 ns, At safepoint: 19201 ns, Total: 124003 ns
[6.062s][info ][safepoint      ] Safepoint "ICBufferFull", Time since last: 662614 ns, Reaching safepoint: 88902 ns, At safepoint: 27600 ns, Total: 116502 ns
[6.063s][info ][safepoint      ] Safepoint "ICBufferFull", Time since last: 687815 ns, Reaching safepoint: 96202 ns, At safepoint: 23401 ns, Total: 119603 ns
[6.064s][info ][safepoint      ] Safepoint "ICBufferFull", Time since last: 638413 ns, Reaching safepoint: 165004 ns, At safepoint: 22600 ns, Total: 187604 ns
[6.065s][info ][safepoint      ] Safepoint "ICBufferFull", Time since last: 655814 ns, Reaching safepoint: 88302 ns, At safepoint: 21101 ns, Total: 109403 ns
[6.066s][info ][safepoint      ] Safepoint "ICBufferFull", Time since last: 645013 ns, Reaching safepoint: 88202 ns, At safepoint: 22101 ns, Total: 110303 ns
[6.066s][info ][safepoint      ] Safepoint "ICBufferFull", Time since last: 635013 ns, Reaching safepoint: 89902 ns, At safepoint: 22401 ns, Total: 112303 ns
[6.067s][info ][safepoint      ] Safepoint "ICBufferFull", Time since last: 636713 ns, Reaching safepoint: 89402 ns, At safepoint: 19001 ns, Total: 108403 ns
[6.068s][info ][safepoint      ] Safepoint "ICBufferFull", Time since last: 647314 ns, Reaching safepoint: 90902 ns, At safepoint: 21200 ns, Total: 112102 ns
[6.069s][info ][safepoint      ] Safepoint "ICBufferFull", Time since last: 693515 ns, Reaching safepoint: 63801 ns, At safepoint: 19401 ns, Total: 83202 ns
[6.069s][info ][safepoint      ] Safepoint "ICBufferFull", Time since last: 653414 ns, Reaching safepoint: 95602 ns, At safepoint: 21500 ns, Total: 117102 ns
[6.070s][info ][safepoint      ] Safepoint "ICBufferFull", Time since last: 651814 ns, Reaching safepoint: 95002 ns, At safepoint: 20501 ns, Total: 115503 ns
[6.071s][info ][safepoint      ] Safepoint "ICBufferFull", Time since last: 637713 ns, Reaching safepoint: 94802 ns, At safepoint: 22901 ns, Total: 117703 ns
[6.072s][info ][safepoint      ] Safepoint "ICBufferFull", Time since last: 651514 ns, Reaching safepoint: 95502 ns, At safepoint: 20500 ns, Total: 116002 ns
[6.073s][info ][safepoint      ] Safepoint "ICBufferFull", Time since last: 803417 ns, Reaching safepoint: 88302 ns, At safepoint: 25001 ns, Total: 113303 ns
[6.091s][info ][safepoint      ] Safepoint "ICBufferFull", Time since last: 18731401 ns, Reaching safepoint: 122703 ns, At safepoint: 23300 ns, Total: 146003 ns
[6.092s][info ][safepoint      ] Safepoint "ICBufferFull", Time since last: 758716 ns, Reaching safepoint: 172104 ns, At safepoint: 19200 ns, Total: 191304 ns
[6.094s][info ][safepoint      ] Safepoint "ICBufferFull", Time since last: 675115 ns, Reaching safepoint: 515911 ns, At safepoint: 24300 ns, Total: 540211 ns
[6.094s][info ][safepoint      ] Safepoint "ICBufferFull", Time since last: 649614 ns, Reaching safepoint: 100803 ns, At safepoint: 22200 ns, Total: 123003 ns
[6.095s][info ][safepoint      ] Safepoint "ICBufferFull", Time since last: 630814 ns, Reaching safepoint: 106102 ns, At safepoint: 21000 ns, Total: 127102 ns
[6.096s][info ][safepoint      ] Safepoint "ICBufferFull", Time since last: 663614 ns, Reaching safepoint: 97603 ns, At safepoint: 22500 ns, Total: 120103 ns
[6.097s][info ][safepoint      ] Safepoint "ICBufferFull", Time since last: 695715 ns, Reaching safepoint: 80002 ns, At safepoint: 26000 ns, Total: 106002 ns
[6.098s][info ][safepoint      ] Safepoint "ICBufferFull", Time since last: 815218 ns, Reaching safepoint: 353007 ns, At safepoint: 134803 ns, Total: 487810 ns
[6.099s][info ][safepoint      ] Safepoint "ICBufferFull", Time since last: 791317 ns, Reaching safepoint: 85702 ns, At safepoint: 27200 ns, Total: 112902 ns
[6.101s][info ][safepoint      ] Safepoint "ICBufferFull", Time since last: 663615 ns, Reaching safepoint: 967320 ns, At safepoint: 21901 ns, Total: 989221 ns
[6.101s][info ][safepoint      ] Safepoint "ICBufferFull", Time since last: 687915 ns, Reaching safepoint: 92702 ns, At safepoint: 21500 ns, Total: 114202 ns
[6.105s][info ][safepoint      ] Safepoint "ICBufferFull", Time since last: 2977464 ns, Reaching safepoint: 211504 ns, At safepoint: 22901 ns, Total: 234405 ns
[6.105s][info ][safepoint      ] Safepoint "ICBufferFull", Time since last: 687715 ns, Reaching safepoint: 88201 ns, At safepoint: 17401 ns, Total: 105602 ns
[6.106s][info ][safepoint      ] Safepoint "ICBufferFull", Time since last: 670614 ns, Reaching safepoint: 87502 ns, At safepoint: 18800 ns, Total: 106302 ns
[6.107s][info ][safepoint      ] Safepoint "ICBufferFull", Time since last: 663715 ns, Reaching safepoint: 92202 ns, At safepoint: 22300 ns, Total: 114502 ns
[6.108s][info ][safepoint      ] Safepoint "ICBufferFull", Time since last: 638114 ns, Reaching safepoint: 88802 ns, At safepoint: 18600 ns, Total: 107402 ns
[6.108s][info ][safepoint      ] Safepoint "ICBufferFull", Time since last: 650214 ns, Reaching safepoint: 87302 ns, At safepoint: 18300 ns, Total: 105602 ns
[6.109s][info ][safepoint      ] Safepoint "ICBufferFull", Time since last: 664914 ns, Reaching safepoint: 88802 ns, At safepoint: 20901 ns, Total: 109703 ns
[6.110s][info ][safepoint      ] Safepoint "ICBufferFull", Time since last: 643014 ns, Reaching safepoint: 87301 ns, At safepoint: 21301 ns, Total: 108602 ns
[6.111s][info ][safepoint      ] Safepoint "ICBufferFull", Time since last: 740816 ns, Reaching safepoint: 87802 ns, At safepoint: 21900 ns, Total: 109702 ns
[6.112s][info ][safepoint      ] Safepoint "ICBufferFull", Time since last: 655414 ns, Reaching safepoint: 87202 ns, At safepoint: 18100 ns, Total: 105302 ns
[6.112s][info ][safepoint      ] Safepoint "ICBufferFull", Time since last: 645314 ns, Reaching safepoint: 89802 ns, At safepoint: 26001 ns, Total: 115803 ns
[6.113s][info ][safepoint      ] Safepoint "ICBufferFull", Time since last: 655114 ns, Reaching safepoint: 87802 ns, At safepoint: 23200 ns, Total: 111002 ns
[6.114s][info ][safepoint      ] Safepoint "ICBufferFull", Time since last: 649914 ns, Reaching safepoint: 88102 ns, At safepoint: 20000 ns, Total: 108102 ns
[6.115s][info ][safepoint      ] Safepoint "ICBufferFull", Time since last: 662615 ns, Reaching safepoint: 91902 ns, At safepoint: 25200 ns, Total: 117102 ns
[6.117s][info ][safepoint      ] Safepoint "ICBufferFull", Time since last: 2478253 ns, Reaching safepoint: 79202 ns, At safepoint: 25000 ns, Total: 104202 ns
[6.121s][info ][safepoint      ] Safepoint "ICBufferFull", Time since last: 3970385 ns, Reaching safepoint: 93302 ns, At safepoint: 23301 ns, Total: 116603 ns
[6.122s][info ][safepoint      ] Safepoint "ICBufferFull", Time since last: 804817 ns, Reaching safepoint: 89802 ns, At safepoint: 20301 ns, Total: 110103 ns
[6.129s][info ][safepoint      ] Safepoint "ICBufferFull", Time since last: 7006850 ns, Reaching safepoint: 115102 ns, At safepoint: 29201 ns, Total: 144303 ns
[6.130s][info ][safepoint      ] Safepoint "ICBufferFull", Time since last: 691614 ns, Reaching safepoint: 102703 ns, At safepoint: 25600 ns, Total: 128303 ns
[6.131s][info ][safepoint      ] Safepoint "ICBufferFull", Time since last: 682015 ns, Reaching safepoint: 89302 ns, At safepoint: 25300 ns, Total: 114602 ns
[6.132s][info ][safepoint      ] Safepoint "ICBufferFull", Time since last: 654014 ns, Reaching safepoint: 88202 ns, At safepoint: 23301 ns, Total: 111503 ns
[6.133s][info ][safepoint      ] Safepoint "ICBufferFull", Time since last: 684014 ns, Reaching safepoint: 122703 ns, At safepoint: 22500 ns, Total: 145203 ns
[6.134s][info ][safepoint      ] Safepoint "ICBufferFull", Time since last: 761517 ns, Reaching safepoint: 99102 ns, At safepoint: 22300 ns, Total: 121402 ns
[6.134s][info ][safepoint      ] Safepoint "ICBufferFull", Time since last: 688115 ns, Reaching safepoint: 98402 ns, At safepoint: 19901 ns, Total: 118303 ns
[6.135s][info ][safepoint      ] Safepoint "ICBufferFull", Time since last: 647013 ns, Reaching safepoint: 107803 ns, At safepoint: 19800 ns, Total: 127603 ns
[6.136s][info ][safepoint      ] Safepoint "ICBufferFull", Time since last: 658414 ns, Reaching safepoint: 99402 ns, At safepoint: 23301 ns, Total: 122703 ns
[6.137s][info ][safepoint      ] Safepoint "ICBufferFull", Time since last: 658214 ns, Reaching safepoint: 97502 ns, At safepoint: 20601 ns, Total: 118103 ns
[6.138s][info ][safepoint      ] Safepoint "ICBufferFull", Time since last: 652814 ns, Reaching safepoint: 463709 ns, At safepoint: 19601 ns, Total: 483310 ns
[6.139s][info ][safepoint      ] Safepoint "ICBufferFull", Time since last: 698115 ns, Reaching safepoint: 509811 ns, At safepoint: 23300 ns, Total: 533111 ns
[6.140s][info ][safepoint      ] Safepoint "ICBufferFull", Time since last: 683415 ns, Reaching safepoint: 95902 ns, At safepoint: 26600 ns, Total: 122502 ns
[6.141s][info ][safepoint      ] Safepoint "ICBufferFull", Time since last: 717716 ns, Reaching safepoint: 54401 ns, At safepoint: 22001 ns, Total: 76402 ns
[6.158s][info ][safepoint      ] Safepoint "ICBufferFull", Time since last: 12624570 ns, Reaching safepoint: 4253991 ns, At safepoint: 29301 ns, Total: 4283292 ns
[6.159s][info ][safepoint      ] Safepoint "ICBufferFull", Time since last: 1249526 ns, Reaching safepoint: 96502 ns, At safepoint: 25001 ns, Total: 121503 ns
[6.160s][info ][safepoint      ] Safepoint "ICBufferFull", Time since last: 701115 ns, Reaching safepoint: 87402 ns, At safepoint: 23400 ns, Total: 110802 ns
[6.161s][info ][safepoint      ] Safepoint "ICBufferFull", Time since last: 684415 ns, Reaching safepoint: 86702 ns, At safepoint: 36701 ns, Total: 123403 ns
[6.161s][info ][safepoint      ] Safepoint "ICBufferFull", Time since last: 663914 ns, Reaching safepoint: 91602 ns, At safepoint: 23200 ns, Total: 114802 ns
[6.162s][info ][safepoint      ] Safepoint "ICBufferFull", Time since last: 665515 ns, Reaching safepoint: 91702 ns, At safepoint: 22100 ns, Total: 113802 ns
[6.163s][info ][safepoint      ] Safepoint "ICBufferFull", Time since last: 668414 ns, Reaching safepoint: 87402 ns, At safepoint: 22701 ns, Total: 110103 ns
[6.164s][info ][safepoint      ] Safepoint "ICBufferFull", Time since last: 671114 ns, Reaching safepoint: 108102 ns, At safepoint: 18901 ns, Total: 127003 ns
[6.164s][info ][safepoint      ] Safepoint "ICBufferFull", Time since last: 657214 ns, Reaching safepoint: 51001 ns, At safepoint: 22200 ns, Total: 73201 ns
[6.165s][info ][safepoint      ] Safepoint "ICBufferFull", Time since last: 707116 ns, Reaching safepoint: 87001 ns, At safepoint: 21301 ns, Total: 108302 ns
[6.166s][info ][safepoint      ] Safepoint "ICBufferFull", Time since last: 671014 ns, Reaching safepoint: 85702 ns, At safepoint: 17000 ns, Total: 102702 ns
[6.167s][info ][safepoint      ] Safepoint "ICBufferFull", Time since last: 668915 ns, Reaching safepoint: 562312 ns, At safepoint: 19300 ns, Total: 581612 ns
[6.168s][info ][safepoint      ] Safepoint "ICBufferFull", Time since last: 681915 ns, Reaching safepoint: 91402 ns, At safepoint: 23900 ns, Total: 115302 ns
[6.169s][info ][safepoint      ] Safepoint "ICBufferFull", Time since last: 686415 ns, Reaching safepoint: 71102 ns, At safepoint: 25800 ns, Total: 96902 ns
[6.170s][info ][safepoint      ] Safepoint "ICBufferFull", Time since last: 672314 ns, Reaching safepoint: 90402 ns, At safepoint: 20601 ns, Total: 111003 ns
[6.170s][info ][safepoint      ] Safepoint "ICBufferFull", Time since last: 669614 ns, Reaching safepoint: 89502 ns, At safepoint: 23101 ns, Total: 112603 ns
[6.171s][info ][safepoint      ] Safepoint "ICBufferFull", Time since last: 668114 ns, Reaching safepoint: 89502 ns, At safepoint: 19800 ns, Total: 109302 ns
[6.172s][info ][safepoint      ] Safepoint "ICBufferFull", Time since last: 683615 ns, Reaching safepoint: 88602 ns, At safepoint: 22600 ns, Total: 111202 ns
[6.177s][info ][safepoint      ] Safepoint "ICBufferFull", Time since last: 679115 ns, Reaching safepoint: 4248391 ns, At safepoint: 26500 ns, Total: 4274891 ns
[6.178s][info ][safepoint      ] Safepoint "ICBufferFull", Time since last: 713316 ns, Reaching safepoint: 102502 ns, At safepoint: 24200 ns, Total: 126702 ns
[6.179s][info ][safepoint      ] Safepoint "ICBufferFull", Time since last: 741616 ns, Reaching safepoint: 95702 ns, At safepoint: 23601 ns, Total: 119303 ns
[6.179s][info ][safepoint      ] Safepoint "ICBufferFull", Time since last: 647214 ns, Reaching safepoint: 94802 ns, At safepoint: 21200 ns, Total: 116002 ns
[6.180s][info ][safepoint      ] Safepoint "ICBufferFull", Time since last: 659714 ns, Reaching safepoint: 91802 ns, At safepoint: 16901 ns, Total: 108703 ns
[6.181s][info ][safepoint      ] Safepoint "ICBufferFull", Time since last: 723215 ns, Reaching safepoint: 91702 ns, At safepoint: 26001 ns, Total: 117703 ns
[6.182s][info ][safepoint      ] Safepoint "ICBufferFull", Time since last: 809617 ns, Reaching safepoint: 89402 ns, At safepoint: 23400 ns, Total: 112802 ns
[6.183s][info ][safepoint      ] Safepoint "ICBufferFull", Time since last: 854919 ns, Reaching safepoint: 111802 ns, At safepoint: 27301 ns, Total: 139103 ns
[6.186s][info ][safepoint      ] Safepoint "ICBufferFull", Time since last: 2537554 ns, Reaching safepoint: 109402 ns, At safepoint: 22101 ns, Total: 131503 ns
[6.188s][info ][safepoint      ] Safepoint "ICBufferFull", Time since last: 2719058 ns, Reaching safepoint: 75102 ns, At safepoint: 23300 ns, Total: 98402 ns
[6.193s][info ][safepoint      ] Safepoint "ICBufferFull", Time since last: 4666800 ns, Reaching safepoint: 91702 ns, At safepoint: 20000 ns, Total: 111702 ns
[6.194s][info ][safepoint      ] Safepoint "ICBufferFull", Time since last: 667115 ns, Reaching safepoint: 93802 ns, At safepoint: 22800 ns, Total: 116602 ns
[6.195s][info ][safepoint      ] Safepoint "ICBufferFull", Time since last: 666515 ns, Reaching safepoint: 90001 ns, At safepoint: 18001 ns, Total: 108002 ns
[6.195s][info ][safepoint      ] Safepoint "ICBufferFull", Time since last: 681814 ns, Reaching safepoint: 86602 ns, At safepoint: 19601 ns, Total: 106203 ns
[6.196s][info ][safepoint      ] Safepoint "ICBufferFull", Time since last: 696015 ns, Reaching safepoint: 87301 ns, At safepoint: 18601 ns, Total: 105902 ns
[6.197s][info ][safepoint      ] Safepoint "ICBufferFull", Time since last: 661514 ns, Reaching safepoint: 87602 ns, At safepoint: 19200 ns, Total: 106802 ns
[6.198s][info ][safepoint      ] Safepoint "ICBufferFull", Time since last: 785417 ns, Reaching safepoint: 90502 ns, At safepoint: 21701 ns, Total: 112203 ns
[6.205s][info ][safepoint      ] Safepoint "ICBufferFull", Time since last: 6568540 ns, Reaching safepoint: 103402 ns, At safepoint: 20601 ns, Total: 124003 ns
[6.205s][info ][safepoint      ] Safepoint "ICBufferFull", Time since last: 701115 ns, Reaching safepoint: 87702 ns, At safepoint: 18600 ns, Total: 106302 ns
[6.206s][info ][safepoint      ] Safepoint "ICBufferFull", Time since last: 696515 ns, Reaching safepoint: 102202 ns, At safepoint: 19301 ns, Total: 121503 ns
[6.207s][info ][safepoint      ] Safepoint "ICBufferFull", Time since last: 642013 ns, Reaching safepoint: 89502 ns, At safepoint: 16201 ns, Total: 105703 ns
[6.208s][info ][safepoint      ] Safepoint "ICBufferFull", Time since last: 659914 ns, Reaching safepoint: 39801 ns, At safepoint: 21100 ns, Total: 60901 ns
[6.209s][info ][safepoint      ] Safepoint "ICBufferFull", Time since last: 650414 ns, Reaching safepoint: 110602 ns, At safepoint: 19301 ns, Total: 129903 ns
[6.209s][info ][safepoint      ] Safepoint "ICBufferFull", Time since last: 636713 ns, Reaching safepoint: 86402 ns, At safepoint: 19001 ns, Total: 105403 ns
[6.210s][info ][safepoint      ] Safepoint "ICBufferFull", Time since last: 658314 ns, Reaching safepoint: 110702 ns, At safepoint: 25101 ns, Total: 135803 ns
[6.211s][info ][safepoint      ] Safepoint "ICBufferFull", Time since last: 663014 ns, Reaching safepoint: 442909 ns, At safepoint: 14901 ns, Total: 457810 ns
[6.212s][info ][safepoint      ] Safepoint "ICBufferFull", Time since last: 785117 ns, Reaching safepoint: 90402 ns, At safepoint: 16300 ns, Total: 106702 ns
[6.213s][info ][safepoint      ] Safepoint "ICBufferFull", Time since last: 672314 ns, Reaching safepoint: 87602 ns, At safepoint: 17701 ns, Total: 105303 ns
[6.214s][info ][safepoint      ] Safepoint "ICBufferFull", Time since last: 655414 ns, Reaching safepoint: 85701 ns, At safepoint: 18001 ns, Total: 103702 ns
[6.214s][info ][safepoint      ] Safepoint "ICBufferFull", Time since last: 629613 ns, Reaching safepoint: 90102 ns, At safepoint: 19701 ns, Total: 109803 ns
[6.215s][info ][safepoint      ] Safepoint "ICBufferFull", Time since last: 635013 ns, Reaching safepoint: 87202 ns, At safepoint: 16400 ns, Total: 103602 ns
[6.216s][info ][safepoint      ] Safepoint "ICBufferFull", Time since last: 653314 ns, Reaching safepoint: 86002 ns, At safepoint: 12301 ns, Total: 98303 ns
[6.217s][info ][safepoint      ] Safepoint "ICBufferFull", Time since last: 632213 ns, Reaching safepoint: 121303 ns, At safepoint: 15000 ns, Total: 136303 ns
[6.217s][info ][safepoint      ] Safepoint "ICBufferFull", Time since last: 629013 ns, Reaching safepoint: 86702 ns, At safepoint: 18201 ns, Total: 104903 ns
[6.218s][info ][safepoint      ] Safepoint "ICBufferFull", Time since last: 634213 ns, Reaching safepoint: 86302 ns, At safepoint: 24201 ns, Total: 110503 ns
[6.225s][info ][safepoint      ] Safepoint "ICBufferFull", Time since last: 7092852 ns, Reaching safepoint: 98902 ns, At safepoint: 21500 ns, Total: 120402 ns
[6.226s][info ][safepoint      ] Safepoint "ICBufferFull", Time since last: 678115 ns, Reaching safepoint: 101002 ns, At safepoint: 22700 ns, Total: 123702 ns
[6.227s][info ][safepoint      ] Safepoint "ICBufferFull", Time since last: 687315 ns, Reaching safepoint: 96202 ns, At safepoint: 15400 ns, Total: 111602 ns
[6.228s][info ][safepoint      ] Safepoint "ICBufferFull", Time since last: 691715 ns, Reaching safepoint: 93602 ns, At safepoint: 18201 ns, Total: 111803 ns
[6.228s][info ][safepoint      ] Safepoint "ICBufferFull", Time since last: 641013 ns, Reaching safepoint: 116503 ns, At safepoint: 20400 ns, Total: 136903 ns
[6.232s][info ][safepoint      ] Safepoint "ICBufferFull", Time since last: 664914 ns, Reaching safepoint: 3180669 ns, At safepoint: 27200 ns, Total: 3207869 ns
[6.233s][info ][safepoint      ] Safepoint "ICBufferFull", Time since last: 736916 ns, Reaching safepoint: 106202 ns, At safepoint: 24801 ns, Total: 131003 ns
[6.234s][info ][safepoint      ] Safepoint "ICBufferFull", Time since last: 673214 ns, Reaching safepoint: 170104 ns, At safepoint: 21000 ns, Total: 191104 ns
[6.235s][info ][safepoint      ] Safepoint "ICBufferFull", Time since last: 641414 ns, Reaching safepoint: 97002 ns, At safepoint: 20601 ns, Total: 117603 ns
[6.236s][info ][safepoint      ] Safepoint "ICBufferFull", Time since last: 646913 ns, Reaching safepoint: 166204 ns, At safepoint: 17400 ns, Total: 183604 ns
[6.241s][info ][safepoint      ] Safepoint "ICBufferFull", Time since last: 4837604 ns, Reaching safepoint: 111502 ns, At safepoint: 23701 ns, Total: 135203 ns
[6.241s][info ][safepoint      ] Safepoint "ICBufferFull", Time since last: 675114 ns, Reaching safepoint: 90002 ns, At safepoint: 19501 ns, Total: 109503 ns
[6.242s][info ][safepoint      ] Safepoint "ICBufferFull", Time since last: 646713 ns, Reaching safepoint: 89602 ns, At safepoint: 18501 ns, Total: 108103 ns
[6.243s][info ][safepoint      ] Safepoint "ICBufferFull", Time since last: 663614 ns, Reaching safepoint: 90702 ns, At safepoint: 19000 ns, Total: 109702 ns
[6.244s][info ][safepoint      ] Safepoint "ICBufferFull", Time since last: 637914 ns, Reaching safepoint: 89502 ns, At safepoint: 20200 ns, Total: 109702 ns
[6.244s][info ][safepoint      ] Safepoint "ICBufferFull", Time since last: 659814 ns, Reaching safepoint: 89402 ns, At safepoint: 17901 ns, Total: 107303 ns
[6.249s][info ][safepoint      ] Safepoint "ICBufferFull", Time since last: 4032886 ns, Reaching safepoint: 93702 ns, At safepoint: 18301 ns, Total: 112003 ns
[6.249s][info ][safepoint      ] Safepoint "ICBufferFull", Time since last: 722615 ns, Reaching safepoint: 88402 ns, At safepoint: 19400 ns, Total: 107802 ns
[6.504s][info ][gc,start       ] GC(8) Pause Young (Allocation Failure)
[6.593s][debug][gc,phases      ] GC(8) Scavenge 88.485ms
[6.593s][debug][gc,ref         ] GC(8) Skipped phase 1 of Reference Processing: no references
[6.593s][debug][gc,ref         ] GC(8) ReferenceProcessor::execute queues: 3, RefProcThreadModel::Multi, marks_oops_alive: false
[6.593s][debug][gc,ref         ] GC(8) Skipped phase 3 of Reference Processing: no references
[6.593s][debug][gc,ref         ] GC(8) ReferenceProcessor::execute queues: 1, RefProcThreadModel::Single, marks_oops_alive: false
[6.593s][debug][gc,phases      ] GC(8) Reference Processing 0.265ms
[6.594s][debug][gc,phases      ] GC(8)   VM Weak                        Min:  0.0, Avg:  0.0, Max:  0.0, Diff:  0.0, Sum:  0.0, Workers: 4
[6.594s][debug][gc,phases      ] GC(8)     Dead                           Min: 0, Avg:  0.0, Max: 0, Diff: 0, Sum: 0, Workers: 4
[6.594s][debug][gc,phases      ] GC(8)     Total                          Min: 0, Avg: 110.8, Max: 256, Diff: 256, Sum: 443, Workers: 4
[6.594s][debug][gc,phases      ] GC(8)   ObjectSynchronizer Weak        Min:  0.0, Avg:  0.0, Max:  0.0, Diff:  0.0, Sum:  0.0, Workers: 4
[6.594s][debug][gc,phases      ] GC(8)     Dead                           Min: 0, Avg:  0.0, Max: 0, Diff: 0, Sum: 0, Workers: 4
[6.594s][debug][gc,phases      ] GC(8)     Total                          Min: 0, Avg: 68.5, Max: 146, Diff: 146, Sum: 274, Workers: 4
[6.594s][debug][gc,phases      ] GC(8)   JVMTI Tag Weak OopStorage      Min:  0.0, Avg:  0.0, Max:  0.0, Diff:  0.0, Sum:  0.0, Workers: 4
[6.594s][debug][gc,phases      ] GC(8)     Dead                           Min: 0, Avg:  0.0, Max: 0, Diff: 0, Sum: 0, Workers: 4
[6.594s][debug][gc,phases      ] GC(8)     Total                          Min: 0, Avg:  0.0, Max: 0, Diff: 0, Sum: 0, Workers: 4
[6.594s][debug][gc,phases      ] GC(8)   StringTable Weak               Min:  0.3, Avg:  0.3, Max:  0.3, Diff:  0.0, Sum:  1.1, Workers: 4
[6.594s][debug][gc,phases      ] GC(8)     Dead                           Min: 0, Avg:  3.8, Max: 14, Diff: 14, Sum: 15, Workers: 4
[6.594s][debug][gc,phases      ] GC(8)     Total                          Min: 8640, Avg: 9629.5, Max: 10166, Diff: 1526, Sum: 38518, Workers: 4
[6.594s][debug][gc,phases      ] GC(8)   ResolvedMethodTable Weak       Min:  0.0, Avg:  0.0, Max:  0.0, Diff:  0.0, Sum:  0.2, Workers: 4
[6.594s][debug][gc,phases      ] GC(8)     Dead                           Min: 0, Avg:  3.5, Max: 14, Diff: 14, Sum: 14, Workers: 4
[6.594s][debug][gc,phases      ] GC(8)     Total                          Min: 1088, Avg: 1249.2, Max: 1413, Diff: 325, Sum: 4997, Workers: 4
[6.594s][debug][gc,phases      ] GC(8)   JNI Weak                       Min:  0.0, Avg:  0.0, Max:  0.0, Diff:  0.0, Sum:  0.0, Workers: 4
[6.594s][debug][gc,phases      ] GC(8)     Dead                           Min: 0, Avg:  0.0, Max: 0, Diff: 0, Sum: 0, Workers: 4
[6.594s][debug][gc,phases      ] GC(8)     Total                          Min: 0, Avg:  0.2, Max: 1, Diff: 1, Sum: 1, Workers: 4
[6.594s][debug][gc,phases      ] GC(8)   StringDedup Table Weak         Min:  0.0, Avg:  0.0, Max:  0.0, Diff:  0.0, Sum:  0.0, Workers: 4
[6.594s][debug][gc,phases      ] GC(8)     Dead                           Min: 0, Avg:  0.0, Max: 0, Diff: 0, Sum: 0, Workers: 4
[6.594s][debug][gc,phases      ] GC(8)     Total                          Min: 0, Avg:  0.0, Max: 0, Diff: 0, Sum: 0, Workers: 4
[6.594s][debug][gc,phases      ] GC(8)   StringDedup Requests0 Weak     Min:  0.0, Avg:  0.0, Max:  0.0, Diff:  0.0, Sum:  0.0, Workers: 4
[6.594s][debug][gc,phases      ] GC(8)     Dead                           Min: 0, Avg:  0.0, Max: 0, Diff: 0, Sum: 0, Workers: 4
[6.594s][debug][gc,phases      ] GC(8)     Total                          Min: 0, Avg:  0.0, Max: 0, Diff: 0, Sum: 0, Workers: 4
[6.594s][debug][gc,phases      ] GC(8)   StringDedup Requests1 Weak     Min:  0.0, Avg:  0.0, Max:  0.0, Diff:  0.0, Sum:  0.0, Workers: 4
[6.594s][debug][gc,phases      ] GC(8)     Dead                           Min: 0, Avg:  0.0, Max: 0, Diff: 0, Sum: 0, Workers: 4
[6.594s][debug][gc,phases      ] GC(8)     Total                          Min: 0, Avg:  0.0, Max: 0, Diff: 0, Sum: 0, Workers: 4
[6.594s][debug][gc,phases      ] GC(8)   Weak JFR Old Object Samples    Min:  0.0, Avg:  0.0, Max:  0.0, Diff:  0.0, Sum:  0.0, Workers: 4
[6.594s][debug][gc,phases      ] GC(8)     Dead                           Min: 0, Avg:  0.0, Max: 0, Diff: 0, Sum: 0, Workers: 4
[6.594s][debug][gc,phases      ] GC(8)     Total                          Min: 0, Avg:  0.0, Max: 0, Diff: 0, Sum: 0, Workers: 4
[6.594s][debug][gc,phases      ] GC(8) Weak Processing 0.520ms
[6.594s][debug][gc,age         ] GC(8) Desired survivor size 261095424 bytes, new threshold 4 (max threshold 15)
[6.594s][info ][gc,heap        ] GC(8) PSYoungGen: 1725530K(1810944K)->127622K(1821696K) Eden: 1546240K(1546240K)->0K(1546240K) From: 179290K(264704K)->127622K(275456K)
[6.594s][info ][gc,heap        ] GC(8) ParOldGen: 5682K(6144K)->61911K(61952K)
[6.594s][info ][gc,metaspace   ] GC(8) Metaspace: 54685K(55296K)->54685K(55296K) NonClass: 46641K(46976K)->46641K(46976K) Class: 8044K(8320K)->8044K(8320K)
[6.594s][info ][gc             ] GC(8) Pause Young (Allocation Failure) 1690M->185M(1839M) 89.427ms
[6.594s][info ][gc,cpu         ] GC(8) User=0.34s Sys=0.02s Real=0.09s
[6.594s][debug][gc,phases      ] GC(9) Pre Compact 0.010ms
[6.594s][info ][gc,start       ] GC(9) Pause Full (Ergonomics)
[6.594s][info ][gc,phases,start] GC(9) Marking Phase
[6.670s][debug][gc,phases      ] GC(9) Par Mark 75.545ms
[6.670s][debug][gc,ref         ] GC(9) Skipped phase 1 of Reference Processing: no references
[6.670s][debug][gc,ref         ] GC(9) ReferenceProcessor::execute queues: 4, RefProcThreadModel::Multi, marks_oops_alive: false
[6.670s][debug][gc,ref         ] GC(9) Skipped phase 3 of Reference Processing: no references
[6.670s][debug][gc,ref         ] GC(9) ReferenceProcessor::execute queues: 1, RefProcThreadModel::Single, marks_oops_alive: false
[6.670s][debug][gc,phases      ] GC(9) Reference Processing 0.312ms
[6.670s][debug][gc,phases      ] GC(9)   VM Weak                        Min:  0.0, Avg:  0.0, Max:  0.0, Diff:  0.0, Sum:  0.0, Workers: 4
[6.670s][debug][gc,phases      ] GC(9)     Dead                           Min: 0, Avg:  0.5, Max: 2, Diff: 2, Sum: 2, Workers: 4
[6.670s][debug][gc,phases      ] GC(9)     Total                          Min: 0, Avg: 110.8, Max: 315, Diff: 315, Sum: 443, Workers: 4
[6.670s][debug][gc,phases      ] GC(9)   ObjectSynchronizer Weak        Min:  0.0, Avg:  0.0, Max:  0.0, Diff:  0.0, Sum:  0.0, Workers: 4
[6.670s][debug][gc,phases      ] GC(9)     Dead                           Min: 0, Avg:  0.0, Max: 0, Diff: 0, Sum: 0, Workers: 4
[6.670s][debug][gc,phases      ] GC(9)     Total                          Min: 0, Avg: 68.5, Max: 128, Diff: 128, Sum: 274, Workers: 4
[6.670s][debug][gc,phases      ] GC(9)   JVMTI Tag Weak OopStorage      Min:  0.0, Avg:  0.0, Max:  0.0, Diff:  0.0, Sum:  0.0, Workers: 4
[6.670s][debug][gc,phases      ] GC(9)     Dead                           Min: 0, Avg:  0.0, Max: 0, Diff: 0, Sum: 0, Workers: 4
[6.670s][debug][gc,phases      ] GC(9)     Total                          Min: 0, Avg:  0.0, Max: 0, Diff: 0, Sum: 0, Workers: 4
[6.670s][debug][gc,phases      ] GC(9)   StringTable Weak               Min:  0.1, Avg:  0.1, Max:  0.1, Diff:  0.0, Sum:  0.6, Workers: 4
[6.670s][debug][gc,phases      ] GC(9)     Dead                           Min: 0, Avg:  0.0, Max: 0, Diff: 0, Sum: 0, Workers: 4
[6.670s][debug][gc,phases      ] GC(9)     Total                          Min: 8576, Avg: 9629.5, Max: 10880, Diff: 2304, Sum: 38518, Workers: 4
[6.670s][debug][gc,phases      ] GC(9)   ResolvedMethodTable Weak       Min:  0.0, Avg:  0.0, Max:  0.0, Diff:  0.0, Sum:  0.1, Workers: 4
[6.670s][debug][gc,phases      ] GC(9)     Dead                           Min: 0, Avg:  0.5, Max: 2, Diff: 2, Sum: 2, Workers: 4
[6.670s][debug][gc,phases      ] GC(9)     Total                          Min: 1152, Avg: 1249.2, Max: 1472, Diff: 320, Sum: 4997, Workers: 4
[6.670s][debug][gc,phases      ] GC(9)   JNI Weak                       Min:  0.0, Avg:  0.0, Max:  0.0, Diff:  0.0, Sum:  0.0, Workers: 4
[6.670s][debug][gc,phases      ] GC(9)     Dead                           Min: 0, Avg:  0.0, Max: 0, Diff: 0, Sum: 0, Workers: 4
[6.670s][debug][gc,phases      ] GC(9)     Total                          Min: 0, Avg:  0.2, Max: 1, Diff: 1, Sum: 1, Workers: 4
[6.670s][debug][gc,phases      ] GC(9)   StringDedup Table Weak         Min:  0.0, Avg:  0.0, Max:  0.0, Diff:  0.0, Sum:  0.0, Workers: 4
[6.670s][debug][gc,phases      ] GC(9)     Dead                           Min: 0, Avg:  0.0, Max: 0, Diff: 0, Sum: 0, Workers: 4
[6.670s][debug][gc,phases      ] GC(9)     Total                          Min: 0, Avg:  0.0, Max: 0, Diff: 0, Sum: 0, Workers: 4
[6.670s][debug][gc,phases      ] GC(9)   StringDedup Requests0 Weak     Min:  0.0, Avg:  0.0, Max:  0.0, Diff:  0.0, Sum:  0.0, Workers: 4
[6.670s][debug][gc,phases      ] GC(9)     Dead                           Min: 0, Avg:  0.0, Max: 0, Diff: 0, Sum: 0, Workers: 4
[6.670s][debug][gc,phases      ] GC(9)     Total                          Min: 0, Avg:  0.0, Max: 0, Diff: 0, Sum: 0, Workers: 4
[6.670s][debug][gc,phases      ] GC(9)   StringDedup Requests1 Weak     Min:  0.0, Avg:  0.0, Max:  0.0, Diff:  0.0, Sum:  0.0, Workers: 4
[6.670s][debug][gc,phases      ] GC(9)     Dead                           Min: 0, Avg:  0.0, Max: 0, Diff: 0, Sum: 0, Workers: 4
[6.670s][debug][gc,phases      ] GC(9)     Total                          Min: 0, Avg:  0.0, Max: 0, Diff: 0, Sum: 0, Workers: 4
[6.670s][debug][gc,phases      ] GC(9)   Weak JFR Old Object Samples    Min:  0.0, Avg:  0.0, Max:  0.0, Diff:  0.0, Sum:  0.0, Workers: 4
[6.670s][debug][gc,phases      ] GC(9)     Dead                           Min: 0, Avg:  0.0, Max: 0, Diff: 0, Sum: 0, Workers: 4
[6.670s][debug][gc,phases      ] GC(9)     Total                          Min: 0, Avg:  0.0, Max: 0, Diff: 0, Sum: 0, Workers: 4
[6.670s][debug][gc,phases      ] GC(9) Weak Processing 0.334ms
[6.670s][debug][gc,phases      ] GC(9) ClassLoaderData 0.143ms
[6.670s][debug][gc,phases      ] GC(9) Trigger cleanups 0.007ms
[6.680s][debug][gc,phases      ] GC(9) Class Unloading 9.939ms
[6.680s][info ][gc,phases      ] GC(9) Marking Phase 86.290ms
[6.680s][info ][gc,phases,start] GC(9) Summary Phase
[6.680s][info ][gc,phases      ] GC(9) Summary Phase 0.009ms
[6.680s][info ][gc,phases,start] GC(9) Adjust Roots
[6.689s][info ][gc,phases      ] GC(9) Adjust Roots 8.757ms
[6.689s][info ][gc,phases,start] GC(9) Compaction Phase
[7.519s][info ][gc,phases      ] GC(9) Compaction Phase 830.442ms
[7.520s][info ][gc,phases,start] GC(9) Post Compact
[7.520s][info ][gc,phases      ] GC(9) Post Compact 0.883ms
[7.521s][info ][gc,heap        ] GC(9) PSYoungGen: 127622K(1821696K)->127392K(1821696K) Eden: 0K(1546240K)->0K(1546240K) From: 127622K(275456K)->127392K(275456K)
[7.521s][info ][gc,heap        ] GC(9) ParOldGen: 61911K(61952K)->61620K(100352K)
[7.521s][info ][gc,metaspace   ] GC(9) Metaspace: 54685K(55296K)->54681K(55296K) NonClass: 46641K(46976K)->46638K(46976K) Class: 8044K(8320K)->8043K(8320K)
[7.521s][info ][gc             ] GC(9) Pause Full (Ergonomics) 185M->184M(1877M) 926.615ms
[7.521s][info ][gc,cpu         ] GC(9) User=2.16s Sys=0.01s Real=0.93s
[7.521s][info ][safepoint      ] Safepoint "ParallelGCFailedAllocation", Time since last: 254373248 ns, Reaching safepoint: 592313 ns, At safepoint: 1016196663 ns, Total: 1016788976 ns
[7.832s][info ][gc,start       ] GC(10) Pause Young (Allocation Failure)
[7.940s][debug][gc,phases      ] GC(10) Scavenge 107.812ms
[7.940s][debug][gc,ref         ] GC(10) Skipped phase 1 of Reference Processing: no references
[7.940s][debug][gc,ref         ] GC(10) ReferenceProcessor::execute queues: 1, RefProcThreadModel::Single, marks_oops_alive: false
[7.940s][debug][gc,ref         ] GC(10) Skipped phase 3 of Reference Processing: no references
[7.940s][debug][gc,ref         ] GC(10) ReferenceProcessor::execute queues: 1, RefProcThreadModel::Single, marks_oops_alive: false
[7.940s][debug][gc,phases      ] GC(10) Reference Processing 0.138ms
[7.940s][debug][gc,phases      ] GC(10)   VM Weak                        Min:  0.0, Avg:  0.0, Max:  0.0, Diff:  0.0, Sum:  0.0, Workers: 4
[7.940s][debug][gc,phases      ] GC(10)     Dead                           Min: 0, Avg:  0.0, Max: 0, Diff: 0, Sum: 0, Workers: 4
[7.940s][debug][gc,phases      ] GC(10)     Total                          Min: 0, Avg: 127.8, Max: 448, Diff: 448, Sum: 511, Workers: 4
[7.940s][debug][gc,phases      ] GC(10)   ObjectSynchronizer Weak        Min:  0.0, Avg:  0.0, Max:  0.0, Diff:  0.0, Sum:  0.0, Workers: 4
[7.940s][debug][gc,phases      ] GC(10)     Dead                           Min: 0, Avg:  0.0, Max: 0, Diff: 0, Sum: 0, Workers: 4
[7.940s][debug][gc,phases      ] GC(10)     Total                          Min: 0, Avg: 68.5, Max: 128, Diff: 128, Sum: 274, Workers: 4
[7.940s][debug][gc,phases      ] GC(10)   JVMTI Tag Weak OopStorage      Min:  0.0, Avg:  0.0, Max:  0.0, Diff:  0.0, Sum:  0.0, Workers: 4
[7.941s][debug][gc,phases      ] GC(10)     Dead                           Min: 0, Avg:  0.0, Max: 0, Diff: 0, Sum: 0, Workers: 4
[7.941s][debug][gc,phases      ] GC(10)     Total                          Min: 0, Avg:  0.0, Max: 0, Diff: 0, Sum: 0, Workers: 4
[7.941s][debug][gc,phases      ] GC(10)   StringTable Weak               Min:  0.2, Avg:  0.2, Max:  0.2, Diff:  0.0, Sum:  1.0, Workers: 4
[7.941s][debug][gc,phases      ] GC(10)     Dead                           Min: 0, Avg:  4.2, Max: 14, Diff: 14, Sum: 17, Workers: 4
[7.941s][debug][gc,phases      ] GC(10)     Total                          Min: 8640, Avg: 9733.0, Max: 12180, Diff: 3540, Sum: 38932, Workers: 4
[7.941s][debug][gc,phases      ] GC(10)   ResolvedMethodTable Weak       Min:  0.0, Avg:  0.0, Max:  0.0, Diff:  0.0, Sum:  0.2, Workers: 4
[7.941s][debug][gc,phases      ] GC(10)     Dead                           Min: 0, Avg:  7.5, Max: 29, Diff: 29, Sum: 30, Workers: 4
[7.941s][debug][gc,phases      ] GC(10)     Total                          Min: 832, Avg: 1332.0, Max: 1872, Diff: 1040, Sum: 5328, Workers: 4
[7.941s][debug][gc,phases      ] GC(10)   JNI Weak                       Min:  0.0, Avg:  0.0, Max:  0.0, Diff:  0.0, Sum:  0.0, Workers: 4
[7.941s][debug][gc,phases      ] GC(10)     Dead                           Min: 0, Avg:  0.0, Max: 0, Diff: 0, Sum: 0, Workers: 4
[7.941s][debug][gc,phases      ] GC(10)     Total                          Min: 0, Avg:  0.2, Max: 1, Diff: 1, Sum: 1, Workers: 4
[7.941s][debug][gc,phases      ] GC(10)   StringDedup Table Weak         Min:  0.0, Avg:  0.0, Max:  0.0, Diff:  0.0, Sum:  0.0, Workers: 4
[7.941s][debug][gc,phases      ] GC(10)     Dead                           Min: 0, Avg:  0.0, Max: 0, Diff: 0, Sum: 0, Workers: 4
[7.941s][debug][gc,phases      ] GC(10)     Total                          Min: 0, Avg:  0.0, Max: 0, Diff: 0, Sum: 0, Workers: 4
[7.941s][debug][gc,phases      ] GC(10)   StringDedup Requests0 Weak     Min:  0.0, Avg:  0.0, Max:  0.0, Diff:  0.0, Sum:  0.0, Workers: 4
[7.941s][debug][gc,phases      ] GC(10)     Dead                           Min: 0, Avg:  0.0, Max: 0, Diff: 0, Sum: 0, Workers: 4
[7.941s][debug][gc,phases      ] GC(10)     Total                          Min: 0, Avg:  0.0, Max: 0, Diff: 0, Sum: 0, Workers: 4
[7.941s][debug][gc,phases      ] GC(10)   StringDedup Requests1 Weak     Min:  0.0, Avg:  0.0, Max:  0.0, Diff:  0.0, Sum:  0.0, Workers: 4
[7.941s][debug][gc,phases      ] GC(10)     Dead                           Min: 0, Avg:  0.0, Max: 0, Diff: 0, Sum: 0, Workers: 4
[7.941s][debug][gc,phases      ] GC(10)     Total                          Min: 0, Avg:  0.0, Max: 0, Diff: 0, Sum: 0, Workers: 4
[7.941s][debug][gc,phases      ] GC(10)   Weak JFR Old Object Samples    Min:  0.0, Avg:  0.0, Max:  0.0, Diff:  0.0, Sum:  0.0, Workers: 4
[7.941s][debug][gc,phases      ] GC(10)     Dead                           Min: 0, Avg:  0.0, Max: 0, Diff: 0, Sum: 0, Workers: 4
[7.941s][debug][gc,phases      ] GC(10)     Total                          Min: 0, Avg:  0.0, Max: 0, Diff: 0, Sum: 0, Workers: 4
[7.941s][debug][gc,phases      ] GC(10) Weak Processing 0.484ms
[7.941s][debug][gc,age         ] GC(10) Desired survivor size 270008320 bytes, new threshold 5 (max threshold 15)
[7.941s][info ][gc,heap        ] GC(10) PSYoungGen: 1673632K(1821696K)->10333K(1824768K) Eden: 1546240K(1546240K)->0K(1569792K) From: 127392K(275456K)->10333K(254976K)
[7.941s][info ][gc,heap        ] GC(10) ParOldGen: 61620K(100352K)->181020K(181248K)
[7.941s][info ][gc,metaspace   ] GC(10) Metaspace: 55816K(56448K)->55816K(56448K) NonClass: 47571K(47936K)->47571K(47936K) Class: 8245K(8512K)->8245K(8512K)
[7.941s][info ][gc             ] GC(10) Pause Young (Allocation Failure) 1694M->186M(1959M) 108.565ms
[7.941s][info ][gc,cpu         ] GC(10) User=0.40s Sys=0.03s Real=0.11s
[7.941s][debug][gc,phases      ] GC(11) Pre Compact 0.010ms
[7.941s][info ][gc,start       ] GC(11) Pause Full (Ergonomics)
[7.941s][info ][gc,phases,start] GC(11) Marking Phase
[8.021s][debug][gc,phases      ] GC(11) Par Mark 80.676ms
[8.021s][debug][gc,ref         ] GC(11) Skipped phase 1 of Reference Processing: no references
[8.022s][debug][gc,ref         ] GC(11) ReferenceProcessor::execute queues: 4, RefProcThreadModel::Multi, marks_oops_alive: false
[8.022s][debug][gc,ref         ] GC(11) Skipped phase 3 of Reference Processing: no references
[8.022s][debug][gc,ref         ] GC(11) ReferenceProcessor::execute queues: 1, RefProcThreadModel::Single, marks_oops_alive: false
[8.022s][debug][gc,phases      ] GC(11) Reference Processing 0.317ms
[8.022s][debug][gc,phases      ] GC(11)   VM Weak                        Min:  0.0, Avg:  0.0, Max:  0.0, Diff:  0.0, Sum:  0.0, Workers: 4
[8.022s][debug][gc,phases      ] GC(11)     Dead                           Min: 0, Avg:  0.0, Max: 0, Diff: 0, Sum: 0, Workers: 4
[8.022s][debug][gc,phases      ] GC(11)     Total                          Min: 0, Avg: 127.8, Max: 256, Diff: 256, Sum: 511, Workers: 4
[8.022s][debug][gc,phases      ] GC(11)   ObjectSynchronizer Weak        Min:  0.0, Avg:  0.0, Max:  0.0, Diff:  0.0, Sum:  0.0, Workers: 4
[8.022s][debug][gc,phases      ] GC(11)     Dead                           Min: 0, Avg:  0.0, Max: 0, Diff: 0, Sum: 0, Workers: 4
[8.022s][debug][gc,phases      ] GC(11)     Total                          Min: 18, Avg: 68.5, Max: 128, Diff: 110, Sum: 274, Workers: 4
[8.022s][debug][gc,phases      ] GC(11)   JVMTI Tag Weak OopStorage      Min:  0.0, Avg:  0.0, Max:  0.0, Diff:  0.0, Sum:  0.0, Workers: 4
[8.022s][debug][gc,phases      ] GC(11)     Dead                           Min: 0, Avg:  0.0, Max: 0, Diff: 0, Sum: 0, Workers: 4
[8.022s][debug][gc,phases      ] GC(11)     Total                          Min: 0, Avg:  0.0, Max: 0, Diff: 0, Sum: 0, Workers: 4
[8.022s][debug][gc,phases      ] GC(11)   StringTable Weak               Min:  0.1, Avg:  0.1, Max:  0.1, Diff:  0.0, Sum:  0.5, Workers: 4
[8.022s][debug][gc,phases      ] GC(11)     Dead                           Min: 0, Avg:  0.0, Max: 0, Diff: 0, Sum: 0, Workers: 4
[8.022s][debug][gc,phases      ] GC(11)     Total                          Min: 8384, Avg: 9733.0, Max: 11584, Diff: 3200, Sum: 38932, Workers: 4
[8.022s][debug][gc,phases      ] GC(11)   ResolvedMethodTable Weak       Min:  0.0, Avg:  0.0, Max:  0.0, Diff:  0.0, Sum:  0.1, Workers: 4
[8.022s][debug][gc,phases      ] GC(11)     Dead                           Min: 0, Avg:  0.0, Max: 0, Diff: 0, Sum: 0, Workers: 4
[8.022s][debug][gc,phases      ] GC(11)     Total                          Min: 1088, Avg: 1332.0, Max: 1600, Diff: 512, Sum: 5328, Workers: 4
[8.022s][debug][gc,phases      ] GC(11)   JNI Weak                       Min:  0.0, Avg:  0.0, Max:  0.0, Diff:  0.0, Sum:  0.0, Workers: 4
[8.022s][debug][gc,phases      ] GC(11)     Dead                           Min: 0, Avg:  0.0, Max: 0, Diff: 0, Sum: 0, Workers: 4
[8.022s][debug][gc,phases      ] GC(11)     Total                          Min: 0, Avg:  0.2, Max: 1, Diff: 1, Sum: 1, Workers: 4
[8.022s][debug][gc,phases      ] GC(11)   StringDedup Table Weak         Min:  0.0, Avg:  0.0, Max:  0.0, Diff:  0.0, Sum:  0.0, Workers: 4
[8.022s][debug][gc,phases      ] GC(11)     Dead                           Min: 0, Avg:  0.0, Max: 0, Diff: 0, Sum: 0, Workers: 4
[8.022s][debug][gc,phases      ] GC(11)     Total                          Min: 0, Avg:  0.0, Max: 0, Diff: 0, Sum: 0, Workers: 4
[8.022s][debug][gc,phases      ] GC(11)   StringDedup Requests0 Weak     Min:  0.0, Avg:  0.0, Max:  0.0, Diff:  0.0, Sum:  0.0, Workers: 4
[8.022s][debug][gc,phases      ] GC(11)     Dead                           Min: 0, Avg:  0.0, Max: 0, Diff: 0, Sum: 0, Workers: 4
[8.022s][debug][gc,phases      ] GC(11)     Total                          Min: 0, Avg:  0.0, Max: 0, Diff: 0, Sum: 0, Workers: 4
[8.022s][debug][gc,phases      ] GC(11)   StringDedup Requests1 Weak     Min:  0.0, Avg:  0.0, Max:  0.0, Diff:  0.0, Sum:  0.0, Workers: 4
[8.022s][debug][gc,phases      ] GC(11)     Dead                           Min: 0, Avg:  0.0, Max: 0, Diff: 0, Sum: 0, Workers: 4
[8.022s][debug][gc,phases      ] GC(11)     Total                          Min: 0, Avg:  0.0, Max: 0, Diff: 0, Sum: 0, Workers: 4
[8.022s][debug][gc,phases      ] GC(11)   Weak JFR Old Object Samples    Min:  0.0, Avg:  0.0, Max:  0.0, Diff:  0.0, Sum:  0.0, Workers: 4
[8.022s][debug][gc,phases      ] GC(11)     Dead                           Min: 0, Avg:  0.0, Max: 0, Diff: 0, Sum: 0, Workers: 4
[8.022s][debug][gc,phases      ] GC(11)     Total                          Min: 0, Avg:  0.0, Max: 0, Diff: 0, Sum: 0, Workers: 4
[8.022s][debug][gc,phases      ] GC(11) Weak Processing 0.330ms
[8.022s][debug][gc,phases      ] GC(11) ClassLoaderData 0.067ms
[8.022s][debug][gc,phases      ] GC(11) Trigger cleanups 0.000ms
[8.028s][debug][gc,phases      ] GC(11) Class Unloading 5.810ms
[8.028s][info ][gc,phases      ] GC(11) Marking Phase 87.287ms
[8.028s][info ][gc,phases,start] GC(11) Summary Phase
[8.028s][info ][gc,phases      ] GC(11) Summary Phase 0.008ms
[8.028s][info ][gc,phases,start] GC(11) Adjust Roots
[8.035s][info ][gc,phases      ] GC(11) Adjust Roots 7.394ms
[8.035s][info ][gc,phases,start] GC(11) Compaction Phase
[8.342s][info ][gc,phases      ] GC(11) Compaction Phase 306.661ms
[8.342s][info ][gc,phases,start] GC(11) Post Compact
[8.343s][info ][gc,phases      ] GC(11) Post Compact 0.568ms
[8.343s][info ][gc,heap        ] GC(11) PSYoungGen: 10333K(1824768K)->9723K(1824768K) Eden: 0K(1569792K)->0K(1569792K) From: 10333K(254976K)->9723K(254976K)
[8.343s][info ][gc,heap        ] GC(11) ParOldGen: 181020K(181248K)->181088K(273920K)
[8.343s][info ][gc,metaspace   ] GC(11) Metaspace: 55816K(56448K)->55816K(56448K) NonClass: 47571K(47936K)->47571K(47936K) Class: 8245K(8512K)->8245K(8512K)
[8.343s][info ][gc             ] GC(11) Pause Full (Ergonomics) 186M->186M(2049M) 402.181ms
[8.343s][info ][gc,cpu         ] GC(11) User=1.38s Sys=0.00s Real=0.40s
[8.344s][info ][safepoint      ] Safepoint "ParallelGCFailedAllocation", Time since last: 309199122 ns, Reaching safepoint: 2232447 ns, At safepoint: 512294172 ns, Total: 514526619 ns
[8.705s][info ][gc,start       ] GC(12) Pause Young (Allocation Failure)
[8.735s][debug][gc,phases      ] GC(12) Scavenge 29.568ms
[8.735s][debug][gc,ref         ] GC(12) Skipped phase 1 of Reference Processing: no references
[8.735s][debug][gc,ref         ] GC(12) ReferenceProcessor::execute queues: 1, RefProcThreadModel::Single, marks_oops_alive: false
[8.735s][debug][gc,ref         ] GC(12) Skipped phase 3 of Reference Processing: no references
[8.735s][debug][gc,ref         ] GC(12) ReferenceProcessor::execute queues: 1, RefProcThreadModel::Single, marks_oops_alive: false
[8.735s][debug][gc,phases      ] GC(12) Reference Processing 0.161ms
[8.735s][debug][gc,phases      ] GC(12)   VM Weak                        Min:  0.0, Avg:  0.0, Max:  0.0, Diff:  0.0, Sum:  0.0, Workers: 4
[8.735s][debug][gc,phases      ] GC(12)     Dead                           Min: 0, Avg:  0.0, Max: 0, Diff: 0, Sum: 0, Workers: 4
[8.735s][debug][gc,phases      ] GC(12)     Total                          Min: 0, Avg: 130.2, Max: 192, Diff: 192, Sum: 521, Workers: 4
[8.735s][debug][gc,phases      ] GC(12)   ObjectSynchronizer Weak        Min:  0.0, Avg:  0.0, Max:  0.0, Diff:  0.0, Sum:  0.0, Workers: 4
[8.735s][debug][gc,phases      ] GC(12)     Dead                           Min: 0, Avg:  0.0, Max: 0, Diff: 0, Sum: 0, Workers: 4
[8.735s][debug][gc,phases      ] GC(12)     Total                          Min: 0, Avg: 68.5, Max: 128, Diff: 128, Sum: 274, Workers: 4
[8.735s][debug][gc,phases      ] GC(12)   JVMTI Tag Weak OopStorage      Min:  0.0, Avg:  0.0, Max:  0.0, Diff:  0.0, Sum:  0.0, Workers: 4
[8.735s][debug][gc,phases      ] GC(12)     Dead                           Min: 0, Avg:  0.0, Max: 0, Diff: 0, Sum: 0, Workers: 4
[8.735s][debug][gc,phases      ] GC(12)     Total                          Min: 0, Avg:  0.0, Max: 0, Diff: 0, Sum: 0, Workers: 4
[8.735s][debug][gc,phases      ] GC(12)   StringTable Weak               Min:  0.1, Avg:  0.1, Max:  0.1, Diff:  0.0, Sum:  0.4, Workers: 4
[8.735s][debug][gc,phases      ] GC(12)     Dead                           Min: 0, Avg:  3.8, Max: 14, Diff: 14, Sum: 15, Workers: 4
[8.735s][debug][gc,phases      ] GC(12)     Total                          Min: 9162, Avg: 9890.5, Max: 10304, Diff: 1142, Sum: 39562, Workers: 4
[8.735s][debug][gc,phases      ] GC(12)   ResolvedMethodTable Weak       Min:  0.0, Avg:  0.0, Max:  0.0, Diff:  0.0, Sum:  0.1, Workers: 4
[8.735s][debug][gc,phases      ] GC(12)     Dead                           Min: 0, Avg:  4.8, Max: 14, Diff: 14, Sum: 19, Workers: 4
[8.735s][debug][gc,phases      ] GC(12)     Total                          Min: 1216, Avg: 1461.2, Max: 1621, Diff: 405, Sum: 5845, Workers: 4
[8.735s][debug][gc,phases      ] GC(12)   JNI Weak                       Min:  0.0, Avg:  0.0, Max:  0.0, Diff:  0.0, Sum:  0.0, Workers: 4
[8.735s][debug][gc,phases      ] GC(12)     Dead                           Min: 0, Avg:  0.0, Max: 0, Diff: 0, Sum: 0, Workers: 4
[8.735s][debug][gc,phases      ] GC(12)     Total                          Min: 0, Avg:  0.0, Max: 0, Diff: 0, Sum: 0, Workers: 4
[8.735s][debug][gc,phases      ] GC(12)   StringDedup Table Weak         Min:  0.0, Avg:  0.0, Max:  0.0, Diff:  0.0, Sum:  0.0, Workers: 4
[8.735s][debug][gc,phases      ] GC(12)     Dead                           Min: 0, Avg:  0.0, Max: 0, Diff: 0, Sum: 0, Workers: 4
[8.735s][debug][gc,phases      ] GC(12)     Total                          Min: 0, Avg:  0.0, Max: 0, Diff: 0, Sum: 0, Workers: 4
[8.735s][debug][gc,phases      ] GC(12)   StringDedup Requests0 Weak     Min:  0.0, Avg:  0.0, Max:  0.0, Diff:  0.0, Sum:  0.0, Workers: 4
[8.735s][debug][gc,phases      ] GC(12)     Dead                           Min: 0, Avg:  0.0, Max: 0, Diff: 0, Sum: 0, Workers: 4
[8.735s][debug][gc,phases      ] GC(12)     Total                          Min: 0, Avg:  0.0, Max: 0, Diff: 0, Sum: 0, Workers: 4
[8.735s][debug][gc,phases      ] GC(12)   StringDedup Requests1 Weak     Min:  0.0, Avg:  0.0, Max:  0.0, Diff:  0.0, Sum:  0.0, Workers: 4
[8.735s][debug][gc,phases      ] GC(12)     Dead                           Min: 0, Avg:  0.0, Max: 0, Diff: 0, Sum: 0, Workers: 4
[8.735s][debug][gc,phases      ] GC(12)     Total                          Min: 0, Avg:  0.0, Max: 0, Diff: 0, Sum: 0, Workers: 4
[8.735s][debug][gc,phases      ] GC(12)   Weak JFR Old Object Samples    Min:  0.0, Avg:  0.0, Max:  0.0, Diff:  0.0, Sum:  0.0, Workers: 4
[8.735s][debug][gc,phases      ] GC(12)     Dead                           Min: 0, Avg:  0.0, Max: 0, Diff: 0, Sum: 0, Workers: 4
[8.735s][debug][gc,phases      ] GC(12)     Total                          Min: 0, Avg:  0.0, Max: 0, Diff: 0, Sum: 0, Workers: 4
[8.735s][debug][gc,phases      ] GC(12) Weak Processing 0.312ms
[8.735s][debug][gc,age         ] GC(12) Desired survivor size 272629760 bytes, new threshold 6 (max threshold 15)
[8.735s][info ][gc,heap        ] GC(12) PSYoungGen: 1579515K(1824768K)->11357K(1581568K) Eden: 1569792K(1569792K)->0K(1569792K) From: 9723K(254976K)->11357K(11776K)
[8.735s][info ][gc,heap        ] GC(12) ParOldGen: 181088K(273920K)->181096K(273920K)
[8.735s][info ][gc,metaspace   ] GC(12) Metaspace: 57769K(58432K)->57769K(58432K) NonClass: 49148K(49536K)->49148K(49536K) Class: 8620K(8896K)->8620K(8896K)
[8.735s][info ][gc             ] GC(12) Pause Young (Allocation Failure) 1719M->187M(1812M) 30.188ms
[8.735s][info ][gc,cpu         ] GC(12) User=0.12s Sys=0.00s Real=0.03s
[8.736s][info ][safepoint      ] Safepoint "ParallelGCFailedAllocation", Time since last: 360684125 ns, Reaching safepoint: 202204 ns, At safepoint: 30292649 ns, Total: 30494853 ns
[9.192s][info ][safepoint      ] Safepoint "ParallelGCFailedAllocation", Time since last: 455643059 ns, Reaching safepoint: 1028922 ns, At safepoint: 53301 ns, Total: 1082223 ns
[9.193s][info ][gc,start       ] GC(13) Pause Young (Allocation Failure)
[9.203s][debug][gc,phases      ] GC(13) Scavenge 9.722ms
[9.203s][debug][gc,ref         ] GC(13) Skipped phase 1 of Reference Processing: no references
[9.203s][debug][gc,ref         ] GC(13) ReferenceProcessor::execute queues: 1, RefProcThreadModel::Single, marks_oops_alive: false
[9.203s][debug][gc,ref         ] GC(13) Skipped phase 3 of Reference Processing: no references
[9.203s][debug][gc,ref         ] GC(13) ReferenceProcessor::execute queues: 1, RefProcThreadModel::Single, marks_oops_alive: false
[9.203s][debug][gc,phases      ] GC(13) Reference Processing 0.183ms
[9.203s][debug][gc,phases      ] GC(13)   VM Weak                        Min:  0.0, Avg:  0.0, Max:  0.0, Diff:  0.0, Sum:  0.0, Workers: 4
[9.203s][debug][gc,phases      ] GC(13)     Dead                           Min: 0, Avg:  0.0, Max: 0, Diff: 0, Sum: 0, Workers: 4
[9.203s][debug][gc,phases      ] GC(13)     Total                          Min: 0, Avg: 132.2, Max: 401, Diff: 401, Sum: 529, Workers: 4
[9.203s][debug][gc,phases      ] GC(13)   ObjectSynchronizer Weak        Min:  0.0, Avg:  0.0, Max:  0.0, Diff:  0.0, Sum:  0.0, Workers: 4
[9.203s][debug][gc,phases      ] GC(13)     Dead                           Min: 0, Avg:  0.2, Max: 1, Diff: 1, Sum: 1, Workers: 4
[9.203s][debug][gc,phases      ] GC(13)     Total                          Min: 0, Avg: 71.5, Max: 158, Diff: 158, Sum: 286, Workers: 4
[9.203s][debug][gc,phases      ] GC(13)   JVMTI Tag Weak OopStorage      Min:  0.0, Avg:  0.0, Max:  0.0, Diff:  0.0, Sum:  0.0, Workers: 4
[9.203s][debug][gc,phases      ] GC(13)     Dead                           Min: 0, Avg:  0.0, Max: 0, Diff: 0, Sum: 0, Workers: 4
[9.203s][debug][gc,phases      ] GC(13)     Total                          Min: 0, Avg:  0.0, Max: 0, Diff: 0, Sum: 0, Workers: 4
[9.203s][debug][gc,phases      ] GC(13)   StringTable Weak               Min:  0.0, Avg:  0.1, Max:  0.2, Diff:  0.2, Sum:  0.4, Workers: 4
[9.203s][debug][gc,phases      ] GC(13)     Dead                           Min: 0, Avg:  4.5, Max: 16, Diff: 16, Sum: 18, Workers: 4
[9.204s][debug][gc,phases      ] GC(13)     Total                          Min: 0, Avg: 9982.8, Max: 20416, Diff: 20416, Sum: 39931, Workers: 4
[9.204s][debug][gc,phases      ] GC(13)   ResolvedMethodTable Weak       Min:  0.0, Avg:  0.0, Max:  0.0, Diff:  0.0, Sum:  0.1, Workers: 4
[9.204s][debug][gc,phases      ] GC(13)     Dead                           Min: 0, Avg: 11.0, Max: 32, Diff: 32, Sum: 44, Workers: 4
[9.204s][debug][gc,phases      ] GC(13)     Total                          Min: 0, Avg: 1535.8, Max: 3200, Diff: 3200, Sum: 6143, Workers: 4
[9.204s][debug][gc,phases      ] GC(13)   JNI Weak                       Min:  0.0, Avg:  0.0, Max:  0.0, Diff:  0.0, Sum:  0.0, Workers: 4
[9.204s][debug][gc,phases      ] GC(13)     Dead                           Min: 0, Avg:  0.0, Max: 0, Diff: 0, Sum: 0, Workers: 4
[9.204s][debug][gc,phases      ] GC(13)     Total                          Min: 0, Avg:  6.0, Max: 24, Diff: 24, Sum: 24, Workers: 4
[9.204s][debug][gc,phases      ] GC(13)   StringDedup Table Weak         Min:  0.0, Avg:  0.0, Max:  0.0, Diff:  0.0, Sum:  0.0, Workers: 4
[9.204s][debug][gc,phases      ] GC(13)     Dead                           Min: 0, Avg:  0.0, Max: 0, Diff: 0, Sum: 0, Workers: 4
[9.204s][debug][gc,phases      ] GC(13)     Total                          Min: 0, Avg:  0.0, Max: 0, Diff: 0, Sum: 0, Workers: 4
[9.204s][debug][gc,phases      ] GC(13)   StringDedup Requests0 Weak     Min:  0.0, Avg:  0.0, Max:  0.0, Diff:  0.0, Sum:  0.0, Workers: 4
[9.204s][debug][gc,phases      ] GC(13)     Dead                           Min: 0, Avg:  0.0, Max: 0, Diff: 0, Sum: 0, Workers: 4
[9.204s][debug][gc,phases      ] GC(13)     Total                          Min: 0, Avg:  0.0, Max: 0, Diff: 0, Sum: 0, Workers: 4
[9.204s][debug][gc,phases      ] GC(13)   StringDedup Requests1 Weak     Min:  0.0, Avg:  0.0, Max:  0.0, Diff:  0.0, Sum:  0.0, Workers: 4
[9.204s][debug][gc,phases      ] GC(13)     Dead                           Min: 0, Avg:  0.0, Max: 0, Diff: 0, Sum: 0, Workers: 4
[9.204s][debug][gc,phases      ] GC(13)     Total                          Min: 0, Avg:  0.0, Max: 0, Diff: 0, Sum: 0, Workers: 4
[9.204s][debug][gc,phases      ] GC(13)   Weak JFR Old Object Samples    Min:  0.0, Avg:  0.0, Max:  0.0, Diff:  0.0, Sum:  0.0, Workers: 4
[9.204s][debug][gc,phases      ] GC(13)     Dead                           Min: 0, Avg:  0.0, Max: 0, Diff: 0, Sum: 0, Workers: 4
[9.204s][debug][gc,phases      ] GC(13)     Total                          Min: 0, Avg:  0.0, Max: 0, Diff: 0, Sum: 0, Workers: 4
[9.204s][debug][gc,phases      ] GC(13) Weak Processing 0.511ms
[9.204s][debug][gc,age         ] GC(13) Desired survivor size 270532608 bytes, new threshold 7 (max threshold 15)
[9.204s][info ][gc,heap        ] GC(13) PSYoungGen: 1581149K(1581568K)->18577K(1832960K) Eden: 1569792K(1569792K)->0K(1566720K) From: 11357K(11776K)->18577K(266240K)
[9.204s][info ][gc,heap        ] GC(13) ParOldGen: 181097K(273920K)->181105K(273920K)
[9.204s][info ][gc,metaspace   ] GC(13) Metaspace: 58940K(59648K)->58940K(59648K) NonClass: 50145K(50496K)->50145K(50496K) Class: 8794K(9152K)->8794K(9152K)
[9.204s][info ][gc             ] GC(13) Pause Young (Allocation Failure) 1720M->195M(2057M) 10.550ms
[9.204s][info ][gc,cpu         ] GC(13) User=0.05s Sys=0.00s Real=0.01s
[9.204s][info ][safepoint      ] Safepoint "ParallelGCFailedAllocation", Time since last: 757816 ns, Reaching safepoint: 102002 ns, At safepoint: 10652728 ns, Total: 10754730 ns
[9.525s][info ][gc,start       ] GC(14) Pause Young (Allocation Failure)
[9.536s][debug][gc,phases      ] GC(14) Scavenge 11.355ms
[9.536s][debug][gc,ref         ] GC(14) Skipped phase 1 of Reference Processing: no references
[9.537s][debug][gc,ref         ] GC(14) ReferenceProcessor::execute queues: 1, RefProcThreadModel::Single, marks_oops_alive: false
[9.537s][debug][gc,ref         ] GC(14) Skipped phase 3 of Reference Processing: no references
[9.537s][debug][gc,ref         ] GC(14) ReferenceProcessor::execute queues: 1, RefProcThreadModel::Single, marks_oops_alive: false
[9.537s][debug][gc,phases      ] GC(14) Reference Processing 0.319ms
[9.537s][debug][gc,phases      ] GC(14)   VM Weak                        Min:  0.0, Avg:  0.0, Max:  0.0, Diff:  0.0, Sum:  0.0, Workers: 4
[9.537s][debug][gc,phases      ] GC(14)     Dead                           Min: 0, Avg:  0.0, Max: 0, Diff: 0, Sum: 0, Workers: 4
[9.537s][debug][gc,phases      ] GC(14)     Total                          Min: 0, Avg: 132.2, Max: 401, Diff: 401, Sum: 529, Workers: 4
[9.537s][debug][gc,phases      ] GC(14)   ObjectSynchronizer Weak        Min:  0.0, Avg:  0.0, Max:  0.0, Diff:  0.0, Sum:  0.0, Workers: 4
[9.537s][debug][gc,phases      ] GC(14)     Dead                           Min: 0, Avg:  0.0, Max: 0, Diff: 0, Sum: 0, Workers: 4
[9.537s][debug][gc,phases      ] GC(14)     Total                          Min: 0, Avg: 72.5, Max: 128, Diff: 128, Sum: 290, Workers: 4
[9.537s][debug][gc,phases      ] GC(14)   JVMTI Tag Weak OopStorage      Min:  0.0, Avg:  0.0, Max:  0.0, Diff:  0.0, Sum:  0.0, Workers: 4
[9.537s][debug][gc,phases      ] GC(14)     Dead                           Min: 0, Avg:  0.0, Max: 0, Diff: 0, Sum: 0, Workers: 4
[9.537s][debug][gc,phases      ] GC(14)     Total                          Min: 0, Avg:  0.0, Max: 0, Diff: 0, Sum: 0, Workers: 4
[9.537s][debug][gc,phases      ] GC(14)   StringTable Weak               Min:  0.1, Avg:  0.1, Max:  0.1, Diff:  0.0, Sum:  0.4, Workers: 4
[9.537s][debug][gc,phases      ] GC(14)     Dead                           Min: 0, Avg:  3.0, Max: 12, Diff: 12, Sum: 12, Workers: 4
[9.537s][debug][gc,phases      ] GC(14)     Total                          Min: 8896, Avg: 9992.2, Max: 11053, Diff: 2157, Sum: 39969, Workers: 4
[9.537s][debug][gc,phases      ] GC(14)   ResolvedMethodTable Weak       Min:  0.0, Avg:  0.0, Max:  0.0, Diff:  0.0, Sum:  0.1, Workers: 4
[9.537s][debug][gc,phases      ] GC(14)     Dead                           Min: 0, Avg:  0.0, Max: 0, Diff: 0, Sum: 0, Workers: 4
[9.537s][debug][gc,phases      ] GC(14)     Total                          Min: 1344, Avg: 1536.2, Max: 1665, Diff: 321, Sum: 6145, Workers: 4
[9.537s][debug][gc,phases      ] GC(14)   JNI Weak                       Min:  0.0, Avg:  0.0, Max:  0.0, Diff:  0.0, Sum:  0.0, Workers: 4
[9.537s][debug][gc,phases      ] GC(14)     Dead                           Min: 0, Avg:  0.0, Max: 0, Diff: 0, Sum: 0, Workers: 4
[9.537s][debug][gc,phases      ] GC(14)     Total                          Min: 0, Avg:  0.8, Max: 3, Diff: 3, Sum: 3, Workers: 4
[9.537s][debug][gc,phases      ] GC(14)   StringDedup Table Weak         Min:  0.0, Avg:  0.0, Max:  0.0, Diff:  0.0, Sum:  0.0, Workers: 4
[9.537s][debug][gc,phases      ] GC(14)     Dead                           Min: 0, Avg:  0.0, Max: 0, Diff: 0, Sum: 0, Workers: 4
[9.537s][debug][gc,phases      ] GC(14)     Total                          Min: 0, Avg:  0.0, Max: 0, Diff: 0, Sum: 0, Workers: 4
[9.537s][debug][gc,phases      ] GC(14)   StringDedup Requests0 Weak     Min:  0.0, Avg:  0.0, Max:  0.0, Diff:  0.0, Sum:  0.0, Workers: 4
[9.537s][debug][gc,phases      ] GC(14)     Dead                           Min: 0, Avg:  0.0, Max: 0, Diff: 0, Sum: 0, Workers: 4
[9.537s][debug][gc,phases      ] GC(14)     Total                          Min: 0, Avg:  0.0, Max: 0, Diff: 0, Sum: 0, Workers: 4
[9.537s][debug][gc,phases      ] GC(14)   StringDedup Requests1 Weak     Min:  0.0, Avg:  0.0, Max:  0.0, Diff:  0.0, Sum:  0.0, Workers: 4
[9.537s][debug][gc,phases      ] GC(14)     Dead                           Min: 0, Avg:  0.0, Max: 0, Diff: 0, Sum: 0, Workers: 4
[9.537s][debug][gc,phases      ] GC(14)     Total                          Min: 0, Avg:  0.0, Max: 0, Diff: 0, Sum: 0, Workers: 4
[9.537s][debug][gc,phases      ] GC(14)   Weak JFR Old Object Samples    Min:  0.0, Avg:  0.0, Max:  0.0, Diff:  0.0, Sum:  0.0, Workers: 4
[9.537s][debug][gc,phases      ] GC(14)     Dead                           Min: 0, Avg:  0.0, Max: 0, Diff: 0, Sum: 0, Workers: 4
[9.537s][debug][gc,phases      ] GC(14)     Total                          Min: 0, Avg:  0.0, Max: 0, Diff: 0, Sum: 0, Workers: 4
[9.537s][debug][gc,phases      ] GC(14) Weak Processing 0.380ms
[9.537s][debug][gc,age         ] GC(14) Desired survivor size 265814016 bytes, new threshold 8 (max threshold 15)
[9.537s][info ][gc,heap        ] GC(14) PSYoungGen: 1585297K(1832960K)->22641K(1830912K) Eden: 1566720K(1566720K)->0K(1566720K) From: 18577K(266240K)->22641K(264192K)
[9.537s][info ][gc,heap        ] GC(14) ParOldGen: 181105K(273920K)->181113K(273920K)
[9.537s][info ][gc,metaspace   ] GC(14) Metaspace: 59025K(59776K)->59025K(59776K) NonClass: 50230K(50624K)->50230K(50624K) Class: 8795K(9152K)->8795K(9152K)
[9.537s][info ][gc             ] GC(14) Pause Young (Allocation Failure) 1725M->198M(2055M) 12.209ms
[9.537s][info ][gc,cpu         ] GC(14) User=0.05s Sys=0.00s Real=0.02s
[9.537s][info ][safepoint      ] Safepoint "ParallelGCFailedAllocation", Time since last: 320955675 ns, Reaching safepoint: 219804 ns, At safepoint: 12331564 ns, Total: 12551368 ns
[9.957s][info ][gc,start       ] GC(15) Pause Young (Allocation Failure)
[9.970s][debug][gc,phases      ] GC(15) Scavenge 13.279ms
[9.970s][debug][gc,ref         ] GC(15) Skipped phase 1 of Reference Processing: no references
[9.971s][debug][gc,ref         ] GC(15) ReferenceProcessor::execute queues: 1, RefProcThreadModel::Single, marks_oops_alive: false
[9.971s][debug][gc,ref         ] GC(15) Skipped phase 3 of Reference Processing: no references
[9.971s][debug][gc,ref         ] GC(15) ReferenceProcessor::execute queues: 1, RefProcThreadModel::Single, marks_oops_alive: false
[9.971s][debug][gc,phases      ] GC(15) Reference Processing 0.140ms
[9.971s][debug][gc,phases      ] GC(15)   VM Weak                        Min:  0.0, Avg:  0.0, Max:  0.0, Diff:  0.0, Sum:  0.0, Workers: 4
[9.971s][debug][gc,phases      ] GC(15)     Dead                           Min: 0, Avg:  0.0, Max: 0, Diff: 0, Sum: 0, Workers: 4
[9.971s][debug][gc,phases      ] GC(15)     Total                          Min: 0, Avg: 132.2, Max: 401, Diff: 401, Sum: 529, Workers: 4
[9.971s][debug][gc,phases      ] GC(15)   ObjectSynchronizer Weak        Min:  0.0, Avg:  0.0, Max:  0.0, Diff:  0.0, Sum:  0.0, Workers: 4
[9.971s][debug][gc,phases      ] GC(15)     Dead                           Min: 0, Avg:  0.0, Max: 0, Diff: 0, Sum: 0, Workers: 4
[9.971s][debug][gc,phases      ] GC(15)     Total                          Min: 0, Avg: 74.8, Max: 171, Diff: 171, Sum: 299, Workers: 4
[9.971s][debug][gc,phases      ] GC(15)   JVMTI Tag Weak OopStorage      Min:  0.0, Avg:  0.0, Max:  0.0, Diff:  0.0, Sum:  0.0, Workers: 4
[9.971s][debug][gc,phases      ] GC(15)     Dead                           Min: 0, Avg:  0.0, Max: 0, Diff: 0, Sum: 0, Workers: 4
[9.971s][debug][gc,phases      ] GC(15)     Total                          Min: 0, Avg:  0.0, Max: 0, Diff: 0, Sum: 0, Workers: 4
[9.971s][debug][gc,phases      ] GC(15)   StringTable Weak               Min:  0.1, Avg:  0.1, Max:  0.1, Diff:  0.0, Sum:  0.4, Workers: 4
[9.971s][debug][gc,phases      ] GC(15)     Dead                           Min: 0, Avg:  3.0, Max: 12, Diff: 12, Sum: 12, Workers: 4
[9.971s][debug][gc,phases      ] GC(15)     Total                          Min: 9344, Avg: 10009.0, Max: 10368, Diff: 1024, Sum: 40036, Workers: 4
[9.971s][debug][gc,phases      ] GC(15)   ResolvedMethodTable Weak       Min:  0.0, Avg:  0.0, Max:  0.0, Diff:  0.0, Sum:  0.1, Workers: 4
[9.971s][debug][gc,phases      ] GC(15)     Dead                           Min: 0, Avg:  0.0, Max: 0, Diff: 0, Sum: 0, Workers: 4
[9.971s][debug][gc,phases      ] GC(15)     Total                          Min: 1344, Avg: 1536.2, Max: 1728, Diff: 384, Sum: 6145, Workers: 4
[9.971s][debug][gc,phases      ] GC(15)   JNI Weak                       Min:  0.0, Avg:  0.0, Max:  0.0, Diff:  0.0, Sum:  0.0, Workers: 4
[9.971s][debug][gc,phases      ] GC(15)     Dead                           Min: 0, Avg:  0.0, Max: 0, Diff: 0, Sum: 0, Workers: 4
[9.971s][debug][gc,phases      ] GC(15)     Total                          Min: 0, Avg:  1.0, Max: 4, Diff: 4, Sum: 4, Workers: 4
[9.971s][debug][gc,phases      ] GC(15)   StringDedup Table Weak         Min:  0.0, Avg:  0.0, Max:  0.0, Diff:  0.0, Sum:  0.0, Workers: 4
[9.971s][debug][gc,phases      ] GC(15)     Dead                           Min: 0, Avg:  0.0, Max: 0, Diff: 0, Sum: 0, Workers: 4
[9.971s][debug][gc,phases      ] GC(15)     Total                          Min: 0, Avg:  0.0, Max: 0, Diff: 0, Sum: 0, Workers: 4
[9.971s][debug][gc,phases      ] GC(15)   StringDedup Requests0 Weak     Min:  0.0, Avg:  0.0, Max:  0.0, Diff:  0.0, Sum:  0.0, Workers: 4
[9.971s][debug][gc,phases      ] GC(15)     Dead                           Min: 0, Avg:  0.0, Max: 0, Diff: 0, Sum: 0, Workers: 4
[9.971s][debug][gc,phases      ] GC(15)     Total                          Min: 0, Avg:  0.0, Max: 0, Diff: 0, Sum: 0, Workers: 4
[9.971s][debug][gc,phases      ] GC(15)   StringDedup Requests1 Weak     Min:  0.0, Avg:  0.0, Max:  0.0, Diff:  0.0, Sum:  0.0, Workers: 4
[9.971s][debug][gc,phases      ] GC(15)     Dead                           Min: 0, Avg:  0.0, Max: 0, Diff: 0, Sum: 0, Workers: 4
[9.971s][debug][gc,phases      ] GC(15)     Total                          Min: 0, Avg:  0.0, Max: 0, Diff: 0, Sum: 0, Workers: 4
[9.971s][debug][gc,phases      ] GC(15)   Weak JFR Old Object Samples    Min:  0.0, Avg:  0.0, Max:  0.0, Diff:  0.0, Sum:  0.0, Workers: 4
[9.971s][debug][gc,phases      ] GC(15)     Dead                           Min: 0, Avg:  0.0, Max: 0, Diff: 0, Sum: 0, Workers: 4
[9.971s][debug][gc,phases      ] GC(15)     Total                          Min: 0, Avg:  0.0, Max: 0, Diff: 0, Sum: 0, Workers: 4
[9.971s][debug][gc,phases      ] GC(15) Weak Processing 0.318ms
[9.971s][debug][gc,age         ] GC(15) Desired survivor size 258473984 bytes, new threshold 9 (max threshold 15)
[9.971s][info ][gc,heap        ] GC(15) PSYoungGen: 1589361K(1830912K)->30137K(1844736K) Eden: 1566720K(1566720K)->0K(1585152K) From: 22641K(264192K)->30137K(259584K)
[9.971s][info ][gc,heap        ] GC(15) ParOldGen: 181113K(273920K)->181121K(273920K)
[9.971s][info ][gc,metaspace   ] GC(15) Metaspace: 59035K(59776K)->59035K(59776K) NonClass: 50240K(50624K)->50240K(50624K) Class: 8795K(9152K)->8795K(9152K)
[9.971s][info ][gc             ] GC(15) Pause Young (Allocation Failure) 1728M->206M(2069M) 13.873ms
[9.971s][info ][gc,cpu         ] GC(15) User=0.05s Sys=0.01s Real=0.01s
[9.971s][info ][safepoint      ] Safepoint "ParallelGCFailedAllocation", Time since last: 415234594 ns, Reaching safepoint: 4524097 ns, At safepoint: 14005900 ns, Total: 18529997 ns
[10.355s][info ][gc,start       ] GC(16) Pause Young (Allocation Failure)
[10.370s][debug][gc,phases      ] GC(16) Scavenge 14.407ms
[10.370s][debug][gc,ref         ] GC(16) Skipped phase 1 of Reference Processing: no references
[10.370s][debug][gc,ref         ] GC(16) ReferenceProcessor::execute queues: 1, RefProcThreadModel::Single, marks_oops_alive: false
[10.370s][debug][gc,ref         ] GC(16) Skipped phase 3 of Reference Processing: no references
[10.370s][debug][gc,ref         ] GC(16) ReferenceProcessor::execute queues: 1, RefProcThreadModel::Single, marks_oops_alive: false
[10.370s][debug][gc,phases      ] GC(16) Reference Processing 0.161ms
[10.370s][debug][gc,phases      ] GC(16)   VM Weak                        Min:  0.0, Avg:  0.0, Max:  0.0, Diff:  0.0, Sum:  0.0, Workers: 4
[10.370s][debug][gc,phases      ] GC(16)     Dead                           Min: 0, Avg:  0.0, Max: 0, Diff: 0, Sum: 0, Workers: 4
[10.370s][debug][gc,phases      ] GC(16)     Total                          Min: 0, Avg: 133.0, Max: 468, Diff: 468, Sum: 532, Workers: 4
[10.370s][debug][gc,phases      ] GC(16)   ObjectSynchronizer Weak        Min:  0.0, Avg:  0.0, Max:  0.0, Diff:  0.0, Sum:  0.0, Workers: 4
[10.370s][debug][gc,phases      ] GC(16)     Dead                           Min: 0, Avg:  0.0, Max: 0, Diff: 0, Sum: 0, Workers: 4
[10.370s][debug][gc,phases      ] GC(16)     Total                          Min: 0, Avg: 74.8, Max: 171, Diff: 171, Sum: 299, Workers: 4
[10.370s][debug][gc,phases      ] GC(16)   JVMTI Tag Weak OopStorage      Min:  0.0, Avg:  0.0, Max:  0.0, Diff:  0.0, Sum:  0.0, Workers: 4
[10.370s][debug][gc,phases      ] GC(16)     Dead                           Min: 0, Avg:  0.0, Max: 0, Diff: 0, Sum: 0, Workers: 4
[10.370s][debug][gc,phases      ] GC(16)     Total                          Min: 0, Avg:  0.0, Max: 0, Diff: 0, Sum: 0, Workers: 4
[10.370s][debug][gc,phases      ] GC(16)   StringTable Weak               Min:  0.1, Avg:  0.1, Max:  0.1, Diff:  0.0, Sum:  0.5, Workers: 4
[10.370s][debug][gc,phases      ] GC(16)     Dead                           Min: 0, Avg:  1.0, Max: 2, Diff: 2, Sum: 4, Workers: 4
[10.370s][debug][gc,phases      ] GC(16)     Total                          Min: 8768, Avg: 10086.2, Max: 11456, Diff: 2688, Sum: 40345, Workers: 4
[10.370s][debug][gc,phases      ] GC(16)   ResolvedMethodTable Weak       Min:  0.0, Avg:  0.0, Max:  0.0, Diff:  0.0, Sum:  0.1, Workers: 4
[10.370s][debug][gc,phases      ] GC(16)     Dead                           Min: 1, Avg: 13.5, Max: 31, Diff: 30, Sum: 54, Workers: 4
[10.370s][debug][gc,phases      ] GC(16)     Total                          Min: 1344, Avg: 1575.8, Max: 1727, Diff: 383, Sum: 6303, Workers: 4
[10.370s][debug][gc,phases      ] GC(16)   JNI Weak                       Min:  0.0, Avg:  0.0, Max:  0.0, Diff:  0.0, Sum:  0.0, Workers: 4
[10.370s][debug][gc,phases      ] GC(16)     Dead                           Min: 0, Avg:  0.0, Max: 0, Diff: 0, Sum: 0, Workers: 4
[10.370s][debug][gc,phases      ] GC(16)     Total                          Min: 0, Avg:  3.0, Max: 12, Diff: 12, Sum: 12, Workers: 4
[10.370s][debug][gc,phases      ] GC(16)   StringDedup Table Weak         Min:  0.0, Avg:  0.0, Max:  0.0, Diff:  0.0, Sum:  0.0, Workers: 4
[10.370s][debug][gc,phases      ] GC(16)     Dead                           Min: 0, Avg:  0.0, Max: 0, Diff: 0, Sum: 0, Workers: 4
[10.370s][debug][gc,phases      ] GC(16)     Total                          Min: 0, Avg:  0.0, Max: 0, Diff: 0, Sum: 0, Workers: 4
[10.370s][debug][gc,phases      ] GC(16)   StringDedup Requests0 Weak     Min:  0.0, Avg:  0.0, Max:  0.0, Diff:  0.0, Sum:  0.0, Workers: 4
[10.370s][debug][gc,phases      ] GC(16)     Dead                           Min: 0, Avg:  0.0, Max: 0, Diff: 0, Sum: 0, Workers: 4
[10.370s][debug][gc,phases      ] GC(16)     Total                          Min: 0, Avg:  0.0, Max: 0, Diff: 0, Sum: 0, Workers: 4
[10.370s][debug][gc,phases      ] GC(16)   StringDedup Requests1 Weak     Min:  0.0, Avg:  0.0, Max:  0.0, Diff:  0.0, Sum:  0.0, Workers: 4
[10.370s][debug][gc,phases      ] GC(16)     Dead                           Min: 0, Avg:  0.0, Max: 0, Diff: 0, Sum: 0, Workers: 4
[10.370s][debug][gc,phases      ] GC(16)     Total                          Min: 0, Avg:  0.0, Max: 0, Diff: 0, Sum: 0, Workers: 4
[10.370s][debug][gc,phases      ] GC(16)   Weak JFR Old Object Samples    Min:  0.0, Avg:  0.0, Max:  0.0, Diff:  0.0, Sum:  0.0, Workers: 4
[10.370s][debug][gc,phases      ] GC(16)     Dead                           Min: 0, Avg:  0.0, Max: 0, Diff: 0, Sum: 0, Workers: 4
[10.370s][debug][gc,phases      ] GC(16)     Total                          Min: 0, Avg:  0.0, Max: 0, Diff: 0, Sum: 0, Workers: 4
[10.370s][debug][gc,phases      ] GC(16) Weak Processing 0.345ms
[10.370s][debug][gc,age         ] GC(16) Desired survivor size 249561088 bytes, new threshold 10 (max threshold 15)
[10.370s][info ][gc,heap        ] GC(16) PSYoungGen: 1615289K(1844736K)->31001K(1837568K) Eden: 1585152K(1585152K)->0K(1585152K) From: 30137K(259584K)->31001K(252416K)
[10.370s][info ][gc,heap        ] GC(16) ParOldGen: 181121K(273920K)->181129K(273920K)
[10.370s][info ][gc,metaspace   ] GC(16) Metaspace: 59965K(60736K)->59965K(60736K) NonClass: 51047K(51456K)->51047K(51456K) Class: 8917K(9280K)->8917K(9280K)
[10.370s][info ][gc             ] GC(16) Pause Young (Allocation Failure) 1754M->207M(2062M) 15.053ms
[10.370s][info ][gc,cpu         ] GC(16) User=0.06s Sys=0.00s Real=0.02s
[10.370s][info ][safepoint      ] Safepoint "ParallelGCFailedAllocation", Time since last: 383544715 ns, Reaching safepoint: 623213 ns, At safepoint: 15156925 ns, Total: 15780138 ns
[10.690s][info ][gc,start       ] GC(17) Pause Young (Allocation Failure)
[10.702s][debug][gc,phases      ] GC(17) Scavenge 11.746ms
[10.702s][debug][gc,ref         ] GC(17) Skipped phase 1 of Reference Processing: no references
[10.702s][debug][gc,ref         ] GC(17) ReferenceProcessor::execute queues: 1, RefProcThreadModel::Single, marks_oops_alive: false
[10.702s][debug][gc,ref         ] GC(17) Skipped phase 3 of Reference Processing: no references
[10.702s][debug][gc,ref         ] GC(17) ReferenceProcessor::execute queues: 1, RefProcThreadModel::Single, marks_oops_alive: false
[10.702s][debug][gc,phases      ] GC(17) Reference Processing 0.164ms
[10.702s][debug][gc,phases      ] GC(17)   VM Weak                        Min:  0.0, Avg:  0.0, Max:  0.0, Diff:  0.0, Sum:  0.0, Workers: 4
[10.702s][debug][gc,phases      ] GC(17)     Dead                           Min: 0, Avg:  0.0, Max: 0, Diff: 0, Sum: 0, Workers: 4
[10.702s][debug][gc,phases      ] GC(17)     Total                          Min: 0, Avg: 136.2, Max: 256, Diff: 256, Sum: 545, Workers: 4
[10.702s][debug][gc,phases      ] GC(17)   ObjectSynchronizer Weak        Min:  0.0, Avg:  0.0, Max:  0.0, Diff:  0.0, Sum:  0.0, Workers: 4
[10.702s][debug][gc,phases      ] GC(17)     Dead                           Min: 0, Avg:  0.0, Max: 0, Diff: 0, Sum: 0, Workers: 4
[10.702s][debug][gc,phases      ] GC(17)     Total                          Min: 0, Avg: 74.8, Max: 171, Diff: 171, Sum: 299, Workers: 4
[10.702s][debug][gc,phases      ] GC(17)   JVMTI Tag Weak OopStorage      Min:  0.0, Avg:  0.0, Max:  0.0, Diff:  0.0, Sum:  0.0, Workers: 4
[10.702s][debug][gc,phases      ] GC(17)     Dead                           Min: 0, Avg:  0.0, Max: 0, Diff: 0, Sum: 0, Workers: 4
[10.702s][debug][gc,phases      ] GC(17)     Total                          Min: 0, Avg:  0.0, Max: 0, Diff: 0, Sum: 0, Workers: 4
[10.702s][debug][gc,phases      ] GC(17)   StringTable Weak               Min:  0.1, Avg:  0.1, Max:  0.1, Diff:  0.0, Sum:  0.5, Workers: 4
[10.702s][debug][gc,phases      ] GC(17)     Dead                           Min: 0, Avg:  3.8, Max: 13, Diff: 13, Sum: 15, Workers: 4
[10.702s][debug][gc,phases      ] GC(17)     Total                          Min: 9260, Avg: 10155.0, Max: 10688, Diff: 1428, Sum: 40620, Workers: 4
[10.702s][debug][gc,phases      ] GC(17)   ResolvedMethodTable Weak       Min:  0.0, Avg:  0.0, Max:  0.0, Diff:  0.0, Sum:  0.1, Workers: 4
[10.702s][debug][gc,phases      ] GC(17)     Dead                           Min: 0, Avg:  4.0, Max: 9, Diff: 9, Sum: 16, Workers: 4
[10.702s][debug][gc,phases      ] GC(17)     Total                          Min: 1536, Avg: 1603.5, Max: 1664, Diff: 128, Sum: 6414, Workers: 4
[10.702s][debug][gc,phases      ] GC(17)   JNI Weak                       Min:  0.0, Avg:  0.0, Max:  0.0, Diff:  0.0, Sum:  0.0, Workers: 4
[10.702s][debug][gc,phases      ] GC(17)     Dead                           Min: 0, Avg:  0.0, Max: 0, Diff: 0, Sum: 0, Workers: 4
[10.702s][debug][gc,phases      ] GC(17)     Total                          Min: 0, Avg:  0.2, Max: 1, Diff: 1, Sum: 1, Workers: 4
[10.702s][debug][gc,phases      ] GC(17)   StringDedup Table Weak         Min:  0.0, Avg:  0.0, Max:  0.0, Diff:  0.0, Sum:  0.0, Workers: 4
[10.702s][debug][gc,phases      ] GC(17)     Dead                           Min: 0, Avg:  0.0, Max: 0, Diff: 0, Sum: 0, Workers: 4
[10.702s][debug][gc,phases      ] GC(17)     Total                          Min: 0, Avg:  0.0, Max: 0, Diff: 0, Sum: 0, Workers: 4
[10.702s][debug][gc,phases      ] GC(17)   StringDedup Requests0 Weak     Min:  0.0, Avg:  0.0, Max:  0.0, Diff:  0.0, Sum:  0.0, Workers: 4
[10.702s][debug][gc,phases      ] GC(17)     Dead                           Min: 0, Avg:  0.0, Max: 0, Diff: 0, Sum: 0, Workers: 4
[10.702s][debug][gc,phases      ] GC(17)     Total                          Min: 0, Avg:  0.0, Max: 0, Diff: 0, Sum: 0, Workers: 4
[10.702s][debug][gc,phases      ] GC(17)   StringDedup Requests1 Weak     Min:  0.0, Avg:  0.0, Max:  0.0, Diff:  0.0, Sum:  0.0, Workers: 4
[10.702s][debug][gc,phases      ] GC(17)     Dead                           Min: 0, Avg:  0.0, Max: 0, Diff: 0, Sum: 0, Workers: 4
[10.702s][debug][gc,phases      ] GC(17)     Total                          Min: 0, Avg:  0.0, Max: 0, Diff: 0, Sum: 0, Workers: 4
[10.702s][debug][gc,phases      ] GC(17)   Weak JFR Old Object Samples    Min:  0.0, Avg:  0.0, Max:  0.0, Diff:  0.0, Sum:  0.0, Workers: 4
[10.702s][debug][gc,phases      ] GC(17)     Dead                           Min: 0, Avg:  0.0, Max: 0, Diff: 0, Sum: 0, Workers: 4
[10.702s][debug][gc,phases      ] GC(17)     Total                          Min: 0, Avg:  0.0, Max: 0, Diff: 0, Sum: 0, Workers: 4
[10.702s][debug][gc,phases      ] GC(17) Weak Processing 0.322ms
[10.702s][debug][gc,age         ] GC(17) Desired survivor size 241696768 bytes, new threshold 11 (max threshold 15)
[10.702s][info ][gc,heap        ] GC(17) PSYoungGen: 1616153K(1837568K)->24345K(1861120K) Eden: 1585152K(1585152K)->0K(1617408K) From: 31001K(252416K)->24345K(243712K)
[10.702s][info ][gc,heap        ] GC(17) ParOldGen: 181129K(273920K)->181137K(273920K)
[10.702s][info ][gc,metaspace   ] GC(17) Metaspace: 60839K(61568K)->60839K(61568K) NonClass: 51791K(52160K)->51791K(52160K) Class: 9048K(9408K)->9048K(9408K)
[10.702s][info ][gc             ] GC(17) Pause Young (Allocation Failure) 1755M->200M(2085M) 12.385ms
[10.702s][info ][gc,cpu         ] GC(17) User=0.05s Sys=0.00s Real=0.01s
[10.702s][info ][safepoint      ] Safepoint "ParallelGCFailedAllocation", Time since last: 319349140 ns, Reaching safepoint: 262105 ns, At safepoint: 12489868 ns, Total: 12751973 ns
[11.062s][info ][safepoint      ] Safepoint "ICBufferFull", Time since last: 359293495 ns, Reaching safepoint: 246406 ns, At safepoint: 25200 ns, Total: 271606 ns
[11.095s][info ][gc,start       ] GC(18) Pause Young (Allocation Failure)
[11.106s][debug][gc,phases      ] GC(18) Scavenge 11.057ms
[11.106s][debug][gc,ref         ] GC(18) Skipped phase 1 of Reference Processing: no references
[11.106s][debug][gc,ref         ] GC(18) ReferenceProcessor::execute queues: 2, RefProcThreadModel::Multi, marks_oops_alive: false
[11.106s][debug][gc,ref         ] GC(18) Skipped phase 3 of Reference Processing: no references
[11.106s][debug][gc,ref         ] GC(18) ReferenceProcessor::execute queues: 1, RefProcThreadModel::Single, marks_oops_alive: false
[11.106s][debug][gc,phases      ] GC(18) Reference Processing 0.183ms
[11.106s][debug][gc,phases      ] GC(18)   VM Weak                        Min:  0.0, Avg:  0.0, Max:  0.0, Diff:  0.0, Sum:  0.0, Workers: 4
[11.106s][debug][gc,phases      ] GC(18)     Dead                           Min: 0, Avg:  0.0, Max: 0, Diff: 0, Sum: 0, Workers: 4
[11.106s][debug][gc,phases      ] GC(18)     Total                          Min: 0, Avg: 137.2, Max: 448, Diff: 448, Sum: 549, Workers: 4
[11.106s][debug][gc,phases      ] GC(18)   ObjectSynchronizer Weak        Min:  0.0, Avg:  0.0, Max:  0.0, Diff:  0.0, Sum:  0.0, Workers: 4
[11.106s][debug][gc,phases      ] GC(18)     Dead                           Min: 0, Avg:  0.0, Max: 0, Diff: 0, Sum: 0, Workers: 4
[11.106s][debug][gc,phases      ] GC(18)     Total                          Min: 0, Avg: 74.8, Max: 128, Diff: 128, Sum: 299, Workers: 4
[11.106s][debug][gc,phases      ] GC(18)   JVMTI Tag Weak OopStorage      Min:  0.0, Avg:  0.0, Max:  0.0, Diff:  0.0, Sum:  0.0, Workers: 4
[11.106s][debug][gc,phases      ] GC(18)     Dead                           Min: 0, Avg:  0.0, Max: 0, Diff: 0, Sum: 0, Workers: 4
[11.106s][debug][gc,phases      ] GC(18)     Total                          Min: 0, Avg:  0.0, Max: 0, Diff: 0, Sum: 0, Workers: 4
[11.106s][debug][gc,phases      ] GC(18)   StringTable Weak               Min:  0.1, Avg:  0.1, Max:  0.1, Diff:  0.0, Sum:  0.4, Workers: 4
[11.106s][debug][gc,phases      ] GC(18)     Dead                           Min: 0, Avg:  2.8, Max: 11, Diff: 11, Sum: 11, Workers: 4
[11.106s][debug][gc,phases      ] GC(18)     Total                          Min: 8832, Avg: 10160.8, Max: 11072, Diff: 2240, Sum: 40643, Workers: 4
[11.106s][debug][gc,phases      ] GC(18)   ResolvedMethodTable Weak       Min:  0.0, Avg:  0.0, Max:  0.0, Diff:  0.0, Sum:  0.1, Workers: 4
[11.106s][debug][gc,phases      ] GC(18)     Dead                           Min: 0, Avg:  0.0, Max: 0, Diff: 0, Sum: 0, Workers: 4
[11.106s][debug][gc,phases      ] GC(18)     Total                          Min: 1344, Avg: 1606.0, Max: 1816, Diff: 472, Sum: 6424, Workers: 4
[11.106s][debug][gc,phases      ] GC(18)   JNI Weak                       Min:  0.0, Avg:  0.0, Max:  0.0, Diff:  0.0, Sum:  0.0, Workers: 4
[11.106s][debug][gc,phases      ] GC(18)     Dead                           Min: 0, Avg:  0.0, Max: 0, Diff: 0, Sum: 0, Workers: 4
[11.106s][debug][gc,phases      ] GC(18)     Total                          Min: 0, Avg:  6.5, Max: 26, Diff: 26, Sum: 26, Workers: 4
[11.106s][debug][gc,phases      ] GC(18)   StringDedup Table Weak         Min:  0.0, Avg:  0.0, Max:  0.0, Diff:  0.0, Sum:  0.0, Workers: 4
[11.106s][debug][gc,phases      ] GC(18)     Dead                           Min: 0, Avg:  0.0, Max: 0, Diff: 0, Sum: 0, Workers: 4
[11.106s][debug][gc,phases      ] GC(18)     Total                          Min: 0, Avg:  0.0, Max: 0, Diff: 0, Sum: 0, Workers: 4
[11.106s][debug][gc,phases      ] GC(18)   StringDedup Requests0 Weak     Min:  0.0, Avg:  0.0, Max:  0.0, Diff:  0.0, Sum:  0.0, Workers: 4
[11.106s][debug][gc,phases      ] GC(18)     Dead                           Min: 0, Avg:  0.0, Max: 0, Diff: 0, Sum: 0, Workers: 4
[11.106s][debug][gc,phases      ] GC(18)     Total                          Min: 0, Avg:  0.0, Max: 0, Diff: 0, Sum: 0, Workers: 4
[11.106s][debug][gc,phases      ] GC(18)   StringDedup Requests1 Weak     Min:  0.0, Avg:  0.0, Max:  0.0, Diff:  0.0, Sum:  0.0, Workers: 4
[11.106s][debug][gc,phases      ] GC(18)     Dead                           Min: 0, Avg:  0.0, Max: 0, Diff: 0, Sum: 0, Workers: 4
[11.106s][debug][gc,phases      ] GC(18)     Total                          Min: 0, Avg:  0.0, Max: 0, Diff: 0, Sum: 0, Workers: 4
[11.106s][debug][gc,phases      ] GC(18)   Weak JFR Old Object Samples    Min:  0.0, Avg:  0.0, Max:  0.0, Diff:  0.0, Sum:  0.0, Workers: 4
[11.106s][debug][gc,phases      ] GC(18)     Dead                           Min: 0, Avg:  0.0, Max: 0, Diff: 0, Sum: 0, Workers: 4
[11.106s][debug][gc,phases      ] GC(18)     Total                          Min: 0, Avg:  0.0, Max: 0, Diff: 0, Sum: 0, Workers: 4
[11.106s][debug][gc,phases      ] GC(18) Weak Processing 0.319ms
[11.106s][debug][gc,age         ] GC(18) Desired survivor size 233308160 bytes, new threshold 12 (max threshold 15)
[11.106s][info ][gc,heap        ] GC(18) PSYoungGen: 1641753K(1861120K)->24841K(1853440K) Eden: 1617408K(1617408K)->0K(1617408K) From: 24345K(243712K)->24841K(236032K)
[11.106s][info ][gc,heap        ] GC(18) ParOldGen: 181137K(273920K)->181145K(273920K)
[11.106s][info ][gc,metaspace   ] GC(18) Metaspace: 61009K(61760K)->61009K(61760K) NonClass: 51956K(52352K)->51956K(52352K) Class: 9053K(9408K)->9053K(9408K)
[11.106s][info ][gc             ] GC(18) Pause Young (Allocation Failure) 1780M->201M(2077M) 11.693ms
[11.106s][info ][gc,cpu         ] GC(18) User=0.04s Sys=0.00s Real=0.01s
[11.106s][info ][safepoint      ] Safepoint "ParallelGCFailedAllocation", Time since last: 32350393 ns, Reaching safepoint: 105702 ns, At safepoint: 11801153 ns, Total: 11906855 ns
[11.492s][info ][gc,start       ] GC(19) Pause Young (Allocation Failure)
[11.505s][debug][gc,phases      ] GC(19) Scavenge 13.099ms
[11.505s][debug][gc,ref         ] GC(19) Skipped phase 1 of Reference Processing: no references
[11.505s][debug][gc,ref         ] GC(19) ReferenceProcessor::execute queues: 2, RefProcThreadModel::Multi, marks_oops_alive: false
[11.505s][debug][gc,ref         ] GC(19) Skipped phase 3 of Reference Processing: no references
[11.505s][debug][gc,ref         ] GC(19) ReferenceProcessor::execute queues: 1, RefProcThreadModel::Single, marks_oops_alive: false
[11.505s][debug][gc,phases      ] GC(19) Reference Processing 0.296ms
[11.506s][debug][gc,phases      ] GC(19)   VM Weak                        Min:  0.0, Avg:  0.0, Max:  0.0, Diff:  0.0, Sum:  0.0, Workers: 4
[11.506s][debug][gc,phases      ] GC(19)     Dead                           Min: 0, Avg:  0.0, Max: 0, Diff: 0, Sum: 0, Workers: 4
[11.506s][debug][gc,phases      ] GC(19)     Total                          Min: 0, Avg: 137.2, Max: 512, Diff: 512, Sum: 549, Workers: 4
[11.506s][debug][gc,phases      ] GC(19)   ObjectSynchronizer Weak        Min:  0.0, Avg:  0.0, Max:  0.0, Diff:  0.0, Sum:  0.0, Workers: 4
[11.506s][debug][gc,phases      ] GC(19)     Dead                           Min: 0, Avg:  0.0, Max: 0, Diff: 0, Sum: 0, Workers: 4
[11.506s][debug][gc,phases      ] GC(19)     Total                          Min: 0, Avg: 74.8, Max: 235, Diff: 235, Sum: 299, Workers: 4
[11.506s][debug][gc,phases      ] GC(19)   JVMTI Tag Weak OopStorage      Min:  0.0, Avg:  0.0, Max:  0.0, Diff:  0.0, Sum:  0.0, Workers: 4
[11.506s][debug][gc,phases      ] GC(19)     Dead                           Min: 0, Avg:  0.0, Max: 0, Diff: 0, Sum: 0, Workers: 4
[11.506s][debug][gc,phases      ] GC(19)     Total                          Min: 0, Avg:  0.0, Max: 0, Diff: 0, Sum: 0, Workers: 4
[11.506s][debug][gc,phases      ] GC(19)   StringTable Weak               Min:  0.1, Avg:  0.1, Max:  0.1, Diff:  0.0, Sum:  0.5, Workers: 4
[11.506s][debug][gc,phases      ] GC(19)     Dead                           Min: 0, Avg:  2.8, Max: 11, Diff: 11, Sum: 11, Workers: 4
[11.506s][debug][gc,phases      ] GC(19)     Total                          Min: 8733, Avg: 10196.5, Max: 10816, Diff: 2083, Sum: 40786, Workers: 4
[11.506s][debug][gc,phases      ] GC(19)   ResolvedMethodTable Weak       Min:  0.0, Avg:  0.0, Max:  0.0, Diff:  0.0, Sum:  0.1, Workers: 4
[11.506s][debug][gc,phases      ] GC(19)     Dead                           Min: 0, Avg:  0.0, Max: 0, Diff: 0, Sum: 0, Workers: 4
[11.506s][debug][gc,phases      ] GC(19)     Total                          Min: 1408, Avg: 1608.5, Max: 1792, Diff: 384, Sum: 6434, Workers: 4
[11.506s][debug][gc,phases      ] GC(19)   JNI Weak                       Min:  0.0, Avg:  0.0, Max:  0.0, Diff:  0.0, Sum:  0.0, Workers: 4
[11.506s][debug][gc,phases      ] GC(19)     Dead                           Min: 0, Avg:  0.0, Max: 0, Diff: 0, Sum: 0, Workers: 4
[11.506s][debug][gc,phases      ] GC(19)     Total                          Min: 0, Avg:  5.5, Max: 22, Diff: 22, Sum: 22, Workers: 4
[11.506s][debug][gc,phases      ] GC(19)   StringDedup Table Weak         Min:  0.0, Avg:  0.0, Max:  0.0, Diff:  0.0, Sum:  0.0, Workers: 4
[11.506s][debug][gc,phases      ] GC(19)     Dead                           Min: 0, Avg:  0.0, Max: 0, Diff: 0, Sum: 0, Workers: 4
[11.506s][debug][gc,phases      ] GC(19)     Total                          Min: 0, Avg:  0.0, Max: 0, Diff: 0, Sum: 0, Workers: 4
[11.506s][debug][gc,phases      ] GC(19)   StringDedup Requests0 Weak     Min:  0.0, Avg:  0.0, Max:  0.0, Diff:  0.0, Sum:  0.0, Workers: 4
[11.506s][debug][gc,phases      ] GC(19)     Dead                           Min: 0, Avg:  0.0, Max: 0, Diff: 0, Sum: 0, Workers: 4
[11.506s][debug][gc,phases      ] GC(19)     Total                          Min: 0, Avg:  0.0, Max: 0, Diff: 0, Sum: 0, Workers: 4
[11.506s][debug][gc,phases      ] GC(19)   StringDedup Requests1 Weak     Min:  0.0, Avg:  0.0, Max:  0.0, Diff:  0.0, Sum:  0.0, Workers: 4
[11.506s][debug][gc,phases      ] GC(19)     Dead                           Min: 0, Avg:  0.0, Max: 0, Diff: 0, Sum: 0, Workers: 4
[11.506s][debug][gc,phases      ] GC(19)     Total                          Min: 0, Avg:  0.0, Max: 0, Diff: 0, Sum: 0, Workers: 4
[11.506s][debug][gc,phases      ] GC(19)   Weak JFR Old Object Samples    Min:  0.0, Avg:  0.0, Max:  0.0, Diff:  0.0, Sum:  0.0, Workers: 4
[11.506s][debug][gc,phases      ] GC(19)     Dead                           Min: 0, Avg:  0.0, Max: 0, Diff: 0, Sum: 0, Workers: 4
[11.506s][debug][gc,phases      ] GC(19)     Total                          Min: 0, Avg:  0.0, Max: 0, Diff: 0, Sum: 0, Workers: 4
[11.506s][debug][gc,phases      ] GC(19) Weak Processing 0.424ms
[11.506s][debug][gc,age         ] GC(19) Desired survivor size 223870976 bytes, new threshold 13 (max threshold 15)
[11.506s][info ][gc,heap        ] GC(19) PSYoungGen: 1642249K(1853440K)->25513K(1878528K) Eden: 1617408K(1617408K)->0K(1650688K) From: 24841K(236032K)->25513K(227840K)
[11.506s][info ][gc,heap        ] GC(19) ParOldGen: 181145K(273920K)->181153K(273920K)
[11.506s][info ][gc,metaspace   ] GC(19) Metaspace: 61270K(61952K)->61270K(61952K) NonClass: 52183K(52544K)->52183K(52544K) Class: 9086K(9408K)->9086K(9408K)
[11.506s][info ][gc             ] GC(19) Pause Young (Allocation Failure) 1780M->201M(2102M) 13.974ms
[11.506s][info ][gc,cpu         ] GC(19) User=0.06s Sys=0.00s Real=0.01s
[11.506s][info ][safepoint      ] Safepoint "ParallelGCFailedAllocation", Time since last: 385465056 ns, Reaching safepoint: 210805 ns, At safepoint: 14093002 ns, Total: 14303807 ns
[11.666s][info ][safepoint      ] Safepoint "ICBufferFull", Time since last: 159260611 ns, Reaching safepoint: 279706 ns, At safepoint: 35401 ns, Total: 315107 ns
[11.876s][info ][gc,start       ] GC(20) Pause Young (Allocation Failure)
[11.892s][debug][gc,phases      ] GC(20) Scavenge 15.177ms
[11.892s][debug][gc,ref         ] GC(20) Skipped phase 1 of Reference Processing: no references
[11.892s][debug][gc,ref         ] GC(20) ReferenceProcessor::execute queues: 2, RefProcThreadModel::Multi, marks_oops_alive: false
[11.892s][debug][gc,ref         ] GC(20) Skipped phase 3 of Reference Processing: no references
[11.892s][debug][gc,ref         ] GC(20) ReferenceProcessor::execute queues: 1, RefProcThreadModel::Single, marks_oops_alive: false
[11.892s][debug][gc,phases      ] GC(20) Reference Processing 0.195ms
[11.892s][debug][gc,phases      ] GC(20)   VM Weak                        Min:  0.0, Avg:  0.0, Max:  0.0, Diff:  0.0, Sum:  0.0, Workers: 4
[11.892s][debug][gc,phases      ] GC(20)     Dead                           Min: 0, Avg:  0.0, Max: 0, Diff: 0, Sum: 0, Workers: 4
[11.892s][debug][gc,phases      ] GC(20)     Total                          Min: 0, Avg: 137.2, Max: 549, Diff: 549, Sum: 549, Workers: 4
[11.892s][debug][gc,phases      ] GC(20)   ObjectSynchronizer Weak        Min:  0.0, Avg:  0.0, Max:  0.0, Diff:  0.0, Sum:  0.0, Workers: 4
[11.892s][debug][gc,phases      ] GC(20)     Dead                           Min: 0, Avg:  0.0, Max: 0, Diff: 0, Sum: 0, Workers: 4
[11.892s][debug][gc,phases      ] GC(20)     Total                          Min: 0, Avg: 74.8, Max: 128, Diff: 128, Sum: 299, Workers: 4
[11.892s][debug][gc,phases      ] GC(20)   JVMTI Tag Weak OopStorage      Min:  0.0, Avg:  0.0, Max:  0.0, Diff:  0.0, Sum:  0.0, Workers: 4
[11.892s][debug][gc,phases      ] GC(20)     Dead                           Min: 0, Avg:  0.0, Max: 0, Diff: 0, Sum: 0, Workers: 4
[11.892s][debug][gc,phases      ] GC(20)     Total                          Min: 0, Avg:  0.0, Max: 0, Diff: 0, Sum: 0, Workers: 4
[11.892s][debug][gc,phases      ] GC(20)   StringTable Weak               Min:  0.1, Avg:  0.1, Max:  0.1, Diff:  0.0, Sum:  0.4, Workers: 4
[11.892s][debug][gc,phases      ] GC(20)     Dead                           Min: 0, Avg:  0.0, Max: 0, Diff: 0, Sum: 0, Workers: 4
[11.892s][debug][gc,phases      ] GC(20)     Total                          Min: 9472, Avg: 10200.8, Max: 11171, Diff: 1699, Sum: 40803, Workers: 4
[11.892s][debug][gc,phases      ] GC(20)   ResolvedMethodTable Weak       Min:  0.0, Avg:  0.0, Max:  0.0, Diff:  0.0, Sum:  0.1, Workers: 4
[11.892s][debug][gc,phases      ] GC(20)     Dead                           Min: 0, Avg:  0.0, Max: 0, Diff: 0, Sum: 0, Workers: 4
[11.892s][debug][gc,phases      ] GC(20)     Total                          Min: 1408, Avg: 1608.5, Max: 1792, Diff: 384, Sum: 6434, Workers: 4
[11.892s][debug][gc,phases      ] GC(20)   JNI Weak                       Min:  0.0, Avg:  0.0, Max:  0.0, Diff:  0.0, Sum:  0.0, Workers: 4
[11.892s][debug][gc,phases      ] GC(20)     Dead                           Min: 0, Avg:  0.0, Max: 0, Diff: 0, Sum: 0, Workers: 4
[11.892s][debug][gc,phases      ] GC(20)     Total                          Min: 0, Avg:  4.5, Max: 18, Diff: 18, Sum: 18, Workers: 4
[11.892s][debug][gc,phases      ] GC(20)   StringDedup Table Weak         Min:  0.0, Avg:  0.0, Max:  0.0, Diff:  0.0, Sum:  0.0, Workers: 4
[11.892s][debug][gc,phases      ] GC(20)     Dead                           Min: 0, Avg:  0.0, Max: 0, Diff: 0, Sum: 0, Workers: 4
[11.892s][debug][gc,phases      ] GC(20)     Total                          Min: 0, Avg:  0.0, Max: 0, Diff: 0, Sum: 0, Workers: 4
[11.892s][debug][gc,phases      ] GC(20)   StringDedup Requests0 Weak     Min:  0.0, Avg:  0.0, Max:  0.0, Diff:  0.0, Sum:  0.0, Workers: 4
[11.892s][debug][gc,phases      ] GC(20)     Dead                           Min: 0, Avg:  0.0, Max: 0, Diff: 0, Sum: 0, Workers: 4
[11.892s][debug][gc,phases      ] GC(20)     Total                          Min: 0, Avg:  0.0, Max: 0, Diff: 0, Sum: 0, Workers: 4
[11.892s][debug][gc,phases      ] GC(20)   StringDedup Requests1 Weak     Min:  0.0, Avg:  0.0, Max:  0.0, Diff:  0.0, Sum:  0.0, Workers: 4
[11.892s][debug][gc,phases      ] GC(20)     Dead                           Min: 0, Avg:  0.0, Max: 0, Diff: 0, Sum: 0, Workers: 4
[11.892s][debug][gc,phases      ] GC(20)     Total                          Min: 0, Avg:  0.0, Max: 0, Diff: 0, Sum: 0, Workers: 4
[11.892s][debug][gc,phases      ] GC(20)   Weak JFR Old Object Samples    Min:  0.0, Avg:  0.0, Max:  0.0, Diff:  0.0, Sum:  0.0, Workers: 4
[11.892s][debug][gc,phases      ] GC(20)     Dead                           Min: 0, Avg:  0.0, Max: 0, Diff: 0, Sum: 0, Workers: 4
[11.892s][debug][gc,phases      ] GC(20)     Total                          Min: 0, Avg:  0.0, Max: 0, Diff: 0, Sum: 0, Workers: 4
[11.892s][debug][gc,phases      ] GC(20) Weak Processing 0.327ms
[11.892s][debug][gc,age         ] GC(20) Desired survivor size 213909504 bytes, new threshold 14 (max threshold 15)
[11.892s][info ][gc,heap        ] GC(20) PSYoungGen: 1676201K(1878528K)->27305K(1869312K) Eden: 1650688K(1650688K)->0K(1650688K) From: 25513K(227840K)->27305K(218624K)
[11.892s][info ][gc,heap        ] GC(20) ParOldGen: 181153K(273920K)->181153K(273920K)
[11.892s][info ][gc,metaspace   ] GC(20) Metaspace: 61294K(61952K)->61294K(61952K) NonClass: 52205K(52544K)->52205K(52544K) Class: 9088K(9408K)->9088K(9408K)
[11.892s][info ][gc             ] GC(20) Pause Young (Allocation Failure) 1813M->203M(2093M) 15.837ms
[11.892s][info ][gc,cpu         ] GC(20) User=0.07s Sys=0.00s Real=0.02s
[11.892s][info ][safepoint      ] Safepoint "ParallelGCFailedAllocation", Time since last: 208409864 ns, Reaching safepoint: 2261248 ns, At safepoint: 15946142 ns, Total: 18207390 ns
[12.128s][info ][safepoint      ] Safepoint "ICBufferFull", Time since last: 235808650 ns, Reaching safepoint: 241906 ns, At safepoint: 30300 ns, Total: 272206 ns
[12.236s][info ][gc,start       ] GC(21) Pause Young (Allocation Failure)
[12.253s][debug][gc,phases      ] GC(21) Scavenge 16.394ms
[12.253s][debug][gc,ref         ] GC(21) Skipped phase 1 of Reference Processing: no references
[12.253s][debug][gc,ref         ] GC(21) ReferenceProcessor::execute queues: 2, RefProcThreadModel::Multi, marks_oops_alive: false
[12.253s][debug][gc,ref         ] GC(21) Skipped phase 3 of Reference Processing: no references
[12.253s][debug][gc,ref         ] GC(21) ReferenceProcessor::execute queues: 1, RefProcThreadModel::Single, marks_oops_alive: false
[12.253s][debug][gc,phases      ] GC(21) Reference Processing 0.221ms
[12.253s][debug][gc,phases      ] GC(21)   VM Weak                        Min:  0.0, Avg:  0.0, Max:  0.0, Diff:  0.0, Sum:  0.0, Workers: 4
[12.253s][debug][gc,phases      ] GC(21)     Dead                           Min: 0, Avg:  0.0, Max: 0, Diff: 0, Sum: 0, Workers: 4
[12.253s][debug][gc,phases      ] GC(21)     Total                          Min: 0, Avg: 137.2, Max: 485, Diff: 485, Sum: 549, Workers: 4
[12.253s][debug][gc,phases      ] GC(21)   ObjectSynchronizer Weak        Min:  0.0, Avg:  0.0, Max:  0.0, Diff:  0.0, Sum:  0.0, Workers: 4
[12.253s][debug][gc,phases      ] GC(21)     Dead                           Min: 0, Avg:  0.0, Max: 0, Diff: 0, Sum: 0, Workers: 4
[12.253s][debug][gc,phases      ] GC(21)     Total                          Min: 0, Avg: 74.8, Max: 192, Diff: 192, Sum: 299, Workers: 4
[12.253s][debug][gc,phases      ] GC(21)   JVMTI Tag Weak OopStorage      Min:  0.0, Avg:  0.0, Max:  0.0, Diff:  0.0, Sum:  0.0, Workers: 4
[12.253s][debug][gc,phases      ] GC(21)     Dead                           Min: 0, Avg:  0.0, Max: 0, Diff: 0, Sum: 0, Workers: 4
[12.253s][debug][gc,phases      ] GC(21)     Total                          Min: 0, Avg:  0.0, Max: 0, Diff: 0, Sum: 0, Workers: 4
[12.253s][debug][gc,phases      ] GC(21)   StringTable Weak               Min:  0.1, Avg:  0.1, Max:  0.1, Diff:  0.0, Sum:  0.5, Workers: 4
[12.253s][debug][gc,phases      ] GC(21)     Dead                           Min: 0, Avg:  2.8, Max: 11, Diff: 11, Sum: 11, Workers: 4
[12.253s][debug][gc,phases      ] GC(21)     Total                          Min: 9536, Avg: 10202.2, Max: 11072, Diff: 1536, Sum: 40809, Workers: 4
[12.253s][debug][gc,phases      ] GC(21)   ResolvedMethodTable Weak       Min:  0.0, Avg:  0.0, Max:  0.0, Diff:  0.0, Sum:  0.1, Workers: 4
[12.253s][debug][gc,phases      ] GC(21)     Dead                           Min: 0, Avg:  0.0, Max: 0, Diff: 0, Sum: 0, Workers: 4
[12.253s][debug][gc,phases      ] GC(21)     Total                          Min: 1378, Avg: 1608.5, Max: 1792, Diff: 414, Sum: 6434, Workers: 4
[12.253s][debug][gc,phases      ] GC(21)   JNI Weak                       Min:  0.0, Avg:  0.0, Max:  0.0, Diff:  0.0, Sum:  0.0, Workers: 4
[12.253s][debug][gc,phases      ] GC(21)     Dead                           Min: 0, Avg:  0.0, Max: 0, Diff: 0, Sum: 0, Workers: 4
[12.253s][debug][gc,phases      ] GC(21)     Total                          Min: 0, Avg:  1.5, Max: 6, Diff: 6, Sum: 6, Workers: 4
[12.253s][debug][gc,phases      ] GC(21)   StringDedup Table Weak         Min:  0.0, Avg:  0.0, Max:  0.0, Diff:  0.0, Sum:  0.0, Workers: 4
[12.253s][debug][gc,phases      ] GC(21)     Dead                           Min: 0, Avg:  0.0, Max: 0, Diff: 0, Sum: 0, Workers: 4
[12.253s][debug][gc,phases      ] GC(21)     Total                          Min: 0, Avg:  0.0, Max: 0, Diff: 0, Sum: 0, Workers: 4
[12.253s][debug][gc,phases      ] GC(21)   StringDedup Requests0 Weak     Min:  0.0, Avg:  0.0, Max:  0.0, Diff:  0.0, Sum:  0.0, Workers: 4
[12.253s][debug][gc,phases      ] GC(21)     Dead                           Min: 0, Avg:  0.0, Max: 0, Diff: 0, Sum: 0, Workers: 4
[12.253s][debug][gc,phases      ] GC(21)     Total                          Min: 0, Avg:  0.0, Max: 0, Diff: 0, Sum: 0, Workers: 4
[12.253s][debug][gc,phases      ] GC(21)   StringDedup Requests1 Weak     Min:  0.0, Avg:  0.0, Max:  0.0, Diff:  0.0, Sum:  0.0, Workers: 4
[12.253s][debug][gc,phases      ] GC(21)     Dead                           Min: 0, Avg:  0.0, Max: 0, Diff: 0, Sum: 0, Workers: 4
[12.253s][debug][gc,phases      ] GC(21)     Total                          Min: 0, Avg:  0.0, Max: 0, Diff: 0, Sum: 0, Workers: 4
[12.253s][debug][gc,phases      ] GC(21)   Weak JFR Old Object Samples    Min:  0.0, Avg:  0.0, Max:  0.0, Diff:  0.0, Sum:  0.0, Workers: 4
[12.253s][debug][gc,phases      ] GC(21)     Dead                           Min: 0, Avg:  0.0, Max: 0, Diff: 0, Sum: 0, Workers: 4
[12.253s][debug][gc,phases      ] GC(21)     Total                          Min: 0, Avg:  0.0, Max: 0, Diff: 0, Sum: 0, Workers: 4
[12.253s][debug][gc,phases      ] GC(21) Weak Processing 0.332ms
[12.253s][debug][gc,age         ] GC(21) Desired survivor size 203948032 bytes, new threshold 15 (max threshold 15)
[12.253s][info ][gc,heap        ] GC(21) PSYoungGen: 1677993K(1869312K)->30748K(1897984K) Eden: 1650688K(1650688K)->0K(1689088K) From: 27305K(218624K)->30748K(208896K)
[12.253s][info ][gc,heap        ] GC(21) ParOldGen: 181153K(273920K)->181153K(273920K)
[12.253s][info ][gc,metaspace   ] GC(21) Metaspace: 61296K(61952K)->61296K(61952K) NonClass: 52208K(52544K)->52208K(52544K) Class: 9088K(9408K)->9088K(9408K)
[12.253s][info ][gc             ] GC(21) Pause Young (Allocation Failure) 1815M->206M(2121M) 17.097ms
[12.253s][info ][gc,cpu         ] GC(21) User=0.07s Sys=0.00s Real=0.02s
[12.253s][info ][safepoint      ] Safepoint "ParallelGCFailedAllocation", Time since last: 107715708 ns, Reaching safepoint: 125402 ns, At safepoint: 17208069 ns, Total: 17333471 ns
[12.633s][info ][gc,start       ] GC(22) Pause Young (Allocation Failure)
[12.648s][debug][gc,phases      ] GC(22) Scavenge 15.857ms
[12.648s][debug][gc,ref         ] GC(22) Skipped phase 1 of Reference Processing: no references
[12.649s][debug][gc,ref         ] GC(22) ReferenceProcessor::execute queues: 2, RefProcThreadModel::Multi, marks_oops_alive: false
[12.649s][debug][gc,ref         ] GC(22) Skipped phase 3 of Reference Processing: no references
[12.649s][debug][gc,ref         ] GC(22) ReferenceProcessor::execute queues: 1, RefProcThreadModel::Single, marks_oops_alive: false
[12.649s][debug][gc,phases      ] GC(22) Reference Processing 0.215ms
[12.649s][debug][gc,phases      ] GC(22)   VM Weak                        Min:  0.0, Avg:  0.0, Max:  0.0, Diff:  0.0, Sum:  0.0, Workers: 4
[12.649s][debug][gc,phases      ] GC(22)     Dead                           Min: 0, Avg:  0.0, Max: 0, Diff: 0, Sum: 0, Workers: 4
[12.649s][debug][gc,phases      ] GC(22)     Total                          Min: 0, Avg: 137.2, Max: 549, Diff: 549, Sum: 549, Workers: 4
[12.649s][debug][gc,phases      ] GC(22)   ObjectSynchronizer Weak        Min:  0.0, Avg:  0.0, Max:  0.0, Diff:  0.0, Sum:  0.0, Workers: 4
[12.649s][debug][gc,phases      ] GC(22)     Dead                           Min: 0, Avg:  0.0, Max: 0, Diff: 0, Sum: 0, Workers: 4
[12.649s][debug][gc,phases      ] GC(22)     Total                          Min: 0, Avg: 74.8, Max: 171, Diff: 171, Sum: 299, Workers: 4
[12.649s][debug][gc,phases      ] GC(22)   JVMTI Tag Weak OopStorage      Min:  0.0, Avg:  0.0, Max:  0.0, Diff:  0.0, Sum:  0.0, Workers: 4
[12.649s][debug][gc,phases      ] GC(22)     Dead                           Min: 0, Avg:  0.0, Max: 0, Diff: 0, Sum: 0, Workers: 4
[12.649s][debug][gc,phases      ] GC(22)     Total                          Min: 0, Avg:  0.0, Max: 0, Diff: 0, Sum: 0, Workers: 4
[12.649s][debug][gc,phases      ] GC(22)   StringTable Weak               Min:  0.1, Avg:  0.1, Max:  0.1, Diff:  0.0, Sum:  0.4, Workers: 4
[12.649s][debug][gc,phases      ] GC(22)     Dead                           Min: 0, Avg:  2.8, Max: 11, Diff: 11, Sum: 11, Workers: 4
[12.649s][debug][gc,phases      ] GC(22)     Total                          Min: 9397, Avg: 10212.0, Max: 11419, Diff: 2022, Sum: 40848, Workers: 4
[12.649s][debug][gc,phases      ] GC(22)   ResolvedMethodTable Weak       Min:  0.0, Avg:  0.0, Max:  0.0, Diff:  0.0, Sum:  0.1, Workers: 4
[12.649s][debug][gc,phases      ] GC(22)     Dead                           Min: 0, Avg:  0.0, Max: 0, Diff: 0, Sum: 0, Workers: 4
[12.649s][debug][gc,phases      ] GC(22)     Total                          Min: 1344, Avg: 1608.5, Max: 1856, Diff: 512, Sum: 6434, Workers: 4
[12.649s][debug][gc,phases      ] GC(22)   JNI Weak                       Min:  0.0, Avg:  0.0, Max:  0.0, Diff:  0.0, Sum:  0.0, Workers: 4
[12.649s][debug][gc,phases      ] GC(22)     Dead                           Min: 0, Avg:  0.0, Max: 0, Diff: 0, Sum: 0, Workers: 4
[12.649s][debug][gc,phases      ] GC(22)     Total                          Min: 0, Avg:  0.0, Max: 0, Diff: 0, Sum: 0, Workers: 4
[12.649s][debug][gc,phases      ] GC(22)   StringDedup Table Weak         Min:  0.0, Avg:  0.0, Max:  0.0, Diff:  0.0, Sum:  0.0, Workers: 4
[12.649s][debug][gc,phases      ] GC(22)     Dead                           Min: 0, Avg:  0.0, Max: 0, Diff: 0, Sum: 0, Workers: 4
[12.649s][debug][gc,phases      ] GC(22)     Total                          Min: 0, Avg:  0.0, Max: 0, Diff: 0, Sum: 0, Workers: 4
[12.649s][debug][gc,phases      ] GC(22)   StringDedup Requests0 Weak     Min:  0.0, Avg:  0.0, Max:  0.0, Diff:  0.0, Sum:  0.0, Workers: 4
[12.649s][debug][gc,phases      ] GC(22)     Dead                           Min: 0, Avg:  0.0, Max: 0, Diff: 0, Sum: 0, Workers: 4
[12.649s][debug][gc,phases      ] GC(22)     Total                          Min: 0, Avg:  0.0, Max: 0, Diff: 0, Sum: 0, Workers: 4
[12.649s][debug][gc,phases      ] GC(22)   StringDedup Requests1 Weak     Min:  0.0, Avg:  0.0, Max:  0.0, Diff:  0.0, Sum:  0.0, Workers: 4
[12.649s][debug][gc,phases      ] GC(22)     Dead                           Min: 0, Avg:  0.0, Max: 0, Diff: 0, Sum: 0, Workers: 4
[12.649s][debug][gc,phases      ] GC(22)     Total                          Min: 0, Avg:  0.0, Max: 0, Diff: 0, Sum: 0, Workers: 4
[12.649s][debug][gc,phases      ] GC(22)   Weak JFR Old Object Samples    Min:  0.0, Avg:  0.0, Max:  0.0, Diff:  0.0, Sum:  0.0, Workers: 4
[12.649s][debug][gc,phases      ] GC(22)     Dead                           Min: 0, Avg:  0.0, Max: 0, Diff: 0, Sum: 0, Workers: 4
[12.649s][debug][gc,phases      ] GC(22)     Total                          Min: 0, Avg:  0.0, Max: 0, Diff: 0, Sum: 0, Workers: 4
[12.649s][debug][gc,phases      ] GC(22) Weak Processing 0.317ms
[12.649s][debug][gc,age         ] GC(22) Desired survivor size 192937984 bytes, new threshold 15 (max threshold 15)
[12.649s][info ][gc,heap        ] GC(22) PSYoungGen: 1719836K(1897984K)->33641K(1888256K) Eden: 1689088K(1689088K)->0K(1689088K) From: 30748K(208896K)->33641K(199168K)
[12.649s][info ][gc,heap        ] GC(22) ParOldGen: 181153K(273920K)->181153K(273920K)
[12.649s][info ][gc,metaspace   ] GC(22) Metaspace: 61324K(62080K)->61324K(62080K) NonClass: 52234K(52672K)->52234K(52672K) Class: 9090K(9408K)->9090K(9408K)
[12.649s][info ][gc             ] GC(22) Pause Young (Allocation Failure) 1856M->209M(2111M) 16.537ms
[12.649s][info ][gc,cpu         ] GC(22) User=0.06s Sys=0.00s Real=0.02s
[12.649s][info ][safepoint      ] Safepoint "ParallelGCFailedAllocation", Time since last: 378896616 ns, Reaching safepoint: 190504 ns, At safepoint: 16660057 ns, Total: 16850561 ns
[13.040s][info ][gc,start       ] GC(23) Pause Young (Allocation Failure)
[13.059s][debug][gc,phases      ] GC(23) Scavenge 19.328ms
[13.059s][debug][gc,ref         ] GC(23) Skipped phase 1 of Reference Processing: no references
[13.059s][debug][gc,ref         ] GC(23) ReferenceProcessor::execute queues: 1, RefProcThreadModel::Single, marks_oops_alive: false
[13.059s][debug][gc,ref         ] GC(23) Skipped phase 3 of Reference Processing: no references
[13.059s][debug][gc,ref         ] GC(23) ReferenceProcessor::execute queues: 1, RefProcThreadModel::Single, marks_oops_alive: false
[13.059s][debug][gc,phases      ] GC(23) Reference Processing 0.162ms
[13.060s][debug][gc,phases      ] GC(23)   VM Weak                        Min:  0.0, Avg:  0.0, Max:  0.0, Diff:  0.0, Sum:  0.0, Workers: 4
[13.060s][debug][gc,phases      ] GC(23)     Dead                           Min: 0, Avg:  0.0, Max: 0, Diff: 0, Sum: 0, Workers: 4
[13.060s][debug][gc,phases      ] GC(23)     Total                          Min: 0, Avg: 137.5, Max: 486, Diff: 486, Sum: 550, Workers: 4
[13.060s][debug][gc,phases      ] GC(23)   ObjectSynchronizer Weak        Min:  0.0, Avg:  0.0, Max:  0.0, Diff:  0.0, Sum:  0.0, Workers: 4
[13.060s][debug][gc,phases      ] GC(23)     Dead                           Min: 0, Avg:  0.0, Max: 0, Diff: 0, Sum: 0, Workers: 4
[13.060s][debug][gc,phases      ] GC(23)     Total                          Min: 0, Avg: 74.8, Max: 171, Diff: 171, Sum: 299, Workers: 4
[13.060s][debug][gc,phases      ] GC(23)   JVMTI Tag Weak OopStorage      Min:  0.0, Avg:  0.0, Max:  0.0, Diff:  0.0, Sum:  0.0, Workers: 4
[13.060s][debug][gc,phases      ] GC(23)     Dead                           Min: 0, Avg:  0.0, Max: 0, Diff: 0, Sum: 0, Workers: 4
[13.060s][debug][gc,phases      ] GC(23)     Total                          Min: 0, Avg:  0.0, Max: 0, Diff: 0, Sum: 0, Workers: 4
[13.060s][debug][gc,phases      ] GC(23)   StringTable Weak               Min:  0.1, Avg:  0.1, Max:  0.1, Diff:  0.0, Sum:  0.5, Workers: 4
[13.060s][debug][gc,phases      ] GC(23)     Dead                           Min: 0, Avg:  3.2, Max: 8, Diff: 8, Sum: 13, Workers: 4
[13.060s][debug][gc,phases      ] GC(23)     Total                          Min: 9855, Avg: 10218.5, Max: 10668, Diff: 813, Sum: 40874, Workers: 4
[13.060s][debug][gc,phases      ] GC(23)   ResolvedMethodTable Weak       Min:  0.0, Avg:  0.0, Max:  0.0, Diff:  0.0, Sum:  0.1, Workers: 4
[13.060s][debug][gc,phases      ] GC(23)     Dead                           Min: 0, Avg:  3.8, Max: 15, Diff: 15, Sum: 15, Workers: 4
[13.060s][debug][gc,phases      ] GC(23)     Total                          Min: 1423, Avg: 1618.5, Max: 1788, Diff: 365, Sum: 6474, Workers: 4
[13.060s][debug][gc,phases      ] GC(23)   JNI Weak                       Min:  0.0, Avg:  0.0, Max:  0.0, Diff:  0.0, Sum:  0.0, Workers: 4
[13.060s][debug][gc,phases      ] GC(23)     Dead                           Min: 0, Avg:  0.0, Max: 0, Diff: 0, Sum: 0, Workers: 4
[13.060s][debug][gc,phases      ] GC(23)     Total                          Min: 0, Avg:  0.2, Max: 1, Diff: 1, Sum: 1, Workers: 4
[13.060s][debug][gc,phases      ] GC(23)   StringDedup Table Weak         Min:  0.0, Avg:  0.0, Max:  0.0, Diff:  0.0, Sum:  0.0, Workers: 4
[13.060s][debug][gc,phases      ] GC(23)     Dead                           Min: 0, Avg:  0.0, Max: 0, Diff: 0, Sum: 0, Workers: 4
[13.060s][debug][gc,phases      ] GC(23)     Total                          Min: 0, Avg:  0.0, Max: 0, Diff: 0, Sum: 0, Workers: 4
[13.060s][debug][gc,phases      ] GC(23)   StringDedup Requests0 Weak     Min:  0.0, Avg:  0.0, Max:  0.0, Diff:  0.0, Sum:  0.0, Workers: 4
[13.060s][debug][gc,phases      ] GC(23)     Dead                           Min: 0, Avg:  0.0, Max: 0, Diff: 0, Sum: 0, Workers: 4
[13.060s][debug][gc,phases      ] GC(23)     Total                          Min: 0, Avg:  0.0, Max: 0, Diff: 0, Sum: 0, Workers: 4
[13.060s][debug][gc,phases      ] GC(23)   StringDedup Requests1 Weak     Min:  0.0, Avg:  0.0, Max:  0.0, Diff:  0.0, Sum:  0.0, Workers: 4
[13.060s][debug][gc,phases      ] GC(23)     Dead                           Min: 0, Avg:  0.0, Max: 0, Diff: 0, Sum: 0, Workers: 4
[13.060s][debug][gc,phases      ] GC(23)     Total                          Min: 0, Avg:  0.0, Max: 0, Diff: 0, Sum: 0, Workers: 4
[13.060s][debug][gc,phases      ] GC(23)   Weak JFR Old Object Samples    Min:  0.0, Avg:  0.0, Max:  0.0, Diff:  0.0, Sum:  0.0, Workers: 4
[13.060s][debug][gc,phases      ] GC(23)     Dead                           Min: 0, Avg:  0.0, Max: 0, Diff: 0, Sum: 0, Workers: 4
[13.060s][debug][gc,phases      ] GC(23)     Total                          Min: 0, Avg:  0.0, Max: 0, Diff: 0, Sum: 0, Workers: 4
[13.060s][debug][gc,phases      ] GC(23) Weak Processing 0.334ms
[13.060s][debug][gc,age         ] GC(23) Desired survivor size 182452224 bytes, new threshold 15 (max threshold 15)
[13.060s][info ][gc,heap        ] GC(23) PSYoungGen: 1722729K(1888256K)->35529K(1918976K) Eden: 1689088K(1689088K)->0K(1730560K) From: 33641K(199168K)->35529K(188416K)
[13.060s][info ][gc,heap        ] GC(23) ParOldGen: 181153K(273920K)->182153K(273920K)
[13.060s][info ][gc,metaspace   ] GC(23) Metaspace: 61488K(62272K)->61488K(62272K) NonClass: 52379K(52800K)->52379K(52800K) Class: 9108K(9472K)->9108K(9472K)
[13.060s][info ][gc             ] GC(23) Pause Young (Allocation Failure) 1859M->212M(2141M) 19.966ms
[13.060s][info ][gc,cpu         ] GC(23) User=0.08s Sys=0.00s Real=0.02s
[13.060s][info ][safepoint      ] Safepoint "ParallelGCFailedAllocation", Time since last: 390462063 ns, Reaching safepoint: 226205 ns, At safepoint: 20079230 ns, Total: 20305435 ns
[13.398s][info ][gc,start       ] GC(24) Pause Young (Allocation Failure)
[13.420s][debug][gc,phases      ] GC(24) Scavenge 21.738ms
[13.420s][debug][gc,ref         ] GC(24) Skipped phase 1 of Reference Processing: no references
[13.420s][debug][gc,ref         ] GC(24) ReferenceProcessor::execute queues: 1, RefProcThreadModel::Single, marks_oops_alive: false
[13.420s][debug][gc,ref         ] GC(24) Skipped phase 3 of Reference Processing: no references
[13.420s][debug][gc,ref         ] GC(24) ReferenceProcessor::execute queues: 1, RefProcThreadModel::Single, marks_oops_alive: false
[13.420s][debug][gc,phases      ] GC(24) Reference Processing 0.155ms
[13.421s][debug][gc,phases      ] GC(24)   VM Weak                        Min:  0.0, Avg:  0.0, Max:  0.0, Diff:  0.0, Sum:  0.0, Workers: 4
[13.421s][debug][gc,phases      ] GC(24)     Dead                           Min: 0, Avg:  0.0, Max: 0, Diff: 0, Sum: 0, Workers: 4
[13.421s][debug][gc,phases      ] GC(24)     Total                          Min: 0, Avg: 138.2, Max: 361, Diff: 361, Sum: 553, Workers: 4
[13.421s][debug][gc,phases      ] GC(24)   ObjectSynchronizer Weak        Min:  0.0, Avg:  0.0, Max:  0.0, Diff:  0.0, Sum:  0.0, Workers: 4
[13.421s][debug][gc,phases      ] GC(24)     Dead                           Min: 0, Avg:  0.0, Max: 0, Diff: 0, Sum: 0, Workers: 4
[13.421s][debug][gc,phases      ] GC(24)     Total                          Min: 0, Avg: 74.8, Max: 171, Diff: 171, Sum: 299, Workers: 4
[13.421s][debug][gc,phases      ] GC(24)   JVMTI Tag Weak OopStorage      Min:  0.0, Avg:  0.0, Max:  0.0, Diff:  0.0, Sum:  0.0, Workers: 4
[13.421s][debug][gc,phases      ] GC(24)     Dead                           Min: 0, Avg:  0.0, Max: 0, Diff: 0, Sum: 0, Workers: 4
[13.421s][debug][gc,phases      ] GC(24)     Total                          Min: 0, Avg:  0.0, Max: 0, Diff: 0, Sum: 0, Workers: 4
[13.421s][debug][gc,phases      ] GC(24)   StringTable Weak               Min:  0.1, Avg:  0.1, Max:  0.2, Diff:  0.0, Sum:  0.6, Workers: 4
[13.421s][debug][gc,phases      ] GC(24)     Dead                           Min: 0, Avg:  1.0, Max: 4, Diff: 4, Sum: 4, Workers: 4
[13.421s][debug][gc,phases      ] GC(24)     Total                          Min: 4598, Avg: 10413.5, Max: 12672, Diff: 8074, Sum: 41654, Workers: 4
[13.421s][debug][gc,phases      ] GC(24)   ResolvedMethodTable Weak       Min:  0.0, Avg:  0.0, Max:  0.1, Diff:  0.0, Sum:  0.2, Workers: 4
[13.421s][debug][gc,phases      ] GC(24)     Dead                           Min: 0, Avg: 14.2, Max: 35, Diff: 35, Sum: 57, Workers: 4
[13.421s][debug][gc,phases      ] GC(24)     Total                          Min: 1216, Avg: 1635.0, Max: 1919, Diff: 703, Sum: 6540, Workers: 4
[13.421s][debug][gc,phases      ] GC(24)   JNI Weak                       Min:  0.0, Avg:  0.0, Max:  0.0, Diff:  0.0, Sum:  0.0, Workers: 4
[13.421s][debug][gc,phases      ] GC(24)     Dead                           Min: 0, Avg:  0.0, Max: 0, Diff: 0, Sum: 0, Workers: 4
[13.421s][debug][gc,phases      ] GC(24)     Total                          Min: 0, Avg:  0.0, Max: 0, Diff: 0, Sum: 0, Workers: 4
[13.421s][debug][gc,phases      ] GC(24)   StringDedup Table Weak         Min:  0.0, Avg:  0.0, Max:  0.0, Diff:  0.0, Sum:  0.0, Workers: 4
[13.421s][debug][gc,phases      ] GC(24)     Dead                           Min: 0, Avg:  0.0, Max: 0, Diff: 0, Sum: 0, Workers: 4
[13.421s][debug][gc,phases      ] GC(24)     Total                          Min: 0, Avg:  0.0, Max: 0, Diff: 0, Sum: 0, Workers: 4
[13.421s][debug][gc,phases      ] GC(24)   StringDedup Requests0 Weak     Min:  0.0, Avg:  0.0, Max:  0.0, Diff:  0.0, Sum:  0.0, Workers: 4
[13.421s][debug][gc,phases      ] GC(24)     Dead                           Min: 0, Avg:  0.0, Max: 0, Diff: 0, Sum: 0, Workers: 4
[13.421s][debug][gc,phases      ] GC(24)     Total                          Min: 0, Avg:  0.0, Max: 0, Diff: 0, Sum: 0, Workers: 4
[13.421s][debug][gc,phases      ] GC(24)   StringDedup Requests1 Weak     Min:  0.0, Avg:  0.0, Max:  0.0, Diff:  0.0, Sum:  0.0, Workers: 4
[13.421s][debug][gc,phases      ] GC(24)     Dead                           Min: 0, Avg:  0.0, Max: 0, Diff: 0, Sum: 0, Workers: 4
[13.421s][debug][gc,phases      ] GC(24)     Total                          Min: 0, Avg:  0.0, Max: 0, Diff: 0, Sum: 0, Workers: 4
[13.421s][debug][gc,phases      ] GC(24)   Weak JFR Old Object Samples    Min:  0.0, Avg:  0.0, Max:  0.0, Diff:  0.0, Sum:  0.0, Workers: 4
[13.421s][debug][gc,phases      ] GC(24)     Dead                           Min: 0, Avg:  0.0, Max: 0, Diff: 0, Sum: 0, Workers: 4
[13.421s][debug][gc,phases      ] GC(24)     Total                          Min: 0, Avg:  0.0, Max: 0, Diff: 0, Sum: 0, Workers: 4
[13.421s][debug][gc,phases      ] GC(24) Weak Processing 0.408ms
[13.421s][debug][gc,age         ] GC(24) Desired survivor size 173015040 bytes, new threshold 15 (max threshold 15)
[13.421s][info ][gc,heap        ] GC(24) PSYoungGen: 1766089K(1918976K)->33207K(1908736K) Eden: 1730560K(1730560K)->0K(1730560K) From: 35529K(188416K)->33207K(178176K)
[13.421s][info ][gc,heap        ] GC(24) ParOldGen: 182153K(273920K)->184973K(273920K)
[13.421s][info ][gc,metaspace   ] GC(24) Metaspace: 63229K(63936K)->63229K(63936K) NonClass: 53903K(54272K)->53903K(54272K) Class: 9325K(9664K)->9325K(9664K)
[13.421s][info ][gc             ] GC(24) Pause Young (Allocation Failure) 1902M->213M(2131M) 22.442ms
[13.421s][info ][gc,cpu         ] GC(24) User=0.07s Sys=0.01s Real=0.02s
[13.421s][info ][safepoint      ] Safepoint "ParallelGCFailedAllocation", Time since last: 338238945 ns, Reaching safepoint: 147203 ns, At safepoint: 22545683 ns, Total: 22692886 ns
[13.888s][info ][gc,start       ] GC(25) Pause Young (Allocation Failure)
[13.912s][debug][gc,phases      ] GC(25) Scavenge 24.063ms
[13.913s][debug][gc,ref         ] GC(25) Skipped phase 1 of Reference Processing: no references
[13.913s][debug][gc,ref         ] GC(25) ReferenceProcessor::execute queues: 1, RefProcThreadModel::Single, marks_oops_alive: false
[13.913s][debug][gc,ref         ] GC(25) Skipped phase 3 of Reference Processing: no references
[13.913s][debug][gc,ref         ] GC(25) ReferenceProcessor::execute queues: 1, RefProcThreadModel::Single, marks_oops_alive: false
[13.913s][debug][gc,phases      ] GC(25) Reference Processing 0.225ms
[13.913s][debug][gc,phases      ] GC(25)   VM Weak                        Min:  0.0, Avg:  0.0, Max:  0.0, Diff:  0.0, Sum:  0.0, Workers: 4
[13.913s][debug][gc,phases      ] GC(25)     Dead                           Min: 0, Avg:  0.0, Max: 0, Diff: 0, Sum: 0, Workers: 4
[13.913s][debug][gc,phases      ] GC(25)     Total                          Min: 0, Avg: 143.8, Max: 575, Diff: 575, Sum: 575, Workers: 4
[13.913s][debug][gc,phases      ] GC(25)   ObjectSynchronizer Weak        Min:  0.0, Avg:  0.0, Max:  0.0, Diff:  0.0, Sum:  0.0, Workers: 4
[13.913s][debug][gc,phases      ] GC(25)     Dead                           Min: 0, Avg:  0.0, Max: 0, Diff: 0, Sum: 0, Workers: 4
[13.913s][debug][gc,phases      ] GC(25)     Total                          Min: 0, Avg: 75.0, Max: 300, Diff: 300, Sum: 300, Workers: 4
[13.913s][debug][gc,phases      ] GC(25)   JVMTI Tag Weak OopStorage      Min:  0.0, Avg:  0.0, Max:  0.0, Diff:  0.0, Sum:  0.0, Workers: 4
[13.913s][debug][gc,phases      ] GC(25)     Dead                           Min: 0, Avg:  0.0, Max: 0, Diff: 0, Sum: 0, Workers: 4
[13.913s][debug][gc,phases      ] GC(25)     Total                          Min: 0, Avg:  0.0, Max: 0, Diff: 0, Sum: 0, Workers: 4
[13.913s][debug][gc,phases      ] GC(25)   StringTable Weak               Min:  0.1, Avg:  0.1, Max:  0.1, Diff:  0.0, Sum:  0.5, Workers: 4
[13.913s][debug][gc,phases      ] GC(25)     Dead                           Min: 1, Avg:  3.8, Max: 8, Diff: 7, Sum: 15, Workers: 4
[13.913s][debug][gc,phases      ] GC(25)     Total                          Min: 9088, Avg: 10600.5, Max: 11618, Diff: 2530, Sum: 42402, Workers: 4
[13.913s][debug][gc,phases      ] GC(25)   ResolvedMethodTable Weak       Min:  0.0, Avg:  0.0, Max:  0.0, Diff:  0.0, Sum:  0.1, Workers: 4
[13.913s][debug][gc,phases      ] GC(25)     Dead                           Min: 1, Avg: 26.2, Max: 77, Diff: 76, Sum: 105, Workers: 4
[13.913s][debug][gc,phases      ] GC(25)     Total                          Min: 1472, Avg: 1696.0, Max: 1920, Diff: 448, Sum: 6784, Workers: 4
[13.913s][debug][gc,phases      ] GC(25)   JNI Weak                       Min:  0.0, Avg:  0.0, Max:  0.0, Diff:  0.0, Sum:  0.0, Workers: 4
[13.913s][debug][gc,phases      ] GC(25)     Dead                           Min: 0, Avg:  0.0, Max: 0, Diff: 0, Sum: 0, Workers: 4
[13.913s][debug][gc,phases      ] GC(25)     Total                          Min: 0, Avg:  5.8, Max: 23, Diff: 23, Sum: 23, Workers: 4
[13.913s][debug][gc,phases      ] GC(25)   StringDedup Table Weak         Min:  0.0, Avg:  0.0, Max:  0.0, Diff:  0.0, Sum:  0.0, Workers: 4
[13.913s][debug][gc,phases      ] GC(25)     Dead                           Min: 0, Avg:  0.0, Max: 0, Diff: 0, Sum: 0, Workers: 4
[13.913s][debug][gc,phases      ] GC(25)     Total                          Min: 0, Avg:  0.0, Max: 0, Diff: 0, Sum: 0, Workers: 4
[13.913s][debug][gc,phases      ] GC(25)   StringDedup Requests0 Weak     Min:  0.0, Avg:  0.0, Max:  0.0, Diff:  0.0, Sum:  0.0, Workers: 4
[13.913s][debug][gc,phases      ] GC(25)     Dead                           Min: 0, Avg:  0.0, Max: 0, Diff: 0, Sum: 0, Workers: 4
[13.913s][debug][gc,phases      ] GC(25)     Total                          Min: 0, Avg:  0.0, Max: 0, Diff: 0, Sum: 0, Workers: 4
[13.913s][debug][gc,phases      ] GC(25)   StringDedup Requests1 Weak     Min:  0.0, Avg:  0.0, Max:  0.0, Diff:  0.0, Sum:  0.0, Workers: 4
[13.913s][debug][gc,phases      ] GC(25)     Dead                           Min: 0, Avg:  0.0, Max: 0, Diff: 0, Sum: 0, Workers: 4
[13.913s][debug][gc,phases      ] GC(25)     Total                          Min: 0, Avg:  0.0, Max: 0, Diff: 0, Sum: 0, Workers: 4
[13.913s][debug][gc,phases      ] GC(25)   Weak JFR Old Object Samples    Min:  0.0, Avg:  0.0, Max:  0.0, Diff:  0.0, Sum:  0.0, Workers: 4
[13.913s][debug][gc,phases      ] GC(25)     Dead                           Min: 0, Avg:  0.0, Max: 0, Diff: 0, Sum: 0, Workers: 4
[13.913s][debug][gc,phases      ] GC(25)     Total                          Min: 0, Avg:  0.0, Max: 0, Diff: 0, Sum: 0, Workers: 4
[13.913s][debug][gc,phases      ] GC(25) Weak Processing 0.406ms
[13.913s][debug][gc,age         ] GC(25) Desired survivor size 163577856 bytes, new threshold 15 (max threshold 15)
[13.913s][info ][gc,heap        ] GC(25) PSYoungGen: 1763767K(1908736K)->35612K(1937408K) Eden: 1730560K(1730560K)->0K(1768448K) From: 33207K(178176K)->35612K(168960K)
[13.913s][info ][gc,heap        ] GC(25) ParOldGen: 184973K(273920K)->189115K(273920K)
[13.913s][info ][gc,metaspace   ] GC(25) Metaspace: 66720K(67520K)->66720K(67520K) NonClass: 56969K(57408K)->56969K(57408K) Class: 9750K(10112K)->9750K(10112K)
[13.913s][info ][gc             ] GC(25) Pause Young (Allocation Failure) 1903M->219M(2159M) 24.875ms
[13.913s][info ][gc,cpu         ] GC(25) User=0.07s Sys=0.00s Real=0.03s
[13.913s][info ][safepoint      ] Safepoint "ParallelGCFailedAllocation", Time since last: 467286110 ns, Reaching safepoint: 215705 ns, At safepoint: 24995935 ns, Total: 25211640 ns
[14.295s][info ][gc,start       ] GC(26) Pause Young (Allocation Failure)
[14.347s][debug][gc,phases      ] GC(26) Scavenge 51.742ms
[14.347s][debug][gc,ref         ] GC(26) Skipped phase 1 of Reference Processing: no references
[14.347s][debug][gc,ref         ] GC(26) ReferenceProcessor::execute queues: 1, RefProcThreadModel::Single, marks_oops_alive: false
[14.347s][debug][gc,ref         ] GC(26) Skipped phase 3 of Reference Processing: no references
[14.347s][debug][gc,ref         ] GC(26) ReferenceProcessor::execute queues: 1, RefProcThreadModel::Single, marks_oops_alive: false
[14.347s][debug][gc,phases      ] GC(26) Reference Processing 0.183ms
[14.347s][debug][gc,phases      ] GC(26)   VM Weak                        Min:  0.0, Avg:  0.0, Max:  0.0, Diff:  0.0, Sum:  0.0, Workers: 4
[14.347s][debug][gc,phases      ] GC(26)     Dead                           Min: 0, Avg:  0.0, Max: 0, Diff: 0, Sum: 0, Workers: 4
[14.347s][debug][gc,phases      ] GC(26)     Total                          Min: 0, Avg: 143.8, Max: 575, Diff: 575, Sum: 575, Workers: 4
[14.347s][debug][gc,phases      ] GC(26)   ObjectSynchronizer Weak        Min:  0.0, Avg:  0.0, Max:  0.0, Diff:  0.0, Sum:  0.0, Workers: 4
[14.347s][debug][gc,phases      ] GC(26)     Dead                           Min: 0, Avg:  0.0, Max: 0, Diff: 0, Sum: 0, Workers: 4
[14.347s][debug][gc,phases      ] GC(26)     Total                          Min: 0, Avg: 75.0, Max: 300, Diff: 300, Sum: 300, Workers: 4
[14.347s][debug][gc,phases      ] GC(26)   JVMTI Tag Weak OopStorage      Min:  0.0, Avg:  0.0, Max:  0.0, Diff:  0.0, Sum:  0.0, Workers: 4
[14.347s][debug][gc,phases      ] GC(26)     Dead                           Min: 0, Avg:  0.0, Max: 0, Diff: 0, Sum: 0, Workers: 4
[14.347s][debug][gc,phases      ] GC(26)     Total                          Min: 0, Avg:  0.0, Max: 0, Diff: 0, Sum: 0, Workers: 4
[14.347s][debug][gc,phases      ] GC(26)   StringTable Weak               Min:  0.1, Avg:  0.1, Max:  0.1, Diff:  0.0, Sum:  0.5, Workers: 4
[14.347s][debug][gc,phases      ] GC(26)     Dead                           Min: 0, Avg:  2.8, Max: 10, Diff: 10, Sum: 11, Workers: 4
[14.347s][debug][gc,phases      ] GC(26)     Total                          Min: 9536, Avg: 10616.2, Max: 11328, Diff: 1792, Sum: 42465, Workers: 4
[14.347s][debug][gc,phases      ] GC(26)   ResolvedMethodTable Weak       Min:  0.0, Avg:  0.0, Max:  0.0, Diff:  0.0, Sum:  0.1, Workers: 4
[14.347s][debug][gc,phases      ] GC(26)     Dead                           Min: 0, Avg:  0.0, Max: 0, Diff: 0, Sum: 0, Workers: 4
[14.347s][debug][gc,phases      ] GC(26)     Total                          Min: 1472, Avg: 1700.5, Max: 1920, Diff: 448, Sum: 6802, Workers: 4
[14.347s][debug][gc,phases      ] GC(26)   JNI Weak                       Min:  0.0, Avg:  0.0, Max:  0.0, Diff:  0.0, Sum:  0.0, Workers: 4
[14.347s][debug][gc,phases      ] GC(26)     Dead                           Min: 0, Avg:  0.0, Max: 0, Diff: 0, Sum: 0, Workers: 4
[14.347s][debug][gc,phases      ] GC(26)     Total                          Min: 0, Avg:  2.5, Max: 10, Diff: 10, Sum: 10, Workers: 4
[14.347s][debug][gc,phases      ] GC(26)   StringDedup Table Weak         Min:  0.0, Avg:  0.0, Max:  0.0, Diff:  0.0, Sum:  0.0, Workers: 4
[14.347s][debug][gc,phases      ] GC(26)     Dead                           Min: 0, Avg:  0.0, Max: 0, Diff: 0, Sum: 0, Workers: 4
[14.347s][debug][gc,phases      ] GC(26)     Total                          Min: 0, Avg:  0.0, Max: 0, Diff: 0, Sum: 0, Workers: 4
[14.347s][debug][gc,phases      ] GC(26)   StringDedup Requests0 Weak     Min:  0.0, Avg:  0.0, Max:  0.0, Diff:  0.0, Sum:  0.0, Workers: 4
[14.347s][debug][gc,phases      ] GC(26)     Dead                           Min: 0, Avg:  0.0, Max: 0, Diff: 0, Sum: 0, Workers: 4
[14.347s][debug][gc,phases      ] GC(26)     Total                          Min: 0, Avg:  0.0, Max: 0, Diff: 0, Sum: 0, Workers: 4
[14.347s][debug][gc,phases      ] GC(26)   StringDedup Requests1 Weak     Min:  0.0, Avg:  0.0, Max:  0.0, Diff:  0.0, Sum:  0.0, Workers: 4
[14.347s][debug][gc,phases      ] GC(26)     Dead                           Min: 0, Avg:  0.0, Max: 0, Diff: 0, Sum: 0, Workers: 4
[14.347s][debug][gc,phases      ] GC(26)     Total                          Min: 0, Avg:  0.0, Max: 0, Diff: 0, Sum: 0, Workers: 4
[14.347s][debug][gc,phases      ] GC(26)   Weak JFR Old Object Samples    Min:  0.0, Avg:  0.0, Max:  0.0, Diff:  0.0, Sum:  0.0, Workers: 4
[14.347s][debug][gc,phases      ] GC(26)     Dead                           Min: 0, Avg:  0.0, Max: 0, Diff: 0, Sum: 0, Workers: 4
[14.347s][debug][gc,phases      ] GC(26)     Total                          Min: 0, Avg:  0.0, Max: 0, Diff: 0, Sum: 0, Workers: 4
[14.347s][debug][gc,phases      ] GC(26) Weak Processing 0.387ms
[14.347s][debug][gc,age         ] GC(26) Desired survivor size 158859264 bytes, new threshold 15 (max threshold 15)
[14.347s][info ][gc,heap        ] GC(26) PSYoungGen: 1804060K(1937408K)->66008K(1928192K) Eden: 1768448K(1768448K)->0K(1768448K) From: 35612K(168960K)->66008K(159744K)
[14.347s][info ][gc,heap        ] GC(26) ParOldGen: 189115K(273920K)->190811K(273920K)
[14.347s][info ][gc,metaspace   ] GC(26) Metaspace: 66747K(67520K)->66747K(67520K) NonClass: 56990K(57408K)->56990K(57408K) Class: 9757K(10112K)->9757K(10112K)
[14.347s][info ][gc             ] GC(26) Pause Young (Allocation Failure) 1946M->250M(2150M) 52.468ms
[14.347s][info ][gc,cpu         ] GC(26) User=0.21s Sys=0.04s Real=0.05s
[14.347s][info ][safepoint      ] Safepoint "ParallelGCFailedAllocation", Time since last: 381416470 ns, Reaching safepoint: 152504 ns, At safepoint: 52599726 ns, Total: 52752230 ns
[14.766s][info ][gc,start       ] GC(27) Pause Young (Allocation Failure)
[14.859s][debug][gc,phases      ] GC(27) Scavenge 93.556ms
[14.860s][debug][gc,ref         ] GC(27) Skipped phase 1 of Reference Processing: no references
[14.860s][debug][gc,ref         ] GC(27) ReferenceProcessor::execute queues: 1, RefProcThreadModel::Single, marks_oops_alive: false
[14.860s][debug][gc,ref         ] GC(27) Skipped phase 3 of Reference Processing: no references
[14.860s][debug][gc,ref         ] GC(27) ReferenceProcessor::execute queues: 1, RefProcThreadModel::Single, marks_oops_alive: false
[14.860s][debug][gc,phases      ] GC(27) Reference Processing 0.165ms
[14.860s][debug][gc,phases      ] GC(27)   VM Weak                        Min:  0.0, Avg:  0.0, Max:  0.0, Diff:  0.0, Sum:  0.0, Workers: 4
[14.860s][debug][gc,phases      ] GC(27)     Dead                           Min: 0, Avg:  0.0, Max: 0, Diff: 0, Sum: 0, Workers: 4
[14.860s][debug][gc,phases      ] GC(27)     Total                          Min: 0, Avg: 143.8, Max: 319, Diff: 319, Sum: 575, Workers: 4
[14.860s][debug][gc,phases      ] GC(27)   ObjectSynchronizer Weak        Min:  0.0, Avg:  0.0, Max:  0.0, Diff:  0.0, Sum:  0.0, Workers: 4
[14.860s][debug][gc,phases      ] GC(27)     Dead                           Min: 0, Avg:  0.0, Max: 0, Diff: 0, Sum: 0, Workers: 4
[14.860s][debug][gc,phases      ] GC(27)     Total                          Min: 0, Avg: 75.0, Max: 256, Diff: 256, Sum: 300, Workers: 4
[14.860s][debug][gc,phases      ] GC(27)   JVMTI Tag Weak OopStorage      Min:  0.0, Avg:  0.0, Max:  0.0, Diff:  0.0, Sum:  0.0, Workers: 4
[14.860s][debug][gc,phases      ] GC(27)     Dead                           Min: 0, Avg:  0.0, Max: 0, Diff: 0, Sum: 0, Workers: 4
[14.860s][debug][gc,phases      ] GC(27)     Total                          Min: 0, Avg:  0.0, Max: 0, Diff: 0, Sum: 0, Workers: 4
[14.860s][debug][gc,phases      ] GC(27)   StringTable Weak               Min:  0.1, Avg:  0.1, Max:  0.1, Diff:  0.0, Sum:  0.5, Workers: 4
[14.860s][debug][gc,phases      ] GC(27)     Dead                           Min: 0, Avg:  2.8, Max: 11, Diff: 11, Sum: 11, Workers: 4
[14.860s][debug][gc,phases      ] GC(27)     Total                          Min: 8960, Avg: 10616.2, Max: 11874, Diff: 2914, Sum: 42465, Workers: 4
[14.860s][debug][gc,phases      ] GC(27)   ResolvedMethodTable Weak       Min:  0.0, Avg:  0.0, Max:  0.0, Diff:  0.0, Sum:  0.1, Workers: 4
[14.860s][debug][gc,phases      ] GC(27)     Dead                           Min: 0, Avg:  0.0, Max: 0, Diff: 0, Sum: 0, Workers: 4
[14.860s][debug][gc,phases      ] GC(27)     Total                          Min: 1536, Avg: 1700.5, Max: 1920, Diff: 384, Sum: 6802, Workers: 4
[14.860s][debug][gc,phases      ] GC(27)   JNI Weak                       Min:  0.0, Avg:  0.0, Max:  0.0, Diff:  0.0, Sum:  0.0, Workers: 4
[14.860s][debug][gc,phases      ] GC(27)     Dead                           Min: 0, Avg:  0.0, Max: 0, Diff: 0, Sum: 0, Workers: 4
[14.860s][debug][gc,phases      ] GC(27)     Total                          Min: 0, Avg:  1.5, Max: 6, Diff: 6, Sum: 6, Workers: 4
[14.860s][debug][gc,phases      ] GC(27)   StringDedup Table Weak         Min:  0.0, Avg:  0.0, Max:  0.0, Diff:  0.0, Sum:  0.0, Workers: 4
[14.860s][debug][gc,phases      ] GC(27)     Dead                           Min: 0, Avg:  0.0, Max: 0, Diff: 0, Sum: 0, Workers: 4
[14.860s][debug][gc,phases      ] GC(27)     Total                          Min: 0, Avg:  0.0, Max: 0, Diff: 0, Sum: 0, Workers: 4
[14.860s][debug][gc,phases      ] GC(27)   StringDedup Requests0 Weak     Min:  0.0, Avg:  0.0, Max:  0.0, Diff:  0.0, Sum:  0.0, Workers: 4
[14.860s][debug][gc,phases      ] GC(27)     Dead                           Min: 0, Avg:  0.0, Max: 0, Diff: 0, Sum: 0, Workers: 4
[14.860s][debug][gc,phases      ] GC(27)     Total                          Min: 0, Avg:  0.0, Max: 0, Diff: 0, Sum: 0, Workers: 4
[14.860s][debug][gc,phases      ] GC(27)   StringDedup Requests1 Weak     Min:  0.0, Avg:  0.0, Max:  0.0, Diff:  0.0, Sum:  0.0, Workers: 4
[14.860s][debug][gc,phases      ] GC(27)     Dead                           Min: 0, Avg:  0.0, Max: 0, Diff: 0, Sum: 0, Workers: 4
[14.860s][debug][gc,phases      ] GC(27)     Total                          Min: 0, Avg:  0.0, Max: 0, Diff: 0, Sum: 0, Workers: 4
[14.860s][debug][gc,phases      ] GC(27)   Weak JFR Old Object Samples    Min:  0.0, Avg:  0.0, Max:  0.0, Diff:  0.0, Sum:  0.0, Workers: 4
[14.860s][debug][gc,phases      ] GC(27)     Dead                           Min: 0, Avg:  0.0, Max: 0, Diff: 0, Sum: 0, Workers: 4
[14.860s][debug][gc,phases      ] GC(27)     Total                          Min: 0, Avg:  0.0, Max: 0, Diff: 0, Sum: 0, Workers: 4
[14.860s][debug][gc,phases      ] GC(27) Weak Processing 0.324ms
[14.860s][debug][gc,age         ] GC(27) Desired survivor size 185073664 bytes, new threshold 15 (max threshold 15)
[14.860s][info ][gc,heap        ] GC(27) PSYoungGen: 1834456K(1928192K)->147866K(1890816K) Eden: 1768448K(1768448K)->0K(1735680K) From: 66008K(159744K)->147866K(155136K)
[14.860s][info ][gc,heap        ] GC(27) ParOldGen: 190811K(273920K)->192331K(273920K)
[14.860s][info ][gc,metaspace   ] GC(27) Metaspace: 66753K(67520K)->66753K(67520K) NonClass: 56995K(57408K)->56995K(57408K) Class: 9758K(10112K)->9758K(10112K)
[14.860s][info ][gc             ] GC(27) Pause Young (Allocation Failure) 1977M->332M(2114M) 94.184ms
[14.860s][info ][gc,cpu         ] GC(27) User=0.34s Sys=0.03s Real=0.10s
[14.860s][info ][safepoint      ] Safepoint "ParallelGCFailedAllocation", Time since last: 418104057 ns, Reaching safepoint: 222104 ns, At safepoint: 94296720 ns, Total: 94518824 ns
[15.199s][info ][gc,start       ] GC(28) Pause Young (Allocation Failure)
[15.414s][debug][gc,phases      ] GC(28) Scavenge 214.318ms
[15.414s][debug][gc,ref         ] GC(28) Skipped phase 1 of Reference Processing: no references
[15.414s][debug][gc,ref         ] GC(28) ReferenceProcessor::execute queues: 1, RefProcThreadModel::Single, marks_oops_alive: false
[15.414s][debug][gc,ref         ] GC(28) Skipped phase 3 of Reference Processing: no references
[15.414s][debug][gc,ref         ] GC(28) ReferenceProcessor::execute queues: 1, RefProcThreadModel::Single, marks_oops_alive: false
[15.414s][debug][gc,phases      ] GC(28) Reference Processing 0.107ms
[15.414s][debug][gc,phases      ] GC(28)   VM Weak                        Min:  0.0, Avg:  0.0, Max:  0.0, Diff:  0.0, Sum:  0.0, Workers: 4
[15.414s][debug][gc,phases      ] GC(28)     Dead                           Min: 0, Avg:  0.0, Max: 0, Diff: 0, Sum: 0, Workers: 4
[15.414s][debug][gc,phases      ] GC(28)     Total                          Min: 0, Avg: 143.8, Max: 575, Diff: 575, Sum: 575, Workers: 4
[15.414s][debug][gc,phases      ] GC(28)   ObjectSynchronizer Weak        Min:  0.0, Avg:  0.0, Max:  0.0, Diff:  0.0, Sum:  0.0, Workers: 4
[15.414s][debug][gc,phases      ] GC(28)     Dead                           Min: 0, Avg:  0.0, Max: 0, Diff: 0, Sum: 0, Workers: 4
[15.414s][debug][gc,phases      ] GC(28)     Total                          Min: 0, Avg: 75.0, Max: 236, Diff: 236, Sum: 300, Workers: 4
[15.414s][debug][gc,phases      ] GC(28)   JVMTI Tag Weak OopStorage      Min:  0.0, Avg:  0.0, Max:  0.0, Diff:  0.0, Sum:  0.0, Workers: 4
[15.414s][debug][gc,phases      ] GC(28)     Dead                           Min: 0, Avg:  0.0, Max: 0, Diff: 0, Sum: 0, Workers: 4
[15.414s][debug][gc,phases      ] GC(28)     Total                          Min: 0, Avg:  0.0, Max: 0, Diff: 0, Sum: 0, Workers: 4
[15.414s][debug][gc,phases      ] GC(28)   StringTable Weak               Min:  0.1, Avg:  0.1, Max:  0.1, Diff:  0.0, Sum:  0.4, Workers: 4
[15.414s][debug][gc,phases      ] GC(28)     Dead                           Min: 0, Avg:  2.8, Max: 11, Diff: 11, Sum: 11, Workers: 4
[15.414s][debug][gc,phases      ] GC(28)     Total                          Min: 9600, Avg: 10618.0, Max: 12467, Diff: 2867, Sum: 42472, Workers: 4
[15.414s][debug][gc,phases      ] GC(28)   ResolvedMethodTable Weak       Min:  0.0, Avg:  0.0, Max:  0.0, Diff:  0.0, Sum:  0.1, Workers: 4
[15.414s][debug][gc,phases      ] GC(28)     Dead                           Min: 0, Avg:  0.0, Max: 0, Diff: 0, Sum: 0, Workers: 4
[15.414s][debug][gc,phases      ] GC(28)     Total                          Min: 1472, Avg: 1700.5, Max: 1875, Diff: 403, Sum: 6802, Workers: 4
[15.414s][debug][gc,phases      ] GC(28)   JNI Weak                       Min:  0.0, Avg:  0.0, Max:  0.0, Diff:  0.0, Sum:  0.0, Workers: 4
[15.414s][debug][gc,phases      ] GC(28)     Dead                           Min: 0, Avg:  0.0, Max: 0, Diff: 0, Sum: 0, Workers: 4
[15.414s][debug][gc,phases      ] GC(28)     Total                          Min: 0, Avg:  0.0, Max: 0, Diff: 0, Sum: 0, Workers: 4
[15.414s][debug][gc,phases      ] GC(28)   StringDedup Table Weak         Min:  0.0, Avg:  0.0, Max:  0.0, Diff:  0.0, Sum:  0.0, Workers: 4
[15.414s][debug][gc,phases      ] GC(28)     Dead                           Min: 0, Avg:  0.0, Max: 0, Diff: 0, Sum: 0, Workers: 4
[15.414s][debug][gc,phases      ] GC(28)     Total                          Min: 0, Avg:  0.0, Max: 0, Diff: 0, Sum: 0, Workers: 4
[15.414s][debug][gc,phases      ] GC(28)   StringDedup Requests0 Weak     Min:  0.0, Avg:  0.0, Max:  0.0, Diff:  0.0, Sum:  0.0, Workers: 4
[15.414s][debug][gc,phases      ] GC(28)     Dead                           Min: 0, Avg:  0.0, Max: 0, Diff: 0, Sum: 0, Workers: 4
[15.414s][debug][gc,phases      ] GC(28)     Total                          Min: 0, Avg:  0.0, Max: 0, Diff: 0, Sum: 0, Workers: 4
[15.414s][debug][gc,phases      ] GC(28)   StringDedup Requests1 Weak     Min:  0.0, Avg:  0.0, Max:  0.0, Diff:  0.0, Sum:  0.0, Workers: 4
[15.414s][debug][gc,phases      ] GC(28)     Dead                           Min: 0, Avg:  0.0, Max: 0, Diff: 0, Sum: 0, Workers: 4
[15.414s][debug][gc,phases      ] GC(28)     Total                          Min: 0, Avg:  0.0, Max: 0, Diff: 0, Sum: 0, Workers: 4
[15.414s][debug][gc,phases      ] GC(28)   Weak JFR Old Object Samples    Min:  0.0, Avg:  0.0, Max:  0.0, Diff:  0.0, Sum:  0.0, Workers: 4
[15.414s][debug][gc,phases      ] GC(28)     Dead                           Min: 0, Avg:  0.0, Max: 0, Diff: 0, Sum: 0, Workers: 4
[15.414s][debug][gc,phases      ] GC(28)     Total                          Min: 0, Avg:  0.0, Max: 0, Diff: 0, Sum: 0, Workers: 4
[15.414s][debug][gc,phases      ] GC(28) Weak Processing 0.324ms
[15.414s][debug][gc,age         ] GC(28) Desired survivor size 274726912 bytes, new threshold 14 (max threshold 15)
[15.414s][info ][gc,heap        ] GC(28) PSYoungGen: 1883546K(1890816K)->180726K(1916416K) Eden: 1735680K(1735680K)->0K(1735680K) From: 147866K(155136K)->180726K(180736K)
[15.414s][info ][gc,heap        ] GC(28) ParOldGen: 192331K(273920K)->342039K(342528K)
[15.414s][info ][gc,metaspace   ] GC(28) Metaspace: 66805K(67520K)->66805K(67520K) NonClass: 57047K(57408K)->57047K(57408K) Class: 9758K(10112K)->9758K(10112K)
[15.414s][info ][gc             ] GC(28) Pause Young (Allocation Failure) 2027M->510M(2206M) 214.866ms
[15.414s][info ][gc,cpu         ] GC(28) User=0.77s Sys=0.09s Real=0.21s
[15.414s][debug][gc,phases      ] GC(29) Pre Compact 0.010ms
[15.414s][info ][gc,start       ] GC(29) Pause Full (Ergonomics)
[15.414s][info ][gc,phases,start] GC(29) Marking Phase
[15.623s][debug][gc,phases      ] GC(29) Par Mark 208.272ms
[15.623s][debug][gc,ref         ] GC(29) Skipped phase 1 of Reference Processing: no references
[15.623s][debug][gc,ref         ] GC(29) ReferenceProcessor::execute queues: 4, RefProcThreadModel::Multi, marks_oops_alive: false
[15.623s][debug][gc,ref         ] GC(29) Skipped phase 3 of Reference Processing: no references
[15.623s][debug][gc,ref         ] GC(29) ReferenceProcessor::execute queues: 1, RefProcThreadModel::Single, marks_oops_alive: false
[15.623s][debug][gc,phases      ] GC(29) Reference Processing 0.425ms
[15.623s][debug][gc,phases      ] GC(29)   VM Weak                        Min:  0.0, Avg:  0.0, Max:  0.0, Diff:  0.0, Sum:  0.0, Workers: 4
[15.623s][debug][gc,phases      ] GC(29)     Dead                           Min: 0, Avg:  0.0, Max: 0, Diff: 0, Sum: 0, Workers: 4
[15.623s][debug][gc,phases      ] GC(29)     Total                          Min: 0, Avg: 143.8, Max: 383, Diff: 383, Sum: 575, Workers: 4
[15.623s][debug][gc,phases      ] GC(29)   ObjectSynchronizer Weak        Min:  0.0, Avg:  0.0, Max:  0.0, Diff:  0.0, Sum:  0.0, Workers: 4
[15.623s][debug][gc,phases      ] GC(29)     Dead                           Min: 0, Avg:  0.0, Max: 0, Diff: 0, Sum: 0, Workers: 4
[15.623s][debug][gc,phases      ] GC(29)     Total                          Min: 0, Avg: 75.0, Max: 128, Diff: 128, Sum: 300, Workers: 4
[15.623s][debug][gc,phases      ] GC(29)   JVMTI Tag Weak OopStorage      Min:  0.0, Avg:  0.0, Max:  0.0, Diff:  0.0, Sum:  0.0, Workers: 4
[15.623s][debug][gc,phases      ] GC(29)     Dead                           Min: 0, Avg:  0.0, Max: 0, Diff: 0, Sum: 0, Workers: 4
[15.623s][debug][gc,phases      ] GC(29)     Total                          Min: 0, Avg:  0.0, Max: 0, Diff: 0, Sum: 0, Workers: 4
[15.623s][debug][gc,phases      ] GC(29)   StringTable Weak               Min:  0.2, Avg:  0.2, Max:  0.2, Diff:  0.0, Sum:  0.6, Workers: 4
[15.623s][debug][gc,phases      ] GC(29)     Dead                           Min: 0, Avg:  0.0, Max: 0, Diff: 0, Sum: 0, Workers: 4
[15.623s][debug][gc,phases      ] GC(29)     Total                          Min: 9961, Avg: 10618.0, Max: 12096, Diff: 2135, Sum: 42472, Workers: 4
[15.623s][debug][gc,phases      ] GC(29)   ResolvedMethodTable Weak       Min:  0.0, Avg:  0.0, Max:  0.0, Diff:  0.0, Sum:  0.1, Workers: 4
[15.623s][debug][gc,phases      ] GC(29)     Dead                           Min: 0, Avg:  0.2, Max: 1, Diff: 1, Sum: 1, Workers: 4
[15.623s][debug][gc,phases      ] GC(29)     Total                          Min: 1472, Avg: 1700.5, Max: 2003, Diff: 531, Sum: 6802, Workers: 4
[15.623s][debug][gc,phases      ] GC(29)   JNI Weak                       Min:  0.0, Avg:  0.0, Max:  0.0, Diff:  0.0, Sum:  0.0, Workers: 4
[15.623s][debug][gc,phases      ] GC(29)     Dead                           Min: 0, Avg:  0.0, Max: 0, Diff: 0, Sum: 0, Workers: 4
[15.623s][debug][gc,phases      ] GC(29)     Total                          Min: 0, Avg:  0.0, Max: 0, Diff: 0, Sum: 0, Workers: 4
[15.624s][debug][gc,phases      ] GC(29)   StringDedup Table Weak         Min:  0.0, Avg:  0.0, Max:  0.0, Diff:  0.0, Sum:  0.0, Workers: 4
[15.624s][debug][gc,phases      ] GC(29)     Dead                           Min: 0, Avg:  0.0, Max: 0, Diff: 0, Sum: 0, Workers: 4
[15.624s][debug][gc,phases      ] GC(29)     Total                          Min: 0, Avg:  0.0, Max: 0, Diff: 0, Sum: 0, Workers: 4
[15.624s][debug][gc,phases      ] GC(29)   StringDedup Requests0 Weak     Min:  0.0, Avg:  0.0, Max:  0.0, Diff:  0.0, Sum:  0.0, Workers: 4
[15.624s][debug][gc,phases      ] GC(29)     Dead                           Min: 0, Avg:  0.0, Max: 0, Diff: 0, Sum: 0, Workers: 4
[15.624s][debug][gc,phases      ] GC(29)     Total                          Min: 0, Avg:  0.0, Max: 0, Diff: 0, Sum: 0, Workers: 4
[15.624s][debug][gc,phases      ] GC(29)   StringDedup Requests1 Weak     Min:  0.0, Avg:  0.0, Max:  0.0, Diff:  0.0, Sum:  0.0, Workers: 4
[15.624s][debug][gc,phases      ] GC(29)     Dead                           Min: 0, Avg:  0.0, Max: 0, Diff: 0, Sum: 0, Workers: 4
[15.624s][debug][gc,phases      ] GC(29)     Total                          Min: 0, Avg:  0.0, Max: 0, Diff: 0, Sum: 0, Workers: 4
[15.624s][debug][gc,phases      ] GC(29)   Weak JFR Old Object Samples    Min:  0.0, Avg:  0.0, Max:  0.0, Diff:  0.0, Sum:  0.0, Workers: 4
[15.624s][debug][gc,phases      ] GC(29)     Dead                           Min: 0, Avg:  0.0, Max: 0, Diff: 0, Sum: 0, Workers: 4
[15.624s][debug][gc,phases      ] GC(29)     Total                          Min: 0, Avg:  0.0, Max: 0, Diff: 0, Sum: 0, Workers: 4
[15.624s][debug][gc,phases      ] GC(29) Weak Processing 0.380ms
[15.624s][debug][gc,phases      ] GC(29) ClassLoaderData 0.076ms
[15.624s][debug][gc,phases      ] GC(29) Trigger cleanups 0.000ms
[15.631s][debug][gc,phases      ] GC(29) Class Unloading 7.488ms
[15.631s][info ][gc,phases      ] GC(29) Marking Phase 216.725ms
[15.631s][info ][gc,phases,start] GC(29) Summary Phase
[15.631s][info ][gc,phases      ] GC(29) Summary Phase 0.011ms
[15.631s][info ][gc,phases,start] GC(29) Adjust Roots
[15.641s][info ][gc,phases      ] GC(29) Adjust Roots 10.254ms
[15.641s][info ][gc,phases,start] GC(29) Compaction Phase
[16.298s][info ][gc,phases      ] GC(29) Compaction Phase 656.311ms
[16.298s][info ][gc,phases,start] GC(29) Post Compact
[16.300s][info ][gc,phases      ] GC(29) Post Compact 2.075ms
[16.300s][info ][gc,heap        ] GC(29) PSYoungGen: 180726K(1916416K)->178270K(1914368K) Eden: 0K(1735680K)->0K(1735680K) From: 180726K(180736K)->178270K(178688K)
[16.300s][info ][gc,heap        ] GC(29) ParOldGen: 342039K(342528K)->342403K(453120K)
[16.300s][info ][gc,metaspace   ] GC(29) Metaspace: 66805K(67520K)->66805K(67520K) NonClass: 57047K(57408K)->57047K(57408K) Class: 9758K(10112K)->9758K(10112K)
[16.300s][info ][gc             ] GC(29) Pause Full (Ergonomics) 510M->508M(2312M) 885.714ms
[16.300s][info ][gc,cpu         ] GC(29) User=3.46s Sys=0.01s Real=0.89s
[16.301s][info ][safepoint      ] Safepoint "ParallelGCFailedAllocation", Time since last: 339136765 ns, Reaching safepoint: 148303 ns, At safepoint: 1101944006 ns, Total: 1102092309 ns
[16.590s][info ][safepoint      ] Safepoint "ICBufferFull", Time since last: 288910789 ns, Reaching safepoint: 186904 ns, At safepoint: 37601 ns, Total: 224505 ns
[16.620s][info ][safepoint      ] Safepoint "ICBufferFull", Time since last: 28892519 ns, Reaching safepoint: 155903 ns, At safepoint: 27401 ns, Total: 183304 ns
[16.648s][info ][safepoint      ] Safepoint "ICBufferFull", Time since last: 28419909 ns, Reaching safepoint: 119702 ns, At safepoint: 30201 ns, Total: 149903 ns
[16.673s][info ][safepoint      ] Safepoint "ICBufferFull", Time since last: 24627027 ns, Reaching safepoint: 119703 ns, At safepoint: 26701 ns, Total: 146404 ns
[16.693s][info ][safepoint      ] Safepoint "ICBufferFull", Time since last: 19655721 ns, Reaching safepoint: 120702 ns, At safepoint: 28101 ns, Total: 148803 ns
[16.762s][info ][gc,start       ] GC(30) Pause Young (Allocation Failure)
[16.887s][debug][gc,phases      ] GC(30) Scavenge 124.503ms
[16.887s][debug][gc,ref         ] GC(30) Skipped phase 1 of Reference Processing: no references
[16.887s][debug][gc,ref         ] GC(30) ReferenceProcessor::execute queues: 1, RefProcThreadModel::Single, marks_oops_alive: false
[16.887s][debug][gc,ref         ] GC(30) Skipped phase 3 of Reference Processing: no references
[16.887s][debug][gc,ref         ] GC(30) ReferenceProcessor::execute queues: 1, RefProcThreadModel::Single, marks_oops_alive: false
[16.887s][debug][gc,phases      ] GC(30) Reference Processing 0.156ms
[16.887s][debug][gc,phases      ] GC(30)   VM Weak                        Min:  0.0, Avg:  0.0, Max:  0.0, Diff:  0.0, Sum:  0.0, Workers: 4
[16.887s][debug][gc,phases      ] GC(30)     Dead                           Min: 0, Avg:  0.0, Max: 0, Diff: 0, Sum: 0, Workers: 4
[16.887s][debug][gc,phases      ] GC(30)     Total                          Min: 0, Avg: 146.8, Max: 512, Diff: 512, Sum: 587, Workers: 4
[16.887s][debug][gc,phases      ] GC(30)   ObjectSynchronizer Weak        Min:  0.0, Avg:  0.0, Max:  0.0, Diff:  0.0, Sum:  0.0, Workers: 4
[16.887s][debug][gc,phases      ] GC(30)     Dead                           Min: 0, Avg:  0.0, Max: 0, Diff: 0, Sum: 0, Workers: 4
[16.887s][debug][gc,phases      ] GC(30)     Total                          Min: 0, Avg: 75.0, Max: 236, Diff: 236, Sum: 300, Workers: 4
[16.887s][debug][gc,phases      ] GC(30)   JVMTI Tag Weak OopStorage      Min:  0.0, Avg:  0.0, Max:  0.0, Diff:  0.0, Sum:  0.0, Workers: 4
[16.887s][debug][gc,phases      ] GC(30)     Dead                           Min: 0, Avg:  0.0, Max: 0, Diff: 0, Sum: 0, Workers: 4
[16.887s][debug][gc,phases      ] GC(30)     Total                          Min: 0, Avg:  0.0, Max: 0, Diff: 0, Sum: 0, Workers: 4
[16.887s][debug][gc,phases      ] GC(30)   StringTable Weak               Min:  0.0, Avg:  0.1, Max:  0.1, Diff:  0.1, Sum:  0.4, Workers: 4
[16.887s][debug][gc,phases      ] GC(30)     Dead                           Min: 0, Avg:  4.0, Max: 13, Diff: 13, Sum: 16, Workers: 4
[16.887s][debug][gc,phases      ] GC(30)     Total                          Min: 0, Avg: 10671.5, Max: 15808, Diff: 15808, Sum: 42686, Workers: 4
[16.887s][debug][gc,phases      ] GC(30)   ResolvedMethodTable Weak       Min:  0.0, Avg:  0.0, Max:  0.0, Diff:  0.0, Sum:  0.1, Workers: 4
[16.887s][debug][gc,phases      ] GC(30)     Dead                           Min: 0, Avg:  9.0, Max: 24, Diff: 24, Sum: 36, Workers: 4
[16.887s][debug][gc,phases      ] GC(30)     Total                          Min: 0, Avg: 1743.0, Max: 2620, Diff: 2620, Sum: 6972, Workers: 4
[16.887s][debug][gc,phases      ] GC(30)   JNI Weak                       Min:  0.0, Avg:  0.0, Max:  0.0, Diff:  0.0, Sum:  0.0, Workers: 4
[16.887s][debug][gc,phases      ] GC(30)     Dead                           Min: 0, Avg:  0.0, Max: 0, Diff: 0, Sum: 0, Workers: 4
[16.887s][debug][gc,phases      ] GC(30)     Total                          Min: 0, Avg:  0.0, Max: 0, Diff: 0, Sum: 0, Workers: 4
[16.887s][debug][gc,phases      ] GC(30)   StringDedup Table Weak         Min:  0.0, Avg:  0.0, Max:  0.0, Diff:  0.0, Sum:  0.0, Workers: 4
[16.887s][debug][gc,phases      ] GC(30)     Dead                           Min: 0, Avg:  0.0, Max: 0, Diff: 0, Sum: 0, Workers: 4
[16.887s][debug][gc,phases      ] GC(30)     Total                          Min: 0, Avg:  0.0, Max: 0, Diff: 0, Sum: 0, Workers: 4
[16.887s][debug][gc,phases      ] GC(30)   StringDedup Requests0 Weak     Min:  0.0, Avg:  0.0, Max:  0.0, Diff:  0.0, Sum:  0.0, Workers: 4
[16.887s][debug][gc,phases      ] GC(30)     Dead                           Min: 0, Avg:  0.0, Max: 0, Diff: 0, Sum: 0, Workers: 4
[16.887s][debug][gc,phases      ] GC(30)     Total                          Min: 0, Avg:  0.0, Max: 0, Diff: 0, Sum: 0, Workers: 4
[16.887s][debug][gc,phases      ] GC(30)   StringDedup Requests1 Weak     Min:  0.0, Avg:  0.0, Max:  0.0, Diff:  0.0, Sum:  0.0, Workers: 4
[16.887s][debug][gc,phases      ] GC(30)     Dead                           Min: 0, Avg:  0.0, Max: 0, Diff: 0, Sum: 0, Workers: 4
[16.887s][debug][gc,phases      ] GC(30)     Total                          Min: 0, Avg:  0.0, Max: 0, Diff: 0, Sum: 0, Workers: 4
[16.887s][debug][gc,phases      ] GC(30)   Weak JFR Old Object Samples    Min:  0.0, Avg:  0.0, Max:  0.0, Diff:  0.0, Sum:  0.0, Workers: 4
[16.887s][debug][gc,phases      ] GC(30)     Dead                           Min: 0, Avg:  0.0, Max: 0, Diff: 0, Sum: 0, Workers: 4
[16.887s][debug][gc,phases      ] GC(30)     Total                          Min: 0, Avg:  0.0, Max: 0, Diff: 0, Sum: 0, Workers: 4
[16.887s][debug][gc,phases      ] GC(30) Weak Processing 0.365ms
[16.887s][debug][gc,age         ] GC(30) Desired survivor size 296747008 bytes, new threshold 13 (max threshold 15)
[16.888s][info ][gc,heap        ] GC(30) PSYoungGen: 1913950K(1914368K)->182781K(1700352K) Eden: 1735680K(1735680K)->0K(1517568K) From: 178270K(178688K)->182781K(182784K)
[16.888s][info ][gc,heap        ] GC(30) ParOldGen: 342403K(453120K)->352992K(453120K)
[16.888s][info ][gc,metaspace   ] GC(30) Metaspace: 67433K(68224K)->67433K(68224K) NonClass: 57569K(57984K)->57569K(57984K) Class: 9864K(10240K)->9864K(10240K)
[16.888s][info ][gc             ] GC(30) Pause Young (Allocation Failure) 2203M->523M(2103M) 125.164ms
[16.888s][info ][gc,cpu         ] GC(30) User=0.49s Sys=0.01s Real=0.12s
[16.888s][info ][safepoint      ] Safepoint "ParallelGCFailedAllocation", Time since last: 68089958 ns, Reaching safepoint: 1534833 ns, At safepoint: 125288484 ns, Total: 126823317 ns
[16.921s][info ][safepoint      ] Safepoint "ICBufferFull", Time since last: 30383951 ns, Reaching safepoint: 3175668 ns, At safepoint: 35901 ns, Total: 3211569 ns
[16.940s][info ][safepoint      ] Safepoint "ICBufferFull", Time since last: 18589698 ns, Reaching safepoint: 125903 ns, At safepoint: 23400 ns, Total: 149303 ns
[16.975s][info ][safepoint      ] Safepoint "ICBufferFull", Time since last: 34399237 ns, Reaching safepoint: 194405 ns, At safepoint: 26600 ns, Total: 221005 ns
[16.994s][info ][safepoint      ] Safepoint "ICBufferFull", Time since last: 19500618 ns, Reaching safepoint: 95202 ns, At safepoint: 22800 ns, Total: 118002 ns
[17.041s][info ][safepoint      ] Safepoint "ICBufferFull", Time since last: 44024944 ns, Reaching safepoint: 3203768 ns, At safepoint: 32101 ns, Total: 3235869 ns
[17.049s][info ][safepoint      ] Safepoint "ICBufferFull", Time since last: 6885947 ns, Reaching safepoint: 139403 ns, At safepoint: 47001 ns, Total: 186404 ns
[17.092s][info ][safepoint      ] Safepoint "ICBufferFull", Time since last: 43741037 ns, Reaching safepoint: 113603 ns, At safepoint: 26800 ns, Total: 140403 ns
[17.117s][info ][safepoint      ] Safepoint "ICBufferFull", Time since last: 24018915 ns, Reaching safepoint: 184904 ns, At safepoint: 29301 ns, Total: 214205 ns
[17.136s][info ][safepoint      ] Safepoint "ICBufferFull", Time since last: 19490517 ns, Reaching safepoint: 131003 ns, At safepoint: 36201 ns, Total: 167204 ns
[17.144s][info ][safepoint      ] Safepoint "ICBufferFull", Time since last: 7963270 ns, Reaching safepoint: 115803 ns, At safepoint: 23300 ns, Total: 139103 ns
[17.145s][info ][safepoint      ] Safepoint "ICBufferFull", Time since last: 234105 ns, Reaching safepoint: 100802 ns, At safepoint: 23701 ns, Total: 124503 ns
[17.153s][info ][safepoint      ] Safepoint "ICBufferFull", Time since last: 7191954 ns, Reaching safepoint: 670414 ns, At safepoint: 25001 ns, Total: 695415 ns
[17.176s][info ][safepoint      ] Safepoint "ICBufferFull", Time since last: 23010893 ns, Reaching safepoint: 136403 ns, At safepoint: 28400 ns, Total: 164803 ns
[17.198s][info ][safepoint      ] Safepoint "ICBufferFull", Time since last: 21546062 ns, Reaching safepoint: 125803 ns, At safepoint: 26700 ns, Total: 152503 ns
[17.207s][info ][safepoint      ] Safepoint "ICBufferFull", Time since last: 9201597 ns, Reaching safepoint: 127403 ns, At safepoint: 23901 ns, Total: 151304 ns
[17.229s][info ][safepoint      ] Safepoint "ICBufferFull", Time since last: 20942348 ns, Reaching safepoint: 810118 ns, At safepoint: 26100 ns, Total: 836218 ns
[17.235s][info ][safepoint      ] Safepoint "ICBufferFull", Time since last: 6335036 ns, Reaching safepoint: 126403 ns, At safepoint: 39500 ns, Total: 165903 ns
[17.245s][info ][safepoint      ] Safepoint "ICBufferFull", Time since last: 9941313 ns, Reaching safepoint: 123403 ns, At safepoint: 27201 ns, Total: 150604 ns
[17.260s][info ][safepoint      ] Safepoint "ICBufferFull", Time since last: 14303906 ns, Reaching safepoint: 124003 ns, At safepoint: 28400 ns, Total: 152403 ns
[17.260s][info ][gc,start       ] GC(31) Pause Young (Allocation Failure)
[17.380s][debug][gc,phases      ] GC(31) Scavenge 120.295ms
[17.380s][debug][gc,ref         ] GC(31) Skipped phase 1 of Reference Processing: no references
[17.380s][debug][gc,ref         ] GC(31) ReferenceProcessor::execute queues: 1, RefProcThreadModel::Single, marks_oops_alive: false
[17.380s][debug][gc,ref         ] GC(31) Skipped phase 3 of Reference Processing: no references
[17.380s][debug][gc,ref         ] GC(31) ReferenceProcessor::execute queues: 1, RefProcThreadModel::Single, marks_oops_alive: false
[17.380s][debug][gc,phases      ] GC(31) Reference Processing 0.155ms
[17.381s][debug][gc,phases      ] GC(31)   VM Weak                        Min:  0.0, Avg:  0.0, Max:  0.0, Diff:  0.0, Sum:  0.0, Workers: 4
[17.381s][debug][gc,phases      ] GC(31)     Dead                           Min: 0, Avg:  0.0, Max: 0, Diff: 0, Sum: 0, Workers: 4
[17.381s][debug][gc,phases      ] GC(31)     Total                          Min: 0, Avg: 147.0, Max: 524, Diff: 524, Sum: 588, Workers: 4
[17.381s][debug][gc,phases      ] GC(31)   ObjectSynchronizer Weak        Min:  0.0, Avg:  0.0, Max:  0.0, Diff:  0.0, Sum:  0.0, Workers: 4
[17.381s][debug][gc,phases      ] GC(31)     Dead                           Min: 0, Avg:  0.0, Max: 0, Diff: 0, Sum: 0, Workers: 4
[17.381s][debug][gc,phases      ] GC(31)     Total                          Min: 0, Avg: 75.0, Max: 172, Diff: 172, Sum: 300, Workers: 4
[17.381s][debug][gc,phases      ] GC(31)   JVMTI Tag Weak OopStorage      Min:  0.0, Avg:  0.0, Max:  0.0, Diff:  0.0, Sum:  0.0, Workers: 4
[17.381s][debug][gc,phases      ] GC(31)     Dead                           Min: 0, Avg:  0.0, Max: 0, Diff: 0, Sum: 0, Workers: 4
[17.381s][debug][gc,phases      ] GC(31)     Total                          Min: 0, Avg:  0.0, Max: 0, Diff: 0, Sum: 0, Workers: 4
[17.381s][debug][gc,phases      ] GC(31)   StringTable Weak               Min:  0.1, Avg:  0.1, Max:  0.1, Diff:  0.0, Sum:  0.5, Workers: 4
[17.381s][debug][gc,phases      ] GC(31)     Dead                           Min: 0, Avg:  2.8, Max: 11, Diff: 11, Sum: 11, Workers: 4
[17.381s][debug][gc,phases      ] GC(31)     Total                          Min: 9856, Avg: 10687.8, Max: 11648, Diff: 1792, Sum: 42751, Workers: 4
[17.381s][debug][gc,phases      ] GC(31)   ResolvedMethodTable Weak       Min:  0.0, Avg:  0.0, Max:  0.0, Diff:  0.0, Sum:  0.1, Workers: 4
[17.381s][debug][gc,phases      ] GC(31)     Dead                           Min: 0, Avg:  6.0, Max: 24, Diff: 24, Sum: 24, Workers: 4
[17.381s][debug][gc,phases      ] GC(31)     Total                          Min: 1536, Avg: 1748.8, Max: 1970, Diff: 434, Sum: 6995, Workers: 4
[17.381s][debug][gc,phases      ] GC(31)   JNI Weak                       Min:  0.0, Avg:  0.0, Max:  0.0, Diff:  0.0, Sum:  0.0, Workers: 4
[17.381s][debug][gc,phases      ] GC(31)     Dead                           Min: 0, Avg:  0.0, Max: 0, Diff: 0, Sum: 0, Workers: 4
[17.381s][debug][gc,phases      ] GC(31)     Total                          Min: 0, Avg:  1.5, Max: 6, Diff: 6, Sum: 6, Workers: 4
[17.381s][debug][gc,phases      ] GC(31)   StringDedup Table Weak         Min:  0.0, Avg:  0.0, Max:  0.0, Diff:  0.0, Sum:  0.0, Workers: 4
[17.381s][debug][gc,phases      ] GC(31)     Dead                           Min: 0, Avg:  0.0, Max: 0, Diff: 0, Sum: 0, Workers: 4
[17.381s][debug][gc,phases      ] GC(31)     Total                          Min: 0, Avg:  0.0, Max: 0, Diff: 0, Sum: 0, Workers: 4
[17.381s][debug][gc,phases      ] GC(31)   StringDedup Requests0 Weak     Min:  0.0, Avg:  0.0, Max:  0.0, Diff:  0.0, Sum:  0.0, Workers: 4
[17.381s][debug][gc,phases      ] GC(31)     Dead                           Min: 0, Avg:  0.0, Max: 0, Diff: 0, Sum: 0, Workers: 4
[17.381s][debug][gc,phases      ] GC(31)     Total                          Min: 0, Avg:  0.0, Max: 0, Diff: 0, Sum: 0, Workers: 4
[17.381s][debug][gc,phases      ] GC(31)   StringDedup Requests1 Weak     Min:  0.0, Avg:  0.0, Max:  0.0, Diff:  0.0, Sum:  0.0, Workers: 4
[17.381s][debug][gc,phases      ] GC(31)     Dead                           Min: 0, Avg:  0.0, Max: 0, Diff: 0, Sum: 0, Workers: 4
[17.381s][debug][gc,phases      ] GC(31)     Total                          Min: 0, Avg:  0.0, Max: 0, Diff: 0, Sum: 0, Workers: 4
[17.381s][debug][gc,phases      ] GC(31)   Weak JFR Old Object Samples    Min:  0.0, Avg:  0.0, Max:  0.0, Diff:  0.0, Sum:  0.0, Workers: 4
[17.381s][debug][gc,phases      ] GC(31)     Dead                           Min: 0, Avg:  0.0, Max: 0, Diff: 0, Sum: 0, Workers: 4
[17.381s][debug][gc,phases      ] GC(31)     Total                          Min: 0, Avg:  0.0, Max: 0, Diff: 0, Sum: 0, Workers: 4
[17.381s][debug][gc,phases      ] GC(31) Weak Processing 0.390ms
[17.381s][debug][gc,age         ] GC(31) Desired survivor size 308281344 bytes, new threshold 14 (max threshold 15)
[17.381s][info ][gc,heap        ] GC(31) PSYoungGen: 1700349K(1700352K)->180461K(1698304K) Eden: 1517568K(1517568K)->0K(1517568K) From: 182781K(182784K)->180461K(180736K)
[17.381s][info ][gc,heap        ] GC(31) ParOldGen: 352992K(453120K)->356576K(453120K)
[17.381s][info ][gc,metaspace   ] GC(31) Metaspace: 67692K(68480K)->67692K(68480K) NonClass: 57808K(58240K)->57808K(58240K) Class: 9884K(10240K)->9884K(10240K)
[17.381s][info ][gc             ] GC(31) Pause Young (Allocation Failure) 2005M->524M(2101M) 120.957ms
[17.381s][info ][gc,cpu         ] GC(31) User=0.47s Sys=0.01s Real=0.12s
[17.381s][info ][safepoint      ] Safepoint "ParallelGCFailedAllocation", Time since last: 78702 ns, Reaching safepoint: 104302 ns, At safepoint: 121063094 ns, Total: 121167396 ns
[17.399s][info ][safepoint      ] Safepoint "ICBufferFull", Time since last: 17339471 ns, Reaching safepoint: 596713 ns, At safepoint: 30601 ns, Total: 627314 ns
[17.407s][info ][safepoint      ] Safepoint "ICBufferFull", Time since last: 7296656 ns, Reaching safepoint: 328007 ns, At safepoint: 35701 ns, Total: 363708 ns
[17.430s][info ][safepoint      ] Safepoint "ICBufferFull", Time since last: 23230097 ns, Reaching safepoint: 131703 ns, At safepoint: 28801 ns, Total: 160504 ns
[17.439s][info ][safepoint      ] Safepoint "ICBufferFull", Time since last: 8759087 ns, Reaching safepoint: 534812 ns, At safepoint: 24500 ns, Total: 559312 ns
[17.462s][info ][safepoint      ] Safepoint "ICBufferFull", Time since last: 22187076 ns, Reaching safepoint: 136903 ns, At safepoint: 32000 ns, Total: 168903 ns
[17.470s][info ][safepoint      ] Safepoint "ICBufferFull", Time since last: 7856469 ns, Reaching safepoint: 120902 ns, At safepoint: 22501 ns, Total: 143403 ns
[17.512s][info ][safepoint      ] Safepoint "ICBufferFull", Time since last: 35444059 ns, Reaching safepoint: 6430138 ns, At safepoint: 52901 ns, Total: 6483039 ns
[17.517s][info ][safepoint      ] Safepoint "ICBufferFull", Time since last: 5611920 ns, Reaching safepoint: 124703 ns, At safepoint: 49101 ns, Total: 173804 ns
[17.526s][info ][safepoint      ] Safepoint "ICBufferFull", Time since last: 8062173 ns, Reaching safepoint: 145903 ns, At safepoint: 50701 ns, Total: 196604 ns
[17.554s][info ][safepoint      ] Safepoint "ICBufferFull", Time since last: 28574812 ns, Reaching safepoint: 140503 ns, At safepoint: 28901 ns, Total: 169404 ns
[17.565s][info ][safepoint      ] Safepoint "ICBufferFull", Time since last: 10384022 ns, Reaching safepoint: 138403 ns, At safepoint: 35201 ns, Total: 173604 ns
[17.571s][info ][safepoint      ] Safepoint "ICBufferFull", Time since last: 6183632 ns, Reaching safepoint: 105003 ns, At safepoint: 26900 ns, Total: 131903 ns
[17.591s][info ][safepoint      ] Safepoint "ICBufferFull", Time since last: 20137432 ns, Reaching safepoint: 104402 ns, At safepoint: 36201 ns, Total: 140603 ns
[17.597s][info ][safepoint      ] Safepoint "ICBufferFull", Time since last: 5516518 ns, Reaching safepoint: 167703 ns, At safepoint: 29501 ns, Total: 197204 ns
[17.613s][info ][safepoint      ] Safepoint "ICBufferFull", Time since last: 11688350 ns, Reaching safepoint: 4492497 ns, At safepoint: 32600 ns, Total: 4525097 ns
[17.623s][info ][safepoint      ] Safepoint "ICBufferFull", Time since last: 8995793 ns, Reaching safepoint: 126003 ns, At safepoint: 26900 ns, Total: 152903 ns
[17.634s][info ][safepoint      ] Safepoint "ICBufferFull", Time since last: 11108638 ns, Reaching safepoint: 123003 ns, At safepoint: 29001 ns, Total: 152004 ns
[17.643s][info ][safepoint      ] Safepoint "ICBufferFull", Time since last: 8455481 ns, Reaching safepoint: 261605 ns, At safepoint: 30101 ns, Total: 291706 ns
[17.657s][info ][safepoint      ] Safepoint "ICBufferFull", Time since last: 13734994 ns, Reaching safepoint: 306307 ns, At safepoint: 28800 ns, Total: 335107 ns
[17.671s][info ][safepoint      ] Safepoint "ICBufferFull", Time since last: 14555512 ns, Reaching safepoint: 114503 ns, At safepoint: 23900 ns, Total: 138403 ns
[17.684s][info ][safepoint      ] Safepoint "ICBufferFull", Time since last: 10599627 ns, Reaching safepoint: 2149646 ns, At safepoint: 34401 ns, Total: 2184047 ns
[17.829s][info ][gc,start       ] GC(32) Pause Young (Allocation Failure)
[17.948s][debug][gc,phases      ] GC(32) Scavenge 119.088ms
[17.948s][debug][gc,ref         ] GC(32) Skipped phase 1 of Reference Processing: no references
[17.948s][debug][gc,ref         ] GC(32) ReferenceProcessor::execute queues: 1, RefProcThreadModel::Single, marks_oops_alive: false
[17.948s][debug][gc,ref         ] GC(32) Skipped phase 3 of Reference Processing: no references
[17.948s][debug][gc,ref         ] GC(32) ReferenceProcessor::execute queues: 1, RefProcThreadModel::Single, marks_oops_alive: false
[17.948s][debug][gc,phases      ] GC(32) Reference Processing 0.129ms
[17.948s][debug][gc,phases      ] GC(32)   VM Weak                        Min:  0.0, Avg:  0.0, Max:  0.0, Diff:  0.0, Sum:  0.0, Workers: 4
[17.948s][debug][gc,phases      ] GC(32)     Dead                           Min: 0, Avg:  0.0, Max: 0, Diff: 0, Sum: 0, Workers: 4
[17.948s][debug][gc,phases      ] GC(32)     Total                          Min: 0, Avg: 147.0, Max: 384, Diff: 384, Sum: 588, Workers: 4
[17.948s][debug][gc,phases      ] GC(32)   ObjectSynchronizer Weak        Min:  0.0, Avg:  0.0, Max:  0.0, Diff:  0.0, Sum:  0.0, Workers: 4
[17.948s][debug][gc,phases      ] GC(32)     Dead                           Min: 0, Avg:  0.0, Max: 0, Diff: 0, Sum: 0, Workers: 4
[17.948s][debug][gc,phases      ] GC(32)     Total                          Min: 0, Avg: 75.0, Max: 128, Diff: 128, Sum: 300, Workers: 4
[17.948s][debug][gc,phases      ] GC(32)   JVMTI Tag Weak OopStorage      Min:  0.0, Avg:  0.0, Max:  0.0, Diff:  0.0, Sum:  0.0, Workers: 4
[17.948s][debug][gc,phases      ] GC(32)     Dead                           Min: 0, Avg:  0.0, Max: 0, Diff: 0, Sum: 0, Workers: 4
[17.948s][debug][gc,phases      ] GC(32)     Total                          Min: 0, Avg:  0.0, Max: 0, Diff: 0, Sum: 0, Workers: 4
[17.948s][debug][gc,phases      ] GC(32)   StringTable Weak               Min:  0.1, Avg:  0.1, Max:  0.1, Diff:  0.0, Sum:  0.4, Workers: 4
[17.948s][debug][gc,phases      ] GC(32)     Dead                           Min: 0, Avg:  2.8, Max: 10, Diff: 10, Sum: 11, Workers: 4
[17.948s][debug][gc,phases      ] GC(32)     Total                          Min: 10123, Avg: 10690.8, Max: 11648, Diff: 1525, Sum: 42763, Workers: 4
[17.948s][debug][gc,phases      ] GC(32)   ResolvedMethodTable Weak       Min:  0.0, Avg:  0.0, Max:  0.0, Diff:  0.0, Sum:  0.1, Workers: 4
[17.948s][debug][gc,phases      ] GC(32)     Dead                           Min: 0, Avg:  0.0, Max: 0, Diff: 0, Sum: 0, Workers: 4
[17.948s][debug][gc,phases      ] GC(32)     Total                          Min: 1536, Avg: 1748.8, Max: 1984, Diff: 448, Sum: 6995, Workers: 4
[17.948s][debug][gc,phases      ] GC(32)   JNI Weak                       Min:  0.0, Avg:  0.0, Max:  0.0, Diff:  0.0, Sum:  0.0, Workers: 4
[17.948s][debug][gc,phases      ] GC(32)     Dead                           Min: 0, Avg:  0.0, Max: 0, Diff: 0, Sum: 0, Workers: 4
[17.948s][debug][gc,phases      ] GC(32)     Total                          Min: 0, Avg:  0.8, Max: 3, Diff: 3, Sum: 3, Workers: 4
[17.948s][debug][gc,phases      ] GC(32)   StringDedup Table Weak         Min:  0.0, Avg:  0.0, Max:  0.0, Diff:  0.0, Sum:  0.0, Workers: 4
[17.948s][debug][gc,phases      ] GC(32)     Dead                           Min: 0, Avg:  0.0, Max: 0, Diff: 0, Sum: 0, Workers: 4
[17.948s][debug][gc,phases      ] GC(32)     Total                          Min: 0, Avg:  0.0, Max: 0, Diff: 0, Sum: 0, Workers: 4
[17.948s][debug][gc,phases      ] GC(32)   StringDedup Requests0 Weak     Min:  0.0, Avg:  0.0, Max:  0.0, Diff:  0.0, Sum:  0.0, Workers: 4
[17.948s][debug][gc,phases      ] GC(32)     Dead                           Min: 0, Avg:  0.0, Max: 0, Diff: 0, Sum: 0, Workers: 4
[17.948s][debug][gc,phases      ] GC(32)     Total                          Min: 0, Avg:  0.0, Max: 0, Diff: 0, Sum: 0, Workers: 4
[17.948s][debug][gc,phases      ] GC(32)   StringDedup Requests1 Weak     Min:  0.0, Avg:  0.0, Max:  0.0, Diff:  0.0, Sum:  0.0, Workers: 4
[17.948s][debug][gc,phases      ] GC(32)     Dead                           Min: 0, Avg:  0.0, Max: 0, Diff: 0, Sum: 0, Workers: 4
[17.948s][debug][gc,phases      ] GC(32)     Total                          Min: 0, Avg:  0.0, Max: 0, Diff: 0, Sum: 0, Workers: 4
[17.948s][debug][gc,phases      ] GC(32)   Weak JFR Old Object Samples    Min:  0.0, Avg:  0.0, Max:  0.0, Diff:  0.0, Sum:  0.0, Workers: 4
[17.948s][debug][gc,phases      ] GC(32)     Dead                           Min: 0, Avg:  0.0, Max: 0, Diff: 0, Sum: 0, Workers: 4
[17.948s][debug][gc,phases      ] GC(32)     Total                          Min: 0, Avg:  0.0, Max: 0, Diff: 0, Sum: 0, Workers: 4
[17.948s][debug][gc,phases      ] GC(32) Weak Processing 0.302ms
[17.948s][debug][gc,age         ] GC(32) Desired survivor size 317194240 bytes, new threshold 15 (max threshold 15)
[17.948s][info ][gc,heap        ] GC(32) PSYoungGen: 1698029K(1698304K)->181965K(1778688K) Eden: 1517568K(1517568K)->0K(1477632K) From: 180461K(180736K)->181965K(301056K)
[17.948s][info ][gc,heap        ] GC(32) ParOldGen: 356576K(453120K)->356576K(453120K)
[17.948s][info ][gc,metaspace   ] GC(32) Metaspace: 67787K(68544K)->67787K(68544K) NonClass: 57903K(58304K)->57903K(58304K) Class: 9884K(10240K)->9884K(10240K)
[17.948s][info ][gc             ] GC(32) Pause Young (Allocation Failure) 2006M->525M(2179M) 119.649ms
[17.948s][info ][gc,cpu         ] GC(32) User=0.48s Sys=0.00s Real=0.11s
[17.948s][info ][safepoint      ] Safepoint "ParallelGCFailedAllocation", Time since last: 142337049 ns, Reaching safepoint: 2192747 ns, At safepoint: 119769966 ns, Total: 121962713 ns
[18.358s][info ][gc,start       ] GC(33) Pause Young (Allocation Failure)
[18.461s][debug][gc,phases      ] GC(33) Scavenge 103.515ms
[18.461s][debug][gc,ref         ] GC(33) Skipped phase 1 of Reference Processing: no references
[18.461s][debug][gc,ref         ] GC(33) ReferenceProcessor::execute queues: 1, RefProcThreadModel::Single, marks_oops_alive: false
[18.461s][debug][gc,ref         ] GC(33) Skipped phase 3 of Reference Processing: no references
[18.461s][debug][gc,ref         ] GC(33) ReferenceProcessor::execute queues: 1, RefProcThreadModel::Single, marks_oops_alive: false
[18.461s][debug][gc,phases      ] GC(33) Reference Processing 0.143ms
[18.462s][debug][gc,phases      ] GC(33)   VM Weak                        Min:  0.0, Avg:  0.0, Max:  0.0, Diff:  0.0, Sum:  0.0, Workers: 4
[18.462s][debug][gc,phases      ] GC(33)     Dead                           Min: 0, Avg:  0.0, Max: 0, Diff: 0, Sum: 0, Workers: 4
[18.462s][debug][gc,phases      ] GC(33)     Total                          Min: 0, Avg: 148.2, Max: 320, Diff: 320, Sum: 593, Workers: 4
[18.462s][debug][gc,phases      ] GC(33)   ObjectSynchronizer Weak        Min:  0.0, Avg:  0.0, Max:  0.0, Diff:  0.0, Sum:  0.0, Workers: 4
[18.462s][debug][gc,phases      ] GC(33)     Dead                           Min: 0, Avg:  0.0, Max: 0, Diff: 0, Sum: 0, Workers: 4
[18.462s][debug][gc,phases      ] GC(33)     Total                          Min: 0, Avg: 75.0, Max: 192, Diff: 192, Sum: 300, Workers: 4
[18.462s][debug][gc,phases      ] GC(33)   JVMTI Tag Weak OopStorage      Min:  0.0, Avg:  0.0, Max:  0.0, Diff:  0.0, Sum:  0.0, Workers: 4
[18.462s][debug][gc,phases      ] GC(33)     Dead                           Min: 0, Avg:  0.0, Max: 0, Diff: 0, Sum: 0, Workers: 4
[18.462s][debug][gc,phases      ] GC(33)     Total                          Min: 0, Avg:  0.0, Max: 0, Diff: 0, Sum: 0, Workers: 4
[18.462s][debug][gc,phases      ] GC(33)   StringTable Weak               Min:  0.1, Avg:  0.1, Max:  0.1, Diff:  0.0, Sum:  0.4, Workers: 4
[18.462s][debug][gc,phases      ] GC(33)     Dead                           Min: 0, Avg:  3.2, Max: 11, Diff: 11, Sum: 13, Workers: 4
[18.462s][debug][gc,phases      ] GC(33)     Total                          Min: 6784, Avg: 10705.5, Max: 12799, Diff: 6015, Sum: 42822, Workers: 4
[18.462s][debug][gc,phases      ] GC(33)   ResolvedMethodTable Weak       Min:  0.0, Avg:  0.0, Max:  0.0, Diff:  0.0, Sum:  0.1, Workers: 4
[18.462s][debug][gc,phases      ] GC(33)     Dead                           Min: 1, Avg:  6.0, Max: 16, Diff: 15, Sum: 24, Workers: 4
[18.462s][debug][gc,phases      ] GC(33)     Total                          Min: 1471, Avg: 1761.5, Max: 2112, Diff: 641, Sum: 7046, Workers: 4
[18.462s][debug][gc,phases      ] GC(33)   JNI Weak                       Min:  0.0, Avg:  0.0, Max:  0.0, Diff:  0.0, Sum:  0.0, Workers: 4
[18.462s][debug][gc,phases      ] GC(33)     Dead                           Min: 0, Avg:  0.0, Max: 0, Diff: 0, Sum: 0, Workers: 4
[18.462s][debug][gc,phases      ] GC(33)     Total                          Min: 0, Avg:  1.5, Max: 6, Diff: 6, Sum: 6, Workers: 4
[18.462s][debug][gc,phases      ] GC(33)   StringDedup Table Weak         Min:  0.0, Avg:  0.0, Max:  0.0, Diff:  0.0, Sum:  0.0, Workers: 4
[18.462s][debug][gc,phases      ] GC(33)     Dead                           Min: 0, Avg:  0.0, Max: 0, Diff: 0, Sum: 0, Workers: 4
[18.462s][debug][gc,phases      ] GC(33)     Total                          Min: 0, Avg:  0.0, Max: 0, Diff: 0, Sum: 0, Workers: 4
[18.462s][debug][gc,phases      ] GC(33)   StringDedup Requests0 Weak     Min:  0.0, Avg:  0.0, Max:  0.0, Diff:  0.0, Sum:  0.0, Workers: 4
[18.462s][debug][gc,phases      ] GC(33)     Dead                           Min: 0, Avg:  0.0, Max: 0, Diff: 0, Sum: 0, Workers: 4
[18.462s][debug][gc,phases      ] GC(33)     Total                          Min: 0, Avg:  0.0, Max: 0, Diff: 0, Sum: 0, Workers: 4
[18.462s][debug][gc,phases      ] GC(33)   StringDedup Requests1 Weak     Min:  0.0, Avg:  0.0, Max:  0.0, Diff:  0.0, Sum:  0.0, Workers: 4
[18.462s][debug][gc,phases      ] GC(33)     Dead                           Min: 0, Avg:  0.0, Max: 0, Diff: 0, Sum: 0, Workers: 4
[18.462s][debug][gc,phases      ] GC(33)     Total                          Min: 0, Avg:  0.0, Max: 0, Diff: 0, Sum: 0, Workers: 4
[18.462s][debug][gc,phases      ] GC(33)   Weak JFR Old Object Samples    Min:  0.0, Avg:  0.0, Max:  0.0, Diff:  0.0, Sum:  0.0, Workers: 4
[18.462s][debug][gc,phases      ] GC(33)     Dead                           Min: 0, Avg:  0.0, Max: 0, Diff: 0, Sum: 0, Workers: 4
[18.462s][debug][gc,phases      ] GC(33)     Total                          Min: 0, Avg:  0.0, Max: 0, Diff: 0, Sum: 0, Workers: 4
[18.462s][debug][gc,phases      ] GC(33) Weak Processing 0.356ms
[18.462s][debug][gc,age         ] GC(33) Desired survivor size 323485696 bytes, new threshold 15 (max threshold 15)
[18.462s][info ][gc,heap        ] GC(33) PSYoungGen: 1659597K(1778688K)->183501K(1661440K) Eden: 1477632K(1477632K)->0K(1477632K) From: 181965K(301056K)->183501K(183808K)
[18.462s][info ][gc,heap        ] GC(33) ParOldGen: 356576K(453120K)->356584K(453120K)
[18.462s][info ][gc,metaspace   ] GC(33) Metaspace: 68025K(68800K)->68025K(68800K) NonClass: 58109K(58496K)->58109K(58496K) Class: 9916K(10304K)->9916K(10304K)
[18.462s][info ][gc             ] GC(33) Pause Young (Allocation Failure) 1968M->527M(2065M) 104.146ms
[18.462s][info ][gc,cpu         ] GC(33) User=0.40s Sys=0.01s Real=0.10s
[18.462s][info ][safepoint      ] Safepoint "ParallelGCFailedAllocation", Time since last: 407001620 ns, Reaching safepoint: 2245248 ns, At safepoint: 104268433 ns, Total: 106513681 ns
[18.852s][info ][gc,start       ] GC(34) Pause Young (Allocation Failure)
[18.964s][debug][gc,phases      ] GC(34) Scavenge 111.681ms
[18.964s][debug][gc,ref         ] GC(34) Skipped phase 1 of Reference Processing: no references
[18.964s][debug][gc,ref         ] GC(34) ReferenceProcessor::execute queues: 1, RefProcThreadModel::Single, marks_oops_alive: false
[18.964s][debug][gc,ref         ] GC(34) Skipped phase 3 of Reference Processing: no references
[18.964s][debug][gc,ref         ] GC(34) ReferenceProcessor::execute queues: 1, RefProcThreadModel::Single, marks_oops_alive: false
[18.964s][debug][gc,phases      ] GC(34) Reference Processing 0.105ms
[18.964s][debug][gc,phases      ] GC(34)   VM Weak                        Min:  0.0, Avg:  0.0, Max:  0.0, Diff:  0.0, Sum:  0.0, Workers: 4
[18.964s][debug][gc,phases      ] GC(34)     Dead                           Min: 0, Avg:  0.0, Max: 0, Diff: 0, Sum: 0, Workers: 4
[18.964s][debug][gc,phases      ] GC(34)     Total                          Min: 0, Avg: 148.2, Max: 465, Diff: 465, Sum: 593, Workers: 4
[18.964s][debug][gc,phases      ] GC(34)   ObjectSynchronizer Weak        Min:  0.0, Avg:  0.0, Max:  0.0, Diff:  0.0, Sum:  0.0, Workers: 4
[18.964s][debug][gc,phases      ] GC(34)     Dead                           Min: 0, Avg:  0.0, Max: 0, Diff: 0, Sum: 0, Workers: 4
[18.964s][debug][gc,phases      ] GC(34)     Total                          Min: 0, Avg: 75.0, Max: 172, Diff: 172, Sum: 300, Workers: 4
[18.964s][debug][gc,phases      ] GC(34)   JVMTI Tag Weak OopStorage      Min:  0.0, Avg:  0.0, Max:  0.0, Diff:  0.0, Sum:  0.0, Workers: 4
[18.964s][debug][gc,phases      ] GC(34)     Dead                           Min: 0, Avg:  0.0, Max: 0, Diff: 0, Sum: 0, Workers: 4
[18.964s][debug][gc,phases      ] GC(34)     Total                          Min: 0, Avg:  0.0, Max: 0, Diff: 0, Sum: 0, Workers: 4
[18.964s][debug][gc,phases      ] GC(34)   StringTable Weak               Min:  0.1, Avg:  0.1, Max:  0.1, Diff:  0.0, Sum:  0.4, Workers: 4
[18.964s][debug][gc,phases      ] GC(34)     Dead                           Min: 0, Avg:  2.8, Max: 10, Diff: 10, Sum: 11, Workers: 4
[18.964s][debug][gc,phases      ] GC(34)     Total                          Min: 9856, Avg: 10712.8, Max: 11428, Diff: 1572, Sum: 42851, Workers: 4
[18.964s][debug][gc,phases      ] GC(34)   ResolvedMethodTable Weak       Min:  0.0, Avg:  0.0, Max:  0.0, Diff:  0.0, Sum:  0.1, Workers: 4
[18.964s][debug][gc,phases      ] GC(34)     Dead                           Min: 0, Avg:  0.0, Max: 0, Diff: 0, Sum: 0, Workers: 4
[18.964s][debug][gc,phases      ] GC(34)     Total                          Min: 1548, Avg: 1761.5, Max: 1983, Diff: 435, Sum: 7046, Workers: 4
[18.965s][debug][gc,phases      ] GC(34)   JNI Weak                       Min:  0.0, Avg:  0.0, Max:  0.0, Diff:  0.0, Sum:  0.0, Workers: 4
[18.965s][debug][gc,phases      ] GC(34)     Dead                           Min: 0, Avg:  0.0, Max: 0, Diff: 0, Sum: 0, Workers: 4
[18.965s][debug][gc,phases      ] GC(34)     Total                          Min: 0, Avg:  1.0, Max: 4, Diff: 4, Sum: 4, Workers: 4
[18.965s][debug][gc,phases      ] GC(34)   StringDedup Table Weak         Min:  0.0, Avg:  0.0, Max:  0.0, Diff:  0.0, Sum:  0.0, Workers: 4
[18.965s][debug][gc,phases      ] GC(34)     Dead                           Min: 0, Avg:  0.0, Max: 0, Diff: 0, Sum: 0, Workers: 4
[18.965s][debug][gc,phases      ] GC(34)     Total                          Min: 0, Avg:  0.0, Max: 0, Diff: 0, Sum: 0, Workers: 4
[18.965s][debug][gc,phases      ] GC(34)   StringDedup Requests0 Weak     Min:  0.0, Avg:  0.0, Max:  0.0, Diff:  0.0, Sum:  0.0, Workers: 4
[18.965s][debug][gc,phases      ] GC(34)     Dead                           Min: 0, Avg:  0.0, Max: 0, Diff: 0, Sum: 0, Workers: 4
[18.965s][debug][gc,phases      ] GC(34)     Total                          Min: 0, Avg:  0.0, Max: 0, Diff: 0, Sum: 0, Workers: 4
[18.965s][debug][gc,phases      ] GC(34)   StringDedup Requests1 Weak     Min:  0.0, Avg:  0.0, Max:  0.0, Diff:  0.0, Sum:  0.0, Workers: 4
[18.965s][debug][gc,phases      ] GC(34)     Dead                           Min: 0, Avg:  0.0, Max: 0, Diff: 0, Sum: 0, Workers: 4
[18.965s][debug][gc,phases      ] GC(34)     Total                          Min: 0, Avg:  0.0, Max: 0, Diff: 0, Sum: 0, Workers: 4
[18.965s][debug][gc,phases      ] GC(34)   Weak JFR Old Object Samples    Min:  0.0, Avg:  0.0, Max:  0.0, Diff:  0.0, Sum:  0.0, Workers: 4
[18.965s][debug][gc,phases      ] GC(34)     Dead                           Min: 0, Avg:  0.0, Max: 0, Diff: 0, Sum: 0, Workers: 4
[18.965s][debug][gc,phases      ] GC(34)     Total                          Min: 0, Avg:  0.0, Max: 0, Diff: 0, Sum: 0, Workers: 4
[18.965s][debug][gc,phases      ] GC(34) Weak Processing 0.348ms
[18.965s][debug][gc,age         ] GC(34) Desired survivor size 326631424 bytes, new threshold 15 (max threshold 15)
[18.965s][info ][gc,heap        ] GC(34) PSYoungGen: 1661133K(1661440K)->182317K(1775104K) Eden: 1477632K(1477632K)->0K(1459200K) From: 183501K(183808K)->182317K(315904K)
[18.965s][info ][gc,heap        ] GC(34) ParOldGen: 356584K(453120K)->357008K(453120K)
[18.965s][info ][gc,metaspace   ] GC(34) Metaspace: 68091K(68928K)->68091K(68928K) NonClass: 58174K(58624K)->58174K(58624K) Class: 9917K(10304K)->9917K(10304K)
[18.965s][info ][gc             ] GC(34) Pause Young (Allocation Failure) 1970M->526M(2176M) 112.251ms
[18.965s][info ][gc,cpu         ] GC(34) User=0.45s Sys=0.00s Real=0.11s
[18.965s][info ][safepoint      ] Safepoint "ParallelGCFailedAllocation", Time since last: 390198960 ns, Reaching safepoint: 193404 ns, At safepoint: 112360807 ns, Total: 112554211 ns
[19.274s][info ][gc,start       ] GC(35) Pause Young (Allocation Failure)
[19.382s][debug][gc,phases      ] GC(35) Scavenge 108.609ms
[19.382s][debug][gc,ref         ] GC(35) Skipped phase 1 of Reference Processing: no references
[19.382s][debug][gc,ref         ] GC(35) ReferenceProcessor::execute queues: 1, RefProcThreadModel::Single, marks_oops_alive: false
[19.382s][debug][gc,ref         ] GC(35) Skipped phase 3 of Reference Processing: no references
[19.382s][debug][gc,ref         ] GC(35) ReferenceProcessor::execute queues: 1, RefProcThreadModel::Single, marks_oops_alive: false
[19.382s][debug][gc,phases      ] GC(35) Reference Processing 0.139ms
[19.383s][debug][gc,phases      ] GC(35)   VM Weak                        Min:  0.0, Avg:  0.0, Max:  0.0, Diff:  0.0, Sum:  0.0, Workers: 4
[19.383s][debug][gc,phases      ] GC(35)     Dead                           Min: 0, Avg:  0.0, Max: 0, Diff: 0, Sum: 0, Workers: 4
[19.383s][debug][gc,phases      ] GC(35)     Total                          Min: 0, Avg: 148.2, Max: 593, Diff: 593, Sum: 593, Workers: 4
[19.383s][debug][gc,phases      ] GC(35)   ObjectSynchronizer Weak        Min:  0.0, Avg:  0.0, Max:  0.0, Diff:  0.0, Sum:  0.0, Workers: 4
[19.383s][debug][gc,phases      ] GC(35)     Dead                           Min: 0, Avg:  0.0, Max: 0, Diff: 0, Sum: 0, Workers: 4
[19.383s][debug][gc,phases      ] GC(35)     Total                          Min: 0, Avg: 75.0, Max: 128, Diff: 128, Sum: 300, Workers: 4
[19.383s][debug][gc,phases      ] GC(35)   JVMTI Tag Weak OopStorage      Min:  0.0, Avg:  0.0, Max:  0.0, Diff:  0.0, Sum:  0.0, Workers: 4
[19.383s][debug][gc,phases      ] GC(35)     Dead                           Min: 0, Avg:  0.0, Max: 0, Diff: 0, Sum: 0, Workers: 4
[19.383s][debug][gc,phases      ] GC(35)     Total                          Min: 0, Avg:  0.0, Max: 0, Diff: 0, Sum: 0, Workers: 4
[19.383s][debug][gc,phases      ] GC(35)   StringTable Weak               Min:  0.1, Avg:  0.1, Max:  0.1, Diff:  0.0, Sum:  0.4, Workers: 4
[19.383s][debug][gc,phases      ] GC(35)     Dead                           Min: 0, Avg:  2.8, Max: 11, Diff: 11, Sum: 11, Workers: 4
[19.383s][debug][gc,phases      ] GC(35)     Total                          Min: 9344, Avg: 10713.5, Max: 12467, Diff: 3123, Sum: 42854, Workers: 4
[19.383s][debug][gc,phases      ] GC(35)   ResolvedMethodTable Weak       Min:  0.0, Avg:  0.0, Max:  0.0, Diff:  0.0, Sum:  0.1, Workers: 4
[19.383s][debug][gc,phases      ] GC(35)     Dead                           Min: 0, Avg:  0.0, Max: 0, Diff: 0, Sum: 0, Workers: 4
[19.383s][debug][gc,phases      ] GC(35)     Total                          Min: 1548, Avg: 1761.5, Max: 1920, Diff: 372, Sum: 7046, Workers: 4
[19.383s][debug][gc,phases      ] GC(35)   JNI Weak                       Min:  0.0, Avg:  0.0, Max:  0.0, Diff:  0.0, Sum:  0.0, Workers: 4
[19.383s][debug][gc,phases      ] GC(35)     Dead                           Min: 0, Avg:  0.0, Max: 0, Diff: 0, Sum: 0, Workers: 4
[19.383s][debug][gc,phases      ] GC(35)     Total                          Min: 0, Avg:  0.5, Max: 2, Diff: 2, Sum: 2, Workers: 4
[19.383s][debug][gc,phases      ] GC(35)   StringDedup Table Weak         Min:  0.0, Avg:  0.0, Max:  0.0, Diff:  0.0, Sum:  0.0, Workers: 4
[19.383s][debug][gc,phases      ] GC(35)     Dead                           Min: 0, Avg:  0.0, Max: 0, Diff: 0, Sum: 0, Workers: 4
[19.383s][debug][gc,phases      ] GC(35)     Total                          Min: 0, Avg:  0.0, Max: 0, Diff: 0, Sum: 0, Workers: 4
[19.383s][debug][gc,phases      ] GC(35)   StringDedup Requests0 Weak     Min:  0.0, Avg:  0.0, Max:  0.0, Diff:  0.0, Sum:  0.0, Workers: 4
[19.383s][debug][gc,phases      ] GC(35)     Dead                           Min: 0, Avg:  0.0, Max: 0, Diff: 0, Sum: 0, Workers: 4
[19.383s][debug][gc,phases      ] GC(35)     Total                          Min: 0, Avg:  0.0, Max: 0, Diff: 0, Sum: 0, Workers: 4
[19.383s][debug][gc,phases      ] GC(35)   StringDedup Requests1 Weak     Min:  0.0, Avg:  0.0, Max:  0.0, Diff:  0.0, Sum:  0.0, Workers: 4
[19.383s][debug][gc,phases      ] GC(35)     Dead                           Min: 0, Avg:  0.0, Max: 0, Diff: 0, Sum: 0, Workers: 4
[19.383s][debug][gc,phases      ] GC(35)     Total                          Min: 0, Avg:  0.0, Max: 0, Diff: 0, Sum: 0, Workers: 4
[19.383s][debug][gc,phases      ] GC(35)   Weak JFR Old Object Samples    Min:  0.0, Avg:  0.0, Max:  0.0, Diff:  0.0, Sum:  0.0, Workers: 4
[19.383s][debug][gc,phases      ] GC(35)     Dead                           Min: 0, Avg:  0.0, Max: 0, Diff: 0, Sum: 0, Workers: 4
[19.383s][debug][gc,phases      ] GC(35)     Total                          Min: 0, Avg:  0.0, Max: 0, Diff: 0, Sum: 0, Workers: 4
[19.383s][debug][gc,phases      ] GC(35) Weak Processing 0.332ms
[19.383s][debug][gc,age         ] GC(35) Desired survivor size 328204288 bytes, new threshold 15 (max threshold 15)
[19.383s][info ][gc,heap        ] GC(35) PSYoungGen: 1641517K(1775104K)->181981K(1641472K) Eden: 1459200K(1459200K)->0K(1459200K) From: 182317K(315904K)->181981K(182272K)
[19.383s][info ][gc,heap        ] GC(35) ParOldGen: 357008K(453120K)->357560K(453120K)
[19.383s][info ][gc,metaspace   ] GC(35) Metaspace: 68114K(68928K)->68114K(68928K) NonClass: 58197K(58624K)->58197K(58624K) Class: 9917K(10304K)->9917K(10304K)
[19.383s][info ][gc             ] GC(35) Pause Young (Allocation Failure) 1951M->526M(2045M) 109.225ms
[19.383s][info ][gc,cpu         ] GC(35) User=0.44s Sys=0.00s Real=0.11s
[19.383s][info ][safepoint      ] Safepoint "ParallelGCFailedAllocation", Time since last: 305639248 ns, Reaching safepoint: 3213269 ns, At safepoint: 109346343 ns, Total: 112559612 ns
[19.701s][info ][gc,start       ] GC(36) Pause Young (Allocation Failure)
[19.808s][debug][gc,phases      ] GC(36) Scavenge 106.661ms
[19.808s][debug][gc,ref         ] GC(36) Skipped phase 1 of Reference Processing: no references
[19.808s][debug][gc,ref         ] GC(36) ReferenceProcessor::execute queues: 1, RefProcThreadModel::Single, marks_oops_alive: false
[19.808s][debug][gc,ref         ] GC(36) Skipped phase 3 of Reference Processing: no references
[19.808s][debug][gc,ref         ] GC(36) ReferenceProcessor::execute queues: 1, RefProcThreadModel::Single, marks_oops_alive: false
[19.808s][debug][gc,phases      ] GC(36) Reference Processing 0.135ms
[19.808s][debug][gc,phases      ] GC(36)   VM Weak                        Min:  0.0, Avg:  0.0, Max:  0.0, Diff:  0.0, Sum:  0.0, Workers: 4
[19.808s][debug][gc,phases      ] GC(36)     Dead                           Min: 0, Avg:  0.0, Max: 0, Diff: 0, Sum: 0, Workers: 4
[19.808s][debug][gc,phases      ] GC(36)     Total                          Min: 0, Avg: 148.2, Max: 465, Diff: 465, Sum: 593, Workers: 4
[19.808s][debug][gc,phases      ] GC(36)   ObjectSynchronizer Weak        Min:  0.0, Avg:  0.0, Max:  0.0, Diff:  0.0, Sum:  0.0, Workers: 4
[19.808s][debug][gc,phases      ] GC(36)     Dead                           Min: 0, Avg:  0.0, Max: 0, Diff: 0, Sum: 0, Workers: 4
[19.808s][debug][gc,phases      ] GC(36)     Total                          Min: 0, Avg: 75.0, Max: 128, Diff: 128, Sum: 300, Workers: 4
[19.808s][debug][gc,phases      ] GC(36)   JVMTI Tag Weak OopStorage      Min:  0.0, Avg:  0.0, Max:  0.0, Diff:  0.0, Sum:  0.0, Workers: 4
[19.808s][debug][gc,phases      ] GC(36)     Dead                           Min: 0, Avg:  0.0, Max: 0, Diff: 0, Sum: 0, Workers: 4
[19.808s][debug][gc,phases      ] GC(36)     Total                          Min: 0, Avg:  0.0, Max: 0, Diff: 0, Sum: 0, Workers: 4
[19.808s][debug][gc,phases      ] GC(36)   StringTable Weak               Min:  0.1, Avg:  0.1, Max:  0.1, Diff:  0.0, Sum:  0.4, Workers: 4
[19.808s][debug][gc,phases      ] GC(36)     Dead                           Min: 0, Avg:  2.8, Max: 5, Diff: 5, Sum: 11, Workers: 4
[19.808s][debug][gc,phases      ] GC(36)     Total                          Min: 9344, Avg: 10715.2, Max: 11629, Diff: 2285, Sum: 42861, Workers: 4
[19.808s][debug][gc,phases      ] GC(36)   ResolvedMethodTable Weak       Min:  0.0, Avg:  0.0, Max:  0.0, Diff:  0.0, Sum:  0.1, Workers: 4
[19.808s][debug][gc,phases      ] GC(36)     Dead                           Min: 0, Avg:  0.0, Max: 0, Diff: 0, Sum: 0, Workers: 4
[19.808s][debug][gc,phases      ] GC(36)     Total                          Min: 1405, Avg: 1762.0, Max: 2048, Diff: 643, Sum: 7048, Workers: 4
[19.808s][debug][gc,phases      ] GC(36)   JNI Weak                       Min:  0.0, Avg:  0.0, Max:  0.0, Diff:  0.0, Sum:  0.0, Workers: 4
[19.808s][debug][gc,phases      ] GC(36)     Dead                           Min: 0, Avg:  0.0, Max: 0, Diff: 0, Sum: 0, Workers: 4
[19.808s][debug][gc,phases      ] GC(36)     Total                          Min: 0, Avg:  0.5, Max: 2, Diff: 2, Sum: 2, Workers: 4
[19.808s][debug][gc,phases      ] GC(36)   StringDedup Table Weak         Min:  0.0, Avg:  0.0, Max:  0.0, Diff:  0.0, Sum:  0.0, Workers: 4
[19.808s][debug][gc,phases      ] GC(36)     Dead                           Min: 0, Avg:  0.0, Max: 0, Diff: 0, Sum: 0, Workers: 4
[19.808s][debug][gc,phases      ] GC(36)     Total                          Min: 0, Avg:  0.0, Max: 0, Diff: 0, Sum: 0, Workers: 4
[19.808s][debug][gc,phases      ] GC(36)   StringDedup Requests0 Weak     Min:  0.0, Avg:  0.0, Max:  0.0, Diff:  0.0, Sum:  0.0, Workers: 4
[19.808s][debug][gc,phases      ] GC(36)     Dead                           Min: 0, Avg:  0.0, Max: 0, Diff: 0, Sum: 0, Workers: 4
[19.808s][debug][gc,phases      ] GC(36)     Total                          Min: 0, Avg:  0.0, Max: 0, Diff: 0, Sum: 0, Workers: 4
[19.808s][debug][gc,phases      ] GC(36)   StringDedup Requests1 Weak     Min:  0.0, Avg:  0.0, Max:  0.0, Diff:  0.0, Sum:  0.0, Workers: 4
[19.808s][debug][gc,phases      ] GC(36)     Dead                           Min: 0, Avg:  0.0, Max: 0, Diff: 0, Sum: 0, Workers: 4
[19.808s][debug][gc,phases      ] GC(36)     Total                          Min: 0, Avg:  0.0, Max: 0, Diff: 0, Sum: 0, Workers: 4
[19.808s][debug][gc,phases      ] GC(36)   Weak JFR Old Object Samples    Min:  0.0, Avg:  0.0, Max:  0.0, Diff:  0.0, Sum:  0.0, Workers: 4
[19.808s][debug][gc,phases      ] GC(36)     Dead                           Min: 0, Avg:  0.0, Max: 0, Diff: 0, Sum: 0, Workers: 4
[19.808s][debug][gc,phases      ] GC(36)     Total                          Min: 0, Avg:  0.0, Max: 0, Diff: 0, Sum: 0, Workers: 4
[19.808s][debug][gc,phases      ] GC(36) Weak Processing 0.298ms
[19.808s][debug][gc,age         ] GC(36) Desired survivor size 327155712 bytes, new threshold 15 (max threshold 15)
[19.808s][info ][gc,heap        ] GC(36) PSYoungGen: 1641181K(1641472K)->181261K(1777664K) Eden: 1459200K(1459200K)->0K(1457152K) From: 181981K(182272K)->181261K(320512K)
[19.808s][info ][gc,heap        ] GC(36) ParOldGen: 357560K(453120K)->358976K(453120K)
[19.808s][info ][gc,metaspace   ] GC(36) Metaspace: 68139K(68928K)->68139K(68928K) NonClass: 58221K(58624K)->58221K(58624K) Class: 9918K(10304K)->9918K(10304K)
[19.808s][info ][gc             ] GC(36) Pause Young (Allocation Failure) 1951M->527M(2178M) 107.238ms
[19.808s][info ][gc,cpu         ] GC(36) User=0.41s Sys=0.02s Real=0.10s
[19.808s][info ][safepoint      ] Safepoint "ParallelGCFailedAllocation", Time since last: 311854781 ns, Reaching safepoint: 6047830 ns, At safepoint: 107369900 ns, Total: 113417730 ns
[20.201s][info ][gc,start       ] GC(37) Pause Young (Allocation Failure)
[20.317s][debug][gc,phases      ] GC(37) Scavenge 115.329ms
[20.317s][debug][gc,ref         ] GC(37) Skipped phase 1 of Reference Processing: no references
[20.317s][debug][gc,ref         ] GC(37) ReferenceProcessor::execute queues: 1, RefProcThreadModel::Single, marks_oops_alive: false
[20.317s][debug][gc,ref         ] GC(37) Skipped phase 3 of Reference Processing: no references
[20.317s][debug][gc,ref         ] GC(37) ReferenceProcessor::execute queues: 1, RefProcThreadModel::Single, marks_oops_alive: false
[20.317s][debug][gc,phases      ] GC(37) Reference Processing 0.164ms
[20.318s][debug][gc,phases      ] GC(37)   VM Weak                        Min:  0.0, Avg:  0.0, Max:  0.0, Diff:  0.0, Sum:  0.0, Workers: 4
[20.318s][debug][gc,phases      ] GC(37)     Dead                           Min: 0, Avg:  0.0, Max: 0, Diff: 0, Sum: 0, Workers: 4
[20.318s][debug][gc,phases      ] GC(37)     Total                          Min: 0, Avg: 148.5, Max: 320, Diff: 320, Sum: 594, Workers: 4
[20.318s][debug][gc,phases      ] GC(37)   ObjectSynchronizer Weak        Min:  0.0, Avg:  0.0, Max:  0.0, Diff:  0.0, Sum:  0.0, Workers: 4
[20.318s][debug][gc,phases      ] GC(37)     Dead                           Min: 0, Avg:  0.0, Max: 0, Diff: 0, Sum: 0, Workers: 4
[20.318s][debug][gc,phases      ] GC(37)     Total                          Min: 0, Avg: 75.0, Max: 172, Diff: 172, Sum: 300, Workers: 4
[20.318s][debug][gc,phases      ] GC(37)   JVMTI Tag Weak OopStorage      Min:  0.0, Avg:  0.0, Max:  0.0, Diff:  0.0, Sum:  0.0, Workers: 4
[20.318s][debug][gc,phases      ] GC(37)     Dead                           Min: 0, Avg:  0.0, Max: 0, Diff: 0, Sum: 0, Workers: 4
[20.318s][debug][gc,phases      ] GC(37)     Total                          Min: 0, Avg:  0.0, Max: 0, Diff: 0, Sum: 0, Workers: 4
[20.318s][debug][gc,phases      ] GC(37)   StringTable Weak               Min:  0.1, Avg:  0.3, Max:  0.4, Diff:  0.3, Sum:  1.1, Workers: 4
[20.318s][debug][gc,phases      ] GC(37)     Dead                           Min: 0, Avg:  3.2, Max: 11, Diff: 11, Sum: 13, Workers: 4
[20.318s][debug][gc,phases      ] GC(37)     Total                          Min: 9984, Avg: 10744.0, Max: 11708, Diff: 1724, Sum: 42976, Workers: 4
[20.318s][debug][gc,phases      ] GC(37)   ResolvedMethodTable Weak       Min:  0.0, Avg:  0.0, Max:  0.0, Diff:  0.0, Sum:  0.1, Workers: 4
[20.318s][debug][gc,phases      ] GC(37)     Dead                           Min: 0, Avg:  0.0, Max: 0, Diff: 0, Sum: 0, Workers: 4
[20.318s][debug][gc,phases      ] GC(37)     Total                          Min: 1535, Avg: 1796.0, Max: 2065, Diff: 530, Sum: 7184, Workers: 4
[20.318s][debug][gc,phases      ] GC(37)   JNI Weak                       Min:  0.0, Avg:  0.0, Max:  0.0, Diff:  0.0, Sum:  0.0, Workers: 4
[20.318s][debug][gc,phases      ] GC(37)     Dead                           Min: 0, Avg:  0.0, Max: 0, Diff: 0, Sum: 0, Workers: 4
[20.318s][debug][gc,phases      ] GC(37)     Total                          Min: 0, Avg:  0.2, Max: 1, Diff: 1, Sum: 1, Workers: 4
[20.318s][debug][gc,phases      ] GC(37)   StringDedup Table Weak         Min:  0.0, Avg:  0.0, Max:  0.0, Diff:  0.0, Sum:  0.0, Workers: 4
[20.318s][debug][gc,phases      ] GC(37)     Dead                           Min: 0, Avg:  0.0, Max: 0, Diff: 0, Sum: 0, Workers: 4
[20.318s][debug][gc,phases      ] GC(37)     Total                          Min: 0, Avg:  0.0, Max: 0, Diff: 0, Sum: 0, Workers: 4
[20.318s][debug][gc,phases      ] GC(37)   StringDedup Requests0 Weak     Min:  0.0, Avg:  0.0, Max:  0.0, Diff:  0.0, Sum:  0.0, Workers: 4
[20.318s][debug][gc,phases      ] GC(37)     Dead                           Min: 0, Avg:  0.0, Max: 0, Diff: 0, Sum: 0, Workers: 4
[20.318s][debug][gc,phases      ] GC(37)     Total                          Min: 0, Avg:  0.0, Max: 0, Diff: 0, Sum: 0, Workers: 4
[20.318s][debug][gc,phases      ] GC(37)   StringDedup Requests1 Weak     Min:  0.0, Avg:  0.0, Max:  0.0, Diff:  0.0, Sum:  0.0, Workers: 4
[20.318s][debug][gc,phases      ] GC(37)     Dead                           Min: 0, Avg:  0.0, Max: 0, Diff: 0, Sum: 0, Workers: 4
[20.318s][debug][gc,phases      ] GC(37)     Total                          Min: 0, Avg:  0.0, Max: 0, Diff: 0, Sum: 0, Workers: 4
[20.318s][debug][gc,phases      ] GC(37)   Weak JFR Old Object Samples    Min:  0.0, Avg:  0.0, Max:  0.0, Diff:  0.0, Sum:  0.0, Workers: 4
[20.318s][debug][gc,phases      ] GC(37)     Dead                           Min: 0, Avg:  0.0, Max: 0, Diff: 0, Sum: 0, Workers: 4
[20.318s][debug][gc,phases      ] GC(37)     Total                          Min: 0, Avg:  0.0, Max: 0, Diff: 0, Sum: 0, Workers: 4
[20.318s][debug][gc,phases      ] GC(37) Weak Processing 1.055ms
[20.318s][debug][gc,age         ] GC(37) Desired survivor size 324534272 bytes, new threshold 15 (max threshold 15)
[20.318s][info ][gc,heap        ] GC(37) PSYoungGen: 1638413K(1777664K)->179054K(1776640K) Eden: 1457152K(1457152K)->0K(1457152K) From: 181261K(320512K)->179054K(319488K)
[20.318s][info ][gc,heap        ] GC(37) ParOldGen: 358976K(453120K)->361392K(453120K)
[20.318s][info ][gc,metaspace   ] GC(37) Metaspace: 68545K(69312K)->68545K(69312K) NonClass: 58549K(58944K)->58549K(58944K) Class: 9995K(10368K)->9995K(10368K)
[20.318s][info ][gc             ] GC(37) Pause Young (Allocation Failure) 1950M->527M(2177M) 116.678ms
[20.318s][info ][gc,cpu         ] GC(37) User=0.46s Sys=0.00s Real=0.12s
[20.318s][info ][safepoint      ] Safepoint "ParallelGCFailedAllocation", Time since last: 392927318 ns, Reaching safepoint: 184104 ns, At safepoint: 116789603 ns, Total: 116973707 ns
[20.639s][info ][gc,start       ] GC(38) Pause Young (Allocation Failure)
[20.742s][debug][gc,phases      ] GC(38) Scavenge 102.397ms
[20.742s][debug][gc,ref         ] GC(38) Skipped phase 1 of Reference Processing: no references
[20.742s][debug][gc,ref         ] GC(38) ReferenceProcessor::execute queues: 1, RefProcThreadModel::Single, marks_oops_alive: false
[20.742s][debug][gc,ref         ] GC(38) Skipped phase 3 of Reference Processing: no references
[20.742s][debug][gc,ref         ] GC(38) ReferenceProcessor::execute queues: 1, RefProcThreadModel::Single, marks_oops_alive: false
[20.742s][debug][gc,phases      ] GC(38) Reference Processing 0.153ms
[20.742s][debug][gc,phases      ] GC(38)   VM Weak                        Min:  0.0, Avg:  0.0, Max:  0.0, Diff:  0.0, Sum:  0.0, Workers: 4
[20.742s][debug][gc,phases      ] GC(38)     Dead                           Min: 0, Avg:  0.0, Max: 0, Diff: 0, Sum: 0, Workers: 4
[20.742s][debug][gc,phases      ] GC(38)     Total                          Min: 0, Avg: 148.5, Max: 448, Diff: 448, Sum: 594, Workers: 4
[20.742s][debug][gc,phases      ] GC(38)   ObjectSynchronizer Weak        Min:  0.0, Avg:  0.0, Max:  0.0, Diff:  0.0, Sum:  0.0, Workers: 4
[20.742s][debug][gc,phases      ] GC(38)     Dead                           Min: 0, Avg:  0.0, Max: 0, Diff: 0, Sum: 0, Workers: 4
[20.742s][debug][gc,phases      ] GC(38)     Total                          Min: 0, Avg: 75.0, Max: 128, Diff: 128, Sum: 300, Workers: 4
[20.742s][debug][gc,phases      ] GC(38)   JVMTI Tag Weak OopStorage      Min:  0.0, Avg:  0.0, Max:  0.0, Diff:  0.0, Sum:  0.0, Workers: 4
[20.742s][debug][gc,phases      ] GC(38)     Dead                           Min: 0, Avg:  0.0, Max: 0, Diff: 0, Sum: 0, Workers: 4
[20.742s][debug][gc,phases      ] GC(38)     Total                          Min: 0, Avg:  0.0, Max: 0, Diff: 0, Sum: 0, Workers: 4
[20.742s][debug][gc,phases      ] GC(38)   StringTable Weak               Min:  0.0, Avg:  0.1, Max:  0.1, Diff:  0.1, Sum:  0.4, Workers: 4
[20.742s][debug][gc,phases      ] GC(38)     Dead                           Min: 0, Avg:  2.8, Max: 7, Diff: 7, Sum: 11, Workers: 4
[20.742s][debug][gc,phases      ] GC(38)     Total                          Min: 0, Avg: 10747.0, Max: 16448, Diff: 16448, Sum: 42988, Workers: 4
[20.742s][debug][gc,phases      ] GC(38)   ResolvedMethodTable Weak       Min:  0.0, Avg:  0.0, Max:  0.0, Diff:  0.0, Sum:  0.1, Workers: 4
[20.742s][debug][gc,phases      ] GC(38)     Dead                           Min: 0, Avg:  0.0, Max: 0, Diff: 0, Sum: 0, Workers: 4
[20.742s][debug][gc,phases      ] GC(38)     Total                          Min: 0, Avg: 1796.0, Max: 2641, Diff: 2641, Sum: 7184, Workers: 4
[20.742s][debug][gc,phases      ] GC(38)   JNI Weak                       Min:  0.0, Avg:  0.0, Max:  0.0, Diff:  0.0, Sum:  0.0, Workers: 4
[20.742s][debug][gc,phases      ] GC(38)     Dead                           Min: 0, Avg:  0.0, Max: 0, Diff: 0, Sum: 0, Workers: 4
[20.742s][debug][gc,phases      ] GC(38)     Total                          Min: 0, Avg:  0.0, Max: 0, Diff: 0, Sum: 0, Workers: 4
[20.742s][debug][gc,phases      ] GC(38)   StringDedup Table Weak         Min:  0.0, Avg:  0.0, Max:  0.0, Diff:  0.0, Sum:  0.0, Workers: 4
[20.742s][debug][gc,phases      ] GC(38)     Dead                           Min: 0, Avg:  0.0, Max: 0, Diff: 0, Sum: 0, Workers: 4
[20.742s][debug][gc,phases      ] GC(38)     Total                          Min: 0, Avg:  0.0, Max: 0, Diff: 0, Sum: 0, Workers: 4
[20.742s][debug][gc,phases      ] GC(38)   StringDedup Requests0 Weak     Min:  0.0, Avg:  0.0, Max:  0.0, Diff:  0.0, Sum:  0.0, Workers: 4
[20.742s][debug][gc,phases      ] GC(38)     Dead                           Min: 0, Avg:  0.0, Max: 0, Diff: 0, Sum: 0, Workers: 4
[20.742s][debug][gc,phases      ] GC(38)     Total                          Min: 0, Avg:  0.0, Max: 0, Diff: 0, Sum: 0, Workers: 4
[20.742s][debug][gc,phases      ] GC(38)   StringDedup Requests1 Weak     Min:  0.0, Avg:  0.0, Max:  0.0, Diff:  0.0, Sum:  0.0, Workers: 4
[20.742s][debug][gc,phases      ] GC(38)     Dead                           Min: 0, Avg:  0.0, Max: 0, Diff: 0, Sum: 0, Workers: 4
[20.742s][debug][gc,phases      ] GC(38)     Total                          Min: 0, Avg:  0.0, Max: 0, Diff: 0, Sum: 0, Workers: 4
[20.742s][debug][gc,phases      ] GC(38)   Weak JFR Old Object Samples    Min:  0.0, Avg:  0.0, Max:  0.0, Diff:  0.0, Sum:  0.0, Workers: 4
[20.742s][debug][gc,phases      ] GC(38)     Dead                           Min: 0, Avg:  0.0, Max: 0, Diff: 0, Sum: 0, Workers: 4
[20.742s][debug][gc,phases      ] GC(38)     Total                          Min: 0, Avg:  0.0, Max: 0, Diff: 0, Sum: 0, Workers: 4
[20.742s][debug][gc,phases      ] GC(38) Weak Processing 0.443ms
[20.742s][debug][gc,age         ] GC(38) Desired survivor size 318767104 bytes, new threshold 15 (max threshold 15)
[20.742s][info ][gc,heap        ] GC(38) PSYoungGen: 1636206K(1776640K)->173533K(1785856K) Eden: 1457152K(1457152K)->0K(1468928K) From: 179054K(319488K)->173533K(316928K)
[20.742s][info ][gc,heap        ] GC(38) ParOldGen: 361392K(453120K)->363600K(453120K)
[20.742s][info ][gc,metaspace   ] GC(38) Metaspace: 68592K(69376K)->68592K(69376K) NonClass: 58596K(59008K)->58596K(59008K) Class: 9995K(10368K)->9995K(10368K)
[20.743s][info ][gc             ] GC(38) Pause Young (Allocation Failure) 1950M->524M(2186M) 103.166ms
[20.743s][info ][gc,cpu         ] GC(38) User=0.40s Sys=0.01s Real=0.10s
[20.743s][info ][safepoint      ] Safepoint "ParallelGCFailedAllocation", Time since last: 321086879 ns, Reaching safepoint: 150503 ns, At safepoint: 103277013 ns, Total: 103427516 ns
[21.095s][info ][safepoint      ] Safepoint "ICBufferFull", Time since last: 352438351 ns, Reaching safepoint: 186604 ns, At safepoint: 27601 ns, Total: 214205 ns
[21.147s][info ][gc,start       ] GC(39) Pause Young (Allocation Failure)
[21.232s][debug][gc,phases      ] GC(39) Scavenge 84.767ms
[21.232s][debug][gc,ref         ] GC(39) Skipped phase 1 of Reference Processing: no references
[21.232s][debug][gc,ref         ] GC(39) ReferenceProcessor::execute queues: 1, RefProcThreadModel::Single, marks_oops_alive: false
[21.232s][debug][gc,ref         ] GC(39) Skipped phase 3 of Reference Processing: no references
[21.232s][debug][gc,ref         ] GC(39) ReferenceProcessor::execute queues: 1, RefProcThreadModel::Single, marks_oops_alive: false
[21.232s][debug][gc,phases      ] GC(39) Reference Processing 0.116ms
[21.232s][debug][gc,phases      ] GC(39)   VM Weak                        Min:  0.0, Avg:  0.0, Max:  0.0, Diff:  0.0, Sum:  0.0, Workers: 4
[21.232s][debug][gc,phases      ] GC(39)     Dead                           Min: 0, Avg:  0.0, Max: 0, Diff: 0, Sum: 0, Workers: 4
[21.232s][debug][gc,phases      ] GC(39)     Total                          Min: 0, Avg: 148.5, Max: 338, Diff: 338, Sum: 594, Workers: 4
[21.232s][debug][gc,phases      ] GC(39)   ObjectSynchronizer Weak        Min:  0.0, Avg:  0.0, Max:  0.0, Diff:  0.0, Sum:  0.0, Workers: 4
[21.232s][debug][gc,phases      ] GC(39)     Dead                           Min: 0, Avg:  0.0, Max: 0, Diff: 0, Sum: 0, Workers: 4
[21.232s][debug][gc,phases      ] GC(39)     Total                          Min: 0, Avg: 75.0, Max: 128, Diff: 128, Sum: 300, Workers: 4
[21.232s][debug][gc,phases      ] GC(39)   JVMTI Tag Weak OopStorage      Min:  0.0, Avg:  0.0, Max:  0.0, Diff:  0.0, Sum:  0.0, Workers: 4
[21.232s][debug][gc,phases      ] GC(39)     Dead                           Min: 0, Avg:  0.0, Max: 0, Diff: 0, Sum: 0, Workers: 4
[21.232s][debug][gc,phases      ] GC(39)     Total                          Min: 0, Avg:  0.0, Max: 0, Diff: 0, Sum: 0, Workers: 4
[21.232s][debug][gc,phases      ] GC(39)   StringTable Weak               Min:  0.1, Avg:  0.1, Max:  0.1, Diff:  0.0, Sum:  0.5, Workers: 4
[21.232s][debug][gc,phases      ] GC(39)     Dead                           Min: 0, Avg:  3.0, Max: 12, Diff: 12, Sum: 12, Workers: 4
[21.232s][debug][gc,phases      ] GC(39)     Total                          Min: 10624, Avg: 10759.5, Max: 11072, Diff: 448, Sum: 43038, Workers: 4
[21.232s][debug][gc,phases      ] GC(39)   ResolvedMethodTable Weak       Min:  0.0, Avg:  0.0, Max:  0.0, Diff:  0.0, Sum:  0.1, Workers: 4
[21.232s][debug][gc,phases      ] GC(39)     Dead                           Min: 0, Avg:  0.0, Max: 0, Diff: 0, Sum: 0, Workers: 4
[21.232s][debug][gc,phases      ] GC(39)     Total                          Min: 1600, Avg: 1816.2, Max: 1984, Diff: 384, Sum: 7265, Workers: 4
[21.232s][debug][gc,phases      ] GC(39)   JNI Weak                       Min:  0.0, Avg:  0.0, Max:  0.0, Diff:  0.0, Sum:  0.0, Workers: 4
[21.232s][debug][gc,phases      ] GC(39)     Dead                           Min: 0, Avg:  0.0, Max: 0, Diff: 0, Sum: 0, Workers: 4
[21.232s][debug][gc,phases      ] GC(39)     Total                          Min: 0, Avg:  1.0, Max: 4, Diff: 4, Sum: 4, Workers: 4
[21.232s][debug][gc,phases      ] GC(39)   StringDedup Table Weak         Min:  0.0, Avg:  0.0, Max:  0.0, Diff:  0.0, Sum:  0.0, Workers: 4
[21.232s][debug][gc,phases      ] GC(39)     Dead                           Min: 0, Avg:  0.0, Max: 0, Diff: 0, Sum: 0, Workers: 4
[21.232s][debug][gc,phases      ] GC(39)     Total                          Min: 0, Avg:  0.0, Max: 0, Diff: 0, Sum: 0, Workers: 4
[21.232s][debug][gc,phases      ] GC(39)   StringDedup Requests0 Weak     Min:  0.0, Avg:  0.0, Max:  0.0, Diff:  0.0, Sum:  0.0, Workers: 4
[21.232s][debug][gc,phases      ] GC(39)     Dead                           Min: 0, Avg:  0.0, Max: 0, Diff: 0, Sum: 0, Workers: 4
[21.232s][debug][gc,phases      ] GC(39)     Total                          Min: 0, Avg:  0.0, Max: 0, Diff: 0, Sum: 0, Workers: 4
[21.232s][debug][gc,phases      ] GC(39)   StringDedup Requests1 Weak     Min:  0.0, Avg:  0.0, Max:  0.0, Diff:  0.0, Sum:  0.0, Workers: 4
[21.232s][debug][gc,phases      ] GC(39)     Dead                           Min: 0, Avg:  0.0, Max: 0, Diff: 0, Sum: 0, Workers: 4
[21.232s][debug][gc,phases      ] GC(39)     Total                          Min: 0, Avg:  0.0, Max: 0, Diff: 0, Sum: 0, Workers: 4
[21.232s][debug][gc,phases      ] GC(39)   Weak JFR Old Object Samples    Min:  0.0, Avg:  0.0, Max:  0.0, Diff:  0.0, Sum:  0.0, Workers: 4
[21.232s][debug][gc,phases      ] GC(39)     Dead                           Min: 0, Avg:  0.0, Max: 0, Diff: 0, Sum: 0, Workers: 4
[21.232s][debug][gc,phases      ] GC(39)     Total                          Min: 0, Avg:  0.0, Max: 0, Diff: 0, Sum: 0, Workers: 4
[21.232s][debug][gc,phases      ] GC(39) Weak Processing 0.340ms
[21.232s][debug][gc,age         ] GC(39) Desired survivor size 312475648 bytes, new threshold 15 (max threshold 15)
[21.232s][info ][gc,heap        ] GC(39) PSYoungGen: 1642461K(1785856K)->173392K(1780224K) Eden: 1468928K(1468928K)->0K(1468928K) From: 173533K(316928K)->173392K(311296K)
[21.232s][info ][gc,heap        ] GC(39) ParOldGen: 363600K(453120K)->366094K(453120K)
[21.232s][info ][gc,metaspace   ] GC(39) Metaspace: 68754K(69504K)->68754K(69504K) NonClass: 58729K(59136K)->58729K(59136K) Class: 10025K(10368K)->10025K(10368K)
[21.233s][info ][gc             ] GC(39) Pause Young (Allocation Failure) 1959M->526M(2181M) 85.362ms
[21.233s][info ][gc,cpu         ] GC(39) User=0.34s Sys=0.00s Real=0.09s
[21.233s][info ][safepoint      ] Safepoint "ParallelGCFailedAllocation", Time since last: 51723908 ns, Reaching safepoint: 148503 ns, At safepoint: 85466631 ns, Total: 85615134 ns
[21.584s][info ][gc,start       ] GC(40) Pause Young (Allocation Failure)
[21.687s][debug][gc,phases      ] GC(40) Scavenge 102.901ms
[21.687s][debug][gc,ref         ] GC(40) Skipped phase 1 of Reference Processing: no references
[21.687s][debug][gc,ref         ] GC(40) ReferenceProcessor::execute queues: 1, RefProcThreadModel::Single, marks_oops_alive: false
[21.687s][debug][gc,ref         ] GC(40) Skipped phase 3 of Reference Processing: no references
[21.687s][debug][gc,ref         ] GC(40) ReferenceProcessor::execute queues: 1, RefProcThreadModel::Single, marks_oops_alive: false
[21.687s][debug][gc,phases      ] GC(40) Reference Processing 0.163ms
[21.687s][debug][gc,phases      ] GC(40)   VM Weak                        Min:  0.0, Avg:  0.0, Max:  0.0, Diff:  0.0, Sum:  0.0, Workers: 4
[21.687s][debug][gc,phases      ] GC(40)     Dead                           Min: 0, Avg:  0.0, Max: 0, Diff: 0, Sum: 0, Workers: 4
[21.687s][debug][gc,phases      ] GC(40)     Total                          Min: 0, Avg: 148.5, Max: 512, Diff: 512, Sum: 594, Workers: 4
[21.687s][debug][gc,phases      ] GC(40)   ObjectSynchronizer Weak        Min:  0.0, Avg:  0.0, Max:  0.0, Diff:  0.0, Sum:  0.0, Workers: 4
[21.687s][debug][gc,phases      ] GC(40)     Dead                           Min: 0, Avg:  0.0, Max: 0, Diff: 0, Sum: 0, Workers: 4
[21.687s][debug][gc,phases      ] GC(40)     Total                          Min: 0, Avg: 75.0, Max: 192, Diff: 192, Sum: 300, Workers: 4
[21.687s][debug][gc,phases      ] GC(40)   JVMTI Tag Weak OopStorage      Min:  0.0, Avg:  0.0, Max:  0.0, Diff:  0.0, Sum:  0.0, Workers: 4
[21.687s][debug][gc,phases      ] GC(40)     Dead                           Min: 0, Avg:  0.0, Max: 0, Diff: 0, Sum: 0, Workers: 4
[21.687s][debug][gc,phases      ] GC(40)     Total                          Min: 0, Avg:  0.0, Max: 0, Diff: 0, Sum: 0, Workers: 4
[21.687s][debug][gc,phases      ] GC(40)   StringTable Weak               Min:  0.1, Avg:  0.1, Max:  0.1, Diff:  0.0, Sum:  0.4, Workers: 4
[21.687s][debug][gc,phases      ] GC(40)     Dead                           Min: 0, Avg:  2.8, Max: 11, Diff: 11, Sum: 11, Workers: 4
[21.687s][debug][gc,phases      ] GC(40)     Total                          Min: 9216, Avg: 10759.5, Max: 11392, Diff: 2176, Sum: 43038, Workers: 4
[21.687s][debug][gc,phases      ] GC(40)   ResolvedMethodTable Weak       Min:  0.0, Avg:  0.0, Max:  0.0, Diff:  0.0, Sum:  0.1, Workers: 4
[21.687s][debug][gc,phases      ] GC(40)     Dead                           Min: 0, Avg:  0.0, Max: 0, Diff: 0, Sum: 0, Workers: 4
[21.687s][debug][gc,phases      ] GC(40)     Total                          Min: 1536, Avg: 1816.2, Max: 2112, Diff: 576, Sum: 7265, Workers: 4
[21.687s][debug][gc,phases      ] GC(40)   JNI Weak                       Min:  0.0, Avg:  0.0, Max:  0.0, Diff:  0.0, Sum:  0.0, Workers: 4
[21.687s][debug][gc,phases      ] GC(40)     Dead                           Min: 0, Avg:  0.0, Max: 0, Diff: 0, Sum: 0, Workers: 4
[21.687s][debug][gc,phases      ] GC(40)     Total                          Min: 0, Avg:  1.2, Max: 5, Diff: 5, Sum: 5, Workers: 4
[21.687s][debug][gc,phases      ] GC(40)   StringDedup Table Weak         Min:  0.0, Avg:  0.0, Max:  0.0, Diff:  0.0, Sum:  0.0, Workers: 4
[21.687s][debug][gc,phases      ] GC(40)     Dead                           Min: 0, Avg:  0.0, Max: 0, Diff: 0, Sum: 0, Workers: 4
[21.687s][debug][gc,phases      ] GC(40)     Total                          Min: 0, Avg:  0.0, Max: 0, Diff: 0, Sum: 0, Workers: 4
[21.687s][debug][gc,phases      ] GC(40)   StringDedup Requests0 Weak     Min:  0.0, Avg:  0.0, Max:  0.0, Diff:  0.0, Sum:  0.0, Workers: 4
[21.687s][debug][gc,phases      ] GC(40)     Dead                           Min: 0, Avg:  0.0, Max: 0, Diff: 0, Sum: 0, Workers: 4
[21.687s][debug][gc,phases      ] GC(40)     Total                          Min: 0, Avg:  0.0, Max: 0, Diff: 0, Sum: 0, Workers: 4
[21.687s][debug][gc,phases      ] GC(40)   StringDedup Requests1 Weak     Min:  0.0, Avg:  0.0, Max:  0.0, Diff:  0.0, Sum:  0.0, Workers: 4
[21.687s][debug][gc,phases      ] GC(40)     Dead                           Min: 0, Avg:  0.0, Max: 0, Diff: 0, Sum: 0, Workers: 4
[21.687s][debug][gc,phases      ] GC(40)     Total                          Min: 0, Avg:  0.0, Max: 0, Diff: 0, Sum: 0, Workers: 4
[21.687s][debug][gc,phases      ] GC(40)   Weak JFR Old Object Samples    Min:  0.0, Avg:  0.0, Max:  0.0, Diff:  0.0, Sum:  0.0, Workers: 4
[21.687s][debug][gc,phases      ] GC(40)     Dead                           Min: 0, Avg:  0.0, Max: 0, Diff: 0, Sum: 0, Workers: 4
[21.687s][debug][gc,phases      ] GC(40)     Total                          Min: 0, Avg:  0.0, Max: 0, Diff: 0, Sum: 0, Workers: 4
[21.687s][debug][gc,phases      ] GC(40) Weak Processing 0.377ms
[21.687s][debug][gc,age         ] GC(40) Desired survivor size 306184192 bytes, new threshold 15 (max threshold 15)
[21.687s][info ][gc,heap        ] GC(40) PSYoungGen: 1642320K(1780224K)->173392K(1798144K) Eden: 1468928K(1468928K)->0K(1492992K) From: 173392K(311296K)->173392K(305152K)
[21.687s][info ][gc,heap        ] GC(40) ParOldGen: 366094K(453120K)->366374K(453120K)
[21.687s][info ][gc,metaspace   ] GC(40) Metaspace: 68777K(69504K)->68777K(69504K) NonClass: 58752K(59136K)->58752K(59136K) Class: 10025K(10368K)->10025K(10368K)
[21.687s][info ][gc             ] GC(40) Pause Young (Allocation Failure) 1961M->527M(2198M) 103.600ms
[21.687s][info ][gc,cpu         ] GC(40) User=0.41s Sys=0.00s Real=0.10s
[21.687s][info ][safepoint      ] Safepoint "ParallelGCFailedAllocation", Time since last: 350794216 ns, Reaching safepoint: 265606 ns, At safepoint: 103740122 ns, Total: 104005728 ns
[22.036s][info ][gc,start       ] GC(41) Pause Young (Allocation Failure)
[22.135s][debug][gc,phases      ] GC(41) Scavenge 98.664ms
[22.135s][debug][gc,ref         ] GC(41) Skipped phase 1 of Reference Processing: no references
[22.135s][debug][gc,ref         ] GC(41) ReferenceProcessor::execute queues: 1, RefProcThreadModel::Single, marks_oops_alive: false
[22.135s][debug][gc,ref         ] GC(41) Skipped phase 3 of Reference Processing: no references
[22.135s][debug][gc,ref         ] GC(41) ReferenceProcessor::execute queues: 1, RefProcThreadModel::Single, marks_oops_alive: false
[22.135s][debug][gc,phases      ] GC(41) Reference Processing 0.131ms
[22.135s][debug][gc,phases      ] GC(41)   VM Weak                        Min:  0.0, Avg:  0.0, Max:  0.0, Diff:  0.0, Sum:  0.0, Workers: 4
[22.135s][debug][gc,phases      ] GC(41)     Dead                           Min: 0, Avg:  0.0, Max: 0, Diff: 0, Sum: 0, Workers: 4
[22.135s][debug][gc,phases      ] GC(41)     Total                          Min: 0, Avg: 148.5, Max: 384, Diff: 384, Sum: 594, Workers: 4
[22.135s][debug][gc,phases      ] GC(41)   ObjectSynchronizer Weak        Min:  0.0, Avg:  0.0, Max:  0.0, Diff:  0.0, Sum:  0.0, Workers: 4
[22.135s][debug][gc,phases      ] GC(41)     Dead                           Min: 0, Avg:  0.0, Max: 0, Diff: 0, Sum: 0, Workers: 4
[22.135s][debug][gc,phases      ] GC(41)     Total                          Min: 0, Avg: 75.0, Max: 172, Diff: 172, Sum: 300, Workers: 4
[22.135s][debug][gc,phases      ] GC(41)   JVMTI Tag Weak OopStorage      Min:  0.0, Avg:  0.0, Max:  0.0, Diff:  0.0, Sum:  0.0, Workers: 4
[22.135s][debug][gc,phases      ] GC(41)     Dead                           Min: 0, Avg:  0.0, Max: 0, Diff: 0, Sum: 0, Workers: 4
[22.135s][debug][gc,phases      ] GC(41)     Total                          Min: 0, Avg:  0.0, Max: 0, Diff: 0, Sum: 0, Workers: 4
[22.135s][debug][gc,phases      ] GC(41)   StringTable Weak               Min:  0.1, Avg:  0.1, Max:  0.1, Diff:  0.0, Sum:  0.5, Workers: 4
[22.135s][debug][gc,phases      ] GC(41)     Dead                           Min: 0, Avg:  2.8, Max: 11, Diff: 11, Sum: 11, Workers: 4
[22.135s][debug][gc,phases      ] GC(41)     Total                          Min: 8064, Avg: 10761.2, Max: 11877, Diff: 3813, Sum: 43045, Workers: 4
[22.135s][debug][gc,phases      ] GC(41)   ResolvedMethodTable Weak       Min:  0.0, Avg:  0.0, Max:  0.0, Diff:  0.0, Sum:  0.1, Workers: 4
[22.135s][debug][gc,phases      ] GC(41)     Dead                           Min: 0, Avg:  0.0, Max: 0, Diff: 0, Sum: 0, Workers: 4
[22.135s][debug][gc,phases      ] GC(41)     Total                          Min: 1536, Avg: 1816.2, Max: 1984, Diff: 448, Sum: 7265, Workers: 4
[22.135s][debug][gc,phases      ] GC(41)   JNI Weak                       Min:  0.0, Avg:  0.0, Max:  0.0, Diff:  0.0, Sum:  0.0, Workers: 4
[22.135s][debug][gc,phases      ] GC(41)     Dead                           Min: 0, Avg:  0.0, Max: 0, Diff: 0, Sum: 0, Workers: 4
[22.135s][debug][gc,phases      ] GC(41)     Total                          Min: 0, Avg:  0.5, Max: 2, Diff: 2, Sum: 2, Workers: 4
[22.135s][debug][gc,phases      ] GC(41)   StringDedup Table Weak         Min:  0.0, Avg:  0.0, Max:  0.0, Diff:  0.0, Sum:  0.0, Workers: 4
[22.135s][debug][gc,phases      ] GC(41)     Dead                           Min: 0, Avg:  0.0, Max: 0, Diff: 0, Sum: 0, Workers: 4
[22.135s][debug][gc,phases      ] GC(41)     Total                          Min: 0, Avg:  0.0, Max: 0, Diff: 0, Sum: 0, Workers: 4
[22.135s][debug][gc,phases      ] GC(41)   StringDedup Requests0 Weak     Min:  0.0, Avg:  0.0, Max:  0.0, Diff:  0.0, Sum:  0.0, Workers: 4
[22.135s][debug][gc,phases      ] GC(41)     Dead                           Min: 0, Avg:  0.0, Max: 0, Diff: 0, Sum: 0, Workers: 4
[22.135s][debug][gc,phases      ] GC(41)     Total                          Min: 0, Avg:  0.0, Max: 0, Diff: 0, Sum: 0, Workers: 4
[22.135s][debug][gc,phases      ] GC(41)   StringDedup Requests1 Weak     Min:  0.0, Avg:  0.0, Max:  0.0, Diff:  0.0, Sum:  0.0, Workers: 4
[22.135s][debug][gc,phases      ] GC(41)     Dead                           Min: 0, Avg:  0.0, Max: 0, Diff: 0, Sum: 0, Workers: 4
[22.135s][debug][gc,phases      ] GC(41)     Total                          Min: 0, Avg:  0.0, Max: 0, Diff: 0, Sum: 0, Workers: 4
[22.135s][debug][gc,phases      ] GC(41)   Weak JFR Old Object Samples    Min:  0.0, Avg:  0.0, Max:  0.0, Diff:  0.0, Sum:  0.0, Workers: 4
[22.135s][debug][gc,phases      ] GC(41)     Dead                           Min: 0, Avg:  0.0, Max: 0, Diff: 0, Sum: 0, Workers: 4
[22.135s][debug][gc,phases      ] GC(41)     Total                          Min: 0, Avg:  0.0, Max: 0, Diff: 0, Sum: 0, Workers: 4
[22.135s][debug][gc,phases      ] GC(41) Weak Processing 0.354ms
[22.135s][debug][gc,age         ] GC(41) Desired survivor size 298844160 bytes, new threshold 15 (max threshold 15)
[22.135s][info ][gc,heap        ] GC(41) PSYoungGen: 1666384K(1798144K)->170525K(1792000K) Eden: 1492992K(1492992K)->0K(1492992K) From: 173392K(305152K)->170525K(299008K)
[22.135s][info ][gc,heap        ] GC(41) ParOldGen: 366374K(453120K)->368880K(453120K)
[22.135s][info ][gc,metaspace   ] GC(41) Metaspace: 68819K(69568K)->68819K(69568K) NonClass: 58794K(59200K)->58794K(59200K) Class: 10025K(10368K)->10025K(10368K)
[22.135s][info ][gc             ] GC(41) Pause Young (Allocation Failure) 1985M->526M(2192M) 99.285ms
[22.135s][info ][gc,cpu         ] GC(41) User=0.40s Sys=0.00s Real=0.10s
[22.136s][info ][safepoint      ] Safepoint "ParallelGCFailedAllocation", Time since last: 348564569 ns, Reaching safepoint: 181104 ns, At safepoint: 99407130 ns, Total: 99588234 ns
[22.507s][info ][gc,start       ] GC(42) Pause Young (Allocation Failure)
[22.597s][debug][gc,phases      ] GC(42) Scavenge 89.756ms
[22.597s][debug][gc,ref         ] GC(42) Skipped phase 1 of Reference Processing: no references
[22.597s][debug][gc,ref         ] GC(42) ReferenceProcessor::execute queues: 1, RefProcThreadModel::Single, marks_oops_alive: false
[22.597s][debug][gc,ref         ] GC(42) Skipped phase 3 of Reference Processing: no references
[22.597s][debug][gc,ref         ] GC(42) ReferenceProcessor::execute queues: 1, RefProcThreadModel::Single, marks_oops_alive: false
[22.597s][debug][gc,phases      ] GC(42) Reference Processing 0.131ms
[22.597s][debug][gc,phases      ] GC(42)   VM Weak                        Min:  0.0, Avg:  0.0, Max:  0.0, Diff:  0.0, Sum:  0.0, Workers: 4
[22.597s][debug][gc,phases      ] GC(42)     Dead                           Min: 0, Avg:  0.0, Max: 0, Diff: 0, Sum: 0, Workers: 4
[22.597s][debug][gc,phases      ] GC(42)     Total                          Min: 0, Avg: 148.5, Max: 594, Diff: 594, Sum: 594, Workers: 4
[22.597s][debug][gc,phases      ] GC(42)   ObjectSynchronizer Weak        Min:  0.0, Avg:  0.0, Max:  0.0, Diff:  0.0, Sum:  0.0, Workers: 4
[22.597s][debug][gc,phases      ] GC(42)     Dead                           Min: 0, Avg:  0.0, Max: 0, Diff: 0, Sum: 0, Workers: 4
[22.597s][debug][gc,phases      ] GC(42)     Total                          Min: 0, Avg: 75.0, Max: 192, Diff: 192, Sum: 300, Workers: 4
[22.597s][debug][gc,phases      ] GC(42)   JVMTI Tag Weak OopStorage      Min:  0.0, Avg:  0.0, Max:  0.0, Diff:  0.0, Sum:  0.0, Workers: 4
[22.597s][debug][gc,phases      ] GC(42)     Dead                           Min: 0, Avg:  0.0, Max: 0, Diff: 0, Sum: 0, Workers: 4
[22.597s][debug][gc,phases      ] GC(42)     Total                          Min: 0, Avg:  0.0, Max: 0, Diff: 0, Sum: 0, Workers: 4
[22.597s][debug][gc,phases      ] GC(42)   StringTable Weak               Min:  0.1, Avg:  0.1, Max:  0.1, Diff:  0.0, Sum:  0.3, Workers: 4
[22.597s][debug][gc,phases      ] GC(42)     Dead                           Min: 0, Avg:  0.0, Max: 0, Diff: 0, Sum: 0, Workers: 4
[22.597s][debug][gc,phases      ] GC(42)     Total                          Min: 9728, Avg: 10761.8, Max: 11648, Diff: 1920, Sum: 43047, Workers: 4
[22.597s][debug][gc,phases      ] GC(42)   ResolvedMethodTable Weak       Min:  0.0, Avg:  0.0, Max:  0.0, Diff:  0.0, Sum:  0.1, Workers: 4
[22.597s][debug][gc,phases      ] GC(42)     Dead                           Min: 0, Avg:  0.0, Max: 0, Diff: 0, Sum: 0, Workers: 4
[22.597s][debug][gc,phases      ] GC(42)     Total                          Min: 1570, Avg: 1816.2, Max: 1984, Diff: 414, Sum: 7265, Workers: 4
[22.597s][debug][gc,phases      ] GC(42)   JNI Weak                       Min:  0.0, Avg:  0.0, Max:  0.0, Diff:  0.0, Sum:  0.0, Workers: 4
[22.597s][debug][gc,phases      ] GC(42)     Dead                           Min: 0, Avg:  0.0, Max: 0, Diff: 0, Sum: 0, Workers: 4
[22.597s][debug][gc,phases      ] GC(42)     Total                          Min: 0, Avg:  0.8, Max: 3, Diff: 3, Sum: 3, Workers: 4
[22.597s][debug][gc,phases      ] GC(42)   StringDedup Table Weak         Min:  0.0, Avg:  0.0, Max:  0.0, Diff:  0.0, Sum:  0.0, Workers: 4
[22.597s][debug][gc,phases      ] GC(42)     Dead                           Min: 0, Avg:  0.0, Max: 0, Diff: 0, Sum: 0, Workers: 4
[22.597s][debug][gc,phases      ] GC(42)     Total                          Min: 0, Avg:  0.0, Max: 0, Diff: 0, Sum: 0, Workers: 4
[22.597s][debug][gc,phases      ] GC(42)   StringDedup Requests0 Weak     Min:  0.0, Avg:  0.0, Max:  0.0, Diff:  0.0, Sum:  0.0, Workers: 4
[22.597s][debug][gc,phases      ] GC(42)     Dead                           Min: 0, Avg:  0.0, Max: 0, Diff: 0, Sum: 0, Workers: 4
[22.597s][debug][gc,phases      ] GC(42)     Total                          Min: 0, Avg:  0.0, Max: 0, Diff: 0, Sum: 0, Workers: 4
[22.597s][debug][gc,phases      ] GC(42)   StringDedup Requests1 Weak     Min:  0.0, Avg:  0.0, Max:  0.0, Diff:  0.0, Sum:  0.0, Workers: 4
[22.597s][debug][gc,phases      ] GC(42)     Dead                           Min: 0, Avg:  0.0, Max: 0, Diff: 0, Sum: 0, Workers: 4
[22.597s][debug][gc,phases      ] GC(42)     Total                          Min: 0, Avg:  0.0, Max: 0, Diff: 0, Sum: 0, Workers: 4
[22.597s][debug][gc,phases      ] GC(42)   Weak JFR Old Object Samples    Min:  0.0, Avg:  0.0, Max:  0.0, Diff:  0.0, Sum:  0.0, Workers: 4
[22.597s][debug][gc,phases      ] GC(42)     Dead                           Min: 0, Avg:  0.0, Max: 0, Diff: 0, Sum: 0, Workers: 4
[22.597s][debug][gc,phases      ] GC(42)     Total                          Min: 0, Avg:  0.0, Max: 0, Diff: 0, Sum: 0, Workers: 4
[22.597s][debug][gc,phases      ] GC(42) Weak Processing 0.284ms
[22.597s][debug][gc,age         ] GC(42) Desired survivor size 290979840 bytes, new threshold 15 (max threshold 15)
[22.597s][info ][gc,heap        ] GC(42) PSYoungGen: 1663517K(1792000K)->169504K(1812992K) Eden: 1492992K(1492992K)->0K(1521152K) From: 170525K(299008K)->169504K(291840K)
[22.597s][info ][gc,heap        ] GC(42) ParOldGen: 368880K(453120K)->369280K(453120K)
[22.597s][info ][gc,metaspace   ] GC(42) Metaspace: 68832K(69568K)->68832K(69568K) NonClass: 58807K(59200K)->58807K(59200K) Class: 10025K(10368K)->10025K(10368K)
[22.597s][info ][gc             ] GC(42) Pause Young (Allocation Failure) 1984M->526M(2213M) 90.300ms
[22.597s][info ][gc,cpu         ] GC(42) User=0.36s Sys=0.00s Real=0.10s
[22.597s][info ][safepoint      ] Safepoint "ParallelGCFailedAllocation", Time since last: 371302655 ns, Reaching safepoint: 178604 ns, At safepoint: 90425237 ns, Total: 90603841 ns
[22.935s][info ][gc,start       ] GC(43) Pause Young (Allocation Failure)
[23.012s][debug][gc,phases      ] GC(43) Scavenge 77.426ms
[23.012s][debug][gc,ref         ] GC(43) Skipped phase 1 of Reference Processing: no references
[23.012s][debug][gc,ref         ] GC(43) ReferenceProcessor::execute queues: 1, RefProcThreadModel::Single, marks_oops_alive: false
[23.012s][debug][gc,ref         ] GC(43) Skipped phase 3 of Reference Processing: no references
[23.012s][debug][gc,ref         ] GC(43) ReferenceProcessor::execute queues: 1, RefProcThreadModel::Single, marks_oops_alive: false
[23.012s][debug][gc,phases      ] GC(43) Reference Processing 0.161ms
[23.012s][debug][gc,phases      ] GC(43)   VM Weak                        Min:  0.0, Avg:  0.0, Max:  0.0, Diff:  0.0, Sum:  0.0, Workers: 4
[23.012s][debug][gc,phases      ] GC(43)     Dead                           Min: 0, Avg:  0.0, Max: 0, Diff: 0, Sum: 0, Workers: 4
[23.012s][debug][gc,phases      ] GC(43)     Total                          Min: 0, Avg: 148.5, Max: 384, Diff: 384, Sum: 594, Workers: 4
[23.012s][debug][gc,phases      ] GC(43)   ObjectSynchronizer Weak        Min:  0.0, Avg:  0.0, Max:  0.0, Diff:  0.0, Sum:  0.0, Workers: 4
[23.012s][debug][gc,phases      ] GC(43)     Dead                           Min: 0, Avg:  0.0, Max: 0, Diff: 0, Sum: 0, Workers: 4
[23.012s][debug][gc,phases      ] GC(43)     Total                          Min: 0, Avg: 75.0, Max: 172, Diff: 172, Sum: 300, Workers: 4
[23.012s][debug][gc,phases      ] GC(43)   JVMTI Tag Weak OopStorage      Min:  0.0, Avg:  0.0, Max:  0.0, Diff:  0.0, Sum:  0.0, Workers: 4
[23.012s][debug][gc,phases      ] GC(43)     Dead                           Min: 0, Avg:  0.0, Max: 0, Diff: 0, Sum: 0, Workers: 4
[23.012s][debug][gc,phases      ] GC(43)     Total                          Min: 0, Avg:  0.0, Max: 0, Diff: 0, Sum: 0, Workers: 4
[23.012s][debug][gc,phases      ] GC(43)   StringTable Weak               Min:  0.1, Avg:  0.1, Max:  0.1, Diff:  0.0, Sum:  0.4, Workers: 4
[23.012s][debug][gc,phases      ] GC(43)     Dead                           Min: 0, Avg:  2.8, Max: 11, Diff: 11, Sum: 11, Workers: 4
[23.012s][debug][gc,phases      ] GC(43)     Total                          Min: 9664, Avg: 10762.0, Max: 11432, Diff: 1768, Sum: 43048, Workers: 4
[23.012s][debug][gc,phases      ] GC(43)   ResolvedMethodTable Weak       Min:  0.0, Avg:  0.0, Max:  0.0, Diff:  0.0, Sum:  0.1, Workers: 4
[23.012s][debug][gc,phases      ] GC(43)     Dead                           Min: 0, Avg:  0.0, Max: 0, Diff: 0, Sum: 0, Workers: 4
[23.012s][debug][gc,phases      ] GC(43)     Total                          Min: 1570, Avg: 1816.2, Max: 1984, Diff: 414, Sum: 7265, Workers: 4
[23.012s][debug][gc,phases      ] GC(43)   JNI Weak                       Min:  0.0, Avg:  0.0, Max:  0.0, Diff:  0.0, Sum:  0.0, Workers: 4
[23.012s][debug][gc,phases      ] GC(43)     Dead                           Min: 0, Avg:  0.0, Max: 0, Diff: 0, Sum: 0, Workers: 4
[23.012s][debug][gc,phases      ] GC(43)     Total                          Min: 0, Avg:  0.0, Max: 0, Diff: 0, Sum: 0, Workers: 4
[23.012s][debug][gc,phases      ] GC(43)   StringDedup Table Weak         Min:  0.0, Avg:  0.0, Max:  0.0, Diff:  0.0, Sum:  0.0, Workers: 4
[23.012s][debug][gc,phases      ] GC(43)     Dead                           Min: 0, Avg:  0.0, Max: 0, Diff: 0, Sum: 0, Workers: 4
[23.012s][debug][gc,phases      ] GC(43)     Total                          Min: 0, Avg:  0.0, Max: 0, Diff: 0, Sum: 0, Workers: 4
[23.012s][debug][gc,phases      ] GC(43)   StringDedup Requests0 Weak     Min:  0.0, Avg:  0.0, Max:  0.0, Diff:  0.0, Sum:  0.0, Workers: 4
[23.012s][debug][gc,phases      ] GC(43)     Dead                           Min: 0, Avg:  0.0, Max: 0, Diff: 0, Sum: 0, Workers: 4
[23.012s][debug][gc,phases      ] GC(43)     Total                          Min: 0, Avg:  0.0, Max: 0, Diff: 0, Sum: 0, Workers: 4
[23.012s][debug][gc,phases      ] GC(43)   StringDedup Requests1 Weak     Min:  0.0, Avg:  0.0, Max:  0.0, Diff:  0.0, Sum:  0.0, Workers: 4
[23.012s][debug][gc,phases      ] GC(43)     Dead                           Min: 0, Avg:  0.0, Max: 0, Diff: 0, Sum: 0, Workers: 4
[23.012s][debug][gc,phases      ] GC(43)     Total                          Min: 0, Avg:  0.0, Max: 0, Diff: 0, Sum: 0, Workers: 4
[23.012s][debug][gc,phases      ] GC(43)   Weak JFR Old Object Samples    Min:  0.0, Avg:  0.0, Max:  0.0, Diff:  0.0, Sum:  0.0, Workers: 4
[23.012s][debug][gc,phases      ] GC(43)     Dead                           Min: 0, Avg:  0.0, Max: 0, Diff: 0, Sum: 0, Workers: 4
[23.012s][debug][gc,phases      ] GC(43)     Total                          Min: 0, Avg:  0.0, Max: 0, Diff: 0, Sum: 0, Workers: 4
[23.012s][debug][gc,phases      ] GC(43) Weak Processing 0.297ms
[23.012s][debug][gc,age         ] GC(43) Desired survivor size 279445504 bytes, new threshold 15 (max threshold 15)
[23.013s][info ][gc,heap        ] GC(43) PSYoungGen: 1690656K(1812992K)->143312K(1805312K) Eden: 1521152K(1521152K)->0K(1521152K) From: 169504K(291840K)->143312K(284160K)
[23.013s][info ][gc,heap        ] GC(43) ParOldGen: 369280K(453120K)->396488K(453120K)
[23.013s][info ][gc,metaspace   ] GC(43) Metaspace: 68845K(69568K)->68845K(69568K) NonClass: 58820K(59200K)->58820K(59200K) Class: 10025K(10368K)->10025K(10368K)
[23.013s][info ][gc             ] GC(43) Pause Young (Allocation Failure) 2011M->527M(2205M) 78.033ms
[23.013s][info ][gc,cpu         ] GC(43) User=0.29s Sys=0.03s Real=0.08s
[23.013s][info ][safepoint      ] Safepoint "ParallelGCFailedAllocation", Time since last: 336875419 ns, Reaching safepoint: 159503 ns, At safepoint: 78140274 ns, Total: 78299777 ns
[23.416s][info ][gc,start       ] GC(44) Pause Young (Allocation Failure)
[23.506s][debug][gc,phases      ] GC(44) Scavenge 89.662ms
[23.506s][debug][gc,ref         ] GC(44) Skipped phase 1 of Reference Processing: no references
[23.506s][debug][gc,ref         ] GC(44) ReferenceProcessor::execute queues: 1, RefProcThreadModel::Single, marks_oops_alive: false
[23.506s][debug][gc,ref         ] GC(44) Skipped phase 3 of Reference Processing: no references
[23.506s][debug][gc,ref         ] GC(44) ReferenceProcessor::execute queues: 1, RefProcThreadModel::Single, marks_oops_alive: false
[23.506s][debug][gc,phases      ] GC(44) Reference Processing 0.176ms
[23.507s][debug][gc,phases      ] GC(44)   VM Weak                        Min:  0.0, Avg:  0.0, Max:  0.0, Diff:  0.0, Sum:  0.0, Workers: 4
[23.507s][debug][gc,phases      ] GC(44)     Dead                           Min: 0, Avg:  0.0, Max: 0, Diff: 0, Sum: 0, Workers: 4
[23.507s][debug][gc,phases      ] GC(44)     Total                          Min: 0, Avg: 148.5, Max: 594, Diff: 594, Sum: 594, Workers: 4
[23.507s][debug][gc,phases      ] GC(44)   ObjectSynchronizer Weak        Min:  0.0, Avg:  0.0, Max:  0.0, Diff:  0.0, Sum:  0.0, Workers: 4
[23.507s][debug][gc,phases      ] GC(44)     Dead                           Min: 0, Avg:  0.0, Max: 0, Diff: 0, Sum: 0, Workers: 4
[23.507s][debug][gc,phases      ] GC(44)     Total                          Min: 0, Avg: 75.0, Max: 192, Diff: 192, Sum: 300, Workers: 4
[23.507s][debug][gc,phases      ] GC(44)   JVMTI Tag Weak OopStorage      Min:  0.0, Avg:  0.0, Max:  0.0, Diff:  0.0, Sum:  0.0, Workers: 4
[23.507s][debug][gc,phases      ] GC(44)     Dead                           Min: 0, Avg:  0.0, Max: 0, Diff: 0, Sum: 0, Workers: 4
[23.507s][debug][gc,phases      ] GC(44)     Total                          Min: 0, Avg:  0.0, Max: 0, Diff: 0, Sum: 0, Workers: 4
[23.507s][debug][gc,phases      ] GC(44)   StringTable Weak               Min:  0.1, Avg:  0.1, Max:  0.1, Diff:  0.0, Sum:  0.5, Workers: 4
[23.507s][debug][gc,phases      ] GC(44)     Dead                           Min: 0, Avg:  2.8, Max: 11, Diff: 11, Sum: 11, Workers: 4
[23.507s][debug][gc,phases      ] GC(44)     Total                          Min: 8320, Avg: 10763.0, Max: 11968, Diff: 3648, Sum: 43052, Workers: 4
[23.507s][debug][gc,phases      ] GC(44)   ResolvedMethodTable Weak       Min:  0.0, Avg:  0.0, Max:  0.0, Diff:  0.0, Sum:  0.1, Workers: 4
[23.507s][debug][gc,phases      ] GC(44)     Dead                           Min: 0, Avg:  0.0, Max: 0, Diff: 0, Sum: 0, Workers: 4
[23.507s][debug][gc,phases      ] GC(44)     Total                          Min: 1600, Avg: 1816.2, Max: 2017, Diff: 417, Sum: 7265, Workers: 4
[23.507s][debug][gc,phases      ] GC(44)   JNI Weak                       Min:  0.0, Avg:  0.0, Max:  0.0, Diff:  0.0, Sum:  0.0, Workers: 4
[23.507s][debug][gc,phases      ] GC(44)     Dead                           Min: 0, Avg:  0.0, Max: 0, Diff: 0, Sum: 0, Workers: 4
[23.507s][debug][gc,phases      ] GC(44)     Total                          Min: 0, Avg:  1.5, Max: 6, Diff: 6, Sum: 6, Workers: 4
[23.507s][debug][gc,phases      ] GC(44)   StringDedup Table Weak         Min:  0.0, Avg:  0.0, Max:  0.0, Diff:  0.0, Sum:  0.0, Workers: 4
[23.507s][debug][gc,phases      ] GC(44)     Dead                           Min: 0, Avg:  0.0, Max: 0, Diff: 0, Sum: 0, Workers: 4
[23.507s][debug][gc,phases      ] GC(44)     Total                          Min: 0, Avg:  0.0, Max: 0, Diff: 0, Sum: 0, Workers: 4
[23.507s][debug][gc,phases      ] GC(44)   StringDedup Requests0 Weak     Min:  0.0, Avg:  0.0, Max:  0.0, Diff:  0.0, Sum:  0.0, Workers: 4
[23.507s][debug][gc,phases      ] GC(44)     Dead                           Min: 0, Avg:  0.0, Max: 0, Diff: 0, Sum: 0, Workers: 4
[23.507s][debug][gc,phases      ] GC(44)     Total                          Min: 0, Avg:  0.0, Max: 0, Diff: 0, Sum: 0, Workers: 4
[23.507s][debug][gc,phases      ] GC(44)   StringDedup Requests1 Weak     Min:  0.0, Avg:  0.0, Max:  0.0, Diff:  0.0, Sum:  0.0, Workers: 4
[23.507s][debug][gc,phases      ] GC(44)     Dead                           Min: 0, Avg:  0.0, Max: 0, Diff: 0, Sum: 0, Workers: 4
[23.507s][debug][gc,phases      ] GC(44)     Total                          Min: 0, Avg:  0.0, Max: 0, Diff: 0, Sum: 0, Workers: 4
[23.507s][debug][gc,phases      ] GC(44)   Weak JFR Old Object Samples    Min:  0.0, Avg:  0.0, Max:  0.0, Diff:  0.0, Sum:  0.0, Workers: 4
[23.507s][debug][gc,phases      ] GC(44)     Dead                           Min: 0, Avg:  0.0, Max: 0, Diff: 0, Sum: 0, Workers: 4
[23.507s][debug][gc,phases      ] GC(44)     Total                          Min: 0, Avg:  0.0, Max: 0, Diff: 0, Sum: 0, Workers: 4
[23.507s][debug][gc,phases      ] GC(44) Weak Processing 0.395ms
[23.507s][debug][gc,age         ] GC(44) Desired survivor size 279969792 bytes, new threshold 15 (max threshold 15)
[23.507s][info ][gc,heap        ] GC(44) PSYoungGen: 1664464K(1805312K)->78928K(1823232K) Eden: 1521152K(1521152K)->0K(1550336K) From: 143312K(284160K)->78928K(272896K)
[23.507s][info ][gc,heap        ] GC(44) ParOldGen: 396488K(453120K)->466148K(466432K)
[23.507s][info ][gc,metaspace   ] GC(44) Metaspace: 68849K(69568K)->68849K(69568K) NonClass: 58824K(59200K)->58824K(59200K) Class: 10025K(10368K)->10025K(10368K)
[23.507s][info ][gc             ] GC(44) Pause Young (Allocation Failure) 2012M->532M(2236M) 90.390ms
[23.507s][info ][gc,cpu         ] GC(44) User=0.39s Sys=0.06s Real=0.09s
[23.507s][debug][gc,phases      ] GC(45) Pre Compact 0.010ms
[23.507s][info ][gc,start       ] GC(45) Pause Full (Ergonomics)
[23.507s][info ][gc,phases,start] GC(45) Marking Phase
[23.714s][debug][gc,phases      ] GC(45) Par Mark 207.435ms
[23.714s][debug][gc,ref         ] GC(45) Skipped phase 1 of Reference Processing: no references
[23.715s][debug][gc,ref         ] GC(45) ReferenceProcessor::execute queues: 4, RefProcThreadModel::Multi, marks_oops_alive: false
[23.715s][debug][gc,ref         ] GC(45) Skipped phase 3 of Reference Processing: no references
[23.715s][debug][gc,ref         ] GC(45) ReferenceProcessor::execute queues: 1, RefProcThreadModel::Single, marks_oops_alive: false
[23.715s][debug][gc,phases      ] GC(45) Reference Processing 0.547ms
[23.715s][debug][gc,phases      ] GC(45)   VM Weak                        Min:  0.0, Avg:  0.0, Max:  0.0, Diff:  0.0, Sum:  0.0, Workers: 4
[23.715s][debug][gc,phases      ] GC(45)     Dead                           Min: 0, Avg:  0.0, Max: 0, Diff: 0, Sum: 0, Workers: 4
[23.715s][debug][gc,phases      ] GC(45)     Total                          Min: 0, Avg: 148.5, Max: 448, Diff: 448, Sum: 594, Workers: 4
[23.715s][debug][gc,phases      ] GC(45)   ObjectSynchronizer Weak        Min:  0.0, Avg:  0.0, Max:  0.0, Diff:  0.0, Sum:  0.0, Workers: 4
[23.715s][debug][gc,phases      ] GC(45)     Dead                           Min: 0, Avg:  1.0, Max: 3, Diff: 3, Sum: 4, Workers: 4
[23.715s][debug][gc,phases      ] GC(45)     Total                          Min: 0, Avg: 75.0, Max: 128, Diff: 128, Sum: 300, Workers: 4
[23.715s][debug][gc,phases      ] GC(45)   JVMTI Tag Weak OopStorage      Min:  0.0, Avg:  0.0, Max:  0.0, Diff:  0.0, Sum:  0.0, Workers: 4
[23.715s][debug][gc,phases      ] GC(45)     Dead                           Min: 0, Avg:  0.0, Max: 0, Diff: 0, Sum: 0, Workers: 4
[23.715s][debug][gc,phases      ] GC(45)     Total                          Min: 0, Avg:  0.0, Max: 0, Diff: 0, Sum: 0, Workers: 4
[23.715s][debug][gc,phases      ] GC(45)   StringTable Weak               Min:  0.2, Avg:  0.2, Max:  0.2, Diff:  0.0, Sum:  0.6, Workers: 4
[23.715s][debug][gc,phases      ] GC(45)     Dead                           Min: 0, Avg:  0.0, Max: 0, Diff: 0, Sum: 0, Workers: 4
[23.715s][debug][gc,phases      ] GC(45)     Total                          Min: 9068, Avg: 10763.0, Max: 12544, Diff: 3476, Sum: 43052, Workers: 4
[23.715s][debug][gc,phases      ] GC(45)   ResolvedMethodTable Weak       Min:  0.0, Avg:  0.0, Max:  0.0, Diff:  0.0, Sum:  0.1, Workers: 4
[23.715s][debug][gc,phases      ] GC(45)     Dead                           Min: 0, Avg:  0.0, Max: 0, Diff: 0, Sum: 0, Workers: 4
[23.715s][debug][gc,phases      ] GC(45)     Total                          Min: 1536, Avg: 1816.2, Max: 2145, Diff: 609, Sum: 7265, Workers: 4
[23.715s][debug][gc,phases      ] GC(45)   JNI Weak                       Min:  0.0, Avg:  0.0, Max:  0.0, Diff:  0.0, Sum:  0.0, Workers: 4
[23.715s][debug][gc,phases      ] GC(45)     Dead                           Min: 0, Avg:  0.0, Max: 0, Diff: 0, Sum: 0, Workers: 4
[23.715s][debug][gc,phases      ] GC(45)     Total                          Min: 0, Avg:  1.5, Max: 6, Diff: 6, Sum: 6, Workers: 4
[23.715s][debug][gc,phases      ] GC(45)   StringDedup Table Weak         Min:  0.0, Avg:  0.0, Max:  0.0, Diff:  0.0, Sum:  0.0, Workers: 4
[23.715s][debug][gc,phases      ] GC(45)     Dead                           Min: 0, Avg:  0.0, Max: 0, Diff: 0, Sum: 0, Workers: 4
[23.715s][debug][gc,phases      ] GC(45)     Total                          Min: 0, Avg:  0.0, Max: 0, Diff: 0, Sum: 0, Workers: 4
[23.715s][debug][gc,phases      ] GC(45)   StringDedup Requests0 Weak     Min:  0.0, Avg:  0.0, Max:  0.0, Diff:  0.0, Sum:  0.0, Workers: 4
[23.715s][debug][gc,phases      ] GC(45)     Dead                           Min: 0, Avg:  0.0, Max: 0, Diff: 0, Sum: 0, Workers: 4
[23.715s][debug][gc,phases      ] GC(45)     Total                          Min: 0, Avg:  0.0, Max: 0, Diff: 0, Sum: 0, Workers: 4
[23.715s][debug][gc,phases      ] GC(45)   StringDedup Requests1 Weak     Min:  0.0, Avg:  0.0, Max:  0.0, Diff:  0.0, Sum:  0.0, Workers: 4
[23.715s][debug][gc,phases      ] GC(45)     Dead                           Min: 0, Avg:  0.0, Max: 0, Diff: 0, Sum: 0, Workers: 4
[23.715s][debug][gc,phases      ] GC(45)     Total                          Min: 0, Avg:  0.0, Max: 0, Diff: 0, Sum: 0, Workers: 4
[23.715s][debug][gc,phases      ] GC(45)   Weak JFR Old Object Samples    Min:  0.0, Avg:  0.0, Max:  0.0, Diff:  0.0, Sum:  0.0, Workers: 4
[23.715s][debug][gc,phases      ] GC(45)     Dead                           Min: 0, Avg:  0.0, Max: 0, Diff: 0, Sum: 0, Workers: 4
[23.715s][debug][gc,phases      ] GC(45)     Total                          Min: 0, Avg:  0.0, Max: 0, Diff: 0, Sum: 0, Workers: 4
[23.715s][debug][gc,phases      ] GC(45) Weak Processing 0.442ms
[23.715s][debug][gc,phases      ] GC(45) ClassLoaderData 0.083ms
[23.715s][debug][gc,phases      ] GC(45) Trigger cleanups 0.000ms
[23.726s][debug][gc,phases      ] GC(45) Class Unloading 10.472ms
[23.726s][info ][gc,phases      ] GC(45) Marking Phase 219.082ms
[23.726s][info ][gc,phases,start] GC(45) Summary Phase
[23.726s][info ][gc,phases      ] GC(45) Summary Phase 0.013ms
[23.726s][info ][gc,phases,start] GC(45) Adjust Roots
[23.740s][info ][gc,phases      ] GC(45) Adjust Roots 14.203ms
[23.740s][info ][gc,phases,start] GC(45) Compaction Phase
[24.244s][info ][gc,phases      ] GC(45) Compaction Phase 504.038ms
[24.244s][info ][gc,phases,start] GC(45) Post Compact
[24.246s][info ][gc,phases      ] GC(45) Post Compact 1.599ms
[24.246s][info ][gc,heap        ] GC(45) PSYoungGen: 78928K(1823232K)->26183K(1823232K) Eden: 0K(1550336K)->0K(1550336K) From: 78928K(272896K)->26183K(272896K)
[24.246s][info ][gc,heap        ] GC(45) ParOldGen: 466148K(466432K)->466430K(564224K)
[24.246s][info ][gc,metaspace   ] GC(45) Metaspace: 68849K(69568K)->68849K(69568K) NonClass: 58824K(59200K)->58824K(59200K) Class: 10025K(10368K)->10025K(10368K)
[24.246s][info ][gc             ] GC(45) Pause Full (Ergonomics) 532M->481M(2331M) 739.261ms
[24.246s][info ][gc,cpu         ] GC(45) User=2.97s Sys=0.01s Real=0.74s
[24.251s][info ][safepoint      ] Safepoint "ParallelGCFailedAllocation", Time since last: 403611448 ns, Reaching safepoint: 137203 ns, At safepoint: 835096894 ns, Total: 835234097 ns
[24.628s][info ][gc,start       ] GC(46) Pause Young (Allocation Failure)
[24.697s][debug][gc,phases      ] GC(46) Scavenge 68.540ms
[24.697s][debug][gc,ref         ] GC(46) Skipped phase 1 of Reference Processing: no references
[24.697s][debug][gc,ref         ] GC(46) ReferenceProcessor::execute queues: 1, RefProcThreadModel::Single, marks_oops_alive: false
[24.697s][debug][gc,ref         ] GC(46) Skipped phase 3 of Reference Processing: no references
[24.697s][debug][gc,ref         ] GC(46) ReferenceProcessor::execute queues: 1, RefProcThreadModel::Single, marks_oops_alive: false
[24.697s][debug][gc,phases      ] GC(46) Reference Processing 0.103ms
[24.697s][debug][gc,phases      ] GC(46)   VM Weak                        Min:  0.0, Avg:  0.0, Max:  0.0, Diff:  0.0, Sum:  0.0, Workers: 4
[24.697s][debug][gc,phases      ] GC(46)     Dead                           Min: 0, Avg:  0.0, Max: 0, Diff: 0, Sum: 0, Workers: 4
[24.697s][debug][gc,phases      ] GC(46)     Total                          Min: 0, Avg: 148.8, Max: 403, Diff: 403, Sum: 595, Workers: 4
[24.697s][debug][gc,phases      ] GC(46)   ObjectSynchronizer Weak        Min:  0.0, Avg:  0.0, Max:  0.0, Diff:  0.0, Sum:  0.0, Workers: 4
[24.697s][debug][gc,phases      ] GC(46)     Dead                           Min: 0, Avg:  0.0, Max: 0, Diff: 0, Sum: 0, Workers: 4
[24.697s][debug][gc,phases      ] GC(46)     Total                          Min: 0, Avg: 75.0, Max: 172, Diff: 172, Sum: 300, Workers: 4
[24.697s][debug][gc,phases      ] GC(46)   JVMTI Tag Weak OopStorage      Min:  0.0, Avg:  0.0, Max:  0.0, Diff:  0.0, Sum:  0.0, Workers: 4
[24.697s][debug][gc,phases      ] GC(46)     Dead                           Min: 0, Avg:  0.0, Max: 0, Diff: 0, Sum: 0, Workers: 4
[24.697s][debug][gc,phases      ] GC(46)     Total                          Min: 0, Avg:  0.0, Max: 0, Diff: 0, Sum: 0, Workers: 4
[24.697s][debug][gc,phases      ] GC(46)   StringTable Weak               Min:  0.1, Avg:  0.1, Max:  0.1, Diff:  0.0, Sum:  0.4, Workers: 4
[24.697s][debug][gc,phases      ] GC(46)     Dead                           Min: 0, Avg:  2.8, Max: 11, Diff: 11, Sum: 11, Workers: 4
[24.697s][debug][gc,phases      ] GC(46)     Total                          Min: 10114, Avg: 10768.5, Max: 11264, Diff: 1150, Sum: 43074, Workers: 4
[24.697s][debug][gc,phases      ] GC(46)   ResolvedMethodTable Weak       Min:  0.0, Avg:  0.0, Max:  0.0, Diff:  0.0, Sum:  0.1, Workers: 4
[24.697s][debug][gc,phases      ] GC(46)     Dead                           Min: 0, Avg:  4.2, Max: 16, Diff: 16, Sum: 17, Workers: 4
[24.697s][debug][gc,phases      ] GC(46)     Total                          Min: 1599, Avg: 1820.5, Max: 2112, Diff: 513, Sum: 7282, Workers: 4
[24.697s][debug][gc,phases      ] GC(46)   JNI Weak                       Min:  0.0, Avg:  0.0, Max:  0.0, Diff:  0.0, Sum:  0.0, Workers: 4
[24.697s][debug][gc,phases      ] GC(46)     Dead                           Min: 0, Avg:  0.0, Max: 0, Diff: 0, Sum: 0, Workers: 4
[24.697s][debug][gc,phases      ] GC(46)     Total                          Min: 0, Avg:  0.8, Max: 3, Diff: 3, Sum: 3, Workers: 4
[24.697s][debug][gc,phases      ] GC(46)   StringDedup Table Weak         Min:  0.0, Avg:  0.0, Max:  0.0, Diff:  0.0, Sum:  0.0, Workers: 4
[24.697s][debug][gc,phases      ] GC(46)     Dead                           Min: 0, Avg:  0.0, Max: 0, Diff: 0, Sum: 0, Workers: 4
[24.697s][debug][gc,phases      ] GC(46)     Total                          Min: 0, Avg:  0.0, Max: 0, Diff: 0, Sum: 0, Workers: 4
[24.697s][debug][gc,phases      ] GC(46)   StringDedup Requests0 Weak     Min:  0.0, Avg:  0.0, Max:  0.0, Diff:  0.0, Sum:  0.0, Workers: 4
[24.697s][debug][gc,phases      ] GC(46)     Dead                           Min: 0, Avg:  0.0, Max: 0, Diff: 0, Sum: 0, Workers: 4
[24.697s][debug][gc,phases      ] GC(46)     Total                          Min: 0, Avg:  0.0, Max: 0, Diff: 0, Sum: 0, Workers: 4
[24.697s][debug][gc,phases      ] GC(46)   StringDedup Requests1 Weak     Min:  0.0, Avg:  0.0, Max:  0.0, Diff:  0.0, Sum:  0.0, Workers: 4
[24.697s][debug][gc,phases      ] GC(46)     Dead                           Min: 0, Avg:  0.0, Max: 0, Diff: 0, Sum: 0, Workers: 4
[24.697s][debug][gc,phases      ] GC(46)     Total                          Min: 0, Avg:  0.0, Max: 0, Diff: 0, Sum: 0, Workers: 4
[24.697s][debug][gc,phases      ] GC(46)   Weak JFR Old Object Samples    Min:  0.0, Avg:  0.0, Max:  0.0, Diff:  0.0, Sum:  0.0, Workers: 4
[24.697s][debug][gc,phases      ] GC(46)     Dead                           Min: 0, Avg:  0.0, Max: 0, Diff: 0, Sum: 0, Workers: 4
[24.697s][debug][gc,phases      ] GC(46)     Total                          Min: 0, Avg:  0.0, Max: 0, Diff: 0, Sum: 0, Workers: 4
[24.697s][debug][gc,phases      ] GC(46) Weak Processing 0.307ms
[24.697s][debug][gc,age         ] GC(46) Desired survivor size 286785536 bytes, new threshold 15 (max threshold 15)
[24.697s][info ][gc,heap        ] GC(46) PSYoungGen: 1576519K(1823232K)->31728K(1582080K) Eden: 1550336K(1550336K)->0K(1550336K) From: 26183K(272896K)->31728K(31744K)
[24.697s][info ][gc,heap        ] GC(46) ParOldGen: 466430K(564224K)->467470K(564224K)
[24.697s][info ][gc,metaspace   ] GC(46) Metaspace: 68875K(69696K)->68875K(69696K) NonClass: 58841K(59264K)->58841K(59264K) Class: 10034K(10432K)->10034K(10432K)
[24.697s][info ][gc             ] GC(46) Pause Young (Allocation Failure) 1995M->487M(2096M) 69.101ms
[24.697s][info ][gc,cpu         ] GC(46) User=0.26s Sys=0.00s Real=0.08s
[24.697s][info ][safepoint      ] Safepoint "ParallelGCFailedAllocation", Time since last: 376238062 ns, Reaching safepoint: 163503 ns, At safepoint: 69219584 ns, Total: 69383087 ns
[25.062s][info ][gc,start       ] GC(47) Pause Young (Allocation Failure)
[25.075s][debug][gc,phases      ] GC(47) Scavenge 12.910ms
[25.075s][debug][gc,ref         ] GC(47) Skipped phase 1 of Reference Processing: no references
[25.075s][debug][gc,ref         ] GC(47) ReferenceProcessor::execute queues: 1, RefProcThreadModel::Single, marks_oops_alive: false
[25.075s][debug][gc,ref         ] GC(47) Skipped phase 3 of Reference Processing: no references
[25.075s][debug][gc,ref         ] GC(47) Skipped phase 4 of Reference Processing: no references
[25.075s][debug][gc,phases      ] GC(47) Reference Processing 0.114ms
[25.076s][debug][gc,phases      ] GC(47)   VM Weak                        Min:  0.0, Avg:  0.0, Max:  0.0, Diff:  0.0, Sum:  0.0, Workers: 4
[25.076s][debug][gc,phases      ] GC(47)     Dead                           Min: 0, Avg:  0.0, Max: 0, Diff: 0, Sum: 0, Workers: 4
[25.076s][debug][gc,phases      ] GC(47)     Total                          Min: 0, Avg: 148.8, Max: 595, Diff: 595, Sum: 595, Workers: 4
[25.076s][debug][gc,phases      ] GC(47)   ObjectSynchronizer Weak        Min:  0.0, Avg:  0.0, Max:  0.0, Diff:  0.0, Sum:  0.0, Workers: 4
[25.076s][debug][gc,phases      ] GC(47)     Dead                           Min: 0, Avg:  0.0, Max: 0, Diff: 0, Sum: 0, Workers: 4
[25.076s][debug][gc,phases      ] GC(47)     Total                          Min: 0, Avg: 75.0, Max: 172, Diff: 172, Sum: 300, Workers: 4
[25.076s][debug][gc,phases      ] GC(47)   JVMTI Tag Weak OopStorage      Min:  0.0, Avg:  0.0, Max:  0.0, Diff:  0.0, Sum:  0.0, Workers: 4
[25.076s][debug][gc,phases      ] GC(47)     Dead                           Min: 0, Avg:  0.0, Max: 0, Diff: 0, Sum: 0, Workers: 4
[25.076s][debug][gc,phases      ] GC(47)     Total                          Min: 0, Avg:  0.0, Max: 0, Diff: 0, Sum: 0, Workers: 4
[25.076s][debug][gc,phases      ] GC(47)   StringTable Weak               Min:  0.1, Avg:  0.1, Max:  0.1, Diff:  0.0, Sum:  0.4, Workers: 4
[25.076s][debug][gc,phases      ] GC(47)     Dead                           Min: 0, Avg:  2.8, Max: 11, Diff: 11, Sum: 11, Workers: 4
[25.076s][debug][gc,phases      ] GC(47)     Total                          Min: 9664, Avg: 10769.0, Max: 11509, Diff: 1845, Sum: 43076, Workers: 4
[25.076s][debug][gc,phases      ] GC(47)   ResolvedMethodTable Weak       Min:  0.0, Avg:  0.0, Max:  0.0, Diff:  0.0, Sum:  0.1, Workers: 4
[25.076s][debug][gc,phases      ] GC(47)     Dead                           Min: 0, Avg:  0.0, Max: 0, Diff: 0, Sum: 0, Workers: 4
[25.076s][debug][gc,phases      ] GC(47)     Total                          Min: 1535, Avg: 1820.5, Max: 1984, Diff: 449, Sum: 7282, Workers: 4
[25.076s][debug][gc,phases      ] GC(47)   JNI Weak                       Min:  0.0, Avg:  0.0, Max:  0.0, Diff:  0.0, Sum:  0.0, Workers: 4
[25.076s][debug][gc,phases      ] GC(47)     Dead                           Min: 0, Avg:  0.0, Max: 0, Diff: 0, Sum: 0, Workers: 4
[25.076s][debug][gc,phases      ] GC(47)     Total                          Min: 0, Avg:  0.5, Max: 2, Diff: 2, Sum: 2, Workers: 4
[25.076s][debug][gc,phases      ] GC(47)   StringDedup Table Weak         Min:  0.0, Avg:  0.0, Max:  0.0, Diff:  0.0, Sum:  0.0, Workers: 4
[25.076s][debug][gc,phases      ] GC(47)     Dead                           Min: 0, Avg:  0.0, Max: 0, Diff: 0, Sum: 0, Workers: 4
[25.076s][debug][gc,phases      ] GC(47)     Total                          Min: 0, Avg:  0.0, Max: 0, Diff: 0, Sum: 0, Workers: 4
[25.076s][debug][gc,phases      ] GC(47)   StringDedup Requests0 Weak     Min:  0.0, Avg:  0.0, Max:  0.0, Diff:  0.0, Sum:  0.0, Workers: 4
[25.076s][debug][gc,phases      ] GC(47)     Dead                           Min: 0, Avg:  0.0, Max: 0, Diff: 0, Sum: 0, Workers: 4
[25.076s][debug][gc,phases      ] GC(47)     Total                          Min: 0, Avg:  0.0, Max: 0, Diff: 0, Sum: 0, Workers: 4
[25.076s][debug][gc,phases      ] GC(47)   StringDedup Requests1 Weak     Min:  0.0, Avg:  0.0, Max:  0.0, Diff:  0.0, Sum:  0.0, Workers: 4
[25.076s][debug][gc,phases      ] GC(47)     Dead                           Min: 0, Avg:  0.0, Max: 0, Diff: 0, Sum: 0, Workers: 4
[25.076s][debug][gc,phases      ] GC(47)     Total                          Min: 0, Avg:  0.0, Max: 0, Diff: 0, Sum: 0, Workers: 4
[25.076s][debug][gc,phases      ] GC(47)   Weak JFR Old Object Samples    Min:  0.0, Avg:  0.0, Max:  0.0, Diff:  0.0, Sum:  0.0, Workers: 4
[25.076s][debug][gc,phases      ] GC(47)     Dead                           Min: 0, Avg:  0.0, Max: 0, Diff: 0, Sum: 0, Workers: 4
[25.076s][debug][gc,phases      ] GC(47)     Total                          Min: 0, Avg:  0.0, Max: 0, Diff: 0, Sum: 0, Workers: 4
[25.076s][debug][gc,phases      ] GC(47) Weak Processing 0.310ms
[25.076s][debug][gc,age         ] GC(47) Desired survivor size 288882688 bytes, new threshold 15 (max threshold 15)
[25.076s][info ][gc,heap        ] GC(47) PSYoungGen: 1582064K(1582080K)->37904K(1812992K) Eden: 1550336K(1550336K)->0K(1532928K) From: 31728K(31744K)->37904K(280064K)
[25.076s][info ][gc,heap        ] GC(47) ParOldGen: 467470K(564224K)->467926K(564224K)
[25.076s][info ][gc,metaspace   ] GC(47) Metaspace: 68880K(69696K)->68880K(69696K) NonClass: 58844K(59264K)->58844K(59264K) Class: 10035K(10432K)->10035K(10432K)
[25.076s][info ][gc             ] GC(47) Pause Young (Allocation Failure) 2001M->493M(2321M) 13.471ms
[25.076s][info ][gc,cpu         ] GC(47) User=0.05s Sys=0.00s Real=0.01s
[25.076s][info ][safepoint      ] Safepoint "ParallelGCFailedAllocation", Time since last: 365072022 ns, Reaching safepoint: 129403 ns, At safepoint: 13593091 ns, Total: 13722494 ns
[25.425s][info ][gc,start       ] GC(48) Pause Young (Allocation Failure)
[25.440s][debug][gc,phases      ] GC(48) Scavenge 14.458ms
[25.440s][debug][gc,ref         ] GC(48) Skipped phase 1 of Reference Processing: no references
[25.440s][debug][gc,ref         ] GC(48) ReferenceProcessor::execute queues: 1, RefProcThreadModel::Single, marks_oops_alive: false
[25.440s][debug][gc,ref         ] GC(48) Skipped phase 3 of Reference Processing: no references
[25.440s][debug][gc,ref         ] GC(48) Skipped phase 4 of Reference Processing: no references
[25.440s][debug][gc,phases      ] GC(48) Reference Processing 0.132ms
[25.440s][debug][gc,phases      ] GC(48)   VM Weak                        Min:  0.0, Avg:  0.0, Max:  0.0, Diff:  0.0, Sum:  0.0, Workers: 4
[25.440s][debug][gc,phases      ] GC(48)     Dead                           Min: 0, Avg:  0.0, Max: 0, Diff: 0, Sum: 0, Workers: 4
[25.440s][debug][gc,phases      ] GC(48)     Total                          Min: 0, Avg: 148.8, Max: 448, Diff: 448, Sum: 595, Workers: 4
[25.440s][debug][gc,phases      ] GC(48)   ObjectSynchronizer Weak        Min:  0.0, Avg:  0.0, Max:  0.0, Diff:  0.0, Sum:  0.0, Workers: 4
[25.440s][debug][gc,phases      ] GC(48)     Dead                           Min: 0, Avg:  0.0, Max: 0, Diff: 0, Sum: 0, Workers: 4
[25.440s][debug][gc,phases      ] GC(48)     Total                          Min: 0, Avg: 75.0, Max: 128, Diff: 128, Sum: 300, Workers: 4
[25.440s][debug][gc,phases      ] GC(48)   JVMTI Tag Weak OopStorage      Min:  0.0, Avg:  0.0, Max:  0.0, Diff:  0.0, Sum:  0.0, Workers: 4
[25.440s][debug][gc,phases      ] GC(48)     Dead                           Min: 0, Avg:  0.0, Max: 0, Diff: 0, Sum: 0, Workers: 4
[25.440s][debug][gc,phases      ] GC(48)     Total                          Min: 0, Avg:  0.0, Max: 0, Diff: 0, Sum: 0, Workers: 4
[25.440s][debug][gc,phases      ] GC(48)   StringTable Weak               Min:  0.1, Avg:  0.1, Max:  0.1, Diff:  0.0, Sum:  0.4, Workers: 4
[25.440s][debug][gc,phases      ] GC(48)     Dead                           Min: 0, Avg:  2.8, Max: 11, Diff: 11, Sum: 11, Workers: 4
[25.440s][debug][gc,phases      ] GC(48)     Total                          Min: 10072, Avg: 10771.2, Max: 11776, Diff: 1704, Sum: 43085, Workers: 4
[25.440s][debug][gc,phases      ] GC(48)   ResolvedMethodTable Weak       Min:  0.0, Avg:  0.0, Max:  0.0, Diff:  0.0, Sum:  0.1, Workers: 4
[25.440s][debug][gc,phases      ] GC(48)     Dead                           Min: 0, Avg:  0.0, Max: 0, Diff: 0, Sum: 0, Workers: 4
[25.440s][debug][gc,phases      ] GC(48)     Total                          Min: 1400, Avg: 1820.5, Max: 2239, Diff: 839, Sum: 7282, Workers: 4
[25.440s][debug][gc,phases      ] GC(48)   JNI Weak                       Min:  0.0, Avg:  0.0, Max:  0.0, Diff:  0.0, Sum:  0.0, Workers: 4
[25.440s][debug][gc,phases      ] GC(48)     Dead                           Min: 0, Avg:  0.0, Max: 0, Diff: 0, Sum: 0, Workers: 4
[25.440s][debug][gc,phases      ] GC(48)     Total                          Min: 0, Avg:  0.5, Max: 2, Diff: 2, Sum: 2, Workers: 4
[25.440s][debug][gc,phases      ] GC(48)   StringDedup Table Weak         Min:  0.0, Avg:  0.0, Max:  0.0, Diff:  0.0, Sum:  0.0, Workers: 4
[25.440s][debug][gc,phases      ] GC(48)     Dead                           Min: 0, Avg:  0.0, Max: 0, Diff: 0, Sum: 0, Workers: 4
[25.440s][debug][gc,phases      ] GC(48)     Total                          Min: 0, Avg:  0.0, Max: 0, Diff: 0, Sum: 0, Workers: 4
[25.440s][debug][gc,phases      ] GC(48)   StringDedup Requests0 Weak     Min:  0.0, Avg:  0.0, Max:  0.0, Diff:  0.0, Sum:  0.0, Workers: 4
[25.440s][debug][gc,phases      ] GC(48)     Dead                           Min: 0, Avg:  0.0, Max: 0, Diff: 0, Sum: 0, Workers: 4
[25.440s][debug][gc,phases      ] GC(48)     Total                          Min: 0, Avg:  0.0, Max: 0, Diff: 0, Sum: 0, Workers: 4
[25.440s][debug][gc,phases      ] GC(48)   StringDedup Requests1 Weak     Min:  0.0, Avg:  0.0, Max:  0.0, Diff:  0.0, Sum:  0.0, Workers: 4
[25.440s][debug][gc,phases      ] GC(48)     Dead                           Min: 0, Avg:  0.0, Max: 0, Diff: 0, Sum: 0, Workers: 4
[25.440s][debug][gc,phases      ] GC(48)     Total                          Min: 0, Avg:  0.0, Max: 0, Diff: 0, Sum: 0, Workers: 4
[25.440s][debug][gc,phases      ] GC(48)   Weak JFR Old Object Samples    Min:  0.0, Avg:  0.0, Max:  0.0, Diff:  0.0, Sum:  0.0, Workers: 4
[25.440s][debug][gc,phases      ] GC(48)     Dead                           Min: 0, Avg:  0.0, Max: 0, Diff: 0, Sum: 0, Workers: 4
[25.440s][debug][gc,phases      ] GC(48)     Total                          Min: 0, Avg:  0.0, Max: 0, Diff: 0, Sum: 0, Workers: 4
[25.441s][debug][gc,phases      ] GC(48) Weak Processing 0.414ms
[25.441s][debug][gc,age         ] GC(48) Desired survivor size 286785536 bytes, new threshold 15 (max threshold 15)
[25.441s][info ][gc,heap        ] GC(48) PSYoungGen: 1570832K(1812992K)->42832K(1815040K) Eden: 1532928K(1532928K)->0K(1532928K) From: 37904K(280064K)->42832K(282112K)
[25.441s][info ][gc,heap        ] GC(48) ParOldGen: 467926K(564224K)->468790K(564224K)
[25.441s][info ][gc,metaspace   ] GC(48) Metaspace: 68886K(69696K)->68886K(69696K) NonClass: 58850K(59264K)->58850K(59264K) Class: 10035K(10432K)->10035K(10432K)
[25.441s][info ][gc             ] GC(48) Pause Young (Allocation Failure) 1990M->499M(2323M) 15.163ms
[25.441s][info ][gc,cpu         ] GC(48) User=0.06s Sys=0.00s Real=0.02s
[25.441s][info ][safepoint      ] Safepoint "ParallelGCFailedAllocation", Time since last: 349348486 ns, Reaching safepoint: 154803 ns, At safepoint: 15286028 ns, Total: 15440831 ns
[25.787s][info ][gc,start       ] GC(49) Pause Young (Allocation Failure)
[25.812s][debug][gc,phases      ] GC(49) Scavenge 24.255ms
[25.812s][debug][gc,ref         ] GC(49) Skipped phase 1 of Reference Processing: no references
[25.812s][debug][gc,ref         ] GC(49) ReferenceProcessor::execute queues: 1, RefProcThreadModel::Single, marks_oops_alive: false
[25.812s][debug][gc,ref         ] GC(49) Skipped phase 3 of Reference Processing: no references
[25.812s][debug][gc,ref         ] GC(49) Skipped phase 4 of Reference Processing: no references
[25.812s][debug][gc,phases      ] GC(49) Reference Processing 0.125ms
[25.812s][debug][gc,phases      ] GC(49)   VM Weak                        Min:  0.0, Avg:  0.0, Max:  0.0, Diff:  0.0, Sum:  0.0, Workers: 4
[25.812s][debug][gc,phases      ] GC(49)     Dead                           Min: 0, Avg:  0.0, Max: 0, Diff: 0, Sum: 0, Workers: 4
[25.812s][debug][gc,phases      ] GC(49)     Total                          Min: 0, Avg: 148.8, Max: 531, Diff: 531, Sum: 595, Workers: 4
[25.812s][debug][gc,phases      ] GC(49)   ObjectSynchronizer Weak        Min:  0.0, Avg:  0.0, Max:  0.0, Diff:  0.0, Sum:  0.0, Workers: 4
[25.812s][debug][gc,phases      ] GC(49)     Dead                           Min: 0, Avg:  0.0, Max: 0, Diff: 0, Sum: 0, Workers: 4
[25.812s][debug][gc,phases      ] GC(49)     Total                          Min: 0, Avg: 75.0, Max: 192, Diff: 192, Sum: 300, Workers: 4
[25.812s][debug][gc,phases      ] GC(49)   JVMTI Tag Weak OopStorage      Min:  0.0, Avg:  0.0, Max:  0.0, Diff:  0.0, Sum:  0.0, Workers: 4
[25.812s][debug][gc,phases      ] GC(49)     Dead                           Min: 0, Avg:  0.0, Max: 0, Diff: 0, Sum: 0, Workers: 4
[25.812s][debug][gc,phases      ] GC(49)     Total                          Min: 0, Avg:  0.0, Max: 0, Diff: 0, Sum: 0, Workers: 4
[25.812s][debug][gc,phases      ] GC(49)   StringTable Weak               Min:  0.1, Avg:  0.1, Max:  0.1, Diff:  0.0, Sum:  0.4, Workers: 4
[25.812s][debug][gc,phases      ] GC(49)     Dead                           Min: 0, Avg:  2.8, Max: 8, Diff: 8, Sum: 11, Workers: 4
[25.812s][debug][gc,phases      ] GC(49)     Total                          Min: 8896, Avg: 10772.0, Max: 12544, Diff: 3648, Sum: 43088, Workers: 4
[25.812s][debug][gc,phases      ] GC(49)   ResolvedMethodTable Weak       Min:  0.0, Avg:  0.0, Max:  0.0, Diff:  0.0, Sum:  0.1, Workers: 4
[25.812s][debug][gc,phases      ] GC(49)     Dead                           Min: 0, Avg:  0.0, Max: 0, Diff: 0, Sum: 0, Workers: 4
[25.812s][debug][gc,phases      ] GC(49)     Total                          Min: 1536, Avg: 1820.5, Max: 2235, Diff: 699, Sum: 7282, Workers: 4
[25.812s][debug][gc,phases      ] GC(49)   JNI Weak                       Min:  0.0, Avg:  0.0, Max:  0.0, Diff:  0.0, Sum:  0.0, Workers: 4
[25.812s][debug][gc,phases      ] GC(49)     Dead                           Min: 0, Avg:  0.0, Max: 0, Diff: 0, Sum: 0, Workers: 4
[25.812s][debug][gc,phases      ] GC(49)     Total                          Min: 0, Avg:  3.2, Max: 13, Diff: 13, Sum: 13, Workers: 4
[25.812s][debug][gc,phases      ] GC(49)   StringDedup Table Weak         Min:  0.0, Avg:  0.0, Max:  0.0, Diff:  0.0, Sum:  0.0, Workers: 4
[25.812s][debug][gc,phases      ] GC(49)     Dead                           Min: 0, Avg:  0.0, Max: 0, Diff: 0, Sum: 0, Workers: 4
[25.812s][debug][gc,phases      ] GC(49)     Total                          Min: 0, Avg:  0.0, Max: 0, Diff: 0, Sum: 0, Workers: 4
[25.812s][debug][gc,phases      ] GC(49)   StringDedup Requests0 Weak     Min:  0.0, Avg:  0.0, Max:  0.0, Diff:  0.0, Sum:  0.0, Workers: 4
[25.812s][debug][gc,phases      ] GC(49)     Dead                           Min: 0, Avg:  0.0, Max: 0, Diff: 0, Sum: 0, Workers: 4
[25.812s][debug][gc,phases      ] GC(49)     Total                          Min: 0, Avg:  0.0, Max: 0, Diff: 0, Sum: 0, Workers: 4
[25.812s][debug][gc,phases      ] GC(49)   StringDedup Requests1 Weak     Min:  0.0, Avg:  0.0, Max:  0.0, Diff:  0.0, Sum:  0.0, Workers: 4
[25.812s][debug][gc,phases      ] GC(49)     Dead                           Min: 0, Avg:  0.0, Max: 0, Diff: 0, Sum: 0, Workers: 4
[25.812s][debug][gc,phases      ] GC(49)     Total                          Min: 0, Avg:  0.0, Max: 0, Diff: 0, Sum: 0, Workers: 4
[25.812s][debug][gc,phases      ] GC(49)   Weak JFR Old Object Samples    Min:  0.0, Avg:  0.0, Max:  0.0, Diff:  0.0, Sum:  0.0, Workers: 4
[25.812s][debug][gc,phases      ] GC(49)     Dead                           Min: 0, Avg:  0.0, Max: 0, Diff: 0, Sum: 0, Workers: 4
[25.812s][debug][gc,phases      ] GC(49)     Total                          Min: 0, Avg:  0.0, Max: 0, Diff: 0, Sum: 0, Workers: 4
[25.812s][debug][gc,phases      ] GC(49) Weak Processing 0.369ms
[25.812s][debug][gc,age         ] GC(49) Desired survivor size 281542656 bytes, new threshold 15 (max threshold 15)
[25.812s][info ][gc,heap        ] GC(49) PSYoungGen: 1575760K(1815040K)->50352K(1822208K) Eden: 1532928K(1532928K)->0K(1542144K) From: 42832K(282112K)->50352K(280064K)
[25.812s][info ][gc,heap        ] GC(49) ParOldGen: 468790K(564224K)->470358K(564224K)
[25.812s][info ][gc,metaspace   ] GC(49) Metaspace: 68915K(69760K)->68915K(69760K) NonClass: 58879K(59328K)->58879K(59328K) Class: 10035K(10432K)->10035K(10432K)
[25.812s][info ][gc             ] GC(49) Pause Young (Allocation Failure) 1996M->508M(2330M) 24.901ms
[25.812s][info ][gc,cpu         ] GC(49) User=0.11s Sys=0.01s Real=0.03s
[25.812s][info ][safepoint      ] Safepoint "ParallelGCFailedAllocation", Time since last: 346373122 ns, Reaching safepoint: 187404 ns, At safepoint: 25019136 ns, Total: 25206540 ns
[26.243s][info ][gc,start       ] GC(50) Pause Young (Allocation Failure)
[26.268s][debug][gc,phases      ] GC(50) Scavenge 25.269ms
[26.268s][debug][gc,ref         ] GC(50) Skipped phase 1 of Reference Processing: no references
[26.268s][debug][gc,ref         ] GC(50) ReferenceProcessor::execute queues: 1, RefProcThreadModel::Single, marks_oops_alive: false
[26.268s][debug][gc,ref         ] GC(50) Skipped phase 3 of Reference Processing: no references
[26.268s][debug][gc,ref         ] GC(50) Skipped phase 4 of Reference Processing: no references
[26.268s][debug][gc,phases      ] GC(50) Reference Processing 0.115ms
[26.268s][debug][gc,phases      ] GC(50)   VM Weak                        Min:  0.0, Avg:  0.0, Max:  0.0, Diff:  0.0, Sum:  0.0, Workers: 4
[26.268s][debug][gc,phases      ] GC(50)     Dead                           Min: 0, Avg:  0.0, Max: 0, Diff: 0, Sum: 0, Workers: 4
[26.268s][debug][gc,phases      ] GC(50)     Total                          Min: 0, Avg: 148.8, Max: 531, Diff: 531, Sum: 595, Workers: 4
[26.268s][debug][gc,phases      ] GC(50)   ObjectSynchronizer Weak        Min:  0.0, Avg:  0.0, Max:  0.0, Diff:  0.0, Sum:  0.0, Workers: 4
[26.268s][debug][gc,phases      ] GC(50)     Dead                           Min: 0, Avg:  0.0, Max: 0, Diff: 0, Sum: 0, Workers: 4
[26.268s][debug][gc,phases      ] GC(50)     Total                          Min: 0, Avg: 75.0, Max: 172, Diff: 172, Sum: 300, Workers: 4
[26.268s][debug][gc,phases      ] GC(50)   JVMTI Tag Weak OopStorage      Min:  0.0, Avg:  0.0, Max:  0.0, Diff:  0.0, Sum:  0.0, Workers: 4
[26.268s][debug][gc,phases      ] GC(50)     Dead                           Min: 0, Avg:  0.0, Max: 0, Diff: 0, Sum: 0, Workers: 4
[26.268s][debug][gc,phases      ] GC(50)     Total                          Min: 0, Avg:  0.0, Max: 0, Diff: 0, Sum: 0, Workers: 4
[26.268s][debug][gc,phases      ] GC(50)   StringTable Weak               Min:  0.1, Avg:  0.1, Max:  0.1, Diff:  0.0, Sum:  0.4, Workers: 4
[26.268s][debug][gc,phases      ] GC(50)     Dead                           Min: 0, Avg:  0.0, Max: 0, Diff: 0, Sum: 0, Workers: 4
[26.268s][debug][gc,phases      ] GC(50)     Total                          Min: 9728, Avg: 10772.5, Max: 11840, Diff: 2112, Sum: 43090, Workers: 4
[26.268s][debug][gc,phases      ] GC(50)   ResolvedMethodTable Weak       Min:  0.0, Avg:  0.0, Max:  0.0, Diff:  0.0, Sum:  0.1, Workers: 4
[26.268s][debug][gc,phases      ] GC(50)     Dead                           Min: 0, Avg:  0.0, Max: 0, Diff: 0, Sum: 0, Workers: 4
[26.268s][debug][gc,phases      ] GC(50)     Total                          Min: 1599, Avg: 1820.5, Max: 2112, Diff: 513, Sum: 7282, Workers: 4
[26.268s][debug][gc,phases      ] GC(50)   JNI Weak                       Min:  0.0, Avg:  0.0, Max:  0.0, Diff:  0.0, Sum:  0.0, Workers: 4
[26.268s][debug][gc,phases      ] GC(50)     Dead                           Min: 0, Avg:  0.0, Max: 0, Diff: 0, Sum: 0, Workers: 4
[26.268s][debug][gc,phases      ] GC(50)     Total                          Min: 0, Avg:  2.8, Max: 11, Diff: 11, Sum: 11, Workers: 4
[26.268s][debug][gc,phases      ] GC(50)   StringDedup Table Weak         Min:  0.0, Avg:  0.0, Max:  0.0, Diff:  0.0, Sum:  0.0, Workers: 4
[26.268s][debug][gc,phases      ] GC(50)     Dead                           Min: 0, Avg:  0.0, Max: 0, Diff: 0, Sum: 0, Workers: 4
[26.268s][debug][gc,phases      ] GC(50)     Total                          Min: 0, Avg:  0.0, Max: 0, Diff: 0, Sum: 0, Workers: 4
[26.268s][debug][gc,phases      ] GC(50)   StringDedup Requests0 Weak     Min:  0.0, Avg:  0.0, Max:  0.0, Diff:  0.0, Sum:  0.0, Workers: 4
[26.268s][debug][gc,phases      ] GC(50)     Dead                           Min: 0, Avg:  0.0, Max: 0, Diff: 0, Sum: 0, Workers: 4
[26.268s][debug][gc,phases      ] GC(50)     Total                          Min: 0, Avg:  0.0, Max: 0, Diff: 0, Sum: 0, Workers: 4
[26.268s][debug][gc,phases      ] GC(50)   StringDedup Requests1 Weak     Min:  0.0, Avg:  0.0, Max:  0.0, Diff:  0.0, Sum:  0.0, Workers: 4
[26.268s][debug][gc,phases      ] GC(50)     Dead                           Min: 0, Avg:  0.0, Max: 0, Diff: 0, Sum: 0, Workers: 4
[26.268s][debug][gc,phases      ] GC(50)     Total                          Min: 0, Avg:  0.0, Max: 0, Diff: 0, Sum: 0, Workers: 4
[26.268s][debug][gc,phases      ] GC(50)   Weak JFR Old Object Samples    Min:  0.0, Avg:  0.0, Max:  0.0, Diff:  0.0, Sum:  0.0, Workers: 4
[26.268s][debug][gc,phases      ] GC(50)     Dead                           Min: 0, Avg:  0.0, Max: 0, Diff: 0, Sum: 0, Workers: 4
[26.268s][debug][gc,phases      ] GC(50)     Total                          Min: 0, Avg:  0.0, Max: 0, Diff: 0, Sum: 0, Workers: 4
[26.268s][debug][gc,phases      ] GC(50) Weak Processing 0.345ms
[26.268s][debug][gc,age         ] GC(50) Desired survivor size 273678336 bytes, new threshold 15 (max threshold 15)
[26.269s][info ][gc,heap        ] GC(50) PSYoungGen: 1592496K(1822208K)->57360K(1817088K) Eden: 1542144K(1542144K)->0K(1542144K) From: 50352K(280064K)->57360K(274944K)
[26.269s][info ][gc,heap        ] GC(50) ParOldGen: 470358K(564224K)->471734K(564224K)
[26.269s][info ][gc,metaspace   ] GC(50) Metaspace: 68916K(69760K)->68916K(69760K) NonClass: 58880K(59328K)->58880K(59328K) Class: 10035K(10432K)->10035K(10432K)
[26.269s][info ][gc             ] GC(50) Pause Young (Allocation Failure) 2014M->516M(2325M) 25.879ms
[26.269s][info ][gc,cpu         ] GC(50) User=0.11s Sys=0.01s Real=0.03s
[26.269s][info ][safepoint      ] Safepoint "ParallelGCFailedAllocation", Time since last: 430206419 ns, Reaching safepoint: 152203 ns, At safepoint: 26027858 ns, Total: 26180061 ns
[26.729s][info ][gc,start       ] GC(51) Pause Young (Allocation Failure)
[26.759s][debug][gc,phases      ] GC(51) Scavenge 29.528ms
[26.759s][debug][gc,ref         ] GC(51) Skipped phase 1 of Reference Processing: no references
[26.759s][debug][gc,ref         ] GC(51) ReferenceProcessor::execute queues: 1, RefProcThreadModel::Single, marks_oops_alive: false
[26.759s][debug][gc,ref         ] GC(51) Skipped phase 3 of Reference Processing: no references
[26.759s][debug][gc,ref         ] GC(51) ReferenceProcessor::execute queues: 1, RefProcThreadModel::Single, marks_oops_alive: false
[26.759s][debug][gc,phases      ] GC(51) Reference Processing 0.106ms
[26.759s][debug][gc,phases      ] GC(51)   VM Weak                        Min:  0.0, Avg:  0.0, Max:  0.0, Diff:  0.0, Sum:  0.0, Workers: 4
[26.759s][debug][gc,phases      ] GC(51)     Dead                           Min: 0, Avg:  0.0, Max: 0, Diff: 0, Sum: 0, Workers: 4
[26.759s][debug][gc,phases      ] GC(51)     Total                          Min: 0, Avg: 148.8, Max: 384, Diff: 384, Sum: 595, Workers: 4
[26.759s][debug][gc,phases      ] GC(51)   ObjectSynchronizer Weak        Min:  0.0, Avg:  0.0, Max:  0.0, Diff:  0.0, Sum:  0.0, Workers: 4
[26.759s][debug][gc,phases      ] GC(51)     Dead                           Min: 0, Avg:  0.0, Max: 0, Diff: 0, Sum: 0, Workers: 4
[26.759s][debug][gc,phases      ] GC(51)     Total                          Min: 0, Avg: 75.0, Max: 172, Diff: 172, Sum: 300, Workers: 4
[26.759s][debug][gc,phases      ] GC(51)   JVMTI Tag Weak OopStorage      Min:  0.0, Avg:  0.0, Max:  0.0, Diff:  0.0, Sum:  0.0, Workers: 4
[26.759s][debug][gc,phases      ] GC(51)     Dead                           Min: 0, Avg:  0.0, Max: 0, Diff: 0, Sum: 0, Workers: 4
[26.759s][debug][gc,phases      ] GC(51)     Total                          Min: 0, Avg:  0.0, Max: 0, Diff: 0, Sum: 0, Workers: 4
[26.759s][debug][gc,phases      ] GC(51)   StringTable Weak               Min:  0.1, Avg:  0.1, Max:  0.1, Diff:  0.0, Sum:  0.4, Workers: 4
[26.759s][debug][gc,phases      ] GC(51)     Dead                           Min: 0, Avg:  2.8, Max: 11, Diff: 11, Sum: 11, Workers: 4
[26.759s][debug][gc,phases      ] GC(51)     Total                          Min: 10104, Avg: 10774.2, Max: 11361, Diff: 1257, Sum: 43097, Workers: 4
[26.759s][debug][gc,phases      ] GC(51)   ResolvedMethodTable Weak       Min:  0.0, Avg:  0.0, Max:  0.0, Diff:  0.0, Sum:  0.1, Workers: 4
[26.759s][debug][gc,phases      ] GC(51)     Dead                           Min: 0, Avg:  0.0, Max: 0, Diff: 0, Sum: 0, Workers: 4
[26.759s][debug][gc,phases      ] GC(51)     Total                          Min: 1599, Avg: 1820.5, Max: 2048, Diff: 449, Sum: 7282, Workers: 4
[26.759s][debug][gc,phases      ] GC(51)   JNI Weak                       Min:  0.0, Avg:  0.0, Max:  0.0, Diff:  0.0, Sum:  0.0, Workers: 4
[26.759s][debug][gc,phases      ] GC(51)     Dead                           Min: 0, Avg:  0.0, Max: 0, Diff: 0, Sum: 0, Workers: 4
[26.759s][debug][gc,phases      ] GC(51)     Total                          Min: 0, Avg:  2.0, Max: 8, Diff: 8, Sum: 8, Workers: 4
[26.759s][debug][gc,phases      ] GC(51)   StringDedup Table Weak         Min:  0.0, Avg:  0.0, Max:  0.0, Diff:  0.0, Sum:  0.0, Workers: 4
[26.759s][debug][gc,phases      ] GC(51)     Dead                           Min: 0, Avg:  0.0, Max: 0, Diff: 0, Sum: 0, Workers: 4
[26.759s][debug][gc,phases      ] GC(51)     Total                          Min: 0, Avg:  0.0, Max: 0, Diff: 0, Sum: 0, Workers: 4
[26.759s][debug][gc,phases      ] GC(51)   StringDedup Requests0 Weak     Min:  0.0, Avg:  0.0, Max:  0.0, Diff:  0.0, Sum:  0.0, Workers: 4
[26.759s][debug][gc,phases      ] GC(51)     Dead                           Min: 0, Avg:  0.0, Max: 0, Diff: 0, Sum: 0, Workers: 4
[26.759s][debug][gc,phases      ] GC(51)     Total                          Min: 0, Avg:  0.0, Max: 0, Diff: 0, Sum: 0, Workers: 4
[26.759s][debug][gc,phases      ] GC(51)   StringDedup Requests1 Weak     Min:  0.0, Avg:  0.0, Max:  0.0, Diff:  0.0, Sum:  0.0, Workers: 4
[26.759s][debug][gc,phases      ] GC(51)     Dead                           Min: 0, Avg:  0.0, Max: 0, Diff: 0, Sum: 0, Workers: 4
[26.759s][debug][gc,phases      ] GC(51)     Total                          Min: 0, Avg:  0.0, Max: 0, Diff: 0, Sum: 0, Workers: 4
[26.759s][debug][gc,phases      ] GC(51)   Weak JFR Old Object Samples    Min:  0.0, Avg:  0.0, Max:  0.0, Diff:  0.0, Sum:  0.0, Workers: 4
[26.759s][debug][gc,phases      ] GC(51)     Dead                           Min: 0, Avg:  0.0, Max: 0, Diff: 0, Sum: 0, Workers: 4
[26.759s][debug][gc,phases      ] GC(51)     Total                          Min: 0, Avg:  0.0, Max: 0, Diff: 0, Sum: 0, Workers: 4
[26.759s][debug][gc,phases      ] GC(51) Weak Processing 0.304ms
[26.759s][debug][gc,age         ] GC(51) Desired survivor size 263192576 bytes, new threshold 15 (max threshold 15)
[26.759s][info ][gc,heap        ] GC(51) PSYoungGen: 1599504K(1817088K)->68400K(1840128K) Eden: 1542144K(1542144K)->0K(1572864K) From: 57360K(274944K)->68400K(267264K)
[26.759s][info ][gc,heap        ] GC(51) ParOldGen: 471734K(564224K)->472230K(564224K)
[26.759s][info ][gc,metaspace   ] GC(51) Metaspace: 68930K(69760K)->68930K(69760K) NonClass: 58894K(59328K)->58894K(59328K) Class: 10035K(10432K)->10035K(10432K)
[26.759s][info ][gc             ] GC(51) Pause Young (Allocation Failure) 2022M->527M(2348M) 30.074ms
[26.759s][info ][gc,cpu         ] GC(51) User=0.12s Sys=0.00s Real=0.03s
[26.759s][info ][safepoint      ] Safepoint "ParallelGCFailedAllocation", Time since last: 459698951 ns, Reaching safepoint: 767916 ns, At safepoint: 30191347 ns, Total: 30959263 ns
[26.787s][info ][safepoint      ] Safepoint "ICBufferFull", Time since last: 26965578 ns, Reaching safepoint: 279206 ns, At safepoint: 33101 ns, Total: 312307 ns
[26.789s][info ][safepoint      ] Safepoint "ICBufferFull", Time since last: 2265048 ns, Reaching safepoint: 118403 ns, At safepoint: 27101 ns, Total: 145504 ns
[26.790s][info ][safepoint      ] Safepoint "ICBufferFull", Time since last: 1099623 ns, Reaching safepoint: 104102 ns, At safepoint: 19401 ns, Total: 123503 ns
[27.021s][info ][safepoint      ] Safepoint "ICBufferFull", Time since last: 227099066 ns, Reaching safepoint: 3446974 ns, At safepoint: 46101 ns, Total: 3493075 ns
[27.121s][info ][gc,start       ] GC(52) Pause Young (Allocation Failure)
[27.146s][debug][gc,phases      ] GC(52) Scavenge 24.467ms
[27.146s][debug][gc,ref         ] GC(52) Skipped phase 1 of Reference Processing: no references
[27.146s][debug][gc,ref         ] GC(52) ReferenceProcessor::execute queues: 1, RefProcThreadModel::Single, marks_oops_alive: false
[27.146s][debug][gc,ref         ] GC(52) Skipped phase 3 of Reference Processing: no references
[27.146s][debug][gc,ref         ] GC(52) ReferenceProcessor::execute queues: 1, RefProcThreadModel::Single, marks_oops_alive: false
[27.146s][debug][gc,phases      ] GC(52) Reference Processing 0.100ms
[27.146s][debug][gc,phases      ] GC(52)   VM Weak                        Min:  0.0, Avg:  0.0, Max:  0.0, Diff:  0.0, Sum:  0.0, Workers: 4
[27.146s][debug][gc,phases      ] GC(52)     Dead                           Min: 0, Avg:  0.0, Max: 0, Diff: 0, Sum: 0, Workers: 4
[27.146s][debug][gc,phases      ] GC(52)     Total                          Min: 0, Avg: 148.8, Max: 531, Diff: 531, Sum: 595, Workers: 4
[27.146s][debug][gc,phases      ] GC(52)   ObjectSynchronizer Weak        Min:  0.0, Avg:  0.0, Max:  0.0, Diff:  0.0, Sum:  0.0, Workers: 4
[27.146s][debug][gc,phases      ] GC(52)     Dead                           Min: 0, Avg:  0.0, Max: 0, Diff: 0, Sum: 0, Workers: 4
[27.146s][debug][gc,phases      ] GC(52)     Total                          Min: 0, Avg: 75.0, Max: 172, Diff: 172, Sum: 300, Workers: 4
[27.146s][debug][gc,phases      ] GC(52)   JVMTI Tag Weak OopStorage      Min:  0.0, Avg:  0.0, Max:  0.0, Diff:  0.0, Sum:  0.0, Workers: 4
[27.146s][debug][gc,phases      ] GC(52)     Dead                           Min: 0, Avg:  0.0, Max: 0, Diff: 0, Sum: 0, Workers: 4
[27.146s][debug][gc,phases      ] GC(52)     Total                          Min: 0, Avg:  0.0, Max: 0, Diff: 0, Sum: 0, Workers: 4
[27.146s][debug][gc,phases      ] GC(52)   StringTable Weak               Min:  0.1, Avg:  0.1, Max:  0.1, Diff:  0.0, Sum:  0.4, Workers: 4
[27.146s][debug][gc,phases      ] GC(52)     Dead                           Min: 0, Avg:  2.8, Max: 11, Diff: 11, Sum: 11, Workers: 4
[27.146s][debug][gc,phases      ] GC(52)     Total                          Min: 10304, Avg: 10774.5, Max: 11520, Diff: 1216, Sum: 43098, Workers: 4
[27.146s][debug][gc,phases      ] GC(52)   ResolvedMethodTable Weak       Min:  0.0, Avg:  0.0, Max:  0.0, Diff:  0.0, Sum:  0.1, Workers: 4
[27.146s][debug][gc,phases      ] GC(52)     Dead                           Min: 0, Avg:  0.0, Max: 0, Diff: 0, Sum: 0, Workers: 4
[27.146s][debug][gc,phases      ] GC(52)     Total                          Min: 1215, Avg: 1820.5, Max: 2111, Diff: 896, Sum: 7282, Workers: 4
[27.146s][debug][gc,phases      ] GC(52)   JNI Weak                       Min:  0.0, Avg:  0.0, Max:  0.0, Diff:  0.0, Sum:  0.0, Workers: 4
[27.146s][debug][gc,phases      ] GC(52)     Dead                           Min: 0, Avg:  0.0, Max: 0, Diff: 0, Sum: 0, Workers: 4
[27.146s][debug][gc,phases      ] GC(52)     Total                          Min: 0, Avg:  2.0, Max: 8, Diff: 8, Sum: 8, Workers: 4
[27.146s][debug][gc,phases      ] GC(52)   StringDedup Table Weak         Min:  0.0, Avg:  0.0, Max:  0.0, Diff:  0.0, Sum:  0.0, Workers: 4
[27.146s][debug][gc,phases      ] GC(52)     Dead                           Min: 0, Avg:  0.0, Max: 0, Diff: 0, Sum: 0, Workers: 4
[27.146s][debug][gc,phases      ] GC(52)     Total                          Min: 0, Avg:  0.0, Max: 0, Diff: 0, Sum: 0, Workers: 4
[27.146s][debug][gc,phases      ] GC(52)   StringDedup Requests0 Weak     Min:  0.0, Avg:  0.0, Max:  0.0, Diff:  0.0, Sum:  0.0, Workers: 4
[27.146s][debug][gc,phases      ] GC(52)     Dead                           Min: 0, Avg:  0.0, Max: 0, Diff: 0, Sum: 0, Workers: 4
[27.146s][debug][gc,phases      ] GC(52)     Total                          Min: 0, Avg:  0.0, Max: 0, Diff: 0, Sum: 0, Workers: 4
[27.146s][debug][gc,phases      ] GC(52)   StringDedup Requests1 Weak     Min:  0.0, Avg:  0.0, Max:  0.0, Diff:  0.0, Sum:  0.0, Workers: 4
[27.146s][debug][gc,phases      ] GC(52)     Dead                           Min: 0, Avg:  0.0, Max: 0, Diff: 0, Sum: 0, Workers: 4
[27.146s][debug][gc,phases      ] GC(52)     Total                          Min: 0, Avg:  0.0, Max: 0, Diff: 0, Sum: 0, Workers: 4
[27.146s][debug][gc,phases      ] GC(52)   Weak JFR Old Object Samples    Min:  0.0, Avg:  0.0, Max:  0.0, Diff:  0.0, Sum:  0.0, Workers: 4
[27.146s][debug][gc,phases      ] GC(52)     Dead                           Min: 0, Avg:  0.0, Max: 0, Diff: 0, Sum: 0, Workers: 4
[27.146s][debug][gc,phases      ] GC(52)     Total                          Min: 0, Avg:  0.0, Max: 0, Diff: 0, Sum: 0, Workers: 4
[27.146s][debug][gc,phases      ] GC(52) Weak Processing 0.300ms
[27.146s][debug][gc,age         ] GC(52) Desired survivor size 252706816 bytes, new threshold 15 (max threshold 15)
[27.146s][info ][gc,heap        ] GC(52) PSYoungGen: 1641264K(1840128K)->71344K(1829888K) Eden: 1572864K(1572864K)->0K(1572864K) From: 68400K(267264K)->71344K(257024K)
[27.146s][info ][gc,heap        ] GC(52) ParOldGen: 472230K(564224K)->473342K(564224K)
[27.146s][info ][gc,metaspace   ] GC(52) Metaspace: 68955K(69760K)->68955K(69760K) NonClass: 58919K(59328K)->58919K(59328K) Class: 10035K(10432K)->10035K(10432K)
[27.146s][info ][gc             ] GC(52) Pause Young (Allocation Failure) 2063M->531M(2338M) 25.002ms
[27.146s][info ][gc,cpu         ] GC(52) User=0.10s Sys=0.00s Real=0.02s
[27.146s][info ][safepoint      ] Safepoint "ParallelGCFailedAllocation", Time since last: 98423709 ns, Reaching safepoint: 2156246 ns, At safepoint: 25112039 ns, Total: 27268285 ns
[27.449s][info ][safepoint      ] Safepoint "ICBufferFull", Time since last: 302686586 ns, Reaching safepoint: 155003 ns, At safepoint: 24601 ns, Total: 179604 ns
[27.496s][info ][gc,start       ] GC(53) Pause Young (Allocation Failure)
[27.528s][debug][gc,phases      ] GC(53) Scavenge 31.688ms
[27.528s][debug][gc,ref         ] GC(53) Skipped phase 1 of Reference Processing: no references
[27.528s][debug][gc,ref         ] GC(53) ReferenceProcessor::execute queues: 1, RefProcThreadModel::Single, marks_oops_alive: false
[27.528s][debug][gc,ref         ] GC(53) Skipped phase 3 of Reference Processing: no references
[27.528s][debug][gc,ref         ] GC(53) ReferenceProcessor::execute queues: 1, RefProcThreadModel::Single, marks_oops_alive: false
[27.528s][debug][gc,phases      ] GC(53) Reference Processing 0.108ms
[27.529s][debug][gc,phases      ] GC(53)   VM Weak                        Min:  0.0, Avg:  0.0, Max:  0.0, Diff:  0.0, Sum:  0.0, Workers: 4
[27.529s][debug][gc,phases      ] GC(53)     Dead                           Min: 0, Avg:  0.0, Max: 0, Diff: 0, Sum: 0, Workers: 4
[27.529s][debug][gc,phases      ] GC(53)     Total                          Min: 0, Avg: 148.8, Max: 512, Diff: 512, Sum: 595, Workers: 4
[27.529s][debug][gc,phases      ] GC(53)   ObjectSynchronizer Weak        Min:  0.0, Avg:  0.0, Max:  0.0, Diff:  0.0, Sum:  0.0, Workers: 4
[27.529s][debug][gc,phases      ] GC(53)     Dead                           Min: 0, Avg:  0.0, Max: 0, Diff: 0, Sum: 0, Workers: 4
[27.529s][debug][gc,phases      ] GC(53)     Total                          Min: 0, Avg: 75.0, Max: 192, Diff: 192, Sum: 300, Workers: 4
[27.529s][debug][gc,phases      ] GC(53)   JVMTI Tag Weak OopStorage      Min:  0.0, Avg:  0.0, Max:  0.0, Diff:  0.0, Sum:  0.0, Workers: 4
[27.529s][debug][gc,phases      ] GC(53)     Dead                           Min: 0, Avg:  0.0, Max: 0, Diff: 0, Sum: 0, Workers: 4
[27.529s][debug][gc,phases      ] GC(53)     Total                          Min: 0, Avg:  0.0, Max: 0, Diff: 0, Sum: 0, Workers: 4
[27.529s][debug][gc,phases      ] GC(53)   StringTable Weak               Min:  0.1, Avg:  0.1, Max:  0.1, Diff:  0.0, Sum:  0.5, Workers: 4
[27.529s][debug][gc,phases      ] GC(53)     Dead                           Min: 0, Avg:  2.8, Max: 6, Diff: 6, Sum: 11, Workers: 4
[27.529s][debug][gc,phases      ] GC(53)     Total                          Min: 10048, Avg: 10777.5, Max: 11366, Diff: 1318, Sum: 43110, Workers: 4
[27.529s][debug][gc,phases      ] GC(53)   ResolvedMethodTable Weak       Min:  0.0, Avg:  0.0, Max:  0.0, Diff:  0.0, Sum:  0.1, Workers: 4
[27.529s][debug][gc,phases      ] GC(53)     Dead                           Min: 0, Avg:  0.0, Max: 0, Diff: 0, Sum: 0, Workers: 4
[27.529s][debug][gc,phases      ] GC(53)     Total                          Min: 1659, Avg: 1820.5, Max: 1912, Diff: 253, Sum: 7282, Workers: 4
[27.529s][debug][gc,phases      ] GC(53)   JNI Weak                       Min:  0.0, Avg:  0.0, Max:  0.0, Diff:  0.0, Sum:  0.0, Workers: 4
[27.529s][debug][gc,phases      ] GC(53)     Dead                           Min: 0, Avg:  0.0, Max: 0, Diff: 0, Sum: 0, Workers: 4
[27.529s][debug][gc,phases      ] GC(53)     Total                          Min: 0, Avg:  1.0, Max: 4, Diff: 4, Sum: 4, Workers: 4
[27.529s][debug][gc,phases      ] GC(53)   StringDedup Table Weak         Min:  0.0, Avg:  0.0, Max:  0.0, Diff:  0.0, Sum:  0.0, Workers: 4
[27.529s][debug][gc,phases      ] GC(53)     Dead                           Min: 0, Avg:  0.0, Max: 0, Diff: 0, Sum: 0, Workers: 4
[27.529s][debug][gc,phases      ] GC(53)     Total                          Min: 0, Avg:  0.0, Max: 0, Diff: 0, Sum: 0, Workers: 4
[27.529s][debug][gc,phases      ] GC(53)   StringDedup Requests0 Weak     Min:  0.0, Avg:  0.0, Max:  0.0, Diff:  0.0, Sum:  0.0, Workers: 4
[27.529s][debug][gc,phases      ] GC(53)     Dead                           Min: 0, Avg:  0.0, Max: 0, Diff: 0, Sum: 0, Workers: 4
[27.529s][debug][gc,phases      ] GC(53)     Total                          Min: 0, Avg:  0.0, Max: 0, Diff: 0, Sum: 0, Workers: 4
[27.529s][debug][gc,phases      ] GC(53)   StringDedup Requests1 Weak     Min:  0.0, Avg:  0.0, Max:  0.0, Diff:  0.0, Sum:  0.0, Workers: 4
[27.529s][debug][gc,phases      ] GC(53)     Dead                           Min: 0, Avg:  0.0, Max: 0, Diff: 0, Sum: 0, Workers: 4
[27.529s][debug][gc,phases      ] GC(53)     Total                          Min: 0, Avg:  0.0, Max: 0, Diff: 0, Sum: 0, Workers: 4
[27.529s][debug][gc,phases      ] GC(53)   Weak JFR Old Object Samples    Min:  0.0, Avg:  0.0, Max:  0.0, Diff:  0.0, Sum:  0.0, Workers: 4
[27.529s][debug][gc,phases      ] GC(53)     Dead                           Min: 0, Avg:  0.0, Max: 0, Diff: 0, Sum: 0, Workers: 4
[27.529s][debug][gc,phases      ] GC(53)     Total                          Min: 0, Avg:  0.0, Max: 0, Diff: 0, Sum: 0, Workers: 4
[27.529s][debug][gc,phases      ] GC(53) Weak Processing 0.335ms
[27.529s][debug][gc,age         ] GC(53) Desired survivor size 241172480 bytes, new threshold 15 (max threshold 15)
[27.529s][info ][gc,heap        ] GC(53) PSYoungGen: 1644208K(1829888K)->74624K(1861632K) Eden: 1572864K(1572864K)->0K(1614848K) From: 71344K(257024K)->74624K(246784K)
[27.529s][info ][gc,heap        ] GC(53) ParOldGen: 473342K(564224K)->474774K(564224K)
[27.529s][info ][gc,metaspace   ] GC(53) Metaspace: 68979K(69760K)->68979K(69760K) NonClass: 58943K(59328K)->58943K(59328K) Class: 10035K(10432K)->10035K(10432K)
[27.529s][info ][gc             ] GC(53) Pause Young (Allocation Failure) 2067M->536M(2369M) 32.279ms
[27.529s][info ][gc,cpu         ] GC(53) User=0.14s Sys=0.00s Real=0.04s
[27.529s][info ][safepoint      ] Safepoint "ParallelGCFailedAllocation", Time since last: 46965806 ns, Reaching safepoint: 127803 ns, At safepoint: 32388494 ns, Total: 32516297 ns
[27.669s][info ][safepoint      ] Safepoint "ICBufferFull", Time since last: 136858533 ns, Reaching safepoint: 3252270 ns, At safepoint: 24000 ns, Total: 3276270 ns
[27.905s][info ][gc,start       ] GC(54) Pause Young (Allocation Failure)
[27.942s][debug][gc,phases      ] GC(54) Scavenge 36.862ms
[27.942s][debug][gc,ref         ] GC(54) Skipped phase 1 of Reference Processing: no references
[27.942s][debug][gc,ref         ] GC(54) ReferenceProcessor::execute queues: 1, RefProcThreadModel::Single, marks_oops_alive: false
[27.942s][debug][gc,ref         ] GC(54) Skipped phase 3 of Reference Processing: no references
[27.942s][debug][gc,ref         ] GC(54) ReferenceProcessor::execute queues: 1, RefProcThreadModel::Single, marks_oops_alive: false
[27.942s][debug][gc,phases      ] GC(54) Reference Processing 0.108ms
[27.942s][debug][gc,phases      ] GC(54)   VM Weak                        Min:  0.0, Avg:  0.0, Max:  0.0, Diff:  0.0, Sum:  0.0, Workers: 4
[27.942s][debug][gc,phases      ] GC(54)     Dead                           Min: 0, Avg:  0.0, Max: 0, Diff: 0, Sum: 0, Workers: 4
[27.942s][debug][gc,phases      ] GC(54)     Total                          Min: 0, Avg: 148.8, Max: 595, Diff: 595, Sum: 595, Workers: 4
[27.942s][debug][gc,phases      ] GC(54)   ObjectSynchronizer Weak        Min:  0.0, Avg:  0.0, Max:  0.0, Diff:  0.0, Sum:  0.0, Workers: 4
[27.942s][debug][gc,phases      ] GC(54)     Dead                           Min: 0, Avg:  0.0, Max: 0, Diff: 0, Sum: 0, Workers: 4
[27.942s][debug][gc,phases      ] GC(54)     Total                          Min: 0, Avg: 75.0, Max: 300, Diff: 300, Sum: 300, Workers: 4
[27.942s][debug][gc,phases      ] GC(54)   JVMTI Tag Weak OopStorage      Min:  0.0, Avg:  0.0, Max:  0.0, Diff:  0.0, Sum:  0.0, Workers: 4
[27.942s][debug][gc,phases      ] GC(54)     Dead                           Min: 0, Avg:  0.0, Max: 0, Diff: 0, Sum: 0, Workers: 4
[27.942s][debug][gc,phases      ] GC(54)     Total                          Min: 0, Avg:  0.0, Max: 0, Diff: 0, Sum: 0, Workers: 4
[27.942s][debug][gc,phases      ] GC(54)   StringTable Weak               Min:  0.0, Avg:  0.1, Max:  0.2, Diff:  0.2, Sum:  0.4, Workers: 4
[27.942s][debug][gc,phases      ] GC(54)     Dead                           Min: 0, Avg:  2.8, Max: 11, Diff: 11, Sum: 11, Workers: 4
[27.942s][debug][gc,phases      ] GC(54)     Total                          Min: 0, Avg: 10778.0, Max: 22766, Diff: 22766, Sum: 43112, Workers: 4
[27.942s][debug][gc,phases      ] GC(54)   ResolvedMethodTable Weak       Min:  0.0, Avg:  0.0, Max:  0.0, Diff:  0.0, Sum:  0.1, Workers: 4
[27.942s][debug][gc,phases      ] GC(54)     Dead                           Min: 0, Avg:  0.0, Max: 0, Diff: 0, Sum: 0, Workers: 4
[27.942s][debug][gc,phases      ] GC(54)     Total                          Min: 0, Avg: 1820.5, Max: 3894, Diff: 3894, Sum: 7282, Workers: 4
[27.942s][debug][gc,phases      ] GC(54)   JNI Weak                       Min:  0.0, Avg:  0.0, Max:  0.0, Diff:  0.0, Sum:  0.0, Workers: 4
[27.942s][debug][gc,phases      ] GC(54)     Dead                           Min: 0, Avg:  0.0, Max: 0, Diff: 0, Sum: 0, Workers: 4
[27.942s][debug][gc,phases      ] GC(54)     Total                          Min: 0, Avg:  1.8, Max: 7, Diff: 7, Sum: 7, Workers: 4
[27.942s][debug][gc,phases      ] GC(54)   StringDedup Table Weak         Min:  0.0, Avg:  0.0, Max:  0.0, Diff:  0.0, Sum:  0.0, Workers: 4
[27.942s][debug][gc,phases      ] GC(54)     Dead                           Min: 0, Avg:  0.0, Max: 0, Diff: 0, Sum: 0, Workers: 4
[27.942s][debug][gc,phases      ] GC(54)     Total                          Min: 0, Avg:  0.0, Max: 0, Diff: 0, Sum: 0, Workers: 4
[27.942s][debug][gc,phases      ] GC(54)   StringDedup Requests0 Weak     Min:  0.0, Avg:  0.0, Max:  0.0, Diff:  0.0, Sum:  0.0, Workers: 4
[27.942s][debug][gc,phases      ] GC(54)     Dead                           Min: 0, Avg:  0.0, Max: 0, Diff: 0, Sum: 0, Workers: 4
[27.942s][debug][gc,phases      ] GC(54)     Total                          Min: 0, Avg:  0.0, Max: 0, Diff: 0, Sum: 0, Workers: 4
[27.942s][debug][gc,phases      ] GC(54)   StringDedup Requests1 Weak     Min:  0.0, Avg:  0.0, Max:  0.0, Diff:  0.0, Sum:  0.0, Workers: 4
[27.942s][debug][gc,phases      ] GC(54)     Dead                           Min: 0, Avg:  0.0, Max: 0, Diff: 0, Sum: 0, Workers: 4
[27.942s][debug][gc,phases      ] GC(54)     Total                          Min: 0, Avg:  0.0, Max: 0, Diff: 0, Sum: 0, Workers: 4
[27.942s][debug][gc,phases      ] GC(54)   Weak JFR Old Object Samples    Min:  0.0, Avg:  0.0, Max:  0.0, Diff:  0.0, Sum:  0.0, Workers: 4
[27.942s][debug][gc,phases      ] GC(54)     Dead                           Min: 0, Avg:  0.0, Max: 0, Diff: 0, Sum: 0, Workers: 4
[27.942s][debug][gc,phases      ] GC(54)     Total                          Min: 0, Avg:  0.0, Max: 0, Diff: 0, Sum: 0, Workers: 4
[27.942s][debug][gc,phases      ] GC(54) Weak Processing 0.433ms
[27.942s][debug][gc,age         ] GC(54) Desired survivor size 229638144 bytes, new threshold 15 (max threshold 15)
[27.942s][info ][gc,heap        ] GC(54) PSYoungGen: 1689472K(1861632K)->79888K(1850368K) Eden: 1614848K(1614848K)->0K(1614848K) From: 74624K(246784K)->79888K(235520K)
[27.942s][info ][gc,heap        ] GC(54) ParOldGen: 474774K(564224K)->476158K(564224K)
[27.942s][info ][gc,metaspace   ] GC(54) Metaspace: 69004K(69824K)->69004K(69824K) NonClass: 58968K(59392K)->58968K(59392K) Class: 10035K(10432K)->10035K(10432K)
[27.942s][info ][gc             ] GC(54) Pause Young (Allocation Failure) 2113M->543M(2358M) 37.544ms
[27.942s][info ][gc,cpu         ] GC(54) User=0.14s Sys=0.01s Real=0.04s
[27.942s][info ][safepoint      ] Safepoint "ParallelGCFailedAllocation", Time since last: 235393145 ns, Reaching safepoint: 338207 ns, At safepoint: 37653907 ns, Total: 37992114 ns
[28.101s][info ][safepoint      ] Safepoint "ICBufferFull", Time since last: 159000707 ns, Reaching safepoint: 129803 ns, At safepoint: 15700 ns, Total: 145503 ns
[28.110s][info ][safepoint      ] Safepoint "ICBufferFull", Time since last: 8304778 ns, Reaching safepoint: 119103 ns, At safepoint: 17500 ns, Total: 136603 ns
[28.111s][info ][safepoint      ] Safepoint "ICBufferFull", Time since last: 1203126 ns, Reaching safepoint: 114702 ns, At safepoint: 17401 ns, Total: 132103 ns
[28.112s][info ][safepoint      ] Safepoint "ICBufferFull", Time since last: 764016 ns, Reaching safepoint: 113903 ns, At safepoint: 16100 ns, Total: 130003 ns
[28.169s][info ][safepoint      ] Safepoint "ICBufferFull", Time since last: 56358008 ns, Reaching safepoint: 138203 ns, At safepoint: 19700 ns, Total: 157903 ns
[28.199s][info ][safepoint      ] Safepoint "ICBufferFull", Time since last: 30072244 ns, Reaching safepoint: 131103 ns, At safepoint: 22001 ns, Total: 153104 ns
[28.260s][info ][safepoint      ] Safepoint "ICBufferFull", Time since last: 61384915 ns, Reaching safepoint: 146803 ns, At safepoint: 22101 ns, Total: 168904 ns
[28.346s][info ][safepoint      ] Safepoint "ICBufferFull", Time since last: 85410630 ns, Reaching safepoint: 141603 ns, At safepoint: 19201 ns, Total: 160804 ns
[28.370s][info ][gc,start       ] GC(55) Pause Young (Allocation Failure)
[28.407s][debug][gc,phases      ] GC(55) Scavenge 37.004ms
[28.407s][debug][gc,ref         ] GC(55) Skipped phase 1 of Reference Processing: no references
[28.407s][debug][gc,ref         ] GC(55) ReferenceProcessor::execute queues: 1, RefProcThreadModel::Single, marks_oops_alive: false
[28.407s][debug][gc,ref         ] GC(55) Skipped phase 3 of Reference Processing: no references
[28.407s][debug][gc,ref         ] GC(55) ReferenceProcessor::execute queues: 1, RefProcThreadModel::Single, marks_oops_alive: false
[28.407s][debug][gc,phases      ] GC(55) Reference Processing 0.111ms
[28.407s][debug][gc,phases      ] GC(55)   VM Weak                        Min:  0.0, Avg:  0.0, Max:  0.0, Diff:  0.0, Sum:  0.0, Workers: 4
[28.407s][debug][gc,phases      ] GC(55)     Dead                           Min: 0, Avg:  0.0, Max: 0, Diff: 0, Sum: 0, Workers: 4
[28.407s][debug][gc,phases      ] GC(55)     Total                          Min: 0, Avg: 148.8, Max: 320, Diff: 320, Sum: 595, Workers: 4
[28.407s][debug][gc,phases      ] GC(55)   ObjectSynchronizer Weak        Min:  0.0, Avg:  0.0, Max:  0.0, Diff:  0.0, Sum:  0.0, Workers: 4
[28.407s][debug][gc,phases      ] GC(55)     Dead                           Min: 0, Avg:  0.0, Max: 0, Diff: 0, Sum: 0, Workers: 4
[28.407s][debug][gc,phases      ] GC(55)     Total                          Min: 0, Avg: 75.0, Max: 172, Diff: 172, Sum: 300, Workers: 4
[28.407s][debug][gc,phases      ] GC(55)   JVMTI Tag Weak OopStorage      Min:  0.0, Avg:  0.0, Max:  0.0, Diff:  0.0, Sum:  0.0, Workers: 4
[28.407s][debug][gc,phases      ] GC(55)     Dead                           Min: 0, Avg:  0.0, Max: 0, Diff: 0, Sum: 0, Workers: 4
[28.407s][debug][gc,phases      ] GC(55)     Total                          Min: 0, Avg:  0.0, Max: 0, Diff: 0, Sum: 0, Workers: 4
[28.407s][debug][gc,phases      ] GC(55)   StringTable Weak               Min:  0.1, Avg:  0.1, Max:  0.1, Diff:  0.0, Sum:  0.4, Workers: 4
[28.407s][debug][gc,phases      ] GC(55)     Dead                           Min: 0, Avg:  2.8, Max: 6, Diff: 6, Sum: 11, Workers: 4
[28.407s][debug][gc,phases      ] GC(55)     Total                          Min: 9088, Avg: 10780.0, Max: 11456, Diff: 2368, Sum: 43120, Workers: 4
[28.407s][debug][gc,phases      ] GC(55)   ResolvedMethodTable Weak       Min:  0.0, Avg:  0.0, Max:  0.0, Diff:  0.0, Sum:  0.1, Workers: 4
[28.407s][debug][gc,phases      ] GC(55)     Dead                           Min: 0, Avg:  0.0, Max: 0, Diff: 0, Sum: 0, Workers: 4
[28.407s][debug][gc,phases      ] GC(55)     Total                          Min: 1719, Avg: 1820.5, Max: 1920, Diff: 201, Sum: 7282, Workers: 4
[28.407s][debug][gc,phases      ] GC(55)   JNI Weak                       Min:  0.0, Avg:  0.0, Max:  0.0, Diff:  0.0, Sum:  0.0, Workers: 4
[28.407s][debug][gc,phases      ] GC(55)     Dead                           Min: 0, Avg:  0.0, Max: 0, Diff: 0, Sum: 0, Workers: 4
[28.407s][debug][gc,phases      ] GC(55)     Total                          Min: 0, Avg:  0.8, Max: 3, Diff: 3, Sum: 3, Workers: 4
[28.407s][debug][gc,phases      ] GC(55)   StringDedup Table Weak         Min:  0.0, Avg:  0.0, Max:  0.0, Diff:  0.0, Sum:  0.0, Workers: 4
[28.407s][debug][gc,phases      ] GC(55)     Dead                           Min: 0, Avg:  0.0, Max: 0, Diff: 0, Sum: 0, Workers: 4
[28.407s][debug][gc,phases      ] GC(55)     Total                          Min: 0, Avg:  0.0, Max: 0, Diff: 0, Sum: 0, Workers: 4
[28.407s][debug][gc,phases      ] GC(55)   StringDedup Requests0 Weak     Min:  0.0, Avg:  0.0, Max:  0.0, Diff:  0.0, Sum:  0.0, Workers: 4
[28.407s][debug][gc,phases      ] GC(55)     Dead                           Min: 0, Avg:  0.0, Max: 0, Diff: 0, Sum: 0, Workers: 4
[28.407s][debug][gc,phases      ] GC(55)     Total                          Min: 0, Avg:  0.0, Max: 0, Diff: 0, Sum: 0, Workers: 4
[28.407s][debug][gc,phases      ] GC(55)   StringDedup Requests1 Weak     Min:  0.0, Avg:  0.0, Max:  0.0, Diff:  0.0, Sum:  0.0, Workers: 4
[28.407s][debug][gc,phases      ] GC(55)     Dead                           Min: 0, Avg:  0.0, Max: 0, Diff: 0, Sum: 0, Workers: 4
[28.407s][debug][gc,phases      ] GC(55)     Total                          Min: 0, Avg:  0.0, Max: 0, Diff: 0, Sum: 0, Workers: 4
[28.407s][debug][gc,phases      ] GC(55)   Weak JFR Old Object Samples    Min:  0.0, Avg:  0.0, Max:  0.0, Diff:  0.0, Sum:  0.0, Workers: 4
[28.407s][debug][gc,phases      ] GC(55)     Dead                           Min: 0, Avg:  0.0, Max: 0, Diff: 0, Sum: 0, Workers: 4
[28.407s][debug][gc,phases      ] GC(55)     Total                          Min: 0, Avg:  0.0, Max: 0, Diff: 0, Sum: 0, Workers: 4
[28.407s][debug][gc,phases      ] GC(55) Weak Processing 0.318ms
[28.407s][debug][gc,age         ] GC(55) Desired survivor size 218103808 bytes, new threshold 15 (max threshold 15)
[28.407s][info ][gc,heap        ] GC(55) PSYoungGen: 1694736K(1850368K)->83792K(1884160K) Eden: 1614848K(1614848K)->0K(1659904K) From: 79888K(235520K)->83792K(224256K)
[28.407s][info ][gc,heap        ] GC(55) ParOldGen: 476158K(564224K)->476470K(564224K)
[28.407s][info ][gc,metaspace   ] GC(55) Metaspace: 69022K(69824K)->69022K(69824K) NonClass: 58986K(59392K)->58986K(59392K) Class: 10035K(10432K)->10035K(10432K)
[28.407s][info ][gc             ] GC(55) Pause Young (Allocation Failure) 2120M->547M(2391M) 37.570ms
[28.407s][info ][gc,cpu         ] GC(55) User=0.14s Sys=0.00s Real=0.03s
[28.407s][info ][safepoint      ] Safepoint "ParallelGCFailedAllocation", Time since last: 23619206 ns, Reaching safepoint: 118502 ns, At safepoint: 37684108 ns, Total: 37802610 ns
[28.430s][info ][safepoint      ] Safepoint "ICBufferFull", Time since last: 22367679 ns, Reaching safepoint: 268406 ns, At safepoint: 28801 ns, Total: 297207 ns
[28.431s][info ][safepoint      ] Safepoint "ICBufferFull", Time since last: 891619 ns, Reaching safepoint: 96302 ns, At safepoint: 23500 ns, Total: 119802 ns
[28.446s][info ][safepoint      ] Safepoint "ICBufferFull", Time since last: 14385308 ns, Reaching safepoint: 123203 ns, At safepoint: 25501 ns, Total: 148704 ns
[28.447s][info ][safepoint      ] Safepoint "ICBufferFull", Time since last: 871518 ns, Reaching safepoint: 107103 ns, At safepoint: 19900 ns, Total: 127003 ns
[28.456s][info ][safepoint      ] Safepoint "ICBufferFull", Time since last: 6530540 ns, Reaching safepoint: 3212569 ns, At safepoint: 28901 ns, Total: 3241470 ns
[28.508s][info ][safepoint      ] Safepoint "ICBufferFull", Time since last: 51279598 ns, Reaching safepoint: 135603 ns, At safepoint: 22701 ns, Total: 158304 ns
[28.574s][info ][safepoint      ] Safepoint "ICBufferFull", Time since last: 66466924 ns, Reaching safepoint: 131603 ns, At safepoint: 21301 ns, Total: 152904 ns
[28.616s][info ][safepoint      ] Safepoint "ICBufferFull", Time since last: 41795995 ns, Reaching safepoint: 139003 ns, At safepoint: 26701 ns, Total: 165704 ns
[28.697s][info ][safepoint      ] Safepoint "ICBufferFull", Time since last: 77415459 ns, Reaching safepoint: 3176668 ns, At safepoint: 27600 ns, Total: 3204268 ns
[28.794s][info ][gc,start       ] GC(56) Pause Young (Allocation Failure)
[28.832s][debug][gc,phases      ] GC(56) Scavenge 37.471ms
[28.832s][debug][gc,ref         ] GC(56) Skipped phase 1 of Reference Processing: no references
[28.832s][debug][gc,ref         ] GC(56) ReferenceProcessor::execute queues: 1, RefProcThreadModel::Single, marks_oops_alive: false
[28.832s][debug][gc,ref         ] GC(56) Skipped phase 3 of Reference Processing: no references
[28.832s][debug][gc,ref         ] GC(56) ReferenceProcessor::execute queues: 1, RefProcThreadModel::Single, marks_oops_alive: false
[28.832s][debug][gc,phases      ] GC(56) Reference Processing 0.115ms
[28.832s][debug][gc,phases      ] GC(56)   VM Weak                        Min:  0.0, Avg:  0.0, Max:  0.0, Diff:  0.0, Sum:  0.0, Workers: 4
[28.832s][debug][gc,phases      ] GC(56)     Dead                           Min: 0, Avg:  0.0, Max: 0, Diff: 0, Sum: 0, Workers: 4
[28.832s][debug][gc,phases      ] GC(56)     Total                          Min: 0, Avg: 148.8, Max: 595, Diff: 595, Sum: 595, Workers: 4
[28.832s][debug][gc,phases      ] GC(56)   ObjectSynchronizer Weak        Min:  0.0, Avg:  0.0, Max:  0.0, Diff:  0.0, Sum:  0.0, Workers: 4
[28.832s][debug][gc,phases      ] GC(56)     Dead                           Min: 0, Avg:  0.0, Max: 0, Diff: 0, Sum: 0, Workers: 4
[28.832s][debug][gc,phases      ] GC(56)     Total                          Min: 44, Avg: 75.0, Max: 128, Diff: 84, Sum: 300, Workers: 4
[28.832s][debug][gc,phases      ] GC(56)   JVMTI Tag Weak OopStorage      Min:  0.0, Avg:  0.0, Max:  0.0, Diff:  0.0, Sum:  0.0, Workers: 4
[28.832s][debug][gc,phases      ] GC(56)     Dead                           Min: 0, Avg:  0.0, Max: 0, Diff: 0, Sum: 0, Workers: 4
[28.832s][debug][gc,phases      ] GC(56)     Total                          Min: 0, Avg:  0.0, Max: 0, Diff: 0, Sum: 0, Workers: 4
[28.832s][debug][gc,phases      ] GC(56)   StringTable Weak               Min:  0.1, Avg:  0.1, Max:  0.1, Diff:  0.0, Sum:  0.4, Workers: 4
[28.832s][debug][gc,phases      ] GC(56)     Dead                           Min: 0, Avg:  2.8, Max: 11, Diff: 11, Sum: 11, Workers: 4
[28.832s][debug][gc,phases      ] GC(56)     Total                          Min: 10432, Avg: 10780.8, Max: 11129, Diff: 697, Sum: 43123, Workers: 4
[28.832s][debug][gc,phases      ] GC(56)   ResolvedMethodTable Weak       Min:  0.0, Avg:  0.0, Max:  0.0, Diff:  0.0, Sum:  0.1, Workers: 4
[28.832s][debug][gc,phases      ] GC(56)     Dead                           Min: 0, Avg:  0.0, Max: 0, Diff: 0, Sum: 0, Workers: 4
[28.832s][debug][gc,phases      ] GC(56)     Total                          Min: 1655, Avg: 1820.5, Max: 1984, Diff: 329, Sum: 7282, Workers: 4
[28.832s][debug][gc,phases      ] GC(56)   JNI Weak                       Min:  0.0, Avg:  0.0, Max:  0.0, Diff:  0.0, Sum:  0.0, Workers: 4
[28.832s][debug][gc,phases      ] GC(56)     Dead                           Min: 0, Avg:  0.0, Max: 0, Diff: 0, Sum: 0, Workers: 4
[28.832s][debug][gc,phases      ] GC(56)     Total                          Min: 0, Avg:  0.8, Max: 3, Diff: 3, Sum: 3, Workers: 4
[28.832s][debug][gc,phases      ] GC(56)   StringDedup Table Weak         Min:  0.0, Avg:  0.0, Max:  0.0, Diff:  0.0, Sum:  0.0, Workers: 4
[28.832s][debug][gc,phases      ] GC(56)     Dead                           Min: 0, Avg:  0.0, Max: 0, Diff: 0, Sum: 0, Workers: 4
[28.832s][debug][gc,phases      ] GC(56)     Total                          Min: 0, Avg:  0.0, Max: 0, Diff: 0, Sum: 0, Workers: 4
[28.832s][debug][gc,phases      ] GC(56)   StringDedup Requests0 Weak     Min:  0.0, Avg:  0.0, Max:  0.0, Diff:  0.0, Sum:  0.0, Workers: 4
[28.832s][debug][gc,phases      ] GC(56)     Dead                           Min: 0, Avg:  0.0, Max: 0, Diff: 0, Sum: 0, Workers: 4
[28.832s][debug][gc,phases      ] GC(56)     Total                          Min: 0, Avg:  0.0, Max: 0, Diff: 0, Sum: 0, Workers: 4
[28.832s][debug][gc,phases      ] GC(56)   StringDedup Requests1 Weak     Min:  0.0, Avg:  0.0, Max:  0.0, Diff:  0.0, Sum:  0.0, Workers: 4
[28.832s][debug][gc,phases      ] GC(56)     Dead                           Min: 0, Avg:  0.0, Max: 0, Diff: 0, Sum: 0, Workers: 4
[28.832s][debug][gc,phases      ] GC(56)     Total                          Min: 0, Avg:  0.0, Max: 0, Diff: 0, Sum: 0, Workers: 4
[28.832s][debug][gc,phases      ] GC(56)   Weak JFR Old Object Samples    Min:  0.0, Avg:  0.0, Max:  0.0, Diff:  0.0, Sum:  0.0, Workers: 4
[28.832s][debug][gc,phases      ] GC(56)     Dead                           Min: 0, Avg:  0.0, Max: 0, Diff: 0, Sum: 0, Workers: 4
[28.832s][debug][gc,phases      ] GC(56)     Total                          Min: 0, Avg:  0.0, Max: 0, Diff: 0, Sum: 0, Workers: 4
[28.832s][debug][gc,phases      ] GC(56) Weak Processing 0.318ms
[28.832s][debug][gc,age         ] GC(56) Desired survivor size 207093760 bytes, new threshold 15 (max threshold 15)
[28.832s][info ][gc,heap        ] GC(56) PSYoungGen: 1743696K(1884160K)->87488K(1872896K) Eden: 1659904K(1659904K)->0K(1659904K) From: 83792K(224256K)->87488K(212992K)
[28.832s][info ][gc,heap        ] GC(56) ParOldGen: 476470K(564224K)->477230K(564224K)
[28.832s][info ][gc,metaspace   ] GC(56) Metaspace: 69041K(69824K)->69041K(69824K) NonClass: 59005K(59392K)->59005K(59392K) Class: 10036K(10432K)->10036K(10432K)
[28.832s][info ][gc             ] GC(56) Pause Young (Allocation Failure) 2168M->551M(2380M) 38.040ms
[28.832s][info ][gc,cpu         ] GC(56) User=0.17s Sys=0.00s Real=0.04s
[28.832s][info ][safepoint      ] Safepoint "ParallelGCFailedAllocation", Time since last: 96943278 ns, Reaching safepoint: 150503 ns, At safepoint: 38147918 ns, Total: 38298421 ns
[29.009s][info ][safepoint      ] Safepoint "ICBufferFull", Time since last: 175923370 ns, Reaching safepoint: 327807 ns, At safepoint: 20500 ns, Total: 348307 ns
[29.068s][info ][safepoint      ] Safepoint "ICBufferFull", Time since last: 58857462 ns, Reaching safepoint: 129002 ns, At safepoint: 25201 ns, Total: 154203 ns
[29.107s][info ][safepoint      ] Safepoint "ICBufferFull", Time since last: 38400623 ns, Reaching safepoint: 900919 ns, At safepoint: 29401 ns, Total: 930320 ns
[29.125s][info ][safepoint      ] Safepoint "ICBufferFull", Time since last: 17392673 ns, Reaching safepoint: 144503 ns, At safepoint: 55901 ns, Total: 200404 ns
[29.126s][info ][safepoint      ] Safepoint "ICBufferFull", Time since last: 1150725 ns, Reaching safepoint: 111002 ns, At safepoint: 21500 ns, Total: 132502 ns
[29.127s][info ][safepoint      ] Safepoint "ICBufferFull", Time since last: 682815 ns, Reaching safepoint: 95802 ns, At safepoint: 18900 ns, Total: 114702 ns
[29.177s][info ][gc,start       ] GC(57) Pause Young (Allocation Failure)
[29.222s][debug][gc,phases      ] GC(57) Scavenge 44.918ms
[29.222s][debug][gc,ref         ] GC(57) Skipped phase 1 of Reference Processing: no references
[29.222s][debug][gc,ref         ] GC(57) ReferenceProcessor::execute queues: 1, RefProcThreadModel::Single, marks_oops_alive: false
[29.222s][debug][gc,ref         ] GC(57) Skipped phase 3 of Reference Processing: no references
[29.222s][debug][gc,ref         ] GC(57) ReferenceProcessor::execute queues: 1, RefProcThreadModel::Single, marks_oops_alive: false
[29.222s][debug][gc,phases      ] GC(57) Reference Processing 0.103ms
[29.222s][debug][gc,phases      ] GC(57)   VM Weak                        Min:  0.0, Avg:  0.0, Max:  0.0, Diff:  0.0, Sum:  0.0, Workers: 4
[29.222s][debug][gc,phases      ] GC(57)     Dead                           Min: 0, Avg:  0.0, Max: 0, Diff: 0, Sum: 0, Workers: 4
[29.222s][debug][gc,phases      ] GC(57)     Total                          Min: 0, Avg: 148.8, Max: 595, Diff: 595, Sum: 595, Workers: 4
[29.222s][debug][gc,phases      ] GC(57)   ObjectSynchronizer Weak        Min:  0.0, Avg:  0.0, Max:  0.0, Diff:  0.0, Sum:  0.0, Workers: 4
[29.222s][debug][gc,phases      ] GC(57)     Dead                           Min: 0, Avg:  0.0, Max: 0, Diff: 0, Sum: 0, Workers: 4
[29.222s][debug][gc,phases      ] GC(57)     Total                          Min: 0, Avg: 75.0, Max: 300, Diff: 300, Sum: 300, Workers: 4
[29.222s][debug][gc,phases      ] GC(57)   JVMTI Tag Weak OopStorage      Min:  0.0, Avg:  0.0, Max:  0.0, Diff:  0.0, Sum:  0.0, Workers: 4
[29.222s][debug][gc,phases      ] GC(57)     Dead                           Min: 0, Avg:  0.0, Max: 0, Diff: 0, Sum: 0, Workers: 4
[29.222s][debug][gc,phases      ] GC(57)     Total                          Min: 0, Avg:  0.0, Max: 0, Diff: 0, Sum: 0, Workers: 4
[29.222s][debug][gc,phases      ] GC(57)   StringTable Weak               Min:  0.1, Avg:  0.1, Max:  0.1, Diff:  0.0, Sum:  0.4, Workers: 4
[29.222s][debug][gc,phases      ] GC(57)     Dead                           Min: 0, Avg:  0.0, Max: 0, Diff: 0, Sum: 0, Workers: 4
[29.222s][debug][gc,phases      ] GC(57)     Total                          Min: 10048, Avg: 10780.8, Max: 11706, Diff: 1658, Sum: 43123, Workers: 4
[29.222s][debug][gc,phases      ] GC(57)   ResolvedMethodTable Weak       Min:  0.0, Avg:  0.0, Max:  0.0, Diff:  0.0, Sum:  0.1, Workers: 4
[29.222s][debug][gc,phases      ] GC(57)     Dead                           Min: 0, Avg:  0.0, Max: 0, Diff: 0, Sum: 0, Workers: 4
[29.222s][debug][gc,phases      ] GC(57)     Total                          Min: 1599, Avg: 1820.5, Max: 2048, Diff: 449, Sum: 7282, Workers: 4
[29.222s][debug][gc,phases      ] GC(57)   JNI Weak                       Min:  0.0, Avg:  0.0, Max:  0.0, Diff:  0.0, Sum:  0.0, Workers: 4
[29.222s][debug][gc,phases      ] GC(57)     Dead                           Min: 0, Avg:  0.0, Max: 0, Diff: 0, Sum: 0, Workers: 4
[29.222s][debug][gc,phases      ] GC(57)     Total                          Min: 0, Avg:  1.5, Max: 6, Diff: 6, Sum: 6, Workers: 4
[29.222s][debug][gc,phases      ] GC(57)   StringDedup Table Weak         Min:  0.0, Avg:  0.0, Max:  0.0, Diff:  0.0, Sum:  0.0, Workers: 4
[29.222s][debug][gc,phases      ] GC(57)     Dead                           Min: 0, Avg:  0.0, Max: 0, Diff: 0, Sum: 0, Workers: 4
[29.222s][debug][gc,phases      ] GC(57)     Total                          Min: 0, Avg:  0.0, Max: 0, Diff: 0, Sum: 0, Workers: 4
[29.222s][debug][gc,phases      ] GC(57)   StringDedup Requests0 Weak     Min:  0.0, Avg:  0.0, Max:  0.0, Diff:  0.0, Sum:  0.0, Workers: 4
[29.222s][debug][gc,phases      ] GC(57)     Dead                           Min: 0, Avg:  0.0, Max: 0, Diff: 0, Sum: 0, Workers: 4
[29.222s][debug][gc,phases      ] GC(57)     Total                          Min: 0, Avg:  0.0, Max: 0, Diff: 0, Sum: 0, Workers: 4
[29.222s][debug][gc,phases      ] GC(57)   StringDedup Requests1 Weak     Min:  0.0, Avg:  0.0, Max:  0.0, Diff:  0.0, Sum:  0.0, Workers: 4
[29.222s][debug][gc,phases      ] GC(57)     Dead                           Min: 0, Avg:  0.0, Max: 0, Diff: 0, Sum: 0, Workers: 4
[29.222s][debug][gc,phases      ] GC(57)     Total                          Min: 0, Avg:  0.0, Max: 0, Diff: 0, Sum: 0, Workers: 4
[29.222s][debug][gc,phases      ] GC(57)   Weak JFR Old Object Samples    Min:  0.0, Avg:  0.0, Max:  0.0, Diff:  0.0, Sum:  0.0, Workers: 4
[29.222s][debug][gc,phases      ] GC(57)     Dead                           Min: 0, Avg:  0.0, Max: 0, Diff: 0, Sum: 0, Workers: 4
[29.222s][debug][gc,phases      ] GC(57)     Total                          Min: 0, Avg:  0.0, Max: 0, Diff: 0, Sum: 0, Workers: 4
[29.222s][debug][gc,phases      ] GC(57) Weak Processing 0.316ms
[29.222s][debug][gc,age         ] GC(57) Desired survivor size 196083712 bytes, new threshold 15 (max threshold 15)
[29.222s][info ][gc,heap        ] GC(57) PSYoungGen: 1747392K(1872896K)->89952K(1905664K) Eden: 1659904K(1659904K)->0K(1703424K) From: 87488K(212992K)->89952K(202240K)
[29.222s][info ][gc,heap        ] GC(57) ParOldGen: 477230K(564224K)->478862K(564224K)
[29.222s][info ][gc,metaspace   ] GC(57) Metaspace: 69056K(69824K)->69056K(69824K) NonClass: 59020K(59392K)->59020K(59392K) Class: 10036K(10432K)->10036K(10432K)
[29.222s][info ][gc             ] GC(57) Pause Young (Allocation Failure) 2172M->555M(2412M) 45.472ms
[29.222s][info ][gc,cpu         ] GC(57) User=0.15s Sys=0.00s Real=0.04s
[29.222s][info ][safepoint      ] Safepoint "ParallelGCFailedAllocation", Time since last: 47917127 ns, Reaching safepoint: 2159547 ns, At safepoint: 45581176 ns, Total: 47740723 ns
[29.246s][info ][safepoint      ] Safepoint "ICBufferFull", Time since last: 23905913 ns, Reaching safepoint: 125302 ns, At safepoint: 28301 ns, Total: 153603 ns
[29.247s][info ][safepoint      ] Safepoint "ICBufferFull", Time since last: 814018 ns, Reaching safepoint: 113202 ns, At safepoint: 30101 ns, Total: 143303 ns
[29.249s][info ][safepoint      ] Safepoint "ICBufferFull", Time since last: 1925441 ns, Reaching safepoint: 107402 ns, At safepoint: 18601 ns, Total: 126003 ns
[29.294s][info ][safepoint      ] Safepoint "ICBufferFull", Time since last: 43216226 ns, Reaching safepoint: 950420 ns, At safepoint: 23501 ns, Total: 973921 ns
[29.329s][info ][safepoint      ] Safepoint "ICBufferFull", Time since last: 34848346 ns, Reaching safepoint: 205905 ns, At safepoint: 24300 ns, Total: 230205 ns
[29.335s][info ][safepoint      ] Safepoint "ICBufferFull", Time since last: 6661043 ns, Reaching safepoint: 140603 ns, At safepoint: 22201 ns, Total: 162804 ns
[29.337s][info ][safepoint      ] Safepoint "ICBufferFull", Time since last: 1088023 ns, Reaching safepoint: 140603 ns, At safepoint: 23200 ns, Total: 163803 ns
[29.342s][info ][safepoint      ] Safepoint "ICBufferFull", Time since last: 2088345 ns, Reaching safepoint: 3189469 ns, At safepoint: 33300 ns, Total: 3222769 ns
[29.393s][info ][safepoint      ] Safepoint "ICBufferFull", Time since last: 48648043 ns, Reaching safepoint: 2157946 ns, At safepoint: 35601 ns, Total: 2193547 ns
[29.430s][info ][safepoint      ] Safepoint "ICBufferFull", Time since last: 36769188 ns, Reaching safepoint: 135303 ns, At safepoint: 26000 ns, Total: 161303 ns
[29.465s][info ][safepoint      ] Safepoint "ICBufferFull", Time since last: 30140746 ns, Reaching safepoint: 5337615 ns, At safepoint: 35900 ns, Total: 5373515 ns
[29.498s][info ][safepoint      ] Safepoint "ICBufferFull", Time since last: 32635500 ns, Reaching safepoint: 134403 ns, At safepoint: 24500 ns, Total: 158903 ns
[29.647s][info ][gc,start       ] GC(58) Pause Young (Allocation Failure)
[29.688s][debug][gc,phases      ] GC(58) Scavenge 40.927ms
[29.688s][debug][gc,ref         ] GC(58) Skipped phase 1 of Reference Processing: no references
[29.688s][debug][gc,ref         ] GC(58) ReferenceProcessor::execute queues: 1, RefProcThreadModel::Single, marks_oops_alive: false
[29.688s][debug][gc,ref         ] GC(58) Skipped phase 3 of Reference Processing: no references
[29.688s][debug][gc,ref         ] GC(58) ReferenceProcessor::execute queues: 1, RefProcThreadModel::Single, marks_oops_alive: false
[29.688s][debug][gc,phases      ] GC(58) Reference Processing 0.080ms
[29.688s][debug][gc,phases      ] GC(58)   VM Weak                        Min:  0.0, Avg:  0.0, Max:  0.0, Diff:  0.0, Sum:  0.0, Workers: 4
[29.688s][debug][gc,phases      ] GC(58)     Dead                           Min: 0, Avg:  0.0, Max: 0, Diff: 0, Sum: 0, Workers: 4
[29.688s][debug][gc,phases      ] GC(58)     Total                          Min: 0, Avg: 148.8, Max: 576, Diff: 576, Sum: 595, Workers: 4
[29.688s][debug][gc,phases      ] GC(58)   ObjectSynchronizer Weak        Min:  0.0, Avg:  0.0, Max:  0.0, Diff:  0.0, Sum:  0.0, Workers: 4
[29.688s][debug][gc,phases      ] GC(58)     Dead                           Min: 0, Avg:  0.0, Max: 0, Diff: 0, Sum: 0, Workers: 4
[29.688s][debug][gc,phases      ] GC(58)     Total                          Min: 0, Avg: 75.0, Max: 192, Diff: 192, Sum: 300, Workers: 4
[29.688s][debug][gc,phases      ] GC(58)   JVMTI Tag Weak OopStorage      Min:  0.0, Avg:  0.0, Max:  0.0, Diff:  0.0, Sum:  0.0, Workers: 4
[29.688s][debug][gc,phases      ] GC(58)     Dead                           Min: 0, Avg:  0.0, Max: 0, Diff: 0, Sum: 0, Workers: 4
[29.688s][debug][gc,phases      ] GC(58)     Total                          Min: 0, Avg:  0.0, Max: 0, Diff: 0, Sum: 0, Workers: 4
[29.688s][debug][gc,phases      ] GC(58)   StringTable Weak               Min:  0.1, Avg:  0.1, Max:  0.1, Diff:  0.0, Sum:  0.4, Workers: 4
[29.688s][debug][gc,phases      ] GC(58)     Dead                           Min: 0, Avg:  2.8, Max: 6, Diff: 6, Sum: 11, Workers: 4
[29.688s][debug][gc,phases      ] GC(58)     Total                          Min: 9728, Avg: 10781.2, Max: 12213, Diff: 2485, Sum: 43125, Workers: 4
[29.688s][debug][gc,phases      ] GC(58)   ResolvedMethodTable Weak       Min:  0.0, Avg:  0.0, Max:  0.0, Diff:  0.0, Sum:  0.1, Workers: 4
[29.688s][debug][gc,phases      ] GC(58)     Dead                           Min: 0, Avg:  0.0, Max: 0, Diff: 0, Sum: 0, Workers: 4
[29.688s][debug][gc,phases      ] GC(58)     Total                          Min: 1535, Avg: 1821.0, Max: 1980, Diff: 445, Sum: 7284, Workers: 4
[29.688s][debug][gc,phases      ] GC(58)   JNI Weak                       Min:  0.0, Avg:  0.0, Max:  0.0, Diff:  0.0, Sum:  0.0, Workers: 4
[29.688s][debug][gc,phases      ] GC(58)     Dead                           Min: 0, Avg:  0.0, Max: 0, Diff: 0, Sum: 0, Workers: 4
[29.688s][debug][gc,phases      ] GC(58)     Total                          Min: 0, Avg:  0.0, Max: 0, Diff: 0, Sum: 0, Workers: 4
[29.688s][debug][gc,phases      ] GC(58)   StringDedup Table Weak         Min:  0.0, Avg:  0.0, Max:  0.0, Diff:  0.0, Sum:  0.0, Workers: 4
[29.688s][debug][gc,phases      ] GC(58)     Dead                           Min: 0, Avg:  0.0, Max: 0, Diff: 0, Sum: 0, Workers: 4
[29.688s][debug][gc,phases      ] GC(58)     Total                          Min: 0, Avg:  0.0, Max: 0, Diff: 0, Sum: 0, Workers: 4
[29.688s][debug][gc,phases      ] GC(58)   StringDedup Requests0 Weak     Min:  0.0, Avg:  0.0, Max:  0.0, Diff:  0.0, Sum:  0.0, Workers: 4
[29.688s][debug][gc,phases      ] GC(58)     Dead                           Min: 0, Avg:  0.0, Max: 0, Diff: 0, Sum: 0, Workers: 4
[29.688s][debug][gc,phases      ] GC(58)     Total                          Min: 0, Avg:  0.0, Max: 0, Diff: 0, Sum: 0, Workers: 4
[29.688s][debug][gc,phases      ] GC(58)   StringDedup Requests1 Weak     Min:  0.0, Avg:  0.0, Max:  0.0, Diff:  0.0, Sum:  0.0, Workers: 4
[29.689s][debug][gc,phases      ] GC(58)     Dead                           Min: 0, Avg:  0.0, Max: 0, Diff: 0, Sum: 0, Workers: 4
[29.689s][debug][gc,phases      ] GC(58)     Total                          Min: 0, Avg:  0.0, Max: 0, Diff: 0, Sum: 0, Workers: 4
[29.689s][debug][gc,phases      ] GC(58)   Weak JFR Old Object Samples    Min:  0.0, Avg:  0.0, Max:  0.0, Diff:  0.0, Sum:  0.0, Workers: 4
[29.689s][debug][gc,phases      ] GC(58)     Dead                           Min: 0, Avg:  0.0, Max: 0, Diff: 0, Sum: 0, Workers: 4
[29.689s][debug][gc,phases      ] GC(58)     Total                          Min: 0, Avg:  0.0, Max: 0, Diff: 0, Sum: 0, Workers: 4
[29.689s][debug][gc,phases      ] GC(58) Weak Processing 0.346ms
[29.689s][debug][gc,age         ] GC(58) Desired survivor size 186122240 bytes, new threshold 15 (max threshold 15)
[29.689s][info ][gc,heap        ] GC(58) PSYoungGen: 1793376K(1905664K)->91776K(1894912K) Eden: 1703424K(1703424K)->0K(1703424K) From: 89952K(202240K)->91776K(191488K)
[29.689s][info ][gc,heap        ] GC(58) ParOldGen: 478862K(564224K)->482734K(564224K)
[29.689s][info ][gc,metaspace   ] GC(58) Metaspace: 69068K(69824K)->69068K(69824K) NonClass: 59031K(59392K)->59031K(59392K) Class: 10036K(10432K)->10036K(10432K)
[29.689s][info ][gc             ] GC(58) Pause Young (Allocation Failure) 2218M->561M(2401M) 41.482ms
[29.689s][info ][gc,cpu         ] GC(58) User=0.15s Sys=0.00s Real=0.05s
[29.689s][info ][safepoint      ] Safepoint "ParallelGCFailedAllocation", Time since last: 145746924 ns, Reaching safepoint: 3226169 ns, At safepoint: 41602891 ns, Total: 44829060 ns
[29.972s][info ][safepoint      ] Safepoint "ICBufferFull", Time since last: 283189169 ns, Reaching safepoint: 146104 ns, At safepoint: 27800 ns, Total: 173904 ns
[30.038s][info ][gc,start       ] GC(59) Pause Young (Allocation Failure)
[30.078s][debug][gc,phases      ] GC(59) Scavenge 39.529ms
[30.078s][debug][gc,ref         ] GC(59) Skipped phase 1 of Reference Processing: no references
[30.078s][debug][gc,ref         ] GC(59) ReferenceProcessor::execute queues: 1, RefProcThreadModel::Single, marks_oops_alive: false
[30.078s][debug][gc,ref         ] GC(59) Skipped phase 3 of Reference Processing: no references
[30.078s][debug][gc,ref         ] GC(59) ReferenceProcessor::execute queues: 1, RefProcThreadModel::Single, marks_oops_alive: false
[30.078s][debug][gc,phases      ] GC(59) Reference Processing 0.124ms
[30.078s][debug][gc,phases      ] GC(59)   VM Weak                        Min:  0.0, Avg:  0.0, Max:  0.0, Diff:  0.0, Sum:  0.0, Workers: 4
[30.078s][debug][gc,phases      ] GC(59)     Dead                           Min: 0, Avg:  0.0, Max: 0, Diff: 0, Sum: 0, Workers: 4
[30.078s][debug][gc,phases      ] GC(59)     Total                          Min: 0, Avg: 148.8, Max: 403, Diff: 403, Sum: 595, Workers: 4
[30.078s][debug][gc,phases      ] GC(59)   ObjectSynchronizer Weak        Min:  0.0, Avg:  0.0, Max:  0.0, Diff:  0.0, Sum:  0.0, Workers: 4
[30.078s][debug][gc,phases      ] GC(59)     Dead                           Min: 0, Avg:  0.0, Max: 0, Diff: 0, Sum: 0, Workers: 4
[30.078s][debug][gc,phases      ] GC(59)     Total                          Min: 0, Avg: 75.0, Max: 128, Diff: 128, Sum: 300, Workers: 4
[30.078s][debug][gc,phases      ] GC(59)   JVMTI Tag Weak OopStorage      Min:  0.0, Avg:  0.0, Max:  0.0, Diff:  0.0, Sum:  0.0, Workers: 4
[30.078s][debug][gc,phases      ] GC(59)     Dead                           Min: 0, Avg:  0.0, Max: 0, Diff: 0, Sum: 0, Workers: 4
[30.078s][debug][gc,phases      ] GC(59)     Total                          Min: 0, Avg:  0.0, Max: 0, Diff: 0, Sum: 0, Workers: 4
[30.078s][debug][gc,phases      ] GC(59)   StringTable Weak               Min:  0.1, Avg:  0.1, Max:  0.1, Diff:  0.0, Sum:  0.4, Workers: 4
[30.078s][debug][gc,phases      ] GC(59)     Dead                           Min: 0, Avg:  2.8, Max: 11, Diff: 11, Sum: 11, Workers: 4
[30.078s][debug][gc,phases      ] GC(59)     Total                          Min: 9920, Avg: 10781.2, Max: 11904, Diff: 1984, Sum: 43125, Workers: 4
[30.078s][debug][gc,phases      ] GC(59)   ResolvedMethodTable Weak       Min:  0.0, Avg:  0.0, Max:  0.0, Diff:  0.0, Sum:  0.1, Workers: 4
[30.078s][debug][gc,phases      ] GC(59)     Dead                           Min: 0, Avg:  0.0, Max: 0, Diff: 0, Sum: 0, Workers: 4
[30.078s][debug][gc,phases      ] GC(59)     Total                          Min: 1659, Avg: 1821.0, Max: 2112, Diff: 453, Sum: 7284, Workers: 4
[30.078s][debug][gc,phases      ] GC(59)   JNI Weak                       Min:  0.0, Avg:  0.0, Max:  0.0, Diff:  0.0, Sum:  0.0, Workers: 4
[30.078s][debug][gc,phases      ] GC(59)     Dead                           Min: 0, Avg:  0.0, Max: 0, Diff: 0, Sum: 0, Workers: 4
[30.078s][debug][gc,phases      ] GC(59)     Total                          Min: 0, Avg:  0.5, Max: 2, Diff: 2, Sum: 2, Workers: 4
[30.078s][debug][gc,phases      ] GC(59)   StringDedup Table Weak         Min:  0.0, Avg:  0.0, Max:  0.0, Diff:  0.0, Sum:  0.0, Workers: 4
[30.078s][debug][gc,phases      ] GC(59)     Dead                           Min: 0, Avg:  0.0, Max: 0, Diff: 0, Sum: 0, Workers: 4
[30.078s][debug][gc,phases      ] GC(59)     Total                          Min: 0, Avg:  0.0, Max: 0, Diff: 0, Sum: 0, Workers: 4
[30.078s][debug][gc,phases      ] GC(59)   StringDedup Requests0 Weak     Min:  0.0, Avg:  0.0, Max:  0.0, Diff:  0.0, Sum:  0.0, Workers: 4
[30.078s][debug][gc,phases      ] GC(59)     Dead                           Min: 0, Avg:  0.0, Max: 0, Diff: 0, Sum: 0, Workers: 4
[30.078s][debug][gc,phases      ] GC(59)     Total                          Min: 0, Avg:  0.0, Max: 0, Diff: 0, Sum: 0, Workers: 4
[30.078s][debug][gc,phases      ] GC(59)   StringDedup Requests1 Weak     Min:  0.0, Avg:  0.0, Max:  0.0, Diff:  0.0, Sum:  0.0, Workers: 4
[30.078s][debug][gc,phases      ] GC(59)     Dead                           Min: 0, Avg:  0.0, Max: 0, Diff: 0, Sum: 0, Workers: 4
[30.078s][debug][gc,phases      ] GC(59)     Total                          Min: 0, Avg:  0.0, Max: 0, Diff: 0, Sum: 0, Workers: 4
[30.078s][debug][gc,phases      ] GC(59)   Weak JFR Old Object Samples    Min:  0.0, Avg:  0.0, Max:  0.0, Diff:  0.0, Sum:  0.0, Workers: 4
[30.078s][debug][gc,phases      ] GC(59)     Dead                           Min: 0, Avg:  0.0, Max: 0, Diff: 0, Sum: 0, Workers: 4
[30.078s][debug][gc,phases      ] GC(59)     Total                          Min: 0, Avg:  0.0, Max: 0, Diff: 0, Sum: 0, Workers: 4
[30.078s][debug][gc,phases      ] GC(59) Weak Processing 0.296ms
[30.078s][debug][gc,age         ] GC(59) Desired survivor size 178257920 bytes, new threshold 15 (max threshold 15)
[30.078s][info ][gc,heap        ] GC(59) PSYoungGen: 1795200K(1894912K)->95612K(1923072K) Eden: 1703424K(1703424K)->0K(1741312K) From: 91776K(191488K)->95612K(181760K)
[30.078s][info ][gc,heap        ] GC(59) ParOldGen: 482734K(564224K)->487966K(564224K)
[30.078s][info ][gc,metaspace   ] GC(59) Metaspace: 69075K(69888K)->69075K(69888K) NonClass: 59038K(59456K)->59038K(59456K) Class: 10036K(10432K)->10036K(10432K)
[30.078s][info ][gc             ] GC(59) Pause Young (Allocation Failure) 2224M->569M(2429M) 40.097ms
[30.078s][info ][gc,cpu         ] GC(59) User=0.16s Sys=0.01s Real=0.04s
[30.078s][info ][safepoint      ] Safepoint "ParallelGCFailedAllocation", Time since last: 61655622 ns, Reaching safepoint: 3227269 ns, At safepoint: 41497089 ns, Total: 44724358 ns
[30.177s][info ][safepoint      ] Safepoint "ICBufferFull", Time since last: 98303607 ns, Reaching safepoint: 144803 ns, At safepoint: 26000 ns, Total: 170803 ns
[30.237s][info ][safepoint      ] Safepoint "ICBufferFull", Time since last: 59659379 ns, Reaching safepoint: 191904 ns, At safepoint: 24301 ns, Total: 216205 ns
[30.237s][info ][safepoint      ] Safepoint "ICBufferFull", Time since last: 71601 ns, Reaching safepoint: 107602 ns, At safepoint: 24401 ns, Total: 132003 ns
[30.279s][info ][safepoint      ] Safepoint "ICBufferFull", Time since last: 41501589 ns, Reaching safepoint: 164404 ns, At safepoint: 23900 ns, Total: 188304 ns
[30.377s][info ][safepoint      ] Safepoint "ICBufferFull", Time since last: 98206905 ns, Reaching safepoint: 144603 ns, At safepoint: 23101 ns, Total: 167704 ns
[30.406s][info ][gc,start       ] GC(60) Pause Young (Allocation Failure)
[30.448s][debug][gc,phases      ] GC(60) Scavenge 41.719ms
[30.448s][debug][gc,ref         ] GC(60) Skipped phase 1 of Reference Processing: no references
[30.448s][debug][gc,ref         ] GC(60) ReferenceProcessor::execute queues: 1, RefProcThreadModel::Single, marks_oops_alive: false
[30.448s][debug][gc,ref         ] GC(60) Skipped phase 3 of Reference Processing: no references
[30.448s][debug][gc,ref         ] GC(60) ReferenceProcessor::execute queues: 1, RefProcThreadModel::Single, marks_oops_alive: false
[30.448s][debug][gc,phases      ] GC(60) Reference Processing 0.102ms
[30.448s][debug][gc,phases      ] GC(60)   VM Weak                        Min:  0.0, Avg:  0.0, Max:  0.0, Diff:  0.0, Sum:  0.0, Workers: 4
[30.448s][debug][gc,phases      ] GC(60)     Dead                           Min: 0, Avg:  0.0, Max: 0, Diff: 0, Sum: 0, Workers: 4
[30.448s][debug][gc,phases      ] GC(60)     Total                          Min: 0, Avg: 148.8, Max: 448, Diff: 448, Sum: 595, Workers: 4
[30.448s][debug][gc,phases      ] GC(60)   ObjectSynchronizer Weak        Min:  0.0, Avg:  0.0, Max:  0.0, Diff:  0.0, Sum:  0.0, Workers: 4
[30.448s][debug][gc,phases      ] GC(60)     Dead                           Min: 0, Avg:  0.0, Max: 0, Diff: 0, Sum: 0, Workers: 4
[30.448s][debug][gc,phases      ] GC(60)     Total                          Min: 0, Avg: 75.0, Max: 172, Diff: 172, Sum: 300, Workers: 4
[30.448s][debug][gc,phases      ] GC(60)   JVMTI Tag Weak OopStorage      Min:  0.0, Avg:  0.0, Max:  0.0, Diff:  0.0, Sum:  0.0, Workers: 4
[30.448s][debug][gc,phases      ] GC(60)     Dead                           Min: 0, Avg:  0.0, Max: 0, Diff: 0, Sum: 0, Workers: 4
[30.448s][debug][gc,phases      ] GC(60)     Total                          Min: 0, Avg:  0.0, Max: 0, Diff: 0, Sum: 0, Workers: 4
[30.448s][debug][gc,phases      ] GC(60)   StringTable Weak               Min:  0.1, Avg:  0.1, Max:  0.1, Diff:  0.0, Sum:  0.4, Workers: 4
[30.448s][debug][gc,phases      ] GC(60)     Dead                           Min: 0, Avg:  2.8, Max: 6, Diff: 6, Sum: 11, Workers: 4
[30.448s][debug][gc,phases      ] GC(60)     Total                          Min: 9856, Avg: 10783.8, Max: 12096, Diff: 2240, Sum: 43135, Workers: 4
[30.448s][debug][gc,phases      ] GC(60)   ResolvedMethodTable Weak       Min:  0.0, Avg:  0.0, Max:  0.0, Diff:  0.0, Sum:  0.1, Workers: 4
[30.448s][debug][gc,phases      ] GC(60)     Dead                           Min: 0, Avg:  0.0, Max: 0, Diff: 0, Sum: 0, Workers: 4
[30.448s][debug][gc,phases      ] GC(60)     Total                          Min: 1599, Avg: 1821.0, Max: 2041, Diff: 442, Sum: 7284, Workers: 4
[30.448s][debug][gc,phases      ] GC(60)   JNI Weak                       Min:  0.0, Avg:  0.0, Max:  0.0, Diff:  0.0, Sum:  0.0, Workers: 4
[30.448s][debug][gc,phases      ] GC(60)     Dead                           Min: 0, Avg:  0.0, Max: 0, Diff: 0, Sum: 0, Workers: 4
[30.448s][debug][gc,phases      ] GC(60)     Total                          Min: 0, Avg:  0.0, Max: 0, Diff: 0, Sum: 0, Workers: 4
[30.448s][debug][gc,phases      ] GC(60)   StringDedup Table Weak         Min:  0.0, Avg:  0.0, Max:  0.0, Diff:  0.0, Sum:  0.0, Workers: 4
[30.448s][debug][gc,phases      ] GC(60)     Dead                           Min: 0, Avg:  0.0, Max: 0, Diff: 0, Sum: 0, Workers: 4
[30.448s][debug][gc,phases      ] GC(60)     Total                          Min: 0, Avg:  0.0, Max: 0, Diff: 0, Sum: 0, Workers: 4
[30.448s][debug][gc,phases      ] GC(60)   StringDedup Requests0 Weak     Min:  0.0, Avg:  0.0, Max:  0.0, Diff:  0.0, Sum:  0.0, Workers: 4
[30.448s][debug][gc,phases      ] GC(60)     Dead                           Min: 0, Avg:  0.0, Max: 0, Diff: 0, Sum: 0, Workers: 4
[30.448s][debug][gc,phases      ] GC(60)     Total                          Min: 0, Avg:  0.0, Max: 0, Diff: 0, Sum: 0, Workers: 4
[30.448s][debug][gc,phases      ] GC(60)   StringDedup Requests1 Weak     Min:  0.0, Avg:  0.0, Max:  0.0, Diff:  0.0, Sum:  0.0, Workers: 4
[30.448s][debug][gc,phases      ] GC(60)     Dead                           Min: 0, Avg:  0.0, Max: 0, Diff: 0, Sum: 0, Workers: 4
[30.448s][debug][gc,phases      ] GC(60)     Total                          Min: 0, Avg:  0.0, Max: 0, Diff: 0, Sum: 0, Workers: 4
[30.448s][debug][gc,phases      ] GC(60)   Weak JFR Old Object Samples    Min:  0.0, Avg:  0.0, Max:  0.0, Diff:  0.0, Sum:  0.0, Workers: 4
[30.448s][debug][gc,phases      ] GC(60)     Dead                           Min: 0, Avg:  0.0, Max: 0, Diff: 0, Sum: 0, Workers: 4
[30.448s][debug][gc,phases      ] GC(60)     Total                          Min: 0, Avg:  0.0, Max: 0, Diff: 0, Sum: 0, Workers: 4
[30.448s][debug][gc,phases      ] GC(60) Weak Processing 0.297ms
[30.448s][debug][gc,age         ] GC(60) Desired survivor size 171442176 bytes, new threshold 15 (max threshold 15)
[30.448s][info ][gc,heap        ] GC(60) PSYoungGen: 1836924K(1923072K)->96992K(1915392K) Eden: 1741312K(1741312K)->0K(1741312K) From: 95612K(181760K)->96992K(174080K)
[30.448s][info ][gc,heap        ] GC(60) ParOldGen: 487966K(564224K)->495742K(564224K)
[30.448s][info ][gc,metaspace   ] GC(60) Metaspace: 69090K(69888K)->69090K(69888K) NonClass: 59052K(59456K)->59052K(59456K) Class: 10037K(10432K)->10037K(10432K)
[30.448s][info ][gc             ] GC(60) Pause Young (Allocation Failure) 2270M->578M(2421M) 42.258ms
[30.448s][info ][gc,cpu         ] GC(60) User=0.15s Sys=0.01s Real=0.04s
[30.448s][info ][safepoint      ] Safepoint "ParallelGCFailedAllocation", Time since last: 28648414 ns, Reaching safepoint: 130902 ns, At safepoint: 42371909 ns, Total: 42502811 ns
[30.701s][info ][safepoint      ] Safepoint "ICBufferFull", Time since last: 249371044 ns, Reaching safepoint: 3275470 ns, At safepoint: 28801 ns, Total: 3304271 ns
[30.866s][info ][gc,start       ] GC(61) Pause Young (Allocation Failure)
[30.904s][debug][gc,phases      ] GC(61) Scavenge 38.124ms
[30.904s][debug][gc,ref         ] GC(61) Skipped phase 1 of Reference Processing: no references
[30.904s][debug][gc,ref         ] GC(61) ReferenceProcessor::execute queues: 1, RefProcThreadModel::Single, marks_oops_alive: false
[30.904s][debug][gc,ref         ] GC(61) Skipped phase 3 of Reference Processing: no references
[30.904s][debug][gc,ref         ] GC(61) ReferenceProcessor::execute queues: 1, RefProcThreadModel::Single, marks_oops_alive: false
[30.904s][debug][gc,phases      ] GC(61) Reference Processing 0.145ms
[30.904s][debug][gc,phases      ] GC(61)   VM Weak                        Min:  0.0, Avg:  0.0, Max:  0.0, Diff:  0.0, Sum:  0.0, Workers: 4
[30.904s][debug][gc,phases      ] GC(61)     Dead                           Min: 0, Avg:  0.0, Max: 0, Diff: 0, Sum: 0, Workers: 4
[30.904s][debug][gc,phases      ] GC(61)     Total                          Min: 0, Avg: 149.0, Max: 532, Diff: 532, Sum: 596, Workers: 4
[30.904s][debug][gc,phases      ] GC(61)   ObjectSynchronizer Weak        Min:  0.0, Avg:  0.0, Max:  0.0, Diff:  0.0, Sum:  0.0, Workers: 4
[30.904s][debug][gc,phases      ] GC(61)     Dead                           Min: 0, Avg:  0.0, Max: 0, Diff: 0, Sum: 0, Workers: 4
[30.904s][debug][gc,phases      ] GC(61)     Total                          Min: 0, Avg: 75.0, Max: 172, Diff: 172, Sum: 300, Workers: 4
[30.904s][debug][gc,phases      ] GC(61)   JVMTI Tag Weak OopStorage      Min:  0.0, Avg:  0.0, Max:  0.0, Diff:  0.0, Sum:  0.0, Workers: 4
[30.904s][debug][gc,phases      ] GC(61)     Dead                           Min: 0, Avg:  0.0, Max: 0, Diff: 0, Sum: 0, Workers: 4
[30.904s][debug][gc,phases      ] GC(61)     Total                          Min: 0, Avg:  0.0, Max: 0, Diff: 0, Sum: 0, Workers: 4
[30.904s][debug][gc,phases      ] GC(61)   StringTable Weak               Min:  0.1, Avg:  0.1, Max:  0.1, Diff:  0.0, Sum:  0.4, Workers: 4
[30.904s][debug][gc,phases      ] GC(61)     Dead                           Min: 0, Avg:  3.0, Max: 12, Diff: 12, Sum: 12, Workers: 4
[30.904s][debug][gc,phases      ] GC(61)     Total                          Min: 10240, Avg: 10873.2, Max: 11712, Diff: 1472, Sum: 43493, Workers: 4
[30.904s][debug][gc,phases      ] GC(61)   ResolvedMethodTable Weak       Min:  0.0, Avg:  0.0, Max:  0.0, Diff:  0.0, Sum:  0.1, Workers: 4
[30.904s][debug][gc,phases      ] GC(61)     Dead                           Min: 1, Avg:  6.2, Max: 18, Diff: 17, Sum: 25, Workers: 4
[30.904s][debug][gc,phases      ] GC(61)     Total                          Min: 1704, Avg: 1849.8, Max: 1984, Diff: 280, Sum: 7399, Workers: 4
[30.904s][debug][gc,phases      ] GC(61)   JNI Weak                       Min:  0.0, Avg:  0.0, Max:  0.0, Diff:  0.0, Sum:  0.0, Workers: 4
[30.904s][debug][gc,phases      ] GC(61)     Dead                           Min: 0, Avg:  0.0, Max: 0, Diff: 0, Sum: 0, Workers: 4
[30.904s][debug][gc,phases      ] GC(61)     Total                          Min: 0, Avg:  4.5, Max: 18, Diff: 18, Sum: 18, Workers: 4
[30.904s][debug][gc,phases      ] GC(61)   StringDedup Table Weak         Min:  0.0, Avg:  0.0, Max:  0.0, Diff:  0.0, Sum:  0.0, Workers: 4
[30.904s][debug][gc,phases      ] GC(61)     Dead                           Min: 0, Avg:  0.0, Max: 0, Diff: 0, Sum: 0, Workers: 4
[30.904s][debug][gc,phases      ] GC(61)     Total                          Min: 0, Avg:  0.0, Max: 0, Diff: 0, Sum: 0, Workers: 4
[30.904s][debug][gc,phases      ] GC(61)   StringDedup Requests0 Weak     Min:  0.0, Avg:  0.0, Max:  0.0, Diff:  0.0, Sum:  0.0, Workers: 4
[30.904s][debug][gc,phases      ] GC(61)     Dead                           Min: 0, Avg:  0.0, Max: 0, Diff: 0, Sum: 0, Workers: 4
[30.904s][debug][gc,phases      ] GC(61)     Total                          Min: 0, Avg:  0.0, Max: 0, Diff: 0, Sum: 0, Workers: 4
[30.904s][debug][gc,phases      ] GC(61)   StringDedup Requests1 Weak     Min:  0.0, Avg:  0.0, Max:  0.0, Diff:  0.0, Sum:  0.0, Workers: 4
[30.904s][debug][gc,phases      ] GC(61)     Dead                           Min: 0, Avg:  0.0, Max: 0, Diff: 0, Sum: 0, Workers: 4
[30.904s][debug][gc,phases      ] GC(61)     Total                          Min: 0, Avg:  0.0, Max: 0, Diff: 0, Sum: 0, Workers: 4
[30.904s][debug][gc,phases      ] GC(61)   Weak JFR Old Object Samples    Min:  0.0, Avg:  0.0, Max:  0.0, Diff:  0.0, Sum:  0.0, Workers: 4
[30.905s][debug][gc,phases      ] GC(61)     Dead                           Min: 0, Avg:  0.0, Max: 0, Diff: 0, Sum: 0, Workers: 4
[30.905s][debug][gc,phases      ] GC(61)     Total                          Min: 0, Avg:  0.0, Max: 0, Diff: 0, Sum: 0, Workers: 4
[30.905s][debug][gc,phases      ] GC(61) Weak Processing 0.334ms
[30.905s][debug][gc,age         ] GC(61) Desired survivor size 165150720 bytes, new threshold 15 (max threshold 15)
[30.905s][info ][gc,heap        ] GC(61) PSYoungGen: 1838304K(1915392K)->86848K(1935872K) Eden: 1741312K(1741312K)->0K(1768448K) From: 96992K(174080K)->86848K(167424K)
[30.905s][info ][gc,heap        ] GC(61) ParOldGen: 495742K(564224K)->502203K(564224K)
[30.905s][info ][gc,metaspace   ] GC(61) Metaspace: 69716K(70528K)->69716K(70528K) NonClass: 59578K(60032K)->59578K(60032K) Class: 10138K(10496K)->10138K(10496K)
[30.905s][info ][gc             ] GC(61) Pause Young (Allocation Failure) 2279M->575M(2441M) 38.745ms
[30.905s][info ][gc,cpu         ] GC(61) User=0.17s Sys=0.00s Real=0.04s
[30.905s][info ][safepoint      ] Safepoint "ParallelGCFailedAllocation", Time since last: 164782931 ns, Reaching safepoint: 162604 ns, At safepoint: 38855433 ns, Total: 39018037 ns
[31.358s][info ][gc,start       ] GC(62) Pause Young (Allocation Failure)
[31.394s][debug][gc,phases      ] GC(62) Scavenge 36.205ms
[31.394s][debug][gc,ref         ] GC(62) Skipped phase 1 of Reference Processing: no references
[31.394s][debug][gc,ref         ] GC(62) ReferenceProcessor::execute queues: 1, RefProcThreadModel::Single, marks_oops_alive: false
[31.394s][debug][gc,ref         ] GC(62) Skipped phase 3 of Reference Processing: no references
[31.394s][debug][gc,ref         ] GC(62) ReferenceProcessor::execute queues: 1, RefProcThreadModel::Single, marks_oops_alive: false
[31.394s][debug][gc,phases      ] GC(62) Reference Processing 0.123ms
[31.395s][debug][gc,phases      ] GC(62)   VM Weak                        Min:  0.0, Avg:  0.0, Max:  0.0, Diff:  0.0, Sum:  0.0, Workers: 4
[31.395s][debug][gc,phases      ] GC(62)     Dead                           Min: 0, Avg:  0.0, Max: 0, Diff: 0, Sum: 0, Workers: 4
[31.395s][debug][gc,phases      ] GC(62)     Total                          Min: 0, Avg: 152.8, Max: 611, Diff: 611, Sum: 611, Workers: 4
[31.395s][debug][gc,phases      ] GC(62)   ObjectSynchronizer Weak        Min:  0.0, Avg:  0.0, Max:  0.0, Diff:  0.0, Sum:  0.0, Workers: 4
[31.395s][debug][gc,phases      ] GC(62)     Dead                           Min: 0, Avg:  0.0, Max: 0, Diff: 0, Sum: 0, Workers: 4
[31.395s][debug][gc,phases      ] GC(62)     Total                          Min: 0, Avg: 75.0, Max: 236, Diff: 236, Sum: 300, Workers: 4
[31.395s][debug][gc,phases      ] GC(62)   JVMTI Tag Weak OopStorage      Min:  0.0, Avg:  0.0, Max:  0.0, Diff:  0.0, Sum:  0.0, Workers: 4
[31.395s][debug][gc,phases      ] GC(62)     Dead                           Min: 0, Avg:  0.0, Max: 0, Diff: 0, Sum: 0, Workers: 4
[31.395s][debug][gc,phases      ] GC(62)     Total                          Min: 0, Avg:  0.0, Max: 0, Diff: 0, Sum: 0, Workers: 4
[31.395s][debug][gc,phases      ] GC(62)   StringTable Weak               Min:  0.1, Avg:  0.1, Max:  0.1, Diff:  0.0, Sum:  0.4, Workers: 4
[31.395s][debug][gc,phases      ] GC(62)     Dead                           Min: 0, Avg:  1.0, Max: 4, Diff: 4, Sum: 4, Workers: 4
[31.395s][debug][gc,phases      ] GC(62)     Total                          Min: 10176, Avg: 10919.0, Max: 11996, Diff: 1820, Sum: 43676, Workers: 4
[31.395s][debug][gc,phases      ] GC(62)   ResolvedMethodTable Weak       Min:  0.0, Avg:  0.0, Max:  0.0, Diff:  0.0, Sum:  0.1, Workers: 4
[31.395s][debug][gc,phases      ] GC(62)     Dead                           Min: 4, Avg:  8.2, Max: 15, Diff: 11, Sum: 33, Workers: 4
[31.395s][debug][gc,phases      ] GC(62)     Total                          Min: 1664, Avg: 1888.0, Max: 2176, Diff: 512, Sum: 7552, Workers: 4
[31.395s][debug][gc,phases      ] GC(62)   JNI Weak                       Min:  0.0, Avg:  0.0, Max:  0.0, Diff:  0.0, Sum:  0.0, Workers: 4
[31.395s][debug][gc,phases      ] GC(62)     Dead                           Min: 0, Avg:  0.0, Max: 0, Diff: 0, Sum: 0, Workers: 4
[31.395s][debug][gc,phases      ] GC(62)     Total                          Min: 0, Avg:  0.8, Max: 3, Diff: 3, Sum: 3, Workers: 4
[31.395s][debug][gc,phases      ] GC(62)   StringDedup Table Weak         Min:  0.0, Avg:  0.0, Max:  0.0, Diff:  0.0, Sum:  0.0, Workers: 4
[31.395s][debug][gc,phases      ] GC(62)     Dead                           Min: 0, Avg:  0.0, Max: 0, Diff: 0, Sum: 0, Workers: 4
[31.395s][debug][gc,phases      ] GC(62)     Total                          Min: 0, Avg:  0.0, Max: 0, Diff: 0, Sum: 0, Workers: 4
[31.395s][debug][gc,phases      ] GC(62)   StringDedup Requests0 Weak     Min:  0.0, Avg:  0.0, Max:  0.0, Diff:  0.0, Sum:  0.0, Workers: 4
[31.395s][debug][gc,phases      ] GC(62)     Dead                           Min: 0, Avg:  0.0, Max: 0, Diff: 0, Sum: 0, Workers: 4
[31.395s][debug][gc,phases      ] GC(62)     Total                          Min: 0, Avg:  0.0, Max: 0, Diff: 0, Sum: 0, Workers: 4
[31.395s][debug][gc,phases      ] GC(62)   StringDedup Requests1 Weak     Min:  0.0, Avg:  0.0, Max:  0.0, Diff:  0.0, Sum:  0.0, Workers: 4
[31.395s][debug][gc,phases      ] GC(62)     Dead                           Min: 0, Avg:  0.0, Max: 0, Diff: 0, Sum: 0, Workers: 4
[31.395s][debug][gc,phases      ] GC(62)     Total                          Min: 0, Avg:  0.0, Max: 0, Diff: 0, Sum: 0, Workers: 4
[31.395s][debug][gc,phases      ] GC(62)   Weak JFR Old Object Samples    Min:  0.0, Avg:  0.0, Max:  0.0, Diff:  0.0, Sum:  0.0, Workers: 4
[31.395s][debug][gc,phases      ] GC(62)     Dead                           Min: 0, Avg:  0.0, Max: 0, Diff: 0, Sum: 0, Workers: 4
[31.395s][debug][gc,phases      ] GC(62)     Total                          Min: 0, Avg:  0.0, Max: 0, Diff: 0, Sum: 0, Workers: 4
[31.395s][debug][gc,phases      ] GC(62) Weak Processing 0.316ms
[31.395s][debug][gc,age         ] GC(62) Desired survivor size 159907840 bytes, new threshold 15 (max threshold 15)
[31.395s][info ][gc,heap        ] GC(62) PSYoungGen: 1855296K(1935872K)->82688K(1929728K) Eden: 1768448K(1768448K)->0K(1768448K) From: 86848K(167424K)->82688K(161280K)
[31.395s][info ][gc,heap        ] GC(62) ParOldGen: 502203K(564224K)->509539K(564224K)
[31.395s][info ][gc,metaspace   ] GC(62) Metaspace: 70347K(71168K)->70347K(71168K) NonClass: 60115K(60544K)->60115K(60544K) Class: 10231K(10624K)->10231K(10624K)
[31.395s][info ][gc             ] GC(62) Pause Young (Allocation Failure) 2302M->578M(2435M) 36.751ms
[31.395s][info ][gc,cpu         ] GC(62) User=0.13s Sys=0.01s Real=0.03s
[31.395s][info ][safepoint      ] Safepoint "ParallelGCFailedAllocation", Time since last: 453128611 ns, Reaching safepoint: 196004 ns, At safepoint: 36853790 ns, Total: 37049794 ns
[31.829s][info ][gc,start       ] GC(63) Pause Young (Allocation Failure)
[32.019s][debug][gc,phases      ] GC(63) Scavenge 190.455ms
[32.019s][debug][gc,ref         ] GC(63) Skipped phase 1 of Reference Processing: no references
[32.019s][debug][gc,ref         ] GC(63) ReferenceProcessor::execute queues: 1, RefProcThreadModel::Single, marks_oops_alive: false
[32.019s][debug][gc,ref         ] GC(63) Skipped phase 3 of Reference Processing: no references
[32.019s][debug][gc,ref         ] GC(63) ReferenceProcessor::execute queues: 1, RefProcThreadModel::Single, marks_oops_alive: false
[32.019s][debug][gc,phases      ] GC(63) Reference Processing 0.143ms
[32.020s][debug][gc,phases      ] GC(63)   VM Weak                        Min:  0.0, Avg:  0.0, Max:  0.0, Diff:  0.0, Sum:  0.0, Workers: 4
[32.020s][debug][gc,phases      ] GC(63)     Dead                           Min: 0, Avg:  0.0, Max: 0, Diff: 0, Sum: 0, Workers: 4
[32.020s][debug][gc,phases      ] GC(63)     Total                          Min: 0, Avg: 153.0, Max: 612, Diff: 612, Sum: 612, Workers: 4
[32.020s][debug][gc,phases      ] GC(63)   ObjectSynchronizer Weak        Min:  0.0, Avg:  0.0, Max:  0.0, Diff:  0.0, Sum:  0.0, Workers: 4
[32.020s][debug][gc,phases      ] GC(63)     Dead                           Min: 0, Avg:  0.0, Max: 0, Diff: 0, Sum: 0, Workers: 4
[32.020s][debug][gc,phases      ] GC(63)     Total                          Min: 0, Avg: 75.0, Max: 128, Diff: 128, Sum: 300, Workers: 4
[32.020s][debug][gc,phases      ] GC(63)   JVMTI Tag Weak OopStorage      Min:  0.0, Avg:  0.0, Max:  0.0, Diff:  0.0, Sum:  0.0, Workers: 4
[32.020s][debug][gc,phases      ] GC(63)     Dead                           Min: 0, Avg:  0.0, Max: 0, Diff: 0, Sum: 0, Workers: 4
[32.020s][debug][gc,phases      ] GC(63)     Total                          Min: 0, Avg:  0.0, Max: 0, Diff: 0, Sum: 0, Workers: 4
[32.020s][debug][gc,phases      ] GC(63)   StringTable Weak               Min:  0.0, Avg:  0.1, Max:  0.1, Diff:  0.1, Sum:  0.4, Workers: 4
[32.020s][debug][gc,phases      ] GC(63)     Dead                           Min: 0, Avg:  0.0, Max: 0, Diff: 0, Sum: 0, Workers: 4
[32.020s][debug][gc,phases      ] GC(63)     Total                          Min: 0, Avg: 10926.0, Max: 15040, Diff: 15040, Sum: 43704, Workers: 4
[32.020s][debug][gc,phases      ] GC(63)   ResolvedMethodTable Weak       Min:  0.0, Avg:  0.0, Max:  0.0, Diff:  0.0, Sum:  0.1, Workers: 4
[32.020s][debug][gc,phases      ] GC(63)     Dead                           Min: 0, Avg:  6.5, Max: 26, Diff: 26, Sum: 26, Workers: 4
[32.020s][debug][gc,phases      ] GC(63)     Total                          Min: 0, Avg: 1895.8, Max: 2744, Diff: 2744, Sum: 7583, Workers: 4
[32.020s][debug][gc,phases      ] GC(63)   JNI Weak                       Min:  0.0, Avg:  0.0, Max:  0.0, Diff:  0.0, Sum:  0.0, Workers: 4
[32.020s][debug][gc,phases      ] GC(63)     Dead                           Min: 0, Avg:  0.0, Max: 0, Diff: 0, Sum: 0, Workers: 4
[32.020s][debug][gc,phases      ] GC(63)     Total                          Min: 0, Avg:  1.2, Max: 5, Diff: 5, Sum: 5, Workers: 4
[32.020s][debug][gc,phases      ] GC(63)   StringDedup Table Weak         Min:  0.0, Avg:  0.0, Max:  0.0, Diff:  0.0, Sum:  0.0, Workers: 4
[32.020s][debug][gc,phases      ] GC(63)     Dead                           Min: 0, Avg:  0.0, Max: 0, Diff: 0, Sum: 0, Workers: 4
[32.020s][debug][gc,phases      ] GC(63)     Total                          Min: 0, Avg:  0.0, Max: 0, Diff: 0, Sum: 0, Workers: 4
[32.020s][debug][gc,phases      ] GC(63)   StringDedup Requests0 Weak     Min:  0.0, Avg:  0.0, Max:  0.0, Diff:  0.0, Sum:  0.0, Workers: 4
[32.020s][debug][gc,phases      ] GC(63)     Dead                           Min: 0, Avg:  0.0, Max: 0, Diff: 0, Sum: 0, Workers: 4
[32.020s][debug][gc,phases      ] GC(63)     Total                          Min: 0, Avg:  0.0, Max: 0, Diff: 0, Sum: 0, Workers: 4
[32.020s][debug][gc,phases      ] GC(63)   StringDedup Requests1 Weak     Min:  0.0, Avg:  0.0, Max:  0.0, Diff:  0.0, Sum:  0.0, Workers: 4
[32.020s][debug][gc,phases      ] GC(63)     Dead                           Min: 0, Avg:  0.0, Max: 0, Diff: 0, Sum: 0, Workers: 4
[32.020s][debug][gc,phases      ] GC(63)     Total                          Min: 0, Avg:  0.0, Max: 0, Diff: 0, Sum: 0, Workers: 4
[32.020s][debug][gc,phases      ] GC(63)   Weak JFR Old Object Samples    Min:  0.0, Avg:  0.0, Max:  0.0, Diff:  0.0, Sum:  0.0, Workers: 4
[32.020s][debug][gc,phases      ] GC(63)     Dead                           Min: 0, Avg:  0.0, Max: 0, Diff: 0, Sum: 0, Workers: 4
[32.020s][debug][gc,phases      ] GC(63)     Total                          Min: 0, Avg:  0.0, Max: 0, Diff: 0, Sum: 0, Workers: 4
[32.020s][debug][gc,phases      ] GC(63) Weak Processing 0.356ms
[32.020s][debug][gc,age         ] GC(63) Desired survivor size 202375168 bytes, new threshold 14 (max threshold 15)
[32.020s][info ][gc,heap        ] GC(63) PSYoungGen: 1851136K(1929728K)->156128K(1858048K) Eden: 1768448K(1768448K)->0K(1701888K) From: 82688K(161280K)->156128K(156160K)
[32.020s][info ][gc,heap        ] GC(63) ParOldGen: 509539K(564224K)->575140K(575488K)
[32.020s][info ][gc,metaspace   ] GC(63) Metaspace: 70544K(71296K)->70544K(71296K) NonClass: 60284K(60672K)->60284K(60672K) Class: 10259K(10624K)->10259K(10624K)
[32.020s][info ][gc             ] GC(63) Pause Young (Allocation Failure) 2305M->714M(2376M) 191.105ms
[32.020s][info ][gc,cpu         ] GC(63) User=0.53s Sys=0.04s Real=0.19s
[32.020s][debug][gc,phases      ] GC(64) Pre Compact 0.017ms
[32.020s][info ][gc,start       ] GC(64) Pause Full (Ergonomics)
[32.020s][info ][gc,phases,start] GC(64) Marking Phase
[32.257s][debug][gc,phases      ] GC(64) Par Mark 236.638ms
[32.257s][debug][gc,ref         ] GC(64) Skipped phase 1 of Reference Processing: no references
[32.257s][debug][gc,ref         ] GC(64) ReferenceProcessor::execute queues: 1, RefProcThreadModel::Single, marks_oops_alive: false
[32.257s][debug][gc,ref         ] GC(64) Skipped phase 3 of Reference Processing: no references
[32.257s][debug][gc,ref         ] GC(64) ReferenceProcessor::execute queues: 1, RefProcThreadModel::Single, marks_oops_alive: false
[32.257s][debug][gc,phases      ] GC(64) Reference Processing 0.184ms
[32.258s][debug][gc,phases      ] GC(64)   VM Weak                        Min:  0.0, Avg:  0.0, Max:  0.0, Diff:  0.0, Sum:  0.0, Workers: 4
[32.258s][debug][gc,phases      ] GC(64)     Dead                           Min: 0, Avg:  0.0, Max: 0, Diff: 0, Sum: 0, Workers: 4
[32.258s][debug][gc,phases      ] GC(64)     Total                          Min: 0, Avg: 153.0, Max: 612, Diff: 612, Sum: 612, Workers: 4
[32.258s][debug][gc,phases      ] GC(64)   ObjectSynchronizer Weak        Min:  0.0, Avg:  0.0, Max:  0.0, Diff:  0.0, Sum:  0.0, Workers: 4
[32.258s][debug][gc,phases      ] GC(64)     Dead                           Min: 0, Avg:  0.0, Max: 0, Diff: 0, Sum: 0, Workers: 4
[32.258s][debug][gc,phases      ] GC(64)     Total                          Min: 0, Avg: 75.0, Max: 300, Diff: 300, Sum: 300, Workers: 4
[32.258s][debug][gc,phases      ] GC(64)   JVMTI Tag Weak OopStorage      Min:  0.0, Avg:  0.0, Max:  0.0, Diff:  0.0, Sum:  0.0, Workers: 4
[32.258s][debug][gc,phases      ] GC(64)     Dead                           Min: 0, Avg:  0.0, Max: 0, Diff: 0, Sum: 0, Workers: 4
[32.258s][debug][gc,phases      ] GC(64)     Total                          Min: 0, Avg:  0.0, Max: 0, Diff: 0, Sum: 0, Workers: 4
[32.258s][debug][gc,phases      ] GC(64)   StringTable Weak               Min:  0.0, Avg:  0.2, Max:  0.7, Diff:  0.7, Sum:  0.7, Workers: 4
[32.258s][debug][gc,phases      ] GC(64)     Dead                           Min: 0, Avg:  0.0, Max: 0, Diff: 0, Sum: 0, Workers: 4
[32.258s][debug][gc,phases      ] GC(64)     Total                          Min: 0, Avg: 10926.0, Max: 43704, Diff: 43704, Sum: 43704, Workers: 4
[32.258s][debug][gc,phases      ] GC(64)   ResolvedMethodTable Weak       Min:  0.0, Avg:  0.0, Max:  0.1, Diff:  0.1, Sum:  0.1, Workers: 4
[32.258s][debug][gc,phases      ] GC(64)     Dead                           Min: 0, Avg:  0.0, Max: 0, Diff: 0, Sum: 0, Workers: 4
[32.258s][debug][gc,phases      ] GC(64)     Total                          Min: 0, Avg: 1895.8, Max: 7583, Diff: 7583, Sum: 7583, Workers: 4
[32.258s][debug][gc,phases      ] GC(64)   JNI Weak                       Min:  0.0, Avg:  0.0, Max:  0.0, Diff:  0.0, Sum:  0.0, Workers: 4
[32.258s][debug][gc,phases      ] GC(64)     Dead                           Min: 0, Avg:  0.0, Max: 0, Diff: 0, Sum: 0, Workers: 4
[32.258s][debug][gc,phases      ] GC(64)     Total                          Min: 0, Avg:  1.2, Max: 5, Diff: 5, Sum: 5, Workers: 4
[32.258s][debug][gc,phases      ] GC(64)   StringDedup Table Weak         Min:  0.0, Avg:  0.0, Max:  0.0, Diff:  0.0, Sum:  0.0, Workers: 4
[32.258s][debug][gc,phases      ] GC(64)     Dead                           Min: 0, Avg:  0.0, Max: 0, Diff: 0, Sum: 0, Workers: 4
[32.258s][debug][gc,phases      ] GC(64)     Total                          Min: 0, Avg:  0.0, Max: 0, Diff: 0, Sum: 0, Workers: 4
[32.258s][debug][gc,phases      ] GC(64)   StringDedup Requests0 Weak     Min:  0.0, Avg:  0.0, Max:  0.0, Diff:  0.0, Sum:  0.0, Workers: 4
[32.258s][debug][gc,phases      ] GC(64)     Dead                           Min: 0, Avg:  0.0, Max: 0, Diff: 0, Sum: 0, Workers: 4
[32.258s][debug][gc,phases      ] GC(64)     Total                          Min: 0, Avg:  0.0, Max: 0, Diff: 0, Sum: 0, Workers: 4
[32.258s][debug][gc,phases      ] GC(64)   StringDedup Requests1 Weak     Min:  0.0, Avg:  0.0, Max:  0.0, Diff:  0.0, Sum:  0.0, Workers: 4
[32.258s][debug][gc,phases      ] GC(64)     Dead                           Min: 0, Avg:  0.0, Max: 0, Diff: 0, Sum: 0, Workers: 4
[32.258s][debug][gc,phases      ] GC(64)     Total                          Min: 0, Avg:  0.0, Max: 0, Diff: 0, Sum: 0, Workers: 4
[32.258s][debug][gc,phases      ] GC(64)   Weak JFR Old Object Samples    Min:  0.0, Avg:  0.0, Max:  0.0, Diff:  0.0, Sum:  0.0, Workers: 4
[32.258s][debug][gc,phases      ] GC(64)     Dead                           Min: 0, Avg:  0.0, Max: 0, Diff: 0, Sum: 0, Workers: 4
[32.258s][debug][gc,phases      ] GC(64)     Total                          Min: 0, Avg:  0.0, Max: 0, Diff: 0, Sum: 0, Workers: 4
[32.258s][debug][gc,phases      ] GC(64) Weak Processing 1.000ms
[32.258s][debug][gc,phases      ] GC(64) ClassLoaderData 0.087ms
[32.258s][debug][gc,phases      ] GC(64) Trigger cleanups 0.000ms
[32.274s][debug][gc,phases      ] GC(64) Class Unloading 16.425ms
[32.274s][info ][gc,phases      ] GC(64) Marking Phase 254.428ms
[32.274s][info ][gc,phases,start] GC(64) Summary Phase
[32.274s][info ][gc,phases      ] GC(64) Summary Phase 0.030ms
[32.274s][info ][gc,phases,start] GC(64) Adjust Roots
[32.285s][info ][gc,phases      ] GC(64) Adjust Roots 10.574ms
[32.285s][info ][gc,phases,start] GC(64) Compaction Phase
[32.771s][info ][gc,phases      ] GC(64) Compaction Phase 485.728ms
[32.771s][info ][gc,phases,start] GC(64) Post Compact
[32.773s][info ][gc,phases      ] GC(64) Post Compact 2.302ms
[32.773s][info ][gc,heap        ] GC(64) PSYoungGen: 156128K(1858048K)->0K(1899520K) Eden: 0K(1701888K)->0K(1701888K) From: 156128K(156160K)->0K(197632K)
[32.773s][info ][gc,heap        ] GC(64) ParOldGen: 575140K(575488K)->505016K(589824K)
[32.773s][info ][gc,metaspace   ] GC(64) Metaspace: 70544K(71296K)->70544K(71296K) NonClass: 60284K(60672K)->60284K(60672K) Class: 10259K(10624K)->10259K(10624K)
[32.773s][info ][gc             ] GC(64) Pause Full (Ergonomics) 714M->493M(2431M) 753.310ms
[32.773s][info ][gc,cpu         ] GC(64) User=2.50s Sys=0.02s Real=0.75s
[32.773s][info ][safepoint      ] Safepoint "ParallelGCFailedAllocation", Time since last: 425857227 ns, Reaching safepoint: 7927170 ns, At safepoint: 944609345 ns, Total: 952536515 ns
[33.333s][info ][gc,start       ] GC(65) Pause Young (Allocation Failure)
[33.345s][debug][gc,phases      ] GC(65) Scavenge 11.594ms
[33.345s][debug][gc,ref         ] GC(65) Skipped phase 1 of Reference Processing: no references
[33.345s][debug][gc,ref         ] GC(65) ReferenceProcessor::execute queues: 1, RefProcThreadModel::Single, marks_oops_alive: false
[33.345s][debug][gc,ref         ] GC(65) Skipped phase 3 of Reference Processing: no references
[33.345s][debug][gc,ref         ] GC(65) ReferenceProcessor::execute queues: 1, RefProcThreadModel::Single, marks_oops_alive: false
[33.345s][debug][gc,phases      ] GC(65) Reference Processing 0.128ms
[33.345s][debug][gc,phases      ] GC(65)   VM Weak                        Min:  0.0, Avg:  0.0, Max:  0.0, Diff:  0.0, Sum:  0.0, Workers: 4
[33.345s][debug][gc,phases      ] GC(65)     Dead                           Min: 0, Avg:  0.0, Max: 0, Diff: 0, Sum: 0, Workers: 4
[33.345s][debug][gc,phases      ] GC(65)     Total                          Min: 0, Avg: 155.0, Max: 364, Diff: 364, Sum: 620, Workers: 4
[33.345s][debug][gc,phases      ] GC(65)   ObjectSynchronizer Weak        Min:  0.0, Avg:  0.0, Max:  0.0, Diff:  0.0, Sum:  0.0, Workers: 4
[33.345s][debug][gc,phases      ] GC(65)     Dead                           Min: 0, Avg:  0.0, Max: 0, Diff: 0, Sum: 0, Workers: 4
[33.345s][debug][gc,phases      ] GC(65)     Total                          Min: 0, Avg: 75.0, Max: 192, Diff: 192, Sum: 300, Workers: 4
[33.345s][debug][gc,phases      ] GC(65)   JVMTI Tag Weak OopStorage      Min:  0.0, Avg:  0.0, Max:  0.0, Diff:  0.0, Sum:  0.0, Workers: 4
[33.345s][debug][gc,phases      ] GC(65)     Dead                           Min: 0, Avg:  0.0, Max: 0, Diff: 0, Sum: 0, Workers: 4
[33.345s][debug][gc,phases      ] GC(65)     Total                          Min: 0, Avg:  0.0, Max: 0, Diff: 0, Sum: 0, Workers: 4
[33.345s][debug][gc,phases      ] GC(65)   StringTable Weak               Min:  0.0, Avg:  0.1, Max:  0.2, Diff:  0.2, Sum:  0.4, Workers: 4
[33.345s][debug][gc,phases      ] GC(65)     Dead                           Min: 0, Avg:  0.5, Max: 1, Diff: 1, Sum: 2, Workers: 4
[33.345s][debug][gc,phases      ] GC(65)     Total                          Min: 0, Avg: 10970.5, Max: 23551, Diff: 23551, Sum: 43882, Workers: 4
[33.345s][debug][gc,phases      ] GC(65)   ResolvedMethodTable Weak       Min:  0.0, Avg:  0.0, Max:  0.0, Diff:  0.0, Sum:  0.1, Workers: 4
[33.345s][debug][gc,phases      ] GC(65)     Dead                           Min: 0, Avg:  0.0, Max: 0, Diff: 0, Sum: 0, Workers: 4
[33.345s][debug][gc,phases      ] GC(65)     Total                          Min: 0, Avg: 1918.2, Max: 3072, Diff: 3072, Sum: 7673, Workers: 4
[33.345s][debug][gc,phases      ] GC(65)   JNI Weak                       Min:  0.0, Avg:  0.0, Max:  0.0, Diff:  0.0, Sum:  0.0, Workers: 4
[33.345s][debug][gc,phases      ] GC(65)     Dead                           Min: 0, Avg:  0.0, Max: 0, Diff: 0, Sum: 0, Workers: 4
[33.345s][debug][gc,phases      ] GC(65)     Total                          Min: 0, Avg:  3.8, Max: 15, Diff: 15, Sum: 15, Workers: 4
[33.345s][debug][gc,phases      ] GC(65)   StringDedup Table Weak         Min:  0.0, Avg:  0.0, Max:  0.0, Diff:  0.0, Sum:  0.0, Workers: 4
[33.345s][debug][gc,phases      ] GC(65)     Dead                           Min: 0, Avg:  0.0, Max: 0, Diff: 0, Sum: 0, Workers: 4
[33.345s][debug][gc,phases      ] GC(65)     Total                          Min: 0, Avg:  0.0, Max: 0, Diff: 0, Sum: 0, Workers: 4
[33.345s][debug][gc,phases      ] GC(65)   StringDedup Requests0 Weak     Min:  0.0, Avg:  0.0, Max:  0.0, Diff:  0.0, Sum:  0.0, Workers: 4
[33.345s][debug][gc,phases      ] GC(65)     Dead                           Min: 0, Avg:  0.0, Max: 0, Diff: 0, Sum: 0, Workers: 4
[33.345s][debug][gc,phases      ] GC(65)     Total                          Min: 0, Avg:  0.0, Max: 0, Diff: 0, Sum: 0, Workers: 4
[33.345s][debug][gc,phases      ] GC(65)   StringDedup Requests1 Weak     Min:  0.0, Avg:  0.0, Max:  0.0, Diff:  0.0, Sum:  0.0, Workers: 4
[33.345s][debug][gc,phases      ] GC(65)     Dead                           Min: 0, Avg:  0.0, Max: 0, Diff: 0, Sum: 0, Workers: 4
[33.345s][debug][gc,phases      ] GC(65)     Total                          Min: 0, Avg:  0.0, Max: 0, Diff: 0, Sum: 0, Workers: 4
[33.345s][debug][gc,phases      ] GC(65)   Weak JFR Old Object Samples    Min:  0.0, Avg:  0.0, Max:  0.0, Diff:  0.0, Sum:  0.0, Workers: 4
[33.345s][debug][gc,phases      ] GC(65)     Dead                           Min: 0, Avg:  0.0, Max: 0, Diff: 0, Sum: 0, Workers: 4
[33.345s][debug][gc,phases      ] GC(65)     Total                          Min: 0, Avg:  0.0, Max: 0, Diff: 0, Sum: 0, Workers: 4
[33.345s][debug][gc,phases      ] GC(65) Weak Processing 0.621ms
[33.345s][debug][gc,age         ] GC(65) Desired survivor size 209190912 bytes, new threshold 15 (max threshold 15)
[33.345s][info ][gc,heap        ] GC(65) PSYoungGen: 1701888K(1899520K)->10704K(1886208K) Eden: 1701888K(1701888K)->0K(1688576K) From: 0K(197632K)->10704K(197632K)
[33.345s][info ][gc,heap        ] GC(65) ParOldGen: 505016K(589824K)->505024K(589824K)
[33.345s][info ][gc,metaspace   ] GC(65) Metaspace: 70976K(71808K)->70976K(71808K) NonClass: 60660K(61120K)->60660K(61120K) Class: 10316K(10688K)->10316K(10688K)
[33.345s][info ][gc             ] GC(65) Pause Young (Allocation Failure) 2155M->503M(2418M) 12.483ms
[33.345s][info ][gc,cpu         ] GC(65) User=0.03s Sys=0.00s Real=0.01s
[33.345s][info ][safepoint      ] Safepoint "ParallelGCFailedAllocation", Time since last: 555226701 ns, Reaching safepoint: 4401794 ns, At safepoint: 12606970 ns, Total: 17008764 ns
[33.722s][info ][safepoint      ] Safepoint "ICBufferFull", Time since last: 375914657 ns, Reaching safepoint: 739216 ns, At safepoint: 14700 ns, Total: 753916 ns
[34.007s][info ][gc,start       ] GC(66) Pause Young (Allocation Failure)
[34.029s][debug][gc,phases      ] GC(66) Scavenge 21.329ms
[34.029s][debug][gc,ref         ] GC(66) Skipped phase 1 of Reference Processing: no references
[34.029s][debug][gc,ref         ] GC(66) ReferenceProcessor::execute queues: 1, RefProcThreadModel::Single, marks_oops_alive: false
[34.029s][debug][gc,ref         ] GC(66) Skipped phase 3 of Reference Processing: no references
[34.029s][debug][gc,ref         ] GC(66) ReferenceProcessor::execute queues: 1, RefProcThreadModel::Single, marks_oops_alive: false
[34.029s][debug][gc,phases      ] GC(66) Reference Processing 0.142ms
[34.029s][debug][gc,phases      ] GC(66)   VM Weak                        Min:  0.0, Avg:  0.0, Max:  0.0, Diff:  0.0, Sum:  0.0, Workers: 4
[34.029s][debug][gc,phases      ] GC(66)     Dead                           Min: 0, Avg:  0.0, Max: 0, Diff: 0, Sum: 0, Workers: 4
[34.029s][debug][gc,phases      ] GC(66)     Total                          Min: 0, Avg: 155.2, Max: 621, Diff: 621, Sum: 621, Workers: 4
[34.029s][debug][gc,phases      ] GC(66)   ObjectSynchronizer Weak        Min:  0.0, Avg:  0.0, Max:  0.0, Diff:  0.0, Sum:  0.0, Workers: 4
[34.029s][debug][gc,phases      ] GC(66)     Dead                           Min: 0, Avg:  0.0, Max: 0, Diff: 0, Sum: 0, Workers: 4
[34.029s][debug][gc,phases      ] GC(66)     Total                          Min: 0, Avg: 75.0, Max: 300, Diff: 300, Sum: 300, Workers: 4
[34.029s][debug][gc,phases      ] GC(66)   JVMTI Tag Weak OopStorage      Min:  0.0, Avg:  0.0, Max:  0.0, Diff:  0.0, Sum:  0.0, Workers: 4
[34.029s][debug][gc,phases      ] GC(66)     Dead                           Min: 0, Avg:  0.0, Max: 0, Diff: 0, Sum: 0, Workers: 4
[34.029s][debug][gc,phases      ] GC(66)     Total                          Min: 0, Avg:  0.0, Max: 0, Diff: 0, Sum: 0, Workers: 4
[34.029s][debug][gc,phases      ] GC(66)   StringTable Weak               Min:  0.0, Avg:  0.1, Max:  0.4, Diff:  0.4, Sum:  0.4, Workers: 4
[34.029s][debug][gc,phases      ] GC(66)     Dead                           Min: 0, Avg:  0.0, Max: 0, Diff: 0, Sum: 0, Workers: 4
[34.029s][debug][gc,phases      ] GC(66)     Total                          Min: 0, Avg: 10983.8, Max: 43935, Diff: 43935, Sum: 43935, Workers: 4
[34.029s][debug][gc,phases      ] GC(66)   ResolvedMethodTable Weak       Min:  0.0, Avg:  0.0, Max:  0.1, Diff:  0.1, Sum:  0.1, Workers: 4
[34.029s][debug][gc,phases      ] GC(66)     Dead                           Min: 0, Avg:  0.0, Max: 0, Diff: 0, Sum: 0, Workers: 4
[34.029s][debug][gc,phases      ] GC(66)     Total                          Min: 0, Avg: 1920.5, Max: 7682, Diff: 7682, Sum: 7682, Workers: 4
[34.029s][debug][gc,phases      ] GC(66)   JNI Weak                       Min:  0.0, Avg:  0.0, Max:  0.0, Diff:  0.0, Sum:  0.0, Workers: 4
[34.029s][debug][gc,phases      ] GC(66)     Dead                           Min: 0, Avg:  0.0, Max: 0, Diff: 0, Sum: 0, Workers: 4
[34.029s][debug][gc,phases      ] GC(66)     Total                          Min: 0, Avg:  3.2, Max: 13, Diff: 13, Sum: 13, Workers: 4
[34.029s][debug][gc,phases      ] GC(66)   StringDedup Table Weak         Min:  0.0, Avg:  0.0, Max:  0.0, Diff:  0.0, Sum:  0.0, Workers: 4
[34.029s][debug][gc,phases      ] GC(66)     Dead                           Min: 0, Avg:  0.0, Max: 0, Diff: 0, Sum: 0, Workers: 4
[34.029s][debug][gc,phases      ] GC(66)     Total                          Min: 0, Avg:  0.0, Max: 0, Diff: 0, Sum: 0, Workers: 4
[34.029s][debug][gc,phases      ] GC(66)   StringDedup Requests0 Weak     Min:  0.0, Avg:  0.0, Max:  0.0, Diff:  0.0, Sum:  0.0, Workers: 4
[34.029s][debug][gc,phases      ] GC(66)     Dead                           Min: 0, Avg:  0.0, Max: 0, Diff: 0, Sum: 0, Workers: 4
[34.029s][debug][gc,phases      ] GC(66)     Total                          Min: 0, Avg:  0.0, Max: 0, Diff: 0, Sum: 0, Workers: 4
[34.029s][debug][gc,phases      ] GC(66)   StringDedup Requests1 Weak     Min:  0.0, Avg:  0.0, Max:  0.0, Diff:  0.0, Sum:  0.0, Workers: 4
[34.029s][debug][gc,phases      ] GC(66)     Dead                           Min: 0, Avg:  0.0, Max: 0, Diff: 0, Sum: 0, Workers: 4
[34.029s][debug][gc,phases      ] GC(66)     Total                          Min: 0, Avg:  0.0, Max: 0, Diff: 0, Sum: 0, Workers: 4
[34.029s][debug][gc,phases      ] GC(66)   Weak JFR Old Object Samples    Min:  0.0, Avg:  0.0, Max:  0.0, Diff:  0.0, Sum:  0.0, Workers: 4
[34.029s][debug][gc,phases      ] GC(66)     Dead                           Min: 0, Avg:  0.0, Max: 0, Diff: 0, Sum: 0, Workers: 4
[34.029s][debug][gc,phases      ] GC(66)     Total                          Min: 0, Avg:  0.0, Max: 0, Diff: 0, Sum: 0, Workers: 4
[34.029s][debug][gc,phases      ] GC(66) Weak Processing 0.710ms
[34.030s][debug][gc,age         ] GC(66) Desired survivor size 212336640 bytes, new threshold 15 (max threshold 15)
[34.030s][info ][gc,heap        ] GC(66) PSYoungGen: 1699280K(1886208K)->14688K(1703424K) Eden: 1688576K(1688576K)->0K(1688576K) From: 10704K(197632K)->14688K(14848K)
[34.030s][info ][gc,heap        ] GC(66) ParOldGen: 505024K(589824K)->505032K(589824K)
[34.030s][info ][gc,metaspace   ] GC(66) Metaspace: 71390K(72192K)->71390K(72192K) NonClass: 61052K(61504K)->61052K(61504K) Class: 10337K(10688K)->10337K(10688K)
[34.030s][info ][gc             ] GC(66) Pause Young (Allocation Failure) 2152M->507M(2239M) 22.329ms
[34.030s][info ][gc,cpu         ] GC(66) User=0.04s Sys=0.00s Real=0.03s
[34.030s][info ][safepoint      ] Safepoint "ParallelGCFailedAllocation", Time since last: 281605036 ns, Reaching safepoint: 3464475 ns, At safepoint: 22456181 ns, Total: 25920656 ns
[34.433s][info ][safepoint      ] Safepoint "ICBufferFull", Time since last: 392348009 ns, Reaching safepoint: 10741731 ns, At safepoint: 26000 ns, Total: 10767731 ns
[34.753s][info ][safepoint      ] Safepoint "ICBufferFull", Time since last: 311536078 ns, Reaching safepoint: 8558183 ns, At safepoint: 25201 ns, Total: 8583384 ns
[34.819s][info ][gc,start       ] GC(67) Pause Young (Allocation Failure)
[34.846s][debug][gc,phases      ] GC(67) Scavenge 26.746ms
[34.846s][debug][gc,ref         ] GC(67) Skipped phase 1 of Reference Processing: no references
[34.846s][debug][gc,ref         ] GC(67) ReferenceProcessor::execute queues: 1, RefProcThreadModel::Single, marks_oops_alive: false
[34.846s][debug][gc,ref         ] GC(67) Skipped phase 3 of Reference Processing: no references
[34.846s][debug][gc,ref         ] GC(67) ReferenceProcessor::execute queues: 1, RefProcThreadModel::Single, marks_oops_alive: false
[34.846s][debug][gc,phases      ] GC(67) Reference Processing 0.136ms
[34.847s][debug][gc,phases      ] GC(67)   VM Weak                        Min:  0.0, Avg:  0.0, Max:  0.0, Diff:  0.0, Sum:  0.0, Workers: 4
[34.847s][debug][gc,phases      ] GC(67)     Dead                           Min: 0, Avg:  0.0, Max: 0, Diff: 0, Sum: 0, Workers: 4
[34.847s][debug][gc,phases      ] GC(67)     Total                          Min: 0, Avg: 155.2, Max: 621, Diff: 621, Sum: 621, Workers: 4
[34.847s][debug][gc,phases      ] GC(67)   ObjectSynchronizer Weak        Min:  0.0, Avg:  0.0, Max:  0.0, Diff:  0.0, Sum:  0.0, Workers: 4
[34.847s][debug][gc,phases      ] GC(67)     Dead                           Min: 0, Avg:  0.0, Max: 0, Diff: 0, Sum: 0, Workers: 4
[34.847s][debug][gc,phases      ] GC(67)     Total                          Min: 0, Avg: 75.0, Max: 300, Diff: 300, Sum: 300, Workers: 4
[34.847s][debug][gc,phases      ] GC(67)   JVMTI Tag Weak OopStorage      Min:  0.0, Avg:  0.0, Max:  0.0, Diff:  0.0, Sum:  0.0, Workers: 4
[34.847s][debug][gc,phases      ] GC(67)     Dead                           Min: 0, Avg:  0.0, Max: 0, Diff: 0, Sum: 0, Workers: 4
[34.847s][debug][gc,phases      ] GC(67)     Total                          Min: 0, Avg:  0.0, Max: 0, Diff: 0, Sum: 0, Workers: 4
[34.847s][debug][gc,phases      ] GC(67)   StringTable Weak               Min:  0.0, Avg:  0.1, Max:  0.4, Diff:  0.4, Sum:  0.4, Workers: 4
[34.847s][debug][gc,phases      ] GC(67)     Dead                           Min: 0, Avg:  0.0, Max: 0, Diff: 0, Sum: 0, Workers: 4
[34.847s][debug][gc,phases      ] GC(67)     Total                          Min: 0, Avg: 10984.5, Max: 43938, Diff: 43938, Sum: 43938, Workers: 4
[34.847s][debug][gc,phases      ] GC(67)   ResolvedMethodTable Weak       Min:  0.0, Avg:  0.0, Max:  0.1, Diff:  0.1, Sum:  0.1, Workers: 4
[34.847s][debug][gc,phases      ] GC(67)     Dead                           Min: 0, Avg:  0.0, Max: 0, Diff: 0, Sum: 0, Workers: 4
[34.847s][debug][gc,phases      ] GC(67)     Total                          Min: 0, Avg: 1920.5, Max: 7682, Diff: 7682, Sum: 7682, Workers: 4
[34.847s][debug][gc,phases      ] GC(67)   JNI Weak                       Min:  0.0, Avg:  0.0, Max:  0.0, Diff:  0.0, Sum:  0.0, Workers: 4
[34.847s][debug][gc,phases      ] GC(67)     Dead                           Min: 0, Avg:  0.0, Max: 0, Diff: 0, Sum: 0, Workers: 4
[34.847s][debug][gc,phases      ] GC(67)     Total                          Min: 0, Avg:  7.0, Max: 28, Diff: 28, Sum: 28, Workers: 4
[34.847s][debug][gc,phases      ] GC(67)   StringDedup Table Weak         Min:  0.0, Avg:  0.0, Max:  0.0, Diff:  0.0, Sum:  0.0, Workers: 4
[34.847s][debug][gc,phases      ] GC(67)     Dead                           Min: 0, Avg:  0.0, Max: 0, Diff: 0, Sum: 0, Workers: 4
[34.847s][debug][gc,phases      ] GC(67)     Total                          Min: 0, Avg:  0.0, Max: 0, Diff: 0, Sum: 0, Workers: 4
[34.847s][debug][gc,phases      ] GC(67)   StringDedup Requests0 Weak     Min:  0.0, Avg:  0.0, Max:  0.0, Diff:  0.0, Sum:  0.0, Workers: 4
[34.847s][debug][gc,phases      ] GC(67)     Dead                           Min: 0, Avg:  0.0, Max: 0, Diff: 0, Sum: 0, Workers: 4
[34.847s][debug][gc,phases      ] GC(67)     Total                          Min: 0, Avg:  0.0, Max: 0, Diff: 0, Sum: 0, Workers: 4
[34.847s][debug][gc,phases      ] GC(67)   StringDedup Requests1 Weak     Min:  0.0, Avg:  0.0, Max:  0.0, Diff:  0.0, Sum:  0.0, Workers: 4
[34.847s][debug][gc,phases      ] GC(67)     Dead                           Min: 0, Avg:  0.0, Max: 0, Diff: 0, Sum: 0, Workers: 4
[34.847s][debug][gc,phases      ] GC(67)     Total                          Min: 0, Avg:  0.0, Max: 0, Diff: 0, Sum: 0, Workers: 4
[34.847s][debug][gc,phases      ] GC(67)   Weak JFR Old Object Samples    Min:  0.0, Avg:  0.0, Max:  0.0, Diff:  0.0, Sum:  0.0, Workers: 4
[34.847s][debug][gc,phases      ] GC(67)     Dead                           Min: 0, Avg:  0.0, Max: 0, Diff: 0, Sum: 0, Workers: 4
[34.847s][debug][gc,phases      ] GC(67)     Total                          Min: 0, Avg:  0.0, Max: 0, Diff: 0, Sum: 0, Workers: 4
[34.847s][debug][gc,phases      ] GC(67) Weak Processing 0.963ms
[34.847s][debug][gc,age         ] GC(67) Desired survivor size 211812352 bytes, new threshold 15 (max threshold 15)
[34.847s][info ][gc,heap        ] GC(67) PSYoungGen: 1703264K(1703424K)->17136K(1890304K) Eden: 1688576K(1688576K)->0K(1682944K) From: 14688K(14848K)->17136K(207360K)
[34.847s][info ][gc,heap        ] GC(67) ParOldGen: 505032K(589824K)->505040K(589824K)
[34.847s][info ][gc,metaspace   ] GC(67) Metaspace: 71577K(72384K)->71577K(72384K) NonClass: 61238K(61696K)->61238K(61696K) Class: 10339K(10688K)->10339K(10688K)
[34.847s][info ][gc             ] GC(67) Pause Young (Allocation Failure) 2156M->509M(2422M) 27.968ms
[34.847s][info ][gc,cpu         ] GC(67) User=0.04s Sys=0.00s Real=0.02s
[34.847s][info ][safepoint      ] Safepoint "ParallelGCFailedAllocation", Time since last: 57955542 ns, Reaching safepoint: 8387880 ns, At safepoint: 28084302 ns, Total: 36472182 ns
[35.170s][info ][safepoint      ] Safepoint "ICBufferFull", Time since last: 322295908 ns, Reaching safepoint: 142803 ns, At safepoint: 16100 ns, Total: 158903 ns
[35.337s][info ][safepoint      ] Safepoint "ICBufferFull", Time since last: 165880956 ns, Reaching safepoint: 1011521 ns, At safepoint: 20901 ns, Total: 1032422 ns
[35.465s][info ][gc,start       ] GC(68) Pause Young (Allocation Failure)
[35.497s][debug][gc,phases      ] GC(68) Scavenge 31.861ms
[35.497s][debug][gc,ref         ] GC(68) Skipped phase 1 of Reference Processing: no references
[35.497s][debug][gc,ref         ] GC(68) ReferenceProcessor::execute queues: 1, RefProcThreadModel::Single, marks_oops_alive: false
[35.497s][debug][gc,ref         ] GC(68) Skipped phase 3 of Reference Processing: no references
[35.497s][debug][gc,ref         ] GC(68) ReferenceProcessor::execute queues: 1, RefProcThreadModel::Single, marks_oops_alive: false
[35.497s][debug][gc,phases      ] GC(68) Reference Processing 0.143ms
[35.497s][debug][gc,phases      ] GC(68)   VM Weak                        Min:  0.0, Avg:  0.0, Max:  0.0, Diff:  0.0, Sum:  0.0, Workers: 4
[35.497s][debug][gc,phases      ] GC(68)     Dead                           Min: 0, Avg:  0.0, Max: 0, Diff: 0, Sum: 0, Workers: 4
[35.497s][debug][gc,phases      ] GC(68)     Total                          Min: 0, Avg: 155.2, Max: 512, Diff: 512, Sum: 621, Workers: 4
[35.497s][debug][gc,phases      ] GC(68)   ObjectSynchronizer Weak        Min:  0.0, Avg:  0.0, Max:  0.0, Diff:  0.0, Sum:  0.0, Workers: 4
[35.497s][debug][gc,phases      ] GC(68)     Dead                           Min: 0, Avg:  0.0, Max: 0, Diff: 0, Sum: 0, Workers: 4
[35.497s][debug][gc,phases      ] GC(68)     Total                          Min: 0, Avg: 75.2, Max: 173, Diff: 173, Sum: 301, Workers: 4
[35.497s][debug][gc,phases      ] GC(68)   JVMTI Tag Weak OopStorage      Min:  0.0, Avg:  0.0, Max:  0.0, Diff:  0.0, Sum:  0.0, Workers: 4
[35.497s][debug][gc,phases      ] GC(68)     Dead                           Min: 0, Avg:  0.0, Max: 0, Diff: 0, Sum: 0, Workers: 4
[35.497s][debug][gc,phases      ] GC(68)     Total                          Min: 0, Avg:  0.0, Max: 0, Diff: 0, Sum: 0, Workers: 4
[35.497s][debug][gc,phases      ] GC(68)   StringTable Weak               Min:  0.0, Avg:  0.1, Max:  0.1, Diff:  0.1, Sum:  0.4, Workers: 4
[35.497s][debug][gc,phases      ] GC(68)     Dead                           Min: 0, Avg:  0.0, Max: 0, Diff: 0, Sum: 0, Workers: 4
[35.497s][debug][gc,phases      ] GC(68)     Total                          Min: 0, Avg: 10993.0, Max: 15040, Diff: 15040, Sum: 43972, Workers: 4
[35.497s][debug][gc,phases      ] GC(68)   ResolvedMethodTable Weak       Min:  0.0, Avg:  0.0, Max:  0.0, Diff:  0.0, Sum:  0.1, Workers: 4
[35.497s][debug][gc,phases      ] GC(68)     Dead                           Min: 0, Avg:  0.0, Max: 0, Diff: 0, Sum: 0, Workers: 4
[35.497s][debug][gc,phases      ] GC(68)     Total                          Min: 0, Avg: 1920.5, Max: 2752, Diff: 2752, Sum: 7682, Workers: 4
[35.497s][debug][gc,phases      ] GC(68)   JNI Weak                       Min:  0.0, Avg:  0.0, Max:  0.0, Diff:  0.0, Sum:  0.0, Workers: 4
[35.497s][debug][gc,phases      ] GC(68)     Dead                           Min: 0, Avg:  0.0, Max: 0, Diff: 0, Sum: 0, Workers: 4
[35.497s][debug][gc,phases      ] GC(68)     Total                          Min: 0, Avg:  5.5, Max: 22, Diff: 22, Sum: 22, Workers: 4
[35.497s][debug][gc,phases      ] GC(68)   StringDedup Table Weak         Min:  0.0, Avg:  0.0, Max:  0.0, Diff:  0.0, Sum:  0.0, Workers: 4
[35.497s][debug][gc,phases      ] GC(68)     Dead                           Min: 0, Avg:  0.0, Max: 0, Diff: 0, Sum: 0, Workers: 4
[35.497s][debug][gc,phases      ] GC(68)     Total                          Min: 0, Avg:  0.0, Max: 0, Diff: 0, Sum: 0, Workers: 4
[35.497s][debug][gc,phases      ] GC(68)   StringDedup Requests0 Weak     Min:  0.0, Avg:  0.0, Max:  0.0, Diff:  0.0, Sum:  0.0, Workers: 4
[35.497s][debug][gc,phases      ] GC(68)     Dead                           Min: 0, Avg:  0.0, Max: 0, Diff: 0, Sum: 0, Workers: 4
[35.497s][debug][gc,phases      ] GC(68)     Total                          Min: 0, Avg:  0.0, Max: 0, Diff: 0, Sum: 0, Workers: 4
[35.497s][debug][gc,phases      ] GC(68)   StringDedup Requests1 Weak     Min:  0.0, Avg:  0.0, Max:  0.0, Diff:  0.0, Sum:  0.0, Workers: 4
[35.497s][debug][gc,phases      ] GC(68)     Dead                           Min: 0, Avg:  0.0, Max: 0, Diff: 0, Sum: 0, Workers: 4
[35.497s][debug][gc,phases      ] GC(68)     Total                          Min: 0, Avg:  0.0, Max: 0, Diff: 0, Sum: 0, Workers: 4
[35.497s][debug][gc,phases      ] GC(68)   Weak JFR Old Object Samples    Min:  0.0, Avg:  0.0, Max:  0.0, Diff:  0.0, Sum:  0.0, Workers: 4
[35.497s][debug][gc,phases      ] GC(68)     Dead                           Min: 0, Avg:  0.0, Max: 0, Diff: 0, Sum: 0, Workers: 4
[35.497s][debug][gc,phases      ] GC(68)     Total                          Min: 0, Avg:  0.0, Max: 0, Diff: 0, Sum: 0, Workers: 4
[35.497s][debug][gc,phases      ] GC(68) Weak Processing 0.387ms
[35.497s][debug][gc,age         ] GC(68) Desired survivor size 209190912 bytes, new threshold 15 (max threshold 15)
[35.497s][info ][gc,heap        ] GC(68) PSYoungGen: 1700080K(1890304K)->21088K(1889792K) Eden: 1682944K(1682944K)->0K(1682944K) From: 17136K(207360K)->21088K(206848K)
[35.497s][info ][gc,heap        ] GC(68) ParOldGen: 505040K(589824K)->505048K(589824K)
[35.497s][info ][gc,metaspace   ] GC(68) Metaspace: 71672K(72448K)->71672K(72448K) NonClass: 61329K(61760K)->61329K(61760K) Class: 10343K(10688K)->10343K(10688K)
[35.497s][info ][gc             ] GC(68) Pause Young (Allocation Failure) 2153M->513M(2421M) 32.531ms
[35.497s][info ][gc,cpu         ] GC(68) User=0.05s Sys=0.00s Real=0.04s
[35.497s][info ][safepoint      ] Safepoint "ParallelGCFailedAllocation", Time since last: 118301036 ns, Reaching safepoint: 9597805 ns, At safepoint: 32651700 ns, Total: 42249505 ns
[35.764s][info ][safepoint      ] Safepoint "ICBufferFull", Time since last: 259165055 ns, Reaching safepoint: 7818268 ns, At safepoint: 31301 ns, Total: 7849569 ns
[36.118s][info ][safepoint      ] Safepoint "ICBufferFull", Time since last: 353620579 ns, Reaching safepoint: 168604 ns, At safepoint: 17000 ns, Total: 185604 ns
[36.157s][info ][gc,start       ] GC(69) Pause Young (Allocation Failure)
[36.194s][debug][gc,phases      ] GC(69) Scavenge 37.847ms
[36.194s][debug][gc,ref         ] GC(69) Skipped phase 1 of Reference Processing: no references
[36.195s][debug][gc,ref         ] GC(69) ReferenceProcessor::execute queues: 1, RefProcThreadModel::Single, marks_oops_alive: false
[36.195s][debug][gc,ref         ] GC(69) Skipped phase 3 of Reference Processing: no references
[36.195s][debug][gc,ref         ] GC(69) ReferenceProcessor::execute queues: 1, RefProcThreadModel::Single, marks_oops_alive: false
[36.195s][debug][gc,phases      ] GC(69) Reference Processing 0.219ms
[36.195s][debug][gc,phases      ] GC(69)   VM Weak                        Min:  0.0, Avg:  0.0, Max:  0.0, Diff:  0.0, Sum:  0.0, Workers: 4
[36.195s][debug][gc,phases      ] GC(69)     Dead                           Min: 0, Avg:  0.0, Max: 0, Diff: 0, Sum: 0, Workers: 4
[36.195s][debug][gc,phases      ] GC(69)     Total                          Min: 0, Avg: 155.8, Max: 623, Diff: 623, Sum: 623, Workers: 4
[36.195s][debug][gc,phases      ] GC(69)   ObjectSynchronizer Weak        Min:  0.0, Avg:  0.0, Max:  0.0, Diff:  0.0, Sum:  0.0, Workers: 4
[36.195s][debug][gc,phases      ] GC(69)     Dead                           Min: 0, Avg:  0.0, Max: 0, Diff: 0, Sum: 0, Workers: 4
[36.195s][debug][gc,phases      ] GC(69)     Total                          Min: 0, Avg: 75.2, Max: 301, Diff: 301, Sum: 301, Workers: 4
[36.195s][debug][gc,phases      ] GC(69)   JVMTI Tag Weak OopStorage      Min:  0.0, Avg:  0.0, Max:  0.0, Diff:  0.0, Sum:  0.0, Workers: 4
[36.195s][debug][gc,phases      ] GC(69)     Dead                           Min: 0, Avg:  0.0, Max: 0, Diff: 0, Sum: 0, Workers: 4
[36.195s][debug][gc,phases      ] GC(69)     Total                          Min: 0, Avg:  0.0, Max: 0, Diff: 0, Sum: 0, Workers: 4
[36.195s][debug][gc,phases      ] GC(69)   StringTable Weak               Min:  0.0, Avg:  0.1, Max:  0.5, Diff:  0.5, Sum:  0.5, Workers: 4
[36.195s][debug][gc,phases      ] GC(69)     Dead                           Min: 0, Avg:  0.0, Max: 0, Diff: 0, Sum: 0, Workers: 4
[36.195s][debug][gc,phases      ] GC(69)     Total                          Min: 0, Avg: 11060.2, Max: 44241, Diff: 44241, Sum: 44241, Workers: 4
[36.195s][debug][gc,phases      ] GC(69)   ResolvedMethodTable Weak       Min:  0.0, Avg:  0.0, Max:  0.1, Diff:  0.1, Sum:  0.1, Workers: 4
[36.195s][debug][gc,phases      ] GC(69)     Dead                           Min: 0, Avg: 10.0, Max: 40, Diff: 40, Sum: 40, Workers: 4
[36.195s][debug][gc,phases      ] GC(69)     Total                          Min: 0, Avg: 1968.8, Max: 7875, Diff: 7875, Sum: 7875, Workers: 4
[36.195s][debug][gc,phases      ] GC(69)   JNI Weak                       Min:  0.0, Avg:  0.0, Max:  0.0, Diff:  0.0, Sum:  0.0, Workers: 4
[36.195s][debug][gc,phases      ] GC(69)     Dead                           Min: 0, Avg:  0.0, Max: 0, Diff: 0, Sum: 0, Workers: 4
[36.195s][debug][gc,phases      ] GC(69)     Total                          Min: 0, Avg:  9.0, Max: 36, Diff: 36, Sum: 36, Workers: 4
[36.195s][debug][gc,phases      ] GC(69)   StringDedup Table Weak         Min:  0.0, Avg:  0.0, Max:  0.0, Diff:  0.0, Sum:  0.0, Workers: 4
[36.195s][debug][gc,phases      ] GC(69)     Dead                           Min: 0, Avg:  0.0, Max: 0, Diff: 0, Sum: 0, Workers: 4
[36.195s][debug][gc,phases      ] GC(69)     Total                          Min: 0, Avg:  0.0, Max: 0, Diff: 0, Sum: 0, Workers: 4
[36.195s][debug][gc,phases      ] GC(69)   StringDedup Requests0 Weak     Min:  0.0, Avg:  0.0, Max:  0.0, Diff:  0.0, Sum:  0.0, Workers: 4
[36.195s][debug][gc,phases      ] GC(69)     Dead                           Min: 0, Avg:  0.0, Max: 0, Diff: 0, Sum: 0, Workers: 4
[36.195s][debug][gc,phases      ] GC(69)     Total                          Min: 0, Avg:  0.0, Max: 0, Diff: 0, Sum: 0, Workers: 4
[36.195s][debug][gc,phases      ] GC(69)   StringDedup Requests1 Weak     Min:  0.0, Avg:  0.0, Max:  0.0, Diff:  0.0, Sum:  0.0, Workers: 4
[36.195s][debug][gc,phases      ] GC(69)     Dead                           Min: 0, Avg:  0.0, Max: 0, Diff: 0, Sum: 0, Workers: 4
[36.196s][debug][gc,phases      ] GC(69)     Total                          Min: 0, Avg:  0.0, Max: 0, Diff: 0, Sum: 0, Workers: 4
[36.196s][debug][gc,phases      ] GC(69)   Weak JFR Old Object Samples    Min:  0.0, Avg:  0.0, Max:  0.0, Diff:  0.0, Sum:  0.0, Workers: 4
[36.196s][debug][gc,phases      ] GC(69)     Dead                           Min: 0, Avg:  0.0, Max: 0, Diff: 0, Sum: 0, Workers: 4
[36.196s][debug][gc,phases      ] GC(69)     Total                          Min: 0, Avg:  0.0, Max: 0, Diff: 0, Sum: 0, Workers: 4
[36.196s][debug][gc,phases      ] GC(69) Weak Processing 0.880ms
[36.196s][debug][gc,age         ] GC(69) Desired survivor size 203948032 bytes, new threshold 15 (max threshold 15)
[36.196s][info ][gc,heap        ] GC(69) PSYoungGen: 1704032K(1889792K)->27344K(1897984K) Eden: 1682944K(1682944K)->0K(1693696K) From: 21088K(206848K)->27344K(204288K)
[36.196s][info ][gc,heap        ] GC(69) ParOldGen: 505048K(589824K)->505056K(589824K)
[36.196s][info ][gc,metaspace   ] GC(69) Metaspace: 73109K(73856K)->73109K(73856K) NonClass: 62518K(62912K)->62518K(62912K) Class: 10591K(10944K)->10591K(10944K)
[36.196s][info ][gc             ] GC(69) Pause Young (Allocation Failure) 2157M->519M(2429M) 39.087ms
[36.196s][info ][gc,cpu         ] GC(69) User=0.07s Sys=0.00s Real=0.03s
[36.201s][info ][safepoint      ] Safepoint "ParallelGCFailedAllocation", Time since last: 37090595 ns, Reaching safepoint: 1338629 ns, At safepoint: 44109846 ns, Total: 45448475 ns
[36.547s][info ][safepoint      ] Safepoint "ICBufferFull", Time since last: 337313130 ns, Reaching safepoint: 8583084 ns, At safepoint: 34101 ns, Total: 8617185 ns
[36.765s][info ][gc,start       ] GC(70) Pause Young (Allocation Failure)
[36.784s][debug][gc,phases      ] GC(70) Scavenge 18.944ms
[36.784s][debug][gc,ref         ] GC(70) Skipped phase 1 of Reference Processing: no references
[36.784s][debug][gc,ref         ] GC(70) ReferenceProcessor::execute queues: 1, RefProcThreadModel::Single, marks_oops_alive: false
[36.784s][debug][gc,ref         ] GC(70) Skipped phase 3 of Reference Processing: no references
[36.784s][debug][gc,ref         ] GC(70) ReferenceProcessor::execute queues: 1, RefProcThreadModel::Single, marks_oops_alive: false
[36.784s][debug][gc,phases      ] GC(70) Reference Processing 0.173ms
[36.784s][debug][gc,phases      ] GC(70)   VM Weak                        Min:  0.0, Avg:  0.0, Max:  0.0, Diff:  0.0, Sum:  0.0, Workers: 4
[36.784s][debug][gc,phases      ] GC(70)     Dead                           Min: 0, Avg:  0.0, Max: 0, Diff: 0, Sum: 0, Workers: 4
[36.784s][debug][gc,phases      ] GC(70)     Total                          Min: 0, Avg: 157.0, Max: 564, Diff: 564, Sum: 628, Workers: 4
[36.784s][debug][gc,phases      ] GC(70)   ObjectSynchronizer Weak        Min:  0.0, Avg:  0.0, Max:  0.0, Diff:  0.0, Sum:  0.0, Workers: 4
[36.784s][debug][gc,phases      ] GC(70)     Dead                           Min: 0, Avg:  0.0, Max: 0, Diff: 0, Sum: 0, Workers: 4
[36.784s][debug][gc,phases      ] GC(70)     Total                          Min: 0, Avg: 75.2, Max: 128, Diff: 128, Sum: 301, Workers: 4
[36.784s][debug][gc,phases      ] GC(70)   JVMTI Tag Weak OopStorage      Min:  0.0, Avg:  0.0, Max:  0.0, Diff:  0.0, Sum:  0.0, Workers: 4
[36.784s][debug][gc,phases      ] GC(70)     Dead                           Min: 0, Avg:  0.0, Max: 0, Diff: 0, Sum: 0, Workers: 4
[36.784s][debug][gc,phases      ] GC(70)     Total                          Min: 0, Avg:  0.0, Max: 0, Diff: 0, Sum: 0, Workers: 4
[36.784s][debug][gc,phases      ] GC(70)   StringTable Weak               Min:  0.0, Avg:  0.1, Max:  0.2, Diff:  0.2, Sum:  0.5, Workers: 4
[36.784s][debug][gc,phases      ] GC(70)     Dead                           Min: 0, Avg:  0.2, Max: 1, Diff: 1, Sum: 1, Workers: 4
[36.784s][debug][gc,phases      ] GC(70)     Total                          Min: 0, Avg: 11435.2, Max: 15405, Diff: 15405, Sum: 45741, Workers: 4
[36.784s][debug][gc,phases      ] GC(70)   ResolvedMethodTable Weak       Min:  0.0, Avg:  0.0, Max:  0.0, Diff:  0.0, Sum:  0.1, Workers: 4
[36.784s][debug][gc,phases      ] GC(70)     Dead                           Min: 0, Avg: 11.0, Max: 44, Diff: 44, Sum: 44, Workers: 4
[36.784s][debug][gc,phases      ] GC(70)     Total                          Min: 0, Avg: 1980.5, Max: 2814, Diff: 2814, Sum: 7922, Workers: 4
[36.784s][debug][gc,phases      ] GC(70)   JNI Weak                       Min:  0.0, Avg:  0.0, Max:  0.0, Diff:  0.0, Sum:  0.0, Workers: 4
[36.784s][debug][gc,phases      ] GC(70)     Dead                           Min: 0, Avg:  0.0, Max: 0, Diff: 0, Sum: 0, Workers: 4
[36.784s][debug][gc,phases      ] GC(70)     Total                          Min: 0, Avg:  4.8, Max: 19, Diff: 19, Sum: 19, Workers: 4
[36.784s][debug][gc,phases      ] GC(70)   StringDedup Table Weak         Min:  0.0, Avg:  0.0, Max:  0.0, Diff:  0.0, Sum:  0.0, Workers: 4
[36.784s][debug][gc,phases      ] GC(70)     Dead                           Min: 0, Avg:  0.0, Max: 0, Diff: 0, Sum: 0, Workers: 4
[36.784s][debug][gc,phases      ] GC(70)     Total                          Min: 0, Avg:  0.0, Max: 0, Diff: 0, Sum: 0, Workers: 4
[36.784s][debug][gc,phases      ] GC(70)   StringDedup Requests0 Weak     Min:  0.0, Avg:  0.0, Max:  0.0, Diff:  0.0, Sum:  0.0, Workers: 4
[36.784s][debug][gc,phases      ] GC(70)     Dead                           Min: 0, Avg:  0.0, Max: 0, Diff: 0, Sum: 0, Workers: 4
[36.784s][debug][gc,phases      ] GC(70)     Total                          Min: 0, Avg:  0.0, Max: 0, Diff: 0, Sum: 0, Workers: 4
[36.784s][debug][gc,phases      ] GC(70)   StringDedup Requests1 Weak     Min:  0.0, Avg:  0.0, Max:  0.0, Diff:  0.0, Sum:  0.0, Workers: 4
[36.784s][debug][gc,phases      ] GC(70)     Dead                           Min: 0, Avg:  0.0, Max: 0, Diff: 0, Sum: 0, Workers: 4
[36.784s][debug][gc,phases      ] GC(70)     Total                          Min: 0, Avg:  0.0, Max: 0, Diff: 0, Sum: 0, Workers: 4
[36.784s][debug][gc,phases      ] GC(70)   Weak JFR Old Object Samples    Min:  0.0, Avg:  0.0, Max:  0.0, Diff:  0.0, Sum:  0.0, Workers: 4
[36.784s][debug][gc,phases      ] GC(70)     Dead                           Min: 0, Avg:  0.0, Max: 0, Diff: 0, Sum: 0, Workers: 4
[36.784s][debug][gc,phases      ] GC(70)     Total                          Min: 0, Avg:  0.0, Max: 0, Diff: 0, Sum: 0, Workers: 4
[36.784s][debug][gc,phases      ] GC(70) Weak Processing 0.415ms
[36.784s][debug][gc,age         ] GC(70) Desired survivor size 197132288 bytes, new threshold 15 (max threshold 15)
[36.784s][info ][gc,heap        ] GC(70) PSYoungGen: 1721040K(1897984K)->34432K(1892864K) Eden: 1693696K(1693696K)->0K(1693696K) From: 27344K(204288K)->34432K(199168K)
[36.784s][info ][gc,heap        ] GC(70) ParOldGen: 505056K(589824K)->505064K(589824K)
[36.784s][info ][gc,metaspace   ] GC(70) Metaspace: 74616K(75392K)->74616K(75392K) NonClass: 63815K(64192K)->63815K(64192K) Class: 10800K(11200K)->10800K(11200K)
[36.784s][info ][gc             ] GC(70) Pause Young (Allocation Failure) 2173M->526M(2424M) 19.683ms
[36.784s][info ][gc,cpu         ] GC(70) User=0.07s Sys=0.00s Real=0.02s
[36.785s][info ][safepoint      ] Safepoint "ParallelGCFailedAllocation", Time since last: 218008473 ns, Reaching safepoint: 209404 ns, At safepoint: 19812125 ns, Total: 20021529 ns
[37.039s][info ][safepoint      ] Safepoint "ICBufferFull", Time since last: 247835212 ns, Reaching safepoint: 6623542 ns, At safepoint: 30601 ns, Total: 6654143 ns
[37.181s][info ][safepoint      ] Safepoint "ICBufferFull", Time since last: 127180626 ns, Reaching safepoint: 14376508 ns, At safepoint: 29001 ns, Total: 14405509 ns
[37.377s][info ][gc,start       ] GC(71) Pause Young (Allocation Failure)
[37.421s][debug][gc,phases      ] GC(71) Scavenge 43.277ms
[37.421s][debug][gc,ref         ] GC(71) Skipped phase 1 of Reference Processing: no references
[37.421s][debug][gc,ref         ] GC(71) ReferenceProcessor::execute queues: 1, RefProcThreadModel::Single, marks_oops_alive: false
[37.421s][debug][gc,ref         ] GC(71) Skipped phase 3 of Reference Processing: no references
[37.421s][debug][gc,ref         ] GC(71) ReferenceProcessor::execute queues: 1, RefProcThreadModel::Single, marks_oops_alive: false
[37.421s][debug][gc,phases      ] GC(71) Reference Processing 0.200ms
[37.421s][debug][gc,phases      ] GC(71)   VM Weak                        Min:  0.0, Avg:  0.0, Max:  0.0, Diff:  0.0, Sum:  0.0, Workers: 4
[37.421s][debug][gc,phases      ] GC(71)     Dead                           Min: 0, Avg:  0.0, Max: 0, Diff: 0, Sum: 0, Workers: 4
[37.421s][debug][gc,phases      ] GC(71)     Total                          Min: 0, Avg: 159.5, Max: 448, Diff: 448, Sum: 638, Workers: 4
[37.421s][debug][gc,phases      ] GC(71)   ObjectSynchronizer Weak        Min:  0.0, Avg:  0.0, Max:  0.0, Diff:  0.0, Sum:  0.0, Workers: 4
[37.421s][debug][gc,phases      ] GC(71)     Dead                           Min: 0, Avg:  0.2, Max: 1, Diff: 1, Sum: 1, Workers: 4
[37.421s][debug][gc,phases      ] GC(71)     Total                          Min: 0, Avg: 75.5, Max: 192, Diff: 192, Sum: 302, Workers: 4
[37.421s][debug][gc,phases      ] GC(71)   JVMTI Tag Weak OopStorage      Min:  0.0, Avg:  0.0, Max:  0.0, Diff:  0.0, Sum:  0.0, Workers: 4
[37.421s][debug][gc,phases      ] GC(71)     Dead                           Min: 0, Avg:  0.0, Max: 0, Diff: 0, Sum: 0, Workers: 4
[37.421s][debug][gc,phases      ] GC(71)     Total                          Min: 0, Avg:  0.0, Max: 0, Diff: 0, Sum: 0, Workers: 4
[37.421s][debug][gc,phases      ] GC(71)   StringTable Weak               Min:  0.0, Avg:  0.1, Max:  0.3, Diff:  0.3, Sum:  0.5, Workers: 4
[37.421s][debug][gc,phases      ] GC(71)     Dead                           Min: 0, Avg:  0.2, Max: 1, Diff: 1, Sum: 1, Workers: 4
[37.421s][debug][gc,phases      ] GC(71)     Total                          Min: 0, Avg: 11609.0, Max: 24612, Diff: 24612, Sum: 46436, Workers: 4
[37.421s][debug][gc,phases      ] GC(71)   ResolvedMethodTable Weak       Min:  0.0, Avg:  0.0, Max:  0.0, Diff:  0.0, Sum:  0.1, Workers: 4
[37.421s][debug][gc,phases      ] GC(71)     Dead                           Min: 0, Avg:  1.0, Max: 4, Diff: 4, Sum: 4, Workers: 4
[37.421s][debug][gc,phases      ] GC(71)     Total                          Min: 0, Avg: 1985.8, Max: 4032, Diff: 4032, Sum: 7943, Workers: 4
[37.421s][debug][gc,phases      ] GC(71)   JNI Weak                       Min:  0.0, Avg:  0.0, Max:  0.0, Diff:  0.0, Sum:  0.0, Workers: 4
[37.421s][debug][gc,phases      ] GC(71)     Dead                           Min: 0, Avg:  0.0, Max: 0, Diff: 0, Sum: 0, Workers: 4
[37.421s][debug][gc,phases      ] GC(71)     Total                          Min: 0, Avg:  2.5, Max: 10, Diff: 10, Sum: 10, Workers: 4
[37.421s][debug][gc,phases      ] GC(71)   StringDedup Table Weak         Min:  0.0, Avg:  0.0, Max:  0.0, Diff:  0.0, Sum:  0.0, Workers: 4
[37.421s][debug][gc,phases      ] GC(71)     Dead                           Min: 0, Avg:  0.0, Max: 0, Diff: 0, Sum: 0, Workers: 4
[37.421s][debug][gc,phases      ] GC(71)     Total                          Min: 0, Avg:  0.0, Max: 0, Diff: 0, Sum: 0, Workers: 4
[37.421s][debug][gc,phases      ] GC(71)   StringDedup Requests0 Weak     Min:  0.0, Avg:  0.0, Max:  0.0, Diff:  0.0, Sum:  0.0, Workers: 4
[37.421s][debug][gc,phases      ] GC(71)     Dead                           Min: 0, Avg:  0.0, Max: 0, Diff: 0, Sum: 0, Workers: 4
[37.421s][debug][gc,phases      ] GC(71)     Total                          Min: 0, Avg:  0.0, Max: 0, Diff: 0, Sum: 0, Workers: 4
[37.421s][debug][gc,phases      ] GC(71)   StringDedup Requests1 Weak     Min:  0.0, Avg:  0.0, Max:  0.0, Diff:  0.0, Sum:  0.0, Workers: 4
[37.421s][debug][gc,phases      ] GC(71)     Dead                           Min: 0, Avg:  0.0, Max: 0, Diff: 0, Sum: 0, Workers: 4
[37.421s][debug][gc,phases      ] GC(71)     Total                          Min: 0, Avg:  0.0, Max: 0, Diff: 0, Sum: 0, Workers: 4
[37.421s][debug][gc,phases      ] GC(71)   Weak JFR Old Object Samples    Min:  0.0, Avg:  0.0, Max:  0.0, Diff:  0.0, Sum:  0.0, Workers: 4
[37.421s][debug][gc,phases      ] GC(71)     Dead                           Min: 0, Avg:  0.0, Max: 0, Diff: 0, Sum: 0, Workers: 4
[37.421s][debug][gc,phases      ] GC(71)     Total                          Min: 0, Avg:  0.0, Max: 0, Diff: 0, Sum: 0, Workers: 4
[37.421s][debug][gc,phases      ] GC(71) Weak Processing 0.561ms
[37.421s][debug][gc,age         ] GC(71) Desired survivor size 188219392 bytes, new threshold 15 (max threshold 15)
[37.421s][info ][gc,heap        ] GC(71) PSYoungGen: 1728128K(1892864K)->40549K(1913344K) Eden: 1693696K(1693696K)->0K(1720832K) From: 34432K(199168K)->40549K(192512K)
[37.421s][info ][gc,heap        ] GC(71) ParOldGen: 505064K(589824K)->505072K(589824K)
[37.421s][info ][gc,metaspace   ] GC(71) Metaspace: 77853K(78656K)->77853K(78656K) NonClass: 66636K(67072K)->66636K(67072K) Class: 11216K(11584K)->11216K(11584K)
[37.421s][info ][gc             ] GC(71) Pause Young (Allocation Failure) 2180M->532M(2444M) 44.179ms
[37.421s][info ][gc,cpu         ] GC(71) User=0.09s Sys=0.00s Real=0.04s
[37.421s][info ][safepoint      ] Safepoint "ParallelGCFailedAllocation", Time since last: 187926828 ns, Reaching safepoint: 8639986 ns, At safepoint: 44289449 ns, Total: 52929435 ns
[37.753s][info ][safepoint      ] Safepoint "ICBufferFull", Time since last: 322262208 ns, Reaching safepoint: 8859090 ns, At safepoint: 36701 ns, Total: 8895791 ns
[38.045s][info ][safepoint      ] Safepoint "ICBufferFull", Time since last: 291793355 ns, Reaching safepoint: 234505 ns, At safepoint: 17500 ns, Total: 252005 ns
[38.117s][info ][gc,start       ] GC(72) Pause Young (Allocation Failure)
[38.180s][debug][gc,phases      ] GC(72) Scavenge 62.863ms
[38.180s][debug][gc,ref         ] GC(72) Skipped phase 1 of Reference Processing: no references
[38.180s][debug][gc,ref         ] GC(72) ReferenceProcessor::execute queues: 1, RefProcThreadModel::Single, marks_oops_alive: false
[38.180s][debug][gc,ref         ] GC(72) Skipped phase 3 of Reference Processing: no references
[38.180s][debug][gc,ref         ] GC(72) ReferenceProcessor::execute queues: 1, RefProcThreadModel::Single, marks_oops_alive: false
[38.180s][debug][gc,phases      ] GC(72) Reference Processing 0.178ms
[38.180s][debug][gc,phases      ] GC(72)   VM Weak                        Min:  0.0, Avg:  0.0, Max:  0.0, Diff:  0.0, Sum:  0.0, Workers: 4
[38.180s][debug][gc,phases      ] GC(72)     Dead                           Min: 0, Avg:  0.0, Max: 0, Diff: 0, Sum: 0, Workers: 4
[38.180s][debug][gc,phases      ] GC(72)     Total                          Min: 0, Avg: 160.0, Max: 640, Diff: 640, Sum: 640, Workers: 4
[38.180s][debug][gc,phases      ] GC(72)   ObjectSynchronizer Weak        Min:  0.0, Avg:  0.0, Max:  0.0, Diff:  0.0, Sum:  0.0, Workers: 4
[38.180s][debug][gc,phases      ] GC(72)     Dead                           Min: 0, Avg:  0.0, Max: 0, Diff: 0, Sum: 0, Workers: 4
[38.180s][debug][gc,phases      ] GC(72)     Total                          Min: 0, Avg: 75.5, Max: 302, Diff: 302, Sum: 302, Workers: 4
[38.180s][debug][gc,phases      ] GC(72)   JVMTI Tag Weak OopStorage      Min:  0.0, Avg:  0.0, Max:  0.0, Diff:  0.0, Sum:  0.0, Workers: 4
[38.180s][debug][gc,phases      ] GC(72)     Dead                           Min: 0, Avg:  0.0, Max: 0, Diff: 0, Sum: 0, Workers: 4
[38.180s][debug][gc,phases      ] GC(72)     Total                          Min: 0, Avg:  0.0, Max: 0, Diff: 0, Sum: 0, Workers: 4
[38.180s][debug][gc,phases      ] GC(72)   StringTable Weak               Min:  0.0, Avg:  0.1, Max:  0.3, Diff:  0.3, Sum:  0.5, Workers: 4
[38.180s][debug][gc,phases      ] GC(72)     Dead                           Min: 0, Avg:  0.2, Max: 1, Diff: 1, Sum: 1, Workers: 4
[38.180s][debug][gc,phases      ] GC(72)     Total                          Min: 0, Avg: 11620.8, Max: 32979, Diff: 32979, Sum: 46483, Workers: 4
[38.180s][debug][gc,phases      ] GC(72)   ResolvedMethodTable Weak       Min:  0.0, Avg:  0.0, Max:  0.0, Diff:  0.0, Sum:  0.1, Workers: 4
[38.180s][debug][gc,phases      ] GC(72)     Dead                           Min: 0, Avg:  0.0, Max: 0, Diff: 0, Sum: 0, Workers: 4
[38.180s][debug][gc,phases      ] GC(72)     Total                          Min: 0, Avg: 1988.2, Max: 4096, Diff: 4096, Sum: 7953, Workers: 4
[38.180s][debug][gc,phases      ] GC(72)   JNI Weak                       Min:  0.0, Avg:  0.0, Max:  0.0, Diff:  0.0, Sum:  0.0, Workers: 4
[38.180s][debug][gc,phases      ] GC(72)     Dead                           Min: 0, Avg:  0.0, Max: 0, Diff: 0, Sum: 0, Workers: 4
[38.180s][debug][gc,phases      ] GC(72)     Total                          Min: 0, Avg:  8.0, Max: 32, Diff: 32, Sum: 32, Workers: 4
[38.180s][debug][gc,phases      ] GC(72)   StringDedup Table Weak         Min:  0.0, Avg:  0.0, Max:  0.0, Diff:  0.0, Sum:  0.0, Workers: 4
[38.180s][debug][gc,phases      ] GC(72)     Dead                           Min: 0, Avg:  0.0, Max: 0, Diff: 0, Sum: 0, Workers: 4
[38.180s][debug][gc,phases      ] GC(72)     Total                          Min: 0, Avg:  0.0, Max: 0, Diff: 0, Sum: 0, Workers: 4
[38.180s][debug][gc,phases      ] GC(72)   StringDedup Requests0 Weak     Min:  0.0, Avg:  0.0, Max:  0.0, Diff:  0.0, Sum:  0.0, Workers: 4
[38.180s][debug][gc,phases      ] GC(72)     Dead                           Min: 0, Avg:  0.0, Max: 0, Diff: 0, Sum: 0, Workers: 4
[38.180s][debug][gc,phases      ] GC(72)     Total                          Min: 0, Avg:  0.0, Max: 0, Diff: 0, Sum: 0, Workers: 4
[38.180s][debug][gc,phases      ] GC(72)   StringDedup Requests1 Weak     Min:  0.0, Avg:  0.0, Max:  0.0, Diff:  0.0, Sum:  0.0, Workers: 4
[38.180s][debug][gc,phases      ] GC(72)     Dead                           Min: 0, Avg:  0.0, Max: 0, Diff: 0, Sum: 0, Workers: 4
[38.180s][debug][gc,phases      ] GC(72)     Total                          Min: 0, Avg:  0.0, Max: 0, Diff: 0, Sum: 0, Workers: 4
[38.180s][debug][gc,phases      ] GC(72)   Weak JFR Old Object Samples    Min:  0.0, Avg:  0.0, Max:  0.0, Diff:  0.0, Sum:  0.0, Workers: 4
[38.180s][debug][gc,phases      ] GC(72)     Dead                           Min: 0, Avg:  0.0, Max: 0, Diff: 0, Sum: 0, Workers: 4
[38.180s][debug][gc,phases      ] GC(72)     Total                          Min: 0, Avg:  0.0, Max: 0, Diff: 0, Sum: 0, Workers: 4
[38.180s][debug][gc,phases      ] GC(72) Weak Processing 0.591ms
[38.180s][debug][gc,age         ] GC(72) Desired survivor size 178257920 bytes, new threshold 15 (max threshold 15)
[38.180s][info ][gc,heap        ] GC(72) PSYoungGen: 1761381K(1913344K)->51093K(1904640K) Eden: 1720832K(1720832K)->0K(1720832K) From: 40549K(192512K)->51093K(183808K)
[38.180s][info ][gc,heap        ] GC(72) ParOldGen: 505072K(589824K)->505080K(589824K)
[38.180s][info ][gc,metaspace   ] GC(72) Metaspace: 78070K(78848K)->78070K(78848K) NonClass: 66825K(67264K)->66825K(67264K) Class: 11245K(11584K)->11245K(11584K)
[38.180s][info ][gc             ] GC(72) Pause Young (Allocation Failure) 2213M->543M(2436M) 63.786ms
[38.180s][info ][gc,cpu         ] GC(72) User=0.17s Sys=0.00s Real=0.06s
[38.180s][info ][safepoint      ] Safepoint "ParallelGCFailedAllocation", Time since last: 65241598 ns, Reaching safepoint: 6647243 ns, At safepoint: 63920270 ns, Total: 70567513 ns
[38.525s][info ][safepoint      ] Safepoint "ICBufferFull", Time since last: 334822178 ns, Reaching safepoint: 9445702 ns, At safepoint: 37701 ns, Total: 9483403 ns
[38.684s][info ][gc,start       ] GC(73) Pause Young (Allocation Failure)
[38.728s][debug][gc,phases      ] GC(73) Scavenge 43.454ms
[38.728s][debug][gc,ref         ] GC(73) Skipped phase 1 of Reference Processing: no references
[38.728s][debug][gc,ref         ] GC(73) ReferenceProcessor::execute queues: 1, RefProcThreadModel::Single, marks_oops_alive: false
[38.728s][debug][gc,ref         ] GC(73) Skipped phase 3 of Reference Processing: no references
[38.728s][debug][gc,ref         ] GC(73) ReferenceProcessor::execute queues: 1, RefProcThreadModel::Single, marks_oops_alive: false
[38.728s][debug][gc,phases      ] GC(73) Reference Processing 0.185ms
[38.728s][debug][gc,phases      ] GC(73)   VM Weak                        Min:  0.0, Avg:  0.0, Max:  0.0, Diff:  0.0, Sum:  0.0, Workers: 4
[38.728s][debug][gc,phases      ] GC(73)     Dead                           Min: 0, Avg:  0.0, Max: 0, Diff: 0, Sum: 0, Workers: 4
[38.728s][debug][gc,phases      ] GC(73)     Total                          Min: 0, Avg: 160.0, Max: 448, Diff: 448, Sum: 640, Workers: 4
[38.728s][debug][gc,phases      ] GC(73)   ObjectSynchronizer Weak        Min:  0.0, Avg:  0.0, Max:  0.0, Diff:  0.0, Sum:  0.0, Workers: 4
[38.728s][debug][gc,phases      ] GC(73)     Dead                           Min: 0, Avg:  0.0, Max: 0, Diff: 0, Sum: 0, Workers: 4
[38.728s][debug][gc,phases      ] GC(73)     Total                          Min: 0, Avg: 75.5, Max: 302, Diff: 302, Sum: 302, Workers: 4
[38.728s][debug][gc,phases      ] GC(73)   JVMTI Tag Weak OopStorage      Min:  0.0, Avg:  0.0, Max:  0.0, Diff:  0.0, Sum:  0.0, Workers: 4
[38.728s][debug][gc,phases      ] GC(73)     Dead                           Min: 0, Avg:  0.0, Max: 0, Diff: 0, Sum: 0, Workers: 4
[38.728s][debug][gc,phases      ] GC(73)     Total                          Min: 0, Avg:  0.0, Max: 0, Diff: 0, Sum: 0, Workers: 4
[38.728s][debug][gc,phases      ] GC(73)   StringTable Weak               Min:  0.0, Avg:  0.1, Max:  0.3, Diff:  0.3, Sum:  0.6, Workers: 4
[38.728s][debug][gc,phases      ] GC(73)     Dead                           Min: 0, Avg:  0.0, Max: 0, Diff: 0, Sum: 0, Workers: 4
[38.728s][debug][gc,phases      ] GC(73)     Total                          Min: 0, Avg: 11624.0, Max: 24383, Diff: 24383, Sum: 46496, Workers: 4
[38.728s][debug][gc,phases      ] GC(73)   ResolvedMethodTable Weak       Min:  0.0, Avg:  0.0, Max:  0.1, Diff:  0.1, Sum:  0.1, Workers: 4
[38.728s][debug][gc,phases      ] GC(73)     Dead                           Min: 0, Avg:  0.0, Max: 0, Diff: 0, Sum: 0, Workers: 4
[38.728s][debug][gc,phases      ] GC(73)     Total                          Min: 0, Avg: 1988.2, Max: 4946, Diff: 4946, Sum: 7953, Workers: 4
[38.728s][debug][gc,phases      ] GC(73)   JNI Weak                       Min:  0.0, Avg:  0.0, Max:  0.0, Diff:  0.0, Sum:  0.0, Workers: 4
[38.728s][debug][gc,phases      ] GC(73)     Dead                           Min: 0, Avg:  0.0, Max: 0, Diff: 0, Sum: 0, Workers: 4
[38.728s][debug][gc,phases      ] GC(73)     Total                          Min: 0, Avg:  7.5, Max: 30, Diff: 30, Sum: 30, Workers: 4
[38.728s][debug][gc,phases      ] GC(73)   StringDedup Table Weak         Min:  0.0, Avg:  0.0, Max:  0.0, Diff:  0.0, Sum:  0.0, Workers: 4
[38.728s][debug][gc,phases      ] GC(73)     Dead                           Min: 0, Avg:  0.0, Max: 0, Diff: 0, Sum: 0, Workers: 4
[38.728s][debug][gc,phases      ] GC(73)     Total                          Min: 0, Avg:  0.0, Max: 0, Diff: 0, Sum: 0, Workers: 4
[38.728s][debug][gc,phases      ] GC(73)   StringDedup Requests0 Weak     Min:  0.0, Avg:  0.0, Max:  0.0, Diff:  0.0, Sum:  0.0, Workers: 4
[38.728s][debug][gc,phases      ] GC(73)     Dead                           Min: 0, Avg:  0.0, Max: 0, Diff: 0, Sum: 0, Workers: 4
[38.728s][debug][gc,phases      ] GC(73)     Total                          Min: 0, Avg:  0.0, Max: 0, Diff: 0, Sum: 0, Workers: 4
[38.728s][debug][gc,phases      ] GC(73)   StringDedup Requests1 Weak     Min:  0.0, Avg:  0.0, Max:  0.0, Diff:  0.0, Sum:  0.0, Workers: 4
[38.728s][debug][gc,phases      ] GC(73)     Dead                           Min: 0, Avg:  0.0, Max: 0, Diff: 0, Sum: 0, Workers: 4
[38.728s][debug][gc,phases      ] GC(73)     Total                          Min: 0, Avg:  0.0, Max: 0, Diff: 0, Sum: 0, Workers: 4
[38.728s][debug][gc,phases      ] GC(73)   Weak JFR Old Object Samples    Min:  0.0, Avg:  0.0, Max:  0.0, Diff:  0.0, Sum:  0.0, Workers: 4
[38.728s][debug][gc,phases      ] GC(73)     Dead                           Min: 0, Avg:  0.0, Max: 0, Diff: 0, Sum: 0, Workers: 4
[38.728s][debug][gc,phases      ] GC(73)     Total                          Min: 0, Avg:  0.0, Max: 0, Diff: 0, Sum: 0, Workers: 4
[38.728s][debug][gc,phases      ] GC(73) Weak Processing 0.600ms
[38.728s][debug][gc,age         ] GC(73) Desired survivor size 168296448 bytes, new threshold 15 (max threshold 15)
[38.728s][info ][gc,heap        ] GC(73) PSYoungGen: 1771925K(1904640K)->54965K(1932800K) Eden: 1720832K(1720832K)->0K(1758720K) From: 51093K(183808K)->54965K(174080K)
[38.728s][info ][gc,heap        ] GC(73) ParOldGen: 505080K(589824K)->505088K(589824K)
[38.728s][info ][gc,metaspace   ] GC(73) Metaspace: 78093K(78848K)->78093K(78848K) NonClass: 66847K(67264K)->66847K(67264K) Class: 11245K(11584K)->11245K(11584K)
[38.728s][info ][gc             ] GC(73) Pause Young (Allocation Failure) 2223M->546M(2463M) 44.387ms
[38.728s][info ][gc,cpu         ] GC(73) User=0.13s Sys=0.00s Real=0.04s
[38.728s][info ][safepoint      ] Safepoint "ParallelGCFailedAllocation", Time since last: 153056781 ns, Reaching safepoint: 6108631 ns, At safepoint: 44522554 ns, Total: 50631185 ns
[38.860s][info ][safepoint      ] Safepoint "ICBufferFull", Time since last: 131694323 ns, Reaching safepoint: 130203 ns, At safepoint: 17601 ns, Total: 147804 ns
[39.465s][info ][gc,start       ] GC(74) Pause Young (Allocation Failure)
[39.509s][debug][gc,phases      ] GC(74) Scavenge 44.502ms
[39.509s][debug][gc,ref         ] GC(74) Skipped phase 1 of Reference Processing: no references
[39.510s][debug][gc,ref         ] GC(74) ReferenceProcessor::execute queues: 1, RefProcThreadModel::Single, marks_oops_alive: false
[39.510s][debug][gc,ref         ] GC(74) ReferenceProcessor::execute queues: 4, RefProcThreadModel::Multi, marks_oops_alive: true
[39.511s][debug][gc,ref         ] GC(74) ReferenceProcessor::execute queues: 1, RefProcThreadModel::Single, marks_oops_alive: false
[39.511s][debug][gc,phases      ] GC(74) Reference Processing 1.237ms
[39.511s][debug][gc,phases      ] GC(74)   VM Weak                        Min:  0.0, Avg:  0.0, Max:  0.0, Diff:  0.0, Sum:  0.0, Workers: 4
[39.511s][debug][gc,phases      ] GC(74)     Dead                           Min: 0, Avg:  0.0, Max: 0, Diff: 0, Sum: 0, Workers: 4
[39.511s][debug][gc,phases      ] GC(74)     Total                          Min: 0, Avg: 160.0, Max: 640, Diff: 640, Sum: 640, Workers: 4
[39.511s][debug][gc,phases      ] GC(74)   ObjectSynchronizer Weak        Min:  0.0, Avg:  0.0, Max:  0.0, Diff:  0.0, Sum:  0.0, Workers: 4
[39.511s][debug][gc,phases      ] GC(74)     Dead                           Min: 0, Avg:  0.0, Max: 0, Diff: 0, Sum: 0, Workers: 4
[39.511s][debug][gc,phases      ] GC(74)     Total                          Min: 0, Avg: 75.5, Max: 302, Diff: 302, Sum: 302, Workers: 4
[39.511s][debug][gc,phases      ] GC(74)   JVMTI Tag Weak OopStorage      Min:  0.0, Avg:  0.0, Max:  0.0, Diff:  0.0, Sum:  0.0, Workers: 4
[39.511s][debug][gc,phases      ] GC(74)     Dead                           Min: 0, Avg:  0.0, Max: 0, Diff: 0, Sum: 0, Workers: 4
[39.511s][debug][gc,phases      ] GC(74)     Total                          Min: 0, Avg:  0.0, Max: 0, Diff: 0, Sum: 0, Workers: 4
[39.511s][debug][gc,phases      ] GC(74)   StringTable Weak               Min:  0.0, Avg:  0.1, Max:  0.6, Diff:  0.6, Sum:  0.6, Workers: 4
[39.511s][debug][gc,phases      ] GC(74)     Dead                           Min: 0, Avg:  0.8, Max: 3, Diff: 3, Sum: 3, Workers: 4
[39.512s][debug][gc,phases      ] GC(74)     Total                          Min: 0, Avg: 11648.2, Max: 46593, Diff: 46593, Sum: 46593, Workers: 4
[39.512s][debug][gc,phases      ] GC(74)   ResolvedMethodTable Weak       Min:  0.0, Avg:  0.0, Max:  0.1, Diff:  0.1, Sum:  0.1, Workers: 4
[39.512s][debug][gc,phases      ] GC(74)     Dead                           Min: 0, Avg:  7.0, Max: 28, Diff: 28, Sum: 28, Workers: 4
[39.512s][debug][gc,phases      ] GC(74)     Total                          Min: 0, Avg: 1997.5, Max: 7990, Diff: 7990, Sum: 7990, Workers: 4
[39.512s][debug][gc,phases      ] GC(74)   JNI Weak                       Min:  0.0, Avg:  0.0, Max:  0.0, Diff:  0.0, Sum:  0.0, Workers: 4
[39.512s][debug][gc,phases      ] GC(74)     Dead                           Min: 0, Avg:  0.0, Max: 0, Diff: 0, Sum: 0, Workers: 4
[39.512s][debug][gc,phases      ] GC(74)     Total                          Min: 0, Avg:  3.5, Max: 14, Diff: 14, Sum: 14, Workers: 4
[39.512s][debug][gc,phases      ] GC(74)   StringDedup Table Weak         Min:  0.0, Avg:  0.0, Max:  0.0, Diff:  0.0, Sum:  0.0, Workers: 4
[39.512s][debug][gc,phases      ] GC(74)     Dead                           Min: 0, Avg:  0.0, Max: 0, Diff: 0, Sum: 0, Workers: 4
[39.512s][debug][gc,phases      ] GC(74)     Total                          Min: 0, Avg:  0.0, Max: 0, Diff: 0, Sum: 0, Workers: 4
[39.512s][debug][gc,phases      ] GC(74)   StringDedup Requests0 Weak     Min:  0.0, Avg:  0.0, Max:  0.0, Diff:  0.0, Sum:  0.0, Workers: 4
[39.512s][debug][gc,phases      ] GC(74)     Dead                           Min: 0, Avg:  0.0, Max: 0, Diff: 0, Sum: 0, Workers: 4
[39.512s][debug][gc,phases      ] GC(74)     Total                          Min: 0, Avg:  0.0, Max: 0, Diff: 0, Sum: 0, Workers: 4
[39.512s][debug][gc,phases      ] GC(74)   StringDedup Requests1 Weak     Min:  0.0, Avg:  0.0, Max:  0.0, Diff:  0.0, Sum:  0.0, Workers: 4
[39.512s][debug][gc,phases      ] GC(74)     Dead                           Min: 0, Avg:  0.0, Max: 0, Diff: 0, Sum: 0, Workers: 4
[39.512s][debug][gc,phases      ] GC(74)     Total                          Min: 0, Avg:  0.0, Max: 0, Diff: 0, Sum: 0, Workers: 4
[39.512s][debug][gc,phases      ] GC(74)   Weak JFR Old Object Samples    Min:  0.0, Avg:  0.0, Max:  0.0, Diff:  0.0, Sum:  0.0, Workers: 4
[39.512s][debug][gc,phases      ] GC(74)     Dead                           Min: 0, Avg:  0.0, Max: 0, Diff: 0, Sum: 0, Workers: 4
[39.512s][debug][gc,phases      ] GC(74)     Total                          Min: 0, Avg:  0.0, Max: 0, Diff: 0, Sum: 0, Workers: 4
[39.512s][debug][gc,phases      ] GC(74) Weak Processing 0.931ms
[39.512s][debug][gc,age         ] GC(74) Desired survivor size 159383552 bytes, new threshold 15 (max threshold 15)
[39.512s][info ][gc,heap        ] GC(74) PSYoungGen: 1813685K(1932800K)->66282K(1923072K) Eden: 1758720K(1758720K)->0K(1758720K) From: 54965K(174080K)->66282K(164352K)
[39.512s][info ][gc,heap        ] GC(74) ParOldGen: 505088K(589824K)->505096K(589824K)
[39.512s][info ][gc,metaspace   ] GC(74) Metaspace: 78596K(79424K)->78596K(79424K) NonClass: 67305K(67776K)->67305K(67776K) Class: 11290K(11648K)->11290K(11648K)
[39.512s][info ][gc             ] GC(74) Pause Young (Allocation Failure) 2264M->557M(2454M) 46.855ms
[39.512s][info ][gc,cpu         ] GC(74) User=0.15s Sys=0.01s Real=0.05s
[39.512s][info ][safepoint      ] Safepoint "ParallelGCFailedAllocation", Time since last: 601988204 ns, Reaching safepoint: 2445053 ns, At safepoint: 46988107 ns, Total: 49433160 ns
[39.859s][info ][safepoint      ] Safepoint "ICBufferFull", Time since last: 345083498 ns, Reaching safepoint: 2301749 ns, At safepoint: 38401 ns, Total: 2340150 ns
[40.241s][info ][gc,start       ] GC(75) Pause Young (Allocation Failure)
[40.273s][debug][gc,phases      ] GC(75) Scavenge 32.133ms
[40.273s][debug][gc,ref         ] GC(75) Skipped phase 1 of Reference Processing: no references
[40.274s][debug][gc,ref         ] GC(75) ReferenceProcessor::execute queues: 1, RefProcThreadModel::Single, marks_oops_alive: false
[40.274s][debug][gc,ref         ] GC(75) Skipped phase 3 of Reference Processing: no references
[40.274s][debug][gc,ref         ] GC(75) ReferenceProcessor::execute queues: 1, RefProcThreadModel::Single, marks_oops_alive: false
[40.274s][debug][gc,phases      ] GC(75) Reference Processing 0.196ms
[40.274s][debug][gc,phases      ] GC(75)   VM Weak                        Min:  0.0, Avg:  0.0, Max:  0.0, Diff:  0.0, Sum:  0.0, Workers: 4
[40.274s][debug][gc,phases      ] GC(75)     Dead                           Min: 0, Avg:  0.0, Max: 0, Diff: 0, Sum: 0, Workers: 4
[40.274s][debug][gc,phases      ] GC(75)     Total                          Min: 0, Avg: 163.0, Max: 652, Diff: 652, Sum: 652, Workers: 4
[40.274s][debug][gc,phases      ] GC(75)   ObjectSynchronizer Weak        Min:  0.0, Avg:  0.0, Max:  0.0, Diff:  0.0, Sum:  0.0, Workers: 4
[40.274s][debug][gc,phases      ] GC(75)     Dead                           Min: 0, Avg:  0.0, Max: 0, Diff: 0, Sum: 0, Workers: 4
[40.274s][debug][gc,phases      ] GC(75)     Total                          Min: 0, Avg: 75.8, Max: 175, Diff: 175, Sum: 303, Workers: 4
[40.274s][debug][gc,phases      ] GC(75)   JVMTI Tag Weak OopStorage      Min:  0.0, Avg:  0.0, Max:  0.0, Diff:  0.0, Sum:  0.0, Workers: 4
[40.274s][debug][gc,phases      ] GC(75)     Dead                           Min: 0, Avg:  0.0, Max: 0, Diff: 0, Sum: 0, Workers: 4
[40.274s][debug][gc,phases      ] GC(75)     Total                          Min: 0, Avg:  0.0, Max: 0, Diff: 0, Sum: 0, Workers: 4
[40.274s][debug][gc,phases      ] GC(75)   StringTable Weak               Min:  0.0, Avg:  0.1, Max:  0.2, Diff:  0.2, Sum:  0.5, Workers: 4
[40.274s][debug][gc,phases      ] GC(75)     Dead                           Min: 0, Avg:  0.5, Max: 1, Diff: 1, Sum: 2, Workers: 4
[40.274s][debug][gc,phases      ] GC(75)     Total                          Min: 0, Avg: 11708.2, Max: 16448, Diff: 16448, Sum: 46833, Workers: 4
[40.274s][debug][gc,phases      ] GC(75)   ResolvedMethodTable Weak       Min:  0.0, Avg:  0.0, Max:  0.0, Diff:  0.0, Sum:  0.1, Workers: 4
[40.274s][debug][gc,phases      ] GC(75)     Dead                           Min: 0, Avg:  7.2, Max: 17, Diff: 17, Sum: 29, Workers: 4
[40.274s][debug][gc,phases      ] GC(75)     Total                          Min: 0, Avg: 2035.8, Max: 2880, Diff: 2880, Sum: 8143, Workers: 4
[40.274s][debug][gc,phases      ] GC(75)   JNI Weak                       Min:  0.0, Avg:  0.0, Max:  0.0, Diff:  0.0, Sum:  0.0, Workers: 4
[40.274s][debug][gc,phases      ] GC(75)     Dead                           Min: 0, Avg:  0.0, Max: 0, Diff: 0, Sum: 0, Workers: 4
[40.274s][debug][gc,phases      ] GC(75)     Total                          Min: 0, Avg:  7.0, Max: 28, Diff: 28, Sum: 28, Workers: 4
[40.274s][debug][gc,phases      ] GC(75)   StringDedup Table Weak         Min:  0.0, Avg:  0.0, Max:  0.0, Diff:  0.0, Sum:  0.0, Workers: 4
[40.274s][debug][gc,phases      ] GC(75)     Dead                           Min: 0, Avg:  0.0, Max: 0, Diff: 0, Sum: 0, Workers: 4
[40.274s][debug][gc,phases      ] GC(75)     Total                          Min: 0, Avg:  0.0, Max: 0, Diff: 0, Sum: 0, Workers: 4
[40.274s][debug][gc,phases      ] GC(75)   StringDedup Requests0 Weak     Min:  0.0, Avg:  0.0, Max:  0.0, Diff:  0.0, Sum:  0.0, Workers: 4
[40.274s][debug][gc,phases      ] GC(75)     Dead                           Min: 0, Avg:  0.0, Max: 0, Diff: 0, Sum: 0, Workers: 4
[40.274s][debug][gc,phases      ] GC(75)     Total                          Min: 0, Avg:  0.0, Max: 0, Diff: 0, Sum: 0, Workers: 4
[40.274s][debug][gc,phases      ] GC(75)   StringDedup Requests1 Weak     Min:  0.0, Avg:  0.0, Max:  0.0, Diff:  0.0, Sum:  0.0, Workers: 4
[40.274s][debug][gc,phases      ] GC(75)     Dead                           Min: 0, Avg:  0.0, Max: 0, Diff: 0, Sum: 0, Workers: 4
[40.274s][debug][gc,phases      ] GC(75)     Total                          Min: 0, Avg:  0.0, Max: 0, Diff: 0, Sum: 0, Workers: 4
[40.274s][debug][gc,phases      ] GC(75)   Weak JFR Old Object Samples    Min:  0.0, Avg:  0.0, Max:  0.0, Diff:  0.0, Sum:  0.0, Workers: 4
[40.274s][debug][gc,phases      ] GC(75)     Dead                           Min: 0, Avg:  0.0, Max: 0, Diff: 0, Sum: 0, Workers: 4
[40.274s][debug][gc,phases      ] GC(75)     Total                          Min: 0, Avg:  0.0, Max: 0, Diff: 0, Sum: 0, Workers: 4
[40.274s][debug][gc,phases      ] GC(75) Weak Processing 0.381ms
[40.274s][debug][gc,age         ] GC(75) Desired survivor size 156237824 bytes, new threshold 15 (max threshold 15)
[40.274s][info ][gc,heap        ] GC(75) PSYoungGen: 1825002K(1923072K)->79484K(1944576K) Eden: 1758720K(1758720K)->0K(1788928K) From: 66282K(164352K)->79484K(155648K)
[40.274s][info ][gc,heap        ] GC(75) ParOldGen: 505096K(589824K)->505104K(589824K)
[40.274s][info ][gc,metaspace   ] GC(75) Metaspace: 79572K(80448K)->79572K(80448K) NonClass: 68150K(68608K)->68150K(68608K) Class: 11421K(11840K)->11421K(11840K)
[40.274s][info ][gc             ] GC(75) Pause Young (Allocation Failure) 2275M->570M(2475M) 32.835ms
[40.274s][info ][gc,cpu         ] GC(75) User=0.13s Sys=0.00s Real=0.03s
[40.274s][info ][safepoint      ] Safepoint "ParallelGCFailedAllocation", Time since last: 379814942 ns, Reaching safepoint: 2259948 ns, At safepoint: 32954107 ns, Total: 35214055 ns
[40.457s][info ][safepoint      ] Safepoint "ICBufferFull", Time since last: 181899199 ns, Reaching safepoint: 593713 ns, At safepoint: 29701 ns, Total: 623414 ns
[40.685s][info ][safepoint      ] Safepoint "ICBufferFull", Time since last: 228293694 ns, Reaching safepoint: 400409 ns, At safepoint: 24000 ns, Total: 424409 ns
[40.777s][info ][safepoint      ] Safepoint "ParallelGCFailedAllocation", Time since last: 90860448 ns, Reaching safepoint: 302806 ns, At safepoint: 34001 ns, Total: 336807 ns
[40.778s][info ][gc,start       ] GC(76) Pause Young (GCLocker Initiated GC)
[40.818s][debug][gc,phases      ] GC(76) Scavenge 40.047ms
[40.818s][debug][gc,ref         ] GC(76) Skipped phase 1 of Reference Processing: no references
[40.818s][debug][gc,ref         ] GC(76) ReferenceProcessor::execute queues: 1, RefProcThreadModel::Single, marks_oops_alive: false
[40.818s][debug][gc,ref         ] GC(76) Skipped phase 3 of Reference Processing: no references
[40.818s][debug][gc,ref         ] GC(76) ReferenceProcessor::execute queues: 1, RefProcThreadModel::Single, marks_oops_alive: false
[40.818s][debug][gc,phases      ] GC(76) Reference Processing 0.161ms
[40.819s][debug][gc,phases      ] GC(76)   VM Weak                        Min:  0.0, Avg:  0.0, Max:  0.0, Diff:  0.0, Sum:  0.0, Workers: 4
[40.819s][debug][gc,phases      ] GC(76)     Dead                           Min: 0, Avg:  0.0, Max: 0, Diff: 0, Sum: 0, Workers: 4
[40.819s][debug][gc,phases      ] GC(76)     Total                          Min: 0, Avg: 163.0, Max: 652, Diff: 652, Sum: 652, Workers: 4
[40.819s][debug][gc,phases      ] GC(76)   ObjectSynchronizer Weak        Min:  0.0, Avg:  0.0, Max:  0.0, Diff:  0.0, Sum:  0.0, Workers: 4
[40.819s][debug][gc,phases      ] GC(76)     Dead                           Min: 0, Avg:  0.0, Max: 0, Diff: 0, Sum: 0, Workers: 4
[40.819s][debug][gc,phases      ] GC(76)     Total                          Min: 0, Avg: 75.8, Max: 175, Diff: 175, Sum: 303, Workers: 4
[40.819s][debug][gc,phases      ] GC(76)   JVMTI Tag Weak OopStorage      Min:  0.0, Avg:  0.0, Max:  0.0, Diff:  0.0, Sum:  0.0, Workers: 4
[40.819s][debug][gc,phases      ] GC(76)     Dead                           Min: 0, Avg:  0.0, Max: 0, Diff: 0, Sum: 0, Workers: 4
[40.819s][debug][gc,phases      ] GC(76)     Total                          Min: 0, Avg:  0.0, Max: 0, Diff: 0, Sum: 0, Workers: 4
[40.819s][debug][gc,phases      ] GC(76)   StringTable Weak               Min:  0.1, Avg:  0.1, Max:  0.1, Diff:  0.0, Sum:  0.5, Workers: 4
[40.819s][debug][gc,phases      ] GC(76)     Dead                           Min: 0, Avg:  0.5, Max: 2, Diff: 2, Sum: 2, Workers: 4
[40.819s][debug][gc,phases      ] GC(76)     Total                          Min: 11135, Avg: 11730.8, Max: 12800, Diff: 1665, Sum: 46923, Workers: 4
[40.819s][debug][gc,phases      ] GC(76)   ResolvedMethodTable Weak       Min:  0.0, Avg:  0.0, Max:  0.0, Diff:  0.0, Sum:  0.1, Workers: 4
[40.819s][debug][gc,phases      ] GC(76)     Dead                           Min: 0, Avg:  4.5, Max: 18, Diff: 18, Sum: 18, Workers: 4
[40.819s][debug][gc,phases      ] GC(76)     Total                          Min: 1792, Avg: 2046.2, Max: 2304, Diff: 512, Sum: 8185, Workers: 4
[40.819s][debug][gc,phases      ] GC(76)   JNI Weak                       Min:  0.0, Avg:  0.0, Max:  0.0, Diff:  0.0, Sum:  0.0, Workers: 4
[40.819s][debug][gc,phases      ] GC(76)     Dead                           Min: 0, Avg:  0.0, Max: 0, Diff: 0, Sum: 0, Workers: 4
[40.819s][debug][gc,phases      ] GC(76)     Total                          Min: 0, Avg: 10.0, Max: 40, Diff: 40, Sum: 40, Workers: 4
[40.819s][debug][gc,phases      ] GC(76)   StringDedup Table Weak         Min:  0.0, Avg:  0.0, Max:  0.0, Diff:  0.0, Sum:  0.0, Workers: 4
[40.819s][debug][gc,phases      ] GC(76)     Dead                           Min: 0, Avg:  0.0, Max: 0, Diff: 0, Sum: 0, Workers: 4
[40.819s][debug][gc,phases      ] GC(76)     Total                          Min: 0, Avg:  0.0, Max: 0, Diff: 0, Sum: 0, Workers: 4
[40.819s][debug][gc,phases      ] GC(76)   StringDedup Requests0 Weak     Min:  0.0, Avg:  0.0, Max:  0.0, Diff:  0.0, Sum:  0.0, Workers: 4
[40.819s][debug][gc,phases      ] GC(76)     Dead                           Min: 0, Avg:  0.0, Max: 0, Diff: 0, Sum: 0, Workers: 4
[40.819s][debug][gc,phases      ] GC(76)     Total                          Min: 0, Avg:  0.0, Max: 0, Diff: 0, Sum: 0, Workers: 4
[40.819s][debug][gc,phases      ] GC(76)   StringDedup Requests1 Weak     Min:  0.0, Avg:  0.0, Max:  0.0, Diff:  0.0, Sum:  0.0, Workers: 4
[40.819s][debug][gc,phases      ] GC(76)     Dead                           Min: 0, Avg:  0.0, Max: 0, Diff: 0, Sum: 0, Workers: 4
[40.819s][debug][gc,phases      ] GC(76)     Total                          Min: 0, Avg:  0.0, Max: 0, Diff: 0, Sum: 0, Workers: 4
[40.819s][debug][gc,phases      ] GC(76)   Weak JFR Old Object Samples    Min:  0.0, Avg:  0.0, Max:  0.0, Diff:  0.0, Sum:  0.0, Workers: 4
[40.819s][debug][gc,phases      ] GC(76)     Dead                           Min: 0, Avg:  0.0, Max: 0, Diff: 0, Sum: 0, Workers: 4
[40.819s][debug][gc,phases      ] GC(76)     Total                          Min: 0, Avg:  0.0, Max: 0, Diff: 0, Sum: 0, Workers: 4
[40.819s][debug][gc,phases      ] GC(76) Weak Processing 0.357ms
[40.819s][debug][gc,age         ] GC(76) Desired survivor size 152567808 bytes, new threshold 15 (max threshold 15)
[40.819s][info ][gc,heap        ] GC(76) PSYoungGen: 1868412K(1944576K)->77868K(1941504K) Eden: 1788928K(1788928K)->0K(1788928K) From: 79484K(155648K)->77868K(152576K)
[40.819s][info ][gc,heap        ] GC(76) ParOldGen: 505205K(589824K)->505213K(589824K)
[40.819s][info ][gc,metaspace   ] GC(76) Metaspace: 80005K(80832K)->80005K(80832K) NonClass: 68535K(68992K)->68535K(68992K) Class: 11469K(11840K)->11469K(11840K)
[40.819s][info ][gc             ] GC(76) Pause Young (GCLocker Initiated GC) 2317M->569M(2472M) 40.692ms
[40.819s][info ][gc,cpu         ] GC(76) User=0.19s Sys=0.01s Real=0.04s
[40.819s][info ][safepoint      ] Safepoint "ParallelGCSystemGC", Time since last: 1272927 ns, Reaching safepoint: 112903 ns, At safepoint: 40801175 ns, Total: 40914078 ns
[41.155s][info ][safepoint      ] Safepoint "ICBufferFull", Time since last: 335710096 ns, Reaching safepoint: 192705 ns, At safepoint: 22800 ns, Total: 215505 ns
[41.288s][info ][gc,start       ] GC(77) Pause Young (Allocation Failure)
[41.330s][debug][gc,phases      ] GC(77) Scavenge 41.697ms
[41.330s][debug][gc,ref         ] GC(77) Skipped phase 1 of Reference Processing: no references
[41.330s][debug][gc,ref         ] GC(77) ReferenceProcessor::execute queues: 1, RefProcThreadModel::Single, marks_oops_alive: false
[41.330s][debug][gc,ref         ] GC(77) ReferenceProcessor::execute queues: 4, RefProcThreadModel::Multi, marks_oops_alive: true
[41.330s][debug][gc,ref         ] GC(77) ReferenceProcessor::execute queues: 1, RefProcThreadModel::Single, marks_oops_alive: false
[41.330s][debug][gc,phases      ] GC(77) Reference Processing 0.198ms
[41.330s][debug][gc,phases      ] GC(77)   VM Weak                        Min:  0.0, Avg:  0.0, Max:  0.0, Diff:  0.0, Sum:  0.0, Workers: 4
[41.330s][debug][gc,phases      ] GC(77)     Dead                           Min: 0, Avg:  0.0, Max: 0, Diff: 0, Sum: 0, Workers: 4
[41.330s][debug][gc,phases      ] GC(77)     Total                          Min: 0, Avg: 164.0, Max: 640, Diff: 640, Sum: 656, Workers: 4
[41.330s][debug][gc,phases      ] GC(77)   ObjectSynchronizer Weak        Min:  0.0, Avg:  0.0, Max:  0.0, Diff:  0.0, Sum:  0.0, Workers: 4
[41.330s][debug][gc,phases      ] GC(77)     Dead                           Min: 0, Avg:  0.0, Max: 0, Diff: 0, Sum: 0, Workers: 4
[41.330s][debug][gc,phases      ] GC(77)     Total                          Min: 0, Avg: 75.8, Max: 128, Diff: 128, Sum: 303, Workers: 4
[41.330s][debug][gc,phases      ] GC(77)   JVMTI Tag Weak OopStorage      Min:  0.0, Avg:  0.0, Max:  0.0, Diff:  0.0, Sum:  0.0, Workers: 4
[41.330s][debug][gc,phases      ] GC(77)     Dead                           Min: 0, Avg:  0.0, Max: 0, Diff: 0, Sum: 0, Workers: 4
[41.330s][debug][gc,phases      ] GC(77)     Total                          Min: 0, Avg:  0.0, Max: 0, Diff: 0, Sum: 0, Workers: 4
[41.330s][debug][gc,phases      ] GC(77)   StringTable Weak               Min:  0.1, Avg:  0.1, Max:  0.1, Diff:  0.0, Sum:  0.5, Workers: 4
[41.330s][debug][gc,phases      ] GC(77)     Dead                           Min: 0, Avg:  0.0, Max: 0, Diff: 0, Sum: 0, Workers: 4
[41.330s][debug][gc,phases      ] GC(77)     Total                          Min: 11136, Avg: 11732.5, Max: 12372, Diff: 1236, Sum: 46930, Workers: 4
[41.330s][debug][gc,phases      ] GC(77)   ResolvedMethodTable Weak       Min:  0.0, Avg:  0.0, Max:  0.0, Diff:  0.0, Sum:  0.1, Workers: 4
[41.330s][debug][gc,phases      ] GC(77)     Dead                           Min: 0, Avg:  0.0, Max: 0, Diff: 0, Sum: 0, Workers: 4
[41.330s][debug][gc,phases      ] GC(77)     Total                          Min: 1856, Avg: 2050.8, Max: 2432, Diff: 576, Sum: 8203, Workers: 4
[41.330s][debug][gc,phases      ] GC(77)   JNI Weak                       Min:  0.0, Avg:  0.0, Max:  0.0, Diff:  0.0, Sum:  0.0, Workers: 4
[41.330s][debug][gc,phases      ] GC(77)     Dead                           Min: 0, Avg:  0.0, Max: 0, Diff: 0, Sum: 0, Workers: 4
[41.330s][debug][gc,phases      ] GC(77)     Total                          Min: 0, Avg:  8.0, Max: 32, Diff: 32, Sum: 32, Workers: 4
[41.330s][debug][gc,phases      ] GC(77)   StringDedup Table Weak         Min:  0.0, Avg:  0.0, Max:  0.0, Diff:  0.0, Sum:  0.0, Workers: 4
[41.330s][debug][gc,phases      ] GC(77)     Dead                           Min: 0, Avg:  0.0, Max: 0, Diff: 0, Sum: 0, Workers: 4
[41.330s][debug][gc,phases      ] GC(77)     Total                          Min: 0, Avg:  0.0, Max: 0, Diff: 0, Sum: 0, Workers: 4
[41.330s][debug][gc,phases      ] GC(77)   StringDedup Requests0 Weak     Min:  0.0, Avg:  0.0, Max:  0.0, Diff:  0.0, Sum:  0.0, Workers: 4
[41.330s][debug][gc,phases      ] GC(77)     Dead                           Min: 0, Avg:  0.0, Max: 0, Diff: 0, Sum: 0, Workers: 4
[41.330s][debug][gc,phases      ] GC(77)     Total                          Min: 0, Avg:  0.0, Max: 0, Diff: 0, Sum: 0, Workers: 4
[41.330s][debug][gc,phases      ] GC(77)   StringDedup Requests1 Weak     Min:  0.0, Avg:  0.0, Max:  0.0, Diff:  0.0, Sum:  0.0, Workers: 4
[41.330s][debug][gc,phases      ] GC(77)     Dead                           Min: 0, Avg:  0.0, Max: 0, Diff: 0, Sum: 0, Workers: 4
[41.330s][debug][gc,phases      ] GC(77)     Total                          Min: 0, Avg:  0.0, Max: 0, Diff: 0, Sum: 0, Workers: 4
[41.330s][debug][gc,phases      ] GC(77)   Weak JFR Old Object Samples    Min:  0.0, Avg:  0.0, Max:  0.0, Diff:  0.0, Sum:  0.0, Workers: 4
[41.330s][debug][gc,phases      ] GC(77)     Dead                           Min: 0, Avg:  0.0, Max: 0, Diff: 0, Sum: 0, Workers: 4
[41.330s][debug][gc,phases      ] GC(77)     Total                          Min: 0, Avg:  0.0, Max: 0, Diff: 0, Sum: 0, Workers: 4
[41.330s][debug][gc,phases      ] GC(77) Weak Processing 0.328ms
[41.330s][debug][gc,age         ] GC(77) Desired survivor size 150994944 bytes, new threshold 15 (max threshold 15)
[41.330s][info ][gc,heap        ] GC(77) PSYoungGen: 1866796K(1941504K)->83370K(1949696K) Eden: 1788928K(1788928K)->0K(1800704K) From: 77868K(152576K)->83370K(148992K)
[41.330s][info ][gc,heap        ] GC(77) ParOldGen: 505214K(589824K)->505222K(589824K)
[41.330s][info ][gc,metaspace   ] GC(77) Metaspace: 80102K(80960K)->80102K(80960K) NonClass: 68625K(69056K)->68625K(69056K) Class: 11476K(11904K)->11476K(11904K)
[41.330s][info ][gc             ] GC(77) Pause Young (Allocation Failure) 2316M->574M(2480M) 42.363ms
[41.330s][info ][gc,cpu         ] GC(77) User=0.17s Sys=0.00s Real=0.05s
[41.330s][info ][safepoint      ] Safepoint "ParallelGCFailedAllocation", Time since last: 132864348 ns, Reaching safepoint: 224605 ns, At safepoint: 42475211 ns, Total: 42699816 ns
[41.620s][info ][safepoint      ] Safepoint "ICBufferFull", Time since last: 289559408 ns, Reaching safepoint: 167303 ns, At safepoint: 34201 ns, Total: 201504 ns
[41.768s][info ][safepoint      ] Safepoint "ICBufferFull", Time since last: 145061110 ns, Reaching safepoint: 3182568 ns, At safepoint: 32001 ns, Total: 3214569 ns
[41.787s][info ][gc,start       ] GC(78) Pause Young (Allocation Failure)
[41.831s][debug][gc,phases      ] GC(78) Scavenge 43.298ms
[41.831s][debug][gc,ref         ] GC(78) Skipped phase 1 of Reference Processing: no references
[41.831s][debug][gc,ref         ] GC(78) ReferenceProcessor::execute queues: 1, RefProcThreadModel::Single, marks_oops_alive: false
[41.831s][debug][gc,ref         ] GC(78) Skipped phase 3 of Reference Processing: no references
[41.831s][debug][gc,ref         ] GC(78) ReferenceProcessor::execute queues: 1, RefProcThreadModel::Single, marks_oops_alive: false
[41.831s][debug][gc,phases      ] GC(78) Reference Processing 0.143ms
[41.831s][debug][gc,phases      ] GC(78)   VM Weak                        Min:  0.0, Avg:  0.0, Max:  0.0, Diff:  0.0, Sum:  0.0, Workers: 4
[41.831s][debug][gc,phases      ] GC(78)     Dead                           Min: 0, Avg:  0.0, Max: 0, Diff: 0, Sum: 0, Workers: 4
[41.831s][debug][gc,phases      ] GC(78)     Total                          Min: 0, Avg: 164.0, Max: 384, Diff: 384, Sum: 656, Workers: 4
[41.831s][debug][gc,phases      ] GC(78)   ObjectSynchronizer Weak        Min:  0.0, Avg:  0.0, Max:  0.0, Diff:  0.0, Sum:  0.0, Workers: 4
[41.831s][debug][gc,phases      ] GC(78)     Dead                           Min: 0, Avg:  0.0, Max: 0, Diff: 0, Sum: 0, Workers: 4
[41.831s][debug][gc,phases      ] GC(78)     Total                          Min: 0, Avg: 75.8, Max: 128, Diff: 128, Sum: 303, Workers: 4
[41.831s][debug][gc,phases      ] GC(78)   JVMTI Tag Weak OopStorage      Min:  0.0, Avg:  0.0, Max:  0.0, Diff:  0.0, Sum:  0.0, Workers: 4
[41.831s][debug][gc,phases      ] GC(78)     Dead                           Min: 0, Avg:  0.0, Max: 0, Diff: 0, Sum: 0, Workers: 4
[41.831s][debug][gc,phases      ] GC(78)     Total                          Min: 0, Avg:  0.0, Max: 0, Diff: 0, Sum: 0, Workers: 4
[41.831s][debug][gc,phases      ] GC(78)   StringTable Weak               Min:  0.1, Avg:  0.1, Max:  0.1, Diff:  0.0, Sum:  0.4, Workers: 4
[41.831s][debug][gc,phases      ] GC(78)     Dead                           Min: 0, Avg:  0.2, Max: 1, Diff: 1, Sum: 1, Workers: 4
[41.831s][debug][gc,phases      ] GC(78)     Total                          Min: 10432, Avg: 11737.2, Max: 12607, Diff: 2175, Sum: 46949, Workers: 4
[41.831s][debug][gc,phases      ] GC(78)   ResolvedMethodTable Weak       Min:  0.0, Avg:  0.0, Max:  0.0, Diff:  0.0, Sum:  0.1, Workers: 4
[41.831s][debug][gc,phases      ] GC(78)     Dead                           Min: 0, Avg:  4.0, Max: 16, Diff: 16, Sum: 16, Workers: 4
[41.831s][debug][gc,phases      ] GC(78)     Total                          Min: 1463, Avg: 1969.0, Max: 2439, Diff: 976, Sum: 7876, Workers: 4
[41.831s][debug][gc,phases      ] GC(78)   JNI Weak                       Min:  0.0, Avg:  0.0, Max:  0.0, Diff:  0.0, Sum:  0.0, Workers: 4
[41.831s][debug][gc,phases      ] GC(78)     Dead                           Min: 0, Avg:  0.0, Max: 0, Diff: 0, Sum: 0, Workers: 4
[41.831s][debug][gc,phases      ] GC(78)     Total                          Min: 0, Avg:  9.8, Max: 39, Diff: 39, Sum: 39, Workers: 4
[41.831s][debug][gc,phases      ] GC(78)   StringDedup Table Weak         Min:  0.0, Avg:  0.0, Max:  0.0, Diff:  0.0, Sum:  0.0, Workers: 4
[41.831s][debug][gc,phases      ] GC(78)     Dead                           Min: 0, Avg:  0.0, Max: 0, Diff: 0, Sum: 0, Workers: 4
[41.831s][debug][gc,phases      ] GC(78)     Total                          Min: 0, Avg:  0.0, Max: 0, Diff: 0, Sum: 0, Workers: 4
[41.831s][debug][gc,phases      ] GC(78)   StringDedup Requests0 Weak     Min:  0.0, Avg:  0.0, Max:  0.0, Diff:  0.0, Sum:  0.0, Workers: 4
[41.831s][debug][gc,phases      ] GC(78)     Dead                           Min: 0, Avg:  0.0, Max: 0, Diff: 0, Sum: 0, Workers: 4
[41.831s][debug][gc,phases      ] GC(78)     Total                          Min: 0, Avg:  0.0, Max: 0, Diff: 0, Sum: 0, Workers: 4
[41.831s][debug][gc,phases      ] GC(78)   StringDedup Requests1 Weak     Min:  0.0, Avg:  0.0, Max:  0.0, Diff:  0.0, Sum:  0.0, Workers: 4
[41.831s][debug][gc,phases      ] GC(78)     Dead                           Min: 0, Avg:  0.0, Max: 0, Diff: 0, Sum: 0, Workers: 4
[41.831s][debug][gc,phases      ] GC(78)     Total                          Min: 0, Avg:  0.0, Max: 0, Diff: 0, Sum: 0, Workers: 4
[41.831s][debug][gc,phases      ] GC(78)   Weak JFR Old Object Samples    Min:  0.0, Avg:  0.0, Max:  0.0, Diff:  0.0, Sum:  0.0, Workers: 4
[41.831s][debug][gc,phases      ] GC(78)     Dead                           Min: 0, Avg:  0.0, Max: 0, Diff: 0, Sum: 0, Workers: 4
[41.831s][debug][gc,phases      ] GC(78)     Total                          Min: 0, Avg:  0.0, Max: 0, Diff: 0, Sum: 0, Workers: 4
[41.831s][debug][gc,phases      ] GC(78) Weak Processing 0.331ms
[41.831s][debug][gc,age         ] GC(78) Desired survivor size 150994944 bytes, new threshold 15 (max threshold 15)
[41.831s][info ][gc,heap        ] GC(78) PSYoungGen: 1884074K(1949696K)->88983K(1948160K) Eden: 1800704K(1800704K)->0K(1800704K) From: 83370K(148992K)->88983K(147456K)
[41.831s][info ][gc,heap        ] GC(78) ParOldGen: 505222K(589824K)->505230K(589824K)
[41.831s][info ][gc,metaspace   ] GC(78) Metaspace: 80180K(81088K)->80180K(81088K) NonClass: 68699K(69184K)->68699K(69184K) Class: 11481K(11904K)->11481K(11904K)
[41.831s][info ][gc             ] GC(78) Pause Young (Allocation Failure) 2333M->580M(2478M) 43.914ms
[41.831s][info ][gc,cpu         ] GC(78) User=0.19s Sys=0.00s Real=0.05s
[41.831s][info ][safepoint      ] Safepoint "ParallelGCFailedAllocation", Time since last: 18972206 ns, Reaching safepoint: 129803 ns, At safepoint: 44038644 ns, Total: 44168447 ns
[42.121s][info ][safepoint      ] Safepoint "ICBufferFull", Time since last: 289666910 ns, Reaching safepoint: 144704 ns, At safepoint: 25700 ns, Total: 170404 ns
[42.290s][info ][gc,start       ] GC(79) Pause Young (Allocation Failure)
[42.332s][debug][gc,phases      ] GC(79) Scavenge 41.898ms
[42.332s][debug][gc,ref         ] GC(79) Skipped phase 1 of Reference Processing: no references
[42.332s][debug][gc,ref         ] GC(79) ReferenceProcessor::execute queues: 1, RefProcThreadModel::Single, marks_oops_alive: false
[42.332s][debug][gc,ref         ] GC(79) Skipped phase 3 of Reference Processing: no references
[42.332s][debug][gc,ref         ] GC(79) ReferenceProcessor::execute queues: 1, RefProcThreadModel::Single, marks_oops_alive: false
[42.332s][debug][gc,phases      ] GC(79) Reference Processing 0.130ms
[42.332s][debug][gc,phases      ] GC(79)   VM Weak                        Min:  0.0, Avg:  0.0, Max:  0.0, Diff:  0.0, Sum:  0.0, Workers: 4
[42.332s][debug][gc,phases      ] GC(79)     Dead                           Min: 0, Avg:  0.0, Max: 0, Diff: 0, Sum: 0, Workers: 4
[42.332s][debug][gc,phases      ] GC(79)     Total                          Min: 0, Avg: 164.0, Max: 576, Diff: 576, Sum: 656, Workers: 4
[42.332s][debug][gc,phases      ] GC(79)   ObjectSynchronizer Weak        Min:  0.0, Avg:  0.0, Max:  0.0, Diff:  0.0, Sum:  0.0, Workers: 4
[42.332s][debug][gc,phases      ] GC(79)     Dead                           Min: 0, Avg:  0.0, Max: 0, Diff: 0, Sum: 0, Workers: 4
[42.332s][debug][gc,phases      ] GC(79)     Total                          Min: 0, Avg: 75.8, Max: 175, Diff: 175, Sum: 303, Workers: 4
[42.332s][debug][gc,phases      ] GC(79)   JVMTI Tag Weak OopStorage      Min:  0.0, Avg:  0.0, Max:  0.0, Diff:  0.0, Sum:  0.0, Workers: 4
[42.332s][debug][gc,phases      ] GC(79)     Dead                           Min: 0, Avg:  0.0, Max: 0, Diff: 0, Sum: 0, Workers: 4
[42.332s][debug][gc,phases      ] GC(79)     Total                          Min: 0, Avg:  0.0, Max: 0, Diff: 0, Sum: 0, Workers: 4
[42.332s][debug][gc,phases      ] GC(79)   StringTable Weak               Min:  0.1, Avg:  0.1, Max:  0.1, Diff:  0.0, Sum:  0.4, Workers: 4
[42.332s][debug][gc,phases      ] GC(79)     Dead                           Min: 0, Avg:  0.0, Max: 0, Diff: 0, Sum: 0, Workers: 4
[42.332s][debug][gc,phases      ] GC(79)     Total                          Min: 10304, Avg: 11737.2, Max: 12991, Diff: 2687, Sum: 46949, Workers: 4
[42.332s][debug][gc,phases      ] GC(79)   ResolvedMethodTable Weak       Min:  0.0, Avg:  0.0, Max:  0.0, Diff:  0.0, Sum:  0.1, Workers: 4
[42.332s][debug][gc,phases      ] GC(79)     Dead                           Min: 0, Avg:  0.0, Max: 0, Diff: 0, Sum: 0, Workers: 4
[42.332s][debug][gc,phases      ] GC(79)     Total                          Min: 1694, Avg: 1969.0, Max: 2227, Diff: 533, Sum: 7876, Workers: 4
[42.332s][debug][gc,phases      ] GC(79)   JNI Weak                       Min:  0.0, Avg:  0.0, Max:  0.0, Diff:  0.0, Sum:  0.0, Workers: 4
[42.332s][debug][gc,phases      ] GC(79)     Dead                           Min: 0, Avg:  0.0, Max: 0, Diff: 0, Sum: 0, Workers: 4
[42.332s][debug][gc,phases      ] GC(79)     Total                          Min: 0, Avg: 10.8, Max: 43, Diff: 43, Sum: 43, Workers: 4
[42.332s][debug][gc,phases      ] GC(79)   StringDedup Table Weak         Min:  0.0, Avg:  0.0, Max:  0.0, Diff:  0.0, Sum:  0.0, Workers: 4
[42.332s][debug][gc,phases      ] GC(79)     Dead                           Min: 0, Avg:  0.0, Max: 0, Diff: 0, Sum: 0, Workers: 4
[42.332s][debug][gc,phases      ] GC(79)     Total                          Min: 0, Avg:  0.0, Max: 0, Diff: 0, Sum: 0, Workers: 4
[42.332s][debug][gc,phases      ] GC(79)   StringDedup Requests0 Weak     Min:  0.0, Avg:  0.0, Max:  0.0, Diff:  0.0, Sum:  0.0, Workers: 4
[42.332s][debug][gc,phases      ] GC(79)     Dead                           Min: 0, Avg:  0.0, Max: 0, Diff: 0, Sum: 0, Workers: 4
[42.332s][debug][gc,phases      ] GC(79)     Total                          Min: 0, Avg:  0.0, Max: 0, Diff: 0, Sum: 0, Workers: 4
[42.332s][debug][gc,phases      ] GC(79)   StringDedup Requests1 Weak     Min:  0.0, Avg:  0.0, Max:  0.0, Diff:  0.0, Sum:  0.0, Workers: 4
[42.332s][debug][gc,phases      ] GC(79)     Dead                           Min: 0, Avg:  0.0, Max: 0, Diff: 0, Sum: 0, Workers: 4
[42.333s][debug][gc,phases      ] GC(79)     Total                          Min: 0, Avg:  0.0, Max: 0, Diff: 0, Sum: 0, Workers: 4
[42.333s][debug][gc,phases      ] GC(79)   Weak JFR Old Object Samples    Min:  0.0, Avg:  0.0, Max:  0.0, Diff:  0.0, Sum:  0.0, Workers: 4
[42.333s][debug][gc,phases      ] GC(79)     Dead                           Min: 0, Avg:  0.0, Max: 0, Diff: 0, Sum: 0, Workers: 4
[42.333s][debug][gc,phases      ] GC(79)     Total                          Min: 0, Avg:  0.0, Max: 0, Diff: 0, Sum: 0, Workers: 4
[42.333s][debug][gc,phases      ] GC(79) Weak Processing 0.335ms
[42.333s][debug][gc,age         ] GC(79) Desired survivor size 152043520 bytes, new threshold 15 (max threshold 15)
[42.333s][info ][gc,heap        ] GC(79) PSYoungGen: 1889687K(1948160K)->91900K(1947648K) Eden: 1800704K(1800704K)->0K(1800192K) From: 88983K(147456K)->91900K(147456K)
[42.333s][info ][gc,heap        ] GC(79) ParOldGen: 505230K(589824K)->505230K(589824K)
[42.333s][info ][gc,metaspace   ] GC(79) Metaspace: 80224K(81088K)->80224K(81088K) NonClass: 68742K(69184K)->68742K(69184K) Class: 11481K(11904K)->11481K(11904K)
[42.333s][info ][gc             ] GC(79) Pause Young (Allocation Failure) 2338M->583M(2478M) 42.505ms
[42.333s][info ][gc,cpu         ] GC(79) User=0.17s Sys=0.00s Real=0.04s
[42.333s][info ][safepoint      ] Safepoint "ParallelGCFailedAllocation", Time since last: 168593614 ns, Reaching safepoint: 133303 ns, At safepoint: 42611314 ns, Total: 42744617 ns
[42.429s][info ][safepoint      ] Safepoint "ICBufferFull", Time since last: 96561970 ns, Reaching safepoint: 143103 ns, At safepoint: 21901 ns, Total: 165004 ns
[42.486s][info ][safepoint      ] Safepoint "ICBufferFull", Time since last: 56264006 ns, Reaching safepoint: 133503 ns, At safepoint: 25500 ns, Total: 159003 ns
[42.584s][info ][safepoint      ] Safepoint "ICBufferFull", Time since last: 97807797 ns, Reaching safepoint: 152503 ns, At safepoint: 25701 ns, Total: 178204 ns
[42.620s][info ][safepoint      ] Safepoint "ICBufferFull", Time since last: 36482082 ns, Reaching safepoint: 141703 ns, At safepoint: 23201 ns, Total: 164904 ns
[42.669s][info ][safepoint      ] Safepoint "ICBufferFull", Time since last: 47107010 ns, Reaching safepoint: 1033622 ns, At safepoint: 26900 ns, Total: 1060522 ns
[42.713s][info ][safepoint      ] Safepoint "ICBufferFull", Time since last: 38223220 ns, Reaching safepoint: 5982328 ns, At safepoint: 47001 ns, Total: 6029329 ns
[42.762s][info ][gc,start       ] GC(80) Pause Young (Allocation Failure)
[42.809s][debug][gc,phases      ] GC(80) Scavenge 47.017ms
[42.809s][debug][gc,ref         ] GC(80) Skipped phase 1 of Reference Processing: no references
[42.809s][debug][gc,ref         ] GC(80) ReferenceProcessor::execute queues: 1, RefProcThreadModel::Single, marks_oops_alive: false
[42.809s][debug][gc,ref         ] GC(80) Skipped phase 3 of Reference Processing: no references
[42.809s][debug][gc,ref         ] GC(80) ReferenceProcessor::execute queues: 1, RefProcThreadModel::Single, marks_oops_alive: false
[42.809s][debug][gc,phases      ] GC(80) Reference Processing 0.129ms
[42.809s][debug][gc,phases      ] GC(80)   VM Weak                        Min:  0.0, Avg:  0.0, Max:  0.0, Diff:  0.0, Sum:  0.0, Workers: 4
[42.809s][debug][gc,phases      ] GC(80)     Dead                           Min: 0, Avg:  0.0, Max: 0, Diff: 0, Sum: 0, Workers: 4
[42.809s][debug][gc,phases      ] GC(80)     Total                          Min: 0, Avg: 164.0, Max: 336, Diff: 336, Sum: 656, Workers: 4
[42.809s][debug][gc,phases      ] GC(80)   ObjectSynchronizer Weak        Min:  0.0, Avg:  0.0, Max:  0.0, Diff:  0.0, Sum:  0.0, Workers: 4
[42.809s][debug][gc,phases      ] GC(80)     Dead                           Min: 0, Avg:  0.0, Max: 0, Diff: 0, Sum: 0, Workers: 4
[42.809s][debug][gc,phases      ] GC(80)     Total                          Min: 0, Avg: 75.8, Max: 192, Diff: 192, Sum: 303, Workers: 4
[42.809s][debug][gc,phases      ] GC(80)   JVMTI Tag Weak OopStorage      Min:  0.0, Avg:  0.0, Max:  0.0, Diff:  0.0, Sum:  0.0, Workers: 4
[42.809s][debug][gc,phases      ] GC(80)     Dead                           Min: 0, Avg:  0.0, Max: 0, Diff: 0, Sum: 0, Workers: 4
[42.809s][debug][gc,phases      ] GC(80)     Total                          Min: 0, Avg:  0.0, Max: 0, Diff: 0, Sum: 0, Workers: 4
[42.809s][debug][gc,phases      ] GC(80)   StringTable Weak               Min:  0.1, Avg:  0.1, Max:  0.1, Diff:  0.0, Sum:  0.5, Workers: 4
[42.809s][debug][gc,phases      ] GC(80)     Dead                           Min: 0, Avg:  0.0, Max: 0, Diff: 0, Sum: 0, Workers: 4
[42.809s][debug][gc,phases      ] GC(80)     Total                          Min: 10431, Avg: 11737.5, Max: 13095, Diff: 2664, Sum: 46950, Workers: 4
[42.809s][debug][gc,phases      ] GC(80)   ResolvedMethodTable Weak       Min:  0.0, Avg:  0.0, Max:  0.0, Diff:  0.0, Sum:  0.1, Workers: 4
[42.809s][debug][gc,phases      ] GC(80)     Dead                           Min: 0, Avg:  0.0, Max: 0, Diff: 0, Sum: 0, Workers: 4
[42.809s][debug][gc,phases      ] GC(80)     Total                          Min: 1897, Avg: 1969.0, Max: 2058, Diff: 161, Sum: 7876, Workers: 4
[42.809s][debug][gc,phases      ] GC(80)   JNI Weak                       Min:  0.0, Avg:  0.0, Max:  0.0, Diff:  0.0, Sum:  0.0, Workers: 4
[42.809s][debug][gc,phases      ] GC(80)     Dead                           Min: 0, Avg:  0.0, Max: 0, Diff: 0, Sum: 0, Workers: 4
[42.809s][debug][gc,phases      ] GC(80)     Total                          Min: 0, Avg:  8.0, Max: 32, Diff: 32, Sum: 32, Workers: 4
[42.809s][debug][gc,phases      ] GC(80)   StringDedup Table Weak         Min:  0.0, Avg:  0.0, Max:  0.0, Diff:  0.0, Sum:  0.0, Workers: 4
[42.809s][debug][gc,phases      ] GC(80)     Dead                           Min: 0, Avg:  0.0, Max: 0, Diff: 0, Sum: 0, Workers: 4
[42.809s][debug][gc,phases      ] GC(80)     Total                          Min: 0, Avg:  0.0, Max: 0, Diff: 0, Sum: 0, Workers: 4
[42.809s][debug][gc,phases      ] GC(80)   StringDedup Requests0 Weak     Min:  0.0, Avg:  0.0, Max:  0.0, Diff:  0.0, Sum:  0.0, Workers: 4
[42.809s][debug][gc,phases      ] GC(80)     Dead                           Min: 0, Avg:  0.0, Max: 0, Diff: 0, Sum: 0, Workers: 4
[42.809s][debug][gc,phases      ] GC(80)     Total                          Min: 0, Avg:  0.0, Max: 0, Diff: 0, Sum: 0, Workers: 4
[42.809s][debug][gc,phases      ] GC(80)   StringDedup Requests1 Weak     Min:  0.0, Avg:  0.0, Max:  0.0, Diff:  0.0, Sum:  0.0, Workers: 4
[42.809s][debug][gc,phases      ] GC(80)     Dead                           Min: 0, Avg:  0.0, Max: 0, Diff: 0, Sum: 0, Workers: 4
[42.809s][debug][gc,phases      ] GC(80)     Total                          Min: 0, Avg:  0.0, Max: 0, Diff: 0, Sum: 0, Workers: 4
[42.809s][debug][gc,phases      ] GC(80)   Weak JFR Old Object Samples    Min:  0.0, Avg:  0.0, Max:  0.0, Diff:  0.0, Sum:  0.0, Workers: 4
[42.809s][debug][gc,phases      ] GC(80)     Dead                           Min: 0, Avg:  0.0, Max: 0, Diff: 0, Sum: 0, Workers: 4
[42.809s][debug][gc,phases      ] GC(80)     Total                          Min: 0, Avg:  0.0, Max: 0, Diff: 0, Sum: 0, Workers: 4
[42.809s][debug][gc,phases      ] GC(80) Weak Processing 0.330ms
[42.809s][debug][gc,age         ] GC(80) Desired survivor size 149946368 bytes, new threshold 15 (max threshold 15)
[42.809s][info ][gc,heap        ] GC(80) PSYoungGen: 1892092K(1947648K)->87580K(1948672K) Eden: 1800192K(1800192K)->0K(1800192K) From: 91900K(147456K)->87580K(148480K)
[42.809s][info ][gc,heap        ] GC(80) ParOldGen: 505230K(589824K)->505968K(589824K)
[42.809s][info ][gc,metaspace   ] GC(80) Metaspace: 80251K(81152K)->80251K(81152K) NonClass: 68770K(69248K)->68770K(69248K) Class: 11481K(11904K)->11481K(11904K)
[42.809s][info ][gc             ] GC(80) Pause Young (Allocation Failure) 2341M->579M(2479M) 47.600ms
[42.809s][info ][gc,cpu         ] GC(80) User=0.19s Sys=0.00s Real=0.05s
[42.809s][info ][safepoint      ] Safepoint "ParallelGCFailedAllocation", Time since last: 48707544 ns, Reaching safepoint: 142503 ns, At safepoint: 47702423 ns, Total: 47844926 ns
[42.878s][info ][safepoint      ] Safepoint "ICBufferFull", Time since last: 68055559 ns, Reaching safepoint: 204205 ns, At safepoint: 25300 ns, Total: 229505 ns
[42.962s][info ][safepoint      ] Safepoint "ICBufferFull", Time since last: 84149804 ns, Reaching safepoint: 141103 ns, At safepoint: 24701 ns, Total: 165804 ns
[42.998s][info ][safepoint      ] Safepoint "ICBufferFull", Time since last: 35759966 ns, Reaching safepoint: 130503 ns, At safepoint: 22901 ns, Total: 153404 ns
[43.080s][info ][safepoint      ] Safepoint "ICBufferFull", Time since last: 81780653 ns, Reaching safepoint: 144503 ns, At safepoint: 27201 ns, Total: 171704 ns
[43.195s][info ][safepoint      ] Safepoint "ICBufferFull", Time since last: 115419874 ns, Reaching safepoint: 135503 ns, At safepoint: 23501 ns, Total: 159004 ns
[43.264s][info ][gc,start       ] GC(81) Pause Young (Allocation Failure)
[43.307s][debug][gc,phases      ] GC(81) Scavenge 42.952ms
[43.307s][debug][gc,ref         ] GC(81) Skipped phase 1 of Reference Processing: no references
[43.307s][debug][gc,ref         ] GC(81) ReferenceProcessor::execute queues: 1, RefProcThreadModel::Single, marks_oops_alive: false
[43.307s][debug][gc,ref         ] GC(81) Skipped phase 3 of Reference Processing: no references
[43.307s][debug][gc,ref         ] GC(81) ReferenceProcessor::execute queues: 1, RefProcThreadModel::Single, marks_oops_alive: false
[43.307s][debug][gc,phases      ] GC(81) Reference Processing 0.153ms
[43.307s][debug][gc,phases      ] GC(81)   VM Weak                        Min:  0.0, Avg:  0.0, Max:  0.0, Diff:  0.0, Sum:  0.0, Workers: 4
[43.307s][debug][gc,phases      ] GC(81)     Dead                           Min: 0, Avg:  0.0, Max: 0, Diff: 0, Sum: 0, Workers: 4
[43.307s][debug][gc,phases      ] GC(81)     Total                          Min: 0, Avg: 164.0, Max: 656, Diff: 656, Sum: 656, Workers: 4
[43.307s][debug][gc,phases      ] GC(81)   ObjectSynchronizer Weak        Min:  0.0, Avg:  0.0, Max:  0.0, Diff:  0.0, Sum:  0.0, Workers: 4
[43.307s][debug][gc,phases      ] GC(81)     Dead                           Min: 0, Avg:  0.0, Max: 0, Diff: 0, Sum: 0, Workers: 4
[43.307s][debug][gc,phases      ] GC(81)     Total                          Min: 0, Avg: 75.8, Max: 192, Diff: 192, Sum: 303, Workers: 4
[43.307s][debug][gc,phases      ] GC(81)   JVMTI Tag Weak OopStorage      Min:  0.0, Avg:  0.0, Max:  0.0, Diff:  0.0, Sum:  0.0, Workers: 4
[43.307s][debug][gc,phases      ] GC(81)     Dead                           Min: 0, Avg:  0.0, Max: 0, Diff: 0, Sum: 0, Workers: 4
[43.307s][debug][gc,phases      ] GC(81)     Total                          Min: 0, Avg:  0.0, Max: 0, Diff: 0, Sum: 0, Workers: 4
[43.307s][debug][gc,phases      ] GC(81)   StringTable Weak               Min:  0.1, Avg:  0.1, Max:  0.1, Diff:  0.0, Sum:  0.5, Workers: 4
[43.307s][debug][gc,phases      ] GC(81)     Dead                           Min: 0, Avg:  0.0, Max: 0, Diff: 0, Sum: 0, Workers: 4
[43.307s][debug][gc,phases      ] GC(81)     Total                          Min: 10880, Avg: 11737.8, Max: 13159, Diff: 2279, Sum: 46951, Workers: 4
[43.307s][debug][gc,phases      ] GC(81)   ResolvedMethodTable Weak       Min:  0.0, Avg:  0.0, Max:  0.0, Diff:  0.0, Sum:  0.1, Workers: 4
[43.307s][debug][gc,phases      ] GC(81)     Dead                           Min: 0, Avg:  0.0, Max: 0, Diff: 0, Sum: 0, Workers: 4
[43.307s][debug][gc,phases      ] GC(81)     Total                          Min: 1662, Avg: 1969.0, Max: 2364, Diff: 702, Sum: 7876, Workers: 4
[43.307s][debug][gc,phases      ] GC(81)   JNI Weak                       Min:  0.0, Avg:  0.0, Max:  0.0, Diff:  0.0, Sum:  0.0, Workers: 4
[43.307s][debug][gc,phases      ] GC(81)     Dead                           Min: 0, Avg:  0.0, Max: 0, Diff: 0, Sum: 0, Workers: 4
[43.307s][debug][gc,phases      ] GC(81)     Total                          Min: 0, Avg:  6.8, Max: 27, Diff: 27, Sum: 27, Workers: 4
[43.307s][debug][gc,phases      ] GC(81)   StringDedup Table Weak         Min:  0.0, Avg:  0.0, Max:  0.0, Diff:  0.0, Sum:  0.0, Workers: 4
[43.307s][debug][gc,phases      ] GC(81)     Dead                           Min: 0, Avg:  0.0, Max: 0, Diff: 0, Sum: 0, Workers: 4
[43.307s][debug][gc,phases      ] GC(81)     Total                          Min: 0, Avg:  0.0, Max: 0, Diff: 0, Sum: 0, Workers: 4
[43.307s][debug][gc,phases      ] GC(81)   StringDedup Requests0 Weak     Min:  0.0, Avg:  0.0, Max:  0.0, Diff:  0.0, Sum:  0.0, Workers: 4
[43.307s][debug][gc,phases      ] GC(81)     Dead                           Min: 0, Avg:  0.0, Max: 0, Diff: 0, Sum: 0, Workers: 4
[43.307s][debug][gc,phases      ] GC(81)     Total                          Min: 0, Avg:  0.0, Max: 0, Diff: 0, Sum: 0, Workers: 4
[43.307s][debug][gc,phases      ] GC(81)   StringDedup Requests1 Weak     Min:  0.0, Avg:  0.0, Max:  0.0, Diff:  0.0, Sum:  0.0, Workers: 4
[43.307s][debug][gc,phases      ] GC(81)     Dead                           Min: 0, Avg:  0.0, Max: 0, Diff: 0, Sum: 0, Workers: 4
[43.307s][debug][gc,phases      ] GC(81)     Total                          Min: 0, Avg:  0.0, Max: 0, Diff: 0, Sum: 0, Workers: 4
[43.307s][debug][gc,phases      ] GC(81)   Weak JFR Old Object Samples    Min:  0.0, Avg:  0.0, Max:  0.0, Diff:  0.0, Sum:  0.0, Workers: 4
[43.307s][debug][gc,phases      ] GC(81)     Dead                           Min: 0, Avg:  0.0, Max: 0, Diff: 0, Sum: 0, Workers: 4
[43.307s][debug][gc,phases      ] GC(81)     Total                          Min: 0, Avg:  0.0, Max: 0, Diff: 0, Sum: 0, Workers: 4
[43.307s][debug][gc,phases      ] GC(81) Weak Processing 0.330ms
[43.307s][debug][gc,age         ] GC(81) Desired survivor size 147324928 bytes, new threshold 15 (max threshold 15)
[43.307s][info ][gc,heap        ] GC(81) PSYoungGen: 1887772K(1948672K)->85372K(1953280K) Eden: 1800192K(1800192K)->0K(1806848K) From: 87580K(148480K)->85372K(146432K)
[43.307s][info ][gc,heap        ] GC(81) ParOldGen: 505968K(589824K)->508368K(589824K)
[43.307s][info ][gc,metaspace   ] GC(81) Metaspace: 80278K(81152K)->80278K(81152K) NonClass: 68796K(69248K)->68796K(69248K) Class: 11481K(11904K)->11481K(11904K)
[43.307s][info ][gc             ] GC(81) Pause Young (Allocation Failure) 2337M->579M(2483M) 43.566ms
[43.307s][info ][gc,cpu         ] GC(81) User=0.18s Sys=0.00s Real=0.04s
[43.307s][info ][safepoint      ] Safepoint "ParallelGCFailedAllocation", Time since last: 67921656 ns, Reaching safepoint: 147103 ns, At safepoint: 43674536 ns, Total: 43821639 ns
[43.349s][info ][safepoint      ] Safepoint "ICBufferFull", Time since last: 39755553 ns, Reaching safepoint: 2155746 ns, At safepoint: 27300 ns, Total: 2183046 ns
[43.384s][info ][safepoint      ] Safepoint "ICBufferFull", Time since last: 34066131 ns, Reaching safepoint: 959120 ns, At safepoint: 33101 ns, Total: 992221 ns
[43.409s][info ][safepoint      ] Safepoint "ICBufferFull", Time since last: 24459924 ns, Reaching safepoint: 126203 ns, At safepoint: 21701 ns, Total: 147904 ns
[43.520s][info ][safepoint      ] Safepoint "ICBufferFull", Time since last: 110912678 ns, Reaching safepoint: 132102 ns, At safepoint: 25901 ns, Total: 158003 ns
[43.559s][info ][safepoint      ] Safepoint "ICBufferFull", Time since last: 39246241 ns, Reaching safepoint: 200905 ns, At safepoint: 25100 ns, Total: 226005 ns
[43.639s][info ][safepoint      ] Safepoint "ICBufferFull", Time since last: 79199098 ns, Reaching safepoint: 133803 ns, At safepoint: 37101 ns, Total: 170904 ns
[43.736s][info ][gc,start       ] GC(82) Pause Young (Allocation Failure)
[43.778s][debug][gc,phases      ] GC(82) Scavenge 41.551ms
[43.778s][debug][gc,ref         ] GC(82) Skipped phase 1 of Reference Processing: no references
[43.778s][debug][gc,ref         ] GC(82) ReferenceProcessor::execute queues: 1, RefProcThreadModel::Single, marks_oops_alive: false
[43.778s][debug][gc,ref         ] GC(82) Skipped phase 3 of Reference Processing: no references
[43.778s][debug][gc,ref         ] GC(82) ReferenceProcessor::execute queues: 1, RefProcThreadModel::Single, marks_oops_alive: false
[43.778s][debug][gc,phases      ] GC(82) Reference Processing 0.137ms
[43.778s][debug][gc,phases      ] GC(82)   VM Weak                        Min:  0.0, Avg:  0.0, Max:  0.0, Diff:  0.0, Sum:  0.0, Workers: 4
[43.778s][debug][gc,phases      ] GC(82)     Dead                           Min: 0, Avg:  0.0, Max: 0, Diff: 0, Sum: 0, Workers: 4
[43.778s][debug][gc,phases      ] GC(82)     Total                          Min: 0, Avg: 164.0, Max: 320, Diff: 320, Sum: 656, Workers: 4
[43.778s][debug][gc,phases      ] GC(82)   ObjectSynchronizer Weak        Min:  0.0, Avg:  0.0, Max:  0.0, Diff:  0.0, Sum:  0.0, Workers: 4
[43.778s][debug][gc,phases      ] GC(82)     Dead                           Min: 0, Avg:  0.0, Max: 0, Diff: 0, Sum: 0, Workers: 4
[43.778s][debug][gc,phases      ] GC(82)     Total                          Min: 0, Avg: 75.8, Max: 175, Diff: 175, Sum: 303, Workers: 4
[43.778s][debug][gc,phases      ] GC(82)   JVMTI Tag Weak OopStorage      Min:  0.0, Avg:  0.0, Max:  0.0, Diff:  0.0, Sum:  0.0, Workers: 4
[43.778s][debug][gc,phases      ] GC(82)     Dead                           Min: 0, Avg:  0.0, Max: 0, Diff: 0, Sum: 0, Workers: 4
[43.778s][debug][gc,phases      ] GC(82)     Total                          Min: 0, Avg:  0.0, Max: 0, Diff: 0, Sum: 0, Workers: 4
[43.778s][debug][gc,phases      ] GC(82)   StringTable Weak               Min:  0.1, Avg:  0.1, Max:  0.1, Diff:  0.0, Sum:  0.5, Workers: 4
[43.778s][debug][gc,phases      ] GC(82)     Dead                           Min: 0, Avg:  0.0, Max: 0, Diff: 0, Sum: 0, Workers: 4
[43.778s][debug][gc,phases      ] GC(82)     Total                          Min: 11072, Avg: 11738.2, Max: 12416, Diff: 1344, Sum: 46953, Workers: 4
[43.778s][debug][gc,phases      ] GC(82)   ResolvedMethodTable Weak       Min:  0.0, Avg:  0.0, Max:  0.0, Diff:  0.0, Sum:  0.1, Workers: 4
[43.778s][debug][gc,phases      ] GC(82)     Dead                           Min: 0, Avg:  0.0, Max: 0, Diff: 0, Sum: 0, Workers: 4
[43.778s][debug][gc,phases      ] GC(82)     Total                          Min: 1385, Avg: 1969.0, Max: 2381, Diff: 996, Sum: 7876, Workers: 4
[43.778s][debug][gc,phases      ] GC(82)   JNI Weak                       Min:  0.0, Avg:  0.0, Max:  0.0, Diff:  0.0, Sum:  0.0, Workers: 4
[43.778s][debug][gc,phases      ] GC(82)     Dead                           Min: 0, Avg:  0.0, Max: 0, Diff: 0, Sum: 0, Workers: 4
[43.778s][debug][gc,phases      ] GC(82)     Total                          Min: 0, Avg:  3.0, Max: 12, Diff: 12, Sum: 12, Workers: 4
[43.778s][debug][gc,phases      ] GC(82)   StringDedup Table Weak         Min:  0.0, Avg:  0.0, Max:  0.0, Diff:  0.0, Sum:  0.0, Workers: 4
[43.778s][debug][gc,phases      ] GC(82)     Dead                           Min: 0, Avg:  0.0, Max: 0, Diff: 0, Sum: 0, Workers: 4
[43.778s][debug][gc,phases      ] GC(82)     Total                          Min: 0, Avg:  0.0, Max: 0, Diff: 0, Sum: 0, Workers: 4
[43.778s][debug][gc,phases      ] GC(82)   StringDedup Requests0 Weak     Min:  0.0, Avg:  0.0, Max:  0.0, Diff:  0.0, Sum:  0.0, Workers: 4
[43.778s][debug][gc,phases      ] GC(82)     Dead                           Min: 0, Avg:  0.0, Max: 0, Diff: 0, Sum: 0, Workers: 4
[43.778s][debug][gc,phases      ] GC(82)     Total                          Min: 0, Avg:  0.0, Max: 0, Diff: 0, Sum: 0, Workers: 4
[43.778s][debug][gc,phases      ] GC(82)   StringDedup Requests1 Weak     Min:  0.0, Avg:  0.0, Max:  0.0, Diff:  0.0, Sum:  0.0, Workers: 4
[43.778s][debug][gc,phases      ] GC(82)     Dead                           Min: 0, Avg:  0.0, Max: 0, Diff: 0, Sum: 0, Workers: 4
[43.778s][debug][gc,phases      ] GC(82)     Total                          Min: 0, Avg:  0.0, Max: 0, Diff: 0, Sum: 0, Workers: 4
[43.778s][debug][gc,phases      ] GC(82)   Weak JFR Old Object Samples    Min:  0.0, Avg:  0.0, Max:  0.0, Diff:  0.0, Sum:  0.0, Workers: 4
[43.778s][debug][gc,phases      ] GC(82)     Dead                           Min: 0, Avg:  0.0, Max: 0, Diff: 0, Sum: 0, Workers: 4
[43.778s][debug][gc,phases      ] GC(82)     Total                          Min: 0, Avg:  0.0, Max: 0, Diff: 0, Sum: 0, Workers: 4
[43.778s][debug][gc,phases      ] GC(82) Weak Processing 0.334ms
[43.778s][debug][gc,age         ] GC(82) Desired survivor size 143654912 bytes, new threshold 15 (max threshold 15)
[43.778s][info ][gc,heap        ] GC(82) PSYoungGen: 1892220K(1953280K)->83155K(1950720K) Eden: 1806848K(1806848K)->0K(1806848K) From: 85372K(146432K)->83155K(143872K)
[43.778s][info ][gc,heap        ] GC(82) ParOldGen: 508368K(589824K)->510962K(589824K)
[43.778s][info ][gc,metaspace   ] GC(82) Metaspace: 80292K(81152K)->80292K(81152K) NonClass: 68811K(69248K)->68811K(69248K) Class: 11481K(11904K)->11481K(11904K)
[43.778s][info ][gc             ] GC(82) Pause Young (Allocation Failure) 2344M->580M(2481M) 42.159ms
[43.778s][info ][gc,cpu         ] GC(82) User=0.16s Sys=0.01s Real=0.05s
[43.778s][info ][safepoint      ] Safepoint "ParallelGCFailedAllocation", Time since last: 97017280 ns, Reaching safepoint: 187504 ns, At safepoint: 42267106 ns, Total: 42454610 ns
[44.234s][info ][gc,start       ] GC(83) Pause Young (Allocation Failure)
[44.276s][debug][gc,phases      ] GC(83) Scavenge 42.257ms
[44.276s][debug][gc,ref         ] GC(83) Skipped phase 1 of Reference Processing: no references
[44.276s][debug][gc,ref         ] GC(83) ReferenceProcessor::execute queues: 1, RefProcThreadModel::Single, marks_oops_alive: false
[44.276s][debug][gc,ref         ] GC(83) Skipped phase 3 of Reference Processing: no references
[44.276s][debug][gc,ref         ] GC(83) ReferenceProcessor::execute queues: 1, RefProcThreadModel::Single, marks_oops_alive: false
[44.276s][debug][gc,phases      ] GC(83) Reference Processing 0.147ms
[44.276s][debug][gc,phases      ] GC(83)   VM Weak                        Min:  0.0, Avg:  0.0, Max:  0.0, Diff:  0.0, Sum:  0.0, Workers: 4
[44.276s][debug][gc,phases      ] GC(83)     Dead                           Min: 0, Avg:  0.0, Max: 0, Diff: 0, Sum: 0, Workers: 4
[44.276s][debug][gc,phases      ] GC(83)     Total                          Min: 0, Avg: 164.0, Max: 336, Diff: 336, Sum: 656, Workers: 4
[44.276s][debug][gc,phases      ] GC(83)   ObjectSynchronizer Weak        Min:  0.0, Avg:  0.0, Max:  0.0, Diff:  0.0, Sum:  0.0, Workers: 4
[44.276s][debug][gc,phases      ] GC(83)     Dead                           Min: 0, Avg:  0.0, Max: 0, Diff: 0, Sum: 0, Workers: 4
[44.276s][debug][gc,phases      ] GC(83)     Total                          Min: 0, Avg: 75.8, Max: 192, Diff: 192, Sum: 303, Workers: 4
[44.276s][debug][gc,phases      ] GC(83)   JVMTI Tag Weak OopStorage      Min:  0.0, Avg:  0.0, Max:  0.0, Diff:  0.0, Sum:  0.0, Workers: 4
[44.276s][debug][gc,phases      ] GC(83)     Dead                           Min: 0, Avg:  0.0, Max: 0, Diff: 0, Sum: 0, Workers: 4
[44.276s][debug][gc,phases      ] GC(83)     Total                          Min: 0, Avg:  0.0, Max: 0, Diff: 0, Sum: 0, Workers: 4
[44.276s][debug][gc,phases      ] GC(83)   StringTable Weak               Min:  0.1, Avg:  0.1, Max:  0.1, Diff:  0.0, Sum:  0.5, Workers: 4
[44.276s][debug][gc,phases      ] GC(83)     Dead                           Min: 0, Avg:  0.0, Max: 0, Diff: 0, Sum: 0, Workers: 4
[44.276s][debug][gc,phases      ] GC(83)     Total                          Min: 11328, Avg: 11739.2, Max: 12096, Diff: 768, Sum: 46957, Workers: 4
[44.276s][debug][gc,phases      ] GC(83)   ResolvedMethodTable Weak       Min:  0.0, Avg:  0.0, Max:  0.0, Diff:  0.0, Sum:  0.1, Workers: 4
[44.276s][debug][gc,phases      ] GC(83)     Dead                           Min: 0, Avg:  0.0, Max: 0, Diff: 0, Sum: 0, Workers: 4
[44.276s][debug][gc,phases      ] GC(83)     Total                          Min: 1745, Avg: 1969.0, Max: 2261, Diff: 516, Sum: 7876, Workers: 4
[44.276s][debug][gc,phases      ] GC(83)   JNI Weak                       Min:  0.0, Avg:  0.0, Max:  0.0, Diff:  0.0, Sum:  0.0, Workers: 4
[44.276s][debug][gc,phases      ] GC(83)     Dead                           Min: 0, Avg:  0.0, Max: 0, Diff: 0, Sum: 0, Workers: 4
[44.276s][debug][gc,phases      ] GC(83)     Total                          Min: 0, Avg:  0.8, Max: 3, Diff: 3, Sum: 3, Workers: 4
[44.276s][debug][gc,phases      ] GC(83)   StringDedup Table Weak         Min:  0.0, Avg:  0.0, Max:  0.0, Diff:  0.0, Sum:  0.0, Workers: 4
[44.276s][debug][gc,phases      ] GC(83)     Dead                           Min: 0, Avg:  0.0, Max: 0, Diff: 0, Sum: 0, Workers: 4
[44.276s][debug][gc,phases      ] GC(83)     Total                          Min: 0, Avg:  0.0, Max: 0, Diff: 0, Sum: 0, Workers: 4
[44.276s][debug][gc,phases      ] GC(83)   StringDedup Requests0 Weak     Min:  0.0, Avg:  0.0, Max:  0.0, Diff:  0.0, Sum:  0.0, Workers: 4
[44.276s][debug][gc,phases      ] GC(83)     Dead                           Min: 0, Avg:  0.0, Max: 0, Diff: 0, Sum: 0, Workers: 4
[44.276s][debug][gc,phases      ] GC(83)     Total                          Min: 0, Avg:  0.0, Max: 0, Diff: 0, Sum: 0, Workers: 4
[44.276s][debug][gc,phases      ] GC(83)   StringDedup Requests1 Weak     Min:  0.0, Avg:  0.0, Max:  0.0, Diff:  0.0, Sum:  0.0, Workers: 4
[44.276s][debug][gc,phases      ] GC(83)     Dead                           Min: 0, Avg:  0.0, Max: 0, Diff: 0, Sum: 0, Workers: 4
[44.276s][debug][gc,phases      ] GC(83)     Total                          Min: 0, Avg:  0.0, Max: 0, Diff: 0, Sum: 0, Workers: 4
[44.276s][debug][gc,phases      ] GC(83)   Weak JFR Old Object Samples    Min:  0.0, Avg:  0.0, Max:  0.0, Diff:  0.0, Sum:  0.0, Workers: 4
[44.276s][debug][gc,phases      ] GC(83)     Dead                           Min: 0, Avg:  0.0, Max: 0, Diff: 0, Sum: 0, Workers: 4
[44.276s][debug][gc,phases      ] GC(83)     Total                          Min: 0, Avg:  0.0, Max: 0, Diff: 0, Sum: 0, Workers: 4
[44.276s][debug][gc,phases      ] GC(83) Weak Processing 0.337ms
[44.276s][debug][gc,age         ] GC(83) Desired survivor size 138412032 bytes, new threshold 15 (max threshold 15)
[44.276s][info ][gc,heap        ] GC(83) PSYoungGen: 1890003K(1950720K)->79547K(1961984K) Eden: 1806848K(1806848K)->0K(1821696K) From: 83155K(143872K)->79547K(140288K)
[44.276s][info ][gc,heap        ] GC(83) ParOldGen: 510962K(589824K)->514990K(589824K)
[44.276s][info ][gc,metaspace   ] GC(83) Metaspace: 80333K(81216K)->80333K(81216K) NonClass: 68852K(69312K)->68852K(69312K) Class: 11481K(11904K)->11481K(11904K)
[44.277s][info ][gc             ] GC(83) Pause Young (Allocation Failure) 2344M->580M(2492M) 42.896ms
[44.277s][info ][gc,cpu         ] GC(83) User=0.17s Sys=0.00s Real=0.05s
[44.277s][info ][safepoint      ] Safepoint "ParallelGCFailedAllocation", Time since last: 453201517 ns, Reaching safepoint: 2189747 ns, At safepoint: 43012822 ns, Total: 45202569 ns
[44.739s][info ][gc,start       ] GC(84) Pause Young (Allocation Failure)
[44.774s][debug][gc,phases      ] GC(84) Scavenge 35.397ms
[44.774s][debug][gc,ref         ] GC(84) Skipped phase 1 of Reference Processing: no references
[44.774s][debug][gc,ref         ] GC(84) ReferenceProcessor::execute queues: 1, RefProcThreadModel::Single, marks_oops_alive: false
[44.774s][debug][gc,ref         ] GC(84) Skipped phase 3 of Reference Processing: no references
[44.774s][debug][gc,ref         ] GC(84) ReferenceProcessor::execute queues: 1, RefProcThreadModel::Single, marks_oops_alive: false
[44.774s][debug][gc,phases      ] GC(84) Reference Processing 0.127ms
[44.774s][debug][gc,phases      ] GC(84)   VM Weak                        Min:  0.0, Avg:  0.0, Max:  0.0, Diff:  0.0, Sum:  0.0, Workers: 4
[44.774s][debug][gc,phases      ] GC(84)     Dead                           Min: 0, Avg:  0.0, Max: 0, Diff: 0, Sum: 0, Workers: 4
[44.775s][debug][gc,phases      ] GC(84)     Total                          Min: 0, Avg: 164.2, Max: 529, Diff: 529, Sum: 657, Workers: 4
[44.775s][debug][gc,phases      ] GC(84)   ObjectSynchronizer Weak        Min:  0.0, Avg:  0.0, Max:  0.0, Diff:  0.0, Sum:  0.0, Workers: 4
[44.775s][debug][gc,phases      ] GC(84)     Dead                           Min: 0, Avg:  0.0, Max: 0, Diff: 0, Sum: 0, Workers: 4
[44.775s][debug][gc,phases      ] GC(84)     Total                          Min: 0, Avg: 75.8, Max: 192, Diff: 192, Sum: 303, Workers: 4
[44.775s][debug][gc,phases      ] GC(84)   JVMTI Tag Weak OopStorage      Min:  0.0, Avg:  0.0, Max:  0.0, Diff:  0.0, Sum:  0.0, Workers: 4
[44.775s][debug][gc,phases      ] GC(84)     Dead                           Min: 0, Avg:  0.0, Max: 0, Diff: 0, Sum: 0, Workers: 4
[44.775s][debug][gc,phases      ] GC(84)     Total                          Min: 0, Avg:  0.0, Max: 0, Diff: 0, Sum: 0, Workers: 4
[44.775s][debug][gc,phases      ] GC(84)   StringTable Weak               Min:  0.1, Avg:  0.1, Max:  0.1, Diff:  0.0, Sum:  0.4, Workers: 4
[44.775s][debug][gc,phases      ] GC(84)     Dead                           Min: 0, Avg:  0.5, Max: 1, Diff: 1, Sum: 2, Workers: 4
[44.775s][debug][gc,phases      ] GC(84)     Total                          Min: 10880, Avg: 11745.0, Max: 12671, Diff: 1791, Sum: 46980, Workers: 4
[44.775s][debug][gc,phases      ] GC(84)   ResolvedMethodTable Weak       Min:  0.0, Avg:  0.0, Max:  0.0, Diff:  0.0, Sum:  0.1, Workers: 4
[44.775s][debug][gc,phases      ] GC(84)     Dead                           Min: 0, Avg:  0.0, Max: 0, Diff: 0, Sum: 0, Workers: 4
[44.775s][debug][gc,phases      ] GC(84)     Total                          Min: 1385, Avg: 1973.2, Max: 2364, Diff: 979, Sum: 7893, Workers: 4
[44.775s][debug][gc,phases      ] GC(84)   JNI Weak                       Min:  0.0, Avg:  0.0, Max:  0.0, Diff:  0.0, Sum:  0.0, Workers: 4
[44.775s][debug][gc,phases      ] GC(84)     Dead                           Min: 0, Avg:  0.0, Max: 0, Diff: 0, Sum: 0, Workers: 4
[44.775s][debug][gc,phases      ] GC(84)     Total                          Min: 0, Avg:  5.0, Max: 20, Diff: 20, Sum: 20, Workers: 4
[44.775s][debug][gc,phases      ] GC(84)   StringDedup Table Weak         Min:  0.0, Avg:  0.0, Max:  0.0, Diff:  0.0, Sum:  0.0, Workers: 4
[44.775s][debug][gc,phases      ] GC(84)     Dead                           Min: 0, Avg:  0.0, Max: 0, Diff: 0, Sum: 0, Workers: 4
[44.775s][debug][gc,phases      ] GC(84)     Total                          Min: 0, Avg:  0.0, Max: 0, Diff: 0, Sum: 0, Workers: 4
[44.775s][debug][gc,phases      ] GC(84)   StringDedup Requests0 Weak     Min:  0.0, Avg:  0.0, Max:  0.0, Diff:  0.0, Sum:  0.0, Workers: 4
[44.775s][debug][gc,phases      ] GC(84)     Dead                           Min: 0, Avg:  0.0, Max: 0, Diff: 0, Sum: 0, Workers: 4
[44.775s][debug][gc,phases      ] GC(84)     Total                          Min: 0, Avg:  0.0, Max: 0, Diff: 0, Sum: 0, Workers: 4
[44.775s][debug][gc,phases      ] GC(84)   StringDedup Requests1 Weak     Min:  0.0, Avg:  0.0, Max:  0.0, Diff:  0.0, Sum:  0.0, Workers: 4
[44.775s][debug][gc,phases      ] GC(84)     Dead                           Min: 0, Avg:  0.0, Max: 0, Diff: 0, Sum: 0, Workers: 4
[44.775s][debug][gc,phases      ] GC(84)     Total                          Min: 0, Avg:  0.0, Max: 0, Diff: 0, Sum: 0, Workers: 4
[44.775s][debug][gc,phases      ] GC(84)   Weak JFR Old Object Samples    Min:  0.0, Avg:  0.0, Max:  0.0, Diff:  0.0, Sum:  0.0, Workers: 4
[44.775s][debug][gc,phases      ] GC(84)     Dead                           Min: 0, Avg:  0.0, Max: 0, Diff: 0, Sum: 0, Workers: 4
[44.775s][debug][gc,phases      ] GC(84)     Total                          Min: 0, Avg:  0.0, Max: 0, Diff: 0, Sum: 0, Workers: 4
[44.775s][debug][gc,phases      ] GC(84) Weak Processing 0.321ms
[44.775s][debug][gc,age         ] GC(84) Desired survivor size 132644864 bytes, new threshold 15 (max threshold 15)
[44.775s][info ][gc,heap        ] GC(84) PSYoungGen: 1901243K(1961984K)->73867K(1956864K) Eden: 1821696K(1821696K)->0K(1821696K) From: 79547K(140288K)->73867K(135168K)
[44.775s][info ][gc,heap        ] GC(84) ParOldGen: 514990K(589824K)->521078K(589824K)
[44.775s][info ][gc,metaspace   ] GC(84) Metaspace: 80413K(81280K)->80413K(81280K) NonClass: 68918K(69376K)->68918K(69376K) Class: 11495K(11904K)->11495K(11904K)
[44.775s][info ][gc             ] GC(84) Pause Young (Allocation Failure) 2359M->581M(2487M) 35.975ms
[44.775s][info ][gc,cpu         ] GC(84) User=0.15s Sys=0.00s Real=0.03s
[44.775s][info ][safepoint      ] Safepoint "ParallelGCFailedAllocation", Time since last: 461106186 ns, Reaching safepoint: 961921 ns, At safepoint: 36090374 ns, Total: 37052295 ns
[45.220s][info ][gc,start       ] GC(85) Pause Young (Allocation Failure)
[45.262s][debug][gc,phases      ] GC(85) Scavenge 41.088ms
[45.262s][debug][gc,ref         ] GC(85) Skipped phase 1 of Reference Processing: no references
[45.262s][debug][gc,ref         ] GC(85) ReferenceProcessor::execute queues: 1, RefProcThreadModel::Single, marks_oops_alive: false
[45.262s][debug][gc,ref         ] GC(85) Skipped phase 3 of Reference Processing: no references
[45.262s][debug][gc,ref         ] GC(85) ReferenceProcessor::execute queues: 1, RefProcThreadModel::Single, marks_oops_alive: false
[45.262s][debug][gc,phases      ] GC(85) Reference Processing 0.163ms
[45.262s][debug][gc,phases      ] GC(85)   VM Weak                        Min:  0.0, Avg:  0.0, Max:  0.0, Diff:  0.0, Sum:  0.0, Workers: 4
[45.262s][debug][gc,phases      ] GC(85)     Dead                           Min: 0, Avg:  0.0, Max: 0, Diff: 0, Sum: 0, Workers: 4
[45.262s][debug][gc,phases      ] GC(85)     Total                          Min: 0, Avg: 164.2, Max: 657, Diff: 657, Sum: 657, Workers: 4
[45.262s][debug][gc,phases      ] GC(85)   ObjectSynchronizer Weak        Min:  0.0, Avg:  0.0, Max:  0.0, Diff:  0.0, Sum:  0.0, Workers: 4
[45.262s][debug][gc,phases      ] GC(85)     Dead                           Min: 0, Avg:  0.0, Max: 0, Diff: 0, Sum: 0, Workers: 4
[45.262s][debug][gc,phases      ] GC(85)     Total                          Min: 0, Avg: 75.8, Max: 128, Diff: 128, Sum: 303, Workers: 4
[45.262s][debug][gc,phases      ] GC(85)   JVMTI Tag Weak OopStorage      Min:  0.0, Avg:  0.0, Max:  0.0, Diff:  0.0, Sum:  0.0, Workers: 4
[45.262s][debug][gc,phases      ] GC(85)     Dead                           Min: 0, Avg:  0.0, Max: 0, Diff: 0, Sum: 0, Workers: 4
[45.262s][debug][gc,phases      ] GC(85)     Total                          Min: 0, Avg:  0.0, Max: 0, Diff: 0, Sum: 0, Workers: 4
[45.262s][debug][gc,phases      ] GC(85)   StringTable Weak               Min:  0.1, Avg:  0.1, Max:  0.1, Diff:  0.0, Sum:  0.4, Workers: 4
[45.262s][debug][gc,phases      ] GC(85)     Dead                           Min: 0, Avg:  0.0, Max: 0, Diff: 0, Sum: 0, Workers: 4
[45.262s][debug][gc,phases      ] GC(85)     Total                          Min: 10815, Avg: 11747.8, Max: 12352, Diff: 1537, Sum: 46991, Workers: 4
[45.262s][debug][gc,phases      ] GC(85)   ResolvedMethodTable Weak       Min:  0.0, Avg:  0.0, Max:  0.0, Diff:  0.0, Sum:  0.1, Workers: 4
[45.262s][debug][gc,phases      ] GC(85)     Dead                           Min: 0, Avg:  0.0, Max: 0, Diff: 0, Sum: 0, Workers: 4
[45.262s][debug][gc,phases      ] GC(85)     Total                          Min: 1852, Avg: 1974.2, Max: 2170, Diff: 318, Sum: 7897, Workers: 4
[45.262s][debug][gc,phases      ] GC(85)   JNI Weak                       Min:  0.0, Avg:  0.0, Max:  0.0, Diff:  0.0, Sum:  0.0, Workers: 4
[45.262s][debug][gc,phases      ] GC(85)     Dead                           Min: 0, Avg:  0.0, Max: 0, Diff: 0, Sum: 0, Workers: 4
[45.262s][debug][gc,phases      ] GC(85)     Total                          Min: 0, Avg:  2.5, Max: 10, Diff: 10, Sum: 10, Workers: 4
[45.262s][debug][gc,phases      ] GC(85)   StringDedup Table Weak         Min:  0.0, Avg:  0.0, Max:  0.0, Diff:  0.0, Sum:  0.0, Workers: 4
[45.262s][debug][gc,phases      ] GC(85)     Dead                           Min: 0, Avg:  0.0, Max: 0, Diff: 0, Sum: 0, Workers: 4
[45.262s][debug][gc,phases      ] GC(85)     Total                          Min: 0, Avg:  0.0, Max: 0, Diff: 0, Sum: 0, Workers: 4
[45.262s][debug][gc,phases      ] GC(85)   StringDedup Requests0 Weak     Min:  0.0, Avg:  0.0, Max:  0.0, Diff:  0.0, Sum:  0.0, Workers: 4
[45.262s][debug][gc,phases      ] GC(85)     Dead                           Min: 0, Avg:  0.0, Max: 0, Diff: 0, Sum: 0, Workers: 4
[45.262s][debug][gc,phases      ] GC(85)     Total                          Min: 0, Avg:  0.0, Max: 0, Diff: 0, Sum: 0, Workers: 4
[45.262s][debug][gc,phases      ] GC(85)   StringDedup Requests1 Weak     Min:  0.0, Avg:  0.0, Max:  0.0, Diff:  0.0, Sum:  0.0, Workers: 4
[45.262s][debug][gc,phases      ] GC(85)     Dead                           Min: 0, Avg:  0.0, Max: 0, Diff: 0, Sum: 0, Workers: 4
[45.262s][debug][gc,phases      ] GC(85)     Total                          Min: 0, Avg:  0.0, Max: 0, Diff: 0, Sum: 0, Workers: 4
[45.262s][debug][gc,phases      ] GC(85)   Weak JFR Old Object Samples    Min:  0.0, Avg:  0.0, Max:  0.0, Diff:  0.0, Sum:  0.0, Workers: 4
[45.262s][debug][gc,phases      ] GC(85)     Dead                           Min: 0, Avg:  0.0, Max: 0, Diff: 0, Sum: 0, Workers: 4
[45.262s][debug][gc,phases      ] GC(85)     Total                          Min: 0, Avg:  0.0, Max: 0, Diff: 0, Sum: 0, Workers: 4
[45.262s][debug][gc,phases      ] GC(85) Weak Processing 0.383ms
[45.262s][debug][gc,age         ] GC(85) Desired survivor size 128450560 bytes, new threshold 15 (max threshold 15)
[45.262s][info ][gc,heap        ] GC(85) PSYoungGen: 1895563K(1956864K)->68019K(1971712K) Eden: 1821696K(1821696K)->0K(1842176K) From: 73867K(135168K)->68019K(129536K)
[45.262s][info ][gc,heap        ] GC(85) ParOldGen: 521078K(589824K)->528240K(589824K)
[45.262s][info ][gc,metaspace   ] GC(85) Metaspace: 80496K(81344K)->80496K(81344K) NonClass: 68994K(69440K)->68994K(69440K) Class: 11501K(11904K)->11501K(11904K)
[45.262s][info ][gc             ] GC(85) Pause Young (Allocation Failure) 2360M->582M(2501M) 41.785ms
[45.262s][info ][gc,cpu         ] GC(85) User=0.16s Sys=0.01s Real=0.04s
[45.262s][info ][safepoint      ] Safepoint "ParallelGCFailedAllocation", Time since last: 445467951 ns, Reaching safepoint: 166303 ns, At safepoint: 41908799 ns, Total: 42075102 ns
[45.741s][info ][gc,start       ] GC(86) Pause Young (Allocation Failure)
[45.778s][debug][gc,phases      ] GC(86) Scavenge 37.146ms
[45.778s][debug][gc,ref         ] GC(86) Skipped phase 1 of Reference Processing: no references
[45.778s][debug][gc,ref         ] GC(86) ReferenceProcessor::execute queues: 1, RefProcThreadModel::Single, marks_oops_alive: false
[45.778s][debug][gc,ref         ] GC(86) Skipped phase 3 of Reference Processing: no references
[45.778s][debug][gc,ref         ] GC(86) ReferenceProcessor::execute queues: 1, RefProcThreadModel::Single, marks_oops_alive: false
[45.778s][debug][gc,phases      ] GC(86) Reference Processing 0.118ms
[45.778s][debug][gc,phases      ] GC(86)   VM Weak                        Min:  0.0, Avg:  0.0, Max:  0.0, Diff:  0.0, Sum:  0.0, Workers: 4
[45.778s][debug][gc,phases      ] GC(86)     Dead                           Min: 0, Avg:  0.0, Max: 0, Diff: 0, Sum: 0, Workers: 4
[45.778s][debug][gc,phases      ] GC(86)     Total                          Min: 0, Avg: 164.2, Max: 337, Diff: 337, Sum: 657, Workers: 4
[45.778s][debug][gc,phases      ] GC(86)   ObjectSynchronizer Weak        Min:  0.0, Avg:  0.0, Max:  0.0, Diff:  0.0, Sum:  0.0, Workers: 4
[45.778s][debug][gc,phases      ] GC(86)     Dead                           Min: 0, Avg:  0.0, Max: 0, Diff: 0, Sum: 0, Workers: 4
[45.778s][debug][gc,phases      ] GC(86)     Total                          Min: 0, Avg: 75.8, Max: 175, Diff: 175, Sum: 303, Workers: 4
[45.778s][debug][gc,phases      ] GC(86)   JVMTI Tag Weak OopStorage      Min:  0.0, Avg:  0.0, Max:  0.0, Diff:  0.0, Sum:  0.0, Workers: 4
[45.778s][debug][gc,phases      ] GC(86)     Dead                           Min: 0, Avg:  0.0, Max: 0, Diff: 0, Sum: 0, Workers: 4
[45.778s][debug][gc,phases      ] GC(86)     Total                          Min: 0, Avg:  0.0, Max: 0, Diff: 0, Sum: 0, Workers: 4
[45.778s][debug][gc,phases      ] GC(86)   StringTable Weak               Min:  0.1, Avg:  0.1, Max:  0.1, Diff:  0.0, Sum:  0.4, Workers: 4
[45.778s][debug][gc,phases      ] GC(86)     Dead                           Min: 0, Avg:  0.0, Max: 0, Diff: 0, Sum: 0, Workers: 4
[45.778s][debug][gc,phases      ] GC(86)     Total                          Min: 10816, Avg: 11749.8, Max: 12992, Diff: 2176, Sum: 46999, Workers: 4
[45.778s][debug][gc,phases      ] GC(86)   ResolvedMethodTable Weak       Min:  0.0, Avg:  0.0, Max:  0.0, Diff:  0.0, Sum:  0.1, Workers: 4
[45.778s][debug][gc,phases      ] GC(86)     Dead                           Min: 0, Avg:  0.0, Max: 0, Diff: 0, Sum: 0, Workers: 4
[45.778s][debug][gc,phases      ] GC(86)     Total                          Min: 1557, Avg: 1974.2, Max: 2456, Diff: 899, Sum: 7897, Workers: 4
[45.778s][debug][gc,phases      ] GC(86)   JNI Weak                       Min:  0.0, Avg:  0.0, Max:  0.0, Diff:  0.0, Sum:  0.0, Workers: 4
[45.778s][debug][gc,phases      ] GC(86)     Dead                           Min: 0, Avg:  0.0, Max: 0, Diff: 0, Sum: 0, Workers: 4
[45.778s][debug][gc,phases      ] GC(86)     Total                          Min: 0, Avg:  0.5, Max: 2, Diff: 2, Sum: 2, Workers: 4
[45.778s][debug][gc,phases      ] GC(86)   StringDedup Table Weak         Min:  0.0, Avg:  0.0, Max:  0.0, Diff:  0.0, Sum:  0.0, Workers: 4
[45.778s][debug][gc,phases      ] GC(86)     Dead                           Min: 0, Avg:  0.0, Max: 0, Diff: 0, Sum: 0, Workers: 4
[45.778s][debug][gc,phases      ] GC(86)     Total                          Min: 0, Avg:  0.0, Max: 0, Diff: 0, Sum: 0, Workers: 4
[45.778s][debug][gc,phases      ] GC(86)   StringDedup Requests0 Weak     Min:  0.0, Avg:  0.0, Max:  0.0, Diff:  0.0, Sum:  0.0, Workers: 4
[45.778s][debug][gc,phases      ] GC(86)     Dead                           Min: 0, Avg:  0.0, Max: 0, Diff: 0, Sum: 0, Workers: 4
[45.778s][debug][gc,phases      ] GC(86)     Total                          Min: 0, Avg:  0.0, Max: 0, Diff: 0, Sum: 0, Workers: 4
[45.778s][debug][gc,phases      ] GC(86)   StringDedup Requests1 Weak     Min:  0.0, Avg:  0.0, Max:  0.0, Diff:  0.0, Sum:  0.0, Workers: 4
[45.778s][debug][gc,phases      ] GC(86)     Dead                           Min: 0, Avg:  0.0, Max: 0, Diff: 0, Sum: 0, Workers: 4
[45.778s][debug][gc,phases      ] GC(86)     Total                          Min: 0, Avg:  0.0, Max: 0, Diff: 0, Sum: 0, Workers: 4
[45.778s][debug][gc,phases      ] GC(86)   Weak JFR Old Object Samples    Min:  0.0, Avg:  0.0, Max:  0.0, Diff:  0.0, Sum:  0.0, Workers: 4
[45.778s][debug][gc,phases      ] GC(86)     Dead                           Min: 0, Avg:  0.0, Max: 0, Diff: 0, Sum: 0, Workers: 4
[45.778s][debug][gc,phases      ] GC(86)     Total                          Min: 0, Avg:  0.0, Max: 0, Diff: 0, Sum: 0, Workers: 4
[45.778s][debug][gc,phases      ] GC(86) Weak Processing 0.319ms
[45.778s][debug][gc,age         ] GC(86) Desired survivor size 125829120 bytes, new threshold 15 (max threshold 15)
[45.778s][info ][gc,heap        ] GC(86) PSYoungGen: 1910195K(1971712K)->61214K(1967616K) Eden: 1842176K(1842176K)->0K(1842176K) From: 68019K(129536K)->61214K(125440K)
[45.778s][info ][gc,heap        ] GC(86) ParOldGen: 528240K(589824K)->534537K(589824K)
[45.778s][info ][gc,metaspace   ] GC(86) Metaspace: 80524K(81344K)->80524K(81344K) NonClass: 69023K(69440K)->69023K(69440K) Class: 11501K(11904K)->11501K(11904K)
[45.778s][info ][gc             ] GC(86) Pause Young (Allocation Failure) 2381M->581M(2497M) 37.723ms
[45.778s][info ][gc,cpu         ] GC(86) User=0.15s Sys=0.00s Real=0.04s
[45.778s][info ][safepoint      ] Safepoint "ParallelGCFailedAllocation", Time since last: 478002049 ns, Reaching safepoint: 268405 ns, At safepoint: 37834012 ns, Total: 38102417 ns
[46.229s][info ][safepoint      ] Safepoint "ParallelGCFailedAllocation", Time since last: 449730942 ns, Reaching safepoint: 558812 ns, At safepoint: 40701 ns, Total: 599513 ns
[46.237s][info ][gc,start       ] GC(87) Pause Young (GCLocker Initiated GC)
[46.266s][debug][gc,phases      ] GC(87) Scavenge 29.180ms
[46.266s][debug][gc,ref         ] GC(87) Skipped phase 1 of Reference Processing: no references
[46.266s][debug][gc,ref         ] GC(87) ReferenceProcessor::execute queues: 1, RefProcThreadModel::Single, marks_oops_alive: false
[46.266s][debug][gc,ref         ] GC(87) Skipped phase 3 of Reference Processing: no references
[46.266s][debug][gc,ref         ] GC(87) ReferenceProcessor::execute queues: 1, RefProcThreadModel::Single, marks_oops_alive: false
[46.266s][debug][gc,phases      ] GC(87) Reference Processing 0.114ms
[46.266s][debug][gc,phases      ] GC(87)   VM Weak                        Min:  0.0, Avg:  0.0, Max:  0.0, Diff:  0.0, Sum:  0.0, Workers: 4
[46.266s][debug][gc,phases      ] GC(87)     Dead                           Min: 0, Avg:  0.0, Max: 0, Diff: 0, Sum: 0, Workers: 4
[46.266s][debug][gc,phases      ] GC(87)     Total                          Min: 0, Avg: 164.2, Max: 320, Diff: 320, Sum: 657, Workers: 4
[46.266s][debug][gc,phases      ] GC(87)   ObjectSynchronizer Weak        Min:  0.0, Avg:  0.0, Max:  0.0, Diff:  0.0, Sum:  0.0, Workers: 4
[46.266s][debug][gc,phases      ] GC(87)     Dead                           Min: 0, Avg:  0.0, Max: 0, Diff: 0, Sum: 0, Workers: 4
[46.266s][debug][gc,phases      ] GC(87)     Total                          Min: 0, Avg: 75.8, Max: 128, Diff: 128, Sum: 303, Workers: 4
[46.266s][debug][gc,phases      ] GC(87)   JVMTI Tag Weak OopStorage      Min:  0.0, Avg:  0.0, Max:  0.0, Diff:  0.0, Sum:  0.0, Workers: 4
[46.266s][debug][gc,phases      ] GC(87)     Dead                           Min: 0, Avg:  0.0, Max: 0, Diff: 0, Sum: 0, Workers: 4
[46.266s][debug][gc,phases      ] GC(87)     Total                          Min: 0, Avg:  0.0, Max: 0, Diff: 0, Sum: 0, Workers: 4
[46.266s][debug][gc,phases      ] GC(87)   StringTable Weak               Min:  0.1, Avg:  0.1, Max:  0.1, Diff:  0.0, Sum:  0.4, Workers: 4
[46.266s][debug][gc,phases      ] GC(87)     Dead                           Min: 0, Avg:  0.0, Max: 0, Diff: 0, Sum: 0, Workers: 4
[46.266s][debug][gc,phases      ] GC(87)     Total                          Min: 10688, Avg: 11750.8, Max: 12352, Diff: 1664, Sum: 47003, Workers: 4
[46.266s][debug][gc,phases      ] GC(87)   ResolvedMethodTable Weak       Min:  0.0, Avg:  0.0, Max:  0.0, Diff:  0.0, Sum:  0.1, Workers: 4
[46.266s][debug][gc,phases      ] GC(87)     Dead                           Min: 0, Avg:  0.0, Max: 0, Diff: 0, Sum: 0, Workers: 4
[46.266s][debug][gc,phases      ] GC(87)     Total                          Min: 1694, Avg: 1974.2, Max: 2477, Diff: 783, Sum: 7897, Workers: 4
[46.266s][debug][gc,phases      ] GC(87)   JNI Weak                       Min:  0.0, Avg:  0.0, Max:  0.0, Diff:  0.0, Sum:  0.0, Workers: 4
[46.266s][debug][gc,phases      ] GC(87)     Dead                           Min: 0, Avg:  0.0, Max: 0, Diff: 0, Sum: 0, Workers: 4
[46.266s][debug][gc,phases      ] GC(87)     Total                          Min: 0, Avg:  1.0, Max: 4, Diff: 4, Sum: 4, Workers: 4
[46.266s][debug][gc,phases      ] GC(87)   StringDedup Table Weak         Min:  0.0, Avg:  0.0, Max:  0.0, Diff:  0.0, Sum:  0.0, Workers: 4
[46.266s][debug][gc,phases      ] GC(87)     Dead                           Min: 0, Avg:  0.0, Max: 0, Diff: 0, Sum: 0, Workers: 4
[46.266s][debug][gc,phases      ] GC(87)     Total                          Min: 0, Avg:  0.0, Max: 0, Diff: 0, Sum: 0, Workers: 4
[46.266s][debug][gc,phases      ] GC(87)   StringDedup Requests0 Weak     Min:  0.0, Avg:  0.0, Max:  0.0, Diff:  0.0, Sum:  0.0, Workers: 4
[46.266s][debug][gc,phases      ] GC(87)     Dead                           Min: 0, Avg:  0.0, Max: 0, Diff: 0, Sum: 0, Workers: 4
[46.266s][debug][gc,phases      ] GC(87)     Total                          Min: 0, Avg:  0.0, Max: 0, Diff: 0, Sum: 0, Workers: 4
[46.266s][debug][gc,phases      ] GC(87)   StringDedup Requests1 Weak     Min:  0.0, Avg:  0.0, Max:  0.0, Diff:  0.0, Sum:  0.0, Workers: 4
[46.266s][debug][gc,phases      ] GC(87)     Dead                           Min: 0, Avg:  0.0, Max: 0, Diff: 0, Sum: 0, Workers: 4
[46.266s][debug][gc,phases      ] GC(87)     Total                          Min: 0, Avg:  0.0, Max: 0, Diff: 0, Sum: 0, Workers: 4
[46.266s][debug][gc,phases      ] GC(87)   Weak JFR Old Object Samples    Min:  0.0, Avg:  0.0, Max:  0.0, Diff:  0.0, Sum:  0.0, Workers: 4
[46.266s][debug][gc,phases      ] GC(87)     Dead                           Min: 0, Avg:  0.0, Max: 0, Diff: 0, Sum: 0, Workers: 4
[46.266s][debug][gc,phases      ] GC(87)     Total                          Min: 0, Avg:  0.0, Max: 0, Diff: 0, Sum: 0, Workers: 4
[46.266s][debug][gc,phases      ] GC(87) Weak Processing 0.304ms
[46.266s][debug][gc,age         ] GC(87) Desired survivor size 124256256 bytes, new threshold 15 (max threshold 15)
[46.266s][info ][gc,heap        ] GC(87) PSYoungGen: 1903390K(1967616K)->52487K(1975808K) Eden: 1842176K(1842176K)->0K(1852928K) From: 61214K(125440K)->52487K(122880K)
[46.266s][info ][gc,heap        ] GC(87) ParOldGen: 534537K(589824K)->544816K(589824K)
[46.266s][info ][gc,metaspace   ] GC(87) Metaspace: 80617K(81408K)->80617K(81408K) NonClass: 69116K(69504K)->69116K(69504K) Class: 11501K(11904K)->11501K(11904K)
[46.266s][info ][gc             ] GC(87) Pause Young (GCLocker Initiated GC) 2380M->583M(2505M) 29.732ms
[46.266s][info ][gc,cpu         ] GC(87) User=0.12s Sys=0.00s Real=0.02s
[46.266s][info ][safepoint      ] Safepoint "ParallelGCSystemGC", Time since last: 7829168 ns, Reaching safepoint: 37501 ns, At safepoint: 29834240 ns, Total: 29871741 ns
[46.751s][info ][safepoint      ] Safepoint "ParallelGCFailedAllocation", Time since last: 484407486 ns, Reaching safepoint: 203104 ns, At safepoint: 40201 ns, Total: 243305 ns
[46.751s][info ][gc,start       ] GC(88) Pause Young (GCLocker Initiated GC)
[46.781s][debug][gc,phases      ] GC(88) Scavenge 29.609ms
[46.781s][debug][gc,ref         ] GC(88) Skipped phase 1 of Reference Processing: no references
[46.781s][debug][gc,ref         ] GC(88) ReferenceProcessor::execute queues: 1, RefProcThreadModel::Single, marks_oops_alive: false
[46.781s][debug][gc,ref         ] GC(88) Skipped phase 3 of Reference Processing: no references
[46.781s][debug][gc,ref         ] GC(88) ReferenceProcessor::execute queues: 1, RefProcThreadModel::Single, marks_oops_alive: false
[46.781s][debug][gc,phases      ] GC(88) Reference Processing 0.113ms
[46.781s][debug][gc,phases      ] GC(88)   VM Weak                        Min:  0.0, Avg:  0.0, Max:  0.0, Diff:  0.0, Sum:  0.0, Workers: 4
[46.781s][debug][gc,phases      ] GC(88)     Dead                           Min: 0, Avg:  0.0, Max: 0, Diff: 0, Sum: 0, Workers: 4
[46.781s][debug][gc,phases      ] GC(88)     Total                          Min: 0, Avg: 164.2, Max: 529, Diff: 529, Sum: 657, Workers: 4
[46.781s][debug][gc,phases      ] GC(88)   ObjectSynchronizer Weak        Min:  0.0, Avg:  0.0, Max:  0.0, Diff:  0.0, Sum:  0.0, Workers: 4
[46.781s][debug][gc,phases      ] GC(88)     Dead                           Min: 0, Avg:  0.0, Max: 0, Diff: 0, Sum: 0, Workers: 4
[46.781s][debug][gc,phases      ] GC(88)     Total                          Min: 0, Avg: 75.8, Max: 192, Diff: 192, Sum: 303, Workers: 4
[46.781s][debug][gc,phases      ] GC(88)   JVMTI Tag Weak OopStorage      Min:  0.0, Avg:  0.0, Max:  0.0, Diff:  0.0, Sum:  0.0, Workers: 4
[46.781s][debug][gc,phases      ] GC(88)     Dead                           Min: 0, Avg:  0.0, Max: 0, Diff: 0, Sum: 0, Workers: 4
[46.781s][debug][gc,phases      ] GC(88)     Total                          Min: 0, Avg:  0.0, Max: 0, Diff: 0, Sum: 0, Workers: 4
[46.781s][debug][gc,phases      ] GC(88)   StringTable Weak               Min:  0.1, Avg:  0.1, Max:  0.1, Diff:  0.0, Sum:  0.4, Workers: 4
[46.781s][debug][gc,phases      ] GC(88)     Dead                           Min: 0, Avg:  0.0, Max: 0, Diff: 0, Sum: 0, Workers: 4
[46.781s][debug][gc,phases      ] GC(88)     Total                          Min: 9664, Avg: 11756.0, Max: 13568, Diff: 3904, Sum: 47024, Workers: 4
[46.781s][debug][gc,phases      ] GC(88)   ResolvedMethodTable Weak       Min:  0.0, Avg:  0.0, Max:  0.0, Diff:  0.0, Sum:  0.1, Workers: 4
[46.781s][debug][gc,phases      ] GC(88)     Dead                           Min: 0, Avg:  0.0, Max: 0, Diff: 0, Sum: 0, Workers: 4
[46.781s][debug][gc,phases      ] GC(88)     Total                          Min: 1685, Avg: 1975.0, Max: 2226, Diff: 541, Sum: 7900, Workers: 4
[46.781s][debug][gc,phases      ] GC(88)   JNI Weak                       Min:  0.0, Avg:  0.0, Max:  0.0, Diff:  0.0, Sum:  0.0, Workers: 4
[46.781s][debug][gc,phases      ] GC(88)     Dead                           Min: 0, Avg:  0.0, Max: 0, Diff: 0, Sum: 0, Workers: 4
[46.781s][debug][gc,phases      ] GC(88)     Total                          Min: 0, Avg:  0.0, Max: 0, Diff: 0, Sum: 0, Workers: 4
[46.781s][debug][gc,phases      ] GC(88)   StringDedup Table Weak         Min:  0.0, Avg:  0.0, Max:  0.0, Diff:  0.0, Sum:  0.0, Workers: 4
[46.781s][debug][gc,phases      ] GC(88)     Dead                           Min: 0, Avg:  0.0, Max: 0, Diff: 0, Sum: 0, Workers: 4
[46.781s][debug][gc,phases      ] GC(88)     Total                          Min: 0, Avg:  0.0, Max: 0, Diff: 0, Sum: 0, Workers: 4
[46.781s][debug][gc,phases      ] GC(88)   StringDedup Requests0 Weak     Min:  0.0, Avg:  0.0, Max:  0.0, Diff:  0.0, Sum:  0.0, Workers: 4
[46.781s][debug][gc,phases      ] GC(88)     Dead                           Min: 0, Avg:  0.0, Max: 0, Diff: 0, Sum: 0, Workers: 4
[46.781s][debug][gc,phases      ] GC(88)     Total                          Min: 0, Avg:  0.0, Max: 0, Diff: 0, Sum: 0, Workers: 4
[46.781s][debug][gc,phases      ] GC(88)   StringDedup Requests1 Weak     Min:  0.0, Avg:  0.0, Max:  0.0, Diff:  0.0, Sum:  0.0, Workers: 4
[46.781s][debug][gc,phases      ] GC(88)     Dead                           Min: 0, Avg:  0.0, Max: 0, Diff: 0, Sum: 0, Workers: 4
[46.781s][debug][gc,phases      ] GC(88)     Total                          Min: 0, Avg:  0.0, Max: 0, Diff: 0, Sum: 0, Workers: 4
[46.781s][debug][gc,phases      ] GC(88)   Weak JFR Old Object Samples    Min:  0.0, Avg:  0.0, Max:  0.0, Diff:  0.0, Sum:  0.0, Workers: 4
[46.781s][debug][gc,phases      ] GC(88)     Dead                           Min: 0, Avg:  0.0, Max: 0, Diff: 0, Sum: 0, Workers: 4
[46.781s][debug][gc,phases      ] GC(88)     Total                          Min: 0, Avg:  0.0, Max: 0, Diff: 0, Sum: 0, Workers: 4
[46.781s][debug][gc,phases      ] GC(88) Weak Processing 0.305ms
[46.781s][debug][gc,age         ] GC(88) Desired survivor size 122683392 bytes, new threshold 15 (max threshold 15)
[46.781s][info ][gc,heap        ] GC(88) PSYoungGen: 1905415K(1975808K)->52486K(1974272K) Eden: 1852928K(1852928K)->0K(1852928K) From: 52487K(122880K)->52486K(121344K)
[46.781s][info ][gc,heap        ] GC(88) ParOldGen: 544817K(589824K)->548758K(589824K)
[46.781s][info ][gc,metaspace   ] GC(88) Metaspace: 80634K(81536K)->80634K(81536K) NonClass: 69132K(69632K)->69132K(69632K) Class: 11502K(11904K)->11502K(11904K)
[46.781s][info ][gc             ] GC(88) Pause Young (GCLocker Initiated GC) 2392M->587M(2504M) 30.129ms
[46.781s][info ][gc,cpu         ] GC(88) User=0.12s Sys=0.00s Real=0.03s
[46.781s][info ][safepoint      ] Safepoint "ParallelGCSystemGC", Time since last: 57501 ns, Reaching safepoint: 86902 ns, At safepoint: 30223348 ns, Total: 30310250 ns
[47.276s][info ][gc,start       ] GC(89) Pause Young (Allocation Failure)
[47.302s][debug][gc,phases      ] GC(89) Scavenge 26.813ms
[47.303s][debug][gc,ref         ] GC(89) Skipped phase 1 of Reference Processing: no references
[47.303s][debug][gc,ref         ] GC(89) ReferenceProcessor::execute queues: 1, RefProcThreadModel::Single, marks_oops_alive: false
[47.303s][debug][gc,ref         ] GC(89) Skipped phase 3 of Reference Processing: no references
[47.303s][debug][gc,ref         ] GC(89) ReferenceProcessor::execute queues: 1, RefProcThreadModel::Single, marks_oops_alive: false
[47.303s][debug][gc,phases      ] GC(89) Reference Processing 0.118ms
[47.303s][debug][gc,phases      ] GC(89)   VM Weak                        Min:  0.0, Avg:  0.0, Max:  0.0, Diff:  0.0, Sum:  0.0, Workers: 4
[47.303s][debug][gc,phases      ] GC(89)     Dead                           Min: 0, Avg:  0.0, Max: 0, Diff: 0, Sum: 0, Workers: 4
[47.303s][debug][gc,phases      ] GC(89)     Total                          Min: 0, Avg: 164.2, Max: 337, Diff: 337, Sum: 657, Workers: 4
[47.303s][debug][gc,phases      ] GC(89)   ObjectSynchronizer Weak        Min:  0.0, Avg:  0.0, Max:  0.0, Diff:  0.0, Sum:  0.0, Workers: 4
[47.303s][debug][gc,phases      ] GC(89)     Dead                           Min: 0, Avg:  0.0, Max: 0, Diff: 0, Sum: 0, Workers: 4
[47.303s][debug][gc,phases      ] GC(89)     Total                          Min: 0, Avg: 75.8, Max: 175, Diff: 175, Sum: 303, Workers: 4
[47.303s][debug][gc,phases      ] GC(89)   JVMTI Tag Weak OopStorage      Min:  0.0, Avg:  0.0, Max:  0.0, Diff:  0.0, Sum:  0.0, Workers: 4
[47.303s][debug][gc,phases      ] GC(89)     Dead                           Min: 0, Avg:  0.0, Max: 0, Diff: 0, Sum: 0, Workers: 4
[47.303s][debug][gc,phases      ] GC(89)     Total                          Min: 0, Avg:  0.0, Max: 0, Diff: 0, Sum: 0, Workers: 4
[47.303s][debug][gc,phases      ] GC(89)   StringTable Weak               Min:  0.1, Avg:  0.1, Max:  0.1, Diff:  0.0, Sum:  0.4, Workers: 4
[47.303s][debug][gc,phases      ] GC(89)     Dead                           Min: 0, Avg:  0.0, Max: 0, Diff: 0, Sum: 0, Workers: 4
[47.303s][debug][gc,phases      ] GC(89)     Total                          Min: 10752, Avg: 11759.2, Max: 12352, Diff: 1600, Sum: 47037, Workers: 4
[47.303s][debug][gc,phases      ] GC(89)   ResolvedMethodTable Weak       Min:  0.0, Avg:  0.0, Max:  0.0, Diff:  0.0, Sum:  0.1, Workers: 4
[47.303s][debug][gc,phases      ] GC(89)     Dead                           Min: 0, Avg:  0.0, Max: 0, Diff: 0, Sum: 0, Workers: 4
[47.303s][debug][gc,phases      ] GC(89)     Total                          Min: 1876, Avg: 1975.0, Max: 2179, Diff: 303, Sum: 7900, Workers: 4
[47.303s][debug][gc,phases      ] GC(89)   JNI Weak                       Min:  0.0, Avg:  0.0, Max:  0.0, Diff:  0.0, Sum:  0.0, Workers: 4
[47.303s][debug][gc,phases      ] GC(89)     Dead                           Min: 0, Avg:  0.0, Max: 0, Diff: 0, Sum: 0, Workers: 4
[47.303s][debug][gc,phases      ] GC(89)     Total                          Min: 0, Avg:  0.8, Max: 3, Diff: 3, Sum: 3, Workers: 4
[47.303s][debug][gc,phases      ] GC(89)   StringDedup Table Weak         Min:  0.0, Avg:  0.0, Max:  0.0, Diff:  0.0, Sum:  0.0, Workers: 4
[47.303s][debug][gc,phases      ] GC(89)     Dead                           Min: 0, Avg:  0.0, Max: 0, Diff: 0, Sum: 0, Workers: 4
[47.303s][debug][gc,phases      ] GC(89)     Total                          Min: 0, Avg:  0.0, Max: 0, Diff: 0, Sum: 0, Workers: 4
[47.303s][debug][gc,phases      ] GC(89)   StringDedup Requests0 Weak     Min:  0.0, Avg:  0.0, Max:  0.0, Diff:  0.0, Sum:  0.0, Workers: 4
[47.303s][debug][gc,phases      ] GC(89)     Dead                           Min: 0, Avg:  0.0, Max: 0, Diff: 0, Sum: 0, Workers: 4
[47.303s][debug][gc,phases      ] GC(89)     Total                          Min: 0, Avg:  0.0, Max: 0, Diff: 0, Sum: 0, Workers: 4
[47.303s][debug][gc,phases      ] GC(89)   StringDedup Requests1 Weak     Min:  0.0, Avg:  0.0, Max:  0.0, Diff:  0.0, Sum:  0.0, Workers: 4
[47.303s][debug][gc,phases      ] GC(89)     Dead                           Min: 0, Avg:  0.0, Max: 0, Diff: 0, Sum: 0, Workers: 4
[47.303s][debug][gc,phases      ] GC(89)     Total                          Min: 0, Avg:  0.0, Max: 0, Diff: 0, Sum: 0, Workers: 4
[47.303s][debug][gc,phases      ] GC(89)   Weak JFR Old Object Samples    Min:  0.0, Avg:  0.0, Max:  0.0, Diff:  0.0, Sum:  0.0, Workers: 4
[47.303s][debug][gc,phases      ] GC(89)     Dead                           Min: 0, Avg:  0.0, Max: 0, Diff: 0, Sum: 0, Workers: 4
[47.303s][debug][gc,phases      ] GC(89)     Total                          Min: 0, Avg:  0.0, Max: 0, Diff: 0, Sum: 0, Workers: 4
[47.303s][debug][gc,phases      ] GC(89) Weak Processing 0.347ms
[47.303s][debug][gc,age         ] GC(89) Desired survivor size 123207680 bytes, new threshold 15 (max threshold 15)
[47.303s][info ][gc,heap        ] GC(89) PSYoungGen: 1905414K(1974272K)->36849K(1976320K) Eden: 1852928K(1852928K)->0K(1856512K) From: 52486K(121344K)->36849K(119808K)
[47.303s][info ][gc,heap        ] GC(89) ParOldGen: 548759K(589824K)->560164K(589824K)
[47.303s][info ][gc,metaspace   ] GC(89) Metaspace: 80653K(81536K)->80653K(81536K) NonClass: 69149K(69632K)->69149K(69632K) Class: 11503K(11904K)->11503K(11904K)
[47.303s][info ][gc             ] GC(89) Pause Young (Allocation Failure) 2396M->583M(2506M) 27.429ms
[47.303s][info ][gc,cpu         ] GC(89) User=0.10s Sys=0.00s Real=0.03s
[47.303s][info ][safepoint      ] Safepoint "ParallelGCFailedAllocation", Time since last: 493892790 ns, Reaching safepoint: 222005 ns, At safepoint: 27552091 ns, Total: 27774096 ns
[47.753s][info ][gc,start       ] GC(90) Pause Young (Allocation Failure)
[47.772s][debug][gc,phases      ] GC(90) Scavenge 18.777ms
[47.772s][debug][gc,ref         ] GC(90) Skipped phase 1 of Reference Processing: no references
[47.772s][debug][gc,ref         ] GC(90) ReferenceProcessor::execute queues: 1, RefProcThreadModel::Single, marks_oops_alive: false
[47.772s][debug][gc,ref         ] GC(90) Skipped phase 3 of Reference Processing: no references
[47.772s][debug][gc,ref         ] GC(90) ReferenceProcessor::execute queues: 1, RefProcThreadModel::Single, marks_oops_alive: false
[47.772s][debug][gc,phases      ] GC(90) Reference Processing 0.115ms
[47.772s][debug][gc,phases      ] GC(90)   VM Weak                        Min:  0.0, Avg:  0.0, Max:  0.0, Diff:  0.0, Sum:  0.0, Workers: 4
[47.772s][debug][gc,phases      ] GC(90)     Dead                           Min: 0, Avg:  0.0, Max: 0, Diff: 0, Sum: 0, Workers: 4
[47.772s][debug][gc,phases      ] GC(90)     Total                          Min: 0, Avg: 164.2, Max: 512, Diff: 512, Sum: 657, Workers: 4
[47.772s][debug][gc,phases      ] GC(90)   ObjectSynchronizer Weak        Min:  0.0, Avg:  0.0, Max:  0.0, Diff:  0.0, Sum:  0.0, Workers: 4
[47.772s][debug][gc,phases      ] GC(90)     Dead                           Min: 0, Avg:  0.0, Max: 0, Diff: 0, Sum: 0, Workers: 4
[47.772s][debug][gc,phases      ] GC(90)     Total                          Min: 0, Avg: 75.8, Max: 175, Diff: 175, Sum: 303, Workers: 4
[47.772s][debug][gc,phases      ] GC(90)   JVMTI Tag Weak OopStorage      Min:  0.0, Avg:  0.0, Max:  0.0, Diff:  0.0, Sum:  0.0, Workers: 4
[47.772s][debug][gc,phases      ] GC(90)     Dead                           Min: 0, Avg:  0.0, Max: 0, Diff: 0, Sum: 0, Workers: 4
[47.772s][debug][gc,phases      ] GC(90)     Total                          Min: 0, Avg:  0.0, Max: 0, Diff: 0, Sum: 0, Workers: 4
[47.772s][debug][gc,phases      ] GC(90)   StringTable Weak               Min:  0.1, Avg:  0.1, Max:  0.1, Diff:  0.0, Sum:  0.4, Workers: 4
[47.772s][debug][gc,phases      ] GC(90)     Dead                           Min: 0, Avg:  0.0, Max: 0, Diff: 0, Sum: 0, Workers: 4
[47.772s][debug][gc,phases      ] GC(90)     Total                          Min: 10432, Avg: 11759.2, Max: 12928, Diff: 2496, Sum: 47037, Workers: 4
[47.772s][debug][gc,phases      ] GC(90)   ResolvedMethodTable Weak       Min:  0.0, Avg:  0.0, Max:  0.0, Diff:  0.0, Sum:  0.1, Workers: 4
[47.772s][debug][gc,phases      ] GC(90)     Dead                           Min: 0, Avg:  0.0, Max: 0, Diff: 0, Sum: 0, Workers: 4
[47.772s][debug][gc,phases      ] GC(90)     Total                          Min: 1744, Avg: 1975.0, Max: 2476, Diff: 732, Sum: 7900, Workers: 4
[47.772s][debug][gc,phases      ] GC(90)   JNI Weak                       Min:  0.0, Avg:  0.0, Max:  0.0, Diff:  0.0, Sum:  0.0, Workers: 4
[47.772s][debug][gc,phases      ] GC(90)     Dead                           Min: 0, Avg:  0.0, Max: 0, Diff: 0, Sum: 0, Workers: 4
[47.772s][debug][gc,phases      ] GC(90)     Total                          Min: 0, Avg:  0.8, Max: 3, Diff: 3, Sum: 3, Workers: 4
[47.772s][debug][gc,phases      ] GC(90)   StringDedup Table Weak         Min:  0.0, Avg:  0.0, Max:  0.0, Diff:  0.0, Sum:  0.0, Workers: 4
[47.772s][debug][gc,phases      ] GC(90)     Dead                           Min: 0, Avg:  0.0, Max: 0, Diff: 0, Sum: 0, Workers: 4
[47.772s][debug][gc,phases      ] GC(90)     Total                          Min: 0, Avg:  0.0, Max: 0, Diff: 0, Sum: 0, Workers: 4
[47.772s][debug][gc,phases      ] GC(90)   StringDedup Requests0 Weak     Min:  0.0, Avg:  0.0, Max:  0.0, Diff:  0.0, Sum:  0.0, Workers: 4
[47.772s][debug][gc,phases      ] GC(90)     Dead                           Min: 0, Avg:  0.0, Max: 0, Diff: 0, Sum: 0, Workers: 4
[47.772s][debug][gc,phases      ] GC(90)     Total                          Min: 0, Avg:  0.0, Max: 0, Diff: 0, Sum: 0, Workers: 4
[47.772s][debug][gc,phases      ] GC(90)   StringDedup Requests1 Weak     Min:  0.0, Avg:  0.0, Max:  0.0, Diff:  0.0, Sum:  0.0, Workers: 4
[47.772s][debug][gc,phases      ] GC(90)     Dead                           Min: 0, Avg:  0.0, Max: 0, Diff: 0, Sum: 0, Workers: 4
[47.772s][debug][gc,phases      ] GC(90)     Total                          Min: 0, Avg:  0.0, Max: 0, Diff: 0, Sum: 0, Workers: 4
[47.772s][debug][gc,phases      ] GC(90)   Weak JFR Old Object Samples    Min:  0.0, Avg:  0.0, Max:  0.0, Diff:  0.0, Sum:  0.0, Workers: 4
[47.772s][debug][gc,phases      ] GC(90)     Dead                           Min: 0, Avg:  0.0, Max: 0, Diff: 0, Sum: 0, Workers: 4
[47.772s][debug][gc,phases      ] GC(90)     Total                          Min: 0, Avg:  0.0, Max: 0, Diff: 0, Sum: 0, Workers: 4
[47.772s][debug][gc,phases      ] GC(90) Weak Processing 0.311ms
[47.772s][debug][gc,age         ] GC(90) Desired survivor size 123207680 bytes, new threshold 15 (max threshold 15)
[47.772s][info ][gc,heap        ] GC(90) PSYoungGen: 1893361K(1976320K)->32618K(1976832K) Eden: 1856512K(1856512K)->0K(1856512K) From: 36849K(119808K)->32618K(120320K)
[47.772s][info ][gc,heap        ] GC(90) ParOldGen: 560164K(589824K)->564744K(589824K)
[47.772s][info ][gc,metaspace   ] GC(90) Metaspace: 80654K(81536K)->80654K(81536K) NonClass: 69151K(69632K)->69151K(69632K) Class: 11503K(11904K)->11503K(11904K)
[47.772s][info ][gc             ] GC(90) Pause Young (Allocation Failure) 2396M->583M(2506M) 19.337ms
[47.772s][info ][gc,cpu         ] GC(90) User=0.07s Sys=0.00s Real=0.02s
[47.772s][info ][safepoint      ] Safepoint "ParallelGCFailedAllocation", Time since last: 449544339 ns, Reaching safepoint: 236105 ns, At safepoint: 19448617 ns, Total: 19684722 ns
[48.224s][info ][gc,start       ] GC(91) Pause Young (Allocation Failure)
[48.240s][debug][gc,phases      ] GC(91) Scavenge 15.725ms
[48.240s][debug][gc,ref         ] GC(91) Skipped phase 1 of Reference Processing: no references
[48.240s][debug][gc,ref         ] GC(91) ReferenceProcessor::execute queues: 1, RefProcThreadModel::Single, marks_oops_alive: false
[48.240s][debug][gc,ref         ] GC(91) Skipped phase 3 of Reference Processing: no references
[48.240s][debug][gc,ref         ] GC(91) ReferenceProcessor::execute queues: 1, RefProcThreadModel::Single, marks_oops_alive: false
[48.240s][debug][gc,phases      ] GC(91) Reference Processing 0.107ms
[48.240s][debug][gc,phases      ] GC(91)   VM Weak                        Min:  0.0, Avg:  0.0, Max:  0.0, Diff:  0.0, Sum:  0.0, Workers: 4
[48.240s][debug][gc,phases      ] GC(91)     Dead                           Min: 0, Avg:  0.0, Max: 0, Diff: 0, Sum: 0, Workers: 4
[48.240s][debug][gc,phases      ] GC(91)     Total                          Min: 0, Avg: 164.2, Max: 529, Diff: 529, Sum: 657, Workers: 4
[48.240s][debug][gc,phases      ] GC(91)   ObjectSynchronizer Weak        Min:  0.0, Avg:  0.0, Max:  0.0, Diff:  0.0, Sum:  0.0, Workers: 4
[48.240s][debug][gc,phases      ] GC(91)     Dead                           Min: 0, Avg:  0.0, Max: 0, Diff: 0, Sum: 0, Workers: 4
[48.240s][debug][gc,phases      ] GC(91)     Total                          Min: 0, Avg: 75.8, Max: 128, Diff: 128, Sum: 303, Workers: 4
[48.240s][debug][gc,phases      ] GC(91)   JVMTI Tag Weak OopStorage      Min:  0.0, Avg:  0.0, Max:  0.0, Diff:  0.0, Sum:  0.0, Workers: 4
[48.240s][debug][gc,phases      ] GC(91)     Dead                           Min: 0, Avg:  0.0, Max: 0, Diff: 0, Sum: 0, Workers: 4
[48.240s][debug][gc,phases      ] GC(91)     Total                          Min: 0, Avg:  0.0, Max: 0, Diff: 0, Sum: 0, Workers: 4
[48.240s][debug][gc,phases      ] GC(91)   StringTable Weak               Min:  0.1, Avg:  0.1, Max:  0.1, Diff:  0.0, Sum:  0.5, Workers: 4
[48.240s][debug][gc,phases      ] GC(91)     Dead                           Min: 0, Avg:  0.0, Max: 0, Diff: 0, Sum: 0, Workers: 4
[48.240s][debug][gc,phases      ] GC(91)     Total                          Min: 10243, Avg: 11776.8, Max: 13824, Diff: 3581, Sum: 47107, Workers: 4
[48.240s][debug][gc,phases      ] GC(91)   ResolvedMethodTable Weak       Min:  0.0, Avg:  0.0, Max:  0.0, Diff:  0.0, Sum:  0.1, Workers: 4
[48.240s][debug][gc,phases      ] GC(91)     Dead                           Min: 0, Avg:  0.0, Max: 0, Diff: 0, Sum: 0, Workers: 4
[48.240s][debug][gc,phases      ] GC(91)     Total                          Min: 1796, Avg: 1975.0, Max: 2227, Diff: 431, Sum: 7900, Workers: 4
[48.240s][debug][gc,phases      ] GC(91)   JNI Weak                       Min:  0.0, Avg:  0.0, Max:  0.0, Diff:  0.0, Sum:  0.0, Workers: 4
[48.240s][debug][gc,phases      ] GC(91)     Dead                           Min: 0, Avg:  0.0, Max: 0, Diff: 0, Sum: 0, Workers: 4
[48.240s][debug][gc,phases      ] GC(91)     Total                          Min: 0, Avg:  0.8, Max: 3, Diff: 3, Sum: 3, Workers: 4
[48.240s][debug][gc,phases      ] GC(91)   StringDedup Table Weak         Min:  0.0, Avg:  0.0, Max:  0.0, Diff:  0.0, Sum:  0.0, Workers: 4
[48.240s][debug][gc,phases      ] GC(91)     Dead                           Min: 0, Avg:  0.0, Max: 0, Diff: 0, Sum: 0, Workers: 4
[48.240s][debug][gc,phases      ] GC(91)     Total                          Min: 0, Avg:  0.0, Max: 0, Diff: 0, Sum: 0, Workers: 4
[48.240s][debug][gc,phases      ] GC(91)   StringDedup Requests0 Weak     Min:  0.0, Avg:  0.0, Max:  0.0, Diff:  0.0, Sum:  0.0, Workers: 4
[48.240s][debug][gc,phases      ] GC(91)     Dead                           Min: 0, Avg:  0.0, Max: 0, Diff: 0, Sum: 0, Workers: 4
[48.240s][debug][gc,phases      ] GC(91)     Total                          Min: 0, Avg:  0.0, Max: 0, Diff: 0, Sum: 0, Workers: 4
[48.240s][debug][gc,phases      ] GC(91)   StringDedup Requests1 Weak     Min:  0.0, Avg:  0.0, Max:  0.0, Diff:  0.0, Sum:  0.0, Workers: 4
[48.240s][debug][gc,phases      ] GC(91)     Dead                           Min: 0, Avg:  0.0, Max: 0, Diff: 0, Sum: 0, Workers: 4
[48.240s][debug][gc,phases      ] GC(91)     Total                          Min: 0, Avg:  0.0, Max: 0, Diff: 0, Sum: 0, Workers: 4
[48.240s][debug][gc,phases      ] GC(91)   Weak JFR Old Object Samples    Min:  0.0, Avg:  0.0, Max:  0.0, Diff:  0.0, Sum:  0.0, Workers: 4
[48.240s][debug][gc,phases      ] GC(91)     Dead                           Min: 0, Avg:  0.0, Max: 0, Diff: 0, Sum: 0, Workers: 4
[48.240s][debug][gc,phases      ] GC(91)     Total                          Min: 0, Avg:  0.0, Max: 0, Diff: 0, Sum: 0, Workers: 4
[48.240s][debug][gc,phases      ] GC(91) Weak Processing 0.354ms
[48.240s][debug][gc,age         ] GC(91) Desired survivor size 123731968 bytes, new threshold 15 (max threshold 15)
[48.240s][info ][gc,heap        ] GC(91) PSYoungGen: 1889130K(1976832K)->27170K(1975808K) Eden: 1856512K(1856512K)->0K(1855488K) From: 32618K(120320K)->27170K(120320K)
[48.240s][info ][gc,heap        ] GC(91) ParOldGen: 564744K(589824K)->570676K(589824K)
[48.240s][info ][gc,metaspace   ] GC(91) Metaspace: 80693K(81536K)->80693K(81536K) NonClass: 69188K(69632K)->69188K(69632K) Class: 11505K(11904K)->11505K(11904K)
[48.240s][info ][gc             ] GC(91) Pause Young (Allocation Failure) 2396M->583M(2505M) 16.327ms
[48.240s][info ][gc,cpu         ] GC(91) User=0.07s Sys=0.00s Real=0.02s
[48.240s][info ][safepoint      ] Safepoint "ParallelGCFailedAllocation", Time since last: 451207775 ns, Reaching safepoint: 312307 ns, At safepoint: 16442852 ns, Total: 16755159 ns
[48.700s][info ][gc,start       ] GC(92) Pause Young (Allocation Failure)
[48.714s][debug][gc,phases      ] GC(92) Scavenge 14.555ms
[48.714s][debug][gc,ref         ] GC(92) Skipped phase 1 of Reference Processing: no references
[48.714s][debug][gc,ref         ] GC(92) ReferenceProcessor::execute queues: 1, RefProcThreadModel::Single, marks_oops_alive: false
[48.714s][debug][gc,ref         ] GC(92) Skipped phase 3 of Reference Processing: no references
[48.714s][debug][gc,ref         ] GC(92) ReferenceProcessor::execute queues: 1, RefProcThreadModel::Single, marks_oops_alive: false
[48.714s][debug][gc,phases      ] GC(92) Reference Processing 0.118ms
[48.714s][debug][gc,phases      ] GC(92)   VM Weak                        Min:  0.0, Avg:  0.0, Max:  0.0, Diff:  0.0, Sum:  0.0, Workers: 4
[48.714s][debug][gc,phases      ] GC(92)     Dead                           Min: 0, Avg:  0.0, Max: 0, Diff: 0, Sum: 0, Workers: 4
[48.715s][debug][gc,phases      ] GC(92)     Total                          Min: 0, Avg: 164.2, Max: 657, Diff: 657, Sum: 657, Workers: 4
[48.715s][debug][gc,phases      ] GC(92)   ObjectSynchronizer Weak        Min:  0.0, Avg:  0.0, Max:  0.0, Diff:  0.0, Sum:  0.0, Workers: 4
[48.715s][debug][gc,phases      ] GC(92)     Dead                           Min: 0, Avg:  0.0, Max: 0, Diff: 0, Sum: 0, Workers: 4
[48.715s][debug][gc,phases      ] GC(92)     Total                          Min: 0, Avg: 75.8, Max: 128, Diff: 128, Sum: 303, Workers: 4
[48.715s][debug][gc,phases      ] GC(92)   JVMTI Tag Weak OopStorage      Min:  0.0, Avg:  0.0, Max:  0.0, Diff:  0.0, Sum:  0.0, Workers: 4
[48.715s][debug][gc,phases      ] GC(92)     Dead                           Min: 0, Avg:  0.0, Max: 0, Diff: 0, Sum: 0, Workers: 4
[48.715s][debug][gc,phases      ] GC(92)     Total                          Min: 0, Avg:  0.0, Max: 0, Diff: 0, Sum: 0, Workers: 4
[48.715s][debug][gc,phases      ] GC(92)   StringTable Weak               Min:  0.1, Avg:  0.1, Max:  0.1, Diff:  0.0, Sum:  0.4, Workers: 4
[48.715s][debug][gc,phases      ] GC(92)     Dead                           Min: 0, Avg:  0.0, Max: 0, Diff: 0, Sum: 0, Workers: 4
[48.715s][debug][gc,phases      ] GC(92)     Total                          Min: 11456, Avg: 11777.2, Max: 12288, Diff: 832, Sum: 47109, Workers: 4
[48.715s][debug][gc,phases      ] GC(92)   ResolvedMethodTable Weak       Min:  0.0, Avg:  0.0, Max:  0.0, Diff:  0.0, Sum:  0.1, Workers: 4
[48.715s][debug][gc,phases      ] GC(92)     Dead                           Min: 0, Avg:  0.0, Max: 0, Diff: 0, Sum: 0, Workers: 4
[48.715s][debug][gc,phases      ] GC(92)     Total                          Min: 1714, Avg: 1975.0, Max: 2384, Diff: 670, Sum: 7900, Workers: 4
[48.715s][debug][gc,phases      ] GC(92)   JNI Weak                       Min:  0.0, Avg:  0.0, Max:  0.0, Diff:  0.0, Sum:  0.0, Workers: 4
[48.715s][debug][gc,phases      ] GC(92)     Dead                           Min: 0, Avg:  0.0, Max: 0, Diff: 0, Sum: 0, Workers: 4
[48.715s][debug][gc,phases      ] GC(92)     Total                          Min: 0, Avg:  0.5, Max: 2, Diff: 2, Sum: 2, Workers: 4
[48.715s][debug][gc,phases      ] GC(92)   StringDedup Table Weak         Min:  0.0, Avg:  0.0, Max:  0.0, Diff:  0.0, Sum:  0.0, Workers: 4
[48.715s][debug][gc,phases      ] GC(92)     Dead                           Min: 0, Avg:  0.0, Max: 0, Diff: 0, Sum: 0, Workers: 4
[48.715s][debug][gc,phases      ] GC(92)     Total                          Min: 0, Avg:  0.0, Max: 0, Diff: 0, Sum: 0, Workers: 4
[48.715s][debug][gc,phases      ] GC(92)   StringDedup Requests0 Weak     Min:  0.0, Avg:  0.0, Max:  0.0, Diff:  0.0, Sum:  0.0, Workers: 4
[48.715s][debug][gc,phases      ] GC(92)     Dead                           Min: 0, Avg:  0.0, Max: 0, Diff: 0, Sum: 0, Workers: 4
[48.715s][debug][gc,phases      ] GC(92)     Total                          Min: 0, Avg:  0.0, Max: 0, Diff: 0, Sum: 0, Workers: 4
[48.715s][debug][gc,phases      ] GC(92)   StringDedup Requests1 Weak     Min:  0.0, Avg:  0.0, Max:  0.0, Diff:  0.0, Sum:  0.0, Workers: 4
[48.715s][debug][gc,phases      ] GC(92)     Dead                           Min: 0, Avg:  0.0, Max: 0, Diff: 0, Sum: 0, Workers: 4
[48.715s][debug][gc,phases      ] GC(92)     Total                          Min: 0, Avg:  0.0, Max: 0, Diff: 0, Sum: 0, Workers: 4
[48.715s][debug][gc,phases      ] GC(92)   Weak JFR Old Object Samples    Min:  0.0, Avg:  0.0, Max:  0.0, Diff:  0.0, Sum:  0.0, Workers: 4
[48.715s][debug][gc,phases      ] GC(92)     Dead                           Min: 0, Avg:  0.0, Max: 0, Diff: 0, Sum: 0, Workers: 4
[48.715s][debug][gc,phases      ] GC(92)     Total                          Min: 0, Avg:  0.0, Max: 0, Diff: 0, Sum: 0, Workers: 4
[48.715s][debug][gc,phases      ] GC(92) Weak Processing 0.311ms
[48.715s][debug][gc,age         ] GC(92) Desired survivor size 124256256 bytes, new threshold 15 (max threshold 15)
[48.715s][info ][gc,heap        ] GC(92) PSYoungGen: 1882658K(1975808K)->18745K(1874432K) Eden: 1855488K(1855488K)->0K(1855488K) From: 27170K(120320K)->18745K(18944K)
[48.715s][info ][gc,heap        ] GC(92) ParOldGen: 570676K(589824K)->579564K(589824K)
[48.715s][info ][gc,metaspace   ] GC(92) Metaspace: 80693K(81536K)->80693K(81536K) NonClass: 69188K(69632K)->69188K(69632K) Class: 11505K(11904K)->11505K(11904K)
[48.715s][info ][gc             ] GC(92) Pause Young (Allocation Failure) 2395M->584M(2406M) 15.103ms
[48.715s][info ][gc,cpu         ] GC(92) User=0.05s Sys=0.00s Real=0.01s
[48.715s][debug][gc,phases      ] GC(93) Pre Compact 0.009ms
[48.715s][info ][gc,start       ] GC(93) Pause Full (Ergonomics)
[48.715s][info ][gc,phases,start] GC(93) Marking Phase
[48.872s][debug][gc,phases      ] GC(93) Par Mark 157.396ms
[48.872s][debug][gc,ref         ] GC(93) Skipped phase 1 of Reference Processing: no references
[48.873s][debug][gc,ref         ] GC(93) ReferenceProcessor::execute queues: 4, RefProcThreadModel::Multi, marks_oops_alive: false
[48.873s][debug][gc,ref         ] GC(93) ReferenceProcessor::execute queues: 4, RefProcThreadModel::Multi, marks_oops_alive: true
[48.873s][debug][gc,ref         ] GC(93) ReferenceProcessor::execute queues: 1, RefProcThreadModel::Single, marks_oops_alive: false
[48.873s][debug][gc,phases      ] GC(93) Reference Processing 0.652ms
[48.873s][debug][gc,phases      ] GC(93)   VM Weak                        Min:  0.0, Avg:  0.0, Max:  0.0, Diff:  0.0, Sum:  0.0, Workers: 4
[48.873s][debug][gc,phases      ] GC(93)     Dead                           Min: 0, Avg:  0.0, Max: 0, Diff: 0, Sum: 0, Workers: 4
[48.873s][debug][gc,phases      ] GC(93)     Total                          Min: 0, Avg: 164.2, Max: 401, Diff: 401, Sum: 657, Workers: 4
[48.873s][debug][gc,phases      ] GC(93)   ObjectSynchronizer Weak        Min:  0.0, Avg:  0.0, Max:  0.0, Diff:  0.0, Sum:  0.0, Workers: 4
[48.873s][debug][gc,phases      ] GC(93)     Dead                           Min: 0, Avg:  0.0, Max: 0, Diff: 0, Sum: 0, Workers: 4
[48.873s][debug][gc,phases      ] GC(93)     Total                          Min: 47, Avg: 75.8, Max: 128, Diff: 81, Sum: 303, Workers: 4
[48.873s][debug][gc,phases      ] GC(93)   JVMTI Tag Weak OopStorage      Min:  0.0, Avg:  0.0, Max:  0.0, Diff:  0.0, Sum:  0.0, Workers: 4
[48.873s][debug][gc,phases      ] GC(93)     Dead                           Min: 0, Avg:  0.0, Max: 0, Diff: 0, Sum: 0, Workers: 4
[48.873s][debug][gc,phases      ] GC(93)     Total                          Min: 0, Avg:  0.0, Max: 0, Diff: 0, Sum: 0, Workers: 4
[48.873s][debug][gc,phases      ] GC(93)   StringTable Weak               Min:  0.2, Avg:  0.2, Max:  0.2, Diff:  0.0, Sum:  0.7, Workers: 4
[48.873s][debug][gc,phases      ] GC(93)     Dead                           Min: 0, Avg:  0.0, Max: 0, Diff: 0, Sum: 0, Workers: 4
[48.873s][debug][gc,phases      ] GC(93)     Total                          Min: 10629, Avg: 11777.2, Max: 13056, Diff: 2427, Sum: 47109, Workers: 4
[48.873s][debug][gc,phases      ] GC(93)   ResolvedMethodTable Weak       Min:  0.0, Avg:  0.0, Max:  0.0, Diff:  0.0, Sum:  0.1, Workers: 4
[48.873s][debug][gc,phases      ] GC(93)     Dead                           Min: 0, Avg:  0.0, Max: 0, Diff: 0, Sum: 0, Workers: 4
[48.873s][debug][gc,phases      ] GC(93)     Total                          Min: 1694, Avg: 1975.0, Max: 2226, Diff: 532, Sum: 7900, Workers: 4
[48.873s][debug][gc,phases      ] GC(93)   JNI Weak                       Min:  0.0, Avg:  0.0, Max:  0.0, Diff:  0.0, Sum:  0.0, Workers: 4
[48.873s][debug][gc,phases      ] GC(93)     Dead                           Min: 0, Avg:  0.0, Max: 0, Diff: 0, Sum: 0, Workers: 4
[48.873s][debug][gc,phases      ] GC(93)     Total                          Min: 0, Avg:  0.5, Max: 2, Diff: 2, Sum: 2, Workers: 4
[48.873s][debug][gc,phases      ] GC(93)   StringDedup Table Weak         Min:  0.0, Avg:  0.0, Max:  0.0, Diff:  0.0, Sum:  0.0, Workers: 4
[48.873s][debug][gc,phases      ] GC(93)     Dead                           Min: 0, Avg:  0.0, Max: 0, Diff: 0, Sum: 0, Workers: 4
[48.873s][debug][gc,phases      ] GC(93)     Total                          Min: 0, Avg:  0.0, Max: 0, Diff: 0, Sum: 0, Workers: 4
[48.873s][debug][gc,phases      ] GC(93)   StringDedup Requests0 Weak     Min:  0.0, Avg:  0.0, Max:  0.0, Diff:  0.0, Sum:  0.0, Workers: 4
[48.873s][debug][gc,phases      ] GC(93)     Dead                           Min: 0, Avg:  0.0, Max: 0, Diff: 0, Sum: 0, Workers: 4
[48.873s][debug][gc,phases      ] GC(93)     Total                          Min: 0, Avg:  0.0, Max: 0, Diff: 0, Sum: 0, Workers: 4
[48.873s][debug][gc,phases      ] GC(93)   StringDedup Requests1 Weak     Min:  0.0, Avg:  0.0, Max:  0.0, Diff:  0.0, Sum:  0.0, Workers: 4
[48.873s][debug][gc,phases      ] GC(93)     Dead                           Min: 0, Avg:  0.0, Max: 0, Diff: 0, Sum: 0, Workers: 4
[48.873s][debug][gc,phases      ] GC(93)     Total                          Min: 0, Avg:  0.0, Max: 0, Diff: 0, Sum: 0, Workers: 4
[48.873s][debug][gc,phases      ] GC(93)   Weak JFR Old Object Samples    Min:  0.0, Avg:  0.0, Max:  0.0, Diff:  0.0, Sum:  0.0, Workers: 4
[48.873s][debug][gc,phases      ] GC(93)     Dead                           Min: 0, Avg:  0.0, Max: 0, Diff: 0, Sum: 0, Workers: 4
[48.873s][debug][gc,phases      ] GC(93)     Total                          Min: 0, Avg:  0.0, Max: 0, Diff: 0, Sum: 0, Workers: 4
[48.873s][debug][gc,phases      ] GC(93) Weak Processing 0.397ms
[48.873s][debug][gc,phases      ] GC(93) ClassLoaderData 0.087ms
[48.873s][debug][gc,phases      ] GC(93) Trigger cleanups 0.000ms
[48.888s][debug][gc,phases      ] GC(93) Class Unloading 14.671ms
[48.888s][info ][gc,phases      ] GC(93) Marking Phase 173.244ms
[48.888s][info ][gc,phases,start] GC(93) Summary Phase
[48.888s][info ][gc,phases      ] GC(93) Summary Phase 0.019ms
[48.888s][info ][gc,phases,start] GC(93) Adjust Roots
[48.899s][info ][gc,phases      ] GC(93) Adjust Roots 11.105ms
[48.899s][info ][gc,phases,start] GC(93) Compaction Phase
[49.057s][info ][gc,phases      ] GC(93) Compaction Phase 158.159ms
[49.057s][info ][gc,phases,start] GC(93) Post Compact
[49.059s][info ][gc,phases      ] GC(93) Post Compact 1.700ms
[49.060s][info ][gc,heap        ] GC(93) PSYoungGen: 18745K(1874432K)->0K(1975808K) Eden: 0K(1855488K)->0K(1854464K) From: 18745K(18944K)->0K(121344K)
[49.060s][info ][gc,heap        ] GC(93) ParOldGen: 579564K(589824K)->449458K(518656K)
[49.060s][info ][gc,metaspace   ] GC(93) Metaspace: 80693K(81536K)->80693K(81536K) NonClass: 69188K(69632K)->69188K(69632K) Class: 11505K(11904K)->11505K(11904K)
[49.060s][info ][gc             ] GC(93) Pause Full (Ergonomics) 584M->438M(2436M) 345.000ms
[49.060s][info ][gc,cpu         ] GC(93) User=1.29s Sys=0.01s Real=0.35s
[49.065s][info ][safepoint      ] Safepoint "ParallelGCFailedAllocation", Time since last: 459090544 ns, Reaching safepoint: 149004 ns, At safepoint: 365839944 ns, Total: 365988948 ns
[49.587s][info ][gc,start       ] GC(94) Pause Young (Allocation Failure)
[49.589s][debug][gc,phases      ] GC(94) Scavenge 1.597ms
[49.589s][debug][gc,ref         ] GC(94) Skipped phase 1 of Reference Processing: no references
[49.589s][debug][gc,ref         ] GC(94) Skipped phase 2 of Reference Processing: no references
[49.589s][debug][gc,ref         ] GC(94) Skipped phase 3 of Reference Processing: no references
[49.589s][debug][gc,ref         ] GC(94) Skipped phase 4 of Reference Processing: no references
[49.589s][debug][gc,phases      ] GC(94) Reference Processing 0.025ms
[49.589s][debug][gc,phases      ] GC(94)   VM Weak                        Min:  0.0, Avg:  0.0, Max:  0.0, Diff:  0.0, Sum:  0.0, Workers: 4
[49.589s][debug][gc,phases      ] GC(94)     Dead                           Min: 0, Avg:  0.0, Max: 0, Diff: 0, Sum: 0, Workers: 4
[49.589s][debug][gc,phases      ] GC(94)     Total                          Min: 0, Avg: 164.2, Max: 320, Diff: 320, Sum: 657, Workers: 4
[49.589s][debug][gc,phases      ] GC(94)   ObjectSynchronizer Weak        Min:  0.0, Avg:  0.0, Max:  0.0, Diff:  0.0, Sum:  0.0, Workers: 4
[49.589s][debug][gc,phases      ] GC(94)     Dead                           Min: 0, Avg:  0.0, Max: 0, Diff: 0, Sum: 0, Workers: 4
[49.589s][debug][gc,phases      ] GC(94)     Total                          Min: 0, Avg: 75.8, Max: 128, Diff: 128, Sum: 303, Workers: 4
[49.589s][debug][gc,phases      ] GC(94)   JVMTI Tag Weak OopStorage      Min:  0.0, Avg:  0.0, Max:  0.0, Diff:  0.0, Sum:  0.0, Workers: 4
[49.589s][debug][gc,phases      ] GC(94)     Dead                           Min: 0, Avg:  0.0, Max: 0, Diff: 0, Sum: 0, Workers: 4
[49.589s][debug][gc,phases      ] GC(94)     Total                          Min: 0, Avg:  0.0, Max: 0, Diff: 0, Sum: 0, Workers: 4
[49.589s][debug][gc,phases      ] GC(94)   StringTable Weak               Min:  0.1, Avg:  0.1, Max:  0.1, Diff:  0.0, Sum:  0.4, Workers: 4
[49.589s][debug][gc,phases      ] GC(94)     Dead                           Min: 0, Avg:  0.0, Max: 0, Diff: 0, Sum: 0, Workers: 4
[49.589s][debug][gc,phases      ] GC(94)     Total                          Min: 11712, Avg: 11778.2, Max: 11904, Diff: 192, Sum: 47113, Workers: 4
[49.589s][debug][gc,phases      ] GC(94)   ResolvedMethodTable Weak       Min:  0.0, Avg:  0.0, Max:  0.0, Diff:  0.0, Sum:  0.1, Workers: 4
[49.589s][debug][gc,phases      ] GC(94)     Dead                           Min: 0, Avg:  0.0, Max: 0, Diff: 0, Sum: 0, Workers: 4
[49.589s][debug][gc,phases      ] GC(94)     Total                          Min: 1908, Avg: 1975.0, Max: 2061, Diff: 153, Sum: 7900, Workers: 4
[49.589s][debug][gc,phases      ] GC(94)   JNI Weak                       Min:  0.0, Avg:  0.0, Max:  0.0, Diff:  0.0, Sum:  0.0, Workers: 4
[49.589s][debug][gc,phases      ] GC(94)     Dead                           Min: 0, Avg:  0.0, Max: 0, Diff: 0, Sum: 0, Workers: 4
[49.589s][debug][gc,phases      ] GC(94)     Total                          Min: 0, Avg:  0.2, Max: 1, Diff: 1, Sum: 1, Workers: 4
[49.589s][debug][gc,phases      ] GC(94)   StringDedup Table Weak         Min:  0.0, Avg:  0.0, Max:  0.0, Diff:  0.0, Sum:  0.0, Workers: 4
[49.589s][debug][gc,phases      ] GC(94)     Dead                           Min: 0, Avg:  0.0, Max: 0, Diff: 0, Sum: 0, Workers: 4
[49.589s][debug][gc,phases      ] GC(94)     Total                          Min: 0, Avg:  0.0, Max: 0, Diff: 0, Sum: 0, Workers: 4
[49.589s][debug][gc,phases      ] GC(94)   StringDedup Requests0 Weak     Min:  0.0, Avg:  0.0, Max:  0.0, Diff:  0.0, Sum:  0.0, Workers: 4
[49.589s][debug][gc,phases      ] GC(94)     Dead                           Min: 0, Avg:  0.0, Max: 0, Diff: 0, Sum: 0, Workers: 4
[49.589s][debug][gc,phases      ] GC(94)     Total                          Min: 0, Avg:  0.0, Max: 0, Diff: 0, Sum: 0, Workers: 4
[49.589s][debug][gc,phases      ] GC(94)   StringDedup Requests1 Weak     Min:  0.0, Avg:  0.0, Max:  0.0, Diff:  0.0, Sum:  0.0, Workers: 4
[49.589s][debug][gc,phases      ] GC(94)     Dead                           Min: 0, Avg:  0.0, Max: 0, Diff: 0, Sum: 0, Workers: 4
[49.589s][debug][gc,phases      ] GC(94)     Total                          Min: 0, Avg:  0.0, Max: 0, Diff: 0, Sum: 0, Workers: 4
[49.589s][debug][gc,phases      ] GC(94)   Weak JFR Old Object Samples    Min:  0.0, Avg:  0.0, Max:  0.0, Diff:  0.0, Sum:  0.0, Workers: 4
[49.589s][debug][gc,phases      ] GC(94)     Dead                           Min: 0, Avg:  0.0, Max: 0, Diff: 0, Sum: 0, Workers: 4
[49.589s][debug][gc,phases      ] GC(94)     Total                          Min: 0, Avg:  0.0, Max: 0, Diff: 0, Sum: 0, Workers: 4
[49.589s][debug][gc,phases      ] GC(94) Weak Processing 0.333ms
[49.589s][debug][gc,age         ] GC(94) Desired survivor size 127401984 bytes, new threshold 15 (max threshold 15)
[49.589s][info ][gc,heap        ] GC(94) PSYoungGen: 1854464K(1975808K)->608K(1855488K) Eden: 1854464K(1854464K)->0K(1854464K) From: 0K(121344K)->608K(1024K)
[49.589s][info ][gc,heap        ] GC(94) ParOldGen: 449458K(518656K)->449458K(518656K)
[49.589s][info ][gc,metaspace   ] GC(94) Metaspace: 80693K(81536K)->80693K(81536K) NonClass: 69188K(69632K)->69188K(69632K) Class: 11505K(11904K)->11505K(11904K)
[49.589s][info ][gc             ] GC(94) Pause Young (Allocation Failure) 2249M->439M(2318M) 2.079ms
[49.589s][info ][gc,cpu         ] GC(94) User=0.01s Sys=0.00s Real=0.01s
[49.589s][info ][safepoint      ] Safepoint "ParallelGCFailedAllocation", Time since last: 521305979 ns, Reaching safepoint: 187904 ns, At safepoint: 2199547 ns, Total: 2387451 ns
[50.035s][info ][gc,start       ] GC(95) Pause Young (Allocation Failure)
[50.037s][debug][gc,phases      ] GC(95) Scavenge 1.721ms
[50.037s][debug][gc,ref         ] GC(95) Skipped phase 1 of Reference Processing: no references
[50.037s][debug][gc,ref         ] GC(95) Skipped phase 2 of Reference Processing: no references
[50.037s][debug][gc,ref         ] GC(95) Skipped phase 3 of Reference Processing: no references
[50.037s][debug][gc,ref         ] GC(95) Skipped phase 4 of Reference Processing: no references
[50.037s][debug][gc,phases      ] GC(95) Reference Processing 0.029ms
[50.037s][debug][gc,phases      ] GC(95)   VM Weak                        Min:  0.0, Avg:  0.0, Max:  0.0, Diff:  0.0, Sum:  0.0, Workers: 4
[50.037s][debug][gc,phases      ] GC(95)     Dead                           Min: 0, Avg:  0.0, Max: 0, Diff: 0, Sum: 0, Workers: 4
[50.037s][debug][gc,phases      ] GC(95)     Total                          Min: 0, Avg: 164.2, Max: 657, Diff: 657, Sum: 657, Workers: 4
[50.037s][debug][gc,phases      ] GC(95)   ObjectSynchronizer Weak        Min:  0.0, Avg:  0.0, Max:  0.0, Diff:  0.0, Sum:  0.0, Workers: 4
[50.037s][debug][gc,phases      ] GC(95)     Dead                           Min: 0, Avg:  0.0, Max: 0, Diff: 0, Sum: 0, Workers: 4
[50.037s][debug][gc,phases      ] GC(95)     Total                          Min: 0, Avg: 75.8, Max: 256, Diff: 256, Sum: 303, Workers: 4
[50.037s][debug][gc,phases      ] GC(95)   JVMTI Tag Weak OopStorage      Min:  0.0, Avg:  0.0, Max:  0.0, Diff:  0.0, Sum:  0.0, Workers: 4
[50.037s][debug][gc,phases      ] GC(95)     Dead                           Min: 0, Avg:  0.0, Max: 0, Diff: 0, Sum: 0, Workers: 4
[50.037s][debug][gc,phases      ] GC(95)     Total                          Min: 0, Avg:  0.0, Max: 0, Diff: 0, Sum: 0, Workers: 4
[50.037s][debug][gc,phases      ] GC(95)   StringTable Weak               Min:  0.1, Avg:  0.1, Max:  0.2, Diff:  0.0, Sum:  0.5, Workers: 4
[50.037s][debug][gc,phases      ] GC(95)     Dead                           Min: 0, Avg:  0.0, Max: 0, Diff: 0, Sum: 0, Workers: 4
[50.037s][debug][gc,phases      ] GC(95)     Total                          Min: 5440, Avg: 11778.2, Max: 18953, Diff: 13513, Sum: 47113, Workers: 4
[50.037s][debug][gc,phases      ] GC(95)   ResolvedMethodTable Weak       Min:  0.0, Avg:  0.0, Max:  0.0, Diff:  0.0, Sum:  0.1, Workers: 4
[50.037s][debug][gc,phases      ] GC(95)     Dead                           Min: 0, Avg:  0.0, Max: 0, Diff: 0, Sum: 0, Workers: 4
[50.037s][debug][gc,phases      ] GC(95)     Total                          Min: 1799, Avg: 1975.0, Max: 2149, Diff: 350, Sum: 7900, Workers: 4
[50.037s][debug][gc,phases      ] GC(95)   JNI Weak                       Min:  0.0, Avg:  0.0, Max:  0.0, Diff:  0.0, Sum:  0.0, Workers: 4
[50.037s][debug][gc,phases      ] GC(95)     Dead                           Min: 0, Avg:  0.0, Max: 0, Diff: 0, Sum: 0, Workers: 4
[50.037s][debug][gc,phases      ] GC(95)     Total                          Min: 0, Avg:  0.0, Max: 0, Diff: 0, Sum: 0, Workers: 4
[50.037s][debug][gc,phases      ] GC(95)   StringDedup Table Weak         Min:  0.0, Avg:  0.0, Max:  0.0, Diff:  0.0, Sum:  0.0, Workers: 4
[50.037s][debug][gc,phases      ] GC(95)     Dead                           Min: 0, Avg:  0.0, Max: 0, Diff: 0, Sum: 0, Workers: 4
[50.037s][debug][gc,phases      ] GC(95)     Total                          Min: 0, Avg:  0.0, Max: 0, Diff: 0, Sum: 0, Workers: 4
[50.037s][debug][gc,phases      ] GC(95)   StringDedup Requests0 Weak     Min:  0.0, Avg:  0.0, Max:  0.0, Diff:  0.0, Sum:  0.0, Workers: 4
[50.037s][debug][gc,phases      ] GC(95)     Dead                           Min: 0, Avg:  0.0, Max: 0, Diff: 0, Sum: 0, Workers: 4
[50.037s][debug][gc,phases      ] GC(95)     Total                          Min: 0, Avg:  0.0, Max: 0, Diff: 0, Sum: 0, Workers: 4
[50.037s][debug][gc,phases      ] GC(95)   StringDedup Requests1 Weak     Min:  0.0, Avg:  0.0, Max:  0.0, Diff:  0.0, Sum:  0.0, Workers: 4
[50.037s][debug][gc,phases      ] GC(95)     Dead                           Min: 0, Avg:  0.0, Max: 0, Diff: 0, Sum: 0, Workers: 4
[50.037s][debug][gc,phases      ] GC(95)     Total                          Min: 0, Avg:  0.0, Max: 0, Diff: 0, Sum: 0, Workers: 4
[50.037s][debug][gc,phases      ] GC(95)   Weak JFR Old Object Samples    Min:  0.0, Avg:  0.0, Max:  0.0, Diff:  0.0, Sum:  0.0, Workers: 4
[50.037s][debug][gc,phases      ] GC(95)     Dead                           Min: 0, Avg:  0.0, Max: 0, Diff: 0, Sum: 0, Workers: 4
[50.037s][debug][gc,phases      ] GC(95)     Total                          Min: 0, Avg:  0.0, Max: 0, Diff: 0, Sum: 0, Workers: 4
[50.037s][debug][gc,phases      ] GC(95) Weak Processing 0.425ms
[50.037s][debug][gc,age         ] GC(95) Desired survivor size 127926272 bytes, new threshold 15 (max threshold 15)
[50.037s][info ][gc,heap        ] GC(95) PSYoungGen: 1855072K(1855488K)->992K(1971712K) Eden: 1854464K(1854464K)->0K(1847296K) From: 608K(1024K)->992K(124416K)
[50.037s][info ][gc,heap        ] GC(95) ParOldGen: 449458K(518656K)->449458K(518656K)
[50.037s][info ][gc,metaspace   ] GC(95) Metaspace: 80693K(81536K)->80693K(81536K) NonClass: 69188K(69632K)->69188K(69632K) Class: 11505K(11904K)->11505K(11904K)
[50.037s][info ][gc             ] GC(95) Pause Young (Allocation Failure) 2250M->439M(2432M) 2.320ms
[50.037s][info ][gc,cpu         ] GC(95) User=0.01s Sys=0.00s Real=0.01s
[50.037s][info ][safepoint      ] Safepoint "ParallelGCFailedAllocation", Time since last: 445792859 ns, Reaching safepoint: 162404 ns, At safepoint: 2431752 ns, Total: 2594156 ns
[50.482s][info ][gc,start       ] GC(96) Pause Young (Allocation Failure)
[50.484s][debug][gc,phases      ] GC(96) Scavenge 1.800ms
[50.484s][debug][gc,ref         ] GC(96) Skipped phase 1 of Reference Processing: no references
[50.484s][debug][gc,ref         ] GC(96) Skipped phase 2 of Reference Processing: no references
[50.484s][debug][gc,ref         ] GC(96) Skipped phase 3 of Reference Processing: no references
[50.484s][debug][gc,ref         ] GC(96) Skipped phase 4 of Reference Processing: no references
[50.484s][debug][gc,phases      ] GC(96) Reference Processing 0.024ms
[50.484s][debug][gc,phases      ] GC(96)   VM Weak                        Min:  0.0, Avg:  0.0, Max:  0.0, Diff:  0.0, Sum:  0.0, Workers: 4
[50.484s][debug][gc,phases      ] GC(96)     Dead                           Min: 0, Avg:  0.0, Max: 0, Diff: 0, Sum: 0, Workers: 4
[50.484s][debug][gc,phases      ] GC(96)     Total                          Min: 0, Avg: 164.2, Max: 657, Diff: 657, Sum: 657, Workers: 4
[50.484s][debug][gc,phases      ] GC(96)   ObjectSynchronizer Weak        Min:  0.0, Avg:  0.0, Max:  0.0, Diff:  0.0, Sum:  0.0, Workers: 4
[50.484s][debug][gc,phases      ] GC(96)     Dead                           Min: 0, Avg:  0.0, Max: 0, Diff: 0, Sum: 0, Workers: 4
[50.484s][debug][gc,phases      ] GC(96)     Total                          Min: 0, Avg: 75.8, Max: 256, Diff: 256, Sum: 303, Workers: 4
[50.484s][debug][gc,phases      ] GC(96)   JVMTI Tag Weak OopStorage      Min:  0.0, Avg:  0.0, Max:  0.0, Diff:  0.0, Sum:  0.0, Workers: 4
[50.484s][debug][gc,phases      ] GC(96)     Dead                           Min: 0, Avg:  0.0, Max: 0, Diff: 0, Sum: 0, Workers: 4
[50.484s][debug][gc,phases      ] GC(96)     Total                          Min: 0, Avg:  0.0, Max: 0, Diff: 0, Sum: 0, Workers: 4
[50.484s][debug][gc,phases      ] GC(96)   StringTable Weak               Min:  0.1, Avg:  0.1, Max:  0.1, Diff:  0.0, Sum:  0.4, Workers: 4
[50.484s][debug][gc,phases      ] GC(96)     Dead                           Min: 0, Avg:  0.0, Max: 0, Diff: 0, Sum: 0, Workers: 4
[50.484s][debug][gc,phases      ] GC(96)     Total                          Min: 11264, Avg: 11778.2, Max: 12297, Diff: 1033, Sum: 47113, Workers: 4
[50.484s][debug][gc,phases      ] GC(96)   ResolvedMethodTable Weak       Min:  0.0, Avg:  0.0, Max:  0.0, Diff:  0.0, Sum:  0.1, Workers: 4
[50.484s][debug][gc,phases      ] GC(96)     Dead                           Min: 0, Avg:  0.0, Max: 0, Diff: 0, Sum: 0, Workers: 4
[50.484s][debug][gc,phases      ] GC(96)     Total                          Min: 1742, Avg: 1975.0, Max: 2441, Diff: 699, Sum: 7900, Workers: 4
[50.484s][debug][gc,phases      ] GC(96)   JNI Weak                       Min:  0.0, Avg:  0.0, Max:  0.0, Diff:  0.0, Sum:  0.0, Workers: 4
[50.484s][debug][gc,phases      ] GC(96)     Dead                           Min: 0, Avg:  0.0, Max: 0, Diff: 0, Sum: 0, Workers: 4
[50.484s][debug][gc,phases      ] GC(96)     Total                          Min: 0, Avg:  0.0, Max: 0, Diff: 0, Sum: 0, Workers: 4
[50.484s][debug][gc,phases      ] GC(96)   StringDedup Table Weak         Min:  0.0, Avg:  0.0, Max:  0.0, Diff:  0.0, Sum:  0.0, Workers: 4
[50.484s][debug][gc,phases      ] GC(96)     Dead                           Min: 0, Avg:  0.0, Max: 0, Diff: 0, Sum: 0, Workers: 4
[50.484s][debug][gc,phases      ] GC(96)     Total                          Min: 0, Avg:  0.0, Max: 0, Diff: 0, Sum: 0, Workers: 4
[50.484s][debug][gc,phases      ] GC(96)   StringDedup Requests0 Weak     Min:  0.0, Avg:  0.0, Max:  0.0, Diff:  0.0, Sum:  0.0, Workers: 4
[50.484s][debug][gc,phases      ] GC(96)     Dead                           Min: 0, Avg:  0.0, Max: 0, Diff: 0, Sum: 0, Workers: 4
[50.484s][debug][gc,phases      ] GC(96)     Total                          Min: 0, Avg:  0.0, Max: 0, Diff: 0, Sum: 0, Workers: 4
[50.484s][debug][gc,phases      ] GC(96)   StringDedup Requests1 Weak     Min:  0.0, Avg:  0.0, Max:  0.0, Diff:  0.0, Sum:  0.0, Workers: 4
[50.484s][debug][gc,phases      ] GC(96)     Dead                           Min: 0, Avg:  0.0, Max: 0, Diff: 0, Sum: 0, Workers: 4
[50.484s][debug][gc,phases      ] GC(96)     Total                          Min: 0, Avg:  0.0, Max: 0, Diff: 0, Sum: 0, Workers: 4
[50.484s][debug][gc,phases      ] GC(96)   Weak JFR Old Object Samples    Min:  0.0, Avg:  0.0, Max:  0.0, Diff:  0.0, Sum:  0.0, Workers: 4
[50.484s][debug][gc,phases      ] GC(96)     Dead                           Min: 0, Avg:  0.0, Max: 0, Diff: 0, Sum: 0, Workers: 4
[50.484s][debug][gc,phases      ] GC(96)     Total                          Min: 0, Avg:  0.0, Max: 0, Diff: 0, Sum: 0, Workers: 4
[50.484s][debug][gc,phases      ] GC(96) Weak Processing 0.319ms
[50.484s][debug][gc,age         ] GC(96) Desired survivor size 127401984 bytes, new threshold 15 (max threshold 15)
[50.484s][info ][gc,heap        ] GC(96) PSYoungGen: 1848288K(1971712K)->1440K(1972224K) Eden: 1847296K(1847296K)->0K(1847296K) From: 992K(124416K)->1440K(124928K)
[50.484s][info ][gc,heap        ] GC(96) ParOldGen: 449458K(518656K)->449458K(518656K)
[50.484s][info ][gc,metaspace   ] GC(96) Metaspace: 80698K(81536K)->80698K(81536K) NonClass: 69192K(69632K)->69192K(69632K) Class: 11505K(11904K)->11505K(11904K)
[50.484s][info ][gc             ] GC(96) Pause Young (Allocation Failure) 2243M->440M(2432M) 2.268ms
[50.484s][info ][gc,cpu         ] GC(96) User=0.01s Sys=0.00s Real=0.00s
[50.484s][info ][safepoint      ] Safepoint "ParallelGCFailedAllocation", Time since last: 444092323 ns, Reaching safepoint: 62801 ns, At safepoint: 2373551 ns, Total: 2436352 ns
[50.894s][info ][gc,start       ] GC(97) Pause Young (Allocation Failure)
[50.896s][debug][gc,phases      ] GC(97) Scavenge 2.060ms
[50.896s][debug][gc,ref         ] GC(97) Skipped phase 1 of Reference Processing: no references
[50.896s][debug][gc,ref         ] GC(97) Skipped phase 2 of Reference Processing: no references
[50.896s][debug][gc,ref         ] GC(97) Skipped phase 3 of Reference Processing: no references
[50.896s][debug][gc,ref         ] GC(97) Skipped phase 4 of Reference Processing: no references
[50.896s][debug][gc,phases      ] GC(97) Reference Processing 0.023ms
[50.897s][debug][gc,phases      ] GC(97)   VM Weak                        Min:  0.0, Avg:  0.0, Max:  0.0, Diff:  0.0, Sum:  0.0, Workers: 4
[50.897s][debug][gc,phases      ] GC(97)     Dead                           Min: 0, Avg:  0.0, Max: 0, Diff: 0, Sum: 0, Workers: 4
[50.897s][debug][gc,phases      ] GC(97)     Total                          Min: 0, Avg: 164.2, Max: 512, Diff: 512, Sum: 657, Workers: 4
[50.897s][debug][gc,phases      ] GC(97)   ObjectSynchronizer Weak        Min:  0.0, Avg:  0.0, Max:  0.0, Diff:  0.0, Sum:  0.0, Workers: 4
[50.897s][debug][gc,phases      ] GC(97)     Dead                           Min: 0, Avg:  0.0, Max: 0, Diff: 0, Sum: 0, Workers: 4
[50.897s][debug][gc,phases      ] GC(97)     Total                          Min: 0, Avg: 75.8, Max: 175, Diff: 175, Sum: 303, Workers: 4
[50.897s][debug][gc,phases      ] GC(97)   JVMTI Tag Weak OopStorage      Min:  0.0, Avg:  0.0, Max:  0.0, Diff:  0.0, Sum:  0.0, Workers: 4
[50.897s][debug][gc,phases      ] GC(97)     Dead                           Min: 0, Avg:  0.0, Max: 0, Diff: 0, Sum: 0, Workers: 4
[50.897s][debug][gc,phases      ] GC(97)     Total                          Min: 0, Avg:  0.0, Max: 0, Diff: 0, Sum: 0, Workers: 4
[50.897s][debug][gc,phases      ] GC(97)   StringTable Weak               Min:  0.1, Avg:  0.1, Max:  0.1, Diff:  0.0, Sum:  0.4, Workers: 4
[50.897s][debug][gc,phases      ] GC(97)     Dead                           Min: 0, Avg:  0.0, Max: 0, Diff: 0, Sum: 0, Workers: 4
[50.897s][debug][gc,phases      ] GC(97)     Total                          Min: 11648, Avg: 11778.2, Max: 12041, Diff: 393, Sum: 47113, Workers: 4
[50.897s][debug][gc,phases      ] GC(97)   ResolvedMethodTable Weak       Min:  0.0, Avg:  0.0, Max:  0.0, Diff:  0.0, Sum:  0.1, Workers: 4
[50.897s][debug][gc,phases      ] GC(97)     Dead                           Min: 0, Avg:  0.0, Max: 0, Diff: 0, Sum: 0, Workers: 4
[50.897s][debug][gc,phases      ] GC(97)     Total                          Min: 1638, Avg: 1975.0, Max: 2227, Diff: 589, Sum: 7900, Workers: 4
[50.897s][debug][gc,phases      ] GC(97)   JNI Weak                       Min:  0.0, Avg:  0.0, Max:  0.0, Diff:  0.0, Sum:  0.0, Workers: 4
[50.897s][debug][gc,phases      ] GC(97)     Dead                           Min: 0, Avg:  0.0, Max: 0, Diff: 0, Sum: 0, Workers: 4
[50.897s][debug][gc,phases      ] GC(97)     Total                          Min: 0, Avg:  0.0, Max: 0, Diff: 0, Sum: 0, Workers: 4
[50.897s][debug][gc,phases      ] GC(97)   StringDedup Table Weak         Min:  0.0, Avg:  0.0, Max:  0.0, Diff:  0.0, Sum:  0.0, Workers: 4
[50.897s][debug][gc,phases      ] GC(97)     Dead                           Min: 0, Avg:  0.0, Max: 0, Diff: 0, Sum: 0, Workers: 4
[50.897s][debug][gc,phases      ] GC(97)     Total                          Min: 0, Avg:  0.0, Max: 0, Diff: 0, Sum: 0, Workers: 4
[50.897s][debug][gc,phases      ] GC(97)   StringDedup Requests0 Weak     Min:  0.0, Avg:  0.0, Max:  0.0, Diff:  0.0, Sum:  0.0, Workers: 4
[50.897s][debug][gc,phases      ] GC(97)     Dead                           Min: 0, Avg:  0.0, Max: 0, Diff: 0, Sum: 0, Workers: 4
[50.897s][debug][gc,phases      ] GC(97)     Total                          Min: 0, Avg:  0.0, Max: 0, Diff: 0, Sum: 0, Workers: 4
[50.897s][debug][gc,phases      ] GC(97)   StringDedup Requests1 Weak     Min:  0.0, Avg:  0.0, Max:  0.0, Diff:  0.0, Sum:  0.0, Workers: 4
[50.897s][debug][gc,phases      ] GC(97)     Dead                           Min: 0, Avg:  0.0, Max: 0, Diff: 0, Sum: 0, Workers: 4
[50.897s][debug][gc,phases      ] GC(97)     Total                          Min: 0, Avg:  0.0, Max: 0, Diff: 0, Sum: 0, Workers: 4
[50.897s][debug][gc,phases      ] GC(97)   Weak JFR Old Object Samples    Min:  0.0, Avg:  0.0, Max:  0.0, Diff:  0.0, Sum:  0.0, Workers: 4
[50.897s][debug][gc,phases      ] GC(97)     Dead                           Min: 0, Avg:  0.0, Max: 0, Diff: 0, Sum: 0, Workers: 4
[50.897s][debug][gc,phases      ] GC(97)     Total                          Min: 0, Avg:  0.0, Max: 0, Diff: 0, Sum: 0, Workers: 4
[50.897s][debug][gc,phases      ] GC(97) Weak Processing 0.309ms
[50.897s][debug][gc,age         ] GC(97) Desired survivor size 125304832 bytes, new threshold 15 (max threshold 15)
[50.897s][info ][gc,heap        ] GC(97) PSYoungGen: 1848736K(1972224K)->1984K(1974784K) Eden: 1847296K(1847296K)->0K(1850368K) From: 1440K(124928K)->1984K(124416K)
[50.897s][info ][gc,heap        ] GC(97) ParOldGen: 449458K(518656K)->449458K(518656K)
[50.897s][info ][gc,metaspace   ] GC(97) Metaspace: 80700K(81536K)->80700K(81536K) NonClass: 69194K(69632K)->69194K(69632K) Class: 11505K(11904K)->11505K(11904K)
[50.897s][info ][gc             ] GC(97) Pause Young (Allocation Failure) 2244M->440M(2435M) 2.517ms
[50.897s][info ][gc,cpu         ] GC(97) User=0.01s Sys=0.00s Real=0.01s
[50.897s][info ][safepoint      ] Safepoint "ParallelGCFailedAllocation", Time since last: 410171096 ns, Reaching safepoint: 65701 ns, At safepoint: 2614657 ns, Total: 2680358 ns
[51.331s][info ][gc,start       ] GC(98) Pause Young (Allocation Failure)
[51.334s][debug][gc,phases      ] GC(98) Scavenge 2.243ms
[51.334s][debug][gc,ref         ] GC(98) Skipped phase 1 of Reference Processing: no references
[51.334s][debug][gc,ref         ] GC(98) Skipped phase 2 of Reference Processing: no references
[51.334s][debug][gc,ref         ] GC(98) Skipped phase 3 of Reference Processing: no references
[51.334s][debug][gc,ref         ] GC(98) Skipped phase 4 of Reference Processing: no references
[51.334s][debug][gc,phases      ] GC(98) Reference Processing 0.023ms
[51.334s][debug][gc,phases      ] GC(98)   VM Weak                        Min:  0.0, Avg:  0.0, Max:  0.0, Diff:  0.0, Sum:  0.0, Workers: 4
[51.334s][debug][gc,phases      ] GC(98)     Dead                           Min: 0, Avg:  0.0, Max: 0, Diff: 0, Sum: 0, Workers: 4
[51.334s][debug][gc,phases      ] GC(98)     Total                          Min: 0, Avg: 164.2, Max: 337, Diff: 337, Sum: 657, Workers: 4
[51.334s][debug][gc,phases      ] GC(98)   ObjectSynchronizer Weak        Min:  0.0, Avg:  0.0, Max:  0.0, Diff:  0.0, Sum:  0.0, Workers: 4
[51.334s][debug][gc,phases      ] GC(98)     Dead                           Min: 0, Avg:  0.0, Max: 0, Diff: 0, Sum: 0, Workers: 4
[51.334s][debug][gc,phases      ] GC(98)     Total                          Min: 0, Avg: 75.8, Max: 192, Diff: 192, Sum: 303, Workers: 4
[51.334s][debug][gc,phases      ] GC(98)   JVMTI Tag Weak OopStorage      Min:  0.0, Avg:  0.0, Max:  0.0, Diff:  0.0, Sum:  0.0, Workers: 4
[51.334s][debug][gc,phases      ] GC(98)     Dead                           Min: 0, Avg:  0.0, Max: 0, Diff: 0, Sum: 0, Workers: 4
[51.334s][debug][gc,phases      ] GC(98)     Total                          Min: 0, Avg:  0.0, Max: 0, Diff: 0, Sum: 0, Workers: 4
[51.334s][debug][gc,phases      ] GC(98)   StringTable Weak               Min:  0.1, Avg:  0.1, Max:  0.1, Diff:  0.0, Sum:  0.4, Workers: 4
[51.334s][debug][gc,phases      ] GC(98)     Dead                           Min: 0, Avg:  0.0, Max: 0, Diff: 0, Sum: 0, Workers: 4
[51.334s][debug][gc,phases      ] GC(98)     Total                          Min: 10825, Avg: 11778.2, Max: 12352, Diff: 1527, Sum: 47113, Workers: 4
[51.334s][debug][gc,phases      ] GC(98)   ResolvedMethodTable Weak       Min:  0.0, Avg:  0.0, Max:  0.0, Diff:  0.0, Sum:  0.1, Workers: 4
[51.334s][debug][gc,phases      ] GC(98)     Dead                           Min: 0, Avg:  0.0, Max: 0, Diff: 0, Sum: 0, Workers: 4
[51.334s][debug][gc,phases      ] GC(98)     Total                          Min: 1685, Avg: 1975.0, Max: 2214, Diff: 529, Sum: 7900, Workers: 4
[51.334s][debug][gc,phases      ] GC(98)   JNI Weak                       Min:  0.0, Avg:  0.0, Max:  0.0, Diff:  0.0, Sum:  0.0, Workers: 4
[51.334s][debug][gc,phases      ] GC(98)     Dead                           Min: 0, Avg:  0.0, Max: 0, Diff: 0, Sum: 0, Workers: 4
[51.334s][debug][gc,phases      ] GC(98)     Total                          Min: 0, Avg:  0.0, Max: 0, Diff: 0, Sum: 0, Workers: 4
[51.334s][debug][gc,phases      ] GC(98)   StringDedup Table Weak         Min:  0.0, Avg:  0.0, Max:  0.0, Diff:  0.0, Sum:  0.0, Workers: 4
[51.334s][debug][gc,phases      ] GC(98)     Dead                           Min: 0, Avg:  0.0, Max: 0, Diff: 0, Sum: 0, Workers: 4
[51.334s][debug][gc,phases      ] GC(98)     Total                          Min: 0, Avg:  0.0, Max: 0, Diff: 0, Sum: 0, Workers: 4
[51.334s][debug][gc,phases      ] GC(98)   StringDedup Requests0 Weak     Min:  0.0, Avg:  0.0, Max:  0.0, Diff:  0.0, Sum:  0.0, Workers: 4
[51.334s][debug][gc,phases      ] GC(98)     Dead                           Min: 0, Avg:  0.0, Max: 0, Diff: 0, Sum: 0, Workers: 4
[51.334s][debug][gc,phases      ] GC(98)     Total                          Min: 0, Avg:  0.0, Max: 0, Diff: 0, Sum: 0, Workers: 4
[51.334s][debug][gc,phases      ] GC(98)   StringDedup Requests1 Weak     Min:  0.0, Avg:  0.0, Max:  0.0, Diff:  0.0, Sum:  0.0, Workers: 4
[51.334s][debug][gc,phases      ] GC(98)     Dead                           Min: 0, Avg:  0.0, Max: 0, Diff: 0, Sum: 0, Workers: 4
[51.334s][debug][gc,phases      ] GC(98)     Total                          Min: 0, Avg:  0.0, Max: 0, Diff: 0, Sum: 0, Workers: 4
[51.334s][debug][gc,phases      ] GC(98)   Weak JFR Old Object Samples    Min:  0.0, Avg:  0.0, Max:  0.0, Diff:  0.0, Sum:  0.0, Workers: 4
[51.334s][debug][gc,phases      ] GC(98)     Dead                           Min: 0, Avg:  0.0, Max: 0, Diff: 0, Sum: 0, Workers: 4
[51.334s][debug][gc,phases      ] GC(98)     Total                          Min: 0, Avg:  0.0, Max: 0, Diff: 0, Sum: 0, Workers: 4
[51.334s][debug][gc,phases      ] GC(98) Weak Processing 0.303ms
[51.334s][debug][gc,age         ] GC(98) Desired survivor size 122683392 bytes, new threshold 15 (max threshold 15)
[51.334s][info ][gc,heap        ] GC(98) PSYoungGen: 1852352K(1974784K)->2528K(1972736K) Eden: 1850368K(1850368K)->0K(1850368K) From: 1984K(124416K)->2528K(122368K)
[51.334s][info ][gc,heap        ] GC(98) ParOldGen: 449458K(518656K)->449458K(518656K)
[51.334s][info ][gc,metaspace   ] GC(98) Metaspace: 80700K(81536K)->80700K(81536K) NonClass: 69194K(69632K)->69194K(69632K) Class: 11505K(11904K)->11505K(11904K)
[51.334s][info ][gc             ] GC(98) Pause Young (Allocation Failure) 2247M->441M(2433M) 2.683ms
[51.334s][info ][gc,cpu         ] GC(98) User=0.01s Sys=0.00s Real=0.00s
[51.334s][info ][safepoint      ] Safepoint "ParallelGCFailedAllocation", Time since last: 434459516 ns, Reaching safepoint: 146403 ns, At safepoint: 2791660 ns, Total: 2938063 ns
[51.781s][info ][gc,start       ] GC(99) Pause Young (Allocation Failure)
[51.784s][debug][gc,phases      ] GC(99) Scavenge 2.633ms
[51.784s][debug][gc,ref         ] GC(99) Skipped phase 1 of Reference Processing: no references
[51.784s][debug][gc,ref         ] GC(99) Skipped phase 2 of Reference Processing: no references
[51.784s][debug][gc,ref         ] GC(99) Skipped phase 3 of Reference Processing: no references
[51.784s][debug][gc,ref         ] GC(99) Skipped phase 4 of Reference Processing: no references
[51.784s][debug][gc,phases      ] GC(99) Reference Processing 0.024ms
[51.784s][debug][gc,phases      ] GC(99)   VM Weak                        Min:  0.0, Avg:  0.0, Max:  0.0, Diff:  0.0, Sum:  0.0, Workers: 4
[51.784s][debug][gc,phases      ] GC(99)     Dead                           Min: 0, Avg:  0.0, Max: 0, Diff: 0, Sum: 0, Workers: 4
[51.784s][debug][gc,phases      ] GC(99)     Total                          Min: 0, Avg: 164.2, Max: 448, Diff: 448, Sum: 657, Workers: 4
[51.784s][debug][gc,phases      ] GC(99)   ObjectSynchronizer Weak        Min:  0.0, Avg:  0.0, Max:  0.0, Diff:  0.0, Sum:  0.0, Workers: 4
[51.784s][debug][gc,phases      ] GC(99)     Dead                           Min: 0, Avg:  0.0, Max: 0, Diff: 0, Sum: 0, Workers: 4
[51.784s][debug][gc,phases      ] GC(99)     Total                          Min: 0, Avg: 75.8, Max: 192, Diff: 192, Sum: 303, Workers: 4
[51.784s][debug][gc,phases      ] GC(99)   JVMTI Tag Weak OopStorage      Min:  0.0, Avg:  0.0, Max:  0.0, Diff:  0.0, Sum:  0.0, Workers: 4
[51.784s][debug][gc,phases      ] GC(99)     Dead                           Min: 0, Avg:  0.0, Max: 0, Diff: 0, Sum: 0, Workers: 4
[51.784s][debug][gc,phases      ] GC(99)     Total                          Min: 0, Avg:  0.0, Max: 0, Diff: 0, Sum: 0, Workers: 4
[51.784s][debug][gc,phases      ] GC(99)   StringTable Weak               Min:  0.1, Avg:  0.1, Max:  0.1, Diff:  0.0, Sum:  0.4, Workers: 4
[51.784s][debug][gc,phases      ] GC(99)     Dead                           Min: 0, Avg:  0.0, Max: 0, Diff: 0, Sum: 0, Workers: 4
[51.784s][debug][gc,phases      ] GC(99)     Total                          Min: 10816, Avg: 11778.5, Max: 13184, Diff: 2368, Sum: 47114, Workers: 4
[51.784s][debug][gc,phases      ] GC(99)   ResolvedMethodTable Weak       Min:  0.0, Avg:  0.0, Max:  0.0, Diff:  0.0, Sum:  0.1, Workers: 4
[51.784s][debug][gc,phases      ] GC(99)     Dead                           Min: 0, Avg:  0.0, Max: 0, Diff: 0, Sum: 0, Workers: 4
[51.784s][debug][gc,phases      ] GC(99)     Total                          Min: 1831, Avg: 1975.0, Max: 2122, Diff: 291, Sum: 7900, Workers: 4
[51.784s][debug][gc,phases      ] GC(99)   JNI Weak                       Min:  0.0, Avg:  0.0, Max:  0.0, Diff:  0.0, Sum:  0.0, Workers: 4
[51.784s][debug][gc,phases      ] GC(99)     Dead                           Min: 0, Avg:  0.0, Max: 0, Diff: 0, Sum: 0, Workers: 4
[51.784s][debug][gc,phases      ] GC(99)     Total                          Min: 0, Avg:  0.0, Max: 0, Diff: 0, Sum: 0, Workers: 4
[51.784s][debug][gc,phases      ] GC(99)   StringDedup Table Weak         Min:  0.0, Avg:  0.0, Max:  0.0, Diff:  0.0, Sum:  0.0, Workers: 4
[51.784s][debug][gc,phases      ] GC(99)     Dead                           Min: 0, Avg:  0.0, Max: 0, Diff: 0, Sum: 0, Workers: 4
[51.784s][debug][gc,phases      ] GC(99)     Total                          Min: 0, Avg:  0.0, Max: 0, Diff: 0, Sum: 0, Workers: 4
[51.784s][debug][gc,phases      ] GC(99)   StringDedup Requests0 Weak     Min:  0.0, Avg:  0.0, Max:  0.0, Diff:  0.0, Sum:  0.0, Workers: 4
[51.784s][debug][gc,phases      ] GC(99)     Dead                           Min: 0, Avg:  0.0, Max: 0, Diff: 0, Sum: 0, Workers: 4
[51.784s][debug][gc,phases      ] GC(99)     Total                          Min: 0, Avg:  0.0, Max: 0, Diff: 0, Sum: 0, Workers: 4
[51.784s][debug][gc,phases      ] GC(99)   StringDedup Requests1 Weak     Min:  0.0, Avg:  0.0, Max:  0.0, Diff:  0.0, Sum:  0.0, Workers: 4
[51.784s][debug][gc,phases      ] GC(99)     Dead                           Min: 0, Avg:  0.0, Max: 0, Diff: 0, Sum: 0, Workers: 4
[51.784s][debug][gc,phases      ] GC(99)     Total                          Min: 0, Avg:  0.0, Max: 0, Diff: 0, Sum: 0, Workers: 4
[51.784s][debug][gc,phases      ] GC(99)   Weak JFR Old Object Samples    Min:  0.0, Avg:  0.0, Max:  0.0, Diff:  0.0, Sum:  0.0, Workers: 4
[51.784s][debug][gc,phases      ] GC(99)     Dead                           Min: 0, Avg:  0.0, Max: 0, Diff: 0, Sum: 0, Workers: 4
[51.784s][debug][gc,phases      ] GC(99)     Total                          Min: 0, Avg:  0.0, Max: 0, Diff: 0, Sum: 0, Workers: 4
[51.784s][debug][gc,phases      ] GC(99) Weak Processing 0.309ms
[51.784s][debug][gc,age         ] GC(99) Desired survivor size 119013376 bytes, new threshold 15 (max threshold 15)
[51.784s][info ][gc,heap        ] GC(99) PSYoungGen: 1852896K(1972736K)->3136K(1980928K) Eden: 1850368K(1850368K)->0K(1861120K) From: 2528K(122368K)->3136K(119808K)
[51.784s][info ][gc,heap        ] GC(99) ParOldGen: 449458K(518656K)->449466K(518656K)
[51.784s][info ][gc,metaspace   ] GC(99) Metaspace: 80701K(81536K)->80701K(81536K) NonClass: 69196K(69632K)->69196K(69632K) Class: 11505K(11904K)->11505K(11904K)
[51.784s][info ][gc             ] GC(99) Pause Young (Allocation Failure) 2248M->441M(2441M) 3.096ms
[51.784s][info ][gc,cpu         ] GC(99) User=0.01s Sys=0.00s Real=0.00s
[51.785s][info ][safepoint      ] Safepoint "ParallelGCFailedAllocation", Time since last: 446928684 ns, Reaching safepoint: 143704 ns, At safepoint: 3226369 ns, Total: 3370073 ns
[52.258s][info ][gc,start       ] GC(100) Pause Young (Allocation Failure)
[52.261s][debug][gc,phases      ] GC(100) Scavenge 3.239ms
[52.261s][debug][gc,ref         ] GC(100) Skipped phase 1 of Reference Processing: no references
[52.261s][debug][gc,ref         ] GC(100) Skipped phase 2 of Reference Processing: no references
[52.261s][debug][gc,ref         ] GC(100) Skipped phase 3 of Reference Processing: no references
[52.261s][debug][gc,ref         ] GC(100) Skipped phase 4 of Reference Processing: no references
[52.261s][debug][gc,phases      ] GC(100) Reference Processing 0.039ms
[52.261s][debug][gc,phases      ] GC(100)   VM Weak                        Min:  0.0, Avg:  0.0, Max:  0.0, Diff:  0.0, Sum:  0.0, Workers: 4
[52.261s][debug][gc,phases      ] GC(100)     Dead                           Min: 0, Avg:  0.0, Max: 0, Diff: 0, Sum: 0, Workers: 4
[52.261s][debug][gc,phases      ] GC(100)     Total                          Min: 0, Avg: 164.2, Max: 593, Diff: 593, Sum: 657, Workers: 4
[52.261s][debug][gc,phases      ] GC(100)   ObjectSynchronizer Weak        Min:  0.0, Avg:  0.0, Max:  0.0, Diff:  0.0, Sum:  0.0, Workers: 4
[52.261s][debug][gc,phases      ] GC(100)     Dead                           Min: 0, Avg:  0.0, Max: 0, Diff: 0, Sum: 0, Workers: 4
[52.261s][debug][gc,phases      ] GC(100)     Total                          Min: 0, Avg: 75.8, Max: 175, Diff: 175, Sum: 303, Workers: 4
[52.261s][debug][gc,phases      ] GC(100)   JVMTI Tag Weak OopStorage      Min:  0.0, Avg:  0.0, Max:  0.0, Diff:  0.0, Sum:  0.0, Workers: 4
[52.261s][debug][gc,phases      ] GC(100)     Dead                           Min: 0, Avg:  0.0, Max: 0, Diff: 0, Sum: 0, Workers: 4
[52.261s][debug][gc,phases      ] GC(100)     Total                          Min: 0, Avg:  0.0, Max: 0, Diff: 0, Sum: 0, Workers: 4
[52.261s][debug][gc,phases      ] GC(100)   StringTable Weak               Min:  0.1, Avg:  0.1, Max:  0.1, Diff:  0.0, Sum:  0.4, Workers: 4
[52.261s][debug][gc,phases      ] GC(100)     Dead                           Min: 0, Avg:  0.0, Max: 0, Diff: 0, Sum: 0, Workers: 4
[52.261s][debug][gc,phases      ] GC(100)     Total                          Min: 10624, Avg: 11784.2, Max: 12961, Diff: 2337, Sum: 47137, Workers: 4
[52.261s][debug][gc,phases      ] GC(100)   ResolvedMethodTable Weak       Min:  0.0, Avg:  0.0, Max:  0.0, Diff:  0.0, Sum:  0.1, Workers: 4
[52.261s][debug][gc,phases      ] GC(100)     Dead                           Min: 0, Avg:  0.0, Max: 0, Diff: 0, Sum: 0, Workers: 4
[52.261s][debug][gc,phases      ] GC(100)     Total                          Min: 1831, Avg: 1975.0, Max: 2170, Diff: 339, Sum: 7900, Workers: 4
[52.261s][debug][gc,phases      ] GC(100)   JNI Weak                       Min:  0.0, Avg:  0.0, Max:  0.0, Diff:  0.0, Sum:  0.0, Workers: 4
[52.261s][debug][gc,phases      ] GC(100)     Dead                           Min: 0, Avg:  0.0, Max: 0, Diff: 0, Sum: 0, Workers: 4
[52.261s][debug][gc,phases      ] GC(100)     Total                          Min: 0, Avg:  0.0, Max: 0, Diff: 0, Sum: 0, Workers: 4
[52.261s][debug][gc,phases      ] GC(100)   StringDedup Table Weak         Min:  0.0, Avg:  0.0, Max:  0.0, Diff:  0.0, Sum:  0.0, Workers: 4
[52.261s][debug][gc,phases      ] GC(100)     Dead                           Min: 0, Avg:  0.0, Max: 0, Diff: 0, Sum: 0, Workers: 4
[52.261s][debug][gc,phases      ] GC(100)     Total                          Min: 0, Avg:  0.0, Max: 0, Diff: 0, Sum: 0, Workers: 4
[52.261s][debug][gc,phases      ] GC(100)   StringDedup Requests0 Weak     Min:  0.0, Avg:  0.0, Max:  0.0, Diff:  0.0, Sum:  0.0, Workers: 4
[52.261s][debug][gc,phases      ] GC(100)     Dead                           Min: 0, Avg:  0.0, Max: 0, Diff: 0, Sum: 0, Workers: 4
[52.261s][debug][gc,phases      ] GC(100)     Total                          Min: 0, Avg:  0.0, Max: 0, Diff: 0, Sum: 0, Workers: 4
[52.261s][debug][gc,phases      ] GC(100)   StringDedup Requests1 Weak     Min:  0.0, Avg:  0.0, Max:  0.0, Diff:  0.0, Sum:  0.0, Workers: 4
[52.261s][debug][gc,phases      ] GC(100)     Dead                           Min: 0, Avg:  0.0, Max: 0, Diff: 0, Sum: 0, Workers: 4
[52.261s][debug][gc,phases      ] GC(100)     Total                          Min: 0, Avg:  0.0, Max: 0, Diff: 0, Sum: 0, Workers: 4
[52.261s][debug][gc,phases      ] GC(100)   Weak JFR Old Object Samples    Min:  0.0, Avg:  0.0, Max:  0.0, Diff:  0.0, Sum:  0.0, Workers: 4
[52.261s][debug][gc,phases      ] GC(100)     Dead                           Min: 0, Avg:  0.0, Max: 0, Diff: 0, Sum: 0, Workers: 4
[52.261s][debug][gc,phases      ] GC(100)     Total                          Min: 0, Avg:  0.0, Max: 0, Diff: 0, Sum: 0, Workers: 4
[52.261s][debug][gc,phases      ] GC(100) Weak Processing 0.302ms
[52.261s][debug][gc,age         ] GC(100) Desired survivor size 114819072 bytes, new threshold 15 (max threshold 15)
[52.261s][info ][gc,heap        ] GC(100) PSYoungGen: 1864256K(1980928K)->4320K(1977344K) Eden: 1861120K(1861120K)->0K(1861120K) From: 3136K(119808K)->4320K(116224K)
[52.261s][info ][gc,heap        ] GC(100) ParOldGen: 449466K(518656K)->449466K(518656K)
[52.261s][info ][gc,metaspace   ] GC(100) Metaspace: 80704K(81536K)->80704K(81536K) NonClass: 69199K(69632K)->69199K(69632K) Class: 11505K(11904K)->11505K(11904K)
[52.261s][info ][gc             ] GC(100) Pause Young (Allocation Failure) 2259M->443M(2437M) 3.698ms
[52.261s][info ][gc,cpu         ] GC(100) User=0.02s Sys=0.00s Real=0.00s
[52.261s][info ][safepoint      ] Safepoint "ParallelGCFailedAllocation", Time since last: 471971521 ns, Reaching safepoint: 1040522 ns, At safepoint: 3805782 ns, Total: 4846304 ns
[53.261s][info ][safepoint      ] Safepoint "Cleanup", Time since last: 1000034546 ns, Reaching safepoint: 71802 ns, At safepoint: 5500 ns, Total: 77302 ns
[54.262s][info ][safepoint      ] Safepoint "Cleanup", Time since last: 1000112648 ns, Reaching safepoint: 82702 ns, At safepoint: 8700 ns, Total: 91402 ns
[55.262s][info ][safepoint      ] Safepoint "Cleanup", Time since last: 1000106749 ns, Reaching safepoint: 76602 ns, At safepoint: 8300 ns, Total: 84902 ns
[56.262s][info ][safepoint      ] Safepoint "Cleanup", Time since last: 1000108349 ns, Reaching safepoint: 76402 ns, At safepoint: 7500 ns, Total: 83902 ns
[57.262s][info ][safepoint      ] Safepoint "Cleanup", Time since last: 1000113450 ns, Reaching safepoint: 51401 ns, At safepoint: 6200 ns, Total: 57601 ns
[57.918s][info ][safepoint      ] Safepoint "ICBufferFull", Time since last: 655774666 ns, Reaching safepoint: 261205 ns, At safepoint: 36201 ns, Total: 297406 ns
[58.016s][info ][safepoint      ] Safepoint "ICBufferFull", Time since last: 97251686 ns, Reaching safepoint: 401009 ns, At safepoint: 12900 ns, Total: 413909 ns
[58.332s][info ][safepoint      ] Safepoint "ICBufferFull", Time since last: 316115180 ns, Reaching safepoint: 282406 ns, At safepoint: 8500 ns, Total: 290906 ns
[59.279s][info ][safepoint      ] Safepoint "ICBufferFull", Time since last: 946218796 ns, Reaching safepoint: 215404 ns, At safepoint: 11301 ns, Total: 226705 ns
[59.936s][info ][safepoint      ] Safepoint "ICBufferFull", Time since last: 657333199 ns, Reaching safepoint: 225905 ns, At safepoint: 6700 ns, Total: 232605 ns
[60.928s][info ][safepoint      ] Safepoint "ICBufferFull", Time since last: 991792574 ns, Reaching safepoint: 200404 ns, At safepoint: 8401 ns, Total: 208805 ns
[60.929s][info ][safepoint      ] Safepoint "ICBufferFull", Time since last: 71601 ns, Reaching safepoint: 88002 ns, At safepoint: 5000 ns, Total: 93002 ns
[61.929s][info ][safepoint      ] Safepoint "Cleanup", Time since last: 1000079152 ns, Reaching safepoint: 148804 ns, At safepoint: 11900 ns, Total: 160704 ns
[62.835s][info ][safepoint      ] Safepoint "ICBufferFull", Time since last: 905830331 ns, Reaching safepoint: 187104 ns, At safepoint: 9900 ns, Total: 197004 ns
[63.835s][info ][safepoint      ] Safepoint "Cleanup", Time since last: 1000136155 ns, Reaching safepoint: 117302 ns, At safepoint: 9300 ns, Total: 126602 ns
[65.431s][info ][safepoint      ] Safepoint "ICBufferFull", Time since last: 1595248723 ns, Reaching safepoint: 257305 ns, At safepoint: 12100 ns, Total: 269405 ns
[66.431s][info ][safepoint      ] Safepoint "Cleanup", Time since last: 1000127456 ns, Reaching safepoint: 167404 ns, At safepoint: 8800 ns, Total: 176204 ns
[67.431s][info ][safepoint      ] Safepoint "Cleanup", Time since last: 1000111556 ns, Reaching safepoint: 103303 ns, At safepoint: 8600 ns, Total: 111903 ns
[68.431s][info ][safepoint      ] Safepoint "Cleanup", Time since last: 1000140657 ns, Reaching safepoint: 159804 ns, At safepoint: 8600 ns, Total: 168404 ns
[69.432s][info ][safepoint      ] Safepoint "Cleanup", Time since last: 1000221560 ns, Reaching safepoint: 216804 ns, At safepoint: 17201 ns, Total: 234005 ns
[70.432s][info ][safepoint      ] Safepoint "Cleanup", Time since last: 1000120458 ns, Reaching safepoint: 140203 ns, At safepoint: 8700 ns, Total: 148903 ns
[71.433s][info ][safepoint      ] Safepoint "Cleanup", Time since last: 1000124559 ns, Reaching safepoint: 233005 ns, At safepoint: 15500 ns, Total: 248505 ns
[72.433s][info ][safepoint      ] Safepoint "Cleanup", Time since last: 1000116260 ns, Reaching safepoint: 129602 ns, At safepoint: 9901 ns, Total: 139503 ns
[73.433s][info ][safepoint      ] Safepoint "Cleanup", Time since last: 1000111760 ns, Reaching safepoint: 155503 ns, At safepoint: 13900 ns, Total: 169403 ns
[74.433s][info ][safepoint      ] Safepoint "Cleanup", Time since last: 1000116461 ns, Reaching safepoint: 150803 ns, At safepoint: 10100 ns, Total: 160903 ns
[75.683s][info ][safepoint      ] Safepoint "Cleanup", Time since last: 1249156405 ns, Reaching safepoint: 233705 ns, At safepoint: 8201 ns, Total: 241906 ns
[76.683s][info ][safepoint      ] Safepoint "Cleanup", Time since last: 1000116261 ns, Reaching safepoint: 208005 ns, At safepoint: 10500 ns, Total: 218505 ns
[77.683s][info ][safepoint      ] Safepoint "Cleanup", Time since last: 1000115362 ns, Reaching safepoint: 196005 ns, At safepoint: 10000 ns, Total: 206005 ns
[78.684s][info ][safepoint      ] Safepoint "Cleanup", Time since last: 1000073962 ns, Reaching safepoint: 113902 ns, At safepoint: 9401 ns, Total: 123303 ns
[79.684s][info ][safepoint      ] Safepoint "Cleanup", Time since last: 1000118563 ns, Reaching safepoint: 107103 ns, At safepoint: 16800 ns, Total: 123903 ns
[80.684s][info ][safepoint      ] Safepoint "Cleanup", Time since last: 1000108864 ns, Reaching safepoint: 67301 ns, At safepoint: 6500 ns, Total: 73801 ns
[81.684s][info ][safepoint      ] Safepoint "Cleanup", Time since last: 1000112465 ns, Reaching safepoint: 84902 ns, At safepoint: 12200 ns, Total: 97102 ns
[83.257s][info ][safepoint      ] Safepoint "Cleanup", Time since last: 1572278146 ns, Reaching safepoint: 87602 ns, At safepoint: 7300 ns, Total: 94902 ns
[84.815s][info ][safepoint      ] Safepoint "Cleanup", Time since last: 1558594753 ns, Reaching safepoint: 74802 ns, At safepoint: 2900 ns, Total: 77702 ns
[85.815s][info ][safepoint      ] Safepoint "Cleanup", Time since last: 1000117667 ns, Reaching safepoint: 56601 ns, At safepoint: 5101 ns, Total: 61702 ns
[86.816s][info ][safepoint      ] Safepoint "Cleanup", Time since last: 1000122667 ns, Reaching safepoint: 62502 ns, At safepoint: 3600 ns, Total: 66102 ns
[87.816s][info ][safepoint      ] Safepoint "Cleanup", Time since last: 1000106568 ns, Reaching safepoint: 73801 ns, At safepoint: 10101 ns, Total: 83902 ns
[88.138s][info ][gc,start       ] GC(101) Pause Young (Allocation Failure)
[88.147s][debug][gc,phases      ] GC(101) Scavenge 8.606ms
[88.147s][debug][gc,ref         ] GC(101) Skipped phase 1 of Reference Processing: no references
[88.147s][debug][gc,ref         ] GC(101) ReferenceProcessor::execute queues: 1, RefProcThreadModel::Single, marks_oops_alive: false
[88.147s][debug][gc,ref         ] GC(101) ReferenceProcessor::execute queues: 4, RefProcThreadModel::Multi, marks_oops_alive: true
[88.147s][debug][gc,ref         ] GC(101) ReferenceProcessor::execute queues: 1, RefProcThreadModel::Single, marks_oops_alive: false
[88.147s][debug][gc,phases      ] GC(101) Reference Processing 0.215ms
[88.147s][debug][gc,phases      ] GC(101)   VM Weak                        Min:  0.0, Avg:  0.0, Max:  0.0, Diff:  0.0, Sum:  0.0, Workers: 4
[88.147s][debug][gc,phases      ] GC(101)     Dead                           Min: 0, Avg:  0.0, Max: 0, Diff: 0, Sum: 0, Workers: 4
[88.147s][debug][gc,phases      ] GC(101)     Total                          Min: 0, Avg: 165.5, Max: 406, Diff: 406, Sum: 662, Workers: 4
[88.147s][debug][gc,phases      ] GC(101)   ObjectSynchronizer Weak        Min:  0.0, Avg:  0.0, Max:  0.0, Diff:  0.0, Sum:  0.0, Workers: 4
[88.147s][debug][gc,phases      ] GC(101)     Dead                           Min: 0, Avg:  0.0, Max: 0, Diff: 0, Sum: 0, Workers: 4
[88.147s][debug][gc,phases      ] GC(101)     Total                          Min: 0, Avg: 77.2, Max: 192, Diff: 192, Sum: 309, Workers: 4
[88.147s][debug][gc,phases      ] GC(101)   JVMTI Tag Weak OopStorage      Min:  0.0, Avg:  0.0, Max:  0.0, Diff:  0.0, Sum:  0.0, Workers: 4
[88.147s][debug][gc,phases      ] GC(101)     Dead                           Min: 0, Avg:  0.0, Max: 0, Diff: 0, Sum: 0, Workers: 4
[88.147s][debug][gc,phases      ] GC(101)     Total                          Min: 0, Avg:  0.0, Max: 0, Diff: 0, Sum: 0, Workers: 4
[88.147s][debug][gc,phases      ] GC(101)   StringTable Weak               Min:  0.1, Avg:  0.1, Max:  0.1, Diff:  0.0, Sum:  0.4, Workers: 4
[88.147s][debug][gc,phases      ] GC(101)     Dead                           Min: 0, Avg:  0.2, Max: 1, Diff: 1, Sum: 1, Workers: 4
[88.147s][debug][gc,phases      ] GC(101)     Total                          Min: 11107, Avg: 11912.8, Max: 13184, Diff: 2077, Sum: 47651, Workers: 4
[88.148s][debug][gc,phases      ] GC(101)   ResolvedMethodTable Weak       Min:  0.0, Avg:  0.0, Max:  0.0, Diff:  0.0, Sum:  0.1, Workers: 4
[88.148s][debug][gc,phases      ] GC(101)     Dead                           Min: 0, Avg:  4.5, Max: 18, Diff: 18, Sum: 18, Workers: 4
[88.148s][debug][gc,phases      ] GC(101)     Total                          Min: 1742, Avg: 1989.8, Max: 2226, Diff: 484, Sum: 7959, Workers: 4
[88.148s][debug][gc,phases      ] GC(101)   JNI Weak                       Min:  0.0, Avg:  0.0, Max:  0.0, Diff:  0.0, Sum:  0.0, Workers: 4
[88.148s][debug][gc,phases      ] GC(101)     Dead                           Min: 0, Avg:  0.0, Max: 0, Diff: 0, Sum: 0, Workers: 4
[88.148s][debug][gc,phases      ] GC(101)     Total                          Min: 0, Avg:  0.0, Max: 0, Diff: 0, Sum: 0, Workers: 4
[88.148s][debug][gc,phases      ] GC(101)   StringDedup Table Weak         Min:  0.0, Avg:  0.0, Max:  0.0, Diff:  0.0, Sum:  0.0, Workers: 4
[88.148s][debug][gc,phases      ] GC(101)     Dead                           Min: 0, Avg:  0.0, Max: 0, Diff: 0, Sum: 0, Workers: 4
[88.148s][debug][gc,phases      ] GC(101)     Total                          Min: 0, Avg:  0.0, Max: 0, Diff: 0, Sum: 0, Workers: 4
[88.148s][debug][gc,phases      ] GC(101)   StringDedup Requests0 Weak     Min:  0.0, Avg:  0.0, Max:  0.0, Diff:  0.0, Sum:  0.0, Workers: 4
[88.148s][debug][gc,phases      ] GC(101)     Dead                           Min: 0, Avg:  0.0, Max: 0, Diff: 0, Sum: 0, Workers: 4
[88.148s][debug][gc,phases      ] GC(101)     Total                          Min: 0, Avg:  0.0, Max: 0, Diff: 0, Sum: 0, Workers: 4
[88.148s][debug][gc,phases      ] GC(101)   StringDedup Requests1 Weak     Min:  0.0, Avg:  0.0, Max:  0.0, Diff:  0.0, Sum:  0.0, Workers: 4
[88.148s][debug][gc,phases      ] GC(101)     Dead                           Min: 0, Avg:  0.0, Max: 0, Diff: 0, Sum: 0, Workers: 4
[88.148s][debug][gc,phases      ] GC(101)     Total                          Min: 0, Avg:  0.0, Max: 0, Diff: 0, Sum: 0, Workers: 4
[88.148s][debug][gc,phases      ] GC(101)   Weak JFR Old Object Samples    Min:  0.0, Avg:  0.0, Max:  0.0, Diff:  0.0, Sum:  0.0, Workers: 4
[88.148s][debug][gc,phases      ] GC(101)     Dead                           Min: 0, Avg:  0.0, Max: 0, Diff: 0, Sum: 0, Workers: 4
[88.148s][debug][gc,phases      ] GC(101)     Total                          Min: 0, Avg:  0.0, Max: 0, Diff: 0, Sum: 0, Workers: 4
[88.148s][debug][gc,phases      ] GC(101) Weak Processing 0.289ms
[88.148s][debug][gc,age         ] GC(101) Desired survivor size 106430464 bytes, new threshold 15 (max threshold 15)
[88.148s][info ][gc,heap        ] GC(101) PSYoungGen: 1865440K(1977344K)->26222K(1993216K) Eden: 1861120K(1861120K)->0K(1881088K) From: 4320K(116224K)->26222K(112128K)
[88.148s][info ][gc,heap        ] GC(101) ParOldGen: 449466K(518656K)->449474K(518656K)
[88.148s][info ][gc,metaspace   ] GC(101) Metaspace: 81542K(82368K)->81542K(82368K) NonClass: 70000K(70400K)->70000K(70400K) Class: 11541K(11968K)->11541K(11968K)
[88.148s][info ][gc             ] GC(101) Pause Young (Allocation Failure) 2260M->464M(2453M) 9.249ms
[88.148s][info ][gc,cpu         ] GC(101) User=0.04s Sys=0.00s Real=0.00s
[88.148s][info ][safepoint      ] Safepoint "ParallelGCFailedAllocation", Time since last: 322438621 ns, Reaching safepoint: 44601 ns, At safepoint: 9335500 ns, Total: 9380101 ns
[89.148s][info ][safepoint      ] Safepoint "Cleanup", Time since last: 1000088769 ns, Reaching safepoint: 64301 ns, At safepoint: 6200 ns, Total: 70501 ns
[90.148s][info ][safepoint      ] Safepoint "Cleanup", Time since last: 1000114870 ns, Reaching safepoint: 64101 ns, At safepoint: 9101 ns, Total: 73202 ns
[91.148s][info ][safepoint      ] Safepoint "Cleanup", Time since last: 1000115470 ns, Reaching safepoint: 81201 ns, At safepoint: 9701 ns, Total: 90902 ns
[92.157s][info ][safepoint      ] Safepoint "Cleanup", Time since last: 1000482078 ns, Reaching safepoint: 7939471 ns, At safepoint: 16300 ns, Total: 7955771 ns
[93.157s][info ][safepoint      ] Safepoint "Cleanup", Time since last: 1000115071 ns, Reaching safepoint: 182304 ns, At safepoint: 8700 ns, Total: 191004 ns
[94.157s][info ][safepoint      ] Safepoint "Cleanup", Time since last: 1000114472 ns, Reaching safepoint: 85702 ns, At safepoint: 3800 ns, Total: 89502 ns
[95.157s][info ][safepoint      ] Safepoint "Cleanup", Time since last: 1000114072 ns, Reaching safepoint: 71402 ns, At safepoint: 8900 ns, Total: 80302 ns
[96.158s][info ][safepoint      ] Safepoint "Cleanup", Time since last: 1000114173 ns, Reaching safepoint: 69402 ns, At safepoint: 5300 ns, Total: 74702 ns
[97.158s][info ][safepoint      ] Safepoint "Cleanup", Time since last: 1000110873 ns, Reaching safepoint: 89202 ns, At safepoint: 5500 ns, Total: 94702 ns
[98.158s][info ][safepoint      ] Safepoint "Cleanup", Time since last: 1000114474 ns, Reaching safepoint: 76302 ns, At safepoint: 7600 ns, Total: 83902 ns
[99.158s][info ][safepoint      ] Safepoint "Cleanup", Time since last: 1000119775 ns, Reaching safepoint: 80201 ns, At safepoint: 8201 ns, Total: 88402 ns
[100.158s][info ][safepoint      ] Safepoint "Cleanup", Time since last: 1000117375 ns, Reaching safepoint: 87402 ns, At safepoint: 17800 ns, Total: 105202 ns
[101.159s][info ][safepoint      ] Safepoint "Cleanup", Time since last: 1000110876 ns, Reaching safepoint: 71701 ns, At safepoint: 8700 ns, Total: 80401 ns
[102.159s][info ][safepoint      ] Safepoint "Cleanup", Time since last: 1000107677 ns, Reaching safepoint: 56001 ns, At safepoint: 6500 ns, Total: 62501 ns
[103.159s][info ][safepoint      ] Safepoint "Cleanup", Time since last: 1000108077 ns, Reaching safepoint: 59701 ns, At safepoint: 4900 ns, Total: 64601 ns
[104.159s][info ][safepoint      ] Safepoint "Cleanup", Time since last: 1000112877 ns, Reaching safepoint: 61002 ns, At safepoint: 6400 ns, Total: 67402 ns
[105.159s][info ][safepoint      ] Safepoint "Cleanup", Time since last: 1000108978 ns, Reaching safepoint: 58201 ns, At safepoint: 6600 ns, Total: 64801 ns
[106.460s][info ][safepoint      ] Safepoint "Cleanup", Time since last: 1301009941 ns, Reaching safepoint: 107902 ns, At safepoint: 10200 ns, Total: 118102 ns
[107.461s][info ][safepoint      ] Safepoint "Cleanup", Time since last: 1000123280 ns, Reaching safepoint: 71301 ns, At safepoint: 10800 ns, Total: 82101 ns
[108.461s][info ][safepoint      ] Safepoint "Cleanup", Time since last: 1000117180 ns, Reaching safepoint: 73702 ns, At safepoint: 10800 ns, Total: 84502 ns
[109.461s][info ][safepoint      ] Safepoint "Cleanup", Time since last: 1000119080 ns, Reaching safepoint: 54602 ns, At safepoint: 5900 ns, Total: 60502 ns
[111.461s][info ][safepoint      ] Safepoint "Cleanup", Time since last: 2000185661 ns, Reaching safepoint: 73702 ns, At safepoint: 8500 ns, Total: 82202 ns
[112.461s][info ][safepoint      ] Safepoint "Cleanup", Time since last: 1000121282 ns, Reaching safepoint: 73001 ns, At safepoint: 11001 ns, Total: 84002 ns
[113.462s][info ][safepoint      ] Safepoint "Cleanup", Time since last: 1000136383 ns, Reaching safepoint: 73501 ns, At safepoint: 12901 ns, Total: 86402 ns
[114.462s][info ][safepoint      ] Safepoint "Cleanup", Time since last: 1000122283 ns, Reaching safepoint: 63401 ns, At safepoint: 6000 ns, Total: 69401 ns
[115.462s][info ][safepoint      ] Safepoint "Cleanup", Time since last: 1000111684 ns, Reaching safepoint: 57901 ns, At safepoint: 5400 ns, Total: 63301 ns
[116.462s][info ][safepoint      ] Safepoint "Cleanup", Time since last: 1000117384 ns, Reaching safepoint: 75102 ns, At safepoint: 5900 ns, Total: 81002 ns
[117.462s][info ][safepoint      ] Safepoint "Cleanup", Time since last: 1000108785 ns, Reaching safepoint: 60101 ns, At safepoint: 7900 ns, Total: 68001 ns
[118.463s][info ][safepoint      ] Safepoint "Cleanup", Time since last: 1000115285 ns, Reaching safepoint: 58101 ns, At safepoint: 2901 ns, Total: 61002 ns
[119.463s][info ][safepoint      ] Safepoint "Cleanup", Time since last: 1000110385 ns, Reaching safepoint: 52701 ns, At safepoint: 7000 ns, Total: 59701 ns
[120.463s][info ][safepoint      ] Safepoint "Cleanup", Time since last: 1000116287 ns, Reaching safepoint: 50501 ns, At safepoint: 3900 ns, Total: 54401 ns
[121.463s][info ][safepoint      ] Safepoint "Cleanup", Time since last: 1000118687 ns, Reaching safepoint: 64401 ns, At safepoint: 7200 ns, Total: 71601 ns
[122.463s][info ][safepoint      ] Safepoint "Cleanup", Time since last: 1000124588 ns, Reaching safepoint: 65601 ns, At safepoint: 11301 ns, Total: 76902 ns
[123.464s][info ][safepoint      ] Safepoint "Cleanup", Time since last: 1000115387 ns, Reaching safepoint: 67702 ns, At safepoint: 11200 ns, Total: 78902 ns
[124.464s][info ][safepoint      ] Safepoint "Cleanup", Time since last: 1000202590 ns, Reaching safepoint: 54902 ns, At safepoint: 4300 ns, Total: 59202 ns
[126.464s][info ][safepoint      ] Safepoint "Cleanup", Time since last: 2000187077 ns, Reaching safepoint: 75802 ns, At safepoint: 8200 ns, Total: 84002 ns
[127.464s][info ][safepoint      ] Safepoint "Cleanup", Time since last: 1000081089 ns, Reaching safepoint: 59902 ns, At safepoint: 4000 ns, Total: 63902 ns
[128.464s][info ][safepoint      ] Safepoint "Cleanup", Time since last: 1000114590 ns, Reaching safepoint: 53801 ns, At safepoint: 2900 ns, Total: 56701 ns
[130.465s][info ][safepoint      ] Safepoint "Cleanup", Time since last: 2000160982 ns, Reaching safepoint: 60201 ns, At safepoint: 8200 ns, Total: 68401 ns
[131.465s][info ][safepoint      ] Safepoint "Cleanup", Time since last: 1000108292 ns, Reaching safepoint: 49801 ns, At safepoint: 4000 ns, Total: 53801 ns
[132.465s][info ][safepoint      ] Safepoint "Cleanup", Time since last: 1000112793 ns, Reaching safepoint: 59201 ns, At safepoint: 7600 ns, Total: 66801 ns
[133.465s][info ][safepoint      ] Safepoint "Cleanup", Time since last: 1000111493 ns, Reaching safepoint: 67302 ns, At safepoint: 8900 ns, Total: 76202 ns
[134.465s][info ][safepoint      ] Safepoint "Cleanup", Time since last: 1000108893 ns, Reaching safepoint: 55202 ns, At safepoint: 6100 ns, Total: 61302 ns
[135.465s][info ][safepoint      ] Safepoint "Cleanup", Time since last: 1000112394 ns, Reaching safepoint: 39601 ns, At safepoint: 2800 ns, Total: 42401 ns
[136.466s][info ][safepoint      ] Safepoint "Cleanup", Time since last: 1000117195 ns, Reaching safepoint: 52501 ns, At safepoint: 8600 ns, Total: 61101 ns
[137.466s][info ][safepoint      ] Safepoint "Cleanup", Time since last: 1000114695 ns, Reaching safepoint: 61401 ns, At safepoint: 9901 ns, Total: 71302 ns
[138.466s][info ][safepoint      ] Safepoint "Cleanup", Time since last: 1000110995 ns, Reaching safepoint: 51501 ns, At safepoint: 2801 ns, Total: 54302 ns
[139.466s][info ][safepoint      ] Safepoint "Cleanup", Time since last: 1000114296 ns, Reaching safepoint: 53101 ns, At safepoint: 9900 ns, Total: 63001 ns
[140.466s][info ][safepoint      ] Safepoint "Cleanup", Time since last: 1000111197 ns, Reaching safepoint: 46701 ns, At safepoint: 2900 ns, Total: 49601 ns
[141.466s][info ][safepoint      ] Safepoint "Cleanup", Time since last: 1000112397 ns, Reaching safepoint: 52901 ns, At safepoint: 2500 ns, Total: 55401 ns
[142.467s][info ][safepoint      ] Safepoint "Cleanup", Time since last: 1000111198 ns, Reaching safepoint: 56501 ns, At safepoint: 7700 ns, Total: 64201 ns
[144.468s][info ][safepoint      ] Safepoint "Cleanup", Time since last: 2001689229 ns, Reaching safepoint: 63701 ns, At safepoint: 4300 ns, Total: 68001 ns
[145.469s][info ][safepoint      ] Safepoint "Cleanup", Time since last: 1000118700 ns, Reaching safepoint: 53501 ns, At safepoint: 3100 ns, Total: 56601 ns
[146.469s][info ][safepoint      ] Safepoint "Cleanup", Time since last: 1000116900 ns, Reaching safepoint: 54701 ns, At safepoint: 2900 ns, Total: 57601 ns
[147.469s][info ][safepoint      ] Safepoint "Cleanup", Time since last: 1000117501 ns, Reaching safepoint: 64001 ns, At safepoint: 8200 ns, Total: 72201 ns
[148.469s][info ][safepoint      ] Safepoint "Cleanup", Time since last: 1000107701 ns, Reaching safepoint: 76702 ns, At safepoint: 4100 ns, Total: 80802 ns
[149.929s][info ][safepoint      ] Safepoint "Cleanup", Time since last: 1459803384 ns, Reaching safepoint: 180604 ns, At safepoint: 18900 ns, Total: 199504 ns
[151.930s][info ][safepoint      ] Safepoint "Cleanup", Time since last: 2000591913 ns, Reaching safepoint: 303306 ns, At safepoint: 20101 ns, Total: 323407 ns
[153.740s][info ][safepoint      ] Safepoint "Cleanup", Time since last: 1809494306 ns, Reaching safepoint: 51701 ns, At safepoint: 5500 ns, Total: 57201 ns
[154.740s][info ][safepoint      ] Safepoint "Cleanup", Time since last: 1000108904 ns, Reaching safepoint: 119002 ns, At safepoint: 9201 ns, Total: 128203 ns
[155.740s][info ][safepoint      ] Safepoint "Cleanup", Time since last: 1000225206 ns, Reaching safepoint: 114403 ns, At safepoint: 5100 ns, Total: 119503 ns
[156.740s][info ][safepoint      ] Safepoint "Cleanup", Time since last: 1000119705 ns, Reaching safepoint: 40001 ns, At safepoint: 2300 ns, Total: 42301 ns
[157.741s][info ][safepoint      ] Safepoint "Cleanup", Time since last: 1000108705 ns, Reaching safepoint: 62002 ns, At safepoint: 4200 ns, Total: 66202 ns
[158.741s][info ][safepoint      ] Safepoint "Cleanup", Time since last: 1000108506 ns, Reaching safepoint: 54901 ns, At safepoint: 10800 ns, Total: 65701 ns
[160.741s][info ][safepoint      ] Safepoint "Cleanup", Time since last: 2000195413 ns, Reaching safepoint: 49201 ns, At safepoint: 2600 ns, Total: 51801 ns
[162.741s][info ][safepoint      ] Safepoint "Cleanup", Time since last: 2000181315 ns, Reaching safepoint: 50301 ns, At safepoint: 11300 ns, Total: 61601 ns
[163.741s][info ][safepoint      ] Safepoint "Cleanup", Time since last: 1000107408 ns, Reaching safepoint: 46701 ns, At safepoint: 11901 ns, Total: 58602 ns
[164.742s][info ][safepoint      ] Safepoint "Cleanup", Time since last: 1000112009 ns, Reaching safepoint: 58701 ns, At safepoint: 10400 ns, Total: 69101 ns
[164.927s][info ][gc,start       ] GC(102) Pause Young (Allocation Failure)
[164.934s][debug][gc,phases      ] GC(102) Scavenge 6.905ms
[164.934s][debug][gc,ref         ] GC(102) Skipped phase 1 of Reference Processing: no references
[164.934s][debug][gc,ref         ] GC(102) ReferenceProcessor::execute queues: 1, RefProcThreadModel::Single, marks_oops_alive: false
[164.934s][debug][gc,ref         ] GC(102) Skipped phase 3 of Reference Processing: no references
[164.934s][debug][gc,ref         ] GC(102) ReferenceProcessor::execute queues: 1, RefProcThreadModel::Single, marks_oops_alive: false
[164.934s][debug][gc,phases      ] GC(102) Reference Processing 0.112ms
[164.935s][debug][gc,phases      ] GC(102)   VM Weak                        Min:  0.0, Avg:  0.0, Max:  0.0, Diff:  0.0, Sum:  0.0, Workers: 4
[164.935s][debug][gc,phases      ] GC(102)     Dead                           Min: 0, Avg:  0.0, Max: 0, Diff: 0, Sum: 0, Workers: 4
[164.935s][debug][gc,phases      ] GC(102)     Total                          Min: 0, Avg: 165.8, Max: 663, Diff: 663, Sum: 663, Workers: 4
[164.935s][debug][gc,phases      ] GC(102)   ObjectSynchronizer Weak        Min:  0.0, Avg:  0.0, Max:  0.0, Diff:  0.0, Sum:  0.0, Workers: 4
[164.935s][debug][gc,phases      ] GC(102)     Dead                           Min: 0, Avg:  0.0, Max: 0, Diff: 0, Sum: 0, Workers: 4
[164.935s][debug][gc,phases      ] GC(102)     Total                          Min: 0, Avg: 77.2, Max: 309, Diff: 309, Sum: 309, Workers: 4
[164.935s][debug][gc,phases      ] GC(102)   JVMTI Tag Weak OopStorage      Min:  0.0, Avg:  0.0, Max:  0.0, Diff:  0.0, Sum:  0.0, Workers: 4
[164.935s][debug][gc,phases      ] GC(102)     Dead                           Min: 0, Avg:  0.0, Max: 0, Diff: 0, Sum: 0, Workers: 4
[164.935s][debug][gc,phases      ] GC(102)     Total                          Min: 0, Avg:  0.0, Max: 0, Diff: 0, Sum: 0, Workers: 4
[164.935s][debug][gc,phases      ] GC(102)   StringTable Weak               Min:  0.1, Avg:  0.1, Max:  0.1, Diff:  0.0, Sum:  0.4, Workers: 4
[164.935s][debug][gc,phases      ] GC(102)     Dead                           Min: 0, Avg:  0.5, Max: 2, Diff: 2, Sum: 2, Workers: 4
[164.935s][debug][gc,phases      ] GC(102)     Total                          Min: 11584, Avg: 11953.0, Max: 12676, Diff: 1092, Sum: 47812, Workers: 4
[164.935s][debug][gc,phases      ] GC(102)   ResolvedMethodTable Weak       Min:  0.0, Avg:  0.0, Max:  0.0, Diff:  0.0, Sum:  0.1, Workers: 4
[164.935s][debug][gc,phases      ] GC(102)     Dead                           Min: 0, Avg:  0.2, Max: 1, Diff: 1, Sum: 1, Workers: 4
[164.935s][debug][gc,phases      ] GC(102)     Total                          Min: 1823, Avg: 2001.2, Max: 2264, Diff: 441, Sum: 8005, Workers: 4
[164.935s][debug][gc,phases      ] GC(102)   JNI Weak                       Min:  0.0, Avg:  0.0, Max:  0.0, Diff:  0.0, Sum:  0.0, Workers: 4
[164.935s][debug][gc,phases      ] GC(102)     Dead                           Min: 0, Avg:  0.0, Max: 0, Diff: 0, Sum: 0, Workers: 4
[164.935s][debug][gc,phases      ] GC(102)     Total                          Min: 0, Avg:  0.0, Max: 0, Diff: 0, Sum: 0, Workers: 4
[164.935s][debug][gc,phases      ] GC(102)   StringDedup Table Weak         Min:  0.0, Avg:  0.0, Max:  0.0, Diff:  0.0, Sum:  0.0, Workers: 4
[164.935s][debug][gc,phases      ] GC(102)     Dead                           Min: 0, Avg:  0.0, Max: 0, Diff: 0, Sum: 0, Workers: 4
[164.935s][debug][gc,phases      ] GC(102)     Total                          Min: 0, Avg:  0.0, Max: 0, Diff: 0, Sum: 0, Workers: 4
[164.935s][debug][gc,phases      ] GC(102)   StringDedup Requests0 Weak     Min:  0.0, Avg:  0.0, Max:  0.0, Diff:  0.0, Sum:  0.0, Workers: 4
[164.935s][debug][gc,phases      ] GC(102)     Dead                           Min: 0, Avg:  0.0, Max: 0, Diff: 0, Sum: 0, Workers: 4
[164.935s][debug][gc,phases      ] GC(102)     Total                          Min: 0, Avg:  0.0, Max: 0, Diff: 0, Sum: 0, Workers: 4
[164.935s][debug][gc,phases      ] GC(102)   StringDedup Requests1 Weak     Min:  0.0, Avg:  0.0, Max:  0.0, Diff:  0.0, Sum:  0.0, Workers: 4
[164.935s][debug][gc,phases      ] GC(102)     Dead                           Min: 0, Avg:  0.0, Max: 0, Diff: 0, Sum: 0, Workers: 4
[164.935s][debug][gc,phases      ] GC(102)     Total                          Min: 0, Avg:  0.0, Max: 0, Diff: 0, Sum: 0, Workers: 4
[164.935s][debug][gc,phases      ] GC(102)   Weak JFR Old Object Samples    Min:  0.0, Avg:  0.0, Max:  0.0, Diff:  0.0, Sum:  0.0, Workers: 4
[164.935s][debug][gc,phases      ] GC(102)     Dead                           Min: 0, Avg:  0.0, Max: 0, Diff: 0, Sum: 0, Workers: 4
[164.935s][debug][gc,phases      ] GC(102)     Total                          Min: 0, Avg:  0.0, Max: 0, Diff: 0, Sum: 0, Workers: 4
[164.935s][debug][gc,phases      ] GC(102) Weak Processing 0.320ms
[164.935s][debug][gc,age         ] GC(102) Desired survivor size 98566144 bytes, new threshold 15 (max threshold 15)
[164.935s][info ][gc,heap        ] GC(102) PSYoungGen: 1907310K(1993216K)->27374K(1985024K) Eden: 1881088K(1881088K)->0K(1881088K) From: 26222K(112128K)->27374K(103936K)
[164.935s][info ][gc,heap        ] GC(102) ParOldGen: 449474K(518656K)->449482K(518656K)
[164.935s][info ][gc,metaspace   ] GC(102) Metaspace: 81996K(82816K)->81996K(82816K) NonClass: 70425K(70848K)->70425K(70848K) Class: 11570K(11968K)->11570K(11968K)
[164.935s][info ][gc             ] GC(102) Pause Young (Allocation Failure) 2301M->465M(2445M) 7.460ms
[164.935s][info ][gc,cpu         ] GC(102) User=0.03s Sys=0.00s Real=0.01s
[164.935s][info ][safepoint      ] Safepoint "ParallelGCFailedAllocation", Time since last: 185690394 ns, Reaching safepoint: 117802 ns, At safepoint: 7552263 ns, Total: 7670065 ns
[166.935s][info ][safepoint      ] Safepoint "Cleanup", Time since last: 2000143517 ns, Reaching safepoint: 64302 ns, At safepoint: 6400 ns, Total: 70702 ns
[167.935s][info ][safepoint      ] Safepoint "Cleanup", Time since last: 1000112810 ns, Reaching safepoint: 61002 ns, At safepoint: 5700 ns, Total: 66702 ns
[168.935s][info ][safepoint      ] Safepoint "Cleanup", Time since last: 1000067910 ns, Reaching safepoint: 61401 ns, At safepoint: 6800 ns, Total: 68201 ns
[169.936s][info ][safepoint      ] Safepoint "Cleanup", Time since last: 1000105912 ns, Reaching safepoint: 62301 ns, At safepoint: 5700 ns, Total: 68001 ns
[170.936s][info ][safepoint      ] Safepoint "Cleanup", Time since last: 1000118012 ns, Reaching safepoint: 61602 ns, At safepoint: 8500 ns, Total: 70102 ns
[171.936s][info ][safepoint      ] Safepoint "Cleanup", Time since last: 1000111212 ns, Reaching safepoint: 51201 ns, At safepoint: 2600 ns, Total: 53801 ns
[173.936s][info ][safepoint      ] Safepoint "Cleanup", Time since last: 2000168126 ns, Reaching safepoint: 53301 ns, At safepoint: 11500 ns, Total: 64801 ns
[175.936s][info ][safepoint      ] Safepoint "Cleanup", Time since last: 2000139826 ns, Reaching safepoint: 70002 ns, At safepoint: 8800 ns, Total: 78802 ns
[177.937s][info ][safepoint      ] Safepoint "Cleanup", Time since last: 2000177029 ns, Reaching safepoint: 53601 ns, At safepoint: 13301 ns, Total: 66902 ns
[178.937s][info ][safepoint      ] Safepoint "Cleanup", Time since last: 1000111716 ns, Reaching safepoint: 48501 ns, At safepoint: 2900 ns, Total: 51401 ns
[180.937s][info ][safepoint      ] Safepoint "Cleanup", Time since last: 2000180232 ns, Reaching safepoint: 52201 ns, At safepoint: 6600 ns, Total: 58801 ns
[181.937s][info ][safepoint      ] Safepoint "Cleanup", Time since last: 1000113917 ns, Reaching safepoint: 53602 ns, At safepoint: 8800 ns, Total: 62402 ns
[184.938s][info ][safepoint      ] Safepoint "Cleanup", Time since last: 3000247052 ns, Reaching safepoint: 52102 ns, At safepoint: 34100 ns, Total: 86202 ns
[185.938s][info ][safepoint      ] Safepoint "Cleanup", Time since last: 1000106419 ns, Reaching safepoint: 53101 ns, At safepoint: 6401 ns, Total: 59502 ns
[186.938s][info ][safepoint      ] Safepoint "Cleanup", Time since last: 1000103219 ns, Reaching safepoint: 55301 ns, At safepoint: 9800 ns, Total: 65101 ns
[187.938s][info ][safepoint      ] Safepoint "Cleanup", Time since last: 1000116021 ns, Reaching safepoint: 69901 ns, At safepoint: 4700 ns, Total: 74601 ns
[188.938s][info ][safepoint      ] Safepoint "Cleanup", Time since last: 1000106121 ns, Reaching safepoint: 51901 ns, At safepoint: 2800 ns, Total: 54701 ns
[189.938s][info ][safepoint      ] Safepoint "Cleanup", Time since last: 1000098120 ns, Reaching safepoint: 54202 ns, At safepoint: 9500 ns, Total: 63702 ns
[191.939s][info ][safepoint      ] Safepoint "Cleanup", Time since last: 2000169742 ns, Reaching safepoint: 60401 ns, At safepoint: 13801 ns, Total: 74202 ns
[192.939s][info ][safepoint      ] Safepoint "Cleanup", Time since last: 1000107622 ns, Reaching safepoint: 52701 ns, At safepoint: 4000 ns, Total: 56701 ns
[197.939s][info ][safepoint      ] Safepoint "Cleanup", Time since last: 5000382116 ns, Reaching safepoint: 50401 ns, At safepoint: 6000 ns, Total: 56401 ns
[198.939s][info ][safepoint      ] Safepoint "Cleanup", Time since last: 1000112125 ns, Reaching safepoint: 52101 ns, At safepoint: 5800 ns, Total: 57901 ns
[199.940s][info ][safepoint      ] Safepoint "Cleanup", Time since last: 1000096726 ns, Reaching safepoint: 49501 ns, At safepoint: 3100 ns, Total: 52601 ns
[201.940s][info ][safepoint      ] Safepoint "Cleanup", Time since last: 2000175951 ns, Reaching safepoint: 53701 ns, At safepoint: 8801 ns, Total: 62502 ns
[202.940s][info ][safepoint      ] Safepoint "Cleanup", Time since last: 1000124027 ns, Reaching safepoint: 56401 ns, At safepoint: 7100 ns, Total: 63501 ns
[205.940s][info ][safepoint      ] Safepoint "Cleanup", Time since last: 3000253982 ns, Reaching safepoint: 71802 ns, At safepoint: 6800 ns, Total: 78602 ns
[206.941s][info ][safepoint      ] Safepoint "Cleanup", Time since last: 1000108229 ns, Reaching safepoint: 73201 ns, At safepoint: 6401 ns, Total: 79602 ns
[207.413s][info ][safepoint      ] Safepoint "ICBufferFull", Time since last: 472590673 ns, Reaching safepoint: 183804 ns, At safepoint: 3600 ns, Total: 187404 ns
[208.033s][info ][safepoint      ] Safepoint "ICBufferFull", Time since last: 619509736 ns, Reaching safepoint: 221305 ns, At safepoint: 7200 ns, Total: 228505 ns
[208.033s][info ][safepoint      ] Safepoint "ICBufferFull", Time since last: 77802 ns, Reaching safepoint: 95302 ns, At safepoint: 10700 ns, Total: 106002 ns
[209.042s][info ][safepoint      ] Safepoint "Cleanup", Time since last: 1008419709 ns, Reaching safepoint: 132802 ns, At safepoint: 12701 ns, Total: 145503 ns
[210.042s][info ][safepoint      ] Safepoint "Cleanup", Time since last: 1000107930 ns, Reaching safepoint: 103502 ns, At safepoint: 12500 ns, Total: 116002 ns
[211.042s][info ][safepoint      ] Safepoint "Cleanup", Time since last: 1000110231 ns, Reaching safepoint: 67601 ns, At safepoint: 6101 ns, Total: 73702 ns
[212.042s][info ][safepoint      ] Safepoint "Cleanup", Time since last: 1000107431 ns, Reaching safepoint: 67801 ns, At safepoint: 5800 ns, Total: 73601 ns
[213.043s][info ][safepoint      ] Safepoint "Cleanup", Time since last: 1000101132 ns, Reaching safepoint: 65601 ns, At safepoint: 7700 ns, Total: 73301 ns
[214.043s][info ][safepoint      ] Safepoint "Cleanup", Time since last: 1000124933 ns, Reaching safepoint: 69901 ns, At safepoint: 5800 ns, Total: 75701 ns
[215.043s][info ][safepoint      ] Safepoint "Cleanup", Time since last: 1000111133 ns, Reaching safepoint: 47201 ns, At safepoint: 5800 ns, Total: 53001 ns
[216.043s][info ][safepoint      ] Safepoint "Cleanup", Time since last: 1000110733 ns, Reaching safepoint: 53801 ns, At safepoint: 2500 ns, Total: 56301 ns
[217.043s][info ][safepoint      ] Safepoint "Cleanup", Time since last: 1000072832 ns, Reaching safepoint: 63802 ns, At safepoint: 2900 ns, Total: 66702 ns
[218.043s][info ][safepoint      ] Safepoint "Cleanup", Time since last: 1000105033 ns, Reaching safepoint: 45401 ns, At safepoint: 4301 ns, Total: 49702 ns
[219.044s][info ][safepoint      ] Safepoint "Cleanup", Time since last: 1000105734 ns, Reaching safepoint: 63201 ns, At safepoint: 7800 ns, Total: 71001 ns
[220.044s][info ][safepoint      ] Safepoint "Cleanup", Time since last: 1000111235 ns, Reaching safepoint: 72001 ns, At safepoint: 7901 ns, Total: 79902 ns
[221.044s][info ][safepoint      ] Safepoint "Cleanup", Time since last: 1000118035 ns, Reaching safepoint: 61101 ns, At safepoint: 11900 ns, Total: 73001 ns
[221.868s][info ][gc,start       ] GC(103) Pause Young (Allocation Failure)
[221.879s][debug][gc,phases      ] GC(103) Scavenge 11.171ms
[221.879s][debug][gc,ref         ] GC(103) Skipped phase 1 of Reference Processing: no references
[221.879s][debug][gc,ref         ] GC(103) ReferenceProcessor::execute queues: 1, RefProcThreadModel::Single, marks_oops_alive: false
[221.879s][debug][gc,ref         ] GC(103) ReferenceProcessor::execute queues: 4, RefProcThreadModel::Multi, marks_oops_alive: true
[221.879s][debug][gc,ref         ] GC(103) ReferenceProcessor::execute queues: 1, RefProcThreadModel::Single, marks_oops_alive: false
[221.879s][debug][gc,phases      ] GC(103) Reference Processing 0.174ms
[221.879s][debug][gc,phases      ] GC(103)   VM Weak                        Min:  0.0, Avg:  0.0, Max:  0.0, Diff:  0.0, Sum:  0.0, Workers: 4
[221.880s][debug][gc,phases      ] GC(103)     Dead                           Min: 0, Avg:  0.0, Max: 0, Diff: 0, Sum: 0, Workers: 4
[221.880s][debug][gc,phases      ] GC(103)     Total                          Min: 0, Avg: 166.2, Max: 665, Diff: 665, Sum: 665, Workers: 4
[221.880s][debug][gc,phases      ] GC(103)   ObjectSynchronizer Weak        Min:  0.0, Avg:  0.0, Max:  0.0, Diff:  0.0, Sum:  0.0, Workers: 4
[221.880s][debug][gc,phases      ] GC(103)     Dead                           Min: 0, Avg:  0.0, Max: 0, Diff: 0, Sum: 0, Workers: 4
[221.880s][debug][gc,phases      ] GC(103)     Total                          Min: 0, Avg: 77.8, Max: 247, Diff: 247, Sum: 311, Workers: 4
[221.880s][debug][gc,phases      ] GC(103)   JVMTI Tag Weak OopStorage      Min:  0.0, Avg:  0.0, Max:  0.0, Diff:  0.0, Sum:  0.0, Workers: 4
[221.880s][debug][gc,phases      ] GC(103)     Dead                           Min: 0, Avg:  0.0, Max: 0, Diff: 0, Sum: 0, Workers: 4
[221.880s][debug][gc,phases      ] GC(103)     Total                          Min: 0, Avg:  0.0, Max: 0, Diff: 0, Sum: 0, Workers: 4
[221.880s][debug][gc,phases      ] GC(103)   StringTable Weak               Min:  0.1, Avg:  0.1, Max:  0.1, Diff:  0.0, Sum:  0.4, Workers: 4
[221.880s][debug][gc,phases      ] GC(103)     Dead                           Min: 0, Avg:  0.5, Max: 2, Diff: 2, Sum: 2, Workers: 4
[221.880s][debug][gc,phases      ] GC(103)     Total                          Min: 10432, Avg: 11988.2, Max: 13504, Diff: 3072, Sum: 47953, Workers: 4
[221.880s][debug][gc,phases      ] GC(103)   ResolvedMethodTable Weak       Min:  0.0, Avg:  0.0, Max:  0.0, Diff:  0.0, Sum:  0.1, Workers: 4
[221.880s][debug][gc,phases      ] GC(103)     Dead                           Min: 0, Avg:  0.0, Max: 0, Diff: 0, Sum: 0, Workers: 4
[221.880s][debug][gc,phases      ] GC(103)     Total                          Min: 1723, Avg: 2006.8, Max: 2508, Diff: 785, Sum: 8027, Workers: 4
[221.880s][debug][gc,phases      ] GC(103)   JNI Weak                       Min:  0.0, Avg:  0.0, Max:  0.0, Diff:  0.0, Sum:  0.0, Workers: 4
[221.880s][debug][gc,phases      ] GC(103)     Dead                           Min: 0, Avg:  0.0, Max: 0, Diff: 0, Sum: 0, Workers: 4
[221.880s][debug][gc,phases      ] GC(103)     Total                          Min: 0, Avg:  0.0, Max: 0, Diff: 0, Sum: 0, Workers: 4
[221.880s][debug][gc,phases      ] GC(103)   StringDedup Table Weak         Min:  0.0, Avg:  0.0, Max:  0.0, Diff:  0.0, Sum:  0.0, Workers: 4
[221.880s][debug][gc,phases      ] GC(103)     Dead                           Min: 0, Avg:  0.0, Max: 0, Diff: 0, Sum: 0, Workers: 4
[221.880s][debug][gc,phases      ] GC(103)     Total                          Min: 0, Avg:  0.0, Max: 0, Diff: 0, Sum: 0, Workers: 4
[221.880s][debug][gc,phases      ] GC(103)   StringDedup Requests0 Weak     Min:  0.0, Avg:  0.0, Max:  0.0, Diff:  0.0, Sum:  0.0, Workers: 4
[221.880s][debug][gc,phases      ] GC(103)     Dead                           Min: 0, Avg:  0.0, Max: 0, Diff: 0, Sum: 0, Workers: 4
[221.880s][debug][gc,phases      ] GC(103)     Total                          Min: 0, Avg:  0.0, Max: 0, Diff: 0, Sum: 0, Workers: 4
[221.880s][debug][gc,phases      ] GC(103)   StringDedup Requests1 Weak     Min:  0.0, Avg:  0.0, Max:  0.0, Diff:  0.0, Sum:  0.0, Workers: 4
[221.880s][debug][gc,phases      ] GC(103)     Dead                           Min: 0, Avg:  0.0, Max: 0, Diff: 0, Sum: 0, Workers: 4
[221.880s][debug][gc,phases      ] GC(103)     Total                          Min: 0, Avg:  0.0, Max: 0, Diff: 0, Sum: 0, Workers: 4
[221.880s][debug][gc,phases      ] GC(103)   Weak JFR Old Object Samples    Min:  0.0, Avg:  0.0, Max:  0.0, Diff:  0.0, Sum:  0.0, Workers: 4
[221.880s][debug][gc,phases      ] GC(103)     Dead                           Min: 0, Avg:  0.0, Max: 0, Diff: 0, Sum: 0, Workers: 4
[221.880s][debug][gc,phases      ] GC(103)     Total                          Min: 0, Avg:  0.0, Max: 0, Diff: 0, Sum: 0, Workers: 4
[221.880s][debug][gc,phases      ] GC(103) Weak Processing 0.317ms
[221.880s][debug][gc,age         ] GC(103) Desired survivor size 99614720 bytes, new threshold 15 (max threshold 15)
[221.880s][info ][gc,heap        ] GC(103) PSYoungGen: 1908462K(1985024K)->48463K(1998848K) Eden: 1881088K(1881088K)->0K(1902592K) From: 27374K(103936K)->48463K(96256K)
[221.880s][info ][gc,heap        ] GC(103) ParOldGen: 449482K(518656K)->449490K(518656K)
[221.880s][info ][gc,metaspace   ] GC(103) Metaspace: 82331K(83136K)->82331K(83136K) NonClass: 70749K(71168K)->70749K(71168K) Class: 11582K(11968K)->11582K(11968K)
[221.880s][info ][gc             ] GC(103) Pause Young (Allocation Failure) 2302M->486M(2458M) 11.809ms
[221.880s][info ][gc,cpu         ] GC(103) User=0.04s Sys=0.00s Real=0.02s
[221.880s][info ][safepoint      ] Safepoint "ParallelGCFailedAllocation", Time since last: 823838840 ns, Reaching safepoint: 57202 ns, At safepoint: 11899256 ns, Total: 11956458 ns
[222.880s][info ][safepoint      ] Safepoint "Cleanup", Time since last: 1000104036 ns, Reaching safepoint: 132402 ns, At safepoint: 7201 ns, Total: 139603 ns
[223.880s][info ][safepoint      ] Safepoint "Cleanup", Time since last: 1000121636 ns, Reaching safepoint: 119303 ns, At safepoint: 12100 ns, Total: 131403 ns
[224.880s][info ][safepoint      ] Safepoint "Cleanup", Time since last: 1000113837 ns, Reaching safepoint: 135203 ns, At safepoint: 9100 ns, Total: 144303 ns
[226.881s][info ][safepoint      ] Safepoint "Cleanup", Time since last: 2000194274 ns, Reaching safepoint: 132703 ns, At safepoint: 10400 ns, Total: 143103 ns
[228.295s][info ][safepoint      ] Safepoint "Cleanup", Time since last: 1413820748 ns, Reaching safepoint: 71102 ns, At safepoint: 9700 ns, Total: 80802 ns
[229.856s][info ][safepoint      ] Safepoint "Cleanup", Time since last: 1561541430 ns, Reaching safepoint: 155203 ns, At safepoint: 9000 ns, Total: 164203 ns
[230.857s][info ][safepoint      ] Safepoint "Cleanup", Time since last: 1000114440 ns, Reaching safepoint: 60701 ns, At safepoint: 8000 ns, Total: 68701 ns
[231.857s][info ][safepoint      ] Safepoint "Cleanup", Time since last: 1000112440 ns, Reaching safepoint: 58501 ns, At safepoint: 3201 ns, Total: 61702 ns
[232.857s][info ][safepoint      ] Safepoint "Cleanup", Time since last: 1000112540 ns, Reaching safepoint: 80502 ns, At safepoint: 3400 ns, Total: 83902 ns
[233.857s][info ][safepoint      ] Safepoint "Cleanup", Time since last: 1000110340 ns, Reaching safepoint: 122803 ns, At safepoint: 8200 ns, Total: 131003 ns
[234.857s][info ][safepoint      ] Safepoint "Cleanup", Time since last: 1000109241 ns, Reaching safepoint: 90102 ns, At safepoint: 10100 ns, Total: 100202 ns
[235.858s][info ][safepoint      ] Safepoint "Cleanup", Time since last: 1000119742 ns, Reaching safepoint: 77402 ns, At safepoint: 8500 ns, Total: 85902 ns
[236.858s][info ][safepoint      ] Safepoint "Cleanup", Time since last: 1000117042 ns, Reaching safepoint: 69002 ns, At safepoint: 8000 ns, Total: 77002 ns
[237.858s][info ][safepoint      ] Safepoint "Cleanup", Time since last: 1000122342 ns, Reaching safepoint: 67202 ns, At safepoint: 5700 ns, Total: 72902 ns
[238.858s][info ][safepoint      ] Safepoint "Cleanup", Time since last: 1000119343 ns, Reaching safepoint: 70101 ns, At safepoint: 6701 ns, Total: 76802 ns
[239.858s][info ][safepoint      ] Safepoint "Cleanup", Time since last: 1000096643 ns, Reaching safepoint: 56601 ns, At safepoint: 5100 ns, Total: 61701 ns
[240.859s][info ][safepoint      ] Safepoint "Cleanup", Time since last: 1000116844 ns, Reaching safepoint: 64501 ns, At safepoint: 6900 ns, Total: 71401 ns
[241.859s][info ][safepoint      ] Safepoint "Cleanup", Time since last: 1000113844 ns, Reaching safepoint: 60202 ns, At safepoint: 7500 ns, Total: 67702 ns
[242.859s][info ][safepoint      ] Safepoint "Cleanup", Time since last: 1000108044 ns, Reaching safepoint: 106003 ns, At safepoint: 10900 ns, Total: 116903 ns
[243.859s][info ][safepoint      ] Safepoint "Cleanup", Time since last: 1000118245 ns, Reaching safepoint: 108202 ns, At safepoint: 10200 ns, Total: 118402 ns
[244.859s][info ][safepoint      ] Safepoint "Cleanup", Time since last: 1000130946 ns, Reaching safepoint: 72102 ns, At safepoint: 9000 ns, Total: 81102 ns
[245.860s][info ][safepoint      ] Safepoint "Cleanup", Time since last: 1000107446 ns, Reaching safepoint: 65601 ns, At safepoint: 35401 ns, Total: 101002 ns
[246.860s][info ][safepoint      ] Safepoint "Cleanup", Time since last: 1000109746 ns, Reaching safepoint: 60601 ns, At safepoint: 5100 ns, Total: 65701 ns
[247.860s][info ][safepoint      ] Safepoint "Cleanup", Time since last: 1000110447 ns, Reaching safepoint: 66001 ns, At safepoint: 4201 ns, Total: 70202 ns
[248.860s][info ][safepoint      ] Safepoint "Cleanup", Time since last: 1000108947 ns, Reaching safepoint: 87801 ns, At safepoint: 9801 ns, Total: 97602 ns
[249.860s][info ][safepoint      ] Safepoint "Cleanup", Time since last: 1000106047 ns, Reaching safepoint: 79102 ns, At safepoint: 14400 ns, Total: 93502 ns
[250.861s][info ][safepoint      ] Safepoint "Cleanup", Time since last: 1000107048 ns, Reaching safepoint: 73501 ns, At safepoint: 5400 ns, Total: 78901 ns
[251.861s][info ][safepoint      ] Safepoint "Cleanup", Time since last: 1000075048 ns, Reaching safepoint: 52401 ns, At safepoint: 7900 ns, Total: 60301 ns
[252.861s][info ][safepoint      ] Safepoint "Cleanup", Time since last: 1000109249 ns, Reaching safepoint: 81002 ns, At safepoint: 5500 ns, Total: 86502 ns
[254.861s][info ][safepoint      ] Safepoint "Cleanup", Time since last: 2000168197 ns, Reaching safepoint: 57101 ns, At safepoint: 11401 ns, Total: 68502 ns
[256.203s][info ][safepoint      ] Safepoint "Cleanup", Time since last: 1341907115 ns, Reaching safepoint: 94702 ns, At safepoint: 8600 ns, Total: 103302 ns
[257.203s][info ][safepoint      ] Safepoint "Cleanup", Time since last: 1000122351 ns, Reaching safepoint: 59401 ns, At safepoint: 20200 ns, Total: 79601 ns
[258.204s][info ][safepoint      ] Safepoint "Cleanup", Time since last: 1000119451 ns, Reaching safepoint: 55202 ns, At safepoint: 3100 ns, Total: 58302 ns
[259.204s][info ][safepoint      ] Safepoint "Cleanup", Time since last: 1000092050 ns, Reaching safepoint: 86802 ns, At safepoint: 19201 ns, Total: 106003 ns
[261.090s][info ][safepoint      ] Safepoint "Cleanup", Time since last: 1886449052 ns, Reaching safepoint: 115602 ns, At safepoint: 11001 ns, Total: 126603 ns
[262.091s][info ][safepoint      ] Safepoint "Cleanup", Time since last: 1000108752 ns, Reaching safepoint: 74002 ns, At safepoint: 5600 ns, Total: 79602 ns
[263.091s][info ][safepoint      ] Safepoint "Cleanup", Time since last: 1000142153 ns, Reaching safepoint: 57901 ns, At safepoint: 7501 ns, Total: 65402 ns
[264.091s][info ][safepoint      ] Safepoint "Cleanup", Time since last: 1000129553 ns, Reaching safepoint: 62402 ns, At safepoint: 7000 ns, Total: 69402 ns
[265.091s][info ][safepoint      ] Safepoint "Cleanup", Time since last: 1000117154 ns, Reaching safepoint: 59701 ns, At safepoint: 2900 ns, Total: 62601 ns
[266.091s][info ][safepoint      ] Safepoint "Cleanup", Time since last: 1000162255 ns, Reaching safepoint: 72702 ns, At safepoint: 7800 ns, Total: 80502 ns
[267.092s][info ][safepoint      ] Safepoint "Cleanup", Time since last: 1000117655 ns, Reaching safepoint: 56301 ns, At safepoint: 7200 ns, Total: 63501 ns
[268.092s][info ][safepoint      ] Safepoint "Cleanup", Time since last: 1000116255 ns, Reaching safepoint: 40201 ns, At safepoint: 3900 ns, Total: 44101 ns
[269.092s][info ][safepoint      ] Safepoint "Cleanup", Time since last: 1000117455 ns, Reaching safepoint: 55802 ns, At safepoint: 10700 ns, Total: 66502 ns
[270.092s][info ][safepoint      ] Safepoint "Cleanup", Time since last: 1000114456 ns, Reaching safepoint: 67101 ns, At safepoint: 2800 ns, Total: 69901 ns
[271.092s][info ][safepoint      ] Safepoint "Cleanup", Time since last: 1000114556 ns, Reaching safepoint: 45401 ns, At safepoint: 10700 ns, Total: 56101 ns
[272.092s][info ][safepoint      ] Safepoint "Cleanup", Time since last: 1000114057 ns, Reaching safepoint: 52101 ns, At safepoint: 16200 ns, Total: 68301 ns
[273.093s][info ][safepoint      ] Safepoint "Cleanup", Time since last: 1000130358 ns, Reaching safepoint: 50901 ns, At safepoint: 2500 ns, Total: 53401 ns
[274.093s][info ][safepoint      ] Safepoint "Cleanup", Time since last: 1000114057 ns, Reaching safepoint: 48401 ns, At safepoint: 3900 ns, Total: 52301 ns
[274.945s][info ][gc,start       ] GC(104) Pause Young (Allocation Failure)
[274.955s][debug][gc,phases      ] GC(104) Scavenge 9.250ms
[274.955s][debug][gc,ref         ] GC(104) Skipped phase 1 of Reference Processing: no references
[274.955s][debug][gc,ref         ] GC(104) ReferenceProcessor::execute queues: 1, RefProcThreadModel::Single, marks_oops_alive: false
[274.955s][debug][gc,ref         ] GC(104) Skipped phase 3 of Reference Processing: no references
[274.955s][debug][gc,ref         ] GC(104) ReferenceProcessor::execute queues: 1, RefProcThreadModel::Single, marks_oops_alive: false
[274.955s][debug][gc,phases      ] GC(104) Reference Processing 0.157ms
[274.955s][debug][gc,phases      ] GC(104)   VM Weak                        Min:  0.0, Avg:  0.0, Max:  0.0, Diff:  0.0, Sum:  0.0, Workers: 4
[274.955s][debug][gc,phases      ] GC(104)     Dead                           Min: 0, Avg:  0.0, Max: 0, Diff: 0, Sum: 0, Workers: 4
[274.955s][debug][gc,phases      ] GC(104)     Total                          Min: 0, Avg: 169.5, Max: 678, Diff: 678, Sum: 678, Workers: 4
[274.955s][debug][gc,phases      ] GC(104)   ObjectSynchronizer Weak        Min:  0.0, Avg:  0.0, Max:  0.0, Diff:  0.0, Sum:  0.0, Workers: 4
[274.955s][debug][gc,phases      ] GC(104)     Dead                           Min: 0, Avg:  0.0, Max: 0, Diff: 0, Sum: 0, Workers: 4
[274.955s][debug][gc,phases      ] GC(104)     Total                          Min: 0, Avg: 77.8, Max: 247, Diff: 247, Sum: 311, Workers: 4
[274.955s][debug][gc,phases      ] GC(104)   JVMTI Tag Weak OopStorage      Min:  0.0, Avg:  0.0, Max:  0.0, Diff:  0.0, Sum:  0.0, Workers: 4
[274.955s][debug][gc,phases      ] GC(104)     Dead                           Min: 0, Avg:  0.0, Max: 0, Diff: 0, Sum: 0, Workers: 4
[274.955s][debug][gc,phases      ] GC(104)     Total                          Min: 0, Avg:  0.0, Max: 0, Diff: 0, Sum: 0, Workers: 4
[274.955s][debug][gc,phases      ] GC(104)   StringTable Weak               Min:  0.1, Avg:  0.1, Max:  0.1, Diff:  0.0, Sum:  0.5, Workers: 4
[274.955s][debug][gc,phases      ] GC(104)     Dead                           Min: 0, Avg:  0.0, Max: 0, Diff: 0, Sum: 0, Workers: 4
[274.955s][debug][gc,phases      ] GC(104)     Total                          Min: 11648, Avg: 12023.5, Max: 12800, Diff: 1152, Sum: 48094, Workers: 4
[274.955s][debug][gc,phases      ] GC(104)   ResolvedMethodTable Weak       Min:  0.0, Avg:  0.0, Max:  0.0, Diff:  0.0, Sum:  0.1, Workers: 4
[274.955s][debug][gc,phases      ] GC(104)     Dead                           Min: 0, Avg:  0.0, Max: 0, Diff: 0, Sum: 0, Workers: 4
[274.955s][debug][gc,phases      ] GC(104)     Total                          Min: 1790, Avg: 2026.8, Max: 2263, Diff: 473, Sum: 8107, Workers: 4
[274.955s][debug][gc,phases      ] GC(104)   JNI Weak                       Min:  0.0, Avg:  0.0, Max:  0.0, Diff:  0.0, Sum:  0.0, Workers: 4
[274.955s][debug][gc,phases      ] GC(104)     Dead                           Min: 0, Avg:  0.0, Max: 0, Diff: 0, Sum: 0, Workers: 4
[274.955s][debug][gc,phases      ] GC(104)     Total                          Min: 0, Avg:  0.0, Max: 0, Diff: 0, Sum: 0, Workers: 4
[274.955s][debug][gc,phases      ] GC(104)   StringDedup Table Weak         Min:  0.0, Avg:  0.0, Max:  0.0, Diff:  0.0, Sum:  0.0, Workers: 4
[274.955s][debug][gc,phases      ] GC(104)     Dead                           Min: 0, Avg:  0.0, Max: 0, Diff: 0, Sum: 0, Workers: 4
[274.955s][debug][gc,phases      ] GC(104)     Total                          Min: 0, Avg:  0.0, Max: 0, Diff: 0, Sum: 0, Workers: 4
[274.955s][debug][gc,phases      ] GC(104)   StringDedup Requests0 Weak     Min:  0.0, Avg:  0.0, Max:  0.0, Diff:  0.0, Sum:  0.0, Workers: 4
[274.955s][debug][gc,phases      ] GC(104)     Dead                           Min: 0, Avg:  0.0, Max: 0, Diff: 0, Sum: 0, Workers: 4
[274.955s][debug][gc,phases      ] GC(104)     Total                          Min: 0, Avg:  0.0, Max: 0, Diff: 0, Sum: 0, Workers: 4
[274.955s][debug][gc,phases      ] GC(104)   StringDedup Requests1 Weak     Min:  0.0, Avg:  0.0, Max:  0.0, Diff:  0.0, Sum:  0.0, Workers: 4
[274.955s][debug][gc,phases      ] GC(104)     Dead                           Min: 0, Avg:  0.0, Max: 0, Diff: 0, Sum: 0, Workers: 4
[274.955s][debug][gc,phases      ] GC(104)     Total                          Min: 0, Avg:  0.0, Max: 0, Diff: 0, Sum: 0, Workers: 4
[274.955s][debug][gc,phases      ] GC(104)   Weak JFR Old Object Samples    Min:  0.0, Avg:  0.0, Max:  0.0, Diff:  0.0, Sum:  0.0, Workers: 4
[274.955s][debug][gc,phases      ] GC(104)     Dead                           Min: 0, Avg:  0.0, Max: 0, Diff: 0, Sum: 0, Workers: 4
[274.955s][debug][gc,phases      ] GC(104)     Total                          Min: 0, Avg:  0.0, Max: 0, Diff: 0, Sum: 0, Workers: 4
[274.955s][debug][gc,phases      ] GC(104) Weak Processing 0.392ms
[274.955s][debug][gc,age         ] GC(104) Desired survivor size 100139008 bytes, new threshold 15 (max threshold 15)
[274.955s][info ][gc,heap        ] GC(104) PSYoungGen: 1951055K(1998848K)->49535K(1952256K) Eden: 1902592K(1902592K)->0K(1902592K) From: 48463K(96256K)->49535K(49664K)
[274.955s][info ][gc,heap        ] GC(104) ParOldGen: 449490K(518656K)->449498K(518656K)
[274.955s][info ][gc,metaspace   ] GC(104) Metaspace: 82914K(83712K)->82914K(83712K) NonClass: 71284K(71680K)->71284K(71680K) Class: 11629K(12032K)->11629K(12032K)
[274.955s][info ][gc             ] GC(104) Pause Young (Allocation Failure) 2344M->487M(2413M) 9.947ms
[274.955s][info ][gc,cpu         ] GC(104) User=0.04s Sys=0.00s Real=0.01s
[274.955s][info ][safepoint      ] Safepoint "ParallelGCFailedAllocation", Time since last: 852362673 ns, Reaching safepoint: 46801 ns, At safepoint: 10054917 ns, Total: 10101718 ns
[275.955s][info ][safepoint      ] Safepoint "Cleanup", Time since last: 1000092158 ns, Reaching safepoint: 66701 ns, At safepoint: 10000 ns, Total: 76701 ns
[276.956s][info ][safepoint      ] Safepoint "Cleanup", Time since last: 1000129259 ns, Reaching safepoint: 63602 ns, At safepoint: 12700 ns, Total: 76302 ns
[277.956s][info ][safepoint      ] Safepoint "Cleanup", Time since last: 1000125959 ns, Reaching safepoint: 63601 ns, At safepoint: 10601 ns, Total: 74202 ns
[278.956s][info ][safepoint      ] Safepoint "Cleanup", Time since last: 1000120059 ns, Reaching safepoint: 58501 ns, At safepoint: 5600 ns, Total: 64101 ns
[279.956s][info ][safepoint      ] Safepoint "Cleanup", Time since last: 1000114760 ns, Reaching safepoint: 64101 ns, At safepoint: 3301 ns, Total: 67402 ns
[280.956s][info ][safepoint      ] Safepoint "Cleanup", Time since last: 1000121060 ns, Reaching safepoint: 79301 ns, At safepoint: 9701 ns, Total: 89002 ns
[281.957s][info ][safepoint      ] Safepoint "Cleanup", Time since last: 1000130160 ns, Reaching safepoint: 65102 ns, At safepoint: 7100 ns, Total: 72202 ns
[282.957s][info ][safepoint      ] Safepoint "Cleanup", Time since last: 1000084660 ns, Reaching safepoint: 86302 ns, At safepoint: 8000 ns, Total: 94302 ns
[283.957s][info ][safepoint      ] Safepoint "Cleanup", Time since last: 1000103461 ns, Reaching safepoint: 57602 ns, At safepoint: 7600 ns, Total: 65202 ns
[284.957s][info ][safepoint      ] Safepoint "Cleanup", Time since last: 1000099161 ns, Reaching safepoint: 66201 ns, At safepoint: 9101 ns, Total: 75302 ns
[285.957s][info ][safepoint      ] Safepoint "Cleanup", Time since last: 1000106861 ns, Reaching safepoint: 50402 ns, At safepoint: 8500 ns, Total: 58902 ns
[287.285s][info ][safepoint      ] Safepoint "Cleanup", Time since last: 1327588123 ns, Reaching safepoint: 76701 ns, At safepoint: 13500 ns, Total: 90201 ns
[289.285s][info ][safepoint      ] Safepoint "Cleanup", Time since last: 2000179226 ns, Reaching safepoint: 160203 ns, At safepoint: 11700 ns, Total: 171903 ns
[290.286s][info ][safepoint      ] Safepoint "Cleanup", Time since last: 1000119264 ns, Reaching safepoint: 131903 ns, At safepoint: 9900 ns, Total: 141803 ns
[291.286s][info ][safepoint      ] Safepoint "Cleanup", Time since last: 1000114864 ns, Reaching safepoint: 47101 ns, At safepoint: 2800 ns, Total: 49901 ns
[292.286s][info ][safepoint      ] Safepoint "Cleanup", Time since last: 1000109165 ns, Reaching safepoint: 60501 ns, At safepoint: 7300 ns, Total: 67801 ns
[293.286s][info ][safepoint      ] Safepoint "Cleanup", Time since last: 1000110365 ns, Reaching safepoint: 86602 ns, At safepoint: 4400 ns, Total: 91002 ns
[294.286s][info ][safepoint      ] Safepoint "Cleanup", Time since last: 1000126165 ns, Reaching safepoint: 70802 ns, At safepoint: 5600 ns, Total: 76402 ns
[296.287s][info ][safepoint      ] Safepoint "Cleanup", Time since last: 2000179031 ns, Reaching safepoint: 121602 ns, At safepoint: 8400 ns, Total: 130002 ns
[297.287s][info ][safepoint      ] Safepoint "Cleanup", Time since last: 1000108967 ns, Reaching safepoint: 55101 ns, At safepoint: 8200 ns, Total: 63301 ns
[298.287s][info ][safepoint      ] Safepoint "Cleanup", Time since last: 1000101766 ns, Reaching safepoint: 46201 ns, At safepoint: 2200 ns, Total: 48401 ns
[299.287s][info ][safepoint      ] Safepoint "Cleanup", Time since last: 1000100467 ns, Reaching safepoint: 57401 ns, At safepoint: 5501 ns, Total: 62902 ns
[300.287s][info ][safepoint      ] Safepoint "Cleanup", Time since last: 1000107467 ns, Reaching safepoint: 164604 ns, At safepoint: 18400 ns, Total: 183004 ns
[301.288s][info ][safepoint      ] Safepoint "Cleanup", Time since last: 1000097467 ns, Reaching safepoint: 98203 ns, At safepoint: 10500 ns, Total: 108703 ns
[302.288s][info ][safepoint      ] Safepoint "Cleanup", Time since last: 1000105068 ns, Reaching safepoint: 52401 ns, At safepoint: 16800 ns, Total: 69201 ns
[303.288s][info ][safepoint      ] Safepoint "Cleanup", Time since last: 1000103969 ns, Reaching safepoint: 45501 ns, At safepoint: 16900 ns, Total: 62401 ns
[304.594s][info ][safepoint      ] Safepoint "Cleanup", Time since last: 1306338773 ns, Reaching safepoint: 86602 ns, At safepoint: 9200 ns, Total: 95802 ns
[305.595s][info ][safepoint      ] Safepoint "Cleanup", Time since last: 1000084569 ns, Reaching safepoint: 59202 ns, At safepoint: 5400 ns, Total: 64602 ns
[306.595s][info ][safepoint      ] Safepoint "Cleanup", Time since last: 1000100469 ns, Reaching safepoint: 67302 ns, At safepoint: 5300 ns, Total: 72602 ns
[307.595s][info ][safepoint      ] Safepoint "Cleanup", Time since last: 1000106070 ns, Reaching safepoint: 254605 ns, At safepoint: 11501 ns, Total: 266106 ns
[308.595s][info ][safepoint      ] Safepoint "Cleanup", Time since last: 1000105770 ns, Reaching safepoint: 94902 ns, At safepoint: 7600 ns, Total: 102502 ns
[309.595s][info ][safepoint      ] Safepoint "Cleanup", Time since last: 1000093571 ns, Reaching safepoint: 56301 ns, At safepoint: 11200 ns, Total: 67501 ns
[310.596s][info ][safepoint      ] Safepoint "Cleanup", Time since last: 1000110571 ns, Reaching safepoint: 91702 ns, At safepoint: 10901 ns, Total: 102603 ns
[311.596s][info ][safepoint      ] Safepoint "Cleanup", Time since last: 1000111971 ns, Reaching safepoint: 68102 ns, At safepoint: 10000 ns, Total: 78102 ns
[312.596s][info ][safepoint      ] Safepoint "Cleanup", Time since last: 1000115072 ns, Reaching safepoint: 48401 ns, At safepoint: 7400 ns, Total: 55801 ns
[314.596s][info ][safepoint      ] Safepoint "Cleanup", Time since last: 2000190445 ns, Reaching safepoint: 53301 ns, At safepoint: 4700 ns, Total: 58001 ns
[315.597s][info ][safepoint      ] Safepoint "Cleanup", Time since last: 1000190475 ns, Reaching safepoint: 49501 ns, At safepoint: 4600 ns, Total: 54101 ns
[317.435s][info ][safepoint      ] Safepoint "Cleanup", Time since last: 1838814665 ns, Reaching safepoint: 174804 ns, At safepoint: 8800 ns, Total: 183604 ns
[321.436s][info ][safepoint      ] Safepoint "Cleanup", Time since last: 4000468900 ns, Reaching safepoint: 47301 ns, At safepoint: 3800 ns, Total: 51101 ns
[322.436s][info ][safepoint      ] Safepoint "Cleanup", Time since last: 1000109175 ns, Reaching safepoint: 62002 ns, At safepoint: 7700 ns, Total: 69702 ns
[324.436s][info ][safepoint      ] Safepoint "Cleanup", Time since last: 2000207252 ns, Reaching safepoint: 47401 ns, At safepoint: 8000 ns, Total: 55401 ns
[325.437s][info ][safepoint      ] Safepoint "Cleanup", Time since last: 1000145477 ns, Reaching safepoint: 51602 ns, At safepoint: 3000 ns, Total: 54602 ns
[325.518s][info ][gc,start       ] GC(105) Pause Young (Allocation Failure)
[325.528s][debug][gc,phases      ] GC(105) Scavenge 9.793ms
[325.528s][debug][gc,ref         ] GC(105) Skipped phase 1 of Reference Processing: no references
[325.528s][debug][gc,ref         ] GC(105) ReferenceProcessor::execute queues: 1, RefProcThreadModel::Single, marks_oops_alive: false
[325.528s][debug][gc,ref         ] GC(105) Skipped phase 3 of Reference Processing: no references
[325.528s][debug][gc,ref         ] GC(105) ReferenceProcessor::execute queues: 1, RefProcThreadModel::Single, marks_oops_alive: false
[325.528s][debug][gc,phases      ] GC(105) Reference Processing 0.125ms
[325.528s][debug][gc,phases      ] GC(105)   VM Weak                        Min:  0.0, Avg:  0.0, Max:  0.0, Diff:  0.0, Sum:  0.0, Workers: 4
[325.528s][debug][gc,phases      ] GC(105)     Dead                           Min: 0, Avg:  0.0, Max: 0, Diff: 0, Sum: 0, Workers: 4
[325.528s][debug][gc,phases      ] GC(105)     Total                          Min: 0, Avg: 173.0, Max: 692, Diff: 692, Sum: 692, Workers: 4
[325.528s][debug][gc,phases      ] GC(105)   ObjectSynchronizer Weak        Min:  0.0, Avg:  0.0, Max:  0.0, Diff:  0.0, Sum:  0.0, Workers: 4
[325.528s][debug][gc,phases      ] GC(105)     Dead                           Min: 0, Avg:  0.0, Max: 0, Diff: 0, Sum: 0, Workers: 4
[325.528s][debug][gc,phases      ] GC(105)     Total                          Min: 0, Avg: 77.8, Max: 311, Diff: 311, Sum: 311, Workers: 4
[325.528s][debug][gc,phases      ] GC(105)   JVMTI Tag Weak OopStorage      Min:  0.0, Avg:  0.0, Max:  0.0, Diff:  0.0, Sum:  0.0, Workers: 4
[325.528s][debug][gc,phases      ] GC(105)     Dead                           Min: 0, Avg:  0.0, Max: 0, Diff: 0, Sum: 0, Workers: 4
[325.528s][debug][gc,phases      ] GC(105)     Total                          Min: 0, Avg:  0.0, Max: 0, Diff: 0, Sum: 0, Workers: 4
[325.528s][debug][gc,phases      ] GC(105)   StringTable Weak               Min:  0.1, Avg:  0.1, Max:  0.1, Diff:  0.0, Sum:  0.5, Workers: 4
[325.528s][debug][gc,phases      ] GC(105)     Dead                           Min: 0, Avg:  0.2, Max: 1, Diff: 1, Sum: 1, Workers: 4
[325.528s][debug][gc,phases      ] GC(105)     Total                          Min: 11776, Avg: 12052.8, Max: 12307, Diff: 531, Sum: 48211, Workers: 4
[325.528s][debug][gc,phases      ] GC(105)   ResolvedMethodTable Weak       Min:  0.0, Avg:  0.0, Max:  0.0, Diff:  0.0, Sum:  0.1, Workers: 4
[325.528s][debug][gc,phases      ] GC(105)     Dead                           Min: 0, Avg:  7.0, Max: 16, Diff: 16, Sum: 28, Workers: 4
[325.528s][debug][gc,phases      ] GC(105)     Total                          Min: 1886, Avg: 2055.5, Max: 2304, Diff: 418, Sum: 8222, Workers: 4
[325.528s][debug][gc,phases      ] GC(105)   JNI Weak                       Min:  0.0, Avg:  0.0, Max:  0.0, Diff:  0.0, Sum:  0.0, Workers: 4
[325.528s][debug][gc,phases      ] GC(105)     Dead                           Min: 0, Avg:  0.0, Max: 0, Diff: 0, Sum: 0, Workers: 4
[325.528s][debug][gc,phases      ] GC(105)     Total                          Min: 0, Avg:  0.0, Max: 0, Diff: 0, Sum: 0, Workers: 4
[325.528s][debug][gc,phases      ] GC(105)   StringDedup Table Weak         Min:  0.0, Avg:  0.0, Max:  0.0, Diff:  0.0, Sum:  0.0, Workers: 4
[325.528s][debug][gc,phases      ] GC(105)     Dead                           Min: 0, Avg:  0.0, Max: 0, Diff: 0, Sum: 0, Workers: 4
[325.528s][debug][gc,phases      ] GC(105)     Total                          Min: 0, Avg:  0.0, Max: 0, Diff: 0, Sum: 0, Workers: 4
[325.528s][debug][gc,phases      ] GC(105)   StringDedup Requests0 Weak     Min:  0.0, Avg:  0.0, Max:  0.0, Diff:  0.0, Sum:  0.0, Workers: 4
[325.528s][debug][gc,phases      ] GC(105)     Dead                           Min: 0, Avg:  0.0, Max: 0, Diff: 0, Sum: 0, Workers: 4
[325.528s][debug][gc,phases      ] GC(105)     Total                          Min: 0, Avg:  0.0, Max: 0, Diff: 0, Sum: 0, Workers: 4
[325.528s][debug][gc,phases      ] GC(105)   StringDedup Requests1 Weak     Min:  0.0, Avg:  0.0, Max:  0.0, Diff:  0.0, Sum:  0.0, Workers: 4
[325.528s][debug][gc,phases      ] GC(105)     Dead                           Min: 0, Avg:  0.0, Max: 0, Diff: 0, Sum: 0, Workers: 4
[325.528s][debug][gc,phases      ] GC(105)     Total                          Min: 0, Avg:  0.0, Max: 0, Diff: 0, Sum: 0, Workers: 4
[325.528s][debug][gc,phases      ] GC(105)   Weak JFR Old Object Samples    Min:  0.0, Avg:  0.0, Max:  0.0, Diff:  0.0, Sum:  0.0, Workers: 4
[325.528s][debug][gc,phases      ] GC(105)     Dead                           Min: 0, Avg:  0.0, Max: 0, Diff: 0, Sum: 0, Workers: 4
[325.528s][debug][gc,phases      ] GC(105)     Total                          Min: 0, Avg:  0.0, Max: 0, Diff: 0, Sum: 0, Workers: 4
[325.528s][debug][gc,phases      ] GC(105) Weak Processing 0.329ms
[325.528s][debug][gc,age         ] GC(105) Desired survivor size 100139008 bytes, new threshold 15 (max threshold 15)
[325.528s][info ][gc,heap        ] GC(105) PSYoungGen: 1952127K(1952256K)->49823K(1999360K) Eden: 1902592K(1902592K)->0K(1901568K) From: 49535K(49664K)->49823K(97792K)
[325.528s][info ][gc,heap        ] GC(105) ParOldGen: 449498K(518656K)->449506K(518656K)
[325.528s][info ][gc,metaspace   ] GC(105) Metaspace: 83345K(84224K)->83345K(84224K) NonClass: 71667K(72128K)->71667K(72128K) Class: 11678K(12096K)->11678K(12096K)
[325.528s][info ][gc             ] GC(105) Pause Young (Allocation Failure) 2345M->487M(2459M) 10.375ms
[325.528s][info ][gc,cpu         ] GC(105) User=0.04s Sys=0.00s Real=0.00s
[325.528s][info ][safepoint      ] Safepoint "ParallelGCFailedAllocation", Time since last: 81033948 ns, Reaching safepoint: 68601 ns, At safepoint: 10455926 ns, Total: 10524527 ns
[326.528s][info ][safepoint      ] Safepoint "Cleanup", Time since last: 1000085277 ns, Reaching safepoint: 120202 ns, At safepoint: 5200 ns, Total: 125402 ns
[327.529s][info ][safepoint      ] Safepoint "Cleanup", Time since last: 1000109178 ns, Reaching safepoint: 116002 ns, At safepoint: 5500 ns, Total: 121502 ns
[330.529s][info ][safepoint      ] Safepoint "Cleanup", Time since last: 3000251433 ns, Reaching safepoint: 125203 ns, At safepoint: 5500 ns, Total: 130703 ns
[331.529s][info ][safepoint      ] Safepoint "Cleanup", Time since last: 1000076878 ns, Reaching safepoint: 119902 ns, At safepoint: 5001 ns, Total: 124903 ns
[332.529s][info ][safepoint      ] Safepoint "Cleanup", Time since last: 1000118579 ns, Reaching safepoint: 129003 ns, At safepoint: 5600 ns, Total: 134603 ns
[333.530s][info ][safepoint      ] Safepoint "Cleanup", Time since last: 1000115179 ns, Reaching safepoint: 160604 ns, At safepoint: 12900 ns, Total: 173504 ns
[335.530s][info ][safepoint      ] Safepoint "Cleanup", Time since last: 2000188160 ns, Reaching safepoint: 126402 ns, At safepoint: 14901 ns, Total: 141303 ns
[336.530s][info ][safepoint      ] Safepoint "Cleanup", Time since last: 1000112980 ns, Reaching safepoint: 119603 ns, At safepoint: 7900 ns, Total: 127503 ns
[337.531s][info ][safepoint      ] Safepoint "Cleanup", Time since last: 1000134082 ns, Reaching safepoint: 119602 ns, At safepoint: 11400 ns, Total: 131002 ns
[338.531s][info ][safepoint      ] Safepoint "Cleanup", Time since last: 1000075181 ns, Reaching safepoint: 124803 ns, At safepoint: 13300 ns, Total: 138103 ns
[340.531s][info ][safepoint      ] Safepoint "Cleanup", Time since last: 2000184963 ns, Reaching safepoint: 120702 ns, At safepoint: 7701 ns, Total: 128403 ns
[341.531s][info ][safepoint      ] Safepoint "Cleanup", Time since last: 1000107382 ns, Reaching safepoint: 131103 ns, At safepoint: 11600 ns, Total: 142703 ns
[343.532s][info ][safepoint      ] Safepoint "Cleanup", Time since last: 2000182965 ns, Reaching safepoint: 130303 ns, At safepoint: 10900 ns, Total: 141203 ns
[345.532s][info ][safepoint      ] Safepoint "Cleanup", Time since last: 2000224667 ns, Reaching safepoint: 125303 ns, At safepoint: 7200 ns, Total: 132503 ns
[346.532s][info ][safepoint      ] Safepoint "Cleanup", Time since last: 1000115484 ns, Reaching safepoint: 118603 ns, At safepoint: 11400 ns, Total: 130003 ns
[347.533s][info ][safepoint      ] Safepoint "Cleanup", Time since last: 1000112584 ns, Reaching safepoint: 148804 ns, At safepoint: 10400 ns, Total: 159204 ns
[348.533s][info ][safepoint      ] Safepoint "Cleanup", Time since last: 1000104985 ns, Reaching safepoint: 125502 ns, At safepoint: 11000 ns, Total: 136502 ns
[349.533s][info ][safepoint      ] Safepoint "Cleanup", Time since last: 1000123586 ns, Reaching safepoint: 117602 ns, At safepoint: 6301 ns, Total: 123903 ns
[351.533s][info ][safepoint      ] Safepoint "Cleanup", Time since last: 2000197970 ns, Reaching safepoint: 135603 ns, At safepoint: 9700 ns, Total: 145303 ns
[355.534s][info ][safepoint      ] Safepoint "Cleanup", Time since last: 4000346545 ns, Reaching safepoint: 150403 ns, At safepoint: 13501 ns, Total: 163904 ns
[356.534s][info ][safepoint      ] Safepoint "Cleanup", Time since last: 1000118487 ns, Reaching safepoint: 125503 ns, At safepoint: 9400 ns, Total: 134903 ns
[359.534s][info ][safepoint      ] Safepoint "Cleanup", Time since last: 3000199462 ns, Reaching safepoint: 57901 ns, At safepoint: 7300 ns, Total: 65201 ns
[361.535s][info ][safepoint      ] Safepoint "Cleanup", Time since last: 2000149177 ns, Reaching safepoint: 59601 ns, At safepoint: 11700 ns, Total: 71301 ns
[362.535s][info ][safepoint      ] Safepoint "Cleanup", Time since last: 1000109990 ns, Reaching safepoint: 58301 ns, At safepoint: 3300 ns, Total: 61601 ns
[363.535s][info ][safepoint      ] Safepoint "Cleanup", Time since last: 1000115690 ns, Reaching safepoint: 67601 ns, At safepoint: 6401 ns, Total: 74002 ns
[364.535s][info ][safepoint      ] Safepoint "Cleanup", Time since last: 1000119090 ns, Reaching safepoint: 122803 ns, At safepoint: 7200 ns, Total: 130003 ns
[365.535s][info ][safepoint      ] Safepoint "Cleanup", Time since last: 1000107290 ns, Reaching safepoint: 50101 ns, At safepoint: 7400 ns, Total: 57501 ns
[366.536s][info ][safepoint      ] Safepoint "Cleanup", Time since last: 1000105791 ns, Reaching safepoint: 54301 ns, At safepoint: 2500 ns, Total: 56801 ns
[368.536s][info ][safepoint      ] Safepoint "Cleanup", Time since last: 2000186182 ns, Reaching safepoint: 124403 ns, At safepoint: 5100 ns, Total: 129503 ns
[369.536s][info ][safepoint      ] Safepoint "Cleanup", Time since last: 1000074591 ns, Reaching safepoint: 54901 ns, At safepoint: 2900 ns, Total: 57801 ns
[370.536s][info ][safepoint      ] Safepoint "Cleanup", Time since last: 1000089392 ns, Reaching safepoint: 61001 ns, At safepoint: 8201 ns, Total: 69202 ns
[371.536s][info ][safepoint      ] Safepoint "Cleanup", Time since last: 1000113692 ns, Reaching safepoint: 51201 ns, At safepoint: 3000 ns, Total: 54201 ns
[372.537s][info ][safepoint      ] Safepoint "Cleanup", Time since last: 1000129594 ns, Reaching safepoint: 51901 ns, At safepoint: 5600 ns, Total: 57501 ns
[373.537s][info ][safepoint      ] Safepoint "Cleanup", Time since last: 1000105893 ns, Reaching safepoint: 55201 ns, At safepoint: 9000 ns, Total: 64201 ns
[374.537s][info ][safepoint      ] Safepoint "Cleanup", Time since last: 1000094493 ns, Reaching safepoint: 44801 ns, At safepoint: 3300 ns, Total: 48101 ns
[378.537s][info ][safepoint      ] Safepoint "Cleanup", Time since last: 4000261474 ns, Reaching safepoint: 53301 ns, At safepoint: 6300 ns, Total: 59601 ns
[379.094s][info ][gc,start       ] GC(106) Pause Young (Allocation Failure)
[379.103s][debug][gc,phases      ] GC(106) Scavenge 9.081ms
[379.103s][debug][gc,ref         ] GC(106) Skipped phase 1 of Reference Processing: no references
[379.103s][debug][gc,ref         ] GC(106) ReferenceProcessor::execute queues: 1, RefProcThreadModel::Single, marks_oops_alive: false
[379.103s][debug][gc,ref         ] GC(106) Skipped phase 3 of Reference Processing: no references
[379.103s][debug][gc,ref         ] GC(106) ReferenceProcessor::execute queues: 1, RefProcThreadModel::Single, marks_oops_alive: false
[379.103s][debug][gc,phases      ] GC(106) Reference Processing 0.150ms
[379.103s][debug][gc,phases      ] GC(106)   VM Weak                        Min:  0.0, Avg:  0.0, Max:  0.0, Diff:  0.0, Sum:  0.0, Workers: 4
[379.103s][debug][gc,phases      ] GC(106)     Dead                           Min: 0, Avg:  0.0, Max: 0, Diff: 0, Sum: 0, Workers: 4
[379.103s][debug][gc,phases      ] GC(106)     Total                          Min: 0, Avg: 176.0, Max: 512, Diff: 512, Sum: 704, Workers: 4
[379.103s][debug][gc,phases      ] GC(106)   ObjectSynchronizer Weak        Min:  0.0, Avg:  0.0, Max:  0.0, Diff:  0.0, Sum:  0.0, Workers: 4
[379.103s][debug][gc,phases      ] GC(106)     Dead                           Min: 0, Avg:  0.0, Max: 0, Diff: 0, Sum: 0, Workers: 4
[379.103s][debug][gc,phases      ] GC(106)     Total                          Min: 0, Avg: 77.8, Max: 128, Diff: 128, Sum: 311, Workers: 4
[379.103s][debug][gc,phases      ] GC(106)   JVMTI Tag Weak OopStorage      Min:  0.0, Avg:  0.0, Max:  0.0, Diff:  0.0, Sum:  0.0, Workers: 4
[379.103s][debug][gc,phases      ] GC(106)     Dead                           Min: 0, Avg:  0.0, Max: 0, Diff: 0, Sum: 0, Workers: 4
[379.103s][debug][gc,phases      ] GC(106)     Total                          Min: 0, Avg:  0.0, Max: 0, Diff: 0, Sum: 0, Workers: 4
[379.103s][debug][gc,phases      ] GC(106)   StringTable Weak               Min:  0.1, Avg:  0.1, Max:  0.1, Diff:  0.0, Sum:  0.5, Workers: 4
[379.103s][debug][gc,phases      ] GC(106)     Dead                           Min: 0, Avg:  0.2, Max: 1, Diff: 1, Sum: 1, Workers: 4
[379.103s][debug][gc,phases      ] GC(106)     Total                          Min: 9920, Avg: 12061.5, Max: 13760, Diff: 3840, Sum: 48246, Workers: 4
[379.103s][debug][gc,phases      ] GC(106)   ResolvedMethodTable Weak       Min:  0.0, Avg:  0.0, Max:  0.0, Diff:  0.0, Sum:  0.1, Workers: 4
[379.103s][debug][gc,phases      ] GC(106)     Dead                           Min: 0, Avg:  0.0, Max: 0, Diff: 0, Sum: 0, Workers: 4
[379.103s][debug][gc,phases      ] GC(106)     Total                          Min: 1856, Avg: 2068.8, Max: 2259, Diff: 403, Sum: 8275, Workers: 4
[379.103s][debug][gc,phases      ] GC(106)   JNI Weak                       Min:  0.0, Avg:  0.0, Max:  0.0, Diff:  0.0, Sum:  0.0, Workers: 4
[379.103s][debug][gc,phases      ] GC(106)     Dead                           Min: 0, Avg:  0.0, Max: 0, Diff: 0, Sum: 0, Workers: 4
[379.103s][debug][gc,phases      ] GC(106)     Total                          Min: 0, Avg:  0.0, Max: 0, Diff: 0, Sum: 0, Workers: 4
[379.103s][debug][gc,phases      ] GC(106)   StringDedup Table Weak         Min:  0.0, Avg:  0.0, Max:  0.0, Diff:  0.0, Sum:  0.0, Workers: 4
[379.103s][debug][gc,phases      ] GC(106)     Dead                           Min: 0, Avg:  0.0, Max: 0, Diff: 0, Sum: 0, Workers: 4
[379.103s][debug][gc,phases      ] GC(106)     Total                          Min: 0, Avg:  0.0, Max: 0, Diff: 0, Sum: 0, Workers: 4
[379.103s][debug][gc,phases      ] GC(106)   StringDedup Requests0 Weak     Min:  0.0, Avg:  0.0, Max:  0.0, Diff:  0.0, Sum:  0.0, Workers: 4
[379.103s][debug][gc,phases      ] GC(106)     Dead                           Min: 0, Avg:  0.0, Max: 0, Diff: 0, Sum: 0, Workers: 4
[379.103s][debug][gc,phases      ] GC(106)     Total                          Min: 0, Avg:  0.0, Max: 0, Diff: 0, Sum: 0, Workers: 4
[379.103s][debug][gc,phases      ] GC(106)   StringDedup Requests1 Weak     Min:  0.0, Avg:  0.0, Max:  0.0, Diff:  0.0, Sum:  0.0, Workers: 4
[379.103s][debug][gc,phases      ] GC(106)     Dead                           Min: 0, Avg:  0.0, Max: 0, Diff: 0, Sum: 0, Workers: 4
[379.103s][debug][gc,phases      ] GC(106)     Total                          Min: 0, Avg:  0.0, Max: 0, Diff: 0, Sum: 0, Workers: 4
[379.103s][debug][gc,phases      ] GC(106)   Weak JFR Old Object Samples    Min:  0.0, Avg:  0.0, Max:  0.0, Diff:  0.0, Sum:  0.0, Workers: 4
[379.103s][debug][gc,phases      ] GC(106)     Dead                           Min: 0, Avg:  0.0, Max: 0, Diff: 0, Sum: 0, Workers: 4
[379.103s][debug][gc,phases      ] GC(106)     Total                          Min: 0, Avg:  0.0, Max: 0, Diff: 0, Sum: 0, Workers: 4
[379.103s][debug][gc,phases      ] GC(106) Weak Processing 0.354ms
[379.103s][debug][gc,age         ] GC(106) Desired survivor size 100139008 bytes, new threshold 15 (max threshold 15)
[379.103s][info ][gc,heap        ] GC(106) PSYoungGen: 1951391K(1999360K)->50031K(1999360K) Eden: 1901568K(1901568K)->0K(1901568K) From: 49823K(97792K)->50031K(97792K)
[379.103s][info ][gc,heap        ] GC(106) ParOldGen: 449506K(518656K)->449514K(518656K)
[379.103s][info ][gc,metaspace   ] GC(106) Metaspace: 83466K(84352K)->83466K(84352K) NonClass: 71769K(72256K)->71769K(72256K) Class: 11696K(12096K)->11696K(12096K)
[379.103s][info ][gc             ] GC(106) Pause Young (Allocation Failure) 2344M->487M(2459M) 9.737ms
[379.103s][info ][gc,cpu         ] GC(106) User=0.04s Sys=0.00s Real=0.01s
[379.103s][info ][safepoint      ] Safepoint "ParallelGCFailedAllocation", Time since last: 556214810 ns, Reaching safepoint: 43101 ns, At safepoint: 9834012 ns, Total: 9877113 ns
[380.103s][info ][safepoint      ] Safepoint "Cleanup", Time since last: 1000097395 ns, Reaching safepoint: 70202 ns, At safepoint: 10400 ns, Total: 80602 ns
[382.104s][info ][safepoint      ] Safepoint "Cleanup", Time since last: 2000181491 ns, Reaching safepoint: 57701 ns, At safepoint: 6400 ns, Total: 64101 ns
[385.104s][info ][safepoint      ] Safepoint "Cleanup", Time since last: 3000414692 ns, Reaching safepoint: 58801 ns, At safepoint: 3000 ns, Total: 61801 ns
[387.104s][info ][safepoint      ] Safepoint "Cleanup", Time since last: 2000163493 ns, Reaching safepoint: 54102 ns, At safepoint: 12500 ns, Total: 66602 ns
[389.105s][info ][safepoint      ] Safepoint "Cleanup", Time since last: 2000181095 ns, Reaching safepoint: 54201 ns, At safepoint: 3400 ns, Total: 57601 ns
[390.839s][info ][safepoint      ] Safepoint "Cleanup", Time since last: 1733939747 ns, Reaching safepoint: 114102 ns, At safepoint: 17101 ns, Total: 131203 ns
[392.556s][info ][safepoint      ] Safepoint "Cleanup", Time since last: 1717165385 ns, Reaching safepoint: 96702 ns, At safepoint: 9400 ns, Total: 106102 ns
[394.556s][info ][safepoint      ] Safepoint "Cleanup", Time since last: 2000179999 ns, Reaching safepoint: 57001 ns, At safepoint: 2600 ns, Total: 59601 ns
[395.556s][info ][safepoint      ] Safepoint "Cleanup", Time since last: 1000065599 ns, Reaching safepoint: 62501 ns, At safepoint: 3500 ns, Total: 66001 ns
[396.557s][info ][safepoint      ] Safepoint "Cleanup", Time since last: 1000124601 ns, Reaching safepoint: 47601 ns, At safepoint: 2900 ns, Total: 50501 ns
[398.968s][info ][safepoint      ] Safepoint "Cleanup", Time since last: 2411495185 ns, Reaching safepoint: 121403 ns, At safepoint: 11000 ns, Total: 132403 ns
[400.968s][info ][safepoint      ] Safepoint "Cleanup", Time since last: 2000171903 ns, Reaching safepoint: 65101 ns, At safepoint: 12800 ns, Total: 77901 ns
[402.969s][info ][safepoint      ] Safepoint "Cleanup", Time since last: 2000175504 ns, Reaching safepoint: 50201 ns, At safepoint: 3000 ns, Total: 53201 ns
[403.969s][info ][safepoint      ] Safepoint "Cleanup", Time since last: 1000086702 ns, Reaching safepoint: 59802 ns, At safepoint: 7500 ns, Total: 67302 ns
[404.969s][info ][safepoint      ] Safepoint "Cleanup", Time since last: 1000112203 ns, Reaching safepoint: 76002 ns, At safepoint: 6700 ns, Total: 82702 ns
[405.969s][info ][safepoint      ] Safepoint "Cleanup", Time since last: 1000109903 ns, Reaching safepoint: 51601 ns, At safepoint: 8601 ns, Total: 60202 ns
[407.969s][info ][safepoint      ] Safepoint "Cleanup", Time since last: 2000147206 ns, Reaching safepoint: 64401 ns, At safepoint: 9200 ns, Total: 73601 ns
[409.970s][info ][safepoint      ] Safepoint "Cleanup", Time since last: 2000176108 ns, Reaching safepoint: 64002 ns, At safepoint: 7500 ns, Total: 71502 ns
[411.970s][info ][safepoint      ] Safepoint "Cleanup", Time since last: 2000159809 ns, Reaching safepoint: 51001 ns, At safepoint: 3400 ns, Total: 54401 ns
[412.970s][info ][safepoint      ] Safepoint "Cleanup", Time since last: 1000108405 ns, Reaching safepoint: 52401 ns, At safepoint: 3100 ns, Total: 55501 ns
[413.970s][info ][safepoint      ] Safepoint "Cleanup", Time since last: 1000104806 ns, Reaching safepoint: 50001 ns, At safepoint: 2500 ns, Total: 52501 ns
[416.971s][info ][safepoint      ] Safepoint "Cleanup", Time since last: 3000239818 ns, Reaching safepoint: 61901 ns, At safepoint: 10100 ns, Total: 72001 ns
[417.971s][info ][safepoint      ] Safepoint "Cleanup", Time since last: 1000112807 ns, Reaching safepoint: 52501 ns, At safepoint: 6101 ns, Total: 58602 ns
[423.971s][info ][safepoint      ] Safepoint "Cleanup", Time since last: 6000441343 ns, Reaching safepoint: 47901 ns, At safepoint: 3100 ns, Total: 51001 ns
[427.972s][info ][safepoint      ] Safepoint "Cleanup", Time since last: 4000272135 ns, Reaching safepoint: 62501 ns, At safepoint: 5701 ns, Total: 68202 ns
[429.664s][info ][gc,start       ] GC(107) Pause Young (Allocation Failure)
[429.675s][debug][gc,phases      ] GC(107) Scavenge 10.626ms
[429.675s][debug][gc,ref         ] GC(107) Skipped phase 1 of Reference Processing: no references
[429.675s][debug][gc,ref         ] GC(107) ReferenceProcessor::execute queues: 1, RefProcThreadModel::Single, marks_oops_alive: false
[429.675s][debug][gc,ref         ] GC(107) Skipped phase 3 of Reference Processing: no references
[429.675s][debug][gc,ref         ] GC(107) ReferenceProcessor::execute queues: 1, RefProcThreadModel::Single, marks_oops_alive: false
[429.675s][debug][gc,phases      ] GC(107) Reference Processing 0.134ms
[429.675s][debug][gc,phases      ] GC(107)   VM Weak                        Min:  0.0, Avg:  0.0, Max:  0.0, Diff:  0.0, Sum:  0.0, Workers: 4
[429.675s][debug][gc,phases      ] GC(107)     Dead                           Min: 0, Avg:  0.0, Max: 0, Diff: 0, Sum: 0, Workers: 4
[429.675s][debug][gc,phases      ] GC(107)     Total                          Min: 0, Avg: 176.0, Max: 512, Diff: 512, Sum: 704, Workers: 4
[429.675s][debug][gc,phases      ] GC(107)   ObjectSynchronizer Weak        Min:  0.0, Avg:  0.0, Max:  0.0, Diff:  0.0, Sum:  0.0, Workers: 4
[429.675s][debug][gc,phases      ] GC(107)     Dead                           Min: 0, Avg:  0.0, Max: 0, Diff: 0, Sum: 0, Workers: 4
[429.675s][debug][gc,phases      ] GC(107)     Total                          Min: 0, Avg: 77.8, Max: 247, Diff: 247, Sum: 311, Workers: 4
[429.675s][debug][gc,phases      ] GC(107)   JVMTI Tag Weak OopStorage      Min:  0.0, Avg:  0.0, Max:  0.0, Diff:  0.0, Sum:  0.0, Workers: 4
[429.675s][debug][gc,phases      ] GC(107)     Dead                           Min: 0, Avg:  0.0, Max: 0, Diff: 0, Sum: 0, Workers: 4
[429.675s][debug][gc,phases      ] GC(107)     Total                          Min: 0, Avg:  0.0, Max: 0, Diff: 0, Sum: 0, Workers: 4
[429.675s][debug][gc,phases      ] GC(107)   StringTable Weak               Min:  0.1, Avg:  0.1, Max:  0.1, Diff:  0.0, Sum:  0.5, Workers: 4
[429.675s][debug][gc,phases      ] GC(107)     Dead                           Min: 0, Avg:  0.0, Max: 0, Diff: 0, Sum: 0, Workers: 4
[429.675s][debug][gc,phases      ] GC(107)     Total                          Min: 11191, Avg: 12061.8, Max: 12480, Diff: 1289, Sum: 48247, Workers: 4
[429.675s][debug][gc,phases      ] GC(107)   ResolvedMethodTable Weak       Min:  0.0, Avg:  0.0, Max:  0.0, Diff:  0.0, Sum:  0.1, Workers: 4
[429.675s][debug][gc,phases      ] GC(107)     Dead                           Min: 0, Avg:  0.0, Max: 0, Diff: 0, Sum: 0, Workers: 4
[429.675s][debug][gc,phases      ] GC(107)     Total                          Min: 1856, Avg: 2068.8, Max: 2451, Diff: 595, Sum: 8275, Workers: 4
[429.675s][debug][gc,phases      ] GC(107)   JNI Weak                       Min:  0.0, Avg:  0.0, Max:  0.0, Diff:  0.0, Sum:  0.0, Workers: 4
[429.675s][debug][gc,phases      ] GC(107)     Dead                           Min: 0, Avg:  0.0, Max: 0, Diff: 0, Sum: 0, Workers: 4
[429.675s][debug][gc,phases      ] GC(107)     Total                          Min: 0, Avg:  0.0, Max: 0, Diff: 0, Sum: 0, Workers: 4
[429.675s][debug][gc,phases      ] GC(107)   StringDedup Table Weak         Min:  0.0, Avg:  0.0, Max:  0.0, Diff:  0.0, Sum:  0.0, Workers: 4
[429.675s][debug][gc,phases      ] GC(107)     Dead                           Min: 0, Avg:  0.0, Max: 0, Diff: 0, Sum: 0, Workers: 4
[429.675s][debug][gc,phases      ] GC(107)     Total                          Min: 0, Avg:  0.0, Max: 0, Diff: 0, Sum: 0, Workers: 4
[429.675s][debug][gc,phases      ] GC(107)   StringDedup Requests0 Weak     Min:  0.0, Avg:  0.0, Max:  0.0, Diff:  0.0, Sum:  0.0, Workers: 4
[429.675s][debug][gc,phases      ] GC(107)     Dead                           Min: 0, Avg:  0.0, Max: 0, Diff: 0, Sum: 0, Workers: 4
[429.675s][debug][gc,phases      ] GC(107)     Total                          Min: 0, Avg:  0.0, Max: 0, Diff: 0, Sum: 0, Workers: 4
[429.675s][debug][gc,phases      ] GC(107)   StringDedup Requests1 Weak     Min:  0.0, Avg:  0.0, Max:  0.0, Diff:  0.0, Sum:  0.0, Workers: 4
[429.675s][debug][gc,phases      ] GC(107)     Dead                           Min: 0, Avg:  0.0, Max: 0, Diff: 0, Sum: 0, Workers: 4
[429.675s][debug][gc,phases      ] GC(107)     Total                          Min: 0, Avg:  0.0, Max: 0, Diff: 0, Sum: 0, Workers: 4
[429.675s][debug][gc,phases      ] GC(107)   Weak JFR Old Object Samples    Min:  0.0, Avg:  0.0, Max:  0.0, Diff:  0.0, Sum:  0.0, Workers: 4
[429.676s][debug][gc,phases      ] GC(107)     Dead                           Min: 0, Avg:  0.0, Max: 0, Diff: 0, Sum: 0, Workers: 4
[429.676s][debug][gc,phases      ] GC(107)     Total                          Min: 0, Avg:  0.0, Max: 0, Diff: 0, Sum: 0, Workers: 4
[429.676s][debug][gc,phases      ] GC(107) Weak Processing 0.358ms
[429.676s][debug][gc,age         ] GC(107) Desired survivor size 99090432 bytes, new threshold 15 (max threshold 15)
[429.676s][info ][gc,heap        ] GC(107) PSYoungGen: 1951599K(1999360K)->49071K(2000384K) Eden: 1901568K(1901568K)->0K(1902592K) From: 50031K(97792K)->49071K(97792K)
[429.676s][info ][gc,heap        ] GC(107) ParOldGen: 449514K(518656K)->449514K(518656K)
[429.676s][info ][gc,metaspace   ] GC(107) Metaspace: 83526K(84416K)->83526K(84416K) NonClass: 71829K(72320K)->71829K(72320K) Class: 11696K(12096K)->11696K(12096K)
[429.676s][info ][gc             ] GC(107) Pause Young (Allocation Failure) 2344M->486M(2460M) 11.256ms
[429.676s][info ][gc,cpu         ] GC(107) User=0.04s Sys=0.00s Real=0.01s
[429.676s][info ][safepoint      ] Safepoint "ParallelGCFailedAllocation", Time since last: 1692697175 ns, Reaching safepoint: 55902 ns, At safepoint: 11352245 ns, Total: 11408147 ns
[430.676s][info ][safepoint      ] Safepoint "Cleanup", Time since last: 1000091810 ns, Reaching safepoint: 68102 ns, At safepoint: 12200 ns, Total: 80302 ns
[431.676s][info ][safepoint      ] Safepoint "Cleanup", Time since last: 1000113311 ns, Reaching safepoint: 54301 ns, At safepoint: 6000 ns, Total: 60301 ns
[432.676s][info ][safepoint      ] Safepoint "Cleanup", Time since last: 1000077311 ns, Reaching safepoint: 67402 ns, At safepoint: 8900 ns, Total: 76302 ns
[433.676s][info ][safepoint      ] Safepoint "Cleanup", Time since last: 1000116212 ns, Reaching safepoint: 65701 ns, At safepoint: 8300 ns, Total: 74001 ns
[434.676s][info ][safepoint      ] Safepoint "Cleanup", Time since last: 1000114612 ns, Reaching safepoint: 55901 ns, At safepoint: 7301 ns, Total: 63202 ns
[435.677s][info ][safepoint      ] Safepoint "Cleanup", Time since last: 1000136912 ns, Reaching safepoint: 145904 ns, At safepoint: 9700 ns, Total: 155604 ns
[436.677s][info ][safepoint      ] Safepoint "Cleanup", Time since last: 1000109812 ns, Reaching safepoint: 140203 ns, At safepoint: 7701 ns, Total: 147904 ns
[437.677s][info ][safepoint      ] Safepoint "Cleanup", Time since last: 1000111912 ns, Reaching safepoint: 125803 ns, At safepoint: 11500 ns, Total: 137303 ns
[438.678s][info ][safepoint      ] Safepoint "Cleanup", Time since last: 1000128214 ns, Reaching safepoint: 128103 ns, At safepoint: 9200 ns, Total: 137303 ns
[439.678s][info ][safepoint      ] Safepoint "Cleanup", Time since last: 1000104313 ns, Reaching safepoint: 125103 ns, At safepoint: 10500 ns, Total: 135603 ns
[440.678s][info ][safepoint      ] Safepoint "Cleanup", Time since last: 1000108014 ns, Reaching safepoint: 121802 ns, At safepoint: 7000 ns, Total: 128802 ns
[441.678s][info ][safepoint      ] Safepoint "Cleanup", Time since last: 1000093114 ns, Reaching safepoint: 154703 ns, At safepoint: 8101 ns, Total: 162804 ns
[442.679s][info ][safepoint      ] Safepoint "Cleanup", Time since last: 1000099814 ns, Reaching safepoint: 122902 ns, At safepoint: 13801 ns, Total: 136703 ns
[443.679s][info ][safepoint      ] Safepoint "Cleanup", Time since last: 1000110214 ns, Reaching safepoint: 134803 ns, At safepoint: 10500 ns, Total: 145303 ns
[444.679s][info ][safepoint      ] Safepoint "Cleanup", Time since last: 1000113115 ns, Reaching safepoint: 147603 ns, At safepoint: 17101 ns, Total: 164704 ns
[445.679s][info ][safepoint      ] Safepoint "Cleanup", Time since last: 1000128615 ns, Reaching safepoint: 129103 ns, At safepoint: 8300 ns, Total: 137403 ns
[446.680s][info ][safepoint      ] Safepoint "Cleanup", Time since last: 1000130916 ns, Reaching safepoint: 127103 ns, At safepoint: 5800 ns, Total: 132903 ns
[447.680s][info ][safepoint      ] Safepoint "Cleanup", Time since last: 1000120816 ns, Reaching safepoint: 132403 ns, At safepoint: 12600 ns, Total: 145003 ns
[449.257s][info ][safepoint      ] Safepoint "Cleanup", Time since last: 1577208589 ns, Reaching safepoint: 90502 ns, At safepoint: 7700 ns, Total: 98202 ns
[450.257s][info ][safepoint      ] Safepoint "Cleanup", Time since last: 1000105717 ns, Reaching safepoint: 55501 ns, At safepoint: 5100 ns, Total: 60601 ns
[451.257s][info ][safepoint      ] Safepoint "Cleanup", Time since last: 1000112817 ns, Reaching safepoint: 51001 ns, At safepoint: 8400 ns, Total: 59401 ns
[452.258s][info ][safepoint      ] Safepoint "Cleanup", Time since last: 1000119517 ns, Reaching safepoint: 76802 ns, At safepoint: 6500 ns, Total: 83302 ns
[453.258s][info ][safepoint      ] Safepoint "Cleanup", Time since last: 1000116217 ns, Reaching safepoint: 85102 ns, At safepoint: 5200 ns, Total: 90302 ns
[454.258s][info ][safepoint      ] Safepoint "Cleanup", Time since last: 1000121218 ns, Reaching safepoint: 63801 ns, At safepoint: 13501 ns, Total: 77302 ns
[455.258s][info ][safepoint      ] Safepoint "Cleanup", Time since last: 1000113518 ns, Reaching safepoint: 54101 ns, At safepoint: 8700 ns, Total: 62801 ns
[456.258s][info ][safepoint      ] Safepoint "Cleanup", Time since last: 1000108518 ns, Reaching safepoint: 62301 ns, At safepoint: 8401 ns, Total: 70702 ns
[457.259s][info ][safepoint      ] Safepoint "Cleanup", Time since last: 1000115618 ns, Reaching safepoint: 68602 ns, At safepoint: 9100 ns, Total: 77702 ns
[458.259s][info ][safepoint      ] Safepoint "Cleanup", Time since last: 1000125719 ns, Reaching safepoint: 60401 ns, At safepoint: 5500 ns, Total: 65901 ns
[459.259s][info ][safepoint      ] Safepoint "Cleanup", Time since last: 1000079518 ns, Reaching safepoint: 77502 ns, At safepoint: 7100 ns, Total: 84602 ns
[461.259s][info ][safepoint      ] Safepoint "Cleanup", Time since last: 2000193738 ns, Reaching safepoint: 85902 ns, At safepoint: 10900 ns, Total: 96802 ns
[462.678s][info ][gc,start       ] GC(108) Pause Young (Allocation Failure)
[462.690s][debug][gc,phases      ] GC(108) Scavenge 11.948ms
[462.690s][debug][gc,ref         ] GC(108) Skipped phase 1 of Reference Processing: no references
[462.690s][debug][gc,ref         ] GC(108) ReferenceProcessor::execute queues: 1, RefProcThreadModel::Single, marks_oops_alive: false
[462.690s][debug][gc,ref         ] GC(108) Skipped phase 3 of Reference Processing: no references
[462.690s][debug][gc,ref         ] GC(108) ReferenceProcessor::execute queues: 1, RefProcThreadModel::Single, marks_oops_alive: false
[462.690s][debug][gc,phases      ] GC(108) Reference Processing 0.120ms
[462.690s][debug][gc,phases      ] GC(108)   VM Weak                        Min:  0.0, Avg:  0.0, Max:  0.0, Diff:  0.0, Sum:  0.0, Workers: 4
[462.690s][debug][gc,phases      ] GC(108)     Dead                           Min: 0, Avg:  0.0, Max: 0, Diff: 0, Sum: 0, Workers: 4
[462.690s][debug][gc,phases      ] GC(108)     Total                          Min: 0, Avg: 177.5, Max: 518, Diff: 518, Sum: 710, Workers: 4
[462.690s][debug][gc,phases      ] GC(108)   ObjectSynchronizer Weak        Min:  0.0, Avg:  0.0, Max:  0.0, Diff:  0.0, Sum:  0.0, Workers: 4
[462.690s][debug][gc,phases      ] GC(108)     Dead                           Min: 0, Avg:  0.0, Max: 0, Diff: 0, Sum: 0, Workers: 4
[462.690s][debug][gc,phases      ] GC(108)     Total                          Min: 0, Avg: 77.8, Max: 183, Diff: 183, Sum: 311, Workers: 4
[462.690s][debug][gc,phases      ] GC(108)   JVMTI Tag Weak OopStorage      Min:  0.0, Avg:  0.0, Max:  0.0, Diff:  0.0, Sum:  0.0, Workers: 4
[462.690s][debug][gc,phases      ] GC(108)     Dead                           Min: 0, Avg:  0.0, Max: 0, Diff: 0, Sum: 0, Workers: 4
[462.690s][debug][gc,phases      ] GC(108)     Total                          Min: 0, Avg:  0.0, Max: 0, Diff: 0, Sum: 0, Workers: 4
[462.690s][debug][gc,phases      ] GC(108)   StringTable Weak               Min:  0.0, Avg:  0.1, Max:  0.1, Diff:  0.1, Sum:  0.4, Workers: 4
[462.690s][debug][gc,phases      ] GC(108)     Dead                           Min: 0, Avg:  0.0, Max: 0, Diff: 0, Sum: 0, Workers: 4
[462.690s][debug][gc,phases      ] GC(108)     Total                          Min: 2798, Avg: 12075.5, Max: 17088, Diff: 14290, Sum: 48302, Workers: 4
[462.690s][debug][gc,phases      ] GC(108)   ResolvedMethodTable Weak       Min:  0.0, Avg:  0.0, Max:  0.0, Diff:  0.0, Sum:  0.1, Workers: 4
[462.690s][debug][gc,phases      ] GC(108)     Dead                           Min: 0, Avg:  0.0, Max: 0, Diff: 0, Sum: 0, Workers: 4
[462.690s][debug][gc,phases      ] GC(108)     Total                          Min: 1856, Avg: 2077.0, Max: 2432, Diff: 576, Sum: 8308, Workers: 4
[462.690s][debug][gc,phases      ] GC(108)   JNI Weak                       Min:  0.0, Avg:  0.0, Max:  0.0, Diff:  0.0, Sum:  0.0, Workers: 4
[462.690s][debug][gc,phases      ] GC(108)     Dead                           Min: 0, Avg:  0.0, Max: 0, Diff: 0, Sum: 0, Workers: 4
[462.690s][debug][gc,phases      ] GC(108)     Total                          Min: 0, Avg:  0.0, Max: 0, Diff: 0, Sum: 0, Workers: 4
[462.690s][debug][gc,phases      ] GC(108)   StringDedup Table Weak         Min:  0.0, Avg:  0.0, Max:  0.0, Diff:  0.0, Sum:  0.0, Workers: 4
[462.690s][debug][gc,phases      ] GC(108)     Dead                           Min: 0, Avg:  0.0, Max: 0, Diff: 0, Sum: 0, Workers: 4
[462.690s][debug][gc,phases      ] GC(108)     Total                          Min: 0, Avg:  0.0, Max: 0, Diff: 0, Sum: 0, Workers: 4
[462.690s][debug][gc,phases      ] GC(108)   StringDedup Requests0 Weak     Min:  0.0, Avg:  0.0, Max:  0.0, Diff:  0.0, Sum:  0.0, Workers: 4
[462.690s][debug][gc,phases      ] GC(108)     Dead                           Min: 0, Avg:  0.0, Max: 0, Diff: 0, Sum: 0, Workers: 4
[462.690s][debug][gc,phases      ] GC(108)     Total                          Min: 0, Avg:  0.0, Max: 0, Diff: 0, Sum: 0, Workers: 4
[462.690s][debug][gc,phases      ] GC(108)   StringDedup Requests1 Weak     Min:  0.0, Avg:  0.0, Max:  0.0, Diff:  0.0, Sum:  0.0, Workers: 4
[462.690s][debug][gc,phases      ] GC(108)     Dead                           Min: 0, Avg:  0.0, Max: 0, Diff: 0, Sum: 0, Workers: 4
[462.690s][debug][gc,phases      ] GC(108)     Total                          Min: 0, Avg:  0.0, Max: 0, Diff: 0, Sum: 0, Workers: 4
[462.690s][debug][gc,phases      ] GC(108)   Weak JFR Old Object Samples    Min:  0.0, Avg:  0.0, Max:  0.0, Diff:  0.0, Sum:  0.0, Workers: 4
[462.690s][debug][gc,phases      ] GC(108)     Dead                           Min: 0, Avg:  0.0, Max: 0, Diff: 0, Sum: 0, Workers: 4
[462.690s][debug][gc,phases      ] GC(108)     Total                          Min: 0, Avg:  0.0, Max: 0, Diff: 0, Sum: 0, Workers: 4
[462.690s][debug][gc,phases      ] GC(108) Weak Processing 0.327ms
[462.690s][debug][gc,age         ] GC(108) Desired survivor size 99090432 bytes, new threshold 15 (max threshold 15)
[462.690s][info ][gc,heap        ] GC(108) PSYoungGen: 1951663K(2000384K)->52607K(1999360K) Eden: 1902592K(1902592K)->0K(1902592K) From: 49071K(97792K)->52607K(96768K)
[462.690s][info ][gc,heap        ] GC(108) ParOldGen: 449514K(518656K)->449522K(518656K)
[462.690s][info ][gc,metaspace   ] GC(108) Metaspace: 83636K(84544K)->83636K(84544K) NonClass: 71926K(72384K)->71926K(72384K) Class: 11709K(12160K)->11709K(12160K)
[462.690s][info ][gc             ] GC(108) Pause Young (Allocation Failure) 2344M->490M(2459M) 12.551ms
[462.690s][info ][gc,cpu         ] GC(108) User=0.05s Sys=0.00s Real=0.01s
[462.690s][info ][safepoint      ] Safepoint "ParallelGCFailedAllocation", Time since last: 1418161957 ns, Reaching safepoint: 66202 ns, At safepoint: 12641273 ns, Total: 12707475 ns
[463.690s][info ][safepoint      ] Safepoint "Cleanup", Time since last: 1000084820 ns, Reaching safepoint: 60001 ns, At safepoint: 13000 ns, Total: 73001 ns
[464.691s][info ][safepoint      ] Safepoint "Cleanup", Time since last: 1000122421 ns, Reaching safepoint: 73702 ns, At safepoint: 10500 ns, Total: 84202 ns
[465.691s][info ][safepoint      ] Safepoint "Cleanup", Time since last: 1000120021 ns, Reaching safepoint: 57701 ns, At safepoint: 8000 ns, Total: 65701 ns
[466.691s][info ][safepoint      ] Safepoint "Cleanup", Time since last: 1000125221 ns, Reaching safepoint: 82402 ns, At safepoint: 11700 ns, Total: 94102 ns
[467.691s][info ][safepoint      ] Safepoint "Cleanup", Time since last: 1000114322 ns, Reaching safepoint: 49701 ns, At safepoint: 3700 ns, Total: 53401 ns
[469.691s][info ][safepoint      ] Safepoint "Cleanup", Time since last: 2000180842 ns, Reaching safepoint: 51501 ns, At safepoint: 3000 ns, Total: 54501 ns
[470.692s][info ][safepoint      ] Safepoint "Cleanup", Time since last: 1000113923 ns, Reaching safepoint: 86901 ns, At safepoint: 3001 ns, Total: 89902 ns
[471.692s][info ][safepoint      ] Safepoint "Cleanup", Time since last: 1000108022 ns, Reaching safepoint: 57401 ns, At safepoint: 10500 ns, Total: 67901 ns
[472.692s][info ][safepoint      ] Safepoint "Cleanup", Time since last: 1000116623 ns, Reaching safepoint: 49901 ns, At safepoint: 2600 ns, Total: 52501 ns
[473.692s][info ][safepoint      ] Safepoint "Cleanup", Time since last: 1000110223 ns, Reaching safepoint: 154703 ns, At safepoint: 18001 ns, Total: 172704 ns
[474.692s][info ][safepoint      ] Safepoint "Cleanup", Time since last: 1000115623 ns, Reaching safepoint: 50501 ns, At safepoint: 8200 ns, Total: 58701 ns
[475.693s][info ][safepoint      ] Safepoint "Cleanup", Time since last: 1000111724 ns, Reaching safepoint: 71901 ns, At safepoint: 12400 ns, Total: 84301 ns
[476.693s][info ][safepoint      ] Safepoint "Cleanup", Time since last: 1000116324 ns, Reaching safepoint: 53901 ns, At safepoint: 7701 ns, Total: 61602 ns
[479.623s][info ][safepoint      ] Safepoint "ICBufferFull", Time since last: 2930054053 ns, Reaching safepoint: 200704 ns, At safepoint: 15400 ns, Total: 216104 ns
[479.627s][info ][safepoint      ] Safepoint "ICBufferFull", Time since last: 4151490 ns, Reaching safepoint: 109702 ns, At safepoint: 11501 ns, Total: 121203 ns
[479.628s][info ][safepoint      ] Safepoint "ICBufferFull", Time since last: 658914 ns, Reaching safepoint: 104702 ns, At safepoint: 7300 ns, Total: 112002 ns
[479.629s][info ][safepoint      ] Safepoint "ICBufferFull", Time since last: 597713 ns, Reaching safepoint: 105003 ns, At safepoint: 4200 ns, Total: 109203 ns
[479.629s][info ][safepoint      ] Safepoint "ICBufferFull", Time since last: 640313 ns, Reaching safepoint: 103503 ns, At safepoint: 5000 ns, Total: 108503 ns
[479.640s][info ][safepoint      ] Safepoint "ICBufferFull", Time since last: 10288422 ns, Reaching safepoint: 113903 ns, At safepoint: 6800 ns, Total: 120703 ns
[479.663s][info ][safepoint      ] Safepoint "ICBufferFull", Time since last: 23373805 ns, Reaching safepoint: 117203 ns, At safepoint: 5200 ns, Total: 122403 ns
[479.664s][info ][safepoint      ] Safepoint "ICBufferFull", Time since last: 707415 ns, Reaching safepoint: 103802 ns, At safepoint: 6901 ns, Total: 110703 ns
[479.665s][info ][safepoint      ] Safepoint "ICBufferFull", Time since last: 625813 ns, Reaching safepoint: 99902 ns, At safepoint: 4600 ns, Total: 104502 ns
[479.666s][info ][safepoint      ] Safepoint "ICBufferFull", Time since last: 588013 ns, Reaching safepoint: 99902 ns, At safepoint: 4000 ns, Total: 103902 ns
[479.688s][info ][safepoint      ] Safepoint "ICBufferFull", Time since last: 21844173 ns, Reaching safepoint: 83101 ns, At safepoint: 8001 ns, Total: 91102 ns
[479.689s][info ][safepoint      ] Safepoint "ICBufferFull", Time since last: 995821 ns, Reaching safepoint: 107602 ns, At safepoint: 6801 ns, Total: 114403 ns
[479.690s][info ][safepoint      ] Safepoint "ICBufferFull", Time since last: 818117 ns, Reaching safepoint: 96702 ns, At safepoint: 4401 ns, Total: 101103 ns
[479.691s][info ][safepoint      ] Safepoint "ICBufferFull", Time since last: 888119 ns, Reaching safepoint: 101202 ns, At safepoint: 5000 ns, Total: 106202 ns
[479.691s][info ][safepoint      ] Safepoint "ICBufferFull", Time since last: 688315 ns, Reaching safepoint: 101302 ns, At safepoint: 6600 ns, Total: 107902 ns
[479.723s][info ][safepoint      ] Safepoint "ICBufferFull", Time since last: 31662785 ns, Reaching safepoint: 136703 ns, At safepoint: 6900 ns, Total: 143603 ns
[479.739s][info ][safepoint      ] Safepoint "ICBufferFull", Time since last: 15336532 ns, Reaching safepoint: 140403 ns, At safepoint: 7800 ns, Total: 148203 ns
[479.749s][info ][safepoint      ] Safepoint "ICBufferFull", Time since last: 9868313 ns, Reaching safepoint: 192104 ns, At safepoint: 6500 ns, Total: 198604 ns
[479.781s][info ][safepoint      ] Safepoint "ICBufferFull", Time since last: 31808188 ns, Reaching safepoint: 117703 ns, At safepoint: 7200 ns, Total: 124903 ns
[479.796s][info ][safepoint      ] Safepoint "ICBufferFull", Time since last: 14820820 ns, Reaching safepoint: 67902 ns, At safepoint: 2600 ns, Total: 70502 ns
[479.813s][info ][safepoint      ] Safepoint "ICBufferFull", Time since last: 17333375 ns, Reaching safepoint: 43701 ns, At safepoint: 2300 ns, Total: 46001 ns
[479.843s][info ][safepoint      ] Safepoint "ICBufferFull", Time since last: 30118351 ns, Reaching safepoint: 38901 ns, At safepoint: 2200 ns, Total: 41101 ns
[479.883s][info ][safepoint      ] Safepoint "ICBufferFull", Time since last: 39682058 ns, Reaching safepoint: 59701 ns, At safepoint: 5100 ns, Total: 64801 ns
[480.883s][info ][safepoint      ] Safepoint "Cleanup", Time since last: 1000115225 ns, Reaching safepoint: 141303 ns, At safepoint: 13300 ns, Total: 154603 ns
[482.036s][info ][gc,start       ] GC(109) Pause Young (Allocation Failure)
[482.056s][debug][gc,phases      ] GC(109) Scavenge 20.533ms
[482.056s][debug][gc,ref         ] GC(109) Skipped phase 1 of Reference Processing: no references
[482.056s][debug][gc,ref         ] GC(109) ReferenceProcessor::execute queues: 1, RefProcThreadModel::Single, marks_oops_alive: false
[482.056s][debug][gc,ref         ] GC(109) Skipped phase 3 of Reference Processing: no references
[482.056s][debug][gc,ref         ] GC(109) ReferenceProcessor::execute queues: 1, RefProcThreadModel::Single, marks_oops_alive: false
[482.056s][debug][gc,phases      ] GC(109) Reference Processing 0.130ms
[482.056s][debug][gc,phases      ] GC(109)   VM Weak                        Min:  0.0, Avg:  0.0, Max:  0.0, Diff:  0.0, Sum:  0.0, Workers: 4
[482.056s][debug][gc,phases      ] GC(109)     Dead                           Min: 0, Avg:  0.0, Max: 0, Diff: 0, Sum: 0, Workers: 4
[482.056s][debug][gc,phases      ] GC(109)     Total                          Min: 0, Avg: 177.5, Max: 710, Diff: 710, Sum: 710, Workers: 4
[482.056s][debug][gc,phases      ] GC(109)   ObjectSynchronizer Weak        Min:  0.0, Avg:  0.0, Max:  0.0, Diff:  0.0, Sum:  0.0, Workers: 4
[482.057s][debug][gc,phases      ] GC(109)     Dead                           Min: 0, Avg:  0.0, Max: 0, Diff: 0, Sum: 0, Workers: 4
[482.057s][debug][gc,phases      ] GC(109)     Total                          Min: 0, Avg: 77.8, Max: 311, Diff: 311, Sum: 311, Workers: 4
[482.057s][debug][gc,phases      ] GC(109)   JVMTI Tag Weak OopStorage      Min:  0.0, Avg:  0.0, Max:  0.0, Diff:  0.0, Sum:  0.0, Workers: 4
[482.057s][debug][gc,phases      ] GC(109)     Dead                           Min: 0, Avg:  0.0, Max: 0, Diff: 0, Sum: 0, Workers: 4
[482.057s][debug][gc,phases      ] GC(109)     Total                          Min: 0, Avg:  0.0, Max: 0, Diff: 0, Sum: 0, Workers: 4
[482.057s][debug][gc,phases      ] GC(109)   StringTable Weak               Min:  0.1, Avg:  0.1, Max:  0.1, Diff:  0.0, Sum:  0.5, Workers: 4
[482.057s][debug][gc,phases      ] GC(109)     Dead                           Min: 0, Avg:  0.0, Max: 0, Diff: 0, Sum: 0, Workers: 4
[482.057s][debug][gc,phases      ] GC(109)     Total                          Min: 11200, Avg: 12081.5, Max: 12544, Diff: 1344, Sum: 48326, Workers: 4
[482.057s][debug][gc,phases      ] GC(109)   ResolvedMethodTable Weak       Min:  0.0, Avg:  0.0, Max:  0.0, Diff:  0.0, Sum:  0.1, Workers: 4
[482.057s][debug][gc,phases      ] GC(109)     Dead                           Min: 0, Avg:  0.0, Max: 0, Diff: 0, Sum: 0, Workers: 4
[482.057s][debug][gc,phases      ] GC(109)     Total                          Min: 1920, Avg: 2078.5, Max: 2362, Diff: 442, Sum: 8314, Workers: 4
[482.057s][debug][gc,phases      ] GC(109)   JNI Weak                       Min:  0.0, Avg:  0.0, Max:  0.0, Diff:  0.0, Sum:  0.0, Workers: 4
[482.057s][debug][gc,phases      ] GC(109)     Dead                           Min: 0, Avg:  0.0, Max: 0, Diff: 0, Sum: 0, Workers: 4
[482.057s][debug][gc,phases      ] GC(109)     Total                          Min: 0, Avg:  0.0, Max: 0, Diff: 0, Sum: 0, Workers: 4
[482.057s][debug][gc,phases      ] GC(109)   StringDedup Table Weak         Min:  0.0, Avg:  0.0, Max:  0.0, Diff:  0.0, Sum:  0.0, Workers: 4
[482.057s][debug][gc,phases      ] GC(109)     Dead                           Min: 0, Avg:  0.0, Max: 0, Diff: 0, Sum: 0, Workers: 4
[482.057s][debug][gc,phases      ] GC(109)     Total                          Min: 0, Avg:  0.0, Max: 0, Diff: 0, Sum: 0, Workers: 4
[482.057s][debug][gc,phases      ] GC(109)   StringDedup Requests0 Weak     Min:  0.0, Avg:  0.0, Max:  0.0, Diff:  0.0, Sum:  0.0, Workers: 4
[482.057s][debug][gc,phases      ] GC(109)     Dead                           Min: 0, Avg:  0.0, Max: 0, Diff: 0, Sum: 0, Workers: 4
[482.057s][debug][gc,phases      ] GC(109)     Total                          Min: 0, Avg:  0.0, Max: 0, Diff: 0, Sum: 0, Workers: 4
[482.057s][debug][gc,phases      ] GC(109)   StringDedup Requests1 Weak     Min:  0.0, Avg:  0.0, Max:  0.0, Diff:  0.0, Sum:  0.0, Workers: 4
[482.057s][debug][gc,phases      ] GC(109)     Dead                           Min: 0, Avg:  0.0, Max: 0, Diff: 0, Sum: 0, Workers: 4
[482.057s][debug][gc,phases      ] GC(109)     Total                          Min: 0, Avg:  0.0, Max: 0, Diff: 0, Sum: 0, Workers: 4
[482.057s][debug][gc,phases      ] GC(109)   Weak JFR Old Object Samples    Min:  0.0, Avg:  0.0, Max:  0.0, Diff:  0.0, Sum:  0.0, Workers: 4
[482.057s][debug][gc,phases      ] GC(109)     Dead                           Min: 0, Avg:  0.0, Max: 0, Diff: 0, Sum: 0, Workers: 4
[482.057s][debug][gc,phases      ] GC(109)     Total                          Min: 0, Avg:  0.0, Max: 0, Diff: 0, Sum: 0, Workers: 4
[482.057s][debug][gc,phases      ] GC(109) Weak Processing 0.340ms
[482.057s][debug][gc,age         ] GC(109) Desired survivor size 111149056 bytes, new threshold 15 (max threshold 15)
[482.057s][info ][gc,heap        ] GC(109) PSYoungGen: 1955199K(1999360K)->86223K(1976832K) Eden: 1902592K(1902592K)->0K(1880064K) From: 52607K(96768K)->86223K(96768K)
[482.057s][info ][gc,heap        ] GC(109) ParOldGen: 449522K(518656K)->449978K(518656K)
[482.057s][info ][gc,metaspace   ] GC(109) Metaspace: 83678K(84608K)->83678K(84608K) NonClass: 71965K(72448K)->71965K(72448K) Class: 11712K(12160K)->11712K(12160K)
[482.057s][info ][gc             ] GC(109) Pause Young (Allocation Failure) 2348M->523M(2437M) 21.122ms
[482.057s][info ][gc,cpu         ] GC(109) User=0.08s Sys=0.01s Real=0.03s
[482.057s][info ][safepoint      ] Safepoint "ParallelGCFailedAllocation", Time since last: 1152272116 ns, Reaching safepoint: 105302 ns, At safepoint: 21205158 ns, Total: 21310460 ns
[483.057s][info ][safepoint      ] Safepoint "Cleanup", Time since last: 1000085425 ns, Reaching safepoint: 89102 ns, At safepoint: 8400 ns, Total: 97502 ns
[485.057s][info ][safepoint      ] Safepoint "Cleanup", Time since last: 2000170051 ns, Reaching safepoint: 52701 ns, At safepoint: 7500 ns, Total: 60201 ns
[486.057s][info ][safepoint      ] Safepoint "Cleanup", Time since last: 1000109326 ns, Reaching safepoint: 55501 ns, At safepoint: 6700 ns, Total: 62201 ns
[487.057s][info ][safepoint      ] Safepoint "Cleanup", Time since last: 1000107327 ns, Reaching safepoint: 64301 ns, At safepoint: 10400 ns, Total: 74701 ns
[488.058s][info ][safepoint      ] Safepoint "Cleanup", Time since last: 1000132628 ns, Reaching safepoint: 88601 ns, At safepoint: 10501 ns, Total: 99102 ns
[489.058s][info ][safepoint      ] Safepoint "Cleanup", Time since last: 1000114727 ns, Reaching safepoint: 42701 ns, At safepoint: 6200 ns, Total: 48901 ns
[490.058s][info ][safepoint      ] Safepoint "Cleanup", Time since last: 1000111527 ns, Reaching safepoint: 52801 ns, At safepoint: 4500 ns, Total: 57301 ns
[494.058s][info ][safepoint      ] Safepoint "Cleanup", Time since last: 4000316309 ns, Reaching safepoint: 52901 ns, At safepoint: 10500 ns, Total: 63401 ns
[495.059s][info ][safepoint      ] Safepoint "Cleanup", Time since last: 1000108129 ns, Reaching safepoint: 67601 ns, At safepoint: 3100 ns, Total: 70701 ns
[497.059s][info ][safepoint      ] Safepoint "Cleanup", Time since last: 2000192957 ns, Reaching safepoint: 63602 ns, At safepoint: 6400 ns, Total: 70002 ns
[502.059s][info ][safepoint      ] Safepoint "Cleanup", Time since last: 5000385745 ns, Reaching safepoint: 52001 ns, At safepoint: 5700 ns, Total: 57701 ns
[503.059s][info ][safepoint      ] Safepoint "Cleanup", Time since last: 1000117031 ns, Reaching safepoint: 70001 ns, At safepoint: 11501 ns, Total: 81502 ns
[504.060s][info ][safepoint      ] Safepoint "Cleanup", Time since last: 1000112730 ns, Reaching safepoint: 54302 ns, At safepoint: 3300 ns, Total: 57602 ns
[506.060s][info ][safepoint      ] Safepoint "Cleanup", Time since last: 2000183961 ns, Reaching safepoint: 64102 ns, At safepoint: 7700 ns, Total: 71802 ns
[507.060s][info ][safepoint      ] Safepoint "Cleanup", Time since last: 1000116131 ns, Reaching safepoint: 69102 ns, At safepoint: 7700 ns, Total: 76802 ns
[508.060s][info ][safepoint      ] Safepoint "Cleanup", Time since last: 1000112132 ns, Reaching safepoint: 54001 ns, At safepoint: 9100 ns, Total: 63101 ns
[509.060s][info ][safepoint      ] Safepoint "Cleanup", Time since last: 1000117232 ns, Reaching safepoint: 54002 ns, At safepoint: 9200 ns, Total: 63202 ns
[510.061s][info ][safepoint      ] Safepoint "Cleanup", Time since last: 1000134733 ns, Reaching safepoint: 64501 ns, At safepoint: 7100 ns, Total: 71601 ns
[511.061s][info ][safepoint      ] Safepoint "Cleanup", Time since last: 1000132533 ns, Reaching safepoint: 72202 ns, At safepoint: 7300 ns, Total: 79502 ns
[512.061s][info ][safepoint      ] Safepoint "Cleanup", Time since last: 1000117833 ns, Reaching safepoint: 53801 ns, At safepoint: 6700 ns, Total: 60501 ns
[513.061s][info ][safepoint      ] Safepoint "Cleanup", Time since last: 1000108933 ns, Reaching safepoint: 49101 ns, At safepoint: 3300 ns, Total: 52401 ns
[517.780s][info ][gc,start       ] GC(110) Pause Young (Allocation Failure)
[517.797s][debug][gc,phases      ] GC(110) Scavenge 16.571ms
[517.797s][debug][gc,ref         ] GC(110) Skipped phase 1 of Reference Processing: no references
[517.797s][debug][gc,ref         ] GC(110) ReferenceProcessor::execute queues: 1, RefProcThreadModel::Single, marks_oops_alive: false
[517.797s][debug][gc,ref         ] GC(110) Skipped phase 3 of Reference Processing: no references
[517.797s][debug][gc,ref         ] GC(110) ReferenceProcessor::execute queues: 1, RefProcThreadModel::Single, marks_oops_alive: false
[517.797s][debug][gc,phases      ] GC(110) Reference Processing 0.149ms
[517.797s][debug][gc,phases      ] GC(110)   VM Weak                        Min:  0.0, Avg:  0.0, Max:  0.0, Diff:  0.0, Sum:  0.0, Workers: 4
[517.797s][debug][gc,phases      ] GC(110)     Dead                           Min: 0, Avg:  0.0, Max: 0, Diff: 0, Sum: 0, Workers: 4
[517.797s][debug][gc,phases      ] GC(110)     Total                          Min: 0, Avg: 177.5, Max: 640, Diff: 640, Sum: 710, Workers: 4
[517.797s][debug][gc,phases      ] GC(110)   ObjectSynchronizer Weak        Min:  0.0, Avg:  0.0, Max:  0.0, Diff:  0.0, Sum:  0.0, Workers: 4
[517.797s][debug][gc,phases      ] GC(110)     Dead                           Min: 0, Avg:  0.0, Max: 0, Diff: 0, Sum: 0, Workers: 4
[517.797s][debug][gc,phases      ] GC(110)     Total                          Min: 0, Avg: 77.8, Max: 183, Diff: 183, Sum: 311, Workers: 4
[517.797s][debug][gc,phases      ] GC(110)   JVMTI Tag Weak OopStorage      Min:  0.0, Avg:  0.0, Max:  0.0, Diff:  0.0, Sum:  0.0, Workers: 4
[517.797s][debug][gc,phases      ] GC(110)     Dead                           Min: 0, Avg:  0.0, Max: 0, Diff: 0, Sum: 0, Workers: 4
[517.797s][debug][gc,phases      ] GC(110)     Total                          Min: 0, Avg:  0.0, Max: 0, Diff: 0, Sum: 0, Workers: 4
[517.797s][debug][gc,phases      ] GC(110)   StringTable Weak               Min:  0.1, Avg:  0.1, Max:  0.1, Diff:  0.0, Sum:  0.4, Workers: 4
[517.797s][debug][gc,phases      ] GC(110)     Dead                           Min: 0, Avg:  0.0, Max: 0, Diff: 0, Sum: 0, Workers: 4
[517.797s][debug][gc,phases      ] GC(110)     Total                          Min: 11520, Avg: 12084.5, Max: 12544, Diff: 1024, Sum: 48338, Workers: 4
[517.797s][debug][gc,phases      ] GC(110)   ResolvedMethodTable Weak       Min:  0.0, Avg:  0.0, Max:  0.0, Diff:  0.0, Sum:  0.1, Workers: 4
[517.797s][debug][gc,phases      ] GC(110)     Dead                           Min: 0, Avg:  0.0, Max: 0, Diff: 0, Sum: 0, Workers: 4
[517.797s][debug][gc,phases      ] GC(110)     Total                          Min: 1982, Avg: 2079.5, Max: 2304, Diff: 322, Sum: 8318, Workers: 4
[517.797s][debug][gc,phases      ] GC(110)   JNI Weak                       Min:  0.0, Avg:  0.0, Max:  0.0, Diff:  0.0, Sum:  0.0, Workers: 4
[517.797s][debug][gc,phases      ] GC(110)     Dead                           Min: 0, Avg:  0.0, Max: 0, Diff: 0, Sum: 0, Workers: 4
[517.797s][debug][gc,phases      ] GC(110)     Total                          Min: 0, Avg:  0.0, Max: 0, Diff: 0, Sum: 0, Workers: 4
[517.797s][debug][gc,phases      ] GC(110)   StringDedup Table Weak         Min:  0.0, Avg:  0.0, Max:  0.0, Diff:  0.0, Sum:  0.0, Workers: 4
[517.797s][debug][gc,phases      ] GC(110)     Dead                           Min: 0, Avg:  0.0, Max: 0, Diff: 0, Sum: 0, Workers: 4
[517.797s][debug][gc,phases      ] GC(110)     Total                          Min: 0, Avg:  0.0, Max: 0, Diff: 0, Sum: 0, Workers: 4
[517.797s][debug][gc,phases      ] GC(110)   StringDedup Requests0 Weak     Min:  0.0, Avg:  0.0, Max:  0.0, Diff:  0.0, Sum:  0.0, Workers: 4
[517.797s][debug][gc,phases      ] GC(110)     Dead                           Min: 0, Avg:  0.0, Max: 0, Diff: 0, Sum: 0, Workers: 4
[517.797s][debug][gc,phases      ] GC(110)     Total                          Min: 0, Avg:  0.0, Max: 0, Diff: 0, Sum: 0, Workers: 4
[517.797s][debug][gc,phases      ] GC(110)   StringDedup Requests1 Weak     Min:  0.0, Avg:  0.0, Max:  0.0, Diff:  0.0, Sum:  0.0, Workers: 4
[517.797s][debug][gc,phases      ] GC(110)     Dead                           Min: 0, Avg:  0.0, Max: 0, Diff: 0, Sum: 0, Workers: 4
[517.797s][debug][gc,phases      ] GC(110)     Total                          Min: 0, Avg:  0.0, Max: 0, Diff: 0, Sum: 0, Workers: 4
[517.797s][debug][gc,phases      ] GC(110)   Weak JFR Old Object Samples    Min:  0.0, Avg:  0.0, Max:  0.0, Diff:  0.0, Sum:  0.0, Workers: 4
[517.797s][debug][gc,phases      ] GC(110)     Dead                           Min: 0, Avg:  0.0, Max: 0, Diff: 0, Sum: 0, Workers: 4
[517.797s][debug][gc,phases      ] GC(110)     Total                          Min: 0, Avg:  0.0, Max: 0, Diff: 0, Sum: 0, Workers: 4
[517.797s][debug][gc,phases      ] GC(110) Weak Processing 0.321ms
[517.797s][debug][gc,age         ] GC(110) Desired survivor size 121110528 bytes, new threshold 15 (max threshold 15)
[517.797s][info ][gc,heap        ] GC(110) PSYoungGen: 1966287K(1976832K)->87231K(1967616K) Eden: 1880064K(1880064K)->0K(1880064K) From: 86223K(96768K)->87231K(87552K)
[517.797s][info ][gc,heap        ] GC(110) ParOldGen: 449978K(518656K)->450386K(518656K)
[517.797s][info ][gc,metaspace   ] GC(110) Metaspace: 83726K(84672K)->83726K(84672K) NonClass: 72011K(72512K)->72011K(72512K) Class: 11714K(12160K)->11714K(12160K)
[517.797s][info ][gc             ] GC(110) Pause Young (Allocation Failure) 2359M->525M(2428M) 17.181ms
[517.798s][info ][gc,cpu         ] GC(110) User=0.07s Sys=0.00s Real=0.02s
[517.798s][info ][safepoint      ] Safepoint "ParallelGCFailedAllocation", Time since last: 4718921277 ns, Reaching safepoint: 129603 ns, At safepoint: 17276873 ns, Total: 17406476 ns
[520.798s][info ][safepoint      ] Safepoint "Cleanup", Time since last: 3000214702 ns, Reaching safepoint: 50901 ns, At safepoint: 3300 ns, Total: 54201 ns
[521.798s][info ][safepoint      ] Safepoint "Cleanup", Time since last: 1000106635 ns, Reaching safepoint: 46601 ns, At safepoint: 4200 ns, Total: 50801 ns
[523.798s][info ][safepoint      ] Safepoint "Cleanup", Time since last: 2000143570 ns, Reaching safepoint: 46001 ns, At safepoint: 2700 ns, Total: 48701 ns
[524.798s][info ][safepoint      ] Safepoint "Cleanup", Time since last: 1000106836 ns, Reaching safepoint: 41901 ns, At safepoint: 2600 ns, Total: 44501 ns
[526.799s][info ][safepoint      ] Safepoint "Cleanup", Time since last: 2000183871 ns, Reaching safepoint: 39401 ns, At safepoint: 32101 ns, Total: 71502 ns
[527.799s][info ][safepoint      ] Safepoint "Cleanup", Time since last: 1000162938 ns, Reaching safepoint: 46001 ns, At safepoint: 4000 ns, Total: 50001 ns
[528.799s][info ][safepoint      ] Safepoint "Cleanup", Time since last: 1000112037 ns, Reaching safepoint: 50501 ns, At safepoint: 5200 ns, Total: 55701 ns
[530.799s][info ][safepoint      ] Safepoint "Cleanup", Time since last: 2000172573 ns, Reaching safepoint: 48201 ns, At safepoint: 2601 ns, Total: 50802 ns
[538.800s][info ][safepoint      ] Safepoint "Cleanup", Time since last: 8000527599 ns, Reaching safepoint: 54102 ns, At safepoint: 6100 ns, Total: 60202 ns
[540.800s][info ][safepoint      ] Safepoint "Cleanup", Time since last: 2000175478 ns, Reaching safepoint: 45701 ns, At safepoint: 13000 ns, Total: 58701 ns
[541.800s][info ][safepoint      ] Safepoint "Cleanup", Time since last: 1000100140 ns, Reaching safepoint: 49901 ns, At safepoint: 8700 ns, Total: 58601 ns
[542.800s][info ][safepoint      ] Safepoint "Cleanup", Time since last: 1000112341 ns, Reaching safepoint: 63401 ns, At safepoint: 13100 ns, Total: 76501 ns
[544.801s][info ][safepoint      ] Safepoint "Cleanup", Time since last: 2000181280 ns, Reaching safepoint: 61502 ns, At safepoint: 2900 ns, Total: 64402 ns
[545.801s][info ][safepoint      ] Safepoint "Cleanup", Time since last: 1000108341 ns, Reaching safepoint: 56401 ns, At safepoint: 10000 ns, Total: 66401 ns
[546.801s][info ][safepoint      ] Safepoint "Cleanup", Time since last: 1000117141 ns, Reaching safepoint: 66502 ns, At safepoint: 8200 ns, Total: 74702 ns
[548.801s][info ][safepoint      ] Safepoint "Cleanup", Time since last: 2000184782 ns, Reaching safepoint: 55201 ns, At safepoint: 3001 ns, Total: 58202 ns
[549.801s][info ][safepoint      ] Safepoint "Cleanup", Time since last: 1000100241 ns, Reaching safepoint: 47901 ns, At safepoint: 4300 ns, Total: 52201 ns
[550.802s][info ][safepoint      ] Safepoint "Cleanup", Time since last: 1000103642 ns, Reaching safepoint: 39901 ns, At safepoint: 4400 ns, Total: 44301 ns
[552.802s][info ][safepoint      ] Safepoint "Cleanup", Time since last: 2000233485 ns, Reaching safepoint: 53401 ns, At safepoint: 5901 ns, Total: 59302 ns
[554.802s][info ][safepoint      ] Safepoint "Cleanup", Time since last: 2000157384 ns, Reaching safepoint: 62201 ns, At safepoint: 15301 ns, Total: 77502 ns
[557.842s][info ][gc,start       ] GC(111) Pause Young (Allocation Failure)
[557.861s][debug][gc,phases      ] GC(111) Scavenge 18.961ms
[557.861s][debug][gc,ref         ] GC(111) Skipped phase 1 of Reference Processing: no references
[557.861s][debug][gc,ref         ] GC(111) ReferenceProcessor::execute queues: 1, RefProcThreadModel::Single, marks_oops_alive: false
[557.861s][debug][gc,ref         ] GC(111) Skipped phase 3 of Reference Processing: no references
[557.861s][debug][gc,ref         ] GC(111) ReferenceProcessor::execute queues: 1, RefProcThreadModel::Single, marks_oops_alive: false
[557.861s][debug][gc,phases      ] GC(111) Reference Processing 0.126ms
[557.861s][debug][gc,phases      ] GC(111)   VM Weak                        Min:  0.0, Avg:  0.0, Max:  0.0, Diff:  0.0, Sum:  0.0, Workers: 4
[557.861s][debug][gc,phases      ] GC(111)     Dead                           Min: 0, Avg:  0.0, Max: 0, Diff: 0, Sum: 0, Workers: 4
[557.861s][debug][gc,phases      ] GC(111)     Total                          Min: 0, Avg: 177.5, Max: 704, Diff: 704, Sum: 710, Workers: 4
[557.861s][debug][gc,phases      ] GC(111)   ObjectSynchronizer Weak        Min:  0.0, Avg:  0.0, Max:  0.0, Diff:  0.0, Sum:  0.0, Workers: 4
[557.861s][debug][gc,phases      ] GC(111)     Dead                           Min: 0, Avg:  0.0, Max: 0, Diff: 0, Sum: 0, Workers: 4
[557.861s][debug][gc,phases      ] GC(111)     Total                          Min: 0, Avg: 77.8, Max: 192, Diff: 192, Sum: 311, Workers: 4
[557.861s][debug][gc,phases      ] GC(111)   JVMTI Tag Weak OopStorage      Min:  0.0, Avg:  0.0, Max:  0.0, Diff:  0.0, Sum:  0.0, Workers: 4
[557.861s][debug][gc,phases      ] GC(111)     Dead                           Min: 0, Avg:  0.0, Max: 0, Diff: 0, Sum: 0, Workers: 4
[557.861s][debug][gc,phases      ] GC(111)     Total                          Min: 0, Avg:  0.0, Max: 0, Diff: 0, Sum: 0, Workers: 4
[557.861s][debug][gc,phases      ] GC(111)   StringTable Weak               Min:  0.1, Avg:  0.1, Max:  0.1, Diff:  0.0, Sum:  0.5, Workers: 4
[557.861s][debug][gc,phases      ] GC(111)     Dead                           Min: 0, Avg:  0.0, Max: 0, Diff: 0, Sum: 0, Workers: 4
[557.861s][debug][gc,phases      ] GC(111)     Total                          Min: 11504, Avg: 12092.0, Max: 12544, Diff: 1040, Sum: 48368, Workers: 4
[557.861s][debug][gc,phases      ] GC(111)   ResolvedMethodTable Weak       Min:  0.0, Avg:  0.0, Max:  0.0, Diff:  0.0, Sum:  0.1, Workers: 4
[557.861s][debug][gc,phases      ] GC(111)     Dead                           Min: 0, Avg:  0.0, Max: 0, Diff: 0, Sum: 0, Workers: 4
[557.861s][debug][gc,phases      ] GC(111)     Total                          Min: 1856, Avg: 2079.5, Max: 2430, Diff: 574, Sum: 8318, Workers: 4
[557.861s][debug][gc,phases      ] GC(111)   JNI Weak                       Min:  0.0, Avg:  0.0, Max:  0.0, Diff:  0.0, Sum:  0.0, Workers: 4
[557.861s][debug][gc,phases      ] GC(111)     Dead                           Min: 0, Avg:  0.0, Max: 0, Diff: 0, Sum: 0, Workers: 4
[557.861s][debug][gc,phases      ] GC(111)     Total                          Min: 0, Avg:  0.0, Max: 0, Diff: 0, Sum: 0, Workers: 4
[557.861s][debug][gc,phases      ] GC(111)   StringDedup Table Weak         Min:  0.0, Avg:  0.0, Max:  0.0, Diff:  0.0, Sum:  0.0, Workers: 4
[557.861s][debug][gc,phases      ] GC(111)     Dead                           Min: 0, Avg:  0.0, Max: 0, Diff: 0, Sum: 0, Workers: 4
[557.861s][debug][gc,phases      ] GC(111)     Total                          Min: 0, Avg:  0.0, Max: 0, Diff: 0, Sum: 0, Workers: 4
[557.861s][debug][gc,phases      ] GC(111)   StringDedup Requests0 Weak     Min:  0.0, Avg:  0.0, Max:  0.0, Diff:  0.0, Sum:  0.0, Workers: 4
[557.861s][debug][gc,phases      ] GC(111)     Dead                           Min: 0, Avg:  0.0, Max: 0, Diff: 0, Sum: 0, Workers: 4
[557.861s][debug][gc,phases      ] GC(111)     Total                          Min: 0, Avg:  0.0, Max: 0, Diff: 0, Sum: 0, Workers: 4
[557.861s][debug][gc,phases      ] GC(111)   StringDedup Requests1 Weak     Min:  0.0, Avg:  0.0, Max:  0.0, Diff:  0.0, Sum:  0.0, Workers: 4
[557.861s][debug][gc,phases      ] GC(111)     Dead                           Min: 0, Avg:  0.0, Max: 0, Diff: 0, Sum: 0, Workers: 4
[557.861s][debug][gc,phases      ] GC(111)     Total                          Min: 0, Avg:  0.0, Max: 0, Diff: 0, Sum: 0, Workers: 4
[557.861s][debug][gc,phases      ] GC(111)   Weak JFR Old Object Samples    Min:  0.0, Avg:  0.0, Max:  0.0, Diff:  0.0, Sum:  0.0, Workers: 4
[557.861s][debug][gc,phases      ] GC(111)     Dead                           Min: 0, Avg:  0.0, Max: 0, Diff: 0, Sum: 0, Workers: 4
[557.861s][debug][gc,phases      ] GC(111)     Total                          Min: 0, Avg:  0.0, Max: 0, Diff: 0, Sum: 0, Workers: 4
[557.861s][debug][gc,phases      ] GC(111) Weak Processing 0.342ms
[557.861s][debug][gc,age         ] GC(111) Desired survivor size 128974848 bytes, new threshold 15 (max threshold 15)
[557.861s][info ][gc,heap        ] GC(111) PSYoungGen: 1967295K(1967616K)->87087K(1963520K) Eden: 1880064K(1880064K)->0K(1845248K) From: 87231K(87552K)->87087K(118272K)
[557.861s][info ][gc,heap        ] GC(111) ParOldGen: 450386K(518656K)->450866K(518656K)
[557.861s][info ][gc,metaspace   ] GC(111) Metaspace: 83769K(84672K)->83769K(84672K) NonClass: 72054K(72512K)->72054K(72512K) Class: 11714K(12160K)->11714K(12160K)
[557.861s][info ][gc             ] GC(111) Pause Young (Allocation Failure) 2361M->525M(2424M) 19.564ms
[557.861s][info ][gc,cpu         ] GC(111) User=0.08s Sys=0.01s Real=0.02s
[557.861s][info ][safepoint      ] Safepoint "ParallelGCFailedAllocation", Time since last: 3039527178 ns, Reaching safepoint: 41901 ns, At safepoint: 19654426 ns, Total: 19696327 ns
[559.862s][info ][safepoint      ] Safepoint "Cleanup", Time since last: 2000183987 ns, Reaching safepoint: 59001 ns, At safepoint: 11900 ns, Total: 70901 ns
[567.408s][info ][safepoint      ] Safepoint "Cleanup", Time since last: 7546751233 ns, Reaching safepoint: 176803 ns, At safepoint: 26201 ns, Total: 203004 ns
[568.409s][info ][safepoint      ] Safepoint "Cleanup", Time since last: 1000115446 ns, Reaching safepoint: 138803 ns, At safepoint: 12201 ns, Total: 151004 ns
[569.409s][info ][safepoint      ] Safepoint "Cleanup", Time since last: 1000071145 ns, Reaching safepoint: 52301 ns, At safepoint: 5400 ns, Total: 57701 ns
[571.409s][info ][safepoint      ] Safepoint "Cleanup", Time since last: 2000208493 ns, Reaching safepoint: 164204 ns, At safepoint: 23700 ns, Total: 187904 ns
[572.409s][info ][safepoint      ] Safepoint "Cleanup", Time since last: 1000116947 ns, Reaching safepoint: 56102 ns, At safepoint: 9100 ns, Total: 65202 ns
[573.410s][info ][safepoint      ] Safepoint "Cleanup", Time since last: 1000116247 ns, Reaching safepoint: 69402 ns, At safepoint: 9700 ns, Total: 79102 ns
[574.410s][info ][safepoint      ] Safepoint "Cleanup", Time since last: 1000114747 ns, Reaching safepoint: 48801 ns, At safepoint: 5901 ns, Total: 54702 ns
[575.410s][info ][safepoint      ] Safepoint "Cleanup", Time since last: 1000112047 ns, Reaching safepoint: 60701 ns, At safepoint: 7301 ns, Total: 68002 ns
[577.410s][info ][safepoint      ] Safepoint "Cleanup", Time since last: 2000174395 ns, Reaching safepoint: 57901 ns, At safepoint: 9900 ns, Total: 67801 ns
[578.410s][info ][safepoint      ] Safepoint "Cleanup", Time since last: 1000066247 ns, Reaching safepoint: 48801 ns, At safepoint: 2900 ns, Total: 51701 ns
[579.411s][info ][safepoint      ] Safepoint "Cleanup", Time since last: 1000110649 ns, Reaching safepoint: 52201 ns, At safepoint: 3000 ns, Total: 55201 ns
[580.411s][info ][safepoint      ] Safepoint "Cleanup", Time since last: 1000120049 ns, Reaching safepoint: 43001 ns, At safepoint: 3200 ns, Total: 46201 ns
[582.411s][info ][safepoint      ] Safepoint "Cleanup", Time since last: 2000201898 ns, Reaching safepoint: 51101 ns, At safepoint: 3200 ns, Total: 54301 ns
[584.411s][info ][safepoint      ] Safepoint "Cleanup", Time since last: 2000171298 ns, Reaching safepoint: 55001 ns, At safepoint: 7000 ns, Total: 62001 ns
[585.411s][info ][safepoint      ] Safepoint "Cleanup", Time since last: 1000117750 ns, Reaching safepoint: 53501 ns, At safepoint: 8701 ns, Total: 62202 ns
[586.412s][info ][safepoint      ] Safepoint "Cleanup", Time since last: 1000111950 ns, Reaching safepoint: 52401 ns, At safepoint: 3200 ns, Total: 55601 ns
[587.412s][info ][safepoint      ] Safepoint "Cleanup", Time since last: 1000117050 ns, Reaching safepoint: 46701 ns, At safepoint: 3700 ns, Total: 50401 ns
[589.412s][info ][safepoint      ] Safepoint "Cleanup", Time since last: 2000228902 ns, Reaching safepoint: 59501 ns, At safepoint: 3100 ns, Total: 62601 ns
[592.412s][info ][safepoint      ] Safepoint "Cleanup", Time since last: 3000255052 ns, Reaching safepoint: 144603 ns, At safepoint: 20100 ns, Total: 164703 ns
[592.642s][info ][safepoint      ] Safepoint "ICBufferFull", Time since last: 229684173 ns, Reaching safepoint: 59001 ns, At safepoint: 8000 ns, Total: 67001 ns
[592.647s][info ][safepoint      ] Safepoint "ICBufferFull", Time since last: 4260792 ns, Reaching safepoint: 110503 ns, At safepoint: 5200 ns, Total: 115703 ns
[592.701s][info ][safepoint      ] Safepoint "ICBufferFull", Time since last: 54543481 ns, Reaching safepoint: 54601 ns, At safepoint: 2800 ns, Total: 57401 ns
[592.727s][info ][gc,start       ] GC(112) Pause Young (Allocation Failure)
[592.749s][debug][gc,phases      ] GC(112) Scavenge 22.306ms
[592.749s][debug][gc,ref         ] GC(112) Skipped phase 1 of Reference Processing: no references
[592.749s][debug][gc,ref         ] GC(112) ReferenceProcessor::execute queues: 1, RefProcThreadModel::Single, marks_oops_alive: false
[592.749s][debug][gc,ref         ] GC(112) Skipped phase 3 of Reference Processing: no references
[592.749s][debug][gc,ref         ] GC(112) ReferenceProcessor::execute queues: 1, RefProcThreadModel::Single, marks_oops_alive: false
[592.749s][debug][gc,phases      ] GC(112) Reference Processing 0.130ms
[592.750s][debug][gc,phases      ] GC(112)   VM Weak                        Min:  0.0, Avg:  0.0, Max:  0.0, Diff:  0.0, Sum:  0.0, Workers: 4
[592.750s][debug][gc,phases      ] GC(112)     Dead                           Min: 0, Avg:  0.0, Max: 0, Diff: 0, Sum: 0, Workers: 4
[592.750s][debug][gc,phases      ] GC(112)     Total                          Min: 0, Avg: 177.5, Max: 704, Diff: 704, Sum: 710, Workers: 4
[592.750s][debug][gc,phases      ] GC(112)   ObjectSynchronizer Weak        Min:  0.0, Avg:  0.0, Max:  0.0, Diff:  0.0, Sum:  0.0, Workers: 4
[592.750s][debug][gc,phases      ] GC(112)     Dead                           Min: 0, Avg:  0.0, Max: 0, Diff: 0, Sum: 0, Workers: 4
[592.750s][debug][gc,phases      ] GC(112)     Total                          Min: 0, Avg: 77.8, Max: 183, Diff: 183, Sum: 311, Workers: 4
[592.750s][debug][gc,phases      ] GC(112)   JVMTI Tag Weak OopStorage      Min:  0.0, Avg:  0.0, Max:  0.0, Diff:  0.0, Sum:  0.0, Workers: 4
[592.750s][debug][gc,phases      ] GC(112)     Dead                           Min: 0, Avg:  0.0, Max: 0, Diff: 0, Sum: 0, Workers: 4
[592.750s][debug][gc,phases      ] GC(112)     Total                          Min: 0, Avg:  0.0, Max: 0, Diff: 0, Sum: 0, Workers: 4
[592.750s][debug][gc,phases      ] GC(112)   StringTable Weak               Min:  0.1, Avg:  0.1, Max:  0.1, Diff:  0.0, Sum:  0.5, Workers: 4
[592.750s][debug][gc,phases      ] GC(112)     Dead                           Min: 0, Avg:  0.5, Max: 1, Diff: 1, Sum: 2, Workers: 4
[592.750s][debug][gc,phases      ] GC(112)     Total                          Min: 10240, Avg: 12100.5, Max: 13202, Diff: 2962, Sum: 48402, Workers: 4
[592.750s][debug][gc,phases      ] GC(112)   ResolvedMethodTable Weak       Min:  0.0, Avg:  0.0, Max:  0.0, Diff:  0.0, Sum:  0.1, Workers: 4
[592.750s][debug][gc,phases      ] GC(112)     Dead                           Min: 0, Avg:  0.0, Max: 0, Diff: 0, Sum: 0, Workers: 4
[592.750s][debug][gc,phases      ] GC(112)     Total                          Min: 1856, Avg: 2085.0, Max: 2432, Diff: 576, Sum: 8340, Workers: 4
[592.750s][debug][gc,phases      ] GC(112)   JNI Weak                       Min:  0.0, Avg:  0.0, Max:  0.0, Diff:  0.0, Sum:  0.0, Workers: 4
[592.750s][debug][gc,phases      ] GC(112)     Dead                           Min: 0, Avg:  0.0, Max: 0, Diff: 0, Sum: 0, Workers: 4
[592.750s][debug][gc,phases      ] GC(112)     Total                          Min: 0, Avg:  0.2, Max: 1, Diff: 1, Sum: 1, Workers: 4
[592.750s][debug][gc,phases      ] GC(112)   StringDedup Table Weak         Min:  0.0, Avg:  0.0, Max:  0.0, Diff:  0.0, Sum:  0.0, Workers: 4
[592.750s][debug][gc,phases      ] GC(112)     Dead                           Min: 0, Avg:  0.0, Max: 0, Diff: 0, Sum: 0, Workers: 4
[592.750s][debug][gc,phases      ] GC(112)     Total                          Min: 0, Avg:  0.0, Max: 0, Diff: 0, Sum: 0, Workers: 4
[592.750s][debug][gc,phases      ] GC(112)   StringDedup Requests0 Weak     Min:  0.0, Avg:  0.0, Max:  0.0, Diff:  0.0, Sum:  0.0, Workers: 4
[592.750s][debug][gc,phases      ] GC(112)     Dead                           Min: 0, Avg:  0.0, Max: 0, Diff: 0, Sum: 0, Workers: 4
[592.750s][debug][gc,phases      ] GC(112)     Total                          Min: 0, Avg:  0.0, Max: 0, Diff: 0, Sum: 0, Workers: 4
[592.750s][debug][gc,phases      ] GC(112)   StringDedup Requests1 Weak     Min:  0.0, Avg:  0.0, Max:  0.0, Diff:  0.0, Sum:  0.0, Workers: 4
[592.750s][debug][gc,phases      ] GC(112)     Dead                           Min: 0, Avg:  0.0, Max: 0, Diff: 0, Sum: 0, Workers: 4
[592.750s][debug][gc,phases      ] GC(112)     Total                          Min: 0, Avg:  0.0, Max: 0, Diff: 0, Sum: 0, Workers: 4
[592.750s][debug][gc,phases      ] GC(112)   Weak JFR Old Object Samples    Min:  0.0, Avg:  0.0, Max:  0.0, Diff:  0.0, Sum:  0.0, Workers: 4
[592.750s][debug][gc,phases      ] GC(112)     Dead                           Min: 0, Avg:  0.0, Max: 0, Diff: 0, Sum: 0, Workers: 4
[592.750s][debug][gc,phases      ] GC(112)     Total                          Min: 0, Avg:  0.0, Max: 0, Diff: 0, Sum: 0, Workers: 4
[592.750s][debug][gc,phases      ] GC(112) Weak Processing 0.334ms
[592.750s][debug][gc,age         ] GC(112) Desired survivor size 137887744 bytes, new threshold 15 (max threshold 15)
[592.750s][info ][gc,heap        ] GC(112) PSYoungGen: 1932335K(1963520K)->94969K(1940480K) Eden: 1845248K(1845248K)->0K(1845248K) From: 87087K(118272K)->94969K(95232K)
[592.750s][info ][gc,heap        ] GC(112) ParOldGen: 450866K(518656K)->451386K(518656K)
[592.750s][info ][gc,metaspace   ] GC(112) Metaspace: 83859K(84736K)->83859K(84736K) NonClass: 72134K(72576K)->72134K(72576K) Class: 11725K(12160K)->11725K(12160K)
[592.750s][info ][gc             ] GC(112) Pause Young (Allocation Failure) 2327M->533M(2401M) 22.911ms
[592.750s][info ][gc,cpu         ] GC(112) User=0.11s Sys=0.01s Real=0.03s
[592.750s][info ][safepoint      ] Safepoint "ParallelGCFailedAllocation", Time since last: 25499552 ns, Reaching safepoint: 132503 ns, At safepoint: 23007998 ns, Total: 23140501 ns
[592.808s][info ][safepoint      ] Safepoint "ICBufferFull", Time since last: 58106958 ns, Reaching safepoint: 39501 ns, At safepoint: 3200 ns, Total: 42701 ns
[592.865s][info ][safepoint      ] Safepoint "ICBufferFull", Time since last: 56988934 ns, Reaching safepoint: 43400 ns, At safepoint: 5301 ns, Total: 48701 ns
[592.866s][info ][safepoint      ] Safepoint "ICBufferFull", Time since last: 1089223 ns, Reaching safepoint: 31701 ns, At safepoint: 3000 ns, Total: 34701 ns
[592.909s][info ][safepoint      ] Safepoint "ICBufferFull", Time since last: 43132634 ns, Reaching safepoint: 69001 ns, At safepoint: 10700 ns, Total: 79701 ns
[592.983s][info ][safepoint      ] Safepoint "ICBufferFull", Time since last: 73286987 ns, Reaching safepoint: 59501 ns, At safepoint: 8200 ns, Total: 67701 ns
[593.035s][info ][safepoint      ] Safepoint "ICBufferFull", Time since last: 52456336 ns, Reaching safepoint: 41501 ns, At safepoint: 6100 ns, Total: 47601 ns
[594.035s][info ][safepoint      ] Safepoint "Cleanup", Time since last: 1000125852 ns, Reaching safepoint: 153203 ns, At safepoint: 11901 ns, Total: 165104 ns
[595.036s][info ][safepoint      ] Safepoint "Cleanup", Time since last: 1000117652 ns, Reaching safepoint: 122302 ns, At safepoint: 11901 ns, Total: 134203 ns
[596.036s][info ][safepoint      ] Safepoint "Cleanup", Time since last: 1000115752 ns, Reaching safepoint: 100702 ns, At safepoint: 10200 ns, Total: 110902 ns
[599.036s][info ][safepoint      ] Safepoint "Cleanup", Time since last: 3000252656 ns, Reaching safepoint: 127203 ns, At safepoint: 12000 ns, Total: 139203 ns
[600.037s][info ][safepoint      ] Safepoint "Cleanup", Time since last: 1000107853 ns, Reaching safepoint: 109202 ns, At safepoint: 7700 ns, Total: 116902 ns
[601.037s][info ][safepoint      ] Safepoint "Cleanup", Time since last: 1000107954 ns, Reaching safepoint: 126502 ns, At safepoint: 12101 ns, Total: 138603 ns
[602.037s][info ][safepoint      ] Safepoint "Cleanup", Time since last: 1000115253 ns, Reaching safepoint: 61201 ns, At safepoint: 5500 ns, Total: 66701 ns
[604.037s][info ][safepoint      ] Safepoint "Cleanup", Time since last: 2000198007 ns, Reaching safepoint: 62102 ns, At safepoint: 4800 ns, Total: 66902 ns
[605.037s][info ][safepoint      ] Safepoint "Cleanup", Time since last: 1000113454 ns, Reaching safepoint: 128703 ns, At safepoint: 7600 ns, Total: 136303 ns
[609.038s][info ][safepoint      ] Safepoint "Cleanup", Time since last: 4000301415 ns, Reaching safepoint: 81101 ns, At safepoint: 9901 ns, Total: 91002 ns
[610.038s][info ][safepoint      ] Safepoint "Cleanup", Time since last: 1000085554 ns, Reaching safepoint: 52501 ns, At safepoint: 7500 ns, Total: 60001 ns
[611.038s][info ][safepoint      ] Safepoint "Cleanup", Time since last: 1000101255 ns, Reaching safepoint: 52401 ns, At safepoint: 8001 ns, Total: 60402 ns
[612.038s][info ][safepoint      ] Safepoint "Cleanup", Time since last: 1000116155 ns, Reaching safepoint: 56401 ns, At safepoint: 9701 ns, Total: 66102 ns
[613.039s][info ][safepoint      ] Safepoint "Cleanup", Time since last: 1000106955 ns, Reaching safepoint: 51501 ns, At safepoint: 2900 ns, Total: 54401 ns
[613.641s][info ][gc,start       ] GC(113) Pause Young (Allocation Failure)
[613.668s][debug][gc,phases      ] GC(113) Scavenge 27.280ms
[613.668s][debug][gc,ref         ] GC(113) Skipped phase 1 of Reference Processing: no references
[613.668s][debug][gc,ref         ] GC(113) ReferenceProcessor::execute queues: 1, RefProcThreadModel::Single, marks_oops_alive: false
[613.668s][debug][gc,ref         ] GC(113) Skipped phase 3 of Reference Processing: no references
[613.668s][debug][gc,ref         ] GC(113) ReferenceProcessor::execute queues: 1, RefProcThreadModel::Single, marks_oops_alive: false
[613.668s][debug][gc,phases      ] GC(113) Reference Processing 0.161ms
[613.669s][debug][gc,phases      ] GC(113)   VM Weak                        Min:  0.0, Avg:  0.0, Max:  0.0, Diff:  0.0, Sum:  0.0, Workers: 4
[613.669s][debug][gc,phases      ] GC(113)     Dead                           Min: 0, Avg:  0.0, Max: 0, Diff: 0, Sum: 0, Workers: 4
[613.669s][debug][gc,phases      ] GC(113)     Total                          Min: 0, Avg: 177.5, Max: 640, Diff: 640, Sum: 710, Workers: 4
[613.669s][debug][gc,phases      ] GC(113)   ObjectSynchronizer Weak        Min:  0.0, Avg:  0.0, Max:  0.0, Diff:  0.0, Sum:  0.0, Workers: 4
[613.669s][debug][gc,phases      ] GC(113)     Dead                           Min: 0, Avg:  0.0, Max: 0, Diff: 0, Sum: 0, Workers: 4
[613.669s][debug][gc,phases      ] GC(113)     Total                          Min: 0, Avg: 77.8, Max: 183, Diff: 183, Sum: 311, Workers: 4
[613.669s][debug][gc,phases      ] GC(113)   JVMTI Tag Weak OopStorage      Min:  0.0, Avg:  0.0, Max:  0.0, Diff:  0.0, Sum:  0.0, Workers: 4
[613.669s][debug][gc,phases      ] GC(113)     Dead                           Min: 0, Avg:  0.0, Max: 0, Diff: 0, Sum: 0, Workers: 4
[613.669s][debug][gc,phases      ] GC(113)     Total                          Min: 0, Avg:  0.0, Max: 0, Diff: 0, Sum: 0, Workers: 4
[613.669s][debug][gc,phases      ] GC(113)   StringTable Weak               Min:  0.1, Avg:  0.1, Max:  0.1, Diff:  0.0, Sum:  0.6, Workers: 4
[613.669s][debug][gc,phases      ] GC(113)     Dead                           Min: 0, Avg:  0.0, Max: 0, Diff: 0, Sum: 0, Workers: 4
[613.669s][debug][gc,phases      ] GC(113)     Total                          Min: 11136, Avg: 12101.0, Max: 13268, Diff: 2132, Sum: 48404, Workers: 4
[613.669s][debug][gc,phases      ] GC(113)   ResolvedMethodTable Weak       Min:  0.0, Avg:  0.0, Max:  0.0, Diff:  0.0, Sum:  0.1, Workers: 4
[613.669s][debug][gc,phases      ] GC(113)     Dead                           Min: 0, Avg:  0.0, Max: 0, Diff: 0, Sum: 0, Workers: 4
[613.669s][debug][gc,phases      ] GC(113)     Total                          Min: 1920, Avg: 2085.0, Max: 2240, Diff: 320, Sum: 8340, Workers: 4
[613.669s][debug][gc,phases      ] GC(113)   JNI Weak                       Min:  0.0, Avg:  0.0, Max:  0.0, Diff:  0.0, Sum:  0.0, Workers: 4
[613.669s][debug][gc,phases      ] GC(113)     Dead                           Min: 0, Avg:  0.0, Max: 0, Diff: 0, Sum: 0, Workers: 4
[613.669s][debug][gc,phases      ] GC(113)     Total                          Min: 0, Avg:  0.0, Max: 0, Diff: 0, Sum: 0, Workers: 4
[613.669s][debug][gc,phases      ] GC(113)   StringDedup Table Weak         Min:  0.0, Avg:  0.0, Max:  0.0, Diff:  0.0, Sum:  0.0, Workers: 4
[613.669s][debug][gc,phases      ] GC(113)     Dead                           Min: 0, Avg:  0.0, Max: 0, Diff: 0, Sum: 0, Workers: 4
[613.669s][debug][gc,phases      ] GC(113)     Total                          Min: 0, Avg:  0.0, Max: 0, Diff: 0, Sum: 0, Workers: 4
[613.669s][debug][gc,phases      ] GC(113)   StringDedup Requests0 Weak     Min:  0.0, Avg:  0.0, Max:  0.0, Diff:  0.0, Sum:  0.0, Workers: 4
[613.669s][debug][gc,phases      ] GC(113)     Dead                           Min: 0, Avg:  0.0, Max: 0, Diff: 0, Sum: 0, Workers: 4
[613.669s][debug][gc,phases      ] GC(113)     Total                          Min: 0, Avg:  0.0, Max: 0, Diff: 0, Sum: 0, Workers: 4
[613.669s][debug][gc,phases      ] GC(113)   StringDedup Requests1 Weak     Min:  0.0, Avg:  0.0, Max:  0.0, Diff:  0.0, Sum:  0.0, Workers: 4
[613.669s][debug][gc,phases      ] GC(113)     Dead                           Min: 0, Avg:  0.0, Max: 0, Diff: 0, Sum: 0, Workers: 4
[613.669s][debug][gc,phases      ] GC(113)     Total                          Min: 0, Avg:  0.0, Max: 0, Diff: 0, Sum: 0, Workers: 4
[613.669s][debug][gc,phases      ] GC(113)   Weak JFR Old Object Samples    Min:  0.0, Avg:  0.0, Max:  0.0, Diff:  0.0, Sum:  0.0, Workers: 4
[613.669s][debug][gc,phases      ] GC(113)     Dead                           Min: 0, Avg:  0.0, Max: 0, Diff: 0, Sum: 0, Workers: 4
[613.669s][debug][gc,phases      ] GC(113)     Total                          Min: 0, Avg:  0.0, Max: 0, Diff: 0, Sum: 0, Workers: 4
[613.669s][debug][gc,phases      ] GC(113) Weak Processing 0.419ms
[613.669s][debug][gc,age         ] GC(113) Desired survivor size 153616384 bytes, new threshold 15 (max threshold 15)
[613.669s][info ][gc,heap        ] GC(113) PSYoungGen: 1940217K(1940480K)->118416K(1931776K) Eden: 1845248K(1845248K)->0K(1797120K) From: 94969K(95232K)->118416K(134656K)
[613.669s][info ][gc,heap        ] GC(113) ParOldGen: 451386K(518656K)->451938K(518656K)
[613.669s][info ][gc,metaspace   ] GC(113) Metaspace: 83912K(84800K)->83912K(84800K) NonClass: 72185K(72640K)->72185K(72640K) Class: 11726K(12160K)->11726K(12160K)
[613.669s][info ][gc             ] GC(113) Pause Young (Allocation Failure) 2335M->556M(2393M) 28.031ms
[613.669s][info ][gc,cpu         ] GC(113) User=0.11s Sys=0.00s Real=0.03s
[613.669s][info ][safepoint      ] Safepoint "ParallelGCFailedAllocation", Time since last: 602250241 ns, Reaching safepoint: 38501 ns, At safepoint: 28128609 ns, Total: 28167110 ns
[615.669s][info ][safepoint      ] Safepoint "Cleanup", Time since last: 2000153311 ns, Reaching safepoint: 53701 ns, At safepoint: 5200 ns, Total: 58901 ns
[616.670s][info ][safepoint      ] Safepoint "Cleanup", Time since last: 1000133457 ns, Reaching safepoint: 188104 ns, At safepoint: 57201 ns, Total: 245305 ns
[617.670s][info ][safepoint      ] Safepoint "Cleanup", Time since last: 1000087556 ns, Reaching safepoint: 47701 ns, At safepoint: 4800 ns, Total: 52501 ns
[618.670s][info ][safepoint      ] Safepoint "Cleanup", Time since last: 1000101357 ns, Reaching safepoint: 48301 ns, At safepoint: 6400 ns, Total: 54701 ns
[619.670s][info ][safepoint      ] Safepoint "Cleanup", Time since last: 1000104757 ns, Reaching safepoint: 50101 ns, At safepoint: 5800 ns, Total: 55901 ns
[620.670s][info ][safepoint      ] Safepoint "Cleanup", Time since last: 1000098957 ns, Reaching safepoint: 66801 ns, At safepoint: 5601 ns, Total: 72402 ns
[621.670s][info ][safepoint      ] Safepoint "Cleanup", Time since last: 1000108657 ns, Reaching safepoint: 50301 ns, At safepoint: 3800 ns, Total: 54101 ns
[622.671s][info ][safepoint      ] Safepoint "Cleanup", Time since last: 1000122358 ns, Reaching safepoint: 54701 ns, At safepoint: 3200 ns, Total: 57901 ns
[623.671s][info ][safepoint      ] Safepoint "Cleanup", Time since last: 1000105458 ns, Reaching safepoint: 49301 ns, At safepoint: 3700 ns, Total: 53001 ns
[624.671s][info ][safepoint      ] Safepoint "Cleanup", Time since last: 1000124658 ns, Reaching safepoint: 55801 ns, At safepoint: 10201 ns, Total: 66002 ns
[625.671s][info ][safepoint      ] Safepoint "Cleanup", Time since last: 1000110158 ns, Reaching safepoint: 53901 ns, At safepoint: 2600 ns, Total: 56501 ns
[626.671s][info ][safepoint      ] Safepoint "Cleanup", Time since last: 1000105258 ns, Reaching safepoint: 72902 ns, At safepoint: 4000 ns, Total: 76902 ns
[627.671s][info ][safepoint      ] Safepoint "Cleanup", Time since last: 1000105158 ns, Reaching safepoint: 45501 ns, At safepoint: 5500 ns, Total: 51001 ns
[628.672s][info ][safepoint      ] Safepoint "Cleanup", Time since last: 1000114159 ns, Reaching safepoint: 52101 ns, At safepoint: 7501 ns, Total: 59602 ns
[629.672s][info ][safepoint      ] Safepoint "Cleanup", Time since last: 1000106359 ns, Reaching safepoint: 50701 ns, At safepoint: 3600 ns, Total: 54301 ns
[630.672s][info ][safepoint      ] Safepoint "Cleanup", Time since last: 1000112359 ns, Reaching safepoint: 52401 ns, At safepoint: 8300 ns, Total: 60701 ns
[631.672s][info ][safepoint      ] Safepoint "Cleanup", Time since last: 1000106159 ns, Reaching safepoint: 57602 ns, At safepoint: 3700 ns, Total: 61302 ns
[633.672s][info ][safepoint      ] Safepoint "Cleanup", Time since last: 2000188118 ns, Reaching safepoint: 70602 ns, At safepoint: 7500 ns, Total: 78102 ns
[634.672s][info ][safepoint      ] Safepoint "Cleanup", Time since last: 1000080159 ns, Reaching safepoint: 54902 ns, At safepoint: 2700 ns, Total: 57602 ns
[635.673s][info ][safepoint      ] Safepoint "Cleanup", Time since last: 1000112060 ns, Reaching safepoint: 40501 ns, At safepoint: 2800 ns, Total: 43301 ns
[636.673s][info ][safepoint      ] Safepoint "Cleanup", Time since last: 1000087060 ns, Reaching safepoint: 53801 ns, At safepoint: 6900 ns, Total: 60701 ns
[639.673s][info ][safepoint      ] Safepoint "Cleanup", Time since last: 3000234480 ns, Reaching safepoint: 52401 ns, At safepoint: 3200 ns, Total: 55601 ns
[641.673s][info ][safepoint      ] Safepoint "Cleanup", Time since last: 2000184722 ns, Reaching safepoint: 55001 ns, At safepoint: 7200 ns, Total: 62201 ns
[643.673s][info ][safepoint      ] Safepoint "Cleanup", Time since last: 2000149622 ns, Reaching safepoint: 41001 ns, At safepoint: 2600 ns, Total: 43601 ns
[644.674s][info ][safepoint      ] Safepoint "Cleanup", Time since last: 1000105662 ns, Reaching safepoint: 50801 ns, At safepoint: 3900 ns, Total: 54701 ns
[645.675s][info ][safepoint      ] Safepoint "Cleanup", Time since last: 1000872078 ns, Reaching safepoint: 47101 ns, At safepoint: 6700 ns, Total: 53801 ns
[647.675s][info ][safepoint      ] Safepoint "Cleanup", Time since last: 2000183924 ns, Reaching safepoint: 60302 ns, At safepoint: 7200 ns, Total: 67502 ns
[648.675s][info ][safepoint      ] Safepoint "Cleanup", Time since last: 1000128363 ns, Reaching safepoint: 51401 ns, At safepoint: 9100 ns, Total: 60501 ns
[649.468s][info ][gc,start       ] GC(114) Pause Young (Allocation Failure)
[649.492s][debug][gc,phases      ] GC(114) Scavenge 24.179ms
[649.492s][debug][gc,ref         ] GC(114) Skipped phase 1 of Reference Processing: no references
[649.492s][debug][gc,ref         ] GC(114) ReferenceProcessor::execute queues: 1, RefProcThreadModel::Single, marks_oops_alive: false
[649.493s][debug][gc,ref         ] GC(114) Skipped phase 3 of Reference Processing: no references
[649.493s][debug][gc,ref         ] GC(114) ReferenceProcessor::execute queues: 1, RefProcThreadModel::Single, marks_oops_alive: false
[649.493s][debug][gc,phases      ] GC(114) Reference Processing 0.173ms
[649.493s][debug][gc,phases      ] GC(114)   VM Weak                        Min:  0.0, Avg:  0.0, Max:  0.0, Diff:  0.0, Sum:  0.0, Workers: 4
[649.493s][debug][gc,phases      ] GC(114)     Dead                           Min: 0, Avg:  0.0, Max: 0, Diff: 0, Sum: 0, Workers: 4
[649.493s][debug][gc,phases      ] GC(114)     Total                          Min: 0, Avg: 178.8, Max: 715, Diff: 715, Sum: 715, Workers: 4
[649.493s][debug][gc,phases      ] GC(114)   ObjectSynchronizer Weak        Min:  0.0, Avg:  0.0, Max:  0.0, Diff:  0.0, Sum:  0.0, Workers: 4
[649.493s][debug][gc,phases      ] GC(114)     Dead                           Min: 0, Avg:  0.0, Max: 0, Diff: 0, Sum: 0, Workers: 4
[649.493s][debug][gc,phases      ] GC(114)     Total                          Min: 0, Avg: 77.8, Max: 247, Diff: 247, Sum: 311, Workers: 4
[649.493s][debug][gc,phases      ] GC(114)   JVMTI Tag Weak OopStorage      Min:  0.0, Avg:  0.0, Max:  0.0, Diff:  0.0, Sum:  0.0, Workers: 4
[649.493s][debug][gc,phases      ] GC(114)     Dead                           Min: 0, Avg:  0.0, Max: 0, Diff: 0, Sum: 0, Workers: 4
[649.493s][debug][gc,phases      ] GC(114)     Total                          Min: 0, Avg:  0.0, Max: 0, Diff: 0, Sum: 0, Workers: 4
[649.493s][debug][gc,phases      ] GC(114)   StringTable Weak               Min:  0.1, Avg:  0.1, Max:  0.1, Diff:  0.0, Sum:  0.5, Workers: 4
[649.493s][debug][gc,phases      ] GC(114)     Dead                           Min: 0, Avg:  0.2, Max: 1, Diff: 1, Sum: 1, Workers: 4
[649.493s][debug][gc,phases      ] GC(114)     Total                          Min: 11235, Avg: 12104.8, Max: 13504, Diff: 2269, Sum: 48419, Workers: 4
[649.493s][debug][gc,phases      ] GC(114)   ResolvedMethodTable Weak       Min:  0.0, Avg:  0.0, Max:  0.0, Diff:  0.0, Sum:  0.1, Workers: 4
[649.493s][debug][gc,phases      ] GC(114)     Dead                           Min: 0, Avg:  0.0, Max: 0, Diff: 0, Sum: 0, Workers: 4
[649.493s][debug][gc,phases      ] GC(114)     Total                          Min: 1920, Avg: 2091.2, Max: 2240, Diff: 320, Sum: 8365, Workers: 4
[649.493s][debug][gc,phases      ] GC(114)   JNI Weak                       Min:  0.0, Avg:  0.0, Max:  0.0, Diff:  0.0, Sum:  0.0, Workers: 4
[649.493s][debug][gc,phases      ] GC(114)     Dead                           Min: 0, Avg:  0.0, Max: 0, Diff: 0, Sum: 0, Workers: 4
[649.493s][debug][gc,phases      ] GC(114)     Total                          Min: 0, Avg:  0.0, Max: 0, Diff: 0, Sum: 0, Workers: 4
[649.493s][debug][gc,phases      ] GC(114)   StringDedup Table Weak         Min:  0.0, Avg:  0.0, Max:  0.0, Diff:  0.0, Sum:  0.0, Workers: 4
[649.493s][debug][gc,phases      ] GC(114)     Dead                           Min: 0, Avg:  0.0, Max: 0, Diff: 0, Sum: 0, Workers: 4
[649.493s][debug][gc,phases      ] GC(114)     Total                          Min: 0, Avg:  0.0, Max: 0, Diff: 0, Sum: 0, Workers: 4
[649.493s][debug][gc,phases      ] GC(114)   StringDedup Requests0 Weak     Min:  0.0, Avg:  0.0, Max:  0.0, Diff:  0.0, Sum:  0.0, Workers: 4
[649.493s][debug][gc,phases      ] GC(114)     Dead                           Min: 0, Avg:  0.0, Max: 0, Diff: 0, Sum: 0, Workers: 4
[649.493s][debug][gc,phases      ] GC(114)     Total                          Min: 0, Avg:  0.0, Max: 0, Diff: 0, Sum: 0, Workers: 4
[649.493s][debug][gc,phases      ] GC(114)   StringDedup Requests1 Weak     Min:  0.0, Avg:  0.0, Max:  0.0, Diff:  0.0, Sum:  0.0, Workers: 4
[649.493s][debug][gc,phases      ] GC(114)     Dead                           Min: 0, Avg:  0.0, Max: 0, Diff: 0, Sum: 0, Workers: 4
[649.493s][debug][gc,phases      ] GC(114)     Total                          Min: 0, Avg:  0.0, Max: 0, Diff: 0, Sum: 0, Workers: 4
[649.493s][debug][gc,phases      ] GC(114)   Weak JFR Old Object Samples    Min:  0.0, Avg:  0.0, Max:  0.0, Diff:  0.0, Sum:  0.0, Workers: 4
[649.493s][debug][gc,phases      ] GC(114)     Dead                           Min: 0, Avg:  0.0, Max: 0, Diff: 0, Sum: 0, Workers: 4
[649.493s][debug][gc,phases      ] GC(114)     Total                          Min: 0, Avg:  0.0, Max: 0, Diff: 0, Sum: 0, Workers: 4
[649.493s][debug][gc,phases      ] GC(114) Weak Processing 0.336ms
[649.493s][debug][gc,age         ] GC(114) Desired survivor size 166199296 bytes, new threshold 15 (max threshold 15)
[649.493s][info ][gc,heap        ] GC(114) PSYoungGen: 1915536K(1931776K)->118112K(1915392K) Eden: 1797120K(1797120K)->0K(1797120K) From: 118416K(134656K)->118112K(118272K)
[649.493s][info ][gc,heap        ] GC(114) ParOldGen: 451938K(518656K)->452610K(518656K)
[649.493s][info ][gc,metaspace   ] GC(114) Metaspace: 83973K(84864K)->83973K(84864K) NonClass: 72238K(72704K)->72238K(72704K) Class: 11734K(12160K)->11734K(12160K)
[649.493s][info ][gc             ] GC(114) Pause Young (Allocation Failure) 2311M->557M(2377M) 24.813ms
[649.493s][info ][gc,cpu         ] GC(114) User=0.09s Sys=0.00s Real=0.03s
[649.493s][info ][safepoint      ] Safepoint "ParallelGCFailedAllocation", Time since last: 793041378 ns, Reaching safepoint: 46301 ns, At safepoint: 24897239 ns, Total: 24943540 ns
[659.254s][info ][safepoint      ] Safepoint "Cleanup", Time since last: 9761109640 ns, Reaching safepoint: 128003 ns, At safepoint: 11700 ns, Total: 139703 ns
[660.254s][info ][safepoint      ] Safepoint "Cleanup", Time since last: 1000125865 ns, Reaching safepoint: 60001 ns, At safepoint: 8301 ns, Total: 68302 ns
[662.255s][info ][safepoint      ] Safepoint "Cleanup", Time since last: 2000191529 ns, Reaching safepoint: 49701 ns, At safepoint: 3600 ns, Total: 53301 ns
[663.255s][info ][safepoint      ] Safepoint "Cleanup", Time since last: 1000116666 ns, Reaching safepoint: 57201 ns, At safepoint: 3500 ns, Total: 60701 ns
[668.255s][info ][safepoint      ] Safepoint "Cleanup", Time since last: 5000391926 ns, Reaching safepoint: 48701 ns, At safepoint: 3301 ns, Total: 52002 ns
[669.255s][info ][safepoint      ] Safepoint "Cleanup", Time since last: 1000112666 ns, Reaching safepoint: 54601 ns, At safepoint: 3300 ns, Total: 57901 ns
[671.256s][info ][safepoint      ] Safepoint "Cleanup", Time since last: 2000177633 ns, Reaching safepoint: 59801 ns, At safepoint: 5900 ns, Total: 65701 ns
[672.256s][info ][safepoint      ] Safepoint "Cleanup", Time since last: 1000113567 ns, Reaching safepoint: 57102 ns, At safepoint: 2900 ns, Total: 60002 ns
[673.256s][info ][safepoint      ] Safepoint "Cleanup", Time since last: 1000110667 ns, Reaching safepoint: 126803 ns, At safepoint: 6400 ns, Total: 133203 ns
[679.257s][info ][safepoint      ] Safepoint "Cleanup", Time since last: 6000455403 ns, Reaching safepoint: 57101 ns, At safepoint: 2700 ns, Total: 59801 ns
[688.037s][info ][gc,start       ] GC(115) Pause Young (Allocation Failure)
[688.062s][debug][gc,phases      ] GC(115) Scavenge 24.817ms
[688.062s][debug][gc,ref         ] GC(115) Skipped phase 1 of Reference Processing: no references
[688.062s][debug][gc,ref         ] GC(115) ReferenceProcessor::execute queues: 1, RefProcThreadModel::Single, marks_oops_alive: false
[688.062s][debug][gc,ref         ] GC(115) Skipped phase 3 of Reference Processing: no references
[688.062s][debug][gc,ref         ] GC(115) ReferenceProcessor::execute queues: 1, RefProcThreadModel::Single, marks_oops_alive: false
[688.062s][debug][gc,phases      ] GC(115) Reference Processing 0.144ms
[688.062s][debug][gc,phases      ] GC(115)   VM Weak                        Min:  0.0, Avg:  0.0, Max:  0.0, Diff:  0.0, Sum:  0.0, Workers: 4
[688.062s][debug][gc,phases      ] GC(115)     Dead                           Min: 0, Avg:  0.0, Max: 0, Diff: 0, Sum: 0, Workers: 4
[688.062s][debug][gc,phases      ] GC(115)     Total                          Min: 0, Avg: 178.8, Max: 715, Diff: 715, Sum: 715, Workers: 4
[688.062s][debug][gc,phases      ] GC(115)   ObjectSynchronizer Weak        Min:  0.0, Avg:  0.0, Max:  0.0, Diff:  0.0, Sum:  0.0, Workers: 4
[688.062s][debug][gc,phases      ] GC(115)     Dead                           Min: 0, Avg:  0.0, Max: 0, Diff: 0, Sum: 0, Workers: 4
[688.062s][debug][gc,phases      ] GC(115)     Total                          Min: 0, Avg: 77.8, Max: 192, Diff: 192, Sum: 311, Workers: 4
[688.062s][debug][gc,phases      ] GC(115)   JVMTI Tag Weak OopStorage      Min:  0.0, Avg:  0.0, Max:  0.0, Diff:  0.0, Sum:  0.0, Workers: 4
[688.062s][debug][gc,phases      ] GC(115)     Dead                           Min: 0, Avg:  0.0, Max: 0, Diff: 0, Sum: 0, Workers: 4
[688.062s][debug][gc,phases      ] GC(115)     Total                          Min: 0, Avg:  0.0, Max: 0, Diff: 0, Sum: 0, Workers: 4
[688.062s][debug][gc,phases      ] GC(115)   StringTable Weak               Min:  0.1, Avg:  0.1, Max:  0.1, Diff:  0.0, Sum:  0.5, Workers: 4
[688.062s][debug][gc,phases      ] GC(115)     Dead                           Min: 0, Avg:  0.0, Max: 0, Diff: 0, Sum: 0, Workers: 4
[688.062s][debug][gc,phases      ] GC(115)     Total                          Min: 11520, Avg: 12105.5, Max: 12480, Diff: 960, Sum: 48422, Workers: 4
[688.062s][debug][gc,phases      ] GC(115)   ResolvedMethodTable Weak       Min:  0.0, Avg:  0.0, Max:  0.0, Diff:  0.0, Sum:  0.1, Workers: 4
[688.062s][debug][gc,phases      ] GC(115)     Dead                           Min: 0, Avg:  0.0, Max: 0, Diff: 0, Sum: 0, Workers: 4
[688.062s][debug][gc,phases      ] GC(115)     Total                          Min: 1837, Avg: 2091.2, Max: 2432, Diff: 595, Sum: 8365, Workers: 4
[688.062s][debug][gc,phases      ] GC(115)   JNI Weak                       Min:  0.0, Avg:  0.0, Max:  0.0, Diff:  0.0, Sum:  0.0, Workers: 4
[688.062s][debug][gc,phases      ] GC(115)     Dead                           Min: 0, Avg:  0.0, Max: 0, Diff: 0, Sum: 0, Workers: 4
[688.062s][debug][gc,phases      ] GC(115)     Total                          Min: 0, Avg:  0.0, Max: 0, Diff: 0, Sum: 0, Workers: 4
[688.062s][debug][gc,phases      ] GC(115)   StringDedup Table Weak         Min:  0.0, Avg:  0.0, Max:  0.0, Diff:  0.0, Sum:  0.0, Workers: 4
[688.062s][debug][gc,phases      ] GC(115)     Dead                           Min: 0, Avg:  0.0, Max: 0, Diff: 0, Sum: 0, Workers: 4
[688.062s][debug][gc,phases      ] GC(115)     Total                          Min: 0, Avg:  0.0, Max: 0, Diff: 0, Sum: 0, Workers: 4
[688.062s][debug][gc,phases      ] GC(115)   StringDedup Requests0 Weak     Min:  0.0, Avg:  0.0, Max:  0.0, Diff:  0.0, Sum:  0.0, Workers: 4
[688.062s][debug][gc,phases      ] GC(115)     Dead                           Min: 0, Avg:  0.0, Max: 0, Diff: 0, Sum: 0, Workers: 4
[688.062s][debug][gc,phases      ] GC(115)     Total                          Min: 0, Avg:  0.0, Max: 0, Diff: 0, Sum: 0, Workers: 4
[688.062s][debug][gc,phases      ] GC(115)   StringDedup Requests1 Weak     Min:  0.0, Avg:  0.0, Max:  0.0, Diff:  0.0, Sum:  0.0, Workers: 4
[688.062s][debug][gc,phases      ] GC(115)     Dead                           Min: 0, Avg:  0.0, Max: 0, Diff: 0, Sum: 0, Workers: 4
[688.062s][debug][gc,phases      ] GC(115)     Total                          Min: 0, Avg:  0.0, Max: 0, Diff: 0, Sum: 0, Workers: 4
[688.062s][debug][gc,phases      ] GC(115)   Weak JFR Old Object Samples    Min:  0.0, Avg:  0.0, Max:  0.0, Diff:  0.0, Sum:  0.0, Workers: 4
[688.062s][debug][gc,phases      ] GC(115)     Dead                           Min: 0, Avg:  0.0, Max: 0, Diff: 0, Sum: 0, Workers: 4
[688.062s][debug][gc,phases      ] GC(115)     Total                          Min: 0, Avg:  0.0, Max: 0, Diff: 0, Sum: 0, Workers: 4
[688.062s][debug][gc,phases      ] GC(115) Weak Processing 0.341ms
[688.062s][debug][gc,age         ] GC(115) Desired survivor size 175112192 bytes, new threshold 15 (max threshold 15)
[688.062s][info ][gc,heap        ] GC(115) PSYoungGen: 1915232K(1915392K)->116880K(1917440K) Eden: 1797120K(1797120K)->0K(1755136K) From: 118112K(118272K)->116880K(162304K)
[688.062s][info ][gc,heap        ] GC(115) ParOldGen: 452610K(518656K)->453762K(518656K)
[688.062s][info ][gc,metaspace   ] GC(115) Metaspace: 83990K(84864K)->83990K(84864K) NonClass: 72256K(72704K)->72256K(72704K) Class: 11734K(12160K)->11734K(12160K)
[688.062s][info ][gc             ] GC(115) Pause Young (Allocation Failure) 2312M->557M(2379M) 25.438ms
[688.062s][info ][gc,cpu         ] GC(115) User=0.09s Sys=0.01s Real=0.02s
[688.062s][info ][safepoint      ] Safepoint "ParallelGCFailedAllocation", Time since last: 8780062536 ns, Reaching safepoint: 56801 ns, At safepoint: 25552954 ns, Total: 25609755 ns
[690.063s][info ][safepoint      ] Safepoint "Cleanup", Time since last: 2000217540 ns, Reaching safepoint: 55201 ns, At safepoint: 10500 ns, Total: 65701 ns
[691.063s][info ][safepoint      ] Safepoint "Cleanup", Time since last: 1000108971 ns, Reaching safepoint: 62901 ns, At safepoint: 5700 ns, Total: 68601 ns
[697.063s][info ][safepoint      ] Safepoint "Cleanup", Time since last: 6000455122 ns, Reaching safepoint: 49301 ns, At safepoint: 8800 ns, Total: 58101 ns
[698.063s][info ][safepoint      ] Safepoint "Cleanup", Time since last: 1000122172 ns, Reaching safepoint: 72302 ns, At safepoint: 10900 ns, Total: 83202 ns
[699.064s][info ][safepoint      ] Safepoint "Cleanup", Time since last: 1000117172 ns, Reaching safepoint: 45601 ns, At safepoint: 7100 ns, Total: 52701 ns
[700.064s][info ][safepoint      ] Safepoint "Cleanup", Time since last: 1000109772 ns, Reaching safepoint: 55501 ns, At safepoint: 8200 ns, Total: 63701 ns
[702.064s][info ][safepoint      ] Safepoint "Cleanup", Time since last: 2000178844 ns, Reaching safepoint: 59101 ns, At safepoint: 7800 ns, Total: 66901 ns
[706.064s][info ][safepoint      ] Safepoint "Cleanup", Time since last: 4000305488 ns, Reaching safepoint: 56102 ns, At safepoint: 14500 ns, Total: 70602 ns
[709.065s][info ][safepoint      ] Safepoint "Cleanup", Time since last: 3000249718 ns, Reaching safepoint: 53001 ns, At safepoint: 4600 ns, Total: 57601 ns
[710.065s][info ][safepoint      ] Safepoint "Cleanup", Time since last: 1000103674 ns, Reaching safepoint: 46001 ns, At safepoint: 4200 ns, Total: 50201 ns
[713.065s][info ][safepoint      ] Safepoint "Cleanup", Time since last: 3000231420 ns, Reaching safepoint: 67101 ns, At safepoint: 9801 ns, Total: 76902 ns
[715.065s][info ][safepoint      ] Safepoint "Cleanup", Time since last: 2000182048 ns, Reaching safepoint: 64801 ns, At safepoint: 7500 ns, Total: 72301 ns
[722.066s][info ][safepoint      ] Safepoint "Cleanup", Time since last: 7000506621 ns, Reaching safepoint: 52601 ns, At safepoint: 2600 ns, Total: 55201 ns
[723.066s][info ][safepoint      ] Safepoint "Cleanup", Time since last: 1000109676 ns, Reaching safepoint: 68001 ns, At safepoint: 6501 ns, Total: 74502 ns
[724.340s][info ][safepoint      ] Safepoint "Cleanup", Time since last: 1273603903 ns, Reaching safepoint: 61802 ns, At safepoint: 7800 ns, Total: 69602 ns
[724.378s][info ][gc,start       ] GC(116) Pause Young (Allocation Failure)
[724.403s][debug][gc,phases      ] GC(116) Scavenge 25.149ms
[724.403s][debug][gc,ref         ] GC(116) Skipped phase 1 of Reference Processing: no references
[724.403s][debug][gc,ref         ] GC(116) ReferenceProcessor::execute queues: 1, RefProcThreadModel::Single, marks_oops_alive: false
[724.403s][debug][gc,ref         ] GC(116) Skipped phase 3 of Reference Processing: no references
[724.403s][debug][gc,ref         ] GC(116) ReferenceProcessor::execute queues: 1, RefProcThreadModel::Single, marks_oops_alive: false
[724.403s][debug][gc,phases      ] GC(116) Reference Processing 0.139ms
[724.403s][debug][gc,phases      ] GC(116)   VM Weak                        Min:  0.0, Avg:  0.0, Max:  0.0, Diff:  0.0, Sum:  0.0, Workers: 4
[724.403s][debug][gc,phases      ] GC(116)     Dead                           Min: 0, Avg:  0.0, Max: 0, Diff: 0, Sum: 0, Workers: 4
[724.403s][debug][gc,phases      ] GC(116)     Total                          Min: 0, Avg: 178.8, Max: 715, Diff: 715, Sum: 715, Workers: 4
[724.403s][debug][gc,phases      ] GC(116)   ObjectSynchronizer Weak        Min:  0.0, Avg:  0.0, Max:  0.0, Diff:  0.0, Sum:  0.0, Workers: 4
[724.403s][debug][gc,phases      ] GC(116)     Dead                           Min: 0, Avg:  0.0, Max: 0, Diff: 0, Sum: 0, Workers: 4
[724.403s][debug][gc,phases      ] GC(116)     Total                          Min: 0, Avg: 77.8, Max: 183, Diff: 183, Sum: 311, Workers: 4
[724.403s][debug][gc,phases      ] GC(116)   JVMTI Tag Weak OopStorage      Min:  0.0, Avg:  0.0, Max:  0.0, Diff:  0.0, Sum:  0.0, Workers: 4
[724.403s][debug][gc,phases      ] GC(116)     Dead                           Min: 0, Avg:  0.0, Max: 0, Diff: 0, Sum: 0, Workers: 4
[724.403s][debug][gc,phases      ] GC(116)     Total                          Min: 0, Avg:  0.0, Max: 0, Diff: 0, Sum: 0, Workers: 4
[724.403s][debug][gc,phases      ] GC(116)   StringTable Weak               Min:  0.0, Avg:  0.1, Max:  0.3, Diff:  0.3, Sum:  0.5, Workers: 4
[724.403s][debug][gc,phases      ] GC(116)     Dead                           Min: 0, Avg:  0.0, Max: 0, Diff: 0, Sum: 0, Workers: 4
[724.403s][debug][gc,phases      ] GC(116)     Total                          Min: 0, Avg: 12107.0, Max: 24620, Diff: 24620, Sum: 48428, Workers: 4
[724.403s][debug][gc,phases      ] GC(116)   ResolvedMethodTable Weak       Min:  0.0, Avg:  0.0, Max:  0.0, Diff:  0.0, Sum:  0.1, Workers: 4
[724.403s][debug][gc,phases      ] GC(116)     Dead                           Min: 0, Avg:  0.0, Max: 0, Diff: 0, Sum: 0, Workers: 4
[724.403s][debug][gc,phases      ] GC(116)     Total                          Min: 0, Avg: 2093.0, Max: 4340, Diff: 4340, Sum: 8372, Workers: 4
[724.403s][debug][gc,phases      ] GC(116)   JNI Weak                       Min:  0.0, Avg:  0.0, Max:  0.0, Diff:  0.0, Sum:  0.0, Workers: 4
[724.403s][debug][gc,phases      ] GC(116)     Dead                           Min: 0, Avg:  0.0, Max: 0, Diff: 0, Sum: 0, Workers: 4
[724.403s][debug][gc,phases      ] GC(116)     Total                          Min: 0, Avg:  0.0, Max: 0, Diff: 0, Sum: 0, Workers: 4
[724.403s][debug][gc,phases      ] GC(116)   StringDedup Table Weak         Min:  0.0, Avg:  0.0, Max:  0.0, Diff:  0.0, Sum:  0.0, Workers: 4
[724.403s][debug][gc,phases      ] GC(116)     Dead                           Min: 0, Avg:  0.0, Max: 0, Diff: 0, Sum: 0, Workers: 4
[724.403s][debug][gc,phases      ] GC(116)     Total                          Min: 0, Avg:  0.0, Max: 0, Diff: 0, Sum: 0, Workers: 4
[724.403s][debug][gc,phases      ] GC(116)   StringDedup Requests0 Weak     Min:  0.0, Avg:  0.0, Max:  0.0, Diff:  0.0, Sum:  0.0, Workers: 4
[724.403s][debug][gc,phases      ] GC(116)     Dead                           Min: 0, Avg:  0.0, Max: 0, Diff: 0, Sum: 0, Workers: 4
[724.403s][debug][gc,phases      ] GC(116)     Total                          Min: 0, Avg:  0.0, Max: 0, Diff: 0, Sum: 0, Workers: 4
[724.403s][debug][gc,phases      ] GC(116)   StringDedup Requests1 Weak     Min:  0.0, Avg:  0.0, Max:  0.0, Diff:  0.0, Sum:  0.0, Workers: 4
[724.403s][debug][gc,phases      ] GC(116)     Dead                           Min: 0, Avg:  0.0, Max: 0, Diff: 0, Sum: 0, Workers: 4
[724.403s][debug][gc,phases      ] GC(116)     Total                          Min: 0, Avg:  0.0, Max: 0, Diff: 0, Sum: 0, Workers: 4
[724.403s][debug][gc,phases      ] GC(116)   Weak JFR Old Object Samples    Min:  0.0, Avg:  0.0, Max:  0.0, Diff:  0.0, Sum:  0.0, Workers: 4
[724.404s][debug][gc,phases      ] GC(116)     Dead                           Min: 0, Avg:  0.0, Max: 0, Diff: 0, Sum: 0, Workers: 4
[724.404s][debug][gc,phases      ] GC(116)     Total                          Min: 0, Avg:  0.0, Max: 0, Diff: 0, Sum: 0, Workers: 4
[724.404s][debug][gc,phases      ] GC(116) Weak Processing 0.498ms
[724.404s][debug][gc,age         ] GC(116) Desired survivor size 174063616 bytes, new threshold 15 (max threshold 15)
[724.404s][info ][gc,heap        ] GC(116) PSYoungGen: 1872016K(1917440K)->96530K(1926144K) Eden: 1755136K(1755136K)->0K(1755136K) From: 116880K(162304K)->96530K(171008K)
[724.404s][info ][gc,heap        ] GC(116) ParOldGen: 453762K(518656K)->474229K(518656K)
[724.404s][info ][gc,metaspace   ] GC(116) Metaspace: 84019K(84928K)->84019K(84928K) NonClass: 72281K(72768K)->72281K(72768K) Class: 11737K(12160K)->11737K(12160K)
[724.404s][info ][gc             ] GC(116) Pause Young (Allocation Failure) 2271M->557M(2387M) 25.959ms
[724.404s][info ][gc,cpu         ] GC(116) User=0.13s Sys=0.00s Real=0.02s
[724.404s][info ][safepoint      ] Safepoint "ParallelGCFailedAllocation", Time since last: 37609715 ns, Reaching safepoint: 56501 ns, At safepoint: 26062865 ns, Total: 26119366 ns
[725.404s][info ][safepoint      ] Safepoint "Cleanup", Time since last: 1000091576 ns, Reaching safepoint: 63401 ns, At safepoint: 11900 ns, Total: 75301 ns
[726.404s][info ][safepoint      ] Safepoint "Cleanup", Time since last: 1000120577 ns, Reaching safepoint: 50201 ns, At safepoint: 7600 ns, Total: 57801 ns
[729.404s][info ][safepoint      ] Safepoint "Cleanup", Time since last: 3000256229 ns, Reaching safepoint: 72002 ns, At safepoint: 10200 ns, Total: 82202 ns
[730.405s][info ][safepoint      ] Safepoint "Cleanup", Time since last: 1000116677 ns, Reaching safepoint: 76902 ns, At safepoint: 11500 ns, Total: 88402 ns
[731.405s][info ][safepoint      ] Safepoint "Cleanup", Time since last: 1000119777 ns, Reaching safepoint: 49201 ns, At safepoint: 3200 ns, Total: 52401 ns
[732.405s][info ][safepoint      ] Safepoint "Cleanup", Time since last: 1000110978 ns, Reaching safepoint: 60701 ns, At safepoint: 5600 ns, Total: 66301 ns
[733.405s][info ][safepoint      ] Safepoint "Cleanup", Time since last: 1000118178 ns, Reaching safepoint: 64001 ns, At safepoint: 4400 ns, Total: 68401 ns
[734.405s][info ][safepoint      ] Safepoint "Cleanup", Time since last: 1000103178 ns, Reaching safepoint: 45801 ns, At safepoint: 2300 ns, Total: 48101 ns
[735.405s][info ][safepoint      ] Safepoint "Cleanup", Time since last: 1000063777 ns, Reaching safepoint: 49501 ns, At safepoint: 2800 ns, Total: 52301 ns
[736.406s][info ][safepoint      ] Safepoint "Cleanup", Time since last: 1000121078 ns, Reaching safepoint: 59102 ns, At safepoint: 7400 ns, Total: 66502 ns
[740.406s][info ][safepoint      ] Safepoint "Cleanup", Time since last: 4000280310 ns, Reaching safepoint: 55901 ns, At safepoint: 2700 ns, Total: 58601 ns
[741.406s][info ][safepoint      ] Safepoint "Cleanup", Time since last: 1000107979 ns, Reaching safepoint: 58301 ns, At safepoint: 8701 ns, Total: 67002 ns
[742.406s][info ][safepoint      ] Safepoint "Cleanup", Time since last: 1000125579 ns, Reaching safepoint: 117302 ns, At safepoint: 7001 ns, Total: 124303 ns
[744.406s][info ][safepoint      ] Safepoint "Cleanup", Time since last: 2000167557 ns, Reaching safepoint: 52501 ns, At safepoint: 2700 ns, Total: 55201 ns
[748.407s][info ][safepoint      ] Safepoint "Cleanup", Time since last: 4000328416 ns, Reaching safepoint: 59802 ns, At safepoint: 7100 ns, Total: 66902 ns
[749.407s][info ][safepoint      ] Safepoint "Cleanup", Time since last: 1000109280 ns, Reaching safepoint: 49101 ns, At safepoint: 4200 ns, Total: 53301 ns
[751.407s][info ][safepoint      ] Safepoint "Cleanup", Time since last: 2000183660 ns, Reaching safepoint: 55101 ns, At safepoint: 3400 ns, Total: 58501 ns
[752.407s][info ][safepoint      ] Safepoint "Cleanup", Time since last: 1000095280 ns, Reaching safepoint: 59502 ns, At safepoint: 3100 ns, Total: 62602 ns
[753.408s][info ][safepoint      ] Safepoint "Cleanup", Time since last: 1000126081 ns, Reaching safepoint: 63201 ns, At safepoint: 10400 ns, Total: 73601 ns
[754.408s][info ][safepoint      ] Safepoint "Cleanup", Time since last: 1000095781 ns, Reaching safepoint: 76702 ns, At safepoint: 10100 ns, Total: 86802 ns
[755.408s][info ][safepoint      ] Safepoint "Cleanup", Time since last: 1000126181 ns, Reaching safepoint: 61302 ns, At safepoint: 4600 ns, Total: 65902 ns
[756.408s][info ][safepoint      ] Safepoint "Cleanup", Time since last: 1000110481 ns, Reaching safepoint: 52301 ns, At safepoint: 5300 ns, Total: 57601 ns
[757.408s][info ][safepoint      ] Safepoint "Cleanup", Time since last: 1000109582 ns, Reaching safepoint: 66101 ns, At safepoint: 8200 ns, Total: 74301 ns
[759.409s][info ][safepoint      ] Safepoint "Cleanup", Time since last: 2000173762 ns, Reaching safepoint: 217805 ns, At safepoint: 9000 ns, Total: 226805 ns
[760.983s][info ][gc,start       ] GC(117) Pause Young (Allocation Failure)
[761.005s][debug][gc,phases      ] GC(117) Scavenge 22.109ms
[761.005s][debug][gc,ref         ] GC(117) Skipped phase 1 of Reference Processing: no references
[761.005s][debug][gc,ref         ] GC(117) ReferenceProcessor::execute queues: 1, RefProcThreadModel::Single, marks_oops_alive: false
[761.006s][debug][gc,ref         ] GC(117) Skipped phase 3 of Reference Processing: no references
[761.006s][debug][gc,ref         ] GC(117) ReferenceProcessor::execute queues: 1, RefProcThreadModel::Single, marks_oops_alive: false
[761.006s][debug][gc,phases      ] GC(117) Reference Processing 0.152ms
[761.006s][debug][gc,phases      ] GC(117)   VM Weak                        Min:  0.0, Avg:  0.0, Max:  0.0, Diff:  0.0, Sum:  0.0, Workers: 4
[761.006s][debug][gc,phases      ] GC(117)     Dead                           Min: 0, Avg:  0.0, Max: 0, Diff: 0, Sum: 0, Workers: 4
[761.006s][debug][gc,phases      ] GC(117)     Total                          Min: 0, Avg: 178.8, Max: 651, Diff: 651, Sum: 715, Workers: 4
[761.006s][debug][gc,phases      ] GC(117)   ObjectSynchronizer Weak        Min:  0.0, Avg:  0.0, Max:  0.0, Diff:  0.0, Sum:  0.0, Workers: 4
[761.006s][debug][gc,phases      ] GC(117)     Dead                           Min: 0, Avg:  0.0, Max: 0, Diff: 0, Sum: 0, Workers: 4
[761.006s][debug][gc,phases      ] GC(117)     Total                          Min: 0, Avg: 77.8, Max: 183, Diff: 183, Sum: 311, Workers: 4
[761.006s][debug][gc,phases      ] GC(117)   JVMTI Tag Weak OopStorage      Min:  0.0, Avg:  0.0, Max:  0.0, Diff:  0.0, Sum:  0.0, Workers: 4
[761.006s][debug][gc,phases      ] GC(117)     Dead                           Min: 0, Avg:  0.0, Max: 0, Diff: 0, Sum: 0, Workers: 4
[761.006s][debug][gc,phases      ] GC(117)     Total                          Min: 0, Avg:  0.0, Max: 0, Diff: 0, Sum: 0, Workers: 4
[761.006s][debug][gc,phases      ] GC(117)   StringTable Weak               Min:  0.1, Avg:  0.1, Max:  0.1, Diff:  0.0, Sum:  0.5, Workers: 4
[761.006s][debug][gc,phases      ] GC(117)     Dead                           Min: 0, Avg:  0.0, Max: 0, Diff: 0, Sum: 0, Workers: 4
[761.006s][debug][gc,phases      ] GC(117)     Total                          Min: 11840, Avg: 12108.5, Max: 12608, Diff: 768, Sum: 48434, Workers: 4
[761.006s][debug][gc,phases      ] GC(117)   ResolvedMethodTable Weak       Min:  0.0, Avg:  0.0, Max:  0.0, Diff:  0.0, Sum:  0.1, Workers: 4
[761.006s][debug][gc,phases      ] GC(117)     Dead                           Min: 0, Avg:  0.0, Max: 0, Diff: 0, Sum: 0, Workers: 4
[761.006s][debug][gc,phases      ] GC(117)     Total                          Min: 1216, Avg: 2093.8, Max: 2999, Diff: 1783, Sum: 8375, Workers: 4
[761.006s][debug][gc,phases      ] GC(117)   JNI Weak                       Min:  0.0, Avg:  0.0, Max:  0.0, Diff:  0.0, Sum:  0.0, Workers: 4
[761.006s][debug][gc,phases      ] GC(117)     Dead                           Min: 0, Avg:  0.0, Max: 0, Diff: 0, Sum: 0, Workers: 4
[761.006s][debug][gc,phases      ] GC(117)     Total                          Min: 0, Avg:  0.0, Max: 0, Diff: 0, Sum: 0, Workers: 4
[761.006s][debug][gc,phases      ] GC(117)   StringDedup Table Weak         Min:  0.0, Avg:  0.0, Max:  0.0, Diff:  0.0, Sum:  0.0, Workers: 4
[761.006s][debug][gc,phases      ] GC(117)     Dead                           Min: 0, Avg:  0.0, Max: 0, Diff: 0, Sum: 0, Workers: 4
[761.006s][debug][gc,phases      ] GC(117)     Total                          Min: 0, Avg:  0.0, Max: 0, Diff: 0, Sum: 0, Workers: 4
[761.006s][debug][gc,phases      ] GC(117)   StringDedup Requests0 Weak     Min:  0.0, Avg:  0.0, Max:  0.0, Diff:  0.0, Sum:  0.0, Workers: 4
[761.006s][debug][gc,phases      ] GC(117)     Dead                           Min: 0, Avg:  0.0, Max: 0, Diff: 0, Sum: 0, Workers: 4
[761.006s][debug][gc,phases      ] GC(117)     Total                          Min: 0, Avg:  0.0, Max: 0, Diff: 0, Sum: 0, Workers: 4
[761.006s][debug][gc,phases      ] GC(117)   StringDedup Requests1 Weak     Min:  0.0, Avg:  0.0, Max:  0.0, Diff:  0.0, Sum:  0.0, Workers: 4
[761.006s][debug][gc,phases      ] GC(117)     Dead                           Min: 0, Avg:  0.0, Max: 0, Diff: 0, Sum: 0, Workers: 4
[761.006s][debug][gc,phases      ] GC(117)     Total                          Min: 0, Avg:  0.0, Max: 0, Diff: 0, Sum: 0, Workers: 4
[761.006s][debug][gc,phases      ] GC(117)   Weak JFR Old Object Samples    Min:  0.0, Avg:  0.0, Max:  0.0, Diff:  0.0, Sum:  0.0, Workers: 4
[761.006s][debug][gc,phases      ] GC(117)     Dead                           Min: 0, Avg:  0.0, Max: 0, Diff: 0, Sum: 0, Workers: 4
[761.006s][debug][gc,phases      ] GC(117)     Total                          Min: 0, Avg:  0.0, Max: 0, Diff: 0, Sum: 0, Workers: 4
[761.006s][debug][gc,phases      ] GC(117) Weak Processing 0.362ms
[761.006s][debug][gc,age         ] GC(117) Desired survivor size 172490752 bytes, new threshold 15 (max threshold 15)
[761.006s][info ][gc,heap        ] GC(117) PSYoungGen: 1851666K(1926144K)->96690K(1928704K) Eden: 1755136K(1755136K)->0K(1758720K) From: 96530K(171008K)->96690K(169984K)
[761.006s][info ][gc,heap        ] GC(117) ParOldGen: 474229K(518656K)->474445K(518656K)
[761.006s][info ][gc,metaspace   ] GC(117) Metaspace: 84078K(84992K)->84078K(84992K) NonClass: 72338K(72832K)->72338K(72832K) Class: 11739K(12160K)->11739K(12160K)
[761.006s][info ][gc             ] GC(117) Pause Young (Allocation Failure) 2271M->557M(2390M) 22.788ms
[761.006s][info ][gc,cpu         ] GC(117) User=0.09s Sys=0.01s Real=0.02s
[761.006s][info ][safepoint      ] Safepoint "ParallelGCFailedAllocation", Time since last: 1574296330 ns, Reaching safepoint: 48401 ns, At safepoint: 22888396 ns, Total: 22936797 ns
[765.006s][info ][safepoint      ] Safepoint "Cleanup", Time since last: 4000300826 ns, Reaching safepoint: 54702 ns, At safepoint: 4100 ns, Total: 58802 ns
[766.007s][info ][safepoint      ] Safepoint "Cleanup", Time since last: 1000119282 ns, Reaching safepoint: 52502 ns, At safepoint: 3000 ns, Total: 55502 ns
[767.007s][info ][safepoint      ] Safepoint "Cleanup", Time since last: 1000105682 ns, Reaching safepoint: 50602 ns, At safepoint: 3600 ns, Total: 54202 ns
[770.007s][info ][safepoint      ] Safepoint "Cleanup", Time since last: 3000267648 ns, Reaching safepoint: 49801 ns, At safepoint: 10400 ns, Total: 60201 ns
[776.008s][info ][safepoint      ] Safepoint "Cleanup", Time since last: 6000399997 ns, Reaching safepoint: 67901 ns, At safepoint: 4300 ns, Total: 72201 ns
[779.008s][info ][safepoint      ] Safepoint "Cleanup", Time since last: 3000241852 ns, Reaching safepoint: 62001 ns, At safepoint: 3200 ns, Total: 65201 ns
[782.008s][info ][safepoint      ] Safepoint "Cleanup", Time since last: 3000289254 ns, Reaching safepoint: 72402 ns, At safepoint: 4600 ns, Total: 77002 ns
[783.008s][info ][safepoint      ] Safepoint "Cleanup", Time since last: 1000128885 ns, Reaching safepoint: 75702 ns, At safepoint: 10100 ns, Total: 85802 ns
[784.009s][info ][safepoint      ] Safepoint "Cleanup", Time since last: 1000130386 ns, Reaching safepoint: 74302 ns, At safepoint: 3700 ns, Total: 78002 ns
[786.009s][info ][safepoint      ] Safepoint "Cleanup", Time since last: 2000197870 ns, Reaching safepoint: 76202 ns, At safepoint: 3500 ns, Total: 79702 ns
[787.009s][info ][safepoint      ] Safepoint "Cleanup", Time since last: 1000133986 ns, Reaching safepoint: 61702 ns, At safepoint: 3000 ns, Total: 64702 ns
[790.009s][info ][safepoint      ] Safepoint "Cleanup", Time since last: 3000287857 ns, Reaching safepoint: 67401 ns, At safepoint: 4501 ns, Total: 71902 ns
[791.010s][info ][safepoint      ] Safepoint "Cleanup", Time since last: 1000138586 ns, Reaching safepoint: 94503 ns, At safepoint: 35100 ns, Total: 129603 ns
[792.010s][info ][safepoint      ] Safepoint "Cleanup", Time since last: 1000126387 ns, Reaching safepoint: 59601 ns, At safepoint: 3601 ns, Total: 63202 ns
[794.010s][info ][safepoint      ] Safepoint "Cleanup", Time since last: 2000205973 ns, Reaching safepoint: 68501 ns, At safepoint: 6800 ns, Total: 75301 ns
[795.010s][info ][safepoint      ] Safepoint "Cleanup", Time since last: 1000097187 ns, Reaching safepoint: 69101 ns, At safepoint: 2700 ns, Total: 71801 ns
[796.994s][info ][gc,start       ] GC(118) Pause Young (Allocation Failure)
[797.015s][debug][gc,phases      ] GC(118) Scavenge 21.437ms
[797.015s][debug][gc,ref         ] GC(118) Skipped phase 1 of Reference Processing: no references
[797.015s][debug][gc,ref         ] GC(118) ReferenceProcessor::execute queues: 1, RefProcThreadModel::Single, marks_oops_alive: false
[797.015s][debug][gc,ref         ] GC(118) Skipped phase 3 of Reference Processing: no references
[797.015s][debug][gc,ref         ] GC(118) ReferenceProcessor::execute queues: 1, RefProcThreadModel::Single, marks_oops_alive: false
[797.015s][debug][gc,phases      ] GC(118) Reference Processing 0.121ms
[797.015s][debug][gc,phases      ] GC(118)   VM Weak                        Min:  0.0, Avg:  0.0, Max:  0.0, Diff:  0.0, Sum:  0.0, Workers: 4
[797.015s][debug][gc,phases      ] GC(118)     Dead                           Min: 0, Avg:  0.0, Max: 0, Diff: 0, Sum: 0, Workers: 4
[797.015s][debug][gc,phases      ] GC(118)     Total                          Min: 0, Avg: 178.8, Max: 512, Diff: 512, Sum: 715, Workers: 4
[797.015s][debug][gc,phases      ] GC(118)   ObjectSynchronizer Weak        Min:  0.0, Avg:  0.0, Max:  0.0, Diff:  0.0, Sum:  0.0, Workers: 4
[797.015s][debug][gc,phases      ] GC(118)     Dead                           Min: 0, Avg:  0.0, Max: 0, Diff: 0, Sum: 0, Workers: 4
[797.015s][debug][gc,phases      ] GC(118)     Total                          Min: 0, Avg: 77.8, Max: 183, Diff: 183, Sum: 311, Workers: 4
[797.015s][debug][gc,phases      ] GC(118)   JVMTI Tag Weak OopStorage      Min:  0.0, Avg:  0.0, Max:  0.0, Diff:  0.0, Sum:  0.0, Workers: 4
[797.015s][debug][gc,phases      ] GC(118)     Dead                           Min: 0, Avg:  0.0, Max: 0, Diff: 0, Sum: 0, Workers: 4
[797.015s][debug][gc,phases      ] GC(118)     Total                          Min: 0, Avg:  0.0, Max: 0, Diff: 0, Sum: 0, Workers: 4
[797.015s][debug][gc,phases      ] GC(118)   StringTable Weak               Min:  0.1, Avg:  0.1, Max:  0.1, Diff:  0.0, Sum:  0.5, Workers: 4
[797.015s][debug][gc,phases      ] GC(118)     Dead                           Min: 0, Avg:  0.0, Max: 0, Diff: 0, Sum: 0, Workers: 4
[797.015s][debug][gc,phases      ] GC(118)     Total                          Min: 11712, Avg: 12108.8, Max: 12595, Diff: 883, Sum: 48435, Workers: 4
[797.015s][debug][gc,phases      ] GC(118)   ResolvedMethodTable Weak       Min:  0.0, Avg:  0.0, Max:  0.0, Diff:  0.0, Sum:  0.1, Workers: 4
[797.015s][debug][gc,phases      ] GC(118)     Dead                           Min: 0, Avg:  0.0, Max: 0, Diff: 0, Sum: 0, Workers: 4
[797.015s][debug][gc,phases      ] GC(118)     Total                          Min: 1920, Avg: 2093.8, Max: 2304, Diff: 384, Sum: 8375, Workers: 4
[797.015s][debug][gc,phases      ] GC(118)   JNI Weak                       Min:  0.0, Avg:  0.0, Max:  0.0, Diff:  0.0, Sum:  0.0, Workers: 4
[797.015s][debug][gc,phases      ] GC(118)     Dead                           Min: 0, Avg:  0.0, Max: 0, Diff: 0, Sum: 0, Workers: 4
[797.015s][debug][gc,phases      ] GC(118)     Total                          Min: 0, Avg:  0.0, Max: 0, Diff: 0, Sum: 0, Workers: 4
[797.015s][debug][gc,phases      ] GC(118)   StringDedup Table Weak         Min:  0.0, Avg:  0.0, Max:  0.0, Diff:  0.0, Sum:  0.0, Workers: 4
[797.015s][debug][gc,phases      ] GC(118)     Dead                           Min: 0, Avg:  0.0, Max: 0, Diff: 0, Sum: 0, Workers: 4
[797.016s][debug][gc,phases      ] GC(118)     Total                          Min: 0, Avg:  0.0, Max: 0, Diff: 0, Sum: 0, Workers: 4
[797.016s][debug][gc,phases      ] GC(118)   StringDedup Requests0 Weak     Min:  0.0, Avg:  0.0, Max:  0.0, Diff:  0.0, Sum:  0.0, Workers: 4
[797.016s][debug][gc,phases      ] GC(118)     Dead                           Min: 0, Avg:  0.0, Max: 0, Diff: 0, Sum: 0, Workers: 4
[797.016s][debug][gc,phases      ] GC(118)     Total                          Min: 0, Avg:  0.0, Max: 0, Diff: 0, Sum: 0, Workers: 4
[797.016s][debug][gc,phases      ] GC(118)   StringDedup Requests1 Weak     Min:  0.0, Avg:  0.0, Max:  0.0, Diff:  0.0, Sum:  0.0, Workers: 4
[797.016s][debug][gc,phases      ] GC(118)     Dead                           Min: 0, Avg:  0.0, Max: 0, Diff: 0, Sum: 0, Workers: 4
[797.016s][debug][gc,phases      ] GC(118)     Total                          Min: 0, Avg:  0.0, Max: 0, Diff: 0, Sum: 0, Workers: 4
[797.016s][debug][gc,phases      ] GC(118)   Weak JFR Old Object Samples    Min:  0.0, Avg:  0.0, Max:  0.0, Diff:  0.0, Sum:  0.0, Workers: 4
[797.016s][debug][gc,phases      ] GC(118)     Dead                           Min: 0, Avg:  0.0, Max: 0, Diff: 0, Sum: 0, Workers: 4
[797.016s][debug][gc,phases      ] GC(118)     Total                          Min: 0, Avg:  0.0, Max: 0, Diff: 0, Sum: 0, Workers: 4
[797.016s][debug][gc,phases      ] GC(118) Weak Processing 0.325ms
[797.016s][debug][gc,age         ] GC(118) Desired survivor size 163577856 bytes, new threshold 15 (max threshold 15)
[797.016s][info ][gc,heap        ] GC(118) PSYoungGen: 1855410K(1928704K)->77942K(1927168K) Eden: 1758720K(1758720K)->0K(1758720K) From: 96690K(169984K)->77942K(168448K)
[797.016s][info ][gc,heap        ] GC(118) ParOldGen: 474445K(518656K)->493878K(518656K)
[797.016s][info ][gc,metaspace   ] GC(118) Metaspace: 84097K(84992K)->84097K(84992K) NonClass: 72354K(72832K)->72354K(72832K) Class: 11743K(12160K)->11743K(12160K)
[797.016s][info ][gc             ] GC(118) Pause Young (Allocation Failure) 2275M->558M(2388M) 22.016ms
[797.016s][info ][gc,cpu         ] GC(118) User=0.08s Sys=0.00s Real=0.02s
[797.016s][info ][safepoint      ] Safepoint "ParallelGCFailedAllocation", Time since last: 1983085303 ns, Reaching safepoint: 109103 ns, At safepoint: 22101079 ns, Total: 22210182 ns
[798.016s][info ][safepoint      ] Safepoint "Cleanup", Time since last: 1000097587 ns, Reaching safepoint: 71501 ns, At safepoint: 7901 ns, Total: 79402 ns
[799.016s][info ][safepoint      ] Safepoint "Cleanup", Time since last: 1000118387 ns, Reaching safepoint: 55101 ns, At safepoint: 30401 ns, Total: 85502 ns
[804.016s][info ][safepoint      ] Safepoint "Cleanup", Time since last: 5000372136 ns, Reaching safepoint: 54001 ns, At safepoint: 5500 ns, Total: 59501 ns
[808.750s][info ][safepoint      ] Safepoint "Cleanup", Time since last: 4733104243 ns, Reaching safepoint: 41301 ns, At safepoint: 10800 ns, Total: 52101 ns
[809.750s][info ][safepoint      ] Safepoint "Cleanup", Time since last: 1000116390 ns, Reaching safepoint: 56901 ns, At safepoint: 7500 ns, Total: 64401 ns
[812.750s][info ][safepoint      ] Safepoint "Cleanup", Time since last: 3000236566 ns, Reaching safepoint: 45501 ns, At safepoint: 5100 ns, Total: 50601 ns
[813.750s][info ][safepoint      ] Safepoint "Cleanup", Time since last: 1000106389 ns, Reaching safepoint: 46701 ns, At safepoint: 4501 ns, Total: 51202 ns
[814.750s][info ][safepoint      ] Safepoint "Cleanup", Time since last: 1000121889 ns, Reaching safepoint: 51102 ns, At safepoint: 2500 ns, Total: 53602 ns
[818.751s][info ][safepoint      ] Safepoint "Cleanup", Time since last: 4000298857 ns, Reaching safepoint: 48701 ns, At safepoint: 2900 ns, Total: 51601 ns
[821.751s][info ][safepoint      ] Safepoint "Cleanup", Time since last: 3000238769 ns, Reaching safepoint: 56502 ns, At safepoint: 8500 ns, Total: 65002 ns
[825.751s][info ][safepoint      ] Safepoint "Cleanup", Time since last: 4000314961 ns, Reaching safepoint: 57201 ns, At safepoint: 9401 ns, Total: 66602 ns
[828.752s][info ][safepoint      ] Safepoint "Cleanup", Time since last: 3000292873 ns, Reaching safepoint: 58201 ns, At safepoint: 10201 ns, Total: 68402 ns
[830.752s][info ][safepoint      ] Safepoint "Cleanup", Time since last: 2000214683 ns, Reaching safepoint: 65602 ns, At safepoint: 6400 ns, Total: 72002 ns
[831.839s][info ][gc,start       ] GC(119) Pause Young (Allocation Failure)
[831.859s][debug][gc,phases      ] GC(119) Scavenge 19.999ms
[831.859s][debug][gc,ref         ] GC(119) Skipped phase 1 of Reference Processing: no references
[831.859s][debug][gc,ref         ] GC(119) ReferenceProcessor::execute queues: 1, RefProcThreadModel::Single, marks_oops_alive: false
[831.859s][debug][gc,ref         ] GC(119) Skipped phase 3 of Reference Processing: no references
[831.859s][debug][gc,ref         ] GC(119) ReferenceProcessor::execute queues: 1, RefProcThreadModel::Single, marks_oops_alive: false
[831.859s][debug][gc,phases      ] GC(119) Reference Processing 0.126ms
[831.859s][debug][gc,phases      ] GC(119)   VM Weak                        Min:  0.0, Avg:  0.0, Max:  0.0, Diff:  0.0, Sum:  0.0, Workers: 4
[831.859s][debug][gc,phases      ] GC(119)     Dead                           Min: 0, Avg:  0.0, Max: 0, Diff: 0, Sum: 0, Workers: 4
[831.859s][debug][gc,phases      ] GC(119)     Total                          Min: 0, Avg: 178.8, Max: 704, Diff: 704, Sum: 715, Workers: 4
[831.859s][debug][gc,phases      ] GC(119)   ObjectSynchronizer Weak        Min:  0.0, Avg:  0.0, Max:  0.0, Diff:  0.0, Sum:  0.0, Workers: 4
[831.859s][debug][gc,phases      ] GC(119)     Dead                           Min: 0, Avg:  0.0, Max: 0, Diff: 0, Sum: 0, Workers: 4
[831.859s][debug][gc,phases      ] GC(119)     Total                          Min: 0, Avg: 77.8, Max: 183, Diff: 183, Sum: 311, Workers: 4
[831.859s][debug][gc,phases      ] GC(119)   JVMTI Tag Weak OopStorage      Min:  0.0, Avg:  0.0, Max:  0.0, Diff:  0.0, Sum:  0.0, Workers: 4
[831.859s][debug][gc,phases      ] GC(119)     Dead                           Min: 0, Avg:  0.0, Max: 0, Diff: 0, Sum: 0, Workers: 4
[831.859s][debug][gc,phases      ] GC(119)     Total                          Min: 0, Avg:  0.0, Max: 0, Diff: 0, Sum: 0, Workers: 4
[831.859s][debug][gc,phases      ] GC(119)   StringTable Weak               Min:  0.1, Avg:  0.1, Max:  0.1, Diff:  0.0, Sum:  0.5, Workers: 4
[831.859s][debug][gc,phases      ] GC(119)     Dead                           Min: 0, Avg:  0.0, Max: 0, Diff: 0, Sum: 0, Workers: 4
[831.859s][debug][gc,phases      ] GC(119)     Total                          Min: 9920, Avg: 12109.2, Max: 13749, Diff: 3829, Sum: 48437, Workers: 4
[831.859s][debug][gc,phases      ] GC(119)   ResolvedMethodTable Weak       Min:  0.0, Avg:  0.0, Max:  0.0, Diff:  0.0, Sum:  0.1, Workers: 4
[831.859s][debug][gc,phases      ] GC(119)     Dead                           Min: 0, Avg:  0.0, Max: 0, Diff: 0, Sum: 0, Workers: 4
[831.859s][debug][gc,phases      ] GC(119)     Total                          Min: 1984, Avg: 2093.8, Max: 2295, Diff: 311, Sum: 8375, Workers: 4
[831.859s][debug][gc,phases      ] GC(119)   JNI Weak                       Min:  0.0, Avg:  0.0, Max:  0.0, Diff:  0.0, Sum:  0.0, Workers: 4
[831.859s][debug][gc,phases      ] GC(119)     Dead                           Min: 0, Avg:  0.0, Max: 0, Diff: 0, Sum: 0, Workers: 4
[831.859s][debug][gc,phases      ] GC(119)     Total                          Min: 0, Avg:  0.0, Max: 0, Diff: 0, Sum: 0, Workers: 4
[831.860s][debug][gc,phases      ] GC(119)   StringDedup Table Weak         Min:  0.0, Avg:  0.0, Max:  0.0, Diff:  0.0, Sum:  0.0, Workers: 4
[831.860s][debug][gc,phases      ] GC(119)     Dead                           Min: 0, Avg:  0.0, Max: 0, Diff: 0, Sum: 0, Workers: 4
[831.860s][debug][gc,phases      ] GC(119)     Total                          Min: 0, Avg:  0.0, Max: 0, Diff: 0, Sum: 0, Workers: 4
[831.860s][debug][gc,phases      ] GC(119)   StringDedup Requests0 Weak     Min:  0.0, Avg:  0.0, Max:  0.0, Diff:  0.0, Sum:  0.0, Workers: 4
[831.860s][debug][gc,phases      ] GC(119)     Dead                           Min: 0, Avg:  0.0, Max: 0, Diff: 0, Sum: 0, Workers: 4
[831.860s][debug][gc,phases      ] GC(119)     Total                          Min: 0, Avg:  0.0, Max: 0, Diff: 0, Sum: 0, Workers: 4
[831.860s][debug][gc,phases      ] GC(119)   StringDedup Requests1 Weak     Min:  0.0, Avg:  0.0, Max:  0.0, Diff:  0.0, Sum:  0.0, Workers: 4
[831.860s][debug][gc,phases      ] GC(119)     Dead                           Min: 0, Avg:  0.0, Max: 0, Diff: 0, Sum: 0, Workers: 4
[831.860s][debug][gc,phases      ] GC(119)     Total                          Min: 0, Avg:  0.0, Max: 0, Diff: 0, Sum: 0, Workers: 4
[831.860s][debug][gc,phases      ] GC(119)   Weak JFR Old Object Samples    Min:  0.0, Avg:  0.0, Max:  0.0, Diff:  0.0, Sum:  0.0, Workers: 4
[831.860s][debug][gc,phases      ] GC(119)     Dead                           Min: 0, Avg:  0.0, Max: 0, Diff: 0, Sum: 0, Workers: 4
[831.860s][debug][gc,phases      ] GC(119)     Total                          Min: 0, Avg:  0.0, Max: 0, Diff: 0, Sum: 0, Workers: 4
[831.860s][debug][gc,phases      ] GC(119) Weak Processing 0.352ms
[831.860s][debug][gc,age         ] GC(119) Desired survivor size 155189248 bytes, new threshold 15 (max threshold 15)
[831.860s][info ][gc,heap        ] GC(119) PSYoungGen: 1836662K(1927168K)->77200K(1945600K) Eden: 1758720K(1758720K)->0K(1785856K) From: 77942K(168448K)->77200K(159744K)
[831.860s][info ][gc,heap        ] GC(119) ParOldGen: 493878K(518656K)->494262K(518656K)
[831.860s][info ][gc,metaspace   ] GC(119) Metaspace: 84107K(84992K)->84107K(84992K) NonClass: 72364K(72832K)->72364K(72832K) Class: 11743K(12160K)->11743K(12160K)
[831.860s][info ][gc             ] GC(119) Pause Young (Allocation Failure) 2275M->558M(2406M) 20.614ms
[831.860s][info ][gc,cpu         ] GC(119) User=0.08s Sys=0.00s Real=0.02s
[831.860s][info ][safepoint      ] Safepoint "ParallelGCFailedAllocation", Time since last: 1086821372 ns, Reaching safepoint: 40501 ns, At safepoint: 20703949 ns, Total: 20744450 ns
[833.860s][info ][safepoint      ] Safepoint "Cleanup", Time since last: 2000155183 ns, Reaching safepoint: 58402 ns, At safepoint: 4500 ns, Total: 62902 ns
[839.860s][info ][safepoint      ] Safepoint "Cleanup", Time since last: 6000472652 ns, Reaching safepoint: 72902 ns, At safepoint: 11800 ns, Total: 84702 ns
[841.861s][info ][safepoint      ] Safepoint "Cleanup", Time since last: 2000193686 ns, Reaching safepoint: 435209 ns, At safepoint: 115503 ns, Total: 550712 ns
[842.861s][info ][safepoint      ] Safepoint "Cleanup", Time since last: 1000121394 ns, Reaching safepoint: 50801 ns, At safepoint: 2800 ns, Total: 53601 ns
[843.862s][info ][safepoint      ] Safepoint "Cleanup", Time since last: 1000108993 ns, Reaching safepoint: 53602 ns, At safepoint: 9600 ns, Total: 63202 ns
[845.862s][info ][safepoint      ] Safepoint "Cleanup", Time since last: 2000177086 ns, Reaching safepoint: 60602 ns, At safepoint: 3100 ns, Total: 63702 ns
[852.862s][info ][safepoint      ] Safepoint "Cleanup", Time since last: 7000517455 ns, Reaching safepoint: 47001 ns, At safepoint: 2900 ns, Total: 49901 ns
[853.863s][info ][safepoint      ] Safepoint "Cleanup", Time since last: 1000111595 ns, Reaching safepoint: 60901 ns, At safepoint: 7601 ns, Total: 68502 ns
[857.863s][info ][safepoint      ] Safepoint "Cleanup", Time since last: 4000318578 ns, Reaching safepoint: 60101 ns, At safepoint: 14100 ns, Total: 74201 ns
[866.864s][info ][safepoint      ] Safepoint "Cleanup", Time since last: 9000658957 ns, Reaching safepoint: 67402 ns, At safepoint: 14800 ns, Total: 82202 ns
[867.864s][info ][safepoint      ] Safepoint "Cleanup", Time since last: 1000117097 ns, Reaching safepoint: 59201 ns, At safepoint: 5700 ns, Total: 64901 ns
[869.085s][info ][gc,start       ] GC(120) Pause Young (Allocation Failure)
[869.109s][debug][gc,phases      ] GC(120) Scavenge 23.517ms
[869.109s][debug][gc,ref         ] GC(120) Skipped phase 1 of Reference Processing: no references
[869.109s][debug][gc,ref         ] GC(120) ReferenceProcessor::execute queues: 1, RefProcThreadModel::Single, marks_oops_alive: false
[869.109s][debug][gc,ref         ] GC(120) Skipped phase 3 of Reference Processing: no references
[869.109s][debug][gc,ref         ] GC(120) ReferenceProcessor::execute queues: 1, RefProcThreadModel::Single, marks_oops_alive: false
[869.109s][debug][gc,phases      ] GC(120) Reference Processing 0.134ms
[869.109s][debug][gc,phases      ] GC(120)   VM Weak                        Min:  0.0, Avg:  0.0, Max:  0.0, Diff:  0.0, Sum:  0.0, Workers: 4
[869.109s][debug][gc,phases      ] GC(120)     Dead                           Min: 0, Avg:  0.0, Max: 0, Diff: 0, Sum: 0, Workers: 4
[869.109s][debug][gc,phases      ] GC(120)     Total                          Min: 0, Avg: 178.8, Max: 523, Diff: 523, Sum: 715, Workers: 4
[869.109s][debug][gc,phases      ] GC(120)   ObjectSynchronizer Weak        Min:  0.0, Avg:  0.0, Max:  0.0, Diff:  0.0, Sum:  0.0, Workers: 4
[869.109s][debug][gc,phases      ] GC(120)     Dead                           Min: 0, Avg:  0.0, Max: 0, Diff: 0, Sum: 0, Workers: 4
[869.109s][debug][gc,phases      ] GC(120)     Total                          Min: 0, Avg: 77.8, Max: 128, Diff: 128, Sum: 311, Workers: 4
[869.109s][debug][gc,phases      ] GC(120)   JVMTI Tag Weak OopStorage      Min:  0.0, Avg:  0.0, Max:  0.0, Diff:  0.0, Sum:  0.0, Workers: 4
[869.109s][debug][gc,phases      ] GC(120)     Dead                           Min: 0, Avg:  0.0, Max: 0, Diff: 0, Sum: 0, Workers: 4
[869.109s][debug][gc,phases      ] GC(120)     Total                          Min: 0, Avg:  0.0, Max: 0, Diff: 0, Sum: 0, Workers: 4
[869.109s][debug][gc,phases      ] GC(120)   StringTable Weak               Min:  0.1, Avg:  0.1, Max:  0.1, Diff:  0.0, Sum:  0.5, Workers: 4
[869.109s][debug][gc,phases      ] GC(120)     Dead                           Min: 0, Avg:  0.0, Max: 0, Diff: 0, Sum: 0, Workers: 4
[869.109s][debug][gc,phases      ] GC(120)     Total                          Min: 10048, Avg: 12110.2, Max: 14080, Diff: 4032, Sum: 48441, Workers: 4
[869.109s][debug][gc,phases      ] GC(120)   ResolvedMethodTable Weak       Min:  0.0, Avg:  0.0, Max:  0.0, Diff:  0.0, Sum:  0.1, Workers: 4
[869.109s][debug][gc,phases      ] GC(120)     Dead                           Min: 0, Avg:  0.0, Max: 0, Diff: 0, Sum: 0, Workers: 4
[869.109s][debug][gc,phases      ] GC(120)     Total                          Min: 1856, Avg: 2093.8, Max: 2359, Diff: 503, Sum: 8375, Workers: 4
[869.109s][debug][gc,phases      ] GC(120)   JNI Weak                       Min:  0.0, Avg:  0.0, Max:  0.0, Diff:  0.0, Sum:  0.0, Workers: 4
[869.109s][debug][gc,phases      ] GC(120)     Dead                           Min: 0, Avg:  0.0, Max: 0, Diff: 0, Sum: 0, Workers: 4
[869.109s][debug][gc,phases      ] GC(120)     Total                          Min: 0, Avg:  0.0, Max: 0, Diff: 0, Sum: 0, Workers: 4
[869.109s][debug][gc,phases      ] GC(120)   StringDedup Table Weak         Min:  0.0, Avg:  0.0, Max:  0.0, Diff:  0.0, Sum:  0.0, Workers: 4
[869.109s][debug][gc,phases      ] GC(120)     Dead                           Min: 0, Avg:  0.0, Max: 0, Diff: 0, Sum: 0, Workers: 4
[869.109s][debug][gc,phases      ] GC(120)     Total                          Min: 0, Avg:  0.0, Max: 0, Diff: 0, Sum: 0, Workers: 4
[869.109s][debug][gc,phases      ] GC(120)   StringDedup Requests0 Weak     Min:  0.0, Avg:  0.0, Max:  0.0, Diff:  0.0, Sum:  0.0, Workers: 4
[869.109s][debug][gc,phases      ] GC(120)     Dead                           Min: 0, Avg:  0.0, Max: 0, Diff: 0, Sum: 0, Workers: 4
[869.109s][debug][gc,phases      ] GC(120)     Total                          Min: 0, Avg:  0.0, Max: 0, Diff: 0, Sum: 0, Workers: 4
[869.109s][debug][gc,phases      ] GC(120)   StringDedup Requests1 Weak     Min:  0.0, Avg:  0.0, Max:  0.0, Diff:  0.0, Sum:  0.0, Workers: 4
[869.109s][debug][gc,phases      ] GC(120)     Dead                           Min: 0, Avg:  0.0, Max: 0, Diff: 0, Sum: 0, Workers: 4
[869.109s][debug][gc,phases      ] GC(120)     Total                          Min: 0, Avg:  0.0, Max: 0, Diff: 0, Sum: 0, Workers: 4
[869.109s][debug][gc,phases      ] GC(120)   Weak JFR Old Object Samples    Min:  0.0, Avg:  0.0, Max:  0.0, Diff:  0.0, Sum:  0.0, Workers: 4
[869.109s][debug][gc,phases      ] GC(120)     Dead                           Min: 0, Avg:  0.0, Max: 0, Diff: 0, Sum: 0, Workers: 4
[869.109s][debug][gc,phases      ] GC(120)     Total                          Min: 0, Avg:  0.0, Max: 0, Diff: 0, Sum: 0, Workers: 4
[869.109s][debug][gc,phases      ] GC(120) Weak Processing 0.351ms
[869.109s][debug][gc,age         ] GC(120) Desired survivor size 147849216 bytes, new threshold 15 (max threshold 15)
[869.109s][info ][gc,heap        ] GC(120) PSYoungGen: 1863056K(1945600K)->77441K(1937408K) Eden: 1785856K(1785856K)->0K(1785856K) From: 77200K(159744K)->77441K(151552K)
[869.109s][info ][gc,heap        ] GC(120) ParOldGen: 494262K(518656K)->494726K(518656K)
[869.109s][info ][gc,metaspace   ] GC(120) Metaspace: 84136K(84992K)->84136K(84992K) NonClass: 72393K(72832K)->72393K(72832K) Class: 11743K(12160K)->11743K(12160K)
[869.109s][info ][gc             ] GC(120) Pause Young (Allocation Failure) 2302M->558M(2398M) 24.145ms
[869.109s][info ][gc,cpu         ] GC(120) User=0.09s Sys=0.00s Real=0.03s
[869.109s][info ][safepoint      ] Safepoint "ParallelGCFailedAllocation", Time since last: 1221157093 ns, Reaching safepoint: 44801 ns, At safepoint: 24235025 ns, Total: 24279826 ns
[872.110s][info ][safepoint      ] Safepoint "Cleanup", Time since last: 3000216289 ns, Reaching safepoint: 59501 ns, At safepoint: 6701 ns, Total: 66202 ns
[874.110s][info ][safepoint      ] Safepoint "Cleanup", Time since last: 2000164393 ns, Reaching safepoint: 34401 ns, At safepoint: 4200 ns, Total: 38601 ns
[883.110s][info ][safepoint      ] Safepoint "Cleanup", Time since last: 9000631375 ns, Reaching safepoint: 54301 ns, At safepoint: 4600 ns, Total: 58901 ns
[886.111s][info ][safepoint      ] Safepoint "Cleanup", Time since last: 3000210793 ns, Reaching safepoint: 56402 ns, At safepoint: 3000 ns, Total: 59402 ns
[888.111s][info ][safepoint      ] Safepoint "Cleanup", Time since last: 2000187597 ns, Reaching safepoint: 56301 ns, At safepoint: 10001 ns, Total: 66302 ns
[889.111s][info ][safepoint      ] Safepoint "Cleanup", Time since last: 1000085098 ns, Reaching safepoint: 53802 ns, At safepoint: 2900 ns, Total: 56702 ns
[895.112s][info ][safepoint      ] Safepoint "Cleanup", Time since last: 6000441493 ns, Reaching safepoint: 55901 ns, At safepoint: 11800 ns, Total: 67701 ns
[896.112s][info ][safepoint      ] Safepoint "Cleanup", Time since last: 1000107200 ns, Reaching safepoint: 53601 ns, At safepoint: 8401 ns, Total: 62002 ns
[906.113s][info ][safepoint      ] Safepoint "Cleanup", Time since last: 10000695798 ns, Reaching safepoint: 58301 ns, At safepoint: 8900 ns, Total: 67201 ns
[906.877s][info ][gc,start       ] GC(121) Pause Young (Allocation Failure)
[906.897s][debug][gc,phases      ] GC(121) Scavenge 19.734ms
[906.897s][debug][gc,ref         ] GC(121) Skipped phase 1 of Reference Processing: no references
[906.897s][debug][gc,ref         ] GC(121) ReferenceProcessor::execute queues: 1, RefProcThreadModel::Single, marks_oops_alive: false
[906.897s][debug][gc,ref         ] GC(121) Skipped phase 3 of Reference Processing: no references
[906.897s][debug][gc,ref         ] GC(121) ReferenceProcessor::execute queues: 1, RefProcThreadModel::Single, marks_oops_alive: false
[906.897s][debug][gc,phases      ] GC(121) Reference Processing 0.132ms
[906.898s][debug][gc,phases      ] GC(121)   VM Weak                        Min:  0.0, Avg:  0.0, Max:  0.0, Diff:  0.0, Sum:  0.0, Workers: 4
[906.898s][debug][gc,phases      ] GC(121)     Dead                           Min: 0, Avg:  0.0, Max: 0, Diff: 0, Sum: 0, Workers: 4
[906.898s][debug][gc,phases      ] GC(121)     Total                          Min: 0, Avg: 178.8, Max: 640, Diff: 640, Sum: 715, Workers: 4
[906.898s][debug][gc,phases      ] GC(121)   ObjectSynchronizer Weak        Min:  0.0, Avg:  0.0, Max:  0.0, Diff:  0.0, Sum:  0.0, Workers: 4
[906.898s][debug][gc,phases      ] GC(121)     Dead                           Min: 0, Avg:  0.0, Max: 0, Diff: 0, Sum: 0, Workers: 4
[906.898s][debug][gc,phases      ] GC(121)     Total                          Min: 0, Avg: 77.8, Max: 247, Diff: 247, Sum: 311, Workers: 4
[906.898s][debug][gc,phases      ] GC(121)   JVMTI Tag Weak OopStorage      Min:  0.0, Avg:  0.0, Max:  0.0, Diff:  0.0, Sum:  0.0, Workers: 4
[906.898s][debug][gc,phases      ] GC(121)     Dead                           Min: 0, Avg:  0.0, Max: 0, Diff: 0, Sum: 0, Workers: 4
[906.898s][debug][gc,phases      ] GC(121)     Total                          Min: 0, Avg:  0.0, Max: 0, Diff: 0, Sum: 0, Workers: 4
[906.898s][debug][gc,phases      ] GC(121)   StringTable Weak               Min:  0.1, Avg:  0.1, Max:  0.1, Diff:  0.0, Sum:  0.5, Workers: 4
[906.898s][debug][gc,phases      ] GC(121)     Dead                           Min: 0, Avg:  0.2, Max: 1, Diff: 1, Sum: 1, Workers: 4
[906.898s][debug][gc,phases      ] GC(121)     Total                          Min: 11008, Avg: 12119.5, Max: 12766, Diff: 1758, Sum: 48478, Workers: 4
[906.898s][debug][gc,phases      ] GC(121)   ResolvedMethodTable Weak       Min:  0.0, Avg:  0.0, Max:  0.0, Diff:  0.0, Sum:  0.1, Workers: 4
[906.898s][debug][gc,phases      ] GC(121)     Dead                           Min: 0, Avg:  0.0, Max: 0, Diff: 0, Sum: 0, Workers: 4
[906.898s][debug][gc,phases      ] GC(121)     Total                          Min: 1664, Avg: 2097.8, Max: 2432, Diff: 768, Sum: 8391, Workers: 4
[906.898s][debug][gc,phases      ] GC(121)   JNI Weak                       Min:  0.0, Avg:  0.0, Max:  0.0, Diff:  0.0, Sum:  0.0, Workers: 4
[906.898s][debug][gc,phases      ] GC(121)     Dead                           Min: 0, Avg:  0.0, Max: 0, Diff: 0, Sum: 0, Workers: 4
[906.898s][debug][gc,phases      ] GC(121)     Total                          Min: 0, Avg:  0.0, Max: 0, Diff: 0, Sum: 0, Workers: 4
[906.898s][debug][gc,phases      ] GC(121)   StringDedup Table Weak         Min:  0.0, Avg:  0.0, Max:  0.0, Diff:  0.0, Sum:  0.0, Workers: 4
[906.898s][debug][gc,phases      ] GC(121)     Dead                           Min: 0, Avg:  0.0, Max: 0, Diff: 0, Sum: 0, Workers: 4
[906.898s][debug][gc,phases      ] GC(121)     Total                          Min: 0, Avg:  0.0, Max: 0, Diff: 0, Sum: 0, Workers: 4
[906.898s][debug][gc,phases      ] GC(121)   StringDedup Requests0 Weak     Min:  0.0, Avg:  0.0, Max:  0.0, Diff:  0.0, Sum:  0.0, Workers: 4
[906.898s][debug][gc,phases      ] GC(121)     Dead                           Min: 0, Avg:  0.0, Max: 0, Diff: 0, Sum: 0, Workers: 4
[906.898s][debug][gc,phases      ] GC(121)     Total                          Min: 0, Avg:  0.0, Max: 0, Diff: 0, Sum: 0, Workers: 4
[906.898s][debug][gc,phases      ] GC(121)   StringDedup Requests1 Weak     Min:  0.0, Avg:  0.0, Max:  0.0, Diff:  0.0, Sum:  0.0, Workers: 4
[906.898s][debug][gc,phases      ] GC(121)     Dead                           Min: 0, Avg:  0.0, Max: 0, Diff: 0, Sum: 0, Workers: 4
[906.898s][debug][gc,phases      ] GC(121)     Total                          Min: 0, Avg:  0.0, Max: 0, Diff: 0, Sum: 0, Workers: 4
[906.898s][debug][gc,phases      ] GC(121)   Weak JFR Old Object Samples    Min:  0.0, Avg:  0.0, Max:  0.0, Diff:  0.0, Sum:  0.0, Workers: 4
[906.898s][debug][gc,phases      ] GC(121)     Dead                           Min: 0, Avg:  0.0, Max: 0, Diff: 0, Sum: 0, Workers: 4
[906.898s][debug][gc,phases      ] GC(121)     Total                          Min: 0, Avg:  0.0, Max: 0, Diff: 0, Sum: 0, Workers: 4
[906.898s][debug][gc,phases      ] GC(121) Weak Processing 0.328ms
[906.898s][debug][gc,age         ] GC(121) Desired survivor size 141033472 bytes, new threshold 15 (max threshold 15)
[906.898s][info ][gc,heap        ] GC(121) PSYoungGen: 1863297K(1937408K)->77632K(1959424K) Eden: 1785856K(1785856K)->0K(1815040K) From: 77441K(151552K)->77632K(144384K)
[906.898s][info ][gc,heap        ] GC(121) ParOldGen: 494726K(518656K)->495087K(518656K)
[906.898s][info ][gc,metaspace   ] GC(121) Metaspace: 84169K(85056K)->84169K(85056K) NonClass: 72418K(72896K)->72418K(72896K) Class: 11750K(12160K)->11750K(12160K)
[906.898s][info ][gc             ] GC(121) Pause Young (Allocation Failure) 2302M->559M(2420M) 20.326ms
[906.898s][info ][gc,cpu         ] GC(121) User=0.08s Sys=0.00s Real=0.02s
[906.898s][info ][safepoint      ] Safepoint "ParallelGCFailedAllocation", Time since last: 764689493 ns, Reaching safepoint: 97702 ns, At safepoint: 20416544 ns, Total: 20514246 ns
[910.898s][info ][safepoint      ] Safepoint "Cleanup", Time since last: 4000280202 ns, Reaching safepoint: 43101 ns, At safepoint: 9201 ns, Total: 52302 ns
[920.899s][info ][safepoint      ] Safepoint "Cleanup", Time since last: 10000991321 ns, Reaching safepoint: 65902 ns, At safepoint: 8800 ns, Total: 74702 ns
[925.902s][info ][safepoint      ] Safepoint "Cleanup", Time since last: 5002743464 ns, Reaching safepoint: 49001 ns, At safepoint: 4400 ns, Total: 53401 ns
[928.902s][info ][safepoint      ] Safepoint "Cleanup", Time since last: 3000201408 ns, Reaching safepoint: 58002 ns, At safepoint: 12300 ns, Total: 70302 ns
[929.902s][info ][safepoint      ] Safepoint "Cleanup", Time since last: 1000122104 ns, Reaching safepoint: 54001 ns, At safepoint: 3700 ns, Total: 57701 ns
[930.903s][info ][safepoint      ] Safepoint "Cleanup", Time since last: 1000125105 ns, Reaching safepoint: 52801 ns, At safepoint: 6400 ns, Total: 59201 ns
[931.903s][info ][safepoint      ] Safepoint "Cleanup", Time since last: 1000173805 ns, Reaching safepoint: 58002 ns, At safepoint: 4700 ns, Total: 62702 ns
[933.903s][info ][safepoint      ] Safepoint "Cleanup", Time since last: 2000181908 ns, Reaching safepoint: 78501 ns, At safepoint: 10000 ns, Total: 88501 ns
[934.903s][info ][safepoint      ] Safepoint "Cleanup", Time since last: 1000113205 ns, Reaching safepoint: 63301 ns, At safepoint: 4800 ns, Total: 68101 ns
[935.903s][info ][safepoint      ] Safepoint "Cleanup", Time since last: 1000117105 ns, Reaching safepoint: 42901 ns, At safepoint: 3300 ns, Total: 46201 ns
[936.904s][info ][safepoint      ] Safepoint "Cleanup", Time since last: 1000111405 ns, Reaching safepoint: 59901 ns, At safepoint: 7900 ns, Total: 67801 ns
[940.904s][info ][safepoint      ] Safepoint "Cleanup", Time since last: 4000312917 ns, Reaching safepoint: 55902 ns, At safepoint: 12000 ns, Total: 67902 ns
[941.904s][info ][safepoint      ] Safepoint "Cleanup", Time since last: 1000123005 ns, Reaching safepoint: 55802 ns, At safepoint: 7800 ns, Total: 63602 ns
[942.904s][info ][safepoint      ] Safepoint "Cleanup", Time since last: 1000137006 ns, Reaching safepoint: 57801 ns, At safepoint: 3100 ns, Total: 60901 ns
[943.905s][info ][safepoint      ] Safepoint "Cleanup", Time since last: 1000131206 ns, Reaching safepoint: 51501 ns, At safepoint: 2800 ns, Total: 54301 ns
[945.905s][info ][safepoint      ] Safepoint "Cleanup", Time since last: 2000199911 ns, Reaching safepoint: 62101 ns, At safepoint: 6000 ns, Total: 68101 ns
[947.180s][info ][gc,start       ] GC(122) Pause Young (Allocation Failure)
[947.198s][debug][gc,phases      ] GC(122) Scavenge 18.054ms
[947.198s][debug][gc,ref         ] GC(122) Skipped phase 1 of Reference Processing: no references
[947.198s][debug][gc,ref         ] GC(122) ReferenceProcessor::execute queues: 1, RefProcThreadModel::Single, marks_oops_alive: false
[947.198s][debug][gc,ref         ] GC(122) Skipped phase 3 of Reference Processing: no references
[947.198s][debug][gc,ref         ] GC(122) ReferenceProcessor::execute queues: 1, RefProcThreadModel::Single, marks_oops_alive: false
[947.198s][debug][gc,phases      ] GC(122) Reference Processing 0.151ms
[947.198s][debug][gc,phases      ] GC(122)   VM Weak                        Min:  0.0, Avg:  0.0, Max:  0.0, Diff:  0.0, Sum:  0.0, Workers: 4
[947.198s][debug][gc,phases      ] GC(122)     Dead                           Min: 0, Avg:  0.0, Max: 0, Diff: 0, Sum: 0, Workers: 4
[947.198s][debug][gc,phases      ] GC(122)     Total                          Min: 0, Avg: 178.8, Max: 651, Diff: 651, Sum: 715, Workers: 4
[947.198s][debug][gc,phases      ] GC(122)   ObjectSynchronizer Weak        Min:  0.0, Avg:  0.0, Max:  0.0, Diff:  0.0, Sum:  0.0, Workers: 4
[947.198s][debug][gc,phases      ] GC(122)     Dead                           Min: 0, Avg:  0.0, Max: 0, Diff: 0, Sum: 0, Workers: 4
[947.198s][debug][gc,phases      ] GC(122)     Total                          Min: 0, Avg: 77.8, Max: 183, Diff: 183, Sum: 311, Workers: 4
[947.198s][debug][gc,phases      ] GC(122)   JVMTI Tag Weak OopStorage      Min:  0.0, Avg:  0.0, Max:  0.0, Diff:  0.0, Sum:  0.0, Workers: 4
[947.198s][debug][gc,phases      ] GC(122)     Dead                           Min: 0, Avg:  0.0, Max: 0, Diff: 0, Sum: 0, Workers: 4
[947.198s][debug][gc,phases      ] GC(122)     Total                          Min: 0, Avg:  0.0, Max: 0, Diff: 0, Sum: 0, Workers: 4
[947.198s][debug][gc,phases      ] GC(122)   StringTable Weak               Min:  0.1, Avg:  0.1, Max:  0.1, Diff:  0.0, Sum:  0.5, Workers: 4
[947.198s][debug][gc,phases      ] GC(122)     Dead                           Min: 0, Avg:  0.0, Max: 0, Diff: 0, Sum: 0, Workers: 4
[947.198s][debug][gc,phases      ] GC(122)     Total                          Min: 11299, Avg: 12120.8, Max: 12672, Diff: 1373, Sum: 48483, Workers: 4
[947.198s][debug][gc,phases      ] GC(122)   ResolvedMethodTable Weak       Min:  0.0, Avg:  0.0, Max:  0.0, Diff:  0.0, Sum:  0.1, Workers: 4
[947.198s][debug][gc,phases      ] GC(122)     Dead                           Min: 0, Avg:  0.0, Max: 0, Diff: 0, Sum: 0, Workers: 4
[947.198s][debug][gc,phases      ] GC(122)     Total                          Min: 1920, Avg: 2099.8, Max: 2496, Diff: 576, Sum: 8399, Workers: 4
[947.198s][debug][gc,phases      ] GC(122)   JNI Weak                       Min:  0.0, Avg:  0.0, Max:  0.0, Diff:  0.0, Sum:  0.0, Workers: 4
[947.198s][debug][gc,phases      ] GC(122)     Dead                           Min: 0, Avg:  0.0, Max: 0, Diff: 0, Sum: 0, Workers: 4
[947.198s][debug][gc,phases      ] GC(122)     Total                          Min: 0, Avg:  0.0, Max: 0, Diff: 0, Sum: 0, Workers: 4
[947.198s][debug][gc,phases      ] GC(122)   StringDedup Table Weak         Min:  0.0, Avg:  0.0, Max:  0.0, Diff:  0.0, Sum:  0.0, Workers: 4
[947.198s][debug][gc,phases      ] GC(122)     Dead                           Min: 0, Avg:  0.0, Max: 0, Diff: 0, Sum: 0, Workers: 4
[947.198s][debug][gc,phases      ] GC(122)     Total                          Min: 0, Avg:  0.0, Max: 0, Diff: 0, Sum: 0, Workers: 4
[947.198s][debug][gc,phases      ] GC(122)   StringDedup Requests0 Weak     Min:  0.0, Avg:  0.0, Max:  0.0, Diff:  0.0, Sum:  0.0, Workers: 4
[947.198s][debug][gc,phases      ] GC(122)     Dead                           Min: 0, Avg:  0.0, Max: 0, Diff: 0, Sum: 0, Workers: 4
[947.198s][debug][gc,phases      ] GC(122)     Total                          Min: 0, Avg:  0.0, Max: 0, Diff: 0, Sum: 0, Workers: 4
[947.198s][debug][gc,phases      ] GC(122)   StringDedup Requests1 Weak     Min:  0.0, Avg:  0.0, Max:  0.0, Diff:  0.0, Sum:  0.0, Workers: 4
[947.198s][debug][gc,phases      ] GC(122)     Dead                           Min: 0, Avg:  0.0, Max: 0, Diff: 0, Sum: 0, Workers: 4
[947.198s][debug][gc,phases      ] GC(122)     Total                          Min: 0, Avg:  0.0, Max: 0, Diff: 0, Sum: 0, Workers: 4
[947.198s][debug][gc,phases      ] GC(122)   Weak JFR Old Object Samples    Min:  0.0, Avg:  0.0, Max:  0.0, Diff:  0.0, Sum:  0.0, Workers: 4
[947.198s][debug][gc,phases      ] GC(122)     Dead                           Min: 0, Avg:  0.0, Max: 0, Diff: 0, Sum: 0, Workers: 4
[947.198s][debug][gc,phases      ] GC(122)     Total                          Min: 0, Avg:  0.0, Max: 0, Diff: 0, Sum: 0, Workers: 4
[947.198s][debug][gc,phases      ] GC(122) Weak Processing 0.322ms
[947.198s][debug][gc,age         ] GC(122) Desired survivor size 134742016 bytes, new threshold 15 (max threshold 15)
[947.198s][info ][gc,heap        ] GC(122) PSYoungGen: 1892672K(1959424K)->76816K(1952768K) Eden: 1815040K(1815040K)->0K(1815040K) From: 77632K(144384K)->76816K(137728K)
[947.198s][info ][gc,heap        ] GC(122) ParOldGen: 495087K(518656K)->495759K(518656K)
[947.198s][info ][gc,metaspace   ] GC(122) Metaspace: 84189K(85056K)->84189K(85056K) NonClass: 72436K(72896K)->72436K(72896K) Class: 11753K(12160K)->11753K(12160K)
[947.198s][info ][gc             ] GC(122) Pause Young (Allocation Failure) 2331M->559M(2413M) 18.690ms
[947.198s][info ][gc,cpu         ] GC(122) User=0.07s Sys=0.00s Real=0.02s
[947.198s][info ][safepoint      ] Safepoint "ParallelGCFailedAllocation", Time since last: 1274766667 ns, Reaching safepoint: 44201 ns, At safepoint: 18775008 ns, Total: 18819209 ns
[951.199s][info ][safepoint      ] Safepoint "Cleanup", Time since last: 4000283120 ns, Reaching safepoint: 51701 ns, At safepoint: 2701 ns, Total: 54402 ns
[953.199s][info ][safepoint      ] Safepoint "Cleanup", Time since last: 2000163711 ns, Reaching safepoint: 51301 ns, At safepoint: 7500 ns, Total: 58801 ns
[954.199s][info ][safepoint      ] Safepoint "Cleanup", Time since last: 1000057906 ns, Reaching safepoint: 55501 ns, At safepoint: 3100 ns, Total: 58601 ns
[955.199s][info ][safepoint      ] Safepoint "Cleanup", Time since last: 1000111207 ns, Reaching safepoint: 47101 ns, At safepoint: 6200 ns, Total: 53301 ns
[956.199s][info ][safepoint      ] Safepoint "Cleanup", Time since last: 1000109107 ns, Reaching safepoint: 48401 ns, At safepoint: 6500 ns, Total: 54901 ns
[958.200s][info ][safepoint      ] Safepoint "Cleanup", Time since last: 2000178213 ns, Reaching safepoint: 66001 ns, At safepoint: 3900 ns, Total: 69901 ns
[959.200s][info ][safepoint      ] Safepoint "Cleanup", Time since last: 1000121507 ns, Reaching safepoint: 57902 ns, At safepoint: 10700 ns, Total: 68602 ns
[960.200s][info ][safepoint      ] Safepoint "Cleanup", Time since last: 1000106107 ns, Reaching safepoint: 47901 ns, At safepoint: 3000 ns, Total: 50901 ns
[961.201s][info ][safepoint      ] Safepoint "Cleanup", Time since last: 1000335112 ns, Reaching safepoint: 127803 ns, At safepoint: 26901 ns, Total: 154704 ns
[963.201s][info ][safepoint      ] Safepoint "Cleanup", Time since last: 2000183714 ns, Reaching safepoint: 61601 ns, At safepoint: 9700 ns, Total: 71301 ns
[965.201s][info ][safepoint      ] Safepoint "Cleanup", Time since last: 2000175714 ns, Reaching safepoint: 57602 ns, At safepoint: 8300 ns, Total: 65902 ns
[967.201s][info ][safepoint      ] Safepoint "Cleanup", Time since last: 2000182315 ns, Reaching safepoint: 46901 ns, At safepoint: 4100 ns, Total: 51001 ns
[970.202s][info ][safepoint      ] Safepoint "Cleanup", Time since last: 3000240722 ns, Reaching safepoint: 71002 ns, At safepoint: 10100 ns, Total: 81102 ns
[971.202s][info ][safepoint      ] Safepoint "Cleanup", Time since last: 1000116908 ns, Reaching safepoint: 69102 ns, At safepoint: 4000 ns, Total: 73102 ns
[973.202s][info ][safepoint      ] Safepoint "Cleanup", Time since last: 2000195416 ns, Reaching safepoint: 62202 ns, At safepoint: 10500 ns, Total: 72702 ns
[974.903s][info ][safepoint      ] Safepoint "Cleanup", Time since last: 1701073824 ns, Reaching safepoint: 151303 ns, At safepoint: 9000 ns, Total: 160303 ns
[975.903s][info ][safepoint      ] Safepoint "Cleanup", Time since last: 1000120309 ns, Reaching safepoint: 68102 ns, At safepoint: 8300 ns, Total: 76402 ns
[976.904s][info ][safepoint      ] Safepoint "Cleanup", Time since last: 1000112209 ns, Reaching safepoint: 63501 ns, At safepoint: 3100 ns, Total: 66601 ns
[977.904s][info ][safepoint      ] Safepoint "Cleanup", Time since last: 1000107909 ns, Reaching safepoint: 77402 ns, At safepoint: 13300 ns, Total: 90702 ns
[978.904s][info ][safepoint      ] Safepoint "Cleanup", Time since last: 1000096309 ns, Reaching safepoint: 78502 ns, At safepoint: 12500 ns, Total: 91002 ns
[979.904s][info ][safepoint      ] Safepoint "Cleanup", Time since last: 1000098209 ns, Reaching safepoint: 55101 ns, At safepoint: 10600 ns, Total: 65701 ns
[981.199s][info ][safepoint      ] Safepoint "ParallelGCFailedAllocation", Time since last: 1294330096 ns, Reaching safepoint: 107302 ns, At safepoint: 19001 ns, Total: 126303 ns
[981.199s][info ][gc,start       ] GC(123) Pause Young (GCLocker Initiated GC)
[981.219s][debug][gc,phases      ] GC(123) Scavenge 20.554ms
[981.219s][debug][gc,ref         ] GC(123) Skipped phase 1 of Reference Processing: no references
[981.220s][debug][gc,ref         ] GC(123) ReferenceProcessor::execute queues: 1, RefProcThreadModel::Single, marks_oops_alive: false
[981.220s][debug][gc,ref         ] GC(123) Skipped phase 3 of Reference Processing: no references
[981.220s][debug][gc,ref         ] GC(123) ReferenceProcessor::execute queues: 1, RefProcThreadModel::Single, marks_oops_alive: false
[981.220s][debug][gc,phases      ] GC(123) Reference Processing 0.128ms
[981.220s][debug][gc,phases      ] GC(123)   VM Weak                        Min:  0.0, Avg:  0.0, Max:  0.0, Diff:  0.0, Sum:  0.0, Workers: 4
[981.220s][debug][gc,phases      ] GC(123)     Dead                           Min: 0, Avg:  0.0, Max: 0, Diff: 0, Sum: 0, Workers: 4
[981.220s][debug][gc,phases      ] GC(123)     Total                          Min: 0, Avg: 180.0, Max: 528, Diff: 528, Sum: 720, Workers: 4
[981.220s][debug][gc,phases      ] GC(123)   ObjectSynchronizer Weak        Min:  0.0, Avg:  0.0, Max:  0.0, Diff:  0.0, Sum:  0.0, Workers: 4
[981.220s][debug][gc,phases      ] GC(123)     Dead                           Min: 0, Avg:  0.0, Max: 0, Diff: 0, Sum: 0, Workers: 4
[981.220s][debug][gc,phases      ] GC(123)     Total                          Min: 0, Avg: 77.8, Max: 192, Diff: 192, Sum: 311, Workers: 4
[981.220s][debug][gc,phases      ] GC(123)   JVMTI Tag Weak OopStorage      Min:  0.0, Avg:  0.0, Max:  0.0, Diff:  0.0, Sum:  0.0, Workers: 4
[981.220s][debug][gc,phases      ] GC(123)     Dead                           Min: 0, Avg:  0.0, Max: 0, Diff: 0, Sum: 0, Workers: 4
[981.220s][debug][gc,phases      ] GC(123)     Total                          Min: 0, Avg:  0.0, Max: 0, Diff: 0, Sum: 0, Workers: 4
[981.220s][debug][gc,phases      ] GC(123)   StringTable Weak               Min:  0.1, Avg:  0.1, Max:  0.1, Diff:  0.0, Sum:  0.5, Workers: 4
[981.220s][debug][gc,phases      ] GC(123)     Dead                           Min: 0, Avg:  0.5, Max: 2, Diff: 2, Sum: 2, Workers: 4
[981.220s][debug][gc,phases      ] GC(123)     Total                          Min: 10752, Avg: 12130.5, Max: 13312, Diff: 2560, Sum: 48522, Workers: 4
[981.220s][debug][gc,phases      ] GC(123)   ResolvedMethodTable Weak       Min:  0.0, Avg:  0.0, Max:  0.0, Diff:  0.0, Sum:  0.1, Workers: 4
[981.220s][debug][gc,phases      ] GC(123)     Dead                           Min: 0, Avg:  0.0, Max: 0, Diff: 0, Sum: 0, Workers: 4
[981.220s][debug][gc,phases      ] GC(123)     Total                          Min: 1664, Avg: 2110.5, Max: 2368, Diff: 704, Sum: 8442, Workers: 4
[981.220s][debug][gc,phases      ] GC(123)   JNI Weak                       Min:  0.0, Avg:  0.0, Max:  0.0, Diff:  0.0, Sum:  0.0, Workers: 4
[981.220s][debug][gc,phases      ] GC(123)     Dead                           Min: 0, Avg:  0.0, Max: 0, Diff: 0, Sum: 0, Workers: 4
[981.220s][debug][gc,phases      ] GC(123)     Total                          Min: 0, Avg:  0.0, Max: 0, Diff: 0, Sum: 0, Workers: 4
[981.220s][debug][gc,phases      ] GC(123)   StringDedup Table Weak         Min:  0.0, Avg:  0.0, Max:  0.0, Diff:  0.0, Sum:  0.0, Workers: 4
[981.220s][debug][gc,phases      ] GC(123)     Dead                           Min: 0, Avg:  0.0, Max: 0, Diff: 0, Sum: 0, Workers: 4
[981.220s][debug][gc,phases      ] GC(123)     Total                          Min: 0, Avg:  0.0, Max: 0, Diff: 0, Sum: 0, Workers: 4
[981.220s][debug][gc,phases      ] GC(123)   StringDedup Requests0 Weak     Min:  0.0, Avg:  0.0, Max:  0.0, Diff:  0.0, Sum:  0.0, Workers: 4
[981.220s][debug][gc,phases      ] GC(123)     Dead                           Min: 0, Avg:  0.0, Max: 0, Diff: 0, Sum: 0, Workers: 4
[981.220s][debug][gc,phases      ] GC(123)     Total                          Min: 0, Avg:  0.0, Max: 0, Diff: 0, Sum: 0, Workers: 4
[981.220s][debug][gc,phases      ] GC(123)   StringDedup Requests1 Weak     Min:  0.0, Avg:  0.0, Max:  0.0, Diff:  0.0, Sum:  0.0, Workers: 4
[981.220s][debug][gc,phases      ] GC(123)     Dead                           Min: 0, Avg:  0.0, Max: 0, Diff: 0, Sum: 0, Workers: 4
[981.220s][debug][gc,phases      ] GC(123)     Total                          Min: 0, Avg:  0.0, Max: 0, Diff: 0, Sum: 0, Workers: 4
[981.220s][debug][gc,phases      ] GC(123)   Weak JFR Old Object Samples    Min:  0.0, Avg:  0.0, Max:  0.0, Diff:  0.0, Sum:  0.0, Workers: 4
[981.220s][debug][gc,phases      ] GC(123)     Dead                           Min: 0, Avg:  0.0, Max: 0, Diff: 0, Sum: 0, Workers: 4
[981.220s][debug][gc,phases      ] GC(123)     Total                          Min: 0, Avg:  0.0, Max: 0, Diff: 0, Sum: 0, Workers: 4
[981.220s][debug][gc,phases      ] GC(123) Weak Processing 0.380ms
[981.220s][debug][gc,age         ] GC(123) Desired survivor size 130023424 bytes, new threshold 15 (max threshold 15)
[981.220s][info ][gc,heap        ] GC(123) PSYoungGen: 1891854K(1952768K)->74400K(1970176K) Eden: 1815037K(1815040K)->0K(1838592K) From: 76816K(137728K)->74400K(131584K)
[981.220s][info ][gc,heap        ] GC(123) ParOldGen: 495887K(518656K)->499847K(518656K)
[981.220s][info ][gc,metaspace   ] GC(123) Metaspace: 84293K(85184K)->84293K(85184K) NonClass: 72521K(72960K)->72521K(72960K) Class: 11772K(12224K)->11772K(12224K)
[981.220s][info ][gc             ] GC(123) Pause Young (GCLocker Initiated GC) 2331M->560M(2430M) 21.196ms
[981.220s][info ][gc,cpu         ] GC(123) User=0.09s Sys=0.00s Real=0.02s
[981.220s][info ][safepoint      ] Safepoint "ParallelGCSystemGC", Time since last: 74701 ns, Reaching safepoint: 85002 ns, At safepoint: 21277762 ns, Total: 21362764 ns
[982.220s][info ][safepoint      ] Safepoint "Cleanup", Time since last: 1000086809 ns, Reaching safepoint: 62801 ns, At safepoint: 10101 ns, Total: 72902 ns
[983.220s][info ][safepoint      ] Safepoint "Cleanup", Time since last: 1000137710 ns, Reaching safepoint: 57001 ns, At safepoint: 7400 ns, Total: 64401 ns
[984.221s][info ][safepoint      ] Safepoint "Cleanup", Time since last: 1000107510 ns, Reaching safepoint: 60801 ns, At safepoint: 12100 ns, Total: 72901 ns
[985.221s][info ][safepoint      ] Safepoint "Cleanup", Time since last: 1000111410 ns, Reaching safepoint: 54801 ns, At safepoint: 7900 ns, Total: 62701 ns
[986.221s][info ][safepoint      ] Safepoint "Cleanup", Time since last: 1000112210 ns, Reaching safepoint: 59701 ns, At safepoint: 14401 ns, Total: 74102 ns
[987.221s][info ][safepoint      ] Safepoint "Cleanup", Time since last: 1000107610 ns, Reaching safepoint: 41800 ns, At safepoint: 7301 ns, Total: 49101 ns
[988.221s][info ][safepoint      ] Safepoint "Cleanup", Time since last: 1000088109 ns, Reaching safepoint: 43501 ns, At safepoint: 2700 ns, Total: 46201 ns
[989.221s][info ][safepoint      ] Safepoint "Cleanup", Time since last: 1000109510 ns, Reaching safepoint: 70802 ns, At safepoint: 6900 ns, Total: 77702 ns
[990.222s][info ][safepoint      ] Safepoint "Cleanup", Time since last: 1000113710 ns, Reaching safepoint: 73702 ns, At safepoint: 2800 ns, Total: 76502 ns
[992.222s][info ][safepoint      ] Safepoint "Cleanup", Time since last: 2000179120 ns, Reaching safepoint: 56101 ns, At safepoint: 5300 ns, Total: 61401 ns
[994.222s][info ][safepoint      ] Safepoint "Cleanup", Time since last: 2000171320 ns, Reaching safepoint: 59401 ns, At safepoint: 2600 ns, Total: 62001 ns
[995.222s][info ][safepoint      ] Safepoint "Cleanup", Time since last: 1000110311 ns, Reaching safepoint: 54101 ns, At safepoint: 3900 ns, Total: 58001 ns
[996.222s][info ][safepoint      ] Safepoint "Cleanup", Time since last: 1000112111 ns, Reaching safepoint: 61801 ns, At safepoint: 8000 ns, Total: 69801 ns
[997.223s][info ][safepoint      ] Safepoint "Cleanup", Time since last: 1000109811 ns, Reaching safepoint: 52301 ns, At safepoint: 7201 ns, Total: 59502 ns
[999.223s][info ][safepoint      ] Safepoint "Cleanup", Time since last: 2000179221 ns, Reaching safepoint: 52801 ns, At safepoint: 5200 ns, Total: 58001 ns
[1001.223s][info ][safepoint      ] Safepoint "Cleanup", Time since last: 2000188822 ns, Reaching safepoint: 43701 ns, At safepoint: 3300 ns, Total: 47001 ns
[1002.223s][info ][safepoint      ] Safepoint "Cleanup", Time since last: 1000132912 ns, Reaching safepoint: 63801 ns, At safepoint: 11200 ns, Total: 75001 ns
[1003.224s][info ][safepoint      ] Safepoint "Cleanup", Time since last: 1000122412 ns, Reaching safepoint: 57501 ns, At safepoint: 4900 ns, Total: 62401 ns
[1009.224s][info ][safepoint      ] Safepoint "Cleanup", Time since last: 6000458267 ns, Reaching safepoint: 54701 ns, At safepoint: 8100 ns, Total: 62801 ns
[1012.224s][info ][safepoint      ] Safepoint "Cleanup", Time since last: 3000203334 ns, Reaching safepoint: 50501 ns, At safepoint: 3700 ns, Total: 54201 ns
[1014.225s][info ][safepoint      ] Safepoint "Cleanup", Time since last: 2000154023 ns, Reaching safepoint: 64602 ns, At safepoint: 46301 ns, Total: 110903 ns
[1015.225s][info ][safepoint      ] Safepoint "Cleanup", Time since last: 1000110412 ns, Reaching safepoint: 54101 ns, At safepoint: 4101 ns, Total: 58202 ns
[1016.427s][info ][gc,start       ] GC(124) Pause Young (Allocation Failure)
[1016.449s][debug][gc,phases      ] GC(124) Scavenge 21.752ms
[1016.449s][debug][gc,ref         ] GC(124) Skipped phase 1 of Reference Processing: no references
[1016.449s][debug][gc,ref         ] GC(124) ReferenceProcessor::execute queues: 1, RefProcThreadModel::Single, marks_oops_alive: false
[1016.449s][debug][gc,ref         ] GC(124) Skipped phase 3 of Reference Processing: no references
[1016.449s][debug][gc,ref         ] GC(124) ReferenceProcessor::execute queues: 1, RefProcThreadModel::Single, marks_oops_alive: false
[1016.449s][debug][gc,phases      ] GC(124) Reference Processing 0.117ms
[1016.449s][debug][gc,phases      ] GC(124)   VM Weak                        Min:  0.0, Avg:  0.0, Max:  0.0, Diff:  0.0, Sum:  0.0, Workers: 4
[1016.449s][debug][gc,phases      ] GC(124)     Dead                           Min: 0, Avg:  0.0, Max: 0, Diff: 0, Sum: 0, Workers: 4
[1016.449s][debug][gc,phases      ] GC(124)     Total                          Min: 0, Avg: 181.0, Max: 320, Diff: 320, Sum: 724, Workers: 4
[1016.449s][debug][gc,phases      ] GC(124)   ObjectSynchronizer Weak        Min:  0.0, Avg:  0.0, Max:  0.0, Diff:  0.0, Sum:  0.0, Workers: 4
[1016.449s][debug][gc,phases      ] GC(124)     Dead                           Min: 0, Avg:  0.0, Max: 0, Diff: 0, Sum: 0, Workers: 4
[1016.449s][debug][gc,phases      ] GC(124)     Total                          Min: 0, Avg: 77.8, Max: 128, Diff: 128, Sum: 311, Workers: 4
[1016.449s][debug][gc,phases      ] GC(124)   JVMTI Tag Weak OopStorage      Min:  0.0, Avg:  0.0, Max:  0.0, Diff:  0.0, Sum:  0.0, Workers: 4
[1016.449s][debug][gc,phases      ] GC(124)     Dead                           Min: 0, Avg:  0.0, Max: 0, Diff: 0, Sum: 0, Workers: 4
[1016.449s][debug][gc,phases      ] GC(124)     Total                          Min: 0, Avg:  0.0, Max: 0, Diff: 0, Sum: 0, Workers: 4
[1016.449s][debug][gc,phases      ] GC(124)   StringTable Weak               Min:  0.1, Avg:  0.1, Max:  0.1, Diff:  0.0, Sum:  0.5, Workers: 4
[1016.449s][debug][gc,phases      ] GC(124)     Dead                           Min: 0, Avg:  0.0, Max: 0, Diff: 0, Sum: 0, Workers: 4
[1016.449s][debug][gc,phases      ] GC(124)     Total                          Min: 11840, Avg: 12132.5, Max: 12416, Diff: 576, Sum: 48530, Workers: 4
[1016.449s][debug][gc,phases      ] GC(124)   ResolvedMethodTable Weak       Min:  0.0, Avg:  0.0, Max:  0.0, Diff:  0.0, Sum:  0.1, Workers: 4
[1016.449s][debug][gc,phases      ] GC(124)     Dead                           Min: 0, Avg:  0.0, Max: 0, Diff: 0, Sum: 0, Workers: 4
[1016.449s][debug][gc,phases      ] GC(124)     Total                          Min: 1920, Avg: 2113.0, Max: 2304, Diff: 384, Sum: 8452, Workers: 4
[1016.449s][debug][gc,phases      ] GC(124)   JNI Weak                       Min:  0.0, Avg:  0.0, Max:  0.0, Diff:  0.0, Sum:  0.0, Workers: 4
[1016.449s][debug][gc,phases      ] GC(124)     Dead                           Min: 0, Avg:  0.0, Max: 0, Diff: 0, Sum: 0, Workers: 4
[1016.449s][debug][gc,phases      ] GC(124)     Total                          Min: 0, Avg:  0.0, Max: 0, Diff: 0, Sum: 0, Workers: 4
[1016.449s][debug][gc,phases      ] GC(124)   StringDedup Table Weak         Min:  0.0, Avg:  0.0, Max:  0.0, Diff:  0.0, Sum:  0.0, Workers: 4
[1016.449s][debug][gc,phases      ] GC(124)     Dead                           Min: 0, Avg:  0.0, Max: 0, Diff: 0, Sum: 0, Workers: 4
[1016.449s][debug][gc,phases      ] GC(124)     Total                          Min: 0, Avg:  0.0, Max: 0, Diff: 0, Sum: 0, Workers: 4
[1016.449s][debug][gc,phases      ] GC(124)   StringDedup Requests0 Weak     Min:  0.0, Avg:  0.0, Max:  0.0, Diff:  0.0, Sum:  0.0, Workers: 4
[1016.449s][debug][gc,phases      ] GC(124)     Dead                           Min: 0, Avg:  0.0, Max: 0, Diff: 0, Sum: 0, Workers: 4
[1016.449s][debug][gc,phases      ] GC(124)     Total                          Min: 0, Avg:  0.0, Max: 0, Diff: 0, Sum: 0, Workers: 4
[1016.449s][debug][gc,phases      ] GC(124)   StringDedup Requests1 Weak     Min:  0.0, Avg:  0.0, Max:  0.0, Diff:  0.0, Sum:  0.0, Workers: 4
[1016.449s][debug][gc,phases      ] GC(124)     Dead                           Min: 0, Avg:  0.0, Max: 0, Diff: 0, Sum: 0, Workers: 4
[1016.449s][debug][gc,phases      ] GC(124)     Total                          Min: 0, Avg:  0.0, Max: 0, Diff: 0, Sum: 0, Workers: 4
[1016.449s][debug][gc,phases      ] GC(124)   Weak JFR Old Object Samples    Min:  0.0, Avg:  0.0, Max:  0.0, Diff:  0.0, Sum:  0.0, Workers: 4
[1016.449s][debug][gc,phases      ] GC(124)     Dead                           Min: 0, Avg:  0.0, Max: 0, Diff: 0, Sum: 0, Workers: 4
[1016.449s][debug][gc,phases      ] GC(124)     Total                          Min: 0, Avg:  0.0, Max: 0, Diff: 0, Sum: 0, Workers: 4
[1016.449s][debug][gc,phases      ] GC(124) Weak Processing 0.321ms
[1016.449s][debug][gc,age         ] GC(124) Desired survivor size 129499136 bytes, new threshold 15 (max threshold 15)
[1016.449s][info ][gc,heap        ] GC(124) PSYoungGen: 1912992K(1970176K)->48480K(1965568K) Eden: 1838592K(1838592K)->0K(1838592K) From: 74400K(131584K)->48480K(126976K)
[1016.449s][info ][gc,heap        ] GC(124) ParOldGen: 499850K(518656K)->529258K(529408K)
[1016.449s][info ][gc,metaspace   ] GC(124) Metaspace: 84352K(85248K)->84352K(85248K) NonClass: 72578K(73024K)->72578K(73024K) Class: 11774K(12224K)->11774K(12224K)
[1016.449s][info ][gc             ] GC(124) Pause Young (Allocation Failure) 2356M->564M(2436M) 22.334ms
[1016.449s][info ][gc,cpu         ] GC(124) User=0.08s Sys=0.00s Real=0.03s
[1016.449s][debug][gc,phases      ] GC(125) Pre Compact 0.010ms
[1016.449s][info ][gc,start       ] GC(125) Pause Full (Ergonomics)
[1016.449s][info ][gc,phases,start] GC(125) Marking Phase
[1016.617s][debug][gc,phases      ] GC(125) Par Mark 167.488ms
[1016.617s][debug][gc,ref         ] GC(125) Skipped phase 1 of Reference Processing: no references
[1016.617s][debug][gc,ref         ] GC(125) ReferenceProcessor::execute queues: 4, RefProcThreadModel::Multi, marks_oops_alive: false
[1016.618s][debug][gc,ref         ] GC(125) Skipped phase 3 of Reference Processing: no references
[1016.618s][debug][gc,ref         ] GC(125) ReferenceProcessor::execute queues: 1, RefProcThreadModel::Single, marks_oops_alive: false
[1016.618s][debug][gc,phases      ] GC(125) Reference Processing 0.618ms
[1016.618s][debug][gc,phases      ] GC(125)   VM Weak                        Min:  0.0, Avg:  0.0, Max:  0.0, Diff:  0.0, Sum:  0.0, Workers: 4
[1016.618s][debug][gc,phases      ] GC(125)     Dead                           Min: 0, Avg:  0.0, Max: 0, Diff: 0, Sum: 0, Workers: 4
[1016.618s][debug][gc,phases      ] GC(125)     Total                          Min: 0, Avg: 181.0, Max: 320, Diff: 320, Sum: 724, Workers: 4
[1016.618s][debug][gc,phases      ] GC(125)   ObjectSynchronizer Weak        Min:  0.0, Avg:  0.0, Max:  0.0, Diff:  0.0, Sum:  0.0, Workers: 4
[1016.618s][debug][gc,phases      ] GC(125)     Dead                           Min: 0, Avg:  0.0, Max: 0, Diff: 0, Sum: 0, Workers: 4
[1016.618s][debug][gc,phases      ] GC(125)     Total                          Min: 0, Avg: 77.8, Max: 128, Diff: 128, Sum: 311, Workers: 4
[1016.618s][debug][gc,phases      ] GC(125)   JVMTI Tag Weak OopStorage      Min:  0.0, Avg:  0.0, Max:  0.0, Diff:  0.0, Sum:  0.0, Workers: 4
[1016.618s][debug][gc,phases      ] GC(125)     Dead                           Min: 0, Avg:  0.0, Max: 0, Diff: 0, Sum: 0, Workers: 4
[1016.618s][debug][gc,phases      ] GC(125)     Total                          Min: 0, Avg:  0.0, Max: 0, Diff: 0, Sum: 0, Workers: 4
[1016.618s][debug][gc,phases      ] GC(125)   StringTable Weak               Min:  0.2, Avg:  0.2, Max:  0.2, Diff:  0.0, Sum:  0.7, Workers: 4
[1016.618s][debug][gc,phases      ] GC(125)     Dead                           Min: 0, Avg:  0.0, Max: 0, Diff: 0, Sum: 0, Workers: 4
[1016.618s][debug][gc,phases      ] GC(125)     Total                          Min: 11008, Avg: 12132.5, Max: 14144, Diff: 3136, Sum: 48530, Workers: 4
[1016.618s][debug][gc,phases      ] GC(125)   ResolvedMethodTable Weak       Min:  0.0, Avg:  0.0, Max:  0.0, Diff:  0.0, Sum:  0.1, Workers: 4
[1016.618s][debug][gc,phases      ] GC(125)     Dead                           Min: 0, Avg:  0.0, Max: 0, Diff: 0, Sum: 0, Workers: 4
[1016.618s][debug][gc,phases      ] GC(125)     Total                          Min: 1920, Avg: 2113.0, Max: 2560, Diff: 640, Sum: 8452, Workers: 4
[1016.618s][debug][gc,phases      ] GC(125)   JNI Weak                       Min:  0.0, Avg:  0.0, Max:  0.0, Diff:  0.0, Sum:  0.0, Workers: 4
[1016.618s][debug][gc,phases      ] GC(125)     Dead                           Min: 0, Avg:  0.0, Max: 0, Diff: 0, Sum: 0, Workers: 4
[1016.618s][debug][gc,phases      ] GC(125)     Total                          Min: 0, Avg:  0.0, Max: 0, Diff: 0, Sum: 0, Workers: 4
[1016.618s][debug][gc,phases      ] GC(125)   StringDedup Table Weak         Min:  0.0, Avg:  0.0, Max:  0.0, Diff:  0.0, Sum:  0.0, Workers: 4
[1016.618s][debug][gc,phases      ] GC(125)     Dead                           Min: 0, Avg:  0.0, Max: 0, Diff: 0, Sum: 0, Workers: 4
[1016.618s][debug][gc,phases      ] GC(125)     Total                          Min: 0, Avg:  0.0, Max: 0, Diff: 0, Sum: 0, Workers: 4
[1016.618s][debug][gc,phases      ] GC(125)   StringDedup Requests0 Weak     Min:  0.0, Avg:  0.0, Max:  0.0, Diff:  0.0, Sum:  0.0, Workers: 4
[1016.618s][debug][gc,phases      ] GC(125)     Dead                           Min: 0, Avg:  0.0, Max: 0, Diff: 0, Sum: 0, Workers: 4
[1016.618s][debug][gc,phases      ] GC(125)     Total                          Min: 0, Avg:  0.0, Max: 0, Diff: 0, Sum: 0, Workers: 4
[1016.618s][debug][gc,phases      ] GC(125)   StringDedup Requests1 Weak     Min:  0.0, Avg:  0.0, Max:  0.0, Diff:  0.0, Sum:  0.0, Workers: 4
[1016.618s][debug][gc,phases      ] GC(125)     Dead                           Min: 0, Avg:  0.0, Max: 0, Diff: 0, Sum: 0, Workers: 4
[1016.618s][debug][gc,phases      ] GC(125)     Total                          Min: 0, Avg:  0.0, Max: 0, Diff: 0, Sum: 0, Workers: 4
[1016.618s][debug][gc,phases      ] GC(125)   Weak JFR Old Object Samples    Min:  0.0, Avg:  0.0, Max:  0.0, Diff:  0.0, Sum:  0.0, Workers: 4
[1016.618s][debug][gc,phases      ] GC(125)     Dead                           Min: 0, Avg:  0.0, Max: 0, Diff: 0, Sum: 0, Workers: 4
[1016.618s][debug][gc,phases      ] GC(125)     Total                          Min: 0, Avg:  0.0, Max: 0, Diff: 0, Sum: 0, Workers: 4
[1016.618s][debug][gc,phases      ] GC(125) Weak Processing 0.402ms
[1016.618s][debug][gc,phases      ] GC(125) ClassLoaderData 0.095ms
[1016.618s][debug][gc,phases      ] GC(125) Trigger cleanups 0.000ms
[1016.638s][debug][gc,phases      ] GC(125) Class Unloading 20.091ms
[1016.638s][info ][gc,phases      ] GC(125) Marking Phase 188.795ms
[1016.638s][info ][gc,phases,start] GC(125) Summary Phase
[1016.638s][info ][gc,phases      ] GC(125) Summary Phase 0.011ms
[1016.638s][info ][gc,phases,start] GC(125) Adjust Roots
[1016.657s][info ][gc,phases      ] GC(125) Adjust Roots 18.657ms
[1016.657s][info ][gc,phases,start] GC(125) Compaction Phase
[1016.968s][info ][gc,phases      ] GC(125) Compaction Phase 310.991ms
[1016.968s][info ][gc,phases,start] GC(125) Post Compact
[1016.969s][info ][gc,phases      ] GC(125) Post Compact 1.604ms
[1016.970s][info ][gc,heap        ] GC(125) PSYoungGen: 48480K(1965568K)->4683K(1965568K) Eden: 0K(1838592K)->0K(1838592K) From: 48480K(126976K)->4683K(126976K)
[1016.970s][info ][gc,heap        ] GC(125) ParOldGen: 529258K(529408K)->529008K(621056K)
[1016.970s][info ][gc,metaspace   ] GC(125) Metaspace: 84352K(85248K)->84352K(85248K) NonClass: 72578K(73024K)->72578K(73024K) Class: 11774K(12224K)->11774K(12224K)
[1016.970s][info ][gc             ] GC(125) Pause Full (Ergonomics) 564M->521M(2526M) 520.390ms
[1016.970s][info ][gc,cpu         ] GC(125) User=1.95s Sys=0.01s Real=0.52s
[1016.970s][info ][safepoint      ] Safepoint "ParallelGCFailedAllocation", Time since last: 1202056197 ns, Reaching safepoint: 107102 ns, At safepoint: 542885186 ns, Total: 542992288 ns
[1017.970s][info ][safepoint      ] Safepoint "Cleanup", Time since last: 1000090812 ns, Reaching safepoint: 54102 ns, At safepoint: 4100 ns, Total: 58202 ns
[1018.970s][info ][safepoint      ] Safepoint "Cleanup", Time since last: 1000107913 ns, Reaching safepoint: 37100 ns, At safepoint: 2700 ns, Total: 39800 ns
[1024.971s][info ][safepoint      ] Safepoint "Cleanup", Time since last: 6000407874 ns, Reaching safepoint: 48602 ns, At safepoint: 10400 ns, Total: 59002 ns
[1030.971s][info ][safepoint      ] Safepoint "Cleanup", Time since last: 6000398277 ns, Reaching safepoint: 51801 ns, At safepoint: 5900 ns, Total: 57701 ns
[1031.971s][info ][safepoint      ] Safepoint "Cleanup", Time since last: 1000114814 ns, Reaching safepoint: 46401 ns, At safepoint: 7500 ns, Total: 53901 ns
[1037.972s][info ][safepoint      ] Safepoint "Cleanup", Time since last: 6000429182 ns, Reaching safepoint: 54801 ns, At safepoint: 8600 ns, Total: 63401 ns
[1039.972s][info ][safepoint      ] Safepoint "Cleanup", Time since last: 2000138128 ns, Reaching safepoint: 56701 ns, At safepoint: 8200 ns, Total: 64901 ns
[1041.972s][info ][safepoint      ] Safepoint "Cleanup", Time since last: 2000175029 ns, Reaching safepoint: 51601 ns, At safepoint: 2401 ns, Total: 54002 ns
[1042.972s][info ][safepoint      ] Safepoint "Cleanup", Time since last: 1000107115 ns, Reaching safepoint: 51401 ns, At safepoint: 2300 ns, Total: 53701 ns
[1044.972s][info ][safepoint      ] Safepoint "Cleanup", Time since last: 2000178729 ns, Reaching safepoint: 57802 ns, At safepoint: 5100 ns, Total: 62902 ns
[1047.973s][info ][safepoint      ] Safepoint "Cleanup", Time since last: 3000184143 ns, Reaching safepoint: 47601 ns, At safepoint: 3000 ns, Total: 50601 ns
[1048.973s][info ][safepoint      ] Safepoint "Cleanup", Time since last: 1000112516 ns, Reaching safepoint: 47101 ns, At safepoint: 4600 ns, Total: 51701 ns
[1050.973s][info ][safepoint      ] Safepoint "Cleanup", Time since last: 2000190530 ns, Reaching safepoint: 58802 ns, At safepoint: 11100 ns, Total: 69902 ns
[1051.973s][info ][safepoint      ] Safepoint "Cleanup", Time since last: 1000112216 ns, Reaching safepoint: 50301 ns, At safepoint: 2600 ns, Total: 52901 ns
[1053.137s][info ][gc,start       ] GC(126) Pause Young (Allocation Failure)
[1053.190s][debug][gc,phases      ] GC(126) Scavenge 53.013ms
[1053.190s][debug][gc,ref         ] GC(126) Skipped phase 1 of Reference Processing: no references
[1053.190s][debug][gc,ref         ] GC(126) ReferenceProcessor::execute queues: 1, RefProcThreadModel::Single, marks_oops_alive: false
[1053.190s][debug][gc,ref         ] GC(126) Skipped phase 3 of Reference Processing: no references
[1053.190s][debug][gc,ref         ] GC(126) Skipped phase 4 of Reference Processing: no references
[1053.190s][debug][gc,phases      ] GC(126) Reference Processing 0.098ms
[1053.190s][debug][gc,phases      ] GC(126)   VM Weak                        Min:  0.0, Avg:  0.0, Max:  0.0, Diff:  0.0, Sum:  0.0, Workers: 4
[1053.190s][debug][gc,phases      ] GC(126)     Dead                           Min: 0, Avg:  0.0, Max: 0, Diff: 0, Sum: 0, Workers: 4
[1053.190s][debug][gc,phases      ] GC(126)     Total                          Min: 0, Avg: 181.0, Max: 340, Diff: 340, Sum: 724, Workers: 4
[1053.190s][debug][gc,phases      ] GC(126)   ObjectSynchronizer Weak        Min:  0.0, Avg:  0.0, Max:  0.0, Diff:  0.0, Sum:  0.0, Workers: 4
[1053.190s][debug][gc,phases      ] GC(126)     Dead                           Min: 0, Avg:  0.0, Max: 0, Diff: 0, Sum: 0, Workers: 4
[1053.190s][debug][gc,phases      ] GC(126)     Total                          Min: 0, Avg: 77.8, Max: 183, Diff: 183, Sum: 311, Workers: 4
[1053.190s][debug][gc,phases      ] GC(126)   JVMTI Tag Weak OopStorage      Min:  0.0, Avg:  0.0, Max:  0.0, Diff:  0.0, Sum:  0.0, Workers: 4
[1053.190s][debug][gc,phases      ] GC(126)     Dead                           Min: 0, Avg:  0.0, Max: 0, Diff: 0, Sum: 0, Workers: 4
[1053.190s][debug][gc,phases      ] GC(126)     Total                          Min: 0, Avg:  0.0, Max: 0, Diff: 0, Sum: 0, Workers: 4
[1053.190s][debug][gc,phases      ] GC(126)   StringTable Weak               Min:  0.1, Avg:  0.1, Max:  0.1, Diff:  0.0, Sum:  0.4, Workers: 4
[1053.190s][debug][gc,phases      ] GC(126)     Dead                           Min: 0, Avg:  0.0, Max: 0, Diff: 0, Sum: 0, Workers: 4
[1053.190s][debug][gc,phases      ] GC(126)     Total                          Min: 10880, Avg: 12132.5, Max: 12800, Diff: 1920, Sum: 48530, Workers: 4
[1053.190s][debug][gc,phases      ] GC(126)   ResolvedMethodTable Weak       Min:  0.0, Avg:  0.0, Max:  0.0, Diff:  0.0, Sum:  0.1, Workers: 4
[1053.190s][debug][gc,phases      ] GC(126)     Dead                           Min: 0, Avg:  0.0, Max: 0, Diff: 0, Sum: 0, Workers: 4
[1053.190s][debug][gc,phases      ] GC(126)     Total                          Min: 1856, Avg: 2113.0, Max: 2436, Diff: 580, Sum: 8452, Workers: 4
[1053.190s][debug][gc,phases      ] GC(126)   JNI Weak                       Min:  0.0, Avg:  0.0, Max:  0.0, Diff:  0.0, Sum:  0.0, Workers: 4
[1053.190s][debug][gc,phases      ] GC(126)     Dead                           Min: 0, Avg:  0.0, Max: 0, Diff: 0, Sum: 0, Workers: 4
[1053.190s][debug][gc,phases      ] GC(126)     Total                          Min: 0, Avg:  0.0, Max: 0, Diff: 0, Sum: 0, Workers: 4
[1053.190s][debug][gc,phases      ] GC(126)   StringDedup Table Weak         Min:  0.0, Avg:  0.0, Max:  0.0, Diff:  0.0, Sum:  0.0, Workers: 4
[1053.190s][debug][gc,phases      ] GC(126)     Dead                           Min: 0, Avg:  0.0, Max: 0, Diff: 0, Sum: 0, Workers: 4
[1053.190s][debug][gc,phases      ] GC(126)     Total                          Min: 0, Avg:  0.0, Max: 0, Diff: 0, Sum: 0, Workers: 4
[1053.190s][debug][gc,phases      ] GC(126)   StringDedup Requests0 Weak     Min:  0.0, Avg:  0.0, Max:  0.0, Diff:  0.0, Sum:  0.0, Workers: 4
[1053.190s][debug][gc,phases      ] GC(126)     Dead                           Min: 0, Avg:  0.0, Max: 0, Diff: 0, Sum: 0, Workers: 4
[1053.190s][debug][gc,phases      ] GC(126)     Total                          Min: 0, Avg:  0.0, Max: 0, Diff: 0, Sum: 0, Workers: 4
[1053.190s][debug][gc,phases      ] GC(126)   StringDedup Requests1 Weak     Min:  0.0, Avg:  0.0, Max:  0.0, Diff:  0.0, Sum:  0.0, Workers: 4
[1053.190s][debug][gc,phases      ] GC(126)     Dead                           Min: 0, Avg:  0.0, Max: 0, Diff: 0, Sum: 0, Workers: 4
[1053.190s][debug][gc,phases      ] GC(126)     Total                          Min: 0, Avg:  0.0, Max: 0, Diff: 0, Sum: 0, Workers: 4
[1053.190s][debug][gc,phases      ] GC(126)   Weak JFR Old Object Samples    Min:  0.0, Avg:  0.0, Max:  0.0, Diff:  0.0, Sum:  0.0, Workers: 4
[1053.190s][debug][gc,phases      ] GC(126)     Dead                           Min: 0, Avg:  0.0, Max: 0, Diff: 0, Sum: 0, Workers: 4
[1053.190s][debug][gc,phases      ] GC(126)     Total                          Min: 0, Avg:  0.0, Max: 0, Diff: 0, Sum: 0, Workers: 4
[1053.190s][debug][gc,phases      ] GC(126) Weak Processing 0.309ms
[1053.190s][debug][gc,age         ] GC(126) Desired survivor size 135790592 bytes, new threshold 15 (max threshold 15)
[1053.190s][info ][gc,heap        ] GC(126) PSYoungGen: 1843275K(1965568K)->8896K(1958400K) Eden: 1838592K(1838592K)->0K(1831936K) From: 4683K(126976K)->8896K(126464K)
[1053.190s][info ][gc,heap        ] GC(126) ParOldGen: 529008K(621056K)->529040K(621056K)
[1053.190s][info ][gc,metaspace   ] GC(126) Metaspace: 84366K(85248K)->84366K(85248K) NonClass: 72591K(73024K)->72591K(73024K) Class: 11774K(12224K)->11774K(12224K)
[1053.190s][info ][gc             ] GC(126) Pause Young (Allocation Failure) 2316M->525M(2519M) 53.583ms
[1053.190s][info ][gc,cpu         ] GC(126) User=0.19s Sys=0.00s Real=0.05s
[1053.190s][info ][safepoint      ] Safepoint "ParallelGCFailedAllocation", Time since last: 1163323360 ns, Reaching safepoint: 50601 ns, At safepoint: 53670065 ns, Total: 53720666 ns
[1055.191s][info ][safepoint      ] Safepoint "Cleanup", Time since last: 2000147331 ns, Reaching safepoint: 44901 ns, At safepoint: 5900 ns, Total: 50801 ns
[1056.191s][info ][safepoint      ] Safepoint "Cleanup", Time since last: 1000104116 ns, Reaching safepoint: 127803 ns, At safepoint: 9500 ns, Total: 137303 ns
[1058.193s][info ][safepoint      ] Safepoint "Cleanup", Time since last: 2002632985 ns, Reaching safepoint: 54302 ns, At safepoint: 10800 ns, Total: 65102 ns
[1059.194s][info ][safepoint      ] Safepoint "Cleanup", Time since last: 1000107916 ns, Reaching safepoint: 45401 ns, At safepoint: 2800 ns, Total: 48201 ns
[1060.194s][info ][safepoint      ] Safepoint "Cleanup", Time since last: 1000107617 ns, Reaching safepoint: 42401 ns, At safepoint: 7400 ns, Total: 49801 ns
[1066.194s][info ][safepoint      ] Safepoint "Cleanup", Time since last: 6000423496 ns, Reaching safepoint: 52001 ns, At safepoint: 8000 ns, Total: 60001 ns
[1070.195s][info ][safepoint      ] Safepoint "Cleanup", Time since last: 4000313367 ns, Reaching safepoint: 41701 ns, At safepoint: 2800 ns, Total: 44501 ns
[1073.195s][info ][safepoint      ] Safepoint "Cleanup", Time since last: 3000248951 ns, Reaching safepoint: 59101 ns, At safepoint: 5500 ns, Total: 64601 ns
[1080.195s][info ][safepoint      ] Safepoint "Cleanup", Time since last: 7000418719 ns, Reaching safepoint: 60901 ns, At safepoint: 11800 ns, Total: 72701 ns
[1083.196s][info ][safepoint      ] Safepoint "Cleanup", Time since last: 3000239253 ns, Reaching safepoint: 54102 ns, At safepoint: 3800 ns, Total: 57902 ns
[1084.196s][info ][safepoint      ] Safepoint "Cleanup", Time since last: 1000114118 ns, Reaching safepoint: 50201 ns, At safepoint: 2700 ns, Total: 52901 ns
[1088.331s][info ][gc,start       ] GC(127) Pause Young (Allocation Failure)
[1088.337s][debug][gc,phases      ] GC(127) Scavenge 6.616ms
[1088.338s][debug][gc,ref         ] GC(127) Skipped phase 1 of Reference Processing: no references
[1088.338s][debug][gc,ref         ] GC(127) ReferenceProcessor::execute queues: 1, RefProcThreadModel::Single, marks_oops_alive: false
[1088.338s][debug][gc,ref         ] GC(127) Skipped phase 3 of Reference Processing: no references
[1088.338s][debug][gc,ref         ] GC(127) Skipped phase 4 of Reference Processing: no references
[1088.338s][debug][gc,phases      ] GC(127) Reference Processing 0.118ms
[1088.338s][debug][gc,phases      ] GC(127)   VM Weak                        Min:  0.0, Avg:  0.0, Max:  0.0, Diff:  0.0, Sum:  0.0, Workers: 4
[1088.338s][debug][gc,phases      ] GC(127)     Dead                           Min: 0, Avg:  0.0, Max: 0, Diff: 0, Sum: 0, Workers: 4
[1088.338s][debug][gc,phases      ] GC(127)     Total                          Min: 0, Avg: 181.0, Max: 512, Diff: 512, Sum: 724, Workers: 4
[1088.338s][debug][gc,phases      ] GC(127)   ObjectSynchronizer Weak        Min:  0.0, Avg:  0.0, Max:  0.0, Diff:  0.0, Sum:  0.0, Workers: 4
[1088.338s][debug][gc,phases      ] GC(127)     Dead                           Min: 0, Avg:  0.0, Max: 0, Diff: 0, Sum: 0, Workers: 4
[1088.338s][debug][gc,phases      ] GC(127)     Total                          Min: 0, Avg: 77.8, Max: 128, Diff: 128, Sum: 311, Workers: 4
[1088.338s][debug][gc,phases      ] GC(127)   JVMTI Tag Weak OopStorage      Min:  0.0, Avg:  0.0, Max:  0.0, Diff:  0.0, Sum:  0.0, Workers: 4
[1088.338s][debug][gc,phases      ] GC(127)     Dead                           Min: 0, Avg:  0.0, Max: 0, Diff: 0, Sum: 0, Workers: 4
[1088.338s][debug][gc,phases      ] GC(127)     Total                          Min: 0, Avg:  0.0, Max: 0, Diff: 0, Sum: 0, Workers: 4
[1088.338s][debug][gc,phases      ] GC(127)   StringTable Weak               Min:  0.1, Avg:  0.1, Max:  0.1, Diff:  0.0, Sum:  0.4, Workers: 4
[1088.338s][debug][gc,phases      ] GC(127)     Dead                           Min: 0, Avg:  0.0, Max: 0, Diff: 0, Sum: 0, Workers: 4
[1088.338s][debug][gc,phases      ] GC(127)     Total                          Min: 11584, Avg: 12135.0, Max: 12608, Diff: 1024, Sum: 48540, Workers: 4
[1088.338s][debug][gc,phases      ] GC(127)   ResolvedMethodTable Weak       Min:  0.0, Avg:  0.0, Max:  0.0, Diff:  0.0, Sum:  0.1, Workers: 4
[1088.338s][debug][gc,phases      ] GC(127)     Dead                           Min: 0, Avg:  0.0, Max: 0, Diff: 0, Sum: 0, Workers: 4
[1088.338s][debug][gc,phases      ] GC(127)     Total                          Min: 1728, Avg: 2113.0, Max: 2436, Diff: 708, Sum: 8452, Workers: 4
[1088.338s][debug][gc,phases      ] GC(127)   JNI Weak                       Min:  0.0, Avg:  0.0, Max:  0.0, Diff:  0.0, Sum:  0.0, Workers: 4
[1088.338s][debug][gc,phases      ] GC(127)     Dead                           Min: 0, Avg:  0.0, Max: 0, Diff: 0, Sum: 0, Workers: 4
[1088.338s][debug][gc,phases      ] GC(127)     Total                          Min: 0, Avg:  0.0, Max: 0, Diff: 0, Sum: 0, Workers: 4
[1088.338s][debug][gc,phases      ] GC(127)   StringDedup Table Weak         Min:  0.0, Avg:  0.0, Max:  0.0, Diff:  0.0, Sum:  0.0, Workers: 4
[1088.338s][debug][gc,phases      ] GC(127)     Dead                           Min: 0, Avg:  0.0, Max: 0, Diff: 0, Sum: 0, Workers: 4
[1088.338s][debug][gc,phases      ] GC(127)     Total                          Min: 0, Avg:  0.0, Max: 0, Diff: 0, Sum: 0, Workers: 4
[1088.338s][debug][gc,phases      ] GC(127)   StringDedup Requests0 Weak     Min:  0.0, Avg:  0.0, Max:  0.0, Diff:  0.0, Sum:  0.0, Workers: 4
[1088.338s][debug][gc,phases      ] GC(127)     Dead                           Min: 0, Avg:  0.0, Max: 0, Diff: 0, Sum: 0, Workers: 4
[1088.338s][debug][gc,phases      ] GC(127)     Total                          Min: 0, Avg:  0.0, Max: 0, Diff: 0, Sum: 0, Workers: 4
[1088.338s][debug][gc,phases      ] GC(127)   StringDedup Requests1 Weak     Min:  0.0, Avg:  0.0, Max:  0.0, Diff:  0.0, Sum:  0.0, Workers: 4
[1088.338s][debug][gc,phases      ] GC(127)     Dead                           Min: 0, Avg:  0.0, Max: 0, Diff: 0, Sum: 0, Workers: 4
[1088.338s][debug][gc,phases      ] GC(127)     Total                          Min: 0, Avg:  0.0, Max: 0, Diff: 0, Sum: 0, Workers: 4
[1088.338s][debug][gc,phases      ] GC(127)   Weak JFR Old Object Samples    Min:  0.0, Avg:  0.0, Max:  0.0, Diff:  0.0, Sum:  0.0, Workers: 4
[1088.338s][debug][gc,phases      ] GC(127)     Dead                           Min: 0, Avg:  0.0, Max: 0, Diff: 0, Sum: 0, Workers: 4
[1088.338s][debug][gc,phases      ] GC(127)     Total                          Min: 0, Avg:  0.0, Max: 0, Diff: 0, Sum: 0, Workers: 4
[1088.338s][debug][gc,phases      ] GC(127) Weak Processing 0.326ms
[1088.338s][debug][gc,age         ] GC(127) Desired survivor size 138936320 bytes, new threshold 15 (max threshold 15)
[1088.338s][info ][gc,heap        ] GC(127) PSYoungGen: 1840832K(1958400K)->9984K(1842176K) Eden: 1831936K(1831936K)->0K(1831936K) From: 8896K(126464K)->9984K(10240K)
[1088.338s][info ][gc,heap        ] GC(127) ParOldGen: 529040K(621056K)->529064K(621056K)
[1088.338s][info ][gc,metaspace   ] GC(127) Metaspace: 84380K(85312K)->84380K(85312K) NonClass: 72605K(73088K)->72605K(73088K) Class: 11775K(12224K)->11775K(12224K)
[1088.338s][info ][gc             ] GC(127) Pause Young (Allocation Failure) 2314M->526M(2405M) 7.201ms
[1088.338s][info ][gc,cpu         ] GC(127) User=0.02s Sys=0.01s Real=0.01s
[1088.338s][info ][safepoint      ] Safepoint "ParallelGCFailedAllocation", Time since last: 4134747392 ns, Reaching safepoint: 114103 ns, At safepoint: 7294958 ns, Total: 7409061 ns
[1092.338s][info ][safepoint      ] Safepoint "Cleanup", Time since last: 4000213772 ns, Reaching safepoint: 64701 ns, At safepoint: 8600 ns, Total: 73301 ns
[1095.339s][info ][safepoint      ] Safepoint "Cleanup", Time since last: 3000233656 ns, Reaching safepoint: 55302 ns, At safepoint: 6700 ns, Total: 62002 ns
[1096.339s][info ][safepoint      ] Safepoint "Cleanup", Time since last: 1000111619 ns, Reaching safepoint: 41601 ns, At safepoint: 3000 ns, Total: 44601 ns
[1099.339s][info ][safepoint      ] Safepoint "Cleanup", Time since last: 3000173756 ns, Reaching safepoint: 51201 ns, At safepoint: 7300 ns, Total: 58501 ns
[1102.339s][info ][safepoint      ] Safepoint "Cleanup", Time since last: 3000221958 ns, Reaching safepoint: 50201 ns, At safepoint: 8900 ns, Total: 59101 ns
[1111.340s][info ][safepoint      ] Safepoint "Cleanup", Time since last: 9000629076 ns, Reaching safepoint: 53401 ns, At safepoint: 7500 ns, Total: 60901 ns
[1112.340s][info ][safepoint      ] Safepoint "Cleanup", Time since last: 1000110421 ns, Reaching safepoint: 46301 ns, At safepoint: 5500 ns, Total: 51801 ns
[1116.341s][info ][safepoint      ] Safepoint "Cleanup", Time since last: 4000964496 ns, Reaching safepoint: 57401 ns, At safepoint: 5800 ns, Total: 63201 ns
[1117.341s][info ][safepoint      ] Safepoint "Cleanup", Time since last: 1000052320 ns, Reaching safepoint: 59601 ns, At safepoint: 11001 ns, Total: 70602 ns
[1118.341s][info ][safepoint      ] Safepoint "Cleanup", Time since last: 1000105221 ns, Reaching safepoint: 52001 ns, At safepoint: 2900 ns, Total: 54901 ns
[1121.342s][info ][safepoint      ] Safepoint "Cleanup", Time since last: 3000252863 ns, Reaching safepoint: 49901 ns, At safepoint: 10800 ns, Total: 60701 ns
[1123.342s][info ][safepoint      ] Safepoint "Cleanup", Time since last: 2000179442 ns, Reaching safepoint: 49401 ns, At safepoint: 1900 ns, Total: 51301 ns
[1124.342s][info ][safepoint      ] Safepoint "Cleanup", Time since last: 1000101622 ns, Reaching safepoint: 61301 ns, At safepoint: 7500 ns, Total: 68801 ns
[1125.100s][info ][safepoint      ] Safepoint "ParallelGCFailedAllocation", Time since last: 757193346 ns, Reaching safepoint: 117603 ns, At safepoint: 14800 ns, Total: 132403 ns
[1125.100s][info ][gc,start       ] GC(128) Pause Young (GCLocker Initiated GC)
[1125.109s][debug][gc,phases      ] GC(128) Scavenge 8.242ms
[1125.109s][debug][gc,ref         ] GC(128) Skipped phase 1 of Reference Processing: no references
[1125.109s][debug][gc,ref         ] GC(128) ReferenceProcessor::execute queues: 1, RefProcThreadModel::Single, marks_oops_alive: false
[1125.109s][debug][gc,ref         ] GC(128) Skipped phase 3 of Reference Processing: no references
[1125.109s][debug][gc,ref         ] GC(128) Skipped phase 4 of Reference Processing: no references
[1125.109s][debug][gc,phases      ] GC(128) Reference Processing 0.117ms
[1125.109s][debug][gc,phases      ] GC(128)   VM Weak                        Min:  0.0, Avg:  0.0, Max:  0.0, Diff:  0.0, Sum:  0.0, Workers: 4
[1125.109s][debug][gc,phases      ] GC(128)     Dead                           Min: 0, Avg:  0.0, Max: 0, Diff: 0, Sum: 0, Workers: 4
[1125.109s][debug][gc,phases      ] GC(128)     Total                          Min: 0, Avg: 181.0, Max: 448, Diff: 448, Sum: 724, Workers: 4
[1125.109s][debug][gc,phases      ] GC(128)   ObjectSynchronizer Weak        Min:  0.0, Avg:  0.0, Max:  0.0, Diff:  0.0, Sum:  0.0, Workers: 4
[1125.109s][debug][gc,phases      ] GC(128)     Dead                           Min: 0, Avg:  0.0, Max: 0, Diff: 0, Sum: 0, Workers: 4
[1125.109s][debug][gc,phases      ] GC(128)     Total                          Min: 55, Avg: 77.8, Max: 128, Diff: 73, Sum: 311, Workers: 4
[1125.109s][debug][gc,phases      ] GC(128)   JVMTI Tag Weak OopStorage      Min:  0.0, Avg:  0.0, Max:  0.0, Diff:  0.0, Sum:  0.0, Workers: 4
[1125.109s][debug][gc,phases      ] GC(128)     Dead                           Min: 0, Avg:  0.0, Max: 0, Diff: 0, Sum: 0, Workers: 4
[1125.109s][debug][gc,phases      ] GC(128)     Total                          Min: 0, Avg:  0.0, Max: 0, Diff: 0, Sum: 0, Workers: 4
[1125.109s][debug][gc,phases      ] GC(128)   StringTable Weak               Min:  0.1, Avg:  0.1, Max:  0.2, Diff:  0.0, Sum:  0.6, Workers: 4
[1125.109s][debug][gc,phases      ] GC(128)     Dead                           Min: 0, Avg:  0.0, Max: 0, Diff: 0, Sum: 0, Workers: 4
[1125.109s][debug][gc,phases      ] GC(128)     Total                          Min: 6400, Avg: 12135.0, Max: 14620, Diff: 8220, Sum: 48540, Workers: 4
[1125.109s][debug][gc,phases      ] GC(128)   ResolvedMethodTable Weak       Min:  0.0, Avg:  0.0, Max:  0.0, Diff:  0.0, Sum:  0.1, Workers: 4
[1125.109s][debug][gc,phases      ] GC(128)     Dead                           Min: 0, Avg:  0.0, Max: 0, Diff: 0, Sum: 0, Workers: 4
[1125.109s][debug][gc,phases      ] GC(128)     Total                          Min: 0, Avg: 2113.0, Max: 3200, Diff: 3200, Sum: 8452, Workers: 4
[1125.109s][debug][gc,phases      ] GC(128)   JNI Weak                       Min:  0.0, Avg:  0.0, Max:  0.0, Diff:  0.0, Sum:  0.0, Workers: 4
[1125.109s][debug][gc,phases      ] GC(128)     Dead                           Min: 0, Avg:  0.0, Max: 0, Diff: 0, Sum: 0, Workers: 4
[1125.109s][debug][gc,phases      ] GC(128)     Total                          Min: 0, Avg:  0.0, Max: 0, Diff: 0, Sum: 0, Workers: 4
[1125.109s][debug][gc,phases      ] GC(128)   StringDedup Table Weak         Min:  0.0, Avg:  0.0, Max:  0.0, Diff:  0.0, Sum:  0.0, Workers: 4
[1125.109s][debug][gc,phases      ] GC(128)     Dead                           Min: 0, Avg:  0.0, Max: 0, Diff: 0, Sum: 0, Workers: 4
[1125.109s][debug][gc,phases      ] GC(128)     Total                          Min: 0, Avg:  0.0, Max: 0, Diff: 0, Sum: 0, Workers: 4
[1125.109s][debug][gc,phases      ] GC(128)   StringDedup Requests0 Weak     Min:  0.0, Avg:  0.0, Max:  0.0, Diff:  0.0, Sum:  0.0, Workers: 4
[1125.109s][debug][gc,phases      ] GC(128)     Dead                           Min: 0, Avg:  0.0, Max: 0, Diff: 0, Sum: 0, Workers: 4
[1125.109s][debug][gc,phases      ] GC(128)     Total                          Min: 0, Avg:  0.0, Max: 0, Diff: 0, Sum: 0, Workers: 4
[1125.109s][debug][gc,phases      ] GC(128)   StringDedup Requests1 Weak     Min:  0.0, Avg:  0.0, Max:  0.0, Diff:  0.0, Sum:  0.0, Workers: 4
[1125.109s][debug][gc,phases      ] GC(128)     Dead                           Min: 0, Avg:  0.0, Max: 0, Diff: 0, Sum: 0, Workers: 4
[1125.109s][debug][gc,phases      ] GC(128)     Total                          Min: 0, Avg:  0.0, Max: 0, Diff: 0, Sum: 0, Workers: 4
[1125.109s][debug][gc,phases      ] GC(128)   Weak JFR Old Object Samples    Min:  0.0, Avg:  0.0, Max:  0.0, Diff:  0.0, Sum:  0.0, Workers: 4
[1125.109s][debug][gc,phases      ] GC(128)     Dead                           Min: 0, Avg:  0.0, Max: 0, Diff: 0, Sum: 0, Workers: 4
[1125.109s][debug][gc,phases      ] GC(128)     Total                          Min: 0, Avg:  0.0, Max: 0, Diff: 0, Sum: 0, Workers: 4
[1125.109s][debug][gc,phases      ] GC(128) Weak Processing 0.343ms
[1125.109s][debug][gc,age         ] GC(128) Desired survivor size 140509184 bytes, new threshold 15 (max threshold 15)
[1125.109s][info ][gc,heap        ] GC(128) PSYoungGen: 1841920K(1842176K)->10082K(1958400K) Eden: 1831936K(1831936K)->0K(1822720K) From: 9984K(10240K)->10082K(135680K)
[1125.109s][info ][gc,heap        ] GC(128) ParOldGen: 529071K(621056K)->530559K(621056K)
[1125.109s][info ][gc,metaspace   ] GC(128) Metaspace: 84391K(85312K)->84391K(85312K) NonClass: 72616K(73088K)->72616K(73088K) Class: 11775K(12224K)->11775K(12224K)
[1125.109s][info ][gc             ] GC(128) Pause Young (GCLocker Initiated GC) 2315M->527M(2519M) 8.839ms
[1125.109s][info ][gc,cpu         ] GC(128) User=0.04s Sys=0.00s Real=0.01s
[1125.109s][info ][safepoint      ] Safepoint "ParallelGCSystemGC", Time since last: 571112 ns, Reaching safepoint: 87602 ns, At safepoint: 8912594 ns, Total: 9000196 ns
[1126.109s][info ][safepoint      ] Safepoint "Cleanup", Time since last: 1000078821 ns, Reaching safepoint: 50201 ns, At safepoint: 7900 ns, Total: 58101 ns
[1128.109s][info ][safepoint      ] Safepoint "Cleanup", Time since last: 2000186744 ns, Reaching safepoint: 61901 ns, At safepoint: 10100 ns, Total: 72001 ns
[1129.110s][info ][safepoint      ] Safepoint "Cleanup", Time since last: 1000110122 ns, Reaching safepoint: 50401 ns, At safepoint: 5700 ns, Total: 56101 ns
[1130.110s][info ][safepoint      ] Safepoint "Cleanup", Time since last: 1000115523 ns, Reaching safepoint: 51701 ns, At safepoint: 2700 ns, Total: 54401 ns
[1133.110s][info ][safepoint      ] Safepoint "Cleanup", Time since last: 3000217664 ns, Reaching safepoint: 41101 ns, At safepoint: 7800 ns, Total: 48901 ns
[1146.111s][info ][safepoint      ] Safepoint "Cleanup", Time since last: 13000885986 ns, Reaching safepoint: 57501 ns, At safepoint: 9401 ns, Total: 66902 ns
[1147.111s][info ][safepoint      ] Safepoint "Cleanup", Time since last: 1000125023 ns, Reaching safepoint: 54002 ns, At safepoint: 2800 ns, Total: 56802 ns
[1149.111s][info ][safepoint      ] Safepoint "Cleanup", Time since last: 2000189346 ns, Reaching safepoint: 54301 ns, At safepoint: 12500 ns, Total: 66801 ns
[1151.112s][info ][safepoint      ] Safepoint "Cleanup", Time since last: 2000187947 ns, Reaching safepoint: 58101 ns, At safepoint: 13301 ns, Total: 71402 ns
[1156.112s][info ][safepoint      ] Safepoint "Cleanup", Time since last: 5000394816 ns, Reaching safepoint: 52201 ns, At safepoint: 2900 ns, Total: 55101 ns
[1159.113s][info ][safepoint      ] Safepoint "Cleanup", Time since last: 3000255971 ns, Reaching safepoint: 63501 ns, At safepoint: 7100 ns, Total: 70601 ns
[1159.281s][info ][gc,start       ] GC(129) Pause Young (Allocation Failure)
[1159.287s][debug][gc,phases      ] GC(129) Scavenge 6.082ms
[1159.287s][debug][gc,ref         ] GC(129) Skipped phase 1 of Reference Processing: no references
[1159.287s][debug][gc,ref         ] GC(129) ReferenceProcessor::execute queues: 1, RefProcThreadModel::Single, marks_oops_alive: false
[1159.287s][debug][gc,ref         ] GC(129) Skipped phase 3 of Reference Processing: no references
[1159.287s][debug][gc,ref         ] GC(129) Skipped phase 4 of Reference Processing: no references
[1159.287s][debug][gc,phases      ] GC(129) Reference Processing 0.106ms
[1159.287s][debug][gc,phases      ] GC(129)   VM Weak                        Min:  0.0, Avg:  0.0, Max:  0.0, Diff:  0.0, Sum:  0.0, Workers: 4
[1159.287s][debug][gc,phases      ] GC(129)     Dead                           Min: 0, Avg:  0.0, Max: 0, Diff: 0, Sum: 0, Workers: 4
[1159.287s][debug][gc,phases      ] GC(129)     Total                          Min: 0, Avg: 181.0, Max: 724, Diff: 724, Sum: 724, Workers: 4
[1159.287s][debug][gc,phases      ] GC(129)   ObjectSynchronizer Weak        Min:  0.0, Avg:  0.0, Max:  0.0, Diff:  0.0, Sum:  0.0, Workers: 4
[1159.287s][debug][gc,phases      ] GC(129)     Dead                           Min: 0, Avg:  0.0, Max: 0, Diff: 0, Sum: 0, Workers: 4
[1159.287s][debug][gc,phases      ] GC(129)     Total                          Min: 0, Avg: 77.8, Max: 311, Diff: 311, Sum: 311, Workers: 4
[1159.287s][debug][gc,phases      ] GC(129)   JVMTI Tag Weak OopStorage      Min:  0.0, Avg:  0.0, Max:  0.0, Diff:  0.0, Sum:  0.0, Workers: 4
[1159.287s][debug][gc,phases      ] GC(129)     Dead                           Min: 0, Avg:  0.0, Max: 0, Diff: 0, Sum: 0, Workers: 4
[1159.287s][debug][gc,phases      ] GC(129)     Total                          Min: 0, Avg:  0.0, Max: 0, Diff: 0, Sum: 0, Workers: 4
[1159.287s][debug][gc,phases      ] GC(129)   StringTable Weak               Min:  0.1, Avg:  0.1, Max:  0.1, Diff:  0.0, Sum:  0.4, Workers: 4
[1159.287s][debug][gc,phases      ] GC(129)     Dead                           Min: 0, Avg:  0.0, Max: 0, Diff: 0, Sum: 0, Workers: 4
[1159.287s][debug][gc,phases      ] GC(129)     Total                          Min: 10688, Avg: 12143.0, Max: 12992, Diff: 2304, Sum: 48572, Workers: 4
[1159.287s][debug][gc,phases      ] GC(129)   ResolvedMethodTable Weak       Min:  0.0, Avg:  0.0, Max:  0.0, Diff:  0.0, Sum:  0.1, Workers: 4
[1159.287s][debug][gc,phases      ] GC(129)     Dead                           Min: 0, Avg:  0.0, Max: 0, Diff: 0, Sum: 0, Workers: 4
[1159.287s][debug][gc,phases      ] GC(129)     Total                          Min: 1856, Avg: 2113.0, Max: 2436, Diff: 580, Sum: 8452, Workers: 4
[1159.287s][debug][gc,phases      ] GC(129)   JNI Weak                       Min:  0.0, Avg:  0.0, Max:  0.0, Diff:  0.0, Sum:  0.0, Workers: 4
[1159.287s][debug][gc,phases      ] GC(129)     Dead                           Min: 0, Avg:  0.0, Max: 0, Diff: 0, Sum: 0, Workers: 4
[1159.287s][debug][gc,phases      ] GC(129)     Total                          Min: 0, Avg:  0.0, Max: 0, Diff: 0, Sum: 0, Workers: 4
[1159.287s][debug][gc,phases      ] GC(129)   StringDedup Table Weak         Min:  0.0, Avg:  0.0, Max:  0.0, Diff:  0.0, Sum:  0.0, Workers: 4
[1159.287s][debug][gc,phases      ] GC(129)     Dead                           Min: 0, Avg:  0.0, Max: 0, Diff: 0, Sum: 0, Workers: 4
[1159.287s][debug][gc,phases      ] GC(129)     Total                          Min: 0, Avg:  0.0, Max: 0, Diff: 0, Sum: 0, Workers: 4
[1159.287s][debug][gc,phases      ] GC(129)   StringDedup Requests0 Weak     Min:  0.0, Avg:  0.0, Max:  0.0, Diff:  0.0, Sum:  0.0, Workers: 4
[1159.287s][debug][gc,phases      ] GC(129)     Dead                           Min: 0, Avg:  0.0, Max: 0, Diff: 0, Sum: 0, Workers: 4
[1159.287s][debug][gc,phases      ] GC(129)     Total                          Min: 0, Avg:  0.0, Max: 0, Diff: 0, Sum: 0, Workers: 4
[1159.287s][debug][gc,phases      ] GC(129)   StringDedup Requests1 Weak     Min:  0.0, Avg:  0.0, Max:  0.0, Diff:  0.0, Sum:  0.0, Workers: 4
[1159.287s][debug][gc,phases      ] GC(129)     Dead                           Min: 0, Avg:  0.0, Max: 0, Diff: 0, Sum: 0, Workers: 4
[1159.287s][debug][gc,phases      ] GC(129)     Total                          Min: 0, Avg:  0.0, Max: 0, Diff: 0, Sum: 0, Workers: 4
[1159.287s][debug][gc,phases      ] GC(129)   Weak JFR Old Object Samples    Min:  0.0, Avg:  0.0, Max:  0.0, Diff:  0.0, Sum:  0.0, Workers: 4
[1159.287s][debug][gc,phases      ] GC(129)     Dead                           Min: 0, Avg:  0.0, Max: 0, Diff: 0, Sum: 0, Workers: 4
[1159.287s][debug][gc,phases      ] GC(129)     Total                          Min: 0, Avg:  0.0, Max: 0, Diff: 0, Sum: 0, Workers: 4
[1159.287s][debug][gc,phases      ] GC(129) Weak Processing 0.305ms
[1159.287s][debug][gc,age         ] GC(129) Desired survivor size 141033472 bytes, new threshold 15 (max threshold 15)
[1159.287s][info ][gc,heap        ] GC(129) PSYoungGen: 1832802K(1958400K)->7296K(1830400K) Eden: 1822720K(1822720K)->0K(1822720K) From: 10082K(135680K)->7296K(7680K)
[1159.287s][info ][gc,heap        ] GC(129) ParOldGen: 530563K(621056K)->533691K(621056K)
[1159.287s][info ][gc,metaspace   ] GC(129) Metaspace: 84411K(85312K)->84411K(85312K) NonClass: 72636K(73088K)->72636K(73088K) Class: 11775K(12224K)->11775K(12224K)
[1159.287s][info ][gc             ] GC(129) Pause Young (Allocation Failure) 2307M->528M(2394M) 6.624ms
[1159.287s][info ][gc,cpu         ] GC(129) User=0.03s Sys=0.00s Real=0.00s
[1159.287s][info ][safepoint      ] Safepoint "ParallelGCFailedAllocation", Time since last: 167866447 ns, Reaching safepoint: 123502 ns, At safepoint: 6705346 ns, Total: 6828848 ns
[1160.287s][info ][safepoint      ] Safepoint "Cleanup", Time since last: 1000083524 ns, Reaching safepoint: 53501 ns, At safepoint: 8400 ns, Total: 61901 ns
[1161.288s][info ][safepoint      ] Safepoint "Cleanup", Time since last: 1000109425 ns, Reaching safepoint: 51901 ns, At safepoint: 5300 ns, Total: 57201 ns
[1162.288s][info ][safepoint      ] Safepoint "Cleanup", Time since last: 1000073223 ns, Reaching safepoint: 52802 ns, At safepoint: 5800 ns, Total: 58602 ns
[1164.288s][info ][safepoint      ] Safepoint "Cleanup", Time since last: 2000179148 ns, Reaching safepoint: 57301 ns, At safepoint: 5900 ns, Total: 63201 ns
[1167.288s][info ][safepoint      ] Safepoint "Cleanup", Time since last: 3000202172 ns, Reaching safepoint: 51201 ns, At safepoint: 6700 ns, Total: 57901 ns
[1169.288s][info ][safepoint      ] Safepoint "Cleanup", Time since last: 2000146948 ns, Reaching safepoint: 42101 ns, At safepoint: 2700 ns, Total: 44801 ns
[1173.289s][info ][safepoint      ] Safepoint "Cleanup", Time since last: 4000290498 ns, Reaching safepoint: 38200 ns, At safepoint: 3101 ns, Total: 41301 ns
[1174.289s][info ][safepoint      ] Safepoint "Cleanup", Time since last: 1000065224 ns, Reaching safepoint: 56301 ns, At safepoint: 2400 ns, Total: 58701 ns
[1177.289s][info ][safepoint      ] Safepoint "Cleanup", Time since last: 3000245175 ns, Reaching safepoint: 54401 ns, At safepoint: 15900 ns, Total: 70301 ns
[1184.290s][info ][safepoint      ] Safepoint "Cleanup", Time since last: 7000456374 ns, Reaching safepoint: 50201 ns, At safepoint: 6600 ns, Total: 56801 ns
[1193.290s][info ][safepoint      ] Safepoint "Cleanup", Time since last: 9000612629 ns, Reaching safepoint: 48001 ns, At safepoint: 6000 ns, Total: 54001 ns
[1194.737s][info ][gc,start       ] GC(130) Pause Young (Allocation Failure)
[1194.742s][debug][gc,phases      ] GC(130) Scavenge 4.841ms
[1194.742s][debug][gc,ref         ] GC(130) Skipped phase 1 of Reference Processing: no references
[1194.742s][debug][gc,ref         ] GC(130) ReferenceProcessor::execute queues: 1, RefProcThreadModel::Single, marks_oops_alive: false
[1194.742s][debug][gc,ref         ] GC(130) Skipped phase 3 of Reference Processing: no references
[1194.742s][debug][gc,ref         ] GC(130) Skipped phase 4 of Reference Processing: no references
[1194.742s][debug][gc,phases      ] GC(130) Reference Processing 0.107ms
[1194.742s][debug][gc,phases      ] GC(130)   VM Weak                        Min:  0.0, Avg:  0.0, Max:  0.0, Diff:  0.0, Sum:  0.0, Workers: 4
[1194.742s][debug][gc,phases      ] GC(130)     Dead                           Min: 0, Avg:  0.0, Max: 0, Diff: 0, Sum: 0, Workers: 4
[1194.742s][debug][gc,phases      ] GC(130)     Total                          Min: 0, Avg: 181.0, Max: 404, Diff: 404, Sum: 724, Workers: 4
[1194.742s][debug][gc,phases      ] GC(130)   ObjectSynchronizer Weak        Min:  0.0, Avg:  0.0, Max:  0.0, Diff:  0.0, Sum:  0.0, Workers: 4
[1194.742s][debug][gc,phases      ] GC(130)     Dead                           Min: 0, Avg:  0.0, Max: 0, Diff: 0, Sum: 0, Workers: 4
[1194.742s][debug][gc,phases      ] GC(130)     Total                          Min: 0, Avg: 77.8, Max: 128, Diff: 128, Sum: 311, Workers: 4
[1194.742s][debug][gc,phases      ] GC(130)   JVMTI Tag Weak OopStorage      Min:  0.0, Avg:  0.0, Max:  0.0, Diff:  0.0, Sum:  0.0, Workers: 4
[1194.742s][debug][gc,phases      ] GC(130)     Dead                           Min: 0, Avg:  0.0, Max: 0, Diff: 0, Sum: 0, Workers: 4
[1194.742s][debug][gc,phases      ] GC(130)     Total                          Min: 0, Avg:  0.0, Max: 0, Diff: 0, Sum: 0, Workers: 4
[1194.742s][debug][gc,phases      ] GC(130)   StringTable Weak               Min:  0.1, Avg:  0.1, Max:  0.1, Diff:  0.0, Sum:  0.4, Workers: 4
[1194.742s][debug][gc,phases      ] GC(130)     Dead                           Min: 0, Avg:  0.0, Max: 0, Diff: 0, Sum: 0, Workers: 4
[1194.742s][debug][gc,phases      ] GC(130)     Total                          Min: 11517, Avg: 12143.2, Max: 12992, Diff: 1475, Sum: 48573, Workers: 4
[1194.742s][debug][gc,phases      ] GC(130)   ResolvedMethodTable Weak       Min:  0.0, Avg:  0.0, Max:  0.0, Diff:  0.0, Sum:  0.1, Workers: 4
[1194.742s][debug][gc,phases      ] GC(130)     Dead                           Min: 0, Avg:  0.0, Max: 0, Diff: 0, Sum: 0, Workers: 4
[1194.742s][debug][gc,phases      ] GC(130)     Total                          Min: 1796, Avg: 2113.0, Max: 2496, Diff: 700, Sum: 8452, Workers: 4
[1194.742s][debug][gc,phases      ] GC(130)   JNI Weak                       Min:  0.0, Avg:  0.0, Max:  0.0, Diff:  0.0, Sum:  0.0, Workers: 4
[1194.742s][debug][gc,phases      ] GC(130)     Dead                           Min: 0, Avg:  0.0, Max: 0, Diff: 0, Sum: 0, Workers: 4
[1194.742s][debug][gc,phases      ] GC(130)     Total                          Min: 0, Avg:  0.0, Max: 0, Diff: 0, Sum: 0, Workers: 4
[1194.742s][debug][gc,phases      ] GC(130)   StringDedup Table Weak         Min:  0.0, Avg:  0.0, Max:  0.0, Diff:  0.0, Sum:  0.0, Workers: 4
[1194.742s][debug][gc,phases      ] GC(130)     Dead                           Min: 0, Avg:  0.0, Max: 0, Diff: 0, Sum: 0, Workers: 4
[1194.742s][debug][gc,phases      ] GC(130)     Total                          Min: 0, Avg:  0.0, Max: 0, Diff: 0, Sum: 0, Workers: 4
[1194.742s][debug][gc,phases      ] GC(130)   StringDedup Requests0 Weak     Min:  0.0, Avg:  0.0, Max:  0.0, Diff:  0.0, Sum:  0.0, Workers: 4
[1194.742s][debug][gc,phases      ] GC(130)     Dead                           Min: 0, Avg:  0.0, Max: 0, Diff: 0, Sum: 0, Workers: 4
[1194.742s][debug][gc,phases      ] GC(130)     Total                          Min: 0, Avg:  0.0, Max: 0, Diff: 0, Sum: 0, Workers: 4
[1194.742s][debug][gc,phases      ] GC(130)   StringDedup Requests1 Weak     Min:  0.0, Avg:  0.0, Max:  0.0, Diff:  0.0, Sum:  0.0, Workers: 4
[1194.742s][debug][gc,phases      ] GC(130)     Dead                           Min: 0, Avg:  0.0, Max: 0, Diff: 0, Sum: 0, Workers: 4
[1194.742s][debug][gc,phases      ] GC(130)     Total                          Min: 0, Avg:  0.0, Max: 0, Diff: 0, Sum: 0, Workers: 4
[1194.742s][debug][gc,phases      ] GC(130)   Weak JFR Old Object Samples    Min:  0.0, Avg:  0.0, Max:  0.0, Diff:  0.0, Sum:  0.0, Workers: 4
[1194.742s][debug][gc,phases      ] GC(130)     Dead                           Min: 0, Avg:  0.0, Max: 0, Diff: 0, Sum: 0, Workers: 4
[1194.742s][debug][gc,phases      ] GC(130)     Total                          Min: 0, Avg:  0.0, Max: 0, Diff: 0, Sum: 0, Workers: 4
[1194.742s][debug][gc,phases      ] GC(130) Weak Processing 0.307ms
[1194.742s][debug][gc,age         ] GC(130) Desired survivor size 139460608 bytes, new threshold 15 (max threshold 15)
[1194.742s][info ][gc,heap        ] GC(130) PSYoungGen: 1830016K(1830400K)->10064K(1960960K) Eden: 1822720K(1822720K)->0K(1823232K) From: 7296K(7680K)->10064K(137728K)
[1194.742s][info ][gc,heap        ] GC(130) ParOldGen: 533691K(621056K)->533715K(621056K)
[1194.742s][info ][gc,metaspace   ] GC(130) Metaspace: 84416K(85312K)->84416K(85312K) NonClass: 72641K(73088K)->72641K(73088K) Class: 11775K(12224K)->11775K(12224K)
[1194.742s][info ][gc             ] GC(130) Pause Young (Allocation Failure) 2308M->531M(2521M) 5.390ms
[1194.742s][info ][gc,cpu         ] GC(130) User=0.02s Sys=0.00s Real=0.00s
[1194.742s][info ][safepoint      ] Safepoint "ParallelGCFailedAllocation", Time since last: 1446528425 ns, Reaching safepoint: 48601 ns, At safepoint: 5486619 ns, Total: 5535220 ns
[1195.743s][info ][safepoint      ] Safepoint "Cleanup", Time since last: 1000086126 ns, Reaching safepoint: 53901 ns, At safepoint: 8600 ns, Total: 62501 ns
[1201.743s][info ][safepoint      ] Safepoint "Cleanup", Time since last: 6000386456 ns, Reaching safepoint: 55801 ns, At safepoint: 10601 ns, Total: 66402 ns
[1214.744s][info ][safepoint      ] Safepoint "Cleanup", Time since last: 13000875746 ns, Reaching safepoint: 47001 ns, At safepoint: 7600 ns, Total: 54601 ns
[1229.745s][info ][safepoint      ] Safepoint "Cleanup", Time since last: 15001068115 ns, Reaching safepoint: 50401 ns, At safepoint: 30900 ns, Total: 81301 ns
[1232.720s][info ][gc,start       ] GC(131) Pause Young (Allocation Failure)
[1232.726s][debug][gc,phases      ] GC(131) Scavenge 5.491ms
[1232.726s][debug][gc,ref         ] GC(131) Skipped phase 1 of Reference Processing: no references
[1232.726s][debug][gc,ref         ] GC(131) ReferenceProcessor::execute queues: 1, RefProcThreadModel::Single, marks_oops_alive: false
[1232.726s][debug][gc,ref         ] GC(131) Skipped phase 3 of Reference Processing: no references
[1232.726s][debug][gc,ref         ] GC(131) Skipped phase 4 of Reference Processing: no references
[1232.726s][debug][gc,phases      ] GC(131) Reference Processing 0.105ms
[1232.726s][debug][gc,phases      ] GC(131)   VM Weak                        Min:  0.0, Avg:  0.0, Max:  0.0, Diff:  0.0, Sum:  0.0, Workers: 4
[1232.726s][debug][gc,phases      ] GC(131)     Dead                           Min: 0, Avg:  0.0, Max: 0, Diff: 0, Sum: 0, Workers: 4
[1232.726s][debug][gc,phases      ] GC(131)     Total                          Min: 0, Avg: 181.0, Max: 724, Diff: 724, Sum: 724, Workers: 4
[1232.726s][debug][gc,phases      ] GC(131)   ObjectSynchronizer Weak        Min:  0.0, Avg:  0.0, Max:  0.0, Diff:  0.0, Sum:  0.0, Workers: 4
[1232.726s][debug][gc,phases      ] GC(131)     Dead                           Min: 0, Avg:  0.0, Max: 0, Diff: 0, Sum: 0, Workers: 4
[1232.726s][debug][gc,phases      ] GC(131)     Total                          Min: 0, Avg: 77.8, Max: 311, Diff: 311, Sum: 311, Workers: 4
[1232.726s][debug][gc,phases      ] GC(131)   JVMTI Tag Weak OopStorage      Min:  0.0, Avg:  0.0, Max:  0.0, Diff:  0.0, Sum:  0.0, Workers: 4
[1232.726s][debug][gc,phases      ] GC(131)     Dead                           Min: 0, Avg:  0.0, Max: 0, Diff: 0, Sum: 0, Workers: 4
[1232.726s][debug][gc,phases      ] GC(131)     Total                          Min: 0, Avg:  0.0, Max: 0, Diff: 0, Sum: 0, Workers: 4
[1232.726s][debug][gc,phases      ] GC(131)   StringTable Weak               Min:  0.1, Avg:  0.1, Max:  0.1, Diff:  0.0, Sum:  0.5, Workers: 4
[1232.726s][debug][gc,phases      ] GC(131)     Dead                           Min: 0, Avg:  0.0, Max: 0, Diff: 0, Sum: 0, Workers: 4
[1232.726s][debug][gc,phases      ] GC(131)     Total                          Min: 10688, Avg: 12143.2, Max: 14525, Diff: 3837, Sum: 48573, Workers: 4
[1232.726s][debug][gc,phases      ] GC(131)   ResolvedMethodTable Weak       Min:  0.0, Avg:  0.0, Max:  0.0, Diff:  0.0, Sum:  0.1, Workers: 4
[1232.726s][debug][gc,phases      ] GC(131)     Dead                           Min: 0, Avg:  0.0, Max: 0, Diff: 0, Sum: 0, Workers: 4
[1232.726s][debug][gc,phases      ] GC(131)     Total                          Min: 1920, Avg: 2113.0, Max: 2432, Diff: 512, Sum: 8452, Workers: 4
[1232.726s][debug][gc,phases      ] GC(131)   JNI Weak                       Min:  0.0, Avg:  0.0, Max:  0.0, Diff:  0.0, Sum:  0.0, Workers: 4
[1232.726s][debug][gc,phases      ] GC(131)     Dead                           Min: 0, Avg:  0.0, Max: 0, Diff: 0, Sum: 0, Workers: 4
[1232.726s][debug][gc,phases      ] GC(131)     Total                          Min: 0, Avg:  0.0, Max: 0, Diff: 0, Sum: 0, Workers: 4
[1232.726s][debug][gc,phases      ] GC(131)   StringDedup Table Weak         Min:  0.0, Avg:  0.0, Max:  0.0, Diff:  0.0, Sum:  0.0, Workers: 4
[1232.726s][debug][gc,phases      ] GC(131)     Dead                           Min: 0, Avg:  0.0, Max: 0, Diff: 0, Sum: 0, Workers: 4
[1232.726s][debug][gc,phases      ] GC(131)     Total                          Min: 0, Avg:  0.0, Max: 0, Diff: 0, Sum: 0, Workers: 4
[1232.726s][debug][gc,phases      ] GC(131)   StringDedup Requests0 Weak     Min:  0.0, Avg:  0.0, Max:  0.0, Diff:  0.0, Sum:  0.0, Workers: 4
[1232.726s][debug][gc,phases      ] GC(131)     Dead                           Min: 0, Avg:  0.0, Max: 0, Diff: 0, Sum: 0, Workers: 4
[1232.726s][debug][gc,phases      ] GC(131)     Total                          Min: 0, Avg:  0.0, Max: 0, Diff: 0, Sum: 0, Workers: 4
[1232.726s][debug][gc,phases      ] GC(131)   StringDedup Requests1 Weak     Min:  0.0, Avg:  0.0, Max:  0.0, Diff:  0.0, Sum:  0.0, Workers: 4
[1232.726s][debug][gc,phases      ] GC(131)     Dead                           Min: 0, Avg:  0.0, Max: 0, Diff: 0, Sum: 0, Workers: 4
[1232.726s][debug][gc,phases      ] GC(131)     Total                          Min: 0, Avg:  0.0, Max: 0, Diff: 0, Sum: 0, Workers: 4
[1232.726s][debug][gc,phases      ] GC(131)   Weak JFR Old Object Samples    Min:  0.0, Avg:  0.0, Max:  0.0, Diff:  0.0, Sum:  0.0, Workers: 4
[1232.726s][debug][gc,phases      ] GC(131)     Dead                           Min: 0, Avg:  0.0, Max: 0, Diff: 0, Sum: 0, Workers: 4
[1232.726s][debug][gc,phases      ] GC(131)     Total                          Min: 0, Avg:  0.0, Max: 0, Diff: 0, Sum: 0, Workers: 4
[1232.726s][debug][gc,phases      ] GC(131) Weak Processing 0.331ms
[1232.726s][debug][gc,age         ] GC(131) Desired survivor size 136839168 bytes, new threshold 15 (max threshold 15)
[1232.726s][info ][gc,heap        ] GC(131) PSYoungGen: 1833296K(1960960K)->9808K(1959424K) Eden: 1823232K(1823232K)->0K(1823232K) From: 10064K(137728K)->9808K(136192K)
[1232.726s][info ][gc,heap        ] GC(131) ParOldGen: 533715K(621056K)->533739K(621056K)
[1232.726s][info ][gc,metaspace   ] GC(131) Metaspace: 84425K(85312K)->84425K(85312K) NonClass: 72649K(73088K)->72649K(73088K) Class: 11775K(12224K)->11775K(12224K)
[1232.726s][info ][gc             ] GC(131) Pause Young (Allocation Failure) 2311M->530M(2520M) 6.060ms
[1232.726s][info ][gc,cpu         ] GC(131) User=0.03s Sys=0.00s Real=0.00s
[1232.727s][info ][safepoint      ] Safepoint "ParallelGCFailedAllocation", Time since last: 2975291143 ns, Reaching safepoint: 40001 ns, At safepoint: 6146534 ns, Total: 6186535 ns
[1233.727s][info ][safepoint      ] Safepoint "Cleanup", Time since last: 1000085428 ns, Reaching safepoint: 59102 ns, At safepoint: 7000 ns, Total: 66102 ns
[1238.727s][info ][safepoint      ] Safepoint "Cleanup", Time since last: 5000372943 ns, Reaching safepoint: 134603 ns, At safepoint: 11900 ns, Total: 146503 ns
[1240.728s][info ][safepoint      ] Safepoint "Cleanup", Time since last: 2000180558 ns, Reaching safepoint: 124003 ns, At safepoint: 6100 ns, Total: 130103 ns
[1242.728s][info ][safepoint      ] Safepoint "Cleanup", Time since last: 2000176758 ns, Reaching safepoint: 121703 ns, At safepoint: 10300 ns, Total: 132003 ns
[1248.180s][info ][safepoint      ] Safepoint "Cleanup", Time since last: 5452224163 ns, Reaching safepoint: 138403 ns, At safepoint: 10100 ns, Total: 148503 ns
[1249.180s][info ][safepoint      ] Safepoint "Cleanup", Time since last: 1000115931 ns, Reaching safepoint: 119602 ns, At safepoint: 9400 ns, Total: 129002 ns
[1250.181s][info ][safepoint      ] Safepoint "Cleanup", Time since last: 1000122431 ns, Reaching safepoint: 128303 ns, At safepoint: 16700 ns, Total: 145003 ns
[1268.182s][info ][safepoint      ] Safepoint "Cleanup", Time since last: 18001294837 ns, Reaching safepoint: 98502 ns, At safepoint: 10000 ns, Total: 108502 ns
[1269.765s][info ][gc,start       ] GC(132) Pause Young (Allocation Failure)
[1269.771s][debug][gc,phases      ] GC(132) Scavenge 6.126ms
[1269.771s][debug][gc,ref         ] GC(132) Skipped phase 1 of Reference Processing: no references
[1269.771s][debug][gc,ref         ] GC(132) ReferenceProcessor::execute queues: 1, RefProcThreadModel::Single, marks_oops_alive: false
[1269.771s][debug][gc,ref         ] GC(132) Skipped phase 3 of Reference Processing: no references
[1269.771s][debug][gc,ref         ] GC(132) ReferenceProcessor::execute queues: 1, RefProcThreadModel::Single, marks_oops_alive: false
[1269.771s][debug][gc,phases      ] GC(132) Reference Processing 0.122ms
[1269.771s][debug][gc,phases      ] GC(132)   VM Weak                        Min:  0.0, Avg:  0.0, Max:  0.0, Diff:  0.0, Sum:  0.0, Workers: 4
[1269.771s][debug][gc,phases      ] GC(132)     Dead                           Min: 0, Avg:  0.0, Max: 0, Diff: 0, Sum: 0, Workers: 4
[1269.771s][debug][gc,phases      ] GC(132)     Total                          Min: 0, Avg: 181.0, Max: 320, Diff: 320, Sum: 724, Workers: 4
[1269.772s][debug][gc,phases      ] GC(132)   ObjectSynchronizer Weak        Min:  0.0, Avg:  0.0, Max:  0.0, Diff:  0.0, Sum:  0.0, Workers: 4
[1269.772s][debug][gc,phases      ] GC(132)     Dead                           Min: 0, Avg:  0.0, Max: 0, Diff: 0, Sum: 0, Workers: 4
[1269.772s][debug][gc,phases      ] GC(132)     Total                          Min: 0, Avg: 77.8, Max: 128, Diff: 128, Sum: 311, Workers: 4
[1269.772s][debug][gc,phases      ] GC(132)   JVMTI Tag Weak OopStorage      Min:  0.0, Avg:  0.0, Max:  0.0, Diff:  0.0, Sum:  0.0, Workers: 4
[1269.772s][debug][gc,phases      ] GC(132)     Dead                           Min: 0, Avg:  0.0, Max: 0, Diff: 0, Sum: 0, Workers: 4
[1269.772s][debug][gc,phases      ] GC(132)     Total                          Min: 0, Avg:  0.0, Max: 0, Diff: 0, Sum: 0, Workers: 4
[1269.772s][debug][gc,phases      ] GC(132)   StringTable Weak               Min:  0.1, Avg:  0.1, Max:  0.1, Diff:  0.0, Sum:  0.4, Workers: 4
[1269.772s][debug][gc,phases      ] GC(132)     Dead                           Min: 0, Avg:  0.0, Max: 0, Diff: 0, Sum: 0, Workers: 4
[1269.772s][debug][gc,phases      ] GC(132)     Total                          Min: 11456, Avg: 12145.8, Max: 12551, Diff: 1095, Sum: 48583, Workers: 4
[1269.772s][debug][gc,phases      ] GC(132)   ResolvedMethodTable Weak       Min:  0.0, Avg:  0.0, Max:  0.0, Diff:  0.0, Sum:  0.1, Workers: 4
[1269.772s][debug][gc,phases      ] GC(132)     Dead                           Min: 0, Avg:  0.0, Max: 0, Diff: 0, Sum: 0, Workers: 4
[1269.772s][debug][gc,phases      ] GC(132)     Total                          Min: 1856, Avg: 2113.0, Max: 2244, Diff: 388, Sum: 8452, Workers: 4
[1269.772s][debug][gc,phases      ] GC(132)   JNI Weak                       Min:  0.0, Avg:  0.0, Max:  0.0, Diff:  0.0, Sum:  0.0, Workers: 4
[1269.772s][debug][gc,phases      ] GC(132)     Dead                           Min: 0, Avg:  0.0, Max: 0, Diff: 0, Sum: 0, Workers: 4
[1269.772s][debug][gc,phases      ] GC(132)     Total                          Min: 0, Avg:  0.0, Max: 0, Diff: 0, Sum: 0, Workers: 4
[1269.772s][debug][gc,phases      ] GC(132)   StringDedup Table Weak         Min:  0.0, Avg:  0.0, Max:  0.0, Diff:  0.0, Sum:  0.0, Workers: 4
[1269.772s][debug][gc,phases      ] GC(132)     Dead                           Min: 0, Avg:  0.0, Max: 0, Diff: 0, Sum: 0, Workers: 4
[1269.772s][debug][gc,phases      ] GC(132)     Total                          Min: 0, Avg:  0.0, Max: 0, Diff: 0, Sum: 0, Workers: 4
[1269.772s][debug][gc,phases      ] GC(132)   StringDedup Requests0 Weak     Min:  0.0, Avg:  0.0, Max:  0.0, Diff:  0.0, Sum:  0.0, Workers: 4
[1269.772s][debug][gc,phases      ] GC(132)     Dead                           Min: 0, Avg:  0.0, Max: 0, Diff: 0, Sum: 0, Workers: 4
[1269.772s][debug][gc,phases      ] GC(132)     Total                          Min: 0, Avg:  0.0, Max: 0, Diff: 0, Sum: 0, Workers: 4
[1269.772s][debug][gc,phases      ] GC(132)   StringDedup Requests1 Weak     Min:  0.0, Avg:  0.0, Max:  0.0, Diff:  0.0, Sum:  0.0, Workers: 4
[1269.772s][debug][gc,phases      ] GC(132)     Dead                           Min: 0, Avg:  0.0, Max: 0, Diff: 0, Sum: 0, Workers: 4
[1269.772s][debug][gc,phases      ] GC(132)     Total                          Min: 0, Avg:  0.0, Max: 0, Diff: 0, Sum: 0, Workers: 4
[1269.772s][debug][gc,phases      ] GC(132)   Weak JFR Old Object Samples    Min:  0.0, Avg:  0.0, Max:  0.0, Diff:  0.0, Sum:  0.0, Workers: 4
[1269.772s][debug][gc,phases      ] GC(132)     Dead                           Min: 0, Avg:  0.0, Max: 0, Diff: 0, Sum: 0, Workers: 4
[1269.772s][debug][gc,phases      ] GC(132)     Total                          Min: 0, Avg:  0.0, Max: 0, Diff: 0, Sum: 0, Workers: 4
[1269.772s][debug][gc,phases      ] GC(132) Weak Processing 0.333ms
[1269.772s][debug][gc,age         ] GC(132) Desired survivor size 133693440 bytes, new threshold 15 (max threshold 15)
[1269.772s][info ][gc,heap        ] GC(132) PSYoungGen: 1833040K(1959424K)->10352K(1966592K) Eden: 1823232K(1823232K)->0K(1832960K) From: 9808K(136192K)->10352K(133632K)
[1269.772s][info ][gc,heap        ] GC(132) ParOldGen: 533739K(621056K)->533771K(621056K)
[1269.772s][info ][gc,metaspace   ] GC(132) Metaspace: 84430K(85312K)->84430K(85312K) NonClass: 72655K(73088K)->72655K(73088K) Class: 11775K(12224K)->11775K(12224K)
[1269.772s][info ][gc             ] GC(132) Pause Young (Allocation Failure) 2311M->531M(2527M) 6.712ms
[1269.772s][info ][gc,cpu         ] GC(132) User=0.03s Sys=0.00s Real=0.01s
[1269.772s][info ][safepoint      ] Safepoint "ParallelGCFailedAllocation", Time since last: 1582796693 ns, Reaching safepoint: 27900 ns, At safepoint: 6794848 ns, Total: 6822748 ns
[1278.772s][info ][safepoint      ] Safepoint "Cleanup", Time since last: 9000611276 ns, Reaching safepoint: 55201 ns, At safepoint: 2800 ns, Total: 58001 ns
[1283.773s][info ][safepoint      ] Safepoint "Cleanup", Time since last: 5000384256 ns, Reaching safepoint: 49401 ns, At safepoint: 3800 ns, Total: 53201 ns
[1292.417s][info ][safepoint      ] Safepoint "ICBufferFull", Time since last: 8644614847 ns, Reaching safepoint: 41301 ns, At safepoint: 5200 ns, Total: 46501 ns
[1292.426s][info ][safepoint      ] Safepoint "ICBufferFull", Time since last: 8786991 ns, Reaching safepoint: 48901 ns, At safepoint: 2600 ns, Total: 51501 ns
[1292.445s][info ][safepoint      ] Safepoint "ICBufferFull", Time since last: 18323798 ns, Reaching safepoint: 45401 ns, At safepoint: 2400 ns, Total: 47801 ns
[1292.487s][info ][safepoint      ] Safepoint "ICBufferFull", Time since last: 42596826 ns, Reaching safepoint: 37300 ns, At safepoint: 2601 ns, Total: 39901 ns
[1292.545s][info ][safepoint      ] Safepoint "ICBufferFull", Time since last: 57241343 ns, Reaching safepoint: 55902 ns, At safepoint: 3000 ns, Total: 58902 ns
[1292.582s][info ][safepoint      ] Safepoint "ICBufferFull", Time since last: 37522715 ns, Reaching safepoint: 44901 ns, At safepoint: 6900 ns, Total: 51801 ns
[1292.609s][info ][gc,start       ] GC(133) Pause Young (Allocation Failure)
[1292.621s][debug][gc,phases      ] GC(133) Scavenge 12.406ms
[1292.621s][debug][gc,ref         ] GC(133) Skipped phase 1 of Reference Processing: no references
[1292.621s][debug][gc,ref         ] GC(133) ReferenceProcessor::execute queues: 1, RefProcThreadModel::Single, marks_oops_alive: false
[1292.621s][debug][gc,ref         ] GC(133) Skipped phase 3 of Reference Processing: no references
[1292.621s][debug][gc,ref         ] GC(133) ReferenceProcessor::execute queues: 1, RefProcThreadModel::Single, marks_oops_alive: false
[1292.621s][debug][gc,phases      ] GC(133) Reference Processing 0.113ms
[1292.621s][debug][gc,phases      ] GC(133)   VM Weak                        Min:  0.0, Avg:  0.0, Max:  0.0, Diff:  0.0, Sum:  0.0, Workers: 4
[1292.621s][debug][gc,phases      ] GC(133)     Dead                           Min: 0, Avg:  0.0, Max: 0, Diff: 0, Sum: 0, Workers: 4
[1292.621s][debug][gc,phases      ] GC(133)     Total                          Min: 0, Avg: 181.0, Max: 448, Diff: 448, Sum: 724, Workers: 4
[1292.621s][debug][gc,phases      ] GC(133)   ObjectSynchronizer Weak        Min:  0.0, Avg:  0.0, Max:  0.0, Diff:  0.0, Sum:  0.0, Workers: 4
[1292.621s][debug][gc,phases      ] GC(133)     Dead                           Min: 0, Avg:  0.0, Max: 0, Diff: 0, Sum: 0, Workers: 4
[1292.621s][debug][gc,phases      ] GC(133)     Total                          Min: 0, Avg: 77.8, Max: 183, Diff: 183, Sum: 311, Workers: 4
[1292.621s][debug][gc,phases      ] GC(133)   JVMTI Tag Weak OopStorage      Min:  0.0, Avg:  0.0, Max:  0.0, Diff:  0.0, Sum:  0.0, Workers: 4
[1292.621s][debug][gc,phases      ] GC(133)     Dead                           Min: 0, Avg:  0.0, Max: 0, Diff: 0, Sum: 0, Workers: 4
[1292.621s][debug][gc,phases      ] GC(133)     Total                          Min: 0, Avg:  0.0, Max: 0, Diff: 0, Sum: 0, Workers: 4
[1292.621s][debug][gc,phases      ] GC(133)   StringTable Weak               Min:  0.1, Avg:  0.1, Max:  0.1, Diff:  0.0, Sum:  0.4, Workers: 4
[1292.621s][debug][gc,phases      ] GC(133)     Dead                           Min: 0, Avg:  0.0, Max: 0, Diff: 0, Sum: 0, Workers: 4
[1292.621s][debug][gc,phases      ] GC(133)     Total                          Min: 11392, Avg: 12151.0, Max: 13404, Diff: 2012, Sum: 48604, Workers: 4
[1292.621s][debug][gc,phases      ] GC(133)   ResolvedMethodTable Weak       Min:  0.0, Avg:  0.0, Max:  0.0, Diff:  0.0, Sum:  0.1, Workers: 4
[1292.621s][debug][gc,phases      ] GC(133)     Dead                           Min: 0, Avg:  0.0, Max: 0, Diff: 0, Sum: 0, Workers: 4
[1292.621s][debug][gc,phases      ] GC(133)     Total                          Min: 1984, Avg: 2113.0, Max: 2240, Diff: 256, Sum: 8452, Workers: 4
[1292.621s][debug][gc,phases      ] GC(133)   JNI Weak                       Min:  0.0, Avg:  0.0, Max:  0.0, Diff:  0.0, Sum:  0.0, Workers: 4
[1292.621s][debug][gc,phases      ] GC(133)     Dead                           Min: 0, Avg:  0.0, Max: 0, Diff: 0, Sum: 0, Workers: 4
[1292.621s][debug][gc,phases      ] GC(133)     Total                          Min: 0, Avg:  0.0, Max: 0, Diff: 0, Sum: 0, Workers: 4
[1292.621s][debug][gc,phases      ] GC(133)   StringDedup Table Weak         Min:  0.0, Avg:  0.0, Max:  0.0, Diff:  0.0, Sum:  0.0, Workers: 4
[1292.621s][debug][gc,phases      ] GC(133)     Dead                           Min: 0, Avg:  0.0, Max: 0, Diff: 0, Sum: 0, Workers: 4
[1292.621s][debug][gc,phases      ] GC(133)     Total                          Min: 0, Avg:  0.0, Max: 0, Diff: 0, Sum: 0, Workers: 4
[1292.622s][debug][gc,phases      ] GC(133)   StringDedup Requests0 Weak     Min:  0.0, Avg:  0.0, Max:  0.0, Diff:  0.0, Sum:  0.0, Workers: 4
[1292.622s][debug][gc,phases      ] GC(133)     Dead                           Min: 0, Avg:  0.0, Max: 0, Diff: 0, Sum: 0, Workers: 4
[1292.622s][debug][gc,phases      ] GC(133)     Total                          Min: 0, Avg:  0.0, Max: 0, Diff: 0, Sum: 0, Workers: 4
[1292.622s][debug][gc,phases      ] GC(133)   StringDedup Requests1 Weak     Min:  0.0, Avg:  0.0, Max:  0.0, Diff:  0.0, Sum:  0.0, Workers: 4
[1292.622s][debug][gc,phases      ] GC(133)     Dead                           Min: 0, Avg:  0.0, Max: 0, Diff: 0, Sum: 0, Workers: 4
[1292.622s][debug][gc,phases      ] GC(133)     Total                          Min: 0, Avg:  0.0, Max: 0, Diff: 0, Sum: 0, Workers: 4
[1292.622s][debug][gc,phases      ] GC(133)   Weak JFR Old Object Samples    Min:  0.0, Avg:  0.0, Max:  0.0, Diff:  0.0, Sum:  0.0, Workers: 4
[1292.622s][debug][gc,phases      ] GC(133)     Dead                           Min: 0, Avg:  0.0, Max: 0, Diff: 0, Sum: 0, Workers: 4
[1292.622s][debug][gc,phases      ] GC(133)     Total                          Min: 0, Avg:  0.0, Max: 0, Diff: 0, Sum: 0, Workers: 4
[1292.622s][debug][gc,phases      ] GC(133) Weak Processing 0.316ms
[1292.622s][debug][gc,age         ] GC(133) Desired survivor size 124780544 bytes, new threshold 15 (max threshold 15)
[1292.622s][info ][gc,heap        ] GC(133) PSYoungGen: 1843312K(1966592K)->36800K(1963520K) Eden: 1832960K(1832960K)->0K(1832960K) From: 10352K(133632K)->36800K(130560K)
[1292.622s][info ][gc,heap        ] GC(133) ParOldGen: 533771K(621056K)->533795K(621056K)
[1292.622s][info ][gc,metaspace   ] GC(133) Metaspace: 84441K(85312K)->84441K(85312K) NonClass: 72665K(73088K)->72665K(73088K) Class: 11775K(12224K)->11775K(12224K)
[1292.622s][info ][gc             ] GC(133) Pause Young (Allocation Failure) 2321M->557M(2524M) 12.975ms
[1292.622s][info ][gc,cpu         ] GC(133) User=0.05s Sys=0.01s Real=0.01s
[1292.622s][info ][safepoint      ] Safepoint "ParallelGCFailedAllocation", Time since last: 26243270 ns, Reaching safepoint: 115403 ns, At safepoint: 13057184 ns, Total: 13172587 ns
[1292.670s][info ][safepoint      ] Safepoint "ICBufferFull", Time since last: 47893740 ns, Reaching safepoint: 36901 ns, At safepoint: 2400 ns, Total: 39301 ns
[1292.729s][info ][safepoint      ] Safepoint "ICBufferFull", Time since last: 59123485 ns, Reaching safepoint: 63901 ns, At safepoint: 3100 ns, Total: 67001 ns
[1292.754s][info ][safepoint      ] Safepoint "ICBufferFull", Time since last: 25161747 ns, Reaching safepoint: 54101 ns, At safepoint: 2900 ns, Total: 57001 ns
[1292.755s][info ][safepoint      ] Safepoint "ICBufferFull", Time since last: 786618 ns, Reaching safepoint: 105502 ns, At safepoint: 4900 ns, Total: 110402 ns
[1292.792s][info ][safepoint      ] Safepoint "ICBufferFull", Time since last: 36762399 ns, Reaching safepoint: 39701 ns, At safepoint: 2000 ns, Total: 41701 ns
[1292.822s][info ][safepoint      ] Safepoint "ICBufferFull", Time since last: 30556164 ns, Reaching safepoint: 44301 ns, At safepoint: 3900 ns, Total: 48201 ns
[1292.823s][info ][safepoint      ] Safepoint "ICBufferFull", Time since last: 843518 ns, Reaching safepoint: 39001 ns, At safepoint: 5600 ns, Total: 44601 ns
[1292.864s][info ][safepoint      ] Safepoint "ICBufferFull", Time since last: 41107493 ns, Reaching safepoint: 43301 ns, At safepoint: 2900 ns, Total: 46201 ns
[1292.865s][info ][safepoint      ] Safepoint "ICBufferFull", Time since last: 1008322 ns, Reaching safepoint: 41801 ns, At safepoint: 1900 ns, Total: 43701 ns
[1292.900s][info ][safepoint      ] Safepoint "ICBufferFull", Time since last: 34111241 ns, Reaching safepoint: 45401 ns, At safepoint: 2700 ns, Total: 48101 ns
[1292.939s][info ][safepoint      ] Safepoint "ICBufferFull", Time since last: 39693463 ns, Reaching safepoint: 48601 ns, At safepoint: 2500 ns, Total: 51101 ns
[1292.981s][info ][safepoint      ] Safepoint "ICBufferFull", Time since last: 41373799 ns, Reaching safepoint: 50101 ns, At safepoint: 3400 ns, Total: 53501 ns
[1293.981s][info ][safepoint      ] Safepoint "Cleanup", Time since last: 1000127333 ns, Reaching safepoint: 134603 ns, At safepoint: 11201 ns, Total: 145804 ns
[1297.981s][info ][safepoint      ] Safepoint "Cleanup", Time since last: 4000312228 ns, Reaching safepoint: 114102 ns, At safepoint: 7100 ns, Total: 121202 ns
[1298.982s][info ][safepoint      ] Safepoint "Cleanup", Time since last: 1000090733 ns, Reaching safepoint: 129503 ns, At safepoint: 20200 ns, Total: 149703 ns
[1301.625s][info ][safepoint      ] Safepoint "ICBufferFull", Time since last: 2643053935 ns, Reaching safepoint: 75702 ns, At safepoint: 14100 ns, Total: 89802 ns
[1302.625s][info ][safepoint      ] Safepoint "Cleanup", Time since last: 1000089333 ns, Reaching safepoint: 89202 ns, At safepoint: 5900 ns, Total: 95102 ns
[1306.625s][info ][safepoint      ] Safepoint "Cleanup", Time since last: 4000282129 ns, Reaching safepoint: 49901 ns, At safepoint: 3300 ns, Total: 53201 ns
[1315.127s][info ][gc,start       ] GC(134) Pause Young (Allocation Failure)
[1315.149s][debug][gc,phases      ] GC(134) Scavenge 21.075ms
[1315.149s][debug][gc,ref         ] GC(134) Skipped phase 1 of Reference Processing: no references
[1315.149s][debug][gc,ref         ] GC(134) ReferenceProcessor::execute queues: 1, RefProcThreadModel::Single, marks_oops_alive: false
[1315.149s][debug][gc,ref         ] GC(134) Skipped phase 3 of Reference Processing: no references
[1315.149s][debug][gc,ref         ] GC(134) ReferenceProcessor::execute queues: 1, RefProcThreadModel::Single, marks_oops_alive: false
[1315.149s][debug][gc,phases      ] GC(134) Reference Processing 0.116ms
[1315.149s][debug][gc,phases      ] GC(134)   VM Weak                        Min:  0.0, Avg:  0.0, Max:  0.0, Diff:  0.0, Sum:  0.0, Workers: 4
[1315.149s][debug][gc,phases      ] GC(134)     Dead                           Min: 0, Avg:  0.0, Max: 0, Diff: 0, Sum: 0, Workers: 4
[1315.149s][debug][gc,phases      ] GC(134)     Total                          Min: 0, Avg: 181.0, Max: 532, Diff: 532, Sum: 724, Workers: 4
[1315.149s][debug][gc,phases      ] GC(134)   ObjectSynchronizer Weak        Min:  0.0, Avg:  0.0, Max:  0.0, Diff:  0.0, Sum:  0.0, Workers: 4
[1315.149s][debug][gc,phases      ] GC(134)     Dead                           Min: 0, Avg:  0.0, Max: 0, Diff: 0, Sum: 0, Workers: 4
[1315.149s][debug][gc,phases      ] GC(134)     Total                          Min: 0, Avg: 77.8, Max: 183, Diff: 183, Sum: 311, Workers: 4
[1315.149s][debug][gc,phases      ] GC(134)   JVMTI Tag Weak OopStorage      Min:  0.0, Avg:  0.0, Max:  0.0, Diff:  0.0, Sum:  0.0, Workers: 4
[1315.149s][debug][gc,phases      ] GC(134)     Dead                           Min: 0, Avg:  0.0, Max: 0, Diff: 0, Sum: 0, Workers: 4
[1315.149s][debug][gc,phases      ] GC(134)     Total                          Min: 0, Avg:  0.0, Max: 0, Diff: 0, Sum: 0, Workers: 4
[1315.149s][debug][gc,phases      ] GC(134)   StringTable Weak               Min:  0.1, Avg:  0.1, Max:  0.1, Diff:  0.0, Sum:  0.5, Workers: 4
[1315.149s][debug][gc,phases      ] GC(134)     Dead                           Min: 0, Avg:  0.0, Max: 0, Diff: 0, Sum: 0, Workers: 4
[1315.149s][debug][gc,phases      ] GC(134)     Total                          Min: 9856, Avg: 12151.8, Max: 13248, Diff: 3392, Sum: 48607, Workers: 4
[1315.149s][debug][gc,phases      ] GC(134)   ResolvedMethodTable Weak       Min:  0.0, Avg:  0.0, Max:  0.0, Diff:  0.0, Sum:  0.1, Workers: 4
[1315.149s][debug][gc,phases      ] GC(134)     Dead                           Min: 0, Avg:  0.0, Max: 0, Diff: 0, Sum: 0, Workers: 4
[1315.149s][debug][gc,phases      ] GC(134)     Total                          Min: 1792, Avg: 2114.0, Max: 2248, Diff: 456, Sum: 8456, Workers: 4
[1315.149s][debug][gc,phases      ] GC(134)   JNI Weak                       Min:  0.0, Avg:  0.0, Max:  0.0, Diff:  0.0, Sum:  0.0, Workers: 4
[1315.149s][debug][gc,phases      ] GC(134)     Dead                           Min: 0, Avg:  0.0, Max: 0, Diff: 0, Sum: 0, Workers: 4
[1315.149s][debug][gc,phases      ] GC(134)     Total                          Min: 0, Avg:  0.0, Max: 0, Diff: 0, Sum: 0, Workers: 4
[1315.149s][debug][gc,phases      ] GC(134)   StringDedup Table Weak         Min:  0.0, Avg:  0.0, Max:  0.0, Diff:  0.0, Sum:  0.0, Workers: 4
[1315.149s][debug][gc,phases      ] GC(134)     Dead                           Min: 0, Avg:  0.0, Max: 0, Diff: 0, Sum: 0, Workers: 4
[1315.149s][debug][gc,phases      ] GC(134)     Total                          Min: 0, Avg:  0.0, Max: 0, Diff: 0, Sum: 0, Workers: 4
[1315.149s][debug][gc,phases      ] GC(134)   StringDedup Requests0 Weak     Min:  0.0, Avg:  0.0, Max:  0.0, Diff:  0.0, Sum:  0.0, Workers: 4
[1315.149s][debug][gc,phases      ] GC(134)     Dead                           Min: 0, Avg:  0.0, Max: 0, Diff: 0, Sum: 0, Workers: 4
[1315.149s][debug][gc,phases      ] GC(134)     Total                          Min: 0, Avg:  0.0, Max: 0, Diff: 0, Sum: 0, Workers: 4
[1315.149s][debug][gc,phases      ] GC(134)   StringDedup Requests1 Weak     Min:  0.0, Avg:  0.0, Max:  0.0, Diff:  0.0, Sum:  0.0, Workers: 4
[1315.149s][debug][gc,phases      ] GC(134)     Dead                           Min: 0, Avg:  0.0, Max: 0, Diff: 0, Sum: 0, Workers: 4
[1315.149s][debug][gc,phases      ] GC(134)     Total                          Min: 0, Avg:  0.0, Max: 0, Diff: 0, Sum: 0, Workers: 4
[1315.149s][debug][gc,phases      ] GC(134)   Weak JFR Old Object Samples    Min:  0.0, Avg:  0.0, Max:  0.0, Diff:  0.0, Sum:  0.0, Workers: 4
[1315.149s][debug][gc,phases      ] GC(134)     Dead                           Min: 0, Avg:  0.0, Max: 0, Diff: 0, Sum: 0, Workers: 4
[1315.149s][debug][gc,phases      ] GC(134)     Total                          Min: 0, Avg:  0.0, Max: 0, Diff: 0, Sum: 0, Workers: 4
[1315.149s][debug][gc,phases      ] GC(134) Weak Processing 0.411ms
[1315.149s][debug][gc,age         ] GC(134) Desired survivor size 117440512 bytes, new threshold 15 (max threshold 15)
[1315.149s][info ][gc,heap        ] GC(134) PSYoungGen: 1869760K(1963520K)->41680K(1982464K) Eden: 1832960K(1832960K)->0K(1860608K) From: 36800K(130560K)->41680K(121856K)
[1315.149s][info ][gc,heap        ] GC(134) ParOldGen: 533795K(621056K)->533819K(621056K)
[1315.149s][info ][gc,metaspace   ] GC(134) Metaspace: 84468K(85376K)->84468K(85376K) NonClass: 72691K(73152K)->72691K(73152K) Class: 11777K(12224K)->11777K(12224K)
[1315.149s][info ][gc             ] GC(134) Pause Young (Allocation Failure) 2347M->562M(2542M) 21.748ms
[1315.149s][info ][gc,cpu         ] GC(134) User=0.06s Sys=0.00s Real=0.03s
[1315.149s][info ][safepoint      ] Safepoint "ParallelGCFailedAllocation", Time since last: 8502082260 ns, Reaching safepoint: 43001 ns, At safepoint: 21858175 ns, Total: 21901176 ns
[1317.150s][info ][safepoint      ] Safepoint "Cleanup", Time since last: 2000167466 ns, Reaching safepoint: 40301 ns, At safepoint: 3200 ns, Total: 43501 ns
[1320.150s][info ][safepoint      ] Safepoint "Cleanup", Time since last: 3000235200 ns, Reaching safepoint: 104202 ns, At safepoint: 11300 ns, Total: 115502 ns
[1322.150s][info ][safepoint      ] Safepoint "Cleanup", Time since last: 2000147067 ns, Reaching safepoint: 50301 ns, At safepoint: 2700 ns, Total: 53001 ns
[1348.152s][info ][safepoint      ] Safepoint "Cleanup", Time since last: 26001709279 ns, Reaching safepoint: 76101 ns, At safepoint: 8500 ns, Total: 84601 ns
[1350.152s][info ][safepoint      ] Safepoint "Cleanup", Time since last: 2000197571 ns, Reaching safepoint: 59901 ns, At safepoint: 5900 ns, Total: 65801 ns
[1352.152s][info ][safepoint      ] Safepoint "Cleanup", Time since last: 2000194371 ns, Reaching safepoint: 50401 ns, At safepoint: 40601 ns, Total: 91002 ns
[1354.153s][info ][safepoint      ] Safepoint "Cleanup", Time since last: 2000191770 ns, Reaching safepoint: 53702 ns, At safepoint: 4900 ns, Total: 58602 ns
[1354.477s][info ][gc,start       ] GC(135) Pause Young (Allocation Failure)
[1354.489s][debug][gc,phases      ] GC(135) Scavenge 11.991ms
[1354.490s][debug][gc,ref         ] GC(135) Skipped phase 1 of Reference Processing: no references
[1354.490s][debug][gc,ref         ] GC(135) ReferenceProcessor::execute queues: 1, RefProcThreadModel::Single, marks_oops_alive: false
[1354.490s][debug][gc,ref         ] GC(135) Skipped phase 3 of Reference Processing: no references
[1354.490s][debug][gc,ref         ] GC(135) ReferenceProcessor::execute queues: 1, RefProcThreadModel::Single, marks_oops_alive: false
[1354.490s][debug][gc,phases      ] GC(135) Reference Processing 0.126ms
[1354.490s][debug][gc,phases      ] GC(135)   VM Weak                        Min:  0.0, Avg:  0.0, Max:  0.0, Diff:  0.0, Sum:  0.0, Workers: 4
[1354.490s][debug][gc,phases      ] GC(135)     Dead                           Min: 0, Avg:  0.0, Max: 0, Diff: 0, Sum: 0, Workers: 4
[1354.490s][debug][gc,phases      ] GC(135)     Total                          Min: 0, Avg: 181.0, Max: 404, Diff: 404, Sum: 724, Workers: 4
[1354.490s][debug][gc,phases      ] GC(135)   ObjectSynchronizer Weak        Min:  0.0, Avg:  0.0, Max:  0.0, Diff:  0.0, Sum:  0.0, Workers: 4
[1354.490s][debug][gc,phases      ] GC(135)     Dead                           Min: 0, Avg:  0.0, Max: 0, Diff: 0, Sum: 0, Workers: 4
[1354.490s][debug][gc,phases      ] GC(135)     Total                          Min: 0, Avg: 77.8, Max: 128, Diff: 128, Sum: 311, Workers: 4
[1354.490s][debug][gc,phases      ] GC(135)   JVMTI Tag Weak OopStorage      Min:  0.0, Avg:  0.0, Max:  0.0, Diff:  0.0, Sum:  0.0, Workers: 4
[1354.490s][debug][gc,phases      ] GC(135)     Dead                           Min: 0, Avg:  0.0, Max: 0, Diff: 0, Sum: 0, Workers: 4
[1354.490s][debug][gc,phases      ] GC(135)     Total                          Min: 0, Avg:  0.0, Max: 0, Diff: 0, Sum: 0, Workers: 4
[1354.490s][debug][gc,phases      ] GC(135)   StringTable Weak               Min:  0.1, Avg:  0.1, Max:  0.1, Diff:  0.0, Sum:  0.4, Workers: 4
[1354.490s][debug][gc,phases      ] GC(135)     Dead                           Min: 0, Avg:  0.0, Max: 0, Diff: 0, Sum: 0, Workers: 4
[1354.490s][debug][gc,phases      ] GC(135)     Total                          Min: 11584, Avg: 12155.5, Max: 12672, Diff: 1088, Sum: 48622, Workers: 4
[1354.490s][debug][gc,phases      ] GC(135)   ResolvedMethodTable Weak       Min:  0.0, Avg:  0.0, Max:  0.0, Diff:  0.0, Sum:  0.1, Workers: 4
[1354.490s][debug][gc,phases      ] GC(135)     Dead                           Min: 0, Avg:  0.0, Max: 0, Diff: 0, Sum: 0, Workers: 4
[1354.490s][debug][gc,phases      ] GC(135)     Total                          Min: 1792, Avg: 2114.0, Max: 2368, Diff: 576, Sum: 8456, Workers: 4
[1354.490s][debug][gc,phases      ] GC(135)   JNI Weak                       Min:  0.0, Avg:  0.0, Max:  0.0, Diff:  0.0, Sum:  0.0, Workers: 4
[1354.490s][debug][gc,phases      ] GC(135)     Dead                           Min: 0, Avg:  0.0, Max: 0, Diff: 0, Sum: 0, Workers: 4
[1354.490s][debug][gc,phases      ] GC(135)     Total                          Min: 0, Avg:  0.0, Max: 0, Diff: 0, Sum: 0, Workers: 4
[1354.490s][debug][gc,phases      ] GC(135)   StringDedup Table Weak         Min:  0.0, Avg:  0.0, Max:  0.0, Diff:  0.0, Sum:  0.0, Workers: 4
[1354.490s][debug][gc,phases      ] GC(135)     Dead                           Min: 0, Avg:  0.0, Max: 0, Diff: 0, Sum: 0, Workers: 4
[1354.490s][debug][gc,phases      ] GC(135)     Total                          Min: 0, Avg:  0.0, Max: 0, Diff: 0, Sum: 0, Workers: 4
[1354.490s][debug][gc,phases      ] GC(135)   StringDedup Requests0 Weak     Min:  0.0, Avg:  0.0, Max:  0.0, Diff:  0.0, Sum:  0.0, Workers: 4
[1354.490s][debug][gc,phases      ] GC(135)     Dead                           Min: 0, Avg:  0.0, Max: 0, Diff: 0, Sum: 0, Workers: 4
[1354.490s][debug][gc,phases      ] GC(135)     Total                          Min: 0, Avg:  0.0, Max: 0, Diff: 0, Sum: 0, Workers: 4
[1354.490s][debug][gc,phases      ] GC(135)   StringDedup Requests1 Weak     Min:  0.0, Avg:  0.0, Max:  0.0, Diff:  0.0, Sum:  0.0, Workers: 4
[1354.490s][debug][gc,phases      ] GC(135)     Dead                           Min: 0, Avg:  0.0, Max: 0, Diff: 0, Sum: 0, Workers: 4
[1354.490s][debug][gc,phases      ] GC(135)     Total                          Min: 0, Avg:  0.0, Max: 0, Diff: 0, Sum: 0, Workers: 4
[1354.490s][debug][gc,phases      ] GC(135)   Weak JFR Old Object Samples    Min:  0.0, Avg:  0.0, Max:  0.0, Diff:  0.0, Sum:  0.0, Workers: 4
[1354.490s][debug][gc,phases      ] GC(135)     Dead                           Min: 0, Avg:  0.0, Max: 0, Diff: 0, Sum: 0, Workers: 4
[1354.490s][debug][gc,phases      ] GC(135)     Total                          Min: 0, Avg:  0.0, Max: 0, Diff: 0, Sum: 0, Workers: 4
[1354.490s][debug][gc,phases      ] GC(135) Weak Processing 0.315ms
[1354.490s][debug][gc,age         ] GC(135) Desired survivor size 110100480 bytes, new threshold 15 (max threshold 15)
[1354.490s][info ][gc,heap        ] GC(135) PSYoungGen: 1902288K(1982464K)->41568K(1975296K) Eden: 1860608K(1860608K)->0K(1860608K) From: 41680K(121856K)->41568K(114688K)
[1354.490s][info ][gc,heap        ] GC(135) ParOldGen: 533819K(621056K)->533851K(621056K)
[1354.490s][info ][gc,metaspace   ] GC(135) Metaspace: 84473K(85376K)->84473K(85376K) NonClass: 72695K(73152K)->72695K(73152K) Class: 11777K(12224K)->11777K(12224K)
[1354.490s][info ][gc             ] GC(135) Pause Young (Allocation Failure) 2379M->561M(2535M) 12.572ms
[1354.490s][info ][gc,cpu         ] GC(135) User=0.05s Sys=0.00s Real=0.01s
[1354.490s][info ][safepoint      ] Safepoint "ParallelGCFailedAllocation", Time since last: 324614555 ns, Reaching safepoint: 140003 ns, At safepoint: 12661475 ns, Total: 12801478 ns
[1362.491s][info ][safepoint      ] Safepoint "Cleanup", Time since last: 8000577880 ns, Reaching safepoint: 52301 ns, At safepoint: 6801 ns, Total: 59102 ns
[1367.491s][info ][safepoint      ] Safepoint "Cleanup", Time since last: 5000352076 ns, Reaching safepoint: 75602 ns, At safepoint: 3300 ns, Total: 78902 ns
[1368.491s][info ][safepoint      ] Safepoint "Cleanup", Time since last: 1000118137 ns, Reaching safepoint: 62901 ns, At safepoint: 6000 ns, Total: 68901 ns
[1369.492s][info ][safepoint      ] Safepoint "Cleanup", Time since last: 1000112236 ns, Reaching safepoint: 52602 ns, At safepoint: 14000 ns, Total: 66602 ns
[1370.492s][info ][safepoint      ] Safepoint "Cleanup", Time since last: 1000111036 ns, Reaching safepoint: 48301 ns, At safepoint: 4101 ns, Total: 52402 ns
[1372.492s][info ][safepoint      ] Safepoint "Cleanup", Time since last: 2000194572 ns, Reaching safepoint: 53501 ns, At safepoint: 8300 ns, Total: 61801 ns
[1373.492s][info ][safepoint      ] Safepoint "Cleanup", Time since last: 1000107937 ns, Reaching safepoint: 57101 ns, At safepoint: 8000 ns, Total: 65101 ns
[1374.492s][info ][safepoint      ] Safepoint "Cleanup", Time since last: 1000111937 ns, Reaching safepoint: 49801 ns, At safepoint: 2800 ns, Total: 52601 ns
[1377.493s][info ][safepoint      ] Safepoint "Cleanup", Time since last: 3000246208 ns, Reaching safepoint: 49301 ns, At safepoint: 3900 ns, Total: 53201 ns
[1381.493s][info ][safepoint      ] Safepoint "Cleanup", Time since last: 4000322845 ns, Reaching safepoint: 49101 ns, At safepoint: 2901 ns, Total: 52002 ns
[1384.493s][info ][safepoint      ] Safepoint "Cleanup", Time since last: 3000235209 ns, Reaching safepoint: 47801 ns, At safepoint: 3800 ns, Total: 51601 ns
[1385.493s][info ][safepoint      ] Safepoint "Cleanup", Time since last: 1000115737 ns, Reaching safepoint: 41901 ns, At safepoint: 3000 ns, Total: 44901 ns
[1386.494s][info ][safepoint      ] Safepoint "Cleanup", Time since last: 1000110037 ns, Reaching safepoint: 53001 ns, At safepoint: 5500 ns, Total: 58501 ns
[1390.494s][info ][safepoint      ] Safepoint "Cleanup", Time since last: 4000316447 ns, Reaching safepoint: 45401 ns, At safepoint: 3000 ns, Total: 48401 ns
[1396.494s][info ][safepoint      ] Safepoint "Cleanup", Time since last: 6000411819 ns, Reaching safepoint: 45801 ns, At safepoint: 4700 ns, Total: 50501 ns
[1397.495s][info ][safepoint      ] Safepoint "Cleanup", Time since last: 1000109838 ns, Reaching safepoint: 47701 ns, At safepoint: 2400 ns, Total: 50101 ns
[1405.495s][info ][safepoint      ] Safepoint "Cleanup", Time since last: 8000520295 ns, Reaching safepoint: 47901 ns, At safepoint: 9800 ns, Total: 57701 ns
[1409.495s][info ][safepoint      ] Safepoint "Cleanup", Time since last: 4000281849 ns, Reaching safepoint: 49802 ns, At safepoint: 5400 ns, Total: 55202 ns
[1411.496s][info ][safepoint      ] Safepoint "Cleanup", Time since last: 2000174075 ns, Reaching safepoint: 55701 ns, At safepoint: 3000 ns, Total: 58701 ns
[1413.496s][info ][safepoint      ] Safepoint "Cleanup", Time since last: 2000183976 ns, Reaching safepoint: 38901 ns, At safepoint: 2500 ns, Total: 41401 ns
[1416.420s][info ][gc,start       ] GC(136) Pause Young (Allocation Failure)
[1416.432s][debug][gc,phases      ] GC(136) Scavenge 11.890ms
[1416.432s][debug][gc,ref         ] GC(136) Skipped phase 1 of Reference Processing: no references
[1416.432s][debug][gc,ref         ] GC(136) ReferenceProcessor::execute queues: 1, RefProcThreadModel::Single, marks_oops_alive: false
[1416.432s][debug][gc,ref         ] GC(136) ReferenceProcessor::execute queues: 4, RefProcThreadModel::Multi, marks_oops_alive: true
[1416.432s][debug][gc,ref         ] GC(136) ReferenceProcessor::execute queues: 1, RefProcThreadModel::Single, marks_oops_alive: false
[1416.432s][debug][gc,phases      ] GC(136) Reference Processing 0.195ms
[1416.432s][debug][gc,phases      ] GC(136)   VM Weak                        Min:  0.0, Avg:  0.0, Max:  0.0, Diff:  0.0, Sum:  0.0, Workers: 4
[1416.432s][debug][gc,phases      ] GC(136)     Dead                           Min: 0, Avg:  0.0, Max: 0, Diff: 0, Sum: 0, Workers: 4
[1416.432s][debug][gc,phases      ] GC(136)     Total                          Min: 0, Avg: 181.0, Max: 384, Diff: 384, Sum: 724, Workers: 4
[1416.432s][debug][gc,phases      ] GC(136)   ObjectSynchronizer Weak        Min:  0.0, Avg:  0.0, Max:  0.0, Diff:  0.0, Sum:  0.0, Workers: 4
[1416.432s][debug][gc,phases      ] GC(136)     Dead                           Min: 0, Avg:  0.0, Max: 0, Diff: 0, Sum: 0, Workers: 4
[1416.432s][debug][gc,phases      ] GC(136)     Total                          Min: 0, Avg: 78.0, Max: 128, Diff: 128, Sum: 312, Workers: 4
[1416.432s][debug][gc,phases      ] GC(136)   JVMTI Tag Weak OopStorage      Min:  0.0, Avg:  0.0, Max:  0.0, Diff:  0.0, Sum:  0.0, Workers: 4
[1416.432s][debug][gc,phases      ] GC(136)     Dead                           Min: 0, Avg:  0.0, Max: 0, Diff: 0, Sum: 0, Workers: 4
[1416.432s][debug][gc,phases      ] GC(136)     Total                          Min: 0, Avg:  0.0, Max: 0, Diff: 0, Sum: 0, Workers: 4
[1416.432s][debug][gc,phases      ] GC(136)   StringTable Weak               Min:  0.1, Avg:  0.1, Max:  0.1, Diff:  0.0, Sum:  0.5, Workers: 4
[1416.432s][debug][gc,phases      ] GC(136)     Dead                           Min: 0, Avg:  0.0, Max: 0, Diff: 0, Sum: 0, Workers: 4
[1416.432s][debug][gc,phases      ] GC(136)     Total                          Min: 11247, Avg: 12155.8, Max: 13696, Diff: 2449, Sum: 48623, Workers: 4
[1416.432s][debug][gc,phases      ] GC(136)   ResolvedMethodTable Weak       Min:  0.0, Avg:  0.0, Max:  0.0, Diff:  0.0, Sum:  0.1, Workers: 4
[1416.432s][debug][gc,phases      ] GC(136)     Dead                           Min: 0, Avg:  0.0, Max: 0, Diff: 0, Sum: 0, Workers: 4
[1416.432s][debug][gc,phases      ] GC(136)     Total                          Min: 1728, Avg: 2114.0, Max: 2368, Diff: 640, Sum: 8456, Workers: 4
[1416.432s][debug][gc,phases      ] GC(136)   JNI Weak                       Min:  0.0, Avg:  0.0, Max:  0.0, Diff:  0.0, Sum:  0.0, Workers: 4
[1416.432s][debug][gc,phases      ] GC(136)     Dead                           Min: 0, Avg:  0.0, Max: 0, Diff: 0, Sum: 0, Workers: 4
[1416.432s][debug][gc,phases      ] GC(136)     Total                          Min: 0, Avg:  0.0, Max: 0, Diff: 0, Sum: 0, Workers: 4
[1416.432s][debug][gc,phases      ] GC(136)   StringDedup Table Weak         Min:  0.0, Avg:  0.0, Max:  0.0, Diff:  0.0, Sum:  0.0, Workers: 4
[1416.432s][debug][gc,phases      ] GC(136)     Dead                           Min: 0, Avg:  0.0, Max: 0, Diff: 0, Sum: 0, Workers: 4
[1416.432s][debug][gc,phases      ] GC(136)     Total                          Min: 0, Avg:  0.0, Max: 0, Diff: 0, Sum: 0, Workers: 4
[1416.432s][debug][gc,phases      ] GC(136)   StringDedup Requests0 Weak     Min:  0.0, Avg:  0.0, Max:  0.0, Diff:  0.0, Sum:  0.0, Workers: 4
[1416.432s][debug][gc,phases      ] GC(136)     Dead                           Min: 0, Avg:  0.0, Max: 0, Diff: 0, Sum: 0, Workers: 4
[1416.432s][debug][gc,phases      ] GC(136)     Total                          Min: 0, Avg:  0.0, Max: 0, Diff: 0, Sum: 0, Workers: 4
[1416.432s][debug][gc,phases      ] GC(136)   StringDedup Requests1 Weak     Min:  0.0, Avg:  0.0, Max:  0.0, Diff:  0.0, Sum:  0.0, Workers: 4
[1416.432s][debug][gc,phases      ] GC(136)     Dead                           Min: 0, Avg:  0.0, Max: 0, Diff: 0, Sum: 0, Workers: 4
[1416.432s][debug][gc,phases      ] GC(136)     Total                          Min: 0, Avg:  0.0, Max: 0, Diff: 0, Sum: 0, Workers: 4
[1416.432s][debug][gc,phases      ] GC(136)   Weak JFR Old Object Samples    Min:  0.0, Avg:  0.0, Max:  0.0, Diff:  0.0, Sum:  0.0, Workers: 4
[1416.432s][debug][gc,phases      ] GC(136)     Dead                           Min: 0, Avg:  0.0, Max: 0, Diff: 0, Sum: 0, Workers: 4
[1416.432s][debug][gc,phases      ] GC(136)     Total                          Min: 0, Avg:  0.0, Max: 0, Diff: 0, Sum: 0, Workers: 4
[1416.432s][debug][gc,phases      ] GC(136) Weak Processing 0.334ms
[1416.432s][debug][gc,age         ] GC(136) Desired survivor size 103809024 bytes, new threshold 15 (max threshold 15)
[1416.432s][info ][gc,heap        ] GC(136) PSYoungGen: 1902176K(1975296K)->36544K(1995776K) Eden: 1860608K(1860608K)->0K(1888256K) From: 41568K(114688K)->36544K(107520K)
[1416.432s][info ][gc,heap        ] GC(136) ParOldGen: 533851K(621056K)->533891K(621056K)
[1416.432s][info ][gc,metaspace   ] GC(136) Metaspace: 84506K(85440K)->84506K(85440K) NonClass: 72728K(73216K)->72728K(73216K) Class: 11777K(12224K)->11777K(12224K)
[1416.432s][info ][gc             ] GC(136) Pause Young (Allocation Failure) 2378M->557M(2555M) 12.546ms
[1416.432s][info ][gc,cpu         ] GC(136) User=0.05s Sys=0.00s Real=0.01s
[1416.433s][info ][safepoint      ] Safepoint "ParallelGCFailedAllocation", Time since last: 2923933855 ns, Reaching safepoint: 33001 ns, At safepoint: 12662675 ns, Total: 12695676 ns
[1435.434s][info ][safepoint      ] Safepoint "Cleanup", Time since last: 19001272121 ns, Reaching safepoint: 100602 ns, At safepoint: 14101 ns, Total: 114703 ns
[1439.434s][info ][safepoint      ] Safepoint "Cleanup", Time since last: 4000309954 ns, Reaching safepoint: 55201 ns, At safepoint: 8001 ns, Total: 63202 ns
[1440.434s][info ][safepoint      ] Safepoint "Cleanup", Time since last: 1000088939 ns, Reaching safepoint: 69301 ns, At safepoint: 9600 ns, Total: 78901 ns
[1442.435s][info ][safepoint      ] Safepoint "Cleanup", Time since last: 2000173778 ns, Reaching safepoint: 68702 ns, At safepoint: 13600 ns, Total: 82302 ns
[1443.435s][info ][safepoint      ] Safepoint "Cleanup", Time since last: 1000115140 ns, Reaching safepoint: 52801 ns, At safepoint: 4000 ns, Total: 56801 ns
[1446.435s][info ][safepoint      ] Safepoint "Cleanup", Time since last: 3000233617 ns, Reaching safepoint: 62201 ns, At safepoint: 9601 ns, Total: 71802 ns
[1447.435s][info ][safepoint      ] Safepoint "Cleanup", Time since last: 1000114539 ns, Reaching safepoint: 56502 ns, At safepoint: 9500 ns, Total: 66002 ns
[1451.436s][info ][safepoint      ] Safepoint "Cleanup", Time since last: 4000315457 ns, Reaching safepoint: 49701 ns, At safepoint: 6000 ns, Total: 55701 ns
[1453.436s][info ][safepoint      ] Safepoint "Cleanup", Time since last: 2000182979 ns, Reaching safepoint: 52501 ns, At safepoint: 7900 ns, Total: 60401 ns
[1455.436s][info ][safepoint      ] Safepoint "Cleanup", Time since last: 2000169679 ns, Reaching safepoint: 58402 ns, At safepoint: 5300 ns, Total: 63702 ns
[1456.436s][info ][safepoint      ] Safepoint "Cleanup", Time since last: 1000108940 ns, Reaching safepoint: 30900 ns, At safepoint: 6001 ns, Total: 36901 ns
[1457.437s][info ][safepoint      ] Safepoint "Cleanup", Time since last: 1000099139 ns, Reaching safepoint: 44001 ns, At safepoint: 10801 ns, Total: 54802 ns
[1459.437s][info ][safepoint      ] Safepoint "Cleanup", Time since last: 2000171279 ns, Reaching safepoint: 44501 ns, At safepoint: 2600 ns, Total: 47101 ns
[1462.437s][info ][safepoint      ] Safepoint "Cleanup", Time since last: 3000192418 ns, Reaching safepoint: 50101 ns, At safepoint: 9600 ns, Total: 59701 ns
[1463.437s][info ][safepoint      ] Safepoint "Cleanup", Time since last: 1000101340 ns, Reaching safepoint: 52102 ns, At safepoint: 2800 ns, Total: 54902 ns
[1487.247s][info ][safepoint      ] Safepoint "Cleanup", Time since last: 23810166196 ns, Reaching safepoint: 77202 ns, At safepoint: 10700 ns, Total: 87902 ns
[1489.248s][info ][safepoint      ] Safepoint "Cleanup", Time since last: 2000181782 ns, Reaching safepoint: 52201 ns, At safepoint: 7300 ns, Total: 59501 ns
[1490.248s][info ][safepoint      ] Safepoint "Cleanup", Time since last: 1000096841 ns, Reaching safepoint: 30901 ns, At safepoint: 3300 ns, Total: 34201 ns
[1496.579s][info ][gc,start       ] GC(137) Pause Young (Allocation Failure)
[1496.589s][debug][gc,phases      ] GC(137) Scavenge 10.113ms
[1496.589s][debug][gc,ref         ] GC(137) Skipped phase 1 of Reference Processing: no references
[1496.589s][debug][gc,ref         ] GC(137) ReferenceProcessor::execute queues: 1, RefProcThreadModel::Single, marks_oops_alive: false
[1496.589s][debug][gc,ref         ] GC(137) Skipped phase 3 of Reference Processing: no references
[1496.589s][debug][gc,ref         ] GC(137) ReferenceProcessor::execute queues: 1, RefProcThreadModel::Single, marks_oops_alive: false
[1496.589s][debug][gc,phases      ] GC(137) Reference Processing 0.113ms
[1496.590s][debug][gc,phases      ] GC(137)   VM Weak                        Min:  0.0, Avg:  0.0, Max:  0.0, Diff:  0.0, Sum:  0.0, Workers: 4
[1496.590s][debug][gc,phases      ] GC(137)     Dead                           Min: 0, Avg:  0.0, Max: 0, Diff: 0, Sum: 0, Workers: 4
[1496.590s][debug][gc,phases      ] GC(137)     Total                          Min: 0, Avg: 181.0, Max: 468, Diff: 468, Sum: 724, Workers: 4
[1496.590s][debug][gc,phases      ] GC(137)   ObjectSynchronizer Weak        Min:  0.0, Avg:  0.0, Max:  0.0, Diff:  0.0, Sum:  0.0, Workers: 4
[1496.590s][debug][gc,phases      ] GC(137)     Dead                           Min: 0, Avg:  0.0, Max: 0, Diff: 0, Sum: 0, Workers: 4
[1496.590s][debug][gc,phases      ] GC(137)     Total                          Min: 0, Avg: 78.0, Max: 128, Diff: 128, Sum: 312, Workers: 4
[1496.590s][debug][gc,phases      ] GC(137)   JVMTI Tag Weak OopStorage      Min:  0.0, Avg:  0.0, Max:  0.0, Diff:  0.0, Sum:  0.0, Workers: 4
[1496.590s][debug][gc,phases      ] GC(137)     Dead                           Min: 0, Avg:  0.0, Max: 0, Diff: 0, Sum: 0, Workers: 4
[1496.590s][debug][gc,phases      ] GC(137)     Total                          Min: 0, Avg:  0.0, Max: 0, Diff: 0, Sum: 0, Workers: 4
[1496.590s][debug][gc,phases      ] GC(137)   StringTable Weak               Min:  0.1, Avg:  0.1, Max:  0.1, Diff:  0.0, Sum:  0.4, Workers: 4
[1496.590s][debug][gc,phases      ] GC(137)     Dead                           Min: 0, Avg:  0.0, Max: 0, Diff: 0, Sum: 0, Workers: 4
[1496.590s][debug][gc,phases      ] GC(137)     Total                          Min: 10112, Avg: 12158.8, Max: 14720, Diff: 4608, Sum: 48635, Workers: 4
[1496.590s][debug][gc,phases      ] GC(137)   ResolvedMethodTable Weak       Min:  0.0, Avg:  0.0, Max:  0.0, Diff:  0.0, Sum:  0.1, Workers: 4
[1496.590s][debug][gc,phases      ] GC(137)     Dead                           Min: 0, Avg:  0.0, Max: 0, Diff: 0, Sum: 0, Workers: 4
[1496.590s][debug][gc,phases      ] GC(137)     Total                          Min: 1792, Avg: 2114.0, Max: 2496, Diff: 704, Sum: 8456, Workers: 4
[1496.590s][debug][gc,phases      ] GC(137)   JNI Weak                       Min:  0.0, Avg:  0.0, Max:  0.0, Diff:  0.0, Sum:  0.0, Workers: 4
[1496.590s][debug][gc,phases      ] GC(137)     Dead                           Min: 0, Avg:  0.0, Max: 0, Diff: 0, Sum: 0, Workers: 4
[1496.590s][debug][gc,phases      ] GC(137)     Total                          Min: 0, Avg:  0.0, Max: 0, Diff: 0, Sum: 0, Workers: 4
[1496.590s][debug][gc,phases      ] GC(137)   StringDedup Table Weak         Min:  0.0, Avg:  0.0, Max:  0.0, Diff:  0.0, Sum:  0.0, Workers: 4
[1496.590s][debug][gc,phases      ] GC(137)     Dead                           Min: 0, Avg:  0.0, Max: 0, Diff: 0, Sum: 0, Workers: 4
[1496.590s][debug][gc,phases      ] GC(137)     Total                          Min: 0, Avg:  0.0, Max: 0, Diff: 0, Sum: 0, Workers: 4
[1496.590s][debug][gc,phases      ] GC(137)   StringDedup Requests0 Weak     Min:  0.0, Avg:  0.0, Max:  0.0, Diff:  0.0, Sum:  0.0, Workers: 4
[1496.590s][debug][gc,phases      ] GC(137)     Dead                           Min: 0, Avg:  0.0, Max: 0, Diff: 0, Sum: 0, Workers: 4
[1496.590s][debug][gc,phases      ] GC(137)     Total                          Min: 0, Avg:  0.0, Max: 0, Diff: 0, Sum: 0, Workers: 4
[1496.590s][debug][gc,phases      ] GC(137)   StringDedup Requests1 Weak     Min:  0.0, Avg:  0.0, Max:  0.0, Diff:  0.0, Sum:  0.0, Workers: 4
[1496.590s][debug][gc,phases      ] GC(137)     Dead                           Min: 0, Avg:  0.0, Max: 0, Diff: 0, Sum: 0, Workers: 4
[1496.590s][debug][gc,phases      ] GC(137)     Total                          Min: 0, Avg:  0.0, Max: 0, Diff: 0, Sum: 0, Workers: 4
[1496.590s][debug][gc,phases      ] GC(137)   Weak JFR Old Object Samples    Min:  0.0, Avg:  0.0, Max:  0.0, Diff:  0.0, Sum:  0.0, Workers: 4
[1496.590s][debug][gc,phases      ] GC(137)     Dead                           Min: 0, Avg:  0.0, Max: 0, Diff: 0, Sum: 0, Workers: 4
[1496.590s][debug][gc,phases      ] GC(137)     Total                          Min: 0, Avg:  0.0, Max: 0, Diff: 0, Sum: 0, Workers: 4
[1496.590s][debug][gc,phases      ] GC(137) Weak Processing 0.318ms
[1496.590s][debug][gc,age         ] GC(137) Desired survivor size 98041856 bytes, new threshold 15 (max threshold 15)
[1496.590s][info ][gc,heap        ] GC(137) PSYoungGen: 1924800K(1995776K)->36992K(1989632K) Eden: 1888256K(1888256K)->0K(1888256K) From: 36544K(107520K)->36992K(101376K)
[1496.590s][info ][gc,heap        ] GC(137) ParOldGen: 533891K(621056K)->533923K(621056K)
[1496.590s][info ][gc,metaspace   ] GC(137) Metaspace: 84514K(85440K)->84514K(85440K) NonClass: 72735K(73216K)->72735K(73216K) Class: 11778K(12224K)->11778K(12224K)
[1496.590s][info ][gc             ] GC(137) Pause Young (Allocation Failure) 2401M->557M(2549M) 10.677ms
[1496.590s][info ][gc,cpu         ] GC(137) User=0.04s Sys=0.00s Real=0.01s
[1496.590s][info ][safepoint      ] Safepoint "ParallelGCFailedAllocation", Time since last: 6331118233 ns, Reaching safepoint: 115803 ns, At safepoint: 10764534 ns, Total: 10880337 ns
[1503.590s][info ][safepoint      ] Safepoint "Cleanup", Time since last: 7000469585 ns, Reaching safepoint: 55602 ns, At safepoint: 9600 ns, Total: 65202 ns
[1504.590s][info ][safepoint      ] Safepoint "Cleanup", Time since last: 1000107942 ns, Reaching safepoint: 49301 ns, At safepoint: 5700 ns, Total: 55001 ns
[1506.591s][info ][safepoint      ] Safepoint "Cleanup", Time since last: 2000173383 ns, Reaching safepoint: 30801 ns, At safepoint: 29000 ns, Total: 59801 ns
[1508.591s][info ][safepoint      ] Safepoint "Cleanup", Time since last: 2000127982 ns, Reaching safepoint: 50601 ns, At safepoint: 11401 ns, Total: 62002 ns
[1509.591s][info ][safepoint      ] Safepoint "Cleanup", Time since last: 1000110142 ns, Reaching safepoint: 45901 ns, At safepoint: 3800 ns, Total: 49701 ns
[1517.592s][info ][safepoint      ] Safepoint "Cleanup", Time since last: 8000578431 ns, Reaching safepoint: 47401 ns, At safepoint: 3000 ns, Total: 50401 ns
[1522.592s][info ][safepoint      ] Safepoint "Cleanup", Time since last: 5000339908 ns, Reaching safepoint: 54201 ns, At safepoint: 5700 ns, Total: 59901 ns
[1523.592s][info ][safepoint      ] Safepoint "Cleanup", Time since last: 1000101943 ns, Reaching safepoint: 44201 ns, At safepoint: 3000 ns, Total: 47201 ns
[1533.255s][info ][safepoint      ] Safepoint "Cleanup", Time since last: 9662971777 ns, Reaching safepoint: 42400 ns, At safepoint: 15101 ns, Total: 57501 ns
[1534.255s][info ][safepoint      ] Safepoint "Cleanup", Time since last: 1000099443 ns, Reaching safepoint: 63201 ns, At safepoint: 7900 ns, Total: 71101 ns
[1538.256s][info ][safepoint      ] Safepoint "Cleanup", Time since last: 4000325570 ns, Reaching safepoint: 62901 ns, At safepoint: 2900 ns, Total: 65801 ns
[1540.256s][info ][safepoint      ] Safepoint "Cleanup", Time since last: 2000392590 ns, Reaching safepoint: 110003 ns, At safepoint: 7600 ns, Total: 117603 ns
[1551.257s][info ][safepoint      ] Safepoint "Cleanup", Time since last: 11000771567 ns, Reaching safepoint: 53501 ns, At safepoint: 10200 ns, Total: 63701 ns
[1553.257s][info ][safepoint      ] Safepoint "Cleanup", Time since last: 2000188387 ns, Reaching safepoint: 52401 ns, At safepoint: 2300 ns, Total: 54701 ns
[1556.258s][info ][safepoint      ] Safepoint "Cleanup", Time since last: 3000245129 ns, Reaching safepoint: 47801 ns, At safepoint: 3300 ns, Total: 51101 ns
[1557.258s][info ][safepoint      ] Safepoint "Cleanup", Time since last: 1000108144 ns, Reaching safepoint: 49401 ns, At safepoint: 2400 ns, Total: 51801 ns
[1574.832s][info ][gc,start       ] GC(138) Pause Young (Allocation Failure)
[1574.844s][debug][gc,phases      ] GC(138) Scavenge 12.364ms
[1574.844s][debug][gc,ref         ] GC(138) Skipped phase 1 of Reference Processing: no references
[1574.844s][debug][gc,ref         ] GC(138) ReferenceProcessor::execute queues: 1, RefProcThreadModel::Single, marks_oops_alive: false
[1574.844s][debug][gc,ref         ] GC(138) Skipped phase 3 of Reference Processing: no references
[1574.844s][debug][gc,ref         ] GC(138) ReferenceProcessor::execute queues: 1, RefProcThreadModel::Single, marks_oops_alive: false
[1574.844s][debug][gc,phases      ] GC(138) Reference Processing 0.116ms
[1574.844s][debug][gc,phases      ] GC(138)   VM Weak                        Min:  0.0, Avg:  0.0, Max:  0.0, Diff:  0.0, Sum:  0.0, Workers: 4
[1574.844s][debug][gc,phases      ] GC(138)     Dead                           Min: 0, Avg:  0.0, Max: 0, Diff: 0, Sum: 0, Workers: 4
[1574.844s][debug][gc,phases      ] GC(138)     Total                          Min: 0, Avg: 181.2, Max: 597, Diff: 597, Sum: 725, Workers: 4
[1574.844s][debug][gc,phases      ] GC(138)   ObjectSynchronizer Weak        Min:  0.0, Avg:  0.0, Max:  0.0, Diff:  0.0, Sum:  0.0, Workers: 4
[1574.844s][debug][gc,phases      ] GC(138)     Dead                           Min: 0, Avg:  0.0, Max: 0, Diff: 0, Sum: 0, Workers: 4
[1574.844s][debug][gc,phases      ] GC(138)     Total                          Min: 0, Avg: 78.0, Max: 184, Diff: 184, Sum: 312, Workers: 4
[1574.844s][debug][gc,phases      ] GC(138)   JVMTI Tag Weak OopStorage      Min:  0.0, Avg:  0.0, Max:  0.0, Diff:  0.0, Sum:  0.0, Workers: 4
[1574.844s][debug][gc,phases      ] GC(138)     Dead                           Min: 0, Avg:  0.0, Max: 0, Diff: 0, Sum: 0, Workers: 4
[1574.844s][debug][gc,phases      ] GC(138)     Total                          Min: 0, Avg:  0.0, Max: 0, Diff: 0, Sum: 0, Workers: 4
[1574.844s][debug][gc,phases      ] GC(138)   StringTable Weak               Min:  0.1, Avg:  0.1, Max:  0.1, Diff:  0.0, Sum:  0.4, Workers: 4
[1574.844s][debug][gc,phases      ] GC(138)     Dead                           Min: 0, Avg:  0.0, Max: 0, Diff: 0, Sum: 0, Workers: 4
[1574.844s][debug][gc,phases      ] GC(138)     Total                          Min: 11008, Avg: 12160.8, Max: 13187, Diff: 2179, Sum: 48643, Workers: 4
[1574.844s][debug][gc,phases      ] GC(138)   ResolvedMethodTable Weak       Min:  0.0, Avg:  0.0, Max:  0.0, Diff:  0.0, Sum:  0.1, Workers: 4
[1574.844s][debug][gc,phases      ] GC(138)     Dead                           Min: 0, Avg:  0.0, Max: 0, Diff: 0, Sum: 0, Workers: 4
[1574.844s][debug][gc,phases      ] GC(138)     Total                          Min: 1920, Avg: 2115.5, Max: 2318, Diff: 398, Sum: 8462, Workers: 4
[1574.844s][debug][gc,phases      ] GC(138)   JNI Weak                       Min:  0.0, Avg:  0.0, Max:  0.0, Diff:  0.0, Sum:  0.0, Workers: 4
[1574.844s][debug][gc,phases      ] GC(138)     Dead                           Min: 0, Avg:  0.0, Max: 0, Diff: 0, Sum: 0, Workers: 4
[1574.844s][debug][gc,phases      ] GC(138)     Total                          Min: 0, Avg:  0.0, Max: 0, Diff: 0, Sum: 0, Workers: 4
[1574.844s][debug][gc,phases      ] GC(138)   StringDedup Table Weak         Min:  0.0, Avg:  0.0, Max:  0.0, Diff:  0.0, Sum:  0.0, Workers: 4
[1574.844s][debug][gc,phases      ] GC(138)     Dead                           Min: 0, Avg:  0.0, Max: 0, Diff: 0, Sum: 0, Workers: 4
[1574.844s][debug][gc,phases      ] GC(138)     Total                          Min: 0, Avg:  0.0, Max: 0, Diff: 0, Sum: 0, Workers: 4
[1574.844s][debug][gc,phases      ] GC(138)   StringDedup Requests0 Weak     Min:  0.0, Avg:  0.0, Max:  0.0, Diff:  0.0, Sum:  0.0, Workers: 4
[1574.844s][debug][gc,phases      ] GC(138)     Dead                           Min: 0, Avg:  0.0, Max: 0, Diff: 0, Sum: 0, Workers: 4
[1574.844s][debug][gc,phases      ] GC(138)     Total                          Min: 0, Avg:  0.0, Max: 0, Diff: 0, Sum: 0, Workers: 4
[1574.845s][debug][gc,phases      ] GC(138)   StringDedup Requests1 Weak     Min:  0.0, Avg:  0.0, Max:  0.0, Diff:  0.0, Sum:  0.0, Workers: 4
[1574.845s][debug][gc,phases      ] GC(138)     Dead                           Min: 0, Avg:  0.0, Max: 0, Diff: 0, Sum: 0, Workers: 4
[1574.845s][debug][gc,phases      ] GC(138)     Total                          Min: 0, Avg:  0.0, Max: 0, Diff: 0, Sum: 0, Workers: 4
[1574.845s][debug][gc,phases      ] GC(138)   Weak JFR Old Object Samples    Min:  0.0, Avg:  0.0, Max:  0.0, Diff:  0.0, Sum:  0.0, Workers: 4
[1574.845s][debug][gc,phases      ] GC(138)     Dead                           Min: 0, Avg:  0.0, Max: 0, Diff: 0, Sum: 0, Workers: 4
[1574.845s][debug][gc,phases      ] GC(138)     Total                          Min: 0, Avg:  0.0, Max: 0, Diff: 0, Sum: 0, Workers: 4
[1574.845s][debug][gc,phases      ] GC(138) Weak Processing 0.356ms
[1574.845s][debug][gc,age         ] GC(138) Desired survivor size 93323264 bytes, new threshold 15 (max threshold 15)
[1574.845s][info ][gc,heap        ] GC(138) PSYoungGen: 1925248K(1989632K)->34208K(2006016K) Eden: 1888256K(1888256K)->0K(1910272K) From: 36992K(101376K)->34208K(95744K)
[1574.845s][info ][gc,heap        ] GC(138) ParOldGen: 533923K(621056K)->533955K(621056K)
[1574.845s][info ][gc,metaspace   ] GC(138) Metaspace: 84560K(85504K)->84560K(85504K) NonClass: 72778K(73280K)->72778K(73280K) Class: 11782K(12224K)->11782K(12224K)
[1574.845s][info ][gc             ] GC(138) Pause Young (Allocation Failure) 2401M->554M(2565M) 12.987ms
[1574.845s][info ][gc,cpu         ] GC(138) User=0.05s Sys=0.01s Real=0.01s
[1574.845s][info ][safepoint      ] Safepoint "ParallelGCFailedAllocation", Time since last: 17573626979 ns, Reaching safepoint: 50101 ns, At safepoint: 13073484 ns, Total: 13123585 ns
[1585.845s][info ][safepoint      ] Safepoint "Cleanup", Time since last: 11000715479 ns, Reaching safepoint: 43500 ns, At safepoint: 3001 ns, Total: 46501 ns
[1598.846s][info ][safepoint      ] Safepoint "Cleanup", Time since last: 13000872570 ns, Reaching safepoint: 144403 ns, At safepoint: 7100 ns, Total: 151503 ns
[1601.847s][info ][safepoint      ] Safepoint "Cleanup", Time since last: 3000217933 ns, Reaching safepoint: 118803 ns, At safepoint: 5500 ns, Total: 124303 ns
[1659.850s][info ][safepoint      ] Safepoint "Cleanup", Time since last: 58003606003 ns, Reaching safepoint: 41201 ns, At safepoint: 15600 ns, Total: 56801 ns
[1774.858s][info ][safepoint      ] Safepoint "Cleanup", Time since last: 115008002235 ns, Reaching safepoint: 50901 ns, At safepoint: 9100 ns, Total: 60001 ns
[1793.329s][info ][gc,start       ] GC(139) Pause Young (Allocation Failure)
[1793.334s][debug][gc,phases      ] GC(139) Scavenge 5.407ms
[1793.334s][debug][gc,ref         ] GC(139) Skipped phase 1 of Reference Processing: no references
[1793.335s][debug][gc,ref         ] GC(139) ReferenceProcessor::execute queues: 1, RefProcThreadModel::Single, marks_oops_alive: false
[1793.335s][debug][gc,ref         ] GC(139) ReferenceProcessor::execute queues: 4, RefProcThreadModel::Multi, marks_oops_alive: true
[1793.335s][debug][gc,ref         ] GC(139) ReferenceProcessor::execute queues: 1, RefProcThreadModel::Single, marks_oops_alive: false
[1793.335s][debug][gc,phases      ] GC(139) Reference Processing 0.177ms
[1793.335s][debug][gc,phases      ] GC(139)   VM Weak                        Min:  0.0, Avg:  0.0, Max:  0.0, Diff:  0.0, Sum:  0.0, Workers: 4
[1793.335s][debug][gc,phases      ] GC(139)     Dead                           Min: 0, Avg:  0.0, Max: 0, Diff: 0, Sum: 0, Workers: 4
[1793.335s][debug][gc,phases      ] GC(139)     Total                          Min: 0, Avg: 181.2, Max: 448, Diff: 448, Sum: 725, Workers: 4
[1793.335s][debug][gc,phases      ] GC(139)   ObjectSynchronizer Weak        Min:  0.0, Avg:  0.0, Max:  0.0, Diff:  0.0, Sum:  0.0, Workers: 4
[1793.335s][debug][gc,phases      ] GC(139)     Dead                           Min: 0, Avg:  0.0, Max: 0, Diff: 0, Sum: 0, Workers: 4
[1793.335s][debug][gc,phases      ] GC(139)     Total                          Min: 0, Avg: 78.0, Max: 184, Diff: 184, Sum: 312, Workers: 4
[1793.335s][debug][gc,phases      ] GC(139)   JVMTI Tag Weak OopStorage      Min:  0.0, Avg:  0.0, Max:  0.0, Diff:  0.0, Sum:  0.0, Workers: 4
[1793.335s][debug][gc,phases      ] GC(139)     Dead                           Min: 0, Avg:  0.0, Max: 0, Diff: 0, Sum: 0, Workers: 4
[1793.335s][debug][gc,phases      ] GC(139)     Total                          Min: 0, Avg:  0.0, Max: 0, Diff: 0, Sum: 0, Workers: 4
[1793.335s][debug][gc,phases      ] GC(139)   StringTable Weak               Min:  0.1, Avg:  0.1, Max:  0.1, Diff:  0.0, Sum:  0.4, Workers: 4
[1793.335s][debug][gc,phases      ] GC(139)     Dead                           Min: 0, Avg:  0.0, Max: 0, Diff: 0, Sum: 0, Workers: 4
[1793.335s][debug][gc,phases      ] GC(139)     Total                          Min: 11008, Avg: 12165.0, Max: 13588, Diff: 2580, Sum: 48660, Workers: 4
[1793.335s][debug][gc,phases      ] GC(139)   ResolvedMethodTable Weak       Min:  0.0, Avg:  0.0, Max:  0.0, Diff:  0.0, Sum:  0.1, Workers: 4
[1793.335s][debug][gc,phases      ] GC(139)     Dead                           Min: 0, Avg:  0.0, Max: 0, Diff: 0, Sum: 0, Workers: 4
[1793.335s][debug][gc,phases      ] GC(139)     Total                          Min: 1856, Avg: 2115.5, Max: 2318, Diff: 462, Sum: 8462, Workers: 4
[1793.335s][debug][gc,phases      ] GC(139)   JNI Weak                       Min:  0.0, Avg:  0.0, Max:  0.0, Diff:  0.0, Sum:  0.0, Workers: 4
[1793.335s][debug][gc,phases      ] GC(139)     Dead                           Min: 0, Avg:  0.0, Max: 0, Diff: 0, Sum: 0, Workers: 4
[1793.335s][debug][gc,phases      ] GC(139)     Total                          Min: 0, Avg:  0.0, Max: 0, Diff: 0, Sum: 0, Workers: 4
[1793.335s][debug][gc,phases      ] GC(139)   StringDedup Table Weak         Min:  0.0, Avg:  0.0, Max:  0.0, Diff:  0.0, Sum:  0.0, Workers: 4
[1793.335s][debug][gc,phases      ] GC(139)     Dead                           Min: 0, Avg:  0.0, Max: 0, Diff: 0, Sum: 0, Workers: 4
[1793.335s][debug][gc,phases      ] GC(139)     Total                          Min: 0, Avg:  0.0, Max: 0, Diff: 0, Sum: 0, Workers: 4
[1793.335s][debug][gc,phases      ] GC(139)   StringDedup Requests0 Weak     Min:  0.0, Avg:  0.0, Max:  0.0, Diff:  0.0, Sum:  0.0, Workers: 4
[1793.335s][debug][gc,phases      ] GC(139)     Dead                           Min: 0, Avg:  0.0, Max: 0, Diff: 0, Sum: 0, Workers: 4
[1793.335s][debug][gc,phases      ] GC(139)     Total                          Min: 0, Avg:  0.0, Max: 0, Diff: 0, Sum: 0, Workers: 4
[1793.335s][debug][gc,phases      ] GC(139)   StringDedup Requests1 Weak     Min:  0.0, Avg:  0.0, Max:  0.0, Diff:  0.0, Sum:  0.0, Workers: 4
[1793.335s][debug][gc,phases      ] GC(139)     Dead                           Min: 0, Avg:  0.0, Max: 0, Diff: 0, Sum: 0, Workers: 4
[1793.335s][debug][gc,phases      ] GC(139)     Total                          Min: 0, Avg:  0.0, Max: 0, Diff: 0, Sum: 0, Workers: 4
[1793.335s][debug][gc,phases      ] GC(139)   Weak JFR Old Object Samples    Min:  0.0, Avg:  0.0, Max:  0.0, Diff:  0.0, Sum:  0.0, Workers: 4
[1793.335s][debug][gc,phases      ] GC(139)     Dead                           Min: 0, Avg:  0.0, Max: 0, Diff: 0, Sum: 0, Workers: 4
[1793.335s][debug][gc,phases      ] GC(139)     Total                          Min: 0, Avg:  0.0, Max: 0, Diff: 0, Sum: 0, Workers: 4
[1793.335s][debug][gc,phases      ] GC(139) Weak Processing 0.300ms
[1793.335s][debug][gc,age         ] GC(139) Desired survivor size 92798976 bytes, new threshold 15 (max threshold 15)
[1793.335s][info ][gc,heap        ] GC(139) PSYoungGen: 1944480K(2006016K)->12176K(2001408K) Eden: 1910272K(1910272K)->0K(1910272K) From: 34208K(95744K)->12176K(91136K)
[1793.335s][info ][gc,heap        ] GC(139) ParOldGen: 533955K(621056K)->533995K(621056K)
[1793.335s][info ][gc,metaspace   ] GC(139) Metaspace: 84589K(85504K)->84589K(85504K) NonClass: 72807K(73280K)->72807K(73280K) Class: 11782K(12224K)->11782K(12224K)
[1793.335s][info ][gc             ] GC(139) Pause Young (Allocation Failure) 2420M->533M(2561M) 6.006ms
[1793.335s][info ][gc,cpu         ] GC(139) User=0.02s Sys=0.00s Real=0.00s
[1793.335s][info ][safepoint      ] Safepoint "ParallelGCFailedAllocation", Time since last: 18470398780 ns, Reaching safepoint: 43901 ns, At safepoint: 6103533 ns, Total: 6147434 ns
[1894.342s][info ][safepoint      ] Safepoint "Cleanup", Time since last: 101006760235 ns, Reaching safepoint: 50301 ns, At safepoint: 6000 ns, Total: 56301 ns
[1906.343s][info ][safepoint      ] Safepoint "Cleanup", Time since last: 12000872412 ns, Reaching safepoint: 49701 ns, At safepoint: 28800 ns, Total: 78501 ns
[1933.345s][info ][safepoint      ] Safepoint "Cleanup", Time since last: 27001675079 ns, Reaching safepoint: 42101 ns, At safepoint: 2300 ns, Total: 44401 ns
[1945.346s][info ][safepoint      ] Safepoint "Cleanup", Time since last: 12000941421 ns, Reaching safepoint: 48101 ns, At safepoint: 2700 ns, Total: 50801 ns
[1947.346s][info ][safepoint      ] Safepoint "Cleanup", Time since last: 2000182904 ns, Reaching safepoint: 49901 ns, At safepoint: 5900 ns, Total: 55801 ns
[1951.827s][info ][gc,start       ] GC(140) Pause Young (Allocation Failure)
[1951.849s][debug][gc,phases      ] GC(140) Scavenge 22.381ms
[1951.849s][debug][gc,ref         ] GC(140) Skipped phase 1 of Reference Processing: no references
[1951.849s][debug][gc,ref         ] GC(140) ReferenceProcessor::execute queues: 1, RefProcThreadModel::Single, marks_oops_alive: false
[1951.849s][debug][gc,ref         ] GC(140) Skipped phase 3 of Reference Processing: no references
[1951.849s][debug][gc,ref         ] GC(140) ReferenceProcessor::execute queues: 1, RefProcThreadModel::Single, marks_oops_alive: false
[1951.849s][debug][gc,phases      ] GC(140) Reference Processing 0.123ms
[1951.849s][debug][gc,phases      ] GC(140)   VM Weak                        Min:  0.0, Avg:  0.0, Max:  0.0, Diff:  0.0, Sum:  0.0, Workers: 4
[1951.849s][debug][gc,phases      ] GC(140)     Dead                           Min: 0, Avg:  0.0, Max: 0, Diff: 0, Sum: 0, Workers: 4
[1951.849s][debug][gc,phases      ] GC(140)     Total                          Min: 0, Avg: 181.2, Max: 448, Diff: 448, Sum: 725, Workers: 4
[1951.849s][debug][gc,phases      ] GC(140)   ObjectSynchronizer Weak        Min:  0.0, Avg:  0.0, Max:  0.0, Diff:  0.0, Sum:  0.0, Workers: 4
[1951.849s][debug][gc,phases      ] GC(140)     Dead                           Min: 0, Avg:  0.2, Max: 1, Diff: 1, Sum: 1, Workers: 4
[1951.849s][debug][gc,phases      ] GC(140)     Total                          Min: 0, Avg: 78.2, Max: 185, Diff: 185, Sum: 313, Workers: 4
[1951.849s][debug][gc,phases      ] GC(140)   JVMTI Tag Weak OopStorage      Min:  0.0, Avg:  0.0, Max:  0.0, Diff:  0.0, Sum:  0.0, Workers: 4
[1951.849s][debug][gc,phases      ] GC(140)     Dead                           Min: 0, Avg:  0.0, Max: 0, Diff: 0, Sum: 0, Workers: 4
[1951.849s][debug][gc,phases      ] GC(140)     Total                          Min: 0, Avg:  0.0, Max: 0, Diff: 0, Sum: 0, Workers: 4
[1951.849s][debug][gc,phases      ] GC(140)   StringTable Weak               Min:  0.1, Avg:  0.1, Max:  0.1, Diff:  0.0, Sum:  0.5, Workers: 4
[1951.849s][debug][gc,phases      ] GC(140)     Dead                           Min: 0, Avg:  0.2, Max: 1, Diff: 1, Sum: 1, Workers: 4
[1951.849s][debug][gc,phases      ] GC(140)     Total                          Min: 10649, Avg: 12166.0, Max: 13823, Diff: 3174, Sum: 48664, Workers: 4
[1951.849s][debug][gc,phases      ] GC(140)   ResolvedMethodTable Weak       Min:  0.0, Avg:  0.0, Max:  0.0, Diff:  0.0, Sum:  0.1, Workers: 4
[1951.849s][debug][gc,phases      ] GC(140)     Dead                           Min: 0, Avg:  0.0, Max: 0, Diff: 0, Sum: 0, Workers: 4
[1951.849s][debug][gc,phases      ] GC(140)     Total                          Min: 1920, Avg: 2116.0, Max: 2512, Diff: 592, Sum: 8464, Workers: 4
[1951.849s][debug][gc,phases      ] GC(140)   JNI Weak                       Min:  0.0, Avg:  0.0, Max:  0.0, Diff:  0.0, Sum:  0.0, Workers: 4
[1951.849s][debug][gc,phases      ] GC(140)     Dead                           Min: 0, Avg:  0.0, Max: 0, Diff: 0, Sum: 0, Workers: 4
[1951.849s][debug][gc,phases      ] GC(140)     Total                          Min: 0, Avg:  0.8, Max: 3, Diff: 3, Sum: 3, Workers: 4
[1951.849s][debug][gc,phases      ] GC(140)   StringDedup Table Weak         Min:  0.0, Avg:  0.0, Max:  0.0, Diff:  0.0, Sum:  0.0, Workers: 4
[1951.849s][debug][gc,phases      ] GC(140)     Dead                           Min: 0, Avg:  0.0, Max: 0, Diff: 0, Sum: 0, Workers: 4
[1951.849s][debug][gc,phases      ] GC(140)     Total                          Min: 0, Avg:  0.0, Max: 0, Diff: 0, Sum: 0, Workers: 4
[1951.849s][debug][gc,phases      ] GC(140)   StringDedup Requests0 Weak     Min:  0.0, Avg:  0.0, Max:  0.0, Diff:  0.0, Sum:  0.0, Workers: 4
[1951.849s][debug][gc,phases      ] GC(140)     Dead                           Min: 0, Avg:  0.0, Max: 0, Diff: 0, Sum: 0, Workers: 4
[1951.849s][debug][gc,phases      ] GC(140)     Total                          Min: 0, Avg:  0.0, Max: 0, Diff: 0, Sum: 0, Workers: 4
[1951.849s][debug][gc,phases      ] GC(140)   StringDedup Requests1 Weak     Min:  0.0, Avg:  0.0, Max:  0.0, Diff:  0.0, Sum:  0.0, Workers: 4
[1951.849s][debug][gc,phases      ] GC(140)     Dead                           Min: 0, Avg:  0.0, Max: 0, Diff: 0, Sum: 0, Workers: 4
[1951.849s][debug][gc,phases      ] GC(140)     Total                          Min: 0, Avg:  0.0, Max: 0, Diff: 0, Sum: 0, Workers: 4
[1951.849s][debug][gc,phases      ] GC(140)   Weak JFR Old Object Samples    Min:  0.0, Avg:  0.0, Max:  0.0, Diff:  0.0, Sum:  0.0, Workers: 4
[1951.849s][debug][gc,phases      ] GC(140)     Dead                           Min: 0, Avg:  0.0, Max: 0, Diff: 0, Sum: 0, Workers: 4
[1951.849s][debug][gc,phases      ] GC(140)     Total                          Min: 0, Avg:  0.0, Max: 0, Diff: 0, Sum: 0, Workers: 4
[1951.849s][debug][gc,phases      ] GC(140) Weak Processing 0.343ms
[1951.849s][debug][gc,age         ] GC(140) Desired survivor size 87556096 bytes, new threshold 15 (max threshold 15)
[1951.849s][info ][gc,heap        ] GC(140) PSYoungGen: 1922448K(2001408K)->37505K(2011648K) Eden: 1910272K(1910272K)->0K(1921024K) From: 12176K(91136K)->37505K(90624K)
[1951.849s][info ][gc,heap        ] GC(140) ParOldGen: 533995K(621056K)->534179K(621056K)
[1951.849s][info ][gc,metaspace   ] GC(140) Metaspace: 84620K(85568K)->84620K(85568K) NonClass: 72836K(73344K)->72836K(73344K) Class: 11783K(12224K)->11783K(12224K)
[1951.850s][info ][gc             ] GC(140) Pause Young (Allocation Failure) 2398M->558M(2571M) 23.004ms
[1951.850s][info ][gc,cpu         ] GC(140) User=0.11s Sys=0.00s Real=0.03s
[1951.850s][info ][safepoint      ] Safepoint "ParallelGCFailedAllocation", Time since last: 4480564153 ns, Reaching safepoint: 150703 ns, At safepoint: 23099703 ns, Total: 23250406 ns
[1952.850s][info ][safepoint      ] Safepoint "Cleanup", Time since last: 1000084252 ns, Reaching safepoint: 135303 ns, At safepoint: 13200 ns, Total: 148503 ns
[1953.170s][info ][gc,heap,exit   ] Heap
[1953.170s][info ][gc,heap,exit   ]  PSYoungGen      total 2011648K, used 1095776K [0x0000000780000000, 0x0000000800000000, 0x0000000800000000)
[1953.170s][info ][gc,heap,exit   ]   eden space 1921024K, 55% used [0x0000000780000000,0x00000007c0977bc0,0x00000007f5400000)
[1953.170s][info ][gc,heap,exit   ]   from space 90624K, 41% used [0x00000007fa780000,0x00000007fcc204d8,0x0000000800000000)
[1953.170s][info ][gc,heap,exit   ]   to   space 85504K, 0% used [0x00000007f5400000,0x00000007f5400000,0x00000007fa780000)
[1953.170s][info ][gc,heap,exit   ]  ParOldGen       total 621056K, used 534179K [0x0000000740000000, 0x0000000765e80000, 0x0000000780000000)
[1953.170s][info ][gc,heap,exit   ]   object space 621056K, 86% used [0x0000000740000000,0x00000007609a8ea8,0x0000000765e80000)
[1953.170s][info ][gc,heap,exit   ]  Metaspace       used 84649K, committed 85568K, reserved 1122304K
[1953.170s][info ][gc,heap,exit   ]   class space    used 11787K, committed 12224K, reserved 1048576K
