[0.002s][info][gc] Using Parallel
[0.004s][info][gc,init] Version: 17.0.2+8-LTS (release)
[0.004s][info][gc,init] CPUs: 8 total, 8 available
[0.004s][info][gc,init] Memory: 32112M
[0.004s][info][gc,init] Large Page Support: Disabled
[0.004s][info][gc,init] NUMA Support: Disabled
[0.004s][info][gc,init] Compressed Oops: Enabled (Zero based)
[0.004s][info][gc,init] Alignments: Space 512K, Generation 512K, Heap 2M
[0.004s][info][gc,init] Heap Min Capacity: 2054M
[0.004s][info][gc,init] Heap Initial Capacity: 2054M
[0.004s][info][gc,init] Heap Max Capacity: 3G
[0.004s][info][gc,init] Pre-touch: Disabled
[0.004s][info][gc,init] Parallel Workers: 4
[0.004s][info][gc,metaspace] CDS archive(s) not mapped
[0.004s][info][gc,metaspace] Compressed class space mapped at: 0x0000000800000000-0x0000000840000000, reserved size: 1073741824
[0.004s][info][gc,metaspace] Narrow klass base: 0x0000000800000000, Narrow klass shift: 0, Narrow klass range: 0x40000000
[0.702s][info][safepoint   ] Safepoint "ICBufferFull", Time since last: 680941771 ns, Reaching safepoint: 135299 ns, At safepoint: 4800 ns, Total: 140099 ns
[1.122s][info][safepoint   ] Safepoint "ICBufferFull", Time since last: 419518264 ns, Reaching safepoint: 315999 ns, At safepoint: 7500 ns, Total: 323499 ns
[1.123s][info][gc,start    ] GC(0) Pause Young (Metadata GC Threshold)
[1.132s][debug][gc,phases   ] GC(0) Scavenge 9.196ms
[1.132s][debug][gc,ref      ] GC(0) Skipped phase 1 of Reference Processing: no references
[1.133s][debug][gc,ref      ] GC(0) ReferenceProcessor::execute queues: 1, RefProcThreadModel::Single, marks_oops_alive: false
[1.133s][debug][gc,ref      ] GC(0) Skipped phase 3 of Reference Processing: no references
[1.133s][debug][gc,ref      ] GC(0) ReferenceProcessor::execute queues: 1, RefProcThreadModel::Single, marks_oops_alive: false
[1.133s][debug][gc,phases   ] GC(0) Reference Processing 0.158ms
[1.133s][debug][gc,phases   ] GC(0)   VM Weak                        Min:  0.0, Avg:  0.0, Max:  0.0, Diff:  0.0, Sum:  0.0, Workers: 4
[1.133s][debug][gc,phases   ] GC(0)     Dead                           Min: 0, Avg:  0.0, Max: 0, Diff: 0, Sum: 0, Workers: 4
[1.133s][debug][gc,phases   ] GC(0)     Total                          Min: 0, Avg: 24.0, Max: 64, Diff: 64, Sum: 96, Workers: 4
[1.133s][debug][gc,phases   ] GC(0)   ObjectSynchronizer Weak        Min:  0.0, Avg:  0.0, Max:  0.0, Diff:  0.0, Sum:  0.0, Workers: 4
[1.133s][debug][gc,phases   ] GC(0)     Dead                           Min: 0, Avg:  0.0, Max: 0, Diff: 0, Sum: 0, Workers: 4
[1.133s][debug][gc,phases   ] GC(0)     Total                          Min: 0, Avg:  0.8, Max: 3, Diff: 3, Sum: 3, Workers: 4
[1.133s][debug][gc,phases   ] GC(0)   JVMTI Tag Weak OopStorage      Min:  0.0, Avg:  0.0, Max:  0.0, Diff:  0.0, Sum:  0.0, Workers: 4
[1.133s][debug][gc,phases   ] GC(0)     Dead                           Min: 0, Avg:  0.0, Max: 0, Diff: 0, Sum: 0, Workers: 4
[1.133s][debug][gc,phases   ] GC(0)     Total                          Min: 0, Avg:  0.0, Max: 0, Diff: 0, Sum: 0, Workers: 4
[1.133s][debug][gc,phases   ] GC(0)   StringTable Weak               Min:  0.0, Avg:  0.0, Max:  0.0, Diff:  0.0, Sum:  0.2, Workers: 4
[1.133s][debug][gc,phases   ] GC(0)     Dead                           Min: 1, Avg:  7.0, Max: 17, Diff: 16, Sum: 28, Workers: 4
[1.133s][debug][gc,phases   ] GC(0)     Total                          Min: 2176, Avg: 2874.5, Max: 3520, Diff: 1344, Sum: 11498, Workers: 4
[1.133s][debug][gc,phases   ] GC(0)   ResolvedMethodTable Weak       Min:  0.0, Avg:  0.0, Max:  0.0, Diff:  0.0, Sum:  0.0, Workers: 4
[1.133s][debug][gc,phases   ] GC(0)     Dead                           Min: 1, Avg:  7.8, Max: 15, Diff: 14, Sum: 31, Workers: 4
[1.133s][debug][gc,phases   ] GC(0)     Total                          Min: 119, Avg: 141.8, Max: 192, Diff: 73, Sum: 567, Workers: 4
[1.133s][debug][gc,phases   ] GC(0)   JNI Weak                       Min:  0.0, Avg:  0.0, Max:  0.0, Diff:  0.0, Sum:  0.0, Workers: 4
[1.133s][debug][gc,phases   ] GC(0)     Dead                           Min: 0, Avg:  0.0, Max: 0, Diff: 0, Sum: 0, Workers: 4
[1.133s][debug][gc,phases   ] GC(0)     Total                          Min: 0, Avg:  0.0, Max: 0, Diff: 0, Sum: 0, Workers: 4
[1.133s][debug][gc,phases   ] GC(0)   StringDedup Table Weak         Min:  0.0, Avg:  0.0, Max:  0.0, Diff:  0.0, Sum:  0.0, Workers: 4
[1.133s][debug][gc,phases   ] GC(0)     Dead                           Min: 0, Avg:  0.0, Max: 0, Diff: 0, Sum: 0, Workers: 4
[1.133s][debug][gc,phases   ] GC(0)     Total                          Min: 0, Avg:  0.0, Max: 0, Diff: 0, Sum: 0, Workers: 4
[1.133s][debug][gc,phases   ] GC(0)   StringDedup Requests0 Weak     Min:  0.0, Avg:  0.0, Max:  0.0, Diff:  0.0, Sum:  0.0, Workers: 4
[1.133s][debug][gc,phases   ] GC(0)     Dead                           Min: 0, Avg:  0.0, Max: 0, Diff: 0, Sum: 0, Workers: 4
[1.133s][debug][gc,phases   ] GC(0)     Total                          Min: 0, Avg:  0.0, Max: 0, Diff: 0, Sum: 0, Workers: 4
[1.133s][debug][gc,phases   ] GC(0)   StringDedup Requests1 Weak     Min:  0.0, Avg:  0.0, Max:  0.0, Diff:  0.0, Sum:  0.0, Workers: 4
[1.133s][debug][gc,phases   ] GC(0)     Dead                           Min: 0, Avg:  0.0, Max: 0, Diff: 0, Sum: 0, Workers: 4
[1.133s][debug][gc,phases   ] GC(0)     Total                          Min: 0, Avg:  0.0, Max: 0, Diff: 0, Sum: 0, Workers: 4
[1.133s][debug][gc,phases   ] GC(0)   Weak JFR Old Object Samples    Min:  0.0, Avg:  0.0, Max:  0.0, Diff:  0.0, Sum:  0.0, Workers: 4
[1.133s][debug][gc,phases   ] GC(0)     Dead                           Min: 0, Avg:  0.0, Max: 0, Diff: 0, Sum: 0, Workers: 4
[1.133s][debug][gc,phases   ] GC(0)     Total                          Min: 0, Avg:  0.0, Max: 0, Diff: 0, Sum: 0, Workers: 4
[1.133s][debug][gc,phases   ] GC(0) Weak Processing 0.192ms
[1.133s][debug][gc,age      ] GC(0) Desired survivor size 536870912 bytes, new threshold 7 (max threshold 15)
[1.133s][info ][gc,heap     ] GC(0) PSYoungGen: 232586K(1572864K)->27189K(1572864K) Eden: 232586K(1048576K)->0K(1048576K) From: 0K(524288K)->27189K(524288K)
[1.133s][info ][gc,heap     ] GC(0) ParOldGen: 0K(6144K)->88K(6144K)
[1.133s][info ][gc,metaspace] GC(0) Metaspace: 21291K(21504K)->21291K(21504K) NonClass: 18842K(18944K)->18842K(18944K) Class: 2448K(2560K)->2448K(2560K)
[1.133s][info ][gc          ] GC(0) Pause Young (Metadata GC Threshold) 227M->26M(1542M) 9.870ms
[1.133s][info ][gc,cpu      ] GC(0) User=0.00s Sys=0.03s Real=0.01s
[1.133s][debug][gc,phases   ] GC(1) Pre Compact 0.011ms
[1.133s][info ][gc,start    ] GC(1) Pause Full (Metadata GC Threshold)
[1.133s][info ][gc,phases,start] GC(1) Marking Phase
[1.137s][debug][gc,phases      ] GC(1) Par Mark 4.240ms
[1.137s][debug][gc,ref         ] GC(1) Skipped phase 1 of Reference Processing: no references
[1.137s][debug][gc,ref         ] GC(1) ReferenceProcessor::execute queues: 1, RefProcThreadModel::Single, marks_oops_alive: false
[1.137s][debug][gc,ref         ] GC(1) Skipped phase 3 of Reference Processing: no references
[1.137s][debug][gc,ref         ] GC(1) ReferenceProcessor::execute queues: 1, RefProcThreadModel::Single, marks_oops_alive: false
[1.137s][debug][gc,phases      ] GC(1) Reference Processing 0.041ms
[1.137s][debug][gc,phases      ] GC(1)   VM Weak                        Min:  0.0, Avg:  0.0, Max:  0.0, Diff:  0.0, Sum:  0.0, Workers: 4
[1.137s][debug][gc,phases      ] GC(1)     Dead                           Min: 0, Avg:  0.0, Max: 0, Diff: 0, Sum: 0, Workers: 4
[1.137s][debug][gc,phases      ] GC(1)     Total                          Min: 0, Avg: 24.0, Max: 96, Diff: 96, Sum: 96, Workers: 4
[1.137s][debug][gc,phases      ] GC(1)   ObjectSynchronizer Weak        Min:  0.0, Avg:  0.0, Max:  0.0, Diff:  0.0, Sum:  0.0, Workers: 4
[1.137s][debug][gc,phases      ] GC(1)     Dead                           Min: 0, Avg:  0.0, Max: 0, Diff: 0, Sum: 0, Workers: 4
[1.137s][debug][gc,phases      ] GC(1)     Total                          Min: 0, Avg:  0.8, Max: 3, Diff: 3, Sum: 3, Workers: 4
[1.137s][debug][gc,phases      ] GC(1)   JVMTI Tag Weak OopStorage      Min:  0.0, Avg:  0.0, Max:  0.0, Diff:  0.0, Sum:  0.0, Workers: 4
[1.137s][debug][gc,phases      ] GC(1)     Dead                           Min: 0, Avg:  0.0, Max: 0, Diff: 0, Sum: 0, Workers: 4
[1.137s][debug][gc,phases      ] GC(1)     Total                          Min: 0, Avg:  0.0, Max: 0, Diff: 0, Sum: 0, Workers: 4
[1.137s][debug][gc,phases      ] GC(1)   StringTable Weak               Min:  0.0, Avg:  0.0, Max:  0.0, Diff:  0.0, Sum:  0.1, Workers: 4
[1.137s][debug][gc,phases      ] GC(1)     Dead                           Min: 0, Avg:  0.0, Max: 0, Diff: 0, Sum: 0, Workers: 4
[1.137s][debug][gc,phases      ] GC(1)     Total                          Min: 2240, Avg: 2874.5, Max: 3584, Diff: 1344, Sum: 11498, Workers: 4
[1.137s][debug][gc,phases      ] GC(1)   ResolvedMethodTable Weak       Min:  0.0, Avg:  0.0, Max:  0.0, Diff:  0.0, Sum:  0.0, Workers: 4
[1.137s][debug][gc,phases      ] GC(1)     Dead                           Min: 0, Avg:  0.0, Max: 0, Diff: 0, Sum: 0, Workers: 4
[1.137s][debug][gc,phases      ] GC(1)     Total                          Min: 119, Avg: 141.8, Max: 192, Diff: 73, Sum: 567, Workers: 4
[1.137s][debug][gc,phases      ] GC(1)   JNI Weak                       Min:  0.0, Avg:  0.0, Max:  0.0, Diff:  0.0, Sum:  0.0, Workers: 4
[1.137s][debug][gc,phases      ] GC(1)     Dead                           Min: 0, Avg:  0.0, Max: 0, Diff: 0, Sum: 0, Workers: 4
[1.137s][debug][gc,phases      ] GC(1)     Total                          Min: 0, Avg:  0.0, Max: 0, Diff: 0, Sum: 0, Workers: 4
[1.137s][debug][gc,phases      ] GC(1)   StringDedup Table Weak         Min:  0.0, Avg:  0.0, Max:  0.0, Diff:  0.0, Sum:  0.0, Workers: 4
[1.137s][debug][gc,phases      ] GC(1)     Dead                           Min: 0, Avg:  0.0, Max: 0, Diff: 0, Sum: 0, Workers: 4
[1.137s][debug][gc,phases      ] GC(1)     Total                          Min: 0, Avg:  0.0, Max: 0, Diff: 0, Sum: 0, Workers: 4
[1.137s][debug][gc,phases      ] GC(1)   StringDedup Requests0 Weak     Min:  0.0, Avg:  0.0, Max:  0.0, Diff:  0.0, Sum:  0.0, Workers: 4
[1.137s][debug][gc,phases      ] GC(1)     Dead                           Min: 0, Avg:  0.0, Max: 0, Diff: 0, Sum: 0, Workers: 4
[1.137s][debug][gc,phases      ] GC(1)     Total                          Min: 0, Avg:  0.0, Max: 0, Diff: 0, Sum: 0, Workers: 4
[1.137s][debug][gc,phases      ] GC(1)   StringDedup Requests1 Weak     Min:  0.0, Avg:  0.0, Max:  0.0, Diff:  0.0, Sum:  0.0, Workers: 4
[1.137s][debug][gc,phases      ] GC(1)     Dead                           Min: 0, Avg:  0.0, Max: 0, Diff: 0, Sum: 0, Workers: 4
[1.137s][debug][gc,phases      ] GC(1)     Total                          Min: 0, Avg:  0.0, Max: 0, Diff: 0, Sum: 0, Workers: 4
[1.137s][debug][gc,phases      ] GC(1)   Weak JFR Old Object Samples    Min:  0.0, Avg:  0.0, Max:  0.0, Diff:  0.0, Sum:  0.0, Workers: 4
[1.137s][debug][gc,phases      ] GC(1)     Dead                           Min: 0, Avg:  0.0, Max: 0, Diff: 0, Sum: 0, Workers: 4
[1.137s][debug][gc,phases      ] GC(1)     Total                          Min: 0, Avg:  0.0, Max: 0, Diff: 0, Sum: 0, Workers: 4
[1.137s][debug][gc,phases      ] GC(1) Weak Processing 0.180ms
[1.137s][debug][gc,phases      ] GC(1) ClassLoaderData 0.006ms
[1.137s][debug][gc,phases      ] GC(1) Trigger cleanups 0.000ms
[1.139s][debug][gc,phases      ] GC(1) Class Unloading 1.630ms
[1.139s][info ][gc,phases      ] GC(1) Marking Phase 6.153ms
[1.139s][info ][gc,phases,start] GC(1) Summary Phase
[1.139s][info ][gc,phases      ] GC(1) Summary Phase 0.004ms
[1.139s][info ][gc,phases,start] GC(1) Adjust Roots
[1.142s][info ][gc,phases      ] GC(1) Adjust Roots 2.493ms
[1.142s][info ][gc,phases,start] GC(1) Compaction Phase
[1.151s][info ][gc,phases      ] GC(1) Compaction Phase 9.911ms
[1.151s][info ][gc,phases,start] GC(1) Post Compact
[1.152s][info ][gc,phases      ] GC(1) Post Compact 0.469ms
[1.152s][info ][gc,heap        ] GC(1) PSYoungGen: 27189K(1572864K)->21426K(1572864K) Eden: 0K(1048576K)->0K(1048576K) From: 27189K(524288K)->21426K(524288K)
[1.152s][info ][gc,heap        ] GC(1) ParOldGen: 88K(6144K)->5718K(6144K)
[1.152s][info ][gc,metaspace   ] GC(1) Metaspace: 21291K(21504K)->21291K(21504K) NonClass: 18842K(18944K)->18842K(18944K) Class: 2448K(2560K)->2448K(2560K)
[1.152s][info ][gc             ] GC(1) Pause Full (Metadata GC Threshold) 26M->26M(1542M) 19.134ms
[1.152s][info ][gc,cpu         ] GC(1) User=0.07s Sys=0.00s Real=0.02s
[1.152s][info ][safepoint      ] Safepoint "CollectForMetadataAllocation", Time since last: 1133594 ns, Reaching safepoint: 221898 ns, At safepoint: 29107145 ns, Total: 29329043 ns
[1.512s][info ][safepoint      ] Safepoint "ICBufferFull", Time since last: 359525184 ns, Reaching safepoint: 124700 ns, At safepoint: 4600 ns, Total: 129300 ns
[1.533s][info ][safepoint      ] Safepoint "ICBufferFull", Time since last: 21328786 ns, Reaching safepoint: 56800 ns, At safepoint: 6400 ns, Total: 63200 ns
[1.541s][info ][safepoint      ] Safepoint "ICBufferFull", Time since last: 7862158 ns, Reaching safepoint: 48900 ns, At safepoint: 13700 ns, Total: 62600 ns
[1.556s][info ][safepoint      ] Safepoint "ICBufferFull", Time since last: 14685421 ns, Reaching safepoint: 176199 ns, At safepoint: 6500 ns, Total: 182699 ns
[1.560s][info ][safepoint      ] Safepoint "ICBufferFull", Time since last: 3945479 ns, Reaching safepoint: 45800 ns, At safepoint: 5900 ns, Total: 51700 ns
[1.563s][info ][safepoint      ] Safepoint "ICBufferFull", Time since last: 3521281 ns, Reaching safepoint: 47900 ns, At safepoint: 1700 ns, Total: 49600 ns
[1.567s][info ][safepoint      ] Safepoint "ICBufferFull", Time since last: 3946979 ns, Reaching safepoint: 60600 ns, At safepoint: 8900 ns, Total: 69500 ns
[1.571s][info ][safepoint      ] Safepoint "ICBufferFull", Time since last: 3680880 ns, Reaching safepoint: 43000 ns, At safepoint: 1700 ns, Total: 44700 ns
[1.575s][info ][safepoint      ] Safepoint "ICBufferFull", Time since last: 4049678 ns, Reaching safepoint: 30700 ns, At safepoint: 1500 ns, Total: 32200 ns
[1.583s][info ][safepoint      ] Safepoint "ICBufferFull", Time since last: 7386461 ns, Reaching safepoint: 42199 ns, At safepoint: 2200 ns, Total: 44399 ns
[1.585s][info ][safepoint      ] Safepoint "ICBufferFull", Time since last: 2043289 ns, Reaching safepoint: 46500 ns, At safepoint: 5600 ns, Total: 52100 ns
[1.586s][info ][safepoint      ] Safepoint "ICBufferFull", Time since last: 779896 ns, Reaching safepoint: 18600 ns, At safepoint: 5300 ns, Total: 23900 ns
[1.601s][info ][safepoint      ] Safepoint "ICBufferFull", Time since last: 14920120 ns, Reaching safepoint: 130900 ns, At safepoint: 7100 ns, Total: 138000 ns
[1.649s][info ][safepoint      ] Safepoint "ICBufferFull", Time since last: 48379042 ns, Reaching safepoint: 91699 ns, At safepoint: 4700 ns, Total: 96399 ns
[1.652s][info ][safepoint      ] Safepoint "ICBufferFull", Time since last: 2434487 ns, Reaching safepoint: 52100 ns, At safepoint: 1700 ns, Total: 53800 ns
[1.653s][info ][safepoint      ] Safepoint "ICBufferFull", Time since last: 961295 ns, Reaching safepoint: 102099 ns, At safepoint: 6300 ns, Total: 108399 ns
[1.654s][info ][safepoint      ] Safepoint "ICBufferFull", Time since last: 1165194 ns, Reaching safepoint: 18300 ns, At safepoint: 4200 ns, Total: 22500 ns
[1.655s][info ][safepoint      ] Safepoint "ICBufferFull", Time since last: 763696 ns, Reaching safepoint: 16800 ns, At safepoint: 8600 ns, Total: 25400 ns
[1.656s][info ][safepoint      ] Safepoint "ICBufferFull", Time since last: 1036394 ns, Reaching safepoint: 16000 ns, At safepoint: 1000 ns, Total: 17000 ns
[1.656s][info ][safepoint      ] Safepoint "ICBufferFull", Time since last: 733496 ns, Reaching safepoint: 15700 ns, At safepoint: 700 ns, Total: 16400 ns
[1.657s][info ][safepoint      ] Safepoint "ICBufferFull", Time since last: 899295 ns, Reaching safepoint: 15800 ns, At safepoint: 1000 ns, Total: 16800 ns
[1.658s][info ][safepoint      ] Safepoint "ICBufferFull", Time since last: 653897 ns, Reaching safepoint: 18100 ns, At safepoint: 1100 ns, Total: 19200 ns
[1.659s][info ][safepoint      ] Safepoint "ICBufferFull", Time since last: 927895 ns, Reaching safepoint: 17900 ns, At safepoint: 1100 ns, Total: 19000 ns
[1.660s][info ][safepoint      ] Safepoint "ICBufferFull", Time since last: 658996 ns, Reaching safepoint: 16800 ns, At safepoint: 900 ns, Total: 17700 ns
[1.661s][info ][safepoint      ] Safepoint "ICBufferFull", Time since last: 950495 ns, Reaching safepoint: 17200 ns, At safepoint: 1300 ns, Total: 18500 ns
[1.662s][info ][safepoint      ] Safepoint "ICBufferFull", Time since last: 1099694 ns, Reaching safepoint: 24800 ns, At safepoint: 1300 ns, Total: 26100 ns
[1.662s][info ][safepoint      ] Safepoint "ICBufferFull", Time since last: 430498 ns, Reaching safepoint: 19200 ns, At safepoint: 800 ns, Total: 20000 ns
[1.665s][info ][safepoint      ] Safepoint "ICBufferFull", Time since last: 2307387 ns, Reaching safepoint: 14400 ns, At safepoint: 800 ns, Total: 15200 ns
[1.671s][info ][safepoint      ] Safepoint "ICBufferFull", Time since last: 6651565 ns, Reaching safepoint: 51499 ns, At safepoint: 1600 ns, Total: 53099 ns
[1.673s][info ][safepoint      ] Safepoint "ICBufferFull", Time since last: 1905590 ns, Reaching safepoint: 22500 ns, At safepoint: 800 ns, Total: 23300 ns
[1.693s][info ][safepoint      ] Safepoint "ICBufferFull", Time since last: 19505696 ns, Reaching safepoint: 38300 ns, At safepoint: 2100 ns, Total: 40400 ns
[1.715s][info ][safepoint      ] Safepoint "ICBufferFull", Time since last: 21721584 ns, Reaching safepoint: 58100 ns, At safepoint: 4500 ns, Total: 62600 ns
[1.730s][info ][safepoint      ] Safepoint "ICBufferFull", Time since last: 15079620 ns, Reaching safepoint: 43799 ns, At safepoint: 7900 ns, Total: 51699 ns
[1.789s][info ][safepoint      ] Safepoint "ICBufferFull", Time since last: 59643582 ns, Reaching safepoint: 93600 ns, At safepoint: 10900 ns, Total: 104500 ns
[2.114s][info ][safepoint      ] Safepoint "ICBufferFull", Time since last: 324393271 ns, Reaching safepoint: 178699 ns, At safepoint: 7800 ns, Total: 186499 ns
[2.369s][info ][gc,start       ] GC(2) Pause Young (Metadata GC Threshold)
[2.397s][debug][gc,phases      ] GC(2) Scavenge 28.375ms
[2.398s][debug][gc,ref         ] GC(2) Skipped phase 1 of Reference Processing: no references
[2.398s][debug][gc,ref         ] GC(2) ReferenceProcessor::execute queues: 2, RefProcThreadModel::Multi, marks_oops_alive: false
[2.398s][debug][gc,ref         ] GC(2) Skipped phase 3 of Reference Processing: no references
[2.398s][debug][gc,ref         ] GC(2) ReferenceProcessor::execute queues: 1, RefProcThreadModel::Single, marks_oops_alive: false
[2.398s][debug][gc,phases      ] GC(2) Reference Processing 0.273ms
[2.398s][debug][gc,phases      ] GC(2)   VM Weak                        Min:  0.0, Avg:  0.0, Max:  0.0, Diff:  0.0, Sum:  0.0, Workers: 4
[2.398s][debug][gc,phases      ] GC(2)     Dead                           Min: 0, Avg:  0.0, Max: 0, Diff: 0, Sum: 0, Workers: 4
[2.398s][debug][gc,phases      ] GC(2)     Total                          Min: 0, Avg: 68.2, Max: 209, Diff: 209, Sum: 273, Workers: 4
[2.398s][debug][gc,phases      ] GC(2)   ObjectSynchronizer Weak        Min:  0.0, Avg:  0.0, Max:  0.0, Diff:  0.0, Sum:  0.0, Workers: 4
[2.398s][debug][gc,phases      ] GC(2)     Dead                           Min: 0, Avg:  0.0, Max: 0, Diff: 0, Sum: 0, Workers: 4
[2.398s][debug][gc,phases      ] GC(2)     Total                          Min: 0, Avg:  2.0, Max: 8, Diff: 8, Sum: 8, Workers: 4
[2.398s][debug][gc,phases      ] GC(2)   JVMTI Tag Weak OopStorage      Min:  0.0, Avg:  0.0, Max:  0.0, Diff:  0.0, Sum:  0.0, Workers: 4
[2.398s][debug][gc,phases      ] GC(2)     Dead                           Min: 0, Avg:  0.0, Max: 0, Diff: 0, Sum: 0, Workers: 4
[2.398s][debug][gc,phases      ] GC(2)     Total                          Min: 0, Avg:  0.0, Max: 0, Diff: 0, Sum: 0, Workers: 4
[2.398s][debug][gc,phases      ] GC(2)   StringTable Weak               Min:  0.1, Avg:  0.1, Max:  0.1, Diff:  0.0, Sum:  0.5, Workers: 4
[2.398s][debug][gc,phases      ] GC(2)     Dead                           Min: 2, Avg:  5.8, Max: 13, Diff: 11, Sum: 23, Workers: 4
[2.398s][debug][gc,phases      ] GC(2)     Total                          Min: 4096, Avg: 4929.2, Max: 6784, Diff: 2688, Sum: 19717, Workers: 4
[2.398s][debug][gc,phases      ] GC(2)   ResolvedMethodTable Weak       Min:  0.0, Avg:  0.0, Max:  0.0, Diff:  0.0, Sum:  0.1, Workers: 4
[2.398s][debug][gc,phases      ] GC(2)     Dead                           Min: 5, Avg: 17.8, Max: 39, Diff: 34, Sum: 71, Workers: 4
[2.398s][debug][gc,phases      ] GC(2)     Total                          Min: 320, Avg: 473.2, Max: 640, Diff: 320, Sum: 1893, Workers: 4
[2.398s][debug][gc,phases      ] GC(2)   JNI Weak                       Min:  0.0, Avg:  0.0, Max:  0.0, Diff:  0.0, Sum:  0.0, Workers: 4
[2.398s][debug][gc,phases      ] GC(2)     Dead                           Min: 0, Avg:  0.0, Max: 0, Diff: 0, Sum: 0, Workers: 4
[2.398s][debug][gc,phases      ] GC(2)     Total                          Min: 0, Avg:  0.0, Max: 0, Diff: 0, Sum: 0, Workers: 4
[2.398s][debug][gc,phases      ] GC(2)   StringDedup Table Weak         Min:  0.0, Avg:  0.0, Max:  0.0, Diff:  0.0, Sum:  0.0, Workers: 4
[2.398s][debug][gc,phases      ] GC(2)     Dead                           Min: 0, Avg:  0.0, Max: 0, Diff: 0, Sum: 0, Workers: 4
[2.398s][debug][gc,phases      ] GC(2)     Total                          Min: 0, Avg:  0.0, Max: 0, Diff: 0, Sum: 0, Workers: 4
[2.398s][debug][gc,phases      ] GC(2)   StringDedup Requests0 Weak     Min:  0.0, Avg:  0.0, Max:  0.0, Diff:  0.0, Sum:  0.0, Workers: 4
[2.398s][debug][gc,phases      ] GC(2)     Dead                           Min: 0, Avg:  0.0, Max: 0, Diff: 0, Sum: 0, Workers: 4
[2.398s][debug][gc,phases      ] GC(2)     Total                          Min: 0, Avg:  0.0, Max: 0, Diff: 0, Sum: 0, Workers: 4
[2.398s][debug][gc,phases      ] GC(2)   StringDedup Requests1 Weak     Min:  0.0, Avg:  0.0, Max:  0.0, Diff:  0.0, Sum:  0.0, Workers: 4
[2.398s][debug][gc,phases      ] GC(2)     Dead                           Min: 0, Avg:  0.0, Max: 0, Diff: 0, Sum: 0, Workers: 4
[2.398s][debug][gc,phases      ] GC(2)     Total                          Min: 0, Avg:  0.0, Max: 0, Diff: 0, Sum: 0, Workers: 4
[2.398s][debug][gc,phases      ] GC(2)   Weak JFR Old Object Samples    Min:  0.0, Avg:  0.0, Max:  0.0, Diff:  0.0, Sum:  0.0, Workers: 4
[2.398s][debug][gc,phases      ] GC(2)     Dead                           Min: 0, Avg:  0.0, Max: 0, Diff: 0, Sum: 0, Workers: 4
[2.398s][debug][gc,phases      ] GC(2)     Total                          Min: 0, Avg:  0.0, Max: 0, Diff: 0, Sum: 0, Workers: 4
[2.398s][debug][gc,phases      ] GC(2) Weak Processing 0.286ms
[2.398s][debug][gc,age         ] GC(2) Desired survivor size 536870912 bytes, new threshold 7 (max threshold 15)
[2.398s][info ][gc,heap        ] GC(2) PSYoungGen: 446106K(1572864K)->56630K(1572864K) Eden: 424680K(1048576K)->0K(1048576K) From: 21426K(524288K)->56630K(524288K)
[2.398s][info ][gc,heap        ] GC(2) ParOldGen: 5718K(6144K)->5726K(6144K)
[2.398s][info ][gc,metaspace   ] GC(2) Metaspace: 35450K(35840K)->35450K(35840K) NonClass: 30977K(31168K)->30977K(31168K) Class: 4472K(4672K)->4472K(4672K)
[2.398s][info ][gc             ] GC(2) Pause Young (Metadata GC Threshold) 441M->60M(1542M) 29.041ms
[2.398s][info ][gc,cpu         ] GC(2) User=0.11s Sys=0.01s Real=0.03s
[2.398s][debug][gc,phases      ] GC(3) Pre Compact 0.008ms
[2.398s][info ][gc,start       ] GC(3) Pause Full (Metadata GC Threshold)
[2.398s][info ][gc,phases,start] GC(3) Marking Phase
[2.414s][debug][gc,phases      ] GC(3) Par Mark 15.403ms
[2.414s][debug][gc,ref         ] GC(3) Skipped phase 1 of Reference Processing: no references
[2.414s][debug][gc,ref         ] GC(3) ReferenceProcessor::execute queues: 2, RefProcThreadModel::Multi, marks_oops_alive: false
[2.414s][debug][gc,ref         ] GC(3) Skipped phase 3 of Reference Processing: no references
[2.414s][debug][gc,ref         ] GC(3) ReferenceProcessor::execute queues: 1, RefProcThreadModel::Single, marks_oops_alive: false
[2.414s][debug][gc,phases      ] GC(3) Reference Processing 0.156ms
[2.414s][debug][gc,phases      ] GC(3)   VM Weak                        Min:  0.0, Avg:  0.0, Max:  0.0, Diff:  0.0, Sum:  0.0, Workers: 4
[2.414s][debug][gc,phases      ] GC(3)     Dead                           Min: 0, Avg:  0.0, Max: 0, Diff: 0, Sum: 0, Workers: 4
[2.414s][debug][gc,phases      ] GC(3)     Total                          Min: 0, Avg: 68.2, Max: 273, Diff: 273, Sum: 273, Workers: 4
[2.414s][debug][gc,phases      ] GC(3)   ObjectSynchronizer Weak        Min:  0.0, Avg:  0.0, Max:  0.0, Diff:  0.0, Sum:  0.0, Workers: 4
[2.414s][debug][gc,phases      ] GC(3)     Dead                           Min: 0, Avg:  0.0, Max: 0, Diff: 0, Sum: 0, Workers: 4
[2.414s][debug][gc,phases      ] GC(3)     Total                          Min: 0, Avg:  2.0, Max: 8, Diff: 8, Sum: 8, Workers: 4
[2.414s][debug][gc,phases      ] GC(3)   JVMTI Tag Weak OopStorage      Min:  0.0, Avg:  0.0, Max:  0.0, Diff:  0.0, Sum:  0.0, Workers: 4
[2.414s][debug][gc,phases      ] GC(3)     Dead                           Min: 0, Avg:  0.0, Max: 0, Diff: 0, Sum: 0, Workers: 4
[2.414s][debug][gc,phases      ] GC(3)     Total                          Min: 0, Avg:  0.0, Max: 0, Diff: 0, Sum: 0, Workers: 4
[2.414s][debug][gc,phases      ] GC(3)   StringTable Weak               Min:  0.1, Avg:  0.1, Max:  0.1, Diff:  0.0, Sum:  0.2, Workers: 4
[2.414s][debug][gc,phases      ] GC(3)     Dead                           Min: 0, Avg:  0.5, Max: 2, Diff: 2, Sum: 2, Workers: 4
[2.414s][debug][gc,phases      ] GC(3)     Total                          Min: 4224, Avg: 4929.2, Max: 5701, Diff: 1477, Sum: 19717, Workers: 4
[2.414s][debug][gc,phases      ] GC(3)   ResolvedMethodTable Weak       Min:  0.0, Avg:  0.0, Max:  0.0, Diff:  0.0, Sum:  0.0, Workers: 4
[2.414s][debug][gc,phases      ] GC(3)     Dead                           Min: 0, Avg:  0.0, Max: 0, Diff: 0, Sum: 0, Workers: 4
[2.414s][debug][gc,phases      ] GC(3)     Total                          Min: 448, Avg: 473.2, Max: 549, Diff: 101, Sum: 1893, Workers: 4
[2.414s][debug][gc,phases      ] GC(3)   JNI Weak                       Min:  0.0, Avg:  0.0, Max:  0.0, Diff:  0.0, Sum:  0.0, Workers: 4
[2.414s][debug][gc,phases      ] GC(3)     Dead                           Min: 0, Avg:  0.0, Max: 0, Diff: 0, Sum: 0, Workers: 4
[2.414s][debug][gc,phases      ] GC(3)     Total                          Min: 0, Avg:  0.0, Max: 0, Diff: 0, Sum: 0, Workers: 4
[2.414s][debug][gc,phases      ] GC(3)   StringDedup Table Weak         Min:  0.0, Avg:  0.0, Max:  0.0, Diff:  0.0, Sum:  0.0, Workers: 4
[2.414s][debug][gc,phases      ] GC(3)     Dead                           Min: 0, Avg:  0.0, Max: 0, Diff: 0, Sum: 0, Workers: 4
[2.414s][debug][gc,phases      ] GC(3)     Total                          Min: 0, Avg:  0.0, Max: 0, Diff: 0, Sum: 0, Workers: 4
[2.414s][debug][gc,phases      ] GC(3)   StringDedup Requests0 Weak     Min:  0.0, Avg:  0.0, Max:  0.0, Diff:  0.0, Sum:  0.0, Workers: 4
[2.414s][debug][gc,phases      ] GC(3)     Dead                           Min: 0, Avg:  0.0, Max: 0, Diff: 0, Sum: 0, Workers: 4
[2.414s][debug][gc,phases      ] GC(3)     Total                          Min: 0, Avg:  0.0, Max: 0, Diff: 0, Sum: 0, Workers: 4
[2.414s][debug][gc,phases      ] GC(3)   StringDedup Requests1 Weak     Min:  0.0, Avg:  0.0, Max:  0.0, Diff:  0.0, Sum:  0.0, Workers: 4
[2.414s][debug][gc,phases      ] GC(3)     Dead                           Min: 0, Avg:  0.0, Max: 0, Diff: 0, Sum: 0, Workers: 4
[2.414s][debug][gc,phases      ] GC(3)     Total                          Min: 0, Avg:  0.0, Max: 0, Diff: 0, Sum: 0, Workers: 4
[2.414s][debug][gc,phases      ] GC(3)   Weak JFR Old Object Samples    Min:  0.0, Avg:  0.0, Max:  0.0, Diff:  0.0, Sum:  0.0, Workers: 4
[2.414s][debug][gc,phases      ] GC(3)     Dead                           Min: 0, Avg:  0.0, Max: 0, Diff: 0, Sum: 0, Workers: 4
[2.414s][debug][gc,phases      ] GC(3)     Total                          Min: 0, Avg:  0.0, Max: 0, Diff: 0, Sum: 0, Workers: 4
[2.414s][debug][gc,phases      ] GC(3) Weak Processing 0.211ms
[2.414s][debug][gc,phases      ] GC(3) ClassLoaderData 0.035ms
[2.414s][debug][gc,phases      ] GC(3) Trigger cleanups 0.000ms
[2.417s][debug][gc,phases      ] GC(3) Class Unloading 3.274ms
[2.417s][info ][gc,phases      ] GC(3) Marking Phase 19.144ms
[2.417s][info ][gc,phases,start] GC(3) Summary Phase
[2.417s][info ][gc,phases      ] GC(3) Summary Phase 0.005ms
[2.417s][info ][gc,phases,start] GC(3) Adjust Roots
[2.421s][info ][gc,phases      ] GC(3) Adjust Roots 3.310ms
[2.421s][info ][gc,phases,start] GC(3) Compaction Phase
[2.667s][info ][gc,phases      ] GC(3) Compaction Phase 246.124ms
[2.667s][info ][gc,phases,start] GC(3) Post Compact
[2.667s][info ][gc,phases      ] GC(3) Post Compact 0.584ms
[2.667s][info ][gc,heap        ] GC(3) PSYoungGen: 56630K(1572864K)->55930K(1572864K) Eden: 0K(1048576K)->0K(1048576K) From: 56630K(524288K)->55930K(524288K)
[2.667s][info ][gc,heap        ] GC(3) ParOldGen: 5726K(6144K)->6086K(6144K)
[2.667s][info ][gc,metaspace   ] GC(3) Metaspace: 35450K(35840K)->35450K(35840K) NonClass: 30977K(31168K)->30977K(31168K) Class: 4472K(4672K)->4472K(4672K)
[2.667s][info ][gc             ] GC(3) Pause Full (Metadata GC Threshold) 60M->60M(1542M) 269.262ms
[2.667s][info ][gc,cpu         ] GC(3) User=0.57s Sys=0.02s Real=0.27s
[2.667s][info ][safepoint      ] Safepoint "CollectForMetadataAllocation", Time since last: 254899842 ns, Reaching safepoint: 154599 ns, At safepoint: 298407110 ns, Total: 298561709 ns
[2.866s][info ][safepoint      ] Safepoint "ICBufferFull", Time since last: 197920945 ns, Reaching safepoint: 165599 ns, At safepoint: 9400 ns, Total: 174999 ns
[2.983s][info ][safepoint      ] Safepoint "ICBufferFull", Time since last: 117181276 ns, Reaching safepoint: 197199 ns, At safepoint: 7199 ns, Total: 204398 ns
[3.162s][info ][safepoint      ] Safepoint "ICBufferFull", Time since last: 178892347 ns, Reaching safepoint: 223299 ns, At safepoint: 28000 ns, Total: 251299 ns
[3.206s][info ][safepoint      ] Safepoint "ICBufferFull", Time since last: 44004565 ns, Reaching safepoint: 301199 ns, At safepoint: 41899 ns, Total: 343098 ns
[3.210s][info ][safepoint      ] Safepoint "ICBufferFull", Time since last: 3013584 ns, Reaching safepoint: 119300 ns, At safepoint: 28900 ns, Total: 148200 ns
[3.306s][info ][safepoint      ] Safepoint "ICBufferFull", Time since last: 96338586 ns, Reaching safepoint: 208399 ns, At safepoint: 29800 ns, Total: 238199 ns
[3.461s][info ][safepoint      ] Safepoint "ICBufferFull", Time since last: 154957674 ns, Reaching safepoint: 287799 ns, At safepoint: 14800 ns, Total: 302599 ns
[3.462s][info ][safepoint      ] Safepoint "ICBufferFull", Time since last: 63099 ns, Reaching safepoint: 82500 ns, At safepoint: 13500 ns, Total: 96000 ns
[3.462s][info ][safepoint      ] Safepoint "ICBufferFull", Time since last: 42099 ns, Reaching safepoint: 83300 ns, At safepoint: 11200 ns, Total: 94500 ns
[3.463s][info ][safepoint      ] Safepoint "ICBufferFull", Time since last: 707596 ns, Reaching safepoint: 83300 ns, At safepoint: 13600 ns, Total: 96900 ns
[3.603s][info ][safepoint      ] Safepoint "ICBufferFull", Time since last: 135925875 ns, Reaching safepoint: 4367777 ns, At safepoint: 30300 ns, Total: 4398077 ns
[3.609s][info ][safepoint      ] Safepoint "ICBufferFull", Time since last: 6520465 ns, Reaching safepoint: 92200 ns, At safepoint: 23500 ns, Total: 115700 ns
[4.008s][info ][safepoint      ] Safepoint "ICBufferFull", Time since last: 397907079 ns, Reaching safepoint: 208199 ns, At safepoint: 20300 ns, Total: 228499 ns
[4.008s][info ][safepoint      ] Safepoint "ICBufferFull", Time since last: 66099 ns, Reaching safepoint: 87300 ns, At safepoint: 21700 ns, Total: 109000 ns
[4.011s][info ][safepoint      ] Safepoint "ICBufferFull", Time since last: 2663886 ns, Reaching safepoint: 90999 ns, At safepoint: 17100 ns, Total: 108099 ns
[4.011s][info ][safepoint      ] Safepoint "ICBufferFull", Time since last: 48000 ns, Reaching safepoint: 87699 ns, At safepoint: 22900 ns, Total: 110599 ns
[4.116s][debug][gc,phases      ] GC(4) Pre Compact 0.019ms
[4.116s][info ][gc,start       ] GC(4) Pause Full (Ergonomics)
[4.116s][info ][gc,phases,start] GC(4) Marking Phase
[4.220s][debug][gc,phases      ] GC(4) Par Mark 104.480ms
[4.220s][debug][gc,ref         ] GC(4) Skipped phase 1 of Reference Processing: no references
[4.221s][debug][gc,ref         ] GC(4) ReferenceProcessor::execute queues: 4, RefProcThreadModel::Multi, marks_oops_alive: false
[4.221s][debug][gc,ref         ] GC(4) Skipped phase 3 of Reference Processing: no references
[4.221s][debug][gc,ref         ] GC(4) ReferenceProcessor::execute queues: 3, RefProcThreadModel::Multi, marks_oops_alive: false
[4.221s][debug][gc,phases      ] GC(4) Reference Processing 0.972ms
[4.221s][debug][gc,phases      ] GC(4)   VM Weak                        Min:  0.0, Avg:  0.0, Max:  0.0, Diff:  0.0, Sum:  0.0, Workers: 4
[4.221s][debug][gc,phases      ] GC(4)     Dead                           Min: 0, Avg:  1.5, Max: 5, Diff: 5, Sum: 6, Workers: 4
[4.221s][debug][gc,phases      ] GC(4)     Total                          Min: 0, Avg: 104.8, Max: 320, Diff: 320, Sum: 419, Workers: 4
[4.221s][debug][gc,phases      ] GC(4)   ObjectSynchronizer Weak        Min:  0.0, Avg:  0.0, Max:  0.0, Diff:  0.0, Sum:  0.0, Workers: 4
[4.221s][debug][gc,phases      ] GC(4)     Dead                           Min: 0, Avg: 66.0, Max: 106, Diff: 106, Sum: 264, Workers: 4
[4.221s][debug][gc,phases      ] GC(4)     Total                          Min: 0, Avg: 79.8, Max: 128, Diff: 128, Sum: 319, Workers: 4
[4.221s][debug][gc,phases      ] GC(4)   JVMTI Tag Weak OopStorage      Min:  0.0, Avg:  0.0, Max:  0.0, Diff:  0.0, Sum:  0.0, Workers: 4
[4.221s][debug][gc,phases      ] GC(4)     Dead                           Min: 0, Avg:  0.0, Max: 0, Diff: 0, Sum: 0, Workers: 4
[4.221s][debug][gc,phases      ] GC(4)     Total                          Min: 0, Avg:  0.0, Max: 0, Diff: 0, Sum: 0, Workers: 4
[4.221s][debug][gc,phases      ] GC(4)   StringTable Weak               Min:  0.1, Avg:  0.1, Max:  0.1, Diff:  0.0, Sum:  0.5, Workers: 4
[4.221s][debug][gc,phases      ] GC(4)     Dead                           Min: 2, Avg:  6.5, Max: 10, Diff: 8, Sum: 26, Workers: 4
[4.221s][debug][gc,phases      ] GC(4)     Total                          Min: 9216, Avg: 9531.2, Max: 10176, Diff: 960, Sum: 38125, Workers: 4
[4.221s][debug][gc,phases      ] GC(4)   ResolvedMethodTable Weak       Min:  0.0, Avg:  0.0, Max:  0.0, Diff:  0.0, Sum:  0.1, Workers: 4
[4.221s][debug][gc,phases      ] GC(4)     Dead                           Min: 19, Avg: 44.5, Max: 76, Diff: 57, Sum: 178, Workers: 4
[4.221s][debug][gc,phases      ] GC(4)     Total                          Min: 1024, Avg: 1218.8, Max: 1344, Diff: 320, Sum: 4875, Workers: 4
[4.221s][debug][gc,phases      ] GC(4)   JNI Weak                       Min:  0.0, Avg:  0.0, Max:  0.0, Diff:  0.0, Sum:  0.0, Workers: 4
[4.221s][debug][gc,phases      ] GC(4)     Dead                           Min: 0, Avg:  0.0, Max: 0, Diff: 0, Sum: 0, Workers: 4
[4.222s][debug][gc,phases      ] GC(4)     Total                          Min: 0, Avg:  5.2, Max: 21, Diff: 21, Sum: 21, Workers: 4
[4.222s][debug][gc,phases      ] GC(4)   StringDedup Table Weak         Min:  0.0, Avg:  0.0, Max:  0.0, Diff:  0.0, Sum:  0.0, Workers: 4
[4.222s][debug][gc,phases      ] GC(4)     Dead                           Min: 0, Avg:  0.0, Max: 0, Diff: 0, Sum: 0, Workers: 4
[4.222s][debug][gc,phases      ] GC(4)     Total                          Min: 0, Avg:  0.0, Max: 0, Diff: 0, Sum: 0, Workers: 4
[4.222s][debug][gc,phases      ] GC(4)   StringDedup Requests0 Weak     Min:  0.0, Avg:  0.0, Max:  0.0, Diff:  0.0, Sum:  0.0, Workers: 4
[4.222s][debug][gc,phases      ] GC(4)     Dead                           Min: 0, Avg:  0.0, Max: 0, Diff: 0, Sum: 0, Workers: 4
[4.222s][debug][gc,phases      ] GC(4)     Total                          Min: 0, Avg:  0.0, Max: 0, Diff: 0, Sum: 0, Workers: 4
[4.222s][debug][gc,phases      ] GC(4)   StringDedup Requests1 Weak     Min:  0.0, Avg:  0.0, Max:  0.0, Diff:  0.0, Sum:  0.0, Workers: 4
[4.222s][debug][gc,phases      ] GC(4)     Dead                           Min: 0, Avg:  0.0, Max: 0, Diff: 0, Sum: 0, Workers: 4
[4.222s][debug][gc,phases      ] GC(4)     Total                          Min: 0, Avg:  0.0, Max: 0, Diff: 0, Sum: 0, Workers: 4
[4.222s][debug][gc,phases      ] GC(4)   Weak JFR Old Object Samples    Min:  0.0, Avg:  0.0, Max:  0.0, Diff:  0.0, Sum:  0.0, Workers: 4
[4.222s][debug][gc,phases      ] GC(4)     Dead                           Min: 0, Avg:  0.0, Max: 0, Diff: 0, Sum: 0, Workers: 4
[4.222s][debug][gc,phases      ] GC(4)     Total                          Min: 0, Avg:  0.0, Max: 0, Diff: 0, Sum: 0, Workers: 4
[4.222s][debug][gc,phases      ] GC(4) Weak Processing 0.298ms
[4.222s][debug][gc,phases      ] GC(4) ClassLoaderData 0.132ms
[4.222s][debug][gc,phases      ] GC(4) Trigger cleanups 0.001ms
[4.230s][debug][gc,phases      ] GC(4) Class Unloading 8.609ms
[4.230s][info ][gc,phases      ] GC(4) Marking Phase 114.479ms
[4.230s][info ][gc,phases,start] GC(4) Summary Phase
[4.230s][info ][gc,phases      ] GC(4) Summary Phase 0.022ms
[4.230s][info ][gc,phases,start] GC(4) Adjust Roots
[4.237s][info ][gc,phases      ] GC(4) Adjust Roots 7.044ms
[4.237s][info ][gc,phases,start] GC(4) Compaction Phase
[4.464s][info ][gc,phases      ] GC(4) Compaction Phase 226.945ms
[4.464s][info ][gc,phases,start] GC(4) Post Compact
[4.467s][info ][gc,phases      ] GC(4) Post Compact 2.456ms
[4.467s][info ][gc,heap        ] GC(4) PSYoungGen: 1104506K(1572864K)->172356K(1572864K) Eden: 1048576K(1048576K)->172356K(1048576K) From: 55930K(524288K)->0K(524288K)
[4.467s][info ][gc,heap        ] GC(4) ParOldGen: 6086K(6144K)->6128K(18944K)
[4.467s][info ][gc,metaspace   ] GC(4) Metaspace: 53458K(54080K)->53447K(54080K) NonClass: 45557K(45888K)->45549K(45888K) Class: 7901K(8192K)->7898K(8192K)
[4.467s][info ][gc             ] GC(4) Pause Full (Ergonomics) 1084M->174M(1554M) 351.122ms
[4.467s][info ][gc,cpu         ] GC(4) User=1.26s Sys=0.00s Real=0.35s
[4.471s][info ][safepoint      ] Safepoint "ParallelGCFailedAllocation", Time since last: 104646443 ns, Reaching safepoint: 255398 ns, At safepoint: 355381006 ns, Total: 355636404 ns
[4.505s][info ][safepoint      ] Safepoint "ICBufferFull", Time since last: 33600821 ns, Reaching safepoint: 736396 ns, At safepoint: 26400 ns, Total: 762796 ns
[4.509s][info ][safepoint      ] Safepoint "ICBufferFull", Time since last: 2359388 ns, Reaching safepoint: 1001594 ns, At safepoint: 26900 ns, Total: 1028494 ns
[4.511s][info ][safepoint      ] Safepoint "ICBufferFull", Time since last: 2172789 ns, Reaching safepoint: 440697 ns, At safepoint: 27600 ns, Total: 468297 ns
[4.516s][info ][safepoint      ] Safepoint "ICBufferFull", Time since last: 4189678 ns, Reaching safepoint: 382398 ns, At safepoint: 25800 ns, Total: 408198 ns
[4.518s][info ][safepoint      ] Safepoint "ICBufferFull", Time since last: 1916989 ns, Reaching safepoint: 104000 ns, At safepoint: 26800 ns, Total: 130800 ns
[4.523s][info ][safepoint      ] Safepoint "ICBufferFull", Time since last: 4393576 ns, Reaching safepoint: 97600 ns, At safepoint: 22200 ns, Total: 119800 ns
[4.525s][info ][safepoint      ] Safepoint "ICBufferFull", Time since last: 1990089 ns, Reaching safepoint: 384198 ns, At safepoint: 23100 ns, Total: 407298 ns
[4.539s][info ][safepoint      ] Safepoint "ICBufferFull", Time since last: 9587149 ns, Reaching safepoint: 4252177 ns, At safepoint: 20100 ns, Total: 4272277 ns
[4.541s][info ][safepoint      ] Safepoint "ICBufferFull", Time since last: 2302988 ns, Reaching safepoint: 110699 ns, At safepoint: 25600 ns, Total: 136299 ns
[4.547s][info ][safepoint      ] Safepoint "ICBufferFull", Time since last: 3777680 ns, Reaching safepoint: 2110689 ns, At safepoint: 21500 ns, Total: 2132189 ns
[4.549s][info ][safepoint      ] Safepoint "ICBufferFull", Time since last: 1822890 ns, Reaching safepoint: 113799 ns, At safepoint: 24000 ns, Total: 137799 ns
[4.554s][info ][safepoint      ] Safepoint "ICBufferFull", Time since last: 4835974 ns, Reaching safepoint: 101500 ns, At safepoint: 20200 ns, Total: 121700 ns
[4.667s][info ][gc,start       ] GC(5) Pause Young (Allocation Failure)
[4.772s][debug][gc,phases      ] GC(5) Scavenge 104.589ms
[4.772s][debug][gc,ref         ] GC(5) Skipped phase 1 of Reference Processing: no references
[4.772s][debug][gc,ref         ] GC(5) ReferenceProcessor::execute queues: 4, RefProcThreadModel::Multi, marks_oops_alive: false
[4.772s][debug][gc,ref         ] GC(5) Skipped phase 3 of Reference Processing: no references
[4.772s][debug][gc,ref         ] GC(5) ReferenceProcessor::execute queues: 1, RefProcThreadModel::Single, marks_oops_alive: false
[4.772s][debug][gc,phases      ] GC(5) Reference Processing 0.249ms
[4.772s][debug][gc,phases      ] GC(5)   VM Weak                        Min:  0.0, Avg:  0.0, Max:  0.0, Diff:  0.0, Sum:  0.0, Workers: 4
[4.772s][debug][gc,phases      ] GC(5)     Dead                           Min: 0, Avg:  0.0, Max: 0, Diff: 0, Sum: 0, Workers: 4
[4.772s][debug][gc,phases      ] GC(5)     Total                          Min: 0, Avg: 104.8, Max: 297, Diff: 297, Sum: 419, Workers: 4
[4.772s][debug][gc,phases      ] GC(5)   ObjectSynchronizer Weak        Min:  0.0, Avg:  0.0, Max:  0.0, Diff:  0.0, Sum:  0.0, Workers: 4
[4.772s][debug][gc,phases      ] GC(5)     Dead                           Min: 0, Avg:  0.5, Max: 2, Diff: 2, Sum: 2, Workers: 4
[4.772s][debug][gc,phases      ] GC(5)     Total                          Min: 0, Avg: 80.5, Max: 192, Diff: 192, Sum: 322, Workers: 4
[4.772s][debug][gc,phases      ] GC(5)   JVMTI Tag Weak OopStorage      Min:  0.0, Avg:  0.0, Max:  0.0, Diff:  0.0, Sum:  0.0, Workers: 4
[4.772s][debug][gc,phases      ] GC(5)     Dead                           Min: 0, Avg:  0.0, Max: 0, Diff: 0, Sum: 0, Workers: 4
[4.772s][debug][gc,phases      ] GC(5)     Total                          Min: 0, Avg:  0.0, Max: 0, Diff: 0, Sum: 0, Workers: 4
[4.772s][debug][gc,phases      ] GC(5)   StringTable Weak               Min:  0.2, Avg:  0.2, Max:  0.2, Diff:  0.0, Sum:  0.9, Workers: 4
[4.772s][debug][gc,phases      ] GC(5)     Dead                           Min: 0, Avg:  3.5, Max: 12, Diff: 12, Sum: 14, Workers: 4
[4.772s][debug][gc,phases      ] GC(5)     Total                          Min: 6208, Avg: 9540.0, Max: 12624, Diff: 6416, Sum: 38160, Workers: 4
[4.772s][debug][gc,phases      ] GC(5)   ResolvedMethodTable Weak       Min:  0.0, Avg:  0.0, Max:  0.0, Diff:  0.0, Sum:  0.1, Workers: 4
[4.772s][debug][gc,phases      ] GC(5)     Dead                           Min: 0, Avg:  0.0, Max: 0, Diff: 0, Sum: 0, Workers: 4
[4.772s][debug][gc,phases      ] GC(5)     Total                          Min: 862, Avg: 1186.0, Max: 1547, Diff: 685, Sum: 4744, Workers: 4
[4.772s][debug][gc,phases      ] GC(5)   JNI Weak                       Min:  0.0, Avg:  0.0, Max:  0.0, Diff:  0.0, Sum:  0.0, Workers: 4
[4.772s][debug][gc,phases      ] GC(5)     Dead                           Min: 0, Avg:  0.0, Max: 0, Diff: 0, Sum: 0, Workers: 4
[4.772s][debug][gc,phases      ] GC(5)     Total                          Min: 0, Avg:  0.5, Max: 2, Diff: 2, Sum: 2, Workers: 4
[4.772s][debug][gc,phases      ] GC(5)   StringDedup Table Weak         Min:  0.0, Avg:  0.0, Max:  0.0, Diff:  0.0, Sum:  0.0, Workers: 4
[4.772s][debug][gc,phases      ] GC(5)     Dead                           Min: 0, Avg:  0.0, Max: 0, Diff: 0, Sum: 0, Workers: 4
[4.772s][debug][gc,phases      ] GC(5)     Total                          Min: 0, Avg:  0.0, Max: 0, Diff: 0, Sum: 0, Workers: 4
[4.772s][debug][gc,phases      ] GC(5)   StringDedup Requests0 Weak     Min:  0.0, Avg:  0.0, Max:  0.0, Diff:  0.0, Sum:  0.0, Workers: 4
[4.772s][debug][gc,phases      ] GC(5)     Dead                           Min: 0, Avg:  0.0, Max: 0, Diff: 0, Sum: 0, Workers: 4
[4.772s][debug][gc,phases      ] GC(5)     Total                          Min: 0, Avg:  0.0, Max: 0, Diff: 0, Sum: 0, Workers: 4
[4.772s][debug][gc,phases      ] GC(5)   StringDedup Requests1 Weak     Min:  0.0, Avg:  0.0, Max:  0.0, Diff:  0.0, Sum:  0.0, Workers: 4
[4.772s][debug][gc,phases      ] GC(5)     Dead                           Min: 0, Avg:  0.0, Max: 0, Diff: 0, Sum: 0, Workers: 4
[4.772s][debug][gc,phases      ] GC(5)     Total                          Min: 0, Avg:  0.0, Max: 0, Diff: 0, Sum: 0, Workers: 4
[4.772s][debug][gc,phases      ] GC(5)   Weak JFR Old Object Samples    Min:  0.0, Avg:  0.0, Max:  0.0, Diff:  0.0, Sum:  0.0, Workers: 4
[4.772s][debug][gc,phases      ] GC(5)     Dead                           Min: 0, Avg:  0.0, Max: 0, Diff: 0, Sum: 0, Workers: 4
[4.772s][debug][gc,phases      ] GC(5)     Total                          Min: 0, Avg:  0.0, Max: 0, Diff: 0, Sum: 0, Workers: 4
[4.772s][debug][gc,phases      ] GC(5) Weak Processing 0.397ms
[4.772s][debug][gc,age         ] GC(5) Desired survivor size 536870912 bytes, new threshold 7 (max threshold 15)
[4.772s][info ][gc,heap        ] GC(5) PSYoungGen: 1048576K(1572864K)->177674K(1572864K) Eden: 1048576K(1048576K)->0K(1048576K) From: 0K(524288K)->177674K(524288K)
[4.772s][info ][gc,heap        ] GC(5) ParOldGen: 6128K(18944K)->6144K(18944K)
[4.772s][info ][gc,metaspace   ] GC(5) Metaspace: 53540K(54144K)->53540K(54144K) NonClass: 45624K(45952K)->45624K(45952K) Class: 7915K(8192K)->7915K(8192K)
[4.772s][info ][gc             ] GC(5) Pause Young (Allocation Failure) 1029M->179M(1554M) 105.352ms
[4.772s][info ][gc,cpu         ] GC(5) User=0.34s Sys=0.07s Real=0.11s
[4.773s][info ][safepoint      ] Safepoint "ParallelGCFailedAllocation", Time since last: 112818098 ns, Reaching safepoint: 205299 ns, At safepoint: 105443238 ns, Total: 105648537 ns
[4.948s][info ][gc,start       ] GC(6) Pause Young (Allocation Failure)
[5.032s][debug][gc,phases      ] GC(6) Scavenge 84.218ms
[5.032s][debug][gc,ref         ] GC(6) Skipped phase 1 of Reference Processing: no references
[5.032s][debug][gc,ref         ] GC(6) ReferenceProcessor::execute queues: 4, RefProcThreadModel::Multi, marks_oops_alive: false
[5.033s][debug][gc,ref         ] GC(6) Skipped phase 3 of Reference Processing: no references
[5.033s][debug][gc,ref         ] GC(6) ReferenceProcessor::execute queues: 1, RefProcThreadModel::Single, marks_oops_alive: false
[5.033s][debug][gc,phases      ] GC(6) Reference Processing 0.282ms
[5.033s][debug][gc,phases      ] GC(6)   VM Weak                        Min:  0.0, Avg:  0.0, Max:  0.0, Diff:  0.0, Sum:  0.0, Workers: 4
[5.033s][debug][gc,phases      ] GC(6)     Dead                           Min: 0, Avg:  0.0, Max: 0, Diff: 0, Sum: 0, Workers: 4
[5.033s][debug][gc,phases      ] GC(6)     Total                          Min: 0, Avg: 106.0, Max: 256, Diff: 256, Sum: 424, Workers: 4
[5.033s][debug][gc,phases      ] GC(6)   ObjectSynchronizer Weak        Min:  0.0, Avg:  0.0, Max:  0.0, Diff:  0.0, Sum:  0.0, Workers: 4
[5.033s][debug][gc,phases      ] GC(6)     Dead                           Min: 0, Avg:  0.0, Max: 0, Diff: 0, Sum: 0, Workers: 4
[5.033s][debug][gc,phases      ] GC(6)     Total                          Min: 0, Avg: 80.5, Max: 194, Diff: 194, Sum: 322, Workers: 4
[5.033s][debug][gc,phases      ] GC(6)   JVMTI Tag Weak OopStorage      Min:  0.0, Avg:  0.0, Max:  0.0, Diff:  0.0, Sum:  0.0, Workers: 4
[5.033s][debug][gc,phases      ] GC(6)     Dead                           Min: 0, Avg:  0.0, Max: 0, Diff: 0, Sum: 0, Workers: 4
[5.033s][debug][gc,phases      ] GC(6)     Total                          Min: 0, Avg:  0.0, Max: 0, Diff: 0, Sum: 0, Workers: 4
[5.033s][debug][gc,phases      ] GC(6)   StringTable Weak               Min:  0.2, Avg:  0.2, Max:  0.2, Diff:  0.0, Sum:  0.9, Workers: 4
[5.033s][debug][gc,phases      ] GC(6)     Dead                           Min: 0, Avg:  0.2, Max: 1, Diff: 1, Sum: 1, Workers: 4
[5.033s][debug][gc,phases      ] GC(6)     Total                          Min: 7738, Avg: 9566.2, Max: 11840, Diff: 4102, Sum: 38265, Workers: 4
[5.033s][debug][gc,phases      ] GC(6)   ResolvedMethodTable Weak       Min:  0.0, Avg:  0.0, Max:  0.0, Diff:  0.0, Sum:  0.1, Workers: 4
[5.033s][debug][gc,phases      ] GC(6)     Dead                           Min: 0, Avg:  0.0, Max: 0, Diff: 0, Sum: 0, Workers: 4
[5.033s][debug][gc,phases      ] GC(6)     Total                          Min: 883, Avg: 1216.8, Max: 1588, Diff: 705, Sum: 4867, Workers: 4
[5.033s][debug][gc,phases      ] GC(6)   JNI Weak                       Min:  0.0, Avg:  0.0, Max:  0.0, Diff:  0.0, Sum:  0.0, Workers: 4
[5.033s][debug][gc,phases      ] GC(6)     Dead                           Min: 0, Avg:  0.0, Max: 0, Diff: 0, Sum: 0, Workers: 4
[5.033s][debug][gc,phases      ] GC(6)     Total                          Min: 0, Avg:  2.0, Max: 8, Diff: 8, Sum: 8, Workers: 4
[5.033s][debug][gc,phases      ] GC(6)   StringDedup Table Weak         Min:  0.0, Avg:  0.0, Max:  0.0, Diff:  0.0, Sum:  0.0, Workers: 4
[5.033s][debug][gc,phases      ] GC(6)     Dead                           Min: 0, Avg:  0.0, Max: 0, Diff: 0, Sum: 0, Workers: 4
[5.033s][debug][gc,phases      ] GC(6)     Total                          Min: 0, Avg:  0.0, Max: 0, Diff: 0, Sum: 0, Workers: 4
[5.033s][debug][gc,phases      ] GC(6)   StringDedup Requests0 Weak     Min:  0.0, Avg:  0.0, Max:  0.0, Diff:  0.0, Sum:  0.0, Workers: 4
[5.033s][debug][gc,phases      ] GC(6)     Dead                           Min: 0, Avg:  0.0, Max: 0, Diff: 0, Sum: 0, Workers: 4
[5.033s][debug][gc,phases      ] GC(6)     Total                          Min: 0, Avg:  0.0, Max: 0, Diff: 0, Sum: 0, Workers: 4
[5.033s][debug][gc,phases      ] GC(6)   StringDedup Requests1 Weak     Min:  0.0, Avg:  0.0, Max:  0.0, Diff:  0.0, Sum:  0.0, Workers: 4
[5.033s][debug][gc,phases      ] GC(6)     Dead                           Min: 0, Avg:  0.0, Max: 0, Diff: 0, Sum: 0, Workers: 4
[5.033s][debug][gc,phases      ] GC(6)     Total                          Min: 0, Avg:  0.0, Max: 0, Diff: 0, Sum: 0, Workers: 4
[5.033s][debug][gc,phases      ] GC(6)   Weak JFR Old Object Samples    Min:  0.0, Avg:  0.0, Max:  0.0, Diff:  0.0, Sum:  0.0, Workers: 4
[5.033s][debug][gc,phases      ] GC(6)     Dead                           Min: 0, Avg:  0.0, Max: 0, Diff: 0, Sum: 0, Workers: 4
[5.033s][debug][gc,phases      ] GC(6)     Total                          Min: 0, Avg:  0.0, Max: 0, Diff: 0, Sum: 0, Workers: 4
[5.033s][debug][gc,phases      ] GC(6) Weak Processing 0.403ms
[5.033s][debug][gc,age         ] GC(6) Desired survivor size 536870912 bytes, new threshold 7 (max threshold 15)
[5.033s][info ][gc,heap        ] GC(6) PSYoungGen: 1226250K(1572864K)->180346K(1572864K) Eden: 1048576K(1048576K)->0K(1048576K) From: 177674K(524288K)->180346K(524288K)
[5.033s][info ][gc,heap        ] GC(6) ParOldGen: 6144K(18944K)->6152K(18944K)
[5.033s][info ][gc,metaspace   ] GC(6) Metaspace: 53791K(54400K)->53791K(54400K) NonClass: 45819K(46144K)->45819K(46144K) Class: 7972K(8256K)->7972K(8256K)
[5.033s][info ][gc             ] GC(6) Pause Young (Allocation Failure) 1203M->182M(1554M) 85.020ms
[5.033s][info ][gc,cpu         ] GC(6) User=0.26s Sys=0.09s Real=0.09s
[5.033s][info ][safepoint      ] Safepoint "ParallelGCFailedAllocation", Time since last: 175178867 ns, Reaching safepoint: 194099 ns, At safepoint: 85121146 ns, Total: 85315245 ns
[5.107s][info ][safepoint      ] Safepoint "ICBufferFull", Time since last: 73736607 ns, Reaching safepoint: 159499 ns, At safepoint: 26600 ns, Total: 186099 ns
[5.134s][info ][safepoint      ] Safepoint "ICBufferFull", Time since last: 26692658 ns, Reaching safepoint: 122399 ns, At safepoint: 23100 ns, Total: 145499 ns
[5.144s][info ][safepoint      ] Safepoint "ICBufferFull", Time since last: 9391950 ns, Reaching safepoint: 445098 ns, At safepoint: 29100 ns, Total: 474198 ns
[5.173s][info ][safepoint      ] Safepoint "ICBufferFull", Time since last: 28754146 ns, Reaching safepoint: 1037495 ns, At safepoint: 26400 ns, Total: 1063895 ns
[5.179s][info ][safepoint      ] Safepoint "ICBufferFull", Time since last: 2186988 ns, Reaching safepoint: 3161683 ns, At safepoint: 22400 ns, Total: 3184083 ns
[5.189s][info ][safepoint      ] Safepoint "ICBufferFull", Time since last: 10448044 ns, Reaching safepoint: 129900 ns, At safepoint: 22100 ns, Total: 152000 ns
[5.208s][info ][safepoint      ] Safepoint "ICBufferFull", Time since last: 18282502 ns, Reaching safepoint: 133999 ns, At safepoint: 25700 ns, Total: 159699 ns
[5.214s][info ][safepoint      ] Safepoint "ICBufferFull", Time since last: 5592071 ns, Reaching safepoint: 98499 ns, At safepoint: 24000 ns, Total: 122499 ns
[5.219s][info ][safepoint      ] Safepoint "ICBufferFull", Time since last: 5282472 ns, Reaching safepoint: 123299 ns, At safepoint: 19400 ns, Total: 142699 ns
[5.237s][info ][safepoint      ] Safepoint "ICBufferFull", Time since last: 15971615 ns, Reaching safepoint: 2150188 ns, At safepoint: 26900 ns, Total: 2177088 ns
[5.251s][info ][safepoint      ] Safepoint "ICBufferFull", Time since last: 13122630 ns, Reaching safepoint: 213299 ns, At safepoint: 36000 ns, Total: 249299 ns
[5.258s][info ][safepoint      ] Safepoint "ICBufferFull", Time since last: 7552660 ns, Reaching safepoint: 112599 ns, At safepoint: 23400 ns, Total: 135999 ns
[5.265s][info ][safepoint      ] Safepoint "ICBufferFull", Time since last: 6352066 ns, Reaching safepoint: 112800 ns, At safepoint: 24099 ns, Total: 136899 ns
[5.278s][info ][safepoint      ] Safepoint "ICBufferFull", Time since last: 12955331 ns, Reaching safepoint: 114800 ns, At safepoint: 26200 ns, Total: 141000 ns
[5.303s][info ][safepoint      ] Safepoint "ICBufferFull", Time since last: 22444080 ns, Reaching safepoint: 3163183 ns, At safepoint: 23600 ns, Total: 3186783 ns
[5.324s][info ][safepoint      ] Safepoint "ICBufferFull", Time since last: 20716690 ns, Reaching safepoint: 113899 ns, At safepoint: 28700 ns, Total: 142599 ns
[5.329s][info ][safepoint      ] Safepoint "ICBufferFull", Time since last: 4685975 ns, Reaching safepoint: 112399 ns, At safepoint: 28400 ns, Total: 140799 ns
[5.333s][info ][safepoint      ] Safepoint "ICBufferFull", Time since last: 3668381 ns, Reaching safepoint: 114499 ns, At safepoint: 26800 ns, Total: 141299 ns
[5.339s][info ][safepoint      ] Safepoint "ICBufferFull", Time since last: 4288377 ns, Reaching safepoint: 2115289 ns, At safepoint: 24800 ns, Total: 2140089 ns
[5.356s][info ][safepoint      ] Safepoint "ICBufferFull", Time since last: 16404512 ns, Reaching safepoint: 327698 ns, At safepoint: 23700 ns, Total: 351398 ns
[5.363s][info ][safepoint      ] Safepoint "ICBufferFull", Time since last: 6716065 ns, Reaching safepoint: 100799 ns, At safepoint: 24400 ns, Total: 125199 ns
[5.378s][info ][safepoint      ] Safepoint "ICBufferFull", Time since last: 14817721 ns, Reaching safepoint: 111299 ns, At safepoint: 25400 ns, Total: 136699 ns
[5.381s][info ][safepoint      ] Safepoint "ICBufferFull", Time since last: 2438987 ns, Reaching safepoint: 294099 ns, At safepoint: 21299 ns, Total: 315398 ns
[5.383s][info ][safepoint      ] Safepoint "ICBufferFull", Time since last: 2537487 ns, Reaching safepoint: 107999 ns, At safepoint: 26300 ns, Total: 134299 ns
[5.387s][info ][safepoint      ] Safepoint "ICBufferFull", Time since last: 2282088 ns, Reaching safepoint: 853896 ns, At safepoint: 22399 ns, Total: 876295 ns
[5.390s][info ][safepoint      ] Safepoint "ICBufferFull", Time since last: 2946085 ns, Reaching safepoint: 95399 ns, At safepoint: 20600 ns, Total: 115999 ns
[5.403s][info ][safepoint      ] Safepoint "ICBufferFull", Time since last: 13024731 ns, Reaching safepoint: 107699 ns, At safepoint: 43900 ns, Total: 151599 ns
[5.406s][info ][safepoint      ] Safepoint "ICBufferFull", Time since last: 2762985 ns, Reaching safepoint: 781896 ns, At safepoint: 25300 ns, Total: 807196 ns
[5.416s][info ][safepoint      ] Safepoint "ICBufferFull", Time since last: 9424050 ns, Reaching safepoint: 122199 ns, At safepoint: 24100 ns, Total: 146299 ns
[5.423s][info ][safepoint      ] Safepoint "ICBufferFull", Time since last: 6763264 ns, Reaching safepoint: 173199 ns, At safepoint: 31600 ns, Total: 204799 ns
[5.427s][info ][safepoint      ] Safepoint "ICBufferFull", Time since last: 2489586 ns, Reaching safepoint: 2096489 ns, At safepoint: 26600 ns, Total: 2123089 ns
[5.434s][info ][safepoint      ] Safepoint "ICBufferFull", Time since last: 6115568 ns, Reaching safepoint: 89899 ns, At safepoint: 24800 ns, Total: 114699 ns
[5.503s][info ][gc,start       ] GC(7) Pause Young (Allocation Failure)
[5.563s][debug][gc,phases      ] GC(7) Scavenge 59.707ms
[5.563s][debug][gc,ref         ] GC(7) Skipped phase 1 of Reference Processing: no references
[5.563s][debug][gc,ref         ] GC(7) ReferenceProcessor::execute queues: 4, RefProcThreadModel::Multi, marks_oops_alive: false
[5.563s][debug][gc,ref         ] GC(7) Skipped phase 3 of Reference Processing: no references
[5.563s][debug][gc,ref         ] GC(7) ReferenceProcessor::execute queues: 1, RefProcThreadModel::Single, marks_oops_alive: false
[5.563s][debug][gc,phases      ] GC(7) Reference Processing 0.273ms
[5.564s][debug][gc,phases      ] GC(7)   VM Weak                        Min:  0.0, Avg:  0.0, Max:  0.0, Diff:  0.0, Sum:  0.0, Workers: 4
[5.564s][debug][gc,phases      ] GC(7)     Dead                           Min: 0, Avg:  0.0, Max: 0, Diff: 0, Sum: 0, Workers: 4
[5.564s][debug][gc,phases      ] GC(7)     Total                          Min: 0, Avg: 109.2, Max: 320, Diff: 320, Sum: 437, Workers: 4
[5.564s][debug][gc,phases      ] GC(7)   ObjectSynchronizer Weak        Min:  0.0, Avg:  0.0, Max:  0.0, Diff:  0.0, Sum:  0.0, Workers: 4
[5.564s][debug][gc,phases      ] GC(7)     Dead                           Min: 0, Avg:  0.2, Max: 1, Diff: 1, Sum: 1, Workers: 4
[5.564s][debug][gc,phases      ] GC(7)     Total                          Min: 0, Avg: 80.5, Max: 256, Diff: 256, Sum: 322, Workers: 4
[5.564s][debug][gc,phases      ] GC(7)   JVMTI Tag Weak OopStorage      Min:  0.0, Avg:  0.0, Max:  0.0, Diff:  0.0, Sum:  0.0, Workers: 4
[5.564s][debug][gc,phases      ] GC(7)     Dead                           Min: 0, Avg:  0.0, Max: 0, Diff: 0, Sum: 0, Workers: 4
[5.564s][debug][gc,phases      ] GC(7)     Total                          Min: 0, Avg:  0.0, Max: 0, Diff: 0, Sum: 0, Workers: 4
[5.564s][debug][gc,phases      ] GC(7)   StringTable Weak               Min:  0.2, Avg:  0.2, Max:  0.2, Diff:  0.0, Sum:  0.8, Workers: 4
[5.564s][debug][gc,phases      ] GC(7)     Dead                           Min: 0, Avg:  3.2, Max: 10, Diff: 10, Sum: 13, Workers: 4
[5.564s][debug][gc,phases      ] GC(7)     Total                          Min: 6640, Avg: 9596.0, Max: 11520, Diff: 4880, Sum: 38384, Workers: 4
[5.564s][debug][gc,phases      ] GC(7)   ResolvedMethodTable Weak       Min:  0.0, Avg:  0.0, Max:  0.0, Diff:  0.0, Sum:  0.1, Workers: 4
[5.564s][debug][gc,phases      ] GC(7)     Dead                           Min: 0, Avg:  0.0, Max: 0, Diff: 0, Sum: 0, Workers: 4
[5.564s][debug][gc,phases      ] GC(7)     Total                          Min: 829, Avg: 1229.8, Max: 1472, Diff: 643, Sum: 4919, Workers: 4
[5.564s][debug][gc,phases      ] GC(7)   JNI Weak                       Min:  0.0, Avg:  0.0, Max:  0.0, Diff:  0.0, Sum:  0.0, Workers: 4
[5.564s][debug][gc,phases      ] GC(7)     Dead                           Min: 0, Avg:  0.0, Max: 0, Diff: 0, Sum: 0, Workers: 4
[5.564s][debug][gc,phases      ] GC(7)     Total                          Min: 0, Avg:  1.0, Max: 4, Diff: 4, Sum: 4, Workers: 4
[5.564s][debug][gc,phases      ] GC(7)   StringDedup Table Weak         Min:  0.0, Avg:  0.0, Max:  0.0, Diff:  0.0, Sum:  0.0, Workers: 4
[5.564s][debug][gc,phases      ] GC(7)     Dead                           Min: 0, Avg:  0.0, Max: 0, Diff: 0, Sum: 0, Workers: 4
[5.564s][debug][gc,phases      ] GC(7)     Total                          Min: 0, Avg:  0.0, Max: 0, Diff: 0, Sum: 0, Workers: 4
[5.564s][debug][gc,phases      ] GC(7)   StringDedup Requests0 Weak     Min:  0.0, Avg:  0.0, Max:  0.0, Diff:  0.0, Sum:  0.0, Workers: 4
[5.564s][debug][gc,phases      ] GC(7)     Dead                           Min: 0, Avg:  0.0, Max: 0, Diff: 0, Sum: 0, Workers: 4
[5.564s][debug][gc,phases      ] GC(7)     Total                          Min: 0, Avg:  0.0, Max: 0, Diff: 0, Sum: 0, Workers: 4
[5.564s][debug][gc,phases      ] GC(7)   StringDedup Requests1 Weak     Min:  0.0, Avg:  0.0, Max:  0.0, Diff:  0.0, Sum:  0.0, Workers: 4
[5.564s][debug][gc,phases      ] GC(7)     Dead                           Min: 0, Avg:  0.0, Max: 0, Diff: 0, Sum: 0, Workers: 4
[5.564s][debug][gc,phases      ] GC(7)     Total                          Min: 0, Avg:  0.0, Max: 0, Diff: 0, Sum: 0, Workers: 4
[5.564s][debug][gc,phases      ] GC(7)   Weak JFR Old Object Samples    Min:  0.0, Avg:  0.0, Max:  0.0, Diff:  0.0, Sum:  0.0, Workers: 4
[5.564s][debug][gc,phases      ] GC(7)     Dead                           Min: 0, Avg:  0.0, Max: 0, Diff: 0, Sum: 0, Workers: 4
[5.564s][debug][gc,phases      ] GC(7)     Total                          Min: 0, Avg:  0.0, Max: 0, Diff: 0, Sum: 0, Workers: 4
[5.564s][debug][gc,phases      ] GC(7) Weak Processing 0.377ms
[5.564s][debug][gc,age         ] GC(7) Desired survivor size 271581184 bytes, new threshold 8 (max threshold 15)
[5.564s][info ][gc,heap        ] GC(7) PSYoungGen: 1228922K(1572864K)->183075K(1831936K) Eden: 1048576K(1048576K)->0K(1307648K) From: 180346K(524288K)->183075K(524288K)
[5.564s][info ][gc,heap        ] GC(7) ParOldGen: 6152K(18944K)->6160K(18944K)
[5.564s][info ][gc,metaspace   ] GC(7) Metaspace: 54161K(54720K)->54161K(54720K) NonClass: 46155K(46464K)->46155K(46464K) Class: 8006K(8256K)->8006K(8256K)
[5.564s][info ][gc             ] GC(7) Pause Young (Allocation Failure) 1206M->184M(1807M) 60.478ms
[5.564s][info ][gc,cpu         ] GC(7) User=0.23s Sys=0.01s Real=0.06s
[5.564s][info ][safepoint      ] Safepoint "ParallelGCFailedAllocation", Time since last: 67466940 ns, Reaching safepoint: 2131289 ns, At safepoint: 60573277 ns, Total: 62704566 ns
[5.611s][info ][safepoint      ] Safepoint "ICBufferFull", Time since last: 46706151 ns, Reaching safepoint: 156100 ns, At safepoint: 26999 ns, Total: 183099 ns
[5.643s][info ][safepoint      ] Safepoint "ICBufferFull", Time since last: 32410328 ns, Reaching safepoint: 148099 ns, At safepoint: 30200 ns, Total: 178299 ns
[5.682s][info ][safepoint      ] Safepoint "ICBufferFull", Time since last: 38170596 ns, Reaching safepoint: 125900 ns, At safepoint: 22899 ns, Total: 148799 ns
[5.700s][info ][safepoint      ] Safepoint "ICBufferFull", Time since last: 18144004 ns, Reaching safepoint: 587097 ns, At safepoint: 26700 ns, Total: 613797 ns
[5.790s][info ][safepoint      ] Safepoint "ICBufferFull", Time since last: 89186924 ns, Reaching safepoint: 206099 ns, At safepoint: 21600 ns, Total: 227699 ns
[5.799s][info ][safepoint      ] Safepoint "ICBufferFull", Time since last: 9204451 ns, Reaching safepoint: 97599 ns, At safepoint: 19100 ns, Total: 116699 ns
[5.800s][info ][safepoint      ] Safepoint "ICBufferFull", Time since last: 931195 ns, Reaching safepoint: 94900 ns, At safepoint: 20400 ns, Total: 115300 ns
[5.806s][info ][safepoint      ] Safepoint "ICBufferFull", Time since last: 5469971 ns, Reaching safepoint: 94799 ns, At safepoint: 21300 ns, Total: 116099 ns
[5.806s][info ][safepoint      ] Safepoint "ICBufferFull", Time since last: 509197 ns, Reaching safepoint: 94700 ns, At safepoint: 24600 ns, Total: 119300 ns
[5.807s][info ][safepoint      ] Safepoint "ICBufferFull", Time since last: 672496 ns, Reaching safepoint: 86700 ns, At safepoint: 28199 ns, Total: 114899 ns
[5.808s][info ][safepoint      ] Safepoint "ICBufferFull", Time since last: 691397 ns, Reaching safepoint: 87999 ns, At safepoint: 22000 ns, Total: 109999 ns
[5.809s][info ][safepoint      ] Safepoint "ICBufferFull", Time since last: 663097 ns, Reaching safepoint: 85299 ns, At safepoint: 20800 ns, Total: 106099 ns
[5.810s][info ][safepoint      ] Safepoint "ICBufferFull", Time since last: 649797 ns, Reaching safepoint: 83399 ns, At safepoint: 20500 ns, Total: 103899 ns
[5.810s][info ][safepoint      ] Safepoint "ICBufferFull", Time since last: 676996 ns, Reaching safepoint: 163800 ns, At safepoint: 20399 ns, Total: 184199 ns
[5.811s][info ][safepoint      ] Safepoint "ICBufferFull", Time since last: 680597 ns, Reaching safepoint: 220999 ns, At safepoint: 23000 ns, Total: 243999 ns
[5.812s][info ][safepoint      ] Safepoint "ICBufferFull", Time since last: 653396 ns, Reaching safepoint: 85500 ns, At safepoint: 21199 ns, Total: 106699 ns
[5.813s][info ][safepoint      ] Safepoint "ICBufferFull", Time since last: 642997 ns, Reaching safepoint: 91300 ns, At safepoint: 18799 ns, Total: 110099 ns
[5.814s][info ][safepoint      ] Safepoint "ICBufferFull", Time since last: 670397 ns, Reaching safepoint: 87299 ns, At safepoint: 22500 ns, Total: 109799 ns
[5.815s][info ][safepoint      ] Safepoint "ICBufferFull", Time since last: 1705091 ns, Reaching safepoint: 88300 ns, At safepoint: 22400 ns, Total: 110700 ns
[5.816s][info ][safepoint      ] Safepoint "ICBufferFull", Time since last: 672196 ns, Reaching safepoint: 87900 ns, At safepoint: 21399 ns, Total: 109299 ns
[5.819s][info ][safepoint      ] Safepoint "ICBufferFull", Time since last: 2206089 ns, Reaching safepoint: 85799 ns, At safepoint: 21000 ns, Total: 106799 ns
[5.831s][info ][safepoint      ] Safepoint "ICBufferFull", Time since last: 11905537 ns, Reaching safepoint: 98499 ns, At safepoint: 20800 ns, Total: 119299 ns
[5.838s][info ][gc,start       ] GC(8) Pause Young (Allocation Failure)
[5.928s][debug][gc,phases      ] GC(8) Scavenge 89.600ms
[5.928s][debug][gc,ref         ] GC(8) Skipped phase 1 of Reference Processing: no references
[5.928s][debug][gc,ref         ] GC(8) ReferenceProcessor::execute queues: 4, RefProcThreadModel::Multi, marks_oops_alive: false
[5.928s][debug][gc,ref         ] GC(8) Skipped phase 3 of Reference Processing: no references
[5.928s][debug][gc,ref         ] GC(8) ReferenceProcessor::execute queues: 1, RefProcThreadModel::Single, marks_oops_alive: false
[5.928s][debug][gc,phases      ] GC(8) Reference Processing 0.268ms
[5.929s][debug][gc,phases      ] GC(8)   VM Weak                        Min:  0.0, Avg:  0.0, Max:  0.0, Diff:  0.0, Sum:  0.0, Workers: 4
[5.929s][debug][gc,phases      ] GC(8)     Dead                           Min: 0, Avg:  0.0, Max: 0, Diff: 0, Sum: 0, Workers: 4
[5.929s][debug][gc,phases      ] GC(8)     Total                          Min: 0, Avg: 110.0, Max: 312, Diff: 312, Sum: 440, Workers: 4
[5.929s][debug][gc,phases      ] GC(8)   ObjectSynchronizer Weak        Min:  0.0, Avg:  0.0, Max:  0.0, Diff:  0.0, Sum:  0.0, Workers: 4
[5.929s][debug][gc,phases      ] GC(8)     Dead                           Min: 0, Avg:  0.0, Max: 0, Diff: 0, Sum: 0, Workers: 4
[5.929s][debug][gc,phases      ] GC(8)     Total                          Min: 0, Avg: 80.5, Max: 192, Diff: 192, Sum: 322, Workers: 4
[5.929s][debug][gc,phases      ] GC(8)   JVMTI Tag Weak OopStorage      Min:  0.0, Avg:  0.0, Max:  0.0, Diff:  0.0, Sum:  0.0, Workers: 4
[5.929s][debug][gc,phases      ] GC(8)     Dead                           Min: 0, Avg:  0.0, Max: 0, Diff: 0, Sum: 0, Workers: 4
[5.929s][debug][gc,phases      ] GC(8)     Total                          Min: 0, Avg:  0.0, Max: 0, Diff: 0, Sum: 0, Workers: 4
[5.929s][debug][gc,phases      ] GC(8)   StringTable Weak               Min:  0.2, Avg:  0.2, Max:  0.2, Diff:  0.0, Sum:  0.8, Workers: 4
[5.929s][debug][gc,phases      ] GC(8)     Dead                           Min: 0, Avg:  3.8, Max: 13, Diff: 13, Sum: 15, Workers: 4
[5.929s][debug][gc,phases      ] GC(8)     Total                          Min: 7360, Avg: 9609.8, Max: 11456, Diff: 4096, Sum: 38439, Workers: 4
[5.929s][debug][gc,phases      ] GC(8)   ResolvedMethodTable Weak       Min:  0.0, Avg:  0.0, Max:  0.0, Diff:  0.0, Sum:  0.1, Workers: 4
[5.929s][debug][gc,phases      ] GC(8)     Dead                           Min: 0, Avg:  3.5, Max: 14, Diff: 14, Sum: 14, Workers: 4
[5.929s][debug][gc,phases      ] GC(8)     Total                          Min: 896, Avg: 1247.2, Max: 1728, Diff: 832, Sum: 4989, Workers: 4
[5.929s][debug][gc,phases      ] GC(8)   JNI Weak                       Min:  0.0, Avg:  0.0, Max:  0.0, Diff:  0.0, Sum:  0.0, Workers: 4
[5.929s][debug][gc,phases      ] GC(8)     Dead                           Min: 0, Avg:  0.0, Max: 0, Diff: 0, Sum: 0, Workers: 4
[5.929s][debug][gc,phases      ] GC(8)     Total                          Min: 0, Avg:  0.2, Max: 1, Diff: 1, Sum: 1, Workers: 4
[5.929s][debug][gc,phases      ] GC(8)   StringDedup Table Weak         Min:  0.0, Avg:  0.0, Max:  0.0, Diff:  0.0, Sum:  0.0, Workers: 4
[5.929s][debug][gc,phases      ] GC(8)     Dead                           Min: 0, Avg:  0.0, Max: 0, Diff: 0, Sum: 0, Workers: 4
[5.929s][debug][gc,phases      ] GC(8)     Total                          Min: 0, Avg:  0.0, Max: 0, Diff: 0, Sum: 0, Workers: 4
[5.929s][debug][gc,phases      ] GC(8)   StringDedup Requests0 Weak     Min:  0.0, Avg:  0.0, Max:  0.0, Diff:  0.0, Sum:  0.0, Workers: 4
[5.929s][debug][gc,phases      ] GC(8)     Dead                           Min: 0, Avg:  0.0, Max: 0, Diff: 0, Sum: 0, Workers: 4
[5.929s][debug][gc,phases      ] GC(8)     Total                          Min: 0, Avg:  0.0, Max: 0, Diff: 0, Sum: 0, Workers: 4
[5.929s][debug][gc,phases      ] GC(8)   StringDedup Requests1 Weak     Min:  0.0, Avg:  0.0, Max:  0.0, Diff:  0.0, Sum:  0.0, Workers: 4
[5.929s][debug][gc,phases      ] GC(8)     Dead                           Min: 0, Avg:  0.0, Max: 0, Diff: 0, Sum: 0, Workers: 4
[5.929s][debug][gc,phases      ] GC(8)     Total                          Min: 0, Avg:  0.0, Max: 0, Diff: 0, Sum: 0, Workers: 4
[5.929s][debug][gc,phases      ] GC(8)   Weak JFR Old Object Samples    Min:  0.0, Avg:  0.0, Max:  0.0, Diff:  0.0, Sum:  0.0, Workers: 4
[5.929s][debug][gc,phases      ] GC(8)     Dead                           Min: 0, Avg:  0.0, Max: 0, Diff: 0, Sum: 0, Workers: 4
[5.929s][debug][gc,phases      ] GC(8)     Total                          Min: 0, Avg:  0.0, Max: 0, Diff: 0, Sum: 0, Workers: 4
[5.929s][debug][gc,phases      ] GC(8) Weak Processing 0.416ms
[5.929s][debug][gc,age         ] GC(8) Desired survivor size 281542656 bytes, new threshold 9 (max threshold 15)
[5.929s][info ][gc,heap        ] GC(8) PSYoungGen: 1490723K(1831936K)->181700K(1572864K) Eden: 1307648K(1307648K)->0K(1307648K) From: 183075K(524288K)->181700K(265216K)
[5.929s][info ][gc,heap        ] GC(8) ParOldGen: 6160K(18944K)->6168K(18944K)
[5.929s][info ][gc,metaspace   ] GC(8) Metaspace: 54481K(55104K)->54481K(55104K) NonClass: 46434K(46784K)->46434K(46784K) Class: 8047K(8320K)->8047K(8320K)
[5.929s][info ][gc             ] GC(8) Pause Young (Allocation Failure) 1461M->183M(1554M) 90.400ms
[5.929s][info ][gc,cpu         ] GC(8) User=0.28s Sys=0.08s Real=0.09s
[5.929s][info ][safepoint      ] Safepoint "ParallelGCFailedAllocation", Time since last: 7652759 ns, Reaching safepoint: 101100 ns, At safepoint: 90501617 ns, Total: 90602717 ns
[5.929s][info ][safepoint      ] Safepoint "ICBufferFull", Time since last: 44300 ns, Reaching safepoint: 102300 ns, At safepoint: 39199 ns, Total: 141499 ns
[6.340s][info ][gc,start       ] GC(9) Pause Young (Allocation Failure)
[6.435s][debug][gc,phases      ] GC(9) Scavenge 94.749ms
[6.435s][debug][gc,ref         ] GC(9) Skipped phase 1 of Reference Processing: no references
[6.435s][debug][gc,ref         ] GC(9) ReferenceProcessor::execute queues: 4, RefProcThreadModel::Multi, marks_oops_alive: false
[6.435s][debug][gc,ref         ] GC(9) Skipped phase 3 of Reference Processing: no references
[6.435s][debug][gc,ref         ] GC(9) ReferenceProcessor::execute queues: 1, RefProcThreadModel::Single, marks_oops_alive: false
[6.435s][debug][gc,phases      ] GC(9) Reference Processing 0.295ms
[6.435s][debug][gc,phases      ] GC(9)   VM Weak                        Min:  0.0, Avg:  0.0, Max:  0.0, Diff:  0.0, Sum:  0.0, Workers: 4
[6.435s][debug][gc,phases      ] GC(9)     Dead                           Min: 0, Avg:  0.0, Max: 0, Diff: 0, Sum: 0, Workers: 4
[6.435s][debug][gc,phases      ] GC(9)     Total                          Min: 0, Avg: 127.8, Max: 383, Diff: 383, Sum: 511, Workers: 4
[6.435s][debug][gc,phases      ] GC(9)   ObjectSynchronizer Weak        Min:  0.0, Avg:  0.0, Max:  0.0, Diff:  0.0, Sum:  0.0, Workers: 4
[6.435s][debug][gc,phases      ] GC(9)     Dead                           Min: 0, Avg:  0.5, Max: 2, Diff: 2, Sum: 2, Workers: 4
[6.435s][debug][gc,phases      ] GC(9)     Total                          Min: 0, Avg: 80.5, Max: 130, Diff: 130, Sum: 322, Workers: 4
[6.435s][debug][gc,phases      ] GC(9)   JVMTI Tag Weak OopStorage      Min:  0.0, Avg:  0.0, Max:  0.0, Diff:  0.0, Sum:  0.0, Workers: 4
[6.435s][debug][gc,phases      ] GC(9)     Dead                           Min: 0, Avg:  0.0, Max: 0, Diff: 0, Sum: 0, Workers: 4
[6.435s][debug][gc,phases      ] GC(9)     Total                          Min: 0, Avg:  0.0, Max: 0, Diff: 0, Sum: 0, Workers: 4
[6.435s][debug][gc,phases      ] GC(9)   StringTable Weak               Min:  0.2, Avg:  0.2, Max:  0.2, Diff:  0.0, Sum:  0.9, Workers: 4
[6.435s][debug][gc,phases      ] GC(9)     Dead                           Min: 0, Avg:  4.2, Max: 13, Diff: 13, Sum: 17, Workers: 4
[6.435s][debug][gc,phases      ] GC(9)     Total                          Min: 8384, Avg: 9712.5, Max: 12288, Diff: 3904, Sum: 38850, Workers: 4
[6.435s][debug][gc,phases      ] GC(9)   ResolvedMethodTable Weak       Min:  0.0, Avg:  0.0, Max:  0.0, Diff:  0.0, Sum:  0.2, Workers: 4
[6.435s][debug][gc,phases      ] GC(9)     Dead                           Min: 0, Avg:  7.5, Max: 29, Diff: 29, Sum: 30, Workers: 4
[6.435s][debug][gc,phases      ] GC(9)     Total                          Min: 1117, Avg: 1351.2, Max: 1792, Diff: 675, Sum: 5405, Workers: 4
[6.435s][debug][gc,phases      ] GC(9)   JNI Weak                       Min:  0.0, Avg:  0.0, Max:  0.0, Diff:  0.0, Sum:  0.0, Workers: 4
[6.435s][debug][gc,phases      ] GC(9)     Dead                           Min: 0, Avg:  0.0, Max: 0, Diff: 0, Sum: 0, Workers: 4
[6.435s][debug][gc,phases      ] GC(9)     Total                          Min: 0, Avg:  0.5, Max: 2, Diff: 2, Sum: 2, Workers: 4
[6.435s][debug][gc,phases      ] GC(9)   StringDedup Table Weak         Min:  0.0, Avg:  0.0, Max:  0.0, Diff:  0.0, Sum:  0.0, Workers: 4
[6.435s][debug][gc,phases      ] GC(9)     Dead                           Min: 0, Avg:  0.0, Max: 0, Diff: 0, Sum: 0, Workers: 4
[6.435s][debug][gc,phases      ] GC(9)     Total                          Min: 0, Avg:  0.0, Max: 0, Diff: 0, Sum: 0, Workers: 4
[6.435s][debug][gc,phases      ] GC(9)   StringDedup Requests0 Weak     Min:  0.0, Avg:  0.0, Max:  0.0, Diff:  0.0, Sum:  0.0, Workers: 4
[6.435s][debug][gc,phases      ] GC(9)     Dead                           Min: 0, Avg:  0.0, Max: 0, Diff: 0, Sum: 0, Workers: 4
[6.435s][debug][gc,phases      ] GC(9)     Total                          Min: 0, Avg:  0.0, Max: 0, Diff: 0, Sum: 0, Workers: 4
[6.435s][debug][gc,phases      ] GC(9)   StringDedup Requests1 Weak     Min:  0.0, Avg:  0.0, Max:  0.0, Diff:  0.0, Sum:  0.0, Workers: 4
[6.435s][debug][gc,phases      ] GC(9)     Dead                           Min: 0, Avg:  0.0, Max: 0, Diff: 0, Sum: 0, Workers: 4
[6.435s][debug][gc,phases      ] GC(9)     Total                          Min: 0, Avg:  0.0, Max: 0, Diff: 0, Sum: 0, Workers: 4
[6.435s][debug][gc,phases      ] GC(9)   Weak JFR Old Object Samples    Min:  0.0, Avg:  0.0, Max:  0.0, Diff:  0.0, Sum:  0.0, Workers: 4
[6.435s][debug][gc,phases      ] GC(9)     Dead                           Min: 0, Avg:  0.0, Max: 0, Diff: 0, Sum: 0, Workers: 4
[6.435s][debug][gc,phases      ] GC(9)     Total                          Min: 0, Avg:  0.0, Max: 0, Diff: 0, Sum: 0, Workers: 4
[6.435s][debug][gc,phases      ] GC(9) Weak Processing 0.418ms
[6.435s][debug][gc,age         ] GC(9) Desired survivor size 286785536 bytes, new threshold 10 (max threshold 15)
[6.435s][info ][gc,heap        ] GC(9) PSYoungGen: 1489348K(1572864K)->184080K(1811968K) Eden: 1307648K(1307648K)->0K(1537024K) From: 181700K(265216K)->184080K(274944K)
[6.435s][info ][gc,heap        ] GC(9) ParOldGen: 6168K(18944K)->6176K(18944K)
[6.435s][info ][gc,metaspace   ] GC(9) Metaspace: 55913K(56640K)->55913K(56640K) NonClass: 47624K(48000K)->47624K(48000K) Class: 8288K(8640K)->8288K(8640K)
[6.435s][info ][gc             ] GC(9) Pause Young (Allocation Failure) 1460M->185M(1788M) 95.575ms
[6.435s][info ][gc,cpu         ] GC(9) User=0.35s Sys=0.08s Real=0.10s
[6.435s][info ][safepoint      ] Safepoint "ParallelGCFailedAllocation", Time since last: 410593712 ns, Reaching safepoint: 229899 ns, At safepoint: 95663790 ns, Total: 95893689 ns
[6.779s][info ][safepoint      ] Safepoint "ParallelGCFailedAllocation", Time since last: 338966394 ns, Reaching safepoint: 4227377 ns, At safepoint: 42700 ns, Total: 4270077 ns
[6.780s][info ][gc,start       ] GC(10) Pause Young (GCLocker Initiated GC)
[6.855s][debug][gc,phases      ] GC(10) Scavenge 74.776ms
[6.855s][debug][gc,ref         ] GC(10) Skipped phase 1 of Reference Processing: no references
[6.855s][debug][gc,ref         ] GC(10) ReferenceProcessor::execute queues: 4, RefProcThreadModel::Multi, marks_oops_alive: false
[6.856s][debug][gc,ref         ] GC(10) Skipped phase 3 of Reference Processing: no references
[6.856s][debug][gc,ref         ] GC(10) ReferenceProcessor::execute queues: 1, RefProcThreadModel::Single, marks_oops_alive: false
[6.856s][debug][gc,phases      ] GC(10) Reference Processing 0.321ms
[6.856s][debug][gc,phases      ] GC(10)   VM Weak                        Min:  0.0, Avg:  0.0, Max:  0.0, Diff:  0.0, Sum:  0.0, Workers: 4
[6.856s][debug][gc,phases      ] GC(10)     Dead                           Min: 0, Avg:  0.0, Max: 0, Diff: 0, Sum: 0, Workers: 4
[6.856s][debug][gc,phases      ] GC(10)     Total                          Min: 0, Avg: 131.0, Max: 448, Diff: 448, Sum: 524, Workers: 4
[6.856s][debug][gc,phases      ] GC(10)   ObjectSynchronizer Weak        Min:  0.0, Avg:  0.0, Max:  0.0, Diff:  0.0, Sum:  0.0, Workers: 4
[6.856s][debug][gc,phases      ] GC(10)     Dead                           Min: 0, Avg:  0.2, Max: 1, Diff: 1, Sum: 1, Workers: 4
[6.856s][debug][gc,phases      ] GC(10)     Total                          Min: 0, Avg: 80.5, Max: 130, Diff: 130, Sum: 322, Workers: 4
[6.856s][debug][gc,phases      ] GC(10)   JVMTI Tag Weak OopStorage      Min:  0.0, Avg:  0.0, Max:  0.0, Diff:  0.0, Sum:  0.0, Workers: 4
[6.856s][debug][gc,phases      ] GC(10)     Dead                           Min: 0, Avg:  0.0, Max: 0, Diff: 0, Sum: 0, Workers: 4
[6.856s][debug][gc,phases      ] GC(10)     Total                          Min: 0, Avg:  0.0, Max: 0, Diff: 0, Sum: 0, Workers: 4
[6.856s][debug][gc,phases      ] GC(10)   StringTable Weak               Min:  0.2, Avg:  0.2, Max:  0.2, Diff:  0.0, Sum:  0.8, Workers: 4
[6.856s][debug][gc,phases      ] GC(10)     Dead                           Min: 0, Avg:  4.2, Max: 13, Diff: 13, Sum: 17, Workers: 4
[6.856s][debug][gc,phases      ] GC(10)     Total                          Min: 5952, Avg: 9908.0, Max: 11392, Diff: 5440, Sum: 39632, Workers: 4
[6.856s][debug][gc,phases      ] GC(10)   ResolvedMethodTable Weak       Min:  0.0, Avg:  0.0, Max:  0.0, Diff:  0.0, Sum:  0.1, Workers: 4
[6.856s][debug][gc,phases      ] GC(10)     Dead                           Min: 1, Avg:  8.2, Max: 16, Diff: 15, Sum: 33, Workers: 4
[6.856s][debug][gc,phases      ] GC(10)     Total                          Min: 1024, Avg: 1498.5, Max: 1920, Diff: 896, Sum: 5994, Workers: 4
[6.856s][debug][gc,phases      ] GC(10)   JNI Weak                       Min:  0.0, Avg:  0.0, Max:  0.0, Diff:  0.0, Sum:  0.0, Workers: 4
[6.856s][debug][gc,phases      ] GC(10)     Dead                           Min: 0, Avg:  0.0, Max: 0, Diff: 0, Sum: 0, Workers: 4
[6.856s][debug][gc,phases      ] GC(10)     Total                          Min: 0, Avg:  0.0, Max: 0, Diff: 0, Sum: 0, Workers: 4
[6.856s][debug][gc,phases      ] GC(10)   StringDedup Table Weak         Min:  0.0, Avg:  0.0, Max:  0.0, Diff:  0.0, Sum:  0.0, Workers: 4
[6.856s][debug][gc,phases      ] GC(10)     Dead                           Min: 0, Avg:  0.0, Max: 0, Diff: 0, Sum: 0, Workers: 4
[6.856s][debug][gc,phases      ] GC(10)     Total                          Min: 0, Avg:  0.0, Max: 0, Diff: 0, Sum: 0, Workers: 4
[6.856s][debug][gc,phases      ] GC(10)   StringDedup Requests0 Weak     Min:  0.0, Avg:  0.0, Max:  0.0, Diff:  0.0, Sum:  0.0, Workers: 4
[6.856s][debug][gc,phases      ] GC(10)     Dead                           Min: 0, Avg:  0.0, Max: 0, Diff: 0, Sum: 0, Workers: 4
[6.856s][debug][gc,phases      ] GC(10)     Total                          Min: 0, Avg:  0.0, Max: 0, Diff: 0, Sum: 0, Workers: 4
[6.856s][debug][gc,phases      ] GC(10)   StringDedup Requests1 Weak     Min:  0.0, Avg:  0.0, Max:  0.0, Diff:  0.0, Sum:  0.0, Workers: 4
[6.856s][debug][gc,phases      ] GC(10)     Dead                           Min: 0, Avg:  0.0, Max: 0, Diff: 0, Sum: 0, Workers: 4
[6.856s][debug][gc,phases      ] GC(10)     Total                          Min: 0, Avg:  0.0, Max: 0, Diff: 0, Sum: 0, Workers: 4
[6.856s][debug][gc,phases      ] GC(10)   Weak JFR Old Object Samples    Min:  0.0, Avg:  0.0, Max:  0.0, Diff:  0.0, Sum:  0.0, Workers: 4
[6.856s][debug][gc,phases      ] GC(10)     Dead                           Min: 0, Avg:  0.0, Max: 0, Diff: 0, Sum: 0, Workers: 4
[6.856s][debug][gc,phases      ] GC(10)     Total                          Min: 0, Avg:  0.0, Max: 0, Diff: 0, Sum: 0, Workers: 4
[6.856s][debug][gc,phases      ] GC(10) Weak Processing 0.375ms
[6.856s][debug][gc,age         ] GC(10) Desired survivor size 290979840 bytes, new threshold 11 (max threshold 15)
[6.856s][info ][gc,heap        ] GC(10) PSYoungGen: 1721104K(1811968K)->187604K(1724928K) Eden: 1537024K(1537024K)->0K(1537024K) From: 184080K(274944K)->187604K(187904K)
[6.856s][info ][gc,heap        ] GC(10) ParOldGen: 6177K(18944K)->6185K(18944K)
[6.856s][info ][gc,metaspace   ] GC(10) Metaspace: 58306K(58944K)->58306K(58944K) NonClass: 49584K(49920K)->49584K(49920K) Class: 8722K(9024K)->8722K(9024K)
[6.856s][info ][gc             ] GC(10) Pause Young (GCLocker Initiated GC) 1686M->189M(1703M) 75.573ms
[6.856s][info ][gc,cpu         ] GC(10) User=0.28s Sys=0.03s Real=0.08s
[6.856s][info ][safepoint      ] Safepoint "ParallelGCSystemGC", Time since last: 1635391 ns, Reaching safepoint: 105200 ns, At safepoint: 75651597 ns, Total: 75756797 ns
[7.204s][info ][gc,start       ] GC(11) Pause Young (Allocation Failure)
[7.271s][debug][gc,phases      ] GC(11) Scavenge 66.720ms
[7.271s][debug][gc,ref         ] GC(11) Skipped phase 1 of Reference Processing: no references
[7.271s][debug][gc,ref         ] GC(11) ReferenceProcessor::execute queues: 4, RefProcThreadModel::Multi, marks_oops_alive: false
[7.271s][debug][gc,ref         ] GC(11) Skipped phase 3 of Reference Processing: no references
[7.271s][debug][gc,ref         ] GC(11) ReferenceProcessor::execute queues: 1, RefProcThreadModel::Single, marks_oops_alive: false
[7.271s][debug][gc,phases      ] GC(11) Reference Processing 0.334ms
[7.272s][debug][gc,phases      ] GC(11)   VM Weak                        Min:  0.0, Avg:  0.0, Max:  0.0, Diff:  0.0, Sum:  0.0, Workers: 4
[7.272s][debug][gc,phases      ] GC(11)     Dead                           Min: 0, Avg:  0.0, Max: 0, Diff: 0, Sum: 0, Workers: 4
[7.272s][debug][gc,phases      ] GC(11)     Total                          Min: 0, Avg: 132.2, Max: 256, Diff: 256, Sum: 529, Workers: 4
[7.272s][debug][gc,phases      ] GC(11)   ObjectSynchronizer Weak        Min:  0.0, Avg:  0.0, Max:  0.0, Diff:  0.0, Sum:  0.0, Workers: 4
[7.272s][debug][gc,phases      ] GC(11)     Dead                           Min: 0, Avg:  0.2, Max: 1, Diff: 1, Sum: 1, Workers: 4
[7.272s][debug][gc,phases      ] GC(11)     Total                          Min: 0, Avg: 82.5, Max: 138, Diff: 138, Sum: 330, Workers: 4
[7.272s][debug][gc,phases      ] GC(11)   JVMTI Tag Weak OopStorage      Min:  0.0, Avg:  0.0, Max:  0.0, Diff:  0.0, Sum:  0.0, Workers: 4
[7.272s][debug][gc,phases      ] GC(11)     Dead                           Min: 0, Avg:  0.0, Max: 0, Diff: 0, Sum: 0, Workers: 4
[7.272s][debug][gc,phases      ] GC(11)     Total                          Min: 0, Avg:  0.0, Max: 0, Diff: 0, Sum: 0, Workers: 4
[7.272s][debug][gc,phases      ] GC(11)   StringTable Weak               Min:  0.3, Avg:  0.3, Max:  0.3, Diff:  0.0, Sum:  1.2, Workers: 4
[7.272s][debug][gc,phases      ] GC(11)     Dead                           Min: 0, Avg:  4.0, Max: 13, Diff: 13, Sum: 16, Workers: 4
[7.272s][debug][gc,phases      ] GC(11)     Total                          Min: 6720, Avg: 9964.0, Max: 11892, Diff: 5172, Sum: 39856, Workers: 4
[7.272s][debug][gc,phases      ] GC(11)   ResolvedMethodTable Weak       Min:  0.0, Avg:  0.1, Max:  0.1, Diff:  0.0, Sum:  0.2, Workers: 4
[7.272s][debug][gc,phases      ] GC(11)     Dead                           Min: 0, Avg:  6.2, Max: 19, Diff: 19, Sum: 25, Workers: 4
[7.272s][debug][gc,phases      ] GC(11)     Total                          Min: 1152, Avg: 1535.2, Max: 1791, Diff: 639, Sum: 6141, Workers: 4
[7.272s][debug][gc,phases      ] GC(11)   JNI Weak                       Min:  0.0, Avg:  0.0, Max:  0.0, Diff:  0.0, Sum:  0.0, Workers: 4
[7.272s][debug][gc,phases      ] GC(11)     Dead                           Min: 0, Avg:  0.0, Max: 0, Diff: 0, Sum: 0, Workers: 4
[7.272s][debug][gc,phases      ] GC(11)     Total                          Min: 0, Avg:  3.5, Max: 14, Diff: 14, Sum: 14, Workers: 4
[7.272s][debug][gc,phases      ] GC(11)   StringDedup Table Weak         Min:  0.0, Avg:  0.0, Max:  0.0, Diff:  0.0, Sum:  0.0, Workers: 4
[7.272s][debug][gc,phases      ] GC(11)     Dead                           Min: 0, Avg:  0.0, Max: 0, Diff: 0, Sum: 0, Workers: 4
[7.272s][debug][gc,phases      ] GC(11)     Total                          Min: 0, Avg:  0.0, Max: 0, Diff: 0, Sum: 0, Workers: 4
[7.272s][debug][gc,phases      ] GC(11)   StringDedup Requests0 Weak     Min:  0.0, Avg:  0.0, Max:  0.0, Diff:  0.0, Sum:  0.0, Workers: 4
[7.272s][debug][gc,phases      ] GC(11)     Dead                           Min: 0, Avg:  0.0, Max: 0, Diff: 0, Sum: 0, Workers: 4
[7.272s][debug][gc,phases      ] GC(11)     Total                          Min: 0, Avg:  0.0, Max: 0, Diff: 0, Sum: 0, Workers: 4
[7.272s][debug][gc,phases      ] GC(11)   StringDedup Requests1 Weak     Min:  0.0, Avg:  0.0, Max:  0.0, Diff:  0.0, Sum:  0.0, Workers: 4
[7.272s][debug][gc,phases      ] GC(11)     Dead                           Min: 0, Avg:  0.0, Max: 0, Diff: 0, Sum: 0, Workers: 4
[7.272s][debug][gc,phases      ] GC(11)     Total                          Min: 0, Avg:  0.0, Max: 0, Diff: 0, Sum: 0, Workers: 4
[7.272s][debug][gc,phases      ] GC(11)   Weak JFR Old Object Samples    Min:  0.0, Avg:  0.0, Max:  0.0, Diff:  0.0, Sum:  0.0, Workers: 4
[7.272s][debug][gc,phases      ] GC(11)     Dead                           Min: 0, Avg:  0.0, Max: 0, Diff: 0, Sum: 0, Workers: 4
[7.272s][debug][gc,phases      ] GC(11)     Total                          Min: 0, Avg:  0.0, Max: 0, Diff: 0, Sum: 0, Workers: 4
[7.272s][debug][gc,phases      ] GC(11) Weak Processing 0.599ms
[7.272s][debug][gc,age         ] GC(11) Desired survivor size 295698432 bytes, new threshold 12 (max threshold 15)
[7.272s][info ][gc,heap        ] GC(11) PSYoungGen: 1724628K(1724928K)->195343K(1803776K) Eden: 1537024K(1537024K)->0K(1519616K) From: 187604K(187904K)->195343K(284160K)
[7.272s][info ][gc,heap        ] GC(11) ParOldGen: 6186K(18944K)->6194K(18944K)
[7.272s][info ][gc,metaspace   ] GC(11) Metaspace: 58923K(59648K)->58923K(59648K) NonClass: 50124K(50496K)->50124K(50496K) Class: 8798K(9152K)->8798K(9152K)
[7.272s][info ][gc             ] GC(11) Pause Young (Allocation Failure) 1690M->196M(1780M) 67.774ms
[7.272s][info ][gc,cpu         ] GC(11) User=0.26s Sys=0.01s Real=0.07s
[7.272s][info ][safepoint      ] Safepoint "ParallelGCFailedAllocation", Time since last: 347504648 ns, Reaching safepoint: 329298 ns, At safepoint: 67873638 ns, Total: 68202936 ns
[7.606s][info ][gc,start       ] GC(12) Pause Young (Allocation Failure)
[7.678s][debug][gc,phases      ] GC(12) Scavenge 72.216ms
[7.678s][debug][gc,ref         ] GC(12) Skipped phase 1 of Reference Processing: no references
[7.678s][debug][gc,ref         ] GC(12) ReferenceProcessor::execute queues: 4, RefProcThreadModel::Multi, marks_oops_alive: false
[7.678s][debug][gc,ref         ] GC(12) Skipped phase 3 of Reference Processing: no references
[7.678s][debug][gc,ref         ] GC(12) ReferenceProcessor::execute queues: 1, RefProcThreadModel::Single, marks_oops_alive: false
[7.678s][debug][gc,phases      ] GC(12) Reference Processing 0.281ms
[7.679s][debug][gc,phases      ] GC(12)   VM Weak                        Min:  0.0, Avg:  0.0, Max:  0.0, Diff:  0.0, Sum:  0.0, Workers: 4
[7.679s][debug][gc,phases      ] GC(12)     Dead                           Min: 0, Avg:  0.0, Max: 0, Diff: 0, Sum: 0, Workers: 4
[7.679s][debug][gc,phases      ] GC(12)     Total                          Min: 0, Avg: 132.2, Max: 384, Diff: 384, Sum: 529, Workers: 4
[7.679s][debug][gc,phases      ] GC(12)   ObjectSynchronizer Weak        Min:  0.0, Avg:  0.0, Max:  0.0, Diff:  0.0, Sum:  0.0, Workers: 4
[7.679s][debug][gc,phases      ] GC(12)     Dead                           Min: 0, Avg:  0.0, Max: 0, Diff: 0, Sum: 0, Workers: 4
[7.679s][debug][gc,phases      ] GC(12)     Total                          Min: 0, Avg: 85.5, Max: 150, Diff: 150, Sum: 342, Workers: 4
[7.679s][debug][gc,phases      ] GC(12)   JVMTI Tag Weak OopStorage      Min:  0.0, Avg:  0.0, Max:  0.0, Diff:  0.0, Sum:  0.0, Workers: 4
[7.679s][debug][gc,phases      ] GC(12)     Dead                           Min: 0, Avg:  0.0, Max: 0, Diff: 0, Sum: 0, Workers: 4
[7.679s][debug][gc,phases      ] GC(12)     Total                          Min: 0, Avg:  0.0, Max: 0, Diff: 0, Sum: 0, Workers: 4
[7.679s][debug][gc,phases      ] GC(12)   StringTable Weak               Min:  0.2, Avg:  0.2, Max:  0.2, Diff:  0.0, Sum:  0.9, Workers: 4
[7.679s][debug][gc,phases      ] GC(12)     Dead                           Min: 0, Avg:  3.0, Max: 8, Diff: 8, Sum: 12, Workers: 4
[7.679s][debug][gc,phases      ] GC(12)     Total                          Min: 8384, Avg: 9982.0, Max: 11904, Diff: 3520, Sum: 39928, Workers: 4
[7.679s][debug][gc,phases      ] GC(12)   ResolvedMethodTable Weak       Min:  0.0, Avg:  0.0, Max:  0.0, Diff:  0.0, Sum:  0.2, Workers: 4
[7.679s][debug][gc,phases      ] GC(12)     Dead                           Min: 0, Avg:  0.0, Max: 0, Diff: 0, Sum: 0, Workers: 4
[7.679s][debug][gc,phases      ] GC(12)     Total                          Min: 1088, Avg: 1535.2, Max: 1982, Diff: 894, Sum: 6141, Workers: 4
[7.679s][debug][gc,phases      ] GC(12)   JNI Weak                       Min:  0.0, Avg:  0.0, Max:  0.0, Diff:  0.0, Sum:  0.0, Workers: 4
[7.679s][debug][gc,phases      ] GC(12)     Dead                           Min: 0, Avg:  0.0, Max: 0, Diff: 0, Sum: 0, Workers: 4
[7.679s][debug][gc,phases      ] GC(12)     Total                          Min: 0, Avg:  1.0, Max: 4, Diff: 4, Sum: 4, Workers: 4
[7.679s][debug][gc,phases      ] GC(12)   StringDedup Table Weak         Min:  0.0, Avg:  0.0, Max:  0.0, Diff:  0.0, Sum:  0.0, Workers: 4
[7.679s][debug][gc,phases      ] GC(12)     Dead                           Min: 0, Avg:  0.0, Max: 0, Diff: 0, Sum: 0, Workers: 4
[7.679s][debug][gc,phases      ] GC(12)     Total                          Min: 0, Avg:  0.0, Max: 0, Diff: 0, Sum: 0, Workers: 4
[7.679s][debug][gc,phases      ] GC(12)   StringDedup Requests0 Weak     Min:  0.0, Avg:  0.0, Max:  0.0, Diff:  0.0, Sum:  0.0, Workers: 4
[7.679s][debug][gc,phases      ] GC(12)     Dead                           Min: 0, Avg:  0.0, Max: 0, Diff: 0, Sum: 0, Workers: 4
[7.679s][debug][gc,phases      ] GC(12)     Total                          Min: 0, Avg:  0.0, Max: 0, Diff: 0, Sum: 0, Workers: 4
[7.679s][debug][gc,phases      ] GC(12)   StringDedup Requests1 Weak     Min:  0.0, Avg:  0.0, Max:  0.0, Diff:  0.0, Sum:  0.0, Workers: 4
[7.679s][debug][gc,phases      ] GC(12)     Dead                           Min: 0, Avg:  0.0, Max: 0, Diff: 0, Sum: 0, Workers: 4
[7.679s][debug][gc,phases      ] GC(12)     Total                          Min: 0, Avg:  0.0, Max: 0, Diff: 0, Sum: 0, Workers: 4
[7.679s][debug][gc,phases      ] GC(12)   Weak JFR Old Object Samples    Min:  0.0, Avg:  0.0, Max:  0.0, Diff:  0.0, Sum:  0.0, Workers: 4
[7.679s][debug][gc,phases      ] GC(12)     Dead                           Min: 0, Avg:  0.0, Max: 0, Diff: 0, Sum: 0, Workers: 4
[7.679s][debug][gc,phases      ] GC(12)     Total                          Min: 0, Avg:  0.0, Max: 0, Diff: 0, Sum: 0, Workers: 4
[7.679s][debug][gc,phases      ] GC(12) Weak Processing 0.424ms
[7.679s][debug][gc,age         ] GC(12) Desired survivor size 299892736 bytes, new threshold 13 (max threshold 15)
[7.679s][info ][gc,heap        ] GC(12) PSYoungGen: 1714959K(1803776K)->200396K(1720320K) Eden: 1519616K(1519616K)->0K(1519616K) From: 195343K(284160K)->200396K(200704K)
[7.679s][info ][gc,heap        ] GC(12) ParOldGen: 6194K(18944K)->6202K(18944K)
[7.679s][info ][gc,metaspace   ] GC(12) Metaspace: 58979K(59712K)->58979K(59712K) NonClass: 50180K(50560K)->50180K(50560K) Class: 8798K(9152K)->8798K(9152K)
[7.679s][info ][gc             ] GC(12) Pause Young (Allocation Failure) 1680M->201M(1698M) 73.051ms
[7.679s][info ][gc,cpu         ] GC(12) User=0.31s Sys=0.00s Real=0.07s
[7.679s][info ][safepoint      ] Safepoint "ParallelGCFailedAllocation", Time since last: 333702922 ns, Reaching safepoint: 172999 ns, At safepoint: 73157010 ns, Total: 73330009 ns
[8.034s][info ][gc,start       ] GC(13) Pause Young (Allocation Failure)
[8.112s][debug][gc,phases      ] GC(13) Scavenge 78.150ms
[8.112s][debug][gc,ref         ] GC(13) Skipped phase 1 of Reference Processing: no references
[8.112s][debug][gc,ref         ] GC(13) ReferenceProcessor::execute queues: 4, RefProcThreadModel::Multi, marks_oops_alive: false
[8.112s][debug][gc,ref         ] GC(13) Skipped phase 3 of Reference Processing: no references
[8.112s][debug][gc,ref         ] GC(13) ReferenceProcessor::execute queues: 1, RefProcThreadModel::Single, marks_oops_alive: false
[8.112s][debug][gc,phases      ] GC(13) Reference Processing 0.324ms
[8.113s][debug][gc,phases      ] GC(13)   VM Weak                        Min:  0.0, Avg:  0.0, Max:  0.0, Diff:  0.0, Sum:  0.0, Workers: 4
[8.113s][debug][gc,phases      ] GC(13)     Dead                           Min: 0, Avg:  0.0, Max: 0, Diff: 0, Sum: 0, Workers: 4
[8.113s][debug][gc,phases      ] GC(13)     Total                          Min: 0, Avg: 132.8, Max: 339, Diff: 339, Sum: 531, Workers: 4
[8.113s][debug][gc,phases      ] GC(13)   ObjectSynchronizer Weak        Min:  0.0, Avg:  0.0, Max:  0.0, Diff:  0.0, Sum:  0.0, Workers: 4
[8.113s][debug][gc,phases      ] GC(13)     Dead                           Min: 0, Avg:  0.0, Max: 0, Diff: 0, Sum: 0, Workers: 4
[8.113s][debug][gc,phases      ] GC(13)     Total                          Min: 22, Avg: 85.5, Max: 128, Diff: 106, Sum: 342, Workers: 4
[8.113s][debug][gc,phases      ] GC(13)   JVMTI Tag Weak OopStorage      Min:  0.0, Avg:  0.0, Max:  0.0, Diff:  0.0, Sum:  0.0, Workers: 4
[8.113s][debug][gc,phases      ] GC(13)     Dead                           Min: 0, Avg:  0.0, Max: 0, Diff: 0, Sum: 0, Workers: 4
[8.113s][debug][gc,phases      ] GC(13)     Total                          Min: 0, Avg:  0.0, Max: 0, Diff: 0, Sum: 0, Workers: 4
[8.113s][debug][gc,phases      ] GC(13)   StringTable Weak               Min:  0.2, Avg:  0.2, Max:  0.2, Diff:  0.0, Sum:  1.0, Workers: 4
[8.113s][debug][gc,phases      ] GC(13)     Dead                           Min: 0, Avg:  0.2, Max: 1, Diff: 1, Sum: 1, Workers: 4
[8.113s][debug][gc,phases      ] GC(13)     Total                          Min: 8724, Avg: 10021.0, Max: 12800, Diff: 4076, Sum: 40084, Workers: 4
[8.113s][debug][gc,phases      ] GC(13)   ResolvedMethodTable Weak       Min:  0.1, Avg:  0.1, Max:  0.1, Diff:  0.0, Sum:  0.2, Workers: 4
[8.113s][debug][gc,phases      ] GC(13)     Dead                           Min: 0, Avg:  7.8, Max: 31, Diff: 31, Sum: 31, Workers: 4
[8.113s][debug][gc,phases      ] GC(13)     Total                          Min: 1472, Avg: 1556.0, Max: 1664, Diff: 192, Sum: 6224, Workers: 4
[8.113s][debug][gc,phases      ] GC(13)   JNI Weak                       Min:  0.0, Avg:  0.0, Max:  0.0, Diff:  0.0, Sum:  0.0, Workers: 4
[8.113s][debug][gc,phases      ] GC(13)     Dead                           Min: 0, Avg:  0.0, Max: 0, Diff: 0, Sum: 0, Workers: 4
[8.113s][debug][gc,phases      ] GC(13)     Total                          Min: 0, Avg:  1.5, Max: 6, Diff: 6, Sum: 6, Workers: 4
[8.113s][debug][gc,phases      ] GC(13)   StringDedup Table Weak         Min:  0.0, Avg:  0.0, Max:  0.0, Diff:  0.0, Sum:  0.0, Workers: 4
[8.113s][debug][gc,phases      ] GC(13)     Dead                           Min: 0, Avg:  0.0, Max: 0, Diff: 0, Sum: 0, Workers: 4
[8.113s][debug][gc,phases      ] GC(13)     Total                          Min: 0, Avg:  0.0, Max: 0, Diff: 0, Sum: 0, Workers: 4
[8.113s][debug][gc,phases      ] GC(13)   StringDedup Requests0 Weak     Min:  0.0, Avg:  0.0, Max:  0.0, Diff:  0.0, Sum:  0.0, Workers: 4
[8.113s][debug][gc,phases      ] GC(13)     Dead                           Min: 0, Avg:  0.0, Max: 0, Diff: 0, Sum: 0, Workers: 4
[8.113s][debug][gc,phases      ] GC(13)     Total                          Min: 0, Avg:  0.0, Max: 0, Diff: 0, Sum: 0, Workers: 4
[8.113s][debug][gc,phases      ] GC(13)   StringDedup Requests1 Weak     Min:  0.0, Avg:  0.0, Max:  0.0, Diff:  0.0, Sum:  0.0, Workers: 4
[8.113s][debug][gc,phases      ] GC(13)     Dead                           Min: 0, Avg:  0.0, Max: 0, Diff: 0, Sum: 0, Workers: 4
[8.113s][debug][gc,phases      ] GC(13)     Total                          Min: 0, Avg:  0.0, Max: 0, Diff: 0, Sum: 0, Workers: 4
[8.113s][debug][gc,phases      ] GC(13)   Weak JFR Old Object Samples    Min:  0.0, Avg:  0.0, Max:  0.0, Diff:  0.0, Sum:  0.0, Workers: 4
[8.113s][debug][gc,phases      ] GC(13)     Dead                           Min: 0, Avg:  0.0, Max: 0, Diff: 0, Sum: 0, Workers: 4
[8.113s][debug][gc,phases      ] GC(13)     Total                          Min: 0, Avg:  0.0, Max: 0, Diff: 0, Sum: 0, Workers: 4
[8.113s][debug][gc,phases      ] GC(13) Weak Processing 0.476ms
[8.113s][debug][gc,age         ] GC(13) Desired survivor size 304611328 bytes, new threshold 14 (max threshold 15)
[8.113s][info ][gc,heap        ] GC(13) PSYoungGen: 1720012K(1720320K)->206280K(1795072K) Eden: 1519616K(1519616K)->0K(1502208K) From: 200396K(200704K)->206280K(292864K)
[8.113s][info ][gc,heap        ] GC(13) ParOldGen: 6202K(18944K)->6210K(18944K)
[8.113s][info ][gc,metaspace   ] GC(13) Metaspace: 59572K(60288K)->59572K(60288K) NonClass: 50697K(51072K)->50697K(51072K) Class: 8875K(9216K)->8875K(9216K)
[8.113s][info ][gc             ] GC(13) Pause Young (Allocation Failure) 1685M->207M(1771M) 79.112ms
[8.113s][info ][gc,cpu         ] GC(13) User=0.32s Sys=0.00s Real=0.08s
[8.113s][info ][safepoint      ] Safepoint "ParallelGCFailedAllocation", Time since last: 354627610 ns, Reaching safepoint: 153699 ns, At safepoint: 79231678 ns, Total: 79385377 ns
[8.356s][info ][gc,start       ] GC(14) Pause Young (Allocation Failure)
[8.427s][debug][gc,phases      ] GC(14) Scavenge 70.206ms
[8.427s][debug][gc,ref         ] GC(14) Skipped phase 1 of Reference Processing: no references
[8.427s][debug][gc,ref         ] GC(14) ReferenceProcessor::execute queues: 4, RefProcThreadModel::Multi, marks_oops_alive: false
[8.427s][debug][gc,ref         ] GC(14) Skipped phase 3 of Reference Processing: no references
[8.427s][debug][gc,ref         ] GC(14) ReferenceProcessor::execute queues: 1, RefProcThreadModel::Single, marks_oops_alive: false
[8.427s][debug][gc,phases      ] GC(14) Reference Processing 0.306ms
[8.427s][debug][gc,phases      ] GC(14)   VM Weak                        Min:  0.0, Avg:  0.0, Max:  0.0, Diff:  0.0, Sum:  0.0, Workers: 4
[8.427s][debug][gc,phases      ] GC(14)     Dead                           Min: 0, Avg:  0.0, Max: 0, Diff: 0, Sum: 0, Workers: 4
[8.427s][debug][gc,phases      ] GC(14)     Total                          Min: 0, Avg: 133.0, Max: 340, Diff: 340, Sum: 532, Workers: 4
[8.427s][debug][gc,phases      ] GC(14)   ObjectSynchronizer Weak        Min:  0.0, Avg:  0.0, Max:  0.0, Diff:  0.0, Sum:  0.0, Workers: 4
[8.427s][debug][gc,phases      ] GC(14)     Dead                           Min: 0, Avg:  0.0, Max: 0, Diff: 0, Sum: 0, Workers: 4
[8.427s][debug][gc,phases      ] GC(14)     Total                          Min: 0, Avg: 85.5, Max: 192, Diff: 192, Sum: 342, Workers: 4
[8.427s][debug][gc,phases      ] GC(14)   JVMTI Tag Weak OopStorage      Min:  0.0, Avg:  0.0, Max:  0.0, Diff:  0.0, Sum:  0.0, Workers: 4
[8.427s][debug][gc,phases      ] GC(14)     Dead                           Min: 0, Avg:  0.0, Max: 0, Diff: 0, Sum: 0, Workers: 4
[8.427s][debug][gc,phases      ] GC(14)     Total                          Min: 0, Avg:  0.0, Max: 0, Diff: 0, Sum: 0, Workers: 4
[8.427s][debug][gc,phases      ] GC(14)   StringTable Weak               Min:  0.2, Avg:  0.2, Max:  0.2, Diff:  0.0, Sum:  0.9, Workers: 4
[8.427s][debug][gc,phases      ] GC(14)     Dead                           Min: 0, Avg:  3.8, Max: 13, Diff: 13, Sum: 15, Workers: 4
[8.427s][debug][gc,phases      ] GC(14)     Total                          Min: 8576, Avg: 10059.5, Max: 11694, Diff: 3118, Sum: 40238, Workers: 4
[8.427s][debug][gc,phases      ] GC(14)   ResolvedMethodTable Weak       Min:  0.0, Avg:  0.0, Max:  0.0, Diff:  0.0, Sum:  0.2, Workers: 4
[8.427s][debug][gc,phases      ] GC(14)     Dead                           Min: 0, Avg:  9.5, Max: 28, Diff: 28, Sum: 38, Workers: 4
[8.427s][debug][gc,phases      ] GC(14)     Total                          Min: 1152, Avg: 1574.2, Max: 2009, Diff: 857, Sum: 6297, Workers: 4
[8.427s][debug][gc,phases      ] GC(14)   JNI Weak                       Min:  0.0, Avg:  0.0, Max:  0.0, Diff:  0.0, Sum:  0.0, Workers: 4
[8.427s][debug][gc,phases      ] GC(14)     Dead                           Min: 0, Avg:  0.0, Max: 0, Diff: 0, Sum: 0, Workers: 4
[8.427s][debug][gc,phases      ] GC(14)     Total                          Min: 0, Avg:  5.0, Max: 20, Diff: 20, Sum: 20, Workers: 4
[8.427s][debug][gc,phases      ] GC(14)   StringDedup Table Weak         Min:  0.0, Avg:  0.0, Max:  0.0, Diff:  0.0, Sum:  0.0, Workers: 4
[8.427s][debug][gc,phases      ] GC(14)     Dead                           Min: 0, Avg:  0.0, Max: 0, Diff: 0, Sum: 0, Workers: 4
[8.427s][debug][gc,phases      ] GC(14)     Total                          Min: 0, Avg:  0.0, Max: 0, Diff: 0, Sum: 0, Workers: 4
[8.427s][debug][gc,phases      ] GC(14)   StringDedup Requests0 Weak     Min:  0.0, Avg:  0.0, Max:  0.0, Diff:  0.0, Sum:  0.0, Workers: 4
[8.427s][debug][gc,phases      ] GC(14)     Dead                           Min: 0, Avg:  0.0, Max: 0, Diff: 0, Sum: 0, Workers: 4
[8.427s][debug][gc,phases      ] GC(14)     Total                          Min: 0, Avg:  0.0, Max: 0, Diff: 0, Sum: 0, Workers: 4
[8.427s][debug][gc,phases      ] GC(14)   StringDedup Requests1 Weak     Min:  0.0, Avg:  0.0, Max:  0.0, Diff:  0.0, Sum:  0.0, Workers: 4
[8.427s][debug][gc,phases      ] GC(14)     Dead                           Min: 0, Avg:  0.0, Max: 0, Diff: 0, Sum: 0, Workers: 4
[8.427s][debug][gc,phases      ] GC(14)     Total                          Min: 0, Avg:  0.0, Max: 0, Diff: 0, Sum: 0, Workers: 4
[8.427s][debug][gc,phases      ] GC(14)   Weak JFR Old Object Samples    Min:  0.0, Avg:  0.0, Max:  0.0, Diff:  0.0, Sum:  0.0, Workers: 4
[8.427s][debug][gc,phases      ] GC(14)     Dead                           Min: 0, Avg:  0.0, Max: 0, Diff: 0, Sum: 0, Workers: 4
[8.427s][debug][gc,phases      ] GC(14)     Total                          Min: 0, Avg:  0.0, Max: 0, Diff: 0, Sum: 0, Workers: 4
[8.427s][debug][gc,phases      ] GC(14) Weak Processing 0.417ms
[8.427s][debug][gc,age         ] GC(14) Desired survivor size 308281344 bytes, new threshold 14 (max threshold 15)
[8.427s][info ][gc,heap        ] GC(14) PSYoungGen: 1708488K(1795072K)->207592K(1710080K) Eden: 1502208K(1502208K)->0K(1502208K) From: 206280K(292864K)->207592K(207872K)
[8.427s][info ][gc,heap        ] GC(14) ParOldGen: 6210K(18944K)->6227K(18944K)
[8.427s][info ][gc,metaspace   ] GC(14) Metaspace: 59914K(60672K)->59914K(60672K) NonClass: 50993K(51392K)->50993K(51392K) Class: 8920K(9280K)->8920K(9280K)
[8.427s][info ][gc             ] GC(14) Pause Young (Allocation Failure) 1674M->208M(1688M) 71.050ms
[8.427s][info ][gc,cpu         ] GC(14) User=0.29s Sys=0.00s Real=0.07s
[8.427s][info ][safepoint      ] Safepoint "ParallelGCFailedAllocation", Time since last: 243212404 ns, Reaching safepoint: 197099 ns, At safepoint: 71160521 ns, Total: 71357620 ns
[8.710s][info ][safepoint      ] Safepoint "ICBufferFull", Time since last: 282148596 ns, Reaching safepoint: 263199 ns, At safepoint: 27400 ns, Total: 290599 ns
[8.755s][info ][gc,start       ] GC(15) Pause Young (Allocation Failure)
[8.825s][debug][gc,phases      ] GC(15) Scavenge 70.063ms
[8.825s][debug][gc,ref         ] GC(15) Skipped phase 1 of Reference Processing: no references
[8.825s][debug][gc,ref         ] GC(15) ReferenceProcessor::execute queues: 4, RefProcThreadModel::Multi, marks_oops_alive: false
[8.825s][debug][gc,ref         ] GC(15) Skipped phase 3 of Reference Processing: no references
[8.825s][debug][gc,ref         ] GC(15) ReferenceProcessor::execute queues: 1, RefProcThreadModel::Single, marks_oops_alive: false
[8.825s][debug][gc,phases      ] GC(15) Reference Processing 0.324ms
[8.825s][debug][gc,phases      ] GC(15)   VM Weak                        Min:  0.0, Avg:  0.0, Max:  0.0, Diff:  0.0, Sum:  0.0, Workers: 4
[8.825s][debug][gc,phases      ] GC(15)     Dead                           Min: 0, Avg:  0.0, Max: 0, Diff: 0, Sum: 0, Workers: 4
[8.825s][debug][gc,phases      ] GC(15)     Total                          Min: 0, Avg: 136.5, Max: 354, Diff: 354, Sum: 546, Workers: 4
[8.825s][debug][gc,phases      ] GC(15)   ObjectSynchronizer Weak        Min:  0.0, Avg:  0.0, Max:  0.0, Diff:  0.0, Sum:  0.0, Workers: 4
[8.825s][debug][gc,phases      ] GC(15)     Dead                           Min: 0, Avg:  0.0, Max: 0, Diff: 0, Sum: 0, Workers: 4
[8.825s][debug][gc,phases      ] GC(15)     Total                          Min: 0, Avg: 85.5, Max: 150, Diff: 150, Sum: 342, Workers: 4
[8.825s][debug][gc,phases      ] GC(15)   JVMTI Tag Weak OopStorage      Min:  0.0, Avg:  0.0, Max:  0.0, Diff:  0.0, Sum:  0.0, Workers: 4
[8.825s][debug][gc,phases      ] GC(15)     Dead                           Min: 0, Avg:  0.0, Max: 0, Diff: 0, Sum: 0, Workers: 4
[8.825s][debug][gc,phases      ] GC(15)     Total                          Min: 0, Avg:  0.0, Max: 0, Diff: 0, Sum: 0, Workers: 4
[8.825s][debug][gc,phases      ] GC(15)   StringTable Weak               Min:  0.2, Avg:  0.2, Max:  0.2, Diff:  0.0, Sum:  0.9, Workers: 4
[8.825s][debug][gc,phases      ] GC(15)     Dead                           Min: 0, Avg:  3.8, Max: 12, Diff: 12, Sum: 15, Workers: 4
[8.825s][debug][gc,phases      ] GC(15)     Total                          Min: 8284, Avg: 10132.0, Max: 12340, Diff: 4056, Sum: 40528, Workers: 4
[8.825s][debug][gc,phases      ] GC(15)   ResolvedMethodTable Weak       Min:  0.0, Avg:  0.0, Max:  0.0, Diff:  0.0, Sum:  0.2, Workers: 4
[8.825s][debug][gc,phases      ] GC(15)     Dead                           Min: 0, Avg:  4.0, Max: 14, Diff: 14, Sum: 16, Workers: 4
[8.825s][debug][gc,phases      ] GC(15)     Total                          Min: 1216, Avg: 1604.0, Max: 2112, Diff: 896, Sum: 6416, Workers: 4
[8.825s][debug][gc,phases      ] GC(15)   JNI Weak                       Min:  0.0, Avg:  0.0, Max:  0.0, Diff:  0.0, Sum:  0.0, Workers: 4
[8.825s][debug][gc,phases      ] GC(15)     Dead                           Min: 0, Avg:  0.0, Max: 0, Diff: 0, Sum: 0, Workers: 4
[8.825s][debug][gc,phases      ] GC(15)     Total                          Min: 0, Avg:  7.5, Max: 30, Diff: 30, Sum: 30, Workers: 4
[8.825s][debug][gc,phases      ] GC(15)   StringDedup Table Weak         Min:  0.0, Avg:  0.0, Max:  0.0, Diff:  0.0, Sum:  0.0, Workers: 4
[8.825s][debug][gc,phases      ] GC(15)     Dead                           Min: 0, Avg:  0.0, Max: 0, Diff: 0, Sum: 0, Workers: 4
[8.825s][debug][gc,phases      ] GC(15)     Total                          Min: 0, Avg:  0.0, Max: 0, Diff: 0, Sum: 0, Workers: 4
[8.825s][debug][gc,phases      ] GC(15)   StringDedup Requests0 Weak     Min:  0.0, Avg:  0.0, Max:  0.0, Diff:  0.0, Sum:  0.0, Workers: 4
[8.825s][debug][gc,phases      ] GC(15)     Dead                           Min: 0, Avg:  0.0, Max: 0, Diff: 0, Sum: 0, Workers: 4
[8.825s][debug][gc,phases      ] GC(15)     Total                          Min: 0, Avg:  0.0, Max: 0, Diff: 0, Sum: 0, Workers: 4
[8.826s][debug][gc,phases      ] GC(15)   StringDedup Requests1 Weak     Min:  0.0, Avg:  0.0, Max:  0.0, Diff:  0.0, Sum:  0.0, Workers: 4
[8.826s][debug][gc,phases      ] GC(15)     Dead                           Min: 0, Avg:  0.0, Max: 0, Diff: 0, Sum: 0, Workers: 4
[8.826s][debug][gc,phases      ] GC(15)     Total                          Min: 0, Avg:  0.0, Max: 0, Diff: 0, Sum: 0, Workers: 4
[8.826s][debug][gc,phases      ] GC(15)   Weak JFR Old Object Samples    Min:  0.0, Avg:  0.0, Max:  0.0, Diff:  0.0, Sum:  0.0, Workers: 4
[8.826s][debug][gc,phases      ] GC(15)     Dead                           Min: 0, Avg:  0.0, Max: 0, Diff: 0, Sum: 0, Workers: 4
[8.826s][debug][gc,phases      ] GC(15)     Total                          Min: 0, Avg:  0.0, Max: 0, Diff: 0, Sum: 0, Workers: 4
[8.826s][debug][gc,phases      ] GC(15) Weak Processing 0.408ms
[8.826s][debug][gc,age         ] GC(15) Desired survivor size 306708480 bytes, new threshold 14 (max threshold 15)
[8.826s][info ][gc,heap        ] GC(15) PSYoungGen: 1709800K(1710080K)->199008K(1797632K) Eden: 1502208K(1502208K)->0K(1496576K) From: 207592K(207872K)->199008K(301056K)
[8.826s][info ][gc,heap        ] GC(15) ParOldGen: 6227K(18944K)->6235K(18944K)
[8.826s][info ][gc,metaspace   ] GC(15) Metaspace: 60841K(61568K)->60841K(61568K) NonClass: 51787K(52160K)->51787K(52160K) Class: 9053K(9408K)->9053K(9408K)
[8.826s][info ][gc             ] GC(15) Pause Young (Allocation Failure) 1675M->200M(1774M) 70.934ms
[8.826s][info ][gc,cpu         ] GC(15) User=0.27s Sys=0.01s Real=0.07s
[8.826s][info ][safepoint      ] Safepoint "ParallelGCFailedAllocation", Time since last: 44561362 ns, Reaching safepoint: 153799 ns, At safepoint: 71039522 ns, Total: 71193321 ns
[9.119s][info ][safepoint      ] Safepoint "ICBufferFull", Time since last: 292127543 ns, Reaching safepoint: 773396 ns, At safepoint: 40200 ns, Total: 813596 ns
[9.120s][info ][gc,start       ] GC(16) Pause Young (Allocation Failure)
[9.190s][debug][gc,phases      ] GC(16) Scavenge 69.205ms
[9.190s][debug][gc,ref         ] GC(16) Skipped phase 1 of Reference Processing: no references
[9.190s][debug][gc,ref         ] GC(16) ReferenceProcessor::execute queues: 4, RefProcThreadModel::Multi, marks_oops_alive: false
[9.190s][debug][gc,ref         ] GC(16) Skipped phase 3 of Reference Processing: no references
[9.190s][debug][gc,ref         ] GC(16) ReferenceProcessor::execute queues: 1, RefProcThreadModel::Single, marks_oops_alive: false
[9.190s][debug][gc,phases      ] GC(16) Reference Processing 0.354ms
[9.190s][debug][gc,phases      ] GC(16)   VM Weak                        Min:  0.0, Avg:  0.0, Max:  0.0, Diff:  0.0, Sum:  0.0, Workers: 4
[9.190s][debug][gc,phases      ] GC(16)     Dead                           Min: 0, Avg:  0.0, Max: 0, Diff: 0, Sum: 0, Workers: 4
[9.190s][debug][gc,phases      ] GC(16)     Total                          Min: 0, Avg: 137.2, Max: 421, Diff: 421, Sum: 549, Workers: 4
[9.190s][debug][gc,phases      ] GC(16)   ObjectSynchronizer Weak        Min:  0.0, Avg:  0.0, Max:  0.0, Diff:  0.0, Sum:  0.0, Workers: 4
[9.190s][debug][gc,phases      ] GC(16)     Dead                           Min: 0, Avg:  0.0, Max: 0, Diff: 0, Sum: 0, Workers: 4
[9.190s][debug][gc,phases      ] GC(16)     Total                          Min: 0, Avg: 85.5, Max: 150, Diff: 150, Sum: 342, Workers: 4
[9.190s][debug][gc,phases      ] GC(16)   JVMTI Tag Weak OopStorage      Min:  0.0, Avg:  0.0, Max:  0.0, Diff:  0.0, Sum:  0.0, Workers: 4
[9.190s][debug][gc,phases      ] GC(16)     Dead                           Min: 0, Avg:  0.0, Max: 0, Diff: 0, Sum: 0, Workers: 4
[9.190s][debug][gc,phases      ] GC(16)     Total                          Min: 0, Avg:  0.0, Max: 0, Diff: 0, Sum: 0, Workers: 4
[9.190s][debug][gc,phases      ] GC(16)   StringTable Weak               Min:  0.3, Avg:  0.3, Max:  0.3, Diff:  0.0, Sum:  1.0, Workers: 4
[9.190s][debug][gc,phases      ] GC(16)     Dead                           Min: 0, Avg:  0.2, Max: 1, Diff: 1, Sum: 1, Workers: 4
[9.190s][debug][gc,phases      ] GC(16)     Total                          Min: 8768, Avg: 10172.5, Max: 13374, Diff: 4606, Sum: 40690, Workers: 4
[9.190s][debug][gc,phases      ] GC(16)   ResolvedMethodTable Weak       Min:  0.0, Avg:  0.0, Max:  0.0, Diff:  0.0, Sum:  0.2, Workers: 4
[9.190s][debug][gc,phases      ] GC(16)     Dead                           Min: 0, Avg:  0.0, Max: 0, Diff: 0, Sum: 0, Workers: 4
[9.190s][debug][gc,phases      ] GC(16)     Total                          Min: 1408, Avg: 1606.5, Max: 1792, Diff: 384, Sum: 6426, Workers: 4
[9.190s][debug][gc,phases      ] GC(16)   JNI Weak                       Min:  0.0, Avg:  0.0, Max:  0.0, Diff:  0.0, Sum:  0.0, Workers: 4
[9.190s][debug][gc,phases      ] GC(16)     Dead                           Min: 0, Avg:  0.0, Max: 0, Diff: 0, Sum: 0, Workers: 4
[9.190s][debug][gc,phases      ] GC(16)     Total                          Min: 0, Avg:  2.5, Max: 10, Diff: 10, Sum: 10, Workers: 4
[9.190s][debug][gc,phases      ] GC(16)   StringDedup Table Weak         Min:  0.0, Avg:  0.0, Max:  0.0, Diff:  0.0, Sum:  0.0, Workers: 4
[9.190s][debug][gc,phases      ] GC(16)     Dead                           Min: 0, Avg:  0.0, Max: 0, Diff: 0, Sum: 0, Workers: 4
[9.190s][debug][gc,phases      ] GC(16)     Total                          Min: 0, Avg:  0.0, Max: 0, Diff: 0, Sum: 0, Workers: 4
[9.190s][debug][gc,phases      ] GC(16)   StringDedup Requests0 Weak     Min:  0.0, Avg:  0.0, Max:  0.0, Diff:  0.0, Sum:  0.0, Workers: 4
[9.190s][debug][gc,phases      ] GC(16)     Dead                           Min: 0, Avg:  0.0, Max: 0, Diff: 0, Sum: 0, Workers: 4
[9.190s][debug][gc,phases      ] GC(16)     Total                          Min: 0, Avg:  0.0, Max: 0, Diff: 0, Sum: 0, Workers: 4
[9.190s][debug][gc,phases      ] GC(16)   StringDedup Requests1 Weak     Min:  0.0, Avg:  0.0, Max:  0.0, Diff:  0.0, Sum:  0.0, Workers: 4
[9.190s][debug][gc,phases      ] GC(16)     Dead                           Min: 0, Avg:  0.0, Max: 0, Diff: 0, Sum: 0, Workers: 4
[9.190s][debug][gc,phases      ] GC(16)     Total                          Min: 0, Avg:  0.0, Max: 0, Diff: 0, Sum: 0, Workers: 4
[9.190s][debug][gc,phases      ] GC(16)   Weak JFR Old Object Samples    Min:  0.0, Avg:  0.0, Max:  0.0, Diff:  0.0, Sum:  0.0, Workers: 4
[9.190s][debug][gc,phases      ] GC(16)     Dead                           Min: 0, Avg:  0.0, Max: 0, Diff: 0, Sum: 0, Workers: 4
[9.190s][debug][gc,phases      ] GC(16)     Total                          Min: 0, Avg:  0.0, Max: 0, Diff: 0, Sum: 0, Workers: 4
[9.190s][debug][gc,phases      ] GC(16) Weak Processing 0.487ms
[9.190s][debug][gc,age         ] GC(16) Desired survivor size 305135616 bytes, new threshold 14 (max threshold 15)
[9.190s][info ][gc,heap        ] GC(16) PSYoungGen: 1695584K(1797632K)->199653K(1796096K) Eden: 1496576K(1496576K)->0K(1496576K) From: 199008K(301056K)->199653K(299520K)
[9.190s][info ][gc,heap        ] GC(16) ParOldGen: 6235K(18944K)->6243K(18944K)
[9.190s][info ][gc,metaspace   ] GC(16) Metaspace: 61183K(61888K)->61183K(61888K) NonClass: 52095K(52480K)->52095K(52480K) Class: 9088K(9408K)->9088K(9408K)
[9.190s][info ][gc             ] GC(16) Pause Young (Allocation Failure) 1661M->201M(1772M) 70.139ms
[9.190s][info ][gc,cpu         ] GC(16) User=0.28s Sys=0.00s Real=0.08s
[9.191s][info ][safepoint      ] Safepoint "ParallelGCFailedAllocation", Time since last: 1622591 ns, Reaching safepoint: 112199 ns, At safepoint: 70230326 ns, Total: 70342525 ns
[9.332s][info ][safepoint      ] Safepoint "ICBufferFull", Time since last: 141602545 ns, Reaching safepoint: 267699 ns, At safepoint: 33300 ns, Total: 300999 ns
[9.527s][info ][safepoint      ] Safepoint "ICBufferFull", Time since last: 194395664 ns, Reaching safepoint: 257398 ns, At safepoint: 33300 ns, Total: 290698 ns
[9.541s][info ][gc,start       ] GC(17) Pause Young (Allocation Failure)
[9.618s][debug][gc,phases      ] GC(17) Scavenge 76.724ms
[9.618s][debug][gc,ref         ] GC(17) Skipped phase 1 of Reference Processing: no references
[9.618s][debug][gc,ref         ] GC(17) ReferenceProcessor::execute queues: 4, RefProcThreadModel::Multi, marks_oops_alive: false
[9.618s][debug][gc,ref         ] GC(17) Skipped phase 3 of Reference Processing: no references
[9.618s][debug][gc,ref         ] GC(17) ReferenceProcessor::execute queues: 1, RefProcThreadModel::Single, marks_oops_alive: false
[9.618s][debug][gc,phases      ] GC(17) Reference Processing 0.297ms
[9.618s][debug][gc,phases      ] GC(17)   VM Weak                        Min:  0.0, Avg:  0.0, Max:  0.0, Diff:  0.0, Sum:  0.0, Workers: 4
[9.618s][debug][gc,phases      ] GC(17)     Dead                           Min: 0, Avg:  0.0, Max: 0, Diff: 0, Sum: 0, Workers: 4
[9.618s][debug][gc,phases      ] GC(17)     Total                          Min: 37, Avg: 137.2, Max: 256, Diff: 219, Sum: 549, Workers: 4
[9.618s][debug][gc,phases      ] GC(17)   ObjectSynchronizer Weak        Min:  0.0, Avg:  0.0, Max:  0.0, Diff:  0.0, Sum:  0.0, Workers: 4
[9.618s][debug][gc,phases      ] GC(17)     Dead                           Min: 0, Avg:  0.0, Max: 0, Diff: 0, Sum: 0, Workers: 4
[9.618s][debug][gc,phases      ] GC(17)     Total                          Min: 22, Avg: 85.5, Max: 128, Diff: 106, Sum: 342, Workers: 4
[9.618s][debug][gc,phases      ] GC(17)   JVMTI Tag Weak OopStorage      Min:  0.0, Avg:  0.0, Max:  0.0, Diff:  0.0, Sum:  0.0, Workers: 4
[9.618s][debug][gc,phases      ] GC(17)     Dead                           Min: 0, Avg:  0.0, Max: 0, Diff: 0, Sum: 0, Workers: 4
[9.618s][debug][gc,phases      ] GC(17)     Total                          Min: 0, Avg:  0.0, Max: 0, Diff: 0, Sum: 0, Workers: 4
[9.618s][debug][gc,phases      ] GC(17)   StringTable Weak               Min:  0.3, Avg:  0.3, Max:  0.3, Diff:  0.0, Sum:  1.1, Workers: 4
[9.618s][debug][gc,phases      ] GC(17)     Dead                           Min: 0, Avg:  2.8, Max: 11, Diff: 11, Sum: 11, Workers: 4
[9.618s][debug][gc,phases      ] GC(17)     Total                          Min: 9600, Avg: 10174.5, Max: 11008, Diff: 1408, Sum: 40698, Workers: 4
[9.618s][debug][gc,phases      ] GC(17)   ResolvedMethodTable Weak       Min:  0.0, Avg:  0.1, Max:  0.1, Diff:  0.0, Sum:  0.2, Workers: 4
[9.618s][debug][gc,phases      ] GC(17)     Dead                           Min: 0, Avg:  0.0, Max: 0, Diff: 0, Sum: 0, Workers: 4
[9.618s][debug][gc,phases      ] GC(17)     Total                          Min: 1498, Avg: 1606.5, Max: 1792, Diff: 294, Sum: 6426, Workers: 4
[9.618s][debug][gc,phases      ] GC(17)   JNI Weak                       Min:  0.0, Avg:  0.0, Max:  0.0, Diff:  0.0, Sum:  0.0, Workers: 4
[9.618s][debug][gc,phases      ] GC(17)     Dead                           Min: 0, Avg:  0.0, Max: 0, Diff: 0, Sum: 0, Workers: 4
[9.618s][debug][gc,phases      ] GC(17)     Total                          Min: 0, Avg:  0.5, Max: 2, Diff: 2, Sum: 2, Workers: 4
[9.618s][debug][gc,phases      ] GC(17)   StringDedup Table Weak         Min:  0.0, Avg:  0.0, Max:  0.0, Diff:  0.0, Sum:  0.0, Workers: 4
[9.618s][debug][gc,phases      ] GC(17)     Dead                           Min: 0, Avg:  0.0, Max: 0, Diff: 0, Sum: 0, Workers: 4
[9.618s][debug][gc,phases      ] GC(17)     Total                          Min: 0, Avg:  0.0, Max: 0, Diff: 0, Sum: 0, Workers: 4
[9.618s][debug][gc,phases      ] GC(17)   StringDedup Requests0 Weak     Min:  0.0, Avg:  0.0, Max:  0.0, Diff:  0.0, Sum:  0.0, Workers: 4
[9.618s][debug][gc,phases      ] GC(17)     Dead                           Min: 0, Avg:  0.0, Max: 0, Diff: 0, Sum: 0, Workers: 4
[9.618s][debug][gc,phases      ] GC(17)     Total                          Min: 0, Avg:  0.0, Max: 0, Diff: 0, Sum: 0, Workers: 4
[9.618s][debug][gc,phases      ] GC(17)   StringDedup Requests1 Weak     Min:  0.0, Avg:  0.0, Max:  0.0, Diff:  0.0, Sum:  0.0, Workers: 4
[9.618s][debug][gc,phases      ] GC(17)     Dead                           Min: 0, Avg:  0.0, Max: 0, Diff: 0, Sum: 0, Workers: 4
[9.618s][debug][gc,phases      ] GC(17)     Total                          Min: 0, Avg:  0.0, Max: 0, Diff: 0, Sum: 0, Workers: 4
[9.618s][debug][gc,phases      ] GC(17)   Weak JFR Old Object Samples    Min:  0.0, Avg:  0.0, Max:  0.0, Diff:  0.0, Sum:  0.0, Workers: 4
[9.618s][debug][gc,phases      ] GC(17)     Dead                           Min: 0, Avg:  0.0, Max: 0, Diff: 0, Sum: 0, Workers: 4
[9.618s][debug][gc,phases      ] GC(17)     Total                          Min: 0, Avg:  0.0, Max: 0, Diff: 0, Sum: 0, Workers: 4
[9.619s][debug][gc,phases      ] GC(17) Weak Processing 0.496ms
[9.619s][debug][gc,age         ] GC(17) Desired survivor size 295698432 bytes, new threshold 14 (max threshold 15)
[9.619s][info ][gc,heap        ] GC(17) PSYoungGen: 1696229K(1796096K)->181255K(1808384K) Eden: 1496576K(1496576K)->0K(1510400K) From: 199653K(299520K)->181255K(297984K)
[9.619s][info ][gc,heap        ] GC(17) ParOldGen: 6243K(18944K)->26590K(26624K)
[9.619s][info ][gc,metaspace   ] GC(17) Metaspace: 61212K(61888K)->61212K(61888K) NonClass: 52121K(52480K)->52121K(52480K) Class: 9090K(9408K)->9090K(9408K)
[9.619s][info ][gc             ] GC(17) Pause Young (Allocation Failure) 1662M->202M(1792M) 77.640ms
[9.619s][info ][gc,cpu         ] GC(17) User=0.29s Sys=0.01s Real=0.08s
[9.619s][debug][gc,phases      ] GC(18) Pre Compact 0.010ms
[9.619s][info ][gc,start       ] GC(18) Pause Full (Ergonomics)
[9.619s][info ][gc,phases,start] GC(18) Marking Phase
[9.704s][debug][gc,phases      ] GC(18) Par Mark 85.467ms
[9.704s][debug][gc,ref         ] GC(18) Skipped phase 1 of Reference Processing: no references
[9.704s][debug][gc,ref         ] GC(18) ReferenceProcessor::execute queues: 4, RefProcThreadModel::Multi, marks_oops_alive: false
[9.704s][debug][gc,ref         ] GC(18) Skipped phase 3 of Reference Processing: no references
[9.704s][debug][gc,ref         ] GC(18) ReferenceProcessor::execute queues: 1, RefProcThreadModel::Single, marks_oops_alive: false
[9.704s][debug][gc,phases      ] GC(18) Reference Processing 0.256ms
[9.705s][debug][gc,phases      ] GC(18)   VM Weak                        Min:  0.0, Avg:  0.0, Max:  0.0, Diff:  0.0, Sum:  0.0, Workers: 4
[9.705s][debug][gc,phases      ] GC(18)     Dead                           Min: 0, Avg:  0.0, Max: 0, Diff: 0, Sum: 0, Workers: 4
[9.705s][debug][gc,phases      ] GC(18)     Total                          Min: 0, Avg: 137.2, Max: 320, Diff: 320, Sum: 549, Workers: 4
[9.705s][debug][gc,phases      ] GC(18)   ObjectSynchronizer Weak        Min:  0.0, Avg:  0.0, Max:  0.0, Diff:  0.0, Sum:  0.0, Workers: 4
[9.705s][debug][gc,phases      ] GC(18)     Dead                           Min: 0, Avg:  0.0, Max: 0, Diff: 0, Sum: 0, Workers: 4
[9.705s][debug][gc,phases      ] GC(18)     Total                          Min: 0, Avg: 85.5, Max: 192, Diff: 192, Sum: 342, Workers: 4
[9.705s][debug][gc,phases      ] GC(18)   JVMTI Tag Weak OopStorage      Min:  0.0, Avg:  0.0, Max:  0.0, Diff:  0.0, Sum:  0.0, Workers: 4
[9.705s][debug][gc,phases      ] GC(18)     Dead                           Min: 0, Avg:  0.0, Max: 0, Diff: 0, Sum: 0, Workers: 4
[9.705s][debug][gc,phases      ] GC(18)     Total                          Min: 0, Avg:  0.0, Max: 0, Diff: 0, Sum: 0, Workers: 4
[9.705s][debug][gc,phases      ] GC(18)   StringTable Weak               Min:  0.1, Avg:  0.1, Max:  0.1, Diff:  0.0, Sum:  0.5, Workers: 4
[9.705s][debug][gc,phases      ] GC(18)     Dead                           Min: 0, Avg:  0.0, Max: 0, Diff: 0, Sum: 0, Workers: 4
[9.705s][debug][gc,phases      ] GC(18)     Total                          Min: 8954, Avg: 10174.5, Max: 11392, Diff: 2438, Sum: 40698, Workers: 4
[9.705s][debug][gc,phases      ] GC(18)   ResolvedMethodTable Weak       Min:  0.0, Avg:  0.0, Max:  0.0, Diff:  0.0, Sum:  0.1, Workers: 4
[9.705s][debug][gc,phases      ] GC(18)     Dead                           Min: 0, Avg:  0.0, Max: 0, Diff: 0, Sum: 0, Workers: 4
[9.705s][debug][gc,phases      ] GC(18)     Total                          Min: 1408, Avg: 1606.5, Max: 1818, Diff: 410, Sum: 6426, Workers: 4
[9.705s][debug][gc,phases      ] GC(18)   JNI Weak                       Min:  0.0, Avg:  0.0, Max:  0.0, Diff:  0.0, Sum:  0.0, Workers: 4
[9.705s][debug][gc,phases      ] GC(18)     Dead                           Min: 0, Avg:  0.0, Max: 0, Diff: 0, Sum: 0, Workers: 4
[9.705s][debug][gc,phases      ] GC(18)     Total                          Min: 0, Avg:  0.5, Max: 2, Diff: 2, Sum: 2, Workers: 4
[9.705s][debug][gc,phases      ] GC(18)   StringDedup Table Weak         Min:  0.0, Avg:  0.0, Max:  0.0, Diff:  0.0, Sum:  0.0, Workers: 4
[9.705s][debug][gc,phases      ] GC(18)     Dead                           Min: 0, Avg:  0.0, Max: 0, Diff: 0, Sum: 0, Workers: 4
[9.705s][debug][gc,phases      ] GC(18)     Total                          Min: 0, Avg:  0.0, Max: 0, Diff: 0, Sum: 0, Workers: 4
[9.705s][debug][gc,phases      ] GC(18)   StringDedup Requests0 Weak     Min:  0.0, Avg:  0.0, Max:  0.0, Diff:  0.0, Sum:  0.0, Workers: 4
[9.705s][debug][gc,phases      ] GC(18)     Dead                           Min: 0, Avg:  0.0, Max: 0, Diff: 0, Sum: 0, Workers: 4
[9.705s][debug][gc,phases      ] GC(18)     Total                          Min: 0, Avg:  0.0, Max: 0, Diff: 0, Sum: 0, Workers: 4
[9.705s][debug][gc,phases      ] GC(18)   StringDedup Requests1 Weak     Min:  0.0, Avg:  0.0, Max:  0.0, Diff:  0.0, Sum:  0.0, Workers: 4
[9.705s][debug][gc,phases      ] GC(18)     Dead                           Min: 0, Avg:  0.0, Max: 0, Diff: 0, Sum: 0, Workers: 4
[9.705s][debug][gc,phases      ] GC(18)     Total                          Min: 0, Avg:  0.0, Max: 0, Diff: 0, Sum: 0, Workers: 4
[9.705s][debug][gc,phases      ] GC(18)   Weak JFR Old Object Samples    Min:  0.0, Avg:  0.0, Max:  0.0, Diff:  0.0, Sum:  0.0, Workers: 4
[9.705s][debug][gc,phases      ] GC(18)     Dead                           Min: 0, Avg:  0.0, Max: 0, Diff: 0, Sum: 0, Workers: 4
[9.705s][debug][gc,phases      ] GC(18)     Total                          Min: 0, Avg:  0.0, Max: 0, Diff: 0, Sum: 0, Workers: 4
[9.705s][debug][gc,phases      ] GC(18) Weak Processing 0.305ms
[9.705s][debug][gc,phases      ] GC(18) ClassLoaderData 0.070ms
[9.705s][debug][gc,phases      ] GC(18) Trigger cleanups 0.000ms
[9.712s][debug][gc,phases      ] GC(18) Class Unloading 7.108ms
[9.712s][info ][gc,phases      ] GC(18) Marking Phase 93.271ms
[9.712s][info ][gc,phases,start] GC(18) Summary Phase
[9.712s][info ][gc,phases      ] GC(18) Summary Phase 0.007ms
[9.712s][info ][gc,phases,start] GC(18) Adjust Roots
[9.722s][info ][gc,phases      ] GC(18) Adjust Roots 9.770ms
[9.722s][info ][gc,phases,start] GC(18) Compaction Phase
[10.807s][info ][gc,phases      ] GC(18) Compaction Phase 1085.178ms
[10.807s][info ][gc,phases,start] GC(18) Post Compact
[10.808s][info ][gc,phases      ] GC(18) Post Compact 1.305ms
[10.808s][info ][gc,heap        ] GC(18) PSYoungGen: 181255K(1808384K)->180870K(1808384K) Eden: 0K(1510400K)->0K(1510400K) From: 181255K(297984K)->180870K(297984K)
[10.808s][info ][gc,heap        ] GC(18) ParOldGen: 26590K(26624K)->26441K(53248K)
[10.808s][info ][gc,metaspace   ] GC(18) Metaspace: 61212K(61888K)->61212K(61888K) NonClass: 52121K(52480K)->52121K(52480K) Class: 9090K(9408K)->9090K(9408K)
[10.808s][info ][gc             ] GC(18) Pause Full (Ergonomics) 202M->202M(1818M) 1189.697ms
[10.808s][info ][gc,cpu         ] GC(18) User=2.50s Sys=0.04s Real=1.19s
[10.809s][info ][safepoint      ] Safepoint "ParallelGCFailedAllocation", Time since last: 13543028 ns, Reaching safepoint: 182199 ns, At safepoint: 1267887643 ns, Total: 1268069842 ns
[11.088s][info ][gc,start       ] GC(19) Pause Young (Allocation Failure)
[11.166s][debug][gc,phases      ] GC(19) Scavenge 77.795ms
[11.166s][debug][gc,ref         ] GC(19) Skipped phase 1 of Reference Processing: no references
[11.166s][debug][gc,ref         ] GC(19) ReferenceProcessor::execute queues: 2, RefProcThreadModel::Multi, marks_oops_alive: false
[11.166s][debug][gc,ref         ] GC(19) Skipped phase 3 of Reference Processing: no references
[11.166s][debug][gc,ref         ] GC(19) ReferenceProcessor::execute queues: 1, RefProcThreadModel::Single, marks_oops_alive: false
[11.166s][debug][gc,phases      ] GC(19) Reference Processing 0.188ms
[11.166s][debug][gc,phases      ] GC(19)   VM Weak                        Min:  0.0, Avg:  0.0, Max:  0.0, Diff:  0.0, Sum:  0.0, Workers: 4
[11.166s][debug][gc,phases      ] GC(19)     Dead                           Min: 0, Avg:  0.0, Max: 0, Diff: 0, Sum: 0, Workers: 4
[11.166s][debug][gc,phases      ] GC(19)     Total                          Min: 0, Avg: 137.2, Max: 320, Diff: 320, Sum: 549, Workers: 4
[11.166s][debug][gc,phases      ] GC(19)   ObjectSynchronizer Weak        Min:  0.0, Avg:  0.0, Max:  0.0, Diff:  0.0, Sum:  0.0, Workers: 4
[11.166s][debug][gc,phases      ] GC(19)     Dead                           Min: 0, Avg:  0.0, Max: 0, Diff: 0, Sum: 0, Workers: 4
[11.166s][debug][gc,phases      ] GC(19)     Total                          Min: 22, Avg: 85.5, Max: 128, Diff: 106, Sum: 342, Workers: 4
[11.166s][debug][gc,phases      ] GC(19)   JVMTI Tag Weak OopStorage      Min:  0.0, Avg:  0.0, Max:  0.0, Diff:  0.0, Sum:  0.0, Workers: 4
[11.166s][debug][gc,phases      ] GC(19)     Dead                           Min: 0, Avg:  0.0, Max: 0, Diff: 0, Sum: 0, Workers: 4
[11.166s][debug][gc,phases      ] GC(19)     Total                          Min: 0, Avg:  0.0, Max: 0, Diff: 0, Sum: 0, Workers: 4
[11.166s][debug][gc,phases      ] GC(19)   StringTable Weak               Min:  0.2, Avg:  0.2, Max:  0.2, Diff:  0.0, Sum:  0.8, Workers: 4
[11.166s][debug][gc,phases      ] GC(19)     Dead                           Min: 0, Avg:  2.8, Max: 6, Diff: 6, Sum: 11, Workers: 4
[11.166s][debug][gc,phases      ] GC(19)     Total                          Min: 7680, Avg: 10176.2, Max: 12353, Diff: 4673, Sum: 40705, Workers: 4
[11.166s][debug][gc,phases      ] GC(19)   ResolvedMethodTable Weak       Min:  0.0, Avg:  0.0, Max:  0.0, Diff:  0.0, Sum:  0.2, Workers: 4
[11.166s][debug][gc,phases      ] GC(19)     Dead                           Min: 0, Avg:  0.0, Max: 0, Diff: 0, Sum: 0, Workers: 4
[11.166s][debug][gc,phases      ] GC(19)     Total                          Min: 1152, Avg: 1606.5, Max: 2368, Diff: 1216, Sum: 6426, Workers: 4
[11.166s][debug][gc,phases      ] GC(19)   JNI Weak                       Min:  0.0, Avg:  0.0, Max:  0.0, Diff:  0.0, Sum:  0.0, Workers: 4
[11.166s][debug][gc,phases      ] GC(19)     Dead                           Min: 0, Avg:  0.0, Max: 0, Diff: 0, Sum: 0, Workers: 4
[11.166s][debug][gc,phases      ] GC(19)     Total                          Min: 0, Avg:  0.0, Max: 0, Diff: 0, Sum: 0, Workers: 4
[11.166s][debug][gc,phases      ] GC(19)   StringDedup Table Weak         Min:  0.0, Avg:  0.0, Max:  0.0, Diff:  0.0, Sum:  0.0, Workers: 4
[11.166s][debug][gc,phases      ] GC(19)     Dead                           Min: 0, Avg:  0.0, Max: 0, Diff: 0, Sum: 0, Workers: 4
[11.166s][debug][gc,phases      ] GC(19)     Total                          Min: 0, Avg:  0.0, Max: 0, Diff: 0, Sum: 0, Workers: 4
[11.166s][debug][gc,phases      ] GC(19)   StringDedup Requests0 Weak     Min:  0.0, Avg:  0.0, Max:  0.0, Diff:  0.0, Sum:  0.0, Workers: 4
[11.166s][debug][gc,phases      ] GC(19)     Dead                           Min: 0, Avg:  0.0, Max: 0, Diff: 0, Sum: 0, Workers: 4
[11.166s][debug][gc,phases      ] GC(19)     Total                          Min: 0, Avg:  0.0, Max: 0, Diff: 0, Sum: 0, Workers: 4
[11.166s][debug][gc,phases      ] GC(19)   StringDedup Requests1 Weak     Min:  0.0, Avg:  0.0, Max:  0.0, Diff:  0.0, Sum:  0.0, Workers: 4
[11.166s][debug][gc,phases      ] GC(19)     Dead                           Min: 0, Avg:  0.0, Max: 0, Diff: 0, Sum: 0, Workers: 4
[11.166s][debug][gc,phases      ] GC(19)     Total                          Min: 0, Avg:  0.0, Max: 0, Diff: 0, Sum: 0, Workers: 4
[11.166s][debug][gc,phases      ] GC(19)   Weak JFR Old Object Samples    Min:  0.0, Avg:  0.0, Max:  0.0, Diff:  0.0, Sum:  0.0, Workers: 4
[11.166s][debug][gc,phases      ] GC(19)     Dead                           Min: 0, Avg:  0.0, Max: 0, Diff: 0, Sum: 0, Workers: 4
[11.166s][debug][gc,phases      ] GC(19)     Total                          Min: 0, Avg:  0.0, Max: 0, Diff: 0, Sum: 0, Workers: 4
[11.166s][debug][gc,phases      ] GC(19) Weak Processing 0.421ms
[11.166s][debug][gc,age         ] GC(19) Desired survivor size 288358400 bytes, new threshold 15 (max threshold 15)
[11.166s][info ][gc,heap        ] GC(19) PSYoungGen: 1691270K(1808384K)->147877K(1799168K) Eden: 1510400K(1510400K)->0K(1510400K) From: 180870K(297984K)->147877K(288768K)
[11.166s][info ][gc,heap        ] GC(19) ParOldGen: 26441K(53248K)->61453K(61952K)
[11.166s][info ][gc,metaspace   ] GC(19) Metaspace: 61218K(61888K)->61218K(61888K) NonClass: 52128K(52480K)->52128K(52480K) Class: 9090K(9408K)->9090K(9408K)
[11.167s][info ][gc             ] GC(19) Pause Young (Allocation Failure) 1677M->204M(1817M) 78.535ms
[11.167s][info ][gc,cpu         ] GC(19) User=0.30s Sys=0.01s Real=0.08s
[11.167s][debug][gc,phases      ] GC(20) Pre Compact 0.009ms
[11.167s][info ][gc,start       ] GC(20) Pause Full (Ergonomics)
[11.167s][info ][gc,phases,start] GC(20) Marking Phase
[11.238s][debug][gc,phases      ] GC(20) Par Mark 71.202ms
[11.238s][debug][gc,ref         ] GC(20) Skipped phase 1 of Reference Processing: no references
[11.238s][debug][gc,ref         ] GC(20) ReferenceProcessor::execute queues: 4, RefProcThreadModel::Multi, marks_oops_alive: false
[11.238s][debug][gc,ref         ] GC(20) Skipped phase 3 of Reference Processing: no references
[11.238s][debug][gc,ref         ] GC(20) ReferenceProcessor::execute queues: 1, RefProcThreadModel::Single, marks_oops_alive: false
[11.238s][debug][gc,phases      ] GC(20) Reference Processing 0.269ms
[11.238s][debug][gc,phases      ] GC(20)   VM Weak                        Min:  0.0, Avg:  0.0, Max:  0.0, Diff:  0.0, Sum:  0.0, Workers: 4
[11.238s][debug][gc,phases      ] GC(20)     Dead                           Min: 0, Avg:  0.0, Max: 0, Diff: 0, Sum: 0, Workers: 4
[11.238s][debug][gc,phases      ] GC(20)     Total                          Min: 0, Avg: 137.2, Max: 421, Diff: 421, Sum: 549, Workers: 4
[11.238s][debug][gc,phases      ] GC(20)   ObjectSynchronizer Weak        Min:  0.0, Avg:  0.0, Max:  0.0, Diff:  0.0, Sum:  0.0, Workers: 4
[11.238s][debug][gc,phases      ] GC(20)     Dead                           Min: 0, Avg:  0.0, Max: 0, Diff: 0, Sum: 0, Workers: 4
[11.238s][debug][gc,phases      ] GC(20)     Total                          Min: 0, Avg: 85.5, Max: 192, Diff: 192, Sum: 342, Workers: 4
[11.238s][debug][gc,phases      ] GC(20)   JVMTI Tag Weak OopStorage      Min:  0.0, Avg:  0.0, Max:  0.0, Diff:  0.0, Sum:  0.0, Workers: 4
[11.238s][debug][gc,phases      ] GC(20)     Dead                           Min: 0, Avg:  0.0, Max: 0, Diff: 0, Sum: 0, Workers: 4
[11.238s][debug][gc,phases      ] GC(20)     Total                          Min: 0, Avg:  0.0, Max: 0, Diff: 0, Sum: 0, Workers: 4
[11.238s][debug][gc,phases      ] GC(20)   StringTable Weak               Min:  0.1, Avg:  0.1, Max:  0.1, Diff:  0.0, Sum:  0.5, Workers: 4
[11.238s][debug][gc,phases      ] GC(20)     Dead                           Min: 0, Avg:  0.0, Max: 0, Diff: 0, Sum: 0, Workers: 4
[11.238s][debug][gc,phases      ] GC(20)     Total                          Min: 9473, Avg: 10176.2, Max: 11072, Diff: 1599, Sum: 40705, Workers: 4
[11.238s][debug][gc,phases      ] GC(20)   ResolvedMethodTable Weak       Min:  0.0, Avg:  0.0, Max:  0.0, Diff:  0.0, Sum:  0.1, Workers: 4
[11.238s][debug][gc,phases      ] GC(20)     Dead                           Min: 0, Avg:  0.0, Max: 0, Diff: 0, Sum: 0, Workers: 4
[11.238s][debug][gc,phases      ] GC(20)     Total                          Min: 1472, Avg: 1606.5, Max: 1792, Diff: 320, Sum: 6426, Workers: 4
[11.238s][debug][gc,phases      ] GC(20)   JNI Weak                       Min:  0.0, Avg:  0.0, Max:  0.0, Diff:  0.0, Sum:  0.0, Workers: 4
[11.238s][debug][gc,phases      ] GC(20)     Dead                           Min: 0, Avg:  0.0, Max: 0, Diff: 0, Sum: 0, Workers: 4
[11.238s][debug][gc,phases      ] GC(20)     Total                          Min: 0, Avg:  0.0, Max: 0, Diff: 0, Sum: 0, Workers: 4
[11.238s][debug][gc,phases      ] GC(20)   StringDedup Table Weak         Min:  0.0, Avg:  0.0, Max:  0.0, Diff:  0.0, Sum:  0.0, Workers: 4
[11.238s][debug][gc,phases      ] GC(20)     Dead                           Min: 0, Avg:  0.0, Max: 0, Diff: 0, Sum: 0, Workers: 4
[11.238s][debug][gc,phases      ] GC(20)     Total                          Min: 0, Avg:  0.0, Max: 0, Diff: 0, Sum: 0, Workers: 4
[11.238s][debug][gc,phases      ] GC(20)   StringDedup Requests0 Weak     Min:  0.0, Avg:  0.0, Max:  0.0, Diff:  0.0, Sum:  0.0, Workers: 4
[11.238s][debug][gc,phases      ] GC(20)     Dead                           Min: 0, Avg:  0.0, Max: 0, Diff: 0, Sum: 0, Workers: 4
[11.238s][debug][gc,phases      ] GC(20)     Total                          Min: 0, Avg:  0.0, Max: 0, Diff: 0, Sum: 0, Workers: 4
[11.238s][debug][gc,phases      ] GC(20)   StringDedup Requests1 Weak     Min:  0.0, Avg:  0.0, Max:  0.0, Diff:  0.0, Sum:  0.0, Workers: 4
[11.238s][debug][gc,phases      ] GC(20)     Dead                           Min: 0, Avg:  0.0, Max: 0, Diff: 0, Sum: 0, Workers: 4
[11.238s][debug][gc,phases      ] GC(20)     Total                          Min: 0, Avg:  0.0, Max: 0, Diff: 0, Sum: 0, Workers: 4
[11.238s][debug][gc,phases      ] GC(20)   Weak JFR Old Object Samples    Min:  0.0, Avg:  0.0, Max:  0.0, Diff:  0.0, Sum:  0.0, Workers: 4
[11.238s][debug][gc,phases      ] GC(20)     Dead                           Min: 0, Avg:  0.0, Max: 0, Diff: 0, Sum: 0, Workers: 4
[11.238s][debug][gc,phases      ] GC(20)     Total                          Min: 0, Avg:  0.0, Max: 0, Diff: 0, Sum: 0, Workers: 4
[11.238s][debug][gc,phases      ] GC(20) Weak Processing 0.302ms
[11.239s][debug][gc,phases      ] GC(20) ClassLoaderData 0.072ms
[11.239s][debug][gc,phases      ] GC(20) Trigger cleanups 0.000ms
[11.246s][debug][gc,phases      ] GC(20) Class Unloading 7.157ms
[11.246s][info ][gc,phases      ] GC(20) Marking Phase 79.074ms
[11.246s][info ][gc,phases,start] GC(20) Summary Phase
[11.246s][info ][gc,phases      ] GC(20) Summary Phase 0.008ms
[11.246s][info ][gc,phases,start] GC(20) Adjust Roots
[11.255s][info ][gc,phases      ] GC(20) Adjust Roots 8.887ms
[11.255s][info ][gc,phases,start] GC(20) Compaction Phase
[12.021s][info ][gc,phases      ] GC(20) Compaction Phase 766.264ms
[12.021s][info ][gc,phases,start] GC(20) Post Compact
[12.022s][info ][gc,phases      ] GC(20) Post Compact 0.754ms
[12.022s][info ][gc,heap        ] GC(20) PSYoungGen: 147877K(1799168K)->147692K(1799168K) Eden: 0K(1510400K)->0K(1510400K) From: 147877K(288768K)->147692K(288768K)
[12.022s][info ][gc,heap        ] GC(20) ParOldGen: 61453K(61952K)->61234K(108544K)
[12.022s][info ][gc,metaspace   ] GC(20) Metaspace: 61218K(61888K)->61218K(61888K) NonClass: 52128K(52480K)->52128K(52480K) Class: 9090K(9408K)->9090K(9408K)
[12.022s][info ][gc             ] GC(20) Pause Full (Ergonomics) 204M->204M(1863M) 855.172ms
[12.022s][info ][gc,cpu         ] GC(20) User=1.97s Sys=0.00s Real=0.85s
[12.022s][info ][safepoint      ] Safepoint "ParallelGCFailedAllocation", Time since last: 279028013 ns, Reaching safepoint: 165599 ns, At safepoint: 933864623 ns, Total: 934030222 ns
[12.326s][info ][gc,start       ] GC(21) Pause Young (Allocation Failure)
[12.384s][debug][gc,phases      ] GC(21) Scavenge 58.262ms
[12.384s][debug][gc,ref         ] GC(21) Skipped phase 1 of Reference Processing: no references
[12.384s][debug][gc,ref         ] GC(21) ReferenceProcessor::execute queues: 1, RefProcThreadModel::Single, marks_oops_alive: false
[12.384s][debug][gc,ref         ] GC(21) Skipped phase 3 of Reference Processing: no references
[12.384s][debug][gc,ref         ] GC(21) ReferenceProcessor::execute queues: 1, RefProcThreadModel::Single, marks_oops_alive: false
[12.384s][debug][gc,phases      ] GC(21) Reference Processing 0.151ms
[12.385s][debug][gc,phases      ] GC(21)   VM Weak                        Min:  0.0, Avg:  0.0, Max:  0.0, Diff:  0.0, Sum:  0.0, Workers: 4
[12.385s][debug][gc,phases      ] GC(21)     Dead                           Min: 0, Avg:  0.0, Max: 0, Diff: 0, Sum: 0, Workers: 4
[12.385s][debug][gc,phases      ] GC(21)     Total                          Min: 0, Avg: 137.2, Max: 549, Diff: 549, Sum: 549, Workers: 4
[12.385s][debug][gc,phases      ] GC(21)   ObjectSynchronizer Weak        Min:  0.0, Avg:  0.0, Max:  0.0, Diff:  0.0, Sum:  0.0, Workers: 4
[12.385s][debug][gc,phases      ] GC(21)     Dead                           Min: 0, Avg:  0.0, Max: 0, Diff: 0, Sum: 0, Workers: 4
[12.385s][debug][gc,phases      ] GC(21)     Total                          Min: 0, Avg: 85.5, Max: 150, Diff: 150, Sum: 342, Workers: 4
[12.385s][debug][gc,phases      ] GC(21)   JVMTI Tag Weak OopStorage      Min:  0.0, Avg:  0.0, Max:  0.0, Diff:  0.0, Sum:  0.0, Workers: 4
[12.385s][debug][gc,phases      ] GC(21)     Dead                           Min: 0, Avg:  0.0, Max: 0, Diff: 0, Sum: 0, Workers: 4
[12.385s][debug][gc,phases      ] GC(21)     Total                          Min: 0, Avg:  0.0, Max: 0, Diff: 0, Sum: 0, Workers: 4
[12.385s][debug][gc,phases      ] GC(21)   StringTable Weak               Min:  0.2, Avg:  0.2, Max:  0.2, Diff:  0.0, Sum:  0.8, Workers: 4
[12.385s][debug][gc,phases      ] GC(21)     Dead                           Min: 0, Avg:  2.8, Max: 11, Diff: 11, Sum: 11, Workers: 4
[12.385s][debug][gc,phases      ] GC(21)     Total                          Min: 3963, Avg: 10183.5, Max: 14441, Diff: 10478, Sum: 40734, Workers: 4
[12.385s][debug][gc,phases      ] GC(21)   ResolvedMethodTable Weak       Min:  0.0, Avg:  0.0, Max:  0.0, Diff:  0.0, Sum:  0.2, Workers: 4
[12.385s][debug][gc,phases      ] GC(21)     Dead                           Min: 0, Avg:  0.0, Max: 0, Diff: 0, Sum: 0, Workers: 4
[12.385s][debug][gc,phases      ] GC(21)     Total                          Min: 1152, Avg: 1606.5, Max: 2176, Diff: 1024, Sum: 6426, Workers: 4
[12.385s][debug][gc,phases      ] GC(21)   JNI Weak                       Min:  0.0, Avg:  0.0, Max:  0.0, Diff:  0.0, Sum:  0.0, Workers: 4
[12.385s][debug][gc,phases      ] GC(21)     Dead                           Min: 0, Avg:  0.0, Max: 0, Diff: 0, Sum: 0, Workers: 4
[12.385s][debug][gc,phases      ] GC(21)     Total                          Min: 0, Avg:  1.2, Max: 5, Diff: 5, Sum: 5, Workers: 4
[12.385s][debug][gc,phases      ] GC(21)   StringDedup Table Weak         Min:  0.0, Avg:  0.0, Max:  0.0, Diff:  0.0, Sum:  0.0, Workers: 4
[12.385s][debug][gc,phases      ] GC(21)     Dead                           Min: 0, Avg:  0.0, Max: 0, Diff: 0, Sum: 0, Workers: 4
[12.385s][debug][gc,phases      ] GC(21)     Total                          Min: 0, Avg:  0.0, Max: 0, Diff: 0, Sum: 0, Workers: 4
[12.385s][debug][gc,phases      ] GC(21)   StringDedup Requests0 Weak     Min:  0.0, Avg:  0.0, Max:  0.0, Diff:  0.0, Sum:  0.0, Workers: 4
[12.385s][debug][gc,phases      ] GC(21)     Dead                           Min: 0, Avg:  0.0, Max: 0, Diff: 0, Sum: 0, Workers: 4
[12.385s][debug][gc,phases      ] GC(21)     Total                          Min: 0, Avg:  0.0, Max: 0, Diff: 0, Sum: 0, Workers: 4
[12.385s][debug][gc,phases      ] GC(21)   StringDedup Requests1 Weak     Min:  0.0, Avg:  0.0, Max:  0.0, Diff:  0.0, Sum:  0.0, Workers: 4
[12.385s][debug][gc,phases      ] GC(21)     Dead                           Min: 0, Avg:  0.0, Max: 0, Diff: 0, Sum: 0, Workers: 4
[12.385s][debug][gc,phases      ] GC(21)     Total                          Min: 0, Avg:  0.0, Max: 0, Diff: 0, Sum: 0, Workers: 4
[12.385s][debug][gc,phases      ] GC(21)   Weak JFR Old Object Samples    Min:  0.0, Avg:  0.0, Max:  0.0, Diff:  0.0, Sum:  0.0, Workers: 4
[12.385s][debug][gc,phases      ] GC(21)     Dead                           Min: 0, Avg:  0.0, Max: 0, Diff: 0, Sum: 0, Workers: 4
[12.385s][debug][gc,phases      ] GC(21)     Total                          Min: 0, Avg:  0.0, Max: 0, Diff: 0, Sum: 0, Workers: 4
[12.385s][debug][gc,phases      ] GC(21) Weak Processing 0.420ms
[12.385s][debug][gc,age         ] GC(21) Desired survivor size 280494080 bytes, new threshold 15 (max threshold 15)
[12.385s][info ][gc,heap        ] GC(21) PSYoungGen: 1658092K(1799168K)->150121K(1823232K) Eden: 1510400K(1510400K)->0K(1541632K) From: 147692K(288768K)->150121K(281600K)
[12.385s][info ][gc,heap        ] GC(21) ParOldGen: 61234K(108544K)->61242K(108544K)
[12.385s][info ][gc,metaspace   ] GC(21) Metaspace: 61223K(61888K)->61223K(61888K) NonClass: 52132K(52480K)->52132K(52480K) Class: 9090K(9408K)->9090K(9408K)
[12.385s][info ][gc             ] GC(21) Pause Young (Allocation Failure) 1679M->206M(1886M) 58.954ms
[12.385s][info ][gc,cpu         ] GC(21) User=0.25s Sys=0.00s Real=0.06s
[12.385s][info ][safepoint      ] Safepoint "ParallelGCFailedAllocation", Time since last: 303901281 ns, Reaching safepoint: 165999 ns, At safepoint: 59044785 ns, Total: 59210784 ns
[12.650s][info ][gc,start       ] GC(22) Pause Young (Allocation Failure)
[12.754s][debug][gc,phases      ] GC(22) Scavenge 103.948ms
[12.754s][debug][gc,ref         ] GC(22) Skipped phase 1 of Reference Processing: no references
[12.754s][debug][gc,ref         ] GC(22) ReferenceProcessor::execute queues: 1, RefProcThreadModel::Single, marks_oops_alive: false
[12.754s][debug][gc,ref         ] GC(22) Skipped phase 3 of Reference Processing: no references
[12.754s][debug][gc,ref         ] GC(22) ReferenceProcessor::execute queues: 1, RefProcThreadModel::Single, marks_oops_alive: false
[12.754s][debug][gc,phases      ] GC(22) Reference Processing 0.141ms
[12.754s][debug][gc,phases      ] GC(22)   VM Weak                        Min:  0.0, Avg:  0.0, Max:  0.0, Diff:  0.0, Sum:  0.0, Workers: 4
[12.754s][debug][gc,phases      ] GC(22)     Dead                           Min: 0, Avg:  0.0, Max: 0, Diff: 0, Sum: 0, Workers: 4
[12.754s][debug][gc,phases      ] GC(22)     Total                          Min: 0, Avg: 137.2, Max: 549, Diff: 549, Sum: 549, Workers: 4
[12.754s][debug][gc,phases      ] GC(22)   ObjectSynchronizer Weak        Min:  0.0, Avg:  0.0, Max:  0.0, Diff:  0.0, Sum:  0.0, Workers: 4
[12.754s][debug][gc,phases      ] GC(22)     Dead                           Min: 0, Avg:  0.0, Max: 0, Diff: 0, Sum: 0, Workers: 4
[12.754s][debug][gc,phases      ] GC(22)     Total                          Min: 0, Avg: 85.5, Max: 192, Diff: 192, Sum: 342, Workers: 4
[12.754s][debug][gc,phases      ] GC(22)   JVMTI Tag Weak OopStorage      Min:  0.0, Avg:  0.0, Max:  0.0, Diff:  0.0, Sum:  0.0, Workers: 4
[12.754s][debug][gc,phases      ] GC(22)     Dead                           Min: 0, Avg:  0.0, Max: 0, Diff: 0, Sum: 0, Workers: 4
[12.754s][debug][gc,phases      ] GC(22)     Total                          Min: 0, Avg:  0.0, Max: 0, Diff: 0, Sum: 0, Workers: 4
[12.754s][debug][gc,phases      ] GC(22)   StringTable Weak               Min:  0.2, Avg:  0.2, Max:  0.2, Diff:  0.0, Sum:  0.6, Workers: 4
[12.754s][debug][gc,phases      ] GC(22)     Dead                           Min: 0, Avg:  2.8, Max: 11, Diff: 11, Sum: 11, Workers: 4
[12.754s][debug][gc,phases      ] GC(22)     Total                          Min: 7546, Avg: 10184.8, Max: 11648, Diff: 4102, Sum: 40739, Workers: 4
[12.754s][debug][gc,phases      ] GC(22)   ResolvedMethodTable Weak       Min:  0.0, Avg:  0.0, Max:  0.0, Diff:  0.0, Sum:  0.1, Workers: 4
[12.754s][debug][gc,phases      ] GC(22)     Dead                           Min: 0, Avg:  0.0, Max: 0, Diff: 0, Sum: 0, Workers: 4
[12.754s][debug][gc,phases      ] GC(22)     Total                          Min: 1344, Avg: 1606.5, Max: 1882, Diff: 538, Sum: 6426, Workers: 4
[12.754s][debug][gc,phases      ] GC(22)   JNI Weak                       Min:  0.0, Avg:  0.0, Max:  0.0, Diff:  0.0, Sum:  0.0, Workers: 4
[12.754s][debug][gc,phases      ] GC(22)     Dead                           Min: 0, Avg:  0.0, Max: 0, Diff: 0, Sum: 0, Workers: 4
[12.754s][debug][gc,phases      ] GC(22)     Total                          Min: 0, Avg:  0.0, Max: 0, Diff: 0, Sum: 0, Workers: 4
[12.754s][debug][gc,phases      ] GC(22)   StringDedup Table Weak         Min:  0.0, Avg:  0.0, Max:  0.0, Diff:  0.0, Sum:  0.0, Workers: 4
[12.754s][debug][gc,phases      ] GC(22)     Dead                           Min: 0, Avg:  0.0, Max: 0, Diff: 0, Sum: 0, Workers: 4
[12.754s][debug][gc,phases      ] GC(22)     Total                          Min: 0, Avg:  0.0, Max: 0, Diff: 0, Sum: 0, Workers: 4
[12.754s][debug][gc,phases      ] GC(22)   StringDedup Requests0 Weak     Min:  0.0, Avg:  0.0, Max:  0.0, Diff:  0.0, Sum:  0.0, Workers: 4
[12.754s][debug][gc,phases      ] GC(22)     Dead                           Min: 0, Avg:  0.0, Max: 0, Diff: 0, Sum: 0, Workers: 4
[12.754s][debug][gc,phases      ] GC(22)     Total                          Min: 0, Avg:  0.0, Max: 0, Diff: 0, Sum: 0, Workers: 4
[12.754s][debug][gc,phases      ] GC(22)   StringDedup Requests1 Weak     Min:  0.0, Avg:  0.0, Max:  0.0, Diff:  0.0, Sum:  0.0, Workers: 4
[12.754s][debug][gc,phases      ] GC(22)     Dead                           Min: 0, Avg:  0.0, Max: 0, Diff: 0, Sum: 0, Workers: 4
[12.754s][debug][gc,phases      ] GC(22)     Total                          Min: 0, Avg:  0.0, Max: 0, Diff: 0, Sum: 0, Workers: 4
[12.754s][debug][gc,phases      ] GC(22)   Weak JFR Old Object Samples    Min:  0.0, Avg:  0.0, Max:  0.0, Diff:  0.0, Sum:  0.0, Workers: 4
[12.754s][debug][gc,phases      ] GC(22)     Dead                           Min: 0, Avg:  0.0, Max: 0, Diff: 0, Sum: 0, Workers: 4
[12.754s][debug][gc,phases      ] GC(22)     Total                          Min: 0, Avg:  0.0, Max: 0, Diff: 0, Sum: 0, Workers: 4
[12.754s][debug][gc,phases      ] GC(22) Weak Processing 0.337ms
[12.754s][debug][gc,age         ] GC(22) Desired survivor size 293076992 bytes, new threshold 15 (max threshold 15)
[12.754s][info ][gc,heap        ] GC(22) PSYoungGen: 1691753K(1823232K)->33580K(1575424K) Eden: 1541632K(1541632K)->0K(1541632K) From: 150121K(281600K)->33580K(33792K)
[12.754s][info ][gc,heap        ] GC(22) ParOldGen: 61242K(108544K)->180931K(181248K)
[12.754s][info ][gc,metaspace   ] GC(22) Metaspace: 61226K(61888K)->61226K(61888K) NonClass: 52136K(52480K)->52136K(52480K) Class: 9090K(9408K)->9090K(9408K)
[12.754s][info ][gc             ] GC(22) Pause Young (Allocation Failure) 1711M->209M(1715M) 104.547ms
[12.754s][info ][gc,cpu         ] GC(22) User=0.38s Sys=0.04s Real=0.11s
[12.754s][debug][gc,phases      ] GC(23) Pre Compact 0.009ms
[12.754s][info ][gc,start       ] GC(23) Pause Full (Ergonomics)
[12.754s][info ][gc,phases,start] GC(23) Marking Phase
[12.829s][debug][gc,phases      ] GC(23) Par Mark 74.953ms
[12.829s][debug][gc,ref         ] GC(23) Skipped phase 1 of Reference Processing: no references
[12.830s][debug][gc,ref         ] GC(23) ReferenceProcessor::execute queues: 4, RefProcThreadModel::Multi, marks_oops_alive: false
[12.830s][debug][gc,ref         ] GC(23) Skipped phase 3 of Reference Processing: no references
[12.830s][debug][gc,ref         ] GC(23) ReferenceProcessor::execute queues: 1, RefProcThreadModel::Single, marks_oops_alive: false
[12.830s][debug][gc,phases      ] GC(23) Reference Processing 0.274ms
[12.830s][debug][gc,phases      ] GC(23)   VM Weak                        Min:  0.0, Avg:  0.0, Max:  0.0, Diff:  0.0, Sum:  0.0, Workers: 4
[12.830s][debug][gc,phases      ] GC(23)     Dead                           Min: 0, Avg:  0.0, Max: 0, Diff: 0, Sum: 0, Workers: 4
[12.830s][debug][gc,phases      ] GC(23)     Total                          Min: 0, Avg: 137.2, Max: 384, Diff: 384, Sum: 549, Workers: 4
[12.830s][debug][gc,phases      ] GC(23)   ObjectSynchronizer Weak        Min:  0.0, Avg:  0.0, Max:  0.0, Diff:  0.0, Sum:  0.0, Workers: 4
[12.830s][debug][gc,phases      ] GC(23)     Dead                           Min: 0, Avg:  0.0, Max: 0, Diff: 0, Sum: 0, Workers: 4
[12.830s][debug][gc,phases      ] GC(23)     Total                          Min: 0, Avg: 85.5, Max: 192, Diff: 192, Sum: 342, Workers: 4
[12.830s][debug][gc,phases      ] GC(23)   JVMTI Tag Weak OopStorage      Min:  0.0, Avg:  0.0, Max:  0.0, Diff:  0.0, Sum:  0.0, Workers: 4
[12.830s][debug][gc,phases      ] GC(23)     Dead                           Min: 0, Avg:  0.0, Max: 0, Diff: 0, Sum: 0, Workers: 4
[12.830s][debug][gc,phases      ] GC(23)     Total                          Min: 0, Avg:  0.0, Max: 0, Diff: 0, Sum: 0, Workers: 4
[12.830s][debug][gc,phases      ] GC(23)   StringTable Weak               Min:  0.1, Avg:  0.1, Max:  0.1, Diff:  0.0, Sum:  0.4, Workers: 4
[12.830s][debug][gc,phases      ] GC(23)     Dead                           Min: 0, Avg:  0.0, Max: 0, Diff: 0, Sum: 0, Workers: 4
[12.830s][debug][gc,phases      ] GC(23)     Total                          Min: 9979, Avg: 10184.8, Max: 10606, Diff: 627, Sum: 40739, Workers: 4
[12.830s][debug][gc,phases      ] GC(23)   ResolvedMethodTable Weak       Min:  0.0, Avg:  0.0, Max:  0.0, Diff:  0.0, Sum:  0.1, Workers: 4
[12.830s][debug][gc,phases      ] GC(23)     Dead                           Min: 0, Avg:  0.0, Max: 0, Diff: 0, Sum: 0, Workers: 4
[12.830s][debug][gc,phases      ] GC(23)     Total                          Min: 1472, Avg: 1606.5, Max: 1792, Diff: 320, Sum: 6426, Workers: 4
[12.830s][debug][gc,phases      ] GC(23)   JNI Weak                       Min:  0.0, Avg:  0.0, Max:  0.0, Diff:  0.0, Sum:  0.0, Workers: 4
[12.830s][debug][gc,phases      ] GC(23)     Dead                           Min: 0, Avg:  0.0, Max: 0, Diff: 0, Sum: 0, Workers: 4
[12.830s][debug][gc,phases      ] GC(23)     Total                          Min: 0, Avg:  0.0, Max: 0, Diff: 0, Sum: 0, Workers: 4
[12.830s][debug][gc,phases      ] GC(23)   StringDedup Table Weak         Min:  0.0, Avg:  0.0, Max:  0.0, Diff:  0.0, Sum:  0.0, Workers: 4
[12.830s][debug][gc,phases      ] GC(23)     Dead                           Min: 0, Avg:  0.0, Max: 0, Diff: 0, Sum: 0, Workers: 4
[12.830s][debug][gc,phases      ] GC(23)     Total                          Min: 0, Avg:  0.0, Max: 0, Diff: 0, Sum: 0, Workers: 4
[12.830s][debug][gc,phases      ] GC(23)   StringDedup Requests0 Weak     Min:  0.0, Avg:  0.0, Max:  0.0, Diff:  0.0, Sum:  0.0, Workers: 4
[12.830s][debug][gc,phases      ] GC(23)     Dead                           Min: 0, Avg:  0.0, Max: 0, Diff: 0, Sum: 0, Workers: 4
[12.830s][debug][gc,phases      ] GC(23)     Total                          Min: 0, Avg:  0.0, Max: 0, Diff: 0, Sum: 0, Workers: 4
[12.830s][debug][gc,phases      ] GC(23)   StringDedup Requests1 Weak     Min:  0.0, Avg:  0.0, Max:  0.0, Diff:  0.0, Sum:  0.0, Workers: 4
[12.830s][debug][gc,phases      ] GC(23)     Dead                           Min: 0, Avg:  0.0, Max: 0, Diff: 0, Sum: 0, Workers: 4
[12.830s][debug][gc,phases      ] GC(23)     Total                          Min: 0, Avg:  0.0, Max: 0, Diff: 0, Sum: 0, Workers: 4
[12.830s][debug][gc,phases      ] GC(23)   Weak JFR Old Object Samples    Min:  0.0, Avg:  0.0, Max:  0.0, Diff:  0.0, Sum:  0.0, Workers: 4
[12.830s][debug][gc,phases      ] GC(23)     Dead                           Min: 0, Avg:  0.0, Max: 0, Diff: 0, Sum: 0, Workers: 4
[12.830s][debug][gc,phases      ] GC(23)     Total                          Min: 0, Avg:  0.0, Max: 0, Diff: 0, Sum: 0, Workers: 4
[12.830s][debug][gc,phases      ] GC(23) Weak Processing 0.272ms
[12.830s][debug][gc,phases      ] GC(23) ClassLoaderData 0.067ms
[12.830s][debug][gc,phases      ] GC(23) Trigger cleanups 0.000ms
[12.837s][debug][gc,phases      ] GC(23) Class Unloading 6.768ms
[12.837s][info ][gc,phases      ] GC(23) Marking Phase 82.422ms
[12.837s][info ][gc,phases,start] GC(23) Summary Phase
[12.837s][info ][gc,phases      ] GC(23) Summary Phase 0.006ms
[12.837s][info ][gc,phases,start] GC(23) Adjust Roots
[12.845s][info ][gc,phases      ] GC(23) Adjust Roots 8.252ms
[12.845s][info ][gc,phases,start] GC(23) Compaction Phase
[13.151s][info ][gc,phases      ] GC(23) Compaction Phase 306.156ms
[13.151s][info ][gc,phases,start] GC(23) Post Compact
[13.152s][info ][gc,phases      ] GC(23) Post Compact 0.630ms
[13.152s][info ][gc,heap        ] GC(23) PSYoungGen: 33580K(1575424K)->32939K(1575424K) Eden: 0K(1541632K)->0K(1541632K) From: 33580K(33792K)->32939K(33792K)
[13.152s][info ][gc,heap        ] GC(23) ParOldGen: 180931K(181248K)->181001K(280576K)
[13.152s][info ][gc,metaspace   ] GC(23) Metaspace: 61226K(61888K)->61226K(61888K) NonClass: 52136K(52480K)->52136K(52480K) Class: 9090K(9408K)->9090K(9408K)
[13.152s][info ][gc             ] GC(23) Pause Full (Ergonomics) 209M->208M(1812M) 397.740ms
[13.152s][info ][gc,cpu         ] GC(23) User=1.26s Sys=0.00s Real=0.40s
[13.152s][info ][safepoint      ] Safepoint "ParallelGCFailedAllocation", Time since last: 264675290 ns, Reaching safepoint: 161499 ns, At safepoint: 502457522 ns, Total: 502619021 ns
[13.507s][info ][gc,start       ] GC(24) Pause Young (Allocation Failure)
[13.544s][debug][gc,phases      ] GC(24) Scavenge 36.489ms
[13.544s][debug][gc,ref         ] GC(24) Skipped phase 1 of Reference Processing: no references
[13.544s][debug][gc,ref         ] GC(24) ReferenceProcessor::execute queues: 1, RefProcThreadModel::Single, marks_oops_alive: false
[13.544s][debug][gc,ref         ] GC(24) Skipped phase 3 of Reference Processing: no references
[13.544s][debug][gc,ref         ] GC(24) Skipped phase 4 of Reference Processing: no references
[13.544s][debug][gc,phases      ] GC(24) Reference Processing 0.149ms
[13.544s][debug][gc,phases      ] GC(24)   VM Weak                        Min:  0.0, Avg:  0.0, Max:  0.0, Diff:  0.0, Sum:  0.0, Workers: 4
[13.544s][debug][gc,phases      ] GC(24)     Dead                           Min: 0, Avg:  0.0, Max: 0, Diff: 0, Sum: 0, Workers: 4
[13.544s][debug][gc,phases      ] GC(24)     Total                          Min: 0, Avg: 137.2, Max: 357, Diff: 357, Sum: 549, Workers: 4
[13.544s][debug][gc,phases      ] GC(24)   ObjectSynchronizer Weak        Min:  0.0, Avg:  0.0, Max:  0.0, Diff:  0.0, Sum:  0.0, Workers: 4
[13.544s][debug][gc,phases      ] GC(24)     Dead                           Min: 0, Avg:  0.0, Max: 0, Diff: 0, Sum: 0, Workers: 4
[13.544s][debug][gc,phases      ] GC(24)     Total                          Min: 0, Avg: 85.5, Max: 214, Diff: 214, Sum: 342, Workers: 4
[13.544s][debug][gc,phases      ] GC(24)   JVMTI Tag Weak OopStorage      Min:  0.0, Avg:  0.0, Max:  0.0, Diff:  0.0, Sum:  0.0, Workers: 4
[13.544s][debug][gc,phases      ] GC(24)     Dead                           Min: 0, Avg:  0.0, Max: 0, Diff: 0, Sum: 0, Workers: 4
[13.544s][debug][gc,phases      ] GC(24)     Total                          Min: 0, Avg:  0.0, Max: 0, Diff: 0, Sum: 0, Workers: 4
[13.544s][debug][gc,phases      ] GC(24)   StringTable Weak               Min:  0.1, Avg:  0.1, Max:  0.1, Diff:  0.0, Sum:  0.4, Workers: 4
[13.544s][debug][gc,phases      ] GC(24)     Dead                           Min: 0, Avg:  2.8, Max: 6, Diff: 6, Sum: 11, Workers: 4
[13.544s][debug][gc,phases      ] GC(24)     Total                          Min: 9600, Avg: 10186.5, Max: 10666, Diff: 1066, Sum: 40746, Workers: 4
[13.544s][debug][gc,phases      ] GC(24)   ResolvedMethodTable Weak       Min:  0.0, Avg:  0.0, Max:  0.0, Diff:  0.0, Sum:  0.1, Workers: 4
[13.544s][debug][gc,phases      ] GC(24)     Dead                           Min: 0, Avg:  0.0, Max: 0, Diff: 0, Sum: 0, Workers: 4
[13.544s][debug][gc,phases      ] GC(24)     Total                          Min: 1408, Avg: 1606.5, Max: 1690, Diff: 282, Sum: 6426, Workers: 4
[13.544s][debug][gc,phases      ] GC(24)   JNI Weak                       Min:  0.0, Avg:  0.0, Max:  0.0, Diff:  0.0, Sum:  0.0, Workers: 4
[13.544s][debug][gc,phases      ] GC(24)     Dead                           Min: 0, Avg:  0.0, Max: 0, Diff: 0, Sum: 0, Workers: 4
[13.544s][debug][gc,phases      ] GC(24)     Total                          Min: 0, Avg:  1.8, Max: 7, Diff: 7, Sum: 7, Workers: 4
[13.544s][debug][gc,phases      ] GC(24)   StringDedup Table Weak         Min:  0.0, Avg:  0.0, Max:  0.0, Diff:  0.0, Sum:  0.0, Workers: 4
[13.544s][debug][gc,phases      ] GC(24)     Dead                           Min: 0, Avg:  0.0, Max: 0, Diff: 0, Sum: 0, Workers: 4
[13.544s][debug][gc,phases      ] GC(24)     Total                          Min: 0, Avg:  0.0, Max: 0, Diff: 0, Sum: 0, Workers: 4
[13.544s][debug][gc,phases      ] GC(24)   StringDedup Requests0 Weak     Min:  0.0, Avg:  0.0, Max:  0.0, Diff:  0.0, Sum:  0.0, Workers: 4
[13.544s][debug][gc,phases      ] GC(24)     Dead                           Min: 0, Avg:  0.0, Max: 0, Diff: 0, Sum: 0, Workers: 4
[13.544s][debug][gc,phases      ] GC(24)     Total                          Min: 0, Avg:  0.0, Max: 0, Diff: 0, Sum: 0, Workers: 4
[13.544s][debug][gc,phases      ] GC(24)   StringDedup Requests1 Weak     Min:  0.0, Avg:  0.0, Max:  0.0, Diff:  0.0, Sum:  0.0, Workers: 4
[13.544s][debug][gc,phases      ] GC(24)     Dead                           Min: 0, Avg:  0.0, Max: 0, Diff: 0, Sum: 0, Workers: 4
[13.544s][debug][gc,phases      ] GC(24)     Total                          Min: 0, Avg:  0.0, Max: 0, Diff: 0, Sum: 0, Workers: 4
[13.544s][debug][gc,phases      ] GC(24)   Weak JFR Old Object Samples    Min:  0.0, Avg:  0.0, Max:  0.0, Diff:  0.0, Sum:  0.0, Workers: 4
[13.544s][debug][gc,phases      ] GC(24)     Dead                           Min: 0, Avg:  0.0, Max: 0, Diff: 0, Sum: 0, Workers: 4
[13.544s][debug][gc,phases      ] GC(24)     Total                          Min: 0, Avg:  0.0, Max: 0, Diff: 0, Sum: 0, Workers: 4
[13.544s][debug][gc,phases      ] GC(24) Weak Processing 0.287ms
[13.544s][debug][gc,age         ] GC(24) Desired survivor size 300941312 bytes, new threshold 15 (max threshold 15)
[13.544s][info ][gc,heap        ] GC(24) PSYoungGen: 1574571K(1575424K)->35227K(1795584K) Eden: 1541632K(1541632K)->0K(1509376K) From: 32939K(33792K)->35227K(286208K)
[13.544s][info ][gc,heap        ] GC(24) ParOldGen: 181001K(280576K)->181625K(280576K)
[13.544s][info ][gc,metaspace   ] GC(24) Metaspace: 61251K(61952K)->61251K(61952K) NonClass: 52161K(52544K)->52161K(52544K) Class: 9090K(9408K)->9090K(9408K)
[13.544s][info ][gc             ] GC(24) Pause Young (Allocation Failure) 1714M->211M(2027M) 37.048ms
[13.544s][info ][gc,cpu         ] GC(24) User=0.14s Sys=0.00s Real=0.04s
[13.545s][info ][safepoint      ] Safepoint "ParallelGCFailedAllocation", Time since last: 355038408 ns, Reaching safepoint: 150299 ns, At safepoint: 37143402 ns, Total: 37293701 ns
[13.819s][info ][gc,start       ] GC(25) Pause Young (Allocation Failure)
[13.834s][debug][gc,phases      ] GC(25) Scavenge 14.428ms
[13.834s][debug][gc,ref         ] GC(25) Skipped phase 1 of Reference Processing: no references
[13.834s][debug][gc,ref         ] GC(25) ReferenceProcessor::execute queues: 1, RefProcThreadModel::Single, marks_oops_alive: false
[13.834s][debug][gc,ref         ] GC(25) Skipped phase 3 of Reference Processing: no references
[13.834s][debug][gc,ref         ] GC(25) ReferenceProcessor::execute queues: 1, RefProcThreadModel::Single, marks_oops_alive: false
[13.834s][debug][gc,phases      ] GC(25) Reference Processing 0.140ms
[13.834s][debug][gc,phases      ] GC(25)   VM Weak                        Min:  0.0, Avg:  0.0, Max:  0.0, Diff:  0.0, Sum:  0.0, Workers: 4
[13.834s][debug][gc,phases      ] GC(25)     Dead                           Min: 0, Avg:  0.0, Max: 0, Diff: 0, Sum: 0, Workers: 4
[13.834s][debug][gc,phases      ] GC(25)     Total                          Min: 0, Avg: 138.2, Max: 361, Diff: 361, Sum: 553, Workers: 4
[13.834s][debug][gc,phases      ] GC(25)   ObjectSynchronizer Weak        Min:  0.0, Avg:  0.0, Max:  0.0, Diff:  0.0, Sum:  0.0, Workers: 4
[13.834s][debug][gc,phases      ] GC(25)     Dead                           Min: 0, Avg:  0.0, Max: 0, Diff: 0, Sum: 0, Workers: 4
[13.834s][debug][gc,phases      ] GC(25)     Total                          Min: 0, Avg: 85.8, Max: 279, Diff: 279, Sum: 343, Workers: 4
[13.834s][debug][gc,phases      ] GC(25)   JVMTI Tag Weak OopStorage      Min:  0.0, Avg:  0.0, Max:  0.0, Diff:  0.0, Sum:  0.0, Workers: 4
[13.834s][debug][gc,phases      ] GC(25)     Dead                           Min: 0, Avg:  0.0, Max: 0, Diff: 0, Sum: 0, Workers: 4
[13.834s][debug][gc,phases      ] GC(25)     Total                          Min: 0, Avg:  0.0, Max: 0, Diff: 0, Sum: 0, Workers: 4
[13.834s][debug][gc,phases      ] GC(25)   StringTable Weak               Min:  0.1, Avg:  0.1, Max:  0.1, Diff:  0.0, Sum:  0.3, Workers: 4
[13.834s][debug][gc,phases      ] GC(25)     Dead                           Min: 0, Avg:  4.2, Max: 12, Diff: 12, Sum: 17, Workers: 4
[13.834s][debug][gc,phases      ] GC(25)     Total                          Min: 7552, Avg: 10212.0, Max: 12928, Diff: 5376, Sum: 40848, Workers: 4
[13.834s][debug][gc,phases      ] GC(25)   ResolvedMethodTable Weak       Min:  0.0, Avg:  0.0, Max:  0.0, Diff:  0.0, Sum:  0.1, Workers: 4
[13.834s][debug][gc,phases      ] GC(25)     Dead                           Min: 0, Avg:  6.0, Max: 11, Diff: 11, Sum: 24, Workers: 4
[13.834s][debug][gc,phases      ] GC(25)     Total                          Min: 1344, Avg: 1622.8, Max: 1856, Diff: 512, Sum: 6491, Workers: 4
[13.834s][debug][gc,phases      ] GC(25)   JNI Weak                       Min:  0.0, Avg:  0.0, Max:  0.0, Diff:  0.0, Sum:  0.0, Workers: 4
[13.834s][debug][gc,phases      ] GC(25)     Dead                           Min: 0, Avg:  0.0, Max: 0, Diff: 0, Sum: 0, Workers: 4
[13.834s][debug][gc,phases      ] GC(25)     Total                          Min: 0, Avg:  0.0, Max: 0, Diff: 0, Sum: 0, Workers: 4
[13.834s][debug][gc,phases      ] GC(25)   StringDedup Table Weak         Min:  0.0, Avg:  0.0, Max:  0.0, Diff:  0.0, Sum:  0.0, Workers: 4
[13.834s][debug][gc,phases      ] GC(25)     Dead                           Min: 0, Avg:  0.0, Max: 0, Diff: 0, Sum: 0, Workers: 4
[13.834s][debug][gc,phases      ] GC(25)     Total                          Min: 0, Avg:  0.0, Max: 0, Diff: 0, Sum: 0, Workers: 4
[13.834s][debug][gc,phases      ] GC(25)   StringDedup Requests0 Weak     Min:  0.0, Avg:  0.0, Max:  0.0, Diff:  0.0, Sum:  0.0, Workers: 4
[13.834s][debug][gc,phases      ] GC(25)     Dead                           Min: 0, Avg:  0.0, Max: 0, Diff: 0, Sum: 0, Workers: 4
[13.834s][debug][gc,phases      ] GC(25)     Total                          Min: 0, Avg:  0.0, Max: 0, Diff: 0, Sum: 0, Workers: 4
[13.834s][debug][gc,phases      ] GC(25)   StringDedup Requests1 Weak     Min:  0.0, Avg:  0.0, Max:  0.0, Diff:  0.0, Sum:  0.0, Workers: 4
[13.834s][debug][gc,phases      ] GC(25)     Dead                           Min: 0, Avg:  0.0, Max: 0, Diff: 0, Sum: 0, Workers: 4
[13.834s][debug][gc,phases      ] GC(25)     Total                          Min: 0, Avg:  0.0, Max: 0, Diff: 0, Sum: 0, Workers: 4
[13.834s][debug][gc,phases      ] GC(25)   Weak JFR Old Object Samples    Min:  0.0, Avg:  0.0, Max:  0.0, Diff:  0.0, Sum:  0.0, Workers: 4
[13.834s][debug][gc,phases      ] GC(25)     Dead                           Min: 0, Avg:  0.0, Max: 0, Diff: 0, Sum: 0, Workers: 4
[13.834s][debug][gc,phases      ] GC(25)     Total                          Min: 0, Avg:  0.0, Max: 0, Diff: 0, Sum: 0, Workers: 4
[13.834s][debug][gc,phases      ] GC(25) Weak Processing 0.253ms
[13.834s][debug][gc,age         ] GC(25) Desired survivor size 304611328 bytes, new threshold 15 (max threshold 15)
[13.834s][info ][gc,heap        ] GC(25) PSYoungGen: 1544603K(1795584K)->32795K(1542656K) Eden: 1509376K(1509376K)->0K(1509376K) From: 35227K(286208K)->32795K(33280K)
[13.834s][info ][gc,heap        ] GC(25) ParOldGen: 181625K(280576K)->184317K(280576K)
[13.834s][info ][gc,metaspace   ] GC(25) Metaspace: 61765K(62528K)->61765K(62528K) NonClass: 52610K(53056K)->52610K(53056K) Class: 9154K(9472K)->9154K(9472K)
[13.834s][info ][gc             ] GC(25) Pause Young (Allocation Failure) 1685M->212M(1780M) 14.938ms
[13.834s][info ][gc,cpu         ] GC(25) User=0.05s Sys=0.01s Real=0.02s
[13.834s][info ][safepoint      ] Safepoint "ParallelGCFailedAllocation", Time since last: 274539937 ns, Reaching safepoint: 166699 ns, At safepoint: 15040220 ns, Total: 15206919 ns
[14.130s][info ][gc,start       ] GC(26) Pause Young (Allocation Failure)
[14.147s][debug][gc,phases      ] GC(26) Scavenge 16.549ms
[14.147s][debug][gc,ref         ] GC(26) Skipped phase 1 of Reference Processing: no references
[14.147s][debug][gc,ref         ] GC(26) ReferenceProcessor::execute queues: 1, RefProcThreadModel::Single, marks_oops_alive: false
[14.147s][debug][gc,ref         ] GC(26) Skipped phase 3 of Reference Processing: no references
[14.147s][debug][gc,ref         ] GC(26) ReferenceProcessor::execute queues: 1, RefProcThreadModel::Single, marks_oops_alive: false
[14.147s][debug][gc,phases      ] GC(26) Reference Processing 0.136ms
[14.147s][debug][gc,phases      ] GC(26)   VM Weak                        Min:  0.0, Avg:  0.0, Max:  0.0, Diff:  0.0, Sum:  0.0, Workers: 4
[14.147s][debug][gc,phases      ] GC(26)     Dead                           Min: 0, Avg:  0.0, Max: 0, Diff: 0, Sum: 0, Workers: 4
[14.147s][debug][gc,phases      ] GC(26)     Total                          Min: 0, Avg: 138.2, Max: 320, Diff: 320, Sum: 553, Workers: 4
[14.147s][debug][gc,phases      ] GC(26)   ObjectSynchronizer Weak        Min:  0.0, Avg:  0.0, Max:  0.0, Diff:  0.0, Sum:  0.0, Workers: 4
[14.147s][debug][gc,phases      ] GC(26)     Dead                           Min: 0, Avg:  0.0, Max: 0, Diff: 0, Sum: 0, Workers: 4
[14.147s][debug][gc,phases      ] GC(26)     Total                          Min: 0, Avg: 85.8, Max: 192, Diff: 192, Sum: 343, Workers: 4
[14.147s][debug][gc,phases      ] GC(26)   JVMTI Tag Weak OopStorage      Min:  0.0, Avg:  0.0, Max:  0.0, Diff:  0.0, Sum:  0.0, Workers: 4
[14.147s][debug][gc,phases      ] GC(26)     Dead                           Min: 0, Avg:  0.0, Max: 0, Diff: 0, Sum: 0, Workers: 4
[14.147s][debug][gc,phases      ] GC(26)     Total                          Min: 0, Avg:  0.0, Max: 0, Diff: 0, Sum: 0, Workers: 4
[14.147s][debug][gc,phases      ] GC(26)   StringTable Weak               Min:  0.1, Avg:  0.1, Max:  0.1, Diff:  0.0, Sum:  0.4, Workers: 4
[14.147s][debug][gc,phases      ] GC(26)     Dead                           Min: 0, Avg:  0.0, Max: 0, Diff: 0, Sum: 0, Workers: 4
[14.147s][debug][gc,phases      ] GC(26)     Total                          Min: 9728, Avg: 10349.8, Max: 10816, Diff: 1088, Sum: 41399, Workers: 4
[14.147s][debug][gc,phases      ] GC(26)   ResolvedMethodTable Weak       Min:  0.0, Avg:  0.0, Max:  0.0, Diff:  0.0, Sum:  0.1, Workers: 4
[14.147s][debug][gc,phases      ] GC(26)     Dead                           Min: 0, Avg:  6.5, Max: 24, Diff: 24, Sum: 26, Workers: 4
[14.147s][debug][gc,phases      ] GC(26)     Total                          Min: 1472, Avg: 1627.8, Max: 1726, Diff: 254, Sum: 6511, Workers: 4
[14.147s][debug][gc,phases      ] GC(26)   JNI Weak                       Min:  0.0, Avg:  0.0, Max:  0.0, Diff:  0.0, Sum:  0.0, Workers: 4
[14.147s][debug][gc,phases      ] GC(26)     Dead                           Min: 0, Avg:  0.0, Max: 0, Diff: 0, Sum: 0, Workers: 4
[14.147s][debug][gc,phases      ] GC(26)     Total                          Min: 0, Avg:  0.0, Max: 0, Diff: 0, Sum: 0, Workers: 4
[14.147s][debug][gc,phases      ] GC(26)   StringDedup Table Weak         Min:  0.0, Avg:  0.0, Max:  0.0, Diff:  0.0, Sum:  0.0, Workers: 4
[14.147s][debug][gc,phases      ] GC(26)     Dead                           Min: 0, Avg:  0.0, Max: 0, Diff: 0, Sum: 0, Workers: 4
[14.147s][debug][gc,phases      ] GC(26)     Total                          Min: 0, Avg:  0.0, Max: 0, Diff: 0, Sum: 0, Workers: 4
[14.147s][debug][gc,phases      ] GC(26)   StringDedup Requests0 Weak     Min:  0.0, Avg:  0.0, Max:  0.0, Diff:  0.0, Sum:  0.0, Workers: 4
[14.147s][debug][gc,phases      ] GC(26)     Dead                           Min: 0, Avg:  0.0, Max: 0, Diff: 0, Sum: 0, Workers: 4
[14.147s][debug][gc,phases      ] GC(26)     Total                          Min: 0, Avg:  0.0, Max: 0, Diff: 0, Sum: 0, Workers: 4
[14.147s][debug][gc,phases      ] GC(26)   StringDedup Requests1 Weak     Min:  0.0, Avg:  0.0, Max:  0.0, Diff:  0.0, Sum:  0.0, Workers: 4
[14.147s][debug][gc,phases      ] GC(26)     Dead                           Min: 0, Avg:  0.0, Max: 0, Diff: 0, Sum: 0, Workers: 4
[14.147s][debug][gc,phases      ] GC(26)     Total                          Min: 0, Avg:  0.0, Max: 0, Diff: 0, Sum: 0, Workers: 4
[14.147s][debug][gc,phases      ] GC(26)   Weak JFR Old Object Samples    Min:  0.0, Avg:  0.0, Max:  0.0, Diff:  0.0, Sum:  0.0, Workers: 4
[14.147s][debug][gc,phases      ] GC(26)     Dead                           Min: 0, Avg:  0.0, Max: 0, Diff: 0, Sum: 0, Workers: 4
[14.147s][debug][gc,phases      ] GC(26)     Total                          Min: 0, Avg:  0.0, Max: 0, Diff: 0, Sum: 0, Workers: 4
[14.147s][debug][gc,phases      ] GC(26) Weak Processing 0.313ms
[14.147s][debug][gc,age         ] GC(26) Desired survivor size 305659904 bytes, new threshold 15 (max threshold 15)
[14.147s][info ][gc,heap        ] GC(26) PSYoungGen: 1542171K(1542656K)->30237K(1797632K) Eden: 1509376K(1509376K)->0K(1500160K) From: 32795K(33280K)->30237K(297472K)
[14.147s][info ][gc,heap        ] GC(26) ParOldGen: 184317K(280576K)->187307K(280576K)
[14.147s][info ][gc,metaspace   ] GC(26) Metaspace: 62548K(63296K)->62548K(63296K) NonClass: 53301K(53696K)->53301K(53696K) Class: 9247K(9600K)->9247K(9600K)
[14.147s][info ][gc             ] GC(26) Pause Young (Allocation Failure) 1686M->212M(2029M) 17.113ms
[14.147s][info ][gc,cpu         ] GC(26) User=0.07s Sys=0.00s Real=0.02s
[14.147s][info ][safepoint      ] Safepoint "ParallelGCFailedAllocation", Time since last: 295860323 ns, Reaching safepoint: 98100 ns, At safepoint: 17191308 ns, Total: 17289408 ns
[14.524s][info ][gc,start       ] GC(27) Pause Young (Allocation Failure)
[14.536s][debug][gc,phases      ] GC(27) Scavenge 12.368ms
[14.536s][debug][gc,ref         ] GC(27) Skipped phase 1 of Reference Processing: no references
[14.536s][debug][gc,ref         ] GC(27) ReferenceProcessor::execute queues: 1, RefProcThreadModel::Single, marks_oops_alive: false
[14.537s][debug][gc,ref         ] GC(27) Skipped phase 3 of Reference Processing: no references
[14.537s][debug][gc,ref         ] GC(27) ReferenceProcessor::execute queues: 1, RefProcThreadModel::Single, marks_oops_alive: false
[14.537s][debug][gc,phases      ] GC(27) Reference Processing 0.131ms
[14.537s][debug][gc,phases      ] GC(27)   VM Weak                        Min:  0.0, Avg:  0.0, Max:  0.0, Diff:  0.0, Sum:  0.0, Workers: 4
[14.537s][debug][gc,phases      ] GC(27)     Dead                           Min: 0, Avg:  0.0, Max: 0, Diff: 0, Sum: 0, Workers: 4
[14.537s][debug][gc,phases      ] GC(27)     Total                          Min: 0, Avg: 140.5, Max: 562, Diff: 562, Sum: 562, Workers: 4
[14.537s][debug][gc,phases      ] GC(27)   ObjectSynchronizer Weak        Min:  0.0, Avg:  0.0, Max:  0.0, Diff:  0.0, Sum:  0.0, Workers: 4
[14.537s][debug][gc,phases      ] GC(27)     Dead                           Min: 0, Avg:  0.0, Max: 0, Diff: 0, Sum: 0, Workers: 4
[14.537s][debug][gc,phases      ] GC(27)     Total                          Min: 0, Avg: 86.0, Max: 280, Diff: 280, Sum: 344, Workers: 4
[14.537s][debug][gc,phases      ] GC(27)   JVMTI Tag Weak OopStorage      Min:  0.0, Avg:  0.0, Max:  0.0, Diff:  0.0, Sum:  0.0, Workers: 4
[14.537s][debug][gc,phases      ] GC(27)     Dead                           Min: 0, Avg:  0.0, Max: 0, Diff: 0, Sum: 0, Workers: 4
[14.537s][debug][gc,phases      ] GC(27)     Total                          Min: 0, Avg:  0.0, Max: 0, Diff: 0, Sum: 0, Workers: 4
[14.537s][debug][gc,phases      ] GC(27)   StringTable Weak               Min:  0.1, Avg:  0.1, Max:  0.1, Diff:  0.0, Sum:  0.4, Workers: 4
[14.537s][debug][gc,phases      ] GC(27)     Dead                           Min: 0, Avg:  3.2, Max: 11, Diff: 11, Sum: 13, Workers: 4
[14.537s][debug][gc,phases      ] GC(27)     Total                          Min: 8512, Avg: 10560.5, Max: 14208, Diff: 5696, Sum: 42242, Workers: 4
[14.537s][debug][gc,phases      ] GC(27)   ResolvedMethodTable Weak       Min:  0.0, Avg:  0.0, Max:  0.0, Diff:  0.0, Sum:  0.1, Workers: 4
[14.537s][debug][gc,phases      ] GC(27)     Dead                           Min: 9, Avg: 30.0, Max: 65, Diff: 56, Sum: 120, Workers: 4
[14.537s][debug][gc,phases      ] GC(27)     Total                          Min: 1470, Avg: 1677.8, Max: 1984, Diff: 514, Sum: 6711, Workers: 4
[14.537s][debug][gc,phases      ] GC(27)   JNI Weak                       Min:  0.0, Avg:  0.0, Max:  0.0, Diff:  0.0, Sum:  0.0, Workers: 4
[14.537s][debug][gc,phases      ] GC(27)     Dead                           Min: 0, Avg:  0.0, Max: 0, Diff: 0, Sum: 0, Workers: 4
[14.537s][debug][gc,phases      ] GC(27)     Total                          Min: 0, Avg:  3.0, Max: 12, Diff: 12, Sum: 12, Workers: 4
[14.537s][debug][gc,phases      ] GC(27)   StringDedup Table Weak         Min:  0.0, Avg:  0.0, Max:  0.0, Diff:  0.0, Sum:  0.0, Workers: 4
[14.537s][debug][gc,phases      ] GC(27)     Dead                           Min: 0, Avg:  0.0, Max: 0, Diff: 0, Sum: 0, Workers: 4
[14.537s][debug][gc,phases      ] GC(27)     Total                          Min: 0, Avg:  0.0, Max: 0, Diff: 0, Sum: 0, Workers: 4
[14.537s][debug][gc,phases      ] GC(27)   StringDedup Requests0 Weak     Min:  0.0, Avg:  0.0, Max:  0.0, Diff:  0.0, Sum:  0.0, Workers: 4
[14.537s][debug][gc,phases      ] GC(27)     Dead                           Min: 0, Avg:  0.0, Max: 0, Diff: 0, Sum: 0, Workers: 4
[14.537s][debug][gc,phases      ] GC(27)     Total                          Min: 0, Avg:  0.0, Max: 0, Diff: 0, Sum: 0, Workers: 4
[14.537s][debug][gc,phases      ] GC(27)   StringDedup Requests1 Weak     Min:  0.0, Avg:  0.0, Max:  0.0, Diff:  0.0, Sum:  0.0, Workers: 4
[14.537s][debug][gc,phases      ] GC(27)     Dead                           Min: 0, Avg:  0.0, Max: 0, Diff: 0, Sum: 0, Workers: 4
[14.537s][debug][gc,phases      ] GC(27)     Total                          Min: 0, Avg:  0.0, Max: 0, Diff: 0, Sum: 0, Workers: 4
[14.537s][debug][gc,phases      ] GC(27)   Weak JFR Old Object Samples    Min:  0.0, Avg:  0.0, Max:  0.0, Diff:  0.0, Sum:  0.0, Workers: 4
[14.537s][debug][gc,phases      ] GC(27)     Dead                           Min: 0, Avg:  0.0, Max: 0, Diff: 0, Sum: 0, Workers: 4
[14.537s][debug][gc,phases      ] GC(27)     Total                          Min: 0, Avg:  0.0, Max: 0, Diff: 0, Sum: 0, Workers: 4
[14.537s][debug][gc,phases      ] GC(27) Weak Processing 0.291ms
[14.537s][debug][gc,age         ] GC(27) Desired survivor size 303562752 bytes, new threshold 15 (max threshold 15)
[14.537s][info ][gc,heap        ] GC(27) PSYoungGen: 1530397K(1797632K)->30206K(1798656K) Eden: 1500160K(1500160K)->0K(1500160K) From: 30237K(297472K)->30206K(298496K)
[14.537s][info ][gc,heap        ] GC(27) ParOldGen: 187307K(280576K)->189747K(280576K)
[14.537s][info ][gc,metaspace   ] GC(27) Metaspace: 66311K(67072K)->66311K(67072K) NonClass: 56604K(57024K)->56604K(57024K) Class: 9707K(10048K)->9707K(10048K)
[14.537s][info ][gc             ] GC(27) Pause Young (Allocation Failure) 1677M->214M(2030M) 12.917ms
[14.537s][info ][gc,cpu         ] GC(27) User=0.05s Sys=0.01s Real=0.01s
[14.537s][info ][safepoint      ] Safepoint "ParallelGCFailedAllocation", Time since last: 376308294 ns, Reaching safepoint: 158500 ns, At safepoint: 13023330 ns, Total: 13181830 ns
[14.836s][info ][gc,start       ] GC(28) Pause Young (Allocation Failure)
[14.867s][debug][gc,phases      ] GC(28) Scavenge 31.194ms
[14.867s][debug][gc,ref         ] GC(28) Skipped phase 1 of Reference Processing: no references
[14.867s][debug][gc,ref         ] GC(28) ReferenceProcessor::execute queues: 1, RefProcThreadModel::Single, marks_oops_alive: false
[14.867s][debug][gc,ref         ] GC(28) Skipped phase 3 of Reference Processing: no references
[14.867s][debug][gc,ref         ] GC(28) ReferenceProcessor::execute queues: 1, RefProcThreadModel::Single, marks_oops_alive: false
[14.867s][debug][gc,phases      ] GC(28) Reference Processing 0.117ms
[14.867s][debug][gc,phases      ] GC(28)   VM Weak                        Min:  0.0, Avg:  0.0, Max:  0.0, Diff:  0.0, Sum:  0.0, Workers: 4
[14.867s][debug][gc,phases      ] GC(28)     Dead                           Min: 0, Avg:  0.0, Max: 0, Diff: 0, Sum: 0, Workers: 4
[14.867s][debug][gc,phases      ] GC(28)     Total                          Min: 0, Avg: 143.8, Max: 575, Diff: 575, Sum: 575, Workers: 4
[14.867s][debug][gc,phases      ] GC(28)   ObjectSynchronizer Weak        Min:  0.0, Avg:  0.0, Max:  0.0, Diff:  0.0, Sum:  0.0, Workers: 4
[14.867s][debug][gc,phases      ] GC(28)     Dead                           Min: 0, Avg:  0.0, Max: 0, Diff: 0, Sum: 0, Workers: 4
[14.867s][debug][gc,phases      ] GC(28)     Total                          Min: 0, Avg: 86.0, Max: 344, Diff: 344, Sum: 344, Workers: 4
[14.867s][debug][gc,phases      ] GC(28)   JVMTI Tag Weak OopStorage      Min:  0.0, Avg:  0.0, Max:  0.0, Diff:  0.0, Sum:  0.0, Workers: 4
[14.867s][debug][gc,phases      ] GC(28)     Dead                           Min: 0, Avg:  0.0, Max: 0, Diff: 0, Sum: 0, Workers: 4
[14.867s][debug][gc,phases      ] GC(28)     Total                          Min: 0, Avg:  0.0, Max: 0, Diff: 0, Sum: 0, Workers: 4
[14.867s][debug][gc,phases      ] GC(28)   StringTable Weak               Min:  0.1, Avg:  0.1, Max:  0.1, Diff:  0.0, Sum:  0.5, Workers: 4
[14.867s][debug][gc,phases      ] GC(28)     Dead                           Min: 0, Avg:  3.5, Max: 11, Diff: 11, Sum: 14, Workers: 4
[14.867s][debug][gc,phases      ] GC(28)     Total                          Min: 9921, Avg: 10592.2, Max: 11072, Diff: 1151, Sum: 42369, Workers: 4
[14.867s][debug][gc,phases      ] GC(28)   ResolvedMethodTable Weak       Min:  0.0, Avg:  0.0, Max:  0.0, Diff:  0.0, Sum:  0.1, Workers: 4
[14.867s][debug][gc,phases      ] GC(28)     Dead                           Min: 0, Avg:  3.8, Max: 9, Diff: 9, Sum: 15, Workers: 4
[14.867s][debug][gc,phases      ] GC(28)     Total                          Min: 1599, Avg: 1695.0, Max: 1856, Diff: 257, Sum: 6780, Workers: 4
[14.867s][debug][gc,phases      ] GC(28)   JNI Weak                       Min:  0.0, Avg:  0.0, Max:  0.0, Diff:  0.0, Sum:  0.0, Workers: 4
[14.867s][debug][gc,phases      ] GC(28)     Dead                           Min: 0, Avg:  0.0, Max: 0, Diff: 0, Sum: 0, Workers: 4
[14.867s][debug][gc,phases      ] GC(28)     Total                          Min: 0, Avg:  2.2, Max: 9, Diff: 9, Sum: 9, Workers: 4
[14.867s][debug][gc,phases      ] GC(28)   StringDedup Table Weak         Min:  0.0, Avg:  0.0, Max:  0.0, Diff:  0.0, Sum:  0.0, Workers: 4
[14.867s][debug][gc,phases      ] GC(28)     Dead                           Min: 0, Avg:  0.0, Max: 0, Diff: 0, Sum: 0, Workers: 4
[14.867s][debug][gc,phases      ] GC(28)     Total                          Min: 0, Avg:  0.0, Max: 0, Diff: 0, Sum: 0, Workers: 4
[14.867s][debug][gc,phases      ] GC(28)   StringDedup Requests0 Weak     Min:  0.0, Avg:  0.0, Max:  0.0, Diff:  0.0, Sum:  0.0, Workers: 4
[14.867s][debug][gc,phases      ] GC(28)     Dead                           Min: 0, Avg:  0.0, Max: 0, Diff: 0, Sum: 0, Workers: 4
[14.867s][debug][gc,phases      ] GC(28)     Total                          Min: 0, Avg:  0.0, Max: 0, Diff: 0, Sum: 0, Workers: 4
[14.867s][debug][gc,phases      ] GC(28)   StringDedup Requests1 Weak     Min:  0.0, Avg:  0.0, Max:  0.0, Diff:  0.0, Sum:  0.0, Workers: 4
[14.867s][debug][gc,phases      ] GC(28)     Dead                           Min: 0, Avg:  0.0, Max: 0, Diff: 0, Sum: 0, Workers: 4
[14.867s][debug][gc,phases      ] GC(28)     Total                          Min: 0, Avg:  0.0, Max: 0, Diff: 0, Sum: 0, Workers: 4
[14.867s][debug][gc,phases      ] GC(28)   Weak JFR Old Object Samples    Min:  0.0, Avg:  0.0, Max:  0.0, Diff:  0.0, Sum:  0.0, Workers: 4
[14.867s][debug][gc,phases      ] GC(28)     Dead                           Min: 0, Avg:  0.0, Max: 0, Diff: 0, Sum: 0, Workers: 4
[14.867s][debug][gc,phases      ] GC(28)     Total                          Min: 0, Avg:  0.0, Max: 0, Diff: 0, Sum: 0, Workers: 4
[14.867s][debug][gc,phases      ] GC(28) Weak Processing 0.325ms
[14.867s][debug][gc,age         ] GC(28) Desired survivor size 295174144 bytes, new threshold 15 (max threshold 15)
[14.867s][info ][gc,heap        ] GC(28) PSYoungGen: 1530366K(1798656K)->51118K(1808896K) Eden: 1500160K(1500160K)->0K(1512448K) From: 30206K(298496K)->51118K(296448K)
[14.867s][info ][gc,heap        ] GC(28) ParOldGen: 189747K(280576K)->193207K(280576K)
[14.867s][info ][gc,metaspace   ] GC(28) Metaspace: 66644K(67392K)->66644K(67392K) NonClass: 56891K(57280K)->56891K(57280K) Class: 9753K(10112K)->9753K(10112K)
[14.867s][info ][gc             ] GC(28) Pause Young (Allocation Failure) 1679M->238M(2040M) 31.759ms
[14.868s][info ][gc,cpu         ] GC(28) User=0.12s Sys=0.01s Real=0.03s
[14.868s][info ][safepoint      ] Safepoint "ParallelGCFailedAllocation", Time since last: 298618009 ns, Reaching safepoint: 157999 ns, At safepoint: 31857130 ns, Total: 32015129 ns
[15.261s][info ][gc,start       ] GC(29) Pause Young (Allocation Failure)
[15.313s][debug][gc,phases      ] GC(29) Scavenge 52.511ms
[15.313s][debug][gc,ref         ] GC(29) Skipped phase 1 of Reference Processing: no references
[15.313s][debug][gc,ref         ] GC(29) ReferenceProcessor::execute queues: 1, RefProcThreadModel::Single, marks_oops_alive: false
[15.313s][debug][gc,ref         ] GC(29) Skipped phase 3 of Reference Processing: no references
[15.313s][debug][gc,ref         ] GC(29) ReferenceProcessor::execute queues: 1, RefProcThreadModel::Single, marks_oops_alive: false
[15.313s][debug][gc,phases      ] GC(29) Reference Processing 0.119ms
[15.314s][debug][gc,phases      ] GC(29)   VM Weak                        Min:  0.0, Avg:  0.0, Max:  0.0, Diff:  0.0, Sum:  0.0, Workers: 4
[15.314s][debug][gc,phases      ] GC(29)     Dead                           Min: 0, Avg:  0.0, Max: 0, Diff: 0, Sum: 0, Workers: 4
[15.314s][debug][gc,phases      ] GC(29)     Total                          Min: 0, Avg: 143.8, Max: 320, Diff: 320, Sum: 575, Workers: 4
[15.314s][debug][gc,phases      ] GC(29)   ObjectSynchronizer Weak        Min:  0.0, Avg:  0.0, Max:  0.0, Diff:  0.0, Sum:  0.0, Workers: 4
[15.314s][debug][gc,phases      ] GC(29)     Dead                           Min: 0, Avg:  0.0, Max: 0, Diff: 0, Sum: 0, Workers: 4
[15.314s][debug][gc,phases      ] GC(29)     Total                          Min: 0, Avg: 86.0, Max: 192, Diff: 192, Sum: 344, Workers: 4
[15.314s][debug][gc,phases      ] GC(29)   JVMTI Tag Weak OopStorage      Min:  0.0, Avg:  0.0, Max:  0.0, Diff:  0.0, Sum:  0.0, Workers: 4
[15.314s][debug][gc,phases      ] GC(29)     Dead                           Min: 0, Avg:  0.0, Max: 0, Diff: 0, Sum: 0, Workers: 4
[15.314s][debug][gc,phases      ] GC(29)     Total                          Min: 0, Avg:  0.0, Max: 0, Diff: 0, Sum: 0, Workers: 4
[15.314s][debug][gc,phases      ] GC(29)   StringTable Weak               Min:  0.1, Avg:  0.1, Max:  0.1, Diff:  0.0, Sum:  0.4, Workers: 4
[15.314s][debug][gc,phases      ] GC(29)     Dead                           Min: 0, Avg:  2.8, Max: 11, Diff: 11, Sum: 11, Workers: 4
[15.314s][debug][gc,phases      ] GC(29)     Total                          Min: 8373, Avg: 10594.8, Max: 13504, Diff: 5131, Sum: 42379, Workers: 4
[15.314s][debug][gc,phases      ] GC(29)   ResolvedMethodTable Weak       Min:  0.0, Avg:  0.0, Max:  0.0, Diff:  0.0, Sum:  0.1, Workers: 4
[15.314s][debug][gc,phases      ] GC(29)     Dead                           Min: 0, Avg:  0.0, Max: 0, Diff: 0, Sum: 0, Workers: 4
[15.314s][debug][gc,phases      ] GC(29)     Total                          Min: 1416, Avg: 1697.8, Max: 1983, Diff: 567, Sum: 6791, Workers: 4
[15.314s][debug][gc,phases      ] GC(29)   JNI Weak                       Min:  0.0, Avg:  0.0, Max:  0.0, Diff:  0.0, Sum:  0.0, Workers: 4
[15.314s][debug][gc,phases      ] GC(29)     Dead                           Min: 0, Avg:  0.0, Max: 0, Diff: 0, Sum: 0, Workers: 4
[15.314s][debug][gc,phases      ] GC(29)     Total                          Min: 0, Avg:  4.0, Max: 16, Diff: 16, Sum: 16, Workers: 4
[15.314s][debug][gc,phases      ] GC(29)   StringDedup Table Weak         Min:  0.0, Avg:  0.0, Max:  0.0, Diff:  0.0, Sum:  0.0, Workers: 4
[15.314s][debug][gc,phases      ] GC(29)     Dead                           Min: 0, Avg:  0.0, Max: 0, Diff: 0, Sum: 0, Workers: 4
[15.314s][debug][gc,phases      ] GC(29)     Total                          Min: 0, Avg:  0.0, Max: 0, Diff: 0, Sum: 0, Workers: 4
[15.314s][debug][gc,phases      ] GC(29)   StringDedup Requests0 Weak     Min:  0.0, Avg:  0.0, Max:  0.0, Diff:  0.0, Sum:  0.0, Workers: 4
[15.314s][debug][gc,phases      ] GC(29)     Dead                           Min: 0, Avg:  0.0, Max: 0, Diff: 0, Sum: 0, Workers: 4
[15.314s][debug][gc,phases      ] GC(29)     Total                          Min: 0, Avg:  0.0, Max: 0, Diff: 0, Sum: 0, Workers: 4
[15.314s][debug][gc,phases      ] GC(29)   StringDedup Requests1 Weak     Min:  0.0, Avg:  0.0, Max:  0.0, Diff:  0.0, Sum:  0.0, Workers: 4
[15.314s][debug][gc,phases      ] GC(29)     Dead                           Min: 0, Avg:  0.0, Max: 0, Diff: 0, Sum: 0, Workers: 4
[15.314s][debug][gc,phases      ] GC(29)     Total                          Min: 0, Avg:  0.0, Max: 0, Diff: 0, Sum: 0, Workers: 4
[15.314s][debug][gc,phases      ] GC(29)   Weak JFR Old Object Samples    Min:  0.0, Avg:  0.0, Max:  0.0, Diff:  0.0, Sum:  0.0, Workers: 4
[15.314s][debug][gc,phases      ] GC(29)     Dead                           Min: 0, Avg:  0.0, Max: 0, Diff: 0, Sum: 0, Workers: 4
[15.314s][debug][gc,phases      ] GC(29)     Total                          Min: 0, Avg:  0.0, Max: 0, Diff: 0, Sum: 0, Workers: 4
[15.314s][debug][gc,phases      ] GC(29) Weak Processing 0.272ms
[15.314s][debug][gc,age         ] GC(29) Desired survivor size 279969792 bytes, new threshold 15 (max threshold 15)
[15.314s][info ][gc,heap        ] GC(29) PSYoungGen: 1563566K(1808896K)->88046K(1800704K) Eden: 1512448K(1512448K)->0K(1512448K) From: 51118K(296448K)->88046K(288256K)
[15.314s][info ][gc,heap        ] GC(29) ParOldGen: 193207K(280576K)->199095K(280576K)
[15.314s][info ][gc,metaspace   ] GC(29) Metaspace: 66661K(67392K)->66661K(67392K) NonClass: 56903K(57280K)->56903K(57280K) Class: 9758K(10112K)->9758K(10112K)
[15.314s][info ][gc             ] GC(29) Pause Young (Allocation Failure) 1715M->280M(2032M) 53.022ms
[15.314s][info ][gc,cpu         ] GC(29) User=0.22s Sys=0.00s Real=0.06s
[15.314s][info ][safepoint      ] Safepoint "ParallelGCFailedAllocation", Time since last: 392924306 ns, Reaching safepoint: 124399 ns, At safepoint: 53124617 ns, Total: 53249016 ns
[15.663s][info ][gc,start       ] GC(30) Pause Young (Allocation Failure)
[15.722s][debug][gc,phases      ] GC(30) Scavenge 58.983ms
[15.722s][debug][gc,ref         ] GC(30) Skipped phase 1 of Reference Processing: no references
[15.722s][debug][gc,ref         ] GC(30) ReferenceProcessor::execute queues: 1, RefProcThreadModel::Single, marks_oops_alive: false
[15.722s][debug][gc,ref         ] GC(30) Skipped phase 3 of Reference Processing: no references
[15.722s][debug][gc,ref         ] GC(30) ReferenceProcessor::execute queues: 1, RefProcThreadModel::Single, marks_oops_alive: false
[15.722s][debug][gc,phases      ] GC(30) Reference Processing 0.130ms
[15.723s][debug][gc,phases      ] GC(30)   VM Weak                        Min:  0.0, Avg:  0.0, Max:  0.0, Diff:  0.0, Sum:  0.0, Workers: 4
[15.723s][debug][gc,phases      ] GC(30)     Dead                           Min: 0, Avg:  0.0, Max: 0, Diff: 0, Sum: 0, Workers: 4
[15.723s][debug][gc,phases      ] GC(30)     Total                          Min: 0, Avg: 143.8, Max: 511, Diff: 511, Sum: 575, Workers: 4
[15.723s][debug][gc,phases      ] GC(30)   ObjectSynchronizer Weak        Min:  0.0, Avg:  0.0, Max:  0.0, Diff:  0.0, Sum:  0.0, Workers: 4
[15.723s][debug][gc,phases      ] GC(30)     Dead                           Min: 0, Avg:  0.0, Max: 0, Diff: 0, Sum: 0, Workers: 4
[15.723s][debug][gc,phases      ] GC(30)     Total                          Min: 0, Avg: 86.0, Max: 280, Diff: 280, Sum: 344, Workers: 4
[15.723s][debug][gc,phases      ] GC(30)   JVMTI Tag Weak OopStorage      Min:  0.0, Avg:  0.0, Max:  0.0, Diff:  0.0, Sum:  0.0, Workers: 4
[15.723s][debug][gc,phases      ] GC(30)     Dead                           Min: 0, Avg:  0.0, Max: 0, Diff: 0, Sum: 0, Workers: 4
[15.723s][debug][gc,phases      ] GC(30)     Total                          Min: 0, Avg:  0.0, Max: 0, Diff: 0, Sum: 0, Workers: 4
[15.723s][debug][gc,phases      ] GC(30)   StringTable Weak               Min:  0.1, Avg:  0.1, Max:  0.1, Diff:  0.0, Sum:  0.4, Workers: 4
[15.723s][debug][gc,phases      ] GC(30)     Dead                           Min: 0, Avg:  0.0, Max: 0, Diff: 0, Sum: 0, Workers: 4
[15.723s][debug][gc,phases      ] GC(30)     Total                          Min: 6592, Avg: 10594.8, Max: 15733, Diff: 9141, Sum: 42379, Workers: 4
[15.723s][debug][gc,phases      ] GC(30)   ResolvedMethodTable Weak       Min:  0.0, Avg:  0.0, Max:  0.0, Diff:  0.0, Sum:  0.1, Workers: 4
[15.723s][debug][gc,phases      ] GC(30)     Dead                           Min: 0, Avg:  0.0, Max: 0, Diff: 0, Sum: 0, Workers: 4
[15.723s][debug][gc,phases      ] GC(30)     Total                          Min: 1416, Avg: 1697.8, Max: 2176, Diff: 760, Sum: 6791, Workers: 4
[15.723s][debug][gc,phases      ] GC(30)   JNI Weak                       Min:  0.0, Avg:  0.0, Max:  0.0, Diff:  0.0, Sum:  0.0, Workers: 4
[15.723s][debug][gc,phases      ] GC(30)     Dead                           Min: 0, Avg:  0.0, Max: 0, Diff: 0, Sum: 0, Workers: 4
[15.723s][debug][gc,phases      ] GC(30)     Total                          Min: 0, Avg:  5.0, Max: 20, Diff: 20, Sum: 20, Workers: 4
[15.723s][debug][gc,phases      ] GC(30)   StringDedup Table Weak         Min:  0.0, Avg:  0.0, Max:  0.0, Diff:  0.0, Sum:  0.0, Workers: 4
[15.723s][debug][gc,phases      ] GC(30)     Dead                           Min: 0, Avg:  0.0, Max: 0, Diff: 0, Sum: 0, Workers: 4
[15.723s][debug][gc,phases      ] GC(30)     Total                          Min: 0, Avg:  0.0, Max: 0, Diff: 0, Sum: 0, Workers: 4
[15.723s][debug][gc,phases      ] GC(30)   StringDedup Requests0 Weak     Min:  0.0, Avg:  0.0, Max:  0.0, Diff:  0.0, Sum:  0.0, Workers: 4
[15.723s][debug][gc,phases      ] GC(30)     Dead                           Min: 0, Avg:  0.0, Max: 0, Diff: 0, Sum: 0, Workers: 4
[15.723s][debug][gc,phases      ] GC(30)     Total                          Min: 0, Avg:  0.0, Max: 0, Diff: 0, Sum: 0, Workers: 4
[15.723s][debug][gc,phases      ] GC(30)   StringDedup Requests1 Weak     Min:  0.0, Avg:  0.0, Max:  0.0, Diff:  0.0, Sum:  0.0, Workers: 4
[15.723s][debug][gc,phases      ] GC(30)     Dead                           Min: 0, Avg:  0.0, Max: 0, Diff: 0, Sum: 0, Workers: 4
[15.723s][debug][gc,phases      ] GC(30)     Total                          Min: 0, Avg:  0.0, Max: 0, Diff: 0, Sum: 0, Workers: 4
[15.723s][debug][gc,phases      ] GC(30)   Weak JFR Old Object Samples    Min:  0.0, Avg:  0.0, Max:  0.0, Diff:  0.0, Sum:  0.0, Workers: 4
[15.723s][debug][gc,phases      ] GC(30)     Dead                           Min: 0, Avg:  0.0, Max: 0, Diff: 0, Sum: 0, Workers: 4
[15.723s][debug][gc,phases      ] GC(30)     Total                          Min: 0, Avg:  0.0, Max: 0, Diff: 0, Sum: 0, Workers: 4
[15.723s][debug][gc,phases      ] GC(30) Weak Processing 0.284ms
[15.723s][debug][gc,age         ] GC(30) Desired survivor size 267911168 bytes, new threshold 15 (max threshold 15)
[15.723s][info ][gc,heap        ] GC(30) PSYoungGen: 1600494K(1800704K)->117870K(1835520K) Eden: 1512448K(1512448K)->0K(1562112K) From: 88046K(288256K)->117870K(273408K)
[15.723s][info ][gc,heap        ] GC(30) ParOldGen: 199095K(280576K)->200167K(280576K)
[15.723s][info ][gc,metaspace   ] GC(30) Metaspace: 66667K(67392K)->66667K(67392K) NonClass: 56909K(57280K)->56909K(57280K) Class: 9758K(10112K)->9758K(10112K)
[15.723s][info ][gc             ] GC(30) Pause Young (Allocation Failure) 1757M->310M(2066M) 59.516ms
[15.723s][info ][gc,cpu         ] GC(30) User=0.29s Sys=0.00s Real=0.06s
[15.723s][info ][safepoint      ] Safepoint "ParallelGCFailedAllocation", Time since last: 349289539 ns, Reaching safepoint: 120399 ns, At safepoint: 59607982 ns, Total: 59728381 ns
[16.115s][info ][gc,start       ] GC(31) Pause Young (Allocation Failure)
[16.187s][debug][gc,phases      ] GC(31) Scavenge 71.375ms
[16.187s][debug][gc,ref         ] GC(31) Skipped phase 1 of Reference Processing: no references
[16.187s][debug][gc,ref         ] GC(31) ReferenceProcessor::execute queues: 1, RefProcThreadModel::Single, marks_oops_alive: false
[16.187s][debug][gc,ref         ] GC(31) Skipped phase 3 of Reference Processing: no references
[16.187s][debug][gc,ref         ] GC(31) ReferenceProcessor::execute queues: 1, RefProcThreadModel::Single, marks_oops_alive: false
[16.187s][debug][gc,phases      ] GC(31) Reference Processing 0.128ms
[16.187s][debug][gc,phases      ] GC(31)   VM Weak                        Min:  0.0, Avg:  0.0, Max:  0.0, Diff:  0.0, Sum:  0.0, Workers: 4
[16.187s][debug][gc,phases      ] GC(31)     Dead                           Min: 0, Avg:  0.0, Max: 0, Diff: 0, Sum: 0, Workers: 4
[16.187s][debug][gc,phases      ] GC(31)     Total                          Min: 0, Avg: 143.8, Max: 575, Diff: 575, Sum: 575, Workers: 4
[16.187s][debug][gc,phases      ] GC(31)   ObjectSynchronizer Weak        Min:  0.0, Avg:  0.0, Max:  0.0, Diff:  0.0, Sum:  0.0, Workers: 4
[16.187s][debug][gc,phases      ] GC(31)     Dead                           Min: 0, Avg:  0.0, Max: 0, Diff: 0, Sum: 0, Workers: 4
[16.187s][debug][gc,phases      ] GC(31)     Total                          Min: 0, Avg: 86.0, Max: 280, Diff: 280, Sum: 344, Workers: 4
[16.187s][debug][gc,phases      ] GC(31)   JVMTI Tag Weak OopStorage      Min:  0.0, Avg:  0.0, Max:  0.0, Diff:  0.0, Sum:  0.0, Workers: 4
[16.187s][debug][gc,phases      ] GC(31)     Dead                           Min: 0, Avg:  0.0, Max: 0, Diff: 0, Sum: 0, Workers: 4
[16.187s][debug][gc,phases      ] GC(31)     Total                          Min: 0, Avg:  0.0, Max: 0, Diff: 0, Sum: 0, Workers: 4
[16.187s][debug][gc,phases      ] GC(31)   StringTable Weak               Min:  0.1, Avg:  0.1, Max:  0.1, Diff:  0.0, Sum:  0.5, Workers: 4
[16.187s][debug][gc,phases      ] GC(31)     Dead                           Min: 0, Avg:  2.8, Max: 11, Diff: 11, Sum: 11, Workers: 4
[16.187s][debug][gc,phases      ] GC(31)     Total                          Min: 10112, Avg: 10595.2, Max: 11136, Diff: 1024, Sum: 42381, Workers: 4
[16.187s][debug][gc,phases      ] GC(31)   ResolvedMethodTable Weak       Min:  0.0, Avg:  0.0, Max:  0.0, Diff:  0.0, Sum:  0.1, Workers: 4
[16.187s][debug][gc,phases      ] GC(31)     Dead                           Min: 0, Avg:  0.0, Max: 0, Diff: 0, Sum: 0, Workers: 4
[16.187s][debug][gc,phases      ] GC(31)     Total                          Min: 1472, Avg: 1697.8, Max: 1920, Diff: 448, Sum: 6791, Workers: 4
[16.187s][debug][gc,phases      ] GC(31)   JNI Weak                       Min:  0.0, Avg:  0.0, Max:  0.0, Diff:  0.0, Sum:  0.0, Workers: 4
[16.187s][debug][gc,phases      ] GC(31)     Dead                           Min: 0, Avg:  0.0, Max: 0, Diff: 0, Sum: 0, Workers: 4
[16.187s][debug][gc,phases      ] GC(31)     Total                          Min: 0, Avg:  3.2, Max: 13, Diff: 13, Sum: 13, Workers: 4
[16.187s][debug][gc,phases      ] GC(31)   StringDedup Table Weak         Min:  0.0, Avg:  0.0, Max:  0.0, Diff:  0.0, Sum:  0.0, Workers: 4
[16.187s][debug][gc,phases      ] GC(31)     Dead                           Min: 0, Avg:  0.0, Max: 0, Diff: 0, Sum: 0, Workers: 4
[16.187s][debug][gc,phases      ] GC(31)     Total                          Min: 0, Avg:  0.0, Max: 0, Diff: 0, Sum: 0, Workers: 4
[16.187s][debug][gc,phases      ] GC(31)   StringDedup Requests0 Weak     Min:  0.0, Avg:  0.0, Max:  0.0, Diff:  0.0, Sum:  0.0, Workers: 4
[16.187s][debug][gc,phases      ] GC(31)     Dead                           Min: 0, Avg:  0.0, Max: 0, Diff: 0, Sum: 0, Workers: 4
[16.187s][debug][gc,phases      ] GC(31)     Total                          Min: 0, Avg:  0.0, Max: 0, Diff: 0, Sum: 0, Workers: 4
[16.187s][debug][gc,phases      ] GC(31)   StringDedup Requests1 Weak     Min:  0.0, Avg:  0.0, Max:  0.0, Diff:  0.0, Sum:  0.0, Workers: 4
[16.187s][debug][gc,phases      ] GC(31)     Dead                           Min: 0, Avg:  0.0, Max: 0, Diff: 0, Sum: 0, Workers: 4
[16.187s][debug][gc,phases      ] GC(31)     Total                          Min: 0, Avg:  0.0, Max: 0, Diff: 0, Sum: 0, Workers: 4
[16.187s][debug][gc,phases      ] GC(31)   Weak JFR Old Object Samples    Min:  0.0, Avg:  0.0, Max:  0.0, Diff:  0.0, Sum:  0.0, Workers: 4
[16.187s][debug][gc,phases      ] GC(31)     Dead                           Min: 0, Avg:  0.0, Max: 0, Diff: 0, Sum: 0, Workers: 4
[16.187s][debug][gc,phases      ] GC(31)     Total                          Min: 0, Avg:  0.0, Max: 0, Diff: 0, Sum: 0, Workers: 4
[16.187s][debug][gc,phases      ] GC(31) Weak Processing 0.285ms
[16.187s][debug][gc,age         ] GC(31) Desired survivor size 273154048 bytes, new threshold 15 (max threshold 15)
[16.187s][info ][gc,heap        ] GC(31) PSYoungGen: 1679982K(1835520K)->162382K(1823744K) Eden: 1562112K(1562112K)->0K(1562112K) From: 117870K(273408K)->162382K(261632K)
[16.187s][info ][gc,heap        ] GC(31) ParOldGen: 200167K(280576K)->201375K(280576K)
[16.187s][info ][gc,metaspace   ] GC(31) Metaspace: 66670K(67392K)->66670K(67392K) NonClass: 56912K(57280K)->56912K(57280K) Class: 9758K(10112K)->9758K(10112K)
[16.187s][info ][gc             ] GC(31) Pause Young (Allocation Failure) 1836M->355M(2055M) 71.915ms
[16.187s][info ][gc,cpu         ] GC(31) User=0.28s Sys=0.00s Real=0.07s
[16.187s][info ][safepoint      ] Safepoint "ParallelGCFailedAllocation", Time since last: 392346709 ns, Reaching safepoint: 124100 ns, At safepoint: 72003416 ns, Total: 72127516 ns
[16.504s][info ][gc,start       ] GC(32) Pause Young (Allocation Failure)
[16.695s][debug][gc,phases      ] GC(32) Scavenge 191.515ms
[16.695s][debug][gc,ref         ] GC(32) Skipped phase 1 of Reference Processing: no references
[16.695s][debug][gc,ref         ] GC(32) ReferenceProcessor::execute queues: 1, RefProcThreadModel::Single, marks_oops_alive: false
[16.695s][debug][gc,ref         ] GC(32) Skipped phase 3 of Reference Processing: no references
[16.695s][debug][gc,ref         ] GC(32) ReferenceProcessor::execute queues: 1, RefProcThreadModel::Single, marks_oops_alive: false
[16.696s][debug][gc,phases      ] GC(32) Reference Processing 0.135ms
[16.696s][debug][gc,phases      ] GC(32)   VM Weak                        Min:  0.0, Avg:  0.0, Max:  0.0, Diff:  0.0, Sum:  0.0, Workers: 4
[16.696s][debug][gc,phases      ] GC(32)     Dead                           Min: 0, Avg:  0.0, Max: 0, Diff: 0, Sum: 0, Workers: 4
[16.696s][debug][gc,phases      ] GC(32)     Total                          Min: 0, Avg: 144.5, Max: 514, Diff: 514, Sum: 578, Workers: 4
[16.696s][debug][gc,phases      ] GC(32)   ObjectSynchronizer Weak        Min:  0.0, Avg:  0.0, Max:  0.0, Diff:  0.0, Sum:  0.0, Workers: 4
[16.696s][debug][gc,phases      ] GC(32)     Dead                           Min: 0, Avg:  0.0, Max: 0, Diff: 0, Sum: 0, Workers: 4
[16.696s][debug][gc,phases      ] GC(32)     Total                          Min: 0, Avg: 86.0, Max: 192, Diff: 192, Sum: 344, Workers: 4
[16.696s][debug][gc,phases      ] GC(32)   JVMTI Tag Weak OopStorage      Min:  0.0, Avg:  0.0, Max:  0.0, Diff:  0.0, Sum:  0.0, Workers: 4
[16.696s][debug][gc,phases      ] GC(32)     Dead                           Min: 0, Avg:  0.0, Max: 0, Diff: 0, Sum: 0, Workers: 4
[16.696s][debug][gc,phases      ] GC(32)     Total                          Min: 0, Avg:  0.0, Max: 0, Diff: 0, Sum: 0, Workers: 4
[16.696s][debug][gc,phases      ] GC(32)   StringTable Weak               Min:  0.1, Avg:  0.1, Max:  0.1, Diff:  0.0, Sum:  0.4, Workers: 4
[16.696s][debug][gc,phases      ] GC(32)     Dead                           Min: 0, Avg:  3.5, Max: 14, Diff: 14, Sum: 14, Workers: 4
[16.696s][debug][gc,phases      ] GC(32)     Total                          Min: 9920, Avg: 10611.5, Max: 11392, Diff: 1472, Sum: 42446, Workers: 4
[16.696s][debug][gc,phases      ] GC(32)   ResolvedMethodTable Weak       Min:  0.0, Avg:  0.0, Max:  0.0, Diff:  0.0, Sum:  0.1, Workers: 4
[16.696s][debug][gc,phases      ] GC(32)     Dead                           Min: 0, Avg:  6.8, Max: 24, Diff: 24, Sum: 27, Workers: 4
[16.696s][debug][gc,phases      ] GC(32)     Total                          Min: 1282, Avg: 1712.5, Max: 1984, Diff: 702, Sum: 6850, Workers: 4
[16.696s][debug][gc,phases      ] GC(32)   JNI Weak                       Min:  0.0, Avg:  0.0, Max:  0.0, Diff:  0.0, Sum:  0.0, Workers: 4
[16.696s][debug][gc,phases      ] GC(32)     Dead                           Min: 0, Avg:  0.0, Max: 0, Diff: 0, Sum: 0, Workers: 4
[16.696s][debug][gc,phases      ] GC(32)     Total                          Min: 0, Avg:  0.0, Max: 0, Diff: 0, Sum: 0, Workers: 4
[16.696s][debug][gc,phases      ] GC(32)   StringDedup Table Weak         Min:  0.0, Avg:  0.0, Max:  0.0, Diff:  0.0, Sum:  0.0, Workers: 4
[16.696s][debug][gc,phases      ] GC(32)     Dead                           Min: 0, Avg:  0.0, Max: 0, Diff: 0, Sum: 0, Workers: 4
[16.696s][debug][gc,phases      ] GC(32)     Total                          Min: 0, Avg:  0.0, Max: 0, Diff: 0, Sum: 0, Workers: 4
[16.696s][debug][gc,phases      ] GC(32)   StringDedup Requests0 Weak     Min:  0.0, Avg:  0.0, Max:  0.0, Diff:  0.0, Sum:  0.0, Workers: 4
[16.696s][debug][gc,phases      ] GC(32)     Dead                           Min: 0, Avg:  0.0, Max: 0, Diff: 0, Sum: 0, Workers: 4
[16.696s][debug][gc,phases      ] GC(32)     Total                          Min: 0, Avg:  0.0, Max: 0, Diff: 0, Sum: 0, Workers: 4
[16.696s][debug][gc,phases      ] GC(32)   StringDedup Requests1 Weak     Min:  0.0, Avg:  0.0, Max:  0.0, Diff:  0.0, Sum:  0.0, Workers: 4
[16.696s][debug][gc,phases      ] GC(32)     Dead                           Min: 0, Avg:  0.0, Max: 0, Diff: 0, Sum: 0, Workers: 4
[16.696s][debug][gc,phases      ] GC(32)     Total                          Min: 0, Avg:  0.0, Max: 0, Diff: 0, Sum: 0, Workers: 4
[16.696s][debug][gc,phases      ] GC(32)   Weak JFR Old Object Samples    Min:  0.0, Avg:  0.0, Max:  0.0, Diff:  0.0, Sum:  0.0, Workers: 4
[16.696s][debug][gc,phases      ] GC(32)     Dead                           Min: 0, Avg:  0.0, Max: 0, Diff: 0, Sum: 0, Workers: 4
[16.696s][debug][gc,phases      ] GC(32)     Total                          Min: 0, Avg:  0.0, Max: 0, Diff: 0, Sum: 0, Workers: 4
[16.696s][debug][gc,phases      ] GC(32) Weak Processing 0.280ms
[16.696s][debug][gc,age         ] GC(32) Desired survivor size 341835776 bytes, new threshold 14 (max threshold 15)
[16.696s][info ][gc,heap        ] GC(32) PSYoungGen: 1724494K(1823744K)->266734K(1696256K) Eden: 1562112K(1562112K)->0K(1429504K) From: 162382K(261632K)->266734K(266752K)
[16.696s][info ][gc,heap        ] GC(32) ParOldGen: 201375K(280576K)->269319K(280576K)
[16.696s][info ][gc,metaspace   ] GC(32) Metaspace: 66984K(67776K)->66984K(67776K) NonClass: 57192K(57600K)->57192K(57600K) Class: 9792K(10176K)->9792K(10176K)
[16.696s][info ][gc             ] GC(32) Pause Young (Allocation Failure) 1880M->523M(1930M) 192.045ms
[16.696s][info ][gc,cpu         ] GC(32) User=0.69s Sys=0.07s Real=0.19s
[16.696s][debug][gc,phases      ] GC(33) Pre Compact 0.009ms
[16.696s][info ][gc,start       ] GC(33) Pause Full (Ergonomics)
[16.696s][info ][gc,phases,start] GC(33) Marking Phase
[16.898s][debug][gc,phases      ] GC(33) Par Mark 202.054ms
[16.898s][debug][gc,ref         ] GC(33) Skipped phase 1 of Reference Processing: no references
[16.898s][debug][gc,ref         ] GC(33) ReferenceProcessor::execute queues: 1, RefProcThreadModel::Single, marks_oops_alive: false
[16.898s][debug][gc,ref         ] GC(33) Skipped phase 3 of Reference Processing: no references
[16.898s][debug][gc,ref         ] GC(33) ReferenceProcessor::execute queues: 1, RefProcThreadModel::Single, marks_oops_alive: false
[16.898s][debug][gc,phases      ] GC(33) Reference Processing 0.149ms
[16.898s][debug][gc,phases      ] GC(33)   VM Weak                        Min:  0.0, Avg:  0.0, Max:  0.0, Diff:  0.0, Sum:  0.0, Workers: 4
[16.898s][debug][gc,phases      ] GC(33)     Dead                           Min: 0, Avg:  0.0, Max: 0, Diff: 0, Sum: 0, Workers: 4
[16.898s][debug][gc,phases      ] GC(33)     Total                          Min: 0, Avg: 144.5, Max: 320, Diff: 320, Sum: 578, Workers: 4
[16.898s][debug][gc,phases      ] GC(33)   ObjectSynchronizer Weak        Min:  0.0, Avg:  0.0, Max:  0.0, Diff:  0.0, Sum:  0.0, Workers: 4
[16.898s][debug][gc,phases      ] GC(33)     Dead                           Min: 0, Avg:  0.0, Max: 0, Diff: 0, Sum: 0, Workers: 4
[16.898s][debug][gc,phases      ] GC(33)     Total                          Min: 0, Avg: 86.0, Max: 152, Diff: 152, Sum: 344, Workers: 4
[16.898s][debug][gc,phases      ] GC(33)   JVMTI Tag Weak OopStorage      Min:  0.0, Avg:  0.0, Max:  0.0, Diff:  0.0, Sum:  0.0, Workers: 4
[16.898s][debug][gc,phases      ] GC(33)     Dead                           Min: 0, Avg:  0.0, Max: 0, Diff: 0, Sum: 0, Workers: 4
[16.898s][debug][gc,phases      ] GC(33)     Total                          Min: 0, Avg:  0.0, Max: 0, Diff: 0, Sum: 0, Workers: 4
[16.898s][debug][gc,phases      ] GC(33)   StringTable Weak               Min:  0.2, Avg:  0.2, Max:  0.2, Diff:  0.0, Sum:  0.7, Workers: 4
[16.898s][debug][gc,phases      ] GC(33)     Dead                           Min: 0, Avg:  0.0, Max: 0, Diff: 0, Sum: 0, Workers: 4
[16.898s][debug][gc,phases      ] GC(33)     Total                          Min: 9167, Avg: 10611.5, Max: 11776, Diff: 2609, Sum: 42446, Workers: 4
[16.898s][debug][gc,phases      ] GC(33)   ResolvedMethodTable Weak       Min:  0.0, Avg:  0.0, Max:  0.0, Diff:  0.0, Sum:  0.1, Workers: 4
[16.899s][debug][gc,phases      ] GC(33)     Dead                           Min: 0, Avg:  0.2, Max: 1, Diff: 1, Sum: 1, Workers: 4
[16.899s][debug][gc,phases      ] GC(33)     Total                          Min: 1536, Avg: 1712.5, Max: 2048, Diff: 512, Sum: 6850, Workers: 4
[16.899s][debug][gc,phases      ] GC(33)   JNI Weak                       Min:  0.0, Avg:  0.0, Max:  0.0, Diff:  0.0, Sum:  0.0, Workers: 4
[16.899s][debug][gc,phases      ] GC(33)     Dead                           Min: 0, Avg:  0.0, Max: 0, Diff: 0, Sum: 0, Workers: 4
[16.899s][debug][gc,phases      ] GC(33)     Total                          Min: 0, Avg:  0.0, Max: 0, Diff: 0, Sum: 0, Workers: 4
[16.899s][debug][gc,phases      ] GC(33)   StringDedup Table Weak         Min:  0.0, Avg:  0.0, Max:  0.0, Diff:  0.0, Sum:  0.0, Workers: 4
[16.899s][debug][gc,phases      ] GC(33)     Dead                           Min: 0, Avg:  0.0, Max: 0, Diff: 0, Sum: 0, Workers: 4
[16.899s][debug][gc,phases      ] GC(33)     Total                          Min: 0, Avg:  0.0, Max: 0, Diff: 0, Sum: 0, Workers: 4
[16.899s][debug][gc,phases      ] GC(33)   StringDedup Requests0 Weak     Min:  0.0, Avg:  0.0, Max:  0.0, Diff:  0.0, Sum:  0.0, Workers: 4
[16.899s][debug][gc,phases      ] GC(33)     Dead                           Min: 0, Avg:  0.0, Max: 0, Diff: 0, Sum: 0, Workers: 4
[16.899s][debug][gc,phases      ] GC(33)     Total                          Min: 0, Avg:  0.0, Max: 0, Diff: 0, Sum: 0, Workers: 4
[16.899s][debug][gc,phases      ] GC(33)   StringDedup Requests1 Weak     Min:  0.0, Avg:  0.0, Max:  0.0, Diff:  0.0, Sum:  0.0, Workers: 4
[16.899s][debug][gc,phases      ] GC(33)     Dead                           Min: 0, Avg:  0.0, Max: 0, Diff: 0, Sum: 0, Workers: 4
[16.899s][debug][gc,phases      ] GC(33)     Total                          Min: 0, Avg:  0.0, Max: 0, Diff: 0, Sum: 0, Workers: 4
[16.899s][debug][gc,phases      ] GC(33)   Weak JFR Old Object Samples    Min:  0.0, Avg:  0.0, Max:  0.0, Diff:  0.0, Sum:  0.0, Workers: 4
[16.899s][debug][gc,phases      ] GC(33)     Dead                           Min: 0, Avg:  0.0, Max: 0, Diff: 0, Sum: 0, Workers: 4
[16.899s][debug][gc,phases      ] GC(33)     Total                          Min: 0, Avg:  0.0, Max: 0, Diff: 0, Sum: 0, Workers: 4
[16.899s][debug][gc,phases      ] GC(33) Weak Processing 0.366ms
[16.899s][debug][gc,phases      ] GC(33) ClassLoaderData 0.079ms
[16.899s][debug][gc,phases      ] GC(33) Trigger cleanups 0.000ms
[16.905s][debug][gc,phases      ] GC(33) Class Unloading 6.409ms
[16.905s][info ][gc,phases      ] GC(33) Marking Phase 209.115ms
[16.905s][info ][gc,phases,start] GC(33) Summary Phase
[16.905s][info ][gc,phases      ] GC(33) Summary Phase 0.010ms
[16.905s][info ][gc,phases,start] GC(33) Adjust Roots
[16.913s][info ][gc,phases      ] GC(33) Adjust Roots 8.064ms
[16.913s][info ][gc,phases,start] GC(33) Compaction Phase
[17.589s][info ][gc,phases      ] GC(33) Compaction Phase 675.856ms
[17.589s][info ][gc,phases,start] GC(33) Post Compact
[17.590s][info ][gc,phases      ] GC(33) Post Compact 1.220ms
[17.590s][info ][gc,heap        ] GC(33) PSYoungGen: 266734K(1696256K)->254521K(1696256K) Eden: 0K(1429504K)->0K(1429504K) From: 266734K(266752K)->254521K(266752K)
[17.590s][info ][gc,heap        ] GC(33) ParOldGen: 269319K(280576K)->280226K(390144K)
[17.590s][info ][gc,metaspace   ] GC(33) Metaspace: 66984K(67776K)->66984K(67776K) NonClass: 57192K(57600K)->57192K(57600K) Class: 9792K(10176K)->9792K(10176K)
[17.590s][info ][gc             ] GC(33) Pause Full (Ergonomics) 523M->522M(2037M) 894.517ms
[17.590s][info ][gc,cpu         ] GC(33) User=3.48s Sys=0.04s Real=0.90s
[17.604s][info ][safepoint      ] Safepoint "ParallelGCFailedAllocation", Time since last: 316341814 ns, Reaching safepoint: 189199 ns, At safepoint: 1099889238 ns, Total: 1100078437 ns
[17.682s][info ][safepoint      ] Safepoint "ICBufferFull", Time since last: 77855485 ns, Reaching safepoint: 157100 ns, At safepoint: 27799 ns, Total: 184899 ns
[17.704s][info ][safepoint      ] Safepoint "ICBufferFull", Time since last: 22075183 ns, Reaching safepoint: 112299 ns, At safepoint: 25800 ns, Total: 138099 ns
[17.748s][info ][safepoint      ] Safepoint "ICBufferFull", Time since last: 41579278 ns, Reaching safepoint: 2114289 ns, At safepoint: 28700 ns, Total: 2142989 ns
[17.762s][info ][safepoint      ] Safepoint "ICBufferFull", Time since last: 14435723 ns, Reaching safepoint: 117999 ns, At safepoint: 24600 ns, Total: 142599 ns
[17.793s][info ][safepoint      ] Safepoint "ICBufferFull", Time since last: 28669847 ns, Reaching safepoint: 2165689 ns, At safepoint: 29000 ns, Total: 2194689 ns
[17.811s][info ][safepoint      ] Safepoint "ICBufferFull", Time since last: 18056904 ns, Reaching safepoint: 122299 ns, At safepoint: 24500 ns, Total: 146799 ns
[17.846s][info ][safepoint      ] Safepoint "ICBufferFull", Time since last: 34825914 ns, Reaching safepoint: 124699 ns, At safepoint: 27700 ns, Total: 152399 ns
[17.855s][info ][safepoint      ] Safepoint "ICBufferFull", Time since last: 8900653 ns, Reaching safepoint: 108099 ns, At safepoint: 25300 ns, Total: 133399 ns
[17.879s][info ][safepoint      ] Safepoint "ICBufferFull", Time since last: 21902983 ns, Reaching safepoint: 2149489 ns, At safepoint: 28300 ns, Total: 2177789 ns
[17.891s][info ][safepoint      ] Safepoint "ICBufferFull", Time since last: 8552954 ns, Reaching safepoint: 3230883 ns, At safepoint: 18900 ns, Total: 3249783 ns
[17.934s][info ][safepoint      ] Safepoint "ICBufferFull", Time since last: 42826772 ns, Reaching safepoint: 91299 ns, At safepoint: 29800 ns, Total: 121099 ns
[17.977s][info ][gc,start       ] GC(34) Pause Young (Allocation Failure)
[18.142s][debug][gc,phases      ] GC(34) Scavenge 164.314ms
[18.142s][debug][gc,ref         ] GC(34) Skipped phase 1 of Reference Processing: no references
[18.142s][debug][gc,ref         ] GC(34) ReferenceProcessor::execute queues: 1, RefProcThreadModel::Single, marks_oops_alive: false
[18.142s][debug][gc,ref         ] GC(34) Skipped phase 3 of Reference Processing: no references
[18.142s][debug][gc,ref         ] GC(34) ReferenceProcessor::execute queues: 1, RefProcThreadModel::Single, marks_oops_alive: false
[18.142s][debug][gc,phases      ] GC(34) Reference Processing 0.135ms
[18.142s][debug][gc,phases      ] GC(34)   VM Weak                        Min:  0.0, Avg:  0.0, Max:  0.0, Diff:  0.0, Sum:  0.0, Workers: 4
[18.142s][debug][gc,phases      ] GC(34)     Dead                           Min: 0, Avg:  0.0, Max: 0, Diff: 0, Sum: 0, Workers: 4
[18.142s][debug][gc,phases      ] GC(34)     Total                          Min: 0, Avg: 146.2, Max: 448, Diff: 448, Sum: 585, Workers: 4
[18.142s][debug][gc,phases      ] GC(34)   ObjectSynchronizer Weak        Min:  0.0, Avg:  0.0, Max:  0.0, Diff:  0.0, Sum:  0.0, Workers: 4
[18.142s][debug][gc,phases      ] GC(34)     Dead                           Min: 0, Avg:  0.0, Max: 0, Diff: 0, Sum: 0, Workers: 4
[18.142s][debug][gc,phases      ] GC(34)     Total                          Min: 0, Avg: 86.0, Max: 152, Diff: 152, Sum: 344, Workers: 4
[18.142s][debug][gc,phases      ] GC(34)   JVMTI Tag Weak OopStorage      Min:  0.0, Avg:  0.0, Max:  0.0, Diff:  0.0, Sum:  0.0, Workers: 4
[18.142s][debug][gc,phases      ] GC(34)     Dead                           Min: 0, Avg:  0.0, Max: 0, Diff: 0, Sum: 0, Workers: 4
[18.142s][debug][gc,phases      ] GC(34)     Total                          Min: 0, Avg:  0.0, Max: 0, Diff: 0, Sum: 0, Workers: 4
[18.142s][debug][gc,phases      ] GC(34)   StringTable Weak               Min:  0.0, Avg:  0.1, Max:  0.2, Diff:  0.2, Sum:  0.5, Workers: 4
[18.142s][debug][gc,phases      ] GC(34)     Dead                           Min: 0, Avg:  3.5, Max: 14, Diff: 14, Sum: 14, Workers: 4
[18.142s][debug][gc,phases      ] GC(34)     Total                          Min: 0, Avg: 10646.5, Max: 22336, Diff: 22336, Sum: 42586, Workers: 4
[18.142s][debug][gc,phases      ] GC(34)   ResolvedMethodTable Weak       Min:  0.0, Avg:  0.0, Max:  0.0, Diff:  0.0, Sum:  0.1, Workers: 4
[18.142s][debug][gc,phases      ] GC(34)     Dead                           Min: 0, Avg:  6.2, Max: 15, Diff: 15, Sum: 25, Workers: 4
[18.142s][debug][gc,phases      ] GC(34)     Total                          Min: 0, Avg: 1738.2, Max: 2813, Diff: 2813, Sum: 6953, Workers: 4
[18.142s][debug][gc,phases      ] GC(34)   JNI Weak                       Min:  0.0, Avg:  0.0, Max:  0.0, Diff:  0.0, Sum:  0.0, Workers: 4
[18.142s][debug][gc,phases      ] GC(34)     Dead                           Min: 0, Avg:  0.0, Max: 0, Diff: 0, Sum: 0, Workers: 4
[18.142s][debug][gc,phases      ] GC(34)     Total                          Min: 0, Avg:  2.8, Max: 11, Diff: 11, Sum: 11, Workers: 4
[18.142s][debug][gc,phases      ] GC(34)   StringDedup Table Weak         Min:  0.0, Avg:  0.0, Max:  0.0, Diff:  0.0, Sum:  0.0, Workers: 4
[18.142s][debug][gc,phases      ] GC(34)     Dead                           Min: 0, Avg:  0.0, Max: 0, Diff: 0, Sum: 0, Workers: 4
[18.142s][debug][gc,phases      ] GC(34)     Total                          Min: 0, Avg:  0.0, Max: 0, Diff: 0, Sum: 0, Workers: 4
[18.142s][debug][gc,phases      ] GC(34)   StringDedup Requests0 Weak     Min:  0.0, Avg:  0.0, Max:  0.0, Diff:  0.0, Sum:  0.0, Workers: 4
[18.142s][debug][gc,phases      ] GC(34)     Dead                           Min: 0, Avg:  0.0, Max: 0, Diff: 0, Sum: 0, Workers: 4
[18.142s][debug][gc,phases      ] GC(34)     Total                          Min: 0, Avg:  0.0, Max: 0, Diff: 0, Sum: 0, Workers: 4
[18.142s][debug][gc,phases      ] GC(34)   StringDedup Requests1 Weak     Min:  0.0, Avg:  0.0, Max:  0.0, Diff:  0.0, Sum:  0.0, Workers: 4
[18.142s][debug][gc,phases      ] GC(34)     Dead                           Min: 0, Avg:  0.0, Max: 0, Diff: 0, Sum: 0, Workers: 4
[18.142s][debug][gc,phases      ] GC(34)     Total                          Min: 0, Avg:  0.0, Max: 0, Diff: 0, Sum: 0, Workers: 4
[18.142s][debug][gc,phases      ] GC(34)   Weak JFR Old Object Samples    Min:  0.0, Avg:  0.0, Max:  0.0, Diff:  0.0, Sum:  0.0, Workers: 4
[18.142s][debug][gc,phases      ] GC(34)     Dead                           Min: 0, Avg:  0.0, Max: 0, Diff: 0, Sum: 0, Workers: 4
[18.142s][debug][gc,phases      ] GC(34)     Total                          Min: 0, Avg:  0.0, Max: 0, Diff: 0, Sum: 0, Workers: 4
[18.142s][debug][gc,phases      ] GC(34) Weak Processing 0.338ms
[18.142s][debug][gc,age         ] GC(34) Desired survivor size 366477312 bytes, new threshold 15 (max threshold 15)
[18.142s][info ][gc,heap        ] GC(34) PSYoungGen: 1684025K(1696256K)->252877K(1682432K) Eden: 1429504K(1429504K)->0K(1429504K) From: 254521K(266752K)->252877K(252928K)
[18.142s][info ][gc,heap        ] GC(34) ParOldGen: 280226K(390144K)->282290K(390144K)
[18.142s][info ][gc,metaspace   ] GC(34) Metaspace: 67531K(68288K)->67531K(68288K) NonClass: 57654K(58048K)->57654K(58048K) Class: 9876K(10240K)->9876K(10240K)
[18.142s][info ][gc             ] GC(34) Pause Young (Allocation Failure) 1918M->522M(2024M) 164.908ms
[18.142s][info ][gc,cpu         ] GC(34) User=0.74s Sys=0.01s Real=0.16s
[18.142s][info ][safepoint      ] Safepoint "ParallelGCFailedAllocation", Time since last: 42955571 ns, Reaching safepoint: 121499 ns, At safepoint: 165002721 ns, Total: 165124220 ns
[18.160s][info ][safepoint      ] Safepoint "ICBufferFull", Time since last: 17877705 ns, Reaching safepoint: 123099 ns, At safepoint: 27800 ns, Total: 150899 ns
[18.195s][info ][safepoint      ] Safepoint "ICBufferFull", Time since last: 30259739 ns, Reaching safepoint: 4242077 ns, At safepoint: 30300 ns, Total: 4272377 ns
[18.199s][info ][safepoint      ] Safepoint "ICBufferFull", Time since last: 3881679 ns, Reaching safepoint: 236599 ns, At safepoint: 28600 ns, Total: 265199 ns
[18.208s][info ][safepoint      ] Safepoint "ICBufferFull", Time since last: 8887552 ns, Reaching safepoint: 114900 ns, At safepoint: 25800 ns, Total: 140700 ns
[18.209s][info ][safepoint      ] Safepoint "ICBufferFull", Time since last: 719296 ns, Reaching safepoint: 101799 ns, At safepoint: 22700 ns, Total: 124499 ns
[18.215s][info ][safepoint      ] Safepoint "ICBufferFull", Time since last: 5594070 ns, Reaching safepoint: 132900 ns, At safepoint: 29300 ns, Total: 162200 ns
[18.231s][info ][safepoint      ] Safepoint "ICBufferFull", Time since last: 16797910 ns, Reaching safepoint: 106399 ns, At safepoint: 25000 ns, Total: 131399 ns
[18.247s][info ][safepoint      ] Safepoint "ICBufferFull", Time since last: 13539028 ns, Reaching safepoint: 2159189 ns, At safepoint: 25000 ns, Total: 2184189 ns
[18.256s][info ][safepoint      ] Safepoint "ICBufferFull", Time since last: 9030551 ns, Reaching safepoint: 107900 ns, At safepoint: 22900 ns, Total: 130800 ns
[18.273s][info ][safepoint      ] Safepoint "ICBufferFull", Time since last: 16397112 ns, Reaching safepoint: 114000 ns, At safepoint: 21500 ns, Total: 135500 ns
[18.302s][info ][safepoint      ] Safepoint "ICBufferFull", Time since last: 29303543 ns, Reaching safepoint: 127000 ns, At safepoint: 25500 ns, Total: 152500 ns
[18.311s][info ][safepoint      ] Safepoint "ICBufferFull", Time since last: 8217756 ns, Reaching safepoint: 116099 ns, At safepoint: 24300 ns, Total: 140399 ns
[18.326s][info ][safepoint      ] Safepoint "ICBufferFull", Time since last: 15083320 ns, Reaching safepoint: 116099 ns, At safepoint: 25700 ns, Total: 141799 ns
[18.351s][info ][safepoint      ] Safepoint "ICBufferFull", Time since last: 20925388 ns, Reaching safepoint: 4247978 ns, At safepoint: 28600 ns, Total: 4276578 ns
[18.362s][info ][safepoint      ] Safepoint "ICBufferFull", Time since last: 10666843 ns, Reaching safepoint: 116599 ns, At safepoint: 26600 ns, Total: 143199 ns
[18.368s][info ][safepoint      ] Safepoint "ICBufferFull", Time since last: 6292866 ns, Reaching safepoint: 96700 ns, At safepoint: 29700 ns, Total: 126400 ns
[18.377s][info ][safepoint      ] Safepoint "ICBufferFull", Time since last: 8392955 ns, Reaching safepoint: 110499 ns, At safepoint: 27200 ns, Total: 137699 ns
[18.386s][info ][safepoint      ] Safepoint "ICBufferFull", Time since last: 8722054 ns, Reaching safepoint: 858695 ns, At safepoint: 26500 ns, Total: 885195 ns
[18.402s][info ][safepoint      ] Safepoint "ICBufferFull", Time since last: 14939221 ns, Reaching safepoint: 135199 ns, At safepoint: 30300 ns, Total: 165499 ns
[18.419s][info ][safepoint      ] Safepoint "ICBufferFull", Time since last: 10420744 ns, Reaching safepoint: 6583265 ns, At safepoint: 28900 ns, Total: 6612165 ns
[18.434s][info ][safepoint      ] Safepoint "ICBufferFull", Time since last: 14876921 ns, Reaching safepoint: 598996 ns, At safepoint: 28200 ns, Total: 627196 ns
[18.462s][info ][safepoint      ] Safepoint "ICBufferFull", Time since last: 27570153 ns, Reaching safepoint: 130200 ns, At safepoint: 32999 ns, Total: 163199 ns
[18.474s][info ][safepoint      ] Safepoint "ICBufferFull", Time since last: 11543039 ns, Reaching safepoint: 117699 ns, At safepoint: 30800 ns, Total: 148499 ns
[18.491s][info ][safepoint      ] Safepoint "ICBufferFull", Time since last: 14165325 ns, Reaching safepoint: 3199083 ns, At safepoint: 25899 ns, Total: 3224982 ns
[18.498s][info ][safepoint      ] Safepoint "ICBufferFull", Time since last: 7347861 ns, Reaching safepoint: 178599 ns, At safepoint: 27800 ns, Total: 206399 ns
[18.504s][info ][safepoint      ] Safepoint "ICBufferFull", Time since last: 5001074 ns, Reaching safepoint: 114399 ns, At safepoint: 29100 ns, Total: 143499 ns
[18.509s][info ][safepoint      ] Safepoint "ICBufferFull", Time since last: 4876974 ns, Reaching safepoint: 108799 ns, At safepoint: 26800 ns, Total: 135599 ns
[18.516s][info ][safepoint      ] Safepoint "ICBufferFull", Time since last: 7305661 ns, Reaching safepoint: 108800 ns, At safepoint: 26799 ns, Total: 135599 ns
[18.523s][info ][safepoint      ] Safepoint "ICBufferFull", Time since last: 5100673 ns, Reaching safepoint: 2101589 ns, At safepoint: 28200 ns, Total: 2129789 ns
[18.534s][info ][safepoint      ] Safepoint "ICBufferFull", Time since last: 10610843 ns, Reaching safepoint: 111300 ns, At safepoint: 24300 ns, Total: 135600 ns
[18.547s][info ][safepoint      ] Safepoint "ICBufferFull", Time since last: 9299350 ns, Reaching safepoint: 3201583 ns, At safepoint: 31700 ns, Total: 3233283 ns
[18.560s][info ][safepoint      ] Safepoint "ICBufferFull", Time since last: 13025530 ns, Reaching safepoint: 115500 ns, At safepoint: 36400 ns, Total: 151900 ns
[18.583s][info ][safepoint      ] Safepoint "ICBufferFull", Time since last: 23009577 ns, Reaching safepoint: 116899 ns, At safepoint: 32300 ns, Total: 149199 ns
[18.595s][info ][safepoint      ] Safepoint "ICBufferFull", Time since last: 7634559 ns, Reaching safepoint: 4289278 ns, At safepoint: 36299 ns, Total: 4325577 ns
[18.597s][info ][gc,start       ] GC(35) Pause Young (Allocation Failure)
[18.713s][debug][gc,phases      ] GC(35) Scavenge 116.327ms
[18.713s][debug][gc,ref         ] GC(35) Skipped phase 1 of Reference Processing: no references
[18.713s][debug][gc,ref         ] GC(35) ReferenceProcessor::execute queues: 1, RefProcThreadModel::Single, marks_oops_alive: false
[18.714s][debug][gc,ref         ] GC(35) Skipped phase 3 of Reference Processing: no references
[18.714s][debug][gc,ref         ] GC(35) ReferenceProcessor::execute queues: 1, RefProcThreadModel::Single, marks_oops_alive: false
[18.714s][debug][gc,phases      ] GC(35) Reference Processing 0.132ms
[18.714s][debug][gc,phases      ] GC(35)   VM Weak                        Min:  0.0, Avg:  0.0, Max:  0.0, Diff:  0.0, Sum:  0.0, Workers: 4
[18.714s][debug][gc,phases      ] GC(35)     Dead                           Min: 0, Avg:  0.0, Max: 0, Diff: 0, Sum: 0, Workers: 4
[18.714s][debug][gc,phases      ] GC(35)     Total                          Min: 0, Avg: 147.5, Max: 590, Diff: 590, Sum: 590, Workers: 4
[18.714s][debug][gc,phases      ] GC(35)   ObjectSynchronizer Weak        Min:  0.0, Avg:  0.0, Max:  0.0, Diff:  0.0, Sum:  0.0, Workers: 4
[18.714s][debug][gc,phases      ] GC(35)     Dead                           Min: 0, Avg:  0.0, Max: 0, Diff: 0, Sum: 0, Workers: 4
[18.714s][debug][gc,phases      ] GC(35)     Total                          Min: 0, Avg: 86.0, Max: 344, Diff: 344, Sum: 344, Workers: 4
[18.714s][debug][gc,phases      ] GC(35)   JVMTI Tag Weak OopStorage      Min:  0.0, Avg:  0.0, Max:  0.0, Diff:  0.0, Sum:  0.0, Workers: 4
[18.714s][debug][gc,phases      ] GC(35)     Dead                           Min: 0, Avg:  0.0, Max: 0, Diff: 0, Sum: 0, Workers: 4
[18.714s][debug][gc,phases      ] GC(35)     Total                          Min: 0, Avg:  0.0, Max: 0, Diff: 0, Sum: 0, Workers: 4
[18.714s][debug][gc,phases      ] GC(35)   StringTable Weak               Min:  0.1, Avg:  0.1, Max:  0.1, Diff:  0.0, Sum:  0.3, Workers: 4
[18.714s][debug][gc,phases      ] GC(35)     Dead                           Min: 0, Avg:  2.8, Max: 11, Diff: 11, Sum: 11, Workers: 4
[18.714s][debug][gc,phases      ] GC(35)     Total                          Min: 8860, Avg: 10663.0, Max: 12032, Diff: 3172, Sum: 42652, Workers: 4
[18.714s][debug][gc,phases      ] GC(35)   ResolvedMethodTable Weak       Min:  0.0, Avg:  0.0, Max:  0.0, Diff:  0.0, Sum:  0.1, Workers: 4
[18.714s][debug][gc,phases      ] GC(35)     Dead                           Min: 0, Avg:  4.0, Max: 9, Diff: 9, Sum: 16, Workers: 4
[18.714s][debug][gc,phases      ] GC(35)     Total                          Min: 1280, Avg: 1750.5, Max: 2011, Diff: 731, Sum: 7002, Workers: 4
[18.714s][debug][gc,phases      ] GC(35)   JNI Weak                       Min:  0.0, Avg:  0.0, Max:  0.0, Diff:  0.0, Sum:  0.0, Workers: 4
[18.714s][debug][gc,phases      ] GC(35)     Dead                           Min: 0, Avg:  0.0, Max: 0, Diff: 0, Sum: 0, Workers: 4
[18.714s][debug][gc,phases      ] GC(35)     Total                          Min: 0, Avg:  0.2, Max: 1, Diff: 1, Sum: 1, Workers: 4
[18.714s][debug][gc,phases      ] GC(35)   StringDedup Table Weak         Min:  0.0, Avg:  0.0, Max:  0.0, Diff:  0.0, Sum:  0.0, Workers: 4
[18.714s][debug][gc,phases      ] GC(35)     Dead                           Min: 0, Avg:  0.0, Max: 0, Diff: 0, Sum: 0, Workers: 4
[18.714s][debug][gc,phases      ] GC(35)     Total                          Min: 0, Avg:  0.0, Max: 0, Diff: 0, Sum: 0, Workers: 4
[18.714s][debug][gc,phases      ] GC(35)   StringDedup Requests0 Weak     Min:  0.0, Avg:  0.0, Max:  0.0, Diff:  0.0, Sum:  0.0, Workers: 4
[18.714s][debug][gc,phases      ] GC(35)     Dead                           Min: 0, Avg:  0.0, Max: 0, Diff: 0, Sum: 0, Workers: 4
[18.714s][debug][gc,phases      ] GC(35)     Total                          Min: 0, Avg:  0.0, Max: 0, Diff: 0, Sum: 0, Workers: 4
[18.714s][debug][gc,phases      ] GC(35)   StringDedup Requests1 Weak     Min:  0.0, Avg:  0.0, Max:  0.0, Diff:  0.0, Sum:  0.0, Workers: 4
[18.714s][debug][gc,phases      ] GC(35)     Dead                           Min: 0, Avg:  0.0, Max: 0, Diff: 0, Sum: 0, Workers: 4
[18.714s][debug][gc,phases      ] GC(35)     Total                          Min: 0, Avg:  0.0, Max: 0, Diff: 0, Sum: 0, Workers: 4
[18.714s][debug][gc,phases      ] GC(35)   Weak JFR Old Object Samples    Min:  0.0, Avg:  0.0, Max:  0.0, Diff:  0.0, Sum:  0.0, Workers: 4
[18.714s][debug][gc,phases      ] GC(35)     Dead                           Min: 0, Avg:  0.0, Max: 0, Diff: 0, Sum: 0, Workers: 4
[18.714s][debug][gc,phases      ] GC(35)     Total                          Min: 0, Avg:  0.0, Max: 0, Diff: 0, Sum: 0, Workers: 4
[18.714s][debug][gc,phases      ] GC(35) Weak Processing 0.263ms
[18.714s][debug][gc,age         ] GC(35) Desired survivor size 384303104 bytes, new threshold 15 (max threshold 15)
[18.714s][info ][gc,heap        ] GC(35) PSYoungGen: 1682381K(1682432K)->250941K(1704448K) Eden: 1429504K(1429504K)->0K(1346560K) From: 252877K(252928K)->250941K(357888K)
[18.714s][info ][gc,heap        ] GC(35) ParOldGen: 282290K(390144K)->282298K(390144K)
[18.714s][info ][gc,metaspace   ] GC(35) Metaspace: 67781K(68480K)->67781K(68480K) NonClass: 57879K(58240K)->57879K(58240K) Class: 9902K(10240K)->9902K(10240K)
[18.714s][info ][gc             ] GC(35) Pause Young (Allocation Failure) 1918M->520M(2045M) 116.828ms
[18.714s][info ][gc,cpu         ] GC(35) User=0.43s Sys=0.04s Real=0.12s
[18.714s][info ][safepoint      ] Safepoint "ParallelGCFailedAllocation", Time since last: 1982790 ns, Reaching safepoint: 96699 ns, At safepoint: 116935177 ns, Total: 117031876 ns
[18.720s][info ][safepoint      ] Safepoint "ICBufferFull", Time since last: 5469771 ns, Reaching safepoint: 111099 ns, At safepoint: 29400 ns, Total: 140499 ns
[18.752s][info ][safepoint      ] Safepoint "ICBufferFull", Time since last: 32360528 ns, Reaching safepoint: 194999 ns, At safepoint: 36499 ns, Total: 231498 ns
[18.758s][info ][safepoint      ] Safepoint "ICBufferFull", Time since last: 6234667 ns, Reaching safepoint: 71400 ns, At safepoint: 32300 ns, Total: 103700 ns
[18.762s][info ][safepoint      ] Safepoint "ICBufferFull", Time since last: 3863179 ns, Reaching safepoint: 103800 ns, At safepoint: 22199 ns, Total: 125999 ns
[18.774s][info ][safepoint      ] Safepoint "ICBufferFull", Time since last: 11246341 ns, Reaching safepoint: 95199 ns, At safepoint: 26000 ns, Total: 121199 ns
[18.791s][info ][safepoint      ] Safepoint "ICBufferFull", Time since last: 15062220 ns, Reaching safepoint: 2144088 ns, At safepoint: 33500 ns, Total: 2177588 ns
[18.799s][info ][safepoint      ] Safepoint "ICBufferFull", Time since last: 6517365 ns, Reaching safepoint: 954095 ns, At safepoint: 38500 ns, Total: 992595 ns
[18.803s][info ][safepoint      ] Safepoint "ICBufferFull", Time since last: 4075078 ns, Reaching safepoint: 101400 ns, At safepoint: 31500 ns, Total: 132900 ns
[18.823s][info ][safepoint      ] Safepoint "ICBufferFull", Time since last: 20160192 ns, Reaching safepoint: 98400 ns, At safepoint: 33799 ns, Total: 132199 ns
[18.828s][info ][safepoint      ] Safepoint "ICBufferFull", Time since last: 5104373 ns, Reaching safepoint: 110000 ns, At safepoint: 20999 ns, Total: 130999 ns
[18.833s][info ][safepoint      ] Safepoint "ICBufferFull", Time since last: 4960774 ns, Reaching safepoint: 80200 ns, At safepoint: 23999 ns, Total: 104199 ns
[18.851s][info ][safepoint      ] Safepoint "ICBufferFull", Time since last: 15530818 ns, Reaching safepoint: 2108688 ns, At safepoint: 34800 ns, Total: 2143488 ns
[18.858s][info ][safepoint      ] Safepoint "ICBufferFull", Time since last: 6415866 ns, Reaching safepoint: 66600 ns, At safepoint: 31300 ns, Total: 97900 ns
[18.863s][info ][safepoint      ] Safepoint "ICBufferFull", Time since last: 5752069 ns, Reaching safepoint: 105699 ns, At safepoint: 28800 ns, Total: 134499 ns
[18.868s][info ][safepoint      ] Safepoint "ICBufferFull", Time since last: 4913174 ns, Reaching safepoint: 93000 ns, At safepoint: 32099 ns, Total: 125099 ns
[18.875s][info ][safepoint      ] Safepoint "ICBufferFull", Time since last: 6524966 ns, Reaching safepoint: 111999 ns, At safepoint: 23500 ns, Total: 135499 ns
[18.879s][info ][safepoint      ] Safepoint "ICBufferFull", Time since last: 4021178 ns, Reaching safepoint: 92700 ns, At safepoint: 29600 ns, Total: 122300 ns
[18.884s][info ][safepoint      ] Safepoint "ICBufferFull", Time since last: 4292877 ns, Reaching safepoint: 93699 ns, At safepoint: 21100 ns, Total: 114799 ns
[18.909s][info ][safepoint      ] Safepoint "ICBufferFull", Time since last: 24807368 ns, Reaching safepoint: 113299 ns, At safepoint: 27100 ns, Total: 140399 ns
[18.917s][info ][safepoint      ] Safepoint "ICBufferFull", Time since last: 8549955 ns, Reaching safepoint: 108199 ns, At safepoint: 27900 ns, Total: 136099 ns
[18.923s][info ][safepoint      ] Safepoint "ICBufferFull", Time since last: 5352771 ns, Reaching safepoint: 106600 ns, At safepoint: 33000 ns, Total: 139600 ns
[18.928s][info ][safepoint      ] Safepoint "ICBufferFull", Time since last: 4950373 ns, Reaching safepoint: 106600 ns, At safepoint: 31400 ns, Total: 138000 ns
[18.934s][info ][safepoint      ] Safepoint "ICBufferFull", Time since last: 5524170 ns, Reaching safepoint: 106900 ns, At safepoint: 26599 ns, Total: 133499 ns
[18.943s][info ][safepoint      ] Safepoint "ICBufferFull", Time since last: 5092673 ns, Reaching safepoint: 4243578 ns, At safepoint: 25400 ns, Total: 4268978 ns
[18.962s][info ][gc,start       ] GC(36) Pause Young (Allocation Failure)
[19.069s][debug][gc,phases      ] GC(36) Scavenge 107.870ms
[19.069s][debug][gc,ref         ] GC(36) Skipped phase 1 of Reference Processing: no references
[19.070s][debug][gc,ref         ] GC(36) ReferenceProcessor::execute queues: 1, RefProcThreadModel::Single, marks_oops_alive: false
[19.070s][debug][gc,ref         ] GC(36) Skipped phase 3 of Reference Processing: no references
[19.070s][debug][gc,ref         ] GC(36) ReferenceProcessor::execute queues: 1, RefProcThreadModel::Single, marks_oops_alive: false
[19.070s][debug][gc,phases      ] GC(36) Reference Processing 0.119ms
[19.070s][debug][gc,phases      ] GC(36)   VM Weak                        Min:  0.0, Avg:  0.0, Max:  0.0, Diff:  0.0, Sum:  0.0, Workers: 4
[19.070s][debug][gc,phases      ] GC(36)     Dead                           Min: 0, Avg:  0.0, Max: 0, Diff: 0, Sum: 0, Workers: 4
[19.070s][debug][gc,phases      ] GC(36)     Total                          Min: 0, Avg: 148.2, Max: 529, Diff: 529, Sum: 593, Workers: 4
[19.070s][debug][gc,phases      ] GC(36)   ObjectSynchronizer Weak        Min:  0.0, Avg:  0.0, Max:  0.0, Diff:  0.0, Sum:  0.0, Workers: 4
[19.070s][debug][gc,phases      ] GC(36)     Dead                           Min: 0, Avg:  0.0, Max: 0, Diff: 0, Sum: 0, Workers: 4
[19.070s][debug][gc,phases      ] GC(36)     Total                          Min: 0, Avg: 86.0, Max: 216, Diff: 216, Sum: 344, Workers: 4
[19.070s][debug][gc,phases      ] GC(36)   JVMTI Tag Weak OopStorage      Min:  0.0, Avg:  0.0, Max:  0.0, Diff:  0.0, Sum:  0.0, Workers: 4
[19.070s][debug][gc,phases      ] GC(36)     Dead                           Min: 0, Avg:  0.0, Max: 0, Diff: 0, Sum: 0, Workers: 4
[19.070s][debug][gc,phases      ] GC(36)     Total                          Min: 0, Avg:  0.0, Max: 0, Diff: 0, Sum: 0, Workers: 4
[19.070s][debug][gc,phases      ] GC(36)   StringTable Weak               Min:  0.1, Avg:  0.1, Max:  0.1, Diff:  0.0, Sum:  0.3, Workers: 4
[19.070s][debug][gc,phases      ] GC(36)     Dead                           Min: 0, Avg:  2.8, Max: 11, Diff: 11, Sum: 11, Workers: 4
[19.070s][debug][gc,phases      ] GC(36)     Total                          Min: 8064, Avg: 10667.5, Max: 13358, Diff: 5294, Sum: 42670, Workers: 4
[19.070s][debug][gc,phases      ] GC(36)   ResolvedMethodTable Weak       Min:  0.0, Avg:  0.0, Max:  0.0, Diff:  0.0, Sum:  0.1, Workers: 4
[19.070s][debug][gc,phases      ] GC(36)     Dead                           Min: 0, Avg:  0.0, Max: 0, Diff: 0, Sum: 0, Workers: 4
[19.070s][debug][gc,phases      ] GC(36)     Total                          Min: 1216, Avg: 1752.8, Max: 2147, Diff: 931, Sum: 7011, Workers: 4
[19.070s][debug][gc,phases      ] GC(36)   JNI Weak                       Min:  0.0, Avg:  0.0, Max:  0.0, Diff:  0.0, Sum:  0.0, Workers: 4
[19.070s][debug][gc,phases      ] GC(36)     Dead                           Min: 0, Avg:  0.0, Max: 0, Diff: 0, Sum: 0, Workers: 4
[19.070s][debug][gc,phases      ] GC(36)     Total                          Min: 0, Avg:  0.0, Max: 0, Diff: 0, Sum: 0, Workers: 4
[19.070s][debug][gc,phases      ] GC(36)   StringDedup Table Weak         Min:  0.0, Avg:  0.0, Max:  0.0, Diff:  0.0, Sum:  0.0, Workers: 4
[19.070s][debug][gc,phases      ] GC(36)     Dead                           Min: 0, Avg:  0.0, Max: 0, Diff: 0, Sum: 0, Workers: 4
[19.070s][debug][gc,phases      ] GC(36)     Total                          Min: 0, Avg:  0.0, Max: 0, Diff: 0, Sum: 0, Workers: 4
[19.070s][debug][gc,phases      ] GC(36)   StringDedup Requests0 Weak     Min:  0.0, Avg:  0.0, Max:  0.0, Diff:  0.0, Sum:  0.0, Workers: 4
[19.070s][debug][gc,phases      ] GC(36)     Dead                           Min: 0, Avg:  0.0, Max: 0, Diff: 0, Sum: 0, Workers: 4
[19.070s][debug][gc,phases      ] GC(36)     Total                          Min: 0, Avg:  0.0, Max: 0, Diff: 0, Sum: 0, Workers: 4
[19.070s][debug][gc,phases      ] GC(36)   StringDedup Requests1 Weak     Min:  0.0, Avg:  0.0, Max:  0.0, Diff:  0.0, Sum:  0.0, Workers: 4
[19.070s][debug][gc,phases      ] GC(36)     Dead                           Min: 0, Avg:  0.0, Max: 0, Diff: 0, Sum: 0, Workers: 4
[19.070s][debug][gc,phases      ] GC(36)     Total                          Min: 0, Avg:  0.0, Max: 0, Diff: 0, Sum: 0, Workers: 4
[19.070s][debug][gc,phases      ] GC(36)   Weak JFR Old Object Samples    Min:  0.0, Avg:  0.0, Max:  0.0, Diff:  0.0, Sum:  0.0, Workers: 4
[19.070s][debug][gc,phases      ] GC(36)     Dead                           Min: 0, Avg:  0.0, Max: 0, Diff: 0, Sum: 0, Workers: 4
[19.070s][debug][gc,phases      ] GC(36)     Total                          Min: 0, Avg:  0.0, Max: 0, Diff: 0, Sum: 0, Workers: 4
[19.070s][debug][gc,phases      ] GC(36) Weak Processing 0.251ms
[19.070s][debug][gc,age         ] GC(36) Desired survivor size 397410304 bytes, new threshold 15 (max threshold 15)
[19.070s][info ][gc,heap        ] GC(36) PSYoungGen: 1597501K(1704448K)->249453K(1596416K) Eden: 1346560K(1346560K)->0K(1346560K) From: 250941K(357888K)->249453K(249856K)
[19.070s][info ][gc,heap        ] GC(36) ParOldGen: 282298K(390144K)->282514K(390144K)
[19.070s][info ][gc,metaspace   ] GC(36) Metaspace: 67821K(68608K)->67821K(68608K) NonClass: 57916K(58368K)->57916K(58368K) Class: 9905K(10240K)->9905K(10240K)
[19.070s][info ][gc             ] GC(36) Pause Young (Allocation Failure) 1835M->519M(1940M) 108.352ms
[19.070s][info ][gc,cpu         ] GC(36) User=0.43s Sys=0.01s Real=0.11s
[19.070s][info ][safepoint      ] Safepoint "ParallelGCFailedAllocation", Time since last: 18457001 ns, Reaching safepoint: 96800 ns, At safepoint: 108450022 ns, Total: 108546822 ns
[19.081s][info ][safepoint      ] Safepoint "ICBufferFull", Time since last: 10836242 ns, Reaching safepoint: 111599 ns, At safepoint: 29300 ns, Total: 140899 ns
[19.110s][info ][safepoint      ] Safepoint "ICBufferFull", Time since last: 29079145 ns, Reaching safepoint: 127300 ns, At safepoint: 28699 ns, Total: 155999 ns
[19.115s][info ][safepoint      ] Safepoint "ICBufferFull", Time since last: 5188573 ns, Reaching safepoint: 112999 ns, At safepoint: 30800 ns, Total: 143799 ns
[19.126s][info ][safepoint      ] Safepoint "ICBufferFull", Time since last: 9469550 ns, Reaching safepoint: 810195 ns, At safepoint: 24800 ns, Total: 834995 ns
[19.150s][info ][safepoint      ] Safepoint "ICBufferFull", Time since last: 24073072 ns, Reaching safepoint: 124799 ns, At safepoint: 30000 ns, Total: 154799 ns
[19.155s][info ][safepoint      ] Safepoint "ICBufferFull", Time since last: 4420076 ns, Reaching safepoint: 115200 ns, At safepoint: 30300 ns, Total: 145500 ns
[19.168s][info ][safepoint      ] Safepoint "ICBufferFull", Time since last: 13745926 ns, Reaching safepoint: 97500 ns, At safepoint: 25300 ns, Total: 122800 ns
[19.173s][info ][safepoint      ] Safepoint "ICBufferFull", Time since last: 4494476 ns, Reaching safepoint: 100199 ns, At safepoint: 29700 ns, Total: 129899 ns
[19.191s][info ][safepoint      ] Safepoint "ICBufferFull", Time since last: 13883326 ns, Reaching safepoint: 4266477 ns, At safepoint: 27100 ns, Total: 4293577 ns
[19.207s][info ][safepoint      ] Safepoint "ICBufferFull", Time since last: 15826616 ns, Reaching safepoint: 118499 ns, At safepoint: 28500 ns, Total: 146999 ns
[19.211s][info ][safepoint      ] Safepoint "ICBufferFull", Time since last: 3204383 ns, Reaching safepoint: 114599 ns, At safepoint: 28600 ns, Total: 143199 ns
[19.224s][info ][safepoint      ] Safepoint "ICBufferFull", Time since last: 13482028 ns, Reaching safepoint: 136800 ns, At safepoint: 32699 ns, Total: 169499 ns
[19.232s][info ][safepoint      ] Safepoint "ICBufferFull", Time since last: 7166862 ns, Reaching safepoint: 106800 ns, At safepoint: 26100 ns, Total: 132900 ns
[19.244s][info ][safepoint      ] Safepoint "ICBufferFull", Time since last: 5226972 ns, Reaching safepoint: 7422860 ns, At safepoint: 38600 ns, Total: 7461460 ns
[19.257s][info ][safepoint      ] Safepoint "ICBufferFull", Time since last: 12714332 ns, Reaching safepoint: 104100 ns, At safepoint: 29199 ns, Total: 133299 ns
[19.263s][info ][safepoint      ] Safepoint "ICBufferFull", Time since last: 5927969 ns, Reaching safepoint: 106899 ns, At safepoint: 29000 ns, Total: 135899 ns
[19.269s][info ][safepoint      ] Safepoint "ICBufferFull", Time since last: 5607770 ns, Reaching safepoint: 115700 ns, At safepoint: 26399 ns, Total: 142099 ns
[19.278s][info ][safepoint      ] Safepoint "ICBufferFull", Time since last: 9188952 ns, Reaching safepoint: 114299 ns, At safepoint: 27900 ns, Total: 142199 ns
[19.299s][info ][safepoint      ] Safepoint "ICBufferFull", Time since last: 17889304 ns, Reaching safepoint: 3206883 ns, At safepoint: 37300 ns, Total: 3244183 ns
[19.304s][info ][safepoint      ] Safepoint "ICBufferFull", Time since last: 4643075 ns, Reaching safepoint: 111500 ns, At safepoint: 31500 ns, Total: 143000 ns
[19.312s][info ][safepoint      ] Safepoint "ICBufferFull", Time since last: 6799763 ns, Reaching safepoint: 728896 ns, At safepoint: 44100 ns, Total: 772996 ns
[19.317s][info ][safepoint      ] Safepoint "ICBufferFull", Time since last: 4901274 ns, Reaching safepoint: 106800 ns, At safepoint: 26899 ns, Total: 133699 ns
[19.323s][info ][safepoint      ] Safepoint "ICBufferFull", Time since last: 6202067 ns, Reaching safepoint: 107800 ns, At safepoint: 25900 ns, Total: 133700 ns
[19.333s][info ][safepoint      ] Safepoint "ICBufferFull", Time since last: 9576849 ns, Reaching safepoint: 113299 ns, At safepoint: 29500 ns, Total: 142799 ns
[19.350s][info ][safepoint      ] Safepoint "ICBufferFull", Time since last: 14456123 ns, Reaching safepoint: 3214883 ns, At safepoint: 30100 ns, Total: 3244983 ns
[19.359s][info ][safepoint      ] Safepoint "ICBufferFull", Time since last: 4207977 ns, Reaching safepoint: 4271677 ns, At safepoint: 26700 ns, Total: 4298377 ns
[19.364s][info ][safepoint      ] Safepoint "ICBufferFull", Time since last: 5116073 ns, Reaching safepoint: 105299 ns, At safepoint: 24700 ns, Total: 129999 ns
[19.382s][info ][safepoint      ] Safepoint "ICBufferFull", Time since last: 17239708 ns, Reaching safepoint: 97700 ns, At safepoint: 26400 ns, Total: 124100 ns
[19.387s][info ][safepoint      ] Safepoint "ICBufferFull", Time since last: 4009278 ns, Reaching safepoint: 878996 ns, At safepoint: 26999 ns, Total: 905995 ns
[19.402s][info ][safepoint      ] Safepoint "ICBufferFull", Time since last: 15507118 ns, Reaching safepoint: 234099 ns, At safepoint: 28799 ns, Total: 262898 ns
[19.435s][info ][safepoint      ] Safepoint "ICBufferFull", Time since last: 28413949 ns, Reaching safepoint: 4211878 ns, At safepoint: 30499 ns, Total: 4242377 ns
[19.446s][info ][safepoint      ] Safepoint "ParallelGCFailedAllocation", Time since last: 10626244 ns, Reaching safepoint: 124799 ns, At safepoint: 33000 ns, Total: 157799 ns
[19.449s][info ][gc,start       ] GC(37) Pause Young (GCLocker Initiated GC)
[19.561s][debug][gc,phases      ] GC(37) Scavenge 111.417ms
[19.561s][debug][gc,ref         ] GC(37) Skipped phase 1 of Reference Processing: no references
[19.561s][debug][gc,ref         ] GC(37) ReferenceProcessor::execute queues: 1, RefProcThreadModel::Single, marks_oops_alive: false
[19.561s][debug][gc,ref         ] GC(37) Skipped phase 3 of Reference Processing: no references
[19.561s][debug][gc,ref         ] GC(37) ReferenceProcessor::execute queues: 1, RefProcThreadModel::Single, marks_oops_alive: false
[19.561s][debug][gc,phases      ] GC(37) Reference Processing 0.129ms
[19.561s][debug][gc,phases      ] GC(37)   VM Weak                        Min:  0.0, Avg:  0.0, Max:  0.0, Diff:  0.0, Sum:  0.0, Workers: 4
[19.561s][debug][gc,phases      ] GC(37)     Dead                           Min: 0, Avg:  0.0, Max: 0, Diff: 0, Sum: 0, Workers: 4
[19.561s][debug][gc,phases      ] GC(37)     Total                          Min: 0, Avg: 148.2, Max: 529, Diff: 529, Sum: 593, Workers: 4
[19.561s][debug][gc,phases      ] GC(37)   ObjectSynchronizer Weak        Min:  0.0, Avg:  0.0, Max:  0.0, Diff:  0.0, Sum:  0.0, Workers: 4
[19.561s][debug][gc,phases      ] GC(37)     Dead                           Min: 0, Avg:  0.0, Max: 0, Diff: 0, Sum: 0, Workers: 4
[19.561s][debug][gc,phases      ] GC(37)     Total                          Min: 0, Avg: 86.0, Max: 192, Diff: 192, Sum: 344, Workers: 4
[19.561s][debug][gc,phases      ] GC(37)   JVMTI Tag Weak OopStorage      Min:  0.0, Avg:  0.0, Max:  0.0, Diff:  0.0, Sum:  0.0, Workers: 4
[19.561s][debug][gc,phases      ] GC(37)     Dead                           Min: 0, Avg:  0.0, Max: 0, Diff: 0, Sum: 0, Workers: 4
[19.561s][debug][gc,phases      ] GC(37)     Total                          Min: 0, Avg:  0.0, Max: 0, Diff: 0, Sum: 0, Workers: 4
[19.561s][debug][gc,phases      ] GC(37)   StringTable Weak               Min:  0.1, Avg:  0.1, Max:  0.1, Diff:  0.0, Sum:  0.3, Workers: 4
[19.561s][debug][gc,phases      ] GC(37)     Dead                           Min: 0, Avg:  2.8, Max: 11, Diff: 11, Sum: 11, Workers: 4
[19.561s][debug][gc,phases      ] GC(37)     Total                          Min: 8704, Avg: 10669.2, Max: 12416, Diff: 3712, Sum: 42677, Workers: 4
[19.561s][debug][gc,phases      ] GC(37)   ResolvedMethodTable Weak       Min:  0.0, Avg:  0.0, Max:  0.0, Diff:  0.0, Sum:  0.1, Workers: 4
[19.561s][debug][gc,phases      ] GC(37)     Dead                           Min: 0, Avg:  0.0, Max: 0, Diff: 0, Sum: 0, Workers: 4
[19.561s][debug][gc,phases      ] GC(37)     Total                          Min: 1408, Avg: 1752.8, Max: 2048, Diff: 640, Sum: 7011, Workers: 4
[19.561s][debug][gc,phases      ] GC(37)   JNI Weak                       Min:  0.0, Avg:  0.0, Max:  0.0, Diff:  0.0, Sum:  0.0, Workers: 4
[19.561s][debug][gc,phases      ] GC(37)     Dead                           Min: 0, Avg:  0.0, Max: 0, Diff: 0, Sum: 0, Workers: 4
[19.561s][debug][gc,phases      ] GC(37)     Total                          Min: 0, Avg:  0.0, Max: 0, Diff: 0, Sum: 0, Workers: 4
[19.561s][debug][gc,phases      ] GC(37)   StringDedup Table Weak         Min:  0.0, Avg:  0.0, Max:  0.0, Diff:  0.0, Sum:  0.0, Workers: 4
[19.561s][debug][gc,phases      ] GC(37)     Dead                           Min: 0, Avg:  0.0, Max: 0, Diff: 0, Sum: 0, Workers: 4
[19.561s][debug][gc,phases      ] GC(37)     Total                          Min: 0, Avg:  0.0, Max: 0, Diff: 0, Sum: 0, Workers: 4
[19.561s][debug][gc,phases      ] GC(37)   StringDedup Requests0 Weak     Min:  0.0, Avg:  0.0, Max:  0.0, Diff:  0.0, Sum:  0.0, Workers: 4
[19.561s][debug][gc,phases      ] GC(37)     Dead                           Min: 0, Avg:  0.0, Max: 0, Diff: 0, Sum: 0, Workers: 4
[19.561s][debug][gc,phases      ] GC(37)     Total                          Min: 0, Avg:  0.0, Max: 0, Diff: 0, Sum: 0, Workers: 4
[19.561s][debug][gc,phases      ] GC(37)   StringDedup Requests1 Weak     Min:  0.0, Avg:  0.0, Max:  0.0, Diff:  0.0, Sum:  0.0, Workers: 4
[19.561s][debug][gc,phases      ] GC(37)     Dead                           Min: 0, Avg:  0.0, Max: 0, Diff: 0, Sum: 0, Workers: 4
[19.561s][debug][gc,phases      ] GC(37)     Total                          Min: 0, Avg:  0.0, Max: 0, Diff: 0, Sum: 0, Workers: 4
[19.561s][debug][gc,phases      ] GC(37)   Weak JFR Old Object Samples    Min:  0.0, Avg:  0.0, Max:  0.0, Diff:  0.0, Sum:  0.0, Workers: 4
[19.561s][debug][gc,phases      ] GC(37)     Dead                           Min: 0, Avg:  0.0, Max: 0, Diff: 0, Sum: 0, Workers: 4
[19.561s][debug][gc,phases      ] GC(37)     Total                          Min: 0, Avg:  0.0, Max: 0, Diff: 0, Sum: 0, Workers: 4
[19.561s][debug][gc,phases      ] GC(37) Weak Processing 0.256ms
[19.561s][debug][gc,age         ] GC(37) Desired survivor size 406323200 bytes, new threshold 15 (max threshold 15)
[19.561s][info ][gc,heap        ] GC(37) PSYoungGen: 1596013K(1596416K)->248765K(1691648K) Eden: 1346560K(1346560K)->0K(1303552K) From: 249453K(249856K)->248765K(388096K)
[19.561s][info ][gc,heap        ] GC(37) ParOldGen: 282515K(390144K)->282563K(390144K)
[19.561s][info ][gc,metaspace   ] GC(37) Metaspace: 67870K(68608K)->67870K(68608K) NonClass: 57964K(58368K)->57964K(58368K) Class: 9905K(10240K)->9905K(10240K)
[19.561s][info ][gc             ] GC(37) Pause Young (GCLocker Initiated GC) 1834M->518M(2033M) 111.908ms
[19.561s][info ][gc,cpu         ] GC(37) User=0.45s Sys=0.00s Real=0.11s
[19.561s][info ][safepoint      ] Safepoint "ParallelGCSystemGC", Time since last: 3415382 ns, Reaching safepoint: 110599 ns, At safepoint: 111984803 ns, Total: 112095402 ns
[19.568s][info ][safepoint      ] Safepoint "ICBufferFull", Time since last: 6701365 ns, Reaching safepoint: 89599 ns, At safepoint: 30800 ns, Total: 120399 ns
[19.588s][info ][safepoint      ] Safepoint "ICBufferFull", Time since last: 19349797 ns, Reaching safepoint: 98999 ns, At safepoint: 21700 ns, Total: 120699 ns
[19.603s][info ][safepoint      ] Safepoint "ICBufferFull", Time since last: 15751516 ns, Reaching safepoint: 110300 ns, At safepoint: 25599 ns, Total: 135899 ns
[19.608s][info ][safepoint      ] Safepoint "ICBufferFull", Time since last: 4051379 ns, Reaching safepoint: 98999 ns, At safepoint: 24500 ns, Total: 123499 ns
[19.623s][info ][safepoint      ] Safepoint "ICBufferFull", Time since last: 15288319 ns, Reaching safepoint: 170799 ns, At safepoint: 20800 ns, Total: 191599 ns
[19.627s][info ][safepoint      ] Safepoint "ICBufferFull", Time since last: 3306582 ns, Reaching safepoint: 139299 ns, At safepoint: 27000 ns, Total: 166299 ns
[19.643s][info ][safepoint      ] Safepoint "ICBufferFull", Time since last: 11998736 ns, Reaching safepoint: 4254578 ns, At safepoint: 34999 ns, Total: 4289577 ns
[19.659s][info ][safepoint      ] Safepoint "ICBufferFull", Time since last: 15773616 ns, Reaching safepoint: 98300 ns, At safepoint: 32700 ns, Total: 131000 ns
[19.679s][info ][safepoint      ] Safepoint "ICBufferFull", Time since last: 20389091 ns, Reaching safepoint: 60400 ns, At safepoint: 33299 ns, Total: 93699 ns
[19.683s][info ][safepoint      ] Safepoint "ICBufferFull", Time since last: 3244083 ns, Reaching safepoint: 96000 ns, At safepoint: 27600 ns, Total: 123600 ns
[19.691s][info ][safepoint      ] Safepoint "ICBufferFull", Time since last: 4433476 ns, Reaching safepoint: 4237477 ns, At safepoint: 26100 ns, Total: 4263577 ns
[19.697s][info ][safepoint      ] Safepoint "ICBufferFull", Time since last: 5907869 ns, Reaching safepoint: 106999 ns, At safepoint: 28900 ns, Total: 135899 ns
[19.804s][info ][gc,start       ] GC(38) Pause Young (Allocation Failure)
[19.903s][debug][gc,phases      ] GC(38) Scavenge 99.649ms
[19.903s][debug][gc,ref         ] GC(38) Skipped phase 1 of Reference Processing: no references
[19.903s][debug][gc,ref         ] GC(38) ReferenceProcessor::execute queues: 1, RefProcThreadModel::Single, marks_oops_alive: false
[19.903s][debug][gc,ref         ] GC(38) Skipped phase 3 of Reference Processing: no references
[19.903s][debug][gc,ref         ] GC(38) ReferenceProcessor::execute queues: 1, RefProcThreadModel::Single, marks_oops_alive: false
[19.903s][debug][gc,phases      ] GC(38) Reference Processing 0.131ms
[19.904s][debug][gc,phases      ] GC(38)   VM Weak                        Min:  0.0, Avg:  0.0, Max:  0.0, Diff:  0.0, Sum:  0.0, Workers: 4
[19.904s][debug][gc,phases      ] GC(38)     Dead                           Min: 0, Avg:  0.0, Max: 0, Diff: 0, Sum: 0, Workers: 4
[19.904s][debug][gc,phases      ] GC(38)     Total                          Min: 0, Avg: 148.2, Max: 337, Diff: 337, Sum: 593, Workers: 4
[19.904s][debug][gc,phases      ] GC(38)   ObjectSynchronizer Weak        Min:  0.0, Avg:  0.0, Max:  0.0, Diff:  0.0, Sum:  0.0, Workers: 4
[19.904s][debug][gc,phases      ] GC(38)     Dead                           Min: 0, Avg:  0.0, Max: 0, Diff: 0, Sum: 0, Workers: 4
[19.904s][debug][gc,phases      ] GC(38)     Total                          Min: 0, Avg: 86.0, Max: 152, Diff: 152, Sum: 344, Workers: 4
[19.904s][debug][gc,phases      ] GC(38)   JVMTI Tag Weak OopStorage      Min:  0.0, Avg:  0.0, Max:  0.0, Diff:  0.0, Sum:  0.0, Workers: 4
[19.904s][debug][gc,phases      ] GC(38)     Dead                           Min: 0, Avg:  0.0, Max: 0, Diff: 0, Sum: 0, Workers: 4
[19.904s][debug][gc,phases      ] GC(38)     Total                          Min: 0, Avg:  0.0, Max: 0, Diff: 0, Sum: 0, Workers: 4
[19.904s][debug][gc,phases      ] GC(38)   StringTable Weak               Min:  0.1, Avg:  0.1, Max:  0.1, Diff:  0.0, Sum:  0.3, Workers: 4
[19.904s][debug][gc,phases      ] GC(38)     Dead                           Min: 0, Avg:  2.8, Max: 11, Diff: 11, Sum: 11, Workers: 4
[19.904s][debug][gc,phases      ] GC(38)     Total                          Min: 8576, Avg: 10669.8, Max: 13175, Diff: 4599, Sum: 42679, Workers: 4
[19.904s][debug][gc,phases      ] GC(38)   ResolvedMethodTable Weak       Min:  0.0, Avg:  0.0, Max:  0.0, Diff:  0.0, Sum:  0.1, Workers: 4
[19.904s][debug][gc,phases      ] GC(38)     Dead                           Min: 0, Avg:  0.0, Max: 0, Diff: 0, Sum: 0, Workers: 4
[19.904s][debug][gc,phases      ] GC(38)     Total                          Min: 1124, Avg: 1753.0, Max: 2432, Diff: 1308, Sum: 7012, Workers: 4
[19.904s][debug][gc,phases      ] GC(38)   JNI Weak                       Min:  0.0, Avg:  0.0, Max:  0.0, Diff:  0.0, Sum:  0.0, Workers: 4
[19.904s][debug][gc,phases      ] GC(38)     Dead                           Min: 0, Avg:  0.0, Max: 0, Diff: 0, Sum: 0, Workers: 4
[19.904s][debug][gc,phases      ] GC(38)     Total                          Min: 0, Avg:  2.0, Max: 8, Diff: 8, Sum: 8, Workers: 4
[19.904s][debug][gc,phases      ] GC(38)   StringDedup Table Weak         Min:  0.0, Avg:  0.0, Max:  0.0, Diff:  0.0, Sum:  0.0, Workers: 4
[19.904s][debug][gc,phases      ] GC(38)     Dead                           Min: 0, Avg:  0.0, Max: 0, Diff: 0, Sum: 0, Workers: 4
[19.904s][debug][gc,phases      ] GC(38)     Total                          Min: 0, Avg:  0.0, Max: 0, Diff: 0, Sum: 0, Workers: 4
[19.904s][debug][gc,phases      ] GC(38)   StringDedup Requests0 Weak     Min:  0.0, Avg:  0.0, Max:  0.0, Diff:  0.0, Sum:  0.0, Workers: 4
[19.904s][debug][gc,phases      ] GC(38)     Dead                           Min: 0, Avg:  0.0, Max: 0, Diff: 0, Sum: 0, Workers: 4
[19.904s][debug][gc,phases      ] GC(38)     Total                          Min: 0, Avg:  0.0, Max: 0, Diff: 0, Sum: 0, Workers: 4
[19.904s][debug][gc,phases      ] GC(38)   StringDedup Requests1 Weak     Min:  0.0, Avg:  0.0, Max:  0.0, Diff:  0.0, Sum:  0.0, Workers: 4
[19.904s][debug][gc,phases      ] GC(38)     Dead                           Min: 0, Avg:  0.0, Max: 0, Diff: 0, Sum: 0, Workers: 4
[19.904s][debug][gc,phases      ] GC(38)     Total                          Min: 0, Avg:  0.0, Max: 0, Diff: 0, Sum: 0, Workers: 4
[19.904s][debug][gc,phases      ] GC(38)   Weak JFR Old Object Samples    Min:  0.0, Avg:  0.0, Max:  0.0, Diff:  0.0, Sum:  0.0, Workers: 4
[19.904s][debug][gc,phases      ] GC(38)     Dead                           Min: 0, Avg:  0.0, Max: 0, Diff: 0, Sum: 0, Workers: 4
[19.904s][debug][gc,phases      ] GC(38)     Total                          Min: 0, Avg:  0.0, Max: 0, Diff: 0, Sum: 0, Workers: 4
[19.904s][debug][gc,phases      ] GC(38) Weak Processing 0.249ms
[19.904s][debug][gc,age         ] GC(38) Desired survivor size 411566080 bytes, new threshold 15 (max threshold 15)
[19.904s][info ][gc,heap        ] GC(38) PSYoungGen: 1552317K(1691648K)->248637K(1552384K) Eden: 1303552K(1303552K)->0K(1303552K) From: 248765K(388096K)->248637K(248832K)
[19.904s][info ][gc,heap        ] GC(38) ParOldGen: 282564K(390144K)->282644K(390144K)
[19.904s][info ][gc,metaspace   ] GC(38) Metaspace: 67911K(68672K)->67911K(68672K) NonClass: 58006K(58432K)->58006K(58432K) Class: 9905K(10240K)->9905K(10240K)
[19.904s][info ][gc             ] GC(38) Pause Young (Allocation Failure) 1791M->518M(1897M) 100.140ms
[19.904s][info ][gc,cpu         ] GC(38) User=0.41s Sys=0.00s Real=0.10s
[19.904s][info ][safepoint      ] Safepoint "ParallelGCFailedAllocation", Time since last: 106070735 ns, Reaching safepoint: 142699 ns, At safepoint: 100243266 ns, Total: 100385965 ns
[20.236s][info ][gc,start       ] GC(39) Pause Young (Allocation Failure)
[20.337s][debug][gc,phases      ] GC(39) Scavenge 101.053ms
[20.337s][debug][gc,ref         ] GC(39) Skipped phase 1 of Reference Processing: no references
[20.337s][debug][gc,ref         ] GC(39) ReferenceProcessor::execute queues: 1, RefProcThreadModel::Single, marks_oops_alive: false
[20.337s][debug][gc,ref         ] GC(39) Skipped phase 3 of Reference Processing: no references
[20.337s][debug][gc,ref         ] GC(39) ReferenceProcessor::execute queues: 1, RefProcThreadModel::Single, marks_oops_alive: false
[20.337s][debug][gc,phases      ] GC(39) Reference Processing 0.118ms
[20.337s][debug][gc,phases      ] GC(39)   VM Weak                        Min:  0.0, Avg:  0.0, Max:  0.0, Diff:  0.0, Sum:  0.0, Workers: 4
[20.337s][debug][gc,phases      ] GC(39)     Dead                           Min: 0, Avg:  0.0, Max: 0, Diff: 0, Sum: 0, Workers: 4
[20.338s][debug][gc,phases      ] GC(39)     Total                          Min: 0, Avg: 148.2, Max: 512, Diff: 512, Sum: 593, Workers: 4
[20.338s][debug][gc,phases      ] GC(39)   ObjectSynchronizer Weak        Min:  0.0, Avg:  0.0, Max:  0.0, Diff:  0.0, Sum:  0.0, Workers: 4
[20.338s][debug][gc,phases      ] GC(39)     Dead                           Min: 0, Avg:  0.0, Max: 0, Diff: 0, Sum: 0, Workers: 4
[20.338s][debug][gc,phases      ] GC(39)     Total                          Min: 0, Avg: 86.0, Max: 192, Diff: 192, Sum: 344, Workers: 4
[20.338s][debug][gc,phases      ] GC(39)   JVMTI Tag Weak OopStorage      Min:  0.0, Avg:  0.0, Max:  0.0, Diff:  0.0, Sum:  0.0, Workers: 4
[20.338s][debug][gc,phases      ] GC(39)     Dead                           Min: 0, Avg:  0.0, Max: 0, Diff: 0, Sum: 0, Workers: 4
[20.338s][debug][gc,phases      ] GC(39)     Total                          Min: 0, Avg:  0.0, Max: 0, Diff: 0, Sum: 0, Workers: 4
[20.338s][debug][gc,phases      ] GC(39)   StringTable Weak               Min:  0.0, Avg:  0.1, Max:  0.1, Diff:  0.1, Sum:  0.4, Workers: 4
[20.338s][debug][gc,phases      ] GC(39)     Dead                           Min: 0, Avg:  2.8, Max: 11, Diff: 11, Sum: 11, Workers: 4
[20.338s][debug][gc,phases      ] GC(39)     Total                          Min: 0, Avg: 10677.0, Max: 18229, Diff: 18229, Sum: 42708, Workers: 4
[20.338s][debug][gc,phases      ] GC(39)   ResolvedMethodTable Weak       Min:  0.0, Avg:  0.0, Max:  0.0, Diff:  0.0, Sum:  0.1, Workers: 4
[20.338s][debug][gc,phases      ] GC(39)     Dead                           Min: 0, Avg:  6.0, Max: 23, Diff: 23, Sum: 24, Workers: 4
[20.338s][debug][gc,phases      ] GC(39)     Total                          Min: 0, Avg: 1757.2, Max: 2933, Diff: 2933, Sum: 7029, Workers: 4
[20.338s][debug][gc,phases      ] GC(39)   JNI Weak                       Min:  0.0, Avg:  0.0, Max:  0.0, Diff:  0.0, Sum:  0.0, Workers: 4
[20.338s][debug][gc,phases      ] GC(39)     Dead                           Min: 0, Avg:  0.0, Max: 0, Diff: 0, Sum: 0, Workers: 4
[20.338s][debug][gc,phases      ] GC(39)     Total                          Min: 0, Avg:  1.2, Max: 5, Diff: 5, Sum: 5, Workers: 4
[20.338s][debug][gc,phases      ] GC(39)   StringDedup Table Weak         Min:  0.0, Avg:  0.0, Max:  0.0, Diff:  0.0, Sum:  0.0, Workers: 4
[20.338s][debug][gc,phases      ] GC(39)     Dead                           Min: 0, Avg:  0.0, Max: 0, Diff: 0, Sum: 0, Workers: 4
[20.338s][debug][gc,phases      ] GC(39)     Total                          Min: 0, Avg:  0.0, Max: 0, Diff: 0, Sum: 0, Workers: 4
[20.338s][debug][gc,phases      ] GC(39)   StringDedup Requests0 Weak     Min:  0.0, Avg:  0.0, Max:  0.0, Diff:  0.0, Sum:  0.0, Workers: 4
[20.338s][debug][gc,phases      ] GC(39)     Dead                           Min: 0, Avg:  0.0, Max: 0, Diff: 0, Sum: 0, Workers: 4
[20.338s][debug][gc,phases      ] GC(39)     Total                          Min: 0, Avg:  0.0, Max: 0, Diff: 0, Sum: 0, Workers: 4
[20.338s][debug][gc,phases      ] GC(39)   StringDedup Requests1 Weak     Min:  0.0, Avg:  0.0, Max:  0.0, Diff:  0.0, Sum:  0.0, Workers: 4
[20.338s][debug][gc,phases      ] GC(39)     Dead                           Min: 0, Avg:  0.0, Max: 0, Diff: 0, Sum: 0, Workers: 4
[20.338s][debug][gc,phases      ] GC(39)     Total                          Min: 0, Avg:  0.0, Max: 0, Diff: 0, Sum: 0, Workers: 4
[20.338s][debug][gc,phases      ] GC(39)   Weak JFR Old Object Samples    Min:  0.0, Avg:  0.0, Max:  0.0, Diff:  0.0, Sum:  0.0, Workers: 4
[20.338s][debug][gc,phases      ] GC(39)     Dead                           Min: 0, Avg:  0.0, Max: 0, Diff: 0, Sum: 0, Workers: 4
[20.338s][debug][gc,phases      ] GC(39)     Total                          Min: 0, Avg:  0.0, Max: 0, Diff: 0, Sum: 0, Workers: 4
[20.338s][debug][gc,phases      ] GC(39) Weak Processing 0.530ms
[20.338s][debug][gc,age         ] GC(39) Desired survivor size 414711808 bytes, new threshold 15 (max threshold 15)
[20.338s][info ][gc,heap        ] GC(39) PSYoungGen: 1552189K(1552384K)->249613K(1689088K) Eden: 1303552K(1303552K)->0K(1287168K) From: 248637K(248832K)->249613K(401920K)
[20.338s][info ][gc,heap        ] GC(39) ParOldGen: 282644K(390144K)->282700K(390144K)
[20.338s][info ][gc,metaspace   ] GC(39) Metaspace: 68003K(68736K)->68003K(68736K) NonClass: 58090K(58496K)->58090K(58496K) Class: 9912K(10240K)->9912K(10240K)
[20.338s][info ][gc             ] GC(39) Pause Young (Allocation Failure) 1791M->519M(2030M) 101.845ms
[20.338s][info ][gc,cpu         ] GC(39) User=0.39s Sys=0.00s Real=0.10s
[20.338s][info ][safepoint      ] Safepoint "ParallelGCFailedAllocation", Time since last: 332075330 ns, Reaching safepoint: 161199 ns, At safepoint: 101958557 ns, Total: 102119756 ns
[20.618s][info ][gc,start       ] GC(40) Pause Young (Allocation Failure)
[20.728s][debug][gc,phases      ] GC(40) Scavenge 109.970ms
[20.728s][debug][gc,ref         ] GC(40) Skipped phase 1 of Reference Processing: no references
[20.728s][debug][gc,ref         ] GC(40) ReferenceProcessor::execute queues: 1, RefProcThreadModel::Single, marks_oops_alive: false
[20.728s][debug][gc,ref         ] GC(40) Skipped phase 3 of Reference Processing: no references
[20.728s][debug][gc,ref         ] GC(40) ReferenceProcessor::execute queues: 1, RefProcThreadModel::Single, marks_oops_alive: false
[20.728s][debug][gc,phases      ] GC(40) Reference Processing 0.137ms
[20.728s][debug][gc,phases      ] GC(40)   VM Weak                        Min:  0.0, Avg:  0.0, Max:  0.0, Diff:  0.0, Sum:  0.0, Workers: 4
[20.728s][debug][gc,phases      ] GC(40)     Dead                           Min: 0, Avg:  0.0, Max: 0, Diff: 0, Sum: 0, Workers: 4
[20.728s][debug][gc,phases      ] GC(40)     Total                          Min: 0, Avg: 148.5, Max: 320, Diff: 320, Sum: 594, Workers: 4
[20.728s][debug][gc,phases      ] GC(40)   ObjectSynchronizer Weak        Min:  0.0, Avg:  0.0, Max:  0.0, Diff:  0.0, Sum:  0.0, Workers: 4
[20.728s][debug][gc,phases      ] GC(40)     Dead                           Min: 0, Avg:  0.0, Max: 0, Diff: 0, Sum: 0, Workers: 4
[20.728s][debug][gc,phases      ] GC(40)     Total                          Min: 0, Avg: 86.0, Max: 192, Diff: 192, Sum: 344, Workers: 4
[20.728s][debug][gc,phases      ] GC(40)   JVMTI Tag Weak OopStorage      Min:  0.0, Avg:  0.0, Max:  0.0, Diff:  0.0, Sum:  0.0, Workers: 4
[20.728s][debug][gc,phases      ] GC(40)     Dead                           Min: 0, Avg:  0.0, Max: 0, Diff: 0, Sum: 0, Workers: 4
[20.728s][debug][gc,phases      ] GC(40)     Total                          Min: 0, Avg:  0.0, Max: 0, Diff: 0, Sum: 0, Workers: 4
[20.728s][debug][gc,phases      ] GC(40)   StringTable Weak               Min:  0.1, Avg:  0.1, Max:  0.1, Diff:  0.0, Sum:  0.3, Workers: 4
[20.728s][debug][gc,phases      ] GC(40)     Dead                           Min: 0, Avg:  0.5, Max: 1, Diff: 1, Sum: 2, Workers: 4
[20.728s][debug][gc,phases      ] GC(40)     Total                          Min: 10496, Avg: 10704.2, Max: 10816, Diff: 320, Sum: 42817, Workers: 4
[20.728s][debug][gc,phases      ] GC(40)   ResolvedMethodTable Weak       Min:  0.0, Avg:  0.0, Max:  0.0, Diff:  0.0, Sum:  0.1, Workers: 4
[20.728s][debug][gc,phases      ] GC(40)     Dead                           Min: 0, Avg:  0.0, Max: 0, Diff: 0, Sum: 0, Workers: 4
[20.728s][debug][gc,phases      ] GC(40)     Total                          Min: 1215, Avg: 1791.5, Max: 2368, Diff: 1153, Sum: 7166, Workers: 4
[20.728s][debug][gc,phases      ] GC(40)   JNI Weak                       Min:  0.0, Avg:  0.0, Max:  0.0, Diff:  0.0, Sum:  0.0, Workers: 4
[20.728s][debug][gc,phases      ] GC(40)     Dead                           Min: 0, Avg:  0.0, Max: 0, Diff: 0, Sum: 0, Workers: 4
[20.728s][debug][gc,phases      ] GC(40)     Total                          Min: 0, Avg:  1.5, Max: 6, Diff: 6, Sum: 6, Workers: 4
[20.728s][debug][gc,phases      ] GC(40)   StringDedup Table Weak         Min:  0.0, Avg:  0.0, Max:  0.0, Diff:  0.0, Sum:  0.0, Workers: 4
[20.728s][debug][gc,phases      ] GC(40)     Dead                           Min: 0, Avg:  0.0, Max: 0, Diff: 0, Sum: 0, Workers: 4
[20.728s][debug][gc,phases      ] GC(40)     Total                          Min: 0, Avg:  0.0, Max: 0, Diff: 0, Sum: 0, Workers: 4
[20.728s][debug][gc,phases      ] GC(40)   StringDedup Requests0 Weak     Min:  0.0, Avg:  0.0, Max:  0.0, Diff:  0.0, Sum:  0.0, Workers: 4
[20.728s][debug][gc,phases      ] GC(40)     Dead                           Min: 0, Avg:  0.0, Max: 0, Diff: 0, Sum: 0, Workers: 4
[20.728s][debug][gc,phases      ] GC(40)     Total                          Min: 0, Avg:  0.0, Max: 0, Diff: 0, Sum: 0, Workers: 4
[20.728s][debug][gc,phases      ] GC(40)   StringDedup Requests1 Weak     Min:  0.0, Avg:  0.0, Max:  0.0, Diff:  0.0, Sum:  0.0, Workers: 4
[20.728s][debug][gc,phases      ] GC(40)     Dead                           Min: 0, Avg:  0.0, Max: 0, Diff: 0, Sum: 0, Workers: 4
[20.728s][debug][gc,phases      ] GC(40)     Total                          Min: 0, Avg:  0.0, Max: 0, Diff: 0, Sum: 0, Workers: 4
[20.728s][debug][gc,phases      ] GC(40)   Weak JFR Old Object Samples    Min:  0.0, Avg:  0.0, Max:  0.0, Diff:  0.0, Sum:  0.0, Workers: 4
[20.728s][debug][gc,phases      ] GC(40)     Dead                           Min: 0, Avg:  0.0, Max: 0, Diff: 0, Sum: 0, Workers: 4
[20.728s][debug][gc,phases      ] GC(40)     Total                          Min: 0, Avg:  0.0, Max: 0, Diff: 0, Sum: 0, Workers: 4
[20.728s][debug][gc,phases      ] GC(40) Weak Processing 0.242ms
[20.728s][debug][gc,age         ] GC(40) Desired survivor size 415760384 bytes, new threshold 15 (max threshold 15)
[20.728s][info ][gc,heap        ] GC(40) PSYoungGen: 1536781K(1689088K)->248720K(1536000K) Eden: 1287168K(1287168K)->0K(1287168K) From: 249613K(401920K)->248720K(248832K)
[20.728s][info ][gc,heap        ] GC(40) ParOldGen: 282700K(390144K)->284881K(390144K)
[20.728s][info ][gc,metaspace   ] GC(40) Metaspace: 68466K(69248K)->68466K(69248K) NonClass: 58475K(58880K)->58475K(58880K) Class: 9990K(10368K)->9990K(10368K)
[20.728s][info ][gc             ] GC(40) Pause Young (Allocation Failure) 1776M->521M(1881M) 110.461ms
[20.728s][info ][gc,cpu         ] GC(40) User=0.44s Sys=0.00s Real=0.11s
[20.728s][info ][safepoint      ] Safepoint "ParallelGCFailedAllocation", Time since last: 278898513 ns, Reaching safepoint: 670797 ns, At safepoint: 110569010 ns, Total: 111239807 ns
[20.902s][info ][safepoint      ] Safepoint "ICBufferFull", Time since last: 173327377 ns, Reaching safepoint: 140999 ns, At safepoint: 34400 ns, Total: 175399 ns
[21.098s][info ][gc,start       ] GC(41) Pause Young (Allocation Failure)
[21.220s][debug][gc,phases      ] GC(41) Scavenge 121.622ms
[21.220s][debug][gc,ref         ] GC(41) Skipped phase 1 of Reference Processing: no references
[21.220s][debug][gc,ref         ] GC(41) ReferenceProcessor::execute queues: 1, RefProcThreadModel::Single, marks_oops_alive: false
[21.220s][debug][gc,ref         ] GC(41) Skipped phase 3 of Reference Processing: no references
[21.220s][debug][gc,ref         ] GC(41) ReferenceProcessor::execute queues: 1, RefProcThreadModel::Single, marks_oops_alive: false
[21.220s][debug][gc,phases      ] GC(41) Reference Processing 0.138ms
[21.220s][debug][gc,phases      ] GC(41)   VM Weak                        Min:  0.0, Avg:  0.0, Max:  0.0, Diff:  0.0, Sum:  0.0, Workers: 4
[21.220s][debug][gc,phases      ] GC(41)     Dead                           Min: 0, Avg:  0.0, Max: 0, Diff: 0, Sum: 0, Workers: 4
[21.220s][debug][gc,phases      ] GC(41)     Total                          Min: 0, Avg: 148.5, Max: 512, Diff: 512, Sum: 594, Workers: 4
[21.220s][debug][gc,phases      ] GC(41)   ObjectSynchronizer Weak        Min:  0.0, Avg:  0.0, Max:  0.0, Diff:  0.0, Sum:  0.0, Workers: 4
[21.220s][debug][gc,phases      ] GC(41)     Dead                           Min: 0, Avg:  0.0, Max: 0, Diff: 0, Sum: 0, Workers: 4
[21.220s][debug][gc,phases      ] GC(41)     Total                          Min: 0, Avg: 86.0, Max: 152, Diff: 152, Sum: 344, Workers: 4
[21.221s][debug][gc,phases      ] GC(41)   JVMTI Tag Weak OopStorage      Min:  0.0, Avg:  0.0, Max:  0.0, Diff:  0.0, Sum:  0.0, Workers: 4
[21.221s][debug][gc,phases      ] GC(41)     Dead                           Min: 0, Avg:  0.0, Max: 0, Diff: 0, Sum: 0, Workers: 4
[21.221s][debug][gc,phases      ] GC(41)     Total                          Min: 0, Avg:  0.0, Max: 0, Diff: 0, Sum: 0, Workers: 4
[21.221s][debug][gc,phases      ] GC(41)   StringTable Weak               Min:  0.1, Avg:  0.1, Max:  0.1, Diff:  0.0, Sum:  0.4, Workers: 4
[21.221s][debug][gc,phases      ] GC(41)     Dead                           Min: 0, Avg:  3.0, Max: 12, Diff: 12, Sum: 12, Workers: 4
[21.221s][debug][gc,phases      ] GC(41)     Total                          Min: 8960, Avg: 10708.5, Max: 14335, Diff: 5375, Sum: 42834, Workers: 4
[21.221s][debug][gc,phases      ] GC(41)   ResolvedMethodTable Weak       Min:  0.0, Avg:  0.0, Max:  0.0, Diff:  0.0, Sum:  0.1, Workers: 4
[21.221s][debug][gc,phases      ] GC(41)     Dead                           Min: 0, Avg:  4.2, Max: 9, Diff: 9, Sum: 17, Workers: 4
[21.221s][debug][gc,phases      ] GC(41)     Total                          Min: 1536, Avg: 1793.2, Max: 2124, Diff: 588, Sum: 7173, Workers: 4
[21.221s][debug][gc,phases      ] GC(41)   JNI Weak                       Min:  0.0, Avg:  0.0, Max:  0.0, Diff:  0.0, Sum:  0.0, Workers: 4
[21.221s][debug][gc,phases      ] GC(41)     Dead                           Min: 0, Avg:  0.0, Max: 0, Diff: 0, Sum: 0, Workers: 4
[21.221s][debug][gc,phases      ] GC(41)     Total                          Min: 0, Avg:  2.0, Max: 8, Diff: 8, Sum: 8, Workers: 4
[21.221s][debug][gc,phases      ] GC(41)   StringDedup Table Weak         Min:  0.0, Avg:  0.0, Max:  0.0, Diff:  0.0, Sum:  0.0, Workers: 4
[21.221s][debug][gc,phases      ] GC(41)     Dead                           Min: 0, Avg:  0.0, Max: 0, Diff: 0, Sum: 0, Workers: 4
[21.221s][debug][gc,phases      ] GC(41)     Total                          Min: 0, Avg:  0.0, Max: 0, Diff: 0, Sum: 0, Workers: 4
[21.221s][debug][gc,phases      ] GC(41)   StringDedup Requests0 Weak     Min:  0.0, Avg:  0.0, Max:  0.0, Diff:  0.0, Sum:  0.0, Workers: 4
[21.221s][debug][gc,phases      ] GC(41)     Dead                           Min: 0, Avg:  0.0, Max: 0, Diff: 0, Sum: 0, Workers: 4
[21.221s][debug][gc,phases      ] GC(41)     Total                          Min: 0, Avg:  0.0, Max: 0, Diff: 0, Sum: 0, Workers: 4
[21.221s][debug][gc,phases      ] GC(41)   StringDedup Requests1 Weak     Min:  0.0, Avg:  0.0, Max:  0.0, Diff:  0.0, Sum:  0.0, Workers: 4
[21.221s][debug][gc,phases      ] GC(41)     Dead                           Min: 0, Avg:  0.0, Max: 0, Diff: 0, Sum: 0, Workers: 4
[21.221s][debug][gc,phases      ] GC(41)     Total                          Min: 0, Avg:  0.0, Max: 0, Diff: 0, Sum: 0, Workers: 4
[21.221s][debug][gc,phases      ] GC(41)   Weak JFR Old Object Samples    Min:  0.0, Avg:  0.0, Max:  0.0, Diff:  0.0, Sum:  0.0, Workers: 4
[21.221s][debug][gc,phases      ] GC(41)     Dead                           Min: 0, Avg:  0.0, Max: 0, Diff: 0, Sum: 0, Workers: 4
[21.221s][debug][gc,phases      ] GC(41)     Total                          Min: 0, Avg:  0.0, Max: 0, Diff: 0, Sum: 0, Workers: 4
[21.221s][debug][gc,phases      ] GC(41) Weak Processing 0.276ms
[21.221s][debug][gc,age         ] GC(41) Desired survivor size 414711808 bytes, new threshold 15 (max threshold 15)
[21.221s][info ][gc,heap        ] GC(41) PSYoungGen: 1535888K(1536000K)->248656K(1692160K) Eden: 1287168K(1287168K)->0K(1286144K) From: 248720K(248832K)->248656K(406016K)
[21.221s][info ][gc,heap        ] GC(41) ParOldGen: 284881K(390144K)->284993K(390144K)
[21.221s][info ][gc,metaspace   ] GC(41) Metaspace: 68575K(69376K)->68575K(69376K) NonClass: 58579K(59008K)->58579K(59008K) Class: 9995K(10368K)->9995K(10368K)
[21.221s][info ][gc             ] GC(41) Pause Young (Allocation Failure) 1778M->521M(2033M) 122.154ms
[21.221s][info ][gc,cpu         ] GC(41) User=0.46s Sys=0.01s Real=0.12s
[21.221s][info ][safepoint      ] Safepoint "ParallelGCFailedAllocation", Time since last: 192541973 ns, Reaching safepoint: 4290378 ns, At safepoint: 122260848 ns, Total: 126551226 ns
[21.467s][info ][gc,start       ] GC(42) Pause Young (Allocation Failure)
[21.573s][debug][gc,phases      ] GC(42) Scavenge 106.283ms
[21.573s][debug][gc,ref         ] GC(42) Skipped phase 1 of Reference Processing: no references
[21.573s][debug][gc,ref         ] GC(42) ReferenceProcessor::execute queues: 1, RefProcThreadModel::Single, marks_oops_alive: false
[21.573s][debug][gc,ref         ] GC(42) Skipped phase 3 of Reference Processing: no references
[21.573s][debug][gc,ref         ] GC(42) ReferenceProcessor::execute queues: 1, RefProcThreadModel::Single, marks_oops_alive: false
[21.573s][debug][gc,phases      ] GC(42) Reference Processing 0.138ms
[21.573s][debug][gc,phases      ] GC(42)   VM Weak                        Min:  0.0, Avg:  0.0, Max:  0.0, Diff:  0.0, Sum:  0.0, Workers: 4
[21.573s][debug][gc,phases      ] GC(42)     Dead                           Min: 0, Avg:  0.0, Max: 0, Diff: 0, Sum: 0, Workers: 4
[21.573s][debug][gc,phases      ] GC(42)     Total                          Min: 0, Avg: 148.5, Max: 338, Diff: 338, Sum: 594, Workers: 4
[21.573s][debug][gc,phases      ] GC(42)   ObjectSynchronizer Weak        Min:  0.0, Avg:  0.0, Max:  0.0, Diff:  0.0, Sum:  0.0, Workers: 4
[21.573s][debug][gc,phases      ] GC(42)     Dead                           Min: 0, Avg:  0.0, Max: 0, Diff: 0, Sum: 0, Workers: 4
[21.573s][debug][gc,phases      ] GC(42)     Total                          Min: 0, Avg: 86.0, Max: 192, Diff: 192, Sum: 344, Workers: 4
[21.573s][debug][gc,phases      ] GC(42)   JVMTI Tag Weak OopStorage      Min:  0.0, Avg:  0.0, Max:  0.0, Diff:  0.0, Sum:  0.0, Workers: 4
[21.573s][debug][gc,phases      ] GC(42)     Dead                           Min: 0, Avg:  0.0, Max: 0, Diff: 0, Sum: 0, Workers: 4
[21.573s][debug][gc,phases      ] GC(42)     Total                          Min: 0, Avg:  0.0, Max: 0, Diff: 0, Sum: 0, Workers: 4
[21.573s][debug][gc,phases      ] GC(42)   StringTable Weak               Min:  0.1, Avg:  0.1, Max:  0.1, Diff:  0.0, Sum:  0.4, Workers: 4
[21.573s][debug][gc,phases      ] GC(42)     Dead                           Min: 0, Avg:  3.0, Max: 12, Diff: 12, Sum: 12, Workers: 4
[21.573s][debug][gc,phases      ] GC(42)     Total                          Min: 8064, Avg: 10710.2, Max: 13850, Diff: 5786, Sum: 42841, Workers: 4
[21.573s][debug][gc,phases      ] GC(42)   ResolvedMethodTable Weak       Min:  0.0, Avg:  0.0, Max:  0.0, Diff:  0.0, Sum:  0.1, Workers: 4
[21.573s][debug][gc,phases      ] GC(42)     Dead                           Min: 0, Avg:  0.0, Max: 0, Diff: 0, Sum: 0, Workers: 4
[21.573s][debug][gc,phases      ] GC(42)     Total                          Min: 1152, Avg: 1793.5, Max: 2375, Diff: 1223, Sum: 7174, Workers: 4
[21.573s][debug][gc,phases      ] GC(42)   JNI Weak                       Min:  0.0, Avg:  0.0, Max:  0.0, Diff:  0.0, Sum:  0.0, Workers: 4
[21.573s][debug][gc,phases      ] GC(42)     Dead                           Min: 0, Avg:  0.0, Max: 0, Diff: 0, Sum: 0, Workers: 4
[21.573s][debug][gc,phases      ] GC(42)     Total                          Min: 0, Avg:  1.5, Max: 6, Diff: 6, Sum: 6, Workers: 4
[21.573s][debug][gc,phases      ] GC(42)   StringDedup Table Weak         Min:  0.0, Avg:  0.0, Max:  0.0, Diff:  0.0, Sum:  0.0, Workers: 4
[21.573s][debug][gc,phases      ] GC(42)     Dead                           Min: 0, Avg:  0.0, Max: 0, Diff: 0, Sum: 0, Workers: 4
[21.573s][debug][gc,phases      ] GC(42)     Total                          Min: 0, Avg:  0.0, Max: 0, Diff: 0, Sum: 0, Workers: 4
[21.573s][debug][gc,phases      ] GC(42)   StringDedup Requests0 Weak     Min:  0.0, Avg:  0.0, Max:  0.0, Diff:  0.0, Sum:  0.0, Workers: 4
[21.573s][debug][gc,phases      ] GC(42)     Dead                           Min: 0, Avg:  0.0, Max: 0, Diff: 0, Sum: 0, Workers: 4
[21.573s][debug][gc,phases      ] GC(42)     Total                          Min: 0, Avg:  0.0, Max: 0, Diff: 0, Sum: 0, Workers: 4
[21.573s][debug][gc,phases      ] GC(42)   StringDedup Requests1 Weak     Min:  0.0, Avg:  0.0, Max:  0.0, Diff:  0.0, Sum:  0.0, Workers: 4
[21.573s][debug][gc,phases      ] GC(42)     Dead                           Min: 0, Avg:  0.0, Max: 0, Diff: 0, Sum: 0, Workers: 4
[21.573s][debug][gc,phases      ] GC(42)     Total                          Min: 0, Avg:  0.0, Max: 0, Diff: 0, Sum: 0, Workers: 4
[21.573s][debug][gc,phases      ] GC(42)   Weak JFR Old Object Samples    Min:  0.0, Avg:  0.0, Max:  0.0, Diff:  0.0, Sum:  0.0, Workers: 4
[21.573s][debug][gc,phases      ] GC(42)     Dead                           Min: 0, Avg:  0.0, Max: 0, Diff: 0, Sum: 0, Workers: 4
[21.573s][debug][gc,phases      ] GC(42)     Total                          Min: 0, Avg:  0.0, Max: 0, Diff: 0, Sum: 0, Workers: 4
[21.573s][debug][gc,phases      ] GC(42) Weak Processing 0.255ms
[21.573s][debug][gc,age         ] GC(42) Desired survivor size 411566080 bytes, new threshold 15 (max threshold 15)
[21.573s][info ][gc,heap        ] GC(42) PSYoungGen: 1534800K(1692160K)->246864K(1691136K) Eden: 1286144K(1286144K)->0K(1286144K) From: 248656K(406016K)->246864K(404992K)
[21.573s][info ][gc,heap        ] GC(42) ParOldGen: 284993K(390144K)->285193K(390144K)
[21.573s][info ][gc,metaspace   ] GC(42) Metaspace: 68604K(69376K)->68604K(69376K) NonClass: 58607K(59008K)->58607K(59008K) Class: 9997K(10368K)->9997K(10368K)
[21.573s][info ][gc             ] GC(42) Pause Young (Allocation Failure) 1777M->519M(2032M) 106.792ms
[21.573s][info ][gc,cpu         ] GC(42) User=0.42s Sys=0.00s Real=0.11s
[21.573s][info ][safepoint      ] Safepoint "ParallelGCFailedAllocation", Time since last: 245715490 ns, Reaching safepoint: 150700 ns, At safepoint: 106889530 ns, Total: 107040230 ns
[21.651s][info ][safepoint      ] Safepoint "ICBufferFull", Time since last: 76272393 ns, Reaching safepoint: 803496 ns, At safepoint: 29100 ns, Total: 832596 ns
[21.701s][info ][safepoint      ] Safepoint "ICBufferFull", Time since last: 50239732 ns, Reaching safepoint: 194499 ns, At safepoint: 25600 ns, Total: 220099 ns
[21.863s][info ][gc,start       ] GC(43) Pause Young (Allocation Failure)
[21.978s][debug][gc,phases      ] GC(43) Scavenge 115.378ms
[21.978s][debug][gc,ref         ] GC(43) Skipped phase 1 of Reference Processing: no references
[21.978s][debug][gc,ref         ] GC(43) ReferenceProcessor::execute queues: 1, RefProcThreadModel::Single, marks_oops_alive: false
[21.978s][debug][gc,ref         ] GC(43) Skipped phase 3 of Reference Processing: no references
[21.978s][debug][gc,ref         ] GC(43) ReferenceProcessor::execute queues: 1, RefProcThreadModel::Single, marks_oops_alive: false
[21.978s][debug][gc,phases      ] GC(43) Reference Processing 0.165ms
[21.978s][debug][gc,phases      ] GC(43)   VM Weak                        Min:  0.0, Avg:  0.0, Max:  0.0, Diff:  0.0, Sum:  0.0, Workers: 4
[21.978s][debug][gc,phases      ] GC(43)     Dead                           Min: 0, Avg:  0.0, Max: 0, Diff: 0, Sum: 0, Workers: 4
[21.978s][debug][gc,phases      ] GC(43)     Total                          Min: 0, Avg: 148.5, Max: 530, Diff: 530, Sum: 594, Workers: 4
[21.978s][debug][gc,phases      ] GC(43)   ObjectSynchronizer Weak        Min:  0.0, Avg:  0.0, Max:  0.0, Diff:  0.0, Sum:  0.0, Workers: 4
[21.978s][debug][gc,phases      ] GC(43)     Dead                           Min: 0, Avg:  0.0, Max: 0, Diff: 0, Sum: 0, Workers: 4
[21.978s][debug][gc,phases      ] GC(43)     Total                          Min: 0, Avg: 86.0, Max: 152, Diff: 152, Sum: 344, Workers: 4
[21.978s][debug][gc,phases      ] GC(43)   JVMTI Tag Weak OopStorage      Min:  0.0, Avg:  0.0, Max:  0.0, Diff:  0.0, Sum:  0.0, Workers: 4
[21.978s][debug][gc,phases      ] GC(43)     Dead                           Min: 0, Avg:  0.0, Max: 0, Diff: 0, Sum: 0, Workers: 4
[21.978s][debug][gc,phases      ] GC(43)     Total                          Min: 0, Avg:  0.0, Max: 0, Diff: 0, Sum: 0, Workers: 4
[21.978s][debug][gc,phases      ] GC(43)   StringTable Weak               Min:  0.1, Avg:  0.1, Max:  0.1, Diff:  0.0, Sum:  0.4, Workers: 4
[21.978s][debug][gc,phases      ] GC(43)     Dead                           Min: 0, Avg:  2.8, Max: 10, Diff: 10, Sum: 11, Workers: 4
[21.978s][debug][gc,phases      ] GC(43)     Total                          Min: 8609, Avg: 10712.2, Max: 13056, Diff: 4447, Sum: 42849, Workers: 4
[21.978s][debug][gc,phases      ] GC(43)   ResolvedMethodTable Weak       Min:  0.0, Avg:  0.0, Max:  0.0, Diff:  0.0, Sum:  0.1, Workers: 4
[21.978s][debug][gc,phases      ] GC(43)     Dead                           Min: 0, Avg:  0.0, Max: 0, Diff: 0, Sum: 0, Workers: 4
[21.978s][debug][gc,phases      ] GC(43)     Total                          Min: 1472, Avg: 1793.5, Max: 2125, Diff: 653, Sum: 7174, Workers: 4
[21.978s][debug][gc,phases      ] GC(43)   JNI Weak                       Min:  0.0, Avg:  0.0, Max:  0.0, Diff:  0.0, Sum:  0.0, Workers: 4
[21.978s][debug][gc,phases      ] GC(43)     Dead                           Min: 0, Avg:  0.0, Max: 0, Diff: 0, Sum: 0, Workers: 4
[21.978s][debug][gc,phases      ] GC(43)     Total                          Min: 0, Avg:  1.5, Max: 6, Diff: 6, Sum: 6, Workers: 4
[21.978s][debug][gc,phases      ] GC(43)   StringDedup Table Weak         Min:  0.0, Avg:  0.0, Max:  0.0, Diff:  0.0, Sum:  0.0, Workers: 4
[21.978s][debug][gc,phases      ] GC(43)     Dead                           Min: 0, Avg:  0.0, Max: 0, Diff: 0, Sum: 0, Workers: 4
[21.978s][debug][gc,phases      ] GC(43)     Total                          Min: 0, Avg:  0.0, Max: 0, Diff: 0, Sum: 0, Workers: 4
[21.978s][debug][gc,phases      ] GC(43)   StringDedup Requests0 Weak     Min:  0.0, Avg:  0.0, Max:  0.0, Diff:  0.0, Sum:  0.0, Workers: 4
[21.978s][debug][gc,phases      ] GC(43)     Dead                           Min: 0, Avg:  0.0, Max: 0, Diff: 0, Sum: 0, Workers: 4
[21.978s][debug][gc,phases      ] GC(43)     Total                          Min: 0, Avg:  0.0, Max: 0, Diff: 0, Sum: 0, Workers: 4
[21.978s][debug][gc,phases      ] GC(43)   StringDedup Requests1 Weak     Min:  0.0, Avg:  0.0, Max:  0.0, Diff:  0.0, Sum:  0.0, Workers: 4
[21.978s][debug][gc,phases      ] GC(43)     Dead                           Min: 0, Avg:  0.0, Max: 0, Diff: 0, Sum: 0, Workers: 4
[21.978s][debug][gc,phases      ] GC(43)     Total                          Min: 0, Avg:  0.0, Max: 0, Diff: 0, Sum: 0, Workers: 4
[21.978s][debug][gc,phases      ] GC(43)   Weak JFR Old Object Samples    Min:  0.0, Avg:  0.0, Max:  0.0, Diff:  0.0, Sum:  0.0, Workers: 4
[21.978s][debug][gc,phases      ] GC(43)     Dead                           Min: 0, Avg:  0.0, Max: 0, Diff: 0, Sum: 0, Workers: 4
[21.978s][debug][gc,phases      ] GC(43)     Total                          Min: 0, Avg:  0.0, Max: 0, Diff: 0, Sum: 0, Workers: 4
[21.978s][debug][gc,phases      ] GC(43) Weak Processing 0.270ms
[21.978s][debug][gc,age         ] GC(43) Desired survivor size 406847488 bytes, new threshold 15 (max threshold 15)
[21.978s][info ][gc,heap        ] GC(43) PSYoungGen: 1533008K(1691136K)->246032K(1699840K) Eden: 1286144K(1286144K)->0K(1297920K) From: 246864K(404992K)->246032K(401920K)
[21.978s][info ][gc,heap        ] GC(43) ParOldGen: 285193K(390144K)->286439K(390144K)
[21.978s][info ][gc,metaspace   ] GC(43) Metaspace: 68618K(69440K)->68618K(69440K) NonClass: 58620K(59072K)->58620K(59072K) Class: 9997K(10368K)->9997K(10368K)
[21.978s][info ][gc             ] GC(43) Pause Young (Allocation Failure) 1775M->519M(2041M) 115.933ms
[21.979s][info ][gc,cpu         ] GC(43) User=0.45s Sys=0.01s Real=0.11s
[21.979s][info ][safepoint      ] Safepoint "ParallelGCFailedAllocation", Time since last: 159376751 ns, Reaching safepoint: 2126088 ns, At safepoint: 116033282 ns, Total: 118159370 ns
[22.184s][info ][safepoint      ] Safepoint "ICBufferFull", Time since last: 205188806 ns, Reaching safepoint: 165899 ns, At safepoint: 37000 ns, Total: 202899 ns
[22.266s][info ][safepoint      ] Safepoint "ICBufferFull", Time since last: 82012363 ns, Reaching safepoint: 143499 ns, At safepoint: 33000 ns, Total: 176499 ns
[22.282s][info ][gc,start       ] GC(44) Pause Young (Allocation Failure)
[22.372s][debug][gc,phases      ] GC(44) Scavenge 90.573ms
[22.372s][debug][gc,ref         ] GC(44) Skipped phase 1 of Reference Processing: no references
[22.372s][debug][gc,ref         ] GC(44) ReferenceProcessor::execute queues: 1, RefProcThreadModel::Single, marks_oops_alive: false
[22.373s][debug][gc,ref         ] GC(44) Skipped phase 3 of Reference Processing: no references
[22.373s][debug][gc,ref         ] GC(44) ReferenceProcessor::execute queues: 1, RefProcThreadModel::Single, marks_oops_alive: false
[22.373s][debug][gc,phases      ] GC(44) Reference Processing 0.132ms
[22.373s][debug][gc,phases      ] GC(44)   VM Weak                        Min:  0.0, Avg:  0.0, Max:  0.0, Diff:  0.0, Sum:  0.0, Workers: 4
[22.373s][debug][gc,phases      ] GC(44)     Dead                           Min: 0, Avg:  0.0, Max: 0, Diff: 0, Sum: 0, Workers: 4
[22.373s][debug][gc,phases      ] GC(44)     Total                          Min: 0, Avg: 148.5, Max: 530, Diff: 530, Sum: 594, Workers: 4
[22.373s][debug][gc,phases      ] GC(44)   ObjectSynchronizer Weak        Min:  0.0, Avg:  0.0, Max:  0.0, Diff:  0.0, Sum:  0.0, Workers: 4
[22.373s][debug][gc,phases      ] GC(44)     Dead                           Min: 0, Avg:  0.0, Max: 0, Diff: 0, Sum: 0, Workers: 4
[22.373s][debug][gc,phases      ] GC(44)     Total                          Min: 0, Avg: 86.0, Max: 192, Diff: 192, Sum: 344, Workers: 4
[22.373s][debug][gc,phases      ] GC(44)   JVMTI Tag Weak OopStorage      Min:  0.0, Avg:  0.0, Max:  0.0, Diff:  0.0, Sum:  0.0, Workers: 4
[22.373s][debug][gc,phases      ] GC(44)     Dead                           Min: 0, Avg:  0.0, Max: 0, Diff: 0, Sum: 0, Workers: 4
[22.373s][debug][gc,phases      ] GC(44)     Total                          Min: 0, Avg:  0.0, Max: 0, Diff: 0, Sum: 0, Workers: 4
[22.373s][debug][gc,phases      ] GC(44)   StringTable Weak               Min:  0.1, Avg:  0.1, Max:  0.1, Diff:  0.0, Sum:  0.3, Workers: 4
[22.373s][debug][gc,phases      ] GC(44)     Dead                           Min: 0, Avg:  2.8, Max: 11, Diff: 11, Sum: 11, Workers: 4
[22.373s][debug][gc,phases      ] GC(44)     Total                          Min: 10172, Avg: 10714.8, Max: 11376, Diff: 1204, Sum: 42859, Workers: 4
[22.373s][debug][gc,phases      ] GC(44)   ResolvedMethodTable Weak       Min:  0.0, Avg:  0.0, Max:  0.0, Diff:  0.0, Sum:  0.1, Workers: 4
[22.373s][debug][gc,phases      ] GC(44)     Dead                           Min: 0, Avg:  0.2, Max: 1, Diff: 1, Sum: 1, Workers: 4
[22.373s][debug][gc,phases      ] GC(44)     Total                          Min: 1535, Avg: 1793.5, Max: 2042, Diff: 507, Sum: 7174, Workers: 4
[22.373s][debug][gc,phases      ] GC(44)   JNI Weak                       Min:  0.0, Avg:  0.0, Max:  0.0, Diff:  0.0, Sum:  0.0, Workers: 4
[22.373s][debug][gc,phases      ] GC(44)     Dead                           Min: 0, Avg:  0.0, Max: 0, Diff: 0, Sum: 0, Workers: 4
[22.373s][debug][gc,phases      ] GC(44)     Total                          Min: 0, Avg:  0.8, Max: 3, Diff: 3, Sum: 3, Workers: 4
[22.373s][debug][gc,phases      ] GC(44)   StringDedup Table Weak         Min:  0.0, Avg:  0.0, Max:  0.0, Diff:  0.0, Sum:  0.0, Workers: 4
[22.373s][debug][gc,phases      ] GC(44)     Dead                           Min: 0, Avg:  0.0, Max: 0, Diff: 0, Sum: 0, Workers: 4
[22.373s][debug][gc,phases      ] GC(44)     Total                          Min: 0, Avg:  0.0, Max: 0, Diff: 0, Sum: 0, Workers: 4
[22.373s][debug][gc,phases      ] GC(44)   StringDedup Requests0 Weak     Min:  0.0, Avg:  0.0, Max:  0.0, Diff:  0.0, Sum:  0.0, Workers: 4
[22.373s][debug][gc,phases      ] GC(44)     Dead                           Min: 0, Avg:  0.0, Max: 0, Diff: 0, Sum: 0, Workers: 4
[22.373s][debug][gc,phases      ] GC(44)     Total                          Min: 0, Avg:  0.0, Max: 0, Diff: 0, Sum: 0, Workers: 4
[22.373s][debug][gc,phases      ] GC(44)   StringDedup Requests1 Weak     Min:  0.0, Avg:  0.0, Max:  0.0, Diff:  0.0, Sum:  0.0, Workers: 4
[22.373s][debug][gc,phases      ] GC(44)     Dead                           Min: 0, Avg:  0.0, Max: 0, Diff: 0, Sum: 0, Workers: 4
[22.373s][debug][gc,phases      ] GC(44)     Total                          Min: 0, Avg:  0.0, Max: 0, Diff: 0, Sum: 0, Workers: 4
[22.373s][debug][gc,phases      ] GC(44)   Weak JFR Old Object Samples    Min:  0.0, Avg:  0.0, Max:  0.0, Diff:  0.0, Sum:  0.0, Workers: 4
[22.373s][debug][gc,phases      ] GC(44)     Dead                           Min: 0, Avg:  0.0, Max: 0, Diff: 0, Sum: 0, Workers: 4
[22.373s][debug][gc,phases      ] GC(44)     Total                          Min: 0, Avg:  0.0, Max: 0, Diff: 0, Sum: 0, Workers: 4
[22.373s][debug][gc,phases      ] GC(44) Weak Processing 0.228ms
[22.373s][debug][gc,age         ] GC(44) Desired survivor size 397410304 bytes, new threshold 15 (max threshold 15)
[22.373s][info ][gc,heap        ] GC(44) PSYoungGen: 1543952K(1699840K)->234832K(1695232K) Eden: 1297920K(1297920K)->0K(1297920K) From: 246032K(401920K)->234832K(397312K)
[22.373s][info ][gc,heap        ] GC(44) ParOldGen: 286439K(390144K)->295631K(390144K)
[22.373s][info ][gc,metaspace   ] GC(44) Metaspace: 68646K(69440K)->68646K(69440K) NonClass: 58648K(59072K)->58648K(59072K) Class: 9997K(10368K)->9997K(10368K)
[22.373s][info ][gc             ] GC(44) Pause Young (Allocation Failure) 1787M->518M(2036M) 91.046ms
[22.373s][info ][gc,cpu         ] GC(44) User=0.36s Sys=0.00s Real=0.10s
[22.373s][info ][safepoint      ] Safepoint "ParallelGCFailedAllocation", Time since last: 15461918 ns, Reaching safepoint: 126199 ns, At safepoint: 91139414 ns, Total: 91265613 ns
[22.543s][info ][safepoint      ] Safepoint "ICBufferFull", Time since last: 168886300 ns, Reaching safepoint: 764196 ns, At safepoint: 33800 ns, Total: 797996 ns
[22.635s][info ][gc,start       ] GC(45) Pause Young (Allocation Failure)
[22.719s][debug][gc,phases      ] GC(45) Scavenge 83.193ms
[22.719s][debug][gc,ref         ] GC(45) Skipped phase 1 of Reference Processing: no references
[22.719s][debug][gc,ref         ] GC(45) ReferenceProcessor::execute queues: 1, RefProcThreadModel::Single, marks_oops_alive: false
[22.719s][debug][gc,ref         ] GC(45) Skipped phase 3 of Reference Processing: no references
[22.719s][debug][gc,ref         ] GC(45) ReferenceProcessor::execute queues: 1, RefProcThreadModel::Single, marks_oops_alive: false
[22.719s][debug][gc,phases      ] GC(45) Reference Processing 0.134ms
[22.719s][debug][gc,phases      ] GC(45)   VM Weak                        Min:  0.0, Avg:  0.0, Max:  0.0, Diff:  0.0, Sum:  0.0, Workers: 4
[22.719s][debug][gc,phases      ] GC(45)     Dead                           Min: 0, Avg:  0.0, Max: 0, Diff: 0, Sum: 0, Workers: 4
[22.719s][debug][gc,phases      ] GC(45)     Total                          Min: 0, Avg: 148.5, Max: 594, Diff: 594, Sum: 594, Workers: 4
[22.719s][debug][gc,phases      ] GC(45)   ObjectSynchronizer Weak        Min:  0.0, Avg:  0.0, Max:  0.0, Diff:  0.0, Sum:  0.0, Workers: 4
[22.719s][debug][gc,phases      ] GC(45)     Dead                           Min: 0, Avg:  0.0, Max: 0, Diff: 0, Sum: 0, Workers: 4
[22.719s][debug][gc,phases      ] GC(45)     Total                          Min: 0, Avg: 86.0, Max: 344, Diff: 344, Sum: 344, Workers: 4
[22.719s][debug][gc,phases      ] GC(45)   JVMTI Tag Weak OopStorage      Min:  0.0, Avg:  0.0, Max:  0.0, Diff:  0.0, Sum:  0.0, Workers: 4
[22.719s][debug][gc,phases      ] GC(45)     Dead                           Min: 0, Avg:  0.0, Max: 0, Diff: 0, Sum: 0, Workers: 4
[22.719s][debug][gc,phases      ] GC(45)     Total                          Min: 0, Avg:  0.0, Max: 0, Diff: 0, Sum: 0, Workers: 4
[22.719s][debug][gc,phases      ] GC(45)   StringTable Weak               Min:  0.1, Avg:  0.1, Max:  0.1, Diff:  0.0, Sum:  0.3, Workers: 4
[22.719s][debug][gc,phases      ] GC(45)     Dead                           Min: 0, Avg:  0.0, Max: 0, Diff: 0, Sum: 0, Workers: 4
[22.719s][debug][gc,phases      ] GC(45)     Total                          Min: 9584, Avg: 10715.5, Max: 11326, Diff: 1742, Sum: 42862, Workers: 4
[22.719s][debug][gc,phases      ] GC(45)   ResolvedMethodTable Weak       Min:  0.0, Avg:  0.0, Max:  0.0, Diff:  0.0, Sum:  0.1, Workers: 4
[22.719s][debug][gc,phases      ] GC(45)     Dead                           Min: 0, Avg:  0.0, Max: 0, Diff: 0, Sum: 0, Workers: 4
[22.719s][debug][gc,phases      ] GC(45)     Total                          Min: 1535, Avg: 1793.5, Max: 1978, Diff: 443, Sum: 7174, Workers: 4
[22.719s][debug][gc,phases      ] GC(45)   JNI Weak                       Min:  0.0, Avg:  0.0, Max:  0.0, Diff:  0.0, Sum:  0.0, Workers: 4
[22.719s][debug][gc,phases      ] GC(45)     Dead                           Min: 0, Avg:  0.0, Max: 0, Diff: 0, Sum: 0, Workers: 4
[22.719s][debug][gc,phases      ] GC(45)     Total                          Min: 0, Avg:  0.8, Max: 3, Diff: 3, Sum: 3, Workers: 4
[22.719s][debug][gc,phases      ] GC(45)   StringDedup Table Weak         Min:  0.0, Avg:  0.0, Max:  0.0, Diff:  0.0, Sum:  0.0, Workers: 4
[22.719s][debug][gc,phases      ] GC(45)     Dead                           Min: 0, Avg:  0.0, Max: 0, Diff: 0, Sum: 0, Workers: 4
[22.719s][debug][gc,phases      ] GC(45)     Total                          Min: 0, Avg:  0.0, Max: 0, Diff: 0, Sum: 0, Workers: 4
[22.719s][debug][gc,phases      ] GC(45)   StringDedup Requests0 Weak     Min:  0.0, Avg:  0.0, Max:  0.0, Diff:  0.0, Sum:  0.0, Workers: 4
[22.719s][debug][gc,phases      ] GC(45)     Dead                           Min: 0, Avg:  0.0, Max: 0, Diff: 0, Sum: 0, Workers: 4
[22.719s][debug][gc,phases      ] GC(45)     Total                          Min: 0, Avg:  0.0, Max: 0, Diff: 0, Sum: 0, Workers: 4
[22.719s][debug][gc,phases      ] GC(45)   StringDedup Requests1 Weak     Min:  0.0, Avg:  0.0, Max:  0.0, Diff:  0.0, Sum:  0.0, Workers: 4
[22.719s][debug][gc,phases      ] GC(45)     Dead                           Min: 0, Avg:  0.0, Max: 0, Diff: 0, Sum: 0, Workers: 4
[22.719s][debug][gc,phases      ] GC(45)     Total                          Min: 0, Avg:  0.0, Max: 0, Diff: 0, Sum: 0, Workers: 4
[22.719s][debug][gc,phases      ] GC(45)   Weak JFR Old Object Samples    Min:  0.0, Avg:  0.0, Max:  0.0, Diff:  0.0, Sum:  0.0, Workers: 4
[22.719s][debug][gc,phases      ] GC(45)     Dead                           Min: 0, Avg:  0.0, Max: 0, Diff: 0, Sum: 0, Workers: 4
[22.719s][debug][gc,phases      ] GC(45)     Total                          Min: 0, Avg:  0.0, Max: 0, Diff: 0, Sum: 0, Workers: 4
[22.719s][debug][gc,phases      ] GC(45) Weak Processing 0.234ms
[22.719s][debug][gc,age         ] GC(45) Desired survivor size 380108800 bytes, new threshold 15 (max threshold 15)
[22.719s][info ][gc,heap        ] GC(45) PSYoungGen: 1532752K(1695232K)->208480K(1725952K) Eden: 1297920K(1297920K)->0K(1337856K) From: 234832K(397312K)->208480K(388096K)
[22.719s][info ][gc,heap        ] GC(45) ParOldGen: 295631K(390144K)->322927K(390144K)
[22.719s][info ][gc,metaspace   ] GC(45) Metaspace: 68651K(69440K)->68651K(69440K) NonClass: 58653K(59072K)->58653K(59072K) Class: 9997K(10368K)->9997K(10368K)
[22.719s][info ][gc             ] GC(45) Pause Young (Allocation Failure) 1785M->518M(2066M) 83.691ms
[22.719s][info ][gc,cpu         ] GC(45) User=0.32s Sys=0.01s Real=0.08s
[22.719s][info ][safepoint      ] Safepoint "ParallelGCFailedAllocation", Time since last: 92674306 ns, Reaching safepoint: 122099 ns, At safepoint: 83793354 ns, Total: 83915453 ns
[22.946s][info ][safepoint      ] Safepoint "ICBufferFull", Time since last: 227087490 ns, Reaching safepoint: 182199 ns, At safepoint: 24799 ns, Total: 206998 ns
[22.990s][info ][gc,start       ] GC(46) Pause Young (Allocation Failure)
[23.070s][debug][gc,phases      ] GC(46) Scavenge 79.737ms
[23.070s][debug][gc,ref         ] GC(46) Skipped phase 1 of Reference Processing: no references
[23.070s][debug][gc,ref         ] GC(46) ReferenceProcessor::execute queues: 1, RefProcThreadModel::Single, marks_oops_alive: false
[23.070s][debug][gc,ref         ] GC(46) Skipped phase 3 of Reference Processing: no references
[23.070s][debug][gc,ref         ] GC(46) ReferenceProcessor::execute queues: 1, RefProcThreadModel::Single, marks_oops_alive: false
[23.070s][debug][gc,phases      ] GC(46) Reference Processing 0.137ms
[23.070s][debug][gc,phases      ] GC(46)   VM Weak                        Min:  0.0, Avg:  0.0, Max:  0.0, Diff:  0.0, Sum:  0.0, Workers: 4
[23.070s][debug][gc,phases      ] GC(46)     Dead                           Min: 0, Avg:  0.0, Max: 0, Diff: 0, Sum: 0, Workers: 4
[23.070s][debug][gc,phases      ] GC(46)     Total                          Min: 0, Avg: 148.5, Max: 448, Diff: 448, Sum: 594, Workers: 4
[23.070s][debug][gc,phases      ] GC(46)   ObjectSynchronizer Weak        Min:  0.0, Avg:  0.0, Max:  0.0, Diff:  0.0, Sum:  0.0, Workers: 4
[23.070s][debug][gc,phases      ] GC(46)     Dead                           Min: 0, Avg:  0.0, Max: 0, Diff: 0, Sum: 0, Workers: 4
[23.070s][debug][gc,phases      ] GC(46)     Total                          Min: 0, Avg: 86.0, Max: 192, Diff: 192, Sum: 344, Workers: 4
[23.070s][debug][gc,phases      ] GC(46)   JVMTI Tag Weak OopStorage      Min:  0.0, Avg:  0.0, Max:  0.0, Diff:  0.0, Sum:  0.0, Workers: 4
[23.070s][debug][gc,phases      ] GC(46)     Dead                           Min: 0, Avg:  0.0, Max: 0, Diff: 0, Sum: 0, Workers: 4
[23.070s][debug][gc,phases      ] GC(46)     Total                          Min: 0, Avg:  0.0, Max: 0, Diff: 0, Sum: 0, Workers: 4
[23.070s][debug][gc,phases      ] GC(46)   StringTable Weak               Min:  0.1, Avg:  0.1, Max:  0.1, Diff:  0.0, Sum:  0.3, Workers: 4
[23.070s][debug][gc,phases      ] GC(46)     Dead                           Min: 0, Avg:  2.8, Max: 9, Diff: 9, Sum: 11, Workers: 4
[23.070s][debug][gc,phases      ] GC(46)     Total                          Min: 8704, Avg: 10716.8, Max: 12672, Diff: 3968, Sum: 42867, Workers: 4
[23.070s][debug][gc,phases      ] GC(46)   ResolvedMethodTable Weak       Min:  0.0, Avg:  0.0, Max:  0.0, Diff:  0.0, Sum:  0.1, Workers: 4
[23.070s][debug][gc,phases      ] GC(46)     Dead                           Min: 0, Avg:  0.0, Max: 0, Diff: 0, Sum: 0, Workers: 4
[23.070s][debug][gc,phases      ] GC(46)     Total                          Min: 1472, Avg: 1793.5, Max: 2361, Diff: 889, Sum: 7174, Workers: 4
[23.070s][debug][gc,phases      ] GC(46)   JNI Weak                       Min:  0.0, Avg:  0.0, Max:  0.0, Diff:  0.0, Sum:  0.0, Workers: 4
[23.070s][debug][gc,phases      ] GC(46)     Dead                           Min: 0, Avg:  0.0, Max: 0, Diff: 0, Sum: 0, Workers: 4
[23.070s][debug][gc,phases      ] GC(46)     Total                          Min: 0, Avg:  0.8, Max: 3, Diff: 3, Sum: 3, Workers: 4
[23.070s][debug][gc,phases      ] GC(46)   StringDedup Table Weak         Min:  0.0, Avg:  0.0, Max:  0.0, Diff:  0.0, Sum:  0.0, Workers: 4
[23.070s][debug][gc,phases      ] GC(46)     Dead                           Min: 0, Avg:  0.0, Max: 0, Diff: 0, Sum: 0, Workers: 4
[23.070s][debug][gc,phases      ] GC(46)     Total                          Min: 0, Avg:  0.0, Max: 0, Diff: 0, Sum: 0, Workers: 4
[23.070s][debug][gc,phases      ] GC(46)   StringDedup Requests0 Weak     Min:  0.0, Avg:  0.0, Max:  0.0, Diff:  0.0, Sum:  0.0, Workers: 4
[23.070s][debug][gc,phases      ] GC(46)     Dead                           Min: 0, Avg:  0.0, Max: 0, Diff: 0, Sum: 0, Workers: 4
[23.070s][debug][gc,phases      ] GC(46)     Total                          Min: 0, Avg:  0.0, Max: 0, Diff: 0, Sum: 0, Workers: 4
[23.070s][debug][gc,phases      ] GC(46)   StringDedup Requests1 Weak     Min:  0.0, Avg:  0.0, Max:  0.0, Diff:  0.0, Sum:  0.0, Workers: 4
[23.070s][debug][gc,phases      ] GC(46)     Dead                           Min: 0, Avg:  0.0, Max: 0, Diff: 0, Sum: 0, Workers: 4
[23.070s][debug][gc,phases      ] GC(46)     Total                          Min: 0, Avg:  0.0, Max: 0, Diff: 0, Sum: 0, Workers: 4
[23.070s][debug][gc,phases      ] GC(46)   Weak JFR Old Object Samples    Min:  0.0, Avg:  0.0, Max:  0.0, Diff:  0.0, Sum:  0.0, Workers: 4
[23.070s][debug][gc,phases      ] GC(46)     Dead                           Min: 0, Avg:  0.0, Max: 0, Diff: 0, Sum: 0, Workers: 4
[23.070s][debug][gc,phases      ] GC(46)     Total                          Min: 0, Avg:  0.0, Max: 0, Diff: 0, Sum: 0, Workers: 4
[23.070s][debug][gc,phases      ] GC(46) Weak Processing 0.289ms
[23.070s][debug][gc,age         ] GC(46) Desired survivor size 367001600 bytes, new threshold 15 (max threshold 15)
[23.070s][info ][gc,heap        ] GC(46) PSYoungGen: 1546336K(1725952K)->190800K(1709056K) Eden: 1337856K(1337856K)->0K(1337856K) From: 208480K(388096K)->190800K(371200K)
[23.070s][info ][gc,heap        ] GC(46) ParOldGen: 322927K(390144K)->341999K(390144K)
[23.070s][info ][gc,metaspace   ] GC(46) Metaspace: 68658K(69440K)->68658K(69440K) NonClass: 58660K(59072K)->58660K(59072K) Class: 9997K(10368K)->9997K(10368K)
[23.070s][info ][gc             ] GC(46) Pause Young (Allocation Failure) 1825M->520M(2050M) 80.289ms
[23.070s][info ][gc,cpu         ] GC(46) User=0.32s Sys=0.00s Real=0.08s
[23.070s][info ][safepoint      ] Safepoint "ParallelGCFailedAllocation", Time since last: 43181170 ns, Reaching safepoint: 121800 ns, At safepoint: 80399271 ns, Total: 80521071 ns
[23.122s][info ][safepoint      ] Safepoint "ICBufferFull", Time since last: 51978823 ns, Reaching safepoint: 126499 ns, At safepoint: 27300 ns, Total: 153799 ns
[23.215s][info ][safepoint      ] Safepoint "ICBufferFull", Time since last: 92696806 ns, Reaching safepoint: 208099 ns, At safepoint: 30200 ns, Total: 238299 ns
[23.223s][info ][safepoint      ] Safepoint "ICBufferFull", Time since last: 8061457 ns, Reaching safepoint: 171699 ns, At safepoint: 26500 ns, Total: 198199 ns
[23.288s][info ][safepoint      ] Safepoint "ICBufferFull", Time since last: 63899259 ns, Reaching safepoint: 158600 ns, At safepoint: 26999 ns, Total: 185599 ns
[23.396s][info ][gc,start       ] GC(47) Pause Young (Allocation Failure)
[23.470s][debug][gc,phases      ] GC(47) Scavenge 73.753ms
[23.470s][debug][gc,ref         ] GC(47) Skipped phase 1 of Reference Processing: no references
[23.470s][debug][gc,ref         ] GC(47) ReferenceProcessor::execute queues: 1, RefProcThreadModel::Single, marks_oops_alive: false
[23.470s][debug][gc,ref         ] GC(47) Skipped phase 3 of Reference Processing: no references
[23.470s][debug][gc,ref         ] GC(47) ReferenceProcessor::execute queues: 1, RefProcThreadModel::Single, marks_oops_alive: false
[23.470s][debug][gc,phases      ] GC(47) Reference Processing 0.128ms
[23.470s][debug][gc,phases      ] GC(47)   VM Weak                        Min:  0.0, Avg:  0.0, Max:  0.0, Diff:  0.0, Sum:  0.0, Workers: 4
[23.470s][debug][gc,phases      ] GC(47)     Dead                           Min: 0, Avg:  0.0, Max: 0, Diff: 0, Sum: 0, Workers: 4
[23.470s][debug][gc,phases      ] GC(47)     Total                          Min: 0, Avg: 148.5, Max: 594, Diff: 594, Sum: 594, Workers: 4
[23.470s][debug][gc,phases      ] GC(47)   ObjectSynchronizer Weak        Min:  0.0, Avg:  0.0, Max:  0.0, Diff:  0.0, Sum:  0.0, Workers: 4
[23.470s][debug][gc,phases      ] GC(47)     Dead                           Min: 0, Avg:  0.0, Max: 0, Diff: 0, Sum: 0, Workers: 4
[23.470s][debug][gc,phases      ] GC(47)     Total                          Min: 0, Avg: 86.0, Max: 280, Diff: 280, Sum: 344, Workers: 4
[23.471s][debug][gc,phases      ] GC(47)   JVMTI Tag Weak OopStorage      Min:  0.0, Avg:  0.0, Max:  0.0, Diff:  0.0, Sum:  0.0, Workers: 4
[23.471s][debug][gc,phases      ] GC(47)     Dead                           Min: 0, Avg:  0.0, Max: 0, Diff: 0, Sum: 0, Workers: 4
[23.471s][debug][gc,phases      ] GC(47)     Total                          Min: 0, Avg:  0.0, Max: 0, Diff: 0, Sum: 0, Workers: 4
[23.471s][debug][gc,phases      ] GC(47)   StringTable Weak               Min:  0.1, Avg:  0.1, Max:  0.1, Diff:  0.0, Sum:  0.4, Workers: 4
[23.471s][debug][gc,phases      ] GC(47)     Dead                           Min: 0, Avg:  2.8, Max: 11, Diff: 11, Sum: 11, Workers: 4
[23.471s][debug][gc,phases      ] GC(47)     Total                          Min: 7057, Avg: 10721.5, Max: 15478, Diff: 8421, Sum: 42886, Workers: 4
[23.471s][debug][gc,phases      ] GC(47)   ResolvedMethodTable Weak       Min:  0.0, Avg:  0.0, Max:  0.0, Diff:  0.0, Sum:  0.1, Workers: 4
[23.471s][debug][gc,phases      ] GC(47)     Dead                           Min: 0, Avg:  0.0, Max: 0, Diff: 0, Sum: 0, Workers: 4
[23.471s][debug][gc,phases      ] GC(47)     Total                          Min: 1344, Avg: 1803.8, Max: 2034, Diff: 690, Sum: 7215, Workers: 4
[23.471s][debug][gc,phases      ] GC(47)   JNI Weak                       Min:  0.0, Avg:  0.0, Max:  0.0, Diff:  0.0, Sum:  0.0, Workers: 4
[23.471s][debug][gc,phases      ] GC(47)     Dead                           Min: 0, Avg:  0.0, Max: 0, Diff: 0, Sum: 0, Workers: 4
[23.471s][debug][gc,phases      ] GC(47)     Total                          Min: 0, Avg:  0.5, Max: 2, Diff: 2, Sum: 2, Workers: 4
[23.471s][debug][gc,phases      ] GC(47)   StringDedup Table Weak         Min:  0.0, Avg:  0.0, Max:  0.0, Diff:  0.0, Sum:  0.0, Workers: 4
[23.471s][debug][gc,phases      ] GC(47)     Dead                           Min: 0, Avg:  0.0, Max: 0, Diff: 0, Sum: 0, Workers: 4
[23.471s][debug][gc,phases      ] GC(47)     Total                          Min: 0, Avg:  0.0, Max: 0, Diff: 0, Sum: 0, Workers: 4
[23.471s][debug][gc,phases      ] GC(47)   StringDedup Requests0 Weak     Min:  0.0, Avg:  0.0, Max:  0.0, Diff:  0.0, Sum:  0.0, Workers: 4
[23.471s][debug][gc,phases      ] GC(47)     Dead                           Min: 0, Avg:  0.0, Max: 0, Diff: 0, Sum: 0, Workers: 4
[23.471s][debug][gc,phases      ] GC(47)     Total                          Min: 0, Avg:  0.0, Max: 0, Diff: 0, Sum: 0, Workers: 4
[23.471s][debug][gc,phases      ] GC(47)   StringDedup Requests1 Weak     Min:  0.0, Avg:  0.0, Max:  0.0, Diff:  0.0, Sum:  0.0, Workers: 4
[23.471s][debug][gc,phases      ] GC(47)     Dead                           Min: 0, Avg:  0.0, Max: 0, Diff: 0, Sum: 0, Workers: 4
[23.471s][debug][gc,phases      ] GC(47)     Total                          Min: 0, Avg:  0.0, Max: 0, Diff: 0, Sum: 0, Workers: 4
[23.471s][debug][gc,phases      ] GC(47)   Weak JFR Old Object Samples    Min:  0.0, Avg:  0.0, Max:  0.0, Diff:  0.0, Sum:  0.0, Workers: 4
[23.471s][debug][gc,phases      ] GC(47)     Dead                           Min: 0, Avg:  0.0, Max: 0, Diff: 0, Sum: 0, Workers: 4
[23.471s][debug][gc,phases      ] GC(47)     Total                          Min: 0, Avg:  0.0, Max: 0, Diff: 0, Sum: 0, Workers: 4
[23.471s][debug][gc,phases      ] GC(47) Weak Processing 0.271ms
[23.471s][debug][gc,age         ] GC(47) Desired survivor size 361234432 bytes, new threshold 15 (max threshold 15)
[23.471s][info ][gc,heap        ] GC(47) PSYoungGen: 1528656K(1709056K)->153824K(1744384K) Eden: 1337856K(1337856K)->0K(1385984K) From: 190800K(371200K)->153824K(358400K)
[23.471s][info ][gc,heap        ] GC(47) ParOldGen: 341999K(390144K)->381175K(390144K)
[23.471s][info ][gc,metaspace   ] GC(47) Metaspace: 68745K(69504K)->68745K(69504K) NonClass: 58732K(59136K)->58732K(59136K) Class: 10013K(10368K)->10013K(10368K)
[23.471s][info ][gc             ] GC(47) Pause Young (Allocation Failure) 1826M->522M(2084M) 74.269ms
[23.471s][info ][gc,cpu         ] GC(47) User=0.27s Sys=0.03s Real=0.08s
[23.471s][debug][gc,phases      ] GC(48) Pre Compact 0.007ms
[23.471s][info ][gc,start       ] GC(48) Pause Full (Ergonomics)
[23.471s][info ][gc,phases,start] GC(48) Marking Phase
[23.647s][debug][gc,phases      ] GC(48) Par Mark 176.415ms
[23.647s][debug][gc,ref         ] GC(48) Skipped phase 1 of Reference Processing: no references
[23.647s][debug][gc,ref         ] GC(48) ReferenceProcessor::execute queues: 4, RefProcThreadModel::Multi, marks_oops_alive: false
[23.648s][debug][gc,ref         ] GC(48) Skipped phase 3 of Reference Processing: no references
[23.648s][debug][gc,ref         ] GC(48) ReferenceProcessor::execute queues: 1, RefProcThreadModel::Single, marks_oops_alive: false
[23.648s][debug][gc,phases      ] GC(48) Reference Processing 0.497ms
[23.648s][debug][gc,phases      ] GC(48)   VM Weak                        Min:  0.0, Avg:  0.0, Max:  0.0, Diff:  0.0, Sum:  0.0, Workers: 4
[23.648s][debug][gc,phases      ] GC(48)     Dead                           Min: 0, Avg:  0.0, Max: 0, Diff: 0, Sum: 0, Workers: 4
[23.648s][debug][gc,phases      ] GC(48)     Total                          Min: 18, Avg: 148.5, Max: 384, Diff: 366, Sum: 594, Workers: 4
[23.648s][debug][gc,phases      ] GC(48)   ObjectSynchronizer Weak        Min:  0.0, Avg:  0.0, Max:  0.0, Diff:  0.0, Sum:  0.0, Workers: 4
[23.648s][debug][gc,phases      ] GC(48)     Dead                           Min: 0, Avg:  1.5, Max: 4, Diff: 4, Sum: 6, Workers: 4
[23.648s][debug][gc,phases      ] GC(48)     Total                          Min: 24, Avg: 86.0, Max: 128, Diff: 104, Sum: 344, Workers: 4
[23.648s][debug][gc,phases      ] GC(48)   JVMTI Tag Weak OopStorage      Min:  0.0, Avg:  0.0, Max:  0.0, Diff:  0.0, Sum:  0.0, Workers: 4
[23.648s][debug][gc,phases      ] GC(48)     Dead                           Min: 0, Avg:  0.0, Max: 0, Diff: 0, Sum: 0, Workers: 4
[23.648s][debug][gc,phases      ] GC(48)     Total                          Min: 0, Avg:  0.0, Max: 0, Diff: 0, Sum: 0, Workers: 4
[23.648s][debug][gc,phases      ] GC(48)   StringTable Weak               Min:  0.1, Avg:  0.1, Max:  0.1, Diff:  0.0, Sum:  0.6, Workers: 4
[23.648s][debug][gc,phases      ] GC(48)     Dead                           Min: 0, Avg:  0.0, Max: 0, Diff: 0, Sum: 0, Workers: 4
[23.648s][debug][gc,phases      ] GC(48)     Total                          Min: 9216, Avg: 10721.5, Max: 11903, Diff: 2687, Sum: 42886, Workers: 4
[23.648s][debug][gc,phases      ] GC(48)   ResolvedMethodTable Weak       Min:  0.0, Avg:  0.0, Max:  0.0, Diff:  0.0, Sum:  0.1, Workers: 4
[23.648s][debug][gc,phases      ] GC(48)     Dead                           Min: 0, Avg:  0.0, Max: 0, Diff: 0, Sum: 0, Workers: 4
[23.648s][debug][gc,phases      ] GC(48)     Total                          Min: 1649, Avg: 1803.8, Max: 1984, Diff: 335, Sum: 7215, Workers: 4
[23.648s][debug][gc,phases      ] GC(48)   JNI Weak                       Min:  0.0, Avg:  0.0, Max:  0.0, Diff:  0.0, Sum:  0.0, Workers: 4
[23.648s][debug][gc,phases      ] GC(48)     Dead                           Min: 0, Avg:  0.0, Max: 0, Diff: 0, Sum: 0, Workers: 4
[23.648s][debug][gc,phases      ] GC(48)     Total                          Min: 0, Avg:  0.5, Max: 2, Diff: 2, Sum: 2, Workers: 4
[23.648s][debug][gc,phases      ] GC(48)   StringDedup Table Weak         Min:  0.0, Avg:  0.0, Max:  0.0, Diff:  0.0, Sum:  0.0, Workers: 4
[23.648s][debug][gc,phases      ] GC(48)     Dead                           Min: 0, Avg:  0.0, Max: 0, Diff: 0, Sum: 0, Workers: 4
[23.648s][debug][gc,phases      ] GC(48)     Total                          Min: 0, Avg:  0.0, Max: 0, Diff: 0, Sum: 0, Workers: 4
[23.648s][debug][gc,phases      ] GC(48)   StringDedup Requests0 Weak     Min:  0.0, Avg:  0.0, Max:  0.0, Diff:  0.0, Sum:  0.0, Workers: 4
[23.648s][debug][gc,phases      ] GC(48)     Dead                           Min: 0, Avg:  0.0, Max: 0, Diff: 0, Sum: 0, Workers: 4
[23.648s][debug][gc,phases      ] GC(48)     Total                          Min: 0, Avg:  0.0, Max: 0, Diff: 0, Sum: 0, Workers: 4
[23.648s][debug][gc,phases      ] GC(48)   StringDedup Requests1 Weak     Min:  0.0, Avg:  0.0, Max:  0.0, Diff:  0.0, Sum:  0.0, Workers: 4
[23.648s][debug][gc,phases      ] GC(48)     Dead                           Min: 0, Avg:  0.0, Max: 0, Diff: 0, Sum: 0, Workers: 4
[23.648s][debug][gc,phases      ] GC(48)     Total                          Min: 0, Avg:  0.0, Max: 0, Diff: 0, Sum: 0, Workers: 4
[23.648s][debug][gc,phases      ] GC(48)   Weak JFR Old Object Samples    Min:  0.0, Avg:  0.0, Max:  0.0, Diff:  0.0, Sum:  0.0, Workers: 4
[23.648s][debug][gc,phases      ] GC(48)     Dead                           Min: 0, Avg:  0.0, Max: 0, Diff: 0, Sum: 0, Workers: 4
[23.648s][debug][gc,phases      ] GC(48)     Total                          Min: 0, Avg:  0.0, Max: 0, Diff: 0, Sum: 0, Workers: 4
[23.648s][debug][gc,phases      ] GC(48) Weak Processing 0.315ms
[23.648s][debug][gc,phases      ] GC(48) ClassLoaderData 0.079ms
[23.648s][debug][gc,phases      ] GC(48) Trigger cleanups 0.000ms
[23.656s][debug][gc,phases      ] GC(48) Class Unloading 8.163ms
[23.656s][info ][gc,phases      ] GC(48) Marking Phase 185.486ms
[23.656s][info ][gc,phases,start] GC(48) Summary Phase
[23.656s][info ][gc,phases      ] GC(48) Summary Phase 0.010ms
[23.656s][info ][gc,phases,start] GC(48) Adjust Roots
[23.664s][info ][gc,phases      ] GC(48) Adjust Roots 8.302ms
[23.664s][info ][gc,phases,start] GC(48) Compaction Phase
[24.186s][info ][gc,phases      ] GC(48) Compaction Phase 521.484ms
[24.186s][info ][gc,phases,start] GC(48) Post Compact
[24.187s][info ][gc,phases      ] GC(48) Post Compact 1.312ms
[24.188s][info ][gc,heap        ] GC(48) PSYoungGen: 153824K(1744384K)->135291K(1744384K) Eden: 0K(1385984K)->0K(1385984K) From: 153824K(358400K)->135291K(358400K)
[24.188s][info ][gc,heap        ] GC(48) ParOldGen: 381175K(390144K)->390032K(499200K)
[24.188s][info ][gc,metaspace   ] GC(48) Metaspace: 68745K(69504K)->68745K(69504K) NonClass: 58732K(59136K)->58732K(59136K) Class: 10013K(10368K)->10013K(10368K)
[24.188s][info ][gc             ] GC(48) Pause Full (Ergonomics) 522M->513M(2191M) 716.936ms
[24.188s][info ][gc,cpu         ] GC(48) User=2.78s Sys=0.02s Real=0.71s
[24.188s][info ][safepoint      ] Safepoint "ParallelGCFailedAllocation", Time since last: 108158324 ns, Reaching safepoint: 603397 ns, At safepoint: 791374582 ns, Total: 791977979 ns
[24.334s][info ][safepoint      ] Safepoint "ICBufferFull", Time since last: 146381620 ns, Reaching safepoint: 136999 ns, At safepoint: 30700 ns, Total: 167699 ns
[24.337s][info ][safepoint      ] Safepoint "ICBufferFull", Time since last: 2293288 ns, Reaching safepoint: 115699 ns, At safepoint: 27700 ns, Total: 143399 ns
[24.429s][info ][safepoint      ] Safepoint "ICBufferFull", Time since last: 91991810 ns, Reaching safepoint: 131899 ns, At safepoint: 28300 ns, Total: 160199 ns
[24.471s][info ][gc,start       ] GC(49) Pause Young (Allocation Failure)
[24.579s][debug][gc,phases      ] GC(49) Scavenge 107.773ms
[24.579s][debug][gc,ref         ] GC(49) Skipped phase 1 of Reference Processing: no references
[24.579s][debug][gc,ref         ] GC(49) ReferenceProcessor::execute queues: 1, RefProcThreadModel::Single, marks_oops_alive: false
[24.579s][debug][gc,ref         ] GC(49) Skipped phase 3 of Reference Processing: no references
[24.579s][debug][gc,ref         ] GC(49) ReferenceProcessor::execute queues: 1, RefProcThreadModel::Single, marks_oops_alive: false
[24.579s][debug][gc,phases      ] GC(49) Reference Processing 0.097ms
[24.579s][debug][gc,phases      ] GC(49)   VM Weak                        Min:  0.0, Avg:  0.0, Max:  0.0, Diff:  0.0, Sum:  0.0, Workers: 4
[24.579s][debug][gc,phases      ] GC(49)     Dead                           Min: 0, Avg:  0.0, Max: 0, Diff: 0, Sum: 0, Workers: 4
[24.579s][debug][gc,phases      ] GC(49)     Total                          Min: 0, Avg: 148.5, Max: 576, Diff: 576, Sum: 594, Workers: 4
[24.579s][debug][gc,phases      ] GC(49)   ObjectSynchronizer Weak        Min:  0.0, Avg:  0.0, Max:  0.0, Diff:  0.0, Sum:  0.0, Workers: 4
[24.579s][debug][gc,phases      ] GC(49)     Dead                           Min: 0, Avg:  0.0, Max: 0, Diff: 0, Sum: 0, Workers: 4
[24.579s][debug][gc,phases      ] GC(49)     Total                          Min: 0, Avg: 86.0, Max: 192, Diff: 192, Sum: 344, Workers: 4
[24.579s][debug][gc,phases      ] GC(49)   JVMTI Tag Weak OopStorage      Min:  0.0, Avg:  0.0, Max:  0.0, Diff:  0.0, Sum:  0.0, Workers: 4
[24.579s][debug][gc,phases      ] GC(49)     Dead                           Min: 0, Avg:  0.0, Max: 0, Diff: 0, Sum: 0, Workers: 4
[24.579s][debug][gc,phases      ] GC(49)     Total                          Min: 0, Avg:  0.0, Max: 0, Diff: 0, Sum: 0, Workers: 4
[24.579s][debug][gc,phases      ] GC(49)   StringTable Weak               Min:  0.1, Avg:  0.1, Max:  0.1, Diff:  0.0, Sum:  0.3, Workers: 4
[24.579s][debug][gc,phases      ] GC(49)     Dead                           Min: 0, Avg:  2.8, Max: 11, Diff: 11, Sum: 11, Workers: 4
[24.579s][debug][gc,phases      ] GC(49)     Total                          Min: 10039, Avg: 10724.2, Max: 11674, Diff: 1635, Sum: 42897, Workers: 4
[24.579s][debug][gc,phases      ] GC(49)   ResolvedMethodTable Weak       Min:  0.0, Avg:  0.0, Max:  0.0, Diff:  0.0, Sum:  0.1, Workers: 4
[24.579s][debug][gc,phases      ] GC(49)     Dead                           Min: 0, Avg:  0.0, Max: 0, Diff: 0, Sum: 0, Workers: 4
[24.579s][debug][gc,phases      ] GC(49)     Total                          Min: 1600, Avg: 1808.0, Max: 1984, Diff: 384, Sum: 7232, Workers: 4
[24.579s][debug][gc,phases      ] GC(49)   JNI Weak                       Min:  0.0, Avg:  0.0, Max:  0.0, Diff:  0.0, Sum:  0.0, Workers: 4
[24.579s][debug][gc,phases      ] GC(49)     Dead                           Min: 0, Avg:  0.0, Max: 0, Diff: 0, Sum: 0, Workers: 4
[24.579s][debug][gc,phases      ] GC(49)     Total                          Min: 0, Avg:  1.0, Max: 4, Diff: 4, Sum: 4, Workers: 4
[24.579s][debug][gc,phases      ] GC(49)   StringDedup Table Weak         Min:  0.0, Avg:  0.0, Max:  0.0, Diff:  0.0, Sum:  0.0, Workers: 4
[24.579s][debug][gc,phases      ] GC(49)     Dead                           Min: 0, Avg:  0.0, Max: 0, Diff: 0, Sum: 0, Workers: 4
[24.579s][debug][gc,phases      ] GC(49)     Total                          Min: 0, Avg:  0.0, Max: 0, Diff: 0, Sum: 0, Workers: 4
[24.579s][debug][gc,phases      ] GC(49)   StringDedup Requests0 Weak     Min:  0.0, Avg:  0.0, Max:  0.0, Diff:  0.0, Sum:  0.0, Workers: 4
[24.579s][debug][gc,phases      ] GC(49)     Dead                           Min: 0, Avg:  0.0, Max: 0, Diff: 0, Sum: 0, Workers: 4
[24.579s][debug][gc,phases      ] GC(49)     Total                          Min: 0, Avg:  0.0, Max: 0, Diff: 0, Sum: 0, Workers: 4
[24.579s][debug][gc,phases      ] GC(49)   StringDedup Requests1 Weak     Min:  0.0, Avg:  0.0, Max:  0.0, Diff:  0.0, Sum:  0.0, Workers: 4
[24.579s][debug][gc,phases      ] GC(49)     Dead                           Min: 0, Avg:  0.0, Max: 0, Diff: 0, Sum: 0, Workers: 4
[24.579s][debug][gc,phases      ] GC(49)     Total                          Min: 0, Avg:  0.0, Max: 0, Diff: 0, Sum: 0, Workers: 4
[24.579s][debug][gc,phases      ] GC(49)   Weak JFR Old Object Samples    Min:  0.0, Avg:  0.0, Max:  0.0, Diff:  0.0, Sum:  0.0, Workers: 4
[24.579s][debug][gc,phases      ] GC(49)     Dead                           Min: 0, Avg:  0.0, Max: 0, Diff: 0, Sum: 0, Workers: 4
[24.579s][debug][gc,phases      ] GC(49)     Total                          Min: 0, Avg:  0.0, Max: 0, Diff: 0, Sum: 0, Workers: 4
[24.579s][debug][gc,phases      ] GC(49) Weak Processing 0.219ms
[24.579s][debug][gc,age         ] GC(49) Desired survivor size 375390208 bytes, new threshold 15 (max threshold 15)
[24.579s][info ][gc,heap        ] GC(49) PSYoungGen: 1521275K(1744384K)->34736K(1420800K) Eden: 1385984K(1385984K)->0K(1385984K) From: 135291K(358400K)->34736K(34816K)
[24.579s][info ][gc,heap        ] GC(49) ParOldGen: 390032K(499200K)->493416K(499200K)
[24.579s][info ][gc,metaspace   ] GC(49) Metaspace: 68761K(69504K)->68761K(69504K) NonClass: 58742K(59136K)->58742K(59136K) Class: 10019K(10368K)->10019K(10368K)
[24.579s][info ][gc             ] GC(49) Pause Young (Allocation Failure) 1866M->515M(1875M) 108.223ms
[24.579s][info ][gc,cpu         ] GC(49) User=0.40s Sys=0.04s Real=0.10s
[24.579s][debug][gc,phases      ] GC(50) Pre Compact 0.007ms
[24.579s][info ][gc,start       ] GC(50) Pause Full (Ergonomics)
[24.579s][info ][gc,phases,start] GC(50) Marking Phase
[24.761s][debug][gc,phases      ] GC(50) Par Mark 181.700ms
[24.761s][debug][gc,ref         ] GC(50) Skipped phase 1 of Reference Processing: no references
[24.761s][debug][gc,ref         ] GC(50) ReferenceProcessor::execute queues: 1, RefProcThreadModel::Single, marks_oops_alive: false
[24.761s][debug][gc,ref         ] GC(50) Skipped phase 3 of Reference Processing: no references
[24.761s][debug][gc,ref         ] GC(50) ReferenceProcessor::execute queues: 1, RefProcThreadModel::Single, marks_oops_alive: false
[24.761s][debug][gc,phases      ] GC(50) Reference Processing 0.177ms
[24.761s][debug][gc,phases      ] GC(50)   VM Weak                        Min:  0.0, Avg:  0.0, Max:  0.0, Diff:  0.0, Sum:  0.0, Workers: 4
[24.761s][debug][gc,phases      ] GC(50)     Dead                           Min: 0, Avg:  0.0, Max: 0, Diff: 0, Sum: 0, Workers: 4
[24.761s][debug][gc,phases      ] GC(50)     Total                          Min: 0, Avg: 148.5, Max: 320, Diff: 320, Sum: 594, Workers: 4
[24.761s][debug][gc,phases      ] GC(50)   ObjectSynchronizer Weak        Min:  0.0, Avg:  0.0, Max:  0.0, Diff:  0.0, Sum:  0.0, Workers: 4
[24.761s][debug][gc,phases      ] GC(50)     Dead                           Min: 0, Avg:  0.0, Max: 0, Diff: 0, Sum: 0, Workers: 4
[24.761s][debug][gc,phases      ] GC(50)     Total                          Min: 0, Avg: 86.0, Max: 152, Diff: 152, Sum: 344, Workers: 4
[24.761s][debug][gc,phases      ] GC(50)   JVMTI Tag Weak OopStorage      Min:  0.0, Avg:  0.0, Max:  0.0, Diff:  0.0, Sum:  0.0, Workers: 4
[24.761s][debug][gc,phases      ] GC(50)     Dead                           Min: 0, Avg:  0.0, Max: 0, Diff: 0, Sum: 0, Workers: 4
[24.761s][debug][gc,phases      ] GC(50)     Total                          Min: 0, Avg:  0.0, Max: 0, Diff: 0, Sum: 0, Workers: 4
[24.761s][debug][gc,phases      ] GC(50)   StringTable Weak               Min:  0.1, Avg:  0.1, Max:  0.1, Diff:  0.0, Sum:  0.5, Workers: 4
[24.761s][debug][gc,phases      ] GC(50)     Dead                           Min: 0, Avg:  0.0, Max: 0, Diff: 0, Sum: 0, Workers: 4
[24.761s][debug][gc,phases      ] GC(50)     Total                          Min: 10304, Avg: 10724.2, Max: 11162, Diff: 858, Sum: 42897, Workers: 4
[24.762s][debug][gc,phases      ] GC(50)   ResolvedMethodTable Weak       Min:  0.0, Avg:  0.0, Max:  0.0, Diff:  0.0, Sum:  0.1, Workers: 4
[24.762s][debug][gc,phases      ] GC(50)     Dead                           Min: 0, Avg:  0.0, Max: 0, Diff: 0, Sum: 0, Workers: 4
[24.762s][debug][gc,phases      ] GC(50)     Total                          Min: 1600, Avg: 1808.0, Max: 2112, Diff: 512, Sum: 7232, Workers: 4
[24.762s][debug][gc,phases      ] GC(50)   JNI Weak                       Min:  0.0, Avg:  0.0, Max:  0.0, Diff:  0.0, Sum:  0.0, Workers: 4
[24.762s][debug][gc,phases      ] GC(50)     Dead                           Min: 0, Avg:  0.0, Max: 0, Diff: 0, Sum: 0, Workers: 4
[24.762s][debug][gc,phases      ] GC(50)     Total                          Min: 0, Avg:  1.0, Max: 4, Diff: 4, Sum: 4, Workers: 4
[24.762s][debug][gc,phases      ] GC(50)   StringDedup Table Weak         Min:  0.0, Avg:  0.0, Max:  0.0, Diff:  0.0, Sum:  0.0, Workers: 4
[24.762s][debug][gc,phases      ] GC(50)     Dead                           Min: 0, Avg:  0.0, Max: 0, Diff: 0, Sum: 0, Workers: 4
[24.762s][debug][gc,phases      ] GC(50)     Total                          Min: 0, Avg:  0.0, Max: 0, Diff: 0, Sum: 0, Workers: 4
[24.762s][debug][gc,phases      ] GC(50)   StringDedup Requests0 Weak     Min:  0.0, Avg:  0.0, Max:  0.0, Diff:  0.0, Sum:  0.0, Workers: 4
[24.762s][debug][gc,phases      ] GC(50)     Dead                           Min: 0, Avg:  0.0, Max: 0, Diff: 0, Sum: 0, Workers: 4
[24.762s][debug][gc,phases      ] GC(50)     Total                          Min: 0, Avg:  0.0, Max: 0, Diff: 0, Sum: 0, Workers: 4
[24.762s][debug][gc,phases      ] GC(50)   StringDedup Requests1 Weak     Min:  0.0, Avg:  0.0, Max:  0.0, Diff:  0.0, Sum:  0.0, Workers: 4
[24.762s][debug][gc,phases      ] GC(50)     Dead                           Min: 0, Avg:  0.0, Max: 0, Diff: 0, Sum: 0, Workers: 4
[24.762s][debug][gc,phases      ] GC(50)     Total                          Min: 0, Avg:  0.0, Max: 0, Diff: 0, Sum: 0, Workers: 4
[24.762s][debug][gc,phases      ] GC(50)   Weak JFR Old Object Samples    Min:  0.0, Avg:  0.0, Max:  0.0, Diff:  0.0, Sum:  0.0, Workers: 4
[24.762s][debug][gc,phases      ] GC(50)     Dead                           Min: 0, Avg:  0.0, Max: 0, Diff: 0, Sum: 0, Workers: 4
[24.762s][debug][gc,phases      ] GC(50)     Total                          Min: 0, Avg:  0.0, Max: 0, Diff: 0, Sum: 0, Workers: 4
[24.762s][debug][gc,phases      ] GC(50) Weak Processing 0.304ms
[24.762s][debug][gc,phases      ] GC(50) ClassLoaderData 0.076ms
[24.762s][debug][gc,phases      ] GC(50) Trigger cleanups 0.000ms
[24.769s][debug][gc,phases      ] GC(50) Class Unloading 7.920ms
[24.770s][info ][gc,phases      ] GC(50) Marking Phase 190.180ms
[24.770s][info ][gc,phases,start] GC(50) Summary Phase
[24.770s][info ][gc,phases      ] GC(50) Summary Phase 0.008ms
[24.770s][info ][gc,phases,start] GC(50) Adjust Roots
[24.775s][info ][gc,phases      ] GC(50) Adjust Roots 5.730ms
[24.775s][info ][gc,phases,start] GC(50) Compaction Phase
[25.044s][info ][gc,phases      ] GC(50) Compaction Phase 268.777ms
[25.044s][info ][gc,phases,start] GC(50) Post Compact
[25.045s][info ][gc,phases      ] GC(50) Post Compact 1.026ms
[25.045s][info ][gc,heap        ] GC(50) PSYoungGen: 34736K(1420800K)->26278K(1420800K) Eden: 0K(1385984K)->0K(1385984K) From: 34736K(34816K)->26278K(34816K)
[25.045s][info ][gc,heap        ] GC(50) ParOldGen: 493416K(499200K)->498957K(649728K)
[25.045s][info ][gc,metaspace   ] GC(50) Metaspace: 68761K(69504K)->68761K(69504K) NonClass: 58742K(59136K)->58742K(59136K) Class: 10019K(10368K)->10019K(10368K)
[25.045s][info ][gc             ] GC(50) Pause Full (Ergonomics) 515M->512M(2022M) 465.999ms
[25.045s][info ][gc,cpu         ] GC(50) User=1.80s Sys=0.00s Real=0.47s
[25.066s][info ][safepoint      ] Safepoint "ParallelGCFailedAllocation", Time since last: 42075976 ns, Reaching safepoint: 122199 ns, At safepoint: 595368227 ns, Total: 595490426 ns
[25.304s][info ][gc,start       ] GC(51) Pause Young (Allocation Failure)
[25.368s][debug][gc,phases      ] GC(51) Scavenge 63.850ms
[25.368s][debug][gc,ref         ] GC(51) Skipped phase 1 of Reference Processing: no references
[25.368s][debug][gc,ref         ] GC(51) ReferenceProcessor::execute queues: 1, RefProcThreadModel::Single, marks_oops_alive: false
[25.368s][debug][gc,ref         ] GC(51) Skipped phase 3 of Reference Processing: no references
[25.368s][debug][gc,ref         ] GC(51) Skipped phase 4 of Reference Processing: no references
[25.368s][debug][gc,phases      ] GC(51) Reference Processing 0.090ms
[25.368s][debug][gc,phases      ] GC(51)   VM Weak                        Min:  0.0, Avg:  0.0, Max:  0.0, Diff:  0.0, Sum:  0.0, Workers: 4
[25.368s][debug][gc,phases      ] GC(51)     Dead                           Min: 0, Avg:  0.0, Max: 0, Diff: 0, Sum: 0, Workers: 4
[25.368s][debug][gc,phases      ] GC(51)     Total                          Min: 0, Avg: 148.5, Max: 320, Diff: 320, Sum: 594, Workers: 4
[25.368s][debug][gc,phases      ] GC(51)   ObjectSynchronizer Weak        Min:  0.0, Avg:  0.0, Max:  0.0, Diff:  0.0, Sum:  0.0, Workers: 4
[25.368s][debug][gc,phases      ] GC(51)     Dead                           Min: 0, Avg:  0.0, Max: 0, Diff: 0, Sum: 0, Workers: 4
[25.368s][debug][gc,phases      ] GC(51)     Total                          Min: 0, Avg: 86.0, Max: 216, Diff: 216, Sum: 344, Workers: 4
[25.368s][debug][gc,phases      ] GC(51)   JVMTI Tag Weak OopStorage      Min:  0.0, Avg:  0.0, Max:  0.0, Diff:  0.0, Sum:  0.0, Workers: 4
[25.368s][debug][gc,phases      ] GC(51)     Dead                           Min: 0, Avg:  0.0, Max: 0, Diff: 0, Sum: 0, Workers: 4
[25.368s][debug][gc,phases      ] GC(51)     Total                          Min: 0, Avg:  0.0, Max: 0, Diff: 0, Sum: 0, Workers: 4
[25.368s][debug][gc,phases      ] GC(51)   StringTable Weak               Min:  0.1, Avg:  0.1, Max:  0.1, Diff:  0.0, Sum:  0.4, Workers: 4
[25.368s][debug][gc,phases      ] GC(51)     Dead                           Min: 0, Avg:  2.8, Max: 9, Diff: 9, Sum: 11, Workers: 4
[25.368s][debug][gc,phases      ] GC(51)     Total                          Min: 8768, Avg: 10725.2, Max: 13461, Diff: 4693, Sum: 42901, Workers: 4
[25.368s][debug][gc,phases      ] GC(51)   ResolvedMethodTable Weak       Min:  0.0, Avg:  0.0, Max:  0.0, Diff:  0.0, Sum:  0.1, Workers: 4
[25.368s][debug][gc,phases      ] GC(51)     Dead                           Min: 0, Avg:  0.0, Max: 0, Diff: 0, Sum: 0, Workers: 4
[25.368s][debug][gc,phases      ] GC(51)     Total                          Min: 1408, Avg: 1808.0, Max: 2240, Diff: 832, Sum: 7232, Workers: 4
[25.368s][debug][gc,phases      ] GC(51)   JNI Weak                       Min:  0.0, Avg:  0.0, Max:  0.0, Diff:  0.0, Sum:  0.0, Workers: 4
[25.368s][debug][gc,phases      ] GC(51)     Dead                           Min: 0, Avg:  0.0, Max: 0, Diff: 0, Sum: 0, Workers: 4
[25.368s][debug][gc,phases      ] GC(51)     Total                          Min: 0, Avg:  1.5, Max: 6, Diff: 6, Sum: 6, Workers: 4
[25.368s][debug][gc,phases      ] GC(51)   StringDedup Table Weak         Min:  0.0, Avg:  0.0, Max:  0.0, Diff:  0.0, Sum:  0.0, Workers: 4
[25.368s][debug][gc,phases      ] GC(51)     Dead                           Min: 0, Avg:  0.0, Max: 0, Diff: 0, Sum: 0, Workers: 4
[25.368s][debug][gc,phases      ] GC(51)     Total                          Min: 0, Avg:  0.0, Max: 0, Diff: 0, Sum: 0, Workers: 4
[25.368s][debug][gc,phases      ] GC(51)   StringDedup Requests0 Weak     Min:  0.0, Avg:  0.0, Max:  0.0, Diff:  0.0, Sum:  0.0, Workers: 4
[25.368s][debug][gc,phases      ] GC(51)     Dead                           Min: 0, Avg:  0.0, Max: 0, Diff: 0, Sum: 0, Workers: 4
[25.368s][debug][gc,phases      ] GC(51)     Total                          Min: 0, Avg:  0.0, Max: 0, Diff: 0, Sum: 0, Workers: 4
[25.368s][debug][gc,phases      ] GC(51)   StringDedup Requests1 Weak     Min:  0.0, Avg:  0.0, Max:  0.0, Diff:  0.0, Sum:  0.0, Workers: 4
[25.368s][debug][gc,phases      ] GC(51)     Dead                           Min: 0, Avg:  0.0, Max: 0, Diff: 0, Sum: 0, Workers: 4
[25.368s][debug][gc,phases      ] GC(51)     Total                          Min: 0, Avg:  0.0, Max: 0, Diff: 0, Sum: 0, Workers: 4
[25.368s][debug][gc,phases      ] GC(51)   Weak JFR Old Object Samples    Min:  0.0, Avg:  0.0, Max:  0.0, Diff:  0.0, Sum:  0.0, Workers: 4
[25.368s][debug][gc,phases      ] GC(51)     Dead                           Min: 0, Avg:  0.0, Max: 0, Diff: 0, Sum: 0, Workers: 4
[25.368s][debug][gc,phases      ] GC(51)     Total                          Min: 0, Avg:  0.0, Max: 0, Diff: 0, Sum: 0, Workers: 4
[25.368s][debug][gc,phases      ] GC(51) Weak Processing 0.267ms
[25.368s][debug][gc,age         ] GC(51) Desired survivor size 384827392 bytes, new threshold 15 (max threshold 15)
[25.368s][info ][gc,heap        ] GC(51) PSYoungGen: 1412262K(1420800K)->26944K(1712128K) Eden: 1385984K(1385984K)->0K(1345536K) From: 26278K(34816K)->26944K(366592K)
[25.368s][info ][gc,heap        ] GC(51) ParOldGen: 498957K(649728K)->500117K(649728K)
[25.368s][info ][gc,metaspace   ] GC(51) Metaspace: 68776K(69568K)->68776K(69568K) NonClass: 58757K(59200K)->58757K(59200K) Class: 10019K(10368K)->10019K(10368K)
[25.368s][info ][gc             ] GC(51) Pause Young (Allocation Failure) 1866M->514M(2306M) 64.326ms
[25.368s][info ][gc,cpu         ] GC(51) User=0.24s Sys=0.00s Real=0.06s
[25.368s][info ][safepoint      ] Safepoint "ParallelGCFailedAllocation", Time since last: 237092636 ns, Reaching safepoint: 130799 ns, At safepoint: 64423257 ns, Total: 64554056 ns
[25.676s][info ][gc,start       ] GC(52) Pause Young (Allocation Failure)
[25.684s][debug][gc,phases      ] GC(52) Scavenge 8.905ms
[25.684s][debug][gc,ref         ] GC(52) Skipped phase 1 of Reference Processing: no references
[25.685s][debug][gc,ref         ] GC(52) ReferenceProcessor::execute queues: 1, RefProcThreadModel::Single, marks_oops_alive: false
[25.685s][debug][gc,ref         ] GC(52) Skipped phase 3 of Reference Processing: no references
[25.685s][debug][gc,ref         ] GC(52) ReferenceProcessor::execute queues: 1, RefProcThreadModel::Single, marks_oops_alive: false
[25.685s][debug][gc,phases      ] GC(52) Reference Processing 0.096ms
[25.685s][debug][gc,phases      ] GC(52)   VM Weak                        Min:  0.0, Avg:  0.0, Max:  0.0, Diff:  0.0, Sum:  0.0, Workers: 4
[25.685s][debug][gc,phases      ] GC(52)     Dead                           Min: 0, Avg:  0.0, Max: 0, Diff: 0, Sum: 0, Workers: 4
[25.685s][debug][gc,phases      ] GC(52)     Total                          Min: 0, Avg: 148.5, Max: 594, Diff: 594, Sum: 594, Workers: 4
[25.685s][debug][gc,phases      ] GC(52)   ObjectSynchronizer Weak        Min:  0.0, Avg:  0.0, Max:  0.0, Diff:  0.0, Sum:  0.0, Workers: 4
[25.685s][debug][gc,phases      ] GC(52)     Dead                           Min: 0, Avg:  0.0, Max: 0, Diff: 0, Sum: 0, Workers: 4
[25.685s][debug][gc,phases      ] GC(52)     Total                          Min: 0, Avg: 86.0, Max: 192, Diff: 192, Sum: 344, Workers: 4
[25.685s][debug][gc,phases      ] GC(52)   JVMTI Tag Weak OopStorage      Min:  0.0, Avg:  0.0, Max:  0.0, Diff:  0.0, Sum:  0.0, Workers: 4
[25.685s][debug][gc,phases      ] GC(52)     Dead                           Min: 0, Avg:  0.0, Max: 0, Diff: 0, Sum: 0, Workers: 4
[25.685s][debug][gc,phases      ] GC(52)     Total                          Min: 0, Avg:  0.0, Max: 0, Diff: 0, Sum: 0, Workers: 4
[25.685s][debug][gc,phases      ] GC(52)   StringTable Weak               Min:  0.1, Avg:  0.1, Max:  0.1, Diff:  0.0, Sum:  0.3, Workers: 4
[25.685s][debug][gc,phases      ] GC(52)     Dead                           Min: 0, Avg:  3.0, Max: 12, Diff: 12, Sum: 12, Workers: 4
[25.685s][debug][gc,phases      ] GC(52)     Total                          Min: 8109, Avg: 10728.8, Max: 13056, Diff: 4947, Sum: 42915, Workers: 4
[25.685s][debug][gc,phases      ] GC(52)   ResolvedMethodTable Weak       Min:  0.0, Avg:  0.0, Max:  0.0, Diff:  0.0, Sum:  0.1, Workers: 4
[25.685s][debug][gc,phases      ] GC(52)     Dead                           Min: 0, Avg:  0.0, Max: 0, Diff: 0, Sum: 0, Workers: 4
[25.685s][debug][gc,phases      ] GC(52)     Total                          Min: 1343, Avg: 1813.2, Max: 2390, Diff: 1047, Sum: 7253, Workers: 4
[25.685s][debug][gc,phases      ] GC(52)   JNI Weak                       Min:  0.0, Avg:  0.0, Max:  0.0, Diff:  0.0, Sum:  0.0, Workers: 4
[25.685s][debug][gc,phases      ] GC(52)     Dead                           Min: 0, Avg:  0.0, Max: 0, Diff: 0, Sum: 0, Workers: 4
[25.685s][debug][gc,phases      ] GC(52)     Total                          Min: 0, Avg:  0.0, Max: 0, Diff: 0, Sum: 0, Workers: 4
[25.685s][debug][gc,phases      ] GC(52)   StringDedup Table Weak         Min:  0.0, Avg:  0.0, Max:  0.0, Diff:  0.0, Sum:  0.0, Workers: 4
[25.685s][debug][gc,phases      ] GC(52)     Dead                           Min: 0, Avg:  0.0, Max: 0, Diff: 0, Sum: 0, Workers: 4
[25.685s][debug][gc,phases      ] GC(52)     Total                          Min: 0, Avg:  0.0, Max: 0, Diff: 0, Sum: 0, Workers: 4
[25.685s][debug][gc,phases      ] GC(52)   StringDedup Requests0 Weak     Min:  0.0, Avg:  0.0, Max:  0.0, Diff:  0.0, Sum:  0.0, Workers: 4
[25.685s][debug][gc,phases      ] GC(52)     Dead                           Min: 0, Avg:  0.0, Max: 0, Diff: 0, Sum: 0, Workers: 4
[25.685s][debug][gc,phases      ] GC(52)     Total                          Min: 0, Avg:  0.0, Max: 0, Diff: 0, Sum: 0, Workers: 4
[25.685s][debug][gc,phases      ] GC(52)   StringDedup Requests1 Weak     Min:  0.0, Avg:  0.0, Max:  0.0, Diff:  0.0, Sum:  0.0, Workers: 4
[25.685s][debug][gc,phases      ] GC(52)     Dead                           Min: 0, Avg:  0.0, Max: 0, Diff: 0, Sum: 0, Workers: 4
[25.685s][debug][gc,phases      ] GC(52)     Total                          Min: 0, Avg:  0.0, Max: 0, Diff: 0, Sum: 0, Workers: 4
[25.685s][debug][gc,phases      ] GC(52)   Weak JFR Old Object Samples    Min:  0.0, Avg:  0.0, Max:  0.0, Diff:  0.0, Sum:  0.0, Workers: 4
[25.685s][debug][gc,phases      ] GC(52)     Dead                           Min: 0, Avg:  0.0, Max: 0, Diff: 0, Sum: 0, Workers: 4
[25.685s][debug][gc,phases      ] GC(52)     Total                          Min: 0, Avg:  0.0, Max: 0, Diff: 0, Sum: 0, Workers: 4
[25.685s][debug][gc,phases      ] GC(52) Weak Processing 0.248ms
[25.685s][debug][gc,age         ] GC(52) Desired survivor size 388497408 bytes, new threshold 15 (max threshold 15)
[25.685s][info ][gc,heap        ] GC(52) PSYoungGen: 1372480K(1712128K)->28672K(1374720K) Eden: 1345536K(1345536K)->0K(1345536K) From: 26944K(366592K)->28672K(29184K)
[25.685s][info ][gc,heap        ] GC(52) ParOldGen: 500117K(649728K)->502969K(649728K)
[25.685s][info ][gc,metaspace   ] GC(52) Metaspace: 68836K(69568K)->68836K(69568K) NonClass: 58809K(59200K)->58809K(59200K) Class: 10027K(10368K)->10027K(10368K)
[25.685s][info ][gc             ] GC(52) Pause Young (Allocation Failure) 1828M->519M(1977M) 9.357ms
[25.685s][info ][gc,cpu         ] GC(52) User=0.04s Sys=0.00s Real=0.01s
[25.685s][info ][safepoint      ] Safepoint "ParallelGCFailedAllocation", Time since last: 307289962 ns, Reaching safepoint: 159099 ns, At safepoint: 9450850 ns, Total: 9609949 ns
[25.958s][info ][gc,start       ] GC(53) Pause Young (Allocation Failure)
[25.970s][debug][gc,phases      ] GC(53) Scavenge 11.335ms
[25.970s][debug][gc,ref         ] GC(53) Skipped phase 1 of Reference Processing: no references
[25.970s][debug][gc,ref         ] GC(53) ReferenceProcessor::execute queues: 1, RefProcThreadModel::Single, marks_oops_alive: false
[25.970s][debug][gc,ref         ] GC(53) Skipped phase 3 of Reference Processing: no references
[25.970s][debug][gc,ref         ] GC(53) ReferenceProcessor::execute queues: 1, RefProcThreadModel::Single, marks_oops_alive: false
[25.970s][debug][gc,phases      ] GC(53) Reference Processing 0.109ms
[25.970s][debug][gc,phases      ] GC(53)   VM Weak                        Min:  0.0, Avg:  0.0, Max:  0.0, Diff:  0.0, Sum:  0.0, Workers: 4
[25.970s][debug][gc,phases      ] GC(53)     Dead                           Min: 0, Avg:  0.0, Max: 0, Diff: 0, Sum: 0, Workers: 4
[25.970s][debug][gc,phases      ] GC(53)     Total                          Min: 0, Avg: 148.5, Max: 594, Diff: 594, Sum: 594, Workers: 4
[25.970s][debug][gc,phases      ] GC(53)   ObjectSynchronizer Weak        Min:  0.0, Avg:  0.0, Max:  0.0, Diff:  0.0, Sum:  0.0, Workers: 4
[25.970s][debug][gc,phases      ] GC(53)     Dead                           Min: 0, Avg:  0.0, Max: 0, Diff: 0, Sum: 0, Workers: 4
[25.970s][debug][gc,phases      ] GC(53)     Total                          Min: 0, Avg: 86.0, Max: 216, Diff: 216, Sum: 344, Workers: 4
[25.970s][debug][gc,phases      ] GC(53)   JVMTI Tag Weak OopStorage      Min:  0.0, Avg:  0.0, Max:  0.0, Diff:  0.0, Sum:  0.0, Workers: 4
[25.970s][debug][gc,phases      ] GC(53)     Dead                           Min: 0, Avg:  0.0, Max: 0, Diff: 0, Sum: 0, Workers: 4
[25.970s][debug][gc,phases      ] GC(53)     Total                          Min: 0, Avg:  0.0, Max: 0, Diff: 0, Sum: 0, Workers: 4
[25.970s][debug][gc,phases      ] GC(53)   StringTable Weak               Min:  0.1, Avg:  0.1, Max:  0.1, Diff:  0.0, Sum:  0.3, Workers: 4
[25.970s][debug][gc,phases      ] GC(53)     Dead                           Min: 0, Avg:  0.0, Max: 0, Diff: 0, Sum: 0, Workers: 4
[25.970s][debug][gc,phases      ] GC(53)     Total                          Min: 8247, Avg: 10728.8, Max: 13951, Diff: 5704, Sum: 42915, Workers: 4
[25.970s][debug][gc,phases      ] GC(53)   ResolvedMethodTable Weak       Min:  0.0, Avg:  0.0, Max:  0.0, Diff:  0.0, Sum:  0.1, Workers: 4
[25.970s][debug][gc,phases      ] GC(53)     Dead                           Min: 0, Avg:  0.0, Max: 0, Diff: 0, Sum: 0, Workers: 4
[25.970s][debug][gc,phases      ] GC(53)     Total                          Min: 1536, Avg: 1813.2, Max: 2239, Diff: 703, Sum: 7253, Workers: 4
[25.970s][debug][gc,phases      ] GC(53)   JNI Weak                       Min:  0.0, Avg:  0.0, Max:  0.0, Diff:  0.0, Sum:  0.0, Workers: 4
[25.970s][debug][gc,phases      ] GC(53)     Dead                           Min: 0, Avg:  0.0, Max: 0, Diff: 0, Sum: 0, Workers: 4
[25.970s][debug][gc,phases      ] GC(53)     Total                          Min: 0, Avg:  0.0, Max: 0, Diff: 0, Sum: 0, Workers: 4
[25.970s][debug][gc,phases      ] GC(53)   StringDedup Table Weak         Min:  0.0, Avg:  0.0, Max:  0.0, Diff:  0.0, Sum:  0.0, Workers: 4
[25.970s][debug][gc,phases      ] GC(53)     Dead                           Min: 0, Avg:  0.0, Max: 0, Diff: 0, Sum: 0, Workers: 4
[25.970s][debug][gc,phases      ] GC(53)     Total                          Min: 0, Avg:  0.0, Max: 0, Diff: 0, Sum: 0, Workers: 4
[25.970s][debug][gc,phases      ] GC(53)   StringDedup Requests0 Weak     Min:  0.0, Avg:  0.0, Max:  0.0, Diff:  0.0, Sum:  0.0, Workers: 4
[25.970s][debug][gc,phases      ] GC(53)     Dead                           Min: 0, Avg:  0.0, Max: 0, Diff: 0, Sum: 0, Workers: 4
[25.970s][debug][gc,phases      ] GC(53)     Total                          Min: 0, Avg:  0.0, Max: 0, Diff: 0, Sum: 0, Workers: 4
[25.970s][debug][gc,phases      ] GC(53)   StringDedup Requests1 Weak     Min:  0.0, Avg:  0.0, Max:  0.0, Diff:  0.0, Sum:  0.0, Workers: 4
[25.970s][debug][gc,phases      ] GC(53)     Dead                           Min: 0, Avg:  0.0, Max: 0, Diff: 0, Sum: 0, Workers: 4
[25.970s][debug][gc,phases      ] GC(53)     Total                          Min: 0, Avg:  0.0, Max: 0, Diff: 0, Sum: 0, Workers: 4
[25.970s][debug][gc,phases      ] GC(53)   Weak JFR Old Object Samples    Min:  0.0, Avg:  0.0, Max:  0.0, Diff:  0.0, Sum:  0.0, Workers: 4
[25.970s][debug][gc,phases      ] GC(53)     Dead                           Min: 0, Avg:  0.0, Max: 0, Diff: 0, Sum: 0, Workers: 4
[25.970s][debug][gc,phases      ] GC(53)     Total                          Min: 0, Avg:  0.0, Max: 0, Diff: 0, Sum: 0, Workers: 4
[25.970s][debug][gc,phases      ] GC(53) Weak Processing 0.269ms
[25.970s][debug][gc,age         ] GC(53) Desired survivor size 387448832 bytes, new threshold 15 (max threshold 15)
[25.970s][info ][gc,heap        ] GC(53) PSYoungGen: 1374208K(1374720K)->31920K(1718784K) Eden: 1345536K(1345536K)->0K(1339392K) From: 28672K(29184K)->31920K(379392K)
[25.970s][info ][gc,heap        ] GC(53) ParOldGen: 502969K(649728K)->505225K(649728K)
[25.970s][info ][gc,metaspace   ] GC(53) Metaspace: 68837K(69568K)->68837K(69568K) NonClass: 58810K(59200K)->58810K(59200K) Class: 10027K(10368K)->10027K(10368K)
[25.970s][info ][gc             ] GC(53) Pause Young (Allocation Failure) 1833M->524M(2313M) 11.850ms
[25.970s][info ][gc,cpu         ] GC(53) User=0.04s Sys=0.00s Real=0.01s
[25.970s][info ][safepoint      ] Safepoint "ParallelGCFailedAllocation", Time since last: 273246444 ns, Reaching safepoint: 127899 ns, At safepoint: 11962736 ns, Total: 12090635 ns
[26.319s][info ][gc,start       ] GC(54) Pause Young (Allocation Failure)
[26.330s][debug][gc,phases      ] GC(54) Scavenge 10.936ms
[26.330s][debug][gc,ref         ] GC(54) Skipped phase 1 of Reference Processing: no references
[26.330s][debug][gc,ref         ] GC(54) ReferenceProcessor::execute queues: 1, RefProcThreadModel::Single, marks_oops_alive: false
[26.330s][debug][gc,ref         ] GC(54) Skipped phase 3 of Reference Processing: no references
[26.330s][debug][gc,ref         ] GC(54) ReferenceProcessor::execute queues: 1, RefProcThreadModel::Single, marks_oops_alive: false
[26.330s][debug][gc,phases      ] GC(54) Reference Processing 0.105ms
[26.330s][debug][gc,phases      ] GC(54)   VM Weak                        Min:  0.0, Avg:  0.0, Max:  0.0, Diff:  0.0, Sum:  0.0, Workers: 4
[26.330s][debug][gc,phases      ] GC(54)     Dead                           Min: 0, Avg:  0.0, Max: 0, Diff: 0, Sum: 0, Workers: 4
[26.330s][debug][gc,phases      ] GC(54)     Total                          Min: 0, Avg: 148.5, Max: 576, Diff: 576, Sum: 594, Workers: 4
[26.330s][debug][gc,phases      ] GC(54)   ObjectSynchronizer Weak        Min:  0.0, Avg:  0.0, Max:  0.0, Diff:  0.0, Sum:  0.0, Workers: 4
[26.330s][debug][gc,phases      ] GC(54)     Dead                           Min: 0, Avg:  0.0, Max: 0, Diff: 0, Sum: 0, Workers: 4
[26.330s][debug][gc,phases      ] GC(54)     Total                          Min: 0, Avg: 86.0, Max: 192, Diff: 192, Sum: 344, Workers: 4
[26.330s][debug][gc,phases      ] GC(54)   JVMTI Tag Weak OopStorage      Min:  0.0, Avg:  0.0, Max:  0.0, Diff:  0.0, Sum:  0.0, Workers: 4
[26.330s][debug][gc,phases      ] GC(54)     Dead                           Min: 0, Avg:  0.0, Max: 0, Diff: 0, Sum: 0, Workers: 4
[26.330s][debug][gc,phases      ] GC(54)     Total                          Min: 0, Avg:  0.0, Max: 0, Diff: 0, Sum: 0, Workers: 4
[26.330s][debug][gc,phases      ] GC(54)   StringTable Weak               Min:  0.1, Avg:  0.1, Max:  0.1, Diff:  0.0, Sum:  0.3, Workers: 4
[26.330s][debug][gc,phases      ] GC(54)     Dead                           Min: 0, Avg:  2.8, Max: 9, Diff: 9, Sum: 11, Workers: 4
[26.330s][debug][gc,phases      ] GC(54)     Total                          Min: 7744, Avg: 10729.8, Max: 13312, Diff: 5568, Sum: 42919, Workers: 4
[26.330s][debug][gc,phases      ] GC(54)   ResolvedMethodTable Weak       Min:  0.0, Avg:  0.0, Max:  0.0, Diff:  0.0, Sum:  0.1, Workers: 4
[26.330s][debug][gc,phases      ] GC(54)     Dead                           Min: 0, Avg:  0.0, Max: 0, Diff: 0, Sum: 0, Workers: 4
[26.330s][debug][gc,phases      ] GC(54)     Total                          Min: 1344, Avg: 1813.2, Max: 2495, Diff: 1151, Sum: 7253, Workers: 4
[26.330s][debug][gc,phases      ] GC(54)   JNI Weak                       Min:  0.0, Avg:  0.0, Max:  0.0, Diff:  0.0, Sum:  0.0, Workers: 4
[26.330s][debug][gc,phases      ] GC(54)     Dead                           Min: 0, Avg:  0.0, Max: 0, Diff: 0, Sum: 0, Workers: 4
[26.330s][debug][gc,phases      ] GC(54)     Total                          Min: 0, Avg:  0.2, Max: 1, Diff: 1, Sum: 1, Workers: 4
[26.330s][debug][gc,phases      ] GC(54)   StringDedup Table Weak         Min:  0.0, Avg:  0.0, Max:  0.0, Diff:  0.0, Sum:  0.0, Workers: 4
[26.330s][debug][gc,phases      ] GC(54)     Dead                           Min: 0, Avg:  0.0, Max: 0, Diff: 0, Sum: 0, Workers: 4
[26.330s][debug][gc,phases      ] GC(54)     Total                          Min: 0, Avg:  0.0, Max: 0, Diff: 0, Sum: 0, Workers: 4
[26.330s][debug][gc,phases      ] GC(54)   StringDedup Requests0 Weak     Min:  0.0, Avg:  0.0, Max:  0.0, Diff:  0.0, Sum:  0.0, Workers: 4
[26.330s][debug][gc,phases      ] GC(54)     Dead                           Min: 0, Avg:  0.0, Max: 0, Diff: 0, Sum: 0, Workers: 4
[26.330s][debug][gc,phases      ] GC(54)     Total                          Min: 0, Avg:  0.0, Max: 0, Diff: 0, Sum: 0, Workers: 4
[26.330s][debug][gc,phases      ] GC(54)   StringDedup Requests1 Weak     Min:  0.0, Avg:  0.0, Max:  0.0, Diff:  0.0, Sum:  0.0, Workers: 4
[26.330s][debug][gc,phases      ] GC(54)     Dead                           Min: 0, Avg:  0.0, Max: 0, Diff: 0, Sum: 0, Workers: 4
[26.330s][debug][gc,phases      ] GC(54)     Total                          Min: 0, Avg:  0.0, Max: 0, Diff: 0, Sum: 0, Workers: 4
[26.330s][debug][gc,phases      ] GC(54)   Weak JFR Old Object Samples    Min:  0.0, Avg:  0.0, Max:  0.0, Diff:  0.0, Sum:  0.0, Workers: 4
[26.330s][debug][gc,phases      ] GC(54)     Dead                           Min: 0, Avg:  0.0, Max: 0, Diff: 0, Sum: 0, Workers: 4
[26.330s][debug][gc,phases      ] GC(54)     Total                          Min: 0, Avg:  0.0, Max: 0, Diff: 0, Sum: 0, Workers: 4
[26.330s][debug][gc,phases      ] GC(54) Weak Processing 0.245ms
[26.330s][debug][gc,age         ] GC(54) Desired survivor size 382730240 bytes, new threshold 15 (max threshold 15)
[26.330s][info ][gc,heap        ] GC(54) PSYoungGen: 1371312K(1718784K)->33760K(1717760K) Eden: 1339392K(1339392K)->0K(1339392K) From: 31920K(379392K)->33760K(378368K)
[26.330s][info ][gc,heap        ] GC(54) ParOldGen: 505225K(649728K)->508129K(649728K)
[26.330s][info ][gc,metaspace   ] GC(54) Metaspace: 68839K(69568K)->68839K(69568K) NonClass: 58812K(59200K)->58812K(59200K) Class: 10027K(10368K)->10027K(10368K)
[26.330s][info ][gc             ] GC(54) Pause Young (Allocation Failure) 1832M->529M(2312M) 11.403ms
[26.330s][info ][gc,cpu         ] GC(54) User=0.04s Sys=0.00s Real=0.01s
[26.330s][info ][safepoint      ] Safepoint "ParallelGCFailedAllocation", Time since last: 347246550 ns, Reaching safepoint: 1022794 ns, At safepoint: 11494239 ns, Total: 12517033 ns
[26.652s][info ][gc,start       ] GC(55) Pause Young (Allocation Failure)
[26.665s][debug][gc,phases      ] GC(55) Scavenge 13.591ms
[26.665s][debug][gc,ref         ] GC(55) Skipped phase 1 of Reference Processing: no references
[26.665s][debug][gc,ref         ] GC(55) ReferenceProcessor::execute queues: 1, RefProcThreadModel::Single, marks_oops_alive: false
[26.665s][debug][gc,ref         ] GC(55) Skipped phase 3 of Reference Processing: no references
[26.665s][debug][gc,ref         ] GC(55) ReferenceProcessor::execute queues: 1, RefProcThreadModel::Single, marks_oops_alive: false
[26.665s][debug][gc,phases      ] GC(55) Reference Processing 0.110ms
[26.665s][debug][gc,phases      ] GC(55)   VM Weak                        Min:  0.0, Avg:  0.0, Max:  0.0, Diff:  0.0, Sum:  0.0, Workers: 4
[26.665s][debug][gc,phases      ] GC(55)     Dead                           Min: 0, Avg:  0.0, Max: 0, Diff: 0, Sum: 0, Workers: 4
[26.665s][debug][gc,phases      ] GC(55)     Total                          Min: 0, Avg: 148.5, Max: 384, Diff: 384, Sum: 594, Workers: 4
[26.665s][debug][gc,phases      ] GC(55)   ObjectSynchronizer Weak        Min:  0.0, Avg:  0.0, Max:  0.0, Diff:  0.0, Sum:  0.0, Workers: 4
[26.665s][debug][gc,phases      ] GC(55)     Dead                           Min: 0, Avg:  0.0, Max: 0, Diff: 0, Sum: 0, Workers: 4
[26.665s][debug][gc,phases      ] GC(55)     Total                          Min: 0, Avg: 86.0, Max: 192, Diff: 192, Sum: 344, Workers: 4
[26.665s][debug][gc,phases      ] GC(55)   JVMTI Tag Weak OopStorage      Min:  0.0, Avg:  0.0, Max:  0.0, Diff:  0.0, Sum:  0.0, Workers: 4
[26.665s][debug][gc,phases      ] GC(55)     Dead                           Min: 0, Avg:  0.0, Max: 0, Diff: 0, Sum: 0, Workers: 4
[26.665s][debug][gc,phases      ] GC(55)     Total                          Min: 0, Avg:  0.0, Max: 0, Diff: 0, Sum: 0, Workers: 4
[26.665s][debug][gc,phases      ] GC(55)   StringTable Weak               Min:  0.1, Avg:  0.1, Max:  0.1, Diff:  0.0, Sum:  0.4, Workers: 4
[26.665s][debug][gc,phases      ] GC(55)     Dead                           Min: 0, Avg:  2.8, Max: 11, Diff: 11, Sum: 11, Workers: 4
[26.666s][debug][gc,phases      ] GC(55)     Total                          Min: 8640, Avg: 10730.0, Max: 13312, Diff: 4672, Sum: 42920, Workers: 4
[26.666s][debug][gc,phases      ] GC(55)   ResolvedMethodTable Weak       Min:  0.0, Avg:  0.0, Max:  0.0, Diff:  0.0, Sum:  0.1, Workers: 4
[26.666s][debug][gc,phases      ] GC(55)     Dead                           Min: 0, Avg:  0.0, Max: 0, Diff: 0, Sum: 0, Workers: 4
[26.666s][debug][gc,phases      ] GC(55)     Total                          Min: 1494, Avg: 1813.2, Max: 2303, Diff: 809, Sum: 7253, Workers: 4
[26.666s][debug][gc,phases      ] GC(55)   JNI Weak                       Min:  0.0, Avg:  0.0, Max:  0.0, Diff:  0.0, Sum:  0.0, Workers: 4
[26.666s][debug][gc,phases      ] GC(55)     Dead                           Min: 0, Avg:  0.0, Max: 0, Diff: 0, Sum: 0, Workers: 4
[26.666s][debug][gc,phases      ] GC(55)     Total                          Min: 0, Avg:  1.0, Max: 4, Diff: 4, Sum: 4, Workers: 4
[26.666s][debug][gc,phases      ] GC(55)   StringDedup Table Weak         Min:  0.0, Avg:  0.0, Max:  0.0, Diff:  0.0, Sum:  0.0, Workers: 4
[26.666s][debug][gc,phases      ] GC(55)     Dead                           Min: 0, Avg:  0.0, Max: 0, Diff: 0, Sum: 0, Workers: 4
[26.666s][debug][gc,phases      ] GC(55)     Total                          Min: 0, Avg:  0.0, Max: 0, Diff: 0, Sum: 0, Workers: 4
[26.666s][debug][gc,phases      ] GC(55)   StringDedup Requests0 Weak     Min:  0.0, Avg:  0.0, Max:  0.0, Diff:  0.0, Sum:  0.0, Workers: 4
[26.666s][debug][gc,phases      ] GC(55)     Dead                           Min: 0, Avg:  0.0, Max: 0, Diff: 0, Sum: 0, Workers: 4
[26.666s][debug][gc,phases      ] GC(55)     Total                          Min: 0, Avg:  0.0, Max: 0, Diff: 0, Sum: 0, Workers: 4
[26.666s][debug][gc,phases      ] GC(55)   StringDedup Requests1 Weak     Min:  0.0, Avg:  0.0, Max:  0.0, Diff:  0.0, Sum:  0.0, Workers: 4
[26.666s][debug][gc,phases      ] GC(55)     Dead                           Min: 0, Avg:  0.0, Max: 0, Diff: 0, Sum: 0, Workers: 4
[26.666s][debug][gc,phases      ] GC(55)     Total                          Min: 0, Avg:  0.0, Max: 0, Diff: 0, Sum: 0, Workers: 4
[26.666s][debug][gc,phases      ] GC(55)   Weak JFR Old Object Samples    Min:  0.0, Avg:  0.0, Max:  0.0, Diff:  0.0, Sum:  0.0, Workers: 4
[26.666s][debug][gc,phases      ] GC(55)     Dead                           Min: 0, Avg:  0.0, Max: 0, Diff: 0, Sum: 0, Workers: 4
[26.666s][debug][gc,phases      ] GC(55)     Total                          Min: 0, Avg:  0.0, Max: 0, Diff: 0, Sum: 0, Workers: 4
[26.666s][debug][gc,phases      ] GC(55) Weak Processing 0.279ms
[26.666s][debug][gc,age         ] GC(55) Desired survivor size 374865920 bytes, new threshold 15 (max threshold 15)
[26.666s][info ][gc,heap        ] GC(55) PSYoungGen: 1373152K(1717760K)->36128K(1731072K) Eden: 1339392K(1339392K)->0K(1357312K) From: 33760K(378368K)->36128K(373760K)
[26.666s][info ][gc,heap        ] GC(55) ParOldGen: 508129K(649728K)->510881K(649728K)
[26.666s][info ][gc,metaspace   ] GC(55) Metaspace: 68841K(69568K)->68841K(69568K) NonClass: 58814K(59200K)->58814K(59200K) Class: 10027K(10368K)->10027K(10368K)
[26.666s][info ][gc             ] GC(55) Pause Young (Allocation Failure) 1837M->534M(2325M) 14.106ms
[26.666s][info ][gc,cpu         ] GC(55) User=0.07s Sys=0.00s Real=0.01s
[26.666s][info ][safepoint      ] Safepoint "ParallelGCFailedAllocation", Time since last: 317134810 ns, Reaching safepoint: 4293677 ns, At safepoint: 14217024 ns, Total: 18510701 ns
[26.932s][info ][gc,start       ] GC(56) Pause Young (Allocation Failure)
[26.947s][debug][gc,phases      ] GC(56) Scavenge 15.117ms
[26.947s][debug][gc,ref         ] GC(56) Skipped phase 1 of Reference Processing: no references
[26.948s][debug][gc,ref         ] GC(56) ReferenceProcessor::execute queues: 1, RefProcThreadModel::Single, marks_oops_alive: false
[26.948s][debug][gc,ref         ] GC(56) Skipped phase 3 of Reference Processing: no references
[26.948s][debug][gc,ref         ] GC(56) ReferenceProcessor::execute queues: 1, RefProcThreadModel::Single, marks_oops_alive: false
[26.948s][debug][gc,phases      ] GC(56) Reference Processing 0.137ms
[26.948s][debug][gc,phases      ] GC(56)   VM Weak                        Min:  0.0, Avg:  0.0, Max:  0.0, Diff:  0.0, Sum:  0.0, Workers: 4
[26.948s][debug][gc,phases      ] GC(56)     Dead                           Min: 0, Avg:  0.0, Max: 0, Diff: 0, Sum: 0, Workers: 4
[26.948s][debug][gc,phases      ] GC(56)     Total                          Min: 0, Avg: 148.5, Max: 448, Diff: 448, Sum: 594, Workers: 4
[26.948s][debug][gc,phases      ] GC(56)   ObjectSynchronizer Weak        Min:  0.0, Avg:  0.0, Max:  0.0, Diff:  0.0, Sum:  0.0, Workers: 4
[26.948s][debug][gc,phases      ] GC(56)     Dead                           Min: 0, Avg:  0.0, Max: 0, Diff: 0, Sum: 0, Workers: 4
[26.948s][debug][gc,phases      ] GC(56)     Total                          Min: 0, Avg: 86.0, Max: 192, Diff: 192, Sum: 344, Workers: 4
[26.948s][debug][gc,phases      ] GC(56)   JVMTI Tag Weak OopStorage      Min:  0.0, Avg:  0.0, Max:  0.0, Diff:  0.0, Sum:  0.0, Workers: 4
[26.948s][debug][gc,phases      ] GC(56)     Dead                           Min: 0, Avg:  0.0, Max: 0, Diff: 0, Sum: 0, Workers: 4
[26.948s][debug][gc,phases      ] GC(56)     Total                          Min: 0, Avg:  0.0, Max: 0, Diff: 0, Sum: 0, Workers: 4
[26.948s][debug][gc,phases      ] GC(56)   StringTable Weak               Min:  0.1, Avg:  0.1, Max:  0.1, Diff:  0.0, Sum:  0.4, Workers: 4
[26.948s][debug][gc,phases      ] GC(56)     Dead                           Min: 0, Avg:  0.0, Max: 0, Diff: 0, Sum: 0, Workers: 4
[26.948s][debug][gc,phases      ] GC(56)     Total                          Min: 10112, Avg: 10730.2, Max: 11264, Diff: 1152, Sum: 42921, Workers: 4
[26.948s][debug][gc,phases      ] GC(56)   ResolvedMethodTable Weak       Min:  0.0, Avg:  0.0, Max:  0.0, Diff:  0.0, Sum:  0.1, Workers: 4
[26.948s][debug][gc,phases      ] GC(56)     Dead                           Min: 0, Avg:  0.0, Max: 0, Diff: 0, Sum: 0, Workers: 4
[26.948s][debug][gc,phases      ] GC(56)     Total                          Min: 1750, Avg: 1813.2, Max: 1856, Diff: 106, Sum: 7253, Workers: 4
[26.948s][debug][gc,phases      ] GC(56)   JNI Weak                       Min:  0.0, Avg:  0.0, Max:  0.0, Diff:  0.0, Sum:  0.0, Workers: 4
[26.948s][debug][gc,phases      ] GC(56)     Dead                           Min: 0, Avg:  0.0, Max: 0, Diff: 0, Sum: 0, Workers: 4
[26.948s][debug][gc,phases      ] GC(56)     Total                          Min: 0, Avg:  0.0, Max: 0, Diff: 0, Sum: 0, Workers: 4
[26.948s][debug][gc,phases      ] GC(56)   StringDedup Table Weak         Min:  0.0, Avg:  0.0, Max:  0.0, Diff:  0.0, Sum:  0.0, Workers: 4
[26.948s][debug][gc,phases      ] GC(56)     Dead                           Min: 0, Avg:  0.0, Max: 0, Diff: 0, Sum: 0, Workers: 4
[26.948s][debug][gc,phases      ] GC(56)     Total                          Min: 0, Avg:  0.0, Max: 0, Diff: 0, Sum: 0, Workers: 4
[26.948s][debug][gc,phases      ] GC(56)   StringDedup Requests0 Weak     Min:  0.0, Avg:  0.0, Max:  0.0, Diff:  0.0, Sum:  0.0, Workers: 4
[26.948s][debug][gc,phases      ] GC(56)     Dead                           Min: 0, Avg:  0.0, Max: 0, Diff: 0, Sum: 0, Workers: 4
[26.948s][debug][gc,phases      ] GC(56)     Total                          Min: 0, Avg:  0.0, Max: 0, Diff: 0, Sum: 0, Workers: 4
[26.948s][debug][gc,phases      ] GC(56)   StringDedup Requests1 Weak     Min:  0.0, Avg:  0.0, Max:  0.0, Diff:  0.0, Sum:  0.0, Workers: 4
[26.948s][debug][gc,phases      ] GC(56)     Dead                           Min: 0, Avg:  0.0, Max: 0, Diff: 0, Sum: 0, Workers: 4
[26.948s][debug][gc,phases      ] GC(56)     Total                          Min: 0, Avg:  0.0, Max: 0, Diff: 0, Sum: 0, Workers: 4
[26.948s][debug][gc,phases      ] GC(56)   Weak JFR Old Object Samples    Min:  0.0, Avg:  0.0, Max:  0.0, Diff:  0.0, Sum:  0.0, Workers: 4
[26.948s][debug][gc,phases      ] GC(56)     Dead                           Min: 0, Avg:  0.0, Max: 0, Diff: 0, Sum: 0, Workers: 4
[26.948s][debug][gc,phases      ] GC(56)     Total                          Min: 0, Avg:  0.0, Max: 0, Diff: 0, Sum: 0, Workers: 4
[26.948s][debug][gc,phases      ] GC(56) Weak Processing 0.376ms
[26.948s][debug][gc,age         ] GC(56) Desired survivor size 364904448 bytes, new threshold 15 (max threshold 15)
[26.948s][info ][gc,heap        ] GC(56) PSYoungGen: 1393440K(1731072K)->38208K(1723392K) Eden: 1357312K(1357312K)->0K(1357312K) From: 36128K(373760K)->38208K(366080K)
[26.948s][info ][gc,heap        ] GC(56) ParOldGen: 510881K(649728K)->514345K(649728K)
[26.948s][info ][gc,metaspace   ] GC(56) Metaspace: 68854K(69632K)->68854K(69632K) NonClass: 58827K(59264K)->58827K(59264K) Class: 10027K(10368K)->10027K(10368K)
[26.948s][info ][gc             ] GC(56) Pause Young (Allocation Failure) 1859M->539M(2317M) 15.792ms
[26.948s][info ][gc,cpu         ] GC(56) User=0.06s Sys=0.00s Real=0.01s
[26.948s][info ][safepoint      ] Safepoint "ParallelGCFailedAllocation", Time since last: 266369480 ns, Reaching safepoint: 125200 ns, At safepoint: 15911115 ns, Total: 16036315 ns
[27.238s][info ][gc,start       ] GC(57) Pause Young (Allocation Failure)
[27.254s][debug][gc,phases      ] GC(57) Scavenge 15.796ms
[27.254s][debug][gc,ref         ] GC(57) Skipped phase 1 of Reference Processing: no references
[27.254s][debug][gc,ref         ] GC(57) ReferenceProcessor::execute queues: 1, RefProcThreadModel::Single, marks_oops_alive: false
[27.254s][debug][gc,ref         ] GC(57) Skipped phase 3 of Reference Processing: no references
[27.254s][debug][gc,ref         ] GC(57) ReferenceProcessor::execute queues: 1, RefProcThreadModel::Single, marks_oops_alive: false
[27.254s][debug][gc,phases      ] GC(57) Reference Processing 0.105ms
[27.254s][debug][gc,phases      ] GC(57)   VM Weak                        Min:  0.0, Avg:  0.0, Max:  0.0, Diff:  0.0, Sum:  0.0, Workers: 4
[27.254s][debug][gc,phases      ] GC(57)     Dead                           Min: 0, Avg:  0.0, Max: 0, Diff: 0, Sum: 0, Workers: 4
[27.254s][debug][gc,phases      ] GC(57)     Total                          Min: 0, Avg: 148.5, Max: 594, Diff: 594, Sum: 594, Workers: 4
[27.254s][debug][gc,phases      ] GC(57)   ObjectSynchronizer Weak        Min:  0.0, Avg:  0.0, Max:  0.0, Diff:  0.0, Sum:  0.0, Workers: 4
[27.254s][debug][gc,phases      ] GC(57)     Dead                           Min: 0, Avg:  0.0, Max: 0, Diff: 0, Sum: 0, Workers: 4
[27.254s][debug][gc,phases      ] GC(57)     Total                          Min: 0, Avg: 86.0, Max: 192, Diff: 192, Sum: 344, Workers: 4
[27.254s][debug][gc,phases      ] GC(57)   JVMTI Tag Weak OopStorage      Min:  0.0, Avg:  0.0, Max:  0.0, Diff:  0.0, Sum:  0.0, Workers: 4
[27.254s][debug][gc,phases      ] GC(57)     Dead                           Min: 0, Avg:  0.0, Max: 0, Diff: 0, Sum: 0, Workers: 4
[27.254s][debug][gc,phases      ] GC(57)     Total                          Min: 0, Avg:  0.0, Max: 0, Diff: 0, Sum: 0, Workers: 4
[27.254s][debug][gc,phases      ] GC(57)   StringTable Weak               Min:  0.1, Avg:  0.1, Max:  0.1, Diff:  0.0, Sum:  0.3, Workers: 4
[27.254s][debug][gc,phases      ] GC(57)     Dead                           Min: 0, Avg:  2.8, Max: 8, Diff: 8, Sum: 11, Workers: 4
[27.254s][debug][gc,phases      ] GC(57)     Total                          Min: 7724, Avg: 10731.0, Max: 13248, Diff: 5524, Sum: 42924, Workers: 4
[27.254s][debug][gc,phases      ] GC(57)   ResolvedMethodTable Weak       Min:  0.0, Avg:  0.0, Max:  0.0, Diff:  0.0, Sum:  0.1, Workers: 4
[27.254s][debug][gc,phases      ] GC(57)     Dead                           Min: 0, Avg:  0.0, Max: 0, Diff: 0, Sum: 0, Workers: 4
[27.254s][debug][gc,phases      ] GC(57)     Total                          Min: 1408, Avg: 1813.2, Max: 2325, Diff: 917, Sum: 7253, Workers: 4
[27.254s][debug][gc,phases      ] GC(57)   JNI Weak                       Min:  0.0, Avg:  0.0, Max:  0.0, Diff:  0.0, Sum:  0.0, Workers: 4
[27.254s][debug][gc,phases      ] GC(57)     Dead                           Min: 0, Avg:  0.0, Max: 0, Diff: 0, Sum: 0, Workers: 4
[27.254s][debug][gc,phases      ] GC(57)     Total                          Min: 0, Avg:  0.2, Max: 1, Diff: 1, Sum: 1, Workers: 4
[27.254s][debug][gc,phases      ] GC(57)   StringDedup Table Weak         Min:  0.0, Avg:  0.0, Max:  0.0, Diff:  0.0, Sum:  0.0, Workers: 4
[27.254s][debug][gc,phases      ] GC(57)     Dead                           Min: 0, Avg:  0.0, Max: 0, Diff: 0, Sum: 0, Workers: 4
[27.254s][debug][gc,phases      ] GC(57)     Total                          Min: 0, Avg:  0.0, Max: 0, Diff: 0, Sum: 0, Workers: 4
[27.254s][debug][gc,phases      ] GC(57)   StringDedup Requests0 Weak     Min:  0.0, Avg:  0.0, Max:  0.0, Diff:  0.0, Sum:  0.0, Workers: 4
[27.254s][debug][gc,phases      ] GC(57)     Dead                           Min: 0, Avg:  0.0, Max: 0, Diff: 0, Sum: 0, Workers: 4
[27.254s][debug][gc,phases      ] GC(57)     Total                          Min: 0, Avg:  0.0, Max: 0, Diff: 0, Sum: 0, Workers: 4
[27.254s][debug][gc,phases      ] GC(57)   StringDedup Requests1 Weak     Min:  0.0, Avg:  0.0, Max:  0.0, Diff:  0.0, Sum:  0.0, Workers: 4
[27.254s][debug][gc,phases      ] GC(57)     Dead                           Min: 0, Avg:  0.0, Max: 0, Diff: 0, Sum: 0, Workers: 4
[27.254s][debug][gc,phases      ] GC(57)     Total                          Min: 0, Avg:  0.0, Max: 0, Diff: 0, Sum: 0, Workers: 4
[27.254s][debug][gc,phases      ] GC(57)   Weak JFR Old Object Samples    Min:  0.0, Avg:  0.0, Max:  0.0, Diff:  0.0, Sum:  0.0, Workers: 4
[27.254s][debug][gc,phases      ] GC(57)     Dead                           Min: 0, Avg:  0.0, Max: 0, Diff: 0, Sum: 0, Workers: 4
[27.254s][debug][gc,phases      ] GC(57)     Total                          Min: 0, Avg:  0.0, Max: 0, Diff: 0, Sum: 0, Workers: 4
[27.254s][debug][gc,phases      ] GC(57) Weak Processing 0.252ms
[27.254s][debug][gc,age         ] GC(57) Desired survivor size 352321536 bytes, new threshold 15 (max threshold 15)
[27.254s][info ][gc,heap        ] GC(57) PSYoungGen: 1395520K(1723392K)->44016K(1753088K) Eden: 1357312K(1357312K)->0K(1396736K) From: 38208K(366080K)->44016K(356352K)
[27.254s][info ][gc,heap        ] GC(57) ParOldGen: 514345K(649728K)->514745K(649728K)
[27.254s][info ][gc,metaspace   ] GC(57) Metaspace: 68866K(69632K)->68866K(69632K) NonClass: 58839K(59264K)->58839K(59264K) Class: 10027K(10368K)->10027K(10368K)
[27.254s][info ][gc             ] GC(57) Pause Young (Allocation Failure) 1865M->545M(2346M) 16.267ms
[27.254s][info ][gc,cpu         ] GC(57) User=0.06s Sys=0.00s Real=0.02s
[27.254s][info ][safepoint      ] Safepoint "ParallelGCFailedAllocation", Time since last: 289011059 ns, Reaching safepoint: 933695 ns, At safepoint: 16398213 ns, Total: 17331908 ns
[27.595s][info ][gc,start       ] GC(58) Pause Young (Allocation Failure)
[27.610s][debug][gc,phases      ] GC(58) Scavenge 15.814ms
[27.610s][debug][gc,ref         ] GC(58) Skipped phase 1 of Reference Processing: no references
[27.611s][debug][gc,ref         ] GC(58) ReferenceProcessor::execute queues: 1, RefProcThreadModel::Single, marks_oops_alive: false
[27.611s][debug][gc,ref         ] GC(58) Skipped phase 3 of Reference Processing: no references
[27.611s][debug][gc,ref         ] GC(58) ReferenceProcessor::execute queues: 1, RefProcThreadModel::Single, marks_oops_alive: false
[27.611s][debug][gc,phases      ] GC(58) Reference Processing 0.095ms
[27.611s][debug][gc,phases      ] GC(58)   VM Weak                        Min:  0.0, Avg:  0.0, Max:  0.0, Diff:  0.0, Sum:  0.0, Workers: 4
[27.611s][debug][gc,phases      ] GC(58)     Dead                           Min: 0, Avg:  0.0, Max: 0, Diff: 0, Sum: 0, Workers: 4
[27.611s][debug][gc,phases      ] GC(58)     Total                          Min: 0, Avg: 148.5, Max: 512, Diff: 512, Sum: 594, Workers: 4
[27.611s][debug][gc,phases      ] GC(58)   ObjectSynchronizer Weak        Min:  0.0, Avg:  0.0, Max:  0.0, Diff:  0.0, Sum:  0.0, Workers: 4
[27.611s][debug][gc,phases      ] GC(58)     Dead                           Min: 0, Avg:  0.0, Max: 0, Diff: 0, Sum: 0, Workers: 4
[27.611s][debug][gc,phases      ] GC(58)     Total                          Min: 0, Avg: 86.0, Max: 128, Diff: 128, Sum: 344, Workers: 4
[27.611s][debug][gc,phases      ] GC(58)   JVMTI Tag Weak OopStorage      Min:  0.0, Avg:  0.0, Max:  0.0, Diff:  0.0, Sum:  0.0, Workers: 4
[27.611s][debug][gc,phases      ] GC(58)     Dead                           Min: 0, Avg:  0.0, Max: 0, Diff: 0, Sum: 0, Workers: 4
[27.611s][debug][gc,phases      ] GC(58)     Total                          Min: 0, Avg:  0.0, Max: 0, Diff: 0, Sum: 0, Workers: 4
[27.611s][debug][gc,phases      ] GC(58)   StringTable Weak               Min:  0.1, Avg:  0.1, Max:  0.1, Diff:  0.0, Sum:  0.4, Workers: 4
[27.611s][debug][gc,phases      ] GC(58)     Dead                           Min: 0, Avg:  2.8, Max: 11, Diff: 11, Sum: 11, Workers: 4
[27.611s][debug][gc,phases      ] GC(58)     Total                          Min: 10167, Avg: 10731.8, Max: 11776, Diff: 1609, Sum: 42927, Workers: 4
[27.611s][debug][gc,phases      ] GC(58)   ResolvedMethodTable Weak       Min:  0.0, Avg:  0.0, Max:  0.0, Diff:  0.0, Sum:  0.1, Workers: 4
[27.611s][debug][gc,phases      ] GC(58)     Dead                           Min: 0, Avg:  0.0, Max: 0, Diff: 0, Sum: 0, Workers: 4
[27.611s][debug][gc,phases      ] GC(58)     Total                          Min: 1664, Avg: 1813.2, Max: 1919, Diff: 255, Sum: 7253, Workers: 4
[27.611s][debug][gc,phases      ] GC(58)   JNI Weak                       Min:  0.0, Avg:  0.0, Max:  0.0, Diff:  0.0, Sum:  0.0, Workers: 4
[27.611s][debug][gc,phases      ] GC(58)     Dead                           Min: 0, Avg:  0.0, Max: 0, Diff: 0, Sum: 0, Workers: 4
[27.611s][debug][gc,phases      ] GC(58)     Total                          Min: 0, Avg:  0.0, Max: 0, Diff: 0, Sum: 0, Workers: 4
[27.611s][debug][gc,phases      ] GC(58)   StringDedup Table Weak         Min:  0.0, Avg:  0.0, Max:  0.0, Diff:  0.0, Sum:  0.0, Workers: 4
[27.611s][debug][gc,phases      ] GC(58)     Dead                           Min: 0, Avg:  0.0, Max: 0, Diff: 0, Sum: 0, Workers: 4
[27.611s][debug][gc,phases      ] GC(58)     Total                          Min: 0, Avg:  0.0, Max: 0, Diff: 0, Sum: 0, Workers: 4
[27.611s][debug][gc,phases      ] GC(58)   StringDedup Requests0 Weak     Min:  0.0, Avg:  0.0, Max:  0.0, Diff:  0.0, Sum:  0.0, Workers: 4
[27.611s][debug][gc,phases      ] GC(58)     Dead                           Min: 0, Avg:  0.0, Max: 0, Diff: 0, Sum: 0, Workers: 4
[27.611s][debug][gc,phases      ] GC(58)     Total                          Min: 0, Avg:  0.0, Max: 0, Diff: 0, Sum: 0, Workers: 4
[27.611s][debug][gc,phases      ] GC(58)   StringDedup Requests1 Weak     Min:  0.0, Avg:  0.0, Max:  0.0, Diff:  0.0, Sum:  0.0, Workers: 4
[27.611s][debug][gc,phases      ] GC(58)     Dead                           Min: 0, Avg:  0.0, Max: 0, Diff: 0, Sum: 0, Workers: 4
[27.611s][debug][gc,phases      ] GC(58)     Total                          Min: 0, Avg:  0.0, Max: 0, Diff: 0, Sum: 0, Workers: 4
[27.611s][debug][gc,phases      ] GC(58)   Weak JFR Old Object Samples    Min:  0.0, Avg:  0.0, Max:  0.0, Diff:  0.0, Sum:  0.0, Workers: 4
[27.611s][debug][gc,phases      ] GC(58)     Dead                           Min: 0, Avg:  0.0, Max: 0, Diff: 0, Sum: 0, Workers: 4
[27.611s][debug][gc,phases      ] GC(58)     Total                          Min: 0, Avg:  0.0, Max: 0, Diff: 0, Sum: 0, Workers: 4
[27.611s][debug][gc,phases      ] GC(58) Weak Processing 0.293ms
[27.611s][debug][gc,age         ] GC(58) Desired survivor size 338165760 bytes, new threshold 15 (max threshold 15)
[27.611s][info ][gc,heap        ] GC(58) PSYoungGen: 1440752K(1753088K)->49920K(1740800K) Eden: 1396736K(1396736K)->0K(1396736K) From: 44016K(356352K)->49920K(344064K)
[27.611s][info ][gc,heap        ] GC(58) ParOldGen: 514745K(649728K)->516113K(649728K)
[27.611s][info ][gc,metaspace   ] GC(58) Metaspace: 68894K(69632K)->68894K(69632K) NonClass: 58866K(59264K)->58866K(59264K) Class: 10027K(10368K)->10027K(10368K)
[27.611s][info ][gc             ] GC(58) Pause Young (Allocation Failure) 1909M->552M(2334M) 16.324ms
[27.611s][info ][gc,cpu         ] GC(58) User=0.07s Sys=0.00s Real=0.02s
[27.611s][info ][safepoint      ] Safepoint "ParallelGCFailedAllocation", Time since last: 339806489 ns, Reaching safepoint: 286298 ns, At safepoint: 16438913 ns, Total: 16725211 ns
[27.836s][info ][gc,start       ] GC(59) Pause Young (Allocation Failure)
[27.852s][debug][gc,phases      ] GC(59) Scavenge 16.783ms
[27.852s][debug][gc,ref         ] GC(59) Skipped phase 1 of Reference Processing: no references
[27.852s][debug][gc,ref         ] GC(59) ReferenceProcessor::execute queues: 1, RefProcThreadModel::Single, marks_oops_alive: false
[27.852s][debug][gc,ref         ] GC(59) Skipped phase 3 of Reference Processing: no references
[27.852s][debug][gc,ref         ] GC(59) ReferenceProcessor::execute queues: 1, RefProcThreadModel::Single, marks_oops_alive: false
[27.852s][debug][gc,phases      ] GC(59) Reference Processing 0.107ms
[27.853s][debug][gc,phases      ] GC(59)   VM Weak                        Min:  0.0, Avg:  0.0, Max:  0.0, Diff:  0.0, Sum:  0.0, Workers: 4
[27.853s][debug][gc,phases      ] GC(59)     Dead                           Min: 0, Avg:  0.0, Max: 0, Diff: 0, Sum: 0, Workers: 4
[27.853s][debug][gc,phases      ] GC(59)     Total                          Min: 0, Avg: 148.5, Max: 466, Diff: 466, Sum: 594, Workers: 4
[27.853s][debug][gc,phases      ] GC(59)   ObjectSynchronizer Weak        Min:  0.0, Avg:  0.0, Max:  0.0, Diff:  0.0, Sum:  0.0, Workers: 4
[27.853s][debug][gc,phases      ] GC(59)     Dead                           Min: 0, Avg:  0.0, Max: 0, Diff: 0, Sum: 0, Workers: 4
[27.853s][debug][gc,phases      ] GC(59)     Total                          Min: 0, Avg: 86.0, Max: 192, Diff: 192, Sum: 344, Workers: 4
[27.853s][debug][gc,phases      ] GC(59)   JVMTI Tag Weak OopStorage      Min:  0.0, Avg:  0.0, Max:  0.0, Diff:  0.0, Sum:  0.0, Workers: 4
[27.853s][debug][gc,phases      ] GC(59)     Dead                           Min: 0, Avg:  0.0, Max: 0, Diff: 0, Sum: 0, Workers: 4
[27.853s][debug][gc,phases      ] GC(59)     Total                          Min: 0, Avg:  0.0, Max: 0, Diff: 0, Sum: 0, Workers: 4
[27.853s][debug][gc,phases      ] GC(59)   StringTable Weak               Min:  0.1, Avg:  0.1, Max:  0.1, Diff:  0.0, Sum:  0.3, Workers: 4
[27.853s][debug][gc,phases      ] GC(59)     Dead                           Min: 0, Avg:  0.0, Max: 0, Diff: 0, Sum: 0, Workers: 4
[27.853s][debug][gc,phases      ] GC(59)     Total                          Min: 8568, Avg: 10733.8, Max: 13184, Diff: 4616, Sum: 42935, Workers: 4
[27.853s][debug][gc,phases      ] GC(59)   ResolvedMethodTable Weak       Min:  0.0, Avg:  0.0, Max:  0.0, Diff:  0.0, Sum:  0.1, Workers: 4
[27.853s][debug][gc,phases      ] GC(59)     Dead                           Min: 0, Avg:  0.0, Max: 0, Diff: 0, Sum: 0, Workers: 4
[27.853s][debug][gc,phases      ] GC(59)     Total                          Min: 1472, Avg: 1813.2, Max: 2111, Diff: 639, Sum: 7253, Workers: 4
[27.853s][debug][gc,phases      ] GC(59)   JNI Weak                       Min:  0.0, Avg:  0.0, Max:  0.0, Diff:  0.0, Sum:  0.0, Workers: 4
[27.853s][debug][gc,phases      ] GC(59)     Dead                           Min: 0, Avg:  0.0, Max: 0, Diff: 0, Sum: 0, Workers: 4
[27.853s][debug][gc,phases      ] GC(59)     Total                          Min: 0, Avg:  0.2, Max: 1, Diff: 1, Sum: 1, Workers: 4
[27.853s][debug][gc,phases      ] GC(59)   StringDedup Table Weak         Min:  0.0, Avg:  0.0, Max:  0.0, Diff:  0.0, Sum:  0.0, Workers: 4
[27.853s][debug][gc,phases      ] GC(59)     Dead                           Min: 0, Avg:  0.0, Max: 0, Diff: 0, Sum: 0, Workers: 4
[27.853s][debug][gc,phases      ] GC(59)     Total                          Min: 0, Avg:  0.0, Max: 0, Diff: 0, Sum: 0, Workers: 4
[27.853s][debug][gc,phases      ] GC(59)   StringDedup Requests0 Weak     Min:  0.0, Avg:  0.0, Max:  0.0, Diff:  0.0, Sum:  0.0, Workers: 4
[27.853s][debug][gc,phases      ] GC(59)     Dead                           Min: 0, Avg:  0.0, Max: 0, Diff: 0, Sum: 0, Workers: 4
[27.853s][debug][gc,phases      ] GC(59)     Total                          Min: 0, Avg:  0.0, Max: 0, Diff: 0, Sum: 0, Workers: 4
[27.853s][debug][gc,phases      ] GC(59)   StringDedup Requests1 Weak     Min:  0.0, Avg:  0.0, Max:  0.0, Diff:  0.0, Sum:  0.0, Workers: 4
[27.853s][debug][gc,phases      ] GC(59)     Dead                           Min: 0, Avg:  0.0, Max: 0, Diff: 0, Sum: 0, Workers: 4
[27.853s][debug][gc,phases      ] GC(59)     Total                          Min: 0, Avg:  0.0, Max: 0, Diff: 0, Sum: 0, Workers: 4
[27.853s][debug][gc,phases      ] GC(59)   Weak JFR Old Object Samples    Min:  0.0, Avg:  0.0, Max:  0.0, Diff:  0.0, Sum:  0.0, Workers: 4
[27.853s][debug][gc,phases      ] GC(59)     Dead                           Min: 0, Avg:  0.0, Max: 0, Diff: 0, Sum: 0, Workers: 4
[27.853s][debug][gc,phases      ] GC(59)     Total                          Min: 0, Avg:  0.0, Max: 0, Diff: 0, Sum: 0, Workers: 4
[27.853s][debug][gc,phases      ] GC(59) Weak Processing 0.243ms
[27.853s][debug][gc,age         ] GC(59) Desired survivor size 323485696 bytes, new threshold 15 (max threshold 15)
[27.853s][info ][gc,heap        ] GC(59) PSYoungGen: 1446656K(1740800K)->52240K(1781248K) Eden: 1396736K(1396736K)->0K(1451008K) From: 49920K(344064K)->52240K(330240K)
[27.853s][info ][gc,heap        ] GC(59) ParOldGen: 516113K(649728K)->518057K(649728K)
[27.853s][info ][gc,metaspace   ] GC(59) Metaspace: 68894K(69632K)->68894K(69632K) NonClass: 58867K(59264K)->58867K(59264K) Class: 10027K(10368K)->10027K(10368K)
[27.853s][info ][gc             ] GC(59) Pause Young (Allocation Failure) 1916M->556M(2374M) 17.249ms
[27.853s][info ][gc,cpu         ] GC(59) User=0.08s Sys=0.00s Real=0.02s
[27.853s][info ][safepoint      ] Safepoint "ParallelGCFailedAllocation", Time since last: 224389804 ns, Reaching safepoint: 144999 ns, At safepoint: 17353908 ns, Total: 17498907 ns
[28.103s][info ][gc,start       ] GC(60) Pause Young (Allocation Failure)
[28.121s][debug][gc,phases      ] GC(60) Scavenge 18.012ms
[28.121s][debug][gc,ref         ] GC(60) Skipped phase 1 of Reference Processing: no references
[28.121s][debug][gc,ref         ] GC(60) ReferenceProcessor::execute queues: 1, RefProcThreadModel::Single, marks_oops_alive: false
[28.121s][debug][gc,ref         ] GC(60) Skipped phase 3 of Reference Processing: no references
[28.121s][debug][gc,ref         ] GC(60) ReferenceProcessor::execute queues: 1, RefProcThreadModel::Single, marks_oops_alive: false
[28.121s][debug][gc,phases      ] GC(60) Reference Processing 0.118ms
[28.121s][debug][gc,phases      ] GC(60)   VM Weak                        Min:  0.0, Avg:  0.0, Max:  0.0, Diff:  0.0, Sum:  0.0, Workers: 4
[28.121s][debug][gc,phases      ] GC(60)     Dead                           Min: 0, Avg:  0.0, Max: 0, Diff: 0, Sum: 0, Workers: 4
[28.121s][debug][gc,phases      ] GC(60)     Total                          Min: 0, Avg: 148.5, Max: 594, Diff: 594, Sum: 594, Workers: 4
[28.121s][debug][gc,phases      ] GC(60)   ObjectSynchronizer Weak        Min:  0.0, Avg:  0.0, Max:  0.0, Diff:  0.0, Sum:  0.0, Workers: 4
[28.121s][debug][gc,phases      ] GC(60)     Dead                           Min: 0, Avg:  0.0, Max: 0, Diff: 0, Sum: 0, Workers: 4
[28.121s][debug][gc,phases      ] GC(60)     Total                          Min: 0, Avg: 86.0, Max: 192, Diff: 192, Sum: 344, Workers: 4
[28.121s][debug][gc,phases      ] GC(60)   JVMTI Tag Weak OopStorage      Min:  0.0, Avg:  0.0, Max:  0.0, Diff:  0.0, Sum:  0.0, Workers: 4
[28.121s][debug][gc,phases      ] GC(60)     Dead                           Min: 0, Avg:  0.0, Max: 0, Diff: 0, Sum: 0, Workers: 4
[28.121s][debug][gc,phases      ] GC(60)     Total                          Min: 0, Avg:  0.0, Max: 0, Diff: 0, Sum: 0, Workers: 4
[28.121s][debug][gc,phases      ] GC(60)   StringTable Weak               Min:  0.1, Avg:  0.1, Max:  0.1, Diff:  0.0, Sum:  0.3, Workers: 4
[28.121s][debug][gc,phases      ] GC(60)     Dead                           Min: 0, Avg:  2.8, Max: 11, Diff: 11, Sum: 11, Workers: 4
[28.121s][debug][gc,phases      ] GC(60)     Total                          Min: 8704, Avg: 10747.8, Max: 15290, Diff: 6586, Sum: 42991, Workers: 4
[28.121s][debug][gc,phases      ] GC(60)   ResolvedMethodTable Weak       Min:  0.0, Avg:  0.0, Max:  0.0, Diff:  0.0, Sum:  0.1, Workers: 4
[28.121s][debug][gc,phases      ] GC(60)     Dead                           Min: 0, Avg:  0.0, Max: 0, Diff: 0, Sum: 0, Workers: 4
[28.121s][debug][gc,phases      ] GC(60)     Total                          Min: 1600, Avg: 1813.2, Max: 2261, Diff: 661, Sum: 7253, Workers: 4
[28.121s][debug][gc,phases      ] GC(60)   JNI Weak                       Min:  0.0, Avg:  0.0, Max:  0.0, Diff:  0.0, Sum:  0.0, Workers: 4
[28.121s][debug][gc,phases      ] GC(60)     Dead                           Min: 0, Avg:  0.0, Max: 0, Diff: 0, Sum: 0, Workers: 4
[28.121s][debug][gc,phases      ] GC(60)     Total                          Min: 0, Avg:  0.0, Max: 0, Diff: 0, Sum: 0, Workers: 4
[28.121s][debug][gc,phases      ] GC(60)   StringDedup Table Weak         Min:  0.0, Avg:  0.0, Max:  0.0, Diff:  0.0, Sum:  0.0, Workers: 4
[28.121s][debug][gc,phases      ] GC(60)     Dead                           Min: 0, Avg:  0.0, Max: 0, Diff: 0, Sum: 0, Workers: 4
[28.121s][debug][gc,phases      ] GC(60)     Total                          Min: 0, Avg:  0.0, Max: 0, Diff: 0, Sum: 0, Workers: 4
[28.121s][debug][gc,phases      ] GC(60)   StringDedup Requests0 Weak     Min:  0.0, Avg:  0.0, Max:  0.0, Diff:  0.0, Sum:  0.0, Workers: 4
[28.121s][debug][gc,phases      ] GC(60)     Dead                           Min: 0, Avg:  0.0, Max: 0, Diff: 0, Sum: 0, Workers: 4
[28.121s][debug][gc,phases      ] GC(60)     Total                          Min: 0, Avg:  0.0, Max: 0, Diff: 0, Sum: 0, Workers: 4
[28.121s][debug][gc,phases      ] GC(60)   StringDedup Requests1 Weak     Min:  0.0, Avg:  0.0, Max:  0.0, Diff:  0.0, Sum:  0.0, Workers: 4
[28.121s][debug][gc,phases      ] GC(60)     Dead                           Min: 0, Avg:  0.0, Max: 0, Diff: 0, Sum: 0, Workers: 4
[28.121s][debug][gc,phases      ] GC(60)     Total                          Min: 0, Avg:  0.0, Max: 0, Diff: 0, Sum: 0, Workers: 4
[28.121s][debug][gc,phases      ] GC(60)   Weak JFR Old Object Samples    Min:  0.0, Avg:  0.0, Max:  0.0, Diff:  0.0, Sum:  0.0, Workers: 4
[28.121s][debug][gc,phases      ] GC(60)     Dead                           Min: 0, Avg:  0.0, Max: 0, Diff: 0, Sum: 0, Workers: 4
[28.121s][debug][gc,phases      ] GC(60)     Total                          Min: 0, Avg:  0.0, Max: 0, Diff: 0, Sum: 0, Workers: 4
[28.121s][debug][gc,phases      ] GC(60) Weak Processing 0.280ms
[28.121s][debug][gc,age         ] GC(60) Desired survivor size 308281344 bytes, new threshold 15 (max threshold 15)
[28.121s][info ][gc,heap        ] GC(60) PSYoungGen: 1503248K(1781248K)->57120K(1766912K) Eden: 1451008K(1451008K)->0K(1451008K) From: 52240K(330240K)->57120K(315904K)
[28.121s][info ][gc,heap        ] GC(60) ParOldGen: 518057K(649728K)->519577K(649728K)
[28.121s][info ][gc,metaspace   ] GC(60) Metaspace: 68914K(69632K)->68914K(69632K) NonClass: 58886K(59264K)->58886K(59264K) Class: 10027K(10368K)->10027K(10368K)
[28.121s][info ][gc             ] GC(60) Pause Young (Allocation Failure) 1973M->563M(2360M) 18.549ms
[28.121s][info ][gc,cpu         ] GC(60) User=0.07s Sys=0.00s Real=0.01s
[28.121s][info ][safepoint      ] Safepoint "ParallelGCFailedAllocation", Time since last: 249670469 ns, Reaching safepoint: 139899 ns, At safepoint: 18662401 ns, Total: 18802300 ns
[28.481s][info ][gc,start       ] GC(61) Pause Young (Allocation Failure)
[28.507s][debug][gc,phases      ] GC(61) Scavenge 25.635ms
[28.507s][debug][gc,ref         ] GC(61) Skipped phase 1 of Reference Processing: no references
[28.507s][debug][gc,ref         ] GC(61) ReferenceProcessor::execute queues: 1, RefProcThreadModel::Single, marks_oops_alive: false
[28.507s][debug][gc,ref         ] GC(61) Skipped phase 3 of Reference Processing: no references
[28.507s][debug][gc,ref         ] GC(61) ReferenceProcessor::execute queues: 1, RefProcThreadModel::Single, marks_oops_alive: false
[28.507s][debug][gc,phases      ] GC(61) Reference Processing 0.096ms
[28.507s][debug][gc,phases      ] GC(61)   VM Weak                        Min:  0.0, Avg:  0.0, Max:  0.0, Diff:  0.0, Sum:  0.0, Workers: 4
[28.507s][debug][gc,phases      ] GC(61)     Dead                           Min: 0, Avg:  0.0, Max: 0, Diff: 0, Sum: 0, Workers: 4
[28.507s][debug][gc,phases      ] GC(61)     Total                          Min: 0, Avg: 148.5, Max: 530, Diff: 530, Sum: 594, Workers: 4
[28.507s][debug][gc,phases      ] GC(61)   ObjectSynchronizer Weak        Min:  0.0, Avg:  0.0, Max:  0.0, Diff:  0.0, Sum:  0.0, Workers: 4
[28.507s][debug][gc,phases      ] GC(61)     Dead                           Min: 0, Avg:  0.0, Max: 0, Diff: 0, Sum: 0, Workers: 4
[28.507s][debug][gc,phases      ] GC(61)     Total                          Min: 0, Avg: 86.0, Max: 216, Diff: 216, Sum: 344, Workers: 4
[28.507s][debug][gc,phases      ] GC(61)   JVMTI Tag Weak OopStorage      Min:  0.0, Avg:  0.0, Max:  0.0, Diff:  0.0, Sum:  0.0, Workers: 4
[28.507s][debug][gc,phases      ] GC(61)     Dead                           Min: 0, Avg:  0.0, Max: 0, Diff: 0, Sum: 0, Workers: 4
[28.507s][debug][gc,phases      ] GC(61)     Total                          Min: 0, Avg:  0.0, Max: 0, Diff: 0, Sum: 0, Workers: 4
[28.507s][debug][gc,phases      ] GC(61)   StringTable Weak               Min:  0.1, Avg:  0.1, Max:  0.1, Diff:  0.0, Sum:  0.3, Workers: 4
[28.507s][debug][gc,phases      ] GC(61)     Dead                           Min: 0, Avg:  0.0, Max: 0, Diff: 0, Sum: 0, Workers: 4
[28.507s][debug][gc,phases      ] GC(61)     Total                          Min: 9408, Avg: 10755.8, Max: 14528, Diff: 5120, Sum: 43023, Workers: 4
[28.507s][debug][gc,phases      ] GC(61)   ResolvedMethodTable Weak       Min:  0.0, Avg:  0.0, Max:  0.0, Diff:  0.0, Sum:  0.1, Workers: 4
[28.507s][debug][gc,phases      ] GC(61)     Dead                           Min: 0, Avg:  0.0, Max: 0, Diff: 0, Sum: 0, Workers: 4
[28.507s][debug][gc,phases      ] GC(61)     Total                          Min: 1600, Avg: 1813.8, Max: 2327, Diff: 727, Sum: 7255, Workers: 4
[28.507s][debug][gc,phases      ] GC(61)   JNI Weak                       Min:  0.0, Avg:  0.0, Max:  0.0, Diff:  0.0, Sum:  0.0, Workers: 4
[28.507s][debug][gc,phases      ] GC(61)     Dead                           Min: 0, Avg:  0.0, Max: 0, Diff: 0, Sum: 0, Workers: 4
[28.507s][debug][gc,phases      ] GC(61)     Total                          Min: 0, Avg:  3.2, Max: 13, Diff: 13, Sum: 13, Workers: 4
[28.507s][debug][gc,phases      ] GC(61)   StringDedup Table Weak         Min:  0.0, Avg:  0.0, Max:  0.0, Diff:  0.0, Sum:  0.0, Workers: 4
[28.507s][debug][gc,phases      ] GC(61)     Dead                           Min: 0, Avg:  0.0, Max: 0, Diff: 0, Sum: 0, Workers: 4
[28.507s][debug][gc,phases      ] GC(61)     Total                          Min: 0, Avg:  0.0, Max: 0, Diff: 0, Sum: 0, Workers: 4
[28.507s][debug][gc,phases      ] GC(61)   StringDedup Requests0 Weak     Min:  0.0, Avg:  0.0, Max:  0.0, Diff:  0.0, Sum:  0.0, Workers: 4
[28.507s][debug][gc,phases      ] GC(61)     Dead                           Min: 0, Avg:  0.0, Max: 0, Diff: 0, Sum: 0, Workers: 4
[28.507s][debug][gc,phases      ] GC(61)     Total                          Min: 0, Avg:  0.0, Max: 0, Diff: 0, Sum: 0, Workers: 4
[28.507s][debug][gc,phases      ] GC(61)   StringDedup Requests1 Weak     Min:  0.0, Avg:  0.0, Max:  0.0, Diff:  0.0, Sum:  0.0, Workers: 4
[28.507s][debug][gc,phases      ] GC(61)     Dead                           Min: 0, Avg:  0.0, Max: 0, Diff: 0, Sum: 0, Workers: 4
[28.507s][debug][gc,phases      ] GC(61)     Total                          Min: 0, Avg:  0.0, Max: 0, Diff: 0, Sum: 0, Workers: 4
[28.507s][debug][gc,phases      ] GC(61)   Weak JFR Old Object Samples    Min:  0.0, Avg:  0.0, Max:  0.0, Diff:  0.0, Sum:  0.0, Workers: 4
[28.507s][debug][gc,phases      ] GC(61)     Dead                           Min: 0, Avg:  0.0, Max: 0, Diff: 0, Sum: 0, Workers: 4
[28.507s][debug][gc,phases      ] GC(61)     Total                          Min: 0, Avg:  0.0, Max: 0, Diff: 0, Sum: 0, Workers: 4
[28.507s][debug][gc,phases      ] GC(61) Weak Processing 0.255ms
[28.507s][debug][gc,age         ] GC(61) Desired survivor size 291504128 bytes, new threshold 15 (max threshold 15)
[28.507s][info ][gc,heap        ] GC(61) PSYoungGen: 1508128K(1766912K)->67136K(1812480K) Eden: 1451008K(1451008K)->0K(1511424K) From: 57120K(315904K)->67136K(301056K)
[28.507s][info ][gc,heap        ] GC(61) ParOldGen: 519577K(649728K)->522366K(649728K)
[28.507s][info ][gc,metaspace   ] GC(61) Metaspace: 68933K(69696K)->68933K(69696K) NonClass: 58904K(59328K)->58904K(59328K) Class: 10028K(10368K)->10028K(10368K)
[28.507s][info ][gc             ] GC(61) Pause Young (Allocation Failure) 1980M->575M(2404M) 26.101ms
[28.507s][info ][gc,cpu         ] GC(61) User=0.10s Sys=0.00s Real=0.03s
[28.507s][info ][safepoint      ] Safepoint "ParallelGCFailedAllocation", Time since last: 359546383 ns, Reaching safepoint: 129600 ns, At safepoint: 26205060 ns, Total: 26334660 ns
[28.801s][info ][gc,start       ] GC(62) Pause Young (Allocation Failure)
[28.823s][debug][gc,phases      ] GC(62) Scavenge 21.969ms
[28.823s][debug][gc,ref         ] GC(62) Skipped phase 1 of Reference Processing: no references
[28.823s][debug][gc,ref         ] GC(62) ReferenceProcessor::execute queues: 1, RefProcThreadModel::Single, marks_oops_alive: false
[28.823s][debug][gc,ref         ] GC(62) Skipped phase 3 of Reference Processing: no references
[28.823s][debug][gc,ref         ] GC(62) ReferenceProcessor::execute queues: 1, RefProcThreadModel::Single, marks_oops_alive: false
[28.823s][debug][gc,phases      ] GC(62) Reference Processing 0.096ms
[28.823s][debug][gc,phases      ] GC(62)   VM Weak                        Min:  0.0, Avg:  0.0, Max:  0.0, Diff:  0.0, Sum:  0.0, Workers: 4
[28.823s][debug][gc,phases      ] GC(62)     Dead                           Min: 0, Avg:  0.0, Max: 0, Diff: 0, Sum: 0, Workers: 4
[28.823s][debug][gc,phases      ] GC(62)     Total                          Min: 0, Avg: 148.8, Max: 595, Diff: 595, Sum: 595, Workers: 4
[28.823s][debug][gc,phases      ] GC(62)   ObjectSynchronizer Weak        Min:  0.0, Avg:  0.0, Max:  0.0, Diff:  0.0, Sum:  0.0, Workers: 4
[28.823s][debug][gc,phases      ] GC(62)     Dead                           Min: 0, Avg:  0.0, Max: 0, Diff: 0, Sum: 0, Workers: 4
[28.823s][debug][gc,phases      ] GC(62)     Total                          Min: 0, Avg: 86.0, Max: 216, Diff: 216, Sum: 344, Workers: 4
[28.823s][debug][gc,phases      ] GC(62)   JVMTI Tag Weak OopStorage      Min:  0.0, Avg:  0.0, Max:  0.0, Diff:  0.0, Sum:  0.0, Workers: 4
[28.823s][debug][gc,phases      ] GC(62)     Dead                           Min: 0, Avg:  0.0, Max: 0, Diff: 0, Sum: 0, Workers: 4
[28.823s][debug][gc,phases      ] GC(62)     Total                          Min: 0, Avg:  0.0, Max: 0, Diff: 0, Sum: 0, Workers: 4
[28.823s][debug][gc,phases      ] GC(62)   StringTable Weak               Min:  0.1, Avg:  0.1, Max:  0.1, Diff:  0.0, Sum:  0.3, Workers: 4
[28.823s][debug][gc,phases      ] GC(62)     Dead                           Min: 0, Avg:  2.8, Max: 10, Diff: 10, Sum: 11, Workers: 4
[28.823s][debug][gc,phases      ] GC(62)     Total                          Min: 9536, Avg: 10761.0, Max: 11637, Diff: 2101, Sum: 43044, Workers: 4
[28.823s][debug][gc,phases      ] GC(62)   ResolvedMethodTable Weak       Min:  0.0, Avg:  0.0, Max:  0.0, Diff:  0.0, Sum:  0.1, Workers: 4
[28.823s][debug][gc,phases      ] GC(62)     Dead                           Min: 0, Avg:  4.2, Max: 17, Diff: 17, Sum: 17, Workers: 4
[28.823s][debug][gc,phases      ] GC(62)     Total                          Min: 1591, Avg: 1818.0, Max: 1976, Diff: 385, Sum: 7272, Workers: 4
[28.823s][debug][gc,phases      ] GC(62)   JNI Weak                       Min:  0.0, Avg:  0.0, Max:  0.0, Diff:  0.0, Sum:  0.0, Workers: 4
[28.823s][debug][gc,phases      ] GC(62)     Dead                           Min: 0, Avg:  0.0, Max: 0, Diff: 0, Sum: 0, Workers: 4
[28.823s][debug][gc,phases      ] GC(62)     Total                          Min: 0, Avg:  0.0, Max: 0, Diff: 0, Sum: 0, Workers: 4
[28.823s][debug][gc,phases      ] GC(62)   StringDedup Table Weak         Min:  0.0, Avg:  0.0, Max:  0.0, Diff:  0.0, Sum:  0.0, Workers: 4
[28.823s][debug][gc,phases      ] GC(62)     Dead                           Min: 0, Avg:  0.0, Max: 0, Diff: 0, Sum: 0, Workers: 4
[28.823s][debug][gc,phases      ] GC(62)     Total                          Min: 0, Avg:  0.0, Max: 0, Diff: 0, Sum: 0, Workers: 4
[28.823s][debug][gc,phases      ] GC(62)   StringDedup Requests0 Weak     Min:  0.0, Avg:  0.0, Max:  0.0, Diff:  0.0, Sum:  0.0, Workers: 4
[28.823s][debug][gc,phases      ] GC(62)     Dead                           Min: 0, Avg:  0.0, Max: 0, Diff: 0, Sum: 0, Workers: 4
[28.823s][debug][gc,phases      ] GC(62)     Total                          Min: 0, Avg:  0.0, Max: 0, Diff: 0, Sum: 0, Workers: 4
[28.823s][debug][gc,phases      ] GC(62)   StringDedup Requests1 Weak     Min:  0.0, Avg:  0.0, Max:  0.0, Diff:  0.0, Sum:  0.0, Workers: 4
[28.823s][debug][gc,phases      ] GC(62)     Dead                           Min: 0, Avg:  0.0, Max: 0, Diff: 0, Sum: 0, Workers: 4
[28.823s][debug][gc,phases      ] GC(62)     Total                          Min: 0, Avg:  0.0, Max: 0, Diff: 0, Sum: 0, Workers: 4
[28.823s][debug][gc,phases      ] GC(62)   Weak JFR Old Object Samples    Min:  0.0, Avg:  0.0, Max:  0.0, Diff:  0.0, Sum:  0.0, Workers: 4
[28.823s][debug][gc,phases      ] GC(62)     Dead                           Min: 0, Avg:  0.0, Max: 0, Diff: 0, Sum: 0, Workers: 4
[28.823s][debug][gc,phases      ] GC(62)     Total                          Min: 0, Avg:  0.0, Max: 0, Diff: 0, Sum: 0, Workers: 4
[28.823s][debug][gc,phases      ] GC(62) Weak Processing 0.230ms
[28.823s][debug][gc,age         ] GC(62) Desired survivor size 274202624 bytes, new threshold 15 (max threshold 15)
[28.823s][info ][gc,heap        ] GC(62) PSYoungGen: 1578560K(1812480K)->75248K(1796096K) Eden: 1511424K(1511424K)->0K(1511424K) From: 67136K(301056K)->75248K(284672K)
[28.823s][info ][gc,heap        ] GC(62) ParOldGen: 522366K(649728K)->522606K(649728K)
[28.823s][info ][gc,metaspace   ] GC(62) Metaspace: 68977K(69760K)->68977K(69760K) NonClass: 58938K(59392K)->58938K(59392K) Class: 10038K(10368K)->10038K(10368K)
[28.823s][info ][gc             ] GC(62) Pause Young (Allocation Failure) 2051M->583M(2388M) 22.407ms
[28.823s][info ][gc,cpu         ] GC(62) User=0.09s Sys=0.00s Real=0.03s
[28.823s][info ][safepoint      ] Safepoint "ParallelGCFailedAllocation", Time since last: 293279337 ns, Reaching safepoint: 168199 ns, At safepoint: 22498080 ns, Total: 22666279 ns
[28.926s][info ][safepoint      ] Safepoint "ICBufferFull", Time since last: 102196055 ns, Reaching safepoint: 136000 ns, At safepoint: 24900 ns, Total: 160900 ns
[28.954s][info ][safepoint      ] Safepoint "ICBufferFull", Time since last: 28312749 ns, Reaching safepoint: 127599 ns, At safepoint: 21900 ns, Total: 149499 ns
[29.092s][info ][gc,start       ] GC(63) Pause Young (Allocation Failure)
[29.121s][debug][gc,phases      ] GC(63) Scavenge 28.462ms
[29.121s][debug][gc,ref         ] GC(63) Skipped phase 1 of Reference Processing: no references
[29.121s][debug][gc,ref         ] GC(63) ReferenceProcessor::execute queues: 1, RefProcThreadModel::Single, marks_oops_alive: false
[29.121s][debug][gc,ref         ] GC(63) Skipped phase 3 of Reference Processing: no references
[29.121s][debug][gc,ref         ] GC(63) ReferenceProcessor::execute queues: 1, RefProcThreadModel::Single, marks_oops_alive: false
[29.121s][debug][gc,phases      ] GC(63) Reference Processing 0.127ms
[29.121s][debug][gc,phases      ] GC(63)   VM Weak                        Min:  0.0, Avg:  0.0, Max:  0.0, Diff:  0.0, Sum:  0.0, Workers: 4
[29.121s][debug][gc,phases      ] GC(63)     Dead                           Min: 0, Avg:  0.0, Max: 0, Diff: 0, Sum: 0, Workers: 4
[29.121s][debug][gc,phases      ] GC(63)     Total                          Min: 0, Avg: 148.8, Max: 595, Diff: 595, Sum: 595, Workers: 4
[29.121s][debug][gc,phases      ] GC(63)   ObjectSynchronizer Weak        Min:  0.0, Avg:  0.0, Max:  0.0, Diff:  0.0, Sum:  0.0, Workers: 4
[29.121s][debug][gc,phases      ] GC(63)     Dead                           Min: 0, Avg:  0.0, Max: 0, Diff: 0, Sum: 0, Workers: 4
[29.121s][debug][gc,phases      ] GC(63)     Total                          Min: 0, Avg: 86.0, Max: 192, Diff: 192, Sum: 344, Workers: 4
[29.121s][debug][gc,phases      ] GC(63)   JVMTI Tag Weak OopStorage      Min:  0.0, Avg:  0.0, Max:  0.0, Diff:  0.0, Sum:  0.0, Workers: 4
[29.121s][debug][gc,phases      ] GC(63)     Dead                           Min: 0, Avg:  0.0, Max: 0, Diff: 0, Sum: 0, Workers: 4
[29.121s][debug][gc,phases      ] GC(63)     Total                          Min: 0, Avg:  0.0, Max: 0, Diff: 0, Sum: 0, Workers: 4
[29.121s][debug][gc,phases      ] GC(63)   StringTable Weak               Min:  0.1, Avg:  0.1, Max:  0.1, Diff:  0.0, Sum:  0.4, Workers: 4
[29.121s][debug][gc,phases      ] GC(63)     Dead                           Min: 0, Avg:  2.8, Max: 11, Diff: 11, Sum: 11, Workers: 4
[29.121s][debug][gc,phases      ] GC(63)     Total                          Min: 10304, Avg: 10761.2, Max: 11572, Diff: 1268, Sum: 43045, Workers: 4
[29.121s][debug][gc,phases      ] GC(63)   ResolvedMethodTable Weak       Min:  0.0, Avg:  0.0, Max:  0.0, Diff:  0.0, Sum:  0.1, Workers: 4
[29.121s][debug][gc,phases      ] GC(63)     Dead                           Min: 0, Avg:  0.0, Max: 0, Diff: 0, Sum: 0, Workers: 4
[29.121s][debug][gc,phases      ] GC(63)     Total                          Min: 1592, Avg: 1818.0, Max: 2104, Diff: 512, Sum: 7272, Workers: 4
[29.121s][debug][gc,phases      ] GC(63)   JNI Weak                       Min:  0.0, Avg:  0.0, Max:  0.0, Diff:  0.0, Sum:  0.0, Workers: 4
[29.121s][debug][gc,phases      ] GC(63)     Dead                           Min: 0, Avg:  0.0, Max: 0, Diff: 0, Sum: 0, Workers: 4
[29.121s][debug][gc,phases      ] GC(63)     Total                          Min: 0, Avg:  1.2, Max: 5, Diff: 5, Sum: 5, Workers: 4
[29.121s][debug][gc,phases      ] GC(63)   StringDedup Table Weak         Min:  0.0, Avg:  0.0, Max:  0.0, Diff:  0.0, Sum:  0.0, Workers: 4
[29.121s][debug][gc,phases      ] GC(63)     Dead                           Min: 0, Avg:  0.0, Max: 0, Diff: 0, Sum: 0, Workers: 4
[29.121s][debug][gc,phases      ] GC(63)     Total                          Min: 0, Avg:  0.0, Max: 0, Diff: 0, Sum: 0, Workers: 4
[29.121s][debug][gc,phases      ] GC(63)   StringDedup Requests0 Weak     Min:  0.0, Avg:  0.0, Max:  0.0, Diff:  0.0, Sum:  0.0, Workers: 4
[29.121s][debug][gc,phases      ] GC(63)     Dead                           Min: 0, Avg:  0.0, Max: 0, Diff: 0, Sum: 0, Workers: 4
[29.121s][debug][gc,phases      ] GC(63)     Total                          Min: 0, Avg:  0.0, Max: 0, Diff: 0, Sum: 0, Workers: 4
[29.121s][debug][gc,phases      ] GC(63)   StringDedup Requests1 Weak     Min:  0.0, Avg:  0.0, Max:  0.0, Diff:  0.0, Sum:  0.0, Workers: 4
[29.121s][debug][gc,phases      ] GC(63)     Dead                           Min: 0, Avg:  0.0, Max: 0, Diff: 0, Sum: 0, Workers: 4
[29.121s][debug][gc,phases      ] GC(63)     Total                          Min: 0, Avg:  0.0, Max: 0, Diff: 0, Sum: 0, Workers: 4
[29.121s][debug][gc,phases      ] GC(63)   Weak JFR Old Object Samples    Min:  0.0, Avg:  0.0, Max:  0.0, Diff:  0.0, Sum:  0.0, Workers: 4
[29.121s][debug][gc,phases      ] GC(63)     Dead                           Min: 0, Avg:  0.0, Max: 0, Diff: 0, Sum: 0, Workers: 4
[29.121s][debug][gc,phases      ] GC(63)     Total                          Min: 0, Avg:  0.0, Max: 0, Diff: 0, Sum: 0, Workers: 4
[29.121s][debug][gc,phases      ] GC(63) Weak Processing 0.369ms
[29.121s][debug][gc,age         ] GC(63) Desired survivor size 258473984 bytes, new threshold 15 (max threshold 15)
[29.121s][info ][gc,heap        ] GC(63) PSYoungGen: 1586672K(1796096K)->75136K(1844736K) Eden: 1511424K(1511424K)->0K(1576960K) From: 75248K(284672K)->75136K(267776K)
[29.121s][info ][gc,heap        ] GC(63) ParOldGen: 522606K(649728K)->525614K(649728K)
[29.121s][info ][gc,metaspace   ] GC(63) Metaspace: 68982K(69760K)->68982K(69760K) NonClass: 58944K(59392K)->58944K(59392K) Class: 10038K(10368K)->10038K(10368K)
[29.121s][info ][gc             ] GC(63) Pause Young (Allocation Failure) 2059M->586M(2436M) 29.103ms
[29.121s][info ][gc,cpu         ] GC(63) User=0.13s Sys=0.01s Real=0.02s
[29.121s][info ][safepoint      ] Safepoint "ParallelGCFailedAllocation", Time since last: 137978564 ns, Reaching safepoint: 135900 ns, At safepoint: 29216544 ns, Total: 29352444 ns
[29.295s][info ][safepoint      ] Safepoint "ICBufferFull", Time since last: 170280492 ns, Reaching safepoint: 3202683 ns, At safepoint: 48300 ns, Total: 3250983 ns
[29.314s][info ][safepoint      ] Safepoint "ICBufferFull", Time since last: 19313397 ns, Reaching safepoint: 120800 ns, At safepoint: 32799 ns, Total: 153599 ns
[29.315s][info ][safepoint      ] Safepoint "ICBufferFull", Time since last: 57300 ns, Reaching safepoint: 125699 ns, At safepoint: 35200 ns, Total: 160899 ns
[29.423s][info ][gc,start       ] GC(64) Pause Young (Allocation Failure)
[29.448s][debug][gc,phases      ] GC(64) Scavenge 24.361ms
[29.448s][debug][gc,ref         ] GC(64) Skipped phase 1 of Reference Processing: no references
[29.448s][debug][gc,ref         ] GC(64) ReferenceProcessor::execute queues: 1, RefProcThreadModel::Single, marks_oops_alive: false
[29.448s][debug][gc,ref         ] GC(64) Skipped phase 3 of Reference Processing: no references
[29.448s][debug][gc,ref         ] GC(64) ReferenceProcessor::execute queues: 1, RefProcThreadModel::Single, marks_oops_alive: false
[29.448s][debug][gc,phases      ] GC(64) Reference Processing 0.104ms
[29.448s][debug][gc,phases      ] GC(64)   VM Weak                        Min:  0.0, Avg:  0.0, Max:  0.0, Diff:  0.0, Sum:  0.0, Workers: 4
[29.448s][debug][gc,phases      ] GC(64)     Dead                           Min: 0, Avg:  0.0, Max: 0, Diff: 0, Sum: 0, Workers: 4
[29.448s][debug][gc,phases      ] GC(64)     Total                          Min: 0, Avg: 148.8, Max: 339, Diff: 339, Sum: 595, Workers: 4
[29.448s][debug][gc,phases      ] GC(64)   ObjectSynchronizer Weak        Min:  0.0, Avg:  0.0, Max:  0.0, Diff:  0.0, Sum:  0.0, Workers: 4
[29.448s][debug][gc,phases      ] GC(64)     Dead                           Min: 0, Avg:  0.0, Max: 0, Diff: 0, Sum: 0, Workers: 4
[29.448s][debug][gc,phases      ] GC(64)     Total                          Min: 0, Avg: 86.0, Max: 192, Diff: 192, Sum: 344, Workers: 4
[29.448s][debug][gc,phases      ] GC(64)   JVMTI Tag Weak OopStorage      Min:  0.0, Avg:  0.0, Max:  0.0, Diff:  0.0, Sum:  0.0, Workers: 4
[29.448s][debug][gc,phases      ] GC(64)     Dead                           Min: 0, Avg:  0.0, Max: 0, Diff: 0, Sum: 0, Workers: 4
[29.448s][debug][gc,phases      ] GC(64)     Total                          Min: 0, Avg:  0.0, Max: 0, Diff: 0, Sum: 0, Workers: 4
[29.448s][debug][gc,phases      ] GC(64)   StringTable Weak               Min:  0.1, Avg:  0.1, Max:  0.1, Diff:  0.0, Sum:  0.4, Workers: 4
[29.448s][debug][gc,phases      ] GC(64)     Dead                           Min: 0, Avg:  0.0, Max: 0, Diff: 0, Sum: 0, Workers: 4
[29.448s][debug][gc,phases      ] GC(64)     Total                          Min: 9201, Avg: 10761.5, Max: 14838, Diff: 5637, Sum: 43046, Workers: 4
[29.448s][debug][gc,phases      ] GC(64)   ResolvedMethodTable Weak       Min:  0.0, Avg:  0.0, Max:  0.0, Diff:  0.0, Sum:  0.1, Workers: 4
[29.448s][debug][gc,phases      ] GC(64)     Dead                           Min: 0, Avg:  0.0, Max: 0, Diff: 0, Sum: 0, Workers: 4
[29.448s][debug][gc,phases      ] GC(64)     Total                          Min: 1535, Avg: 1818.0, Max: 2537, Diff: 1002, Sum: 7272, Workers: 4
[29.448s][debug][gc,phases      ] GC(64)   JNI Weak                       Min:  0.0, Avg:  0.0, Max:  0.0, Diff:  0.0, Sum:  0.0, Workers: 4
[29.448s][debug][gc,phases      ] GC(64)     Dead                           Min: 0, Avg:  0.0, Max: 0, Diff: 0, Sum: 0, Workers: 4
[29.448s][debug][gc,phases      ] GC(64)     Total                          Min: 0, Avg:  0.0, Max: 0, Diff: 0, Sum: 0, Workers: 4
[29.448s][debug][gc,phases      ] GC(64)   StringDedup Table Weak         Min:  0.0, Avg:  0.0, Max:  0.0, Diff:  0.0, Sum:  0.0, Workers: 4
[29.448s][debug][gc,phases      ] GC(64)     Dead                           Min: 0, Avg:  0.0, Max: 0, Diff: 0, Sum: 0, Workers: 4
[29.448s][debug][gc,phases      ] GC(64)     Total                          Min: 0, Avg:  0.0, Max: 0, Diff: 0, Sum: 0, Workers: 4
[29.448s][debug][gc,phases      ] GC(64)   StringDedup Requests0 Weak     Min:  0.0, Avg:  0.0, Max:  0.0, Diff:  0.0, Sum:  0.0, Workers: 4
[29.448s][debug][gc,phases      ] GC(64)     Dead                           Min: 0, Avg:  0.0, Max: 0, Diff: 0, Sum: 0, Workers: 4
[29.448s][debug][gc,phases      ] GC(64)     Total                          Min: 0, Avg:  0.0, Max: 0, Diff: 0, Sum: 0, Workers: 4
[29.448s][debug][gc,phases      ] GC(64)   StringDedup Requests1 Weak     Min:  0.0, Avg:  0.0, Max:  0.0, Diff:  0.0, Sum:  0.0, Workers: 4
[29.448s][debug][gc,phases      ] GC(64)     Dead                           Min: 0, Avg:  0.0, Max: 0, Diff: 0, Sum: 0, Workers: 4
[29.448s][debug][gc,phases      ] GC(64)     Total                          Min: 0, Avg:  0.0, Max: 0, Diff: 0, Sum: 0, Workers: 4
[29.448s][debug][gc,phases      ] GC(64)   Weak JFR Old Object Samples    Min:  0.0, Avg:  0.0, Max:  0.0, Diff:  0.0, Sum:  0.0, Workers: 4
[29.448s][debug][gc,phases      ] GC(64)     Dead                           Min: 0, Avg:  0.0, Max: 0, Diff: 0, Sum: 0, Workers: 4
[29.448s][debug][gc,phases      ] GC(64)     Total                          Min: 0, Avg:  0.0, Max: 0, Diff: 0, Sum: 0, Workers: 4
[29.448s][debug][gc,phases      ] GC(64) Weak Processing 0.254ms
[29.448s][debug][gc,age         ] GC(64) Desired survivor size 242745344 bytes, new threshold 15 (max threshold 15)
[29.448s][info ][gc,heap        ] GC(64) PSYoungGen: 1652096K(1844736K)->78672K(1829376K) Eden: 1576960K(1576960K)->0K(1576960K) From: 75136K(267776K)->78672K(252416K)
[29.448s][info ][gc,heap        ] GC(64) ParOldGen: 525614K(649728K)->526734K(649728K)
[29.448s][info ][gc,metaspace   ] GC(64) Metaspace: 68990K(69760K)->68990K(69760K) NonClass: 58952K(59392K)->58952K(59392K) Class: 10038K(10368K)->10038K(10368K)
[29.448s][info ][gc             ] GC(64) Pause Young (Allocation Failure) 2126M->591M(2421M) 24.829ms
[29.448s][info ][gc,cpu         ] GC(64) User=0.09s Sys=0.01s Real=0.02s
[29.448s][info ][safepoint      ] Safepoint "ParallelGCFailedAllocation", Time since last: 108825320 ns, Reaching safepoint: 119500 ns, At safepoint: 24919967 ns, Total: 25039467 ns
[29.623s][info ][safepoint      ] Safepoint "ICBufferFull", Time since last: 174670669 ns, Reaching safepoint: 128299 ns, At safepoint: 31300 ns, Total: 159599 ns
[29.648s][info ][safepoint      ] Safepoint "ICBufferFull", Time since last: 24135071 ns, Reaching safepoint: 128200 ns, At safepoint: 24499 ns, Total: 152699 ns
[29.684s][info ][safepoint      ] Safepoint "ICBufferFull", Time since last: 35971809 ns, Reaching safepoint: 134199 ns, At safepoint: 27100 ns, Total: 161299 ns
[29.752s][info ][safepoint      ] Safepoint "ICBufferFull", Time since last: 68377835 ns, Reaching safepoint: 129700 ns, At safepoint: 25000 ns, Total: 154700 ns
[29.766s][info ][gc,start       ] GC(65) Pause Young (Allocation Failure)
[29.788s][debug][gc,phases      ] GC(65) Scavenge 21.586ms
[29.788s][debug][gc,ref         ] GC(65) Skipped phase 1 of Reference Processing: no references
[29.788s][debug][gc,ref         ] GC(65) ReferenceProcessor::execute queues: 1, RefProcThreadModel::Single, marks_oops_alive: false
[29.788s][debug][gc,ref         ] GC(65) Skipped phase 3 of Reference Processing: no references
[29.788s][debug][gc,ref         ] GC(65) ReferenceProcessor::execute queues: 1, RefProcThreadModel::Single, marks_oops_alive: false
[29.788s][debug][gc,phases      ] GC(65) Reference Processing 0.109ms
[29.788s][debug][gc,phases      ] GC(65)   VM Weak                        Min:  0.0, Avg:  0.0, Max:  0.0, Diff:  0.0, Sum:  0.0, Workers: 4
[29.788s][debug][gc,phases      ] GC(65)     Dead                           Min: 0, Avg:  0.0, Max: 0, Diff: 0, Sum: 0, Workers: 4
[29.788s][debug][gc,phases      ] GC(65)     Total                          Min: 0, Avg: 148.8, Max: 595, Diff: 595, Sum: 595, Workers: 4
[29.788s][debug][gc,phases      ] GC(65)   ObjectSynchronizer Weak        Min:  0.0, Avg:  0.0, Max:  0.0, Diff:  0.0, Sum:  0.0, Workers: 4
[29.788s][debug][gc,phases      ] GC(65)     Dead                           Min: 0, Avg:  0.0, Max: 0, Diff: 0, Sum: 0, Workers: 4
[29.788s][debug][gc,phases      ] GC(65)     Total                          Min: 0, Avg: 86.0, Max: 216, Diff: 216, Sum: 344, Workers: 4
[29.788s][debug][gc,phases      ] GC(65)   JVMTI Tag Weak OopStorage      Min:  0.0, Avg:  0.0, Max:  0.0, Diff:  0.0, Sum:  0.0, Workers: 4
[29.788s][debug][gc,phases      ] GC(65)     Dead                           Min: 0, Avg:  0.0, Max: 0, Diff: 0, Sum: 0, Workers: 4
[29.788s][debug][gc,phases      ] GC(65)     Total                          Min: 0, Avg:  0.0, Max: 0, Diff: 0, Sum: 0, Workers: 4
[29.788s][debug][gc,phases      ] GC(65)   StringTable Weak               Min:  0.1, Avg:  0.1, Max:  0.1, Diff:  0.0, Sum:  0.3, Workers: 4
[29.788s][debug][gc,phases      ] GC(65)     Dead                           Min: 0, Avg:  2.8, Max: 11, Diff: 11, Sum: 11, Workers: 4
[29.788s][debug][gc,phases      ] GC(65)     Total                          Min: 7936, Avg: 10761.8, Max: 14144, Diff: 6208, Sum: 43047, Workers: 4
[29.788s][debug][gc,phases      ] GC(65)   ResolvedMethodTable Weak       Min:  0.0, Avg:  0.0, Max:  0.0, Diff:  0.0, Sum:  0.1, Workers: 4
[29.788s][debug][gc,phases      ] GC(65)     Dead                           Min: 0, Avg:  0.0, Max: 0, Diff: 0, Sum: 0, Workers: 4
[29.788s][debug][gc,phases      ] GC(65)     Total                          Min: 1401, Avg: 1818.5, Max: 2176, Diff: 775, Sum: 7274, Workers: 4
[29.788s][debug][gc,phases      ] GC(65)   JNI Weak                       Min:  0.0, Avg:  0.0, Max:  0.0, Diff:  0.0, Sum:  0.0, Workers: 4
[29.788s][debug][gc,phases      ] GC(65)     Dead                           Min: 0, Avg:  0.0, Max: 0, Diff: 0, Sum: 0, Workers: 4
[29.788s][debug][gc,phases      ] GC(65)     Total                          Min: 0, Avg:  1.0, Max: 4, Diff: 4, Sum: 4, Workers: 4
[29.788s][debug][gc,phases      ] GC(65)   StringDedup Table Weak         Min:  0.0, Avg:  0.0, Max:  0.0, Diff:  0.0, Sum:  0.0, Workers: 4
[29.788s][debug][gc,phases      ] GC(65)     Dead                           Min: 0, Avg:  0.0, Max: 0, Diff: 0, Sum: 0, Workers: 4
[29.788s][debug][gc,phases      ] GC(65)     Total                          Min: 0, Avg:  0.0, Max: 0, Diff: 0, Sum: 0, Workers: 4
[29.788s][debug][gc,phases      ] GC(65)   StringDedup Requests0 Weak     Min:  0.0, Avg:  0.0, Max:  0.0, Diff:  0.0, Sum:  0.0, Workers: 4
[29.788s][debug][gc,phases      ] GC(65)     Dead                           Min: 0, Avg:  0.0, Max: 0, Diff: 0, Sum: 0, Workers: 4
[29.788s][debug][gc,phases      ] GC(65)     Total                          Min: 0, Avg:  0.0, Max: 0, Diff: 0, Sum: 0, Workers: 4
[29.788s][debug][gc,phases      ] GC(65)   StringDedup Requests1 Weak     Min:  0.0, Avg:  0.0, Max:  0.0, Diff:  0.0, Sum:  0.0, Workers: 4
[29.788s][debug][gc,phases      ] GC(65)     Dead                           Min: 0, Avg:  0.0, Max: 0, Diff: 0, Sum: 0, Workers: 4
[29.788s][debug][gc,phases      ] GC(65)     Total                          Min: 0, Avg:  0.0, Max: 0, Diff: 0, Sum: 0, Workers: 4
[29.788s][debug][gc,phases      ] GC(65)   Weak JFR Old Object Samples    Min:  0.0, Avg:  0.0, Max:  0.0, Diff:  0.0, Sum:  0.0, Workers: 4
[29.788s][debug][gc,phases      ] GC(65)     Dead                           Min: 0, Avg:  0.0, Max: 0, Diff: 0, Sum: 0, Workers: 4
[29.788s][debug][gc,phases      ] GC(65)     Total                          Min: 0, Avg:  0.0, Max: 0, Diff: 0, Sum: 0, Workers: 4
[29.788s][debug][gc,phases      ] GC(65) Weak Processing 0.269ms
[29.788s][debug][gc,age         ] GC(65) Desired survivor size 228589568 bytes, new threshold 15 (max threshold 15)
[29.788s][info ][gc,heap        ] GC(65) PSYoungGen: 1655632K(1829376K)->81760K(1873920K) Eden: 1576960K(1576960K)->0K(1636864K) From: 78672K(252416K)->81760K(237056K)
[29.788s][info ][gc,heap        ] GC(65) ParOldGen: 526734K(649728K)->527710K(649728K)
[29.788s][info ][gc,metaspace   ] GC(65) Metaspace: 69004K(69760K)->69004K(69760K) NonClass: 58965K(59392K)->58965K(59392K) Class: 10038K(10368K)->10038K(10368K)
[29.788s][info ][gc             ] GC(65) Pause Young (Allocation Failure) 2131M->595M(2464M) 22.078ms
[29.788s][info ][gc,cpu         ] GC(65) User=0.09s Sys=0.00s Real=0.02s
[29.788s][info ][safepoint      ] Safepoint "ParallelGCFailedAllocation", Time since last: 13714827 ns, Reaching safepoint: 110599 ns, At safepoint: 22177982 ns, Total: 22288581 ns
[29.820s][info ][safepoint      ] Safepoint "ICBufferFull", Time since last: 31548532 ns, Reaching safepoint: 107599 ns, At safepoint: 25300 ns, Total: 132899 ns
[29.962s][info ][safepoint      ] Safepoint "ICBufferFull", Time since last: 142352041 ns, Reaching safepoint: 138399 ns, At safepoint: 26400 ns, Total: 164799 ns
[30.012s][info ][safepoint      ] Safepoint "ICBufferFull", Time since last: 49578436 ns, Reaching safepoint: 386698 ns, At safepoint: 26300 ns, Total: 412998 ns
[30.014s][info ][safepoint      ] Safepoint "ICBufferFull", Time since last: 1058094 ns, Reaching safepoint: 100600 ns, At safepoint: 18700 ns, Total: 119300 ns
[30.112s][info ][gc,start       ] GC(66) Pause Young (Allocation Failure)
[30.142s][debug][gc,phases      ] GC(66) Scavenge 29.844ms
[30.142s][debug][gc,ref         ] GC(66) Skipped phase 1 of Reference Processing: no references
[30.142s][debug][gc,ref         ] GC(66) ReferenceProcessor::execute queues: 1, RefProcThreadModel::Single, marks_oops_alive: false
[30.142s][debug][gc,ref         ] GC(66) Skipped phase 3 of Reference Processing: no references
[30.142s][debug][gc,ref         ] GC(66) ReferenceProcessor::execute queues: 1, RefProcThreadModel::Single, marks_oops_alive: false
[30.142s][debug][gc,phases      ] GC(66) Reference Processing 0.089ms
[30.142s][debug][gc,phases      ] GC(66)   VM Weak                        Min:  0.0, Avg:  0.0, Max:  0.0, Diff:  0.0, Sum:  0.0, Workers: 4
[30.142s][debug][gc,phases      ] GC(66)     Dead                           Min: 0, Avg:  0.0, Max: 0, Diff: 0, Sum: 0, Workers: 4
[30.142s][debug][gc,phases      ] GC(66)     Total                          Min: 0, Avg: 148.8, Max: 339, Diff: 339, Sum: 595, Workers: 4
[30.142s][debug][gc,phases      ] GC(66)   ObjectSynchronizer Weak        Min:  0.0, Avg:  0.0, Max:  0.0, Diff:  0.0, Sum:  0.0, Workers: 4
[30.142s][debug][gc,phases      ] GC(66)     Dead                           Min: 0, Avg:  0.0, Max: 0, Diff: 0, Sum: 0, Workers: 4
[30.142s][debug][gc,phases      ] GC(66)     Total                          Min: 0, Avg: 86.0, Max: 152, Diff: 152, Sum: 344, Workers: 4
[30.142s][debug][gc,phases      ] GC(66)   JVMTI Tag Weak OopStorage      Min:  0.0, Avg:  0.0, Max:  0.0, Diff:  0.0, Sum:  0.0, Workers: 4
[30.142s][debug][gc,phases      ] GC(66)     Dead                           Min: 0, Avg:  0.0, Max: 0, Diff: 0, Sum: 0, Workers: 4
[30.142s][debug][gc,phases      ] GC(66)     Total                          Min: 0, Avg:  0.0, Max: 0, Diff: 0, Sum: 0, Workers: 4
[30.142s][debug][gc,phases      ] GC(66)   StringTable Weak               Min:  0.1, Avg:  0.1, Max:  0.1, Diff:  0.0, Sum:  0.4, Workers: 4
[30.142s][debug][gc,phases      ] GC(66)     Dead                           Min: 0, Avg:  2.8, Max: 11, Diff: 11, Sum: 11, Workers: 4
[30.142s][debug][gc,phases      ] GC(66)     Total                          Min: 9138, Avg: 10761.8, Max: 14582, Diff: 5444, Sum: 43047, Workers: 4
[30.142s][debug][gc,phases      ] GC(66)   ResolvedMethodTable Weak       Min:  0.0, Avg:  0.0, Max:  0.0, Diff:  0.0, Sum:  0.1, Workers: 4
[30.142s][debug][gc,phases      ] GC(66)     Dead                           Min: 0, Avg:  0.0, Max: 0, Diff: 0, Sum: 0, Workers: 4
[30.142s][debug][gc,phases      ] GC(66)     Total                          Min: 1528, Avg: 1818.5, Max: 2425, Diff: 897, Sum: 7274, Workers: 4
[30.142s][debug][gc,phases      ] GC(66)   JNI Weak                       Min:  0.0, Avg:  0.0, Max:  0.0, Diff:  0.0, Sum:  0.0, Workers: 4
[30.142s][debug][gc,phases      ] GC(66)     Dead                           Min: 0, Avg:  0.0, Max: 0, Diff: 0, Sum: 0, Workers: 4
[30.142s][debug][gc,phases      ] GC(66)     Total                          Min: 0, Avg:  0.0, Max: 0, Diff: 0, Sum: 0, Workers: 4
[30.142s][debug][gc,phases      ] GC(66)   StringDedup Table Weak         Min:  0.0, Avg:  0.0, Max:  0.0, Diff:  0.0, Sum:  0.0, Workers: 4
[30.142s][debug][gc,phases      ] GC(66)     Dead                           Min: 0, Avg:  0.0, Max: 0, Diff: 0, Sum: 0, Workers: 4
[30.142s][debug][gc,phases      ] GC(66)     Total                          Min: 0, Avg:  0.0, Max: 0, Diff: 0, Sum: 0, Workers: 4
[30.142s][debug][gc,phases      ] GC(66)   StringDedup Requests0 Weak     Min:  0.0, Avg:  0.0, Max:  0.0, Diff:  0.0, Sum:  0.0, Workers: 4
[30.142s][debug][gc,phases      ] GC(66)     Dead                           Min: 0, Avg:  0.0, Max: 0, Diff: 0, Sum: 0, Workers: 4
[30.142s][debug][gc,phases      ] GC(66)     Total                          Min: 0, Avg:  0.0, Max: 0, Diff: 0, Sum: 0, Workers: 4
[30.142s][debug][gc,phases      ] GC(66)   StringDedup Requests1 Weak     Min:  0.0, Avg:  0.0, Max:  0.0, Diff:  0.0, Sum:  0.0, Workers: 4
[30.142s][debug][gc,phases      ] GC(66)     Dead                           Min: 0, Avg:  0.0, Max: 0, Diff: 0, Sum: 0, Workers: 4
[30.142s][debug][gc,phases      ] GC(66)     Total                          Min: 0, Avg:  0.0, Max: 0, Diff: 0, Sum: 0, Workers: 4
[30.142s][debug][gc,phases      ] GC(66)   Weak JFR Old Object Samples    Min:  0.0, Avg:  0.0, Max:  0.0, Diff:  0.0, Sum:  0.0, Workers: 4
[30.142s][debug][gc,phases      ] GC(66)     Dead                           Min: 0, Avg:  0.0, Max: 0, Diff: 0, Sum: 0, Workers: 4
[30.142s][debug][gc,phases      ] GC(66)     Total                          Min: 0, Avg:  0.0, Max: 0, Diff: 0, Sum: 0, Workers: 4
[30.142s][debug][gc,phases      ] GC(66) Weak Processing 0.253ms
[30.142s][debug][gc,age         ] GC(66) Desired survivor size 214433792 bytes, new threshold 15 (max threshold 15)
[30.142s][info ][gc,heap        ] GC(66) PSYoungGen: 1718624K(1873920K)->85520K(1860096K) Eden: 1636864K(1636864K)->0K(1636864K) From: 81760K(237056K)->85520K(223232K)
[30.142s][info ][gc,heap        ] GC(66) ParOldGen: 527710K(649728K)->528406K(649728K)
[30.142s][info ][gc,metaspace   ] GC(66) Metaspace: 69024K(69760K)->69024K(69760K) NonClass: 58985K(59392K)->58985K(59392K) Class: 10038K(10368K)->10038K(10368K)
[30.142s][info ][gc             ] GC(66) Pause Young (Allocation Failure) 2193M->599M(2451M) 30.298ms
[30.142s][info ][gc,cpu         ] GC(66) User=0.11s Sys=0.01s Real=0.02s
[30.142s][info ][safepoint      ] Safepoint "ParallelGCFailedAllocation", Time since last: 98135677 ns, Reaching safepoint: 125499 ns, At safepoint: 30398038 ns, Total: 30523537 ns
[30.472s][info ][gc,start       ] GC(67) Pause Young (Allocation Failure)
[30.511s][debug][gc,phases      ] GC(67) Scavenge 39.912ms
[30.512s][debug][gc,ref         ] GC(67) Skipped phase 1 of Reference Processing: no references
[30.512s][debug][gc,ref         ] GC(67) ReferenceProcessor::execute queues: 1, RefProcThreadModel::Single, marks_oops_alive: false
[30.512s][debug][gc,ref         ] GC(67) Skipped phase 3 of Reference Processing: no references
[30.512s][debug][gc,ref         ] GC(67) ReferenceProcessor::execute queues: 1, RefProcThreadModel::Single, marks_oops_alive: false
[30.512s][debug][gc,phases      ] GC(67) Reference Processing 0.093ms
[30.512s][debug][gc,phases      ] GC(67)   VM Weak                        Min:  0.0, Avg:  0.0, Max:  0.0, Diff:  0.0, Sum:  0.0, Workers: 4
[30.512s][debug][gc,phases      ] GC(67)     Dead                           Min: 0, Avg:  0.0, Max: 0, Diff: 0, Sum: 0, Workers: 4
[30.512s][debug][gc,phases      ] GC(67)     Total                          Min: 0, Avg: 148.8, Max: 595, Diff: 595, Sum: 595, Workers: 4
[30.512s][debug][gc,phases      ] GC(67)   ObjectSynchronizer Weak        Min:  0.0, Avg:  0.0, Max:  0.0, Diff:  0.0, Sum:  0.0, Workers: 4
[30.512s][debug][gc,phases      ] GC(67)     Dead                           Min: 0, Avg:  0.0, Max: 0, Diff: 0, Sum: 0, Workers: 4
[30.512s][debug][gc,phases      ] GC(67)     Total                          Min: 0, Avg: 86.0, Max: 344, Diff: 344, Sum: 344, Workers: 4
[30.512s][debug][gc,phases      ] GC(67)   JVMTI Tag Weak OopStorage      Min:  0.0, Avg:  0.0, Max:  0.0, Diff:  0.0, Sum:  0.0, Workers: 4
[30.512s][debug][gc,phases      ] GC(67)     Dead                           Min: 0, Avg:  0.0, Max: 0, Diff: 0, Sum: 0, Workers: 4
[30.512s][debug][gc,phases      ] GC(67)     Total                          Min: 0, Avg:  0.0, Max: 0, Diff: 0, Sum: 0, Workers: 4
[30.512s][debug][gc,phases      ] GC(67)   StringTable Weak               Min:  0.1, Avg:  0.1, Max:  0.1, Diff:  0.0, Sum:  0.3, Workers: 4
[30.512s][debug][gc,phases      ] GC(67)     Dead                           Min: 0, Avg:  0.0, Max: 0, Diff: 0, Sum: 0, Workers: 4
[30.512s][debug][gc,phases      ] GC(67)     Total                          Min: 8690, Avg: 10762.0, Max: 11776, Diff: 3086, Sum: 43048, Workers: 4
[30.512s][debug][gc,phases      ] GC(67)   ResolvedMethodTable Weak       Min:  0.0, Avg:  0.0, Max:  0.0, Diff:  0.0, Sum:  0.1, Workers: 4
[30.512s][debug][gc,phases      ] GC(67)     Dead                           Min: 0, Avg:  0.0, Max: 0, Diff: 0, Sum: 0, Workers: 4
[30.512s][debug][gc,phases      ] GC(67)     Total                          Min: 1280, Avg: 1818.5, Max: 2048, Diff: 768, Sum: 7274, Workers: 4
[30.512s][debug][gc,phases      ] GC(67)   JNI Weak                       Min:  0.0, Avg:  0.0, Max:  0.0, Diff:  0.0, Sum:  0.0, Workers: 4
[30.512s][debug][gc,phases      ] GC(67)     Dead                           Min: 0, Avg:  0.0, Max: 0, Diff: 0, Sum: 0, Workers: 4
[30.512s][debug][gc,phases      ] GC(67)     Total                          Min: 0, Avg:  1.2, Max: 5, Diff: 5, Sum: 5, Workers: 4
[30.512s][debug][gc,phases      ] GC(67)   StringDedup Table Weak         Min:  0.0, Avg:  0.0, Max:  0.0, Diff:  0.0, Sum:  0.0, Workers: 4
[30.512s][debug][gc,phases      ] GC(67)     Dead                           Min: 0, Avg:  0.0, Max: 0, Diff: 0, Sum: 0, Workers: 4
[30.512s][debug][gc,phases      ] GC(67)     Total                          Min: 0, Avg:  0.0, Max: 0, Diff: 0, Sum: 0, Workers: 4
[30.512s][debug][gc,phases      ] GC(67)   StringDedup Requests0 Weak     Min:  0.0, Avg:  0.0, Max:  0.0, Diff:  0.0, Sum:  0.0, Workers: 4
[30.512s][debug][gc,phases      ] GC(67)     Dead                           Min: 0, Avg:  0.0, Max: 0, Diff: 0, Sum: 0, Workers: 4
[30.512s][debug][gc,phases      ] GC(67)     Total                          Min: 0, Avg:  0.0, Max: 0, Diff: 0, Sum: 0, Workers: 4
[30.512s][debug][gc,phases      ] GC(67)   StringDedup Requests1 Weak     Min:  0.0, Avg:  0.0, Max:  0.0, Diff:  0.0, Sum:  0.0, Workers: 4
[30.512s][debug][gc,phases      ] GC(67)     Dead                           Min: 0, Avg:  0.0, Max: 0, Diff: 0, Sum: 0, Workers: 4
[30.512s][debug][gc,phases      ] GC(67)     Total                          Min: 0, Avg:  0.0, Max: 0, Diff: 0, Sum: 0, Workers: 4
[30.512s][debug][gc,phases      ] GC(67)   Weak JFR Old Object Samples    Min:  0.0, Avg:  0.0, Max:  0.0, Diff:  0.0, Sum:  0.0, Workers: 4
[30.512s][debug][gc,phases      ] GC(67)     Dead                           Min: 0, Avg:  0.0, Max: 0, Diff: 0, Sum: 0, Workers: 4
[30.512s][debug][gc,phases      ] GC(67)     Total                          Min: 0, Avg:  0.0, Max: 0, Diff: 0, Sum: 0, Workers: 4
[30.512s][debug][gc,phases      ] GC(67) Weak Processing 0.237ms
[30.512s][debug][gc,age         ] GC(67) Desired survivor size 204472320 bytes, new threshold 15 (max threshold 15)
[30.512s][info ][gc,heap        ] GC(67) PSYoungGen: 1722384K(1860096K)->93248K(1897472K) Eden: 1636864K(1636864K)->0K(1688064K) From: 85520K(223232K)->93248K(209408K)
[30.512s][info ][gc,heap        ] GC(67) ParOldGen: 528406K(649728K)->533262K(649728K)
[30.512s][info ][gc,metaspace   ] GC(67) Metaspace: 69028K(69760K)->69028K(69760K) NonClass: 58987K(59392K)->58987K(59392K) Class: 10040K(10368K)->10040K(10368K)
[30.512s][info ][gc             ] GC(67) Pause Young (Allocation Failure) 2198M->611M(2487M) 40.358ms
[30.512s][info ][gc,cpu         ] GC(67) User=0.15s Sys=0.00s Real=0.04s
[30.512s][info ][safepoint      ] Safepoint "ParallelGCFailedAllocation", Time since last: 327106056 ns, Reaching safepoint: 2199089 ns, At safepoint: 40456584 ns, Total: 42655673 ns
[30.796s][info ][gc,start       ] GC(68) Pause Young (Allocation Failure)
[30.828s][debug][gc,phases      ] GC(68) Scavenge 31.576ms
[30.828s][debug][gc,ref         ] GC(68) Skipped phase 1 of Reference Processing: no references
[30.828s][debug][gc,ref         ] GC(68) ReferenceProcessor::execute queues: 1, RefProcThreadModel::Single, marks_oops_alive: false
[30.828s][debug][gc,ref         ] GC(68) Skipped phase 3 of Reference Processing: no references
[30.828s][debug][gc,ref         ] GC(68) Skipped phase 4 of Reference Processing: no references
[30.828s][debug][gc,phases      ] GC(68) Reference Processing 0.104ms
[30.828s][debug][gc,phases      ] GC(68)   VM Weak                        Min:  0.0, Avg:  0.0, Max:  0.0, Diff:  0.0, Sum:  0.0, Workers: 4
[30.828s][debug][gc,phases      ] GC(68)     Dead                           Min: 0, Avg:  0.0, Max: 0, Diff: 0, Sum: 0, Workers: 4
[30.828s][debug][gc,phases      ] GC(68)     Total                          Min: 0, Avg: 148.8, Max: 403, Diff: 403, Sum: 595, Workers: 4
[30.828s][debug][gc,phases      ] GC(68)   ObjectSynchronizer Weak        Min:  0.0, Avg:  0.0, Max:  0.0, Diff:  0.0, Sum:  0.0, Workers: 4
[30.828s][debug][gc,phases      ] GC(68)     Dead                           Min: 0, Avg:  0.0, Max: 0, Diff: 0, Sum: 0, Workers: 4
[30.828s][debug][gc,phases      ] GC(68)     Total                          Min: 0, Avg: 86.0, Max: 216, Diff: 216, Sum: 344, Workers: 4
[30.828s][debug][gc,phases      ] GC(68)   JVMTI Tag Weak OopStorage      Min:  0.0, Avg:  0.0, Max:  0.0, Diff:  0.0, Sum:  0.0, Workers: 4
[30.828s][debug][gc,phases      ] GC(68)     Dead                           Min: 0, Avg:  0.0, Max: 0, Diff: 0, Sum: 0, Workers: 4
[30.828s][debug][gc,phases      ] GC(68)     Total                          Min: 0, Avg:  0.0, Max: 0, Diff: 0, Sum: 0, Workers: 4
[30.828s][debug][gc,phases      ] GC(68)   StringTable Weak               Min:  0.1, Avg:  0.1, Max:  0.1, Diff:  0.0, Sum:  0.3, Workers: 4
[30.828s][debug][gc,phases      ] GC(68)     Dead                           Min: 0, Avg:  2.8, Max: 9, Diff: 9, Sum: 11, Workers: 4
[30.828s][debug][gc,phases      ] GC(68)     Total                          Min: 10219, Avg: 10762.8, Max: 11264, Diff: 1045, Sum: 43051, Workers: 4
[30.828s][debug][gc,phases      ] GC(68)   ResolvedMethodTable Weak       Min:  0.0, Avg:  0.0, Max:  0.0, Diff:  0.0, Sum:  0.0, Workers: 4
[30.828s][debug][gc,phases      ] GC(68)     Dead                           Min: 0, Avg:  0.0, Max: 0, Diff: 0, Sum: 0, Workers: 4
[30.828s][debug][gc,phases      ] GC(68)     Total                          Min: 1664, Avg: 1818.5, Max: 2048, Diff: 384, Sum: 7274, Workers: 4
[30.828s][debug][gc,phases      ] GC(68)   JNI Weak                       Min:  0.0, Avg:  0.0, Max:  0.0, Diff:  0.0, Sum:  0.0, Workers: 4
[30.828s][debug][gc,phases      ] GC(68)     Dead                           Min: 0, Avg:  0.0, Max: 0, Diff: 0, Sum: 0, Workers: 4
[30.828s][debug][gc,phases      ] GC(68)     Total                          Min: 0, Avg:  0.0, Max: 0, Diff: 0, Sum: 0, Workers: 4
[30.828s][debug][gc,phases      ] GC(68)   StringDedup Table Weak         Min:  0.0, Avg:  0.0, Max:  0.0, Diff:  0.0, Sum:  0.0, Workers: 4
[30.828s][debug][gc,phases      ] GC(68)     Dead                           Min: 0, Avg:  0.0, Max: 0, Diff: 0, Sum: 0, Workers: 4
[30.828s][debug][gc,phases      ] GC(68)     Total                          Min: 0, Avg:  0.0, Max: 0, Diff: 0, Sum: 0, Workers: 4
[30.828s][debug][gc,phases      ] GC(68)   StringDedup Requests0 Weak     Min:  0.0, Avg:  0.0, Max:  0.0, Diff:  0.0, Sum:  0.0, Workers: 4
[30.828s][debug][gc,phases      ] GC(68)     Dead                           Min: 0, Avg:  0.0, Max: 0, Diff: 0, Sum: 0, Workers: 4
[30.828s][debug][gc,phases      ] GC(68)     Total                          Min: 0, Avg:  0.0, Max: 0, Diff: 0, Sum: 0, Workers: 4
[30.828s][debug][gc,phases      ] GC(68)   StringDedup Requests1 Weak     Min:  0.0, Avg:  0.0, Max:  0.0, Diff:  0.0, Sum:  0.0, Workers: 4
[30.828s][debug][gc,phases      ] GC(68)     Dead                           Min: 0, Avg:  0.0, Max: 0, Diff: 0, Sum: 0, Workers: 4
[30.828s][debug][gc,phases      ] GC(68)     Total                          Min: 0, Avg:  0.0, Max: 0, Diff: 0, Sum: 0, Workers: 4
[30.828s][debug][gc,phases      ] GC(68)   Weak JFR Old Object Samples    Min:  0.0, Avg:  0.0, Max:  0.0, Diff:  0.0, Sum:  0.0, Workers: 4
[30.828s][debug][gc,phases      ] GC(68)     Dead                           Min: 0, Avg:  0.0, Max: 0, Diff: 0, Sum: 0, Workers: 4
[30.828s][debug][gc,phases      ] GC(68)     Total                          Min: 0, Avg:  0.0, Max: 0, Diff: 0, Sum: 0, Workers: 4
[30.828s][debug][gc,phases      ] GC(68) Weak Processing 0.221ms
[30.828s][debug][gc,age         ] GC(68) Desired survivor size 196608000 bytes, new threshold 15 (max threshold 15)
[30.828s][info ][gc,heap        ] GC(68) PSYoungGen: 1781312K(1897472K)->95616K(1887744K) Eden: 1688064K(1688064K)->0K(1688064K) From: 93248K(209408K)->95616K(199680K)
[30.828s][info ][gc,heap        ] GC(68) ParOldGen: 533262K(649728K)->538886K(649728K)
[30.828s][info ][gc,metaspace   ] GC(68) Metaspace: 69030K(69760K)->69030K(69760K) NonClass: 58989K(59392K)->58989K(59392K) Class: 10040K(10368K)->10040K(10368K)
[30.828s][info ][gc             ] GC(68) Pause Young (Allocation Failure) 2260M->619M(2478M) 32.014ms
[30.828s][info ][gc,cpu         ] GC(68) User=0.12s Sys=0.00s Real=0.03s
[30.828s][info ][safepoint      ] Safepoint "ParallelGCFailedAllocation", Time since last: 284013786 ns, Reaching safepoint: 213199 ns, At safepoint: 32122129 ns, Total: 32335328 ns
[31.128s][info ][gc,start       ] GC(69) Pause Young (Allocation Failure)
[31.160s][debug][gc,phases      ] GC(69) Scavenge 31.702ms
[31.160s][debug][gc,ref         ] GC(69) Skipped phase 1 of Reference Processing: no references
[31.160s][debug][gc,ref         ] GC(69) ReferenceProcessor::execute queues: 1, RefProcThreadModel::Single, marks_oops_alive: false
[31.160s][debug][gc,ref         ] GC(69) Skipped phase 3 of Reference Processing: no references
[31.160s][debug][gc,ref         ] GC(69) ReferenceProcessor::execute queues: 1, RefProcThreadModel::Single, marks_oops_alive: false
[31.160s][debug][gc,phases      ] GC(69) Reference Processing 0.097ms
[31.160s][debug][gc,phases      ] GC(69)   VM Weak                        Min:  0.0, Avg:  0.0, Max:  0.0, Diff:  0.0, Sum:  0.0, Workers: 4
[31.160s][debug][gc,phases      ] GC(69)     Dead                           Min: 0, Avg:  0.0, Max: 0, Diff: 0, Sum: 0, Workers: 4
[31.160s][debug][gc,phases      ] GC(69)     Total                          Min: 0, Avg: 148.8, Max: 339, Diff: 339, Sum: 595, Workers: 4
[31.160s][debug][gc,phases      ] GC(69)   ObjectSynchronizer Weak        Min:  0.0, Avg:  0.0, Max:  0.0, Diff:  0.0, Sum:  0.0, Workers: 4
[31.160s][debug][gc,phases      ] GC(69)     Dead                           Min: 0, Avg:  0.0, Max: 0, Diff: 0, Sum: 0, Workers: 4
[31.160s][debug][gc,phases      ] GC(69)     Total                          Min: 0, Avg: 86.0, Max: 192, Diff: 192, Sum: 344, Workers: 4
[31.160s][debug][gc,phases      ] GC(69)   JVMTI Tag Weak OopStorage      Min:  0.0, Avg:  0.0, Max:  0.0, Diff:  0.0, Sum:  0.0, Workers: 4
[31.160s][debug][gc,phases      ] GC(69)     Dead                           Min: 0, Avg:  0.0, Max: 0, Diff: 0, Sum: 0, Workers: 4
[31.160s][debug][gc,phases      ] GC(69)     Total                          Min: 0, Avg:  0.0, Max: 0, Diff: 0, Sum: 0, Workers: 4
[31.160s][debug][gc,phases      ] GC(69)   StringTable Weak               Min:  0.1, Avg:  0.1, Max:  0.1, Diff:  0.0, Sum:  0.4, Workers: 4
[31.160s][debug][gc,phases      ] GC(69)     Dead                           Min: 0, Avg:  2.8, Max: 11, Diff: 11, Sum: 11, Workers: 4
[31.160s][debug][gc,phases      ] GC(69)     Total                          Min: 8832, Avg: 10762.8, Max: 14967, Diff: 6135, Sum: 43051, Workers: 4
[31.160s][debug][gc,phases      ] GC(69)   ResolvedMethodTable Weak       Min:  0.0, Avg:  0.0, Max:  0.0, Diff:  0.0, Sum:  0.1, Workers: 4
[31.160s][debug][gc,phases      ] GC(69)     Dead                           Min: 0, Avg:  0.0, Max: 0, Diff: 0, Sum: 0, Workers: 4
[31.160s][debug][gc,phases      ] GC(69)     Total                          Min: 1593, Avg: 1818.5, Max: 2360, Diff: 767, Sum: 7274, Workers: 4
[31.160s][debug][gc,phases      ] GC(69)   JNI Weak                       Min:  0.0, Avg:  0.0, Max:  0.0, Diff:  0.0, Sum:  0.0, Workers: 4
[31.160s][debug][gc,phases      ] GC(69)     Dead                           Min: 0, Avg:  0.0, Max: 0, Diff: 0, Sum: 0, Workers: 4
[31.160s][debug][gc,phases      ] GC(69)     Total                          Min: 0, Avg:  0.2, Max: 1, Diff: 1, Sum: 1, Workers: 4
[31.160s][debug][gc,phases      ] GC(69)   StringDedup Table Weak         Min:  0.0, Avg:  0.0, Max:  0.0, Diff:  0.0, Sum:  0.0, Workers: 4
[31.160s][debug][gc,phases      ] GC(69)     Dead                           Min: 0, Avg:  0.0, Max: 0, Diff: 0, Sum: 0, Workers: 4
[31.160s][debug][gc,phases      ] GC(69)     Total                          Min: 0, Avg:  0.0, Max: 0, Diff: 0, Sum: 0, Workers: 4
[31.160s][debug][gc,phases      ] GC(69)   StringDedup Requests0 Weak     Min:  0.0, Avg:  0.0, Max:  0.0, Diff:  0.0, Sum:  0.0, Workers: 4
[31.160s][debug][gc,phases      ] GC(69)     Dead                           Min: 0, Avg:  0.0, Max: 0, Diff: 0, Sum: 0, Workers: 4
[31.160s][debug][gc,phases      ] GC(69)     Total                          Min: 0, Avg:  0.0, Max: 0, Diff: 0, Sum: 0, Workers: 4
[31.160s][debug][gc,phases      ] GC(69)   StringDedup Requests1 Weak     Min:  0.0, Avg:  0.0, Max:  0.0, Diff:  0.0, Sum:  0.0, Workers: 4
[31.160s][debug][gc,phases      ] GC(69)     Dead                           Min: 0, Avg:  0.0, Max: 0, Diff: 0, Sum: 0, Workers: 4
[31.160s][debug][gc,phases      ] GC(69)     Total                          Min: 0, Avg:  0.0, Max: 0, Diff: 0, Sum: 0, Workers: 4
[31.160s][debug][gc,phases      ] GC(69)   Weak JFR Old Object Samples    Min:  0.0, Avg:  0.0, Max:  0.0, Diff:  0.0, Sum:  0.0, Workers: 4
[31.160s][debug][gc,phases      ] GC(69)     Dead                           Min: 0, Avg:  0.0, Max: 0, Diff: 0, Sum: 0, Workers: 4
[31.160s][debug][gc,phases      ] GC(69)     Total                          Min: 0, Avg:  0.0, Max: 0, Diff: 0, Sum: 0, Workers: 4
[31.160s][debug][gc,phases      ] GC(69) Weak Processing 0.263ms
[31.160s][debug][gc,age         ] GC(69) Desired survivor size 188219392 bytes, new threshold 15 (max threshold 15)
[31.160s][info ][gc,heap        ] GC(69) PSYoungGen: 1783680K(1887744K)->93546K(1913344K) Eden: 1688064K(1688064K)->0K(1721344K) From: 95616K(199680K)->93546K(192000K)
[31.160s][info ][gc,heap        ] GC(69) ParOldGen: 538886K(649728K)->543806K(649728K)
[31.160s][info ][gc,metaspace   ] GC(69) Metaspace: 69031K(69760K)->69031K(69760K) NonClass: 58990K(59392K)->58990K(59392K) Class: 10040K(10368K)->10040K(10368K)
[31.160s][info ][gc             ] GC(69) Pause Young (Allocation Failure) 2268M->622M(2503M) 32.189ms
[31.160s][info ][gc,cpu         ] GC(69) User=0.12s Sys=0.01s Real=0.03s
[31.160s][info ][safepoint      ] Safepoint "ParallelGCFailedAllocation", Time since last: 299343404 ns, Reaching safepoint: 139200 ns, At safepoint: 32291128 ns, Total: 32430328 ns
[31.274s][info ][safepoint      ] Safepoint "ICBufferFull", Time since last: 113876693 ns, Reaching safepoint: 123299 ns, At safepoint: 24900 ns, Total: 148199 ns
[31.373s][info ][safepoint      ] Safepoint "ICBufferFull", Time since last: 98542575 ns, Reaching safepoint: 121799 ns, At safepoint: 26600 ns, Total: 148399 ns
[31.456s][info ][gc,start       ] GC(70) Pause Young (Allocation Failure)
[31.484s][debug][gc,phases      ] GC(70) Scavenge 28.623ms
[31.484s][debug][gc,ref         ] GC(70) Skipped phase 1 of Reference Processing: no references
[31.484s][debug][gc,ref         ] GC(70) ReferenceProcessor::execute queues: 1, RefProcThreadModel::Single, marks_oops_alive: false
[31.484s][debug][gc,ref         ] GC(70) Skipped phase 3 of Reference Processing: no references
[31.484s][debug][gc,ref         ] GC(70) ReferenceProcessor::execute queues: 1, RefProcThreadModel::Single, marks_oops_alive: false
[31.484s][debug][gc,phases      ] GC(70) Reference Processing 0.108ms
[31.484s][debug][gc,phases      ] GC(70)   VM Weak                        Min:  0.0, Avg:  0.0, Max:  0.0, Diff:  0.0, Sum:  0.0, Workers: 4
[31.485s][debug][gc,phases      ] GC(70)     Dead                           Min: 0, Avg:  0.0, Max: 0, Diff: 0, Sum: 0, Workers: 4
[31.485s][debug][gc,phases      ] GC(70)     Total                          Min: 0, Avg: 148.8, Max: 595, Diff: 595, Sum: 595, Workers: 4
[31.485s][debug][gc,phases      ] GC(70)   ObjectSynchronizer Weak        Min:  0.0, Avg:  0.0, Max:  0.0, Diff:  0.0, Sum:  0.0, Workers: 4
[31.485s][debug][gc,phases      ] GC(70)     Dead                           Min: 0, Avg:  0.0, Max: 0, Diff: 0, Sum: 0, Workers: 4
[31.485s][debug][gc,phases      ] GC(70)     Total                          Min: 0, Avg: 86.0, Max: 152, Diff: 152, Sum: 344, Workers: 4
[31.485s][debug][gc,phases      ] GC(70)   JVMTI Tag Weak OopStorage      Min:  0.0, Avg:  0.0, Max:  0.0, Diff:  0.0, Sum:  0.0, Workers: 4
[31.485s][debug][gc,phases      ] GC(70)     Dead                           Min: 0, Avg:  0.0, Max: 0, Diff: 0, Sum: 0, Workers: 4
[31.485s][debug][gc,phases      ] GC(70)     Total                          Min: 0, Avg:  0.0, Max: 0, Diff: 0, Sum: 0, Workers: 4
[31.485s][debug][gc,phases      ] GC(70)   StringTable Weak               Min:  0.1, Avg:  0.1, Max:  0.1, Diff:  0.0, Sum:  0.4, Workers: 4
[31.485s][debug][gc,phases      ] GC(70)     Dead                           Min: 0, Avg:  0.0, Max: 0, Diff: 0, Sum: 0, Workers: 4
[31.485s][debug][gc,phases      ] GC(70)     Total                          Min: 8960, Avg: 10780.5, Max: 15474, Diff: 6514, Sum: 43122, Workers: 4
[31.485s][debug][gc,phases      ] GC(70)   ResolvedMethodTable Weak       Min:  0.0, Avg:  0.0, Max:  0.0, Diff:  0.0, Sum:  0.1, Workers: 4
[31.485s][debug][gc,phases      ] GC(70)     Dead                           Min: 0, Avg:  0.0, Max: 0, Diff: 0, Sum: 0, Workers: 4
[31.485s][debug][gc,phases      ] GC(70)     Total                          Min: 1465, Avg: 1818.5, Max: 2489, Diff: 1024, Sum: 7274, Workers: 4
[31.485s][debug][gc,phases      ] GC(70)   JNI Weak                       Min:  0.0, Avg:  0.0, Max:  0.0, Diff:  0.0, Sum:  0.0, Workers: 4
[31.485s][debug][gc,phases      ] GC(70)     Dead                           Min: 0, Avg:  0.0, Max: 0, Diff: 0, Sum: 0, Workers: 4
[31.485s][debug][gc,phases      ] GC(70)     Total                          Min: 0, Avg:  0.0, Max: 0, Diff: 0, Sum: 0, Workers: 4
[31.485s][debug][gc,phases      ] GC(70)   StringDedup Table Weak         Min:  0.0, Avg:  0.0, Max:  0.0, Diff:  0.0, Sum:  0.0, Workers: 4
[31.485s][debug][gc,phases      ] GC(70)     Dead                           Min: 0, Avg:  0.0, Max: 0, Diff: 0, Sum: 0, Workers: 4
[31.485s][debug][gc,phases      ] GC(70)     Total                          Min: 0, Avg:  0.0, Max: 0, Diff: 0, Sum: 0, Workers: 4
[31.485s][debug][gc,phases      ] GC(70)   StringDedup Requests0 Weak     Min:  0.0, Avg:  0.0, Max:  0.0, Diff:  0.0, Sum:  0.0, Workers: 4
[31.485s][debug][gc,phases      ] GC(70)     Dead                           Min: 0, Avg:  0.0, Max: 0, Diff: 0, Sum: 0, Workers: 4
[31.485s][debug][gc,phases      ] GC(70)     Total                          Min: 0, Avg:  0.0, Max: 0, Diff: 0, Sum: 0, Workers: 4
[31.485s][debug][gc,phases      ] GC(70)   StringDedup Requests1 Weak     Min:  0.0, Avg:  0.0, Max:  0.0, Diff:  0.0, Sum:  0.0, Workers: 4
[31.485s][debug][gc,phases      ] GC(70)     Dead                           Min: 0, Avg:  0.0, Max: 0, Diff: 0, Sum: 0, Workers: 4
[31.485s][debug][gc,phases      ] GC(70)     Total                          Min: 0, Avg:  0.0, Max: 0, Diff: 0, Sum: 0, Workers: 4
[31.485s][debug][gc,phases      ] GC(70)   Weak JFR Old Object Samples    Min:  0.0, Avg:  0.0, Max:  0.0, Diff:  0.0, Sum:  0.0, Workers: 4
[31.485s][debug][gc,phases      ] GC(70)     Dead                           Min: 0, Avg:  0.0, Max: 0, Diff: 0, Sum: 0, Workers: 4
[31.485s][debug][gc,phases      ] GC(70)     Total                          Min: 0, Avg:  0.0, Max: 0, Diff: 0, Sum: 0, Workers: 4
[31.485s][debug][gc,phases      ] GC(70) Weak Processing 0.253ms
[31.485s][debug][gc,age         ] GC(70) Desired survivor size 179306496 bytes, new threshold 15 (max threshold 15)
[31.485s][info ][gc,heap        ] GC(70) PSYoungGen: 1814890K(1913344K)->91280K(1905152K) Eden: 1721344K(1721344K)->0K(1721344K) From: 93546K(192000K)->91280K(183808K)
[31.485s][info ][gc,heap        ] GC(70) ParOldGen: 543806K(649728K)->549163K(649728K)
[31.485s][info ][gc,metaspace   ] GC(70) Metaspace: 69034K(69760K)->69034K(69760K) NonClass: 58993K(59392K)->58993K(59392K) Class: 10040K(10368K)->10040K(10368K)
[31.485s][info ][gc             ] GC(70) Pause Young (Allocation Failure) 2303M->625M(2495M) 29.119ms
[31.485s][info ][gc,cpu         ] GC(70) User=0.11s Sys=0.00s Real=0.03s
[31.485s][info ][safepoint      ] Safepoint "ParallelGCFailedAllocation", Time since last: 82589960 ns, Reaching safepoint: 119899 ns, At safepoint: 29209744 ns, Total: 29329643 ns
[31.637s][info ][safepoint      ] Safepoint "ICBufferFull", Time since last: 151982990 ns, Reaching safepoint: 136900 ns, At safepoint: 24399 ns, Total: 161299 ns
[31.815s][info ][gc,start       ] GC(71) Pause Young (Allocation Failure)
[31.854s][debug][gc,phases      ] GC(71) Scavenge 38.556ms
[31.854s][debug][gc,ref         ] GC(71) Skipped phase 1 of Reference Processing: no references
[31.854s][debug][gc,ref         ] GC(71) ReferenceProcessor::execute queues: 1, RefProcThreadModel::Single, marks_oops_alive: false
[31.854s][debug][gc,ref         ] GC(71) Skipped phase 3 of Reference Processing: no references
[31.854s][debug][gc,ref         ] GC(71) ReferenceProcessor::execute queues: 1, RefProcThreadModel::Single, marks_oops_alive: false
[31.854s][debug][gc,phases      ] GC(71) Reference Processing 0.096ms
[31.854s][debug][gc,phases      ] GC(71)   VM Weak                        Min:  0.0, Avg:  0.0, Max:  0.0, Diff:  0.0, Sum:  0.0, Workers: 4
[31.854s][debug][gc,phases      ] GC(71)     Dead                           Min: 0, Avg:  0.0, Max: 0, Diff: 0, Sum: 0, Workers: 4
[31.854s][debug][gc,phases      ] GC(71)     Total                          Min: 0, Avg: 148.8, Max: 320, Diff: 320, Sum: 595, Workers: 4
[31.854s][debug][gc,phases      ] GC(71)   ObjectSynchronizer Weak        Min:  0.0, Avg:  0.0, Max:  0.0, Diff:  0.0, Sum:  0.0, Workers: 4
[31.854s][debug][gc,phases      ] GC(71)     Dead                           Min: 0, Avg:  0.0, Max: 0, Diff: 0, Sum: 0, Workers: 4
[31.854s][debug][gc,phases      ] GC(71)     Total                          Min: 0, Avg: 86.0, Max: 192, Diff: 192, Sum: 344, Workers: 4
[31.854s][debug][gc,phases      ] GC(71)   JVMTI Tag Weak OopStorage      Min:  0.0, Avg:  0.0, Max:  0.0, Diff:  0.0, Sum:  0.0, Workers: 4
[31.854s][debug][gc,phases      ] GC(71)     Dead                           Min: 0, Avg:  0.0, Max: 0, Diff: 0, Sum: 0, Workers: 4
[31.854s][debug][gc,phases      ] GC(71)     Total                          Min: 0, Avg:  0.0, Max: 0, Diff: 0, Sum: 0, Workers: 4
[31.854s][debug][gc,phases      ] GC(71)   StringTable Weak               Min:  0.1, Avg:  0.1, Max:  0.1, Diff:  0.0, Sum:  0.3, Workers: 4
[31.854s][debug][gc,phases      ] GC(71)     Dead                           Min: 0, Avg:  2.8, Max: 7, Diff: 7, Sum: 11, Workers: 4
[31.854s][debug][gc,phases      ] GC(71)     Total                          Min: 8381, Avg: 10783.2, Max: 12480, Diff: 4099, Sum: 43133, Workers: 4
[31.854s][debug][gc,phases      ] GC(71)   ResolvedMethodTable Weak       Min:  0.0, Avg:  0.0, Max:  0.0, Diff:  0.0, Sum:  0.1, Workers: 4
[31.854s][debug][gc,phases      ] GC(71)     Dead                           Min: 0, Avg:  0.0, Max: 0, Diff: 0, Sum: 0, Workers: 4
[31.854s][debug][gc,phases      ] GC(71)     Total                          Min: 1465, Avg: 1818.5, Max: 2033, Diff: 568, Sum: 7274, Workers: 4
[31.854s][debug][gc,phases      ] GC(71)   JNI Weak                       Min:  0.0, Avg:  0.0, Max:  0.0, Diff:  0.0, Sum:  0.0, Workers: 4
[31.854s][debug][gc,phases      ] GC(71)     Dead                           Min: 0, Avg:  0.0, Max: 0, Diff: 0, Sum: 0, Workers: 4
[31.854s][debug][gc,phases      ] GC(71)     Total                          Min: 0, Avg:  0.0, Max: 0, Diff: 0, Sum: 0, Workers: 4
[31.854s][debug][gc,phases      ] GC(71)   StringDedup Table Weak         Min:  0.0, Avg:  0.0, Max:  0.0, Diff:  0.0, Sum:  0.0, Workers: 4
[31.854s][debug][gc,phases      ] GC(71)     Dead                           Min: 0, Avg:  0.0, Max: 0, Diff: 0, Sum: 0, Workers: 4
[31.854s][debug][gc,phases      ] GC(71)     Total                          Min: 0, Avg:  0.0, Max: 0, Diff: 0, Sum: 0, Workers: 4
[31.854s][debug][gc,phases      ] GC(71)   StringDedup Requests0 Weak     Min:  0.0, Avg:  0.0, Max:  0.0, Diff:  0.0, Sum:  0.0, Workers: 4
[31.854s][debug][gc,phases      ] GC(71)     Dead                           Min: 0, Avg:  0.0, Max: 0, Diff: 0, Sum: 0, Workers: 4
[31.854s][debug][gc,phases      ] GC(71)     Total                          Min: 0, Avg:  0.0, Max: 0, Diff: 0, Sum: 0, Workers: 4
[31.854s][debug][gc,phases      ] GC(71)   StringDedup Requests1 Weak     Min:  0.0, Avg:  0.0, Max:  0.0, Diff:  0.0, Sum:  0.0, Workers: 4
[31.854s][debug][gc,phases      ] GC(71)     Dead                           Min: 0, Avg:  0.0, Max: 0, Diff: 0, Sum: 0, Workers: 4
[31.854s][debug][gc,phases      ] GC(71)     Total                          Min: 0, Avg:  0.0, Max: 0, Diff: 0, Sum: 0, Workers: 4
[31.854s][debug][gc,phases      ] GC(71)   Weak JFR Old Object Samples    Min:  0.0, Avg:  0.0, Max:  0.0, Diff:  0.0, Sum:  0.0, Workers: 4
[31.854s][debug][gc,phases      ] GC(71)     Dead                           Min: 0, Avg:  0.0, Max: 0, Diff: 0, Sum: 0, Workers: 4
[31.854s][debug][gc,phases      ] GC(71)     Total                          Min: 0, Avg:  0.0, Max: 0, Diff: 0, Sum: 0, Workers: 4
[31.854s][debug][gc,phases      ] GC(71) Weak Processing 0.247ms
[31.854s][debug][gc,age         ] GC(71) Desired survivor size 172490752 bytes, new threshold 15 (max threshold 15)
[31.854s][info ][gc,heap        ] GC(71) PSYoungGen: 1812624K(1905152K)->93056K(1928704K) Eden: 1721344K(1721344K)->0K(1753600K) From: 91280K(183808K)->93056K(175104K)
[31.854s][info ][gc,heap        ] GC(71) ParOldGen: 549163K(649728K)->554667K(649728K)
[31.854s][info ][gc,metaspace   ] GC(71) Metaspace: 69052K(69824K)->69052K(69824K) NonClass: 59011K(59456K)->59011K(59456K) Class: 10040K(10368K)->10040K(10368K)
[31.854s][info ][gc             ] GC(71) Pause Young (Allocation Failure) 2306M->632M(2518M) 39.017ms
[31.854s][info ][gc,cpu         ] GC(71) User=0.14s Sys=0.00s Real=0.04s
[31.854s][info ][safepoint      ] Safepoint "ParallelGCFailedAllocation", Time since last: 178174851 ns, Reaching safepoint: 122599 ns, At safepoint: 39112092 ns, Total: 39234691 ns
[31.980s][info ][safepoint      ] Safepoint "ICBufferFull", Time since last: 125074333 ns, Reaching safepoint: 126299 ns, At safepoint: 26600 ns, Total: 152899 ns
[31.982s][info ][safepoint      ] Safepoint "ICBufferFull", Time since last: 2790885 ns, Reaching safepoint: 111400 ns, At safepoint: 20800 ns, Total: 132200 ns
[32.071s][info ][safepoint      ] Safepoint "ICBufferFull", Time since last: 88380229 ns, Reaching safepoint: 116299 ns, At safepoint: 40400 ns, Total: 156699 ns
[32.163s][info ][gc,start       ] GC(72) Pause Young (Allocation Failure)
[32.200s][debug][gc,phases      ] GC(72) Scavenge 36.896ms
[32.200s][debug][gc,ref         ] GC(72) Skipped phase 1 of Reference Processing: no references
[32.200s][debug][gc,ref         ] GC(72) ReferenceProcessor::execute queues: 1, RefProcThreadModel::Single, marks_oops_alive: false
[32.200s][debug][gc,ref         ] GC(72) Skipped phase 3 of Reference Processing: no references
[32.200s][debug][gc,ref         ] GC(72) ReferenceProcessor::execute queues: 1, RefProcThreadModel::Single, marks_oops_alive: false
[32.200s][debug][gc,phases      ] GC(72) Reference Processing 0.098ms
[32.201s][debug][gc,phases      ] GC(72)   VM Weak                        Min:  0.0, Avg:  0.0, Max:  0.0, Diff:  0.0, Sum:  0.0, Workers: 4
[32.201s][debug][gc,phases      ] GC(72)     Dead                           Min: 0, Avg:  0.0, Max: 0, Diff: 0, Sum: 0, Workers: 4
[32.201s][debug][gc,phases      ] GC(72)     Total                          Min: 0, Avg: 148.8, Max: 403, Diff: 403, Sum: 595, Workers: 4
[32.201s][debug][gc,phases      ] GC(72)   ObjectSynchronizer Weak        Min:  0.0, Avg:  0.0, Max:  0.0, Diff:  0.0, Sum:  0.0, Workers: 4
[32.201s][debug][gc,phases      ] GC(72)     Dead                           Min: 0, Avg:  0.0, Max: 0, Diff: 0, Sum: 0, Workers: 4
[32.201s][debug][gc,phases      ] GC(72)     Total                          Min: 0, Avg: 86.0, Max: 216, Diff: 216, Sum: 344, Workers: 4
[32.201s][debug][gc,phases      ] GC(72)   JVMTI Tag Weak OopStorage      Min:  0.0, Avg:  0.0, Max:  0.0, Diff:  0.0, Sum:  0.0, Workers: 4
[32.201s][debug][gc,phases      ] GC(72)     Dead                           Min: 0, Avg:  0.0, Max: 0, Diff: 0, Sum: 0, Workers: 4
[32.201s][debug][gc,phases      ] GC(72)     Total                          Min: 0, Avg:  0.0, Max: 0, Diff: 0, Sum: 0, Workers: 4
[32.201s][debug][gc,phases      ] GC(72)   StringTable Weak               Min:  0.1, Avg:  0.1, Max:  0.1, Diff:  0.0, Sum:  0.3, Workers: 4
[32.201s][debug][gc,phases      ] GC(72)     Dead                           Min: 0, Avg:  2.8, Max: 7, Diff: 7, Sum: 11, Workers: 4
[32.201s][debug][gc,phases      ] GC(72)     Total                          Min: 8064, Avg: 10785.0, Max: 12100, Diff: 4036, Sum: 43140, Workers: 4
[32.201s][debug][gc,phases      ] GC(72)   ResolvedMethodTable Weak       Min:  0.0, Avg:  0.0, Max:  0.0, Diff:  0.0, Sum:  0.1, Workers: 4
[32.201s][debug][gc,phases      ] GC(72)     Dead                           Min: 0, Avg:  0.0, Max: 0, Diff: 0, Sum: 0, Workers: 4
[32.201s][debug][gc,phases      ] GC(72)     Total                          Min: 1472, Avg: 1818.5, Max: 2040, Diff: 568, Sum: 7274, Workers: 4
[32.201s][debug][gc,phases      ] GC(72)   JNI Weak                       Min:  0.0, Avg:  0.0, Max:  0.0, Diff:  0.0, Sum:  0.0, Workers: 4
[32.201s][debug][gc,phases      ] GC(72)     Dead                           Min: 0, Avg:  0.0, Max: 0, Diff: 0, Sum: 0, Workers: 4
[32.201s][debug][gc,phases      ] GC(72)     Total                          Min: 0, Avg:  0.2, Max: 1, Diff: 1, Sum: 1, Workers: 4
[32.201s][debug][gc,phases      ] GC(72)   StringDedup Table Weak         Min:  0.0, Avg:  0.0, Max:  0.0, Diff:  0.0, Sum:  0.0, Workers: 4
[32.201s][debug][gc,phases      ] GC(72)     Dead                           Min: 0, Avg:  0.0, Max: 0, Diff: 0, Sum: 0, Workers: 4
[32.201s][debug][gc,phases      ] GC(72)     Total                          Min: 0, Avg:  0.0, Max: 0, Diff: 0, Sum: 0, Workers: 4
[32.201s][debug][gc,phases      ] GC(72)   StringDedup Requests0 Weak     Min:  0.0, Avg:  0.0, Max:  0.0, Diff:  0.0, Sum:  0.0, Workers: 4
[32.201s][debug][gc,phases      ] GC(72)     Dead                           Min: 0, Avg:  0.0, Max: 0, Diff: 0, Sum: 0, Workers: 4
[32.201s][debug][gc,phases      ] GC(72)     Total                          Min: 0, Avg:  0.0, Max: 0, Diff: 0, Sum: 0, Workers: 4
[32.201s][debug][gc,phases      ] GC(72)   StringDedup Requests1 Weak     Min:  0.0, Avg:  0.0, Max:  0.0, Diff:  0.0, Sum:  0.0, Workers: 4
[32.201s][debug][gc,phases      ] GC(72)     Dead                           Min: 0, Avg:  0.0, Max: 0, Diff: 0, Sum: 0, Workers: 4
[32.201s][debug][gc,phases      ] GC(72)     Total                          Min: 0, Avg:  0.0, Max: 0, Diff: 0, Sum: 0, Workers: 4
[32.201s][debug][gc,phases      ] GC(72)   Weak JFR Old Object Samples    Min:  0.0, Avg:  0.0, Max:  0.0, Diff:  0.0, Sum:  0.0, Workers: 4
[32.201s][debug][gc,phases      ] GC(72)     Dead                           Min: 0, Avg:  0.0, Max: 0, Diff: 0, Sum: 0, Workers: 4
[32.201s][debug][gc,phases      ] GC(72)     Total                          Min: 0, Avg:  0.0, Max: 0, Diff: 0, Sum: 0, Workers: 4
[32.201s][debug][gc,phases      ] GC(72) Weak Processing 0.242ms
[32.201s][debug][gc,age         ] GC(72) Desired survivor size 164102144 bytes, new threshold 15 (max threshold 15)
[32.201s][info ][gc,heap        ] GC(72) PSYoungGen: 1846656K(1928704K)->89296K(1922048K) Eden: 1753600K(1753600K)->0K(1753600K) From: 93056K(175104K)->89296K(168448K)
[32.201s][info ][gc,heap        ] GC(72) ParOldGen: 554667K(649728K)->561323K(649728K)
[32.201s][info ][gc,metaspace   ] GC(72) Metaspace: 69064K(69824K)->69064K(69824K) NonClass: 59023K(59456K)->59023K(59456K) Class: 10040K(10368K)->10040K(10368K)
[32.201s][info ][gc             ] GC(72) Pause Young (Allocation Failure) 2345M->635M(2511M) 37.354ms
[32.201s][info ][gc,cpu         ] GC(72) User=0.14s Sys=0.01s Real=0.03s
[32.201s][info ][safepoint      ] Safepoint "ParallelGCFailedAllocation", Time since last: 87037236 ns, Reaching safepoint: 5308672 ns, At safepoint: 37454300 ns, Total: 42762972 ns
[32.466s][info ][safepoint      ] Safepoint "ICBufferFull", Time since last: 261359307 ns, Reaching safepoint: 4256277 ns, At safepoint: 43500 ns, Total: 4299777 ns
[32.529s][info ][gc,start       ] GC(73) Pause Young (Allocation Failure)
[32.570s][debug][gc,phases      ] GC(73) Scavenge 41.461ms
[32.570s][debug][gc,ref         ] GC(73) Skipped phase 1 of Reference Processing: no references
[32.570s][debug][gc,ref         ] GC(73) ReferenceProcessor::execute queues: 1, RefProcThreadModel::Single, marks_oops_alive: false
[32.570s][debug][gc,ref         ] GC(73) Skipped phase 3 of Reference Processing: no references
[32.570s][debug][gc,ref         ] GC(73) ReferenceProcessor::execute queues: 1, RefProcThreadModel::Single, marks_oops_alive: false
[32.570s][debug][gc,phases      ] GC(73) Reference Processing 0.119ms
[32.571s][debug][gc,phases      ] GC(73)   VM Weak                        Min:  0.0, Avg:  0.0, Max:  0.0, Diff:  0.0, Sum:  0.0, Workers: 4
[32.571s][debug][gc,phases      ] GC(73)     Dead                           Min: 0, Avg:  0.0, Max: 0, Diff: 0, Sum: 0, Workers: 4
[32.571s][debug][gc,phases      ] GC(73)     Total                          Min: 0, Avg: 148.8, Max: 320, Diff: 320, Sum: 595, Workers: 4
[32.571s][debug][gc,phases      ] GC(73)   ObjectSynchronizer Weak        Min:  0.0, Avg:  0.0, Max:  0.0, Diff:  0.0, Sum:  0.0, Workers: 4
[32.571s][debug][gc,phases      ] GC(73)     Dead                           Min: 0, Avg:  0.0, Max: 0, Diff: 0, Sum: 0, Workers: 4
[32.571s][debug][gc,phases      ] GC(73)     Total                          Min: 0, Avg: 86.0, Max: 192, Diff: 192, Sum: 344, Workers: 4
[32.571s][debug][gc,phases      ] GC(73)   JVMTI Tag Weak OopStorage      Min:  0.0, Avg:  0.0, Max:  0.0, Diff:  0.0, Sum:  0.0, Workers: 4
[32.571s][debug][gc,phases      ] GC(73)     Dead                           Min: 0, Avg:  0.0, Max: 0, Diff: 0, Sum: 0, Workers: 4
[32.571s][debug][gc,phases      ] GC(73)     Total                          Min: 0, Avg:  0.0, Max: 0, Diff: 0, Sum: 0, Workers: 4
[32.571s][debug][gc,phases      ] GC(73)   StringTable Weak               Min:  0.1, Avg:  0.1, Max:  0.1, Diff:  0.0, Sum:  0.4, Workers: 4
[32.571s][debug][gc,phases      ] GC(73)     Dead                           Min: 0, Avg:  0.0, Max: 0, Diff: 0, Sum: 0, Workers: 4
[32.571s][debug][gc,phases      ] GC(73)     Total                          Min: 9088, Avg: 10785.0, Max: 14592, Diff: 5504, Sum: 43140, Workers: 4
[32.571s][debug][gc,phases      ] GC(73)   ResolvedMethodTable Weak       Min:  0.0, Avg:  0.0, Max:  0.0, Diff:  0.0, Sum:  0.1, Workers: 4
[32.571s][debug][gc,phases      ] GC(73)     Dead                           Min: 0, Avg:  0.0, Max: 0, Diff: 0, Sum: 0, Workers: 4
[32.571s][debug][gc,phases      ] GC(73)     Total                          Min: 1592, Avg: 1818.5, Max: 2425, Diff: 833, Sum: 7274, Workers: 4
[32.571s][debug][gc,phases      ] GC(73)   JNI Weak                       Min:  0.0, Avg:  0.0, Max:  0.0, Diff:  0.0, Sum:  0.0, Workers: 4
[32.571s][debug][gc,phases      ] GC(73)     Dead                           Min: 0, Avg:  0.0, Max: 0, Diff: 0, Sum: 0, Workers: 4
[32.571s][debug][gc,phases      ] GC(73)     Total                          Min: 0, Avg:  0.0, Max: 0, Diff: 0, Sum: 0, Workers: 4
[32.571s][debug][gc,phases      ] GC(73)   StringDedup Table Weak         Min:  0.0, Avg:  0.0, Max:  0.0, Diff:  0.0, Sum:  0.0, Workers: 4
[32.571s][debug][gc,phases      ] GC(73)     Dead                           Min: 0, Avg:  0.0, Max: 0, Diff: 0, Sum: 0, Workers: 4
[32.571s][debug][gc,phases      ] GC(73)     Total                          Min: 0, Avg:  0.0, Max: 0, Diff: 0, Sum: 0, Workers: 4
[32.571s][debug][gc,phases      ] GC(73)   StringDedup Requests0 Weak     Min:  0.0, Avg:  0.0, Max:  0.0, Diff:  0.0, Sum:  0.0, Workers: 4
[32.571s][debug][gc,phases      ] GC(73)     Dead                           Min: 0, Avg:  0.0, Max: 0, Diff: 0, Sum: 0, Workers: 4
[32.571s][debug][gc,phases      ] GC(73)     Total                          Min: 0, Avg:  0.0, Max: 0, Diff: 0, Sum: 0, Workers: 4
[32.571s][debug][gc,phases      ] GC(73)   StringDedup Requests1 Weak     Min:  0.0, Avg:  0.0, Max:  0.0, Diff:  0.0, Sum:  0.0, Workers: 4
[32.571s][debug][gc,phases      ] GC(73)     Dead                           Min: 0, Avg:  0.0, Max: 0, Diff: 0, Sum: 0, Workers: 4
[32.571s][debug][gc,phases      ] GC(73)     Total                          Min: 0, Avg:  0.0, Max: 0, Diff: 0, Sum: 0, Workers: 4
[32.571s][debug][gc,phases      ] GC(73)   Weak JFR Old Object Samples    Min:  0.0, Avg:  0.0, Max:  0.0, Diff:  0.0, Sum:  0.0, Workers: 4
[32.571s][debug][gc,phases      ] GC(73)     Dead                           Min: 0, Avg:  0.0, Max: 0, Diff: 0, Sum: 0, Workers: 4
[32.571s][debug][gc,phases      ] GC(73)     Total                          Min: 0, Avg:  0.0, Max: 0, Diff: 0, Sum: 0, Workers: 4
[32.571s][debug][gc,phases      ] GC(73) Weak Processing 0.283ms
[32.571s][debug][gc,age         ] GC(73) Desired survivor size 157286400 bytes, new threshold 15 (max threshold 15)
[32.571s][info ][gc,heap        ] GC(73) PSYoungGen: 1842896K(1922048K)->88400K(1943552K) Eden: 1753600K(1753600K)->0K(1783296K) From: 89296K(168448K)->88400K(160256K)
[32.571s][info ][gc,heap        ] GC(73) ParOldGen: 561323K(649728K)->568899K(649728K)
[32.571s][info ][gc,metaspace   ] GC(73) Metaspace: 69069K(69824K)->69069K(69824K) NonClass: 59029K(59456K)->59029K(59456K) Class: 10040K(10368K)->10040K(10368K)
[32.571s][info ][gc             ] GC(73) Pause Young (Allocation Failure) 2347M->641M(2532M) 41.987ms
[32.571s][info ][gc,cpu         ] GC(73) User=0.15s Sys=0.00s Real=0.05s
[32.571s][info ][safepoint      ] Safepoint "ParallelGCFailedAllocation", Time since last: 62173069 ns, Reaching safepoint: 116499 ns, At safepoint: 42071776 ns, Total: 42188275 ns
[32.859s][info ][safepoint      ] Safepoint "ICBufferFull", Time since last: 287649267 ns, Reaching safepoint: 238198 ns, At safepoint: 28900 ns, Total: 267098 ns
[32.987s][info ][gc,start       ] GC(74) Pause Young (Allocation Failure)
[33.022s][debug][gc,phases      ] GC(74) Scavenge 35.629ms
[33.022s][debug][gc,ref         ] GC(74) Skipped phase 1 of Reference Processing: no references
[33.022s][debug][gc,ref         ] GC(74) ReferenceProcessor::execute queues: 1, RefProcThreadModel::Single, marks_oops_alive: false
[33.023s][debug][gc,ref         ] GC(74) Skipped phase 3 of Reference Processing: no references
[33.023s][debug][gc,ref         ] GC(74) ReferenceProcessor::execute queues: 1, RefProcThreadModel::Single, marks_oops_alive: false
[33.023s][debug][gc,phases      ] GC(74) Reference Processing 0.145ms
[33.023s][debug][gc,phases      ] GC(74)   VM Weak                        Min:  0.0, Avg:  0.0, Max:  0.0, Diff:  0.0, Sum:  0.0, Workers: 4
[33.023s][debug][gc,phases      ] GC(74)     Dead                           Min: 0, Avg:  0.0, Max: 0, Diff: 0, Sum: 0, Workers: 4
[33.023s][debug][gc,phases      ] GC(74)     Total                          Min: 0, Avg: 149.8, Max: 599, Diff: 599, Sum: 599, Workers: 4
[33.023s][debug][gc,phases      ] GC(74)   ObjectSynchronizer Weak        Min:  0.0, Avg:  0.0, Max:  0.0, Diff:  0.0, Sum:  0.0, Workers: 4
[33.023s][debug][gc,phases      ] GC(74)     Dead                           Min: 0, Avg:  0.0, Max: 0, Diff: 0, Sum: 0, Workers: 4
[33.023s][debug][gc,phases      ] GC(74)     Total                          Min: 0, Avg: 86.2, Max: 192, Diff: 192, Sum: 345, Workers: 4
[33.023s][debug][gc,phases      ] GC(74)   JVMTI Tag Weak OopStorage      Min:  0.0, Avg:  0.0, Max:  0.0, Diff:  0.0, Sum:  0.0, Workers: 4
[33.023s][debug][gc,phases      ] GC(74)     Dead                           Min: 0, Avg:  0.0, Max: 0, Diff: 0, Sum: 0, Workers: 4
[33.023s][debug][gc,phases      ] GC(74)     Total                          Min: 0, Avg:  0.0, Max: 0, Diff: 0, Sum: 0, Workers: 4
[33.023s][debug][gc,phases      ] GC(74)   StringTable Weak               Min:  0.1, Avg:  0.1, Max:  0.1, Diff:  0.0, Sum:  0.4, Workers: 4
[33.023s][debug][gc,phases      ] GC(74)     Dead                           Min: 0, Avg:  3.0, Max: 11, Diff: 11, Sum: 12, Workers: 4
[33.023s][debug][gc,phases      ] GC(74)     Total                          Min: 10644, Avg: 10869.0, Max: 11200, Diff: 556, Sum: 43476, Workers: 4
[33.023s][debug][gc,phases      ] GC(74)   ResolvedMethodTable Weak       Min:  0.0, Avg:  0.0, Max:  0.0, Diff:  0.0, Sum:  0.1, Workers: 4
[33.023s][debug][gc,phases      ] GC(74)     Dead                           Min: 0, Avg:  7.2, Max: 21, Diff: 21, Sum: 29, Workers: 4
[33.023s][debug][gc,phases      ] GC(74)     Total                          Min: 1781, Avg: 1852.2, Max: 1984, Diff: 203, Sum: 7409, Workers: 4
[33.023s][debug][gc,phases      ] GC(74)   JNI Weak                       Min:  0.0, Avg:  0.0, Max:  0.0, Diff:  0.0, Sum:  0.0, Workers: 4
[33.023s][debug][gc,phases      ] GC(74)     Dead                           Min: 0, Avg:  0.0, Max: 0, Diff: 0, Sum: 0, Workers: 4
[33.023s][debug][gc,phases      ] GC(74)     Total                          Min: 0, Avg:  0.5, Max: 2, Diff: 2, Sum: 2, Workers: 4
[33.023s][debug][gc,phases      ] GC(74)   StringDedup Table Weak         Min:  0.0, Avg:  0.0, Max:  0.0, Diff:  0.0, Sum:  0.0, Workers: 4
[33.023s][debug][gc,phases      ] GC(74)     Dead                           Min: 0, Avg:  0.0, Max: 0, Diff: 0, Sum: 0, Workers: 4
[33.023s][debug][gc,phases      ] GC(74)     Total                          Min: 0, Avg:  0.0, Max: 0, Diff: 0, Sum: 0, Workers: 4
[33.023s][debug][gc,phases      ] GC(74)   StringDedup Requests0 Weak     Min:  0.0, Avg:  0.0, Max:  0.0, Diff:  0.0, Sum:  0.0, Workers: 4
[33.023s][debug][gc,phases      ] GC(74)     Dead                           Min: 0, Avg:  0.0, Max: 0, Diff: 0, Sum: 0, Workers: 4
[33.023s][debug][gc,phases      ] GC(74)     Total                          Min: 0, Avg:  0.0, Max: 0, Diff: 0, Sum: 0, Workers: 4
[33.023s][debug][gc,phases      ] GC(74)   StringDedup Requests1 Weak     Min:  0.0, Avg:  0.0, Max:  0.0, Diff:  0.0, Sum:  0.0, Workers: 4
[33.023s][debug][gc,phases      ] GC(74)     Dead                           Min: 0, Avg:  0.0, Max: 0, Diff: 0, Sum: 0, Workers: 4
[33.023s][debug][gc,phases      ] GC(74)     Total                          Min: 0, Avg:  0.0, Max: 0, Diff: 0, Sum: 0, Workers: 4
[33.023s][debug][gc,phases      ] GC(74)   Weak JFR Old Object Samples    Min:  0.0, Avg:  0.0, Max:  0.0, Diff:  0.0, Sum:  0.0, Workers: 4
[33.023s][debug][gc,phases      ] GC(74)     Dead                           Min: 0, Avg:  0.0, Max: 0, Diff: 0, Sum: 0, Workers: 4
[33.023s][debug][gc,phases      ] GC(74)     Total                          Min: 0, Avg:  0.0, Max: 0, Diff: 0, Sum: 0, Workers: 4
[33.023s][debug][gc,phases      ] GC(74) Weak Processing 0.356ms
[33.023s][debug][gc,age         ] GC(74) Desired survivor size 152043520 bytes, new threshold 15 (max threshold 15)
[33.023s][info ][gc,heap        ] GC(74) PSYoungGen: 1871696K(1943552K)->81456K(1936896K) Eden: 1783296K(1783296K)->0K(1783296K) From: 88400K(160256K)->81456K(153600K)
[33.023s][info ][gc,heap        ] GC(74) ParOldGen: 568899K(649728K)->573667K(649728K)
[33.023s][info ][gc,metaspace   ] GC(74) Metaspace: 69917K(70720K)->69917K(70720K) NonClass: 59758K(60224K)->59758K(60224K) Class: 10159K(10496K)->10159K(10496K)
[33.023s][info ][gc             ] GC(74) Pause Young (Allocation Failure) 2383M->639M(2526M) 36.289ms
[33.023s][info ][gc,cpu         ] GC(74) User=0.14s Sys=0.00s Real=0.04s
[33.023s][info ][safepoint      ] Safepoint "ParallelGCFailedAllocation", Time since last: 123648241 ns, Reaching safepoint: 4297277 ns, At safepoint: 36396806 ns, Total: 40694083 ns
[33.333s][info ][gc,start       ] GC(75) Pause Young (Allocation Failure)
[33.395s][debug][gc,phases      ] GC(75) Scavenge 61.972ms
[33.395s][debug][gc,ref         ] GC(75) Skipped phase 1 of Reference Processing: no references
[33.395s][debug][gc,ref         ] GC(75) ReferenceProcessor::execute queues: 1, RefProcThreadModel::Single, marks_oops_alive: false
[33.395s][debug][gc,ref         ] GC(75) Skipped phase 3 of Reference Processing: no references
[33.395s][debug][gc,ref         ] GC(75) ReferenceProcessor::execute queues: 1, RefProcThreadModel::Single, marks_oops_alive: false
[33.395s][debug][gc,phases      ] GC(75) Reference Processing 0.129ms
[33.395s][debug][gc,phases      ] GC(75)   VM Weak                        Min:  0.0, Avg:  0.0, Max:  0.0, Diff:  0.0, Sum:  0.0, Workers: 4
[33.395s][debug][gc,phases      ] GC(75)     Dead                           Min: 0, Avg:  0.0, Max: 0, Diff: 0, Sum: 0, Workers: 4
[33.395s][debug][gc,phases      ] GC(75)     Total                          Min: 0, Avg: 152.8, Max: 611, Diff: 611, Sum: 611, Workers: 4
[33.395s][debug][gc,phases      ] GC(75)   ObjectSynchronizer Weak        Min:  0.0, Avg:  0.0, Max:  0.0, Diff:  0.0, Sum:  0.0, Workers: 4
[33.395s][debug][gc,phases      ] GC(75)     Dead                           Min: 0, Avg:  0.0, Max: 0, Diff: 0, Sum: 0, Workers: 4
[33.395s][debug][gc,phases      ] GC(75)     Total                          Min: 0, Avg: 86.2, Max: 192, Diff: 192, Sum: 345, Workers: 4
[33.395s][debug][gc,phases      ] GC(75)   JVMTI Tag Weak OopStorage      Min:  0.0, Avg:  0.0, Max:  0.0, Diff:  0.0, Sum:  0.0, Workers: 4
[33.395s][debug][gc,phases      ] GC(75)     Dead                           Min: 0, Avg:  0.0, Max: 0, Diff: 0, Sum: 0, Workers: 4
[33.395s][debug][gc,phases      ] GC(75)     Total                          Min: 0, Avg:  0.0, Max: 0, Diff: 0, Sum: 0, Workers: 4
[33.395s][debug][gc,phases      ] GC(75)   StringTable Weak               Min:  0.1, Avg:  0.1, Max:  0.1, Diff:  0.0, Sum:  0.4, Workers: 4
[33.395s][debug][gc,phases      ] GC(75)     Dead                           Min: 0, Avg:  1.0, Max: 2, Diff: 2, Sum: 4, Workers: 4
[33.395s][debug][gc,phases      ] GC(75)     Total                          Min: 9855, Avg: 10911.5, Max: 11392, Diff: 1537, Sum: 43646, Workers: 4
[33.395s][debug][gc,phases      ] GC(75)   ResolvedMethodTable Weak       Min:  0.0, Avg:  0.0, Max:  0.0, Diff:  0.0, Sum:  0.1, Workers: 4
[33.395s][debug][gc,phases      ] GC(75)     Dead                           Min: 4, Avg:  8.0, Max: 14, Diff: 10, Sum: 32, Workers: 4
[33.395s][debug][gc,phases      ] GC(75)     Total                          Min: 1720, Avg: 1885.5, Max: 2111, Diff: 391, Sum: 7542, Workers: 4
[33.395s][debug][gc,phases      ] GC(75)   JNI Weak                       Min:  0.0, Avg:  0.0, Max:  0.0, Diff:  0.0, Sum:  0.0, Workers: 4
[33.395s][debug][gc,phases      ] GC(75)     Dead                           Min: 0, Avg:  0.0, Max: 0, Diff: 0, Sum: 0, Workers: 4
[33.395s][debug][gc,phases      ] GC(75)     Total                          Min: 0, Avg:  0.0, Max: 0, Diff: 0, Sum: 0, Workers: 4
[33.395s][debug][gc,phases      ] GC(75)   StringDedup Table Weak         Min:  0.0, Avg:  0.0, Max:  0.0, Diff:  0.0, Sum:  0.0, Workers: 4
[33.395s][debug][gc,phases      ] GC(75)     Dead                           Min: 0, Avg:  0.0, Max: 0, Diff: 0, Sum: 0, Workers: 4
[33.395s][debug][gc,phases      ] GC(75)     Total                          Min: 0, Avg:  0.0, Max: 0, Diff: 0, Sum: 0, Workers: 4
[33.395s][debug][gc,phases      ] GC(75)   StringDedup Requests0 Weak     Min:  0.0, Avg:  0.0, Max:  0.0, Diff:  0.0, Sum:  0.0, Workers: 4
[33.395s][debug][gc,phases      ] GC(75)     Dead                           Min: 0, Avg:  0.0, Max: 0, Diff: 0, Sum: 0, Workers: 4
[33.395s][debug][gc,phases      ] GC(75)     Total                          Min: 0, Avg:  0.0, Max: 0, Diff: 0, Sum: 0, Workers: 4
[33.395s][debug][gc,phases      ] GC(75)   StringDedup Requests1 Weak     Min:  0.0, Avg:  0.0, Max:  0.0, Diff:  0.0, Sum:  0.0, Workers: 4
[33.395s][debug][gc,phases      ] GC(75)     Dead                           Min: 0, Avg:  0.0, Max: 0, Diff: 0, Sum: 0, Workers: 4
[33.395s][debug][gc,phases      ] GC(75)     Total                          Min: 0, Avg:  0.0, Max: 0, Diff: 0, Sum: 0, Workers: 4
[33.395s][debug][gc,phases      ] GC(75)   Weak JFR Old Object Samples    Min:  0.0, Avg:  0.0, Max:  0.0, Diff:  0.0, Sum:  0.0, Workers: 4
[33.395s][debug][gc,phases      ] GC(75)     Dead                           Min: 0, Avg:  0.0, Max: 0, Diff: 0, Sum: 0, Workers: 4
[33.395s][debug][gc,phases      ] GC(75)     Total                          Min: 0, Avg:  0.0, Max: 0, Diff: 0, Sum: 0, Workers: 4
[33.395s][debug][gc,phases      ] GC(75) Weak Processing 0.389ms
[33.395s][debug][gc,age         ] GC(75) Desired survivor size 171442176 bytes, new threshold 14 (max threshold 15)
[33.395s][info ][gc,heap        ] GC(75) PSYoungGen: 1864752K(1936896K)->148448K(1910784K) Eden: 1783296K(1783296K)->0K(1762304K) From: 81456K(153600K)->148448K(148480K)
[33.395s][info ][gc,heap        ] GC(75) ParOldGen: 573667K(649728K)->581123K(649728K)
[33.395s][info ][gc,metaspace   ] GC(75) Metaspace: 70384K(71104K)->70384K(71104K) NonClass: 60147K(60544K)->60147K(60544K) Class: 10237K(10560K)->10237K(10560K)
[33.395s][info ][gc             ] GC(75) Pause Young (Allocation Failure) 2381M->712M(2500M) 62.628ms
[33.395s][info ][gc,cpu         ] GC(75) User=0.23s Sys=0.02s Real=0.06s
[33.395s][info ][safepoint      ] Safepoint "ParallelGCFailedAllocation", Time since last: 309532650 ns, Reaching safepoint: 154900 ns, At safepoint: 62734665 ns, Total: 62889565 ns
[33.737s][info ][gc,start       ] GC(76) Pause Young (Allocation Failure)
[33.853s][debug][gc,phases      ] GC(76) Scavenge 116.470ms
[33.853s][debug][gc,ref         ] GC(76) Skipped phase 1 of Reference Processing: no references
[33.853s][debug][gc,ref         ] GC(76) ReferenceProcessor::execute queues: 1, RefProcThreadModel::Single, marks_oops_alive: false
[33.853s][debug][gc,ref         ] GC(76) Skipped phase 3 of Reference Processing: no references
[33.853s][debug][gc,ref         ] GC(76) ReferenceProcessor::execute queues: 1, RefProcThreadModel::Single, marks_oops_alive: false
[33.854s][debug][gc,phases      ] GC(76) Reference Processing 0.142ms
[33.854s][debug][gc,phases      ] GC(76)   VM Weak                        Min:  0.0, Avg:  0.0, Max:  0.0, Diff:  0.0, Sum:  0.0, Workers: 4
[33.854s][debug][gc,phases      ] GC(76)     Dead                           Min: 0, Avg:  0.0, Max: 0, Diff: 0, Sum: 0, Workers: 4
[33.854s][debug][gc,phases      ] GC(76)     Total                          Min: 0, Avg: 153.0, Max: 612, Diff: 612, Sum: 612, Workers: 4
[33.854s][debug][gc,phases      ] GC(76)   ObjectSynchronizer Weak        Min:  0.0, Avg:  0.0, Max:  0.0, Diff:  0.0, Sum:  0.0, Workers: 4
[33.854s][debug][gc,phases      ] GC(76)     Dead                           Min: 0, Avg:  0.0, Max: 0, Diff: 0, Sum: 0, Workers: 4
[33.854s][debug][gc,phases      ] GC(76)     Total                          Min: 0, Avg: 86.2, Max: 281, Diff: 281, Sum: 345, Workers: 4
[33.854s][debug][gc,phases      ] GC(76)   JVMTI Tag Weak OopStorage      Min:  0.0, Avg:  0.0, Max:  0.0, Diff:  0.0, Sum:  0.0, Workers: 4
[33.854s][debug][gc,phases      ] GC(76)     Dead                           Min: 0, Avg:  0.0, Max: 0, Diff: 0, Sum: 0, Workers: 4
[33.854s][debug][gc,phases      ] GC(76)     Total                          Min: 0, Avg:  0.0, Max: 0, Diff: 0, Sum: 0, Workers: 4
[33.854s][debug][gc,phases      ] GC(76)   StringTable Weak               Min:  0.1, Avg:  0.1, Max:  0.1, Diff:  0.0, Sum:  0.5, Workers: 4
[33.854s][debug][gc,phases      ] GC(76)     Dead                           Min: 0, Avg:  0.0, Max: 0, Diff: 0, Sum: 0, Workers: 4
[33.854s][debug][gc,phases      ] GC(76)     Total                          Min: 9856, Avg: 10922.2, Max: 11648, Diff: 1792, Sum: 43689, Workers: 4
[33.854s][debug][gc,phases      ] GC(76)   ResolvedMethodTable Weak       Min:  0.0, Avg:  0.0, Max:  0.0, Diff:  0.0, Sum:  0.1, Workers: 4
[33.854s][debug][gc,phases      ] GC(76)     Dead                           Min: 5, Avg:  6.5, Max: 9, Diff: 4, Sum: 26, Workers: 4
[33.854s][debug][gc,phases      ] GC(76)     Total                          Min: 1828, Avg: 1896.2, Max: 1983, Diff: 155, Sum: 7585, Workers: 4
[33.854s][debug][gc,phases      ] GC(76)   JNI Weak                       Min:  0.0, Avg:  0.0, Max:  0.0, Diff:  0.0, Sum:  0.0, Workers: 4
[33.854s][debug][gc,phases      ] GC(76)     Dead                           Min: 0, Avg:  0.0, Max: 0, Diff: 0, Sum: 0, Workers: 4
[33.854s][debug][gc,phases      ] GC(76)     Total                          Min: 0, Avg:  0.0, Max: 0, Diff: 0, Sum: 0, Workers: 4
[33.854s][debug][gc,phases      ] GC(76)   StringDedup Table Weak         Min:  0.0, Avg:  0.0, Max:  0.0, Diff:  0.0, Sum:  0.0, Workers: 4
[33.854s][debug][gc,phases      ] GC(76)     Dead                           Min: 0, Avg:  0.0, Max: 0, Diff: 0, Sum: 0, Workers: 4
[33.854s][debug][gc,phases      ] GC(76)     Total                          Min: 0, Avg:  0.0, Max: 0, Diff: 0, Sum: 0, Workers: 4
[33.854s][debug][gc,phases      ] GC(76)   StringDedup Requests0 Weak     Min:  0.0, Avg:  0.0, Max:  0.0, Diff:  0.0, Sum:  0.0, Workers: 4
[33.854s][debug][gc,phases      ] GC(76)     Dead                           Min: 0, Avg:  0.0, Max: 0, Diff: 0, Sum: 0, Workers: 4
[33.854s][debug][gc,phases      ] GC(76)     Total                          Min: 0, Avg:  0.0, Max: 0, Diff: 0, Sum: 0, Workers: 4
[33.854s][debug][gc,phases      ] GC(76)   StringDedup Requests1 Weak     Min:  0.0, Avg:  0.0, Max:  0.0, Diff:  0.0, Sum:  0.0, Workers: 4
[33.854s][debug][gc,phases      ] GC(76)     Dead                           Min: 0, Avg:  0.0, Max: 0, Diff: 0, Sum: 0, Workers: 4
[33.854s][debug][gc,phases      ] GC(76)     Total                          Min: 0, Avg:  0.0, Max: 0, Diff: 0, Sum: 0, Workers: 4
[33.854s][debug][gc,phases      ] GC(76)   Weak JFR Old Object Samples    Min:  0.0, Avg:  0.0, Max:  0.0, Diff:  0.0, Sum:  0.0, Workers: 4
[33.854s][debug][gc,phases      ] GC(76)     Dead                           Min: 0, Avg:  0.0, Max: 0, Diff: 0, Sum: 0, Workers: 4
[33.854s][debug][gc,phases      ] GC(76)     Total                          Min: 0, Avg:  0.0, Max: 0, Diff: 0, Sum: 0, Workers: 4
[33.854s][debug][gc,phases      ] GC(76) Weak Processing 0.352ms
[33.854s][debug][gc,age         ] GC(76) Desired survivor size 213385216 bytes, new threshold 13 (max threshold 15)
[33.854s][info ][gc,heap        ] GC(76) PSYoungGen: 1910752K(1910784K)->167392K(1929728K) Eden: 1762304K(1762304K)->0K(1762304K) From: 148448K(148480K)->167392K(167424K)
[33.854s][info ][gc,heap        ] GC(76) ParOldGen: 581123K(649728K)->638931K(649728K)
[33.854s][info ][gc,metaspace   ] GC(76) Metaspace: 70663K(71424K)->70663K(71424K) NonClass: 60385K(60800K)->60385K(60800K) Class: 10277K(10624K)->10277K(10624K)
[33.854s][info ][gc             ] GC(76) Pause Young (Allocation Failure) 2433M->787M(2519M) 117.111ms
[33.854s][info ][gc,cpu         ] GC(76) User=0.45s Sys=0.02s Real=0.12s
[33.854s][debug][gc,phases      ] GC(77) Pre Compact 0.014ms
[33.854s][info ][gc,start       ] GC(77) Pause Full (Ergonomics)
[33.854s][info ][gc,phases,start] GC(77) Marking Phase
[34.023s][debug][gc,phases      ] GC(77) Par Mark 169.245ms
[34.023s][debug][gc,ref         ] GC(77) Skipped phase 1 of Reference Processing: no references
[34.024s][debug][gc,ref         ] GC(77) ReferenceProcessor::execute queues: 4, RefProcThreadModel::Multi, marks_oops_alive: false
[34.024s][debug][gc,ref         ] GC(77) Skipped phase 3 of Reference Processing: no references
[34.024s][debug][gc,ref         ] GC(77) ReferenceProcessor::execute queues: 1, RefProcThreadModel::Single, marks_oops_alive: false
[34.024s][debug][gc,phases      ] GC(77) Reference Processing 0.462ms
[34.024s][debug][gc,phases      ] GC(77)   VM Weak                        Min:  0.0, Avg:  0.0, Max:  0.0, Diff:  0.0, Sum:  0.0, Workers: 4
[34.024s][debug][gc,phases      ] GC(77)     Dead                           Min: 0, Avg:  0.0, Max: 0, Diff: 0, Sum: 0, Workers: 4
[34.024s][debug][gc,phases      ] GC(77)     Total                          Min: 0, Avg: 153.0, Max: 384, Diff: 384, Sum: 612, Workers: 4
[34.024s][debug][gc,phases      ] GC(77)   ObjectSynchronizer Weak        Min:  0.0, Avg:  0.0, Max:  0.0, Diff:  0.0, Sum:  0.0, Workers: 4
[34.024s][debug][gc,phases      ] GC(77)     Dead                           Min: 0, Avg:  0.0, Max: 0, Diff: 0, Sum: 0, Workers: 4
[34.024s][debug][gc,phases      ] GC(77)     Total                          Min: 0, Avg: 86.2, Max: 153, Diff: 153, Sum: 345, Workers: 4
[34.024s][debug][gc,phases      ] GC(77)   JVMTI Tag Weak OopStorage      Min:  0.0, Avg:  0.0, Max:  0.0, Diff:  0.0, Sum:  0.0, Workers: 4
[34.024s][debug][gc,phases      ] GC(77)     Dead                           Min: 0, Avg:  0.0, Max: 0, Diff: 0, Sum: 0, Workers: 4
[34.024s][debug][gc,phases      ] GC(77)     Total                          Min: 0, Avg:  0.0, Max: 0, Diff: 0, Sum: 0, Workers: 4
[34.024s][debug][gc,phases      ] GC(77)   StringTable Weak               Min:  0.1, Avg:  0.1, Max:  0.1, Diff:  0.0, Sum:  0.5, Workers: 4
[34.024s][debug][gc,phases      ] GC(77)     Dead                           Min: 0, Avg:  0.0, Max: 0, Diff: 0, Sum: 0, Workers: 4
[34.024s][debug][gc,phases      ] GC(77)     Total                          Min: 9833, Avg: 10922.2, Max: 12480, Diff: 2647, Sum: 43689, Workers: 4
[34.024s][debug][gc,phases      ] GC(77)   ResolvedMethodTable Weak       Min:  0.0, Avg:  0.0, Max:  0.0, Diff:  0.0, Sum:  0.1, Workers: 4
[34.024s][debug][gc,phases      ] GC(77)     Dead                           Min: 0, Avg:  0.0, Max: 0, Diff: 0, Sum: 0, Workers: 4
[34.024s][debug][gc,phases      ] GC(77)     Total                          Min: 1726, Avg: 1896.2, Max: 2111, Diff: 385, Sum: 7585, Workers: 4
[34.024s][debug][gc,phases      ] GC(77)   JNI Weak                       Min:  0.0, Avg:  0.0, Max:  0.0, Diff:  0.0, Sum:  0.0, Workers: 4
[34.024s][debug][gc,phases      ] GC(77)     Dead                           Min: 0, Avg:  0.0, Max: 0, Diff: 0, Sum: 0, Workers: 4
[34.024s][debug][gc,phases      ] GC(77)     Total                          Min: 0, Avg:  0.0, Max: 0, Diff: 0, Sum: 0, Workers: 4
[34.024s][debug][gc,phases      ] GC(77)   StringDedup Table Weak         Min:  0.0, Avg:  0.0, Max:  0.0, Diff:  0.0, Sum:  0.0, Workers: 4
[34.024s][debug][gc,phases      ] GC(77)     Dead                           Min: 0, Avg:  0.0, Max: 0, Diff: 0, Sum: 0, Workers: 4
[34.024s][debug][gc,phases      ] GC(77)     Total                          Min: 0, Avg:  0.0, Max: 0, Diff: 0, Sum: 0, Workers: 4
[34.024s][debug][gc,phases      ] GC(77)   StringDedup Requests0 Weak     Min:  0.0, Avg:  0.0, Max:  0.0, Diff:  0.0, Sum:  0.0, Workers: 4
[34.024s][debug][gc,phases      ] GC(77)     Dead                           Min: 0, Avg:  0.0, Max: 0, Diff: 0, Sum: 0, Workers: 4
[34.024s][debug][gc,phases      ] GC(77)     Total                          Min: 0, Avg:  0.0, Max: 0, Diff: 0, Sum: 0, Workers: 4
[34.024s][debug][gc,phases      ] GC(77)   StringDedup Requests1 Weak     Min:  0.0, Avg:  0.0, Max:  0.0, Diff:  0.0, Sum:  0.0, Workers: 4
[34.024s][debug][gc,phases      ] GC(77)     Dead                           Min: 0, Avg:  0.0, Max: 0, Diff: 0, Sum: 0, Workers: 4
[34.024s][debug][gc,phases      ] GC(77)     Total                          Min: 0, Avg:  0.0, Max: 0, Diff: 0, Sum: 0, Workers: 4
[34.024s][debug][gc,phases      ] GC(77)   Weak JFR Old Object Samples    Min:  0.0, Avg:  0.0, Max:  0.0, Diff:  0.0, Sum:  0.0, Workers: 4
[34.024s][debug][gc,phases      ] GC(77)     Dead                           Min: 0, Avg:  0.0, Max: 0, Diff: 0, Sum: 0, Workers: 4
[34.024s][debug][gc,phases      ] GC(77)     Total                          Min: 0, Avg:  0.0, Max: 0, Diff: 0, Sum: 0, Workers: 4
[34.024s][debug][gc,phases      ] GC(77) Weak Processing 0.315ms
[34.024s][debug][gc,phases      ] GC(77) ClassLoaderData 0.080ms
[34.024s][debug][gc,phases      ] GC(77) Trigger cleanups 0.000ms
[34.033s][debug][gc,phases      ] GC(77) Class Unloading 8.510ms
[34.033s][info ][gc,phases      ] GC(77) Marking Phase 178.674ms
[34.033s][info ][gc,phases,start] GC(77) Summary Phase
[34.033s][info ][gc,phases      ] GC(77) Summary Phase 0.019ms
[34.033s][info ][gc,phases,start] GC(77) Adjust Roots
[34.040s][info ][gc,phases      ] GC(77) Adjust Roots 7.383ms
[34.040s][info ][gc,phases,start] GC(77) Compaction Phase
[34.406s][info ][gc,phases      ] GC(77) Compaction Phase 365.412ms
[34.406s][info ][gc,phases,start] GC(77) Post Compact
[34.407s][info ][gc,phases      ] GC(77) Post Compact 1.567ms
[34.407s][info ][gc,heap        ] GC(77) PSYoungGen: 167392K(1929728K)->0K(1847808K) Eden: 0K(1762304K)->0K(1680384K) From: 167392K(167424K)->0K(167424K)
[34.407s][info ][gc,heap        ] GC(77) ParOldGen: 638931K(649728K)->515450K(638464K)
[34.407s][info ][gc,metaspace   ] GC(77) Metaspace: 70663K(71424K)->70663K(71424K) NonClass: 60385K(60800K)->60385K(60800K) Class: 10277K(10624K)->10277K(10624K)
[34.407s][info ][gc             ] GC(77) Pause Full (Ergonomics) 787M->503M(2428M) 553.245ms
[34.407s][info ][gc,cpu         ] GC(77) User=2.13s Sys=0.02s Real=0.55s
[34.407s][info ][safepoint      ] Safepoint "ParallelGCFailedAllocation", Time since last: 339052393 ns, Reaching safepoint: 2256588 ns, At safepoint: 670524626 ns, Total: 672781214 ns
[34.716s][info ][gc,start       ] GC(78) Pause Young (Allocation Failure)
[34.718s][debug][gc,phases      ] GC(78) Scavenge 2.174ms
[34.718s][debug][gc,ref         ] GC(78) Skipped phase 1 of Reference Processing: no references
[34.718s][debug][gc,ref         ] GC(78) ReferenceProcessor::execute queues: 1, RefProcThreadModel::Single, marks_oops_alive: false
[34.718s][debug][gc,ref         ] GC(78) Skipped phase 3 of Reference Processing: no references
[34.718s][debug][gc,ref         ] GC(78) ReferenceProcessor::execute queues: 1, RefProcThreadModel::Single, marks_oops_alive: false
[34.718s][debug][gc,phases      ] GC(78) Reference Processing 0.090ms
[34.718s][debug][gc,phases      ] GC(78)   VM Weak                        Min:  0.0, Avg:  0.0, Max:  0.0, Diff:  0.0, Sum:  0.0, Workers: 4
[34.718s][debug][gc,phases      ] GC(78)     Dead                           Min: 0, Avg:  0.0, Max: 0, Diff: 0, Sum: 0, Workers: 4
[34.718s][debug][gc,phases      ] GC(78)     Total                          Min: 0, Avg: 155.0, Max: 556, Diff: 556, Sum: 620, Workers: 4
[34.718s][debug][gc,phases      ] GC(78)   ObjectSynchronizer Weak        Min:  0.0, Avg:  0.0, Max:  0.0, Diff:  0.0, Sum:  0.0, Workers: 4
[34.718s][debug][gc,phases      ] GC(78)     Dead                           Min: 0, Avg:  0.0, Max: 0, Diff: 0, Sum: 0, Workers: 4
[34.718s][debug][gc,phases      ] GC(78)     Total                          Min: 0, Avg: 86.2, Max: 153, Diff: 153, Sum: 345, Workers: 4
[34.718s][debug][gc,phases      ] GC(78)   JVMTI Tag Weak OopStorage      Min:  0.0, Avg:  0.0, Max:  0.0, Diff:  0.0, Sum:  0.0, Workers: 4
[34.718s][debug][gc,phases      ] GC(78)     Dead                           Min: 0, Avg:  0.0, Max: 0, Diff: 0, Sum: 0, Workers: 4
[34.718s][debug][gc,phases      ] GC(78)     Total                          Min: 0, Avg:  0.0, Max: 0, Diff: 0, Sum: 0, Workers: 4
[34.718s][debug][gc,phases      ] GC(78)   StringTable Weak               Min:  0.1, Avg:  0.1, Max:  0.1, Diff:  0.0, Sum:  0.3, Workers: 4
[34.718s][debug][gc,phases      ] GC(78)     Dead                           Min: 0, Avg:  0.5, Max: 1, Diff: 1, Sum: 2, Workers: 4
[34.718s][debug][gc,phases      ] GC(78)     Total                          Min: 9536, Avg: 10962.8, Max: 11584, Diff: 2048, Sum: 43851, Workers: 4
[34.718s][debug][gc,phases      ] GC(78)   ResolvedMethodTable Weak       Min:  0.0, Avg:  0.0, Max:  0.0, Diff:  0.0, Sum:  0.0, Workers: 4
[34.718s][debug][gc,phases      ] GC(78)     Dead                           Min: 0, Avg:  0.0, Max: 0, Diff: 0, Sum: 0, Workers: 4
[34.718s][debug][gc,phases      ] GC(78)     Total                          Min: 1790, Avg: 1913.2, Max: 2112, Diff: 322, Sum: 7653, Workers: 4
[34.718s][debug][gc,phases      ] GC(78)   JNI Weak                       Min:  0.0, Avg:  0.0, Max:  0.0, Diff:  0.0, Sum:  0.0, Workers: 4
[34.718s][debug][gc,phases      ] GC(78)     Dead                           Min: 0, Avg:  0.0, Max: 0, Diff: 0, Sum: 0, Workers: 4
[34.718s][debug][gc,phases      ] GC(78)     Total                          Min: 0, Avg:  1.5, Max: 6, Diff: 6, Sum: 6, Workers: 4
[34.718s][debug][gc,phases      ] GC(78)   StringDedup Table Weak         Min:  0.0, Avg:  0.0, Max:  0.0, Diff:  0.0, Sum:  0.0, Workers: 4
[34.718s][debug][gc,phases      ] GC(78)     Dead                           Min: 0, Avg:  0.0, Max: 0, Diff: 0, Sum: 0, Workers: 4
[34.718s][debug][gc,phases      ] GC(78)     Total                          Min: 0, Avg:  0.0, Max: 0, Diff: 0, Sum: 0, Workers: 4
[34.718s][debug][gc,phases      ] GC(78)   StringDedup Requests0 Weak     Min:  0.0, Avg:  0.0, Max:  0.0, Diff:  0.0, Sum:  0.0, Workers: 4
[34.718s][debug][gc,phases      ] GC(78)     Dead                           Min: 0, Avg:  0.0, Max: 0, Diff: 0, Sum: 0, Workers: 4
[34.718s][debug][gc,phases      ] GC(78)     Total                          Min: 0, Avg:  0.0, Max: 0, Diff: 0, Sum: 0, Workers: 4
[34.718s][debug][gc,phases      ] GC(78)   StringDedup Requests1 Weak     Min:  0.0, Avg:  0.0, Max:  0.0, Diff:  0.0, Sum:  0.0, Workers: 4
[34.718s][debug][gc,phases      ] GC(78)     Dead                           Min: 0, Avg:  0.0, Max: 0, Diff: 0, Sum: 0, Workers: 4
[34.718s][debug][gc,phases      ] GC(78)     Total                          Min: 0, Avg:  0.0, Max: 0, Diff: 0, Sum: 0, Workers: 4
[34.718s][debug][gc,phases      ] GC(78)   Weak JFR Old Object Samples    Min:  0.0, Avg:  0.0, Max:  0.0, Diff:  0.0, Sum:  0.0, Workers: 4
[34.718s][debug][gc,phases      ] GC(78)     Dead                           Min: 0, Avg:  0.0, Max: 0, Diff: 0, Sum: 0, Workers: 4
[34.718s][debug][gc,phases      ] GC(78)     Total                          Min: 0, Avg:  0.0, Max: 0, Diff: 0, Sum: 0, Workers: 4
[34.718s][debug][gc,phases      ] GC(78) Weak Processing 0.229ms
[34.718s][debug][gc,age         ] GC(78) Desired survivor size 221249536 bytes, new threshold 14 (max threshold 15)
[34.718s][info ][gc,heap        ] GC(78) PSYoungGen: 1680384K(1847808K)->3072K(1683968K) Eden: 1680384K(1680384K)->0K(1680384K) From: 0K(167424K)->3072K(3584K)
[34.718s][info ][gc,heap        ] GC(78) ParOldGen: 515450K(638464K)->515458K(638464K)
[34.718s][info ][gc,metaspace   ] GC(78) Metaspace: 70939K(71744K)->70939K(71744K) NonClass: 60620K(61056K)->60620K(61056K) Class: 10319K(10688K)->10319K(10688K)
[34.718s][info ][gc             ] GC(78) Pause Young (Allocation Failure) 2144M->506M(2268M) 2.579ms
[34.718s][info ][gc,cpu         ] GC(78) User=0.01s Sys=0.01s Real=0.00s
[34.718s][info ][safepoint      ] Safepoint "ParallelGCFailedAllocation", Time since last: 308162258 ns, Reaching safepoint: 234799 ns, At safepoint: 2667985 ns, Total: 2902784 ns
[35.003s][info ][safepoint      ] Safepoint "ICBufferFull", Time since last: 284655383 ns, Reaching safepoint: 267399 ns, At safepoint: 29200 ns, Total: 296599 ns
[35.171s][info ][gc,start       ] GC(79) Pause Young (Allocation Failure)
[35.178s][debug][gc,phases      ] GC(79) Scavenge 6.781ms
[35.178s][debug][gc,ref         ] GC(79) Skipped phase 1 of Reference Processing: no references
[35.178s][debug][gc,ref         ] GC(79) ReferenceProcessor::execute queues: 1, RefProcThreadModel::Single, marks_oops_alive: false
[35.178s][debug][gc,ref         ] GC(79) Skipped phase 3 of Reference Processing: no references
[35.178s][debug][gc,ref         ] GC(79) ReferenceProcessor::execute queues: 1, RefProcThreadModel::Single, marks_oops_alive: false
[35.178s][debug][gc,phases      ] GC(79) Reference Processing 0.095ms
[35.178s][debug][gc,phases      ] GC(79)   VM Weak                        Min:  0.0, Avg:  0.0, Max:  0.0, Diff:  0.0, Sum:  0.0, Workers: 4
[35.178s][debug][gc,phases      ] GC(79)     Dead                           Min: 0, Avg:  0.0, Max: 0, Diff: 0, Sum: 0, Workers: 4
[35.178s][debug][gc,phases      ] GC(79)     Total                          Min: 0, Avg: 155.0, Max: 320, Diff: 320, Sum: 620, Workers: 4
[35.178s][debug][gc,phases      ] GC(79)   ObjectSynchronizer Weak        Min:  0.0, Avg:  0.0, Max:  0.0, Diff:  0.0, Sum:  0.0, Workers: 4
[35.178s][debug][gc,phases      ] GC(79)     Dead                           Min: 0, Avg:  0.0, Max: 0, Diff: 0, Sum: 0, Workers: 4
[35.178s][debug][gc,phases      ] GC(79)     Total                          Min: 0, Avg: 86.2, Max: 192, Diff: 192, Sum: 345, Workers: 4
[35.178s][debug][gc,phases      ] GC(79)   JVMTI Tag Weak OopStorage      Min:  0.0, Avg:  0.0, Max:  0.0, Diff:  0.0, Sum:  0.0, Workers: 4
[35.178s][debug][gc,phases      ] GC(79)     Dead                           Min: 0, Avg:  0.0, Max: 0, Diff: 0, Sum: 0, Workers: 4
[35.178s][debug][gc,phases      ] GC(79)     Total                          Min: 0, Avg:  0.0, Max: 0, Diff: 0, Sum: 0, Workers: 4
[35.178s][debug][gc,phases      ] GC(79)   StringTable Weak               Min:  0.1, Avg:  0.1, Max:  0.1, Diff:  0.0, Sum:  0.4, Workers: 4
[35.178s][debug][gc,phases      ] GC(79)     Dead                           Min: 0, Avg:  0.0, Max: 0, Diff: 0, Sum: 0, Workers: 4
[35.178s][debug][gc,phases      ] GC(79)     Total                          Min: 9024, Avg: 10971.5, Max: 12096, Diff: 3072, Sum: 43886, Workers: 4
[35.178s][debug][gc,phases      ] GC(79)   ResolvedMethodTable Weak       Min:  0.0, Avg:  0.0, Max:  0.0, Diff:  0.0, Sum:  0.1, Workers: 4
[35.178s][debug][gc,phases      ] GC(79)     Dead                           Min: 0, Avg:  0.0, Max: 0, Diff: 0, Sum: 0, Workers: 4
[35.178s][debug][gc,phases      ] GC(79)     Total                          Min: 1087, Avg: 1914.8, Max: 2880, Diff: 1793, Sum: 7659, Workers: 4
[35.178s][debug][gc,phases      ] GC(79)   JNI Weak                       Min:  0.0, Avg:  0.0, Max:  0.0, Diff:  0.0, Sum:  0.0, Workers: 4
[35.178s][debug][gc,phases      ] GC(79)     Dead                           Min: 0, Avg:  0.0, Max: 0, Diff: 0, Sum: 0, Workers: 4
[35.178s][debug][gc,phases      ] GC(79)     Total                          Min: 0, Avg:  2.0, Max: 8, Diff: 8, Sum: 8, Workers: 4
[35.178s][debug][gc,phases      ] GC(79)   StringDedup Table Weak         Min:  0.0, Avg:  0.0, Max:  0.0, Diff:  0.0, Sum:  0.0, Workers: 4
[35.178s][debug][gc,phases      ] GC(79)     Dead                           Min: 0, Avg:  0.0, Max: 0, Diff: 0, Sum: 0, Workers: 4
[35.178s][debug][gc,phases      ] GC(79)     Total                          Min: 0, Avg:  0.0, Max: 0, Diff: 0, Sum: 0, Workers: 4
[35.178s][debug][gc,phases      ] GC(79)   StringDedup Requests0 Weak     Min:  0.0, Avg:  0.0, Max:  0.0, Diff:  0.0, Sum:  0.0, Workers: 4
[35.178s][debug][gc,phases      ] GC(79)     Dead                           Min: 0, Avg:  0.0, Max: 0, Diff: 0, Sum: 0, Workers: 4
[35.178s][debug][gc,phases      ] GC(79)     Total                          Min: 0, Avg:  0.0, Max: 0, Diff: 0, Sum: 0, Workers: 4
[35.178s][debug][gc,phases      ] GC(79)   StringDedup Requests1 Weak     Min:  0.0, Avg:  0.0, Max:  0.0, Diff:  0.0, Sum:  0.0, Workers: 4
[35.178s][debug][gc,phases      ] GC(79)     Dead                           Min: 0, Avg:  0.0, Max: 0, Diff: 0, Sum: 0, Workers: 4
[35.178s][debug][gc,phases      ] GC(79)     Total                          Min: 0, Avg:  0.0, Max: 0, Diff: 0, Sum: 0, Workers: 4
[35.178s][debug][gc,phases      ] GC(79)   Weak JFR Old Object Samples    Min:  0.0, Avg:  0.0, Max:  0.0, Diff:  0.0, Sum:  0.0, Workers: 4
[35.178s][debug][gc,phases      ] GC(79)     Dead                           Min: 0, Avg:  0.0, Max: 0, Diff: 0, Sum: 0, Workers: 4
[35.178s][debug][gc,phases      ] GC(79)     Total                          Min: 0, Avg:  0.0, Max: 0, Diff: 0, Sum: 0, Workers: 4
[35.178s][debug][gc,phases      ] GC(79) Weak Processing 0.278ms
[35.178s][debug][gc,age         ] GC(79) Desired survivor size 224395264 bytes, new threshold 15 (max threshold 15)
[35.178s][info ][gc,heap        ] GC(79) PSYoungGen: 1683456K(1683968K)->10784K(1874944K) Eden: 1680384K(1680384K)->0K(1658880K) From: 3072K(3584K)->10784K(216064K)
[35.178s][info ][gc,heap        ] GC(79) ParOldGen: 515458K(638464K)->515466K(638464K)
[35.178s][info ][gc,metaspace   ] GC(79) Metaspace: 71250K(72000K)->71250K(72000K) NonClass: 60917K(61312K)->60917K(61312K) Class: 10332K(10688K)->10332K(10688K)
[35.178s][info ][gc             ] GC(79) Pause Young (Allocation Failure) 2147M->513M(2454M) 7.258ms
[35.178s][info ][gc,cpu         ] GC(79) User=0.03s Sys=0.00s Real=0.00s
[35.178s][info ][safepoint      ] Safepoint "ParallelGCFailedAllocation", Time since last: 167181708 ns, Reaching safepoint: 155300 ns, At safepoint: 7352760 ns, Total: 7508060 ns
[35.446s][info ][safepoint      ] Safepoint "ICBufferFull", Time since last: 264243592 ns, Reaching safepoint: 3240883 ns, At safepoint: 30000 ns, Total: 3270883 ns
[35.505s][info ][gc,start       ] GC(80) Pause Young (Allocation Failure)
[35.513s][debug][gc,phases      ] GC(80) Scavenge 7.805ms
[35.513s][debug][gc,ref         ] GC(80) Skipped phase 1 of Reference Processing: no references
[35.513s][debug][gc,ref         ] GC(80) ReferenceProcessor::execute queues: 1, RefProcThreadModel::Single, marks_oops_alive: false
[35.513s][debug][gc,ref         ] GC(80) Skipped phase 3 of Reference Processing: no references
[35.513s][debug][gc,ref         ] GC(80) ReferenceProcessor::execute queues: 1, RefProcThreadModel::Single, marks_oops_alive: false
[35.513s][debug][gc,phases      ] GC(80) Reference Processing 0.101ms
[35.513s][debug][gc,phases      ] GC(80)   VM Weak                        Min:  0.0, Avg:  0.0, Max:  0.0, Diff:  0.0, Sum:  0.0, Workers: 4
[35.513s][debug][gc,phases      ] GC(80)     Dead                           Min: 0, Avg:  0.0, Max: 0, Diff: 0, Sum: 0, Workers: 4
[35.513s][debug][gc,phases      ] GC(80)     Total                          Min: 0, Avg: 155.0, Max: 620, Diff: 620, Sum: 620, Workers: 4
[35.513s][debug][gc,phases      ] GC(80)   ObjectSynchronizer Weak        Min:  0.0, Avg:  0.0, Max:  0.0, Diff:  0.0, Sum:  0.0, Workers: 4
[35.513s][debug][gc,phases      ] GC(80)     Dead                           Min: 0, Avg:  0.0, Max: 0, Diff: 0, Sum: 0, Workers: 4
[35.513s][debug][gc,phases      ] GC(80)     Total                          Min: 0, Avg: 86.2, Max: 281, Diff: 281, Sum: 345, Workers: 4
[35.513s][debug][gc,phases      ] GC(80)   JVMTI Tag Weak OopStorage      Min:  0.0, Avg:  0.0, Max:  0.0, Diff:  0.0, Sum:  0.0, Workers: 4
[35.513s][debug][gc,phases      ] GC(80)     Dead                           Min: 0, Avg:  0.0, Max: 0, Diff: 0, Sum: 0, Workers: 4
[35.513s][debug][gc,phases      ] GC(80)     Total                          Min: 0, Avg:  0.0, Max: 0, Diff: 0, Sum: 0, Workers: 4
[35.513s][debug][gc,phases      ] GC(80)   StringTable Weak               Min:  0.1, Avg:  0.1, Max:  0.1, Diff:  0.0, Sum:  0.4, Workers: 4
[35.513s][debug][gc,phases      ] GC(80)     Dead                           Min: 0, Avg:  0.0, Max: 0, Diff: 0, Sum: 0, Workers: 4
[35.513s][debug][gc,phases      ] GC(80)     Total                          Min: 10624, Avg: 10976.0, Max: 11200, Diff: 576, Sum: 43904, Workers: 4
[35.513s][debug][gc,phases      ] GC(80)   ResolvedMethodTable Weak       Min:  0.0, Avg:  0.0, Max:  0.0, Diff:  0.0, Sum:  0.1, Workers: 4
[35.513s][debug][gc,phases      ] GC(80)     Dead                           Min: 0, Avg:  0.0, Max: 0, Diff: 0, Sum: 0, Workers: 4
[35.513s][debug][gc,phases      ] GC(80)     Total                          Min: 1791, Avg: 1915.2, Max: 2030, Diff: 239, Sum: 7661, Workers: 4
[35.513s][debug][gc,phases      ] GC(80)   JNI Weak                       Min:  0.0, Avg:  0.0, Max:  0.0, Diff:  0.0, Sum:  0.0, Workers: 4
[35.513s][debug][gc,phases      ] GC(80)     Dead                           Min: 0, Avg:  0.0, Max: 0, Diff: 0, Sum: 0, Workers: 4
[35.513s][debug][gc,phases      ] GC(80)     Total                          Min: 0, Avg:  4.2, Max: 17, Diff: 17, Sum: 17, Workers: 4
[35.513s][debug][gc,phases      ] GC(80)   StringDedup Table Weak         Min:  0.0, Avg:  0.0, Max:  0.0, Diff:  0.0, Sum:  0.0, Workers: 4
[35.513s][debug][gc,phases      ] GC(80)     Dead                           Min: 0, Avg:  0.0, Max: 0, Diff: 0, Sum: 0, Workers: 4
[35.513s][debug][gc,phases      ] GC(80)     Total                          Min: 0, Avg:  0.0, Max: 0, Diff: 0, Sum: 0, Workers: 4
[35.513s][debug][gc,phases      ] GC(80)   StringDedup Requests0 Weak     Min:  0.0, Avg:  0.0, Max:  0.0, Diff:  0.0, Sum:  0.0, Workers: 4
[35.513s][debug][gc,phases      ] GC(80)     Dead                           Min: 0, Avg:  0.0, Max: 0, Diff: 0, Sum: 0, Workers: 4
[35.513s][debug][gc,phases      ] GC(80)     Total                          Min: 0, Avg:  0.0, Max: 0, Diff: 0, Sum: 0, Workers: 4
[35.513s][debug][gc,phases      ] GC(80)   StringDedup Requests1 Weak     Min:  0.0, Avg:  0.0, Max:  0.0, Diff:  0.0, Sum:  0.0, Workers: 4
[35.513s][debug][gc,phases      ] GC(80)     Dead                           Min: 0, Avg:  0.0, Max: 0, Diff: 0, Sum: 0, Workers: 4
[35.513s][debug][gc,phases      ] GC(80)     Total                          Min: 0, Avg:  0.0, Max: 0, Diff: 0, Sum: 0, Workers: 4
[35.513s][debug][gc,phases      ] GC(80)   Weak JFR Old Object Samples    Min:  0.0, Avg:  0.0, Max:  0.0, Diff:  0.0, Sum:  0.0, Workers: 4
[35.513s][debug][gc,phases      ] GC(80)     Dead                           Min: 0, Avg:  0.0, Max: 0, Diff: 0, Sum: 0, Workers: 4
[35.513s][debug][gc,phases      ] GC(80)     Total                          Min: 0, Avg:  0.0, Max: 0, Diff: 0, Sum: 0, Workers: 4
[35.513s][debug][gc,phases      ] GC(80) Weak Processing 0.265ms
[35.513s][debug][gc,age         ] GC(80) Desired survivor size 223870976 bytes, new threshold 15 (max threshold 15)
[35.513s][info ][gc,heap        ] GC(80) PSYoungGen: 1669664K(1874944K)->14944K(1878016K) Eden: 1658880K(1658880K)->0K(1658880K) From: 10784K(216064K)->14944K(219136K)
[35.513s][info ][gc,heap        ] GC(80) ParOldGen: 515466K(638464K)->515474K(638464K)
[35.513s][info ][gc,metaspace   ] GC(80) Metaspace: 71446K(72192K)->71446K(72192K) NonClass: 61112K(61504K)->61112K(61504K) Class: 10334K(10688K)->10334K(10688K)
[35.513s][info ][gc             ] GC(80) Pause Young (Allocation Failure) 2133M->517M(2457M) 8.287ms
[35.513s][info ][gc,cpu         ] GC(80) User=0.03s Sys=0.00s Real=0.01s
[35.513s][info ][safepoint      ] Safepoint "ParallelGCFailedAllocation", Time since last: 59091985 ns, Reaching safepoint: 148799 ns, At safepoint: 8387055 ns, Total: 8535854 ns
[35.863s][info ][safepoint      ] Safepoint "ICBufferFull", Time since last: 349516437 ns, Reaching safepoint: 199699 ns, At safepoint: 24700 ns, Total: 224399 ns
[35.875s][info ][gc,start       ] GC(81) Pause Young (Allocation Failure)
[35.883s][debug][gc,phases      ] GC(81) Scavenge 8.609ms
[35.883s][debug][gc,ref         ] GC(81) Skipped phase 1 of Reference Processing: no references
[35.883s][debug][gc,ref         ] GC(81) ReferenceProcessor::execute queues: 1, RefProcThreadModel::Single, marks_oops_alive: false
[35.883s][debug][gc,ref         ] GC(81) Skipped phase 3 of Reference Processing: no references
[35.883s][debug][gc,ref         ] GC(81) ReferenceProcessor::execute queues: 1, RefProcThreadModel::Single, marks_oops_alive: false
[35.883s][debug][gc,phases      ] GC(81) Reference Processing 0.112ms
[35.883s][debug][gc,phases      ] GC(81)   VM Weak                        Min:  0.0, Avg:  0.0, Max:  0.0, Diff:  0.0, Sum:  0.0, Workers: 4
[35.883s][debug][gc,phases      ] GC(81)     Dead                           Min: 0, Avg:  0.0, Max: 0, Diff: 0, Sum: 0, Workers: 4
[35.884s][debug][gc,phases      ] GC(81)     Total                          Min: 0, Avg: 155.5, Max: 622, Diff: 622, Sum: 622, Workers: 4
[35.884s][debug][gc,phases      ] GC(81)   ObjectSynchronizer Weak        Min:  0.0, Avg:  0.0, Max:  0.0, Diff:  0.0, Sum:  0.0, Workers: 4
[35.884s][debug][gc,phases      ] GC(81)     Dead                           Min: 0, Avg:  0.0, Max: 0, Diff: 0, Sum: 0, Workers: 4
[35.884s][debug][gc,phases      ] GC(81)     Total                          Min: 0, Avg: 86.2, Max: 281, Diff: 281, Sum: 345, Workers: 4
[35.884s][debug][gc,phases      ] GC(81)   JVMTI Tag Weak OopStorage      Min:  0.0, Avg:  0.0, Max:  0.0, Diff:  0.0, Sum:  0.0, Workers: 4
[35.884s][debug][gc,phases      ] GC(81)     Dead                           Min: 0, Avg:  0.0, Max: 0, Diff: 0, Sum: 0, Workers: 4
[35.884s][debug][gc,phases      ] GC(81)     Total                          Min: 0, Avg:  0.0, Max: 0, Diff: 0, Sum: 0, Workers: 4
[35.884s][debug][gc,phases      ] GC(81)   StringTable Weak               Min:  0.1, Avg:  0.1, Max:  0.1, Diff:  0.0, Sum:  0.3, Workers: 4
[35.884s][debug][gc,phases      ] GC(81)     Dead                           Min: 0, Avg:  0.5, Max: 2, Diff: 2, Sum: 2, Workers: 4
[35.884s][debug][gc,phases      ] GC(81)     Total                          Min: 9371, Avg: 10982.5, Max: 12863, Diff: 3492, Sum: 43930, Workers: 4
[35.884s][debug][gc,phases      ] GC(81)   ResolvedMethodTable Weak       Min:  0.0, Avg:  0.0, Max:  0.0, Diff:  0.0, Sum:  0.1, Workers: 4
[35.884s][debug][gc,phases      ] GC(81)     Dead                           Min: 0, Avg:  0.0, Max: 0, Diff: 0, Sum: 0, Workers: 4
[35.884s][debug][gc,phases      ] GC(81)     Total                          Min: 1472, Avg: 1920.2, Max: 2433, Diff: 961, Sum: 7681, Workers: 4
[35.884s][debug][gc,phases      ] GC(81)   JNI Weak                       Min:  0.0, Avg:  0.0, Max:  0.0, Diff:  0.0, Sum:  0.0, Workers: 4
[35.884s][debug][gc,phases      ] GC(81)     Dead                           Min: 0, Avg:  0.0, Max: 0, Diff: 0, Sum: 0, Workers: 4
[35.884s][debug][gc,phases      ] GC(81)     Total                          Min: 0, Avg:  6.8, Max: 27, Diff: 27, Sum: 27, Workers: 4
[35.884s][debug][gc,phases      ] GC(81)   StringDedup Table Weak         Min:  0.0, Avg:  0.0, Max:  0.0, Diff:  0.0, Sum:  0.0, Workers: 4
[35.884s][debug][gc,phases      ] GC(81)     Dead                           Min: 0, Avg:  0.0, Max: 0, Diff: 0, Sum: 0, Workers: 4
[35.884s][debug][gc,phases      ] GC(81)     Total                          Min: 0, Avg:  0.0, Max: 0, Diff: 0, Sum: 0, Workers: 4
[35.884s][debug][gc,phases      ] GC(81)   StringDedup Requests0 Weak     Min:  0.0, Avg:  0.0, Max:  0.0, Diff:  0.0, Sum:  0.0, Workers: 4
[35.884s][debug][gc,phases      ] GC(81)     Dead                           Min: 0, Avg:  0.0, Max: 0, Diff: 0, Sum: 0, Workers: 4
[35.884s][debug][gc,phases      ] GC(81)     Total                          Min: 0, Avg:  0.0, Max: 0, Diff: 0, Sum: 0, Workers: 4
[35.884s][debug][gc,phases      ] GC(81)   StringDedup Requests1 Weak     Min:  0.0, Avg:  0.0, Max:  0.0, Diff:  0.0, Sum:  0.0, Workers: 4
[35.884s][debug][gc,phases      ] GC(81)     Dead                           Min: 0, Avg:  0.0, Max: 0, Diff: 0, Sum: 0, Workers: 4
[35.884s][debug][gc,phases      ] GC(81)     Total                          Min: 0, Avg:  0.0, Max: 0, Diff: 0, Sum: 0, Workers: 4
[35.884s][debug][gc,phases      ] GC(81)   Weak JFR Old Object Samples    Min:  0.0, Avg:  0.0, Max:  0.0, Diff:  0.0, Sum:  0.0, Workers: 4
[35.884s][debug][gc,phases      ] GC(81)     Dead                           Min: 0, Avg:  0.0, Max: 0, Diff: 0, Sum: 0, Workers: 4
[35.884s][debug][gc,phases      ] GC(81)     Total                          Min: 0, Avg:  0.0, Max: 0, Diff: 0, Sum: 0, Workers: 4
[35.884s][debug][gc,phases      ] GC(81) Weak Processing 0.262ms
[35.884s][debug][gc,age         ] GC(81) Desired survivor size 220725248 bytes, new threshold 15 (max threshold 15)
[35.884s][info ][gc,heap        ] GC(81) PSYoungGen: 1673824K(1878016K)->20064K(1881600K) Eden: 1658880K(1658880K)->0K(1662976K) From: 14944K(219136K)->20064K(218624K)
[35.884s][info ][gc,heap        ] GC(81) ParOldGen: 515474K(638464K)->515482K(638464K)
[35.884s][info ][gc,metaspace   ] GC(81) Metaspace: 71580K(72384K)->71580K(72384K) NonClass: 61231K(61696K)->61231K(61696K) Class: 10349K(10688K)->10349K(10688K)
[35.884s][info ][gc             ] GC(81) Pause Young (Allocation Failure) 2137M->522M(2461M) 9.094ms
[35.884s][info ][gc,cpu         ] GC(81) User=0.04s Sys=0.00s Real=0.01s
[35.884s][info ][safepoint      ] Safepoint "ParallelGCFailedAllocation", Time since last: 11541338 ns, Reaching safepoint: 93700 ns, At safepoint: 9174551 ns, Total: 9268251 ns
[36.213s][info ][safepoint      ] Safepoint "ICBufferFull", Time since last: 329501144 ns, Reaching safepoint: 158999 ns, At safepoint: 30100 ns, Total: 189099 ns
[36.357s][info ][safepoint      ] Safepoint "ICBufferFull", Time since last: 143803833 ns, Reaching safepoint: 147700 ns, At safepoint: 22399 ns, Total: 170099 ns
[36.360s][info ][gc,start       ] GC(82) Pause Young (Allocation Failure)
[36.386s][debug][gc,phases      ] GC(82) Scavenge 25.345ms
[36.386s][debug][gc,ref         ] GC(82) Skipped phase 1 of Reference Processing: no references
[36.386s][debug][gc,ref         ] GC(82) ReferenceProcessor::execute queues: 1, RefProcThreadModel::Single, marks_oops_alive: false
[36.386s][debug][gc,ref         ] GC(82) Skipped phase 3 of Reference Processing: no references
[36.386s][debug][gc,ref         ] GC(82) ReferenceProcessor::execute queues: 1, RefProcThreadModel::Single, marks_oops_alive: false
[36.386s][debug][gc,phases      ] GC(82) Reference Processing 0.140ms
[36.386s][debug][gc,phases      ] GC(82)   VM Weak                        Min:  0.0, Avg:  0.0, Max:  0.0, Diff:  0.0, Sum:  0.0, Workers: 4
[36.386s][debug][gc,phases      ] GC(82)     Dead                           Min: 0, Avg:  0.0, Max: 0, Diff: 0, Sum: 0, Workers: 4
[36.386s][debug][gc,phases      ] GC(82)     Total                          Min: 0, Avg: 155.5, Max: 622, Diff: 622, Sum: 622, Workers: 4
[36.386s][debug][gc,phases      ] GC(82)   ObjectSynchronizer Weak        Min:  0.0, Avg:  0.0, Max:  0.0, Diff:  0.0, Sum:  0.0, Workers: 4
[36.386s][debug][gc,phases      ] GC(82)     Dead                           Min: 0, Avg:  0.0, Max: 0, Diff: 0, Sum: 0, Workers: 4
[36.386s][debug][gc,phases      ] GC(82)     Total                          Min: 0, Avg: 86.2, Max: 217, Diff: 217, Sum: 345, Workers: 4
[36.386s][debug][gc,phases      ] GC(82)   JVMTI Tag Weak OopStorage      Min:  0.0, Avg:  0.0, Max:  0.0, Diff:  0.0, Sum:  0.0, Workers: 4
[36.386s][debug][gc,phases      ] GC(82)     Dead                           Min: 0, Avg:  0.0, Max: 0, Diff: 0, Sum: 0, Workers: 4
[36.386s][debug][gc,phases      ] GC(82)     Total                          Min: 0, Avg:  0.0, Max: 0, Diff: 0, Sum: 0, Workers: 4
[36.386s][debug][gc,phases      ] GC(82)   StringTable Weak               Min:  0.1, Avg:  0.1, Max:  0.1, Diff:  0.0, Sum:  0.4, Workers: 4
[36.386s][debug][gc,phases      ] GC(82)     Dead                           Min: 0, Avg:  0.0, Max: 0, Diff: 0, Sum: 0, Workers: 4
[36.386s][debug][gc,phases      ] GC(82)     Total                          Min: 9279, Avg: 10984.0, Max: 15551, Diff: 6272, Sum: 43936, Workers: 4
[36.386s][debug][gc,phases      ] GC(82)   ResolvedMethodTable Weak       Min:  0.0, Avg:  0.0, Max:  0.0, Diff:  0.0, Sum:  0.1, Workers: 4
[36.386s][debug][gc,phases      ] GC(82)     Dead                           Min: 0, Avg:  0.0, Max: 0, Diff: 0, Sum: 0, Workers: 4
[36.386s][debug][gc,phases      ] GC(82)     Total                          Min: 1664, Avg: 1920.2, Max: 2624, Diff: 960, Sum: 7681, Workers: 4
[36.386s][debug][gc,phases      ] GC(82)   JNI Weak                       Min:  0.0, Avg:  0.0, Max:  0.0, Diff:  0.0, Sum:  0.0, Workers: 4
[36.386s][debug][gc,phases      ] GC(82)     Dead                           Min: 0, Avg:  0.0, Max: 0, Diff: 0, Sum: 0, Workers: 4
[36.386s][debug][gc,phases      ] GC(82)     Total                          Min: 0, Avg:  7.2, Max: 29, Diff: 29, Sum: 29, Workers: 4
[36.386s][debug][gc,phases      ] GC(82)   StringDedup Table Weak         Min:  0.0, Avg:  0.0, Max:  0.0, Diff:  0.0, Sum:  0.0, Workers: 4
[36.386s][debug][gc,phases      ] GC(82)     Dead                           Min: 0, Avg:  0.0, Max: 0, Diff: 0, Sum: 0, Workers: 4
[36.386s][debug][gc,phases      ] GC(82)     Total                          Min: 0, Avg:  0.0, Max: 0, Diff: 0, Sum: 0, Workers: 4
[36.386s][debug][gc,phases      ] GC(82)   StringDedup Requests0 Weak     Min:  0.0, Avg:  0.0, Max:  0.0, Diff:  0.0, Sum:  0.0, Workers: 4
[36.386s][debug][gc,phases      ] GC(82)     Dead                           Min: 0, Avg:  0.0, Max: 0, Diff: 0, Sum: 0, Workers: 4
[36.386s][debug][gc,phases      ] GC(82)     Total                          Min: 0, Avg:  0.0, Max: 0, Diff: 0, Sum: 0, Workers: 4
[36.386s][debug][gc,phases      ] GC(82)   StringDedup Requests1 Weak     Min:  0.0, Avg:  0.0, Max:  0.0, Diff:  0.0, Sum:  0.0, Workers: 4
[36.386s][debug][gc,phases      ] GC(82)     Dead                           Min: 0, Avg:  0.0, Max: 0, Diff: 0, Sum: 0, Workers: 4
[36.386s][debug][gc,phases      ] GC(82)     Total                          Min: 0, Avg:  0.0, Max: 0, Diff: 0, Sum: 0, Workers: 4
[36.386s][debug][gc,phases      ] GC(82)   Weak JFR Old Object Samples    Min:  0.0, Avg:  0.0, Max:  0.0, Diff:  0.0, Sum:  0.0, Workers: 4
[36.386s][debug][gc,phases      ] GC(82)     Dead                           Min: 0, Avg:  0.0, Max: 0, Diff: 0, Sum: 0, Workers: 4
[36.386s][debug][gc,phases      ] GC(82)     Total                          Min: 0, Avg:  0.0, Max: 0, Diff: 0, Sum: 0, Workers: 4
[36.386s][debug][gc,phases      ] GC(82) Weak Processing 0.277ms
[36.386s][debug][gc,age         ] GC(82) Desired survivor size 212860928 bytes, new threshold 15 (max threshold 15)
[36.386s][info ][gc,heap        ] GC(82) PSYoungGen: 1683040K(1881600K)->38080K(1878528K) Eden: 1662976K(1662976K)->0K(1662976K) From: 20064K(218624K)->38080K(215552K)
[36.386s][info ][gc,heap        ] GC(82) ParOldGen: 515482K(638464K)->515490K(638464K)
[36.386s][info ][gc,metaspace   ] GC(82) Metaspace: 71657K(72448K)->71657K(72448K) NonClass: 61306K(61760K)->61306K(61760K) Class: 10350K(10688K)->10350K(10688K)
[36.386s][info ][gc             ] GC(82) Pause Young (Allocation Failure) 2146M->540M(2458M) 25.880ms
[36.386s][info ][gc,cpu         ] GC(82) User=0.12s Sys=0.00s Real=0.03s
[36.386s][info ][safepoint      ] Safepoint "ParallelGCFailedAllocation", Time since last: 2891485 ns, Reaching safepoint: 110799 ns, At safepoint: 25982462 ns, Total: 26093261 ns
[36.724s][info ][safepoint      ] Safepoint "ICBufferFull", Time since last: 337312502 ns, Reaching safepoint: 154499 ns, At safepoint: 25700 ns, Total: 180199 ns
[36.772s][info ][gc,start       ] GC(83) Pause Young (Allocation Failure)
[36.797s][debug][gc,phases      ] GC(83) Scavenge 25.565ms
[36.797s][debug][gc,ref         ] GC(83) Skipped phase 1 of Reference Processing: no references
[36.797s][debug][gc,ref         ] GC(83) ReferenceProcessor::execute queues: 1, RefProcThreadModel::Single, marks_oops_alive: false
[36.797s][debug][gc,ref         ] GC(83) Skipped phase 3 of Reference Processing: no references
[36.797s][debug][gc,ref         ] GC(83) ReferenceProcessor::execute queues: 1, RefProcThreadModel::Single, marks_oops_alive: false
[36.797s][debug][gc,phases      ] GC(83) Reference Processing 0.136ms
[36.798s][debug][gc,phases      ] GC(83)   VM Weak                        Min:  0.0, Avg:  0.0, Max:  0.0, Diff:  0.0, Sum:  0.0, Workers: 4
[36.798s][debug][gc,phases      ] GC(83)     Dead                           Min: 0, Avg:  0.0, Max: 0, Diff: 0, Sum: 0, Workers: 4
[36.798s][debug][gc,phases      ] GC(83)     Total                          Min: 0, Avg: 156.0, Max: 560, Diff: 560, Sum: 624, Workers: 4
[36.798s][debug][gc,phases      ] GC(83)   ObjectSynchronizer Weak        Min:  0.0, Avg:  0.0, Max:  0.0, Diff:  0.0, Sum:  0.0, Workers: 4
[36.798s][debug][gc,phases      ] GC(83)     Dead                           Min: 0, Avg:  0.0, Max: 0, Diff: 0, Sum: 0, Workers: 4
[36.798s][debug][gc,phases      ] GC(83)     Total                          Min: 0, Avg: 86.2, Max: 192, Diff: 192, Sum: 345, Workers: 4
[36.798s][debug][gc,phases      ] GC(83)   JVMTI Tag Weak OopStorage      Min:  0.0, Avg:  0.0, Max:  0.0, Diff:  0.0, Sum:  0.0, Workers: 4
[36.798s][debug][gc,phases      ] GC(83)     Dead                           Min: 0, Avg:  0.0, Max: 0, Diff: 0, Sum: 0, Workers: 4
[36.798s][debug][gc,phases      ] GC(83)     Total                          Min: 0, Avg:  0.0, Max: 0, Diff: 0, Sum: 0, Workers: 4
[36.798s][debug][gc,phases      ] GC(83)   StringTable Weak               Min:  0.1, Avg:  0.1, Max:  0.1, Diff:  0.0, Sum:  0.4, Workers: 4
[36.798s][debug][gc,phases      ] GC(83)     Dead                           Min: 0, Avg:  0.0, Max: 0, Diff: 0, Sum: 0, Workers: 4
[36.798s][debug][gc,phases      ] GC(83)     Total                          Min: 10027, Avg: 10986.2, Max: 11840, Diff: 1813, Sum: 43945, Workers: 4
[36.798s][debug][gc,phases      ] GC(83)   ResolvedMethodTable Weak       Min:  0.0, Avg:  0.0, Max:  0.0, Diff:  0.0, Sum:  0.1, Workers: 4
[36.798s][debug][gc,phases      ] GC(83)     Dead                           Min: 0, Avg:  0.0, Max: 0, Diff: 0, Sum: 0, Workers: 4
[36.798s][debug][gc,phases      ] GC(83)     Total                          Min: 1856, Avg: 1922.5, Max: 1994, Diff: 138, Sum: 7690, Workers: 4
[36.798s][debug][gc,phases      ] GC(83)   JNI Weak                       Min:  0.0, Avg:  0.0, Max:  0.0, Diff:  0.0, Sum:  0.0, Workers: 4
[36.798s][debug][gc,phases      ] GC(83)     Dead                           Min: 0, Avg:  0.0, Max: 0, Diff: 0, Sum: 0, Workers: 4
[36.798s][debug][gc,phases      ] GC(83)     Total                          Min: 0, Avg:  6.2, Max: 25, Diff: 25, Sum: 25, Workers: 4
[36.798s][debug][gc,phases      ] GC(83)   StringDedup Table Weak         Min:  0.0, Avg:  0.0, Max:  0.0, Diff:  0.0, Sum:  0.0, Workers: 4
[36.798s][debug][gc,phases      ] GC(83)     Dead                           Min: 0, Avg:  0.0, Max: 0, Diff: 0, Sum: 0, Workers: 4
[36.798s][debug][gc,phases      ] GC(83)     Total                          Min: 0, Avg:  0.0, Max: 0, Diff: 0, Sum: 0, Workers: 4
[36.798s][debug][gc,phases      ] GC(83)   StringDedup Requests0 Weak     Min:  0.0, Avg:  0.0, Max:  0.0, Diff:  0.0, Sum:  0.0, Workers: 4
[36.798s][debug][gc,phases      ] GC(83)     Dead                           Min: 0, Avg:  0.0, Max: 0, Diff: 0, Sum: 0, Workers: 4
[36.798s][debug][gc,phases      ] GC(83)     Total                          Min: 0, Avg:  0.0, Max: 0, Diff: 0, Sum: 0, Workers: 4
[36.798s][debug][gc,phases      ] GC(83)   StringDedup Requests1 Weak     Min:  0.0, Avg:  0.0, Max:  0.0, Diff:  0.0, Sum:  0.0, Workers: 4
[36.798s][debug][gc,phases      ] GC(83)     Dead                           Min: 0, Avg:  0.0, Max: 0, Diff: 0, Sum: 0, Workers: 4
[36.798s][debug][gc,phases      ] GC(83)     Total                          Min: 0, Avg:  0.0, Max: 0, Diff: 0, Sum: 0, Workers: 4
[36.798s][debug][gc,phases      ] GC(83)   Weak JFR Old Object Samples    Min:  0.0, Avg:  0.0, Max:  0.0, Diff:  0.0, Sum:  0.0, Workers: 4
[36.798s][debug][gc,phases      ] GC(83)     Dead                           Min: 0, Avg:  0.0, Max: 0, Diff: 0, Sum: 0, Workers: 4
[36.798s][debug][gc,phases      ] GC(83)     Total                          Min: 0, Avg:  0.0, Max: 0, Diff: 0, Sum: 0, Workers: 4
[36.798s][debug][gc,phases      ] GC(83) Weak Processing 0.378ms
[36.798s][debug][gc,age         ] GC(83) Desired survivor size 203423744 bytes, new threshold 15 (max threshold 15)
[36.798s][info ][gc,heap        ] GC(83) PSYoungGen: 1701056K(1878528K)->45120K(1898496K) Eden: 1662976K(1662976K)->0K(1690624K) From: 38080K(215552K)->45120K(207872K)
[36.798s][info ][gc,heap        ] GC(83) ParOldGen: 515490K(638464K)->515490K(638464K)
[36.798s][info ][gc,metaspace   ] GC(83) Metaspace: 71764K(72512K)->71764K(72512K) NonClass: 61402K(61824K)->61402K(61824K) Class: 10362K(10688K)->10362K(10688K)
[36.798s][info ][gc             ] GC(83) Pause Young (Allocation Failure) 2164M->547M(2477M) 26.213ms
[36.798s][info ][gc,cpu         ] GC(83) User=0.10s Sys=0.00s Real=0.02s
[36.798s][info ][safepoint      ] Safepoint "ParallelGCFailedAllocation", Time since last: 47664046 ns, Reaching safepoint: 111599 ns, At safepoint: 26324260 ns, Total: 26435859 ns
[37.078s][info ][safepoint      ] Safepoint "ICBufferFull", Time since last: 280083507 ns, Reaching safepoint: 164699 ns, At safepoint: 37700 ns, Total: 202399 ns
[37.108s][info ][gc,start       ] GC(84) Pause Young (Allocation Failure)
[37.133s][debug][gc,phases      ] GC(84) Scavenge 25.047ms
[37.133s][debug][gc,ref         ] GC(84) Skipped phase 1 of Reference Processing: no references
[37.133s][debug][gc,ref         ] GC(84) ReferenceProcessor::execute queues: 1, RefProcThreadModel::Single, marks_oops_alive: false
[37.133s][debug][gc,ref         ] GC(84) Skipped phase 3 of Reference Processing: no references
[37.133s][debug][gc,ref         ] GC(84) ReferenceProcessor::execute queues: 1, RefProcThreadModel::Single, marks_oops_alive: false
[37.133s][debug][gc,phases      ] GC(84) Reference Processing 0.100ms
[37.133s][debug][gc,phases      ] GC(84)   VM Weak                        Min:  0.0, Avg:  0.0, Max:  0.0, Diff:  0.0, Sum:  0.0, Workers: 4
[37.133s][debug][gc,phases      ] GC(84)     Dead                           Min: 0, Avg:  0.0, Max: 0, Diff: 0, Sum: 0, Workers: 4
[37.133s][debug][gc,phases      ] GC(84)     Total                          Min: 0, Avg: 156.0, Max: 624, Diff: 624, Sum: 624, Workers: 4
[37.133s][debug][gc,phases      ] GC(84)   ObjectSynchronizer Weak        Min:  0.0, Avg:  0.0, Max:  0.0, Diff:  0.0, Sum:  0.0, Workers: 4
[37.133s][debug][gc,phases      ] GC(84)     Dead                           Min: 0, Avg:  0.0, Max: 0, Diff: 0, Sum: 0, Workers: 4
[37.133s][debug][gc,phases      ] GC(84)     Total                          Min: 0, Avg: 86.2, Max: 345, Diff: 345, Sum: 345, Workers: 4
[37.133s][debug][gc,phases      ] GC(84)   JVMTI Tag Weak OopStorage      Min:  0.0, Avg:  0.0, Max:  0.0, Diff:  0.0, Sum:  0.0, Workers: 4
[37.133s][debug][gc,phases      ] GC(84)     Dead                           Min: 0, Avg:  0.0, Max: 0, Diff: 0, Sum: 0, Workers: 4
[37.133s][debug][gc,phases      ] GC(84)     Total                          Min: 0, Avg:  0.0, Max: 0, Diff: 0, Sum: 0, Workers: 4
[37.133s][debug][gc,phases      ] GC(84)   StringTable Weak               Min:  0.1, Avg:  0.1, Max:  0.1, Diff:  0.0, Sum:  0.3, Workers: 4
[37.133s][debug][gc,phases      ] GC(84)     Dead                           Min: 0, Avg:  0.0, Max: 0, Diff: 0, Sum: 0, Workers: 4
[37.133s][debug][gc,phases      ] GC(84)     Total                          Min: 8576, Avg: 10986.2, Max: 13227, Diff: 4651, Sum: 43945, Workers: 4
[37.133s][debug][gc,phases      ] GC(84)   ResolvedMethodTable Weak       Min:  0.0, Avg:  0.0, Max:  0.0, Diff:  0.0, Sum:  0.1, Workers: 4
[37.133s][debug][gc,phases      ] GC(84)     Dead                           Min: 0, Avg:  0.0, Max: 0, Diff: 0, Sum: 0, Workers: 4
[37.133s][debug][gc,phases      ] GC(84)     Total                          Min: 1546, Avg: 1922.5, Max: 2496, Diff: 950, Sum: 7690, Workers: 4
[37.133s][debug][gc,phases      ] GC(84)   JNI Weak                       Min:  0.0, Avg:  0.0, Max:  0.0, Diff:  0.0, Sum:  0.0, Workers: 4
[37.133s][debug][gc,phases      ] GC(84)     Dead                           Min: 0, Avg:  0.0, Max: 0, Diff: 0, Sum: 0, Workers: 4
[37.133s][debug][gc,phases      ] GC(84)     Total                          Min: 0, Avg:  8.0, Max: 32, Diff: 32, Sum: 32, Workers: 4
[37.133s][debug][gc,phases      ] GC(84)   StringDedup Table Weak         Min:  0.0, Avg:  0.0, Max:  0.0, Diff:  0.0, Sum:  0.0, Workers: 4
[37.133s][debug][gc,phases      ] GC(84)     Dead                           Min: 0, Avg:  0.0, Max: 0, Diff: 0, Sum: 0, Workers: 4
[37.133s][debug][gc,phases      ] GC(84)     Total                          Min: 0, Avg:  0.0, Max: 0, Diff: 0, Sum: 0, Workers: 4
[37.133s][debug][gc,phases      ] GC(84)   StringDedup Requests0 Weak     Min:  0.0, Avg:  0.0, Max:  0.0, Diff:  0.0, Sum:  0.0, Workers: 4
[37.133s][debug][gc,phases      ] GC(84)     Dead                           Min: 0, Avg:  0.0, Max: 0, Diff: 0, Sum: 0, Workers: 4
[37.133s][debug][gc,phases      ] GC(84)     Total                          Min: 0, Avg:  0.0, Max: 0, Diff: 0, Sum: 0, Workers: 4
[37.133s][debug][gc,phases      ] GC(84)   StringDedup Requests1 Weak     Min:  0.0, Avg:  0.0, Max:  0.0, Diff:  0.0, Sum:  0.0, Workers: 4
[37.133s][debug][gc,phases      ] GC(84)     Dead                           Min: 0, Avg:  0.0, Max: 0, Diff: 0, Sum: 0, Workers: 4
[37.133s][debug][gc,phases      ] GC(84)     Total                          Min: 0, Avg:  0.0, Max: 0, Diff: 0, Sum: 0, Workers: 4
[37.133s][debug][gc,phases      ] GC(84)   Weak JFR Old Object Samples    Min:  0.0, Avg:  0.0, Max:  0.0, Diff:  0.0, Sum:  0.0, Workers: 4
[37.133s][debug][gc,phases      ] GC(84)     Dead                           Min: 0, Avg:  0.0, Max: 0, Diff: 0, Sum: 0, Workers: 4
[37.133s][debug][gc,phases      ] GC(84)     Total                          Min: 0, Avg:  0.0, Max: 0, Diff: 0, Sum: 0, Workers: 4
[37.133s][debug][gc,phases      ] GC(84) Weak Processing 0.244ms
[37.133s][debug][gc,age         ] GC(84) Desired survivor size 193462272 bytes, new threshold 15 (max threshold 15)
[37.133s][info ][gc,heap        ] GC(84) PSYoungGen: 1735744K(1898496K)->51072K(1889280K) Eden: 1690624K(1690624K)->0K(1690624K) From: 45120K(207872K)->51072K(198656K)
[37.133s][info ][gc,heap        ] GC(84) ParOldGen: 515490K(638464K)->515498K(638464K)
[37.133s][info ][gc,metaspace   ] GC(84) Metaspace: 71799K(72576K)->71799K(72576K) NonClass: 61436K(61888K)->61436K(61888K) Class: 10362K(10688K)->10362K(10688K)
[37.133s][info ][gc             ] GC(84) Pause Young (Allocation Failure) 2198M->553M(2468M) 25.526ms
[37.133s][info ][gc,cpu         ] GC(84) User=0.11s Sys=0.00s Real=0.03s
[37.133s][info ][safepoint      ] Safepoint "ParallelGCFailedAllocation", Time since last: 26068261 ns, Reaching safepoint: 3173883 ns, At safepoint: 25629364 ns, Total: 28803247 ns
[37.481s][info ][safepoint      ] Safepoint "ICBufferFull", Time since last: 347755646 ns, Reaching safepoint: 147799 ns, At safepoint: 30800 ns, Total: 178599 ns
[37.504s][info ][gc,start       ] GC(85) Pause Young (Allocation Failure)
[37.525s][debug][gc,phases      ] GC(85) Scavenge 20.937ms
[37.525s][debug][gc,ref         ] GC(85) Skipped phase 1 of Reference Processing: no references
[37.525s][debug][gc,ref         ] GC(85) ReferenceProcessor::execute queues: 1, RefProcThreadModel::Single, marks_oops_alive: false
[37.525s][debug][gc,ref         ] GC(85) Skipped phase 3 of Reference Processing: no references
[37.525s][debug][gc,ref         ] GC(85) ReferenceProcessor::execute queues: 1, RefProcThreadModel::Single, marks_oops_alive: false
[37.525s][debug][gc,phases      ] GC(85) Reference Processing 0.114ms
[37.525s][debug][gc,phases      ] GC(85)   VM Weak                        Min:  0.0, Avg:  0.0, Max:  0.0, Diff:  0.0, Sum:  0.0, Workers: 4
[37.525s][debug][gc,phases      ] GC(85)     Dead                           Min: 0, Avg:  0.0, Max: 0, Diff: 0, Sum: 0, Workers: 4
[37.525s][debug][gc,phases      ] GC(85)     Total                          Min: 0, Avg: 156.0, Max: 432, Diff: 432, Sum: 624, Workers: 4
[37.525s][debug][gc,phases      ] GC(85)   ObjectSynchronizer Weak        Min:  0.0, Avg:  0.0, Max:  0.0, Diff:  0.0, Sum:  0.0, Workers: 4
[37.525s][debug][gc,phases      ] GC(85)     Dead                           Min: 0, Avg:  0.0, Max: 0, Diff: 0, Sum: 0, Workers: 4
[37.525s][debug][gc,phases      ] GC(85)     Total                          Min: 0, Avg: 86.2, Max: 217, Diff: 217, Sum: 345, Workers: 4
[37.525s][debug][gc,phases      ] GC(85)   JVMTI Tag Weak OopStorage      Min:  0.0, Avg:  0.0, Max:  0.0, Diff:  0.0, Sum:  0.0, Workers: 4
[37.525s][debug][gc,phases      ] GC(85)     Dead                           Min: 0, Avg:  0.0, Max: 0, Diff: 0, Sum: 0, Workers: 4
[37.525s][debug][gc,phases      ] GC(85)     Total                          Min: 0, Avg:  0.0, Max: 0, Diff: 0, Sum: 0, Workers: 4
[37.525s][debug][gc,phases      ] GC(85)   StringTable Weak               Min:  0.1, Avg:  0.1, Max:  0.1, Diff:  0.0, Sum:  0.3, Workers: 4
[37.525s][debug][gc,phases      ] GC(85)     Dead                           Min: 0, Avg:  0.0, Max: 0, Diff: 0, Sum: 0, Workers: 4
[37.525s][debug][gc,phases      ] GC(85)     Total                          Min: 10285, Avg: 10986.8, Max: 11327, Diff: 1042, Sum: 43947, Workers: 4
[37.525s][debug][gc,phases      ] GC(85)   ResolvedMethodTable Weak       Min:  0.0, Avg:  0.0, Max:  0.0, Diff:  0.0, Sum:  0.1, Workers: 4
[37.525s][debug][gc,phases      ] GC(85)     Dead                           Min: 0, Avg:  0.0, Max: 0, Diff: 0, Sum: 0, Workers: 4
[37.525s][debug][gc,phases      ] GC(85)     Total                          Min: 1408, Avg: 1922.5, Max: 2239, Diff: 831, Sum: 7690, Workers: 4
[37.525s][debug][gc,phases      ] GC(85)   JNI Weak                       Min:  0.0, Avg:  0.0, Max:  0.0, Diff:  0.0, Sum:  0.0, Workers: 4
[37.525s][debug][gc,phases      ] GC(85)     Dead                           Min: 0, Avg:  0.0, Max: 0, Diff: 0, Sum: 0, Workers: 4
[37.525s][debug][gc,phases      ] GC(85)     Total                          Min: 0, Avg:  8.5, Max: 34, Diff: 34, Sum: 34, Workers: 4
[37.525s][debug][gc,phases      ] GC(85)   StringDedup Table Weak         Min:  0.0, Avg:  0.0, Max:  0.0, Diff:  0.0, Sum:  0.0, Workers: 4
[37.525s][debug][gc,phases      ] GC(85)     Dead                           Min: 0, Avg:  0.0, Max: 0, Diff: 0, Sum: 0, Workers: 4
[37.525s][debug][gc,phases      ] GC(85)     Total                          Min: 0, Avg:  0.0, Max: 0, Diff: 0, Sum: 0, Workers: 4
[37.525s][debug][gc,phases      ] GC(85)   StringDedup Requests0 Weak     Min:  0.0, Avg:  0.0, Max:  0.0, Diff:  0.0, Sum:  0.0, Workers: 4
[37.525s][debug][gc,phases      ] GC(85)     Dead                           Min: 0, Avg:  0.0, Max: 0, Diff: 0, Sum: 0, Workers: 4
[37.525s][debug][gc,phases      ] GC(85)     Total                          Min: 0, Avg:  0.0, Max: 0, Diff: 0, Sum: 0, Workers: 4
[37.525s][debug][gc,phases      ] GC(85)   StringDedup Requests1 Weak     Min:  0.0, Avg:  0.0, Max:  0.0, Diff:  0.0, Sum:  0.0, Workers: 4
[37.525s][debug][gc,phases      ] GC(85)     Dead                           Min: 0, Avg:  0.0, Max: 0, Diff: 0, Sum: 0, Workers: 4
[37.525s][debug][gc,phases      ] GC(85)     Total                          Min: 0, Avg:  0.0, Max: 0, Diff: 0, Sum: 0, Workers: 4
[37.525s][debug][gc,phases      ] GC(85)   Weak JFR Old Object Samples    Min:  0.0, Avg:  0.0, Max:  0.0, Diff:  0.0, Sum:  0.0, Workers: 4
[37.525s][debug][gc,phases      ] GC(85)     Dead                           Min: 0, Avg:  0.0, Max: 0, Diff: 0, Sum: 0, Workers: 4
[37.525s][debug][gc,phases      ] GC(85)     Total                          Min: 0, Avg:  0.0, Max: 0, Diff: 0, Sum: 0, Workers: 4
[37.525s][debug][gc,phases      ] GC(85) Weak Processing 0.253ms
[37.525s][debug][gc,age         ] GC(85) Desired survivor size 181927936 bytes, new threshold 15 (max threshold 15)
[37.525s][info ][gc,heap        ] GC(85) PSYoungGen: 1741696K(1889280K)->59472K(1919488K) Eden: 1690624K(1690624K)->0K(1730560K) From: 51072K(198656K)->59472K(188928K)
[37.525s][info ][gc,heap        ] GC(85) ParOldGen: 515498K(638464K)->515506K(638464K)
[37.525s][info ][gc,metaspace   ] GC(85) Metaspace: 71871K(72640K)->71871K(72640K) NonClass: 61508K(61952K)->61508K(61952K) Class: 10362K(10688K)->10362K(10688K)
[37.525s][info ][gc             ] GC(85) Pause Young (Allocation Failure) 2204M->561M(2498M) 21.429ms
[37.525s][info ][gc,cpu         ] GC(85) User=0.09s Sys=0.00s Real=0.02s
[37.525s][info ][safepoint      ] Safepoint "ParallelGCFailedAllocation", Time since last: 22502380 ns, Reaching safepoint: 128200 ns, At safepoint: 21532485 ns, Total: 21660685 ns
[37.773s][info ][safepoint      ] Safepoint "ICBufferFull", Time since last: 247159782 ns, Reaching safepoint: 121000 ns, At safepoint: 26800 ns, Total: 147800 ns
[37.886s][info ][gc,start       ] GC(86) Pause Young (Allocation Failure)
[37.915s][debug][gc,phases      ] GC(86) Scavenge 28.953ms
[37.915s][debug][gc,ref         ] GC(86) Skipped phase 1 of Reference Processing: no references
[37.915s][debug][gc,ref         ] GC(86) ReferenceProcessor::execute queues: 1, RefProcThreadModel::Single, marks_oops_alive: false
[37.915s][debug][gc,ref         ] GC(86) Skipped phase 3 of Reference Processing: no references
[37.915s][debug][gc,ref         ] GC(86) ReferenceProcessor::execute queues: 1, RefProcThreadModel::Single, marks_oops_alive: false
[37.915s][debug][gc,phases      ] GC(86) Reference Processing 0.113ms
[37.915s][debug][gc,phases      ] GC(86)   VM Weak                        Min:  0.0, Avg:  0.0, Max:  0.0, Diff:  0.0, Sum:  0.0, Workers: 4
[37.915s][debug][gc,phases      ] GC(86)     Dead                           Min: 0, Avg:  0.0, Max: 0, Diff: 0, Sum: 0, Workers: 4
[37.915s][debug][gc,phases      ] GC(86)     Total                          Min: 0, Avg: 156.0, Max: 576, Diff: 576, Sum: 624, Workers: 4
[37.915s][debug][gc,phases      ] GC(86)   ObjectSynchronizer Weak        Min:  0.0, Avg:  0.0, Max:  0.0, Diff:  0.0, Sum:  0.0, Workers: 4
[37.915s][debug][gc,phases      ] GC(86)     Dead                           Min: 0, Avg:  0.0, Max: 0, Diff: 0, Sum: 0, Workers: 4
[37.915s][debug][gc,phases      ] GC(86)     Total                          Min: 0, Avg: 86.2, Max: 217, Diff: 217, Sum: 345, Workers: 4
[37.915s][debug][gc,phases      ] GC(86)   JVMTI Tag Weak OopStorage      Min:  0.0, Avg:  0.0, Max:  0.0, Diff:  0.0, Sum:  0.0, Workers: 4
[37.915s][debug][gc,phases      ] GC(86)     Dead                           Min: 0, Avg:  0.0, Max: 0, Diff: 0, Sum: 0, Workers: 4
[37.915s][debug][gc,phases      ] GC(86)     Total                          Min: 0, Avg:  0.0, Max: 0, Diff: 0, Sum: 0, Workers: 4
[37.915s][debug][gc,phases      ] GC(86)   StringTable Weak               Min:  0.1, Avg:  0.1, Max:  0.1, Diff:  0.0, Sum:  0.3, Workers: 4
[37.915s][debug][gc,phases      ] GC(86)     Dead                           Min: 0, Avg:  0.0, Max: 0, Diff: 0, Sum: 0, Workers: 4
[37.915s][debug][gc,phases      ] GC(86)     Total                          Min: 8623, Avg: 10987.2, Max: 13695, Diff: 5072, Sum: 43949, Workers: 4
[37.915s][debug][gc,phases      ] GC(86)   ResolvedMethodTable Weak       Min:  0.0, Avg:  0.0, Max:  0.0, Diff:  0.0, Sum:  0.1, Workers: 4
[37.915s][debug][gc,phases      ] GC(86)     Dead                           Min: 0, Avg:  0.0, Max: 0, Diff: 0, Sum: 0, Workers: 4
[37.915s][debug][gc,phases      ] GC(86)     Total                          Min: 1472, Avg: 1923.0, Max: 2432, Diff: 960, Sum: 7692, Workers: 4
[37.915s][debug][gc,phases      ] GC(86)   JNI Weak                       Min:  0.0, Avg:  0.0, Max:  0.0, Diff:  0.0, Sum:  0.0, Workers: 4
[37.915s][debug][gc,phases      ] GC(86)     Dead                           Min: 0, Avg:  0.0, Max: 0, Diff: 0, Sum: 0, Workers: 4
[37.915s][debug][gc,phases      ] GC(86)     Total                          Min: 0, Avg:  9.2, Max: 37, Diff: 37, Sum: 37, Workers: 4
[37.915s][debug][gc,phases      ] GC(86)   StringDedup Table Weak         Min:  0.0, Avg:  0.0, Max:  0.0, Diff:  0.0, Sum:  0.0, Workers: 4
[37.915s][debug][gc,phases      ] GC(86)     Dead                           Min: 0, Avg:  0.0, Max: 0, Diff: 0, Sum: 0, Workers: 4
[37.915s][debug][gc,phases      ] GC(86)     Total                          Min: 0, Avg:  0.0, Max: 0, Diff: 0, Sum: 0, Workers: 4
[37.915s][debug][gc,phases      ] GC(86)   StringDedup Requests0 Weak     Min:  0.0, Avg:  0.0, Max:  0.0, Diff:  0.0, Sum:  0.0, Workers: 4
[37.915s][debug][gc,phases      ] GC(86)     Dead                           Min: 0, Avg:  0.0, Max: 0, Diff: 0, Sum: 0, Workers: 4
[37.915s][debug][gc,phases      ] GC(86)     Total                          Min: 0, Avg:  0.0, Max: 0, Diff: 0, Sum: 0, Workers: 4
[37.915s][debug][gc,phases      ] GC(86)   StringDedup Requests1 Weak     Min:  0.0, Avg:  0.0, Max:  0.0, Diff:  0.0, Sum:  0.0, Workers: 4
[37.915s][debug][gc,phases      ] GC(86)     Dead                           Min: 0, Avg:  0.0, Max: 0, Diff: 0, Sum: 0, Workers: 4
[37.915s][debug][gc,phases      ] GC(86)     Total                          Min: 0, Avg:  0.0, Max: 0, Diff: 0, Sum: 0, Workers: 4
[37.915s][debug][gc,phases      ] GC(86)   Weak JFR Old Object Samples    Min:  0.0, Avg:  0.0, Max:  0.0, Diff:  0.0, Sum:  0.0, Workers: 4
[37.915s][debug][gc,phases      ] GC(86)     Dead                           Min: 0, Avg:  0.0, Max: 0, Diff: 0, Sum: 0, Workers: 4
[37.915s][debug][gc,phases      ] GC(86)     Total                          Min: 0, Avg:  0.0, Max: 0, Diff: 0, Sum: 0, Workers: 4
[37.915s][debug][gc,phases      ] GC(86) Weak Processing 0.251ms
[37.915s][debug][gc,age         ] GC(86) Desired survivor size 170917888 bytes, new threshold 15 (max threshold 15)
[37.915s][info ][gc,heap        ] GC(86) PSYoungGen: 1790032K(1919488K)->65152K(1908224K) Eden: 1730560K(1730560K)->0K(1730560K) From: 59472K(188928K)->65152K(177664K)
[37.915s][info ][gc,heap        ] GC(86) ParOldGen: 515506K(638464K)->515506K(638464K)
[37.915s][info ][gc,metaspace   ] GC(86) Metaspace: 71898K(72640K)->71898K(72640K) NonClass: 61534K(61952K)->61534K(61952K) Class: 10363K(10688K)->10363K(10688K)
[37.915s][info ][gc             ] GC(86) Pause Young (Allocation Failure) 2251M->567M(2487M) 29.427ms
[37.915s][info ][gc,cpu         ] GC(86) User=0.12s Sys=0.00s Real=0.03s
[37.916s][info ][safepoint      ] Safepoint "ParallelGCFailedAllocation", Time since last: 113410195 ns, Reaching safepoint: 108400 ns, At safepoint: 29539842 ns, Total: 29648242 ns
[38.165s][info ][safepoint      ] Safepoint "ICBufferFull", Time since last: 249275072 ns, Reaching safepoint: 168899 ns, At safepoint: 29199 ns, Total: 198098 ns
[38.304s][info ][gc,start       ] GC(87) Pause Young (Allocation Failure)
[38.338s][debug][gc,phases      ] GC(87) Scavenge 33.379ms
[38.338s][debug][gc,ref         ] GC(87) Skipped phase 1 of Reference Processing: no references
[38.338s][debug][gc,ref         ] GC(87) ReferenceProcessor::execute queues: 1, RefProcThreadModel::Single, marks_oops_alive: false
[38.338s][debug][gc,ref         ] GC(87) Skipped phase 3 of Reference Processing: no references
[38.338s][debug][gc,ref         ] GC(87) ReferenceProcessor::execute queues: 1, RefProcThreadModel::Single, marks_oops_alive: false
[38.338s][debug][gc,phases      ] GC(87) Reference Processing 0.114ms
[38.338s][debug][gc,phases      ] GC(87)   VM Weak                        Min:  0.0, Avg:  0.0, Max:  0.0, Diff:  0.0, Sum:  0.0, Workers: 4
[38.338s][debug][gc,phases      ] GC(87)     Dead                           Min: 0, Avg:  0.0, Max: 0, Diff: 0, Sum: 0, Workers: 4
[38.338s][debug][gc,phases      ] GC(87)     Total                          Min: 0, Avg: 156.0, Max: 368, Diff: 368, Sum: 624, Workers: 4
[38.338s][debug][gc,phases      ] GC(87)   ObjectSynchronizer Weak        Min:  0.0, Avg:  0.0, Max:  0.0, Diff:  0.0, Sum:  0.0, Workers: 4
[38.338s][debug][gc,phases      ] GC(87)     Dead                           Min: 0, Avg:  0.0, Max: 0, Diff: 0, Sum: 0, Workers: 4
[38.338s][debug][gc,phases      ] GC(87)     Total                          Min: 0, Avg: 86.2, Max: 192, Diff: 192, Sum: 345, Workers: 4
[38.338s][debug][gc,phases      ] GC(87)   JVMTI Tag Weak OopStorage      Min:  0.0, Avg:  0.0, Max:  0.0, Diff:  0.0, Sum:  0.0, Workers: 4
[38.338s][debug][gc,phases      ] GC(87)     Dead                           Min: 0, Avg:  0.0, Max: 0, Diff: 0, Sum: 0, Workers: 4
[38.338s][debug][gc,phases      ] GC(87)     Total                          Min: 0, Avg:  0.0, Max: 0, Diff: 0, Sum: 0, Workers: 4
[38.338s][debug][gc,phases      ] GC(87)   StringTable Weak               Min:  0.1, Avg:  0.1, Max:  0.1, Diff:  0.0, Sum:  0.4, Workers: 4
[38.338s][debug][gc,phases      ] GC(87)     Dead                           Min: 0, Avg:  0.0, Max: 0, Diff: 0, Sum: 0, Workers: 4
[38.338s][debug][gc,phases      ] GC(87)     Total                          Min: 9598, Avg: 10988.5, Max: 14784, Diff: 5186, Sum: 43954, Workers: 4
[38.338s][debug][gc,phases      ] GC(87)   ResolvedMethodTable Weak       Min:  0.0, Avg:  0.0, Max:  0.0, Diff:  0.0, Sum:  0.1, Workers: 4
[38.338s][debug][gc,phases      ] GC(87)     Dead                           Min: 0, Avg:  0.0, Max: 0, Diff: 0, Sum: 0, Workers: 4
[38.338s][debug][gc,phases      ] GC(87)     Total                          Min: 1599, Avg: 1923.0, Max: 2445, Diff: 846, Sum: 7692, Workers: 4
[38.338s][debug][gc,phases      ] GC(87)   JNI Weak                       Min:  0.0, Avg:  0.0, Max:  0.0, Diff:  0.0, Sum:  0.0, Workers: 4
[38.338s][debug][gc,phases      ] GC(87)     Dead                           Min: 0, Avg:  0.0, Max: 0, Diff: 0, Sum: 0, Workers: 4
[38.338s][debug][gc,phases      ] GC(87)     Total                          Min: 0, Avg:  3.0, Max: 12, Diff: 12, Sum: 12, Workers: 4
[38.338s][debug][gc,phases      ] GC(87)   StringDedup Table Weak         Min:  0.0, Avg:  0.0, Max:  0.0, Diff:  0.0, Sum:  0.0, Workers: 4
[38.338s][debug][gc,phases      ] GC(87)     Dead                           Min: 0, Avg:  0.0, Max: 0, Diff: 0, Sum: 0, Workers: 4
[38.338s][debug][gc,phases      ] GC(87)     Total                          Min: 0, Avg:  0.0, Max: 0, Diff: 0, Sum: 0, Workers: 4
[38.338s][debug][gc,phases      ] GC(87)   StringDedup Requests0 Weak     Min:  0.0, Avg:  0.0, Max:  0.0, Diff:  0.0, Sum:  0.0, Workers: 4
[38.338s][debug][gc,phases      ] GC(87)     Dead                           Min: 0, Avg:  0.0, Max: 0, Diff: 0, Sum: 0, Workers: 4
[38.338s][debug][gc,phases      ] GC(87)     Total                          Min: 0, Avg:  0.0, Max: 0, Diff: 0, Sum: 0, Workers: 4
[38.338s][debug][gc,phases      ] GC(87)   StringDedup Requests1 Weak     Min:  0.0, Avg:  0.0, Max:  0.0, Diff:  0.0, Sum:  0.0, Workers: 4
[38.338s][debug][gc,phases      ] GC(87)     Dead                           Min: 0, Avg:  0.0, Max: 0, Diff: 0, Sum: 0, Workers: 4
[38.338s][debug][gc,phases      ] GC(87)     Total                          Min: 0, Avg:  0.0, Max: 0, Diff: 0, Sum: 0, Workers: 4
[38.338s][debug][gc,phases      ] GC(87)   Weak JFR Old Object Samples    Min:  0.0, Avg:  0.0, Max:  0.0, Diff:  0.0, Sum:  0.0, Workers: 4
[38.338s][debug][gc,phases      ] GC(87)     Dead                           Min: 0, Avg:  0.0, Max: 0, Diff: 0, Sum: 0, Workers: 4
[38.338s][debug][gc,phases      ] GC(87)     Total                          Min: 0, Avg:  0.0, Max: 0, Diff: 0, Sum: 0, Workers: 4
[38.338s][debug][gc,phases      ] GC(87) Weak Processing 0.276ms
[38.338s][debug][gc,age         ] GC(87) Desired survivor size 162004992 bytes, new threshold 15 (max threshold 15)
[38.338s][info ][gc,heap        ] GC(87) PSYoungGen: 1795712K(1908224K)->69624K(1938944K) Eden: 1730560K(1730560K)->0K(1772032K) From: 65152K(177664K)->69624K(166912K)
[38.338s][info ][gc,heap        ] GC(87) ParOldGen: 515506K(638464K)->515506K(638464K)
[38.338s][info ][gc,metaspace   ] GC(87) Metaspace: 71972K(72704K)->71972K(72704K) NonClass: 61607K(62016K)->61607K(62016K) Class: 10365K(10688K)->10365K(10688K)
[38.338s][info ][gc             ] GC(87) Pause Young (Allocation Failure) 2257M->571M(2517M) 33.883ms
[38.338s][info ][gc,cpu         ] GC(87) User=0.13s Sys=0.00s Real=0.03s
[38.338s][info ][safepoint      ] Safepoint "ParallelGCFailedAllocation", Time since last: 139216058 ns, Reaching safepoint: 144500 ns, At safepoint: 33983919 ns, Total: 34128419 ns
[38.625s][info ][safepoint      ] Safepoint "ICBufferFull", Time since last: 286210274 ns, Reaching safepoint: 164099 ns, At safepoint: 30400 ns, Total: 194499 ns
[38.778s][info ][gc,start       ] GC(88) Pause Young (Allocation Failure)
[38.815s][debug][gc,phases      ] GC(88) Scavenge 37.067ms
[38.815s][debug][gc,ref         ] GC(88) Skipped phase 1 of Reference Processing: no references
[38.815s][debug][gc,ref         ] GC(88) ReferenceProcessor::execute queues: 1, RefProcThreadModel::Single, marks_oops_alive: false
[38.815s][debug][gc,ref         ] GC(88) Skipped phase 3 of Reference Processing: no references
[38.815s][debug][gc,ref         ] GC(88) ReferenceProcessor::execute queues: 1, RefProcThreadModel::Single, marks_oops_alive: false
[38.815s][debug][gc,phases      ] GC(88) Reference Processing 0.134ms
[38.815s][debug][gc,phases      ] GC(88)   VM Weak                        Min:  0.0, Avg:  0.0, Max:  0.0, Diff:  0.0, Sum:  0.0, Workers: 4
[38.816s][debug][gc,phases      ] GC(88)     Dead                           Min: 0, Avg:  0.0, Max: 0, Diff: 0, Sum: 0, Workers: 4
[38.816s][debug][gc,phases      ] GC(88)     Total                          Min: 0, Avg: 156.2, Max: 433, Diff: 433, Sum: 625, Workers: 4
[38.816s][debug][gc,phases      ] GC(88)   ObjectSynchronizer Weak        Min:  0.0, Avg:  0.0, Max:  0.0, Diff:  0.0, Sum:  0.0, Workers: 4
[38.816s][debug][gc,phases      ] GC(88)     Dead                           Min: 0, Avg:  0.0, Max: 0, Diff: 0, Sum: 0, Workers: 4
[38.816s][debug][gc,phases      ] GC(88)     Total                          Min: 0, Avg: 86.2, Max: 153, Diff: 153, Sum: 345, Workers: 4
[38.816s][debug][gc,phases      ] GC(88)   JVMTI Tag Weak OopStorage      Min:  0.0, Avg:  0.0, Max:  0.0, Diff:  0.0, Sum:  0.0, Workers: 4
[38.816s][debug][gc,phases      ] GC(88)     Dead                           Min: 0, Avg:  0.0, Max: 0, Diff: 0, Sum: 0, Workers: 4
[38.816s][debug][gc,phases      ] GC(88)     Total                          Min: 0, Avg:  0.0, Max: 0, Diff: 0, Sum: 0, Workers: 4
[38.816s][debug][gc,phases      ] GC(88)   StringTable Weak               Min:  0.1, Avg:  0.1, Max:  0.1, Diff:  0.0, Sum:  0.3, Workers: 4
[38.816s][debug][gc,phases      ] GC(88)     Dead                           Min: 0, Avg:  0.2, Max: 1, Diff: 1, Sum: 1, Workers: 4
[38.816s][debug][gc,phases      ] GC(88)     Total                          Min: 7808, Avg: 11075.5, Max: 12799, Diff: 4991, Sum: 44302, Workers: 4
[38.816s][debug][gc,phases      ] GC(88)   ResolvedMethodTable Weak       Min:  0.0, Avg:  0.0, Max:  0.0, Diff:  0.0, Sum:  0.1, Workers: 4
[38.816s][debug][gc,phases      ] GC(88)     Dead                           Min: 0, Avg: 20.2, Max: 41, Diff: 41, Sum: 81, Workers: 4
[38.816s][debug][gc,phases      ] GC(88)     Total                          Min: 1272, Avg: 1980.2, Max: 2366, Diff: 1094, Sum: 7921, Workers: 4
[38.816s][debug][gc,phases      ] GC(88)   JNI Weak                       Min:  0.0, Avg:  0.0, Max:  0.0, Diff:  0.0, Sum:  0.0, Workers: 4
[38.816s][debug][gc,phases      ] GC(88)     Dead                           Min: 0, Avg:  0.0, Max: 0, Diff: 0, Sum: 0, Workers: 4
[38.816s][debug][gc,phases      ] GC(88)     Total                          Min: 0, Avg:  5.5, Max: 22, Diff: 22, Sum: 22, Workers: 4
[38.816s][debug][gc,phases      ] GC(88)   StringDedup Table Weak         Min:  0.0, Avg:  0.0, Max:  0.0, Diff:  0.0, Sum:  0.0, Workers: 4
[38.816s][debug][gc,phases      ] GC(88)     Dead                           Min: 0, Avg:  0.0, Max: 0, Diff: 0, Sum: 0, Workers: 4
[38.816s][debug][gc,phases      ] GC(88)     Total                          Min: 0, Avg:  0.0, Max: 0, Diff: 0, Sum: 0, Workers: 4
[38.816s][debug][gc,phases      ] GC(88)   StringDedup Requests0 Weak     Min:  0.0, Avg:  0.0, Max:  0.0, Diff:  0.0, Sum:  0.0, Workers: 4
[38.816s][debug][gc,phases      ] GC(88)     Dead                           Min: 0, Avg:  0.0, Max: 0, Diff: 0, Sum: 0, Workers: 4
[38.816s][debug][gc,phases      ] GC(88)     Total                          Min: 0, Avg:  0.0, Max: 0, Diff: 0, Sum: 0, Workers: 4
[38.816s][debug][gc,phases      ] GC(88)   StringDedup Requests1 Weak     Min:  0.0, Avg:  0.0, Max:  0.0, Diff:  0.0, Sum:  0.0, Workers: 4
[38.816s][debug][gc,phases      ] GC(88)     Dead                           Min: 0, Avg:  0.0, Max: 0, Diff: 0, Sum: 0, Workers: 4
[38.816s][debug][gc,phases      ] GC(88)     Total                          Min: 0, Avg:  0.0, Max: 0, Diff: 0, Sum: 0, Workers: 4
[38.816s][debug][gc,phases      ] GC(88)   Weak JFR Old Object Samples    Min:  0.0, Avg:  0.0, Max:  0.0, Diff:  0.0, Sum:  0.0, Workers: 4
[38.816s][debug][gc,phases      ] GC(88)     Dead                           Min: 0, Avg:  0.0, Max: 0, Diff: 0, Sum: 0, Workers: 4
[38.816s][debug][gc,phases      ] GC(88)     Total                          Min: 0, Avg:  0.0, Max: 0, Diff: 0, Sum: 0, Workers: 4
[38.816s][debug][gc,phases      ] GC(88) Weak Processing 0.247ms
[38.816s][debug][gc,age         ] GC(88) Desired survivor size 157286400 bytes, new threshold 15 (max threshold 15)
[38.816s][info ][gc,heap        ] GC(88) PSYoungGen: 1841656K(1938944K)->79058K(1930240K) Eden: 1772032K(1772032K)->0K(1772032K) From: 69624K(166912K)->79058K(158208K)
[38.816s][info ][gc,heap        ] GC(88) ParOldGen: 515506K(638464K)->515514K(638464K)
[38.816s][info ][gc,metaspace   ] GC(88) Metaspace: 73878K(74688K)->73878K(74688K) NonClass: 63175K(63616K)->63175K(63616K) Class: 10703K(11072K)->10703K(11072K)
[38.816s][info ][gc             ] GC(88) Pause Young (Allocation Failure) 2301M->580M(2508M) 37.560ms
[38.816s][info ][gc,cpu         ] GC(88) User=0.19s Sys=0.00s Real=0.04s
[38.816s][info ][safepoint      ] Safepoint "ParallelGCFailedAllocation", Time since last: 153136784 ns, Reaching safepoint: 137299 ns, At safepoint: 37649199 ns, Total: 37786498 ns
[38.924s][info ][safepoint      ] Safepoint "ICBufferFull", Time since last: 108278123 ns, Reaching safepoint: 121400 ns, At safepoint: 26799 ns, Total: 148199 ns
[39.208s][info ][gc,start       ] GC(89) Pause Young (Allocation Failure)
[39.241s][debug][gc,phases      ] GC(89) Scavenge 33.478ms
[39.241s][debug][gc,ref         ] GC(89) Skipped phase 1 of Reference Processing: no references
[39.241s][debug][gc,ref         ] GC(89) ReferenceProcessor::execute queues: 1, RefProcThreadModel::Single, marks_oops_alive: false
[39.242s][debug][gc,ref         ] GC(89) Skipped phase 3 of Reference Processing: no references
[39.242s][debug][gc,ref         ] GC(89) ReferenceProcessor::execute queues: 1, RefProcThreadModel::Single, marks_oops_alive: false
[39.242s][debug][gc,phases      ] GC(89) Reference Processing 0.150ms
[39.242s][debug][gc,phases      ] GC(89)   VM Weak                        Min:  0.0, Avg:  0.0, Max:  0.0, Diff:  0.0, Sum:  0.0, Workers: 4
[39.242s][debug][gc,phases      ] GC(89)     Dead                           Min: 0, Avg:  0.0, Max: 0, Diff: 0, Sum: 0, Workers: 4
[39.242s][debug][gc,phases      ] GC(89)     Total                          Min: 0, Avg: 156.2, Max: 576, Diff: 576, Sum: 625, Workers: 4
[39.242s][debug][gc,phases      ] GC(89)   ObjectSynchronizer Weak        Min:  0.0, Avg:  0.0, Max:  0.0, Diff:  0.0, Sum:  0.0, Workers: 4
[39.242s][debug][gc,phases      ] GC(89)     Dead                           Min: 0, Avg:  0.0, Max: 0, Diff: 0, Sum: 0, Workers: 4
[39.242s][debug][gc,phases      ] GC(89)     Total                          Min: 0, Avg: 86.2, Max: 153, Diff: 153, Sum: 345, Workers: 4
[39.242s][debug][gc,phases      ] GC(89)   JVMTI Tag Weak OopStorage      Min:  0.0, Avg:  0.0, Max:  0.0, Diff:  0.0, Sum:  0.0, Workers: 4
[39.242s][debug][gc,phases      ] GC(89)     Dead                           Min: 0, Avg:  0.0, Max: 0, Diff: 0, Sum: 0, Workers: 4
[39.242s][debug][gc,phases      ] GC(89)     Total                          Min: 0, Avg:  0.0, Max: 0, Diff: 0, Sum: 0, Workers: 4
[39.242s][debug][gc,phases      ] GC(89)   StringTable Weak               Min:  0.1, Avg:  0.1, Max:  0.1, Diff:  0.0, Sum:  0.4, Workers: 4
[39.242s][debug][gc,phases      ] GC(89)     Dead                           Min: 0, Avg:  0.0, Max: 0, Diff: 0, Sum: 0, Workers: 4
[39.242s][debug][gc,phases      ] GC(89)     Total                          Min: 9707, Avg: 11082.5, Max: 14080, Diff: 4373, Sum: 44330, Workers: 4
[39.242s][debug][gc,phases      ] GC(89)   ResolvedMethodTable Weak       Min:  0.0, Avg:  0.0, Max:  0.0, Diff:  0.0, Sum:  0.1, Workers: 4
[39.242s][debug][gc,phases      ] GC(89)     Dead                           Min: 0, Avg:  0.0, Max: 0, Diff: 0, Sum: 0, Workers: 4
[39.242s][debug][gc,phases      ] GC(89)     Total                          Min: 1727, Avg: 1980.2, Max: 2487, Diff: 760, Sum: 7921, Workers: 4
[39.242s][debug][gc,phases      ] GC(89)   JNI Weak                       Min:  0.0, Avg:  0.0, Max:  0.0, Diff:  0.0, Sum:  0.0, Workers: 4
[39.242s][debug][gc,phases      ] GC(89)     Dead                           Min: 0, Avg:  0.0, Max: 0, Diff: 0, Sum: 0, Workers: 4
[39.242s][debug][gc,phases      ] GC(89)     Total                          Min: 0, Avg:  5.0, Max: 20, Diff: 20, Sum: 20, Workers: 4
[39.242s][debug][gc,phases      ] GC(89)   StringDedup Table Weak         Min:  0.0, Avg:  0.0, Max:  0.0, Diff:  0.0, Sum:  0.0, Workers: 4
[39.242s][debug][gc,phases      ] GC(89)     Dead                           Min: 0, Avg:  0.0, Max: 0, Diff: 0, Sum: 0, Workers: 4
[39.242s][debug][gc,phases      ] GC(89)     Total                          Min: 0, Avg:  0.0, Max: 0, Diff: 0, Sum: 0, Workers: 4
[39.242s][debug][gc,phases      ] GC(89)   StringDedup Requests0 Weak     Min:  0.0, Avg:  0.0, Max:  0.0, Diff:  0.0, Sum:  0.0, Workers: 4
[39.242s][debug][gc,phases      ] GC(89)     Dead                           Min: 0, Avg:  0.0, Max: 0, Diff: 0, Sum: 0, Workers: 4
[39.242s][debug][gc,phases      ] GC(89)     Total                          Min: 0, Avg:  0.0, Max: 0, Diff: 0, Sum: 0, Workers: 4
[39.242s][debug][gc,phases      ] GC(89)   StringDedup Requests1 Weak     Min:  0.0, Avg:  0.0, Max:  0.0, Diff:  0.0, Sum:  0.0, Workers: 4
[39.242s][debug][gc,phases      ] GC(89)     Dead                           Min: 0, Avg:  0.0, Max: 0, Diff: 0, Sum: 0, Workers: 4
[39.242s][debug][gc,phases      ] GC(89)     Total                          Min: 0, Avg:  0.0, Max: 0, Diff: 0, Sum: 0, Workers: 4
[39.242s][debug][gc,phases      ] GC(89)   Weak JFR Old Object Samples    Min:  0.0, Avg:  0.0, Max:  0.0, Diff:  0.0, Sum:  0.0, Workers: 4
[39.242s][debug][gc,phases      ] GC(89)     Dead                           Min: 0, Avg:  0.0, Max: 0, Diff: 0, Sum: 0, Workers: 4
[39.242s][debug][gc,phases      ] GC(89)     Total                          Min: 0, Avg:  0.0, Max: 0, Diff: 0, Sum: 0, Workers: 4
[39.242s][debug][gc,phases      ] GC(89) Weak Processing 0.285ms
[39.242s][debug][gc,age         ] GC(89) Desired survivor size 154140672 bytes, new threshold 15 (max threshold 15)
[39.242s][info ][gc,heap        ] GC(89) PSYoungGen: 1851090K(1930240K)->82386K(1946624K) Eden: 1772032K(1772032K)->0K(1793024K) From: 79058K(158208K)->82386K(153600K)
[39.242s][info ][gc,heap        ] GC(89) ParOldGen: 515514K(638464K)->515522K(638464K)
[39.242s][info ][gc,metaspace   ] GC(89) Metaspace: 73967K(74816K)->73967K(74816K) NonClass: 63259K(63744K)->63259K(63744K) Class: 10708K(11072K)->10708K(11072K)
[39.242s][info ][gc             ] GC(89) Pause Young (Allocation Failure) 2311M->583M(2524M) 34.032ms
[39.242s][info ][gc,cpu         ] GC(89) User=0.15s Sys=0.00s Real=0.03s
[39.242s][info ][safepoint      ] Safepoint "ParallelGCFailedAllocation", Time since last: 283488689 ns, Reaching safepoint: 186699 ns, At safepoint: 34138218 ns, Total: 34324917 ns
[39.643s][info ][gc,start       ] GC(90) Pause Young (Allocation Failure)
[39.672s][debug][gc,phases      ] GC(90) Scavenge 29.280ms
[39.672s][debug][gc,ref         ] GC(90) Skipped phase 1 of Reference Processing: no references
[39.672s][debug][gc,ref         ] GC(90) ReferenceProcessor::execute queues: 1, RefProcThreadModel::Single, marks_oops_alive: false
[39.672s][debug][gc,ref         ] GC(90) Skipped phase 3 of Reference Processing: no references
[39.672s][debug][gc,ref         ] GC(90) ReferenceProcessor::execute queues: 1, RefProcThreadModel::Single, marks_oops_alive: false
[39.672s][debug][gc,phases      ] GC(90) Reference Processing 0.118ms
[39.672s][debug][gc,phases      ] GC(90)   VM Weak                        Min:  0.0, Avg:  0.0, Max:  0.0, Diff:  0.0, Sum:  0.0, Workers: 4
[39.672s][debug][gc,phases      ] GC(90)     Dead                           Min: 0, Avg:  0.0, Max: 0, Diff: 0, Sum: 0, Workers: 4
[39.672s][debug][gc,phases      ] GC(90)     Total                          Min: 0, Avg: 156.2, Max: 320, Diff: 320, Sum: 625, Workers: 4
[39.672s][debug][gc,phases      ] GC(90)   ObjectSynchronizer Weak        Min:  0.0, Avg:  0.0, Max:  0.0, Diff:  0.0, Sum:  0.0, Workers: 4
[39.672s][debug][gc,phases      ] GC(90)     Dead                           Min: 0, Avg:  0.0, Max: 0, Diff: 0, Sum: 0, Workers: 4
[39.672s][debug][gc,phases      ] GC(90)     Total                          Min: 0, Avg: 86.2, Max: 128, Diff: 128, Sum: 345, Workers: 4
[39.672s][debug][gc,phases      ] GC(90)   JVMTI Tag Weak OopStorage      Min:  0.0, Avg:  0.0, Max:  0.0, Diff:  0.0, Sum:  0.0, Workers: 4
[39.672s][debug][gc,phases      ] GC(90)     Dead                           Min: 0, Avg:  0.0, Max: 0, Diff: 0, Sum: 0, Workers: 4
[39.672s][debug][gc,phases      ] GC(90)     Total                          Min: 0, Avg:  0.0, Max: 0, Diff: 0, Sum: 0, Workers: 4
[39.672s][debug][gc,phases      ] GC(90)   StringTable Weak               Min:  0.1, Avg:  0.1, Max:  0.1, Diff:  0.0, Sum:  0.3, Workers: 4
[39.672s][debug][gc,phases      ] GC(90)     Dead                           Min: 0, Avg:  0.0, Max: 0, Diff: 0, Sum: 0, Workers: 4
[39.672s][debug][gc,phases      ] GC(90)     Total                          Min: 8512, Avg: 11085.5, Max: 13696, Diff: 5184, Sum: 44342, Workers: 4
[39.672s][debug][gc,phases      ] GC(90)   ResolvedMethodTable Weak       Min:  0.0, Avg:  0.0, Max:  0.0, Diff:  0.0, Sum:  0.1, Workers: 4
[39.672s][debug][gc,phases      ] GC(90)     Dead                           Min: 0, Avg:  0.0, Max: 0, Diff: 0, Sum: 0, Workers: 4
[39.672s][debug][gc,phases      ] GC(90)     Total                          Min: 1472, Avg: 1981.0, Max: 2488, Diff: 1016, Sum: 7924, Workers: 4
[39.672s][debug][gc,phases      ] GC(90)   JNI Weak                       Min:  0.0, Avg:  0.0, Max:  0.0, Diff:  0.0, Sum:  0.0, Workers: 4
[39.672s][debug][gc,phases      ] GC(90)     Dead                           Min: 0, Avg:  0.0, Max: 0, Diff: 0, Sum: 0, Workers: 4
[39.672s][debug][gc,phases      ] GC(90)     Total                          Min: 0, Avg:  5.8, Max: 23, Diff: 23, Sum: 23, Workers: 4
[39.672s][debug][gc,phases      ] GC(90)   StringDedup Table Weak         Min:  0.0, Avg:  0.0, Max:  0.0, Diff:  0.0, Sum:  0.0, Workers: 4
[39.672s][debug][gc,phases      ] GC(90)     Dead                           Min: 0, Avg:  0.0, Max: 0, Diff: 0, Sum: 0, Workers: 4
[39.672s][debug][gc,phases      ] GC(90)     Total                          Min: 0, Avg:  0.0, Max: 0, Diff: 0, Sum: 0, Workers: 4
[39.672s][debug][gc,phases      ] GC(90)   StringDedup Requests0 Weak     Min:  0.0, Avg:  0.0, Max:  0.0, Diff:  0.0, Sum:  0.0, Workers: 4
[39.672s][debug][gc,phases      ] GC(90)     Dead                           Min: 0, Avg:  0.0, Max: 0, Diff: 0, Sum: 0, Workers: 4
[39.672s][debug][gc,phases      ] GC(90)     Total                          Min: 0, Avg:  0.0, Max: 0, Diff: 0, Sum: 0, Workers: 4
[39.672s][debug][gc,phases      ] GC(90)   StringDedup Requests1 Weak     Min:  0.0, Avg:  0.0, Max:  0.0, Diff:  0.0, Sum:  0.0, Workers: 4
[39.672s][debug][gc,phases      ] GC(90)     Dead                           Min: 0, Avg:  0.0, Max: 0, Diff: 0, Sum: 0, Workers: 4
[39.672s][debug][gc,phases      ] GC(90)     Total                          Min: 0, Avg:  0.0, Max: 0, Diff: 0, Sum: 0, Workers: 4
[39.672s][debug][gc,phases      ] GC(90)   Weak JFR Old Object Samples    Min:  0.0, Avg:  0.0, Max:  0.0, Diff:  0.0, Sum:  0.0, Workers: 4
[39.672s][debug][gc,phases      ] GC(90)     Dead                           Min: 0, Avg:  0.0, Max: 0, Diff: 0, Sum: 0, Workers: 4
[39.672s][debug][gc,phases      ] GC(90)     Total                          Min: 0, Avg:  0.0, Max: 0, Diff: 0, Sum: 0, Workers: 4
[39.672s][debug][gc,phases      ] GC(90) Weak Processing 0.251ms
[39.672s][debug][gc,age         ] GC(90) Desired survivor size 150994944 bytes, new threshold 15 (max threshold 15)
[39.672s][info ][gc,heap        ] GC(90) PSYoungGen: 1875410K(1946624K)->83610K(1943552K) Eden: 1793024K(1793024K)->0K(1793024K) From: 82386K(153600K)->83610K(150528K)
[39.672s][info ][gc,heap        ] GC(90) ParOldGen: 515522K(638464K)->515530K(638464K)
[39.672s][info ][gc,metaspace   ] GC(90) Metaspace: 74088K(74880K)->74088K(74880K) NonClass: 63376K(63808K)->63376K(63808K) Class: 10712K(11072K)->10712K(11072K)
[39.672s][info ][gc             ] GC(90) Pause Young (Allocation Failure) 2334M->585M(2521M) 29.768ms
[39.672s][info ][gc,cpu         ] GC(90) User=0.12s Sys=0.00s Real=0.03s
[39.673s][info ][safepoint      ] Safepoint "ParallelGCFailedAllocation", Time since last: 400090968 ns, Reaching safepoint: 636997 ns, At safepoint: 29872140 ns, Total: 30509137 ns
[40.063s][info ][gc,start       ] GC(91) Pause Young (Allocation Failure)
[40.100s][debug][gc,phases      ] GC(91) Scavenge 36.990ms
[40.101s][debug][gc,ref         ] GC(91) Skipped phase 1 of Reference Processing: no references
[40.101s][debug][gc,ref         ] GC(91) ReferenceProcessor::execute queues: 1, RefProcThreadModel::Single, marks_oops_alive: false
[40.101s][debug][gc,ref         ] GC(91) Skipped phase 3 of Reference Processing: no references
[40.101s][debug][gc,ref         ] GC(91) ReferenceProcessor::execute queues: 1, RefProcThreadModel::Single, marks_oops_alive: false
[40.101s][debug][gc,phases      ] GC(91) Reference Processing 0.112ms
[40.101s][debug][gc,phases      ] GC(91)   VM Weak                        Min:  0.0, Avg:  0.0, Max:  0.0, Diff:  0.0, Sum:  0.0, Workers: 4
[40.101s][debug][gc,phases      ] GC(91)     Dead                           Min: 0, Avg:  0.0, Max: 0, Diff: 0, Sum: 0, Workers: 4
[40.101s][debug][gc,phases      ] GC(91)     Total                          Min: 0, Avg: 156.2, Max: 369, Diff: 369, Sum: 625, Workers: 4
[40.101s][debug][gc,phases      ] GC(91)   ObjectSynchronizer Weak        Min:  0.0, Avg:  0.0, Max:  0.0, Diff:  0.0, Sum:  0.0, Workers: 4
[40.101s][debug][gc,phases      ] GC(91)     Dead                           Min: 0, Avg:  0.0, Max: 0, Diff: 0, Sum: 0, Workers: 4
[40.101s][debug][gc,phases      ] GC(91)     Total                          Min: 0, Avg: 86.5, Max: 154, Diff: 154, Sum: 346, Workers: 4
[40.101s][debug][gc,phases      ] GC(91)   JVMTI Tag Weak OopStorage      Min:  0.0, Avg:  0.0, Max:  0.0, Diff:  0.0, Sum:  0.0, Workers: 4
[40.101s][debug][gc,phases      ] GC(91)     Dead                           Min: 0, Avg:  0.0, Max: 0, Diff: 0, Sum: 0, Workers: 4
[40.101s][debug][gc,phases      ] GC(91)     Total                          Min: 0, Avg:  0.0, Max: 0, Diff: 0, Sum: 0, Workers: 4
[40.101s][debug][gc,phases      ] GC(91)   StringTable Weak               Min:  0.1, Avg:  0.1, Max:  0.1, Diff:  0.0, Sum:  0.4, Workers: 4
[40.101s][debug][gc,phases      ] GC(91)     Dead                           Min: 0, Avg:  0.0, Max: 0, Diff: 0, Sum: 0, Workers: 4
[40.101s][debug][gc,phases      ] GC(91)     Total                          Min: 10560, Avg: 11088.8, Max: 11456, Diff: 896, Sum: 44355, Workers: 4
[40.101s][debug][gc,phases      ] GC(91)   ResolvedMethodTable Weak       Min:  0.0, Avg:  0.0, Max:  0.0, Diff:  0.0, Sum:  0.1, Workers: 4
[40.101s][debug][gc,phases      ] GC(91)     Dead                           Min: 0, Avg:  0.0, Max: 0, Diff: 0, Sum: 0, Workers: 4
[40.101s][debug][gc,phases      ] GC(91)     Total                          Min: 1853, Avg: 1981.2, Max: 2240, Diff: 387, Sum: 7925, Workers: 4
[40.101s][debug][gc,phases      ] GC(91)   JNI Weak                       Min:  0.0, Avg:  0.0, Max:  0.0, Diff:  0.0, Sum:  0.0, Workers: 4
[40.101s][debug][gc,phases      ] GC(91)     Dead                           Min: 0, Avg:  0.0, Max: 0, Diff: 0, Sum: 0, Workers: 4
[40.101s][debug][gc,phases      ] GC(91)     Total                          Min: 0, Avg:  2.5, Max: 10, Diff: 10, Sum: 10, Workers: 4
[40.101s][debug][gc,phases      ] GC(91)   StringDedup Table Weak         Min:  0.0, Avg:  0.0, Max:  0.0, Diff:  0.0, Sum:  0.0, Workers: 4
[40.101s][debug][gc,phases      ] GC(91)     Dead                           Min: 0, Avg:  0.0, Max: 0, Diff: 0, Sum: 0, Workers: 4
[40.101s][debug][gc,phases      ] GC(91)     Total                          Min: 0, Avg:  0.0, Max: 0, Diff: 0, Sum: 0, Workers: 4
[40.101s][debug][gc,phases      ] GC(91)   StringDedup Requests0 Weak     Min:  0.0, Avg:  0.0, Max:  0.0, Diff:  0.0, Sum:  0.0, Workers: 4
[40.101s][debug][gc,phases      ] GC(91)     Dead                           Min: 0, Avg:  0.0, Max: 0, Diff: 0, Sum: 0, Workers: 4
[40.101s][debug][gc,phases      ] GC(91)     Total                          Min: 0, Avg:  0.0, Max: 0, Diff: 0, Sum: 0, Workers: 4
[40.101s][debug][gc,phases      ] GC(91)   StringDedup Requests1 Weak     Min:  0.0, Avg:  0.0, Max:  0.0, Diff:  0.0, Sum:  0.0, Workers: 4
[40.101s][debug][gc,phases      ] GC(91)     Dead                           Min: 0, Avg:  0.0, Max: 0, Diff: 0, Sum: 0, Workers: 4
[40.101s][debug][gc,phases      ] GC(91)     Total                          Min: 0, Avg:  0.0, Max: 0, Diff: 0, Sum: 0, Workers: 4
[40.101s][debug][gc,phases      ] GC(91)   Weak JFR Old Object Samples    Min:  0.0, Avg:  0.0, Max:  0.0, Diff:  0.0, Sum:  0.0, Workers: 4
[40.101s][debug][gc,phases      ] GC(91)     Dead                           Min: 0, Avg:  0.0, Max: 0, Diff: 0, Sum: 0, Workers: 4
[40.101s][debug][gc,phases      ] GC(91)     Total                          Min: 0, Avg:  0.0, Max: 0, Diff: 0, Sum: 0, Workers: 4
[40.101s][debug][gc,phases      ] GC(91) Weak Processing 0.280ms
[40.101s][debug][gc,age         ] GC(91) Desired survivor size 148897792 bytes, new threshold 15 (max threshold 15)
[40.101s][info ][gc,heap        ] GC(91) PSYoungGen: 1876634K(1943552K)->85601K(1951744K) Eden: 1793024K(1793024K)->0K(1804288K) From: 83610K(150528K)->85601K(147456K)
[40.101s][info ][gc,heap        ] GC(91) ParOldGen: 515530K(638464K)->515530K(638464K)
[40.101s][info ][gc,metaspace   ] GC(91) Metaspace: 74157K(74944K)->74157K(74944K) NonClass: 63439K(63872K)->63439K(63872K) Class: 10717K(11072K)->10717K(11072K)
[40.101s][info ][gc             ] GC(91) Pause Young (Allocation Failure) 2336M->587M(2529M) 37.495ms
[40.101s][info ][gc,cpu         ] GC(91) User=0.15s Sys=0.00s Real=0.03s
[40.101s][info ][safepoint      ] Safepoint "ParallelGCFailedAllocation", Time since last: 390701118 ns, Reaching safepoint: 178199 ns, At safepoint: 37603999 ns, Total: 37782198 ns
[40.403s][info ][safepoint      ] Safepoint "ICBufferFull", Time since last: 301602493 ns, Reaching safepoint: 295398 ns, At safepoint: 33000 ns, Total: 328398 ns
[40.503s][info ][gc,start       ] GC(92) Pause Young (Allocation Failure)
[40.537s][debug][gc,phases      ] GC(92) Scavenge 34.531ms
[40.537s][debug][gc,ref         ] GC(92) Skipped phase 1 of Reference Processing: no references
[40.537s][debug][gc,ref         ] GC(92) ReferenceProcessor::execute queues: 1, RefProcThreadModel::Single, marks_oops_alive: false
[40.537s][debug][gc,ref         ] GC(92) Skipped phase 3 of Reference Processing: no references
[40.537s][debug][gc,ref         ] GC(92) ReferenceProcessor::execute queues: 1, RefProcThreadModel::Single, marks_oops_alive: false
[40.537s][debug][gc,phases      ] GC(92) Reference Processing 0.127ms
[40.538s][debug][gc,phases      ] GC(92)   VM Weak                        Min:  0.0, Avg:  0.0, Max:  0.0, Diff:  0.0, Sum:  0.0, Workers: 4
[40.538s][debug][gc,phases      ] GC(92)     Dead                           Min: 0, Avg:  0.0, Max: 0, Diff: 0, Sum: 0, Workers: 4
[40.538s][debug][gc,phases      ] GC(92)     Total                          Min: 0, Avg: 156.2, Max: 625, Diff: 625, Sum: 625, Workers: 4
[40.538s][debug][gc,phases      ] GC(92)   ObjectSynchronizer Weak        Min:  0.0, Avg:  0.0, Max:  0.0, Diff:  0.0, Sum:  0.0, Workers: 4
[40.538s][debug][gc,phases      ] GC(92)     Dead                           Min: 0, Avg:  0.2, Max: 1, Diff: 1, Sum: 1, Workers: 4
[40.538s][debug][gc,phases      ] GC(92)     Total                          Min: 0, Avg: 86.8, Max: 192, Diff: 192, Sum: 347, Workers: 4
[40.538s][debug][gc,phases      ] GC(92)   JVMTI Tag Weak OopStorage      Min:  0.0, Avg:  0.0, Max:  0.0, Diff:  0.0, Sum:  0.0, Workers: 4
[40.538s][debug][gc,phases      ] GC(92)     Dead                           Min: 0, Avg:  0.0, Max: 0, Diff: 0, Sum: 0, Workers: 4
[40.538s][debug][gc,phases      ] GC(92)     Total                          Min: 0, Avg:  0.0, Max: 0, Diff: 0, Sum: 0, Workers: 4
[40.538s][debug][gc,phases      ] GC(92)   StringTable Weak               Min:  0.1, Avg:  0.1, Max:  0.1, Diff:  0.0, Sum:  0.4, Workers: 4
[40.538s][debug][gc,phases      ] GC(92)     Dead                           Min: 0, Avg:  0.0, Max: 0, Diff: 0, Sum: 0, Workers: 4
[40.538s][debug][gc,phases      ] GC(92)     Total                          Min: 8896, Avg: 11090.2, Max: 14528, Diff: 5632, Sum: 44361, Workers: 4
[40.538s][debug][gc,phases      ] GC(92)   ResolvedMethodTable Weak       Min:  0.0, Avg:  0.0, Max:  0.0, Diff:  0.0, Sum:  0.1, Workers: 4
[40.538s][debug][gc,phases      ] GC(92)     Dead                           Min: 0, Avg:  0.0, Max: 0, Diff: 0, Sum: 0, Workers: 4
[40.538s][debug][gc,phases      ] GC(92)     Total                          Min: 1664, Avg: 1981.2, Max: 2558, Diff: 894, Sum: 7925, Workers: 4
[40.538s][debug][gc,phases      ] GC(92)   JNI Weak                       Min:  0.0, Avg:  0.0, Max:  0.0, Diff:  0.0, Sum:  0.0, Workers: 4
[40.538s][debug][gc,phases      ] GC(92)     Dead                           Min: 0, Avg:  0.0, Max: 0, Diff: 0, Sum: 0, Workers: 4
[40.538s][debug][gc,phases      ] GC(92)     Total                          Min: 0, Avg:  0.5, Max: 2, Diff: 2, Sum: 2, Workers: 4
[40.538s][debug][gc,phases      ] GC(92)   StringDedup Table Weak         Min:  0.0, Avg:  0.0, Max:  0.0, Diff:  0.0, Sum:  0.0, Workers: 4
[40.538s][debug][gc,phases      ] GC(92)     Dead                           Min: 0, Avg:  0.0, Max: 0, Diff: 0, Sum: 0, Workers: 4
[40.538s][debug][gc,phases      ] GC(92)     Total                          Min: 0, Avg:  0.0, Max: 0, Diff: 0, Sum: 0, Workers: 4
[40.538s][debug][gc,phases      ] GC(92)   StringDedup Requests0 Weak     Min:  0.0, Avg:  0.0, Max:  0.0, Diff:  0.0, Sum:  0.0, Workers: 4
[40.538s][debug][gc,phases      ] GC(92)     Dead                           Min: 0, Avg:  0.0, Max: 0, Diff: 0, Sum: 0, Workers: 4
[40.538s][debug][gc,phases      ] GC(92)     Total                          Min: 0, Avg:  0.0, Max: 0, Diff: 0, Sum: 0, Workers: 4
[40.538s][debug][gc,phases      ] GC(92)   StringDedup Requests1 Weak     Min:  0.0, Avg:  0.0, Max:  0.0, Diff:  0.0, Sum:  0.0, Workers: 4
[40.538s][debug][gc,phases      ] GC(92)     Dead                           Min: 0, Avg:  0.0, Max: 0, Diff: 0, Sum: 0, Workers: 4
[40.538s][debug][gc,phases      ] GC(92)     Total                          Min: 0, Avg:  0.0, Max: 0, Diff: 0, Sum: 0, Workers: 4
[40.538s][debug][gc,phases      ] GC(92)   Weak JFR Old Object Samples    Min:  0.0, Avg:  0.0, Max:  0.0, Diff:  0.0, Sum:  0.0, Workers: 4
[40.538s][debug][gc,phases      ] GC(92)     Dead                           Min: 0, Avg:  0.0, Max: 0, Diff: 0, Sum: 0, Workers: 4
[40.538s][debug][gc,phases      ] GC(92)     Total                          Min: 0, Avg:  0.0, Max: 0, Diff: 0, Sum: 0, Workers: 4
[40.538s][debug][gc,phases      ] GC(92) Weak Processing 0.273ms
[40.538s][debug][gc,age         ] GC(92) Desired survivor size 145752064 bytes, new threshold 15 (max threshold 15)
[40.538s][info ][gc,heap        ] GC(92) PSYoungGen: 1889889K(1951744K)->83969K(1949696K) Eden: 1804288K(1804288K)->0K(1804288K) From: 85601K(147456K)->83969K(145408K)
[40.538s][info ][gc,heap        ] GC(92) ParOldGen: 515530K(638464K)->515538K(638464K)
[40.538s][info ][gc,metaspace   ] GC(92) Metaspace: 74192K(74944K)->74192K(74944K) NonClass: 63474K(63872K)->63474K(63872K) Class: 10717K(11072K)->10717K(11072K)
[40.538s][info ][gc             ] GC(92) Pause Young (Allocation Failure) 2349M->585M(2527M) 35.041ms
[40.538s][info ][gc,cpu         ] GC(92) User=0.14s Sys=0.00s Real=0.03s
[40.538s][info ][safepoint      ] Safepoint "ParallelGCFailedAllocation", Time since last: 99515870 ns, Reaching safepoint: 195899 ns, At safepoint: 35144712 ns, Total: 35340611 ns
[40.915s][info ][gc,start       ] GC(93) Pause Young (Allocation Failure)
[40.952s][debug][gc,phases      ] GC(93) Scavenge 37.069ms
[40.952s][debug][gc,ref         ] GC(93) Skipped phase 1 of Reference Processing: no references
[40.952s][debug][gc,ref         ] GC(93) ReferenceProcessor::execute queues: 1, RefProcThreadModel::Single, marks_oops_alive: false
[40.952s][debug][gc,ref         ] GC(93) Skipped phase 3 of Reference Processing: no references
[40.952s][debug][gc,ref         ] GC(93) ReferenceProcessor::execute queues: 1, RefProcThreadModel::Single, marks_oops_alive: false
[40.952s][debug][gc,phases      ] GC(93) Reference Processing 0.115ms
[40.952s][debug][gc,phases      ] GC(93)   VM Weak                        Min:  0.0, Avg:  0.0, Max:  0.0, Diff:  0.0, Sum:  0.0, Workers: 4
[40.952s][debug][gc,phases      ] GC(93)     Dead                           Min: 0, Avg:  0.0, Max: 0, Diff: 0, Sum: 0, Workers: 4
[40.952s][debug][gc,phases      ] GC(93)     Total                          Min: 0, Avg: 156.2, Max: 625, Diff: 625, Sum: 625, Workers: 4
[40.952s][debug][gc,phases      ] GC(93)   ObjectSynchronizer Weak        Min:  0.0, Avg:  0.0, Max:  0.0, Diff:  0.0, Sum:  0.0, Workers: 4
[40.952s][debug][gc,phases      ] GC(93)     Dead                           Min: 0, Avg:  0.0, Max: 0, Diff: 0, Sum: 0, Workers: 4
[40.952s][debug][gc,phases      ] GC(93)     Total                          Min: 0, Avg: 86.8, Max: 347, Diff: 347, Sum: 347, Workers: 4
[40.952s][debug][gc,phases      ] GC(93)   JVMTI Tag Weak OopStorage      Min:  0.0, Avg:  0.0, Max:  0.0, Diff:  0.0, Sum:  0.0, Workers: 4
[40.952s][debug][gc,phases      ] GC(93)     Dead                           Min: 0, Avg:  0.0, Max: 0, Diff: 0, Sum: 0, Workers: 4
[40.952s][debug][gc,phases      ] GC(93)     Total                          Min: 0, Avg:  0.0, Max: 0, Diff: 0, Sum: 0, Workers: 4
[40.952s][debug][gc,phases      ] GC(93)   StringTable Weak               Min:  0.1, Avg:  0.1, Max:  0.1, Diff:  0.0, Sum:  0.4, Workers: 4
[40.952s][debug][gc,phases      ] GC(93)     Dead                           Min: 0, Avg:  0.0, Max: 0, Diff: 0, Sum: 0, Workers: 4
[40.952s][debug][gc,phases      ] GC(93)     Total                          Min: 9152, Avg: 11092.2, Max: 15633, Diff: 6481, Sum: 44369, Workers: 4
[40.952s][debug][gc,phases      ] GC(93)   ResolvedMethodTable Weak       Min:  0.0, Avg:  0.0, Max:  0.0, Diff:  0.0, Sum:  0.1, Workers: 4
[40.952s][debug][gc,phases      ] GC(93)     Dead                           Min: 0, Avg:  0.0, Max: 0, Diff: 0, Sum: 0, Workers: 4
[40.952s][debug][gc,phases      ] GC(93)     Total                          Min: 1593, Avg: 1981.8, Max: 2751, Diff: 1158, Sum: 7927, Workers: 4
[40.952s][debug][gc,phases      ] GC(93)   JNI Weak                       Min:  0.0, Avg:  0.0, Max:  0.0, Diff:  0.0, Sum:  0.0, Workers: 4
[40.952s][debug][gc,phases      ] GC(93)     Dead                           Min: 0, Avg:  0.0, Max: 0, Diff: 0, Sum: 0, Workers: 4
[40.952s][debug][gc,phases      ] GC(93)     Total                          Min: 0, Avg:  1.8, Max: 7, Diff: 7, Sum: 7, Workers: 4
[40.952s][debug][gc,phases      ] GC(93)   StringDedup Table Weak         Min:  0.0, Avg:  0.0, Max:  0.0, Diff:  0.0, Sum:  0.0, Workers: 4
[40.952s][debug][gc,phases      ] GC(93)     Dead                           Min: 0, Avg:  0.0, Max: 0, Diff: 0, Sum: 0, Workers: 4
[40.952s][debug][gc,phases      ] GC(93)     Total                          Min: 0, Avg:  0.0, Max: 0, Diff: 0, Sum: 0, Workers: 4
[40.952s][debug][gc,phases      ] GC(93)   StringDedup Requests0 Weak     Min:  0.0, Avg:  0.0, Max:  0.0, Diff:  0.0, Sum:  0.0, Workers: 4
[40.952s][debug][gc,phases      ] GC(93)     Dead                           Min: 0, Avg:  0.0, Max: 0, Diff: 0, Sum: 0, Workers: 4
[40.952s][debug][gc,phases      ] GC(93)     Total                          Min: 0, Avg:  0.0, Max: 0, Diff: 0, Sum: 0, Workers: 4
[40.952s][debug][gc,phases      ] GC(93)   StringDedup Requests1 Weak     Min:  0.0, Avg:  0.0, Max:  0.0, Diff:  0.0, Sum:  0.0, Workers: 4
[40.952s][debug][gc,phases      ] GC(93)     Dead                           Min: 0, Avg:  0.0, Max: 0, Diff: 0, Sum: 0, Workers: 4
[40.952s][debug][gc,phases      ] GC(93)     Total                          Min: 0, Avg:  0.0, Max: 0, Diff: 0, Sum: 0, Workers: 4
[40.952s][debug][gc,phases      ] GC(93)   Weak JFR Old Object Samples    Min:  0.0, Avg:  0.0, Max:  0.0, Diff:  0.0, Sum:  0.0, Workers: 4
[40.952s][debug][gc,phases      ] GC(93)     Dead                           Min: 0, Avg:  0.0, Max: 0, Diff: 0, Sum: 0, Workers: 4
[40.952s][debug][gc,phases      ] GC(93)     Total                          Min: 0, Avg:  0.0, Max: 0, Diff: 0, Sum: 0, Workers: 4
[40.952s][debug][gc,phases      ] GC(93) Weak Processing 0.265ms
[40.952s][debug][gc,age         ] GC(93) Desired survivor size 142606336 bytes, new threshold 15 (max threshold 15)
[40.952s][info ][gc,heap        ] GC(93) PSYoungGen: 1888257K(1949696K)->83497K(1957888K) Eden: 1804288K(1804288K)->0K(1815552K) From: 83969K(145408K)->83497K(142336K)
[40.952s][info ][gc,heap        ] GC(93) ParOldGen: 515538K(638464K)->516890K(638464K)
[40.952s][info ][gc,metaspace   ] GC(93) Metaspace: 74216K(74944K)->74216K(74944K) NonClass: 63497K(63872K)->63497K(63872K) Class: 10718K(11072K)->10718K(11072K)
[40.952s][info ][gc             ] GC(93) Pause Young (Allocation Failure) 2347M->586M(2535M) 37.571ms
[40.952s][info ][gc,cpu         ] GC(93) User=0.14s Sys=0.00s Real=0.04s
[40.952s][info ][safepoint      ] Safepoint "ParallelGCFailedAllocation", Time since last: 376691592 ns, Reaching safepoint: 143200 ns, At safepoint: 37681199 ns, Total: 37824399 ns
[41.380s][info ][gc,start       ] GC(94) Pause Young (Allocation Failure)
[41.417s][debug][gc,phases      ] GC(94) Scavenge 36.223ms
[41.417s][debug][gc,ref         ] GC(94) Skipped phase 1 of Reference Processing: no references
[41.417s][debug][gc,ref         ] GC(94) ReferenceProcessor::execute queues: 1, RefProcThreadModel::Single, marks_oops_alive: false
[41.417s][debug][gc,ref         ] GC(94) Skipped phase 3 of Reference Processing: no references
[41.417s][debug][gc,ref         ] GC(94) ReferenceProcessor::execute queues: 1, RefProcThreadModel::Single, marks_oops_alive: false
[41.417s][debug][gc,phases      ] GC(94) Reference Processing 0.143ms
[41.417s][debug][gc,phases      ] GC(94)   VM Weak                        Min:  0.0, Avg:  0.0, Max:  0.0, Diff:  0.0, Sum:  0.0, Workers: 4
[41.417s][debug][gc,phases      ] GC(94)     Dead                           Min: 0, Avg:  0.0, Max: 0, Diff: 0, Sum: 0, Workers: 4
[41.417s][debug][gc,phases      ] GC(94)     Total                          Min: 0, Avg: 159.0, Max: 512, Diff: 512, Sum: 636, Workers: 4
[41.417s][debug][gc,phases      ] GC(94)   ObjectSynchronizer Weak        Min:  0.0, Avg:  0.0, Max:  0.0, Diff:  0.0, Sum:  0.0, Workers: 4
[41.417s][debug][gc,phases      ] GC(94)     Dead                           Min: 0, Avg:  0.2, Max: 1, Diff: 1, Sum: 1, Workers: 4
[41.417s][debug][gc,phases      ] GC(94)     Total                          Min: 0, Avg: 87.0, Max: 284, Diff: 284, Sum: 348, Workers: 4
[41.417s][debug][gc,phases      ] GC(94)   JVMTI Tag Weak OopStorage      Min:  0.0, Avg:  0.0, Max:  0.0, Diff:  0.0, Sum:  0.0, Workers: 4
[41.417s][debug][gc,phases      ] GC(94)     Dead                           Min: 0, Avg:  0.0, Max: 0, Diff: 0, Sum: 0, Workers: 4
[41.417s][debug][gc,phases      ] GC(94)     Total                          Min: 0, Avg:  0.0, Max: 0, Diff: 0, Sum: 0, Workers: 4
[41.417s][debug][gc,phases      ] GC(94)   StringTable Weak               Min:  0.1, Avg:  0.1, Max:  0.1, Diff:  0.0, Sum:  0.4, Workers: 4
[41.417s][debug][gc,phases      ] GC(94)     Dead                           Min: 0, Avg:  0.2, Max: 1, Diff: 1, Sum: 1, Workers: 4
[41.417s][debug][gc,phases      ] GC(94)     Total                          Min: 8832, Avg: 11515.2, Max: 14016, Diff: 5184, Sum: 46061, Workers: 4
[41.417s][debug][gc,phases      ] GC(94)   ResolvedMethodTable Weak       Min:  0.0, Avg:  0.0, Max:  0.0, Diff:  0.0, Sum:  0.1, Workers: 4
[41.417s][debug][gc,phases      ] GC(94)     Dead                           Min: 0, Avg:  0.2, Max: 1, Diff: 1, Sum: 1, Workers: 4
[41.417s][debug][gc,phases      ] GC(94)     Total                          Min: 1553, Avg: 1987.8, Max: 2558, Diff: 1005, Sum: 7951, Workers: 4
[41.417s][debug][gc,phases      ] GC(94)   JNI Weak                       Min:  0.0, Avg:  0.0, Max:  0.0, Diff:  0.0, Sum:  0.0, Workers: 4
[41.417s][debug][gc,phases      ] GC(94)     Dead                           Min: 0, Avg:  0.0, Max: 0, Diff: 0, Sum: 0, Workers: 4
[41.417s][debug][gc,phases      ] GC(94)     Total                          Min: 0, Avg:  2.8, Max: 11, Diff: 11, Sum: 11, Workers: 4
[41.417s][debug][gc,phases      ] GC(94)   StringDedup Table Weak         Min:  0.0, Avg:  0.0, Max:  0.0, Diff:  0.0, Sum:  0.0, Workers: 4
[41.417s][debug][gc,phases      ] GC(94)     Dead                           Min: 0, Avg:  0.0, Max: 0, Diff: 0, Sum: 0, Workers: 4
[41.417s][debug][gc,phases      ] GC(94)     Total                          Min: 0, Avg:  0.0, Max: 0, Diff: 0, Sum: 0, Workers: 4
[41.417s][debug][gc,phases      ] GC(94)   StringDedup Requests0 Weak     Min:  0.0, Avg:  0.0, Max:  0.0, Diff:  0.0, Sum:  0.0, Workers: 4
[41.417s][debug][gc,phases      ] GC(94)     Dead                           Min: 0, Avg:  0.0, Max: 0, Diff: 0, Sum: 0, Workers: 4
[41.417s][debug][gc,phases      ] GC(94)     Total                          Min: 0, Avg:  0.0, Max: 0, Diff: 0, Sum: 0, Workers: 4
[41.417s][debug][gc,phases      ] GC(94)   StringDedup Requests1 Weak     Min:  0.0, Avg:  0.0, Max:  0.0, Diff:  0.0, Sum:  0.0, Workers: 4
[41.417s][debug][gc,phases      ] GC(94)     Dead                           Min: 0, Avg:  0.0, Max: 0, Diff: 0, Sum: 0, Workers: 4
[41.417s][debug][gc,phases      ] GC(94)     Total                          Min: 0, Avg:  0.0, Max: 0, Diff: 0, Sum: 0, Workers: 4
[41.417s][debug][gc,phases      ] GC(94)   Weak JFR Old Object Samples    Min:  0.0, Avg:  0.0, Max:  0.0, Diff:  0.0, Sum:  0.0, Workers: 4
[41.417s][debug][gc,phases      ] GC(94)     Dead                           Min: 0, Avg:  0.0, Max: 0, Diff: 0, Sum: 0, Workers: 4
[41.417s][debug][gc,phases      ] GC(94)     Total                          Min: 0, Avg:  0.0, Max: 0, Diff: 0, Sum: 0, Workers: 4
[41.417s][debug][gc,phases      ] GC(94) Weak Processing 0.253ms
[41.417s][debug][gc,age         ] GC(94) Desired survivor size 136839168 bytes, new threshold 15 (max threshold 15)
[41.417s][info ][gc,heap        ] GC(94) PSYoungGen: 1899049K(1957888K)->76186K(1954816K) Eden: 1815552K(1815552K)->0K(1815552K) From: 83497K(142336K)->76186K(139264K)
[41.417s][info ][gc,heap        ] GC(94) ParOldGen: 516890K(638464K)->524698K(638464K)
[41.417s][info ][gc,metaspace   ] GC(94) Metaspace: 76479K(77312K)->76479K(77312K) NonClass: 65483K(65920K)->65483K(65920K) Class: 10996K(11392K)->10996K(11392K)
[41.417s][info ][gc             ] GC(94) Pause Young (Allocation Failure) 2359M->586M(2532M) 36.735ms
[41.417s][info ][gc,cpu         ] GC(94) User=0.14s Sys=0.01s Real=0.04s
[41.417s][info ][safepoint      ] Safepoint "ParallelGCFailedAllocation", Time since last: 427728420 ns, Reaching safepoint: 235299 ns, At safepoint: 36833503 ns, Total: 37068802 ns
[41.782s][info ][gc,start       ] GC(95) Pause Young (Allocation Failure)
[41.819s][debug][gc,phases      ] GC(95) Scavenge 37.057ms
[41.819s][debug][gc,ref         ] GC(95) Skipped phase 1 of Reference Processing: no references
[41.819s][debug][gc,ref         ] GC(95) ReferenceProcessor::execute queues: 1, RefProcThreadModel::Single, marks_oops_alive: false
[41.819s][debug][gc,ref         ] GC(95) Skipped phase 3 of Reference Processing: no references
[41.819s][debug][gc,ref         ] GC(95) ReferenceProcessor::execute queues: 1, RefProcThreadModel::Single, marks_oops_alive: false
[41.819s][debug][gc,phases      ] GC(95) Reference Processing 0.110ms
[41.819s][debug][gc,phases      ] GC(95)   VM Weak                        Min:  0.0, Avg:  0.0, Max:  0.0, Diff:  0.0, Sum:  0.0, Workers: 4
[41.819s][debug][gc,phases      ] GC(95)     Dead                           Min: 0, Avg:  0.0, Max: 0, Diff: 0, Sum: 0, Workers: 4
[41.819s][debug][gc,phases      ] GC(95)     Total                          Min: 0, Avg: 159.8, Max: 639, Diff: 639, Sum: 639, Workers: 4
[41.819s][debug][gc,phases      ] GC(95)   ObjectSynchronizer Weak        Min:  0.0, Avg:  0.0, Max:  0.0, Diff:  0.0, Sum:  0.0, Workers: 4
[41.819s][debug][gc,phases      ] GC(95)     Dead                           Min: 0, Avg:  0.0, Max: 0, Diff: 0, Sum: 0, Workers: 4
[41.819s][debug][gc,phases      ] GC(95)     Total                          Min: 0, Avg: 87.0, Max: 192, Diff: 192, Sum: 348, Workers: 4
[41.819s][debug][gc,phases      ] GC(95)   JVMTI Tag Weak OopStorage      Min:  0.0, Avg:  0.0, Max:  0.0, Diff:  0.0, Sum:  0.0, Workers: 4
[41.819s][debug][gc,phases      ] GC(95)     Dead                           Min: 0, Avg:  0.0, Max: 0, Diff: 0, Sum: 0, Workers: 4
[41.819s][debug][gc,phases      ] GC(95)     Total                          Min: 0, Avg:  0.0, Max: 0, Diff: 0, Sum: 0, Workers: 4
[41.819s][debug][gc,phases      ] GC(95)   StringTable Weak               Min:  0.1, Avg:  0.1, Max:  0.1, Diff:  0.0, Sum:  0.3, Workers: 4
[41.819s][debug][gc,phases      ] GC(95)     Dead                           Min: 0, Avg:  0.0, Max: 0, Diff: 0, Sum: 0, Workers: 4
[41.820s][debug][gc,phases      ] GC(95)     Total                          Min: 10816, Avg: 11590.2, Max: 12313, Diff: 1497, Sum: 46361, Workers: 4
[41.820s][debug][gc,phases      ] GC(95)   ResolvedMethodTable Weak       Min:  0.0, Avg:  0.0, Max:  0.0, Diff:  0.0, Sum:  0.1, Workers: 4
[41.820s][debug][gc,phases      ] GC(95)     Dead                           Min: 0, Avg:  0.8, Max: 3, Diff: 3, Sum: 3, Workers: 4
[41.820s][debug][gc,phases      ] GC(95)     Total                          Min: 1754, Avg: 1989.5, Max: 2176, Diff: 422, Sum: 7958, Workers: 4
[41.820s][debug][gc,phases      ] GC(95)   JNI Weak                       Min:  0.0, Avg:  0.0, Max:  0.0, Diff:  0.0, Sum:  0.0, Workers: 4
[41.820s][debug][gc,phases      ] GC(95)     Dead                           Min: 0, Avg:  0.0, Max: 0, Diff: 0, Sum: 0, Workers: 4
[41.820s][debug][gc,phases      ] GC(95)     Total                          Min: 0, Avg:  2.2, Max: 9, Diff: 9, Sum: 9, Workers: 4
[41.820s][debug][gc,phases      ] GC(95)   StringDedup Table Weak         Min:  0.0, Avg:  0.0, Max:  0.0, Diff:  0.0, Sum:  0.0, Workers: 4
[41.820s][debug][gc,phases      ] GC(95)     Dead                           Min: 0, Avg:  0.0, Max: 0, Diff: 0, Sum: 0, Workers: 4
[41.820s][debug][gc,phases      ] GC(95)     Total                          Min: 0, Avg:  0.0, Max: 0, Diff: 0, Sum: 0, Workers: 4
[41.820s][debug][gc,phases      ] GC(95)   StringDedup Requests0 Weak     Min:  0.0, Avg:  0.0, Max:  0.0, Diff:  0.0, Sum:  0.0, Workers: 4
[41.820s][debug][gc,phases      ] GC(95)     Dead                           Min: 0, Avg:  0.0, Max: 0, Diff: 0, Sum: 0, Workers: 4
[41.820s][debug][gc,phases      ] GC(95)     Total                          Min: 0, Avg:  0.0, Max: 0, Diff: 0, Sum: 0, Workers: 4
[41.820s][debug][gc,phases      ] GC(95)   StringDedup Requests1 Weak     Min:  0.0, Avg:  0.0, Max:  0.0, Diff:  0.0, Sum:  0.0, Workers: 4
[41.820s][debug][gc,phases      ] GC(95)     Dead                           Min: 0, Avg:  0.0, Max: 0, Diff: 0, Sum: 0, Workers: 4
[41.820s][debug][gc,phases      ] GC(95)     Total                          Min: 0, Avg:  0.0, Max: 0, Diff: 0, Sum: 0, Workers: 4
[41.820s][debug][gc,phases      ] GC(95)   Weak JFR Old Object Samples    Min:  0.0, Avg:  0.0, Max:  0.0, Diff:  0.0, Sum:  0.0, Workers: 4
[41.820s][debug][gc,phases      ] GC(95)     Dead                           Min: 0, Avg:  0.0, Max: 0, Diff: 0, Sum: 0, Workers: 4
[41.820s][debug][gc,phases      ] GC(95)     Total                          Min: 0, Avg:  0.0, Max: 0, Diff: 0, Sum: 0, Workers: 4
[41.820s][debug][gc,phases      ] GC(95) Weak Processing 0.242ms
[41.820s][debug][gc,age         ] GC(95) Desired survivor size 131072000 bytes, new threshold 15 (max threshold 15)
[41.820s][info ][gc,heap        ] GC(95) PSYoungGen: 1891738K(1954816K)->72603K(1969152K) Eden: 1815552K(1815552K)->0K(1835520K) From: 76186K(139264K)->72603K(133632K)
[41.820s][info ][gc,heap        ] GC(95) ParOldGen: 524698K(638464K)->529007K(638464K)
[41.820s][info ][gc,metaspace   ] GC(95) Metaspace: 77877K(78656K)->77877K(78656K) NonClass: 66681K(67072K)->66681K(67072K) Class: 11196K(11584K)->11196K(11584K)
[41.820s][info ][gc             ] GC(95) Pause Young (Allocation Failure) 2359M->587M(2546M) 37.521ms
[41.820s][info ][gc,cpu         ] GC(95) User=0.15s Sys=0.00s Real=0.04s
[41.820s][info ][safepoint      ] Safepoint "ParallelGCFailedAllocation", Time since last: 364786856 ns, Reaching safepoint: 148199 ns, At safepoint: 37617300 ns, Total: 37765499 ns
[42.215s][info ][gc,start       ] GC(96) Pause Young (Allocation Failure)
[42.251s][debug][gc,phases      ] GC(96) Scavenge 36.043ms
[42.251s][debug][gc,ref         ] GC(96) Skipped phase 1 of Reference Processing: no references
[42.251s][debug][gc,ref         ] GC(96) ReferenceProcessor::execute queues: 1, RefProcThreadModel::Single, marks_oops_alive: false
[42.251s][debug][gc,ref         ] GC(96) Skipped phase 3 of Reference Processing: no references
[42.251s][debug][gc,ref         ] GC(96) ReferenceProcessor::execute queues: 1, RefProcThreadModel::Single, marks_oops_alive: false
[42.251s][debug][gc,phases      ] GC(96) Reference Processing 0.120ms
[42.252s][debug][gc,phases      ] GC(96)   VM Weak                        Min:  0.0, Avg:  0.0, Max:  0.0, Diff:  0.0, Sum:  0.0, Workers: 4
[42.252s][debug][gc,phases      ] GC(96)     Dead                           Min: 0, Avg:  0.0, Max: 0, Diff: 0, Sum: 0, Workers: 4
[42.252s][debug][gc,phases      ] GC(96)     Total                          Min: 0, Avg: 160.0, Max: 448, Diff: 448, Sum: 640, Workers: 4
[42.252s][debug][gc,phases      ] GC(96)   ObjectSynchronizer Weak        Min:  0.0, Avg:  0.0, Max:  0.0, Diff:  0.0, Sum:  0.0, Workers: 4
[42.252s][debug][gc,phases      ] GC(96)     Dead                           Min: 0, Avg:  0.0, Max: 0, Diff: 0, Sum: 0, Workers: 4
[42.252s][debug][gc,phases      ] GC(96)     Total                          Min: 0, Avg: 87.0, Max: 156, Diff: 156, Sum: 348, Workers: 4
[42.252s][debug][gc,phases      ] GC(96)   JVMTI Tag Weak OopStorage      Min:  0.0, Avg:  0.0, Max:  0.0, Diff:  0.0, Sum:  0.0, Workers: 4
[42.252s][debug][gc,phases      ] GC(96)     Dead                           Min: 0, Avg:  0.0, Max: 0, Diff: 0, Sum: 0, Workers: 4
[42.252s][debug][gc,phases      ] GC(96)     Total                          Min: 0, Avg:  0.0, Max: 0, Diff: 0, Sum: 0, Workers: 4
[42.252s][debug][gc,phases      ] GC(96)   StringTable Weak               Min:  0.1, Avg:  0.1, Max:  0.1, Diff:  0.0, Sum:  0.5, Workers: 4
[42.252s][debug][gc,phases      ] GC(96)     Dead                           Min: 0, Avg:  0.8, Max: 2, Diff: 2, Sum: 3, Workers: 4
[42.252s][debug][gc,phases      ] GC(96)     Total                          Min: 11520, Avg: 11639.5, Max: 11742, Diff: 222, Sum: 46558, Workers: 4
[42.252s][debug][gc,phases      ] GC(96)   ResolvedMethodTable Weak       Min:  0.0, Avg:  0.0, Max:  0.0, Diff:  0.0, Sum:  0.1, Workers: 4
[42.252s][debug][gc,phases      ] GC(96)     Dead                           Min: 0, Avg:  7.0, Max: 28, Diff: 28, Sum: 28, Workers: 4
[42.252s][debug][gc,phases      ] GC(96)     Total                          Min: 1919, Avg: 1999.8, Max: 2176, Diff: 257, Sum: 7999, Workers: 4
[42.252s][debug][gc,phases      ] GC(96)   JNI Weak                       Min:  0.0, Avg:  0.0, Max:  0.0, Diff:  0.0, Sum:  0.0, Workers: 4
[42.252s][debug][gc,phases      ] GC(96)     Dead                           Min: 0, Avg:  0.0, Max: 0, Diff: 0, Sum: 0, Workers: 4
[42.252s][debug][gc,phases      ] GC(96)     Total                          Min: 0, Avg:  0.0, Max: 0, Diff: 0, Sum: 0, Workers: 4
[42.252s][debug][gc,phases      ] GC(96)   StringDedup Table Weak         Min:  0.0, Avg:  0.0, Max:  0.0, Diff:  0.0, Sum:  0.0, Workers: 4
[42.252s][debug][gc,phases      ] GC(96)     Dead                           Min: 0, Avg:  0.0, Max: 0, Diff: 0, Sum: 0, Workers: 4
[42.252s][debug][gc,phases      ] GC(96)     Total                          Min: 0, Avg:  0.0, Max: 0, Diff: 0, Sum: 0, Workers: 4
[42.252s][debug][gc,phases      ] GC(96)   StringDedup Requests0 Weak     Min:  0.0, Avg:  0.0, Max:  0.0, Diff:  0.0, Sum:  0.0, Workers: 4
[42.252s][debug][gc,phases      ] GC(96)     Dead                           Min: 0, Avg:  0.0, Max: 0, Diff: 0, Sum: 0, Workers: 4
[42.252s][debug][gc,phases      ] GC(96)     Total                          Min: 0, Avg:  0.0, Max: 0, Diff: 0, Sum: 0, Workers: 4
[42.252s][debug][gc,phases      ] GC(96)   StringDedup Requests1 Weak     Min:  0.0, Avg:  0.0, Max:  0.0, Diff:  0.0, Sum:  0.0, Workers: 4
[42.252s][debug][gc,phases      ] GC(96)     Dead                           Min: 0, Avg:  0.0, Max: 0, Diff: 0, Sum: 0, Workers: 4
[42.252s][debug][gc,phases      ] GC(96)     Total                          Min: 0, Avg:  0.0, Max: 0, Diff: 0, Sum: 0, Workers: 4
[42.252s][debug][gc,phases      ] GC(96)   Weak JFR Old Object Samples    Min:  0.0, Avg:  0.0, Max:  0.0, Diff:  0.0, Sum:  0.0, Workers: 4
[42.252s][debug][gc,phases      ] GC(96)     Dead                           Min: 0, Avg:  0.0, Max: 0, Diff: 0, Sum: 0, Workers: 4
[42.252s][debug][gc,phases      ] GC(96)     Total                          Min: 0, Avg:  0.0, Max: 0, Diff: 0, Sum: 0, Workers: 4
[42.252s][debug][gc,phases      ] GC(96) Weak Processing 0.295ms
[42.252s][debug][gc,age         ] GC(96) Desired survivor size 126353408 bytes, new threshold 15 (max threshold 15)
[42.252s][info ][gc,heap        ] GC(96) PSYoungGen: 1908123K(1969152K)->68986K(1963520K) Eden: 1835520K(1835520K)->0K(1835520K) From: 72603K(133632K)->68986K(128000K)
[42.252s][info ][gc,heap        ] GC(96) ParOldGen: 529007K(638464K)->533585K(638464K)
[42.252s][info ][gc,metaspace   ] GC(96) Metaspace: 78809K(79616K)->78809K(79616K) NonClass: 67512K(67904K)->67512K(67904K) Class: 11296K(11712K)->11296K(11712K)
[42.252s][info ][gc             ] GC(96) Pause Young (Allocation Failure) 2380M->588M(2541M) 36.590ms
[42.252s][info ][gc,cpu         ] GC(96) User=0.14s Sys=0.00s Real=0.04s
[42.252s][info ][safepoint      ] Safepoint "ParallelGCFailedAllocation", Time since last: 392049310 ns, Reaching safepoint: 3335482 ns, At safepoint: 36705305 ns, Total: 40040787 ns
[42.568s][info ][safepoint      ] Safepoint "ICBufferFull", Time since last: 315605517 ns, Reaching safepoint: 275099 ns, At safepoint: 41100 ns, Total: 316199 ns
[42.697s][info ][gc,start       ] GC(97) Pause Young (Allocation Failure)
[42.728s][debug][gc,phases      ] GC(97) Scavenge 30.842ms
[42.728s][debug][gc,ref         ] GC(97) Skipped phase 1 of Reference Processing: no references
[42.728s][debug][gc,ref         ] GC(97) ReferenceProcessor::execute queues: 1, RefProcThreadModel::Single, marks_oops_alive: false
[42.728s][debug][gc,ref         ] GC(97) Skipped phase 3 of Reference Processing: no references
[42.728s][debug][gc,ref         ] GC(97) ReferenceProcessor::execute queues: 1, RefProcThreadModel::Single, marks_oops_alive: false
[42.728s][debug][gc,phases      ] GC(97) Reference Processing 0.119ms
[42.728s][debug][gc,phases      ] GC(97)   VM Weak                        Min:  0.0, Avg:  0.0, Max:  0.0, Diff:  0.0, Sum:  0.0, Workers: 4
[42.728s][debug][gc,phases      ] GC(97)     Dead                           Min: 0, Avg:  0.0, Max: 0, Diff: 0, Sum: 0, Workers: 4
[42.728s][debug][gc,phases      ] GC(97)     Total                          Min: 0, Avg: 160.2, Max: 513, Diff: 513, Sum: 641, Workers: 4
[42.728s][debug][gc,phases      ] GC(97)   ObjectSynchronizer Weak        Min:  0.0, Avg:  0.0, Max:  0.0, Diff:  0.0, Sum:  0.0, Workers: 4
[42.728s][debug][gc,phases      ] GC(97)     Dead                           Min: 0, Avg:  0.0, Max: 0, Diff: 0, Sum: 0, Workers: 4
[42.728s][debug][gc,phases      ] GC(97)     Total                          Min: 0, Avg: 87.2, Max: 192, Diff: 192, Sum: 349, Workers: 4
[42.728s][debug][gc,phases      ] GC(97)   JVMTI Tag Weak OopStorage      Min:  0.0, Avg:  0.0, Max:  0.0, Diff:  0.0, Sum:  0.0, Workers: 4
[42.728s][debug][gc,phases      ] GC(97)     Dead                           Min: 0, Avg:  0.0, Max: 0, Diff: 0, Sum: 0, Workers: 4
[42.728s][debug][gc,phases      ] GC(97)     Total                          Min: 0, Avg:  0.0, Max: 0, Diff: 0, Sum: 0, Workers: 4
[42.728s][debug][gc,phases      ] GC(97)   StringTable Weak               Min:  0.1, Avg:  0.1, Max:  0.1, Diff:  0.0, Sum:  0.4, Workers: 4
[42.728s][debug][gc,phases      ] GC(97)     Dead                           Min: 0, Avg:  0.2, Max: 1, Diff: 1, Sum: 1, Workers: 4
[42.728s][debug][gc,phases      ] GC(97)     Total                          Min: 8960, Avg: 11681.5, Max: 14470, Diff: 5510, Sum: 46726, Workers: 4
[42.728s][debug][gc,phases      ] GC(97)   ResolvedMethodTable Weak       Min:  0.0, Avg:  0.0, Max:  0.0, Diff:  0.0, Sum:  0.1, Workers: 4
[42.728s][debug][gc,phases      ] GC(97)     Dead                           Min: 0, Avg:  5.0, Max: 18, Diff: 18, Sum: 20, Workers: 4
[42.728s][debug][gc,phases      ] GC(97)     Total                          Min: 1286, Avg: 2017.5, Max: 2496, Diff: 1210, Sum: 8070, Workers: 4
[42.728s][debug][gc,phases      ] GC(97)   JNI Weak                       Min:  0.0, Avg:  0.0, Max:  0.0, Diff:  0.0, Sum:  0.0, Workers: 4
[42.728s][debug][gc,phases      ] GC(97)     Dead                           Min: 0, Avg:  0.0, Max: 0, Diff: 0, Sum: 0, Workers: 4
[42.728s][debug][gc,phases      ] GC(97)     Total                          Min: 0, Avg:  4.8, Max: 19, Diff: 19, Sum: 19, Workers: 4
[42.728s][debug][gc,phases      ] GC(97)   StringDedup Table Weak         Min:  0.0, Avg:  0.0, Max:  0.0, Diff:  0.0, Sum:  0.0, Workers: 4
[42.728s][debug][gc,phases      ] GC(97)     Dead                           Min: 0, Avg:  0.0, Max: 0, Diff: 0, Sum: 0, Workers: 4
[42.728s][debug][gc,phases      ] GC(97)     Total                          Min: 0, Avg:  0.0, Max: 0, Diff: 0, Sum: 0, Workers: 4
[42.728s][debug][gc,phases      ] GC(97)   StringDedup Requests0 Weak     Min:  0.0, Avg:  0.0, Max:  0.0, Diff:  0.0, Sum:  0.0, Workers: 4
[42.728s][debug][gc,phases      ] GC(97)     Dead                           Min: 0, Avg:  0.0, Max: 0, Diff: 0, Sum: 0, Workers: 4
[42.728s][debug][gc,phases      ] GC(97)     Total                          Min: 0, Avg:  0.0, Max: 0, Diff: 0, Sum: 0, Workers: 4
[42.728s][debug][gc,phases      ] GC(97)   StringDedup Requests1 Weak     Min:  0.0, Avg:  0.0, Max:  0.0, Diff:  0.0, Sum:  0.0, Workers: 4
[42.728s][debug][gc,phases      ] GC(97)     Dead                           Min: 0, Avg:  0.0, Max: 0, Diff: 0, Sum: 0, Workers: 4
[42.728s][debug][gc,phases      ] GC(97)     Total                          Min: 0, Avg:  0.0, Max: 0, Diff: 0, Sum: 0, Workers: 4
[42.728s][debug][gc,phases      ] GC(97)   Weak JFR Old Object Samples    Min:  0.0, Avg:  0.0, Max:  0.0, Diff:  0.0, Sum:  0.0, Workers: 4
[42.728s][debug][gc,phases      ] GC(97)     Dead                           Min: 0, Avg:  0.0, Max: 0, Diff: 0, Sum: 0, Workers: 4
[42.728s][debug][gc,phases      ] GC(97)     Total                          Min: 0, Avg:  0.0, Max: 0, Diff: 0, Sum: 0, Workers: 4
[42.728s][debug][gc,phases      ] GC(97) Weak Processing 0.272ms
[42.728s][debug][gc,age         ] GC(97) Desired survivor size 124256256 bytes, new threshold 15 (max threshold 15)
[42.728s][info ][gc,heap        ] GC(97) PSYoungGen: 1904506K(1963520K)->58133K(1975808K) Eden: 1835520K(1835520K)->0K(1852416K) From: 68986K(128000K)->58133K(123392K)
[42.728s][info ][gc,heap        ] GC(97) ParOldGen: 533585K(638464K)->551658K(638464K)
[42.728s][info ][gc,metaspace   ] GC(97) Metaspace: 79374K(80192K)->79374K(80192K) NonClass: 67994K(68416K)->67994K(68416K) Class: 11379K(11776K)->11379K(11776K)
[42.728s][info ][gc             ] GC(97) Pause Young (Allocation Failure) 2380M->595M(2553M) 31.349ms
[42.728s][info ][gc,cpu         ] GC(97) User=0.12s Sys=0.01s Real=0.03s
[42.728s][info ][safepoint      ] Safepoint "ParallelGCFailedAllocation", Time since last: 126742524 ns, Reaching safepoint: 2197188 ns, At safepoint: 31455533 ns, Total: 33652721 ns
[43.002s][info ][safepoint      ] Safepoint "ICBufferFull", Time since last: 273740241 ns, Reaching safepoint: 338998 ns, At safepoint: 24200 ns, Total: 363198 ns
[43.188s][info ][gc,start       ] GC(98) Pause Young (Allocation Failure)
[43.210s][debug][gc,phases      ] GC(98) Scavenge 22.199ms
[43.210s][debug][gc,ref         ] GC(98) Skipped phase 1 of Reference Processing: no references
[43.210s][debug][gc,ref         ] GC(98) ReferenceProcessor::execute queues: 1, RefProcThreadModel::Single, marks_oops_alive: false
[43.210s][debug][gc,ref         ] GC(98) Skipped phase 3 of Reference Processing: no references
[43.210s][debug][gc,ref         ] GC(98) ReferenceProcessor::execute queues: 1, RefProcThreadModel::Single, marks_oops_alive: false
[43.210s][debug][gc,phases      ] GC(98) Reference Processing 0.122ms
[43.210s][debug][gc,phases      ] GC(98)   VM Weak                        Min:  0.0, Avg:  0.0, Max:  0.0, Diff:  0.0, Sum:  0.0, Workers: 4
[43.210s][debug][gc,phases      ] GC(98)     Dead                           Min: 0, Avg:  0.0, Max: 0, Diff: 0, Sum: 0, Workers: 4
[43.210s][debug][gc,phases      ] GC(98)     Total                          Min: 0, Avg: 164.2, Max: 576, Diff: 576, Sum: 657, Workers: 4
[43.210s][debug][gc,phases      ] GC(98)   ObjectSynchronizer Weak        Min:  0.0, Avg:  0.0, Max:  0.0, Diff:  0.0, Sum:  0.0, Workers: 4
[43.210s][debug][gc,phases      ] GC(98)     Dead                           Min: 0, Avg:  0.0, Max: 0, Diff: 0, Sum: 0, Workers: 4
[43.210s][debug][gc,phases      ] GC(98)     Total                          Min: 0, Avg: 87.5, Max: 192, Diff: 192, Sum: 350, Workers: 4
[43.210s][debug][gc,phases      ] GC(98)   JVMTI Tag Weak OopStorage      Min:  0.0, Avg:  0.0, Max:  0.0, Diff:  0.0, Sum:  0.0, Workers: 4
[43.210s][debug][gc,phases      ] GC(98)     Dead                           Min: 0, Avg:  0.0, Max: 0, Diff: 0, Sum: 0, Workers: 4
[43.210s][debug][gc,phases      ] GC(98)     Total                          Min: 0, Avg:  0.0, Max: 0, Diff: 0, Sum: 0, Workers: 4
[43.210s][debug][gc,phases      ] GC(98)   StringTable Weak               Min:  0.1, Avg:  0.1, Max:  0.1, Diff:  0.0, Sum:  0.3, Workers: 4
[43.210s][debug][gc,phases      ] GC(98)     Dead                           Min: 0, Avg:  0.5, Max: 2, Diff: 2, Sum: 2, Workers: 4
[43.210s][debug][gc,phases      ] GC(98)     Total                          Min: 10624, Avg: 11713.0, Max: 13056, Diff: 2432, Sum: 46852, Workers: 4
[43.210s][debug][gc,phases      ] GC(98)   ResolvedMethodTable Weak       Min:  0.0, Avg:  0.0, Max:  0.0, Diff:  0.0, Sum:  0.1, Workers: 4
[43.210s][debug][gc,phases      ] GC(98)     Dead                           Min: 2, Avg:  4.5, Max: 7, Diff: 5, Sum: 18, Workers: 4
[43.210s][debug][gc,phases      ] GC(98)     Total                          Min: 1982, Avg: 2053.2, Max: 2174, Diff: 192, Sum: 8213, Workers: 4
[43.210s][debug][gc,phases      ] GC(98)   JNI Weak                       Min:  0.0, Avg:  0.0, Max:  0.0, Diff:  0.0, Sum:  0.0, Workers: 4
[43.210s][debug][gc,phases      ] GC(98)     Dead                           Min: 0, Avg:  0.0, Max: 0, Diff: 0, Sum: 0, Workers: 4
[43.210s][debug][gc,phases      ] GC(98)     Total                          Min: 0, Avg:  6.8, Max: 27, Diff: 27, Sum: 27, Workers: 4
[43.210s][debug][gc,phases      ] GC(98)   StringDedup Table Weak         Min:  0.0, Avg:  0.0, Max:  0.0, Diff:  0.0, Sum:  0.0, Workers: 4
[43.210s][debug][gc,phases      ] GC(98)     Dead                           Min: 0, Avg:  0.0, Max: 0, Diff: 0, Sum: 0, Workers: 4
[43.210s][debug][gc,phases      ] GC(98)     Total                          Min: 0, Avg:  0.0, Max: 0, Diff: 0, Sum: 0, Workers: 4
[43.210s][debug][gc,phases      ] GC(98)   StringDedup Requests0 Weak     Min:  0.0, Avg:  0.0, Max:  0.0, Diff:  0.0, Sum:  0.0, Workers: 4
[43.210s][debug][gc,phases      ] GC(98)     Dead                           Min: 0, Avg:  0.0, Max: 0, Diff: 0, Sum: 0, Workers: 4
[43.210s][debug][gc,phases      ] GC(98)     Total                          Min: 0, Avg:  0.0, Max: 0, Diff: 0, Sum: 0, Workers: 4
[43.210s][debug][gc,phases      ] GC(98)   StringDedup Requests1 Weak     Min:  0.0, Avg:  0.0, Max:  0.0, Diff:  0.0, Sum:  0.0, Workers: 4
[43.210s][debug][gc,phases      ] GC(98)     Dead                           Min: 0, Avg:  0.0, Max: 0, Diff: 0, Sum: 0, Workers: 4
[43.210s][debug][gc,phases      ] GC(98)     Total                          Min: 0, Avg:  0.0, Max: 0, Diff: 0, Sum: 0, Workers: 4
[43.210s][debug][gc,phases      ] GC(98)   Weak JFR Old Object Samples    Min:  0.0, Avg:  0.0, Max:  0.0, Diff:  0.0, Sum:  0.0, Workers: 4
[43.210s][debug][gc,phases      ] GC(98)     Dead                           Min: 0, Avg:  0.0, Max: 0, Diff: 0, Sum: 0, Workers: 4
[43.210s][debug][gc,phases      ] GC(98)     Total                          Min: 0, Avg:  0.0, Max: 0, Diff: 0, Sum: 0, Workers: 4
[43.210s][debug][gc,phases      ] GC(98) Weak Processing 0.239ms
[43.210s][debug][gc,age         ] GC(98) Desired survivor size 122683392 bytes, new threshold 15 (max threshold 15)
[43.210s][info ][gc,heap        ] GC(98) PSYoungGen: 1910549K(1975808K)->51776K(1973760K) Eden: 1852416K(1852416K)->0K(1852416K) From: 58133K(123392K)->51776K(121344K)
[43.210s][info ][gc,heap        ] GC(98) ParOldGen: 551658K(638464K)->558602K(638464K)
[43.210s][info ][gc,metaspace   ] GC(98) Metaspace: 79951K(80768K)->79951K(80768K) NonClass: 68481K(68928K)->68481K(68928K) Class: 11469K(11840K)->11469K(11840K)
[43.210s][info ][gc             ] GC(98) Pause Young (Allocation Failure) 2404M->596M(2551M) 22.664ms
[43.210s][info ][gc,cpu         ] GC(98) User=0.09s Sys=0.00s Real=0.02s
[43.210s][info ][safepoint      ] Safepoint "ParallelGCFailedAllocation", Time since last: 185207913 ns, Reaching safepoint: 253398 ns, At safepoint: 22788179 ns, Total: 23041577 ns
[43.482s][info ][safepoint      ] Safepoint "ICBufferFull", Time since last: 271548352 ns, Reaching safepoint: 291599 ns, At safepoint: 35800 ns, Total: 327399 ns
[43.643s][info ][safepoint      ] Safepoint "ICBufferFull", Time since last: 160104046 ns, Reaching safepoint: 291199 ns, At safepoint: 23400 ns, Total: 314599 ns
[43.686s][info ][gc,start       ] GC(99) Pause Young (Allocation Failure)
[43.708s][debug][gc,phases      ] GC(99) Scavenge 22.196ms
[43.709s][debug][gc,ref         ] GC(99) Skipped phase 1 of Reference Processing: no references
[43.709s][debug][gc,ref         ] GC(99) ReferenceProcessor::execute queues: 1, RefProcThreadModel::Single, marks_oops_alive: false
[43.709s][debug][gc,ref         ] GC(99) Skipped phase 3 of Reference Processing: no references
[43.709s][debug][gc,ref         ] GC(99) ReferenceProcessor::execute queues: 1, RefProcThreadModel::Single, marks_oops_alive: false
[43.709s][debug][gc,phases      ] GC(99) Reference Processing 0.115ms
[43.709s][debug][gc,phases      ] GC(99)   VM Weak                        Min:  0.0, Avg:  0.0, Max:  0.0, Diff:  0.0, Sum:  0.0, Workers: 4
[43.709s][debug][gc,phases      ] GC(99)     Dead                           Min: 0, Avg:  0.0, Max: 0, Diff: 0, Sum: 0, Workers: 4
[43.709s][debug][gc,phases      ] GC(99)     Total                          Min: 0, Avg: 164.2, Max: 465, Diff: 465, Sum: 657, Workers: 4
[43.709s][debug][gc,phases      ] GC(99)   ObjectSynchronizer Weak        Min:  0.0, Avg:  0.0, Max:  0.0, Diff:  0.0, Sum:  0.0, Workers: 4
[43.709s][debug][gc,phases      ] GC(99)     Dead                           Min: 0, Avg:  0.0, Max: 0, Diff: 0, Sum: 0, Workers: 4
[43.709s][debug][gc,phases      ] GC(99)     Total                          Min: 0, Avg: 87.5, Max: 128, Diff: 128, Sum: 350, Workers: 4
[43.709s][debug][gc,phases      ] GC(99)   JVMTI Tag Weak OopStorage      Min:  0.0, Avg:  0.0, Max:  0.0, Diff:  0.0, Sum:  0.0, Workers: 4
[43.709s][debug][gc,phases      ] GC(99)     Dead                           Min: 0, Avg:  0.0, Max: 0, Diff: 0, Sum: 0, Workers: 4
[43.709s][debug][gc,phases      ] GC(99)     Total                          Min: 0, Avg:  0.0, Max: 0, Diff: 0, Sum: 0, Workers: 4
[43.709s][debug][gc,phases      ] GC(99)   StringTable Weak               Min:  0.1, Avg:  0.1, Max:  0.1, Diff:  0.0, Sum:  0.4, Workers: 4
[43.709s][debug][gc,phases      ] GC(99)     Dead                           Min: 0, Avg:  0.0, Max: 0, Diff: 0, Sum: 0, Workers: 4
[43.709s][debug][gc,phases      ] GC(99)     Total                          Min: 10496, Avg: 11729.2, Max: 14853, Diff: 4357, Sum: 46917, Workers: 4
[43.709s][debug][gc,phases      ] GC(99)   ResolvedMethodTable Weak       Min:  0.0, Avg:  0.0, Max:  0.0, Diff:  0.0, Sum:  0.1, Workers: 4
[43.709s][debug][gc,phases      ] GC(99)     Dead                           Min: 0, Avg:  4.5, Max: 18, Diff: 18, Sum: 18, Workers: 4
[43.709s][debug][gc,phases      ] GC(99)     Total                          Min: 1666, Avg: 1978.0, Max: 2792, Diff: 1126, Sum: 7912, Workers: 4
[43.709s][debug][gc,phases      ] GC(99)   JNI Weak                       Min:  0.0, Avg:  0.0, Max:  0.0, Diff:  0.0, Sum:  0.0, Workers: 4
[43.709s][debug][gc,phases      ] GC(99)     Dead                           Min: 0, Avg:  0.0, Max: 0, Diff: 0, Sum: 0, Workers: 4
[43.709s][debug][gc,phases      ] GC(99)     Total                          Min: 0, Avg:  1.0, Max: 4, Diff: 4, Sum: 4, Workers: 4
[43.709s][debug][gc,phases      ] GC(99)   StringDedup Table Weak         Min:  0.0, Avg:  0.0, Max:  0.0, Diff:  0.0, Sum:  0.0, Workers: 4
[43.709s][debug][gc,phases      ] GC(99)     Dead                           Min: 0, Avg:  0.0, Max: 0, Diff: 0, Sum: 0, Workers: 4
[43.709s][debug][gc,phases      ] GC(99)     Total                          Min: 0, Avg:  0.0, Max: 0, Diff: 0, Sum: 0, Workers: 4
[43.709s][debug][gc,phases      ] GC(99)   StringDedup Requests0 Weak     Min:  0.0, Avg:  0.0, Max:  0.0, Diff:  0.0, Sum:  0.0, Workers: 4
[43.709s][debug][gc,phases      ] GC(99)     Dead                           Min: 0, Avg:  0.0, Max: 0, Diff: 0, Sum: 0, Workers: 4
[43.709s][debug][gc,phases      ] GC(99)     Total                          Min: 0, Avg:  0.0, Max: 0, Diff: 0, Sum: 0, Workers: 4
[43.709s][debug][gc,phases      ] GC(99)   StringDedup Requests1 Weak     Min:  0.0, Avg:  0.0, Max:  0.0, Diff:  0.0, Sum:  0.0, Workers: 4
[43.709s][debug][gc,phases      ] GC(99)     Dead                           Min: 0, Avg:  0.0, Max: 0, Diff: 0, Sum: 0, Workers: 4
[43.709s][debug][gc,phases      ] GC(99)     Total                          Min: 0, Avg:  0.0, Max: 0, Diff: 0, Sum: 0, Workers: 4
[43.709s][debug][gc,phases      ] GC(99)   Weak JFR Old Object Samples    Min:  0.0, Avg:  0.0, Max:  0.0, Diff:  0.0, Sum:  0.0, Workers: 4
[43.709s][debug][gc,phases      ] GC(99)     Dead                           Min: 0, Avg:  0.0, Max: 0, Diff: 0, Sum: 0, Workers: 4
[43.709s][debug][gc,phases      ] GC(99)     Total                          Min: 0, Avg:  0.0, Max: 0, Diff: 0, Sum: 0, Workers: 4
[43.709s][debug][gc,phases      ] GC(99) Weak Processing 0.268ms
[43.709s][debug][gc,age         ] GC(99) Desired survivor size 119537664 bytes, new threshold 15 (max threshold 15)
[43.709s][info ][gc,heap        ] GC(99) PSYoungGen: 1904192K(1973760K)->60020K(1980416K) Eden: 1852416K(1852416K)->0K(1860608K) From: 51776K(121344K)->60020K(119808K)
[43.709s][info ][gc,heap        ] GC(99) ParOldGen: 558602K(638464K)->564450K(638464K)
[43.709s][info ][gc,metaspace   ] GC(99) Metaspace: 80197K(80960K)->80197K(80960K) NonClass: 68712K(69120K)->68712K(69120K) Class: 11485K(11840K)->11485K(11840K)
[43.709s][info ][gc             ] GC(99) Pause Young (Allocation Failure) 2405M->609M(2557M) 22.688ms
[43.709s][info ][gc,cpu         ] GC(99) User=0.09s Sys=0.00s Real=0.02s
[43.709s][info ][safepoint      ] Safepoint "ParallelGCFailedAllocation", Time since last: 43349868 ns, Reaching safepoint: 131800 ns, At safepoint: 22775878 ns, Total: 22907678 ns
[44.137s][info ][gc,start       ] GC(100) Pause Young (Allocation Failure)
[44.158s][debug][gc,phases      ] GC(100) Scavenge 20.651ms
[44.158s][debug][gc,ref         ] GC(100) Skipped phase 1 of Reference Processing: no references
[44.158s][debug][gc,ref         ] GC(100) ReferenceProcessor::execute queues: 1, RefProcThreadModel::Single, marks_oops_alive: false
[44.158s][debug][gc,ref         ] GC(100) Skipped phase 3 of Reference Processing: no references
[44.158s][debug][gc,ref         ] GC(100) ReferenceProcessor::execute queues: 1, RefProcThreadModel::Single, marks_oops_alive: false
[44.158s][debug][gc,phases      ] GC(100) Reference Processing 0.120ms
[44.158s][debug][gc,phases      ] GC(100)   VM Weak                        Min:  0.0, Avg:  0.0, Max:  0.0, Diff:  0.0, Sum:  0.0, Workers: 4
[44.158s][debug][gc,phases      ] GC(100)     Dead                           Min: 0, Avg:  0.0, Max: 0, Diff: 0, Sum: 0, Workers: 4
[44.158s][debug][gc,phases      ] GC(100)     Total                          Min: 0, Avg: 164.2, Max: 657, Diff: 657, Sum: 657, Workers: 4
[44.158s][debug][gc,phases      ] GC(100)   ObjectSynchronizer Weak        Min:  0.0, Avg:  0.0, Max:  0.0, Diff:  0.0, Sum:  0.0, Workers: 4
[44.158s][debug][gc,phases      ] GC(100)     Dead                           Min: 0, Avg:  0.0, Max: 0, Diff: 0, Sum: 0, Workers: 4
[44.158s][debug][gc,phases      ] GC(100)     Total                          Min: 0, Avg: 87.5, Max: 128, Diff: 128, Sum: 350, Workers: 4
[44.158s][debug][gc,phases      ] GC(100)   JVMTI Tag Weak OopStorage      Min:  0.0, Avg:  0.0, Max:  0.0, Diff:  0.0, Sum:  0.0, Workers: 4
[44.158s][debug][gc,phases      ] GC(100)     Dead                           Min: 0, Avg:  0.0, Max: 0, Diff: 0, Sum: 0, Workers: 4
[44.158s][debug][gc,phases      ] GC(100)     Total                          Min: 0, Avg:  0.0, Max: 0, Diff: 0, Sum: 0, Workers: 4
[44.158s][debug][gc,phases      ] GC(100)   StringTable Weak               Min:  0.1, Avg:  0.1, Max:  0.1, Diff:  0.0, Sum:  0.4, Workers: 4
[44.158s][debug][gc,phases      ] GC(100)     Dead                           Min: 0, Avg:  0.0, Max: 0, Diff: 0, Sum: 0, Workers: 4
[44.158s][debug][gc,phases      ] GC(100)     Total                          Min: 9984, Avg: 11751.0, Max: 16220, Diff: 6236, Sum: 47004, Workers: 4
[44.158s][debug][gc,phases      ] GC(100)   ResolvedMethodTable Weak       Min:  0.0, Avg:  0.0, Max:  0.0, Diff:  0.0, Sum:  0.1, Workers: 4
[44.158s][debug][gc,phases      ] GC(100)     Dead                           Min: 0, Avg:  0.0, Max: 0, Diff: 0, Sum: 0, Workers: 4
[44.158s][debug][gc,phases      ] GC(100)     Total                          Min: 1774, Avg: 1978.8, Max: 2407, Diff: 633, Sum: 7915, Workers: 4
[44.158s][debug][gc,phases      ] GC(100)   JNI Weak                       Min:  0.0, Avg:  0.0, Max:  0.0, Diff:  0.0, Sum:  0.0, Workers: 4
[44.158s][debug][gc,phases      ] GC(100)     Dead                           Min: 0, Avg:  0.0, Max: 0, Diff: 0, Sum: 0, Workers: 4
[44.158s][debug][gc,phases      ] GC(100)     Total                          Min: 0, Avg:  4.0, Max: 16, Diff: 16, Sum: 16, Workers: 4
[44.158s][debug][gc,phases      ] GC(100)   StringDedup Table Weak         Min:  0.0, Avg:  0.0, Max:  0.0, Diff:  0.0, Sum:  0.0, Workers: 4
[44.158s][debug][gc,phases      ] GC(100)     Dead                           Min: 0, Avg:  0.0, Max: 0, Diff: 0, Sum: 0, Workers: 4
[44.158s][debug][gc,phases      ] GC(100)     Total                          Min: 0, Avg:  0.0, Max: 0, Diff: 0, Sum: 0, Workers: 4
[44.158s][debug][gc,phases      ] GC(100)   StringDedup Requests0 Weak     Min:  0.0, Avg:  0.0, Max:  0.0, Diff:  0.0, Sum:  0.0, Workers: 4
[44.158s][debug][gc,phases      ] GC(100)     Dead                           Min: 0, Avg:  0.0, Max: 0, Diff: 0, Sum: 0, Workers: 4
[44.158s][debug][gc,phases      ] GC(100)     Total                          Min: 0, Avg:  0.0, Max: 0, Diff: 0, Sum: 0, Workers: 4
[44.158s][debug][gc,phases      ] GC(100)   StringDedup Requests1 Weak     Min:  0.0, Avg:  0.0, Max:  0.0, Diff:  0.0, Sum:  0.0, Workers: 4
[44.158s][debug][gc,phases      ] GC(100)     Dead                           Min: 0, Avg:  0.0, Max: 0, Diff: 0, Sum: 0, Workers: 4
[44.158s][debug][gc,phases      ] GC(100)     Total                          Min: 0, Avg:  0.0, Max: 0, Diff: 0, Sum: 0, Workers: 4
[44.158s][debug][gc,phases      ] GC(100)   Weak JFR Old Object Samples    Min:  0.0, Avg:  0.0, Max:  0.0, Diff:  0.0, Sum:  0.0, Workers: 4
[44.158s][debug][gc,phases      ] GC(100)     Dead                           Min: 0, Avg:  0.0, Max: 0, Diff: 0, Sum: 0, Workers: 4
[44.158s][debug][gc,phases      ] GC(100)     Total                          Min: 0, Avg:  0.0, Max: 0, Diff: 0, Sum: 0, Workers: 4
[44.158s][debug][gc,phases      ] GC(100) Weak Processing 0.273ms
[44.158s][debug][gc,age         ] GC(100) Desired survivor size 117440512 bytes, new threshold 15 (max threshold 15)
[44.158s][info ][gc,heap        ] GC(100) PSYoungGen: 1920628K(1980416K)->52229K(1977344K) Eden: 1860608K(1860608K)->0K(1860608K) From: 60020K(119808K)->52229K(116736K)
[44.158s][info ][gc,heap        ] GC(100) ParOldGen: 564450K(638464K)->572781K(638464K)
[44.158s][info ][gc,metaspace   ] GC(100) Metaspace: 80361K(81216K)->80361K(81216K) NonClass: 68865K(69312K)->68865K(69312K) Class: 11495K(11904K)->11495K(11904K)
[44.158s][info ][gc             ] GC(100) Pause Young (Allocation Failure) 2426M->610M(2554M) 21.165ms
[44.158s][info ][gc,cpu         ] GC(100) User=0.10s Sys=0.00s Real=0.02s
[44.158s][info ][safepoint      ] Safepoint "ParallelGCFailedAllocation", Time since last: 427768420 ns, Reaching safepoint: 226999 ns, At safepoint: 21258787 ns, Total: 21485786 ns
[44.625s][info ][gc,start       ] GC(101) Pause Young (Allocation Failure)
[44.639s][debug][gc,phases      ] GC(101) Scavenge 13.952ms
[44.639s][debug][gc,ref         ] GC(101) Skipped phase 1 of Reference Processing: no references
[44.639s][debug][gc,ref         ] GC(101) ReferenceProcessor::execute queues: 1, RefProcThreadModel::Single, marks_oops_alive: false
[44.639s][debug][gc,ref         ] GC(101) Skipped phase 3 of Reference Processing: no references
[44.639s][debug][gc,ref         ] GC(101) ReferenceProcessor::execute queues: 1, RefProcThreadModel::Single, marks_oops_alive: false
[44.639s][debug][gc,phases      ] GC(101) Reference Processing 0.141ms
[44.639s][debug][gc,phases      ] GC(101)   VM Weak                        Min:  0.0, Avg:  0.0, Max:  0.0, Diff:  0.0, Sum:  0.0, Workers: 4
[44.639s][debug][gc,phases      ] GC(101)     Dead                           Min: 0, Avg:  0.0, Max: 0, Diff: 0, Sum: 0, Workers: 4
[44.639s][debug][gc,phases      ] GC(101)     Total                          Min: 0, Avg: 164.2, Max: 640, Diff: 640, Sum: 657, Workers: 4
[44.639s][debug][gc,phases      ] GC(101)   ObjectSynchronizer Weak        Min:  0.0, Avg:  0.0, Max:  0.0, Diff:  0.0, Sum:  0.0, Workers: 4
[44.639s][debug][gc,phases      ] GC(101)     Dead                           Min: 0, Avg:  0.0, Max: 0, Diff: 0, Sum: 0, Workers: 4
[44.639s][debug][gc,phases      ] GC(101)     Total                          Min: 0, Avg: 87.5, Max: 192, Diff: 192, Sum: 350, Workers: 4
[44.639s][debug][gc,phases      ] GC(101)   JVMTI Tag Weak OopStorage      Min:  0.0, Avg:  0.0, Max:  0.0, Diff:  0.0, Sum:  0.0, Workers: 4
[44.639s][debug][gc,phases      ] GC(101)     Dead                           Min: 0, Avg:  0.0, Max: 0, Diff: 0, Sum: 0, Workers: 4
[44.639s][debug][gc,phases      ] GC(101)     Total                          Min: 0, Avg:  0.0, Max: 0, Diff: 0, Sum: 0, Workers: 4
[44.639s][debug][gc,phases      ] GC(101)   StringTable Weak               Min:  0.1, Avg:  0.1, Max:  0.1, Diff:  0.0, Sum:  0.4, Workers: 4
[44.639s][debug][gc,phases      ] GC(101)     Dead                           Min: 0, Avg:  0.0, Max: 0, Diff: 0, Sum: 0, Workers: 4
[44.639s][debug][gc,phases      ] GC(101)     Total                          Min: 10656, Avg: 11752.0, Max: 13888, Diff: 3232, Sum: 47008, Workers: 4
[44.639s][debug][gc,phases      ] GC(101)   ResolvedMethodTable Weak       Min:  0.0, Avg:  0.0, Max:  0.0, Diff:  0.0, Sum:  0.1, Workers: 4
[44.639s][debug][gc,phases      ] GC(101)     Dead                           Min: 0, Avg:  0.0, Max: 0, Diff: 0, Sum: 0, Workers: 4
[44.639s][debug][gc,phases      ] GC(101)     Total                          Min: 1490, Avg: 1979.2, Max: 2685, Diff: 1195, Sum: 7917, Workers: 4
[44.639s][debug][gc,phases      ] GC(101)   JNI Weak                       Min:  0.0, Avg:  0.0, Max:  0.0, Diff:  0.0, Sum:  0.0, Workers: 4
[44.639s][debug][gc,phases      ] GC(101)     Dead                           Min: 0, Avg:  0.0, Max: 0, Diff: 0, Sum: 0, Workers: 4
[44.639s][debug][gc,phases      ] GC(101)     Total                          Min: 0, Avg:  6.0, Max: 24, Diff: 24, Sum: 24, Workers: 4
[44.639s][debug][gc,phases      ] GC(101)   StringDedup Table Weak         Min:  0.0, Avg:  0.0, Max:  0.0, Diff:  0.0, Sum:  0.0, Workers: 4
[44.639s][debug][gc,phases      ] GC(101)     Dead                           Min: 0, Avg:  0.0, Max: 0, Diff: 0, Sum: 0, Workers: 4
[44.639s][debug][gc,phases      ] GC(101)     Total                          Min: 0, Avg:  0.0, Max: 0, Diff: 0, Sum: 0, Workers: 4
[44.639s][debug][gc,phases      ] GC(101)   StringDedup Requests0 Weak     Min:  0.0, Avg:  0.0, Max:  0.0, Diff:  0.0, Sum:  0.0, Workers: 4
[44.639s][debug][gc,phases      ] GC(101)     Dead                           Min: 0, Avg:  0.0, Max: 0, Diff: 0, Sum: 0, Workers: 4
[44.639s][debug][gc,phases      ] GC(101)     Total                          Min: 0, Avg:  0.0, Max: 0, Diff: 0, Sum: 0, Workers: 4
[44.639s][debug][gc,phases      ] GC(101)   StringDedup Requests1 Weak     Min:  0.0, Avg:  0.0, Max:  0.0, Diff:  0.0, Sum:  0.0, Workers: 4
[44.639s][debug][gc,phases      ] GC(101)     Dead                           Min: 0, Avg:  0.0, Max: 0, Diff: 0, Sum: 0, Workers: 4
[44.639s][debug][gc,phases      ] GC(101)     Total                          Min: 0, Avg:  0.0, Max: 0, Diff: 0, Sum: 0, Workers: 4
[44.639s][debug][gc,phases      ] GC(101)   Weak JFR Old Object Samples    Min:  0.0, Avg:  0.0, Max:  0.0, Diff:  0.0, Sum:  0.0, Workers: 4
[44.639s][debug][gc,phases      ] GC(101)     Dead                           Min: 0, Avg:  0.0, Max: 0, Diff: 0, Sum: 0, Workers: 4
[44.639s][debug][gc,phases      ] GC(101)     Total                          Min: 0, Avg:  0.0, Max: 0, Diff: 0, Sum: 0, Workers: 4
[44.639s][debug][gc,phases      ] GC(101) Weak Processing 0.306ms
[44.639s][debug][gc,age         ] GC(101) Desired survivor size 116391936 bytes, new threshold 15 (max threshold 15)
[44.639s][info ][gc,heap        ] GC(101) PSYoungGen: 1912837K(1977344K)->46462K(1983488K) Eden: 1860608K(1860608K)->0K(1868800K) From: 52229K(116736K)->46462K(114688K)
[44.639s][info ][gc,heap        ] GC(101) ParOldGen: 572781K(638464K)->579973K(638464K)
[44.639s][info ][gc,metaspace   ] GC(101) Metaspace: 80494K(81344K)->80494K(81344K) NonClass: 68997K(69440K)->68997K(69440K) Class: 11496K(11904K)->11496K(11904K)
[44.639s][info ][gc             ] GC(101) Pause Young (Allocation Failure) 2427M->611M(2560M) 14.522ms
[44.639s][info ][gc,cpu         ] GC(101) User=0.07s Sys=0.00s Real=0.01s
[44.639s][info ][safepoint      ] Safepoint "ParallelGCFailedAllocation", Time since last: 466344314 ns, Reaching safepoint: 205199 ns, At safepoint: 14612922 ns, Total: 14818121 ns
[45.112s][info ][gc,start       ] GC(102) Pause Young (Allocation Failure)
[45.126s][debug][gc,phases      ] GC(102) Scavenge 13.467ms
[45.126s][debug][gc,ref         ] GC(102) Skipped phase 1 of Reference Processing: no references
[45.126s][debug][gc,ref         ] GC(102) ReferenceProcessor::execute queues: 1, RefProcThreadModel::Single, marks_oops_alive: false
[45.126s][debug][gc,ref         ] GC(102) Skipped phase 3 of Reference Processing: no references
[45.126s][debug][gc,ref         ] GC(102) ReferenceProcessor::execute queues: 1, RefProcThreadModel::Single, marks_oops_alive: false
[45.126s][debug][gc,phases      ] GC(102) Reference Processing 0.116ms
[45.126s][debug][gc,phases      ] GC(102)   VM Weak                        Min:  0.0, Avg:  0.0, Max:  0.0, Diff:  0.0, Sum:  0.0, Workers: 4
[45.126s][debug][gc,phases      ] GC(102)     Dead                           Min: 0, Avg:  0.0, Max: 0, Diff: 0, Sum: 0, Workers: 4
[45.126s][debug][gc,phases      ] GC(102)     Total                          Min: 0, Avg: 165.8, Max: 663, Diff: 663, Sum: 663, Workers: 4
[45.126s][debug][gc,phases      ] GC(102)   ObjectSynchronizer Weak        Min:  0.0, Avg:  0.0, Max:  0.0, Diff:  0.0, Sum:  0.0, Workers: 4
[45.126s][debug][gc,phases      ] GC(102)     Dead                           Min: 0, Avg:  0.0, Max: 0, Diff: 0, Sum: 0, Workers: 4
[45.126s][debug][gc,phases      ] GC(102)     Total                          Min: 0, Avg: 87.5, Max: 286, Diff: 286, Sum: 350, Workers: 4
[45.126s][debug][gc,phases      ] GC(102)   JVMTI Tag Weak OopStorage      Min:  0.0, Avg:  0.0, Max:  0.0, Diff:  0.0, Sum:  0.0, Workers: 4
[45.126s][debug][gc,phases      ] GC(102)     Dead                           Min: 0, Avg:  0.0, Max: 0, Diff: 0, Sum: 0, Workers: 4
[45.126s][debug][gc,phases      ] GC(102)     Total                          Min: 0, Avg:  0.0, Max: 0, Diff: 0, Sum: 0, Workers: 4
[45.126s][debug][gc,phases      ] GC(102)   StringTable Weak               Min:  0.1, Avg:  0.1, Max:  0.1, Diff:  0.0, Sum:  0.4, Workers: 4
[45.126s][debug][gc,phases      ] GC(102)     Dead                           Min: 0, Avg:  0.2, Max: 1, Diff: 1, Sum: 1, Workers: 4
[45.126s][debug][gc,phases      ] GC(102)     Total                          Min: 9151, Avg: 11757.8, Max: 14520, Diff: 5369, Sum: 47031, Workers: 4
[45.126s][debug][gc,phases      ] GC(102)   ResolvedMethodTable Weak       Min:  0.0, Avg:  0.0, Max:  0.0, Diff:  0.0, Sum:  0.1, Workers: 4
[45.126s][debug][gc,phases      ] GC(102)     Dead                           Min: 0, Avg:  0.0, Max: 0, Diff: 0, Sum: 0, Workers: 4
[45.126s][debug][gc,phases      ] GC(102)     Total                          Min: 1537, Avg: 1985.2, Max: 2402, Diff: 865, Sum: 7941, Workers: 4
[45.126s][debug][gc,phases      ] GC(102)   JNI Weak                       Min:  0.0, Avg:  0.0, Max:  0.0, Diff:  0.0, Sum:  0.0, Workers: 4
[45.126s][debug][gc,phases      ] GC(102)     Dead                           Min: 0, Avg:  0.0, Max: 0, Diff: 0, Sum: 0, Workers: 4
[45.126s][debug][gc,phases      ] GC(102)     Total                          Min: 0, Avg:  2.2, Max: 9, Diff: 9, Sum: 9, Workers: 4
[45.126s][debug][gc,phases      ] GC(102)   StringDedup Table Weak         Min:  0.0, Avg:  0.0, Max:  0.0, Diff:  0.0, Sum:  0.0, Workers: 4
[45.126s][debug][gc,phases      ] GC(102)     Dead                           Min: 0, Avg:  0.0, Max: 0, Diff: 0, Sum: 0, Workers: 4
[45.126s][debug][gc,phases      ] GC(102)     Total                          Min: 0, Avg:  0.0, Max: 0, Diff: 0, Sum: 0, Workers: 4
[45.126s][debug][gc,phases      ] GC(102)   StringDedup Requests0 Weak     Min:  0.0, Avg:  0.0, Max:  0.0, Diff:  0.0, Sum:  0.0, Workers: 4
[45.126s][debug][gc,phases      ] GC(102)     Dead                           Min: 0, Avg:  0.0, Max: 0, Diff: 0, Sum: 0, Workers: 4
[45.126s][debug][gc,phases      ] GC(102)     Total                          Min: 0, Avg:  0.0, Max: 0, Diff: 0, Sum: 0, Workers: 4
[45.126s][debug][gc,phases      ] GC(102)   StringDedup Requests1 Weak     Min:  0.0, Avg:  0.0, Max:  0.0, Diff:  0.0, Sum:  0.0, Workers: 4
[45.126s][debug][gc,phases      ] GC(102)     Dead                           Min: 0, Avg:  0.0, Max: 0, Diff: 0, Sum: 0, Workers: 4
[45.126s][debug][gc,phases      ] GC(102)     Total                          Min: 0, Avg:  0.0, Max: 0, Diff: 0, Sum: 0, Workers: 4
[45.126s][debug][gc,phases      ] GC(102)   Weak JFR Old Object Samples    Min:  0.0, Avg:  0.0, Max:  0.0, Diff:  0.0, Sum:  0.0, Workers: 4
[45.126s][debug][gc,phases      ] GC(102)     Dead                           Min: 0, Avg:  0.0, Max: 0, Diff: 0, Sum: 0, Workers: 4
[45.126s][debug][gc,phases      ] GC(102)     Total                          Min: 0, Avg:  0.0, Max: 0, Diff: 0, Sum: 0, Workers: 4
[45.126s][debug][gc,phases      ] GC(102) Weak Processing 0.255ms
[45.126s][debug][gc,age         ] GC(102) Desired survivor size 115343360 bytes, new threshold 15 (max threshold 15)
[45.126s][info ][gc,heap        ] GC(102) PSYoungGen: 1915262K(1983488K)->44614K(1982464K) Eden: 1868800K(1868800K)->0K(1868800K) From: 46462K(114688K)->44614K(113664K)
[45.126s][info ][gc,heap        ] GC(102) ParOldGen: 579973K(638464K)->585420K(638464K)
[45.126s][info ][gc,metaspace   ] GC(102) Metaspace: 80578K(81408K)->80578K(81408K) NonClass: 69072K(69504K)->69072K(69504K) Class: 11505K(11904K)->11505K(11904K)
[45.126s][info ][gc             ] GC(102) Pause Young (Allocation Failure) 2436M->615M(2559M) 13.962ms
[45.126s][info ][gc,cpu         ] GC(102) User=0.05s Sys=0.00s Real=0.01s
[45.126s][info ][safepoint      ] Safepoint "ParallelGCFailedAllocation", Time since last: 471361288 ns, Reaching safepoint: 1192493 ns, At safepoint: 14064725 ns, Total: 15257218 ns
[45.566s][info ][gc,start       ] GC(103) Pause Young (Allocation Failure)
[45.578s][debug][gc,phases      ] GC(103) Scavenge 12.218ms
[45.578s][debug][gc,ref         ] GC(103) Skipped phase 1 of Reference Processing: no references
[45.578s][debug][gc,ref         ] GC(103) ReferenceProcessor::execute queues: 1, RefProcThreadModel::Single, marks_oops_alive: false
[45.578s][debug][gc,ref         ] GC(103) Skipped phase 3 of Reference Processing: no references
[45.578s][debug][gc,ref         ] GC(103) ReferenceProcessor::execute queues: 1, RefProcThreadModel::Single, marks_oops_alive: false
[45.578s][debug][gc,phases      ] GC(103) Reference Processing 0.122ms
[45.579s][debug][gc,phases      ] GC(103)   VM Weak                        Min:  0.0, Avg:  0.0, Max:  0.0, Diff:  0.0, Sum:  0.0, Workers: 4
[45.579s][debug][gc,phases      ] GC(103)     Dead                           Min: 0, Avg:  0.0, Max: 0, Diff: 0, Sum: 0, Workers: 4
[45.579s][debug][gc,phases      ] GC(103)     Total                          Min: 0, Avg: 165.8, Max: 663, Diff: 663, Sum: 663, Workers: 4
[45.579s][debug][gc,phases      ] GC(103)   ObjectSynchronizer Weak        Min:  0.0, Avg:  0.0, Max:  0.0, Diff:  0.0, Sum:  0.0, Workers: 4
[45.579s][debug][gc,phases      ] GC(103)     Dead                           Min: 0, Avg:  0.0, Max: 0, Diff: 0, Sum: 0, Workers: 4
[45.579s][debug][gc,phases      ] GC(103)     Total                          Min: 0, Avg: 87.5, Max: 286, Diff: 286, Sum: 350, Workers: 4
[45.579s][debug][gc,phases      ] GC(103)   JVMTI Tag Weak OopStorage      Min:  0.0, Avg:  0.0, Max:  0.0, Diff:  0.0, Sum:  0.0, Workers: 4
[45.579s][debug][gc,phases      ] GC(103)     Dead                           Min: 0, Avg:  0.0, Max: 0, Diff: 0, Sum: 0, Workers: 4
[45.579s][debug][gc,phases      ] GC(103)     Total                          Min: 0, Avg:  0.0, Max: 0, Diff: 0, Sum: 0, Workers: 4
[45.579s][debug][gc,phases      ] GC(103)   StringTable Weak               Min:  0.1, Avg:  0.1, Max:  0.1, Diff:  0.0, Sum:  0.4, Workers: 4
[45.579s][debug][gc,phases      ] GC(103)     Dead                           Min: 0, Avg:  0.0, Max: 0, Diff: 0, Sum: 0, Workers: 4
[45.579s][debug][gc,phases      ] GC(103)     Total                          Min: 9024, Avg: 11758.0, Max: 14841, Diff: 5817, Sum: 47032, Workers: 4
[45.579s][debug][gc,phases      ] GC(103)   ResolvedMethodTable Weak       Min:  0.0, Avg:  0.0, Max:  0.0, Diff:  0.0, Sum:  0.1, Workers: 4
[45.579s][debug][gc,phases      ] GC(103)     Dead                           Min: 0, Avg:  0.0, Max: 0, Diff: 0, Sum: 0, Workers: 4
[45.579s][debug][gc,phases      ] GC(103)     Total                          Min: 1809, Avg: 1985.2, Max: 2399, Diff: 590, Sum: 7941, Workers: 4
[45.579s][debug][gc,phases      ] GC(103)   JNI Weak                       Min:  0.0, Avg:  0.0, Max:  0.0, Diff:  0.0, Sum:  0.0, Workers: 4
[45.579s][debug][gc,phases      ] GC(103)     Dead                           Min: 0, Avg:  0.0, Max: 0, Diff: 0, Sum: 0, Workers: 4
[45.579s][debug][gc,phases      ] GC(103)     Total                          Min: 0, Avg:  3.5, Max: 14, Diff: 14, Sum: 14, Workers: 4
[45.579s][debug][gc,phases      ] GC(103)   StringDedup Table Weak         Min:  0.0, Avg:  0.0, Max:  0.0, Diff:  0.0, Sum:  0.0, Workers: 4
[45.579s][debug][gc,phases      ] GC(103)     Dead                           Min: 0, Avg:  0.0, Max: 0, Diff: 0, Sum: 0, Workers: 4
[45.579s][debug][gc,phases      ] GC(103)     Total                          Min: 0, Avg:  0.0, Max: 0, Diff: 0, Sum: 0, Workers: 4
[45.579s][debug][gc,phases      ] GC(103)   StringDedup Requests0 Weak     Min:  0.0, Avg:  0.0, Max:  0.0, Diff:  0.0, Sum:  0.0, Workers: 4
[45.579s][debug][gc,phases      ] GC(103)     Dead                           Min: 0, Avg:  0.0, Max: 0, Diff: 0, Sum: 0, Workers: 4
[45.579s][debug][gc,phases      ] GC(103)     Total                          Min: 0, Avg:  0.0, Max: 0, Diff: 0, Sum: 0, Workers: 4
[45.579s][debug][gc,phases      ] GC(103)   StringDedup Requests1 Weak     Min:  0.0, Avg:  0.0, Max:  0.0, Diff:  0.0, Sum:  0.0, Workers: 4
[45.579s][debug][gc,phases      ] GC(103)     Dead                           Min: 0, Avg:  0.0, Max: 0, Diff: 0, Sum: 0, Workers: 4
[45.579s][debug][gc,phases      ] GC(103)     Total                          Min: 0, Avg:  0.0, Max: 0, Diff: 0, Sum: 0, Workers: 4
[45.579s][debug][gc,phases      ] GC(103)   Weak JFR Old Object Samples    Min:  0.0, Avg:  0.0, Max:  0.0, Diff:  0.0, Sum:  0.0, Workers: 4
[45.579s][debug][gc,phases      ] GC(103)     Dead                           Min: 0, Avg:  0.0, Max: 0, Diff: 0, Sum: 0, Workers: 4
[45.579s][debug][gc,phases      ] GC(103)     Total                          Min: 0, Avg:  0.0, Max: 0, Diff: 0, Sum: 0, Workers: 4
[45.579s][debug][gc,phases      ] GC(103) Weak Processing 0.302ms
[45.579s][debug][gc,age         ] GC(103) Desired survivor size 115343360 bytes, new threshold 15 (max threshold 15)
[45.579s][info ][gc,heap        ] GC(103) PSYoungGen: 1913414K(1982464K)->33180K(1984512K) Eden: 1868800K(1868800K)->0K(1871872K) From: 44614K(113664K)->33180K(112640K)
[45.579s][info ][gc,heap        ] GC(103) ParOldGen: 585420K(638464K)->595459K(638464K)
[45.579s][info ][gc,metaspace   ] GC(103) Metaspace: 80600K(81408K)->80600K(81408K) NonClass: 69094K(69504K)->69094K(69504K) Class: 11505K(11904K)->11505K(11904K)
[45.579s][info ][gc             ] GC(103) Pause Young (Allocation Failure) 2440M->613M(2561M) 12.778ms
[45.579s][info ][gc,cpu         ] GC(103) User=0.05s Sys=0.00s Real=0.01s
[45.579s][info ][safepoint      ] Safepoint "ParallelGCFailedAllocation", Time since last: 439760056 ns, Reaching safepoint: 150199 ns, At safepoint: 12879832 ns, Total: 13030031 ns
[46.004s][info ][gc,start       ] GC(104) Pause Young (Allocation Failure)
[46.014s][debug][gc,phases      ] GC(104) Scavenge 10.002ms
[46.014s][debug][gc,ref         ] GC(104) Skipped phase 1 of Reference Processing: no references
[46.014s][debug][gc,ref         ] GC(104) ReferenceProcessor::execute queues: 1, RefProcThreadModel::Single, marks_oops_alive: false
[46.014s][debug][gc,ref         ] GC(104) Skipped phase 3 of Reference Processing: no references
[46.014s][debug][gc,ref         ] GC(104) ReferenceProcessor::execute queues: 1, RefProcThreadModel::Single, marks_oops_alive: false
[46.014s][debug][gc,phases      ] GC(104) Reference Processing 0.125ms
[46.014s][debug][gc,phases      ] GC(104)   VM Weak                        Min:  0.0, Avg:  0.0, Max:  0.0, Diff:  0.0, Sum:  0.0, Workers: 4
[46.014s][debug][gc,phases      ] GC(104)     Dead                           Min: 0, Avg:  0.0, Max: 0, Diff: 0, Sum: 0, Workers: 4
[46.014s][debug][gc,phases      ] GC(104)     Total                          Min: 0, Avg: 165.8, Max: 576, Diff: 576, Sum: 663, Workers: 4
[46.014s][debug][gc,phases      ] GC(104)   ObjectSynchronizer Weak        Min:  0.0, Avg:  0.0, Max:  0.0, Diff:  0.0, Sum:  0.0, Workers: 4
[46.014s][debug][gc,phases      ] GC(104)     Dead                           Min: 0, Avg:  0.0, Max: 0, Diff: 0, Sum: 0, Workers: 4
[46.014s][debug][gc,phases      ] GC(104)     Total                          Min: 0, Avg: 87.5, Max: 158, Diff: 158, Sum: 350, Workers: 4
[46.014s][debug][gc,phases      ] GC(104)   JVMTI Tag Weak OopStorage      Min:  0.0, Avg:  0.0, Max:  0.0, Diff:  0.0, Sum:  0.0, Workers: 4
[46.014s][debug][gc,phases      ] GC(104)     Dead                           Min: 0, Avg:  0.0, Max: 0, Diff: 0, Sum: 0, Workers: 4
[46.014s][debug][gc,phases      ] GC(104)     Total                          Min: 0, Avg:  0.0, Max: 0, Diff: 0, Sum: 0, Workers: 4
[46.014s][debug][gc,phases      ] GC(104)   StringTable Weak               Min:  0.1, Avg:  0.1, Max:  0.1, Diff:  0.0, Sum:  0.4, Workers: 4
[46.014s][debug][gc,phases      ] GC(104)     Dead                           Min: 0, Avg:  0.0, Max: 0, Diff: 0, Sum: 0, Workers: 4
[46.014s][debug][gc,phases      ] GC(104)     Total                          Min: 9664, Avg: 11761.2, Max: 15616, Diff: 5952, Sum: 47045, Workers: 4
[46.014s][debug][gc,phases      ] GC(104)   ResolvedMethodTable Weak       Min:  0.0, Avg:  0.0, Max:  0.0, Diff:  0.0, Sum:  0.1, Workers: 4
[46.014s][debug][gc,phases      ] GC(104)     Dead                           Min: 0, Avg:  0.0, Max: 0, Diff: 0, Sum: 0, Workers: 4
[46.014s][debug][gc,phases      ] GC(104)     Total                          Min: 1775, Avg: 1987.8, Max: 2407, Diff: 632, Sum: 7951, Workers: 4
[46.014s][debug][gc,phases      ] GC(104)   JNI Weak                       Min:  0.0, Avg:  0.0, Max:  0.0, Diff:  0.0, Sum:  0.0, Workers: 4
[46.014s][debug][gc,phases      ] GC(104)     Dead                           Min: 0, Avg:  0.0, Max: 0, Diff: 0, Sum: 0, Workers: 4
[46.014s][debug][gc,phases      ] GC(104)     Total                          Min: 0, Avg:  3.2, Max: 13, Diff: 13, Sum: 13, Workers: 4
[46.014s][debug][gc,phases      ] GC(104)   StringDedup Table Weak         Min:  0.0, Avg:  0.0, Max:  0.0, Diff:  0.0, Sum:  0.0, Workers: 4
[46.014s][debug][gc,phases      ] GC(104)     Dead                           Min: 0, Avg:  0.0, Max: 0, Diff: 0, Sum: 0, Workers: 4
[46.014s][debug][gc,phases      ] GC(104)     Total                          Min: 0, Avg:  0.0, Max: 0, Diff: 0, Sum: 0, Workers: 4
[46.014s][debug][gc,phases      ] GC(104)   StringDedup Requests0 Weak     Min:  0.0, Avg:  0.0, Max:  0.0, Diff:  0.0, Sum:  0.0, Workers: 4
[46.014s][debug][gc,phases      ] GC(104)     Dead                           Min: 0, Avg:  0.0, Max: 0, Diff: 0, Sum: 0, Workers: 4
[46.014s][debug][gc,phases      ] GC(104)     Total                          Min: 0, Avg:  0.0, Max: 0, Diff: 0, Sum: 0, Workers: 4
[46.014s][debug][gc,phases      ] GC(104)   StringDedup Requests1 Weak     Min:  0.0, Avg:  0.0, Max:  0.0, Diff:  0.0, Sum:  0.0, Workers: 4
[46.014s][debug][gc,phases      ] GC(104)     Dead                           Min: 0, Avg:  0.0, Max: 0, Diff: 0, Sum: 0, Workers: 4
[46.014s][debug][gc,phases      ] GC(104)     Total                          Min: 0, Avg:  0.0, Max: 0, Diff: 0, Sum: 0, Workers: 4
[46.014s][debug][gc,phases      ] GC(104)   Weak JFR Old Object Samples    Min:  0.0, Avg:  0.0, Max:  0.0, Diff:  0.0, Sum:  0.0, Workers: 4
[46.014s][debug][gc,phases      ] GC(104)     Dead                           Min: 0, Avg:  0.0, Max: 0, Diff: 0, Sum: 0, Workers: 4
[46.014s][debug][gc,phases      ] GC(104)     Total                          Min: 0, Avg:  0.0, Max: 0, Diff: 0, Sum: 0, Workers: 4
[46.014s][debug][gc,phases      ] GC(104) Weak Processing 0.294ms
[46.014s][debug][gc,age         ] GC(104) Desired survivor size 115343360 bytes, new threshold 15 (max threshold 15)
[46.014s][info ][gc,heap        ] GC(104) PSYoungGen: 1905052K(1984512K)->30364K(1984512K) Eden: 1871872K(1871872K)->0K(1871872K) From: 33180K(112640K)->30364K(112640K)
[46.014s][info ][gc,heap        ] GC(104) ParOldGen: 595459K(638464K)->598771K(638464K)
[46.014s][info ][gc,metaspace   ] GC(104) Metaspace: 80651K(81472K)->80651K(81472K) NonClass: 69140K(69568K)->69140K(69568K) Class: 11511K(11904K)->11511K(11904K)
[46.014s][info ][gc             ] GC(104) Pause Young (Allocation Failure) 2441M->614M(2561M) 10.540ms
[46.014s][info ][gc,cpu         ] GC(104) User=0.05s Sys=0.00s Real=0.01s
[46.014s][info ][safepoint      ] Safepoint "ParallelGCFailedAllocation", Time since last: 421465653 ns, Reaching safepoint: 3219083 ns, At safepoint: 10650343 ns, Total: 13869426 ns
[46.467s][info ][gc,start       ] GC(105) Pause Young (Allocation Failure)
[46.476s][debug][gc,phases      ] GC(105) Scavenge 8.794ms
[46.476s][debug][gc,ref         ] GC(105) Skipped phase 1 of Reference Processing: no references
[46.476s][debug][gc,ref         ] GC(105) ReferenceProcessor::execute queues: 1, RefProcThreadModel::Single, marks_oops_alive: false
[46.476s][debug][gc,ref         ] GC(105) Skipped phase 3 of Reference Processing: no references
[46.476s][debug][gc,ref         ] GC(105) ReferenceProcessor::execute queues: 1, RefProcThreadModel::Single, marks_oops_alive: false
[46.476s][debug][gc,phases      ] GC(105) Reference Processing 0.115ms
[46.477s][debug][gc,phases      ] GC(105)   VM Weak                        Min:  0.0, Avg:  0.0, Max:  0.0, Diff:  0.0, Sum:  0.0, Workers: 4
[46.477s][debug][gc,phases      ] GC(105)     Dead                           Min: 0, Avg:  0.0, Max: 0, Diff: 0, Sum: 0, Workers: 4
[46.477s][debug][gc,phases      ] GC(105)     Total                          Min: 0, Avg: 165.8, Max: 663, Diff: 663, Sum: 663, Workers: 4
[46.477s][debug][gc,phases      ] GC(105)   ObjectSynchronizer Weak        Min:  0.0, Avg:  0.0, Max:  0.0, Diff:  0.0, Sum:  0.0, Workers: 4
[46.477s][debug][gc,phases      ] GC(105)     Dead                           Min: 0, Avg:  0.0, Max: 0, Diff: 0, Sum: 0, Workers: 4
[46.477s][debug][gc,phases      ] GC(105)     Total                          Min: 0, Avg: 87.5, Max: 192, Diff: 192, Sum: 350, Workers: 4
[46.477s][debug][gc,phases      ] GC(105)   JVMTI Tag Weak OopStorage      Min:  0.0, Avg:  0.0, Max:  0.0, Diff:  0.0, Sum:  0.0, Workers: 4
[46.477s][debug][gc,phases      ] GC(105)     Dead                           Min: 0, Avg:  0.0, Max: 0, Diff: 0, Sum: 0, Workers: 4
[46.477s][debug][gc,phases      ] GC(105)     Total                          Min: 0, Avg:  0.0, Max: 0, Diff: 0, Sum: 0, Workers: 4
[46.477s][debug][gc,phases      ] GC(105)   StringTable Weak               Min:  0.1, Avg:  0.1, Max:  0.1, Diff:  0.0, Sum:  0.4, Workers: 4
[46.477s][debug][gc,phases      ] GC(105)     Dead                           Min: 0, Avg:  0.0, Max: 0, Diff: 0, Sum: 0, Workers: 4
[46.477s][debug][gc,phases      ] GC(105)     Total                          Min: 8960, Avg: 11770.8, Max: 14443, Diff: 5483, Sum: 47083, Workers: 4
[46.477s][debug][gc,phases      ] GC(105)   ResolvedMethodTable Weak       Min:  0.0, Avg:  0.0, Max:  0.0, Diff:  0.0, Sum:  0.1, Workers: 4
[46.477s][debug][gc,phases      ] GC(105)     Dead                           Min: 0, Avg:  0.0, Max: 0, Diff: 0, Sum: 0, Workers: 4
[46.477s][debug][gc,phases      ] GC(105)     Total                          Min: 1536, Avg: 1987.8, Max: 2336, Diff: 800, Sum: 7951, Workers: 4
[46.477s][debug][gc,phases      ] GC(105)   JNI Weak                       Min:  0.0, Avg:  0.0, Max:  0.0, Diff:  0.0, Sum:  0.0, Workers: 4
[46.477s][debug][gc,phases      ] GC(105)     Dead                           Min: 0, Avg:  0.0, Max: 0, Diff: 0, Sum: 0, Workers: 4
[46.477s][debug][gc,phases      ] GC(105)     Total                          Min: 0, Avg:  1.5, Max: 6, Diff: 6, Sum: 6, Workers: 4
[46.477s][debug][gc,phases      ] GC(105)   StringDedup Table Weak         Min:  0.0, Avg:  0.0, Max:  0.0, Diff:  0.0, Sum:  0.0, Workers: 4
[46.477s][debug][gc,phases      ] GC(105)     Dead                           Min: 0, Avg:  0.0, Max: 0, Diff: 0, Sum: 0, Workers: 4
[46.477s][debug][gc,phases      ] GC(105)     Total                          Min: 0, Avg:  0.0, Max: 0, Diff: 0, Sum: 0, Workers: 4
[46.477s][debug][gc,phases      ] GC(105)   StringDedup Requests0 Weak     Min:  0.0, Avg:  0.0, Max:  0.0, Diff:  0.0, Sum:  0.0, Workers: 4
[46.477s][debug][gc,phases      ] GC(105)     Dead                           Min: 0, Avg:  0.0, Max: 0, Diff: 0, Sum: 0, Workers: 4
[46.477s][debug][gc,phases      ] GC(105)     Total                          Min: 0, Avg:  0.0, Max: 0, Diff: 0, Sum: 0, Workers: 4
[46.477s][debug][gc,phases      ] GC(105)   StringDedup Requests1 Weak     Min:  0.0, Avg:  0.0, Max:  0.0, Diff:  0.0, Sum:  0.0, Workers: 4
[46.477s][debug][gc,phases      ] GC(105)     Dead                           Min: 0, Avg:  0.0, Max: 0, Diff: 0, Sum: 0, Workers: 4
[46.477s][debug][gc,phases      ] GC(105)     Total                          Min: 0, Avg:  0.0, Max: 0, Diff: 0, Sum: 0, Workers: 4
[46.477s][debug][gc,phases      ] GC(105)   Weak JFR Old Object Samples    Min:  0.0, Avg:  0.0, Max:  0.0, Diff:  0.0, Sum:  0.0, Workers: 4
[46.477s][debug][gc,phases      ] GC(105)     Dead                           Min: 0, Avg:  0.0, Max: 0, Diff: 0, Sum: 0, Workers: 4
[46.477s][debug][gc,phases      ] GC(105)     Total                          Min: 0, Avg:  0.0, Max: 0, Diff: 0, Sum: 0, Workers: 4
[46.477s][debug][gc,phases      ] GC(105) Weak Processing 0.286ms
[46.477s][debug][gc,age         ] GC(105) Desired survivor size 114294784 bytes, new threshold 15 (max threshold 15)
[46.477s][info ][gc,heap        ] GC(105) PSYoungGen: 1902236K(1984512K)->30924K(1985536K) Eden: 1871872K(1871872K)->0K(1872896K) From: 30364K(112640K)->30924K(112640K)
[46.477s][info ][gc,heap        ] GC(105) ParOldGen: 598771K(638464K)->599027K(638464K)
[46.477s][info ][gc,metaspace   ] GC(105) Metaspace: 80663K(81472K)->80663K(81472K) NonClass: 69152K(69568K)->69152K(69568K) Class: 11511K(11904K)->11511K(11904K)
[46.477s][info ][gc             ] GC(105) Pause Young (Allocation Failure) 2442M->615M(2562M) 9.308ms
[46.477s][info ][gc,cpu         ] GC(105) User=0.03s Sys=0.00s Real=0.01s
[46.477s][info ][safepoint      ] Safepoint "ParallelGCFailedAllocation", Time since last: 453151985 ns, Reaching safepoint: 152699 ns, At safepoint: 9417650 ns, Total: 9570349 ns
[46.914s][info ][gc,start       ] GC(106) Pause Young (Allocation Failure)
[46.922s][debug][gc,phases      ] GC(106) Scavenge 8.839ms
[46.922s][debug][gc,ref         ] GC(106) Skipped phase 1 of Reference Processing: no references
[46.923s][debug][gc,ref         ] GC(106) ReferenceProcessor::execute queues: 1, RefProcThreadModel::Single, marks_oops_alive: false
[46.923s][debug][gc,ref         ] GC(106) Skipped phase 3 of Reference Processing: no references
[46.923s][debug][gc,ref         ] GC(106) ReferenceProcessor::execute queues: 1, RefProcThreadModel::Single, marks_oops_alive: false
[46.923s][debug][gc,phases      ] GC(106) Reference Processing 0.105ms
[46.923s][debug][gc,phases      ] GC(106)   VM Weak                        Min:  0.0, Avg:  0.0, Max:  0.0, Diff:  0.0, Sum:  0.0, Workers: 4
[46.923s][debug][gc,phases      ] GC(106)     Dead                           Min: 0, Avg:  0.0, Max: 0, Diff: 0, Sum: 0, Workers: 4
[46.923s][debug][gc,phases      ] GC(106)     Total                          Min: 0, Avg: 165.8, Max: 640, Diff: 640, Sum: 663, Workers: 4
[46.923s][debug][gc,phases      ] GC(106)   ObjectSynchronizer Weak        Min:  0.0, Avg:  0.0, Max:  0.0, Diff:  0.0, Sum:  0.0, Workers: 4
[46.923s][debug][gc,phases      ] GC(106)     Dead                           Min: 0, Avg:  0.0, Max: 0, Diff: 0, Sum: 0, Workers: 4
[46.923s][debug][gc,phases      ] GC(106)     Total                          Min: 0, Avg: 87.5, Max: 286, Diff: 286, Sum: 350, Workers: 4
[46.923s][debug][gc,phases      ] GC(106)   JVMTI Tag Weak OopStorage      Min:  0.0, Avg:  0.0, Max:  0.0, Diff:  0.0, Sum:  0.0, Workers: 4
[46.923s][debug][gc,phases      ] GC(106)     Dead                           Min: 0, Avg:  0.0, Max: 0, Diff: 0, Sum: 0, Workers: 4
[46.923s][debug][gc,phases      ] GC(106)     Total                          Min: 0, Avg:  0.0, Max: 0, Diff: 0, Sum: 0, Workers: 4
[46.923s][debug][gc,phases      ] GC(106)   StringTable Weak               Min:  0.1, Avg:  0.1, Max:  0.1, Diff:  0.0, Sum:  0.4, Workers: 4
[46.923s][debug][gc,phases      ] GC(106)     Dead                           Min: 0, Avg:  0.0, Max: 0, Diff: 0, Sum: 0, Workers: 4
[46.923s][debug][gc,phases      ] GC(106)     Total                          Min: 8768, Avg: 11773.5, Max: 15158, Diff: 6390, Sum: 47094, Workers: 4
[46.923s][debug][gc,phases      ] GC(106)   ResolvedMethodTable Weak       Min:  0.0, Avg:  0.0, Max:  0.0, Diff:  0.0, Sum:  0.1, Workers: 4
[46.923s][debug][gc,phases      ] GC(106)     Dead                           Min: 0, Avg:  0.0, Max: 0, Diff: 0, Sum: 0, Workers: 4
[46.923s][debug][gc,phases      ] GC(106)     Total                          Min: 1694, Avg: 1987.8, Max: 2370, Diff: 676, Sum: 7951, Workers: 4
[46.923s][debug][gc,phases      ] GC(106)   JNI Weak                       Min:  0.0, Avg:  0.0, Max:  0.0, Diff:  0.0, Sum:  0.0, Workers: 4
[46.923s][debug][gc,phases      ] GC(106)     Dead                           Min: 0, Avg:  0.0, Max: 0, Diff: 0, Sum: 0, Workers: 4
[46.923s][debug][gc,phases      ] GC(106)     Total                          Min: 0, Avg:  1.8, Max: 7, Diff: 7, Sum: 7, Workers: 4
[46.923s][debug][gc,phases      ] GC(106)   StringDedup Table Weak         Min:  0.0, Avg:  0.0, Max:  0.0, Diff:  0.0, Sum:  0.0, Workers: 4
[46.923s][debug][gc,phases      ] GC(106)     Dead                           Min: 0, Avg:  0.0, Max: 0, Diff: 0, Sum: 0, Workers: 4
[46.923s][debug][gc,phases      ] GC(106)     Total                          Min: 0, Avg:  0.0, Max: 0, Diff: 0, Sum: 0, Workers: 4
[46.923s][debug][gc,phases      ] GC(106)   StringDedup Requests0 Weak     Min:  0.0, Avg:  0.0, Max:  0.0, Diff:  0.0, Sum:  0.0, Workers: 4
[46.923s][debug][gc,phases      ] GC(106)     Dead                           Min: 0, Avg:  0.0, Max: 0, Diff: 0, Sum: 0, Workers: 4
[46.923s][debug][gc,phases      ] GC(106)     Total                          Min: 0, Avg:  0.0, Max: 0, Diff: 0, Sum: 0, Workers: 4
[46.923s][debug][gc,phases      ] GC(106)   StringDedup Requests1 Weak     Min:  0.0, Avg:  0.0, Max:  0.0, Diff:  0.0, Sum:  0.0, Workers: 4
[46.923s][debug][gc,phases      ] GC(106)     Dead                           Min: 0, Avg:  0.0, Max: 0, Diff: 0, Sum: 0, Workers: 4
[46.923s][debug][gc,phases      ] GC(106)     Total                          Min: 0, Avg:  0.0, Max: 0, Diff: 0, Sum: 0, Workers: 4
[46.923s][debug][gc,phases      ] GC(106)   Weak JFR Old Object Samples    Min:  0.0, Avg:  0.0, Max:  0.0, Diff:  0.0, Sum:  0.0, Workers: 4
[46.923s][debug][gc,phases      ] GC(106)     Dead                           Min: 0, Avg:  0.0, Max: 0, Diff: 0, Sum: 0, Workers: 4
[46.923s][debug][gc,phases      ] GC(106)     Total                          Min: 0, Avg:  0.0, Max: 0, Diff: 0, Sum: 0, Workers: 4
[46.923s][debug][gc,phases      ] GC(106) Weak Processing 0.269ms
[46.923s][debug][gc,age         ] GC(106) Desired survivor size 112721920 bytes, new threshold 15 (max threshold 15)
[46.923s][info ][gc,heap        ] GC(106) PSYoungGen: 1903820K(1985536K)->31340K(1984512K) Eden: 1872896K(1872896K)->0K(1872896K) From: 30924K(112640K)->31340K(111616K)
[46.923s][info ][gc,heap        ] GC(106) ParOldGen: 599027K(638464K)->599359K(638464K)
[46.923s][info ][gc,metaspace   ] GC(106) Metaspace: 80684K(81472K)->80684K(81472K) NonClass: 69173K(69568K)->69173K(69568K) Class: 11511K(11904K)->11511K(11904K)
[46.923s][info ][gc             ] GC(106) Pause Young (Allocation Failure) 2444M->615M(2561M) 9.333ms
[46.923s][info ][gc,cpu         ] GC(106) User=0.04s Sys=0.00s Real=0.01s
[46.923s][info ][safepoint      ] Safepoint "ParallelGCFailedAllocation", Time since last: 436495473 ns, Reaching safepoint: 168099 ns, At safepoint: 9437950 ns, Total: 9606049 ns
[47.338s][info ][gc,start       ] GC(107) Pause Young (Allocation Failure)
[47.347s][debug][gc,phases      ] GC(107) Scavenge 9.252ms
[47.347s][debug][gc,ref         ] GC(107) Skipped phase 1 of Reference Processing: no references
[47.347s][debug][gc,ref         ] GC(107) ReferenceProcessor::execute queues: 1, RefProcThreadModel::Single, marks_oops_alive: false
[47.347s][debug][gc,ref         ] GC(107) Skipped phase 3 of Reference Processing: no references
[47.347s][debug][gc,ref         ] GC(107) ReferenceProcessor::execute queues: 1, RefProcThreadModel::Single, marks_oops_alive: false
[47.347s][debug][gc,phases      ] GC(107) Reference Processing 0.107ms
[47.347s][debug][gc,phases      ] GC(107)   VM Weak                        Min:  0.0, Avg:  0.0, Max:  0.0, Diff:  0.0, Sum:  0.0, Workers: 4
[47.347s][debug][gc,phases      ] GC(107)     Dead                           Min: 0, Avg:  0.0, Max: 0, Diff: 0, Sum: 0, Workers: 4
[47.347s][debug][gc,phases      ] GC(107)     Total                          Min: 0, Avg: 165.8, Max: 663, Diff: 663, Sum: 663, Workers: 4
[47.347s][debug][gc,phases      ] GC(107)   ObjectSynchronizer Weak        Min:  0.0, Avg:  0.0, Max:  0.0, Diff:  0.0, Sum:  0.0, Workers: 4
[47.347s][debug][gc,phases      ] GC(107)     Dead                           Min: 0, Avg:  0.0, Max: 0, Diff: 0, Sum: 0, Workers: 4
[47.347s][debug][gc,phases      ] GC(107)     Total                          Min: 0, Avg: 87.8, Max: 192, Diff: 192, Sum: 351, Workers: 4
[47.347s][debug][gc,phases      ] GC(107)   JVMTI Tag Weak OopStorage      Min:  0.0, Avg:  0.0, Max:  0.0, Diff:  0.0, Sum:  0.0, Workers: 4
[47.347s][debug][gc,phases      ] GC(107)     Dead                           Min: 0, Avg:  0.0, Max: 0, Diff: 0, Sum: 0, Workers: 4
[47.347s][debug][gc,phases      ] GC(107)     Total                          Min: 0, Avg:  0.0, Max: 0, Diff: 0, Sum: 0, Workers: 4
[47.347s][debug][gc,phases      ] GC(107)   StringTable Weak               Min:  0.1, Avg:  0.1, Max:  0.1, Diff:  0.0, Sum:  0.4, Workers: 4
[47.347s][debug][gc,phases      ] GC(107)     Dead                           Min: 0, Avg:  0.0, Max: 0, Diff: 0, Sum: 0, Workers: 4
[47.347s][debug][gc,phases      ] GC(107)     Total                          Min: 11136, Avg: 11780.5, Max: 12224, Diff: 1088, Sum: 47122, Workers: 4
[47.347s][debug][gc,phases      ] GC(107)   ResolvedMethodTable Weak       Min:  0.0, Avg:  0.0, Max:  0.0, Diff:  0.0, Sum:  0.1, Workers: 4
[47.347s][debug][gc,phases      ] GC(107)     Dead                           Min: 0, Avg:  0.0, Max: 0, Diff: 0, Sum: 0, Workers: 4
[47.347s][debug][gc,phases      ] GC(107)     Total                          Min: 1809, Avg: 1987.8, Max: 2099, Diff: 290, Sum: 7951, Workers: 4
[47.347s][debug][gc,phases      ] GC(107)   JNI Weak                       Min:  0.0, Avg:  0.0, Max:  0.0, Diff:  0.0, Sum:  0.0, Workers: 4
[47.347s][debug][gc,phases      ] GC(107)     Dead                           Min: 0, Avg:  0.0, Max: 0, Diff: 0, Sum: 0, Workers: 4
[47.347s][debug][gc,phases      ] GC(107)     Total                          Min: 0, Avg:  0.8, Max: 3, Diff: 3, Sum: 3, Workers: 4
[47.347s][debug][gc,phases      ] GC(107)   StringDedup Table Weak         Min:  0.0, Avg:  0.0, Max:  0.0, Diff:  0.0, Sum:  0.0, Workers: 4
[47.348s][debug][gc,phases      ] GC(107)     Dead                           Min: 0, Avg:  0.0, Max: 0, Diff: 0, Sum: 0, Workers: 4
[47.348s][debug][gc,phases      ] GC(107)     Total                          Min: 0, Avg:  0.0, Max: 0, Diff: 0, Sum: 0, Workers: 4
[47.348s][debug][gc,phases      ] GC(107)   StringDedup Requests0 Weak     Min:  0.0, Avg:  0.0, Max:  0.0, Diff:  0.0, Sum:  0.0, Workers: 4
[47.348s][debug][gc,phases      ] GC(107)     Dead                           Min: 0, Avg:  0.0, Max: 0, Diff: 0, Sum: 0, Workers: 4
[47.348s][debug][gc,phases      ] GC(107)     Total                          Min: 0, Avg:  0.0, Max: 0, Diff: 0, Sum: 0, Workers: 4
[47.348s][debug][gc,phases      ] GC(107)   StringDedup Requests1 Weak     Min:  0.0, Avg:  0.0, Max:  0.0, Diff:  0.0, Sum:  0.0, Workers: 4
[47.348s][debug][gc,phases      ] GC(107)     Dead                           Min: 0, Avg:  0.0, Max: 0, Diff: 0, Sum: 0, Workers: 4
[47.348s][debug][gc,phases      ] GC(107)     Total                          Min: 0, Avg:  0.0, Max: 0, Diff: 0, Sum: 0, Workers: 4
[47.348s][debug][gc,phases      ] GC(107)   Weak JFR Old Object Samples    Min:  0.0, Avg:  0.0, Max:  0.0, Diff:  0.0, Sum:  0.0, Workers: 4
[47.348s][debug][gc,phases      ] GC(107)     Dead                           Min: 0, Avg:  0.0, Max: 0, Diff: 0, Sum: 0, Workers: 4
[47.348s][debug][gc,phases      ] GC(107)     Total                          Min: 0, Avg:  0.0, Max: 0, Diff: 0, Sum: 0, Workers: 4
[47.348s][debug][gc,phases      ] GC(107) Weak Processing 0.293ms
[47.348s][debug][gc,age         ] GC(107) Desired survivor size 110100480 bytes, new threshold 15 (max threshold 15)
[47.348s][info ][gc,heap        ] GC(107) PSYoungGen: 1904236K(1984512K)->32236K(1989632K) Eden: 1872896K(1872896K)->0K(1879552K) From: 31340K(111616K)->32236K(110080K)
[47.348s][info ][gc,heap        ] GC(107) ParOldGen: 599359K(638464K)->599623K(638464K)
[47.348s][info ][gc,metaspace   ] GC(107) Metaspace: 80700K(81536K)->80700K(81536K) NonClass: 69189K(69632K)->69189K(69632K) Class: 11511K(11904K)->11511K(11904K)
[47.348s][info ][gc             ] GC(107) Pause Young (Allocation Failure) 2444M->617M(2566M) 9.763ms
[47.348s][info ][gc,cpu         ] GC(107) User=0.03s Sys=0.00s Real=0.01s
[47.348s][info ][safepoint      ] Safepoint "ParallelGCFailedAllocation", Time since last: 414650790 ns, Reaching safepoint: 160599 ns, At safepoint: 9851047 ns, Total: 10011646 ns
[47.868s][info ][safepoint      ] Safepoint "ICBufferFull", Time since last: 520627325 ns, Reaching safepoint: 167599 ns, At safepoint: 8800 ns, Total: 176399 ns
[48.134s][info ][safepoint      ] Safepoint "ICBufferFull", Time since last: 264847389 ns, Reaching safepoint: 260198 ns, At safepoint: 5300 ns, Total: 265498 ns
[48.576s][info ][safepoint      ] Safepoint "ICBufferFull", Time since last: 442175943 ns, Reaching safepoint: 176499 ns, At safepoint: 5600 ns, Total: 182099 ns
[49.531s][info ][safepoint      ] Safepoint "ICBufferFull", Time since last: 954901610 ns, Reaching safepoint: 174299 ns, At safepoint: 12000 ns, Total: 186299 ns
[50.531s][info ][safepoint      ] Safepoint "Cleanup", Time since last: 1000103969 ns, Reaching safepoint: 173900 ns, At safepoint: 10899 ns, Total: 184799 ns
[51.532s][info ][safepoint      ] Safepoint "Cleanup", Time since last: 1000103970 ns, Reaching safepoint: 201498 ns, At safepoint: 11400 ns, Total: 212898 ns
[52.532s][info ][safepoint      ] Safepoint "Cleanup", Time since last: 1000101069 ns, Reaching safepoint: 95900 ns, At safepoint: 9000 ns, Total: 104900 ns
[54.026s][info ][safepoint      ] Safepoint "ICBufferFull", Time since last: 1493728038 ns, Reaching safepoint: 219098 ns, At safepoint: 5800 ns, Total: 224898 ns
[55.026s][info ][safepoint      ] Safepoint "Cleanup", Time since last: 1000107669 ns, Reaching safepoint: 175899 ns, At safepoint: 11100 ns, Total: 186999 ns
[56.026s][info ][safepoint      ] Safepoint "Cleanup", Time since last: 1000102269 ns, Reaching safepoint: 189899 ns, At safepoint: 11200 ns, Total: 201099 ns
[57.027s][info ][safepoint      ] Safepoint "Cleanup", Time since last: 1000127569 ns, Reaching safepoint: 161099 ns, At safepoint: 7900 ns, Total: 168999 ns
[58.027s][info ][safepoint      ] Safepoint "Cleanup", Time since last: 1000104769 ns, Reaching safepoint: 170699 ns, At safepoint: 7800 ns, Total: 178499 ns
[59.027s][info ][safepoint      ] Safepoint "Cleanup", Time since last: 1000101169 ns, Reaching safepoint: 148699 ns, At safepoint: 8400 ns, Total: 157099 ns
[60.027s][info ][safepoint      ] Safepoint "Cleanup", Time since last: 1000105769 ns, Reaching safepoint: 141299 ns, At safepoint: 13600 ns, Total: 154899 ns
[61.028s][info ][safepoint      ] Safepoint "Cleanup", Time since last: 1000104069 ns, Reaching safepoint: 122499 ns, At safepoint: 18500 ns, Total: 140999 ns
[62.028s][info ][safepoint      ] Safepoint "Cleanup", Time since last: 1000102369 ns, Reaching safepoint: 133499 ns, At safepoint: 10200 ns, Total: 143699 ns
[63.938s][info ][safepoint      ] Safepoint "Cleanup", Time since last: 1909441421 ns, Reaching safepoint: 164700 ns, At safepoint: 10399 ns, Total: 175099 ns
[65.676s][info ][safepoint      ] Safepoint "Cleanup", Time since last: 1738568833 ns, Reaching safepoint: 162899 ns, At safepoint: 10300 ns, Total: 173199 ns
[66.677s][info ][safepoint      ] Safepoint "Cleanup", Time since last: 1000102568 ns, Reaching safepoint: 126600 ns, At safepoint: 7400 ns, Total: 134000 ns
[67.677s][info ][safepoint      ] Safepoint "Cleanup", Time since last: 1000098868 ns, Reaching safepoint: 120100 ns, At safepoint: 8200 ns, Total: 128300 ns
[68.677s][info ][safepoint      ] Safepoint "Cleanup", Time since last: 1000106168 ns, Reaching safepoint: 131399 ns, At safepoint: 10200 ns, Total: 141599 ns
[69.677s][info ][safepoint      ] Safepoint "Cleanup", Time since last: 1000109969 ns, Reaching safepoint: 129499 ns, At safepoint: 12600 ns, Total: 142099 ns
[70.677s][info ][safepoint      ] Safepoint "Cleanup", Time since last: 1000100769 ns, Reaching safepoint: 108599 ns, At safepoint: 6300 ns, Total: 114899 ns
[71.678s][info ][safepoint      ] Safepoint "Cleanup", Time since last: 1000103369 ns, Reaching safepoint: 119299 ns, At safepoint: 5700 ns, Total: 124999 ns
[72.678s][info ][safepoint      ] Safepoint "Cleanup", Time since last: 1000112068 ns, Reaching safepoint: 117700 ns, At safepoint: 9700 ns, Total: 127400 ns
[73.678s][info ][safepoint      ] Safepoint "Cleanup", Time since last: 1000105068 ns, Reaching safepoint: 115900 ns, At safepoint: 5900 ns, Total: 121800 ns
[74.678s][info ][safepoint      ] Safepoint "Cleanup", Time since last: 1000101168 ns, Reaching safepoint: 147999 ns, At safepoint: 9500 ns, Total: 157499 ns
[75.679s][info ][safepoint      ] Safepoint "Cleanup", Time since last: 1000104369 ns, Reaching safepoint: 109699 ns, At safepoint: 8000 ns, Total: 117699 ns
[76.679s][info ][safepoint      ] Safepoint "Cleanup", Time since last: 1000086369 ns, Reaching safepoint: 128199 ns, At safepoint: 8900 ns, Total: 137099 ns
[77.679s][info ][safepoint      ] Safepoint "Cleanup", Time since last: 1000103168 ns, Reaching safepoint: 119700 ns, At safepoint: 12899 ns, Total: 132599 ns
[78.679s][info ][safepoint      ] Safepoint "Cleanup", Time since last: 1000098469 ns, Reaching safepoint: 113599 ns, At safepoint: 7200 ns, Total: 120799 ns
[79.680s][info ][safepoint      ] Safepoint "Cleanup", Time since last: 1000062169 ns, Reaching safepoint: 116299 ns, At safepoint: 7900 ns, Total: 124199 ns
[80.680s][info ][safepoint      ] Safepoint "Cleanup", Time since last: 1000106768 ns, Reaching safepoint: 123300 ns, At safepoint: 8200 ns, Total: 131500 ns
[81.680s][info ][safepoint      ] Safepoint "Cleanup", Time since last: 1000107568 ns, Reaching safepoint: 120499 ns, At safepoint: 10000 ns, Total: 130499 ns
[82.680s][info ][safepoint      ] Safepoint "Cleanup", Time since last: 1000094869 ns, Reaching safepoint: 128099 ns, At safepoint: 8400 ns, Total: 136499 ns
[83.680s][info ][safepoint      ] Safepoint "Cleanup", Time since last: 1000098268 ns, Reaching safepoint: 48200 ns, At safepoint: 6600 ns, Total: 54800 ns
[84.681s][info ][safepoint      ] Safepoint "Cleanup", Time since last: 1000061668 ns, Reaching safepoint: 135700 ns, At safepoint: 8799 ns, Total: 144499 ns
[85.681s][info ][safepoint      ] Safepoint "Cleanup", Time since last: 1000098069 ns, Reaching safepoint: 48499 ns, At safepoint: 8600 ns, Total: 57099 ns
[86.681s][info ][safepoint      ] Safepoint "Cleanup", Time since last: 1000101769 ns, Reaching safepoint: 59699 ns, At safepoint: 6800 ns, Total: 66499 ns
[87.681s][info ][safepoint      ] Safepoint "Cleanup", Time since last: 1000093968 ns, Reaching safepoint: 45400 ns, At safepoint: 8700 ns, Total: 54100 ns
[89.279s][info ][safepoint      ] Safepoint "Cleanup", Time since last: 1597889581 ns, Reaching safepoint: 152199 ns, At safepoint: 12200 ns, Total: 164399 ns
[91.279s][info ][safepoint      ] Safepoint "Cleanup", Time since last: 2000156837 ns, Reaching safepoint: 111899 ns, At safepoint: 5100 ns, Total: 116999 ns
[92.280s][info ][safepoint      ] Safepoint "Cleanup", Time since last: 1000099268 ns, Reaching safepoint: 52100 ns, At safepoint: 11000 ns, Total: 63100 ns
[94.124s][info ][safepoint      ] Safepoint "Cleanup", Time since last: 1843956469 ns, Reaching safepoint: 141899 ns, At safepoint: 10300 ns, Total: 152199 ns
[95.124s][info ][safepoint      ] Safepoint "Cleanup", Time since last: 1000098268 ns, Reaching safepoint: 52400 ns, At safepoint: 6500 ns, Total: 58900 ns
[96.124s][info ][safepoint      ] Safepoint "Cleanup", Time since last: 1000097768 ns, Reaching safepoint: 51399 ns, At safepoint: 4000 ns, Total: 55399 ns
[98.124s][info ][safepoint      ] Safepoint "Cleanup", Time since last: 2000118637 ns, Reaching safepoint: 40199 ns, At safepoint: 7400 ns, Total: 47599 ns
[99.124s][info ][safepoint      ] Safepoint "Cleanup", Time since last: 1000101068 ns, Reaching safepoint: 45900 ns, At safepoint: 3000 ns, Total: 48900 ns
[101.125s][info ][safepoint      ] Safepoint "Cleanup", Time since last: 2000165736 ns, Reaching safepoint: 44200 ns, At safepoint: 3000 ns, Total: 47200 ns
[102.125s][info ][safepoint      ] Safepoint "Cleanup", Time since last: 1000101867 ns, Reaching safepoint: 43400 ns, At safepoint: 7300 ns, Total: 50700 ns
[104.125s][info ][safepoint      ] Safepoint "Cleanup", Time since last: 2000167136 ns, Reaching safepoint: 39200 ns, At safepoint: 8900 ns, Total: 48100 ns
[105.125s][info ][safepoint      ] Safepoint "Cleanup", Time since last: 1000107767 ns, Reaching safepoint: 45100 ns, At safepoint: 2700 ns, Total: 47800 ns
[105.881s][info ][gc,start       ] GC(108) Pause Young (Allocation Failure)
[105.890s][debug][gc,phases      ] GC(108) Scavenge 8.994ms
[105.890s][debug][gc,ref         ] GC(108) Skipped phase 1 of Reference Processing: no references
[105.890s][debug][gc,ref         ] GC(108) ReferenceProcessor::execute queues: 1, RefProcThreadModel::Single, marks_oops_alive: false
[105.890s][debug][gc,ref         ] GC(108) ReferenceProcessor::execute queues: 4, RefProcThreadModel::Multi, marks_oops_alive: true
[105.890s][debug][gc,ref         ] GC(108) ReferenceProcessor::execute queues: 1, RefProcThreadModel::Single, marks_oops_alive: false
[105.890s][debug][gc,phases      ] GC(108) Reference Processing 0.177ms
[105.890s][debug][gc,phases      ] GC(108)   VM Weak                        Min:  0.0, Avg:  0.0, Max:  0.0, Diff:  0.0, Sum:  0.0, Workers: 4
[105.890s][debug][gc,phases      ] GC(108)     Dead                           Min: 0, Avg:  0.0, Max: 0, Diff: 0, Sum: 0, Workers: 4
[105.890s][debug][gc,phases      ] GC(108)     Total                          Min: 0, Avg: 166.2, Max: 409, Diff: 409, Sum: 665, Workers: 4
[105.890s][debug][gc,phases      ] GC(108)   ObjectSynchronizer Weak        Min:  0.0, Avg:  0.0, Max:  0.0, Diff:  0.0, Sum:  0.0, Workers: 4
[105.890s][debug][gc,phases      ] GC(108)     Dead                           Min: 0, Avg:  0.0, Max: 0, Diff: 0, Sum: 0, Workers: 4
[105.890s][debug][gc,phases      ] GC(108)     Total                          Min: 0, Avg: 88.2, Max: 161, Diff: 161, Sum: 353, Workers: 4
[105.890s][debug][gc,phases      ] GC(108)   JVMTI Tag Weak OopStorage      Min:  0.0, Avg:  0.0, Max:  0.0, Diff:  0.0, Sum:  0.0, Workers: 4
[105.890s][debug][gc,phases      ] GC(108)     Dead                           Min: 0, Avg:  0.0, Max: 0, Diff: 0, Sum: 0, Workers: 4
[105.890s][debug][gc,phases      ] GC(108)     Total                          Min: 0, Avg:  0.0, Max: 0, Diff: 0, Sum: 0, Workers: 4
[105.890s][debug][gc,phases      ] GC(108)   StringTable Weak               Min:  0.1, Avg:  0.1, Max:  0.1, Diff:  0.0, Sum:  0.4, Workers: 4
[105.890s][debug][gc,phases      ] GC(108)     Dead                           Min: 0, Avg:  0.5, Max: 1, Diff: 1, Sum: 2, Workers: 4
[105.890s][debug][gc,phases      ] GC(108)     Total                          Min: 8966, Avg: 11921.5, Max: 16512, Diff: 7546, Sum: 47686, Workers: 4
[105.890s][debug][gc,phases      ] GC(108)   ResolvedMethodTable Weak       Min:  0.0, Avg:  0.0, Max:  0.0, Diff:  0.0, Sum:  0.1, Workers: 4
[105.890s][debug][gc,phases      ] GC(108)     Dead                           Min: 0, Avg:  0.2, Max: 1, Diff: 1, Sum: 1, Workers: 4
[105.890s][debug][gc,phases      ] GC(108)     Total                          Min: 1738, Avg: 2002.8, Max: 2760, Diff: 1022, Sum: 8011, Workers: 4
[105.890s][debug][gc,phases      ] GC(108)   JNI Weak                       Min:  0.0, Avg:  0.0, Max:  0.0, Diff:  0.0, Sum:  0.0, Workers: 4
[105.890s][debug][gc,phases      ] GC(108)     Dead                           Min: 0, Avg:  0.0, Max: 0, Diff: 0, Sum: 0, Workers: 4
[105.890s][debug][gc,phases      ] GC(108)     Total                          Min: 0, Avg:  0.0, Max: 0, Diff: 0, Sum: 0, Workers: 4
[105.890s][debug][gc,phases      ] GC(108)   StringDedup Table Weak         Min:  0.0, Avg:  0.0, Max:  0.0, Diff:  0.0, Sum:  0.0, Workers: 4
[105.890s][debug][gc,phases      ] GC(108)     Dead                           Min: 0, Avg:  0.0, Max: 0, Diff: 0, Sum: 0, Workers: 4
[105.890s][debug][gc,phases      ] GC(108)     Total                          Min: 0, Avg:  0.0, Max: 0, Diff: 0, Sum: 0, Workers: 4
[105.890s][debug][gc,phases      ] GC(108)   StringDedup Requests0 Weak     Min:  0.0, Avg:  0.0, Max:  0.0, Diff:  0.0, Sum:  0.0, Workers: 4
[105.890s][debug][gc,phases      ] GC(108)     Dead                           Min: 0, Avg:  0.0, Max: 0, Diff: 0, Sum: 0, Workers: 4
[105.890s][debug][gc,phases      ] GC(108)     Total                          Min: 0, Avg:  0.0, Max: 0, Diff: 0, Sum: 0, Workers: 4
[105.890s][debug][gc,phases      ] GC(108)   StringDedup Requests1 Weak     Min:  0.0, Avg:  0.0, Max:  0.0, Diff:  0.0, Sum:  0.0, Workers: 4
[105.890s][debug][gc,phases      ] GC(108)     Dead                           Min: 0, Avg:  0.0, Max: 0, Diff: 0, Sum: 0, Workers: 4
[105.890s][debug][gc,phases      ] GC(108)     Total                          Min: 0, Avg:  0.0, Max: 0, Diff: 0, Sum: 0, Workers: 4
[105.890s][debug][gc,phases      ] GC(108)   Weak JFR Old Object Samples    Min:  0.0, Avg:  0.0, Max:  0.0, Diff:  0.0, Sum:  0.0, Workers: 4
[105.890s][debug][gc,phases      ] GC(108)     Dead                           Min: 0, Avg:  0.0, Max: 0, Diff: 0, Sum: 0, Workers: 4
[105.890s][debug][gc,phases      ] GC(108)     Total                          Min: 0, Avg:  0.0, Max: 0, Diff: 0, Sum: 0, Workers: 4
[105.890s][debug][gc,phases      ] GC(108) Weak Processing 0.286ms
[105.890s][debug][gc,age         ] GC(108) Desired survivor size 106954752 bytes, new threshold 15 (max threshold 15)
[105.890s][info ][gc,heap        ] GC(108) PSYoungGen: 1911788K(1989632K)->33720K(1987072K) Eden: 1879552K(1879552K)->0K(1879552K) From: 32236K(110080K)->33720K(107520K)
[105.890s][info ][gc,heap        ] GC(108) ParOldGen: 599623K(638464K)->599927K(638464K)
[105.890s][info ][gc,metaspace   ] GC(108) Metaspace: 81564K(82368K)->81564K(82368K) NonClass: 70015K(70464K)->70015K(70464K) Class: 11549K(11904K)->11549K(11904K)
[105.890s][info ][gc             ] GC(108) Pause Young (Allocation Failure) 2452M->618M(2564M) 9.571ms
[105.890s][info ][gc,cpu         ] GC(108) User=0.03s Sys=0.00s Real=0.01s
[105.890s][info ][safepoint      ] Safepoint "ParallelGCFailedAllocation", Time since last: 755569172 ns, Reaching safepoint: 44899 ns, At safepoint: 9647149 ns, Total: 9692048 ns
[106.890s][info ][safepoint      ] Safepoint "Cleanup", Time since last: 1000081968 ns, Reaching safepoint: 55899 ns, At safepoint: 3400 ns, Total: 59299 ns
[108.891s][info ][safepoint      ] Safepoint "Cleanup", Time since last: 2000168736 ns, Reaching safepoint: 64099 ns, At safepoint: 5600 ns, Total: 69699 ns
[109.891s][info ][safepoint      ] Safepoint "Cleanup", Time since last: 1000093368 ns, Reaching safepoint: 54700 ns, At safepoint: 4400 ns, Total: 59100 ns
[110.891s][info ][safepoint      ] Safepoint "Cleanup", Time since last: 1000083267 ns, Reaching safepoint: 67100 ns, At safepoint: 5300 ns, Total: 72400 ns
[111.891s][info ][safepoint      ] Safepoint "Cleanup", Time since last: 1000091268 ns, Reaching safepoint: 62699 ns, At safepoint: 10100 ns, Total: 72799 ns
[112.891s][info ][safepoint      ] Safepoint "Cleanup", Time since last: 1000105868 ns, Reaching safepoint: 47200 ns, At safepoint: 2600 ns, Total: 49800 ns
[114.892s][info ][safepoint      ] Safepoint "Cleanup", Time since last: 2000179935 ns, Reaching safepoint: 76299 ns, At safepoint: 10500 ns, Total: 86799 ns
[115.892s][info ][safepoint      ] Safepoint "Cleanup", Time since last: 1000115168 ns, Reaching safepoint: 69199 ns, At safepoint: 11400 ns, Total: 80599 ns
[116.892s][info ][safepoint      ] Safepoint "Cleanup", Time since last: 1000108468 ns, Reaching safepoint: 46399 ns, At safepoint: 2900 ns, Total: 49299 ns
[117.892s][info ][safepoint      ] Safepoint "Cleanup", Time since last: 1000101168 ns, Reaching safepoint: 47300 ns, At safepoint: 4600 ns, Total: 51900 ns
[118.892s][info ][safepoint      ] Safepoint "Cleanup", Time since last: 1000100267 ns, Reaching safepoint: 54000 ns, At safepoint: 7400 ns, Total: 61400 ns
[119.892s][info ][safepoint      ] Safepoint "Cleanup", Time since last: 1000100967 ns, Reaching safepoint: 52000 ns, At safepoint: 3600 ns, Total: 55600 ns
[120.893s][info ][safepoint      ] Safepoint "Cleanup", Time since last: 1000101067 ns, Reaching safepoint: 50000 ns, At safepoint: 5600 ns, Total: 55600 ns
[121.893s][info ][safepoint      ] Safepoint "Cleanup", Time since last: 1000100167 ns, Reaching safepoint: 52600 ns, At safepoint: 3200 ns, Total: 55800 ns
[122.893s][info ][safepoint      ] Safepoint "Cleanup", Time since last: 1000103867 ns, Reaching safepoint: 70900 ns, At safepoint: 8700 ns, Total: 79600 ns
[123.893s][info ][safepoint      ] Safepoint "Cleanup", Time since last: 1000115167 ns, Reaching safepoint: 72000 ns, At safepoint: 6200 ns, Total: 78200 ns
[125.879s][info ][safepoint      ] Safepoint "Cleanup", Time since last: 1985807811 ns, Reaching safepoint: 212599 ns, At safepoint: 10300 ns, Total: 222899 ns
[126.879s][info ][safepoint      ] Safepoint "Cleanup", Time since last: 1000102567 ns, Reaching safepoint: 118799 ns, At safepoint: 7400 ns, Total: 126199 ns
[129.485s][info ][safepoint      ] Safepoint "Cleanup", Time since last: 2605555707 ns, Reaching safepoint: 44600 ns, At safepoint: 2099 ns, Total: 46699 ns
[130.485s][info ][safepoint      ] Safepoint "Cleanup", Time since last: 1000092168 ns, Reaching safepoint: 46399 ns, At safepoint: 6900 ns, Total: 53299 ns
[131.485s][info ][safepoint      ] Safepoint "Cleanup", Time since last: 1000101368 ns, Reaching safepoint: 65599 ns, At safepoint: 5000 ns, Total: 70599 ns
[132.979s][info ][safepoint      ] Safepoint "Cleanup", Time since last: 1493992434 ns, Reaching safepoint: 124499 ns, At safepoint: 9400 ns, Total: 133899 ns
[134.980s][info ][safepoint      ] Safepoint "Cleanup", Time since last: 2000186434 ns, Reaching safepoint: 112000 ns, At safepoint: 8200 ns, Total: 120200 ns
[135.980s][info ][safepoint      ] Safepoint "Cleanup", Time since last: 1000107367 ns, Reaching safepoint: 114099 ns, At safepoint: 7400 ns, Total: 121499 ns
[136.980s][info ][safepoint      ] Safepoint "Cleanup", Time since last: 1000115767 ns, Reaching safepoint: 110999 ns, At safepoint: 3800 ns, Total: 114799 ns
[137.980s][info ][safepoint      ] Safepoint "Cleanup", Time since last: 1000113267 ns, Reaching safepoint: 106000 ns, At safepoint: 5800 ns, Total: 111800 ns
[140.981s][info ][safepoint      ] Safepoint "Cleanup", Time since last: 3000189201 ns, Reaching safepoint: 110199 ns, At safepoint: 7800 ns, Total: 117999 ns
[141.981s][info ][safepoint      ] Safepoint "Cleanup", Time since last: 1000102767 ns, Reaching safepoint: 44400 ns, At safepoint: 8400 ns, Total: 52800 ns
[142.981s][info ][safepoint      ] Safepoint "Cleanup", Time since last: 1000100167 ns, Reaching safepoint: 44500 ns, At safepoint: 8400 ns, Total: 52900 ns
[143.981s][info ][safepoint      ] Safepoint "Cleanup", Time since last: 1000109266 ns, Reaching safepoint: 47900 ns, At safepoint: 5100 ns, Total: 53000 ns
[144.981s][info ][safepoint      ] Safepoint "Cleanup", Time since last: 1000095867 ns, Reaching safepoint: 40900 ns, At safepoint: 2600 ns, Total: 43500 ns
[145.981s][info ][safepoint      ] Safepoint "Cleanup", Time since last: 1000089067 ns, Reaching safepoint: 63699 ns, At safepoint: 11200 ns, Total: 74899 ns
[146.982s][info ][safepoint      ] Safepoint "Cleanup", Time since last: 1000103367 ns, Reaching safepoint: 43500 ns, At safepoint: 8900 ns, Total: 52400 ns
[147.982s][info ][safepoint      ] Safepoint "Cleanup", Time since last: 1000099066 ns, Reaching safepoint: 30800 ns, At safepoint: 2400 ns, Total: 33200 ns
[148.982s][info ][safepoint      ] Safepoint "Cleanup", Time since last: 1000096667 ns, Reaching safepoint: 48000 ns, At safepoint: 5500 ns, Total: 53500 ns
[149.982s][info ][safepoint      ] Safepoint "Cleanup", Time since last: 1000103766 ns, Reaching safepoint: 56100 ns, At safepoint: 5300 ns, Total: 61400 ns
[150.982s][info ][safepoint      ] Safepoint "Cleanup", Time since last: 1000095067 ns, Reaching safepoint: 53400 ns, At safepoint: 6900 ns, Total: 60300 ns
[151.982s][info ][safepoint      ] Safepoint "Cleanup", Time since last: 1000098766 ns, Reaching safepoint: 45700 ns, At safepoint: 8600 ns, Total: 54300 ns
[152.983s][info ][safepoint      ] Safepoint "Cleanup", Time since last: 1000092267 ns, Reaching safepoint: 71499 ns, At safepoint: 6200 ns, Total: 77699 ns
[153.983s][info ][safepoint      ] Safepoint "Cleanup", Time since last: 1000099567 ns, Reaching safepoint: 91999 ns, At safepoint: 10400 ns, Total: 102399 ns
[154.983s][info ][safepoint      ] Safepoint "Cleanup", Time since last: 1000094867 ns, Reaching safepoint: 62400 ns, At safepoint: 7500 ns, Total: 69900 ns
[155.983s][info ][safepoint      ] Safepoint "Cleanup", Time since last: 1000103566 ns, Reaching safepoint: 51500 ns, At safepoint: 7300 ns, Total: 58800 ns
[156.983s][info ][safepoint      ] Safepoint "Cleanup", Time since last: 1000103367 ns, Reaching safepoint: 45899 ns, At safepoint: 7500 ns, Total: 53399 ns
[157.984s][info ][safepoint      ] Safepoint "Cleanup", Time since last: 1000105167 ns, Reaching safepoint: 535797 ns, At safepoint: 12800 ns, Total: 548597 ns
[158.984s][info ][safepoint      ] Safepoint "Cleanup", Time since last: 1000095466 ns, Reaching safepoint: 71300 ns, At safepoint: 7600 ns, Total: 78900 ns
[159.984s][info ][safepoint      ] Safepoint "Cleanup", Time since last: 1000086267 ns, Reaching safepoint: 54799 ns, At safepoint: 5100 ns, Total: 59899 ns
[160.984s][info ][safepoint      ] Safepoint "Cleanup", Time since last: 1000097967 ns, Reaching safepoint: 56499 ns, At safepoint: 5600 ns, Total: 62099 ns
[161.985s][info ][safepoint      ] Safepoint "Cleanup", Time since last: 1000095867 ns, Reaching safepoint: 49400 ns, At safepoint: 4600 ns, Total: 54000 ns
[162.985s][info ][safepoint      ] Safepoint "Cleanup", Time since last: 1000102566 ns, Reaching safepoint: 36300 ns, At safepoint: 5200 ns, Total: 41500 ns
[163.985s][info ][safepoint      ] Safepoint "Cleanup", Time since last: 1000092266 ns, Reaching safepoint: 52800 ns, At safepoint: 6200 ns, Total: 59000 ns
[164.985s][info ][safepoint      ] Safepoint "Cleanup", Time since last: 1000102866 ns, Reaching safepoint: 53300 ns, At safepoint: 9400 ns, Total: 62700 ns
[165.985s][info ][safepoint      ] Safepoint "Cleanup", Time since last: 1000119566 ns, Reaching safepoint: 42600 ns, At safepoint: 7400 ns, Total: 50000 ns
[166.985s][info ][safepoint      ] Safepoint "Cleanup", Time since last: 1000103266 ns, Reaching safepoint: 47200 ns, At safepoint: 6200 ns, Total: 53400 ns
[168.986s][info ][safepoint      ] Safepoint "Cleanup", Time since last: 2000164633 ns, Reaching safepoint: 49000 ns, At safepoint: 7400 ns, Total: 56400 ns
[169.986s][info ][safepoint      ] Safepoint "Cleanup", Time since last: 1000098966 ns, Reaching safepoint: 43400 ns, At safepoint: 3000 ns, Total: 46400 ns
[170.986s][info ][safepoint      ] Safepoint "Cleanup", Time since last: 1000094166 ns, Reaching safepoint: 44800 ns, At safepoint: 2200 ns, Total: 47000 ns
[171.986s][info ][safepoint      ] Safepoint "Cleanup", Time since last: 1000081566 ns, Reaching safepoint: 50800 ns, At safepoint: 5400 ns, Total: 56200 ns
[172.986s][info ][safepoint      ] Safepoint "Cleanup", Time since last: 1000099366 ns, Reaching safepoint: 49900 ns, At safepoint: 5000 ns, Total: 54900 ns
[173.986s][info ][safepoint      ] Safepoint "Cleanup", Time since last: 1000063966 ns, Reaching safepoint: 43900 ns, At safepoint: 3100 ns, Total: 47000 ns
[174.986s][info ][safepoint      ] Safepoint "Cleanup", Time since last: 1000102666 ns, Reaching safepoint: 46500 ns, At safepoint: 2300 ns, Total: 48800 ns
[175.987s][info ][safepoint      ] Safepoint "Cleanup", Time since last: 1000101866 ns, Reaching safepoint: 77100 ns, At safepoint: 10300 ns, Total: 87400 ns
[176.987s][info ][safepoint      ] Safepoint "Cleanup", Time since last: 1000128766 ns, Reaching safepoint: 79999 ns, At safepoint: 6800 ns, Total: 86799 ns
[177.987s][info ][safepoint      ] Safepoint "Cleanup", Time since last: 1000109166 ns, Reaching safepoint: 76900 ns, At safepoint: 7900 ns, Total: 84800 ns
[179.240s][info ][safepoint      ] Safepoint "Cleanup", Time since last: 1253456115 ns, Reaching safepoint: 67899 ns, At safepoint: 7300 ns, Total: 75199 ns
[180.241s][info ][safepoint      ] Safepoint "Cleanup", Time since last: 1000062367 ns, Reaching safepoint: 74099 ns, At safepoint: 7800 ns, Total: 81899 ns
[181.241s][info ][safepoint      ] Safepoint "Cleanup", Time since last: 1000097866 ns, Reaching safepoint: 46300 ns, At safepoint: 3000 ns, Total: 49300 ns
[183.241s][info ][safepoint      ] Safepoint "Cleanup", Time since last: 2000167132 ns, Reaching safepoint: 71200 ns, At safepoint: 5600 ns, Total: 76800 ns
[184.241s][info ][safepoint      ] Safepoint "Cleanup", Time since last: 1000100866 ns, Reaching safepoint: 43800 ns, At safepoint: 5000 ns, Total: 48800 ns
[186.241s][info ][safepoint      ] Safepoint "Cleanup", Time since last: 2000170532 ns, Reaching safepoint: 59300 ns, At safepoint: 3400 ns, Total: 62700 ns
[187.242s][info ][safepoint      ] Safepoint "Cleanup", Time since last: 1000105466 ns, Reaching safepoint: 164699 ns, At safepoint: 12300 ns, Total: 176999 ns
[188.242s][info ][safepoint      ] Safepoint "Cleanup", Time since last: 1000103365 ns, Reaching safepoint: 140600 ns, At safepoint: 10800 ns, Total: 151400 ns
[189.242s][info ][safepoint      ] Safepoint "Cleanup", Time since last: 1000071766 ns, Reaching safepoint: 55499 ns, At safepoint: 5800 ns, Total: 61299 ns
[190.242s][info ][safepoint      ] Safepoint "Cleanup", Time since last: 1000109566 ns, Reaching safepoint: 93900 ns, At safepoint: 9500 ns, Total: 103400 ns
[191.242s][info ][safepoint      ] Safepoint "Cleanup", Time since last: 1000105466 ns, Reaching safepoint: 54199 ns, At safepoint: 5100 ns, Total: 59299 ns
[192.243s][info ][safepoint      ] Safepoint "Cleanup", Time since last: 1000112966 ns, Reaching safepoint: 69200 ns, At safepoint: 6100 ns, Total: 75300 ns
[193.531s][info ][safepoint      ] Safepoint "Cleanup", Time since last: 1288338128 ns, Reaching safepoint: 87300 ns, At safepoint: 5800 ns, Total: 93100 ns
[194.531s][info ][safepoint      ] Safepoint "Cleanup", Time since last: 1000090466 ns, Reaching safepoint: 53099 ns, At safepoint: 6100 ns, Total: 59199 ns
[196.276s][info ][safepoint      ] Safepoint "Cleanup", Time since last: 1744576795 ns, Reaching safepoint: 154099 ns, At safepoint: 8300 ns, Total: 162399 ns
[197.276s][info ][safepoint      ] Safepoint "Cleanup", Time since last: 1000094666 ns, Reaching safepoint: 131999 ns, At safepoint: 9600 ns, Total: 141599 ns
[198.276s][info ][safepoint      ] Safepoint "Cleanup", Time since last: 1000111266 ns, Reaching safepoint: 121599 ns, At safepoint: 10600 ns, Total: 132199 ns
[199.277s][info ][safepoint      ] Safepoint "Cleanup", Time since last: 1000081366 ns, Reaching safepoint: 113400 ns, At safepoint: 7900 ns, Total: 121300 ns
[200.277s][info ][safepoint      ] Safepoint "Cleanup", Time since last: 1000104865 ns, Reaching safepoint: 139799 ns, At safepoint: 9000 ns, Total: 148799 ns
[201.277s][info ][safepoint      ] Safepoint "Cleanup", Time since last: 1000114966 ns, Reaching safepoint: 123999 ns, At safepoint: 14200 ns, Total: 138199 ns
[202.277s][info ][safepoint      ] Safepoint "Cleanup", Time since last: 1000110366 ns, Reaching safepoint: 48100 ns, At safepoint: 7100 ns, Total: 55200 ns
[202.681s][info ][gc,start       ] GC(109) Pause Young (Allocation Failure)
[202.691s][debug][gc,phases      ] GC(109) Scavenge 9.229ms
[202.691s][debug][gc,ref         ] GC(109) Skipped phase 1 of Reference Processing: no references
[202.691s][debug][gc,ref         ] GC(109) ReferenceProcessor::execute queues: 1, RefProcThreadModel::Single, marks_oops_alive: false
[202.691s][debug][gc,ref         ] GC(109) Skipped phase 3 of Reference Processing: no references
[202.691s][debug][gc,ref         ] GC(109) ReferenceProcessor::execute queues: 1, RefProcThreadModel::Single, marks_oops_alive: false
[202.691s][debug][gc,phases      ] GC(109) Reference Processing 0.127ms
[202.691s][debug][gc,phases      ] GC(109)   VM Weak                        Min:  0.0, Avg:  0.0, Max:  0.0, Diff:  0.0, Sum:  0.0, Workers: 4
[202.691s][debug][gc,phases      ] GC(109)     Dead                           Min: 0, Avg:  0.0, Max: 0, Diff: 0, Sum: 0, Workers: 4
[202.691s][debug][gc,phases      ] GC(109)     Total                          Min: 0, Avg: 169.0, Max: 512, Diff: 512, Sum: 676, Workers: 4
[202.691s][debug][gc,phases      ] GC(109)   ObjectSynchronizer Weak        Min:  0.0, Avg:  0.0, Max:  0.0, Diff:  0.0, Sum:  0.0, Workers: 4
[202.691s][debug][gc,phases      ] GC(109)     Dead                           Min: 0, Avg:  0.0, Max: 0, Diff: 0, Sum: 0, Workers: 4
[202.691s][debug][gc,phases      ] GC(109)     Total                          Min: 0, Avg: 88.8, Max: 163, Diff: 163, Sum: 355, Workers: 4
[202.691s][debug][gc,phases      ] GC(109)   JVMTI Tag Weak OopStorage      Min:  0.0, Avg:  0.0, Max:  0.0, Diff:  0.0, Sum:  0.0, Workers: 4
[202.691s][debug][gc,phases      ] GC(109)     Dead                           Min: 0, Avg:  0.0, Max: 0, Diff: 0, Sum: 0, Workers: 4
[202.691s][debug][gc,phases      ] GC(109)     Total                          Min: 0, Avg:  0.0, Max: 0, Diff: 0, Sum: 0, Workers: 4
[202.691s][debug][gc,phases      ] GC(109)   StringTable Weak               Min:  0.1, Avg:  0.1, Max:  0.1, Diff:  0.0, Sum:  0.4, Workers: 4
[202.691s][debug][gc,phases      ] GC(109)     Dead                           Min: 0, Avg:  0.0, Max: 0, Diff: 0, Sum: 0, Workers: 4
[202.691s][debug][gc,phases      ] GC(109)     Total                          Min: 9664, Avg: 11988.2, Max: 14481, Diff: 4817, Sum: 47953, Workers: 4
[202.691s][debug][gc,phases      ] GC(109)   ResolvedMethodTable Weak       Min:  0.0, Avg:  0.0, Max:  0.0, Diff:  0.0, Sum:  0.1, Workers: 4
[202.691s][debug][gc,phases      ] GC(109)     Dead                           Min: 0, Avg:  0.0, Max: 0, Diff: 0, Sum: 0, Workers: 4
[202.691s][debug][gc,phases      ] GC(109)     Total                          Min: 1784, Avg: 2024.8, Max: 2389, Diff: 605, Sum: 8099, Workers: 4
[202.691s][debug][gc,phases      ] GC(109)   JNI Weak                       Min:  0.0, Avg:  0.0, Max:  0.0, Diff:  0.0, Sum:  0.0, Workers: 4
[202.691s][debug][gc,phases      ] GC(109)     Dead                           Min: 0, Avg:  0.0, Max: 0, Diff: 0, Sum: 0, Workers: 4
[202.691s][debug][gc,phases      ] GC(109)     Total                          Min: 0, Avg:  1.0, Max: 4, Diff: 4, Sum: 4, Workers: 4
[202.691s][debug][gc,phases      ] GC(109)   StringDedup Table Weak         Min:  0.0, Avg:  0.0, Max:  0.0, Diff:  0.0, Sum:  0.0, Workers: 4
[202.691s][debug][gc,phases      ] GC(109)     Dead                           Min: 0, Avg:  0.0, Max: 0, Diff: 0, Sum: 0, Workers: 4
[202.691s][debug][gc,phases      ] GC(109)     Total                          Min: 0, Avg:  0.0, Max: 0, Diff: 0, Sum: 0, Workers: 4
[202.691s][debug][gc,phases      ] GC(109)   StringDedup Requests0 Weak     Min:  0.0, Avg:  0.0, Max:  0.0, Diff:  0.0, Sum:  0.0, Workers: 4
[202.691s][debug][gc,phases      ] GC(109)     Dead                           Min: 0, Avg:  0.0, Max: 0, Diff: 0, Sum: 0, Workers: 4
[202.691s][debug][gc,phases      ] GC(109)     Total                          Min: 0, Avg:  0.0, Max: 0, Diff: 0, Sum: 0, Workers: 4
[202.691s][debug][gc,phases      ] GC(109)   StringDedup Requests1 Weak     Min:  0.0, Avg:  0.0, Max:  0.0, Diff:  0.0, Sum:  0.0, Workers: 4
[202.691s][debug][gc,phases      ] GC(109)     Dead                           Min: 0, Avg:  0.0, Max: 0, Diff: 0, Sum: 0, Workers: 4
[202.691s][debug][gc,phases      ] GC(109)     Total                          Min: 0, Avg:  0.0, Max: 0, Diff: 0, Sum: 0, Workers: 4
[202.691s][debug][gc,phases      ] GC(109)   Weak JFR Old Object Samples    Min:  0.0, Avg:  0.0, Max:  0.0, Diff:  0.0, Sum:  0.0, Workers: 4
[202.691s][debug][gc,phases      ] GC(109)     Dead                           Min: 0, Avg:  0.0, Max: 0, Diff: 0, Sum: 0, Workers: 4
[202.691s][debug][gc,phases      ] GC(109)     Total                          Min: 0, Avg:  0.0, Max: 0, Diff: 0, Sum: 0, Workers: 4
[202.691s][debug][gc,phases      ] GC(109) Weak Processing 0.297ms
[202.691s][debug][gc,age         ] GC(109) Desired survivor size 103809024 bytes, new threshold 15 (max threshold 15)
[202.691s][info ][gc,heap        ] GC(109) PSYoungGen: 1913272K(1987072K)->35020K(1995776K) Eden: 1879552K(1879552K)->0K(1891328K) From: 33720K(107520K)->35020K(104448K)
[202.691s][info ][gc,heap        ] GC(109) ParOldGen: 599927K(638464K)->601727K(638464K)
[202.691s][info ][gc,metaspace   ] GC(109) Metaspace: 82411K(83200K)->82411K(83200K) NonClass: 70808K(71232K)->70808K(71232K) Class: 11603K(11968K)->11603K(11968K)
[202.691s][info ][gc             ] GC(109) Pause Young (Allocation Failure) 2454M->621M(2572M) 9.761ms
[202.691s][info ][gc,cpu         ] GC(109) User=0.03s Sys=0.00s Real=0.02s
[202.691s][info ][safepoint      ] Safepoint "ParallelGCFailedAllocation", Time since last: 403929845 ns, Reaching safepoint: 121199 ns, At safepoint: 9836848 ns, Total: 9958047 ns
[203.691s][info ][safepoint      ] Safepoint "Cleanup", Time since last: 1000094266 ns, Reaching safepoint: 48099 ns, At safepoint: 7100 ns, Total: 55199 ns
[204.692s][info ][safepoint      ] Safepoint "Cleanup", Time since last: 1000100666 ns, Reaching safepoint: 42700 ns, At safepoint: 3700 ns, Total: 46400 ns
[205.692s][info ][safepoint      ] Safepoint "Cleanup", Time since last: 1000103865 ns, Reaching safepoint: 56100 ns, At safepoint: 9100 ns, Total: 65200 ns
[206.692s][info ][safepoint      ] Safepoint "Cleanup", Time since last: 1000110466 ns, Reaching safepoint: 79799 ns, At safepoint: 5600 ns, Total: 85399 ns
[207.692s][info ][safepoint      ] Safepoint "Cleanup", Time since last: 1000102666 ns, Reaching safepoint: 58999 ns, At safepoint: 7000 ns, Total: 65999 ns
[208.692s][info ][safepoint      ] Safepoint "Cleanup", Time since last: 1000100566 ns, Reaching safepoint: 47900 ns, At safepoint: 3900 ns, Total: 51800 ns
[209.692s][info ][safepoint      ] Safepoint "Cleanup", Time since last: 1000104365 ns, Reaching safepoint: 50800 ns, At safepoint: 11200 ns, Total: 62000 ns
[210.693s][info ][safepoint      ] Safepoint "Cleanup", Time since last: 1000100365 ns, Reaching safepoint: 44200 ns, At safepoint: 2900 ns, Total: 47100 ns
[211.693s][info ][safepoint      ] Safepoint "Cleanup", Time since last: 1000115465 ns, Reaching safepoint: 53100 ns, At safepoint: 5500 ns, Total: 58600 ns
[213.693s][info ][safepoint      ] Safepoint "Cleanup", Time since last: 2000167031 ns, Reaching safepoint: 51900 ns, At safepoint: 5500 ns, Total: 57400 ns
[214.693s][info ][safepoint      ] Safepoint "Cleanup", Time since last: 1000102265 ns, Reaching safepoint: 46100 ns, At safepoint: 2500 ns, Total: 48600 ns
[215.693s][info ][safepoint      ] Safepoint "Cleanup", Time since last: 1000106065 ns, Reaching safepoint: 66700 ns, At safepoint: 9800 ns, Total: 76500 ns
[216.693s][info ][safepoint      ] Safepoint "Cleanup", Time since last: 1000069166 ns, Reaching safepoint: 42699 ns, At safepoint: 3900 ns, Total: 46599 ns
[218.694s][info ][safepoint      ] Safepoint "Cleanup", Time since last: 2000177331 ns, Reaching safepoint: 48100 ns, At safepoint: 6800 ns, Total: 54900 ns
[219.694s][info ][safepoint      ] Safepoint "Cleanup", Time since last: 1000107065 ns, Reaching safepoint: 62500 ns, At safepoint: 7700 ns, Total: 70200 ns
[220.694s][info ][safepoint      ] Safepoint "Cleanup", Time since last: 1000114065 ns, Reaching safepoint: 47600 ns, At safepoint: 3000 ns, Total: 50600 ns
[221.694s][info ][safepoint      ] Safepoint "Cleanup", Time since last: 1000099765 ns, Reaching safepoint: 79900 ns, At safepoint: 10300 ns, Total: 90200 ns
[222.694s][info ][safepoint      ] Safepoint "Cleanup", Time since last: 1000121565 ns, Reaching safepoint: 88799 ns, At safepoint: 8800 ns, Total: 97599 ns
[223.694s][info ][safepoint      ] Safepoint "Cleanup", Time since last: 1000061966 ns, Reaching safepoint: 43299 ns, At safepoint: 2300 ns, Total: 45599 ns
[224.695s][info ][safepoint      ] Safepoint "Cleanup", Time since last: 1000100866 ns, Reaching safepoint: 48499 ns, At safepoint: 2300 ns, Total: 50799 ns
[225.695s][info ][safepoint      ] Safepoint "Cleanup", Time since last: 1000099566 ns, Reaching safepoint: 47099 ns, At safepoint: 7700 ns, Total: 54799 ns
[226.695s][info ][safepoint      ] Safepoint "Cleanup", Time since last: 1000104665 ns, Reaching safepoint: 49600 ns, At safepoint: 3500 ns, Total: 53100 ns
[227.695s][info ][safepoint      ] Safepoint "Cleanup", Time since last: 1000102865 ns, Reaching safepoint: 44400 ns, At safepoint: 2900 ns, Total: 47300 ns
[228.695s][info ][safepoint      ] Safepoint "Cleanup", Time since last: 1000112065 ns, Reaching safepoint: 53700 ns, At safepoint: 3300 ns, Total: 57000 ns
[229.695s][info ][safepoint      ] Safepoint "Cleanup", Time since last: 1000118765 ns, Reaching safepoint: 56300 ns, At safepoint: 8400 ns, Total: 64700 ns
[230.696s][info ][safepoint      ] Safepoint "Cleanup", Time since last: 1000111265 ns, Reaching safepoint: 55599 ns, At safepoint: 8100 ns, Total: 63699 ns
[231.696s][info ][safepoint      ] Safepoint "Cleanup", Time since last: 1000100865 ns, Reaching safepoint: 53100 ns, At safepoint: 7400 ns, Total: 60500 ns
[232.696s][info ][safepoint      ] Safepoint "Cleanup", Time since last: 1000150765 ns, Reaching safepoint: 47100 ns, At safepoint: 2800 ns, Total: 49900 ns
[235.696s][info ][safepoint      ] Safepoint "Cleanup", Time since last: 3000206995 ns, Reaching safepoint: 75900 ns, At safepoint: 5400 ns, Total: 81300 ns
[236.696s][info ][safepoint      ] Safepoint "Cleanup", Time since last: 1000097665 ns, Reaching safepoint: 41600 ns, At safepoint: 13200 ns, Total: 54800 ns
[237.697s][info ][safepoint      ] Safepoint "Cleanup", Time since last: 1000105565 ns, Reaching safepoint: 57299 ns, At safepoint: 10100 ns, Total: 67399 ns
[238.697s][info ][safepoint      ] Safepoint "Cleanup", Time since last: 1000109365 ns, Reaching safepoint: 54900 ns, At safepoint: 13200 ns, Total: 68100 ns
[239.697s][info ][safepoint      ] Safepoint "Cleanup", Time since last: 1000104665 ns, Reaching safepoint: 59799 ns, At safepoint: 5700 ns, Total: 65499 ns
[241.126s][info ][safepoint      ] Safepoint "Cleanup", Time since last: 1429215276 ns, Reaching safepoint: 186399 ns, At safepoint: 8200 ns, Total: 194599 ns
[242.127s][info ][safepoint      ] Safepoint "Cleanup", Time since last: 1000111565 ns, Reaching safepoint: 120599 ns, At safepoint: 8300 ns, Total: 128899 ns
[243.127s][info ][safepoint      ] Safepoint "Cleanup", Time since last: 1000115165 ns, Reaching safepoint: 109200 ns, At safepoint: 6800 ns, Total: 116000 ns
[244.127s][info ][safepoint      ] Safepoint "Cleanup", Time since last: 1000104364 ns, Reaching safepoint: 132600 ns, At safepoint: 9700 ns, Total: 142300 ns
[245.127s][info ][safepoint      ] Safepoint "Cleanup", Time since last: 1000105865 ns, Reaching safepoint: 111799 ns, At safepoint: 9700 ns, Total: 121499 ns
[246.128s][info ][safepoint      ] Safepoint "Cleanup", Time since last: 1000113265 ns, Reaching safepoint: 160299 ns, At safepoint: 11500 ns, Total: 171799 ns
[247.128s][info ][safepoint      ] Safepoint "Cleanup", Time since last: 1000110665 ns, Reaching safepoint: 118999 ns, At safepoint: 10400 ns, Total: 129399 ns
[248.128s][info ][safepoint      ] Safepoint "Cleanup", Time since last: 1000105665 ns, Reaching safepoint: 54399 ns, At safepoint: 8800 ns, Total: 63199 ns
[249.128s][info ][safepoint      ] Safepoint "Cleanup", Time since last: 1000098365 ns, Reaching safepoint: 113100 ns, At safepoint: 5599 ns, Total: 118699 ns
[250.128s][info ][safepoint      ] Safepoint "Cleanup", Time since last: 1000098765 ns, Reaching safepoint: 119700 ns, At safepoint: 7200 ns, Total: 126900 ns
[251.129s][info ][safepoint      ] Safepoint "Cleanup", Time since last: 1000101764 ns, Reaching safepoint: 124000 ns, At safepoint: 8400 ns, Total: 132400 ns
[252.129s][info ][safepoint      ] Safepoint "Cleanup", Time since last: 1000058065 ns, Reaching safepoint: 110099 ns, At safepoint: 13500 ns, Total: 123599 ns
[253.129s][info ][safepoint      ] Safepoint "Cleanup", Time since last: 1000113165 ns, Reaching safepoint: 118399 ns, At safepoint: 5100 ns, Total: 123499 ns
[254.129s][info ][safepoint      ] Safepoint "Cleanup", Time since last: 1000090765 ns, Reaching safepoint: 111599 ns, At safepoint: 9200 ns, Total: 120799 ns
[255.130s][info ][safepoint      ] Safepoint "Cleanup", Time since last: 1000112665 ns, Reaching safepoint: 117399 ns, At safepoint: 9100 ns, Total: 126499 ns
[256.130s][info ][safepoint      ] Safepoint "Cleanup", Time since last: 1000095265 ns, Reaching safepoint: 144699 ns, At safepoint: 12400 ns, Total: 157099 ns
[257.130s][info ][safepoint      ] Safepoint "Cleanup", Time since last: 1000097365 ns, Reaching safepoint: 132999 ns, At safepoint: 11300 ns, Total: 144299 ns
[258.130s][info ][safepoint      ] Safepoint "Cleanup", Time since last: 1000094264 ns, Reaching safepoint: 158500 ns, At safepoint: 7900 ns, Total: 166400 ns
[259.131s][info ][safepoint      ] Safepoint "Cleanup", Time since last: 1000100864 ns, Reaching safepoint: 159999 ns, At safepoint: 11700 ns, Total: 171699 ns
[260.176s][info ][safepoint      ] Safepoint "Cleanup", Time since last: 1045746721 ns, Reaching safepoint: 153200 ns, At safepoint: 7600 ns, Total: 160800 ns
[261.177s][info ][safepoint      ] Safepoint "Cleanup", Time since last: 1000110964 ns, Reaching safepoint: 128399 ns, At safepoint: 9600 ns, Total: 137999 ns
[262.177s][info ][safepoint      ] Safepoint "Cleanup", Time since last: 1000111565 ns, Reaching safepoint: 125999 ns, At safepoint: 7900 ns, Total: 133899 ns
[263.352s][info ][safepoint      ] Safepoint "Cleanup", Time since last: 1174841232 ns, Reaching safepoint: 165400 ns, At safepoint: 10399 ns, Total: 175799 ns
[264.352s][info ][safepoint      ] Safepoint "Cleanup", Time since last: 1000095265 ns, Reaching safepoint: 44700 ns, At safepoint: 3400 ns, Total: 48100 ns
[265.352s][info ][safepoint      ] Safepoint "Cleanup", Time since last: 1000118764 ns, Reaching safepoint: 69300 ns, At safepoint: 8300 ns, Total: 77600 ns
[265.927s][info ][gc,start       ] GC(110) Pause Young (Allocation Failure)
[265.937s][debug][gc,phases      ] GC(110) Scavenge 9.499ms
[265.937s][debug][gc,ref         ] GC(110) Skipped phase 1 of Reference Processing: no references
[265.937s][debug][gc,ref         ] GC(110) ReferenceProcessor::execute queues: 1, RefProcThreadModel::Single, marks_oops_alive: false
[265.937s][debug][gc,ref         ] GC(110) Skipped phase 3 of Reference Processing: no references
[265.937s][debug][gc,ref         ] GC(110) ReferenceProcessor::execute queues: 1, RefProcThreadModel::Single, marks_oops_alive: false
[265.937s][debug][gc,phases      ] GC(110) Reference Processing 0.134ms
[265.937s][debug][gc,phases      ] GC(110)   VM Weak                        Min:  0.0, Avg:  0.0, Max:  0.0, Diff:  0.0, Sum:  0.0, Workers: 4
[265.937s][debug][gc,phases      ] GC(110)     Dead                           Min: 0, Avg:  0.0, Max: 0, Diff: 0, Sum: 0, Workers: 4
[265.937s][debug][gc,phases      ] GC(110)     Total                          Min: 0, Avg: 172.0, Max: 496, Diff: 496, Sum: 688, Workers: 4
[265.937s][debug][gc,phases      ] GC(110)   ObjectSynchronizer Weak        Min:  0.0, Avg:  0.0, Max:  0.0, Diff:  0.0, Sum:  0.0, Workers: 4
[265.937s][debug][gc,phases      ] GC(110)     Dead                           Min: 0, Avg:  0.0, Max: 0, Diff: 0, Sum: 0, Workers: 4
[265.937s][debug][gc,phases      ] GC(110)     Total                          Min: 0, Avg: 88.8, Max: 192, Diff: 192, Sum: 355, Workers: 4
[265.937s][debug][gc,phases      ] GC(110)   JVMTI Tag Weak OopStorage      Min:  0.0, Avg:  0.0, Max:  0.0, Diff:  0.0, Sum:  0.0, Workers: 4
[265.937s][debug][gc,phases      ] GC(110)     Dead                           Min: 0, Avg:  0.0, Max: 0, Diff: 0, Sum: 0, Workers: 4
[265.937s][debug][gc,phases      ] GC(110)     Total                          Min: 0, Avg:  0.0, Max: 0, Diff: 0, Sum: 0, Workers: 4
[265.937s][debug][gc,phases      ] GC(110)   StringTable Weak               Min:  0.1, Avg:  0.1, Max:  0.1, Diff:  0.0, Sum:  0.5, Workers: 4
[265.937s][debug][gc,phases      ] GC(110)     Dead                           Min: 0, Avg:  0.0, Max: 0, Diff: 0, Sum: 0, Workers: 4
[265.937s][debug][gc,phases      ] GC(110)     Total                          Min: 11264, Avg: 12002.2, Max: 12745, Diff: 1481, Sum: 48009, Workers: 4
[265.937s][debug][gc,phases      ] GC(110)   ResolvedMethodTable Weak       Min:  0.0, Avg:  0.0, Max:  0.0, Diff:  0.0, Sum:  0.1, Workers: 4
[265.937s][debug][gc,phases      ] GC(110)     Dead                           Min: 0, Avg:  4.2, Max: 13, Diff: 13, Sum: 17, Workers: 4
[265.937s][debug][gc,phases      ] GC(110)     Total                          Min: 1856, Avg: 2035.0, Max: 2281, Diff: 425, Sum: 8140, Workers: 4
[265.937s][debug][gc,phases      ] GC(110)   JNI Weak                       Min:  0.0, Avg:  0.0, Max:  0.0, Diff:  0.0, Sum:  0.0, Workers: 4
[265.937s][debug][gc,phases      ] GC(110)     Dead                           Min: 0, Avg:  0.0, Max: 0, Diff: 0, Sum: 0, Workers: 4
[265.937s][debug][gc,phases      ] GC(110)     Total                          Min: 0, Avg:  0.0, Max: 0, Diff: 0, Sum: 0, Workers: 4
[265.937s][debug][gc,phases      ] GC(110)   StringDedup Table Weak         Min:  0.0, Avg:  0.0, Max:  0.0, Diff:  0.0, Sum:  0.0, Workers: 4
[265.937s][debug][gc,phases      ] GC(110)     Dead                           Min: 0, Avg:  0.0, Max: 0, Diff: 0, Sum: 0, Workers: 4
[265.937s][debug][gc,phases      ] GC(110)     Total                          Min: 0, Avg:  0.0, Max: 0, Diff: 0, Sum: 0, Workers: 4
[265.937s][debug][gc,phases      ] GC(110)   StringDedup Requests0 Weak     Min:  0.0, Avg:  0.0, Max:  0.0, Diff:  0.0, Sum:  0.0, Workers: 4
[265.937s][debug][gc,phases      ] GC(110)     Dead                           Min: 0, Avg:  0.0, Max: 0, Diff: 0, Sum: 0, Workers: 4
[265.937s][debug][gc,phases      ] GC(110)     Total                          Min: 0, Avg:  0.0, Max: 0, Diff: 0, Sum: 0, Workers: 4
[265.937s][debug][gc,phases      ] GC(110)   StringDedup Requests1 Weak     Min:  0.0, Avg:  0.0, Max:  0.0, Diff:  0.0, Sum:  0.0, Workers: 4
[265.937s][debug][gc,phases      ] GC(110)     Dead                           Min: 0, Avg:  0.0, Max: 0, Diff: 0, Sum: 0, Workers: 4
[265.937s][debug][gc,phases      ] GC(110)     Total                          Min: 0, Avg:  0.0, Max: 0, Diff: 0, Sum: 0, Workers: 4
[265.937s][debug][gc,phases      ] GC(110)   Weak JFR Old Object Samples    Min:  0.0, Avg:  0.0, Max:  0.0, Diff:  0.0, Sum:  0.0, Workers: 4
[265.937s][debug][gc,phases      ] GC(110)     Dead                           Min: 0, Avg:  0.0, Max: 0, Diff: 0, Sum: 0, Workers: 4
[265.938s][debug][gc,phases      ] GC(110)     Total                          Min: 0, Avg:  0.0, Max: 0, Diff: 0, Sum: 0, Workers: 4
[265.938s][debug][gc,phases      ] GC(110) Weak Processing 0.305ms
[265.938s][debug][gc,age         ] GC(110) Desired survivor size 100139008 bytes, new threshold 15 (max threshold 15)
[265.938s][info ][gc,heap        ] GC(110) PSYoungGen: 1926348K(1995776K)->38119K(1992704K) Eden: 1891328K(1891328K)->0K(1891328K) From: 35020K(104448K)->38119K(101376K)
[265.938s][info ][gc,heap        ] GC(110) ParOldGen: 601727K(638464K)->602356K(638464K)
[265.938s][info ][gc,metaspace   ] GC(110) Metaspace: 82700K(83520K)->82700K(83520K) NonClass: 71087K(71488K)->71087K(71488K) Class: 11613K(12032K)->11613K(12032K)
[265.938s][info ][gc             ] GC(110) Pause Young (Allocation Failure) 2468M->625M(2569M) 10.054ms
[265.938s][info ][gc,cpu         ] GC(110) User=0.04s Sys=0.00s Real=0.01s
[265.938s][info ][safepoint      ] Safepoint "ParallelGCFailedAllocation", Time since last: 575051532 ns, Reaching safepoint: 120099 ns, At safepoint: 10128846 ns, Total: 10248945 ns
[266.938s][info ][safepoint      ] Safepoint "Cleanup", Time since last: 1000075365 ns, Reaching safepoint: 61800 ns, At safepoint: 8199 ns, Total: 69999 ns
[267.938s][info ][safepoint      ] Safepoint "Cleanup", Time since last: 1000107065 ns, Reaching safepoint: 59500 ns, At safepoint: 11400 ns, Total: 70900 ns
[268.938s][info ][safepoint      ] Safepoint "Cleanup", Time since last: 1000128264 ns, Reaching safepoint: 73199 ns, At safepoint: 7100 ns, Total: 80299 ns
[269.938s][info ][safepoint      ] Safepoint "Cleanup", Time since last: 1000101565 ns, Reaching safepoint: 49900 ns, At safepoint: 3100 ns, Total: 53000 ns
[270.939s][info ][safepoint      ] Safepoint "Cleanup", Time since last: 1000154664 ns, Reaching safepoint: 62199 ns, At safepoint: 7900 ns, Total: 70099 ns
[271.939s][info ][safepoint      ] Safepoint "Cleanup", Time since last: 1000115565 ns, Reaching safepoint: 56699 ns, At safepoint: 7300 ns, Total: 63999 ns
[272.939s][info ][safepoint      ] Safepoint "Cleanup", Time since last: 1000116765 ns, Reaching safepoint: 60099 ns, At safepoint: 6700 ns, Total: 66799 ns
[274.939s][info ][safepoint      ] Safepoint "Cleanup", Time since last: 2000170629 ns, Reaching safepoint: 40900 ns, At safepoint: 6400 ns, Total: 47300 ns
[275.939s][info ][safepoint      ] Safepoint "Cleanup", Time since last: 1000101464 ns, Reaching safepoint: 52200 ns, At safepoint: 4800 ns, Total: 57000 ns
[276.939s][info ][safepoint      ] Safepoint "Cleanup", Time since last: 1000092164 ns, Reaching safepoint: 52900 ns, At safepoint: 11200 ns, Total: 64100 ns
[277.940s][info ][safepoint      ] Safepoint "Cleanup", Time since last: 1000107964 ns, Reaching safepoint: 59100 ns, At safepoint: 15300 ns, Total: 74400 ns
[278.940s][info ][safepoint      ] Safepoint "Cleanup", Time since last: 1000121164 ns, Reaching safepoint: 43000 ns, At safepoint: 6700 ns, Total: 49700 ns
[279.940s][info ][safepoint      ] Safepoint "Cleanup", Time since last: 1000109464 ns, Reaching safepoint: 47100 ns, At safepoint: 22600 ns, Total: 69700 ns
[280.304s][info ][safepoint      ] Safepoint "ICBufferFull", Time since last: 364213556 ns, Reaching safepoint: 73900 ns, At safepoint: 3300 ns, Total: 77200 ns
[280.359s][info ][safepoint      ] Safepoint "ICBufferFull", Time since last: 54856007 ns, Reaching safepoint: 109800 ns, At safepoint: 9400 ns, Total: 119200 ns
[280.500s][info ][safepoint      ] Safepoint "ICBufferFull", Time since last: 140264051 ns, Reaching safepoint: 48800 ns, At safepoint: 8800 ns, Total: 57600 ns
[280.544s][info ][safepoint      ] Safepoint "ICBufferFull", Time since last: 44788761 ns, Reaching safepoint: 55900 ns, At safepoint: 7200 ns, Total: 63100 ns
[280.550s][info ][safepoint      ] Safepoint "ICBufferFull", Time since last: 5389671 ns, Reaching safepoint: 115299 ns, At safepoint: 6600 ns, Total: 121899 ns
[280.585s][info ][safepoint      ] Safepoint "ICBufferFull", Time since last: 35050813 ns, Reaching safepoint: 114600 ns, At safepoint: 5900 ns, Total: 120500 ns
[280.623s][info ][safepoint      ] Safepoint "ICBufferFull", Time since last: 38140796 ns, Reaching safepoint: 107200 ns, At safepoint: 5300 ns, Total: 112500 ns
[280.635s][info ][safepoint      ] Safepoint "ICBufferFull", Time since last: 11222840 ns, Reaching safepoint: 44399 ns, At safepoint: 2700 ns, Total: 47099 ns
[280.645s][info ][safepoint      ] Safepoint "ICBufferFull", Time since last: 10368245 ns, Reaching safepoint: 47400 ns, At safepoint: 3200 ns, Total: 50600 ns
[280.654s][info ][safepoint      ] Safepoint "ICBufferFull", Time since last: 8848153 ns, Reaching safepoint: 38299 ns, At safepoint: 2300 ns, Total: 40599 ns
[280.713s][info ][safepoint      ] Safepoint "ICBufferFull", Time since last: 59258784 ns, Reaching safepoint: 73900 ns, At safepoint: 6100 ns, Total: 80000 ns
[280.732s][info ][safepoint      ] Safepoint "ICBufferFull", Time since last: 18448501 ns, Reaching safepoint: 39200 ns, At safepoint: 2000 ns, Total: 41200 ns
[280.732s][info ][safepoint      ] Safepoint "ICBufferFull", Time since last: 681097 ns, Reaching safepoint: 16399 ns, At safepoint: 1200 ns, Total: 17599 ns
[280.773s][info ][safepoint      ] Safepoint "ICBufferFull", Time since last: 40666284 ns, Reaching safepoint: 27599 ns, At safepoint: 2900 ns, Total: 30499 ns
[281.773s][info ][safepoint      ] Safepoint "Cleanup", Time since last: 1000078465 ns, Reaching safepoint: 70799 ns, At safepoint: 15600 ns, Total: 86399 ns
[282.773s][info ][safepoint      ] Safepoint "Cleanup", Time since last: 1000112564 ns, Reaching safepoint: 57200 ns, At safepoint: 6500 ns, Total: 63700 ns
[283.774s][info ][safepoint      ] Safepoint "Cleanup", Time since last: 1000109464 ns, Reaching safepoint: 47700 ns, At safepoint: 7400 ns, Total: 55100 ns
[284.774s][info ][safepoint      ] Safepoint "Cleanup", Time since last: 1000111764 ns, Reaching safepoint: 103500 ns, At safepoint: 5299 ns, Total: 108799 ns
[285.774s][info ][safepoint      ] Safepoint "Cleanup", Time since last: 1000107265 ns, Reaching safepoint: 96599 ns, At safepoint: 9100 ns, Total: 105699 ns
[286.774s][info ][safepoint      ] Safepoint "Cleanup", Time since last: 1000102564 ns, Reaching safepoint: 91700 ns, At safepoint: 6800 ns, Total: 98500 ns
[287.774s][info ][safepoint      ] Safepoint "Cleanup", Time since last: 1000103364 ns, Reaching safepoint: 99299 ns, At safepoint: 7800 ns, Total: 107099 ns
[288.981s][info ][safepoint      ] Safepoint "Cleanup", Time since last: 1206353764 ns, Reaching safepoint: 159999 ns, At safepoint: 10100 ns, Total: 170099 ns
[289.981s][info ][safepoint      ] Safepoint "Cleanup", Time since last: 1000098964 ns, Reaching safepoint: 87000 ns, At safepoint: 10200 ns, Total: 97200 ns
[291.981s][info ][safepoint      ] Safepoint "Cleanup", Time since last: 2000159528 ns, Reaching safepoint: 48400 ns, At safepoint: 5700 ns, Total: 54100 ns
[292.982s][info ][safepoint      ] Safepoint "Cleanup", Time since last: 1000095764 ns, Reaching safepoint: 59399 ns, At safepoint: 9100 ns, Total: 68499 ns
[293.982s][info ][safepoint      ] Safepoint "Cleanup", Time since last: 1000094664 ns, Reaching safepoint: 41700 ns, At safepoint: 17100 ns, Total: 58800 ns
[294.982s][info ][safepoint      ] Safepoint "Cleanup", Time since last: 1000102364 ns, Reaching safepoint: 82500 ns, At safepoint: 8600 ns, Total: 91100 ns
[296.982s][info ][safepoint      ] Safepoint "Cleanup", Time since last: 2000170628 ns, Reaching safepoint: 53400 ns, At safepoint: 5100 ns, Total: 58500 ns
[298.982s][info ][safepoint      ] Safepoint "Cleanup", Time since last: 2000171028 ns, Reaching safepoint: 83399 ns, At safepoint: 8000 ns, Total: 91399 ns
[299.983s][info ][safepoint      ] Safepoint "Cleanup", Time since last: 1000104764 ns, Reaching safepoint: 43300 ns, At safepoint: 7300 ns, Total: 50600 ns
[300.512s][info ][safepoint      ] Safepoint "ICBufferFull", Time since last: 528914778 ns, Reaching safepoint: 79099 ns, At safepoint: 7600 ns, Total: 86699 ns
[300.517s][info ][safepoint      ] Safepoint "ICBufferFull", Time since last: 5471771 ns, Reaching safepoint: 40800 ns, At safepoint: 1600 ns, Total: 42400 ns
[300.556s][info ][safepoint      ] Safepoint "ICBufferFull", Time since last: 38562994 ns, Reaching safepoint: 122999 ns, At safepoint: 7100 ns, Total: 130099 ns
[300.579s][info ][gc,start       ] GC(111) Pause Young (Allocation Failure)
[300.593s][debug][gc,phases      ] GC(111) Scavenge 14.591ms
[300.593s][debug][gc,ref         ] GC(111) Skipped phase 1 of Reference Processing: no references
[300.593s][debug][gc,ref         ] GC(111) ReferenceProcessor::execute queues: 1, RefProcThreadModel::Single, marks_oops_alive: false
[300.593s][debug][gc,ref         ] GC(111) Skipped phase 3 of Reference Processing: no references
[300.593s][debug][gc,ref         ] GC(111) ReferenceProcessor::execute queues: 1, RefProcThreadModel::Single, marks_oops_alive: false
[300.593s][debug][gc,phases      ] GC(111) Reference Processing 0.110ms
[300.593s][debug][gc,phases      ] GC(111)   VM Weak                        Min:  0.0, Avg:  0.0, Max:  0.0, Diff:  0.0, Sum:  0.0, Workers: 4
[300.594s][debug][gc,phases      ] GC(111)     Dead                           Min: 0, Avg:  0.0, Max: 0, Diff: 0, Sum: 0, Workers: 4
[300.594s][debug][gc,phases      ] GC(111)     Total                          Min: 0, Avg: 172.0, Max: 496, Diff: 496, Sum: 688, Workers: 4
[300.594s][debug][gc,phases      ] GC(111)   ObjectSynchronizer Weak        Min:  0.0, Avg:  0.0, Max:  0.0, Diff:  0.0, Sum:  0.0, Workers: 4
[300.594s][debug][gc,phases      ] GC(111)     Dead                           Min: 0, Avg:  0.0, Max: 0, Diff: 0, Sum: 0, Workers: 4
[300.594s][debug][gc,phases      ] GC(111)     Total                          Min: 0, Avg: 88.8, Max: 256, Diff: 256, Sum: 355, Workers: 4
[300.594s][debug][gc,phases      ] GC(111)   JVMTI Tag Weak OopStorage      Min:  0.0, Avg:  0.0, Max:  0.0, Diff:  0.0, Sum:  0.0, Workers: 4
[300.594s][debug][gc,phases      ] GC(111)     Dead                           Min: 0, Avg:  0.0, Max: 0, Diff: 0, Sum: 0, Workers: 4
[300.594s][debug][gc,phases      ] GC(111)     Total                          Min: 0, Avg:  0.0, Max: 0, Diff: 0, Sum: 0, Workers: 4
[300.594s][debug][gc,phases      ] GC(111)   StringTable Weak               Min:  0.1, Avg:  0.1, Max:  0.1, Diff:  0.0, Sum:  0.5, Workers: 4
[300.594s][debug][gc,phases      ] GC(111)     Dead                           Min: 0, Avg:  0.2, Max: 1, Diff: 1, Sum: 1, Workers: 4
[300.594s][debug][gc,phases      ] GC(111)     Total                          Min: 11264, Avg: 12007.0, Max: 13632, Diff: 2368, Sum: 48028, Workers: 4
[300.594s][debug][gc,phases      ] GC(111)   ResolvedMethodTable Weak       Min:  0.0, Avg:  0.0, Max:  0.0, Diff:  0.0, Sum:  0.1, Workers: 4
[300.594s][debug][gc,phases      ] GC(111)     Dead                           Min: 0, Avg:  0.0, Max: 0, Diff: 0, Sum: 0, Workers: 4
[300.594s][debug][gc,phases      ] GC(111)     Total                          Min: 1792, Avg: 2035.8, Max: 2567, Diff: 775, Sum: 8143, Workers: 4
[300.594s][debug][gc,phases      ] GC(111)   JNI Weak                       Min:  0.0, Avg:  0.0, Max:  0.0, Diff:  0.0, Sum:  0.0, Workers: 4
[300.594s][debug][gc,phases      ] GC(111)     Dead                           Min: 0, Avg:  0.0, Max: 0, Diff: 0, Sum: 0, Workers: 4
[300.594s][debug][gc,phases      ] GC(111)     Total                          Min: 0, Avg:  0.8, Max: 3, Diff: 3, Sum: 3, Workers: 4
[300.594s][debug][gc,phases      ] GC(111)   StringDedup Table Weak         Min:  0.0, Avg:  0.0, Max:  0.0, Diff:  0.0, Sum:  0.0, Workers: 4
[300.594s][debug][gc,phases      ] GC(111)     Dead                           Min: 0, Avg:  0.0, Max: 0, Diff: 0, Sum: 0, Workers: 4
[300.594s][debug][gc,phases      ] GC(111)     Total                          Min: 0, Avg:  0.0, Max: 0, Diff: 0, Sum: 0, Workers: 4
[300.594s][debug][gc,phases      ] GC(111)   StringDedup Requests0 Weak     Min:  0.0, Avg:  0.0, Max:  0.0, Diff:  0.0, Sum:  0.0, Workers: 4
[300.594s][debug][gc,phases      ] GC(111)     Dead                           Min: 0, Avg:  0.0, Max: 0, Diff: 0, Sum: 0, Workers: 4
[300.594s][debug][gc,phases      ] GC(111)     Total                          Min: 0, Avg:  0.0, Max: 0, Diff: 0, Sum: 0, Workers: 4
[300.594s][debug][gc,phases      ] GC(111)   StringDedup Requests1 Weak     Min:  0.0, Avg:  0.0, Max:  0.0, Diff:  0.0, Sum:  0.0, Workers: 4
[300.594s][debug][gc,phases      ] GC(111)     Dead                           Min: 0, Avg:  0.0, Max: 0, Diff: 0, Sum: 0, Workers: 4
[300.594s][debug][gc,phases      ] GC(111)     Total                          Min: 0, Avg:  0.0, Max: 0, Diff: 0, Sum: 0, Workers: 4
[300.594s][debug][gc,phases      ] GC(111)   Weak JFR Old Object Samples    Min:  0.0, Avg:  0.0, Max:  0.0, Diff:  0.0, Sum:  0.0, Workers: 4
[300.594s][debug][gc,phases      ] GC(111)     Dead                           Min: 0, Avg:  0.0, Max: 0, Diff: 0, Sum: 0, Workers: 4
[300.594s][debug][gc,phases      ] GC(111)     Total                          Min: 0, Avg:  0.0, Max: 0, Diff: 0, Sum: 0, Workers: 4
[300.594s][debug][gc,phases      ] GC(111) Weak Processing 0.310ms
[300.594s][debug][gc,age         ] GC(111) Desired survivor size 100139008 bytes, new threshold 15 (max threshold 15)
[300.594s][info ][gc,heap        ] GC(111) PSYoungGen: 1929447K(1992704K)->60114K(1999360K) Eden: 1891328K(1891328K)->0K(1901568K) From: 38119K(101376K)->60114K(97792K)
[300.594s][info ][gc,heap        ] GC(111) ParOldGen: 602356K(638464K)->603317K(638464K)
[300.594s][info ][gc,metaspace   ] GC(111) Metaspace: 82799K(83648K)->82799K(83648K) NonClass: 71182K(71616K)->71182K(71616K) Class: 11616K(12032K)->11616K(12032K)
[300.594s][info ][gc             ] GC(111) Pause Young (Allocation Failure) 2472M->647M(2576M) 15.132ms
[300.594s][info ][gc,cpu         ] GC(111) User=0.06s Sys=0.00s Real=0.02s
[300.594s][info ][safepoint      ] Safepoint "ParallelGCFailedAllocation", Time since last: 22611380 ns, Reaching safepoint: 117499 ns, At safepoint: 15214019 ns, Total: 15331518 ns
[300.627s][info ][safepoint      ] Safepoint "ICBufferFull", Time since last: 32885324 ns, Reaching safepoint: 34800 ns, At safepoint: 2800 ns, Total: 37600 ns
[300.663s][info ][safepoint      ] Safepoint "ICBufferFull", Time since last: 36591505 ns, Reaching safepoint: 104899 ns, At safepoint: 5700 ns, Total: 110599 ns
[300.696s][info ][safepoint      ] Safepoint "ICBufferFull", Time since last: 32378628 ns, Reaching safepoint: 52399 ns, At safepoint: 2800 ns, Total: 55199 ns
[300.734s][info ][safepoint      ] Safepoint "ICBufferFull", Time since last: 38437295 ns, Reaching safepoint: 93200 ns, At safepoint: 6900 ns, Total: 100100 ns
[300.752s][info ][safepoint      ] Safepoint "ICBufferFull", Time since last: 18111303 ns, Reaching safepoint: 37100 ns, At safepoint: 8600 ns, Total: 45700 ns
[300.757s][info ][safepoint      ] Safepoint "ICBufferFull", Time since last: 4839474 ns, Reaching safepoint: 36800 ns, At safepoint: 4700 ns, Total: 41500 ns
[300.804s][info ][safepoint      ] Safepoint "ICBufferFull", Time since last: 47020649 ns, Reaching safepoint: 51100 ns, At safepoint: 5100 ns, Total: 56200 ns
[300.829s][info ][safepoint      ] Safepoint "ICBufferFull", Time since last: 24937967 ns, Reaching safepoint: 119899 ns, At safepoint: 5100 ns, Total: 124999 ns
[300.856s][info ][safepoint      ] Safepoint "ICBufferFull", Time since last: 26398559 ns, Reaching safepoint: 35900 ns, At safepoint: 5400 ns, Total: 41300 ns
[300.864s][info ][safepoint      ] Safepoint "ICBufferFull", Time since last: 7699859 ns, Reaching safepoint: 32900 ns, At safepoint: 6900 ns, Total: 39800 ns
[300.952s][info ][safepoint      ] Safepoint "ICBufferFull", Time since last: 88664627 ns, Reaching safepoint: 146599 ns, At safepoint: 11700 ns, Total: 158299 ns
[301.953s][info ][safepoint      ] Safepoint "Cleanup", Time since last: 1000087764 ns, Reaching safepoint: 69499 ns, At safepoint: 6500 ns, Total: 75999 ns
[302.953s][info ][safepoint      ] Safepoint "Cleanup", Time since last: 1000120964 ns, Reaching safepoint: 44800 ns, At safepoint: 2900 ns, Total: 47700 ns
[303.953s][info ][safepoint      ] Safepoint "Cleanup", Time since last: 1000111964 ns, Reaching safepoint: 45099 ns, At safepoint: 9200 ns, Total: 54299 ns
[304.953s][info ][safepoint      ] Safepoint "Cleanup", Time since last: 1000056764 ns, Reaching safepoint: 43200 ns, At safepoint: 2900 ns, Total: 46100 ns
[305.953s][info ][safepoint      ] Safepoint "Cleanup", Time since last: 1000107364 ns, Reaching safepoint: 51000 ns, At safepoint: 10400 ns, Total: 61400 ns
[306.953s][info ][safepoint      ] Safepoint "Cleanup", Time since last: 1000102263 ns, Reaching safepoint: 59100 ns, At safepoint: 11900 ns, Total: 71000 ns
[307.954s][info ][safepoint      ] Safepoint "Cleanup", Time since last: 1000103664 ns, Reaching safepoint: 41000 ns, At safepoint: 3200 ns, Total: 44200 ns
[309.954s][info ][safepoint      ] Safepoint "Cleanup", Time since last: 2000176827 ns, Reaching safepoint: 47700 ns, At safepoint: 6900 ns, Total: 54600 ns
[310.954s][info ][safepoint      ] Safepoint "Cleanup", Time since last: 1000077964 ns, Reaching safepoint: 48900 ns, At safepoint: 8600 ns, Total: 57500 ns
[311.954s][info ][safepoint      ] Safepoint "Cleanup", Time since last: 1000097263 ns, Reaching safepoint: 54300 ns, At safepoint: 4800 ns, Total: 59100 ns
[313.954s][info ][safepoint      ] Safepoint "Cleanup", Time since last: 2000112028 ns, Reaching safepoint: 43200 ns, At safepoint: 6700 ns, Total: 49900 ns
[314.954s][info ][safepoint      ] Safepoint "Cleanup", Time since last: 1000108963 ns, Reaching safepoint: 57400 ns, At safepoint: 13100 ns, Total: 70500 ns
[318.955s][info ][safepoint      ] Safepoint "Cleanup", Time since last: 4000311455 ns, Reaching safepoint: 40400 ns, At safepoint: 3100 ns, Total: 43500 ns
[321.955s][info ][safepoint      ] Safepoint "Cleanup", Time since last: 3000221091 ns, Reaching safepoint: 46100 ns, At safepoint: 8900 ns, Total: 55000 ns
[322.955s][info ][safepoint      ] Safepoint "Cleanup", Time since last: 1000105763 ns, Reaching safepoint: 55700 ns, At safepoint: 12100 ns, Total: 67800 ns
[323.955s][info ][safepoint      ] Safepoint "Cleanup", Time since last: 1000107864 ns, Reaching safepoint: 47899 ns, At safepoint: 2800 ns, Total: 50699 ns
[324.956s][info ][safepoint      ] Safepoint "Cleanup", Time since last: 1000065264 ns, Reaching safepoint: 51300 ns, At safepoint: 4900 ns, Total: 56200 ns
[325.956s][info ][safepoint      ] Safepoint "Cleanup", Time since last: 1000096063 ns, Reaching safepoint: 38300 ns, At safepoint: 2700 ns, Total: 41000 ns
[328.956s][info ][safepoint      ] Safepoint "Cleanup", Time since last: 3000193591 ns, Reaching safepoint: 46800 ns, At safepoint: 5300 ns, Total: 52100 ns
[329.956s][info ][safepoint      ] Safepoint "Cleanup", Time since last: 1000104063 ns, Reaching safepoint: 53200 ns, At safepoint: 7000 ns, Total: 60200 ns
[334.956s][info ][safepoint      ] Safepoint "Cleanup", Time since last: 5000318618 ns, Reaching safepoint: 59400 ns, At safepoint: 4400 ns, Total: 63800 ns
[335.957s][info ][safepoint      ] Safepoint "Cleanup", Time since last: 1000111663 ns, Reaching safepoint: 71300 ns, At safepoint: 5100 ns, Total: 76400 ns
[336.957s][info ][safepoint      ] Safepoint "Cleanup", Time since last: 1000102163 ns, Reaching safepoint: 48000 ns, At safepoint: 3700 ns, Total: 51700 ns
[337.957s][info ][safepoint      ] Safepoint "Cleanup", Time since last: 1000101063 ns, Reaching safepoint: 43300 ns, At safepoint: 2800 ns, Total: 46100 ns
[338.957s][info ][safepoint      ] Safepoint "Cleanup", Time since last: 1000082963 ns, Reaching safepoint: 40200 ns, At safepoint: 3000 ns, Total: 43200 ns
[339.957s][info ][safepoint      ] Safepoint "Cleanup", Time since last: 1000101064 ns, Reaching safepoint: 44899 ns, At safepoint: 5600 ns, Total: 50499 ns
[341.957s][info ][safepoint      ] Safepoint "Cleanup", Time since last: 2000165727 ns, Reaching safepoint: 49200 ns, At safepoint: 7800 ns, Total: 57000 ns
[343.931s][info ][safepoint      ] Safepoint "Cleanup", Time since last: 1973820067 ns, Reaching safepoint: 148999 ns, At safepoint: 12900 ns, Total: 161899 ns
[344.932s][info ][safepoint      ] Safepoint "Cleanup", Time since last: 1000117763 ns, Reaching safepoint: 123200 ns, At safepoint: 10500 ns, Total: 133700 ns
[345.932s][info ][safepoint      ] Safepoint "Cleanup", Time since last: 1000100463 ns, Reaching safepoint: 64600 ns, At safepoint: 7800 ns, Total: 72400 ns
[347.896s][info ][safepoint      ] Safepoint "Cleanup", Time since last: 1963921020 ns, Reaching safepoint: 131199 ns, At safepoint: 8600 ns, Total: 139799 ns
[348.896s][info ][safepoint      ] Safepoint "Cleanup", Time since last: 1000101163 ns, Reaching safepoint: 51300 ns, At safepoint: 5200 ns, Total: 56500 ns
[349.896s][info ][safepoint      ] Safepoint "Cleanup", Time since last: 1000102763 ns, Reaching safepoint: 56400 ns, At safepoint: 10599 ns, Total: 66999 ns
[350.179s][info ][gc,start       ] GC(112) Pause Young (Allocation Failure)
[350.193s][debug][gc,phases      ] GC(112) Scavenge 13.303ms
[350.193s][debug][gc,ref         ] GC(112) Skipped phase 1 of Reference Processing: no references
[350.193s][debug][gc,ref         ] GC(112) ReferenceProcessor::execute queues: 1, RefProcThreadModel::Single, marks_oops_alive: false
[350.193s][debug][gc,ref         ] GC(112) Skipped phase 3 of Reference Processing: no references
[350.193s][debug][gc,ref         ] GC(112) ReferenceProcessor::execute queues: 1, RefProcThreadModel::Single, marks_oops_alive: false
[350.193s][debug][gc,phases      ] GC(112) Reference Processing 0.148ms
[350.193s][debug][gc,phases      ] GC(112)   VM Weak                        Min:  0.0, Avg:  0.0, Max:  0.0, Diff:  0.0, Sum:  0.0, Workers: 4
[350.193s][debug][gc,phases      ] GC(112)     Dead                           Min: 0, Avg:  0.0, Max: 0, Diff: 0, Sum: 0, Workers: 4
[350.193s][debug][gc,phases      ] GC(112)     Total                          Min: 0, Avg: 172.0, Max: 512, Diff: 512, Sum: 688, Workers: 4
[350.193s][debug][gc,phases      ] GC(112)   ObjectSynchronizer Weak        Min:  0.0, Avg:  0.0, Max:  0.0, Diff:  0.0, Sum:  0.0, Workers: 4
[350.193s][debug][gc,phases      ] GC(112)     Dead                           Min: 0, Avg:  0.0, Max: 0, Diff: 0, Sum: 0, Workers: 4
[350.193s][debug][gc,phases      ] GC(112)     Total                          Min: 0, Avg: 89.2, Max: 293, Diff: 293, Sum: 357, Workers: 4
[350.193s][debug][gc,phases      ] GC(112)   JVMTI Tag Weak OopStorage      Min:  0.0, Avg:  0.0, Max:  0.0, Diff:  0.0, Sum:  0.0, Workers: 4
[350.193s][debug][gc,phases      ] GC(112)     Dead                           Min: 0, Avg:  0.0, Max: 0, Diff: 0, Sum: 0, Workers: 4
[350.193s][debug][gc,phases      ] GC(112)     Total                          Min: 0, Avg:  0.0, Max: 0, Diff: 0, Sum: 0, Workers: 4
[350.193s][debug][gc,phases      ] GC(112)   StringTable Weak               Min:  0.1, Avg:  0.1, Max:  0.1, Diff:  0.0, Sum:  0.4, Workers: 4
[350.193s][debug][gc,phases      ] GC(112)     Dead                           Min: 0, Avg:  0.0, Max: 0, Diff: 0, Sum: 0, Workers: 4
[350.193s][debug][gc,phases      ] GC(112)     Total                          Min: 10474, Avg: 12010.5, Max: 15680, Diff: 5206, Sum: 48042, Workers: 4
[350.193s][debug][gc,phases      ] GC(112)   ResolvedMethodTable Weak       Min:  0.0, Avg:  0.0, Max:  0.0, Diff:  0.0, Sum:  0.1, Workers: 4
[350.193s][debug][gc,phases      ] GC(112)     Dead                           Min: 0, Avg:  0.2, Max: 1, Diff: 1, Sum: 1, Workers: 4
[350.193s][debug][gc,phases      ] GC(112)     Total                          Min: 1792, Avg: 2038.8, Max: 2530, Diff: 738, Sum: 8155, Workers: 4
[350.193s][debug][gc,phases      ] GC(112)   JNI Weak                       Min:  0.0, Avg:  0.0, Max:  0.0, Diff:  0.0, Sum:  0.0, Workers: 4
[350.193s][debug][gc,phases      ] GC(112)     Dead                           Min: 0, Avg:  0.0, Max: 0, Diff: 0, Sum: 0, Workers: 4
[350.193s][debug][gc,phases      ] GC(112)     Total                          Min: 0, Avg:  0.0, Max: 0, Diff: 0, Sum: 0, Workers: 4
[350.193s][debug][gc,phases      ] GC(112)   StringDedup Table Weak         Min:  0.0, Avg:  0.0, Max:  0.0, Diff:  0.0, Sum:  0.0, Workers: 4
[350.193s][debug][gc,phases      ] GC(112)     Dead                           Min: 0, Avg:  0.0, Max: 0, Diff: 0, Sum: 0, Workers: 4
[350.193s][debug][gc,phases      ] GC(112)     Total                          Min: 0, Avg:  0.0, Max: 0, Diff: 0, Sum: 0, Workers: 4
[350.193s][debug][gc,phases      ] GC(112)   StringDedup Requests0 Weak     Min:  0.0, Avg:  0.0, Max:  0.0, Diff:  0.0, Sum:  0.0, Workers: 4
[350.193s][debug][gc,phases      ] GC(112)     Dead                           Min: 0, Avg:  0.0, Max: 0, Diff: 0, Sum: 0, Workers: 4
[350.193s][debug][gc,phases      ] GC(112)     Total                          Min: 0, Avg:  0.0, Max: 0, Diff: 0, Sum: 0, Workers: 4
[350.193s][debug][gc,phases      ] GC(112)   StringDedup Requests1 Weak     Min:  0.0, Avg:  0.0, Max:  0.0, Diff:  0.0, Sum:  0.0, Workers: 4
[350.193s][debug][gc,phases      ] GC(112)     Dead                           Min: 0, Avg:  0.0, Max: 0, Diff: 0, Sum: 0, Workers: 4
[350.193s][debug][gc,phases      ] GC(112)     Total                          Min: 0, Avg:  0.0, Max: 0, Diff: 0, Sum: 0, Workers: 4
[350.193s][debug][gc,phases      ] GC(112)   Weak JFR Old Object Samples    Min:  0.0, Avg:  0.0, Max:  0.0, Diff:  0.0, Sum:  0.0, Workers: 4
[350.193s][debug][gc,phases      ] GC(112)     Dead                           Min: 0, Avg:  0.0, Max: 0, Diff: 0, Sum: 0, Workers: 4
[350.193s][debug][gc,phases      ] GC(112)     Total                          Min: 0, Avg:  0.0, Max: 0, Diff: 0, Sum: 0, Workers: 4
[350.193s][debug][gc,phases      ] GC(112) Weak Processing 0.379ms
[350.193s][debug][gc,age         ] GC(112) Desired survivor size 100663296 bytes, new threshold 15 (max threshold 15)
[350.193s][info ][gc,heap        ] GC(112) PSYoungGen: 1961682K(1999360K)->63650K(1965568K) Eden: 1901568K(1901568K)->0K(1901568K) From: 60114K(97792K)->63650K(64000K)
[350.193s][info ][gc,heap        ] GC(112) ParOldGen: 603317K(638464K)->604221K(638464K)
[350.193s][info ][gc,metaspace   ] GC(112) Metaspace: 82958K(83840K)->82958K(83840K) NonClass: 71335K(71808K)->71335K(71808K) Class: 11622K(12032K)->11622K(12032K)
[350.193s][info ][gc             ] GC(112) Pause Young (Allocation Failure) 2504M->652M(2543M) 13.977ms
[350.193s][info ][gc,cpu         ] GC(112) User=0.05s Sys=0.00s Real=0.02s
[350.193s][info ][safepoint      ] Safepoint "ParallelGCFailedAllocation", Time since last: 282868091 ns, Reaching safepoint: 43500 ns, At safepoint: 14060625 ns, Total: 14104125 ns
[351.193s][info ][safepoint      ] Safepoint "Cleanup", Time since last: 1000093563 ns, Reaching safepoint: 47700 ns, At safepoint: 9800 ns, Total: 57500 ns
[352.194s][info ][safepoint      ] Safepoint "Cleanup", Time since last: 1000111463 ns, Reaching safepoint: 53799 ns, At safepoint: 6600 ns, Total: 60399 ns
[354.194s][info ][safepoint      ] Safepoint "Cleanup", Time since last: 2000171727 ns, Reaching safepoint: 65299 ns, At safepoint: 10200 ns, Total: 75499 ns
[355.194s][info ][safepoint      ] Safepoint "Cleanup", Time since last: 1000108163 ns, Reaching safepoint: 55900 ns, At safepoint: 14800 ns, Total: 70700 ns
[358.194s][info ][safepoint      ] Safepoint "Cleanup", Time since last: 3000267090 ns, Reaching safepoint: 84199 ns, At safepoint: 8300 ns, Total: 92499 ns
[360.195s][info ][safepoint      ] Safepoint "Cleanup", Time since last: 2000164326 ns, Reaching safepoint: 73400 ns, At safepoint: 5100 ns, Total: 78500 ns
[361.195s][info ][safepoint      ] Safepoint "Cleanup", Time since last: 1000112363 ns, Reaching safepoint: 34600 ns, At safepoint: 2500 ns, Total: 37100 ns
[362.195s][info ][safepoint      ] Safepoint "Cleanup", Time since last: 1000106263 ns, Reaching safepoint: 63299 ns, At safepoint: 9500 ns, Total: 72799 ns
[364.195s][info ][safepoint      ] Safepoint "Cleanup", Time since last: 2000177126 ns, Reaching safepoint: 48300 ns, At safepoint: 3100 ns, Total: 51400 ns
[366.195s][info ][safepoint      ] Safepoint "Cleanup", Time since last: 2000173226 ns, Reaching safepoint: 54100 ns, At safepoint: 14600 ns, Total: 68700 ns
[367.196s][info ][safepoint      ] Safepoint "Cleanup", Time since last: 1000139762 ns, Reaching safepoint: 54000 ns, At safepoint: 3700 ns, Total: 57700 ns
[369.196s][info ][safepoint      ] Safepoint "Cleanup", Time since last: 2000196526 ns, Reaching safepoint: 57800 ns, At safepoint: 8200 ns, Total: 66000 ns
[370.196s][info ][safepoint      ] Safepoint "Cleanup", Time since last: 1000113862 ns, Reaching safepoint: 60100 ns, At safepoint: 5500 ns, Total: 65600 ns
[372.196s][info ][safepoint      ] Safepoint "Cleanup", Time since last: 2000135426 ns, Reaching safepoint: 51300 ns, At safepoint: 19400 ns, Total: 70700 ns
[374.196s][info ][safepoint      ] Safepoint "Cleanup", Time since last: 2000162326 ns, Reaching safepoint: 53299 ns, At safepoint: 8300 ns, Total: 61599 ns
[375.197s][info ][safepoint      ] Safepoint "Cleanup", Time since last: 1000115863 ns, Reaching safepoint: 49500 ns, At safepoint: 7000 ns, Total: 56500 ns
[377.197s][info ][safepoint      ] Safepoint "Cleanup", Time since last: 2000170426 ns, Reaching safepoint: 68099 ns, At safepoint: 9600 ns, Total: 77699 ns
[379.197s][info ][safepoint      ] Safepoint "Cleanup", Time since last: 2000173726 ns, Reaching safepoint: 55800 ns, At safepoint: 6500 ns, Total: 62300 ns
[380.197s][info ][safepoint      ] Safepoint "Cleanup", Time since last: 1000108362 ns, Reaching safepoint: 60000 ns, At safepoint: 14800 ns, Total: 74800 ns
[381.197s][info ][safepoint      ] Safepoint "Cleanup", Time since last: 1000122162 ns, Reaching safepoint: 48600 ns, At safepoint: 8900 ns, Total: 57500 ns
[382.198s][info ][safepoint      ] Safepoint "Cleanup", Time since last: 1000108563 ns, Reaching safepoint: 51700 ns, At safepoint: 6200 ns, Total: 57900 ns
[387.198s][info ][safepoint      ] Safepoint "Cleanup", Time since last: 5000372514 ns, Reaching safepoint: 48499 ns, At safepoint: 5300 ns, Total: 53799 ns
[388.198s][info ][safepoint      ] Safepoint "Cleanup", Time since last: 1000109263 ns, Reaching safepoint: 55900 ns, At safepoint: 2800 ns, Total: 58700 ns
[390.198s][info ][safepoint      ] Safepoint "Cleanup", Time since last: 2000190525 ns, Reaching safepoint: 53800 ns, At safepoint: 7600 ns, Total: 61400 ns
[392.199s][info ][safepoint      ] Safepoint "Cleanup", Time since last: 2000177725 ns, Reaching safepoint: 53400 ns, At safepoint: 3900 ns, Total: 57300 ns
[394.199s][info ][safepoint      ] Safepoint "Cleanup", Time since last: 2000184125 ns, Reaching safepoint: 51700 ns, At safepoint: 4100 ns, Total: 55800 ns
[395.199s][info ][safepoint      ] Safepoint "Cleanup", Time since last: 1000108662 ns, Reaching safepoint: 47300 ns, At safepoint: 2700 ns, Total: 50000 ns
[396.199s][info ][safepoint      ] Safepoint "Cleanup", Time since last: 1000104862 ns, Reaching safepoint: 49200 ns, At safepoint: 6100 ns, Total: 55300 ns
[397.199s][info ][safepoint      ] Safepoint "Cleanup", Time since last: 1000103663 ns, Reaching safepoint: 52699 ns, At safepoint: 3800 ns, Total: 56499 ns
[400.200s][info ][safepoint      ] Safepoint "Cleanup", Time since last: 3000230088 ns, Reaching safepoint: 52400 ns, At safepoint: 7300 ns, Total: 59700 ns
[401.200s][info ][safepoint      ] Safepoint "Cleanup", Time since last: 1000115062 ns, Reaching safepoint: 59400 ns, At safepoint: 7400 ns, Total: 66800 ns
[403.200s][info ][safepoint      ] Safepoint "Cleanup", Time since last: 2000181825 ns, Reaching safepoint: 47100 ns, At safepoint: 3300 ns, Total: 50400 ns
[404.200s][info ][safepoint      ] Safepoint "Cleanup", Time since last: 1000101362 ns, Reaching safepoint: 149599 ns, At safepoint: 10200 ns, Total: 159799 ns
[405.201s][info ][safepoint      ] Safepoint "Cleanup", Time since last: 1000116662 ns, Reaching safepoint: 48000 ns, At safepoint: 11700 ns, Total: 59700 ns
[407.201s][info ][safepoint      ] Safepoint "Cleanup", Time since last: 2000167025 ns, Reaching safepoint: 54500 ns, At safepoint: 9800 ns, Total: 64300 ns
[408.201s][info ][safepoint      ] Safepoint "Cleanup", Time since last: 1000099062 ns, Reaching safepoint: 41200 ns, At safepoint: 2800 ns, Total: 44000 ns
[411.201s][info ][safepoint      ] Safepoint "Cleanup", Time since last: 3000212487 ns, Reaching safepoint: 49000 ns, At safepoint: 5000 ns, Total: 54000 ns
[413.201s][info ][safepoint      ] Safepoint "Cleanup", Time since last: 2000182125 ns, Reaching safepoint: 44400 ns, At safepoint: 3600 ns, Total: 48000 ns
[414.202s][info ][safepoint      ] Safepoint "Cleanup", Time since last: 1000108462 ns, Reaching safepoint: 46100 ns, At safepoint: 2500 ns, Total: 48600 ns
[417.202s][info ][safepoint      ] Safepoint "Cleanup", Time since last: 3000237487 ns, Reaching safepoint: 45400 ns, At safepoint: 3800 ns, Total: 49200 ns
[418.202s][info ][safepoint      ] Safepoint "Cleanup", Time since last: 1000105062 ns, Reaching safepoint: 43700 ns, At safepoint: 7100 ns, Total: 50800 ns
[425.203s][info ][safepoint      ] Safepoint "Cleanup", Time since last: 7000509836 ns, Reaching safepoint: 41200 ns, At safepoint: 2700 ns, Total: 43900 ns
[426.203s][info ][safepoint      ] Safepoint "Cleanup", Time since last: 1000061962 ns, Reaching safepoint: 38900 ns, At safepoint: 3900 ns, Total: 42800 ns
[429.203s][info ][safepoint      ] Safepoint "Cleanup", Time since last: 3000240587 ns, Reaching safepoint: 50199 ns, At safepoint: 7700 ns, Total: 57899 ns
[430.203s][info ][safepoint      ] Safepoint "Cleanup", Time since last: 1000103062 ns, Reaching safepoint: 46600 ns, At safepoint: 3900 ns, Total: 50500 ns
[431.203s][info ][safepoint      ] Safepoint "Cleanup", Time since last: 1000112162 ns, Reaching safepoint: 45700 ns, At safepoint: 5800 ns, Total: 51500 ns
[432.203s][info ][safepoint      ] Safepoint "Cleanup", Time since last: 1000110662 ns, Reaching safepoint: 47300 ns, At safepoint: 5200 ns, Total: 52500 ns
[434.204s][info ][safepoint      ] Safepoint "Cleanup", Time since last: 2000168024 ns, Reaching safepoint: 41000 ns, At safepoint: 6700 ns, Total: 47700 ns
[436.204s][info ][safepoint      ] Safepoint "Cleanup", Time since last: 2000122724 ns, Reaching safepoint: 45100 ns, At safepoint: 3900 ns, Total: 49000 ns
[436.509s][info ][gc,start       ] GC(113) Pause Young (Allocation Failure)
[436.521s][debug][gc,phases      ] GC(113) Scavenge 11.630ms
[436.521s][debug][gc,ref         ] GC(113) Skipped phase 1 of Reference Processing: no references
[436.521s][debug][gc,ref         ] GC(113) ReferenceProcessor::execute queues: 1, RefProcThreadModel::Single, marks_oops_alive: false
[436.521s][debug][gc,ref         ] GC(113) Skipped phase 3 of Reference Processing: no references
[436.521s][debug][gc,ref         ] GC(113) ReferenceProcessor::execute queues: 1, RefProcThreadModel::Single, marks_oops_alive: false
[436.521s][debug][gc,phases      ] GC(113) Reference Processing 0.106ms
[436.521s][debug][gc,phases      ] GC(113)   VM Weak                        Min:  0.0, Avg:  0.0, Max:  0.0, Diff:  0.0, Sum:  0.0, Workers: 4
[436.521s][debug][gc,phases      ] GC(113)     Dead                           Min: 0, Avg:  0.0, Max: 0, Diff: 0, Sum: 0, Workers: 4
[436.521s][debug][gc,phases      ] GC(113)     Total                          Min: 0, Avg: 172.0, Max: 576, Diff: 576, Sum: 688, Workers: 4
[436.521s][debug][gc,phases      ] GC(113)   ObjectSynchronizer Weak        Min:  0.0, Avg:  0.0, Max:  0.0, Diff:  0.0, Sum:  0.0, Workers: 4
[436.521s][debug][gc,phases      ] GC(113)     Dead                           Min: 0, Avg:  0.0, Max: 0, Diff: 0, Sum: 0, Workers: 4
[436.521s][debug][gc,phases      ] GC(113)     Total                          Min: 0, Avg: 89.2, Max: 229, Diff: 229, Sum: 357, Workers: 4
[436.521s][debug][gc,phases      ] GC(113)   JVMTI Tag Weak OopStorage      Min:  0.0, Avg:  0.0, Max:  0.0, Diff:  0.0, Sum:  0.0, Workers: 4
[436.521s][debug][gc,phases      ] GC(113)     Dead                           Min: 0, Avg:  0.0, Max: 0, Diff: 0, Sum: 0, Workers: 4
[436.521s][debug][gc,phases      ] GC(113)     Total                          Min: 0, Avg:  0.0, Max: 0, Diff: 0, Sum: 0, Workers: 4
[436.521s][debug][gc,phases      ] GC(113)   StringTable Weak               Min:  0.1, Avg:  0.1, Max:  0.1, Diff:  0.0, Sum:  0.4, Workers: 4
[436.521s][debug][gc,phases      ] GC(113)     Dead                           Min: 0, Avg:  0.2, Max: 1, Diff: 1, Sum: 1, Workers: 4
[436.521s][debug][gc,phases      ] GC(113)     Total                          Min: 9152, Avg: 12023.8, Max: 15263, Diff: 6111, Sum: 48095, Workers: 4
[436.521s][debug][gc,phases      ] GC(113)   ResolvedMethodTable Weak       Min:  0.0, Avg:  0.0, Max:  0.0, Diff:  0.0, Sum:  0.1, Workers: 4
[436.521s][debug][gc,phases      ] GC(113)     Dead                           Min: 0, Avg:  0.0, Max: 0, Diff: 0, Sum: 0, Workers: 4
[436.521s][debug][gc,phases      ] GC(113)     Total                          Min: 1792, Avg: 2042.2, Max: 2587, Diff: 795, Sum: 8169, Workers: 4
[436.521s][debug][gc,phases      ] GC(113)   JNI Weak                       Min:  0.0, Avg:  0.0, Max:  0.0, Diff:  0.0, Sum:  0.0, Workers: 4
[436.521s][debug][gc,phases      ] GC(113)     Dead                           Min: 0, Avg:  0.0, Max: 0, Diff: 0, Sum: 0, Workers: 4
[436.522s][debug][gc,phases      ] GC(113)     Total                          Min: 0, Avg:  0.0, Max: 0, Diff: 0, Sum: 0, Workers: 4
[436.522s][debug][gc,phases      ] GC(113)   StringDedup Table Weak         Min:  0.0, Avg:  0.0, Max:  0.0, Diff:  0.0, Sum:  0.0, Workers: 4
[436.522s][debug][gc,phases      ] GC(113)     Dead                           Min: 0, Avg:  0.0, Max: 0, Diff: 0, Sum: 0, Workers: 4
[436.522s][debug][gc,phases      ] GC(113)     Total                          Min: 0, Avg:  0.0, Max: 0, Diff: 0, Sum: 0, Workers: 4
[436.522s][debug][gc,phases      ] GC(113)   StringDedup Requests0 Weak     Min:  0.0, Avg:  0.0, Max:  0.0, Diff:  0.0, Sum:  0.0, Workers: 4
[436.522s][debug][gc,phases      ] GC(113)     Dead                           Min: 0, Avg:  0.0, Max: 0, Diff: 0, Sum: 0, Workers: 4
[436.522s][debug][gc,phases      ] GC(113)     Total                          Min: 0, Avg:  0.0, Max: 0, Diff: 0, Sum: 0, Workers: 4
[436.522s][debug][gc,phases      ] GC(113)   StringDedup Requests1 Weak     Min:  0.0, Avg:  0.0, Max:  0.0, Diff:  0.0, Sum:  0.0, Workers: 4
[436.522s][debug][gc,phases      ] GC(113)     Dead                           Min: 0, Avg:  0.0, Max: 0, Diff: 0, Sum: 0, Workers: 4
[436.522s][debug][gc,phases      ] GC(113)     Total                          Min: 0, Avg:  0.0, Max: 0, Diff: 0, Sum: 0, Workers: 4
[436.522s][debug][gc,phases      ] GC(113)   Weak JFR Old Object Samples    Min:  0.0, Avg:  0.0, Max:  0.0, Diff:  0.0, Sum:  0.0, Workers: 4
[436.522s][debug][gc,phases      ] GC(113)     Dead                           Min: 0, Avg:  0.0, Max: 0, Diff: 0, Sum: 0, Workers: 4
[436.522s][debug][gc,phases      ] GC(113)     Total                          Min: 0, Avg:  0.0, Max: 0, Diff: 0, Sum: 0, Workers: 4
[436.522s][debug][gc,phases      ] GC(113) Weak Processing 0.287ms
[436.522s][debug][gc,age         ] GC(113) Desired survivor size 100139008 bytes, new threshold 15 (max threshold 15)
[436.522s][info ][gc,heap        ] GC(113) PSYoungGen: 1965218K(1965568K)->60578K(1999360K) Eden: 1901568K(1901568K)->0K(1901056K) From: 63650K(64000K)->60578K(98304K)
[436.522s][info ][gc,heap        ] GC(113) ParOldGen: 604221K(638464K)->605365K(638464K)
[436.522s][info ][gc,metaspace   ] GC(113) Metaspace: 83070K(83968K)->83070K(83968K) NonClass: 71437K(71936K)->71437K(71936K) Class: 11632K(12032K)->11632K(12032K)
[436.522s][info ][gc             ] GC(113) Pause Young (Allocation Failure) 2509M->650M(2576M) 12.142ms
[436.522s][info ][gc,cpu         ] GC(113) User=0.04s Sys=0.00s Real=0.01s
[436.522s][info ][safepoint      ] Safepoint "ParallelGCFailedAllocation", Time since last: 305516869 ns, Reaching safepoint: 38500 ns, At safepoint: 12225335 ns, Total: 12263835 ns
[437.522s][info ][safepoint      ] Safepoint "Cleanup", Time since last: 1000082162 ns, Reaching safepoint: 56299 ns, At safepoint: 9300 ns, Total: 65599 ns
[438.522s][info ][safepoint      ] Safepoint "Cleanup", Time since last: 1000102962 ns, Reaching safepoint: 48000 ns, At safepoint: 5600 ns, Total: 53600 ns
[439.522s][info ][safepoint      ] Safepoint "Cleanup", Time since last: 1000127962 ns, Reaching safepoint: 43000 ns, At safepoint: 2500 ns, Total: 45500 ns
[441.522s][info ][safepoint      ] Safepoint "Cleanup", Time since last: 2000168524 ns, Reaching safepoint: 46500 ns, At safepoint: 7200 ns, Total: 53700 ns
[442.522s][info ][safepoint      ] Safepoint "Cleanup", Time since last: 1000106761 ns, Reaching safepoint: 48900 ns, At safepoint: 8700 ns, Total: 57600 ns
[445.523s][info ][safepoint      ] Safepoint "Cleanup", Time since last: 3000187887 ns, Reaching safepoint: 46399 ns, At safepoint: 8100 ns, Total: 54499 ns
[446.523s][info ][safepoint      ] Safepoint "Cleanup", Time since last: 1000101562 ns, Reaching safepoint: 59000 ns, At safepoint: 6900 ns, Total: 65900 ns
[447.523s][info ][safepoint      ] Safepoint "Cleanup", Time since last: 1000110362 ns, Reaching safepoint: 59099 ns, At safepoint: 6600 ns, Total: 65699 ns
[448.523s][info ][safepoint      ] Safepoint "Cleanup", Time since last: 1000101062 ns, Reaching safepoint: 44500 ns, At safepoint: 2400 ns, Total: 46900 ns
[450.523s][info ][safepoint      ] Safepoint "Cleanup", Time since last: 2000167924 ns, Reaching safepoint: 46200 ns, At safepoint: 8000 ns, Total: 54200 ns
[455.524s][info ][safepoint      ] Safepoint "Cleanup", Time since last: 5000287210 ns, Reaching safepoint: 51899 ns, At safepoint: 9200 ns, Total: 61099 ns
[456.524s][info ][safepoint      ] Safepoint "Cleanup", Time since last: 1000105862 ns, Reaching safepoint: 44400 ns, At safepoint: 5800 ns, Total: 50200 ns
[458.524s][info ][safepoint      ] Safepoint "Cleanup", Time since last: 2000161724 ns, Reaching safepoint: 46699 ns, At safepoint: 6600 ns, Total: 53299 ns
[459.524s][info ][safepoint      ] Safepoint "Cleanup", Time since last: 1000108962 ns, Reaching safepoint: 44000 ns, At safepoint: 5800 ns, Total: 49800 ns
[460.524s][info ][safepoint      ] Safepoint "Cleanup", Time since last: 1000101662 ns, Reaching safepoint: 46599 ns, At safepoint: 2300 ns, Total: 48899 ns
[466.478s][info ][safepoint      ] Safepoint "Cleanup", Time since last: 5953524222 ns, Reaching safepoint: 105399 ns, At safepoint: 6800 ns, Total: 112199 ns
[467.478s][info ][safepoint      ] Safepoint "Cleanup", Time since last: 1000111062 ns, Reaching safepoint: 143399 ns, At safepoint: 6200 ns, Total: 149599 ns
[468.479s][info ][safepoint      ] Safepoint "Cleanup", Time since last: 1000121861 ns, Reaching safepoint: 92200 ns, At safepoint: 7400 ns, Total: 99600 ns
[475.479s][info ][safepoint      ] Safepoint "Cleanup", Time since last: 7000502732 ns, Reaching safepoint: 112400 ns, At safepoint: 9200 ns, Total: 121600 ns
[477.479s][info ][safepoint      ] Safepoint "Cleanup", Time since last: 2000139223 ns, Reaching safepoint: 110099 ns, At safepoint: 5100 ns, Total: 115199 ns
[478.480s][info ][safepoint      ] Safepoint "Cleanup", Time since last: 1000097862 ns, Reaching safepoint: 93899 ns, At safepoint: 13000 ns, Total: 106899 ns
[480.480s][info ][safepoint      ] Safepoint "Cleanup", Time since last: 2000176423 ns, Reaching safepoint: 114400 ns, At safepoint: 7300 ns, Total: 121700 ns
[482.480s][info ][safepoint      ] Safepoint "Cleanup", Time since last: 2000165423 ns, Reaching safepoint: 40800 ns, At safepoint: 2600 ns, Total: 43400 ns
[483.480s][info ][safepoint      ] Safepoint "Cleanup", Time since last: 1000108761 ns, Reaching safepoint: 41400 ns, At safepoint: 2500 ns, Total: 43900 ns
[484.480s][info ][safepoint      ] Safepoint "Cleanup", Time since last: 1000101261 ns, Reaching safepoint: 46800 ns, At safepoint: 6100 ns, Total: 52900 ns
[485.481s][info ][safepoint      ] Safepoint "Cleanup", Time since last: 1000109462 ns, Reaching safepoint: 46799 ns, At safepoint: 12700 ns, Total: 59499 ns
[486.481s][info ][safepoint      ] Safepoint "Cleanup", Time since last: 1000103262 ns, Reaching safepoint: 41699 ns, At safepoint: 4400 ns, Total: 46099 ns
[487.481s][info ][safepoint      ] Safepoint "Cleanup", Time since last: 1000099362 ns, Reaching safepoint: 42200 ns, At safepoint: 2700 ns, Total: 44900 ns
[488.481s][info ][safepoint      ] Safepoint "Cleanup", Time since last: 1000123961 ns, Reaching safepoint: 46400 ns, At safepoint: 5900 ns, Total: 52300 ns
[491.481s][info ][safepoint      ] Safepoint "Cleanup", Time since last: 3000229484 ns, Reaching safepoint: 32000 ns, At safepoint: 4300 ns, Total: 36300 ns
[494.482s][info ][safepoint      ] Safepoint "Cleanup", Time since last: 3000239884 ns, Reaching safepoint: 47900 ns, At safepoint: 5200 ns, Total: 53100 ns
[495.482s][info ][safepoint      ] Safepoint "Cleanup", Time since last: 1000108661 ns, Reaching safepoint: 53700 ns, At safepoint: 6800 ns, Total: 60500 ns
[496.482s][info ][safepoint      ] Safepoint "Cleanup", Time since last: 1000071362 ns, Reaching safepoint: 43999 ns, At safepoint: 2700 ns, Total: 46699 ns
[497.482s][info ][safepoint      ] Safepoint "Cleanup", Time since last: 1000102762 ns, Reaching safepoint: 41299 ns, At safepoint: 2100 ns, Total: 43399 ns
[498.482s][info ][safepoint      ] Safepoint "Cleanup", Time since last: 1000099262 ns, Reaching safepoint: 44899 ns, At safepoint: 12700 ns, Total: 57599 ns
[499.483s][info ][safepoint      ] Safepoint "Cleanup", Time since last: 1000114762 ns, Reaching safepoint: 105699 ns, At safepoint: 11300 ns, Total: 116999 ns
[500.483s][info ][safepoint      ] Safepoint "Cleanup", Time since last: 1000102861 ns, Reaching safepoint: 51300 ns, At safepoint: 2700 ns, Total: 54000 ns
[503.483s][info ][safepoint      ] Safepoint "Cleanup", Time since last: 3000227784 ns, Reaching safepoint: 42500 ns, At safepoint: 9100 ns, Total: 51600 ns
[504.483s][info ][safepoint      ] Safepoint "Cleanup", Time since last: 1000104161 ns, Reaching safepoint: 44900 ns, At safepoint: 2600 ns, Total: 47500 ns
[505.483s][info ][safepoint      ] Safepoint "Cleanup", Time since last: 1000067761 ns, Reaching safepoint: 39500 ns, At safepoint: 2800 ns, Total: 42300 ns
[509.484s][info ][safepoint      ] Safepoint "Cleanup", Time since last: 4000288445 ns, Reaching safepoint: 42500 ns, At safepoint: 2400 ns, Total: 44900 ns
[512.484s][info ][safepoint      ] Safepoint "Cleanup", Time since last: 3000219084 ns, Reaching safepoint: 47300 ns, At safepoint: 7800 ns, Total: 55100 ns
[513.484s][info ][safepoint      ] Safepoint "Cleanup", Time since last: 1000106761 ns, Reaching safepoint: 44900 ns, At safepoint: 3600 ns, Total: 48500 ns
[514.484s][info ][safepoint      ] Safepoint "Cleanup", Time since last: 1000069261 ns, Reaching safepoint: 45200 ns, At safepoint: 10500 ns, Total: 55700 ns
[519.485s][info ][safepoint      ] Safepoint "Cleanup", Time since last: 5000333406 ns, Reaching safepoint: 56900 ns, At safepoint: 14800 ns, Total: 71700 ns
[521.605s][info ][gc,start       ] GC(114) Pause Young (Allocation Failure)
[521.614s][debug][gc,phases      ] GC(114) Scavenge 8.942ms
[521.614s][debug][gc,ref         ] GC(114) Skipped phase 1 of Reference Processing: no references
[521.614s][debug][gc,ref         ] GC(114) ReferenceProcessor::execute queues: 1, RefProcThreadModel::Single, marks_oops_alive: false
[521.614s][debug][gc,ref         ] GC(114) Skipped phase 3 of Reference Processing: no references
[521.614s][debug][gc,ref         ] GC(114) ReferenceProcessor::execute queues: 1, RefProcThreadModel::Single, marks_oops_alive: false
[521.614s][debug][gc,phases      ] GC(114) Reference Processing 0.115ms
[521.614s][debug][gc,phases      ] GC(114)   VM Weak                        Min:  0.0, Avg:  0.0, Max:  0.0, Diff:  0.0, Sum:  0.0, Workers: 4
[521.614s][debug][gc,phases      ] GC(114)     Dead                           Min: 0, Avg:  0.0, Max: 0, Diff: 0, Sum: 0, Workers: 4
[521.614s][debug][gc,phases      ] GC(114)     Total                          Min: 0, Avg: 172.0, Max: 448, Diff: 448, Sum: 688, Workers: 4
[521.614s][debug][gc,phases      ] GC(114)   ObjectSynchronizer Weak        Min:  0.0, Avg:  0.0, Max:  0.0, Diff:  0.0, Sum:  0.0, Workers: 4
[521.614s][debug][gc,phases      ] GC(114)     Dead                           Min: 0, Avg:  0.0, Max: 0, Diff: 0, Sum: 0, Workers: 4
[521.614s][debug][gc,phases      ] GC(114)     Total                          Min: 0, Avg: 89.2, Max: 229, Diff: 229, Sum: 357, Workers: 4
[521.614s][debug][gc,phases      ] GC(114)   JVMTI Tag Weak OopStorage      Min:  0.0, Avg:  0.0, Max:  0.0, Diff:  0.0, Sum:  0.0, Workers: 4
[521.614s][debug][gc,phases      ] GC(114)     Dead                           Min: 0, Avg:  0.0, Max: 0, Diff: 0, Sum: 0, Workers: 4
[521.614s][debug][gc,phases      ] GC(114)     Total                          Min: 0, Avg:  0.0, Max: 0, Diff: 0, Sum: 0, Workers: 4
[521.614s][debug][gc,phases      ] GC(114)   StringTable Weak               Min:  0.1, Avg:  0.1, Max:  0.1, Diff:  0.0, Sum:  0.4, Workers: 4
[521.614s][debug][gc,phases      ] GC(114)     Dead                           Min: 0, Avg:  0.0, Max: 0, Diff: 0, Sum: 0, Workers: 4
[521.614s][debug][gc,phases      ] GC(114)     Total                          Min: 9664, Avg: 12028.5, Max: 14720, Diff: 5056, Sum: 48114, Workers: 4
[521.614s][debug][gc,phases      ] GC(114)   ResolvedMethodTable Weak       Min:  0.0, Avg:  0.0, Max:  0.0, Diff:  0.0, Sum:  0.1, Workers: 4
[521.614s][debug][gc,phases      ] GC(114)     Dead                           Min: 0, Avg:  0.0, Max: 0, Diff: 0, Sum: 0, Workers: 4
[521.614s][debug][gc,phases      ] GC(114)     Total                          Min: 1470, Avg: 2047.5, Max: 2560, Diff: 1090, Sum: 8190, Workers: 4
[521.614s][debug][gc,phases      ] GC(114)   JNI Weak                       Min:  0.0, Avg:  0.0, Max:  0.0, Diff:  0.0, Sum:  0.0, Workers: 4
[521.614s][debug][gc,phases      ] GC(114)     Dead                           Min: 0, Avg:  0.0, Max: 0, Diff: 0, Sum: 0, Workers: 4
[521.614s][debug][gc,phases      ] GC(114)     Total                          Min: 0, Avg:  0.0, Max: 0, Diff: 0, Sum: 0, Workers: 4
[521.614s][debug][gc,phases      ] GC(114)   StringDedup Table Weak         Min:  0.0, Avg:  0.0, Max:  0.0, Diff:  0.0, Sum:  0.0, Workers: 4
[521.614s][debug][gc,phases      ] GC(114)     Dead                           Min: 0, Avg:  0.0, Max: 0, Diff: 0, Sum: 0, Workers: 4
[521.614s][debug][gc,phases      ] GC(114)     Total                          Min: 0, Avg:  0.0, Max: 0, Diff: 0, Sum: 0, Workers: 4
[521.614s][debug][gc,phases      ] GC(114)   StringDedup Requests0 Weak     Min:  0.0, Avg:  0.0, Max:  0.0, Diff:  0.0, Sum:  0.0, Workers: 4
[521.614s][debug][gc,phases      ] GC(114)     Dead                           Min: 0, Avg:  0.0, Max: 0, Diff: 0, Sum: 0, Workers: 4
[521.614s][debug][gc,phases      ] GC(114)     Total                          Min: 0, Avg:  0.0, Max: 0, Diff: 0, Sum: 0, Workers: 4
[521.614s][debug][gc,phases      ] GC(114)   StringDedup Requests1 Weak     Min:  0.0, Avg:  0.0, Max:  0.0, Diff:  0.0, Sum:  0.0, Workers: 4
[521.614s][debug][gc,phases      ] GC(114)     Dead                           Min: 0, Avg:  0.0, Max: 0, Diff: 0, Sum: 0, Workers: 4
[521.614s][debug][gc,phases      ] GC(114)     Total                          Min: 0, Avg:  0.0, Max: 0, Diff: 0, Sum: 0, Workers: 4
[521.614s][debug][gc,phases      ] GC(114)   Weak JFR Old Object Samples    Min:  0.0, Avg:  0.0, Max:  0.0, Diff:  0.0, Sum:  0.0, Workers: 4
[521.614s][debug][gc,phases      ] GC(114)     Dead                           Min: 0, Avg:  0.0, Max: 0, Diff: 0, Sum: 0, Workers: 4
[521.614s][debug][gc,phases      ] GC(114)     Total                          Min: 0, Avg:  0.0, Max: 0, Diff: 0, Sum: 0, Workers: 4
[521.614s][debug][gc,phases      ] GC(114) Weak Processing 0.296ms
[521.614s][debug][gc,age         ] GC(114) Desired survivor size 100139008 bytes, new threshold 15 (max threshold 15)
[521.614s][info ][gc,heap        ] GC(114) PSYoungGen: 1961634K(1999360K)->23392K(1998848K) Eden: 1901056K(1901056K)->0K(1901056K) From: 60578K(98304K)->23392K(97792K)
[521.614s][info ][gc,heap        ] GC(114) ParOldGen: 605365K(638464K)->623063K(638464K)
[521.614s][info ][gc,metaspace   ] GC(114) Metaspace: 83220K(84096K)->83220K(84096K) NonClass: 71574K(72064K)->71574K(72064K) Class: 11645K(12032K)->11645K(12032K)
[521.614s][info ][gc             ] GC(114) Pause Young (Allocation Failure) 2506M->631M(2575M) 9.461ms
[521.614s][info ][gc,cpu         ] GC(114) User=0.04s Sys=0.00s Real=0.01s
[521.614s][debug][gc,phases      ] GC(115) Pre Compact 0.009ms
[521.614s][info ][gc,start       ] GC(115) Pause Full (Ergonomics)
[521.614s][info ][gc,phases,start] GC(115) Marking Phase
[521.761s][debug][gc,phases      ] GC(115) Par Mark 146.305ms
[521.761s][debug][gc,ref         ] GC(115) Skipped phase 1 of Reference Processing: no references
[521.761s][debug][gc,ref         ] GC(115) ReferenceProcessor::execute queues: 4, RefProcThreadModel::Multi, marks_oops_alive: false
[521.761s][debug][gc,ref         ] GC(115) Skipped phase 3 of Reference Processing: no references
[521.761s][debug][gc,ref         ] GC(115) ReferenceProcessor::execute queues: 1, RefProcThreadModel::Single, marks_oops_alive: false
[521.761s][debug][gc,phases      ] GC(115) Reference Processing 0.534ms
[521.762s][debug][gc,phases      ] GC(115)   VM Weak                        Min:  0.0, Avg:  0.0, Max:  0.0, Diff:  0.0, Sum:  0.0, Workers: 4
[521.762s][debug][gc,phases      ] GC(115)     Dead                           Min: 0, Avg:  0.0, Max: 0, Diff: 0, Sum: 0, Workers: 4
[521.762s][debug][gc,phases      ] GC(115)     Total                          Min: 0, Avg: 172.0, Max: 256, Diff: 256, Sum: 688, Workers: 4
[521.762s][debug][gc,phases      ] GC(115)   ObjectSynchronizer Weak        Min:  0.0, Avg:  0.0, Max:  0.0, Diff:  0.0, Sum:  0.0, Workers: 4
[521.762s][debug][gc,phases      ] GC(115)     Dead                           Min: 0, Avg:  0.0, Max: 0, Diff: 0, Sum: 0, Workers: 4
[521.762s][debug][gc,phases      ] GC(115)     Total                          Min: 37, Avg: 89.2, Max: 128, Diff: 91, Sum: 357, Workers: 4
[521.762s][debug][gc,phases      ] GC(115)   JVMTI Tag Weak OopStorage      Min:  0.0, Avg:  0.0, Max:  0.0, Diff:  0.0, Sum:  0.0, Workers: 4
[521.762s][debug][gc,phases      ] GC(115)     Dead                           Min: 0, Avg:  0.0, Max: 0, Diff: 0, Sum: 0, Workers: 4
[521.762s][debug][gc,phases      ] GC(115)     Total                          Min: 0, Avg:  0.0, Max: 0, Diff: 0, Sum: 0, Workers: 4
[521.762s][debug][gc,phases      ] GC(115)   StringTable Weak               Min:  0.1, Avg:  0.2, Max:  0.2, Diff:  0.0, Sum:  0.6, Workers: 4
[521.762s][debug][gc,phases      ] GC(115)     Dead                           Min: 0, Avg:  0.0, Max: 0, Diff: 0, Sum: 0, Workers: 4
[521.762s][debug][gc,phases      ] GC(115)     Total                          Min: 10496, Avg: 12028.5, Max: 13760, Diff: 3264, Sum: 48114, Workers: 4
[521.762s][debug][gc,phases      ] GC(115)   ResolvedMethodTable Weak       Min:  0.0, Avg:  0.0, Max:  0.0, Diff:  0.0, Sum:  0.1, Workers: 4
[521.762s][debug][gc,phases      ] GC(115)     Dead                           Min: 0, Avg:  0.0, Max: 0, Diff: 0, Sum: 0, Workers: 4
[521.762s][debug][gc,phases      ] GC(115)     Total                          Min: 1856, Avg: 2047.5, Max: 2240, Diff: 384, Sum: 8190, Workers: 4
[521.762s][debug][gc,phases      ] GC(115)   JNI Weak                       Min:  0.0, Avg:  0.0, Max:  0.0, Diff:  0.0, Sum:  0.0, Workers: 4
[521.762s][debug][gc,phases      ] GC(115)     Dead                           Min: 0, Avg:  0.0, Max: 0, Diff: 0, Sum: 0, Workers: 4
[521.762s][debug][gc,phases      ] GC(115)     Total                          Min: 0, Avg:  0.0, Max: 0, Diff: 0, Sum: 0, Workers: 4
[521.762s][debug][gc,phases      ] GC(115)   StringDedup Table Weak         Min:  0.0, Avg:  0.0, Max:  0.0, Diff:  0.0, Sum:  0.0, Workers: 4
[521.762s][debug][gc,phases      ] GC(115)     Dead                           Min: 0, Avg:  0.0, Max: 0, Diff: 0, Sum: 0, Workers: 4
[521.762s][debug][gc,phases      ] GC(115)     Total                          Min: 0, Avg:  0.0, Max: 0, Diff: 0, Sum: 0, Workers: 4
[521.762s][debug][gc,phases      ] GC(115)   StringDedup Requests0 Weak     Min:  0.0, Avg:  0.0, Max:  0.0, Diff:  0.0, Sum:  0.0, Workers: 4
[521.762s][debug][gc,phases      ] GC(115)     Dead                           Min: 0, Avg:  0.0, Max: 0, Diff: 0, Sum: 0, Workers: 4
[521.762s][debug][gc,phases      ] GC(115)     Total                          Min: 0, Avg:  0.0, Max: 0, Diff: 0, Sum: 0, Workers: 4
[521.762s][debug][gc,phases      ] GC(115)   StringDedup Requests1 Weak     Min:  0.0, Avg:  0.0, Max:  0.0, Diff:  0.0, Sum:  0.0, Workers: 4
[521.762s][debug][gc,phases      ] GC(115)     Dead                           Min: 0, Avg:  0.0, Max: 0, Diff: 0, Sum: 0, Workers: 4
[521.762s][debug][gc,phases      ] GC(115)     Total                          Min: 0, Avg:  0.0, Max: 0, Diff: 0, Sum: 0, Workers: 4
[521.762s][debug][gc,phases      ] GC(115)   Weak JFR Old Object Samples    Min:  0.0, Avg:  0.0, Max:  0.0, Diff:  0.0, Sum:  0.0, Workers: 4
[521.762s][debug][gc,phases      ] GC(115)     Dead                           Min: 0, Avg:  0.0, Max: 0, Diff: 0, Sum: 0, Workers: 4
[521.762s][debug][gc,phases      ] GC(115)     Total                          Min: 0, Avg:  0.0, Max: 0, Diff: 0, Sum: 0, Workers: 4
[521.762s][debug][gc,phases      ] GC(115) Weak Processing 0.327ms
[521.762s][debug][gc,phases      ] GC(115) ClassLoaderData 0.085ms
[521.762s][debug][gc,phases      ] GC(115) Trigger cleanups 0.000ms
[521.778s][debug][gc,phases      ] GC(115) Class Unloading 16.030ms
[521.778s][info ][gc,phases      ] GC(115) Marking Phase 163.358ms
[521.778s][info ][gc,phases,start] GC(115) Summary Phase
[521.778s][info ][gc,phases      ] GC(115) Summary Phase 0.017ms
[521.778s][info ][gc,phases,start] GC(115) Adjust Roots
[521.791s][info ][gc,phases      ] GC(115) Adjust Roots 13.114ms
[521.791s][info ][gc,phases,start] GC(115) Compaction Phase
[521.925s][info ][gc,phases      ] GC(115) Compaction Phase 134.374ms
[521.925s][info ][gc,phases,start] GC(115) Post Compact
[521.927s][info ][gc,phases      ] GC(115) Post Compact 1.502ms
[521.927s][info ][gc,heap        ] GC(115) PSYoungGen: 23392K(1998848K)->0K(1999360K) Eden: 0K(1901056K)->0K(1901568K) From: 23392K(97792K)->0K(97792K)
[521.927s][info ][gc,heap        ] GC(115) ParOldGen: 623063K(638464K)->481198K(606720K)
[521.927s][info ][gc,metaspace   ] GC(115) Metaspace: 83220K(84096K)->83220K(84096K) NonClass: 71574K(72064K)->71574K(72064K) Class: 11645K(12032K)->11645K(12032K)
[521.927s][info ][gc             ] GC(115) Pause Full (Ergonomics) 631M->469M(2545M) 312.620ms
[521.927s][info ][gc,cpu         ] GC(115) User=1.15s Sys=0.00s Real=0.31s
[521.927s][info ][safepoint      ] Safepoint "ParallelGCFailedAllocation", Time since last: 2120272581 ns, Reaching safepoint: 35200 ns, At safepoint: 322208280 ns, Total: 322243480 ns
[522.927s][info ][safepoint      ] Safepoint "Cleanup", Time since last: 1000086661 ns, Reaching safepoint: 120699 ns, At safepoint: 11000 ns, Total: 131699 ns
[525.928s][info ][safepoint      ] Safepoint "Cleanup", Time since last: 3000212084 ns, Reaching safepoint: 113199 ns, At safepoint: 4900 ns, Total: 118099 ns
[528.928s][info ][safepoint      ] Safepoint "Cleanup", Time since last: 3000199584 ns, Reaching safepoint: 113099 ns, At safepoint: 5400 ns, Total: 118499 ns
[533.928s][info ][safepoint      ] Safepoint "Cleanup", Time since last: 5000359505 ns, Reaching safepoint: 113000 ns, At safepoint: 5300 ns, Total: 118300 ns
[534.929s][info ][safepoint      ] Safepoint "Cleanup", Time since last: 1000101661 ns, Reaching safepoint: 113899 ns, At safepoint: 7900 ns, Total: 121799 ns
[535.929s][info ][safepoint      ] Safepoint "Cleanup", Time since last: 1000102661 ns, Reaching safepoint: 120899 ns, At safepoint: 6700 ns, Total: 127599 ns
[537.929s][info ][safepoint      ] Safepoint "Cleanup", Time since last: 2000171622 ns, Reaching safepoint: 116900 ns, At safepoint: 9900 ns, Total: 126800 ns
[538.929s][info ][safepoint      ] Safepoint "Cleanup", Time since last: 1000107860 ns, Reaching safepoint: 113200 ns, At safepoint: 5200 ns, Total: 118400 ns
[541.930s][info ][safepoint      ] Safepoint "Cleanup", Time since last: 3000234183 ns, Reaching safepoint: 111299 ns, At safepoint: 8900 ns, Total: 120199 ns
[543.930s][info ][safepoint      ] Safepoint "Cleanup", Time since last: 2000170822 ns, Reaching safepoint: 117999 ns, At safepoint: 5300 ns, Total: 123299 ns
[544.930s][info ][safepoint      ] Safepoint "Cleanup", Time since last: 1000122161 ns, Reaching safepoint: 112599 ns, At safepoint: 11100 ns, Total: 123699 ns
[545.930s][info ][safepoint      ] Safepoint "Cleanup", Time since last: 1000096061 ns, Reaching safepoint: 58400 ns, At safepoint: 2600 ns, Total: 61000 ns
[548.931s][info ][safepoint      ] Safepoint "Cleanup", Time since last: 3000222783 ns, Reaching safepoint: 44199 ns, At safepoint: 2800 ns, Total: 46999 ns
[549.931s][info ][safepoint      ] Safepoint "Cleanup", Time since last: 1000106561 ns, Reaching safepoint: 45100 ns, At safepoint: 3600 ns, Total: 48700 ns
[560.932s][info ][safepoint      ] Safepoint "Cleanup", Time since last: 11000639870 ns, Reaching safepoint: 50200 ns, At safepoint: 8200 ns, Total: 58400 ns
[565.932s][info ][safepoint      ] Safepoint "Cleanup", Time since last: 5000351804 ns, Reaching safepoint: 49800 ns, At safepoint: 3900 ns, Total: 53700 ns
[566.932s][info ][safepoint      ] Safepoint "Cleanup", Time since last: 1000108360 ns, Reaching safepoint: 118000 ns, At safepoint: 9100 ns, Total: 127100 ns
[571.933s][info ][safepoint      ] Safepoint "Cleanup", Time since last: 5000321304 ns, Reaching safepoint: 116599 ns, At safepoint: 16200 ns, Total: 132799 ns
[572.933s][info ][safepoint      ] Safepoint "Cleanup", Time since last: 1000104860 ns, Reaching safepoint: 46900 ns, At safepoint: 2200 ns, Total: 49100 ns
[575.933s][info ][safepoint      ] Safepoint "Cleanup", Time since last: 3000225082 ns, Reaching safepoint: 48100 ns, At safepoint: 3100 ns, Total: 51200 ns
[580.933s][info ][safepoint      ] Safepoint "Cleanup", Time since last: 5000350903 ns, Reaching safepoint: 61000 ns, At safepoint: 6100 ns, Total: 67100 ns
[583.934s][info ][safepoint      ] Safepoint "Cleanup", Time since last: 3000211382 ns, Reaching safepoint: 57899 ns, At safepoint: 7600 ns, Total: 65499 ns
[585.934s][info ][safepoint      ] Safepoint "Cleanup", Time since last: 2000149721 ns, Reaching safepoint: 44800 ns, At safepoint: 2500 ns, Total: 47300 ns
[586.934s][info ][safepoint      ] Safepoint "Cleanup", Time since last: 1000088061 ns, Reaching safepoint: 47799 ns, At safepoint: 9500 ns, Total: 57299 ns
[589.934s][info ][safepoint      ] Safepoint "Cleanup", Time since last: 3000225082 ns, Reaching safepoint: 52500 ns, At safepoint: 11400 ns, Total: 63900 ns
[594.935s][info ][safepoint      ] Safepoint "Cleanup", Time since last: 5000303103 ns, Reaching safepoint: 62099 ns, At safepoint: 9000 ns, Total: 71099 ns
[597.935s][info ][safepoint      ] Safepoint "Cleanup", Time since last: 3000234882 ns, Reaching safepoint: 49199 ns, At safepoint: 7200 ns, Total: 56399 ns
[601.935s][info ][safepoint      ] Safepoint "Cleanup", Time since last: 4000304742 ns, Reaching safepoint: 37000 ns, At safepoint: 2400 ns, Total: 39400 ns
[606.936s][info ][safepoint      ] Safepoint "Cleanup", Time since last: 5000369902 ns, Reaching safepoint: 48300 ns, At safepoint: 9300 ns, Total: 57600 ns
[611.936s][info ][safepoint      ] Safepoint "Cleanup", Time since last: 5000385501 ns, Reaching safepoint: 45200 ns, At safepoint: 2600 ns, Total: 47800 ns
[612.936s][info ][safepoint      ] Safepoint "Cleanup", Time since last: 1000114260 ns, Reaching safepoint: 48400 ns, At safepoint: 2900 ns, Total: 51300 ns
[615.937s][info ][safepoint      ] Safepoint "Cleanup", Time since last: 3000235081 ns, Reaching safepoint: 53699 ns, At safepoint: 6800 ns, Total: 60499 ns
[617.937s][info ][safepoint      ] Safepoint "Cleanup", Time since last: 2000174021 ns, Reaching safepoint: 52300 ns, At safepoint: 9200 ns, Total: 61500 ns
[621.937s][info ][safepoint      ] Safepoint "Cleanup", Time since last: 4000292541 ns, Reaching safepoint: 50399 ns, At safepoint: 6800 ns, Total: 57199 ns
[622.937s][info ][safepoint      ] Safepoint "Cleanup", Time since last: 1000111160 ns, Reaching safepoint: 50800 ns, At safepoint: 8600 ns, Total: 59400 ns
[624.026s][info ][gc,start       ] GC(116) Pause Young (Allocation Failure)
[624.028s][debug][gc,phases      ] GC(116) Scavenge 2.121ms
[624.028s][debug][gc,ref         ] GC(116) Skipped phase 1 of Reference Processing: no references
[624.028s][debug][gc,ref         ] GC(116) ReferenceProcessor::execute queues: 1, RefProcThreadModel::Single, marks_oops_alive: false
[624.028s][debug][gc,ref         ] GC(116) Skipped phase 3 of Reference Processing: no references
[624.028s][debug][gc,ref         ] GC(116) ReferenceProcessor::execute queues: 1, RefProcThreadModel::Single, marks_oops_alive: false
[624.028s][debug][gc,phases      ] GC(116) Reference Processing 0.098ms
[624.029s][debug][gc,phases      ] GC(116)   VM Weak                        Min:  0.0, Avg:  0.0, Max:  0.0, Diff:  0.0, Sum:  0.0, Workers: 4
[624.029s][debug][gc,phases      ] GC(116)     Dead                           Min: 0, Avg:  0.0, Max: 0, Diff: 0, Sum: 0, Workers: 4
[624.029s][debug][gc,phases      ] GC(116)     Total                          Min: 0, Avg: 175.5, Max: 702, Diff: 702, Sum: 702, Workers: 4
[624.029s][debug][gc,phases      ] GC(116)   ObjectSynchronizer Weak        Min:  0.0, Avg:  0.0, Max:  0.0, Diff:  0.0, Sum:  0.0, Workers: 4
[624.029s][debug][gc,phases      ] GC(116)     Dead                           Min: 0, Avg:  0.0, Max: 0, Diff: 0, Sum: 0, Workers: 4
[624.029s][debug][gc,phases      ] GC(116)     Total                          Min: 0, Avg: 89.2, Max: 357, Diff: 357, Sum: 357, Workers: 4
[624.029s][debug][gc,phases      ] GC(116)   JVMTI Tag Weak OopStorage      Min:  0.0, Avg:  0.0, Max:  0.0, Diff:  0.0, Sum:  0.0, Workers: 4
[624.029s][debug][gc,phases      ] GC(116)     Dead                           Min: 0, Avg:  0.0, Max: 0, Diff: 0, Sum: 0, Workers: 4
[624.029s][debug][gc,phases      ] GC(116)     Total                          Min: 0, Avg:  0.0, Max: 0, Diff: 0, Sum: 0, Workers: 4
[624.029s][debug][gc,phases      ] GC(116)   StringTable Weak               Min:  0.1, Avg:  0.1, Max:  0.1, Diff:  0.0, Sum:  0.4, Workers: 4
[624.029s][debug][gc,phases      ] GC(116)     Dead                           Min: 0, Avg:  0.5, Max: 1, Diff: 1, Sum: 2, Workers: 4
[624.029s][debug][gc,phases      ] GC(116)     Total                          Min: 9664, Avg: 12051.2, Max: 14208, Diff: 4544, Sum: 48205, Workers: 4
[624.029s][debug][gc,phases      ] GC(116)   ResolvedMethodTable Weak       Min:  0.0, Avg:  0.0, Max:  0.0, Diff:  0.0, Sum:  0.1, Workers: 4
[624.029s][debug][gc,phases      ] GC(116)     Dead                           Min: 0, Avg:  0.0, Max: 0, Diff: 0, Sum: 0, Workers: 4
[624.029s][debug][gc,phases      ] GC(116)     Total                          Min: 1664, Avg: 2064.5, Max: 2498, Diff: 834, Sum: 8258, Workers: 4
[624.029s][debug][gc,phases      ] GC(116)   JNI Weak                       Min:  0.0, Avg:  0.0, Max:  0.0, Diff:  0.0, Sum:  0.0, Workers: 4
[624.029s][debug][gc,phases      ] GC(116)     Dead                           Min: 0, Avg:  0.0, Max: 0, Diff: 0, Sum: 0, Workers: 4
[624.029s][debug][gc,phases      ] GC(116)     Total                          Min: 0, Avg:  0.0, Max: 0, Diff: 0, Sum: 0, Workers: 4
[624.029s][debug][gc,phases      ] GC(116)   StringDedup Table Weak         Min:  0.0, Avg:  0.0, Max:  0.0, Diff:  0.0, Sum:  0.0, Workers: 4
[624.029s][debug][gc,phases      ] GC(116)     Dead                           Min: 0, Avg:  0.0, Max: 0, Diff: 0, Sum: 0, Workers: 4
[624.029s][debug][gc,phases      ] GC(116)     Total                          Min: 0, Avg:  0.0, Max: 0, Diff: 0, Sum: 0, Workers: 4
[624.029s][debug][gc,phases      ] GC(116)   StringDedup Requests0 Weak     Min:  0.0, Avg:  0.0, Max:  0.0, Diff:  0.0, Sum:  0.0, Workers: 4
[624.029s][debug][gc,phases      ] GC(116)     Dead                           Min: 0, Avg:  0.0, Max: 0, Diff: 0, Sum: 0, Workers: 4
[624.029s][debug][gc,phases      ] GC(116)     Total                          Min: 0, Avg:  0.0, Max: 0, Diff: 0, Sum: 0, Workers: 4
[624.029s][debug][gc,phases      ] GC(116)   StringDedup Requests1 Weak     Min:  0.0, Avg:  0.0, Max:  0.0, Diff:  0.0, Sum:  0.0, Workers: 4
[624.029s][debug][gc,phases      ] GC(116)     Dead                           Min: 0, Avg:  0.0, Max: 0, Diff: 0, Sum: 0, Workers: 4
[624.029s][debug][gc,phases      ] GC(116)     Total                          Min: 0, Avg:  0.0, Max: 0, Diff: 0, Sum: 0, Workers: 4
[624.029s][debug][gc,phases      ] GC(116)   Weak JFR Old Object Samples    Min:  0.0, Avg:  0.0, Max:  0.0, Diff:  0.0, Sum:  0.0, Workers: 4
[624.029s][debug][gc,phases      ] GC(116)     Dead                           Min: 0, Avg:  0.0, Max: 0, Diff: 0, Sum: 0, Workers: 4
[624.029s][debug][gc,phases      ] GC(116)     Total                          Min: 0, Avg:  0.0, Max: 0, Diff: 0, Sum: 0, Workers: 4
[624.029s][debug][gc,phases      ] GC(116) Weak Processing 0.278ms
[624.029s][debug][gc,age         ] GC(116) Desired survivor size 102760448 bytes, new threshold 15 (max threshold 15)
[624.029s][info ][gc,heap        ] GC(116) PSYoungGen: 1901568K(1999360K)->3168K(1905152K) Eden: 1901568K(1901568K)->0K(1901568K) From: 0K(97792K)->3168K(3584K)
[624.029s][info ][gc,heap        ] GC(116) ParOldGen: 481198K(606720K)->481206K(606720K)
[624.029s][info ][gc,metaspace   ] GC(116) Metaspace: 83395K(84288K)->83395K(84288K) NonClass: 71722K(72192K)->71722K(72192K) Class: 11672K(12096K)->11672K(12096K)
[624.029s][info ][gc             ] GC(116) Pause Young (Allocation Failure) 2326M->473M(2453M) 2.582ms
[624.029s][info ][gc,cpu         ] GC(116) User=0.01s Sys=0.00s Real=0.00s
[624.029s][info ][safepoint      ] Safepoint "ParallelGCFailedAllocation", Time since last: 1088631987 ns, Reaching safepoint: 97100 ns, At safepoint: 2649586 ns, Total: 2746686 ns
[627.029s][info ][safepoint      ] Safepoint "Cleanup", Time since last: 3000214881 ns, Reaching safepoint: 126099 ns, At safepoint: 8900 ns, Total: 134999 ns
[628.029s][info ][safepoint      ] Safepoint "Cleanup", Time since last: 1000068960 ns, Reaching safepoint: 111899 ns, At safepoint: 9800 ns, Total: 121699 ns
[629.030s][info ][safepoint      ] Safepoint "Cleanup", Time since last: 1000112360 ns, Reaching safepoint: 130300 ns, At safepoint: 9300 ns, Total: 139600 ns
[630.030s][info ][safepoint      ] Safepoint "Cleanup", Time since last: 1000119760 ns, Reaching safepoint: 126299 ns, At safepoint: 9700 ns, Total: 135999 ns
[631.030s][info ][safepoint      ] Safepoint "Cleanup", Time since last: 1000093660 ns, Reaching safepoint: 57500 ns, At safepoint: 7000 ns, Total: 64500 ns
[635.030s][info ][safepoint      ] Safepoint "Cleanup", Time since last: 4000255140 ns, Reaching safepoint: 139400 ns, At safepoint: 12300 ns, Total: 151700 ns
[636.031s][info ][safepoint      ] Safepoint "Cleanup", Time since last: 1000094760 ns, Reaching safepoint: 117799 ns, At safepoint: 15200 ns, Total: 132999 ns
[639.031s][info ][safepoint      ] Safepoint "Cleanup", Time since last: 3000244080 ns, Reaching safepoint: 53300 ns, At safepoint: 8800 ns, Total: 62100 ns
[640.031s][info ][safepoint      ] Safepoint "Cleanup", Time since last: 1000111160 ns, Reaching safepoint: 41200 ns, At safepoint: 2900 ns, Total: 44100 ns
[645.032s][info ][safepoint      ] Safepoint "Cleanup", Time since last: 5000340500 ns, Reaching safepoint: 41300 ns, At safepoint: 6800 ns, Total: 48100 ns
[646.032s][info ][safepoint      ] Safepoint "Cleanup", Time since last: 1000101460 ns, Reaching safepoint: 47300 ns, At safepoint: 4699 ns, Total: 51999 ns
[649.032s][info ][safepoint      ] Safepoint "Cleanup", Time since last: 3000236681 ns, Reaching safepoint: 36699 ns, At safepoint: 2600 ns, Total: 39299 ns
[650.725s][info ][safepoint      ] Safepoint "Cleanup", Time since last: 1693151960 ns, Reaching safepoint: 88599 ns, At safepoint: 5600 ns, Total: 94199 ns
[655.726s][info ][safepoint      ] Safepoint "Cleanup", Time since last: 5000364200 ns, Reaching safepoint: 115199 ns, At safepoint: 5200 ns, Total: 120399 ns
[656.726s][info ][safepoint      ] Safepoint "Cleanup", Time since last: 1000100560 ns, Reaching safepoint: 110800 ns, At safepoint: 5000 ns, Total: 115800 ns
[659.726s][info ][safepoint      ] Safepoint "Cleanup", Time since last: 3000236579 ns, Reaching safepoint: 47300 ns, At safepoint: 5100 ns, Total: 52400 ns
[660.726s][info ][safepoint      ] Safepoint "Cleanup", Time since last: 1000113460 ns, Reaching safepoint: 127999 ns, At safepoint: 5400 ns, Total: 133399 ns
[661.727s][info ][safepoint      ] Safepoint "Cleanup", Time since last: 1000113660 ns, Reaching safepoint: 105299 ns, At safepoint: 7100 ns, Total: 112399 ns
[662.727s][info ][safepoint      ] Safepoint "Cleanup", Time since last: 1000102860 ns, Reaching safepoint: 115099 ns, At safepoint: 12000 ns, Total: 127099 ns
[664.727s][info ][safepoint      ] Safepoint "Cleanup", Time since last: 2000187320 ns, Reaching safepoint: 108899 ns, At safepoint: 6800 ns, Total: 115699 ns
[665.727s][info ][safepoint      ] Safepoint "Cleanup", Time since last: 1000103260 ns, Reaching safepoint: 104200 ns, At safepoint: 5500 ns, Total: 109700 ns
[666.728s][info ][safepoint      ] Safepoint "Cleanup", Time since last: 1000098759 ns, Reaching safepoint: 108600 ns, At safepoint: 5700 ns, Total: 114300 ns
[667.728s][info ][safepoint      ] Safepoint "Cleanup", Time since last: 1000109059 ns, Reaching safepoint: 116800 ns, At safepoint: 9900 ns, Total: 126700 ns
[668.728s][info ][safepoint      ] Safepoint "Cleanup", Time since last: 1000108559 ns, Reaching safepoint: 113600 ns, At safepoint: 5400 ns, Total: 119000 ns
[677.729s][info ][safepoint      ] Safepoint "Cleanup", Time since last: 9000635338 ns, Reaching safepoint: 123500 ns, At safepoint: 10600 ns, Total: 134100 ns
[679.729s][info ][safepoint      ] Safepoint "Cleanup", Time since last: 2000175019 ns, Reaching safepoint: 111300 ns, At safepoint: 28199 ns, Total: 139499 ns
[680.729s][info ][safepoint      ] Safepoint "Cleanup", Time since last: 1000108060 ns, Reaching safepoint: 112499 ns, At safepoint: 5500 ns, Total: 117999 ns
[682.730s][info ][safepoint      ] Safepoint "Cleanup", Time since last: 2000174120 ns, Reaching safepoint: 117399 ns, At safepoint: 5300 ns, Total: 122699 ns
[683.730s][info ][safepoint      ] Safepoint "Cleanup", Time since last: 1000101360 ns, Reaching safepoint: 118599 ns, At safepoint: 5200 ns, Total: 123799 ns
[685.277s][info ][safepoint      ] Safepoint "Cleanup", Time since last: 1547218938 ns, Reaching safepoint: 117700 ns, At safepoint: 9800 ns, Total: 127500 ns
[686.826s][info ][safepoint      ] Safepoint "Cleanup", Time since last: 1548879729 ns, Reaching safepoint: 120999 ns, At safepoint: 14000 ns, Total: 134999 ns
[687.827s][info ][safepoint      ] Safepoint "Cleanup", Time since last: 1000116760 ns, Reaching safepoint: 128899 ns, At safepoint: 11300 ns, Total: 140199 ns
[688.827s][info ][safepoint      ] Safepoint "Cleanup", Time since last: 1000101859 ns, Reaching safepoint: 135800 ns, At safepoint: 7400 ns, Total: 143200 ns
[689.827s][info ][safepoint      ] Safepoint "Cleanup", Time since last: 1000110459 ns, Reaching safepoint: 138999 ns, At safepoint: 8900 ns, Total: 147899 ns
[690.827s][info ][safepoint      ] Safepoint "Cleanup", Time since last: 1000109360 ns, Reaching safepoint: 116399 ns, At safepoint: 9800 ns, Total: 126199 ns
[691.828s][info ][safepoint      ] Safepoint "Cleanup", Time since last: 1000104660 ns, Reaching safepoint: 113299 ns, At safepoint: 8000 ns, Total: 121299 ns
[692.828s][info ][safepoint      ] Safepoint "Cleanup", Time since last: 1000104160 ns, Reaching safepoint: 123099 ns, At safepoint: 8600 ns, Total: 131699 ns
[693.828s][info ][safepoint      ] Safepoint "Cleanup", Time since last: 1000104759 ns, Reaching safepoint: 116500 ns, At safepoint: 9200 ns, Total: 125700 ns
[697.828s][info ][safepoint      ] Safepoint "Cleanup", Time since last: 4000291738 ns, Reaching safepoint: 106300 ns, At safepoint: 7100 ns, Total: 113400 ns
[699.829s][info ][safepoint      ] Safepoint "Cleanup", Time since last: 2000173919 ns, Reaching safepoint: 111699 ns, At safepoint: 5100 ns, Total: 116799 ns
[701.829s][info ][safepoint      ] Safepoint "Cleanup", Time since last: 2000151820 ns, Reaching safepoint: 113699 ns, At safepoint: 9100 ns, Total: 122799 ns
[702.829s][info ][safepoint      ] Safepoint "Cleanup", Time since last: 1000104959 ns, Reaching safepoint: 112700 ns, At safepoint: 7800 ns, Total: 120500 ns
[705.830s][info ][safepoint      ] Safepoint "Cleanup", Time since last: 3000237678 ns, Reaching safepoint: 114800 ns, At safepoint: 7000 ns, Total: 121800 ns
[709.830s][info ][safepoint      ] Safepoint "Cleanup", Time since last: 4000297038 ns, Reaching safepoint: 134499 ns, At safepoint: 14200 ns, Total: 148699 ns
[712.830s][info ][safepoint      ] Safepoint "Cleanup", Time since last: 3000234179 ns, Reaching safepoint: 119199 ns, At safepoint: 5400 ns, Total: 124599 ns
[714.616s][info ][gc,start       ] GC(117) Pause Young (Allocation Failure)
[714.618s][debug][gc,phases      ] GC(117) Scavenge 2.278ms
[714.618s][debug][gc,ref         ] GC(117) Skipped phase 1 of Reference Processing: no references
[714.618s][debug][gc,ref         ] GC(117) ReferenceProcessor::execute queues: 1, RefProcThreadModel::Single, marks_oops_alive: false
[714.618s][debug][gc,ref         ] GC(117) Skipped phase 3 of Reference Processing: no references
[714.618s][debug][gc,ref         ] GC(117) ReferenceProcessor::execute queues: 1, RefProcThreadModel::Single, marks_oops_alive: false
[714.618s][debug][gc,phases      ] GC(117) Reference Processing 0.101ms
[714.618s][debug][gc,phases      ] GC(117)   VM Weak                        Min:  0.0, Avg:  0.0, Max:  0.0, Diff:  0.0, Sum:  0.0, Workers: 4
[714.618s][debug][gc,phases      ] GC(117)     Dead                           Min: 0, Avg:  0.0, Max: 0, Diff: 0, Sum: 0, Workers: 4
[714.618s][debug][gc,phases      ] GC(117)     Total                          Min: 0, Avg: 175.5, Max: 702, Diff: 702, Sum: 702, Workers: 4
[714.618s][debug][gc,phases      ] GC(117)   ObjectSynchronizer Weak        Min:  0.0, Avg:  0.0, Max:  0.0, Diff:  0.0, Sum:  0.0, Workers: 4
[714.618s][debug][gc,phases      ] GC(117)     Dead                           Min: 0, Avg:  0.0, Max: 0, Diff: 0, Sum: 0, Workers: 4
[714.618s][debug][gc,phases      ] GC(117)     Total                          Min: 0, Avg: 89.2, Max: 229, Diff: 229, Sum: 357, Workers: 4
[714.618s][debug][gc,phases      ] GC(117)   JVMTI Tag Weak OopStorage      Min:  0.0, Avg:  0.0, Max:  0.0, Diff:  0.0, Sum:  0.0, Workers: 4
[714.618s][debug][gc,phases      ] GC(117)     Dead                           Min: 0, Avg:  0.0, Max: 0, Diff: 0, Sum: 0, Workers: 4
[714.618s][debug][gc,phases      ] GC(117)     Total                          Min: 0, Avg:  0.0, Max: 0, Diff: 0, Sum: 0, Workers: 4
[714.618s][debug][gc,phases      ] GC(117)   StringTable Weak               Min:  0.1, Avg:  0.1, Max:  0.1, Diff:  0.0, Sum:  0.3, Workers: 4
[714.618s][debug][gc,phases      ] GC(117)     Dead                           Min: 0, Avg:  0.0, Max: 0, Diff: 0, Sum: 0, Workers: 4
[714.618s][debug][gc,phases      ] GC(117)     Total                          Min: 11456, Avg: 12054.5, Max: 12864, Diff: 1408, Sum: 48218, Workers: 4
[714.618s][debug][gc,phases      ] GC(117)   ResolvedMethodTable Weak       Min:  0.0, Avg:  0.0, Max:  0.0, Diff:  0.0, Sum:  0.1, Workers: 4
[714.618s][debug][gc,phases      ] GC(117)     Dead                           Min: 0, Avg:  0.0, Max: 0, Diff: 0, Sum: 0, Workers: 4
[714.618s][debug][gc,phases      ] GC(117)     Total                          Min: 1984, Avg: 2066.0, Max: 2112, Diff: 128, Sum: 8264, Workers: 4
[714.618s][debug][gc,phases      ] GC(117)   JNI Weak                       Min:  0.0, Avg:  0.0, Max:  0.0, Diff:  0.0, Sum:  0.0, Workers: 4
[714.618s][debug][gc,phases      ] GC(117)     Dead                           Min: 0, Avg:  0.0, Max: 0, Diff: 0, Sum: 0, Workers: 4
[714.618s][debug][gc,phases      ] GC(117)     Total                          Min: 0, Avg:  0.0, Max: 0, Diff: 0, Sum: 0, Workers: 4
[714.618s][debug][gc,phases      ] GC(117)   StringDedup Table Weak         Min:  0.0, Avg:  0.0, Max:  0.0, Diff:  0.0, Sum:  0.0, Workers: 4
[714.618s][debug][gc,phases      ] GC(117)     Dead                           Min: 0, Avg:  0.0, Max: 0, Diff: 0, Sum: 0, Workers: 4
[714.618s][debug][gc,phases      ] GC(117)     Total                          Min: 0, Avg:  0.0, Max: 0, Diff: 0, Sum: 0, Workers: 4
[714.618s][debug][gc,phases      ] GC(117)   StringDedup Requests0 Weak     Min:  0.0, Avg:  0.0, Max:  0.0, Diff:  0.0, Sum:  0.0, Workers: 4
[714.618s][debug][gc,phases      ] GC(117)     Dead                           Min: 0, Avg:  0.0, Max: 0, Diff: 0, Sum: 0, Workers: 4
[714.618s][debug][gc,phases      ] GC(117)     Total                          Min: 0, Avg:  0.0, Max: 0, Diff: 0, Sum: 0, Workers: 4
[714.618s][debug][gc,phases      ] GC(117)   StringDedup Requests1 Weak     Min:  0.0, Avg:  0.0, Max:  0.0, Diff:  0.0, Sum:  0.0, Workers: 4
[714.618s][debug][gc,phases      ] GC(117)     Dead                           Min: 0, Avg:  0.0, Max: 0, Diff: 0, Sum: 0, Workers: 4
[714.618s][debug][gc,phases      ] GC(117)     Total                          Min: 0, Avg:  0.0, Max: 0, Diff: 0, Sum: 0, Workers: 4
[714.618s][debug][gc,phases      ] GC(117)   Weak JFR Old Object Samples    Min:  0.0, Avg:  0.0, Max:  0.0, Diff:  0.0, Sum:  0.0, Workers: 4
[714.618s][debug][gc,phases      ] GC(117)     Dead                           Min: 0, Avg:  0.0, Max: 0, Diff: 0, Sum: 0, Workers: 4
[714.618s][debug][gc,phases      ] GC(117)     Total                          Min: 0, Avg:  0.0, Max: 0, Diff: 0, Sum: 0, Workers: 4
[714.618s][debug][gc,phases      ] GC(117) Weak Processing 0.242ms
[714.618s][debug][gc,age         ] GC(117) Desired survivor size 103809024 bytes, new threshold 15 (max threshold 15)
[714.618s][info ][gc,heap        ] GC(117) PSYoungGen: 1904736K(1905152K)->4656K(1994752K) Eden: 1901568K(1901568K)->0K(1894400K) From: 3168K(3584K)->4656K(100352K)
[714.618s][info ][gc,heap        ] GC(117) ParOldGen: 481206K(606720K)->481214K(606720K)
[714.618s][info ][gc,metaspace   ] GC(117) Metaspace: 83482K(84416K)->83482K(84416K) NonClass: 71808K(72320K)->71808K(72320K) Class: 11674K(12096K)->11674K(12096K)
[714.618s][info ][gc             ] GC(117) Pause Young (Allocation Failure) 2330M->474M(2540M) 2.720ms
[714.618s][info ][gc,cpu         ] GC(117) User=0.01s Sys=0.00s Real=0.00s
[714.618s][info ][safepoint      ] Safepoint "ParallelGCFailedAllocation", Time since last: 1785132268 ns, Reaching safepoint: 44599 ns, At safepoint: 2798285 ns, Total: 2842884 ns
[716.619s][info ][safepoint      ] Safepoint "Cleanup", Time since last: 2000139619 ns, Reaching safepoint: 94200 ns, At safepoint: 11700 ns, Total: 105900 ns
[717.619s][info ][safepoint      ] Safepoint "Cleanup", Time since last: 1000106659 ns, Reaching safepoint: 84800 ns, At safepoint: 8900 ns, Total: 93700 ns
[718.619s][info ][safepoint      ] Safepoint "Cleanup", Time since last: 1000108959 ns, Reaching safepoint: 64100 ns, At safepoint: 5900 ns, Total: 70000 ns
[719.619s][info ][safepoint      ] Safepoint "Cleanup", Time since last: 1000104259 ns, Reaching safepoint: 53000 ns, At safepoint: 7900 ns, Total: 60900 ns
[720.619s][info ][safepoint      ] Safepoint "Cleanup", Time since last: 1000102359 ns, Reaching safepoint: 58700 ns, At safepoint: 6800 ns, Total: 65500 ns
[721.619s][info ][safepoint      ] Safepoint "Cleanup", Time since last: 1000105759 ns, Reaching safepoint: 46000 ns, At safepoint: 2700 ns, Total: 48700 ns
[722.620s][info ][safepoint      ] Safepoint "Cleanup", Time since last: 1000095059 ns, Reaching safepoint: 47200 ns, At safepoint: 5600 ns, Total: 52800 ns
[723.620s][info ][safepoint      ] Safepoint "Cleanup", Time since last: 1000106859 ns, Reaching safepoint: 49600 ns, At safepoint: 2600 ns, Total: 52200 ns
[724.620s][info ][safepoint      ] Safepoint "Cleanup", Time since last: 1000103459 ns, Reaching safepoint: 53000 ns, At safepoint: 9300 ns, Total: 62300 ns
[725.620s][info ][safepoint      ] Safepoint "Cleanup", Time since last: 1000104459 ns, Reaching safepoint: 52700 ns, At safepoint: 7500 ns, Total: 60200 ns
[726.620s][info ][safepoint      ] Safepoint "Cleanup", Time since last: 1000103359 ns, Reaching safepoint: 56600 ns, At safepoint: 16900 ns, Total: 73500 ns
[727.833s][info ][safepoint      ] Safepoint "Cleanup", Time since last: 1212282926 ns, Reaching safepoint: 90399 ns, At safepoint: 8000 ns, Total: 98399 ns
[729.833s][info ][safepoint      ] Safepoint "Cleanup", Time since last: 2000158619 ns, Reaching safepoint: 46300 ns, At safepoint: 3200 ns, Total: 49500 ns
[732.833s][info ][safepoint      ] Safepoint "Cleanup", Time since last: 3000230878 ns, Reaching safepoint: 48300 ns, At safepoint: 3700 ns, Total: 52000 ns
[734.833s][info ][safepoint      ] Safepoint "Cleanup", Time since last: 2000168619 ns, Reaching safepoint: 48599 ns, At safepoint: 10100 ns, Total: 58699 ns
[735.834s][info ][safepoint      ] Safepoint "Cleanup", Time since last: 1000128459 ns, Reaching safepoint: 52700 ns, At safepoint: 8200 ns, Total: 60900 ns
[739.834s][info ][safepoint      ] Safepoint "Cleanup", Time since last: 4000304437 ns, Reaching safepoint: 56600 ns, At safepoint: 6500 ns, Total: 63100 ns
[741.834s][info ][safepoint      ] Safepoint "Cleanup", Time since last: 2000165319 ns, Reaching safepoint: 52199 ns, At safepoint: 6500 ns, Total: 58699 ns
[744.834s][info ][safepoint      ] Safepoint "Cleanup", Time since last: 3000220178 ns, Reaching safepoint: 47500 ns, At safepoint: 14300 ns, Total: 61800 ns
[746.835s][info ][safepoint      ] Safepoint "Cleanup", Time since last: 2000170519 ns, Reaching safepoint: 44999 ns, At safepoint: 4500 ns, Total: 49499 ns
[750.835s][info ][safepoint      ] Safepoint "Cleanup", Time since last: 4000289038 ns, Reaching safepoint: 28999 ns, At safepoint: 3100 ns, Total: 32099 ns
[752.835s][info ][safepoint      ] Safepoint "Cleanup", Time since last: 2000175919 ns, Reaching safepoint: 45700 ns, At safepoint: 2700 ns, Total: 48400 ns
[755.835s][info ][safepoint      ] Safepoint "Cleanup", Time since last: 3000235177 ns, Reaching safepoint: 47400 ns, At safepoint: 4200 ns, Total: 51600 ns
[760.836s][info ][safepoint      ] Safepoint "Cleanup", Time since last: 5000362196 ns, Reaching safepoint: 50300 ns, At safepoint: 7500 ns, Total: 57800 ns
[761.836s][info ][safepoint      ] Safepoint "Cleanup", Time since last: 1000104959 ns, Reaching safepoint: 48700 ns, At safepoint: 7400 ns, Total: 56100 ns
[762.836s][info ][safepoint      ] Safepoint "Cleanup", Time since last: 1000120959 ns, Reaching safepoint: 47799 ns, At safepoint: 6300 ns, Total: 54099 ns
[763.836s][info ][safepoint      ] Safepoint "Cleanup", Time since last: 1000112459 ns, Reaching safepoint: 40400 ns, At safepoint: 5100 ns, Total: 45500 ns
[769.374s][info ][safepoint      ] Safepoint "Cleanup", Time since last: 5537576627 ns, Reaching safepoint: 40200 ns, At safepoint: 7100 ns, Total: 47300 ns
[770.374s][info ][safepoint      ] Safepoint "Cleanup", Time since last: 1000098459 ns, Reaching safepoint: 57700 ns, At safepoint: 11399 ns, Total: 69099 ns
[776.375s][info ][safepoint      ] Safepoint "Cleanup", Time since last: 6000404655 ns, Reaching safepoint: 41800 ns, At safepoint: 2700 ns, Total: 44500 ns
[780.375s][info ][safepoint      ] Safepoint "Cleanup", Time since last: 4000285237 ns, Reaching safepoint: 47899 ns, At safepoint: 5800 ns, Total: 53699 ns
[783.375s][info ][safepoint      ] Safepoint "Cleanup", Time since last: 3000223678 ns, Reaching safepoint: 38099 ns, At safepoint: 2800 ns, Total: 40899 ns
[785.375s][info ][safepoint      ] Safepoint "Cleanup", Time since last: 2000157419 ns, Reaching safepoint: 99399 ns, At safepoint: 6500 ns, Total: 105899 ns
[786.376s][info ][safepoint      ] Safepoint "Cleanup", Time since last: 1000099459 ns, Reaching safepoint: 111199 ns, At safepoint: 6100 ns, Total: 117299 ns
[791.376s][info ][safepoint      ] Safepoint "Cleanup", Time since last: 5000332496 ns, Reaching safepoint: 112499 ns, At safepoint: 7000 ns, Total: 119499 ns
[793.376s][info ][safepoint      ] Safepoint "Cleanup", Time since last: 2000167018 ns, Reaching safepoint: 117599 ns, At safepoint: 9800 ns, Total: 127399 ns
[795.377s][info ][safepoint      ] Safepoint "Cleanup", Time since last: 2000187018 ns, Reaching safepoint: 111800 ns, At safepoint: 6399 ns, Total: 118199 ns
[801.818s][info ][gc,start       ] GC(118) Pause Young (Allocation Failure)
[801.820s][debug][gc,phases      ] GC(118) Scavenge 2.485ms
[801.820s][debug][gc,ref         ] GC(118) Skipped phase 1 of Reference Processing: no references
[801.820s][debug][gc,ref         ] GC(118) ReferenceProcessor::execute queues: 1, RefProcThreadModel::Single, marks_oops_alive: false
[801.820s][debug][gc,ref         ] GC(118) Skipped phase 3 of Reference Processing: no references
[801.820s][debug][gc,ref         ] GC(118) ReferenceProcessor::execute queues: 1, RefProcThreadModel::Single, marks_oops_alive: false
[801.820s][debug][gc,phases      ] GC(118) Reference Processing 0.111ms
[801.820s][debug][gc,phases      ] GC(118)   VM Weak                        Min:  0.0, Avg:  0.0, Max:  0.0, Diff:  0.0, Sum:  0.0, Workers: 4
[801.820s][debug][gc,phases      ] GC(118)     Dead                           Min: 0, Avg:  0.0, Max: 0, Diff: 0, Sum: 0, Workers: 4
[801.820s][debug][gc,phases      ] GC(118)     Total                          Min: 0, Avg: 176.0, Max: 512, Diff: 512, Sum: 704, Workers: 4
[801.820s][debug][gc,phases      ] GC(118)   ObjectSynchronizer Weak        Min:  0.0, Avg:  0.0, Max:  0.0, Diff:  0.0, Sum:  0.0, Workers: 4
[801.820s][debug][gc,phases      ] GC(118)     Dead                           Min: 0, Avg:  0.0, Max: 0, Diff: 0, Sum: 0, Workers: 4
[801.820s][debug][gc,phases      ] GC(118)     Total                          Min: 0, Avg: 89.2, Max: 229, Diff: 229, Sum: 357, Workers: 4
[801.820s][debug][gc,phases      ] GC(118)   JVMTI Tag Weak OopStorage      Min:  0.0, Avg:  0.0, Max:  0.0, Diff:  0.0, Sum:  0.0, Workers: 4
[801.820s][debug][gc,phases      ] GC(118)     Dead                           Min: 0, Avg:  0.0, Max: 0, Diff: 0, Sum: 0, Workers: 4
[801.820s][debug][gc,phases      ] GC(118)     Total                          Min: 0, Avg:  0.0, Max: 0, Diff: 0, Sum: 0, Workers: 4
[801.820s][debug][gc,phases      ] GC(118)   StringTable Weak               Min:  0.1, Avg:  0.1, Max:  0.1, Diff:  0.0, Sum:  0.3, Workers: 4
[801.820s][debug][gc,phases      ] GC(118)     Dead                           Min: 0, Avg:  0.5, Max: 2, Diff: 2, Sum: 2, Workers: 4
[801.820s][debug][gc,phases      ] GC(118)     Total                          Min: 11199, Avg: 12068.5, Max: 12756, Diff: 1557, Sum: 48274, Workers: 4
[801.820s][debug][gc,phases      ] GC(118)   ResolvedMethodTable Weak       Min:  0.0, Avg:  0.0, Max:  0.0, Diff:  0.0, Sum:  0.1, Workers: 4
[801.820s][debug][gc,phases      ] GC(118)     Dead                           Min: 0, Avg:  6.0, Max: 20, Diff: 20, Sum: 24, Workers: 4
[801.820s][debug][gc,phases      ] GC(118)     Total                          Min: 1985, Avg: 2080.2, Max: 2176, Diff: 191, Sum: 8321, Workers: 4
[801.820s][debug][gc,phases      ] GC(118)   JNI Weak                       Min:  0.0, Avg:  0.0, Max:  0.0, Diff:  0.0, Sum:  0.0, Workers: 4
[801.820s][debug][gc,phases      ] GC(118)     Dead                           Min: 0, Avg:  0.0, Max: 0, Diff: 0, Sum: 0, Workers: 4
[801.820s][debug][gc,phases      ] GC(118)     Total                          Min: 0, Avg:  0.0, Max: 0, Diff: 0, Sum: 0, Workers: 4
[801.820s][debug][gc,phases      ] GC(118)   StringDedup Table Weak         Min:  0.0, Avg:  0.0, Max:  0.0, Diff:  0.0, Sum:  0.0, Workers: 4
[801.820s][debug][gc,phases      ] GC(118)     Dead                           Min: 0, Avg:  0.0, Max: 0, Diff: 0, Sum: 0, Workers: 4
[801.820s][debug][gc,phases      ] GC(118)     Total                          Min: 0, Avg:  0.0, Max: 0, Diff: 0, Sum: 0, Workers: 4
[801.820s][debug][gc,phases      ] GC(118)   StringDedup Requests0 Weak     Min:  0.0, Avg:  0.0, Max:  0.0, Diff:  0.0, Sum:  0.0, Workers: 4
[801.820s][debug][gc,phases      ] GC(118)     Dead                           Min: 0, Avg:  0.0, Max: 0, Diff: 0, Sum: 0, Workers: 4
[801.820s][debug][gc,phases      ] GC(118)     Total                          Min: 0, Avg:  0.0, Max: 0, Diff: 0, Sum: 0, Workers: 4
[801.820s][debug][gc,phases      ] GC(118)   StringDedup Requests1 Weak     Min:  0.0, Avg:  0.0, Max:  0.0, Diff:  0.0, Sum:  0.0, Workers: 4
[801.820s][debug][gc,phases      ] GC(118)     Dead                           Min: 0, Avg:  0.0, Max: 0, Diff: 0, Sum: 0, Workers: 4
[801.820s][debug][gc,phases      ] GC(118)     Total                          Min: 0, Avg:  0.0, Max: 0, Diff: 0, Sum: 0, Workers: 4
[801.820s][debug][gc,phases      ] GC(118)   Weak JFR Old Object Samples    Min:  0.0, Avg:  0.0, Max:  0.0, Diff:  0.0, Sum:  0.0, Workers: 4
[801.820s][debug][gc,phases      ] GC(118)     Dead                           Min: 0, Avg:  0.0, Max: 0, Diff: 0, Sum: 0, Workers: 4
[801.820s][debug][gc,phases      ] GC(118)     Total                          Min: 0, Avg:  0.0, Max: 0, Diff: 0, Sum: 0, Workers: 4
[801.820s][debug][gc,phases      ] GC(118) Weak Processing 0.240ms
[801.820s][debug][gc,age         ] GC(118) Desired survivor size 103284736 bytes, new threshold 15 (max threshold 15)
[801.820s][info ][gc,heap        ] GC(118) PSYoungGen: 1899056K(1994752K)->6448K(1995776K) Eden: 1894400K(1894400K)->0K(1894400K) From: 4656K(100352K)->6448K(101376K)
[801.821s][info ][gc,heap        ] GC(118) ParOldGen: 481214K(606720K)->481222K(606720K)
[801.821s][info ][gc,metaspace   ] GC(118) Metaspace: 83674K(84544K)->83674K(84544K) NonClass: 71976K(72448K)->71976K(72448K) Class: 11697K(12096K)->11697K(12096K)
[801.821s][info ][gc             ] GC(118) Pause Young (Allocation Failure) 2324M->476M(2541M) 2.929ms
[801.821s][info ][gc,cpu         ] GC(118) User=0.01s Sys=0.00s Real=0.00s
[801.821s][info ][safepoint      ] Safepoint "ParallelGCFailedAllocation", Time since last: 6440781503 ns, Reaching safepoint: 38699 ns, At safepoint: 2996084 ns, Total: 3034783 ns
[802.821s][info ][safepoint      ] Safepoint "Cleanup", Time since last: 1000082959 ns, Reaching safepoint: 53900 ns, At safepoint: 26300 ns, Total: 80200 ns
[803.821s][info ][safepoint      ] Safepoint "Cleanup", Time since last: 1000102759 ns, Reaching safepoint: 30500 ns, At safepoint: 2900 ns, Total: 33400 ns
[805.821s][info ][safepoint      ] Safepoint "Cleanup", Time since last: 2000162617 ns, Reaching safepoint: 35900 ns, At safepoint: 2500 ns, Total: 38400 ns
[810.821s][info ][safepoint      ] Safepoint "Cleanup", Time since last: 5000348695 ns, Reaching safepoint: 40600 ns, At safepoint: 7800 ns, Total: 48400 ns
[811.822s][info ][safepoint      ] Safepoint "Cleanup", Time since last: 1000111458 ns, Reaching safepoint: 41400 ns, At safepoint: 6700 ns, Total: 48100 ns
[812.822s][info ][safepoint      ] Safepoint "Cleanup", Time since last: 1000100259 ns, Reaching safepoint: 39100 ns, At safepoint: 5600 ns, Total: 44700 ns
[813.822s][info ][safepoint      ] Safepoint "Cleanup", Time since last: 1000105258 ns, Reaching safepoint: 44800 ns, At safepoint: 5500 ns, Total: 50300 ns
[814.822s][info ][safepoint      ] Safepoint "Cleanup", Time since last: 1000101759 ns, Reaching safepoint: 46500 ns, At safepoint: 2800 ns, Total: 49300 ns
[815.822s][info ][safepoint      ] Safepoint "Cleanup", Time since last: 1000105058 ns, Reaching safepoint: 55800 ns, At safepoint: 9100 ns, Total: 64900 ns
[816.822s][info ][safepoint      ] Safepoint "Cleanup", Time since last: 1000101459 ns, Reaching safepoint: 44899 ns, At safepoint: 15600 ns, Total: 60499 ns
[817.823s][info ][safepoint      ] Safepoint "Cleanup", Time since last: 1000104659 ns, Reaching safepoint: 40900 ns, At safepoint: 3200 ns, Total: 44100 ns
[818.823s][info ][safepoint      ] Safepoint "Cleanup", Time since last: 1000104059 ns, Reaching safepoint: 42899 ns, At safepoint: 6500 ns, Total: 49399 ns
[819.823s][info ][safepoint      ] Safepoint "Cleanup", Time since last: 1000106159 ns, Reaching safepoint: 44800 ns, At safepoint: 3400 ns, Total: 48200 ns
[821.823s][info ][safepoint      ] Safepoint "Cleanup", Time since last: 2000165117 ns, Reaching safepoint: 41600 ns, At safepoint: 3300 ns, Total: 44900 ns
[824.823s][info ][safepoint      ] Safepoint "Cleanup", Time since last: 3000234177 ns, Reaching safepoint: 44499 ns, At safepoint: 2500 ns, Total: 46999 ns
[825.823s][info ][safepoint      ] Safepoint "Cleanup", Time since last: 1000099259 ns, Reaching safepoint: 41600 ns, At safepoint: 5600 ns, Total: 47200 ns
[826.824s][info ][safepoint      ] Safepoint "Cleanup", Time since last: 1000100558 ns, Reaching safepoint: 48800 ns, At safepoint: 7900 ns, Total: 56700 ns
[828.824s][info ][safepoint      ] Safepoint "Cleanup", Time since last: 2000173418 ns, Reaching safepoint: 48099 ns, At safepoint: 5300 ns, Total: 53399 ns
[829.824s][info ][safepoint      ] Safepoint "Cleanup", Time since last: 1000102759 ns, Reaching safepoint: 47200 ns, At safepoint: 3100 ns, Total: 50300 ns
[831.824s][info ][safepoint      ] Safepoint "Cleanup", Time since last: 2000169317 ns, Reaching safepoint: 46000 ns, At safepoint: 4900 ns, Total: 50900 ns
[832.824s][info ][safepoint      ] Safepoint "Cleanup", Time since last: 1000102958 ns, Reaching safepoint: 44700 ns, At safepoint: 20100 ns, Total: 64800 ns
[833.825s][info ][safepoint      ] Safepoint "Cleanup", Time since last: 1000097559 ns, Reaching safepoint: 40900 ns, At safepoint: 5900 ns, Total: 46800 ns
[839.825s][info ][safepoint      ] Safepoint "Cleanup", Time since last: 6000390252 ns, Reaching safepoint: 40400 ns, At safepoint: 2800 ns, Total: 43200 ns
[844.825s][info ][safepoint      ] Safepoint "Cleanup", Time since last: 5000311494 ns, Reaching safepoint: 42000 ns, At safepoint: 6200 ns, Total: 48200 ns
[846.826s][info ][safepoint      ] Safepoint "Cleanup", Time since last: 2000178017 ns, Reaching safepoint: 105000 ns, At safepoint: 5600 ns, Total: 110600 ns
[848.826s][info ][safepoint      ] Safepoint "Cleanup", Time since last: 2000163817 ns, Reaching safepoint: 115399 ns, At safepoint: 10700 ns, Total: 126099 ns
[849.826s][info ][safepoint      ] Safepoint "Cleanup", Time since last: 1000118759 ns, Reaching safepoint: 100899 ns, At safepoint: 7800 ns, Total: 108699 ns
[853.432s][info ][safepoint      ] Safepoint "Cleanup", Time since last: 3606137540 ns, Reaching safepoint: 73600 ns, At safepoint: 5599 ns, Total: 79199 ns
[854.433s][info ][safepoint      ] Safepoint "Cleanup", Time since last: 1000106259 ns, Reaching safepoint: 63000 ns, At safepoint: 7000 ns, Total: 70000 ns
[855.433s][info ][safepoint      ] Safepoint "Cleanup", Time since last: 1000110058 ns, Reaching safepoint: 44300 ns, At safepoint: 3200 ns, Total: 47500 ns
[856.433s][info ][safepoint      ] Safepoint "Cleanup", Time since last: 1000109058 ns, Reaching safepoint: 47700 ns, At safepoint: 3300 ns, Total: 51000 ns
[859.433s][info ][safepoint      ] Safepoint "Cleanup", Time since last: 3000237776 ns, Reaching safepoint: 59100 ns, At safepoint: 7999 ns, Total: 67099 ns
[860.433s][info ][safepoint      ] Safepoint "Cleanup", Time since last: 1000105159 ns, Reaching safepoint: 48000 ns, At safepoint: 7100 ns, Total: 55100 ns
[865.124s][info ][safepoint      ] Safepoint "Cleanup", Time since last: 4690829046 ns, Reaching safepoint: 42100 ns, At safepoint: 6000 ns, Total: 48100 ns
[866.127s][info ][safepoint      ] Safepoint "Cleanup", Time since last: 1002229247 ns, Reaching safepoint: 106599 ns, At safepoint: 9100 ns, Total: 115699 ns
[867.127s][info ][safepoint      ] Safepoint "Cleanup", Time since last: 1000104159 ns, Reaching safepoint: 113199 ns, At safepoint: 8400 ns, Total: 121599 ns
[871.127s][info ][safepoint      ] Safepoint "Cleanup", Time since last: 4000293334 ns, Reaching safepoint: 132900 ns, At safepoint: 13100 ns, Total: 146000 ns
[872.127s][info ][safepoint      ] Safepoint "Cleanup", Time since last: 1000125558 ns, Reaching safepoint: 127699 ns, At safepoint: 11000 ns, Total: 138699 ns
[874.128s][info ][safepoint      ] Safepoint "Cleanup", Time since last: 2000122717 ns, Reaching safepoint: 115800 ns, At safepoint: 4900 ns, Total: 120700 ns
[876.128s][info ][safepoint      ] Safepoint "Cleanup", Time since last: 2000162517 ns, Reaching safepoint: 111799 ns, At safepoint: 6400 ns, Total: 118199 ns
[877.128s][info ][safepoint      ] Safepoint "Cleanup", Time since last: 1000101159 ns, Reaching safepoint: 126999 ns, At safepoint: 9700 ns, Total: 136699 ns
[880.129s][info ][safepoint      ] Safepoint "Cleanup", Time since last: 3000249075 ns, Reaching safepoint: 117000 ns, At safepoint: 10500 ns, Total: 127500 ns
[881.129s][info ][safepoint      ] Safepoint "Cleanup", Time since last: 1000105158 ns, Reaching safepoint: 113799 ns, At safepoint: 8000 ns, Total: 121799 ns
[883.129s][info ][safepoint      ] Safepoint "Cleanup", Time since last: 2000184217 ns, Reaching safepoint: 113000 ns, At safepoint: 8200 ns, Total: 121200 ns
[886.130s][info ][safepoint      ] Safepoint "Cleanup", Time since last: 3000229475 ns, Reaching safepoint: 114099 ns, At safepoint: 8900 ns, Total: 122999 ns
[890.130s][info ][safepoint      ] Safepoint "Cleanup", Time since last: 4000278534 ns, Reaching safepoint: 113200 ns, At safepoint: 8900 ns, Total: 122100 ns
[891.130s][info ][safepoint      ] Safepoint "Cleanup", Time since last: 1000108358 ns, Reaching safepoint: 42700 ns, At safepoint: 10200 ns, Total: 52900 ns
[892.130s][info ][safepoint      ] Safepoint "Cleanup", Time since last: 1000102358 ns, Reaching safepoint: 113399 ns, At safepoint: 5100 ns, Total: 118499 ns
[893.130s][info ][safepoint      ] Safepoint "Cleanup", Time since last: 1000111259 ns, Reaching safepoint: 46599 ns, At safepoint: 3300 ns, Total: 49899 ns
[893.380s][info ][gc,start       ] GC(119) Pause Young (Allocation Failure)
[893.382s][debug][gc,phases      ] GC(119) Scavenge 2.577ms
[893.382s][debug][gc,ref         ] GC(119) Skipped phase 1 of Reference Processing: no references
[893.382s][debug][gc,ref         ] GC(119) ReferenceProcessor::execute queues: 1, RefProcThreadModel::Single, marks_oops_alive: false
[893.382s][debug][gc,ref         ] GC(119) Skipped phase 3 of Reference Processing: no references
[893.382s][debug][gc,ref         ] GC(119) ReferenceProcessor::execute queues: 1, RefProcThreadModel::Single, marks_oops_alive: false
[893.382s][debug][gc,phases      ] GC(119) Reference Processing 0.102ms
[893.382s][debug][gc,phases      ] GC(119)   VM Weak                        Min:  0.0, Avg:  0.0, Max:  0.0, Diff:  0.0, Sum:  0.0, Workers: 4
[893.382s][debug][gc,phases      ] GC(119)     Dead                           Min: 0, Avg:  0.0, Max: 0, Diff: 0, Sum: 0, Workers: 4
[893.382s][debug][gc,phases      ] GC(119)     Total                          Min: 0, Avg: 178.2, Max: 713, Diff: 713, Sum: 713, Workers: 4
[893.382s][debug][gc,phases      ] GC(119)   ObjectSynchronizer Weak        Min:  0.0, Avg:  0.0, Max:  0.0, Diff:  0.0, Sum:  0.0, Workers: 4
[893.383s][debug][gc,phases      ] GC(119)     Dead                           Min: 0, Avg:  0.0, Max: 0, Diff: 0, Sum: 0, Workers: 4
[893.383s][debug][gc,phases      ] GC(119)     Total                          Min: 0, Avg: 89.2, Max: 320, Diff: 320, Sum: 357, Workers: 4
[893.383s][debug][gc,phases      ] GC(119)   JVMTI Tag Weak OopStorage      Min:  0.0, Avg:  0.0, Max:  0.0, Diff:  0.0, Sum:  0.0, Workers: 4
[893.383s][debug][gc,phases      ] GC(119)     Dead                           Min: 0, Avg:  0.0, Max: 0, Diff: 0, Sum: 0, Workers: 4
[893.383s][debug][gc,phases      ] GC(119)     Total                          Min: 0, Avg:  0.0, Max: 0, Diff: 0, Sum: 0, Workers: 4
[893.383s][debug][gc,phases      ] GC(119)   StringTable Weak               Min:  0.1, Avg:  0.1, Max:  0.1, Diff:  0.0, Sum:  0.4, Workers: 4
[893.383s][debug][gc,phases      ] GC(119)     Dead                           Min: 0, Avg:  0.0, Max: 0, Diff: 0, Sum: 0, Workers: 4
[893.383s][debug][gc,phases      ] GC(119)     Total                          Min: 10944, Avg: 12081.8, Max: 12551, Diff: 1607, Sum: 48327, Workers: 4
[893.383s][debug][gc,phases      ] GC(119)   ResolvedMethodTable Weak       Min:  0.0, Avg:  0.0, Max:  0.0, Diff:  0.0, Sum:  0.1, Workers: 4
[893.383s][debug][gc,phases      ] GC(119)     Dead                           Min: 0, Avg:  4.5, Max: 18, Diff: 18, Sum: 18, Workers: 4
[893.383s][debug][gc,phases      ] GC(119)     Total                          Min: 2048, Avg: 2096.5, Max: 2176, Diff: 128, Sum: 8386, Workers: 4
[893.383s][debug][gc,phases      ] GC(119)   JNI Weak                       Min:  0.0, Avg:  0.0, Max:  0.0, Diff:  0.0, Sum:  0.0, Workers: 4
[893.383s][debug][gc,phases      ] GC(119)     Dead                           Min: 0, Avg:  0.0, Max: 0, Diff: 0, Sum: 0, Workers: 4
[893.383s][debug][gc,phases      ] GC(119)     Total                          Min: 0, Avg:  0.0, Max: 0, Diff: 0, Sum: 0, Workers: 4
[893.383s][debug][gc,phases      ] GC(119)   StringDedup Table Weak         Min:  0.0, Avg:  0.0, Max:  0.0, Diff:  0.0, Sum:  0.0, Workers: 4
[893.383s][debug][gc,phases      ] GC(119)     Dead                           Min: 0, Avg:  0.0, Max: 0, Diff: 0, Sum: 0, Workers: 4
[893.383s][debug][gc,phases      ] GC(119)     Total                          Min: 0, Avg:  0.0, Max: 0, Diff: 0, Sum: 0, Workers: 4
[893.383s][debug][gc,phases      ] GC(119)   StringDedup Requests0 Weak     Min:  0.0, Avg:  0.0, Max:  0.0, Diff:  0.0, Sum:  0.0, Workers: 4
[893.383s][debug][gc,phases      ] GC(119)     Dead                           Min: 0, Avg:  0.0, Max: 0, Diff: 0, Sum: 0, Workers: 4
[893.383s][debug][gc,phases      ] GC(119)     Total                          Min: 0, Avg:  0.0, Max: 0, Diff: 0, Sum: 0, Workers: 4
[893.383s][debug][gc,phases      ] GC(119)   StringDedup Requests1 Weak     Min:  0.0, Avg:  0.0, Max:  0.0, Diff:  0.0, Sum:  0.0, Workers: 4
[893.383s][debug][gc,phases      ] GC(119)     Dead                           Min: 0, Avg:  0.0, Max: 0, Diff: 0, Sum: 0, Workers: 4
[893.383s][debug][gc,phases      ] GC(119)     Total                          Min: 0, Avg:  0.0, Max: 0, Diff: 0, Sum: 0, Workers: 4
[893.383s][debug][gc,phases      ] GC(119)   Weak JFR Old Object Samples    Min:  0.0, Avg:  0.0, Max:  0.0, Diff:  0.0, Sum:  0.0, Workers: 4
[893.383s][debug][gc,phases      ] GC(119)     Dead                           Min: 0, Avg:  0.0, Max: 0, Diff: 0, Sum: 0, Workers: 4
[893.383s][debug][gc,phases      ] GC(119)     Total                          Min: 0, Avg:  0.0, Max: 0, Diff: 0, Sum: 0, Workers: 4
[893.383s][debug][gc,phases      ] GC(119) Weak Processing 0.264ms
[893.383s][debug][gc,age         ] GC(119) Desired survivor size 101711872 bytes, new threshold 15 (max threshold 15)
[893.383s][info ][gc,heap        ] GC(119) PSYoungGen: 1900848K(1995776K)->7520K(1997824K) Eden: 1894400K(1894400K)->0K(1896960K) From: 6448K(101376K)->7520K(100864K)
[893.383s][info ][gc,heap        ] GC(119) ParOldGen: 481222K(606720K)->481222K(606720K)
[893.383s][info ][gc,metaspace   ] GC(119) Metaspace: 83855K(84736K)->83855K(84736K) NonClass: 72132K(72640K)->72132K(72640K) Class: 11723K(12096K)->11723K(12096K)
[893.383s][info ][gc             ] GC(119) Pause Young (Allocation Failure) 2326M->477M(2543M) 3.026ms
[893.383s][info ][gc,cpu         ] GC(119) User=0.01s Sys=0.00s Real=0.01s
[893.383s][info ][safepoint      ] Safepoint "ParallelGCFailedAllocation", Time since last: 249087970 ns, Reaching safepoint: 28500 ns, At safepoint: 3089783 ns, Total: 3118283 ns
[894.383s][info ][safepoint      ] Safepoint "Cleanup", Time since last: 1000083559 ns, Reaching safepoint: 37300 ns, At safepoint: 21699 ns, Total: 58999 ns
[897.383s][info ][safepoint      ] Safepoint "Cleanup", Time since last: 3000224176 ns, Reaching safepoint: 45100 ns, At safepoint: 2399 ns, Total: 47499 ns
[898.383s][info ][safepoint      ] Safepoint "Cleanup", Time since last: 1000101559 ns, Reaching safepoint: 45400 ns, At safepoint: 2500 ns, Total: 47900 ns
[899.383s][info ][safepoint      ] Safepoint "Cleanup", Time since last: 1000108758 ns, Reaching safepoint: 43700 ns, At safepoint: 2300 ns, Total: 46000 ns
[901.384s][info ][safepoint      ] Safepoint "Cleanup", Time since last: 2000164316 ns, Reaching safepoint: 40700 ns, At safepoint: 5300 ns, Total: 46000 ns
[902.384s][info ][safepoint      ] Safepoint "Cleanup", Time since last: 1000105058 ns, Reaching safepoint: 35500 ns, At safepoint: 3100 ns, Total: 38600 ns
[905.384s][info ][safepoint      ] Safepoint "Cleanup", Time since last: 3000189475 ns, Reaching safepoint: 46500 ns, At safepoint: 7300 ns, Total: 53800 ns
[906.384s][info ][safepoint      ] Safepoint "Cleanup", Time since last: 1000108158 ns, Reaching safepoint: 59400 ns, At safepoint: 5800 ns, Total: 65200 ns
[910.384s][info ][safepoint      ] Safepoint "Cleanup", Time since last: 4000227434 ns, Reaching safepoint: 60100 ns, At safepoint: 10100 ns, Total: 70200 ns
[920.929s][info ][safepoint      ] Safepoint "Cleanup", Time since last: 10544643178 ns, Reaching safepoint: 107199 ns, At safepoint: 10300 ns, Total: 117499 ns
[921.930s][info ][safepoint      ] Safepoint "Cleanup", Time since last: 1000122558 ns, Reaching safepoint: 172199 ns, At safepoint: 11800 ns, Total: 183999 ns
[922.930s][info ][safepoint      ] Safepoint "Cleanup", Time since last: 1000071959 ns, Reaching safepoint: 140899 ns, At safepoint: 9100 ns, Total: 149999 ns
[923.930s][info ][safepoint      ] Safepoint "Cleanup", Time since last: 1000106358 ns, Reaching safepoint: 116999 ns, At safepoint: 6100 ns, Total: 123099 ns
[924.930s][info ][safepoint      ] Safepoint "Cleanup", Time since last: 1000112659 ns, Reaching safepoint: 110299 ns, At safepoint: 21100 ns, Total: 131399 ns
[929.931s][info ][safepoint      ] Safepoint "Cleanup", Time since last: 5000358491 ns, Reaching safepoint: 42300 ns, At safepoint: 7300 ns, Total: 49600 ns
[932.531s][info ][safepoint      ] Safepoint "Cleanup", Time since last: 2600503410 ns, Reaching safepoint: 49600 ns, At safepoint: 9900 ns, Total: 59500 ns
[933.531s][info ][safepoint      ] Safepoint "Cleanup", Time since last: 1000098958 ns, Reaching safepoint: 39700 ns, At safepoint: 8700 ns, Total: 48400 ns
[934.531s][info ][safepoint      ] Safepoint "Cleanup", Time since last: 1000103258 ns, Reaching safepoint: 39099 ns, At safepoint: 2600 ns, Total: 41699 ns
[935.532s][info ][safepoint      ] Safepoint "Cleanup", Time since last: 1000068659 ns, Reaching safepoint: 70499 ns, At safepoint: 9700 ns, Total: 80199 ns
[936.532s][info ][safepoint      ] Safepoint "Cleanup", Time since last: 1000085558 ns, Reaching safepoint: 45000 ns, At safepoint: 7600 ns, Total: 52600 ns
[939.532s][info ][safepoint      ] Safepoint "Cleanup", Time since last: 3000218475 ns, Reaching safepoint: 106199 ns, At safepoint: 10000 ns, Total: 116199 ns
[941.532s][info ][safepoint      ] Safepoint "Cleanup", Time since last: 2000161017 ns, Reaching safepoint: 45399 ns, At safepoint: 2600 ns, Total: 47999 ns
[946.533s][info ][safepoint      ] Safepoint "Cleanup", Time since last: 5000352892 ns, Reaching safepoint: 40399 ns, At safepoint: 5000 ns, Total: 45399 ns
[952.533s][info ][safepoint      ] Safepoint "Cleanup", Time since last: 6000377350 ns, Reaching safepoint: 49300 ns, At safepoint: 7500 ns, Total: 56800 ns
[963.534s][info ][safepoint      ] Safepoint "Cleanup", Time since last: 11000750140 ns, Reaching safepoint: 46299 ns, At safepoint: 5000 ns, Total: 51299 ns
[964.534s][info ][safepoint      ] Safepoint "Cleanup", Time since last: 1000111958 ns, Reaching safepoint: 36500 ns, At safepoint: 2900 ns, Total: 39400 ns
[969.534s][info ][safepoint      ] Safepoint "Cleanup", Time since last: 5000361991 ns, Reaching safepoint: 46999 ns, At safepoint: 2600 ns, Total: 49599 ns
[977.535s][info ][safepoint      ] Safepoint "Cleanup", Time since last: 8000563865 ns, Reaching safepoint: 32200 ns, At safepoint: 9000 ns, Total: 41200 ns
[984.536s][info ][safepoint      ] Safepoint "Cleanup", Time since last: 7000497807 ns, Reaching safepoint: 44599 ns, At safepoint: 3200 ns, Total: 47799 ns
[986.930s][info ][gc,start       ] GC(120) Pause Young (Allocation Failure)
[986.933s][debug][gc,phases      ] GC(120) Scavenge 2.770ms
[986.933s][debug][gc,ref         ] GC(120) Skipped phase 1 of Reference Processing: no references
[986.933s][debug][gc,ref         ] GC(120) ReferenceProcessor::execute queues: 1, RefProcThreadModel::Single, marks_oops_alive: false
[986.933s][debug][gc,ref         ] GC(120) Skipped phase 3 of Reference Processing: no references
[986.933s][debug][gc,ref         ] GC(120) ReferenceProcessor::execute queues: 1, RefProcThreadModel::Single, marks_oops_alive: false
[986.933s][debug][gc,phases      ] GC(120) Reference Processing 0.092ms
[986.933s][debug][gc,phases      ] GC(120)   VM Weak                        Min:  0.0, Avg:  0.0, Max:  0.0, Diff:  0.0, Sum:  0.0, Workers: 4
[986.933s][debug][gc,phases      ] GC(120)     Dead                           Min: 0, Avg:  0.0, Max: 0, Diff: 0, Sum: 0, Workers: 4
[986.933s][debug][gc,phases      ] GC(120)     Total                          Min: 0, Avg: 178.5, Max: 714, Diff: 714, Sum: 714, Workers: 4
[986.933s][debug][gc,phases      ] GC(120)   ObjectSynchronizer Weak        Min:  0.0, Avg:  0.0, Max:  0.0, Diff:  0.0, Sum:  0.0, Workers: 4
[986.933s][debug][gc,phases      ] GC(120)     Dead                           Min: 0, Avg:  0.0, Max: 0, Diff: 0, Sum: 0, Workers: 4
[986.933s][debug][gc,phases      ] GC(120)     Total                          Min: 0, Avg: 89.2, Max: 192, Diff: 192, Sum: 357, Workers: 4
[986.933s][debug][gc,phases      ] GC(120)   JVMTI Tag Weak OopStorage      Min:  0.0, Avg:  0.0, Max:  0.0, Diff:  0.0, Sum:  0.0, Workers: 4
[986.933s][debug][gc,phases      ] GC(120)     Dead                           Min: 0, Avg:  0.0, Max: 0, Diff: 0, Sum: 0, Workers: 4
[986.933s][debug][gc,phases      ] GC(120)     Total                          Min: 0, Avg:  0.0, Max: 0, Diff: 0, Sum: 0, Workers: 4
[986.933s][debug][gc,phases      ] GC(120)   StringTable Weak               Min:  0.1, Avg:  0.1, Max:  0.1, Diff:  0.0, Sum:  0.4, Workers: 4
[986.933s][debug][gc,phases      ] GC(120)     Dead                           Min: 0, Avg:  0.2, Max: 1, Diff: 1, Sum: 1, Workers: 4
[986.933s][debug][gc,phases      ] GC(120)     Total                          Min: 9344, Avg: 12090.2, Max: 14912, Diff: 5568, Sum: 48361, Workers: 4
[986.933s][debug][gc,phases      ] GC(120)   ResolvedMethodTable Weak       Min:  0.0, Avg:  0.0, Max:  0.0, Diff:  0.0, Sum:  0.1, Workers: 4
[986.933s][debug][gc,phases      ] GC(120)     Dead                           Min: 0, Avg:  0.0, Max: 0, Diff: 0, Sum: 0, Workers: 4
[986.933s][debug][gc,phases      ] GC(120)     Total                          Min: 1664, Avg: 2097.8, Max: 2624, Diff: 960, Sum: 8391, Workers: 4
[986.933s][debug][gc,phases      ] GC(120)   JNI Weak                       Min:  0.0, Avg:  0.0, Max:  0.0, Diff:  0.0, Sum:  0.0, Workers: 4
[986.933s][debug][gc,phases      ] GC(120)     Dead                           Min: 0, Avg:  0.0, Max: 0, Diff: 0, Sum: 0, Workers: 4
[986.933s][debug][gc,phases      ] GC(120)     Total                          Min: 0, Avg:  0.0, Max: 0, Diff: 0, Sum: 0, Workers: 4
[986.933s][debug][gc,phases      ] GC(120)   StringDedup Table Weak         Min:  0.0, Avg:  0.0, Max:  0.0, Diff:  0.0, Sum:  0.0, Workers: 4
[986.933s][debug][gc,phases      ] GC(120)     Dead                           Min: 0, Avg:  0.0, Max: 0, Diff: 0, Sum: 0, Workers: 4
[986.933s][debug][gc,phases      ] GC(120)     Total                          Min: 0, Avg:  0.0, Max: 0, Diff: 0, Sum: 0, Workers: 4
[986.933s][debug][gc,phases      ] GC(120)   StringDedup Requests0 Weak     Min:  0.0, Avg:  0.0, Max:  0.0, Diff:  0.0, Sum:  0.0, Workers: 4
[986.933s][debug][gc,phases      ] GC(120)     Dead                           Min: 0, Avg:  0.0, Max: 0, Diff: 0, Sum: 0, Workers: 4
[986.933s][debug][gc,phases      ] GC(120)     Total                          Min: 0, Avg:  0.0, Max: 0, Diff: 0, Sum: 0, Workers: 4
[986.933s][debug][gc,phases      ] GC(120)   StringDedup Requests1 Weak     Min:  0.0, Avg:  0.0, Max:  0.0, Diff:  0.0, Sum:  0.0, Workers: 4
[986.933s][debug][gc,phases      ] GC(120)     Dead                           Min: 0, Avg:  0.0, Max: 0, Diff: 0, Sum: 0, Workers: 4
[986.933s][debug][gc,phases      ] GC(120)     Total                          Min: 0, Avg:  0.0, Max: 0, Diff: 0, Sum: 0, Workers: 4
[986.933s][debug][gc,phases      ] GC(120)   Weak JFR Old Object Samples    Min:  0.0, Avg:  0.0, Max:  0.0, Diff:  0.0, Sum:  0.0, Workers: 4
[986.933s][debug][gc,phases      ] GC(120)     Dead                           Min: 0, Avg:  0.0, Max: 0, Diff: 0, Sum: 0, Workers: 4
[986.933s][debug][gc,phases      ] GC(120)     Total                          Min: 0, Avg:  0.0, Max: 0, Diff: 0, Sum: 0, Workers: 4
[986.933s][debug][gc,phases      ] GC(120) Weak Processing 0.258ms
[986.933s][debug][gc,age         ] GC(120) Desired survivor size 99090432 bytes, new threshold 15 (max threshold 15)
[986.933s][info ][gc,heap        ] GC(120) PSYoungGen: 1904480K(1997824K)->7584K(1996288K) Eden: 1896960K(1896960K)->0K(1896960K) From: 7520K(100864K)->7584K(99328K)
[986.933s][info ][gc,heap        ] GC(120) ParOldGen: 481222K(606720K)->481230K(606720K)
[986.933s][info ][gc,metaspace   ] GC(120) Metaspace: 83890K(84736K)->83890K(84736K) NonClass: 72163K(72640K)->72163K(72640K) Class: 11726K(12096K)->11726K(12096K)
[986.933s][info ][gc             ] GC(120) Pause Young (Allocation Failure) 2329M->477M(2542M) 3.210ms
[986.933s][info ][gc,cpu         ] GC(120) User=0.01s Sys=0.00s Real=0.01s
[986.934s][info ][safepoint      ] Safepoint "ParallelGCFailedAllocation", Time since last: 2394545210 ns, Reaching safepoint: 28100 ns, At safepoint: 3292682 ns, Total: 3320782 ns
[995.934s][info ][safepoint      ] Safepoint "Cleanup", Time since last: 9000581123 ns, Reaching safepoint: 47999 ns, At safepoint: 14200 ns, Total: 62199 ns
[1009.935s][info ][safepoint      ] Safepoint "Cleanup", Time since last: 14000875013 ns, Reaching safepoint: 47199 ns, At safepoint: 6300 ns, Total: 53499 ns
[1018.936s][info ][safepoint      ] Safepoint "Cleanup", Time since last: 9000569322 ns, Reaching safepoint: 43000 ns, At safepoint: 2800 ns, Total: 45800 ns
[1020.936s][info ][safepoint      ] Safepoint "Cleanup", Time since last: 2000134316 ns, Reaching safepoint: 44399 ns, At safepoint: 8500 ns, Total: 52899 ns
[1024.936s][info ][safepoint      ] Safepoint "Cleanup", Time since last: 4000275932 ns, Reaching safepoint: 55700 ns, At safepoint: 8400 ns, Total: 64100 ns
[1025.936s][info ][safepoint      ] Safepoint "Cleanup", Time since last: 1000107457 ns, Reaching safepoint: 53100 ns, At safepoint: 5400 ns, Total: 58500 ns
[1027.937s][info ][safepoint      ] Safepoint "Cleanup", Time since last: 2000168016 ns, Reaching safepoint: 54699 ns, At safepoint: 4600 ns, Total: 59299 ns
[1030.937s][info ][safepoint      ] Safepoint "Cleanup", Time since last: 3000251474 ns, Reaching safepoint: 46100 ns, At safepoint: 3800 ns, Total: 49900 ns
[1033.937s][info ][safepoint      ] Safepoint "Cleanup", Time since last: 3000243173 ns, Reaching safepoint: 52200 ns, At safepoint: 9900 ns, Total: 62100 ns
[1035.937s][info ][safepoint      ] Safepoint "Cleanup", Time since last: 2000171115 ns, Reaching safepoint: 47800 ns, At safepoint: 5500 ns, Total: 53300 ns
[1041.938s][info ][safepoint      ] Safepoint "Cleanup", Time since last: 6000451447 ns, Reaching safepoint: 55500 ns, At safepoint: 6200 ns, Total: 61700 ns
[1042.938s][info ][safepoint      ] Safepoint "Cleanup", Time since last: 1000112957 ns, Reaching safepoint: 41200 ns, At safepoint: 2200 ns, Total: 43400 ns
[1044.938s][info ][safepoint      ] Safepoint "Cleanup", Time since last: 2000170315 ns, Reaching safepoint: 76500 ns, At safepoint: 11100 ns, Total: 87600 ns
[1047.939s][info ][safepoint      ] Safepoint "Cleanup", Time since last: 3000247873 ns, Reaching safepoint: 45800 ns, At safepoint: 3400 ns, Total: 49200 ns
[1050.939s][info ][safepoint      ] Safepoint "Cleanup", Time since last: 3000233173 ns, Reaching safepoint: 49700 ns, At safepoint: 4100 ns, Total: 53800 ns
[1055.939s][info ][safepoint      ] Safepoint "Cleanup", Time since last: 5000363789 ns, Reaching safepoint: 47800 ns, At safepoint: 9200 ns, Total: 57000 ns
[1061.940s][info ][safepoint      ] Safepoint "Cleanup", Time since last: 6000454346 ns, Reaching safepoint: 51400 ns, At safepoint: 6900 ns, Total: 58300 ns
[1066.940s][info ][safepoint      ] Safepoint "Cleanup", Time since last: 5000381588 ns, Reaching safepoint: 115000 ns, At safepoint: 14000 ns, Total: 129000 ns
[1067.941s][info ][safepoint      ] Safepoint "Cleanup", Time since last: 1000107057 ns, Reaching safepoint: 50000 ns, At safepoint: 6500 ns, Total: 56500 ns
[1076.952s][info ][gc,start       ] GC(121) Pause Young (Allocation Failure)
[1076.955s][debug][gc,phases      ] GC(121) Scavenge 2.720ms
[1076.955s][debug][gc,ref         ] GC(121) Skipped phase 1 of Reference Processing: no references
[1076.955s][debug][gc,ref         ] GC(121) ReferenceProcessor::execute queues: 1, RefProcThreadModel::Single, marks_oops_alive: false
[1076.955s][debug][gc,ref         ] GC(121) Skipped phase 3 of Reference Processing: no references
[1076.955s][debug][gc,ref         ] GC(121) ReferenceProcessor::execute queues: 1, RefProcThreadModel::Single, marks_oops_alive: false
[1076.955s][debug][gc,phases      ] GC(121) Reference Processing 0.110ms
[1076.955s][debug][gc,phases      ] GC(121)   VM Weak                        Min:  0.0, Avg:  0.0, Max:  0.0, Diff:  0.0, Sum:  0.0, Workers: 4
[1076.955s][debug][gc,phases      ] GC(121)     Dead                           Min: 0, Avg:  0.0, Max: 0, Diff: 0, Sum: 0, Workers: 4
[1076.955s][debug][gc,phases      ] GC(121)     Total                          Min: 0, Avg: 178.5, Max: 448, Diff: 448, Sum: 714, Workers: 4
[1076.955s][debug][gc,phases      ] GC(121)   ObjectSynchronizer Weak        Min:  0.0, Avg:  0.0, Max:  0.0, Diff:  0.0, Sum:  0.0, Workers: 4
[1076.955s][debug][gc,phases      ] GC(121)     Dead                           Min: 0, Avg:  0.0, Max: 0, Diff: 0, Sum: 0, Workers: 4
[1076.955s][debug][gc,phases      ] GC(121)     Total                          Min: 0, Avg: 89.2, Max: 165, Diff: 165, Sum: 357, Workers: 4
[1076.955s][debug][gc,phases      ] GC(121)   JVMTI Tag Weak OopStorage      Min:  0.0, Avg:  0.0, Max:  0.0, Diff:  0.0, Sum:  0.0, Workers: 4
[1076.955s][debug][gc,phases      ] GC(121)     Dead                           Min: 0, Avg:  0.0, Max: 0, Diff: 0, Sum: 0, Workers: 4
[1076.955s][debug][gc,phases      ] GC(121)     Total                          Min: 0, Avg:  0.0, Max: 0, Diff: 0, Sum: 0, Workers: 4
[1076.955s][debug][gc,phases      ] GC(121)   StringTable Weak               Min:  0.1, Avg:  0.1, Max:  0.1, Diff:  0.0, Sum:  0.3, Workers: 4
[1076.955s][debug][gc,phases      ] GC(121)     Dead                           Min: 0, Avg:  0.0, Max: 0, Diff: 0, Sum: 0, Workers: 4
[1076.955s][debug][gc,phases      ] GC(121)     Total                          Min: 11008, Avg: 12091.2, Max: 12672, Diff: 1664, Sum: 48365, Workers: 4
[1076.955s][debug][gc,phases      ] GC(121)   ResolvedMethodTable Weak       Min:  0.0, Avg:  0.0, Max:  0.0, Diff:  0.0, Sum:  0.1, Workers: 4
[1076.955s][debug][gc,phases      ] GC(121)     Dead                           Min: 0, Avg:  0.0, Max: 0, Diff: 0, Sum: 0, Workers: 4
[1076.955s][debug][gc,phases      ] GC(121)     Total                          Min: 2048, Avg: 2098.8, Max: 2176, Diff: 128, Sum: 8395, Workers: 4
[1076.955s][debug][gc,phases      ] GC(121)   JNI Weak                       Min:  0.0, Avg:  0.0, Max:  0.0, Diff:  0.0, Sum:  0.0, Workers: 4
[1076.955s][debug][gc,phases      ] GC(121)     Dead                           Min: 0, Avg:  0.0, Max: 0, Diff: 0, Sum: 0, Workers: 4
[1076.955s][debug][gc,phases      ] GC(121)     Total                          Min: 0, Avg:  0.0, Max: 0, Diff: 0, Sum: 0, Workers: 4
[1076.955s][debug][gc,phases      ] GC(121)   StringDedup Table Weak         Min:  0.0, Avg:  0.0, Max:  0.0, Diff:  0.0, Sum:  0.0, Workers: 4
[1076.955s][debug][gc,phases      ] GC(121)     Dead                           Min: 0, Avg:  0.0, Max: 0, Diff: 0, Sum: 0, Workers: 4
[1076.955s][debug][gc,phases      ] GC(121)     Total                          Min: 0, Avg:  0.0, Max: 0, Diff: 0, Sum: 0, Workers: 4
[1076.955s][debug][gc,phases      ] GC(121)   StringDedup Requests0 Weak     Min:  0.0, Avg:  0.0, Max:  0.0, Diff:  0.0, Sum:  0.0, Workers: 4
[1076.955s][debug][gc,phases      ] GC(121)     Dead                           Min: 0, Avg:  0.0, Max: 0, Diff: 0, Sum: 0, Workers: 4
[1076.955s][debug][gc,phases      ] GC(121)     Total                          Min: 0, Avg:  0.0, Max: 0, Diff: 0, Sum: 0, Workers: 4
[1076.955s][debug][gc,phases      ] GC(121)   StringDedup Requests1 Weak     Min:  0.0, Avg:  0.0, Max:  0.0, Diff:  0.0, Sum:  0.0, Workers: 4
[1076.955s][debug][gc,phases      ] GC(121)     Dead                           Min: 0, Avg:  0.0, Max: 0, Diff: 0, Sum: 0, Workers: 4
[1076.955s][debug][gc,phases      ] GC(121)     Total                          Min: 0, Avg:  0.0, Max: 0, Diff: 0, Sum: 0, Workers: 4
[1076.955s][debug][gc,phases      ] GC(121)   Weak JFR Old Object Samples    Min:  0.0, Avg:  0.0, Max:  0.0, Diff:  0.0, Sum:  0.0, Workers: 4
[1076.955s][debug][gc,phases      ] GC(121)     Dead                           Min: 0, Avg:  0.0, Max: 0, Diff: 0, Sum: 0, Workers: 4
[1076.955s][debug][gc,phases      ] GC(121)     Total                          Min: 0, Avg:  0.0, Max: 0, Diff: 0, Sum: 0, Workers: 4
[1076.955s][debug][gc,phases      ] GC(121) Weak Processing 0.237ms
[1076.955s][debug][gc,age         ] GC(121) Desired survivor size 96468992 bytes, new threshold 15 (max threshold 15)
[1076.955s][info ][gc,heap        ] GC(121) PSYoungGen: 1904544K(1996288K)->7712K(2002944K) Eden: 1896960K(1896960K)->0K(1906176K) From: 7584K(99328K)->7712K(96768K)
[1076.955s][info ][gc,heap        ] GC(121) ParOldGen: 481230K(606720K)->481238K(606720K)
[1076.955s][info ][gc,metaspace   ] GC(121) Metaspace: 83930K(84736K)->83930K(84736K) NonClass: 72202K(72640K)->72202K(72640K) Class: 11727K(12096K)->11727K(12096K)
[1076.955s][info ][gc             ] GC(121) Pause Young (Allocation Failure) 2329M->477M(2548M) 3.155ms
[1076.955s][info ][gc,cpu         ] GC(121) User=0.01s Sys=0.00s Real=0.00s
[1076.955s][info ][safepoint      ] Safepoint "ParallelGCFailedAllocation", Time since last: 9011480861 ns, Reaching safepoint: 47200 ns, At safepoint: 3220783 ns, Total: 3267983 ns
[1082.956s][info ][safepoint      ] Safepoint "Cleanup", Time since last: 6000405646 ns, Reaching safepoint: 46600 ns, At safepoint: 3000 ns, Total: 49600 ns
[1083.956s][info ][safepoint      ] Safepoint "Cleanup", Time since last: 1000107957 ns, Reaching safepoint: 44400 ns, At safepoint: 2500 ns, Total: 46900 ns
[1092.957s][info ][safepoint      ] Safepoint "Cleanup", Time since last: 9000528420 ns, Reaching safepoint: 44999 ns, At safepoint: 2600 ns, Total: 47599 ns
[1098.957s][info ][safepoint      ] Safepoint "Cleanup", Time since last: 6000389246 ns, Reaching safepoint: 45400 ns, At safepoint: 2600 ns, Total: 48000 ns
[1102.957s][info ][safepoint      ] Safepoint "Cleanup", Time since last: 4000292331 ns, Reaching safepoint: 35099 ns, At safepoint: 2900 ns, Total: 37999 ns
[1114.958s][info ][safepoint      ] Safepoint "Cleanup", Time since last: 12000797192 ns, Reaching safepoint: 49400 ns, At safepoint: 10500 ns, Total: 59900 ns
[1121.959s][info ][safepoint      ] Safepoint "Cleanup", Time since last: 7000485803 ns, Reaching safepoint: 121999 ns, At safepoint: 8600 ns, Total: 130599 ns
[1122.959s][info ][safepoint      ] Safepoint "Cleanup", Time since last: 1000099657 ns, Reaching safepoint: 48900 ns, At safepoint: 2700 ns, Total: 51600 ns
[1123.959s][info ][safepoint      ] Safepoint "Cleanup", Time since last: 1000093157 ns, Reaching safepoint: 52700 ns, At safepoint: 5700 ns, Total: 58400 ns
[1125.959s][info ][safepoint      ] Safepoint "Cleanup", Time since last: 2000173115 ns, Reaching safepoint: 46200 ns, At safepoint: 4800 ns, Total: 51000 ns
[1126.959s][info ][safepoint      ] Safepoint "Cleanup", Time since last: 1000100157 ns, Reaching safepoint: 85100 ns, At safepoint: 10300 ns, Total: 95400 ns
[1127.960s][info ][safepoint      ] Safepoint "Cleanup", Time since last: 1000102657 ns, Reaching safepoint: 48700 ns, At safepoint: 2200 ns, Total: 50900 ns
[1128.960s][info ][safepoint      ] Safepoint "Cleanup", Time since last: 1000058857 ns, Reaching safepoint: 65800 ns, At safepoint: 5300 ns, Total: 71100 ns
[1135.960s][info ][safepoint      ] Safepoint "Cleanup", Time since last: 7000461803 ns, Reaching safepoint: 56999 ns, At safepoint: 7300 ns, Total: 64299 ns
[1136.960s][info ][safepoint      ] Safepoint "Cleanup", Time since last: 1000098958 ns, Reaching safepoint: 45300 ns, At safepoint: 5699 ns, Total: 50999 ns
[1139.961s][info ][safepoint      ] Safepoint "Cleanup", Time since last: 3000231373 ns, Reaching safepoint: 45900 ns, At safepoint: 16300 ns, Total: 62200 ns
[1142.961s][info ][safepoint      ] Safepoint "Cleanup", Time since last: 3000176272 ns, Reaching safepoint: 55100 ns, At safepoint: 6700 ns, Total: 61800 ns
[1143.961s][info ][safepoint      ] Safepoint "Cleanup", Time since last: 1000098457 ns, Reaching safepoint: 45800 ns, At safepoint: 3700 ns, Total: 49500 ns
[1144.961s][info ][safepoint      ] Safepoint "Cleanup", Time since last: 1000128557 ns, Reaching safepoint: 58700 ns, At safepoint: 9000 ns, Total: 67700 ns
[1160.962s][info ][safepoint      ] Safepoint "Cleanup", Time since last: 16001052920 ns, Reaching safepoint: 59499 ns, At safepoint: 5300 ns, Total: 64799 ns
[1161.963s][info ][safepoint      ] Safepoint "Cleanup", Time since last: 1000107657 ns, Reaching safepoint: 50300 ns, At safepoint: 4900 ns, Total: 55200 ns
[1162.963s][info ][safepoint      ] Safepoint "Cleanup", Time since last: 1000102157 ns, Reaching safepoint: 42000 ns, At safepoint: 2500 ns, Total: 44500 ns
[1164.963s][info ][safepoint      ] Safepoint "Cleanup", Time since last: 2000160815 ns, Reaching safepoint: 54900 ns, At safepoint: 5300 ns, Total: 60200 ns
[1165.963s][info ][safepoint      ] Safepoint "Cleanup", Time since last: 1000106457 ns, Reaching safepoint: 51999 ns, At safepoint: 6800 ns, Total: 58799 ns
[1168.535s][info ][gc,start       ] GC(122) Pause Young (Allocation Failure)
[1168.538s][debug][gc,phases      ] GC(122) Scavenge 3.008ms
[1168.538s][debug][gc,ref         ] GC(122) Skipped phase 1 of Reference Processing: no references
[1168.538s][debug][gc,ref         ] GC(122) ReferenceProcessor::execute queues: 1, RefProcThreadModel::Single, marks_oops_alive: false
[1168.538s][debug][gc,ref         ] GC(122) Skipped phase 3 of Reference Processing: no references
[1168.538s][debug][gc,ref         ] GC(122) ReferenceProcessor::execute queues: 1, RefProcThreadModel::Single, marks_oops_alive: false
[1168.538s][debug][gc,phases      ] GC(122) Reference Processing 0.098ms
[1168.538s][debug][gc,phases      ] GC(122)   VM Weak                        Min:  0.0, Avg:  0.0, Max:  0.0, Diff:  0.0, Sum:  0.0, Workers: 4
[1168.538s][debug][gc,phases      ] GC(122)     Dead                           Min: 0, Avg:  0.0, Max: 0, Diff: 0, Sum: 0, Workers: 4
[1168.538s][debug][gc,phases      ] GC(122)     Total                          Min: 0, Avg: 178.5, Max: 512, Diff: 512, Sum: 714, Workers: 4
[1168.538s][debug][gc,phases      ] GC(122)   ObjectSynchronizer Weak        Min:  0.0, Avg:  0.0, Max:  0.0, Diff:  0.0, Sum:  0.0, Workers: 4
[1168.538s][debug][gc,phases      ] GC(122)     Dead                           Min: 0, Avg:  0.0, Max: 0, Diff: 0, Sum: 0, Workers: 4
[1168.538s][debug][gc,phases      ] GC(122)     Total                          Min: 0, Avg: 89.2, Max: 165, Diff: 165, Sum: 357, Workers: 4
[1168.538s][debug][gc,phases      ] GC(122)   JVMTI Tag Weak OopStorage      Min:  0.0, Avg:  0.0, Max:  0.0, Diff:  0.0, Sum:  0.0, Workers: 4
[1168.538s][debug][gc,phases      ] GC(122)     Dead                           Min: 0, Avg:  0.0, Max: 0, Diff: 0, Sum: 0, Workers: 4
[1168.538s][debug][gc,phases      ] GC(122)     Total                          Min: 0, Avg:  0.0, Max: 0, Diff: 0, Sum: 0, Workers: 4
[1168.538s][debug][gc,phases      ] GC(122)   StringTable Weak               Min:  0.1, Avg:  0.1, Max:  0.1, Diff:  0.0, Sum:  0.4, Workers: 4
[1168.538s][debug][gc,phases      ] GC(122)     Dead                           Min: 0, Avg:  0.0, Max: 0, Diff: 0, Sum: 0, Workers: 4
[1168.538s][debug][gc,phases      ] GC(122)     Total                          Min: 9728, Avg: 12099.0, Max: 14400, Diff: 4672, Sum: 48396, Workers: 4
[1168.538s][debug][gc,phases      ] GC(122)   ResolvedMethodTable Weak       Min:  0.0, Avg:  0.0, Max:  0.0, Diff:  0.0, Sum:  0.1, Workers: 4
[1168.538s][debug][gc,phases      ] GC(122)     Dead                           Min: 0, Avg:  0.0, Max: 0, Diff: 0, Sum: 0, Workers: 4
[1168.538s][debug][gc,phases      ] GC(122)     Total                          Min: 1536, Avg: 2099.2, Max: 2560, Diff: 1024, Sum: 8397, Workers: 4
[1168.538s][debug][gc,phases      ] GC(122)   JNI Weak                       Min:  0.0, Avg:  0.0, Max:  0.0, Diff:  0.0, Sum:  0.0, Workers: 4
[1168.538s][debug][gc,phases      ] GC(122)     Dead                           Min: 0, Avg:  0.0, Max: 0, Diff: 0, Sum: 0, Workers: 4
[1168.538s][debug][gc,phases      ] GC(122)     Total                          Min: 0, Avg:  0.0, Max: 0, Diff: 0, Sum: 0, Workers: 4
[1168.538s][debug][gc,phases      ] GC(122)   StringDedup Table Weak         Min:  0.0, Avg:  0.0, Max:  0.0, Diff:  0.0, Sum:  0.0, Workers: 4
[1168.538s][debug][gc,phases      ] GC(122)     Dead                           Min: 0, Avg:  0.0, Max: 0, Diff: 0, Sum: 0, Workers: 4
[1168.538s][debug][gc,phases      ] GC(122)     Total                          Min: 0, Avg:  0.0, Max: 0, Diff: 0, Sum: 0, Workers: 4
[1168.538s][debug][gc,phases      ] GC(122)   StringDedup Requests0 Weak     Min:  0.0, Avg:  0.0, Max:  0.0, Diff:  0.0, Sum:  0.0, Workers: 4
[1168.538s][debug][gc,phases      ] GC(122)     Dead                           Min: 0, Avg:  0.0, Max: 0, Diff: 0, Sum: 0, Workers: 4
[1168.538s][debug][gc,phases      ] GC(122)     Total                          Min: 0, Avg:  0.0, Max: 0, Diff: 0, Sum: 0, Workers: 4
[1168.538s][debug][gc,phases      ] GC(122)   StringDedup Requests1 Weak     Min:  0.0, Avg:  0.0, Max:  0.0, Diff:  0.0, Sum:  0.0, Workers: 4
[1168.538s][debug][gc,phases      ] GC(122)     Dead                           Min: 0, Avg:  0.0, Max: 0, Diff: 0, Sum: 0, Workers: 4
[1168.538s][debug][gc,phases      ] GC(122)     Total                          Min: 0, Avg:  0.0, Max: 0, Diff: 0, Sum: 0, Workers: 4
[1168.538s][debug][gc,phases      ] GC(122)   Weak JFR Old Object Samples    Min:  0.0, Avg:  0.0, Max:  0.0, Diff:  0.0, Sum:  0.0, Workers: 4
[1168.538s][debug][gc,phases      ] GC(122)     Dead                           Min: 0, Avg:  0.0, Max: 0, Diff: 0, Sum: 0, Workers: 4
[1168.538s][debug][gc,phases      ] GC(122)     Total                          Min: 0, Avg:  0.0, Max: 0, Diff: 0, Sum: 0, Workers: 4
[1168.538s][debug][gc,phases      ] GC(122) Weak Processing 0.275ms
[1168.538s][debug][gc,age         ] GC(122) Desired survivor size 93323264 bytes, new threshold 15 (max threshold 15)
[1168.538s][info ][gc,heap        ] GC(122) PSYoungGen: 1913888K(2002944K)->7760K(2000384K) Eden: 1906176K(1906176K)->0K(1906176K) From: 7712K(96768K)->7760K(94208K)
[1168.538s][info ][gc,heap        ] GC(122) ParOldGen: 481238K(606720K)->481238K(606720K)
[1168.538s][info ][gc,metaspace   ] GC(122) Metaspace: 83951K(84800K)->83951K(84800K) NonClass: 72223K(72704K)->72223K(72704K) Class: 11728K(12096K)->11728K(12096K)
[1168.538s][info ][gc             ] GC(122) Pause Young (Allocation Failure) 2338M->477M(2546M) 3.481ms
[1168.538s][info ][gc,cpu         ] GC(122) User=0.01s Sys=0.00s Real=0.00s
[1168.538s][info ][safepoint      ] Safepoint "ParallelGCFailedAllocation", Time since last: 2571539363 ns, Reaching safepoint: 42100 ns, At safepoint: 3547481 ns, Total: 3589581 ns
[1172.539s][info ][safepoint      ] Safepoint "Cleanup", Time since last: 4000233029 ns, Reaching safepoint: 57500 ns, At safepoint: 9800 ns, Total: 67300 ns
[1173.539s][info ][safepoint      ] Safepoint "Cleanup", Time since last: 1000109857 ns, Reaching safepoint: 47800 ns, At safepoint: 2900 ns, Total: 50700 ns
[1175.539s][info ][safepoint      ] Safepoint "Cleanup", Time since last: 2000175515 ns, Reaching safepoint: 46699 ns, At safepoint: 6700 ns, Total: 53399 ns
[1178.539s][info ][safepoint      ] Safepoint "Cleanup", Time since last: 3000234072 ns, Reaching safepoint: 45000 ns, At safepoint: 3300 ns, Total: 48300 ns
[1181.540s][info ][safepoint      ] Safepoint "Cleanup", Time since last: 3000245072 ns, Reaching safepoint: 45800 ns, At safepoint: 3100 ns, Total: 48900 ns
[1190.540s][info ][safepoint      ] Safepoint "Cleanup", Time since last: 9000595516 ns, Reaching safepoint: 54300 ns, At safepoint: 7800 ns, Total: 62100 ns
[1201.541s][info ][safepoint      ] Safepoint "Cleanup", Time since last: 11000744731 ns, Reaching safepoint: 48900 ns, At safepoint: 27799 ns, Total: 76699 ns
[1204.541s][info ][safepoint      ] Safepoint "Cleanup", Time since last: 3000197872 ns, Reaching safepoint: 45900 ns, At safepoint: 6900 ns, Total: 52800 ns
[1205.541s][info ][safepoint      ] Safepoint "Cleanup", Time since last: 1000098157 ns, Reaching safepoint: 48100 ns, At safepoint: 9200 ns, Total: 57300 ns
[1206.542s][info ][safepoint      ] Safepoint "Cleanup", Time since last: 1000125757 ns, Reaching safepoint: 57800 ns, At safepoint: 10200 ns, Total: 68000 ns
[1207.542s][info ][safepoint      ] Safepoint "Cleanup", Time since last: 1000099357 ns, Reaching safepoint: 52699 ns, At safepoint: 8200 ns, Total: 60899 ns
[1208.542s][info ][safepoint      ] Safepoint "Cleanup", Time since last: 1000113058 ns, Reaching safepoint: 64299 ns, At safepoint: 12200 ns, Total: 76499 ns
[1213.542s][info ][safepoint      ] Safepoint "Cleanup", Time since last: 5000354387 ns, Reaching safepoint: 56999 ns, At safepoint: 7600 ns, Total: 64599 ns
[1214.543s][info ][safepoint      ] Safepoint "Cleanup", Time since last: 1000130057 ns, Reaching safepoint: 44000 ns, At safepoint: 2800 ns, Total: 46800 ns
[1215.543s][info ][safepoint      ] Safepoint "Cleanup", Time since last: 1000114757 ns, Reaching safepoint: 34200 ns, At safepoint: 2300 ns, Total: 36500 ns
[1216.543s][info ][safepoint      ] Safepoint "Cleanup", Time since last: 1000113957 ns, Reaching safepoint: 56200 ns, At safepoint: 5799 ns, Total: 61999 ns
[1217.543s][info ][safepoint      ] Safepoint "Cleanup", Time since last: 1000110658 ns, Reaching safepoint: 40499 ns, At safepoint: 3000 ns, Total: 43499 ns
[1218.543s][info ][safepoint      ] Safepoint "Cleanup", Time since last: 1000104057 ns, Reaching safepoint: 49500 ns, At safepoint: 3000 ns, Total: 52500 ns
[1219.543s][info ][safepoint      ] Safepoint "Cleanup", Time since last: 1000110957 ns, Reaching safepoint: 43300 ns, At safepoint: 5600 ns, Total: 48900 ns
[1220.544s][info ][safepoint      ] Safepoint "Cleanup", Time since last: 1000108857 ns, Reaching safepoint: 55200 ns, At safepoint: 10400 ns, Total: 65600 ns
[1223.544s][info ][safepoint      ] Safepoint "Cleanup", Time since last: 3000255471 ns, Reaching safepoint: 38300 ns, At safepoint: 3000 ns, Total: 41300 ns
[1224.544s][info ][safepoint      ] Safepoint "Cleanup", Time since last: 1000110457 ns, Reaching safepoint: 52600 ns, At safepoint: 7200 ns, Total: 59800 ns
[1228.544s][info ][safepoint      ] Safepoint "Cleanup", Time since last: 4000326428 ns, Reaching safepoint: 35000 ns, At safepoint: 3200 ns, Total: 38200 ns
[1231.545s][info ][safepoint      ] Safepoint "Cleanup", Time since last: 3000238672 ns, Reaching safepoint: 46700 ns, At safepoint: 2800 ns, Total: 49500 ns
[1235.545s][info ][safepoint      ] Safepoint "Cleanup", Time since last: 4000307628 ns, Reaching safepoint: 64500 ns, At safepoint: 13000 ns, Total: 77500 ns
[1243.546s][info ][safepoint      ] Safepoint "Cleanup", Time since last: 8000594858 ns, Reaching safepoint: 62399 ns, At safepoint: 15200 ns, Total: 77599 ns
[1248.546s][info ][safepoint      ] Safepoint "Cleanup", Time since last: 5000340286 ns, Reaching safepoint: 53300 ns, At safepoint: 3300 ns, Total: 56600 ns
[1250.546s][info ][safepoint      ] Safepoint "Cleanup", Time since last: 2000191714 ns, Reaching safepoint: 59100 ns, At safepoint: 3100 ns, Total: 62200 ns
[1251.546s][info ][safepoint      ] Safepoint "Cleanup", Time since last: 1000076357 ns, Reaching safepoint: 36400 ns, At safepoint: 3400 ns, Total: 39800 ns
[1266.124s][info ][gc,start       ] GC(123) Pause Young (Allocation Failure)
[1266.127s][debug][gc,phases      ] GC(123) Scavenge 3.130ms
[1266.127s][debug][gc,ref         ] GC(123) Skipped phase 1 of Reference Processing: no references
[1266.127s][debug][gc,ref         ] GC(123) ReferenceProcessor::execute queues: 1, RefProcThreadModel::Single, marks_oops_alive: false
[1266.127s][debug][gc,ref         ] GC(123) Skipped phase 3 of Reference Processing: no references
[1266.127s][debug][gc,ref         ] GC(123) ReferenceProcessor::execute queues: 1, RefProcThreadModel::Single, marks_oops_alive: false
[1266.127s][debug][gc,phases      ] GC(123) Reference Processing 0.106ms
[1266.127s][debug][gc,phases      ] GC(123)   VM Weak                        Min:  0.0, Avg:  0.0, Max:  0.0, Diff:  0.0, Sum:  0.0, Workers: 4
[1266.128s][debug][gc,phases      ] GC(123)     Dead                           Min: 0, Avg:  0.0, Max: 0, Diff: 0, Sum: 0, Workers: 4
[1266.128s][debug][gc,phases      ] GC(123)     Total                          Min: 0, Avg: 178.5, Max: 714, Diff: 714, Sum: 714, Workers: 4
[1266.128s][debug][gc,phases      ] GC(123)   ObjectSynchronizer Weak        Min:  0.0, Avg:  0.0, Max:  0.0, Diff:  0.0, Sum:  0.0, Workers: 4
[1266.128s][debug][gc,phases      ] GC(123)     Dead                           Min: 0, Avg:  0.0, Max: 0, Diff: 0, Sum: 0, Workers: 4
[1266.128s][debug][gc,phases      ] GC(123)     Total                          Min: 0, Avg: 89.2, Max: 192, Diff: 192, Sum: 357, Workers: 4
[1266.128s][debug][gc,phases      ] GC(123)   JVMTI Tag Weak OopStorage      Min:  0.0, Avg:  0.0, Max:  0.0, Diff:  0.0, Sum:  0.0, Workers: 4
[1266.128s][debug][gc,phases      ] GC(123)     Dead                           Min: 0, Avg:  0.0, Max: 0, Diff: 0, Sum: 0, Workers: 4
[1266.128s][debug][gc,phases      ] GC(123)     Total                          Min: 0, Avg:  0.0, Max: 0, Diff: 0, Sum: 0, Workers: 4
[1266.128s][debug][gc,phases      ] GC(123)   StringTable Weak               Min:  0.1, Avg:  0.1, Max:  0.1, Diff:  0.0, Sum:  0.4, Workers: 4
[1266.128s][debug][gc,phases      ] GC(123)     Dead                           Min: 0, Avg:  0.0, Max: 0, Diff: 0, Sum: 0, Workers: 4
[1266.128s][debug][gc,phases      ] GC(123)     Total                          Min: 7104, Avg: 12104.2, Max: 15905, Diff: 8801, Sum: 48417, Workers: 4
[1266.128s][debug][gc,phases      ] GC(123)   ResolvedMethodTable Weak       Min:  0.0, Avg:  0.0, Max:  0.0, Diff:  0.0, Sum:  0.1, Workers: 4
[1266.128s][debug][gc,phases      ] GC(123)     Dead                           Min: 0, Avg:  4.0, Max: 16, Diff: 16, Sum: 16, Workers: 4
[1266.128s][debug][gc,phases      ] GC(123)     Total                          Min: 1723, Avg: 2102.5, Max: 2494, Diff: 771, Sum: 8410, Workers: 4
[1266.128s][debug][gc,phases      ] GC(123)   JNI Weak                       Min:  0.0, Avg:  0.0, Max:  0.0, Diff:  0.0, Sum:  0.0, Workers: 4
[1266.128s][debug][gc,phases      ] GC(123)     Dead                           Min: 0, Avg:  0.0, Max: 0, Diff: 0, Sum: 0, Workers: 4
[1266.128s][debug][gc,phases      ] GC(123)     Total                          Min: 0, Avg:  0.0, Max: 0, Diff: 0, Sum: 0, Workers: 4
[1266.128s][debug][gc,phases      ] GC(123)   StringDedup Table Weak         Min:  0.0, Avg:  0.0, Max:  0.0, Diff:  0.0, Sum:  0.0, Workers: 4
[1266.128s][debug][gc,phases      ] GC(123)     Dead                           Min: 0, Avg:  0.0, Max: 0, Diff: 0, Sum: 0, Workers: 4
[1266.128s][debug][gc,phases      ] GC(123)     Total                          Min: 0, Avg:  0.0, Max: 0, Diff: 0, Sum: 0, Workers: 4
[1266.128s][debug][gc,phases      ] GC(123)   StringDedup Requests0 Weak     Min:  0.0, Avg:  0.0, Max:  0.0, Diff:  0.0, Sum:  0.0, Workers: 4
[1266.128s][debug][gc,phases      ] GC(123)     Dead                           Min: 0, Avg:  0.0, Max: 0, Diff: 0, Sum: 0, Workers: 4
[1266.128s][debug][gc,phases      ] GC(123)     Total                          Min: 0, Avg:  0.0, Max: 0, Diff: 0, Sum: 0, Workers: 4
[1266.128s][debug][gc,phases      ] GC(123)   StringDedup Requests1 Weak     Min:  0.0, Avg:  0.0, Max:  0.0, Diff:  0.0, Sum:  0.0, Workers: 4
[1266.128s][debug][gc,phases      ] GC(123)     Dead                           Min: 0, Avg:  0.0, Max: 0, Diff: 0, Sum: 0, Workers: 4
[1266.128s][debug][gc,phases      ] GC(123)     Total                          Min: 0, Avg:  0.0, Max: 0, Diff: 0, Sum: 0, Workers: 4
[1266.128s][debug][gc,phases      ] GC(123)   Weak JFR Old Object Samples    Min:  0.0, Avg:  0.0, Max:  0.0, Diff:  0.0, Sum:  0.0, Workers: 4
[1266.128s][debug][gc,phases      ] GC(123)     Dead                           Min: 0, Avg:  0.0, Max: 0, Diff: 0, Sum: 0, Workers: 4
[1266.128s][debug][gc,phases      ] GC(123)     Total                          Min: 0, Avg:  0.0, Max: 0, Diff: 0, Sum: 0, Workers: 4
[1266.128s][debug][gc,phases      ] GC(123) Weak Processing 0.273ms
[1266.128s][debug][gc,age         ] GC(123) Desired survivor size 90177536 bytes, new threshold 15 (max threshold 15)
[1266.128s][info ][gc,heap        ] GC(123) PSYoungGen: 1913936K(2000384K)->8000K(2009088K) Eden: 1906176K(1906176K)->0K(1917952K) From: 7760K(94208K)->8000K(91136K)
[1266.128s][info ][gc,heap        ] GC(123) ParOldGen: 481238K(606720K)->481246K(606720K)
[1266.128s][info ][gc,metaspace   ] GC(123) Metaspace: 84020K(84928K)->84020K(84928K) NonClass: 72285K(72768K)->72285K(72768K) Class: 11734K(12160K)->11734K(12160K)
[1266.128s][info ][gc             ] GC(123) Pause Young (Allocation Failure) 2339M->477M(2554M) 3.612ms
[1266.128s][info ][gc,cpu         ] GC(123) User=0.02s Sys=0.00s Real=0.00s
[1266.128s][info ][safepoint      ] Safepoint "ParallelGCFailedAllocation", Time since last: 14577509720 ns, Reaching safepoint: 47600 ns, At safepoint: 3682280 ns, Total: 3729880 ns
[1269.128s][info ][safepoint      ] Safepoint "Cleanup", Time since last: 3000213271 ns, Reaching safepoint: 105800 ns, At safepoint: 4900 ns, Total: 110700 ns
[1272.128s][info ][safepoint      ] Safepoint "Cleanup", Time since last: 3000236371 ns, Reaching safepoint: 111800 ns, At safepoint: 7000 ns, Total: 118800 ns
[1274.455s][info ][safepoint      ] Safepoint "Cleanup", Time since last: 2326117472 ns, Reaching safepoint: 74500 ns, At safepoint: 10900 ns, Total: 85400 ns
[1275.455s][info ][safepoint      ] Safepoint "Cleanup", Time since last: 1000108357 ns, Reaching safepoint: 44100 ns, At safepoint: 9899 ns, Total: 53999 ns
[1276.455s][info ][safepoint      ] Safepoint "Cleanup", Time since last: 1000111257 ns, Reaching safepoint: 53400 ns, At safepoint: 8100 ns, Total: 61500 ns
[1277.455s][info ][safepoint      ] Safepoint "Cleanup", Time since last: 1000078457 ns, Reaching safepoint: 43000 ns, At safepoint: 2600 ns, Total: 45600 ns
[1278.455s][info ][safepoint      ] Safepoint "Cleanup", Time since last: 1000108357 ns, Reaching safepoint: 58299 ns, At safepoint: 6500 ns, Total: 64799 ns
[1285.456s][info ][safepoint      ] Safepoint "Cleanup", Time since last: 7000465900 ns, Reaching safepoint: 40800 ns, At safepoint: 3600 ns, Total: 44400 ns
[1286.456s][info ][safepoint      ] Safepoint "Cleanup", Time since last: 1000098557 ns, Reaching safepoint: 51100 ns, At safepoint: 4800 ns, Total: 55900 ns
[1295.456s][info ][safepoint      ] Safepoint "Cleanup", Time since last: 9000581514 ns, Reaching safepoint: 36200 ns, At safepoint: 3300 ns, Total: 39500 ns
[1304.457s][info ][safepoint      ] Safepoint "Cleanup", Time since last: 9000624313 ns, Reaching safepoint: 58500 ns, At safepoint: 5500 ns, Total: 64000 ns
[1327.459s][info ][safepoint      ] Safepoint "Cleanup", Time since last: 23001466913 ns, Reaching safepoint: 53099 ns, At safepoint: 2500 ns, Total: 55599 ns
[1329.459s][info ][safepoint      ] Safepoint "Cleanup", Time since last: 2000175114 ns, Reaching safepoint: 40900 ns, At safepoint: 5000 ns, Total: 45900 ns
[1330.459s][info ][safepoint      ] Safepoint "Cleanup", Time since last: 1000101057 ns, Reaching safepoint: 40700 ns, At safepoint: 2700 ns, Total: 43400 ns
[1334.460s][info ][safepoint      ] Safepoint "Cleanup", Time since last: 4000292128 ns, Reaching safepoint: 140399 ns, At safepoint: 5000 ns, Total: 145399 ns
[1334.629s][info ][safepoint      ] Safepoint "ICBufferFull", Time since last: 169078097 ns, Reaching safepoint: 160599 ns, At safepoint: 2300 ns, Total: 162899 ns
[1335.629s][info ][safepoint      ] Safepoint "Cleanup", Time since last: 1000101756 ns, Reaching safepoint: 156100 ns, At safepoint: 7200 ns, Total: 163300 ns
[1336.629s][info ][safepoint      ] Safepoint "Cleanup", Time since last: 1000060357 ns, Reaching safepoint: 132399 ns, At safepoint: 8700 ns, Total: 141099 ns
[1337.629s][info ][safepoint      ] Safepoint "Cleanup", Time since last: 1000100757 ns, Reaching safepoint: 111799 ns, At safepoint: 5500 ns, Total: 117299 ns
[1338.630s][info ][safepoint      ] Safepoint "Cleanup", Time since last: 1000073957 ns, Reaching safepoint: 118199 ns, At safepoint: 8000 ns, Total: 126199 ns
[1339.630s][info ][safepoint      ] Safepoint "Cleanup", Time since last: 1000097757 ns, Reaching safepoint: 119300 ns, At safepoint: 7800 ns, Total: 127100 ns
[1340.630s][info ][safepoint      ] Safepoint "Cleanup", Time since last: 1000110256 ns, Reaching safepoint: 120700 ns, At safepoint: 9800 ns, Total: 130500 ns
[1342.630s][info ][safepoint      ] Safepoint "Cleanup", Time since last: 2000124814 ns, Reaching safepoint: 120099 ns, At safepoint: 6500 ns, Total: 126599 ns
[1343.631s][info ][safepoint      ] Safepoint "Cleanup", Time since last: 1000060157 ns, Reaching safepoint: 111999 ns, At safepoint: 12100 ns, Total: 124099 ns
[1345.704s][info ][safepoint      ] Safepoint "Cleanup", Time since last: 2072993825 ns, Reaching safepoint: 146699 ns, At safepoint: 7800 ns, Total: 154499 ns
[1347.704s][info ][safepoint      ] Safepoint "Cleanup", Time since last: 2000139014 ns, Reaching safepoint: 38700 ns, At safepoint: 2800 ns, Total: 41500 ns
[1348.480s][info ][gc,start       ] GC(124) Pause Young (Allocation Failure)
[1348.484s][debug][gc,phases      ] GC(124) Scavenge 4.739ms
[1348.484s][debug][gc,ref         ] GC(124) Skipped phase 1 of Reference Processing: no references
[1348.484s][debug][gc,ref         ] GC(124) ReferenceProcessor::execute queues: 1, RefProcThreadModel::Single, marks_oops_alive: false
[1348.485s][debug][gc,ref         ] GC(124) ReferenceProcessor::execute queues: 4, RefProcThreadModel::Multi, marks_oops_alive: true
[1348.485s][debug][gc,ref         ] GC(124) ReferenceProcessor::execute queues: 1, RefProcThreadModel::Single, marks_oops_alive: false
[1348.485s][debug][gc,phases      ] GC(124) Reference Processing 0.180ms
[1348.485s][debug][gc,phases      ] GC(124)   VM Weak                        Min:  0.0, Avg:  0.0, Max:  0.0, Diff:  0.0, Sum:  0.0, Workers: 4
[1348.485s][debug][gc,phases      ] GC(124)     Dead                           Min: 0, Avg:  0.0, Max: 0, Diff: 0, Sum: 0, Workers: 4
[1348.485s][debug][gc,phases      ] GC(124)     Total                          Min: 0, Avg: 179.0, Max: 396, Diff: 396, Sum: 716, Workers: 4
[1348.485s][debug][gc,phases      ] GC(124)   ObjectSynchronizer Weak        Min:  0.0, Avg:  0.0, Max:  0.0, Diff:  0.0, Sum:  0.0, Workers: 4
[1348.485s][debug][gc,phases      ] GC(124)     Dead                           Min: 0, Avg:  0.0, Max: 0, Diff: 0, Sum: 0, Workers: 4
[1348.485s][debug][gc,phases      ] GC(124)     Total                          Min: 0, Avg: 89.5, Max: 128, Diff: 128, Sum: 358, Workers: 4
[1348.485s][debug][gc,phases      ] GC(124)   JVMTI Tag Weak OopStorage      Min:  0.0, Avg:  0.0, Max:  0.0, Diff:  0.0, Sum:  0.0, Workers: 4
[1348.485s][debug][gc,phases      ] GC(124)     Dead                           Min: 0, Avg:  0.0, Max: 0, Diff: 0, Sum: 0, Workers: 4
[1348.485s][debug][gc,phases      ] GC(124)     Total                          Min: 0, Avg:  0.0, Max: 0, Diff: 0, Sum: 0, Workers: 4
[1348.485s][debug][gc,phases      ] GC(124)   StringTable Weak               Min:  0.1, Avg:  0.1, Max:  0.1, Diff:  0.0, Sum:  0.3, Workers: 4
[1348.485s][debug][gc,phases      ] GC(124)     Dead                           Min: 0, Avg:  0.5, Max: 2, Diff: 2, Sum: 2, Workers: 4
[1348.485s][debug][gc,phases      ] GC(124)     Total                          Min: 8640, Avg: 12126.5, Max: 13440, Diff: 4800, Sum: 48506, Workers: 4
[1348.485s][debug][gc,phases      ] GC(124)   ResolvedMethodTable Weak       Min:  0.0, Avg:  0.0, Max:  0.0, Diff:  0.0, Sum:  0.1, Workers: 4
[1348.485s][debug][gc,phases      ] GC(124)     Dead                           Min: 0, Avg:  0.0, Max: 0, Diff: 0, Sum: 0, Workers: 4
[1348.485s][debug][gc,phases      ] GC(124)     Total                          Min: 1664, Avg: 2103.8, Max: 2465, Diff: 801, Sum: 8415, Workers: 4
[1348.485s][debug][gc,phases      ] GC(124)   JNI Weak                       Min:  0.0, Avg:  0.0, Max:  0.0, Diff:  0.0, Sum:  0.0, Workers: 4
[1348.485s][debug][gc,phases      ] GC(124)     Dead                           Min: 0, Avg:  0.0, Max: 0, Diff: 0, Sum: 0, Workers: 4
[1348.485s][debug][gc,phases      ] GC(124)     Total                          Min: 0, Avg:  0.0, Max: 0, Diff: 0, Sum: 0, Workers: 4
[1348.485s][debug][gc,phases      ] GC(124)   StringDedup Table Weak         Min:  0.0, Avg:  0.0, Max:  0.0, Diff:  0.0, Sum:  0.0, Workers: 4
[1348.485s][debug][gc,phases      ] GC(124)     Dead                           Min: 0, Avg:  0.0, Max: 0, Diff: 0, Sum: 0, Workers: 4
[1348.485s][debug][gc,phases      ] GC(124)     Total                          Min: 0, Avg:  0.0, Max: 0, Diff: 0, Sum: 0, Workers: 4
[1348.485s][debug][gc,phases      ] GC(124)   StringDedup Requests0 Weak     Min:  0.0, Avg:  0.0, Max:  0.0, Diff:  0.0, Sum:  0.0, Workers: 4
[1348.485s][debug][gc,phases      ] GC(124)     Dead                           Min: 0, Avg:  0.0, Max: 0, Diff: 0, Sum: 0, Workers: 4
[1348.485s][debug][gc,phases      ] GC(124)     Total                          Min: 0, Avg:  0.0, Max: 0, Diff: 0, Sum: 0, Workers: 4
[1348.485s][debug][gc,phases      ] GC(124)   StringDedup Requests1 Weak     Min:  0.0, Avg:  0.0, Max:  0.0, Diff:  0.0, Sum:  0.0, Workers: 4
[1348.485s][debug][gc,phases      ] GC(124)     Dead                           Min: 0, Avg:  0.0, Max: 0, Diff: 0, Sum: 0, Workers: 4
[1348.485s][debug][gc,phases      ] GC(124)     Total                          Min: 0, Avg:  0.0, Max: 0, Diff: 0, Sum: 0, Workers: 4
[1348.485s][debug][gc,phases      ] GC(124)   Weak JFR Old Object Samples    Min:  0.0, Avg:  0.0, Max:  0.0, Diff:  0.0, Sum:  0.0, Workers: 4
[1348.485s][debug][gc,phases      ] GC(124)     Dead                           Min: 0, Avg:  0.0, Max: 0, Diff: 0, Sum: 0, Workers: 4
[1348.485s][debug][gc,phases      ] GC(124)     Total                          Min: 0, Avg:  0.0, Max: 0, Diff: 0, Sum: 0, Workers: 4
[1348.485s][debug][gc,phases      ] GC(124) Weak Processing 0.255ms
[1348.485s][debug][gc,age         ] GC(124) Desired survivor size 84410368 bytes, new threshold 15 (max threshold 15)
[1348.485s][info ][gc,heap        ] GC(124) PSYoungGen: 1925952K(2009088K)->27198K(2006016K) Eden: 1917952K(1917952K)->0K(1917952K) From: 8000K(91136K)->27198K(88064K)
[1348.485s][info ][gc,heap        ] GC(124) ParOldGen: 481246K(606720K)->481254K(606720K)
[1348.485s][info ][gc,metaspace   ] GC(124) Metaspace: 84172K(85056K)->84172K(85056K) NonClass: 72434K(72896K)->72434K(72896K) Class: 11737K(12160K)->11737K(12160K)
[1348.485s][info ][gc             ] GC(124) Pause Young (Allocation Failure) 2350M->496M(2551M) 5.272ms
[1348.485s][info ][gc,cpu         ] GC(124) User=0.02s Sys=0.00s Real=0.01s
[1348.485s][info ][safepoint      ] Safepoint "ParallelGCFailedAllocation", Time since last: 775685356 ns, Reaching safepoint: 41100 ns, At safepoint: 5340371 ns, Total: 5381471 ns
[1349.485s][info ][safepoint      ] Safepoint "Cleanup", Time since last: 1000084757 ns, Reaching safepoint: 38500 ns, At safepoint: 5500 ns, Total: 44000 ns
[1354.480s][info ][safepoint      ] Safepoint "Cleanup", Time since last: 4995158012 ns, Reaching safepoint: 100600 ns, At safepoint: 15700 ns, Total: 116300 ns
[1355.589s][info ][safepoint      ] Safepoint "Cleanup", Time since last: 1108519277 ns, Reaching safepoint: 54800 ns, At safepoint: 6500 ns, Total: 61300 ns
[1356.589s][info ][safepoint      ] Safepoint "Cleanup", Time since last: 1000074257 ns, Reaching safepoint: 46200 ns, At safepoint: 2700 ns, Total: 48900 ns
[1357.589s][info ][safepoint      ] Safepoint "Cleanup", Time since last: 1000106956 ns, Reaching safepoint: 50700 ns, At safepoint: 6400 ns, Total: 57100 ns
[1358.589s][info ][safepoint      ] Safepoint "Cleanup", Time since last: 1000107957 ns, Reaching safepoint: 50399 ns, At safepoint: 10800 ns, Total: 61199 ns
[1360.590s][info ][safepoint      ] Safepoint "Cleanup", Time since last: 2000149914 ns, Reaching safepoint: 47400 ns, At safepoint: 8500 ns, Total: 55900 ns
[1361.590s][info ][safepoint      ] Safepoint "Cleanup", Time since last: 1000105157 ns, Reaching safepoint: 48299 ns, At safepoint: 5800 ns, Total: 54099 ns
[1362.590s][info ][safepoint      ] Safepoint "Cleanup", Time since last: 1000105157 ns, Reaching safepoint: 89200 ns, At safepoint: 6400 ns, Total: 95600 ns
[1363.590s][info ][safepoint      ] Safepoint "Cleanup", Time since last: 1000132756 ns, Reaching safepoint: 42700 ns, At safepoint: 7600 ns, Total: 50300 ns
[1364.590s][info ][safepoint      ] Safepoint "Cleanup", Time since last: 1000111657 ns, Reaching safepoint: 62099 ns, At safepoint: 8100 ns, Total: 70199 ns
[1365.590s][info ][safepoint      ] Safepoint "Cleanup", Time since last: 1000108357 ns, Reaching safepoint: 57000 ns, At safepoint: 3600 ns, Total: 60600 ns
[1366.591s][info ][safepoint      ] Safepoint "Cleanup", Time since last: 1000110156 ns, Reaching safepoint: 49600 ns, At safepoint: 10700 ns, Total: 60300 ns
[1368.591s][info ][safepoint      ] Safepoint "Cleanup", Time since last: 2000174314 ns, Reaching safepoint: 34300 ns, At safepoint: 3100 ns, Total: 37400 ns
[1369.591s][info ][safepoint      ] Safepoint "Cleanup", Time since last: 1000112356 ns, Reaching safepoint: 39000 ns, At safepoint: 5400 ns, Total: 44400 ns
[1372.591s][info ][safepoint      ] Safepoint "Cleanup", Time since last: 3000235171 ns, Reaching safepoint: 50399 ns, At safepoint: 3000 ns, Total: 53399 ns
[1374.592s][info ][safepoint      ] Safepoint "Cleanup", Time since last: 2000179614 ns, Reaching safepoint: 52100 ns, At safepoint: 6900 ns, Total: 59000 ns
[1379.592s][info ][safepoint      ] Safepoint "Cleanup", Time since last: 5000361984 ns, Reaching safepoint: 59700 ns, At safepoint: 15800 ns, Total: 75500 ns
[1384.592s][info ][safepoint      ] Safepoint "Cleanup", Time since last: 5000365984 ns, Reaching safepoint: 53600 ns, At safepoint: 7100 ns, Total: 60700 ns
[1385.593s][info ][safepoint      ] Safepoint "Cleanup", Time since last: 1000110857 ns, Reaching safepoint: 36899 ns, At safepoint: 2800 ns, Total: 39699 ns
[1386.593s][info ][safepoint      ] Safepoint "Cleanup", Time since last: 1000113157 ns, Reaching safepoint: 55400 ns, At safepoint: 7600 ns, Total: 63000 ns
[1388.593s][info ][safepoint      ] Safepoint "Cleanup", Time since last: 2000186113 ns, Reaching safepoint: 53500 ns, At safepoint: 13800 ns, Total: 67300 ns
[1390.593s][info ][safepoint      ] Safepoint "Cleanup", Time since last: 2000187313 ns, Reaching safepoint: 32500 ns, At safepoint: 3200 ns, Total: 35700 ns
[1391.593s][info ][safepoint      ] Safepoint "Cleanup", Time since last: 1000116857 ns, Reaching safepoint: 59100 ns, At safepoint: 8400 ns, Total: 67500 ns
[1395.594s][info ][safepoint      ] Safepoint "Cleanup", Time since last: 4000312227 ns, Reaching safepoint: 41600 ns, At safepoint: 3100 ns, Total: 44700 ns
[1398.594s][info ][safepoint      ] Safepoint "Cleanup", Time since last: 3000234670 ns, Reaching safepoint: 34800 ns, At safepoint: 2700 ns, Total: 37500 ns
[1400.594s][info ][safepoint      ] Safepoint "Cleanup", Time since last: 2000185713 ns, Reaching safepoint: 55000 ns, At safepoint: 10300 ns, Total: 65300 ns
[1407.595s][info ][safepoint      ] Safepoint "Cleanup", Time since last: 7000520298 ns, Reaching safepoint: 43400 ns, At safepoint: 2500 ns, Total: 45900 ns
[1409.595s][info ][safepoint      ] Safepoint "Cleanup", Time since last: 2000170413 ns, Reaching safepoint: 46800 ns, At safepoint: 3000 ns, Total: 49800 ns
[1410.130s][info ][gc,start       ] GC(125) Pause Young (Allocation Failure)
[1410.135s][debug][gc,phases      ] GC(125) Scavenge 4.944ms
[1410.135s][debug][gc,ref         ] GC(125) Skipped phase 1 of Reference Processing: no references
[1410.135s][debug][gc,ref         ] GC(125) ReferenceProcessor::execute queues: 1, RefProcThreadModel::Single, marks_oops_alive: false
[1410.135s][debug][gc,ref         ] GC(125) Skipped phase 3 of Reference Processing: no references
[1410.135s][debug][gc,ref         ] GC(125) ReferenceProcessor::execute queues: 1, RefProcThreadModel::Single, marks_oops_alive: false
[1410.135s][debug][gc,phases      ] GC(125) Reference Processing 0.112ms
[1410.136s][debug][gc,phases      ] GC(125)   VM Weak                        Min:  0.0, Avg:  0.0, Max:  0.0, Diff:  0.0, Sum:  0.0, Workers: 4
[1410.136s][debug][gc,phases      ] GC(125)     Dead                           Min: 0, Avg:  0.0, Max: 0, Diff: 0, Sum: 0, Workers: 4
[1410.136s][debug][gc,phases      ] GC(125)     Total                          Min: 0, Avg: 179.0, Max: 704, Diff: 704, Sum: 716, Workers: 4
[1410.136s][debug][gc,phases      ] GC(125)   ObjectSynchronizer Weak        Min:  0.0, Avg:  0.0, Max:  0.0, Diff:  0.0, Sum:  0.0, Workers: 4
[1410.136s][debug][gc,phases      ] GC(125)     Dead                           Min: 0, Avg:  0.0, Max: 0, Diff: 0, Sum: 0, Workers: 4
[1410.136s][debug][gc,phases      ] GC(125)     Total                          Min: 0, Avg: 89.5, Max: 192, Diff: 192, Sum: 358, Workers: 4
[1410.136s][debug][gc,phases      ] GC(125)   JVMTI Tag Weak OopStorage      Min:  0.0, Avg:  0.0, Max:  0.0, Diff:  0.0, Sum:  0.0, Workers: 4
[1410.136s][debug][gc,phases      ] GC(125)     Dead                           Min: 0, Avg:  0.0, Max: 0, Diff: 0, Sum: 0, Workers: 4
[1410.136s][debug][gc,phases      ] GC(125)     Total                          Min: 0, Avg:  0.0, Max: 0, Diff: 0, Sum: 0, Workers: 4
[1410.136s][debug][gc,phases      ] GC(125)   StringTable Weak               Min:  0.1, Avg:  0.1, Max:  0.1, Diff:  0.0, Sum:  0.5, Workers: 4
[1410.136s][debug][gc,phases      ] GC(125)     Dead                           Min: 0, Avg:  0.2, Max: 1, Diff: 1, Sum: 1, Workers: 4
[1410.136s][debug][gc,phases      ] GC(125)     Total                          Min: 11850, Avg: 12130.5, Max: 12416, Diff: 566, Sum: 48522, Workers: 4
[1410.136s][debug][gc,phases      ] GC(125)   ResolvedMethodTable Weak       Min:  0.0, Avg:  0.0, Max:  0.0, Diff:  0.0, Sum:  0.1, Workers: 4
[1410.136s][debug][gc,phases      ] GC(125)     Dead                           Min: 0, Avg:  0.0, Max: 0, Diff: 0, Sum: 0, Workers: 4
[1410.136s][debug][gc,phases      ] GC(125)     Total                          Min: 2021, Avg: 2105.2, Max: 2176, Diff: 155, Sum: 8421, Workers: 4
[1410.136s][debug][gc,phases      ] GC(125)   JNI Weak                       Min:  0.0, Avg:  0.0, Max:  0.0, Diff:  0.0, Sum:  0.0, Workers: 4
[1410.136s][debug][gc,phases      ] GC(125)     Dead                           Min: 0, Avg:  0.0, Max: 0, Diff: 0, Sum: 0, Workers: 4
[1410.136s][debug][gc,phases      ] GC(125)     Total                          Min: 0, Avg:  0.0, Max: 0, Diff: 0, Sum: 0, Workers: 4
[1410.136s][debug][gc,phases      ] GC(125)   StringDedup Table Weak         Min:  0.0, Avg:  0.0, Max:  0.0, Diff:  0.0, Sum:  0.0, Workers: 4
[1410.136s][debug][gc,phases      ] GC(125)     Dead                           Min: 0, Avg:  0.0, Max: 0, Diff: 0, Sum: 0, Workers: 4
[1410.136s][debug][gc,phases      ] GC(125)     Total                          Min: 0, Avg:  0.0, Max: 0, Diff: 0, Sum: 0, Workers: 4
[1410.136s][debug][gc,phases      ] GC(125)   StringDedup Requests0 Weak     Min:  0.0, Avg:  0.0, Max:  0.0, Diff:  0.0, Sum:  0.0, Workers: 4
[1410.136s][debug][gc,phases      ] GC(125)     Dead                           Min: 0, Avg:  0.0, Max: 0, Diff: 0, Sum: 0, Workers: 4
[1410.136s][debug][gc,phases      ] GC(125)     Total                          Min: 0, Avg:  0.0, Max: 0, Diff: 0, Sum: 0, Workers: 4
[1410.136s][debug][gc,phases      ] GC(125)   StringDedup Requests1 Weak     Min:  0.0, Avg:  0.0, Max:  0.0, Diff:  0.0, Sum:  0.0, Workers: 4
[1410.136s][debug][gc,phases      ] GC(125)     Dead                           Min: 0, Avg:  0.0, Max: 0, Diff: 0, Sum: 0, Workers: 4
[1410.136s][debug][gc,phases      ] GC(125)     Total                          Min: 0, Avg:  0.0, Max: 0, Diff: 0, Sum: 0, Workers: 4
[1410.136s][debug][gc,phases      ] GC(125)   Weak JFR Old Object Samples    Min:  0.0, Avg:  0.0, Max:  0.0, Diff:  0.0, Sum:  0.0, Workers: 4
[1410.136s][debug][gc,phases      ] GC(125)     Dead                           Min: 0, Avg:  0.0, Max: 0, Diff: 0, Sum: 0, Workers: 4
[1410.136s][debug][gc,phases      ] GC(125)     Total                          Min: 0, Avg:  0.0, Max: 0, Diff: 0, Sum: 0, Workers: 4
[1410.136s][debug][gc,phases      ] GC(125) Weak Processing 0.286ms
[1410.136s][debug][gc,age         ] GC(125) Desired survivor size 79167488 bytes, new threshold 15 (max threshold 15)
[1410.136s][info ][gc,heap        ] GC(125) PSYoungGen: 1945150K(2006016K)->25597K(2019840K) Eden: 1917952K(1917952K)->0K(1937408K) From: 27198K(88064K)->25597K(82432K)
[1410.136s][info ][gc,heap        ] GC(125) ParOldGen: 481254K(606720K)->481254K(606720K)
[1410.136s][info ][gc,metaspace   ] GC(125) Metaspace: 84238K(85120K)->84238K(85120K) NonClass: 72493K(72960K)->72493K(72960K) Class: 11745K(12160K)->11745K(12160K)
[1410.136s][info ][gc             ] GC(125) Pause Young (Allocation Failure) 2369M->494M(2565M) 5.477ms
[1410.136s][info ][gc,cpu         ] GC(125) User=0.03s Sys=0.00s Real=0.01s
[1410.136s][info ][safepoint      ] Safepoint "ParallelGCFailedAllocation", Time since last: 535201741 ns, Reaching safepoint: 65499 ns, At safepoint: 5547671 ns, Total: 5613170 ns
[1411.136s][info ][safepoint      ] Safepoint "Cleanup", Time since last: 1000083756 ns, Reaching safepoint: 61700 ns, At safepoint: 5800 ns, Total: 67500 ns
[1413.136s][info ][safepoint      ] Safepoint "Cleanup", Time since last: 2000151614 ns, Reaching safepoint: 50499 ns, At safepoint: 13600 ns, Total: 64099 ns
[1414.136s][info ][safepoint      ] Safepoint "Cleanup", Time since last: 1000116757 ns, Reaching safepoint: 44200 ns, At safepoint: 5000 ns, Total: 49200 ns
[1416.137s][info ][safepoint      ] Safepoint "Cleanup", Time since last: 2000180313 ns, Reaching safepoint: 31900 ns, At safepoint: 8500 ns, Total: 40400 ns
[1429.138s][info ][safepoint      ] Safepoint "Cleanup", Time since last: 13000923839 ns, Reaching safepoint: 58599 ns, At safepoint: 11800 ns, Total: 70399 ns
[1433.138s][info ][safepoint      ] Safepoint "Cleanup", Time since last: 4000316927 ns, Reaching safepoint: 74000 ns, At safepoint: 8000 ns, Total: 82000 ns
[1436.138s][info ][safepoint      ] Safepoint "Cleanup", Time since last: 3000261670 ns, Reaching safepoint: 51400 ns, At safepoint: 5000 ns, Total: 56400 ns
[1438.139s][info ][safepoint      ] Safepoint "Cleanup", Time since last: 2000193813 ns, Reaching safepoint: 39500 ns, At safepoint: 2900 ns, Total: 42400 ns
[1452.140s][info ][safepoint      ] Safepoint "Cleanup", Time since last: 14000959058 ns, Reaching safepoint: 54500 ns, At safepoint: 10100 ns, Total: 64600 ns
[1456.140s][info ][safepoint      ] Safepoint "Cleanup", Time since last: 4000309016 ns, Reaching safepoint: 52700 ns, At safepoint: 8500 ns, Total: 61200 ns
[1469.141s][info ][safepoint      ] Safepoint "Cleanup", Time since last: 13000888369 ns, Reaching safepoint: 46000 ns, At safepoint: 8000 ns, Total: 54000 ns
[1475.976s][info ][gc,start       ] GC(126) Pause Young (Allocation Failure)
[1475.980s][debug][gc,phases      ] GC(126) Scavenge 4.383ms
[1475.980s][debug][gc,ref         ] GC(126) Skipped phase 1 of Reference Processing: no references
[1475.980s][debug][gc,ref         ] GC(126) ReferenceProcessor::execute queues: 1, RefProcThreadModel::Single, marks_oops_alive: false
[1475.980s][debug][gc,ref         ] GC(126) Skipped phase 3 of Reference Processing: no references
[1475.980s][debug][gc,ref         ] GC(126) ReferenceProcessor::execute queues: 1, RefProcThreadModel::Single, marks_oops_alive: false
[1475.980s][debug][gc,phases      ] GC(126) Reference Processing 0.103ms
[1475.980s][debug][gc,phases      ] GC(126)   VM Weak                        Min:  0.0, Avg:  0.0, Max:  0.0, Diff:  0.0, Sum:  0.0, Workers: 4
[1475.980s][debug][gc,phases      ] GC(126)     Dead                           Min: 0, Avg:  0.0, Max: 0, Diff: 0, Sum: 0, Workers: 4
[1475.980s][debug][gc,phases      ] GC(126)     Total                          Min: 0, Avg: 179.0, Max: 704, Diff: 704, Sum: 716, Workers: 4
[1475.980s][debug][gc,phases      ] GC(126)   ObjectSynchronizer Weak        Min:  0.0, Avg:  0.0, Max:  0.0, Diff:  0.0, Sum:  0.0, Workers: 4
[1475.980s][debug][gc,phases      ] GC(126)     Dead                           Min: 0, Avg:  0.0, Max: 0, Diff: 0, Sum: 0, Workers: 4
[1475.980s][debug][gc,phases      ] GC(126)     Total                          Min: 0, Avg: 89.5, Max: 230, Diff: 230, Sum: 358, Workers: 4
[1475.980s][debug][gc,phases      ] GC(126)   JVMTI Tag Weak OopStorage      Min:  0.0, Avg:  0.0, Max:  0.0, Diff:  0.0, Sum:  0.0, Workers: 4
[1475.980s][debug][gc,phases      ] GC(126)     Dead                           Min: 0, Avg:  0.0, Max: 0, Diff: 0, Sum: 0, Workers: 4
[1475.980s][debug][gc,phases      ] GC(126)     Total                          Min: 0, Avg:  0.0, Max: 0, Diff: 0, Sum: 0, Workers: 4
[1475.980s][debug][gc,phases      ] GC(126)   StringTable Weak               Min:  0.1, Avg:  0.1, Max:  0.1, Diff:  0.0, Sum:  0.4, Workers: 4
[1475.980s][debug][gc,phases      ] GC(126)     Dead                           Min: 0, Avg:  0.0, Max: 0, Diff: 0, Sum: 0, Workers: 4
[1475.980s][debug][gc,phases      ] GC(126)     Total                          Min: 9152, Avg: 12130.8, Max: 15488, Diff: 6336, Sum: 48523, Workers: 4
[1475.980s][debug][gc,phases      ] GC(126)   ResolvedMethodTable Weak       Min:  0.0, Avg:  0.0, Max:  0.0, Diff:  0.0, Sum:  0.1, Workers: 4
[1475.980s][debug][gc,phases      ] GC(126)     Dead                           Min: 0, Avg:  0.0, Max: 0, Diff: 0, Sum: 0, Workers: 4
[1475.980s][debug][gc,phases      ] GC(126)     Total                          Min: 1573, Avg: 2105.2, Max: 2496, Diff: 923, Sum: 8421, Workers: 4
[1475.980s][debug][gc,phases      ] GC(126)   JNI Weak                       Min:  0.0, Avg:  0.0, Max:  0.0, Diff:  0.0, Sum:  0.0, Workers: 4
[1475.980s][debug][gc,phases      ] GC(126)     Dead                           Min: 0, Avg:  0.0, Max: 0, Diff: 0, Sum: 0, Workers: 4
[1475.980s][debug][gc,phases      ] GC(126)     Total                          Min: 0, Avg:  0.0, Max: 0, Diff: 0, Sum: 0, Workers: 4
[1475.980s][debug][gc,phases      ] GC(126)   StringDedup Table Weak         Min:  0.0, Avg:  0.0, Max:  0.0, Diff:  0.0, Sum:  0.0, Workers: 4
[1475.980s][debug][gc,phases      ] GC(126)     Dead                           Min: 0, Avg:  0.0, Max: 0, Diff: 0, Sum: 0, Workers: 4
[1475.980s][debug][gc,phases      ] GC(126)     Total                          Min: 0, Avg:  0.0, Max: 0, Diff: 0, Sum: 0, Workers: 4
[1475.980s][debug][gc,phases      ] GC(126)   StringDedup Requests0 Weak     Min:  0.0, Avg:  0.0, Max:  0.0, Diff:  0.0, Sum:  0.0, Workers: 4
[1475.980s][debug][gc,phases      ] GC(126)     Dead                           Min: 0, Avg:  0.0, Max: 0, Diff: 0, Sum: 0, Workers: 4
[1475.980s][debug][gc,phases      ] GC(126)     Total                          Min: 0, Avg:  0.0, Max: 0, Diff: 0, Sum: 0, Workers: 4
[1475.980s][debug][gc,phases      ] GC(126)   StringDedup Requests1 Weak     Min:  0.0, Avg:  0.0, Max:  0.0, Diff:  0.0, Sum:  0.0, Workers: 4
[1475.980s][debug][gc,phases      ] GC(126)     Dead                           Min: 0, Avg:  0.0, Max: 0, Diff: 0, Sum: 0, Workers: 4
[1475.980s][debug][gc,phases      ] GC(126)     Total                          Min: 0, Avg:  0.0, Max: 0, Diff: 0, Sum: 0, Workers: 4
[1475.980s][debug][gc,phases      ] GC(126)   Weak JFR Old Object Samples    Min:  0.0, Avg:  0.0, Max:  0.0, Diff:  0.0, Sum:  0.0, Workers: 4
[1475.980s][debug][gc,phases      ] GC(126)     Dead                           Min: 0, Avg:  0.0, Max: 0, Diff: 0, Sum: 0, Workers: 4
[1475.980s][debug][gc,phases      ] GC(126)     Total                          Min: 0, Avg:  0.0, Max: 0, Diff: 0, Sum: 0, Workers: 4
[1475.980s][debug][gc,phases      ] GC(126) Weak Processing 0.279ms
[1475.980s][debug][gc,age         ] GC(126) Desired survivor size 73924608 bytes, new threshold 15 (max threshold 15)
[1475.980s][info ][gc,heap        ] GC(126) PSYoungGen: 1963005K(2019840K)->26221K(2014720K) Eden: 1937408K(1937408K)->0K(1937408K) From: 25597K(82432K)->26221K(77312K)
[1475.980s][info ][gc,heap        ] GC(126) ParOldGen: 481254K(606720K)->481262K(606720K)
[1475.980s][info ][gc,metaspace   ] GC(126) Metaspace: 84242K(85120K)->84242K(85120K) NonClass: 72496K(72960K)->72496K(72960K) Class: 11745K(12160K)->11745K(12160K)
[1475.980s][info ][gc             ] GC(126) Pause Young (Allocation Failure) 2386M->495M(2560M) 4.877ms
[1475.980s][info ][gc,cpu         ] GC(126) User=0.01s Sys=0.00s Real=0.00s
[1475.980s][info ][safepoint      ] Safepoint "ParallelGCFailedAllocation", Time since last: 6834577328 ns, Reaching safepoint: 43099 ns, At safepoint: 4955070 ns, Total: 4998169 ns
[1477.981s][info ][safepoint      ] Safepoint "Cleanup", Time since last: 2000171415 ns, Reaching safepoint: 119400 ns, At safepoint: 36099 ns, Total: 155499 ns
[1481.981s][info ][safepoint      ] Safepoint "Cleanup", Time since last: 4000298746 ns, Reaching safepoint: 117599 ns, At safepoint: 8500 ns, Total: 126099 ns
[1482.981s][info ][safepoint      ] Safepoint "Cleanup", Time since last: 1000058714 ns, Reaching safepoint: 128000 ns, At safepoint: 10399 ns, Total: 138399 ns
[1483.982s][info ][safepoint      ] Safepoint "Cleanup", Time since last: 1000099516 ns, Reaching safepoint: 106499 ns, At safepoint: 5200 ns, Total: 111699 ns
[1488.982s][info ][safepoint      ] Safepoint "Cleanup", Time since last: 5000360596 ns, Reaching safepoint: 121799 ns, At safepoint: 11600 ns, Total: 133399 ns
[1493.983s][info ][safepoint      ] Safepoint "Cleanup", Time since last: 5000350326 ns, Reaching safepoint: 108299 ns, At safepoint: 5600 ns, Total: 113899 ns
[1494.983s][info ][safepoint      ] Safepoint "Cleanup", Time since last: 1000102029 ns, Reaching safepoint: 39999 ns, At safepoint: 2200 ns, Total: 42199 ns
[1495.983s][info ][safepoint      ] Safepoint "Cleanup", Time since last: 1000104330 ns, Reaching safepoint: 112199 ns, At safepoint: 5900 ns, Total: 118099 ns
[1496.983s][info ][safepoint      ] Safepoint "Cleanup", Time since last: 1000104831 ns, Reaching safepoint: 73100 ns, At safepoint: 6700 ns, Total: 79800 ns
[1498.983s][info ][safepoint      ] Safepoint "Cleanup", Time since last: 2000161765 ns, Reaching safepoint: 34200 ns, At safepoint: 2900 ns, Total: 37100 ns
[1499.983s][info ][safepoint      ] Safepoint "Cleanup", Time since last: 1000094634 ns, Reaching safepoint: 40000 ns, At safepoint: 3300 ns, Total: 43300 ns
[1504.984s][info ][safepoint      ] Safepoint "Cleanup", Time since last: 5000298890 ns, Reaching safepoint: 35500 ns, At safepoint: 3100 ns, Total: 38600 ns
[1508.984s][info ][safepoint      ] Safepoint "Cleanup", Time since last: 4000223973 ns, Reaching safepoint: 44000 ns, At safepoint: 8100 ns, Total: 52100 ns
[1510.984s][info ][safepoint      ] Safepoint "Cleanup", Time since last: 2000173393 ns, Reaching safepoint: 48200 ns, At safepoint: 10800 ns, Total: 59000 ns
[1519.985s][info ][safepoint      ] Safepoint "Cleanup", Time since last: 9000571577 ns, Reaching safepoint: 52499 ns, At safepoint: 8100 ns, Total: 60599 ns
[1526.986s][info ][safepoint      ] Safepoint "Cleanup", Time since last: 7000485533 ns, Reaching safepoint: 46200 ns, At safepoint: 4800 ns, Total: 51000 ns
[1528.027s][info ][safepoint      ] Safepoint "Cleanup", Time since last: 1041796015 ns, Reaching safepoint: 109399 ns, At safepoint: 7800 ns, Total: 117199 ns
[1529.028s][info ][safepoint      ] Safepoint "Cleanup", Time since last: 1000097167 ns, Reaching safepoint: 158099 ns, At safepoint: 8100 ns, Total: 166199 ns
[1529.630s][info ][gc,start       ] GC(127) Pause Young (Allocation Failure)
[1529.635s][debug][gc,phases      ] GC(127) Scavenge 4.454ms
[1529.635s][debug][gc,ref         ] GC(127) Skipped phase 1 of Reference Processing: no references
[1529.635s][debug][gc,ref         ] GC(127) ReferenceProcessor::execute queues: 1, RefProcThreadModel::Single, marks_oops_alive: false
[1529.635s][debug][gc,ref         ] GC(127) Skipped phase 3 of Reference Processing: no references
[1529.635s][debug][gc,ref         ] GC(127) ReferenceProcessor::execute queues: 1, RefProcThreadModel::Single, marks_oops_alive: false
[1529.635s][debug][gc,phases      ] GC(127) Reference Processing 0.100ms
[1529.635s][debug][gc,phases      ] GC(127)   VM Weak                        Min:  0.0, Avg:  0.0, Max:  0.0, Diff:  0.0, Sum:  0.0, Workers: 4
[1529.635s][debug][gc,phases      ] GC(127)     Dead                           Min: 0, Avg:  0.0, Max: 0, Diff: 0, Sum: 0, Workers: 4
[1529.635s][debug][gc,phases      ] GC(127)     Total                          Min: 0, Avg: 179.0, Max: 716, Diff: 716, Sum: 716, Workers: 4
[1529.635s][debug][gc,phases      ] GC(127)   ObjectSynchronizer Weak        Min:  0.0, Avg:  0.0, Max:  0.0, Diff:  0.0, Sum:  0.0, Workers: 4
[1529.635s][debug][gc,phases      ] GC(127)     Dead                           Min: 0, Avg:  0.0, Max: 0, Diff: 0, Sum: 0, Workers: 4
[1529.635s][debug][gc,phases      ] GC(127)     Total                          Min: 0, Avg: 89.5, Max: 294, Diff: 294, Sum: 358, Workers: 4
[1529.635s][debug][gc,phases      ] GC(127)   JVMTI Tag Weak OopStorage      Min:  0.0, Avg:  0.0, Max:  0.0, Diff:  0.0, Sum:  0.0, Workers: 4
[1529.635s][debug][gc,phases      ] GC(127)     Dead                           Min: 0, Avg:  0.0, Max: 0, Diff: 0, Sum: 0, Workers: 4
[1529.635s][debug][gc,phases      ] GC(127)     Total                          Min: 0, Avg:  0.0, Max: 0, Diff: 0, Sum: 0, Workers: 4
[1529.635s][debug][gc,phases      ] GC(127)   StringTable Weak               Min:  0.1, Avg:  0.1, Max:  0.1, Diff:  0.0, Sum:  0.4, Workers: 4
[1529.635s][debug][gc,phases      ] GC(127)     Dead                           Min: 0, Avg:  0.0, Max: 0, Diff: 0, Sum: 0, Workers: 4
[1529.635s][debug][gc,phases      ] GC(127)     Total                          Min: 9035, Avg: 12130.8, Max: 15040, Diff: 6005, Sum: 48523, Workers: 4
[1529.635s][debug][gc,phases      ] GC(127)   ResolvedMethodTable Weak       Min:  0.0, Avg:  0.0, Max:  0.0, Diff:  0.0, Sum:  0.1, Workers: 4
[1529.635s][debug][gc,phases      ] GC(127)     Dead                           Min: 0, Avg:  0.0, Max: 0, Diff: 0, Sum: 0, Workers: 4
[1529.635s][debug][gc,phases      ] GC(127)     Total                          Min: 1728, Avg: 2105.2, Max: 2496, Diff: 768, Sum: 8421, Workers: 4
[1529.635s][debug][gc,phases      ] GC(127)   JNI Weak                       Min:  0.0, Avg:  0.0, Max:  0.0, Diff:  0.0, Sum:  0.0, Workers: 4
[1529.635s][debug][gc,phases      ] GC(127)     Dead                           Min: 0, Avg:  0.0, Max: 0, Diff: 0, Sum: 0, Workers: 4
[1529.635s][debug][gc,phases      ] GC(127)     Total                          Min: 0, Avg:  0.0, Max: 0, Diff: 0, Sum: 0, Workers: 4
[1529.635s][debug][gc,phases      ] GC(127)   StringDedup Table Weak         Min:  0.0, Avg:  0.0, Max:  0.0, Diff:  0.0, Sum:  0.0, Workers: 4
[1529.635s][debug][gc,phases      ] GC(127)     Dead                           Min: 0, Avg:  0.0, Max: 0, Diff: 0, Sum: 0, Workers: 4
[1529.635s][debug][gc,phases      ] GC(127)     Total                          Min: 0, Avg:  0.0, Max: 0, Diff: 0, Sum: 0, Workers: 4
[1529.635s][debug][gc,phases      ] GC(127)   StringDedup Requests0 Weak     Min:  0.0, Avg:  0.0, Max:  0.0, Diff:  0.0, Sum:  0.0, Workers: 4
[1529.635s][debug][gc,phases      ] GC(127)     Dead                           Min: 0, Avg:  0.0, Max: 0, Diff: 0, Sum: 0, Workers: 4
[1529.635s][debug][gc,phases      ] GC(127)     Total                          Min: 0, Avg:  0.0, Max: 0, Diff: 0, Sum: 0, Workers: 4
[1529.635s][debug][gc,phases      ] GC(127)   StringDedup Requests1 Weak     Min:  0.0, Avg:  0.0, Max:  0.0, Diff:  0.0, Sum:  0.0, Workers: 4
[1529.635s][debug][gc,phases      ] GC(127)     Dead                           Min: 0, Avg:  0.0, Max: 0, Diff: 0, Sum: 0, Workers: 4
[1529.635s][debug][gc,phases      ] GC(127)     Total                          Min: 0, Avg:  0.0, Max: 0, Diff: 0, Sum: 0, Workers: 4
[1529.635s][debug][gc,phases      ] GC(127)   Weak JFR Old Object Samples    Min:  0.0, Avg:  0.0, Max:  0.0, Diff:  0.0, Sum:  0.0, Workers: 4
[1529.635s][debug][gc,phases      ] GC(127)     Dead                           Min: 0, Avg:  0.0, Max: 0, Diff: 0, Sum: 0, Workers: 4
[1529.635s][debug][gc,phases      ] GC(127)     Total                          Min: 0, Avg:  0.0, Max: 0, Diff: 0, Sum: 0, Workers: 4
[1529.635s][debug][gc,phases      ] GC(127) Weak Processing 0.267ms
[1529.635s][debug][gc,age         ] GC(127) Desired survivor size 70254592 bytes, new threshold 15 (max threshold 15)
[1529.635s][info ][gc,heap        ] GC(127) PSYoungGen: 1963629K(2014720K)->27533K(2028544K) Eden: 1937408K(1937408K)->0K(1956352K) From: 26221K(77312K)->27533K(72192K)
[1529.635s][info ][gc,heap        ] GC(127) ParOldGen: 481262K(606720K)->481262K(606720K)
[1529.635s][info ][gc,metaspace   ] GC(127) Metaspace: 84257K(85120K)->84257K(85120K) NonClass: 72511K(72960K)->72511K(72960K) Class: 11745K(12160K)->11745K(12160K)
[1529.635s][info ][gc             ] GC(127) Pause Young (Allocation Failure) 2387M->496M(2573M) 4.935ms
[1529.635s][info ][gc,cpu         ] GC(127) User=0.02s Sys=0.00s Real=0.01s
[1529.635s][info ][safepoint      ] Safepoint "ParallelGCFailedAllocation", Time since last: 602349268 ns, Reaching safepoint: 32199 ns, At safepoint: 5006070 ns, Total: 5038269 ns
[1534.635s][info ][safepoint      ] Safepoint "Cleanup", Time since last: 5000347057 ns, Reaching safepoint: 57800 ns, At safepoint: 11200 ns, Total: 69000 ns
[1535.636s][info ][safepoint      ] Safepoint "Cleanup", Time since last: 1000105175 ns, Reaching safepoint: 68399 ns, At safepoint: 8900 ns, Total: 77299 ns
[1543.636s][info ][safepoint      ] Safepoint "Cleanup", Time since last: 8000543437 ns, Reaching safepoint: 42800 ns, At safepoint: 3000 ns, Total: 45800 ns
[1544.636s][info ][safepoint      ] Safepoint "Cleanup", Time since last: 1000110484 ns, Reaching safepoint: 49599 ns, At safepoint: 3100 ns, Total: 52699 ns
[1545.637s][info ][safepoint      ] Safepoint "Cleanup", Time since last: 1000104386 ns, Reaching safepoint: 49699 ns, At safepoint: 2900 ns, Total: 52599 ns
[1547.637s][info ][safepoint      ] Safepoint "Cleanup", Time since last: 2000179874 ns, Reaching safepoint: 60300 ns, At safepoint: 9600 ns, Total: 69900 ns
[1549.637s][info ][safepoint      ] Safepoint "Cleanup", Time since last: 2000194778 ns, Reaching safepoint: 65700 ns, At safepoint: 6500 ns, Total: 72200 ns
[1550.637s][info ][safepoint      ] Safepoint "Cleanup", Time since last: 1000112790 ns, Reaching safepoint: 43900 ns, At safepoint: 4600 ns, Total: 48500 ns
[1553.638s][info ][safepoint      ] Safepoint "Cleanup", Time since last: 3000232979 ns, Reaching safepoint: 53199 ns, At safepoint: 8400 ns, Total: 61599 ns
[1554.638s][info ][safepoint      ] Safepoint "Cleanup", Time since last: 1000109995 ns, Reaching safepoint: 78899 ns, At safepoint: 9200 ns, Total: 88099 ns
[1555.638s][info ][safepoint      ] Safepoint "Cleanup", Time since last: 1000105496 ns, Reaching safepoint: 71700 ns, At safepoint: 5200 ns, Total: 76900 ns
[1557.638s][info ][safepoint      ] Safepoint "Cleanup", Time since last: 2000187395 ns, Reaching safepoint: 78699 ns, At safepoint: 7700 ns, Total: 86399 ns
[1558.638s][info ][safepoint      ] Safepoint "Cleanup", Time since last: 1000107499 ns, Reaching safepoint: 110200 ns, At safepoint: 8900 ns, Total: 119100 ns
[1559.639s][info ][safepoint      ] Safepoint "Cleanup", Time since last: 1000113199 ns, Reaching safepoint: 60100 ns, At safepoint: 7700 ns, Total: 67800 ns
[1560.639s][info ][safepoint      ] Safepoint "Cleanup", Time since last: 1000109801 ns, Reaching safepoint: 66300 ns, At safepoint: 6100 ns, Total: 72400 ns
[1562.639s][info ][safepoint      ] Safepoint "Cleanup", Time since last: 2000171505 ns, Reaching safepoint: 48200 ns, At safepoint: 3700 ns, Total: 51900 ns
[1565.639s][info ][safepoint      ] Safepoint "Cleanup", Time since last: 3000203316 ns, Reaching safepoint: 56600 ns, At safepoint: 6300 ns, Total: 62900 ns
[1566.639s][info ][safepoint      ] Safepoint "Cleanup", Time since last: 1000068207 ns, Reaching safepoint: 50100 ns, At safepoint: 2700 ns, Total: 52800 ns
[1567.640s][info ][safepoint      ] Safepoint "Cleanup", Time since last: 1000074808 ns, Reaching safepoint: 46300 ns, At safepoint: 5900 ns, Total: 52200 ns
[1570.640s][info ][safepoint      ] Safepoint "Cleanup", Time since last: 3000242931 ns, Reaching safepoint: 54900 ns, At safepoint: 3400 ns, Total: 58300 ns
[1572.640s][info ][safepoint      ] Safepoint "Cleanup", Time since last: 2000165226 ns, Reaching safepoint: 51800 ns, At safepoint: 15800 ns, Total: 67600 ns
[1573.379s][info ][gc,start       ] GC(128) Pause Young (Allocation Failure)
[1573.385s][debug][gc,phases      ] GC(128) Scavenge 5.975ms
[1573.385s][debug][gc,ref         ] GC(128) Skipped phase 1 of Reference Processing: no references
[1573.386s][debug][gc,ref         ] GC(128) ReferenceProcessor::execute queues: 1, RefProcThreadModel::Single, marks_oops_alive: false
[1573.386s][debug][gc,ref         ] GC(128) Skipped phase 3 of Reference Processing: no references
[1573.386s][debug][gc,ref         ] GC(128) ReferenceProcessor::execute queues: 1, RefProcThreadModel::Single, marks_oops_alive: false
[1573.386s][debug][gc,phases      ] GC(128) Reference Processing 0.106ms
[1573.386s][debug][gc,phases      ] GC(128)   VM Weak                        Min:  0.0, Avg:  0.0, Max:  0.0, Diff:  0.0, Sum:  0.0, Workers: 4
[1573.386s][debug][gc,phases      ] GC(128)     Dead                           Min: 0, Avg:  0.0, Max: 0, Diff: 0, Sum: 0, Workers: 4
[1573.386s][debug][gc,phases      ] GC(128)     Total                          Min: 0, Avg: 180.0, Max: 720, Diff: 720, Sum: 720, Workers: 4
[1573.386s][debug][gc,phases      ] GC(128)   ObjectSynchronizer Weak        Min:  0.0, Avg:  0.0, Max:  0.0, Diff:  0.0, Sum:  0.0, Workers: 4
[1573.386s][debug][gc,phases      ] GC(128)     Dead                           Min: 0, Avg:  0.0, Max: 0, Diff: 0, Sum: 0, Workers: 4
[1573.386s][debug][gc,phases      ] GC(128)     Total                          Min: 0, Avg: 89.5, Max: 192, Diff: 192, Sum: 358, Workers: 4
[1573.386s][debug][gc,phases      ] GC(128)   JVMTI Tag Weak OopStorage      Min:  0.0, Avg:  0.0, Max:  0.0, Diff:  0.0, Sum:  0.0, Workers: 4
[1573.386s][debug][gc,phases      ] GC(128)     Dead                           Min: 0, Avg:  0.0, Max: 0, Diff: 0, Sum: 0, Workers: 4
[1573.386s][debug][gc,phases      ] GC(128)     Total                          Min: 0, Avg:  0.0, Max: 0, Diff: 0, Sum: 0, Workers: 4
[1573.386s][debug][gc,phases      ] GC(128)   StringTable Weak               Min:  0.1, Avg:  0.1, Max:  0.1, Diff:  0.0, Sum:  0.4, Workers: 4
[1573.386s][debug][gc,phases      ] GC(128)     Dead                           Min: 0, Avg:  0.0, Max: 0, Diff: 0, Sum: 0, Workers: 4
[1573.386s][debug][gc,phases      ] GC(128)     Total                          Min: 9344, Avg: 12131.5, Max: 14670, Diff: 5326, Sum: 48526, Workers: 4
[1573.386s][debug][gc,phases      ] GC(128)   ResolvedMethodTable Weak       Min:  0.0, Avg:  0.0, Max:  0.0, Diff:  0.0, Sum:  0.1, Workers: 4
[1573.386s][debug][gc,phases      ] GC(128)     Dead                           Min: 0, Avg:  0.0, Max: 0, Diff: 0, Sum: 0, Workers: 4
[1573.386s][debug][gc,phases      ] GC(128)     Total                          Min: 1536, Avg: 2108.8, Max: 2611, Diff: 1075, Sum: 8435, Workers: 4
[1573.386s][debug][gc,phases      ] GC(128)   JNI Weak                       Min:  0.0, Avg:  0.0, Max:  0.0, Diff:  0.0, Sum:  0.0, Workers: 4
[1573.386s][debug][gc,phases      ] GC(128)     Dead                           Min: 0, Avg:  0.0, Max: 0, Diff: 0, Sum: 0, Workers: 4
[1573.386s][debug][gc,phases      ] GC(128)     Total                          Min: 0, Avg:  0.0, Max: 0, Diff: 0, Sum: 0, Workers: 4
[1573.386s][debug][gc,phases      ] GC(128)   StringDedup Table Weak         Min:  0.0, Avg:  0.0, Max:  0.0, Diff:  0.0, Sum:  0.0, Workers: 4
[1573.386s][debug][gc,phases      ] GC(128)     Dead                           Min: 0, Avg:  0.0, Max: 0, Diff: 0, Sum: 0, Workers: 4
[1573.386s][debug][gc,phases      ] GC(128)     Total                          Min: 0, Avg:  0.0, Max: 0, Diff: 0, Sum: 0, Workers: 4
[1573.386s][debug][gc,phases      ] GC(128)   StringDedup Requests0 Weak     Min:  0.0, Avg:  0.0, Max:  0.0, Diff:  0.0, Sum:  0.0, Workers: 4
[1573.386s][debug][gc,phases      ] GC(128)     Dead                           Min: 0, Avg:  0.0, Max: 0, Diff: 0, Sum: 0, Workers: 4
[1573.386s][debug][gc,phases      ] GC(128)     Total                          Min: 0, Avg:  0.0, Max: 0, Diff: 0, Sum: 0, Workers: 4
[1573.386s][debug][gc,phases      ] GC(128)   StringDedup Requests1 Weak     Min:  0.0, Avg:  0.0, Max:  0.0, Diff:  0.0, Sum:  0.0, Workers: 4
[1573.386s][debug][gc,phases      ] GC(128)     Dead                           Min: 0, Avg:  0.0, Max: 0, Diff: 0, Sum: 0, Workers: 4
[1573.386s][debug][gc,phases      ] GC(128)     Total                          Min: 0, Avg:  0.0, Max: 0, Diff: 0, Sum: 0, Workers: 4
[1573.386s][debug][gc,phases      ] GC(128)   Weak JFR Old Object Samples    Min:  0.0, Avg:  0.0, Max:  0.0, Diff:  0.0, Sum:  0.0, Workers: 4
[1573.386s][debug][gc,phases      ] GC(128)     Dead                           Min: 0, Avg:  0.0, Max: 0, Diff: 0, Sum: 0, Workers: 4
[1573.386s][debug][gc,phases      ] GC(128)     Total                          Min: 0, Avg:  0.0, Max: 0, Diff: 0, Sum: 0, Workers: 4
[1573.386s][debug][gc,phases      ] GC(128) Weak Processing 0.256ms
[1573.386s][debug][gc,age         ] GC(128) Desired survivor size 68157440 bytes, new threshold 15 (max threshold 15)
[1573.386s][info ][gc,heap        ] GC(128) PSYoungGen: 1983885K(2028544K)->30862K(2024960K) Eden: 1956352K(1956352K)->0K(1956352K) From: 27533K(72192K)->30862K(68608K)
[1573.386s][info ][gc,heap        ] GC(128) ParOldGen: 481262K(606720K)->481262K(606720K)
[1573.386s][info ][gc,metaspace   ] GC(128) Metaspace: 84297K(85184K)->84297K(85184K) NonClass: 72547K(73024K)->72547K(73024K) Class: 11750K(12160K)->11750K(12160K)
[1573.386s][info ][gc             ] GC(128) Pause Young (Allocation Failure) 2407M->500M(2570M) 6.474ms
[1573.386s][info ][gc,cpu         ] GC(128) User=0.02s Sys=0.00s Real=0.01s
[1573.386s][info ][safepoint      ] Safepoint "ParallelGCFailedAllocation", Time since last: 739199875 ns, Reaching safepoint: 98200 ns, At safepoint: 6550461 ns, Total: 6648661 ns
[1576.386s][info ][safepoint      ] Safepoint "Cleanup", Time since last: 3000197249 ns, Reaching safepoint: 45499 ns, At safepoint: 3400 ns, Total: 48899 ns
[1577.386s][info ][safepoint      ] Safepoint "Cleanup", Time since last: 1000104919 ns, Reaching safepoint: 61799 ns, At safepoint: 8800 ns, Total: 70599 ns
[1579.387s][info ][safepoint      ] Safepoint "Cleanup", Time since last: 2000137340 ns, Reaching safepoint: 58199 ns, At safepoint: 2600 ns, Total: 60799 ns
[1582.387s][info ][safepoint      ] Safepoint "Cleanup", Time since last: 3000216467 ns, Reaching safepoint: 53300 ns, At safepoint: 10800 ns, Total: 64100 ns
[1583.387s][info ][safepoint      ] Safepoint "Cleanup", Time since last: 1000113624 ns, Reaching safepoint: 56900 ns, At safepoint: 6700 ns, Total: 63600 ns
[1591.388s][info ][safepoint      ] Safepoint "Cleanup", Time since last: 8000733129 ns, Reaching safepoint: 45000 ns, At safepoint: 4200 ns, Total: 49200 ns
[1592.388s][info ][safepoint      ] Safepoint "Cleanup", Time since last: 1000103433 ns, Reaching safepoint: 55699 ns, At safepoint: 7500 ns, Total: 63199 ns
[1594.388s][info ][safepoint      ] Safepoint "Cleanup", Time since last: 2000114470 ns, Reaching safepoint: 54599 ns, At safepoint: 10100 ns, Total: 64699 ns
[1595.388s][info ][safepoint      ] Safepoint "Cleanup", Time since last: 1000104636 ns, Reaching safepoint: 47300 ns, At safepoint: 3200 ns, Total: 50500 ns
[1597.388s][info ][safepoint      ] Safepoint "Cleanup", Time since last: 2000171575 ns, Reaching safepoint: 53199 ns, At safepoint: 3100 ns, Total: 56299 ns
[1601.389s][info ][safepoint      ] Safepoint "Cleanup", Time since last: 4000298062 ns, Reaching safepoint: 50900 ns, At safepoint: 5100 ns, Total: 56000 ns
[1602.595s][info ][safepoint      ] Safepoint "ICBufferFull", Time since last: 1206273714 ns, Reaching safepoint: 289999 ns, At safepoint: 6900 ns, Total: 296899 ns
[1602.597s][info ][safepoint      ] Safepoint "ICBufferFull", Time since last: 1435791 ns, Reaching safepoint: 42100 ns, At safepoint: 2100 ns, Total: 44200 ns
[1602.602s][info ][safepoint      ] Safepoint "ICBufferFull", Time since last: 4508473 ns, Reaching safepoint: 108099 ns, At safepoint: 11500 ns, Total: 119599 ns
[1603.602s][info ][safepoint      ] Safepoint "Cleanup", Time since last: 1000099944 ns, Reaching safepoint: 68000 ns, At safepoint: 10999 ns, Total: 78999 ns
[1605.602s][info ][safepoint      ] Safepoint "Cleanup", Time since last: 2000177891 ns, Reaching safepoint: 63700 ns, At safepoint: 8800 ns, Total: 72500 ns
[1606.602s][info ][safepoint      ] Safepoint "Cleanup", Time since last: 1000123946 ns, Reaching safepoint: 48700 ns, At safepoint: 3000 ns, Total: 51700 ns
[1607.960s][info ][safepoint      ] Safepoint "Cleanup", Time since last: 1358195316 ns, Reaching safepoint: 42200 ns, At safepoint: 2800 ns, Total: 45000 ns
[1608.961s][info ][safepoint      ] Safepoint "Cleanup", Time since last: 1000110549 ns, Reaching safepoint: 43000 ns, At safepoint: 2400 ns, Total: 45400 ns
[1609.826s][info ][gc,start       ] GC(129) Pause Young (Allocation Failure)
[1609.833s][debug][gc,phases      ] GC(129) Scavenge 7.302ms
[1609.833s][debug][gc,ref         ] GC(129) Skipped phase 1 of Reference Processing: no references
[1609.833s][debug][gc,ref         ] GC(129) ReferenceProcessor::execute queues: 1, RefProcThreadModel::Single, marks_oops_alive: false
[1609.833s][debug][gc,ref         ] GC(129) Skipped phase 3 of Reference Processing: no references
[1609.833s][debug][gc,ref         ] GC(129) ReferenceProcessor::execute queues: 1, RefProcThreadModel::Single, marks_oops_alive: false
[1609.833s][debug][gc,phases      ] GC(129) Reference Processing 0.114ms
[1609.834s][debug][gc,phases      ] GC(129)   VM Weak                        Min:  0.0, Avg:  0.0, Max:  0.0, Diff:  0.0, Sum:  0.0, Workers: 4
[1609.834s][debug][gc,phases      ] GC(129)     Dead                           Min: 0, Avg:  0.0, Max: 0, Diff: 0, Sum: 0, Workers: 4
[1609.834s][debug][gc,phases      ] GC(129)     Total                          Min: 0, Avg: 180.0, Max: 400, Diff: 400, Sum: 720, Workers: 4
[1609.834s][debug][gc,phases      ] GC(129)   ObjectSynchronizer Weak        Min:  0.0, Avg:  0.0, Max:  0.0, Diff:  0.0, Sum:  0.0, Workers: 4
[1609.834s][debug][gc,phases      ] GC(129)     Dead                           Min: 0, Avg:  0.0, Max: 0, Diff: 0, Sum: 0, Workers: 4
[1609.834s][debug][gc,phases      ] GC(129)     Total                          Min: 0, Avg: 89.5, Max: 128, Diff: 128, Sum: 358, Workers: 4
[1609.834s][debug][gc,phases      ] GC(129)   JVMTI Tag Weak OopStorage      Min:  0.0, Avg:  0.0, Max:  0.0, Diff:  0.0, Sum:  0.0, Workers: 4
[1609.834s][debug][gc,phases      ] GC(129)     Dead                           Min: 0, Avg:  0.0, Max: 0, Diff: 0, Sum: 0, Workers: 4
[1609.834s][debug][gc,phases      ] GC(129)     Total                          Min: 0, Avg:  0.0, Max: 0, Diff: 0, Sum: 0, Workers: 4
[1609.834s][debug][gc,phases      ] GC(129)   StringTable Weak               Min:  0.1, Avg:  0.1, Max:  0.1, Diff:  0.0, Sum:  0.4, Workers: 4
[1609.834s][debug][gc,phases      ] GC(129)     Dead                           Min: 0, Avg:  0.0, Max: 0, Diff: 0, Sum: 0, Workers: 4
[1609.834s][debug][gc,phases      ] GC(129)     Total                          Min: 9600, Avg: 12133.8, Max: 14720, Diff: 5120, Sum: 48535, Workers: 4
[1609.834s][debug][gc,phases      ] GC(129)   ResolvedMethodTable Weak       Min:  0.0, Avg:  0.0, Max:  0.0, Diff:  0.0, Sum:  0.1, Workers: 4
[1609.834s][debug][gc,phases      ] GC(129)     Dead                           Min: 0, Avg:  0.0, Max: 0, Diff: 0, Sum: 0, Workers: 4
[1609.834s][debug][gc,phases      ] GC(129)     Total                          Min: 691, Avg: 2108.8, Max: 3264, Diff: 2573, Sum: 8435, Workers: 4
[1609.834s][debug][gc,phases      ] GC(129)   JNI Weak                       Min:  0.0, Avg:  0.0, Max:  0.0, Diff:  0.0, Sum:  0.0, Workers: 4
[1609.834s][debug][gc,phases      ] GC(129)     Dead                           Min: 0, Avg:  0.0, Max: 0, Diff: 0, Sum: 0, Workers: 4
[1609.834s][debug][gc,phases      ] GC(129)     Total                          Min: 0, Avg:  0.0, Max: 0, Diff: 0, Sum: 0, Workers: 4
[1609.834s][debug][gc,phases      ] GC(129)   StringDedup Table Weak         Min:  0.0, Avg:  0.0, Max:  0.0, Diff:  0.0, Sum:  0.0, Workers: 4
[1609.834s][debug][gc,phases      ] GC(129)     Dead                           Min: 0, Avg:  0.0, Max: 0, Diff: 0, Sum: 0, Workers: 4
[1609.834s][debug][gc,phases      ] GC(129)     Total                          Min: 0, Avg:  0.0, Max: 0, Diff: 0, Sum: 0, Workers: 4
[1609.834s][debug][gc,phases      ] GC(129)   StringDedup Requests0 Weak     Min:  0.0, Avg:  0.0, Max:  0.0, Diff:  0.0, Sum:  0.0, Workers: 4
[1609.834s][debug][gc,phases      ] GC(129)     Dead                           Min: 0, Avg:  0.0, Max: 0, Diff: 0, Sum: 0, Workers: 4
[1609.834s][debug][gc,phases      ] GC(129)     Total                          Min: 0, Avg:  0.0, Max: 0, Diff: 0, Sum: 0, Workers: 4
[1609.834s][debug][gc,phases      ] GC(129)   StringDedup Requests1 Weak     Min:  0.0, Avg:  0.0, Max:  0.0, Diff:  0.0, Sum:  0.0, Workers: 4
[1609.834s][debug][gc,phases      ] GC(129)     Dead                           Min: 0, Avg:  0.0, Max: 0, Diff: 0, Sum: 0, Workers: 4
[1609.834s][debug][gc,phases      ] GC(129)     Total                          Min: 0, Avg:  0.0, Max: 0, Diff: 0, Sum: 0, Workers: 4
[1609.834s][debug][gc,phases      ] GC(129)   Weak JFR Old Object Samples    Min:  0.0, Avg:  0.0, Max:  0.0, Diff:  0.0, Sum:  0.0, Workers: 4
[1609.834s][debug][gc,phases      ] GC(129)     Dead                           Min: 0, Avg:  0.0, Max: 0, Diff: 0, Sum: 0, Workers: 4
[1609.834s][debug][gc,phases      ] GC(129)     Total                          Min: 0, Avg:  0.0, Max: 0, Diff: 0, Sum: 0, Workers: 4
[1609.834s][debug][gc,phases      ] GC(129) Weak Processing 0.273ms
[1609.834s][debug][gc,age         ] GC(129) Desired survivor size 67108864 bytes, new threshold 15 (max threshold 15)
[1609.834s][info ][gc,heap        ] GC(129) PSYoungGen: 1987214K(2024960K)->33790K(2031616K) Eden: 1956352K(1956352K)->0K(1965056K) From: 30862K(68608K)->33790K(66560K)
[1609.834s][info ][gc,heap        ] GC(129) ParOldGen: 481262K(606720K)->481262K(606720K)
[1609.834s][info ][gc,metaspace   ] GC(129) Metaspace: 84311K(85184K)->84311K(85184K) NonClass: 72561K(73024K)->72561K(73024K) Class: 11750K(12160K)->11750K(12160K)
[1609.834s][info ][gc             ] GC(129) Pause Young (Allocation Failure) 2410M->502M(2576M) 7.798ms
[1609.834s][info ][gc,cpu         ] GC(129) User=0.03s Sys=0.00s Real=0.01s
[1609.834s][info ][safepoint      ] Safepoint "ParallelGCFailedAllocation", Time since last: 865384051 ns, Reaching safepoint: 41600 ns, At safepoint: 7879653 ns, Total: 7921253 ns
[1613.102s][info ][safepoint      ] Safepoint "ICBufferFull", Time since last: 3267941563 ns, Reaching safepoint: 44500 ns, At safepoint: 20400 ns, Total: 64900 ns
[1613.104s][info ][safepoint      ] Safepoint "ICBufferFull", Time since last: 2356086 ns, Reaching safepoint: 106899 ns, At safepoint: 6200 ns, Total: 113099 ns
[1613.105s][info ][safepoint      ] Safepoint "ICBufferFull", Time since last: 743196 ns, Reaching safepoint: 107499 ns, At safepoint: 4800 ns, Total: 112299 ns
[1613.106s][info ][safepoint      ] Safepoint "ICBufferFull", Time since last: 729395 ns, Reaching safepoint: 30900 ns, At safepoint: 1600 ns, Total: 32500 ns
[1613.107s][info ][safepoint      ] Safepoint "ICBufferFull", Time since last: 709696 ns, Reaching safepoint: 26300 ns, At safepoint: 1400 ns, Total: 27700 ns
[1613.107s][info ][safepoint      ] Safepoint "ICBufferFull", Time since last: 610396 ns, Reaching safepoint: 33300 ns, At safepoint: 1700 ns, Total: 35000 ns
[1613.108s][info ][safepoint      ] Safepoint "ICBufferFull", Time since last: 645096 ns, Reaching safepoint: 15500 ns, At safepoint: 1400 ns, Total: 16900 ns
[1613.109s][info ][safepoint      ] Safepoint "ICBufferFull", Time since last: 688496 ns, Reaching safepoint: 24000 ns, At safepoint: 1100 ns, Total: 25100 ns
[1614.109s][info ][safepoint      ] Safepoint "Cleanup", Time since last: 1000078554 ns, Reaching safepoint: 81199 ns, At safepoint: 7800 ns, Total: 88999 ns
[1615.109s][info ][safepoint      ] Safepoint "Cleanup", Time since last: 1000108055 ns, Reaching safepoint: 43100 ns, At safepoint: 3800 ns, Total: 46900 ns
[1622.110s][info ][safepoint      ] Safepoint "Cleanup", Time since last: 7000461309 ns, Reaching safepoint: 52500 ns, At safepoint: 5400 ns, Total: 57900 ns
[1624.110s][info ][safepoint      ] Safepoint "Cleanup", Time since last: 2000181225 ns, Reaching safepoint: 67300 ns, At safepoint: 10000 ns, Total: 77300 ns
[1625.110s][info ][safepoint      ] Safepoint "Cleanup", Time since last: 1000114764 ns, Reaching safepoint: 60599 ns, At safepoint: 6500 ns, Total: 67099 ns
[1627.110s][info ][safepoint      ] Safepoint "Cleanup", Time since last: 2000152431 ns, Reaching safepoint: 47500 ns, At safepoint: 5800 ns, Total: 53300 ns
[1628.110s][info ][safepoint      ] Safepoint "Cleanup", Time since last: 1000051966 ns, Reaching safepoint: 39700 ns, At safepoint: 2600 ns, Total: 42300 ns
[1629.110s][info ][safepoint      ] Safepoint "Cleanup", Time since last: 1000101968 ns, Reaching safepoint: 52599 ns, At safepoint: 9600 ns, Total: 62199 ns
[1631.111s][info ][safepoint      ] Safepoint "Cleanup", Time since last: 2000168438 ns, Reaching safepoint: 51400 ns, At safepoint: 3500 ns, Total: 54900 ns
[1636.111s][info ][safepoint      ] Safepoint "Cleanup", Time since last: 5000353561 ns, Reaching safepoint: 49900 ns, At safepoint: 6500 ns, Total: 56400 ns
[1638.111s][info ][safepoint      ] Safepoint "Cleanup", Time since last: 2000119650 ns, Reaching safepoint: 39700 ns, At safepoint: 2700 ns, Total: 42400 ns
[1639.111s][info ][safepoint      ] Safepoint "Cleanup", Time since last: 1000099477 ns, Reaching safepoint: 43699 ns, At safepoint: 4000 ns, Total: 47699 ns
[1644.112s][info ][safepoint      ] Safepoint "Cleanup", Time since last: 5000310997 ns, Reaching safepoint: 45000 ns, At safepoint: 6700 ns, Total: 51700 ns
[1645.112s][info ][safepoint      ] Safepoint "Cleanup", Time since last: 1000079782 ns, Reaching safepoint: 42499 ns, At safepoint: 2500 ns, Total: 44999 ns
[1646.112s][info ][safepoint      ] Safepoint "Cleanup", Time since last: 1000099483 ns, Reaching safepoint: 42300 ns, At safepoint: 3900 ns, Total: 46200 ns
[1648.112s][info ][safepoint      ] Safepoint "Cleanup", Time since last: 2000167968 ns, Reaching safepoint: 46000 ns, At safepoint: 6800 ns, Total: 52800 ns
[1649.112s][info ][safepoint      ] Safepoint "Cleanup", Time since last: 1000095785 ns, Reaching safepoint: 46900 ns, At safepoint: 2500 ns, Total: 49400 ns
[1650.113s][info ][safepoint      ] Safepoint "Cleanup", Time since last: 1000098586 ns, Reaching safepoint: 39100 ns, At safepoint: 1900 ns, Total: 41000 ns
[1653.113s][info ][safepoint      ] Safepoint "Cleanup", Time since last: 3000210864 ns, Reaching safepoint: 44900 ns, At safepoint: 4100 ns, Total: 49000 ns
[1653.326s][info ][gc,start       ] GC(130) Pause Young (Allocation Failure)
[1653.331s][debug][gc,phases      ] GC(130) Scavenge 5.367ms
[1653.331s][debug][gc,ref         ] GC(130) Skipped phase 1 of Reference Processing: no references
[1653.332s][debug][gc,ref         ] GC(130) ReferenceProcessor::execute queues: 1, RefProcThreadModel::Single, marks_oops_alive: false
[1653.332s][debug][gc,ref         ] GC(130) Skipped phase 3 of Reference Processing: no references
[1653.332s][debug][gc,ref         ] GC(130) ReferenceProcessor::execute queues: 1, RefProcThreadModel::Single, marks_oops_alive: false
[1653.332s][debug][gc,phases      ] GC(130) Reference Processing 0.107ms
[1653.332s][debug][gc,phases      ] GC(130)   VM Weak                        Min:  0.0, Avg:  0.0, Max:  0.0, Diff:  0.0, Sum:  0.0, Workers: 4
[1653.332s][debug][gc,phases      ] GC(130)     Dead                           Min: 0, Avg:  0.0, Max: 0, Diff: 0, Sum: 0, Workers: 4
[1653.332s][debug][gc,phases      ] GC(130)     Total                          Min: 0, Avg: 180.0, Max: 720, Diff: 720, Sum: 720, Workers: 4
[1653.332s][debug][gc,phases      ] GC(130)   ObjectSynchronizer Weak        Min:  0.0, Avg:  0.0, Max:  0.0, Diff:  0.0, Sum:  0.0, Workers: 4
[1653.332s][debug][gc,phases      ] GC(130)     Dead                           Min: 0, Avg:  0.0, Max: 0, Diff: 0, Sum: 0, Workers: 4
[1653.332s][debug][gc,phases      ] GC(130)     Total                          Min: 0, Avg: 89.5, Max: 230, Diff: 230, Sum: 358, Workers: 4
[1653.332s][debug][gc,phases      ] GC(130)   JVMTI Tag Weak OopStorage      Min:  0.0, Avg:  0.0, Max:  0.0, Diff:  0.0, Sum:  0.0, Workers: 4
[1653.332s][debug][gc,phases      ] GC(130)     Dead                           Min: 0, Avg:  0.0, Max: 0, Diff: 0, Sum: 0, Workers: 4
[1653.332s][debug][gc,phases      ] GC(130)     Total                          Min: 0, Avg:  0.0, Max: 0, Diff: 0, Sum: 0, Workers: 4
[1653.332s][debug][gc,phases      ] GC(130)   StringTable Weak               Min:  0.1, Avg:  0.1, Max:  0.1, Diff:  0.0, Sum:  0.4, Workers: 4
[1653.332s][debug][gc,phases      ] GC(130)     Dead                           Min: 0, Avg:  0.0, Max: 0, Diff: 0, Sum: 0, Workers: 4
[1653.332s][debug][gc,phases      ] GC(130)     Total                          Min: 6400, Avg: 12135.2, Max: 15645, Diff: 9245, Sum: 48541, Workers: 4
[1653.332s][debug][gc,phases      ] GC(130)   ResolvedMethodTable Weak       Min:  0.0, Avg:  0.0, Max:  0.0, Diff:  0.0, Sum:  0.1, Workers: 4
[1653.332s][debug][gc,phases      ] GC(130)     Dead                           Min: 0, Avg:  0.0, Max: 0, Diff: 0, Sum: 0, Workers: 4
[1653.332s][debug][gc,phases      ] GC(130)     Total                          Min: 1024, Avg: 2110.8, Max: 2875, Diff: 1851, Sum: 8443, Workers: 4
[1653.332s][debug][gc,phases      ] GC(130)   JNI Weak                       Min:  0.0, Avg:  0.0, Max:  0.0, Diff:  0.0, Sum:  0.0, Workers: 4
[1653.332s][debug][gc,phases      ] GC(130)     Dead                           Min: 0, Avg:  0.0, Max: 0, Diff: 0, Sum: 0, Workers: 4
[1653.332s][debug][gc,phases      ] GC(130)     Total                          Min: 0, Avg:  0.0, Max: 0, Diff: 0, Sum: 0, Workers: 4
[1653.332s][debug][gc,phases      ] GC(130)   StringDedup Table Weak         Min:  0.0, Avg:  0.0, Max:  0.0, Diff:  0.0, Sum:  0.0, Workers: 4
[1653.332s][debug][gc,phases      ] GC(130)     Dead                           Min: 0, Avg:  0.0, Max: 0, Diff: 0, Sum: 0, Workers: 4
[1653.332s][debug][gc,phases      ] GC(130)     Total                          Min: 0, Avg:  0.0, Max: 0, Diff: 0, Sum: 0, Workers: 4
[1653.332s][debug][gc,phases      ] GC(130)   StringDedup Requests0 Weak     Min:  0.0, Avg:  0.0, Max:  0.0, Diff:  0.0, Sum:  0.0, Workers: 4
[1653.332s][debug][gc,phases      ] GC(130)     Dead                           Min: 0, Avg:  0.0, Max: 0, Diff: 0, Sum: 0, Workers: 4
[1653.332s][debug][gc,phases      ] GC(130)     Total                          Min: 0, Avg:  0.0, Max: 0, Diff: 0, Sum: 0, Workers: 4
[1653.332s][debug][gc,phases      ] GC(130)   StringDedup Requests1 Weak     Min:  0.0, Avg:  0.0, Max:  0.0, Diff:  0.0, Sum:  0.0, Workers: 4
[1653.332s][debug][gc,phases      ] GC(130)     Dead                           Min: 0, Avg:  0.0, Max: 0, Diff: 0, Sum: 0, Workers: 4
[1653.332s][debug][gc,phases      ] GC(130)     Total                          Min: 0, Avg:  0.0, Max: 0, Diff: 0, Sum: 0, Workers: 4
[1653.332s][debug][gc,phases      ] GC(130)   Weak JFR Old Object Samples    Min:  0.0, Avg:  0.0, Max:  0.0, Diff:  0.0, Sum:  0.0, Workers: 4
[1653.332s][debug][gc,phases      ] GC(130)     Dead                           Min: 0, Avg:  0.0, Max: 0, Diff: 0, Sum: 0, Workers: 4
[1653.332s][debug][gc,phases      ] GC(130)     Total                          Min: 0, Avg:  0.0, Max: 0, Diff: 0, Sum: 0, Workers: 4
[1653.332s][debug][gc,phases      ] GC(130) Weak Processing 0.294ms
[1653.332s][debug][gc,age         ] GC(130) Desired survivor size 65536000 bytes, new threshold 15 (max threshold 15)
[1653.332s][info ][gc,heap        ] GC(130) PSYoungGen: 1998846K(2031616K)->33582K(2030592K) Eden: 1965056K(1965056K)->0K(1965056K) From: 33790K(66560K)->33582K(65536K)
[1653.332s][info ][gc,heap        ] GC(130) ParOldGen: 481262K(606720K)->481270K(606720K)
[1653.332s][info ][gc,metaspace   ] GC(130) Metaspace: 84356K(85184K)->84356K(85184K) NonClass: 72602K(73024K)->72602K(73024K) Class: 11754K(12160K)->11754K(12160K)
[1653.332s][info ][gc             ] GC(130) Pause Young (Allocation Failure) 2421M->502M(2575M) 5.901ms
[1653.332s][info ][gc,cpu         ] GC(130) User=0.03s Sys=0.00s Real=0.01s
[1653.332s][info ][safepoint      ] Safepoint "ParallelGCFailedAllocation", Time since last: 213084040 ns, Reaching safepoint: 98700 ns, At safepoint: 5982564 ns, Total: 6081264 ns
[1655.332s][info ][safepoint      ] Safepoint "Cleanup", Time since last: 2000158081 ns, Reaching safepoint: 109099 ns, At safepoint: 7900 ns, Total: 116999 ns
[1658.333s][info ][safepoint      ] Safepoint "Cleanup", Time since last: 3000233578 ns, Reaching safepoint: 116799 ns, At safepoint: 9700 ns, Total: 126499 ns
[1659.333s][info ][safepoint      ] Safepoint "Cleanup", Time since last: 1000100094 ns, Reaching safepoint: 116600 ns, At safepoint: 8000 ns, Total: 124600 ns
[1661.333s][info ][safepoint      ] Safepoint "Cleanup", Time since last: 2000123691 ns, Reaching safepoint: 113099 ns, At safepoint: 6700 ns, Total: 119799 ns
[1663.333s][info ][safepoint      ] Safepoint "Cleanup", Time since last: 2000157895 ns, Reaching safepoint: 112399 ns, At safepoint: 6500 ns, Total: 118899 ns
[1664.334s][info ][safepoint      ] Safepoint "Cleanup", Time since last: 1000100398 ns, Reaching safepoint: 112900 ns, At safepoint: 8800 ns, Total: 121700 ns
[1665.334s][info ][safepoint      ] Safepoint "Cleanup", Time since last: 1000100699 ns, Reaching safepoint: 46699 ns, At safepoint: 5700 ns, Total: 52399 ns
[1666.334s][info ][safepoint      ] Safepoint "Cleanup", Time since last: 1000102501 ns, Reaching safepoint: 102999 ns, At safepoint: 7900 ns, Total: 110899 ns
[1667.334s][info ][safepoint      ] Safepoint "Cleanup", Time since last: 1000057601 ns, Reaching safepoint: 112499 ns, At safepoint: 6000 ns, Total: 118499 ns
[1669.334s][info ][safepoint      ] Safepoint "Cleanup", Time since last: 2000165005 ns, Reaching safepoint: 54300 ns, At safepoint: 5599 ns, Total: 59899 ns
[1670.335s][info ][safepoint      ] Safepoint "Cleanup", Time since last: 1000103904 ns, Reaching safepoint: 110799 ns, At safepoint: 5400 ns, Total: 116199 ns
[1671.335s][info ][safepoint      ] Safepoint "Cleanup", Time since last: 1000110104 ns, Reaching safepoint: 44800 ns, At safepoint: 2500 ns, Total: 47300 ns
[1673.656s][info ][safepoint      ] Safepoint "ICBufferFull", Time since last: 2321384318 ns, Reaching safepoint: 112200 ns, At safepoint: 13700 ns, Total: 125900 ns
[1673.657s][info ][safepoint      ] Safepoint "ICBufferFull", Time since last: 728695 ns, Reaching safepoint: 96900 ns, At safepoint: 12200 ns, Total: 109100 ns
[1673.658s][info ][safepoint      ] Safepoint "ICBufferFull", Time since last: 652996 ns, Reaching safepoint: 36900 ns, At safepoint: 1400 ns, Total: 38300 ns
[1673.660s][info ][safepoint      ] Safepoint "ICBufferFull", Time since last: 2349086 ns, Reaching safepoint: 101999 ns, At safepoint: 7400 ns, Total: 109399 ns
[1673.661s][info ][safepoint      ] Safepoint "ICBufferFull", Time since last: 691896 ns, Reaching safepoint: 19700 ns, At safepoint: 5300 ns, Total: 25000 ns
[1673.662s][info ][safepoint      ] Safepoint "ICBufferFull", Time since last: 755495 ns, Reaching safepoint: 25800 ns, At safepoint: 4100 ns, Total: 29900 ns
[1674.662s][info ][safepoint      ] Safepoint "Cleanup", Time since last: 1000083007 ns, Reaching safepoint: 70500 ns, At safepoint: 10200 ns, Total: 80700 ns
[1676.662s][info ][safepoint      ] Safepoint "Cleanup", Time since last: 2000162617 ns, Reaching safepoint: 49599 ns, At safepoint: 3300 ns, Total: 52899 ns
[1679.662s][info ][safepoint      ] Safepoint "Cleanup", Time since last: 3000229432 ns, Reaching safepoint: 48099 ns, At safepoint: 8300 ns, Total: 56399 ns
[1681.903s][info ][safepoint      ] Safepoint "ICBufferFull", Time since last: 2240057013 ns, Reaching safepoint: 127499 ns, At safepoint: 19200 ns, Total: 146699 ns
[1681.904s][info ][safepoint      ] Safepoint "ICBufferFull", Time since last: 1250593 ns, Reaching safepoint: 25000 ns, At safepoint: 1900 ns, Total: 26900 ns
[1681.905s][info ][safepoint      ] Safepoint "ICBufferFull", Time since last: 1083293 ns, Reaching safepoint: 29900 ns, At safepoint: 1300 ns, Total: 31200 ns
[1681.908s][info ][safepoint      ] Safepoint "ICBufferFull", Time since last: 2914383 ns, Reaching safepoint: 34800 ns, At safepoint: 4300 ns, Total: 39100 ns
[1681.916s][info ][safepoint      ] Safepoint "ICBufferFull", Time since last: 8478450 ns, Reaching safepoint: 35300 ns, At safepoint: 5000 ns, Total: 40300 ns
[1681.917s][info ][safepoint      ] Safepoint "ICBufferFull", Time since last: 675596 ns, Reaching safepoint: 31700 ns, At safepoint: 2300 ns, Total: 34000 ns
[1681.918s][info ][safepoint      ] Safepoint "ICBufferFull", Time since last: 732895 ns, Reaching safepoint: 27200 ns, At safepoint: 5600 ns, Total: 32800 ns
[1682.918s][info ][safepoint      ] Safepoint "Cleanup", Time since last: 1000082414 ns, Reaching safepoint: 50400 ns, At safepoint: 3100 ns, Total: 53500 ns
[1683.918s][info ][safepoint      ] Safepoint "Cleanup", Time since last: 1000105914 ns, Reaching safepoint: 60500 ns, At safepoint: 7100 ns, Total: 67600 ns
[1685.918s][info ][safepoint      ] Safepoint "Cleanup", Time since last: 2000129232 ns, Reaching safepoint: 52400 ns, At safepoint: 2400 ns, Total: 54800 ns
[1686.919s][info ][safepoint      ] Safepoint "Cleanup", Time since last: 1000101417 ns, Reaching safepoint: 46299 ns, At safepoint: 5100 ns, Total: 51399 ns
[1687.919s][info ][safepoint      ] Safepoint "Cleanup", Time since last: 1000105518 ns, Reaching safepoint: 47200 ns, At safepoint: 3000 ns, Total: 50200 ns
[1688.919s][info ][safepoint      ] Safepoint "Cleanup", Time since last: 1000100919 ns, Reaching safepoint: 43099 ns, At safepoint: 3300 ns, Total: 46399 ns
[1693.202s][info ][gc,start       ] GC(131) Pause Young (Allocation Failure)
[1693.207s][debug][gc,phases      ] GC(131) Scavenge 5.765ms
[1693.207s][debug][gc,ref         ] GC(131) Skipped phase 1 of Reference Processing: no references
[1693.208s][debug][gc,ref         ] GC(131) ReferenceProcessor::execute queues: 1, RefProcThreadModel::Single, marks_oops_alive: false
[1693.208s][debug][gc,ref         ] GC(131) Skipped phase 3 of Reference Processing: no references
[1693.208s][debug][gc,ref         ] GC(131) ReferenceProcessor::execute queues: 1, RefProcThreadModel::Single, marks_oops_alive: false
[1693.208s][debug][gc,phases      ] GC(131) Reference Processing 0.106ms
[1693.208s][debug][gc,phases      ] GC(131)   VM Weak                        Min:  0.0, Avg:  0.0, Max:  0.0, Diff:  0.0, Sum:  0.0, Workers: 4
[1693.208s][debug][gc,phases      ] GC(131)     Dead                           Min: 0, Avg:  0.0, Max: 0, Diff: 0, Sum: 0, Workers: 4
[1693.208s][debug][gc,phases      ] GC(131)     Total                          Min: 0, Avg: 180.0, Max: 720, Diff: 720, Sum: 720, Workers: 4
[1693.208s][debug][gc,phases      ] GC(131)   ObjectSynchronizer Weak        Min:  0.0, Avg:  0.0, Max:  0.0, Diff:  0.0, Sum:  0.0, Workers: 4
[1693.208s][debug][gc,phases      ] GC(131)     Dead                           Min: 0, Avg:  0.0, Max: 0, Diff: 0, Sum: 0, Workers: 4
[1693.208s][debug][gc,phases      ] GC(131)     Total                          Min: 0, Avg: 89.5, Max: 192, Diff: 192, Sum: 358, Workers: 4
[1693.208s][debug][gc,phases      ] GC(131)   JVMTI Tag Weak OopStorage      Min:  0.0, Avg:  0.0, Max:  0.0, Diff:  0.0, Sum:  0.0, Workers: 4
[1693.208s][debug][gc,phases      ] GC(131)     Dead                           Min: 0, Avg:  0.0, Max: 0, Diff: 0, Sum: 0, Workers: 4
[1693.208s][debug][gc,phases      ] GC(131)     Total                          Min: 0, Avg:  0.0, Max: 0, Diff: 0, Sum: 0, Workers: 4
[1693.208s][debug][gc,phases      ] GC(131)   StringTable Weak               Min:  0.1, Avg:  0.1, Max:  0.1, Diff:  0.0, Sum:  0.3, Workers: 4
[1693.208s][debug][gc,phases      ] GC(131)     Dead                           Min: 0, Avg:  0.0, Max: 0, Diff: 0, Sum: 0, Workers: 4
[1693.208s][debug][gc,phases      ] GC(131)     Total                          Min: 11230, Avg: 12135.5, Max: 12672, Diff: 1442, Sum: 48542, Workers: 4
[1693.208s][debug][gc,phases      ] GC(131)   ResolvedMethodTable Weak       Min:  0.0, Avg:  0.0, Max:  0.0, Diff:  0.0, Sum:  0.1, Workers: 4
[1693.208s][debug][gc,phases      ] GC(131)     Dead                           Min: 0, Avg:  0.0, Max: 0, Diff: 0, Sum: 0, Workers: 4
[1693.208s][debug][gc,phases      ] GC(131)     Total                          Min: 2043, Avg: 2110.8, Max: 2240, Diff: 197, Sum: 8443, Workers: 4
[1693.208s][debug][gc,phases      ] GC(131)   JNI Weak                       Min:  0.0, Avg:  0.0, Max:  0.0, Diff:  0.0, Sum:  0.0, Workers: 4
[1693.208s][debug][gc,phases      ] GC(131)     Dead                           Min: 0, Avg:  0.0, Max: 0, Diff: 0, Sum: 0, Workers: 4
[1693.208s][debug][gc,phases      ] GC(131)     Total                          Min: 0, Avg:  0.0, Max: 0, Diff: 0, Sum: 0, Workers: 4
[1693.208s][debug][gc,phases      ] GC(131)   StringDedup Table Weak         Min:  0.0, Avg:  0.0, Max:  0.0, Diff:  0.0, Sum:  0.0, Workers: 4
[1693.208s][debug][gc,phases      ] GC(131)     Dead                           Min: 0, Avg:  0.0, Max: 0, Diff: 0, Sum: 0, Workers: 4
[1693.208s][debug][gc,phases      ] GC(131)     Total                          Min: 0, Avg:  0.0, Max: 0, Diff: 0, Sum: 0, Workers: 4
[1693.208s][debug][gc,phases      ] GC(131)   StringDedup Requests0 Weak     Min:  0.0, Avg:  0.0, Max:  0.0, Diff:  0.0, Sum:  0.0, Workers: 4
[1693.208s][debug][gc,phases      ] GC(131)     Dead                           Min: 0, Avg:  0.0, Max: 0, Diff: 0, Sum: 0, Workers: 4
[1693.208s][debug][gc,phases      ] GC(131)     Total                          Min: 0, Avg:  0.0, Max: 0, Diff: 0, Sum: 0, Workers: 4
[1693.208s][debug][gc,phases      ] GC(131)   StringDedup Requests1 Weak     Min:  0.0, Avg:  0.0, Max:  0.0, Diff:  0.0, Sum:  0.0, Workers: 4
[1693.208s][debug][gc,phases      ] GC(131)     Dead                           Min: 0, Avg:  0.0, Max: 0, Diff: 0, Sum: 0, Workers: 4
[1693.208s][debug][gc,phases      ] GC(131)     Total                          Min: 0, Avg:  0.0, Max: 0, Diff: 0, Sum: 0, Workers: 4
[1693.208s][debug][gc,phases      ] GC(131)   Weak JFR Old Object Samples    Min:  0.0, Avg:  0.0, Max:  0.0, Diff:  0.0, Sum:  0.0, Workers: 4
[1693.208s][debug][gc,phases      ] GC(131)     Dead                           Min: 0, Avg:  0.0, Max: 0, Diff: 0, Sum: 0, Workers: 4
[1693.208s][debug][gc,phases      ] GC(131)     Total                          Min: 0, Avg:  0.0, Max: 0, Diff: 0, Sum: 0, Workers: 4
[1693.208s][debug][gc,phases      ] GC(131) Weak Processing 0.244ms
[1693.208s][debug][gc,age         ] GC(131) Desired survivor size 64487424 bytes, new threshold 15 (max threshold 15)
[1693.208s][info ][gc,heap        ] GC(131) PSYoungGen: 1998638K(2030592K)->33998K(2034176K) Eden: 1965056K(1965056K)->0K(1970176K) From: 33582K(65536K)->33998K(64000K)
[1693.208s][info ][gc,heap        ] GC(131) ParOldGen: 481270K(606720K)->482171K(606720K)
[1693.208s][info ][gc,metaspace   ] GC(131) Metaspace: 84370K(85312K)->84370K(85312K) NonClass: 72616K(73152K)->72616K(73152K) Class: 11754K(12160K)->11754K(12160K)
[1693.208s][info ][gc             ] GC(131) Pause Young (Allocation Failure) 2421M->504M(2579M) 6.224ms
[1693.208s][info ][gc,cpu         ] GC(131) User=0.02s Sys=0.00s Real=0.01s
[1693.208s][info ][safepoint      ] Safepoint "ParallelGCFailedAllocation", Time since last: 4282699724 ns, Reaching safepoint: 37400 ns, At safepoint: 6300563 ns, Total: 6337963 ns
[1693.502s][info ][safepoint      ] Safepoint "ICBufferFull", Time since last: 294470769 ns, Reaching safepoint: 98400 ns, At safepoint: 5900 ns, Total: 104300 ns
[1693.511s][info ][safepoint      ] Safepoint "ICBufferFull", Time since last: 8362551 ns, Reaching safepoint: 32099 ns, At safepoint: 4500 ns, Total: 36599 ns
[1693.518s][info ][safepoint      ] Safepoint "ICBufferFull", Time since last: 6658161 ns, Reaching safepoint: 33700 ns, At safepoint: 1700 ns, Total: 35400 ns
[1693.564s][info ][safepoint      ] Safepoint "ICBufferFull", Time since last: 46829025 ns, Reaching safepoint: 43800 ns, At safepoint: 2300 ns, Total: 46100 ns
[1693.579s][info ][safepoint      ] Safepoint "ICBufferFull", Time since last: 14182816 ns, Reaching safepoint: 47900 ns, At safepoint: 2400 ns, Total: 50300 ns
[1693.582s][info ][safepoint      ] Safepoint "ICBufferFull", Time since last: 3243881 ns, Reaching safepoint: 31800 ns, At safepoint: 1900 ns, Total: 33700 ns
[1693.641s][info ][safepoint      ] Safepoint "ICBufferFull", Time since last: 58587855 ns, Reaching safepoint: 35800 ns, At safepoint: 2500 ns, Total: 38300 ns
[1693.685s][info ][safepoint      ] Safepoint "ICBufferFull", Time since last: 44390739 ns, Reaching safepoint: 33400 ns, At safepoint: 5000 ns, Total: 38400 ns
[1693.708s][info ][safepoint      ] Safepoint "ICBufferFull", Time since last: 22460268 ns, Reaching safepoint: 73300 ns, At safepoint: 6800 ns, Total: 80100 ns
[1693.751s][info ][safepoint      ] Safepoint "ICBufferFull", Time since last: 43454644 ns, Reaching safepoint: 50200 ns, At safepoint: 7200 ns, Total: 57400 ns
[1693.785s][info ][safepoint      ] Safepoint "ICBufferFull", Time since last: 33587102 ns, Reaching safepoint: 40500 ns, At safepoint: 4800 ns, Total: 45300 ns
[1693.855s][info ][safepoint      ] Safepoint "ICBufferFull", Time since last: 70643885 ns, Reaching safepoint: 40800 ns, At safepoint: 3200 ns, Total: 44000 ns
[1693.917s][info ][safepoint      ] Safepoint "ICBufferFull", Time since last: 61458539 ns, Reaching safepoint: 31199 ns, At safepoint: 2700 ns, Total: 33899 ns
[1693.981s][info ][safepoint      ] Safepoint "ICBufferFull", Time since last: 64548021 ns, Reaching safepoint: 33900 ns, At safepoint: 3000 ns, Total: 36900 ns
[1694.034s][info ][safepoint      ] Safepoint "ICBufferFull", Time since last: 52227793 ns, Reaching safepoint: 44800 ns, At safepoint: 2800 ns, Total: 47600 ns
[1694.092s][info ][safepoint      ] Safepoint "ICBufferFull", Time since last: 57850360 ns, Reaching safepoint: 47600 ns, At safepoint: 2800 ns, Total: 50400 ns
[1694.130s][info ][safepoint      ] Safepoint "ICBufferFull", Time since last: 37951277 ns, Reaching safepoint: 33399 ns, At safepoint: 2600 ns, Total: 35999 ns
[1694.178s][info ][safepoint      ] Safepoint "ICBufferFull", Time since last: 48806514 ns, Reaching safepoint: 32999 ns, At safepoint: 2400 ns, Total: 35399 ns
[1694.229s][info ][safepoint      ] Safepoint "ICBufferFull", Time since last: 50113206 ns, Reaching safepoint: 34200 ns, At safepoint: 2500 ns, Total: 36700 ns
[1694.276s][info ][safepoint      ] Safepoint "ICBufferFull", Time since last: 47652520 ns, Reaching safepoint: 39299 ns, At safepoint: 3600 ns, Total: 42899 ns
[1694.314s][info ][safepoint      ] Safepoint "ICBufferFull", Time since last: 37522880 ns, Reaching safepoint: 33300 ns, At safepoint: 2500 ns, Total: 35800 ns
[1694.370s][info ][gc,start       ] GC(132) Pause Young (Allocation Failure)
[1694.380s][debug][gc,phases      ] GC(132) Scavenge 10.082ms
[1694.380s][debug][gc,ref         ] GC(132) Skipped phase 1 of Reference Processing: no references
[1694.380s][debug][gc,ref         ] GC(132) ReferenceProcessor::execute queues: 1, RefProcThreadModel::Single, marks_oops_alive: false
[1694.380s][debug][gc,ref         ] GC(132) Skipped phase 3 of Reference Processing: no references
[1694.380s][debug][gc,ref         ] GC(132) ReferenceProcessor::execute queues: 1, RefProcThreadModel::Single, marks_oops_alive: false
[1694.380s][debug][gc,phases      ] GC(132) Reference Processing 0.116ms
[1694.380s][debug][gc,phases      ] GC(132)   VM Weak                        Min:  0.0, Avg:  0.0, Max:  0.0, Diff:  0.0, Sum:  0.0, Workers: 4
[1694.380s][debug][gc,phases      ] GC(132)     Dead                           Min: 0, Avg:  0.0, Max: 0, Diff: 0, Sum: 0, Workers: 4
[1694.380s][debug][gc,phases      ] GC(132)     Total                          Min: 0, Avg: 180.0, Max: 576, Diff: 576, Sum: 720, Workers: 4
[1694.380s][debug][gc,phases      ] GC(132)   ObjectSynchronizer Weak        Min:  0.0, Avg:  0.0, Max:  0.0, Diff:  0.0, Sum:  0.0, Workers: 4
[1694.380s][debug][gc,phases      ] GC(132)     Dead                           Min: 0, Avg:  0.0, Max: 0, Diff: 0, Sum: 0, Workers: 4
[1694.380s][debug][gc,phases      ] GC(132)     Total                          Min: 0, Avg: 89.5, Max: 230, Diff: 230, Sum: 358, Workers: 4
[1694.380s][debug][gc,phases      ] GC(132)   JVMTI Tag Weak OopStorage      Min:  0.0, Avg:  0.0, Max:  0.0, Diff:  0.0, Sum:  0.0, Workers: 4
[1694.380s][debug][gc,phases      ] GC(132)     Dead                           Min: 0, Avg:  0.0, Max: 0, Diff: 0, Sum: 0, Workers: 4
[1694.380s][debug][gc,phases      ] GC(132)     Total                          Min: 0, Avg:  0.0, Max: 0, Diff: 0, Sum: 0, Workers: 4
[1694.380s][debug][gc,phases      ] GC(132)   StringTable Weak               Min:  0.1, Avg:  0.1, Max:  0.1, Diff:  0.0, Sum:  0.4, Workers: 4
[1694.380s][debug][gc,phases      ] GC(132)     Dead                           Min: 0, Avg:  0.0, Max: 0, Diff: 0, Sum: 0, Workers: 4
[1694.380s][debug][gc,phases      ] GC(132)     Total                          Min: 8832, Avg: 12136.5, Max: 15424, Diff: 6592, Sum: 48546, Workers: 4
[1694.380s][debug][gc,phases      ] GC(132)   ResolvedMethodTable Weak       Min:  0.0, Avg:  0.0, Max:  0.0, Diff:  0.0, Sum:  0.1, Workers: 4
[1694.380s][debug][gc,phases      ] GC(132)     Dead                           Min: 0, Avg:  0.0, Max: 0, Diff: 0, Sum: 0, Workers: 4
[1694.380s][debug][gc,phases      ] GC(132)     Total                          Min: 1856, Avg: 2110.8, Max: 2752, Diff: 896, Sum: 8443, Workers: 4
[1694.380s][debug][gc,phases      ] GC(132)   JNI Weak                       Min:  0.0, Avg:  0.0, Max:  0.0, Diff:  0.0, Sum:  0.0, Workers: 4
[1694.380s][debug][gc,phases      ] GC(132)     Dead                           Min: 0, Avg:  0.0, Max: 0, Diff: 0, Sum: 0, Workers: 4
[1694.380s][debug][gc,phases      ] GC(132)     Total                          Min: 0, Avg:  0.0, Max: 0, Diff: 0, Sum: 0, Workers: 4
[1694.380s][debug][gc,phases      ] GC(132)   StringDedup Table Weak         Min:  0.0, Avg:  0.0, Max:  0.0, Diff:  0.0, Sum:  0.0, Workers: 4
[1694.380s][debug][gc,phases      ] GC(132)     Dead                           Min: 0, Avg:  0.0, Max: 0, Diff: 0, Sum: 0, Workers: 4
[1694.380s][debug][gc,phases      ] GC(132)     Total                          Min: 0, Avg:  0.0, Max: 0, Diff: 0, Sum: 0, Workers: 4
[1694.380s][debug][gc,phases      ] GC(132)   StringDedup Requests0 Weak     Min:  0.0, Avg:  0.0, Max:  0.0, Diff:  0.0, Sum:  0.0, Workers: 4
[1694.380s][debug][gc,phases      ] GC(132)     Dead                           Min: 0, Avg:  0.0, Max: 0, Diff: 0, Sum: 0, Workers: 4
[1694.380s][debug][gc,phases      ] GC(132)     Total                          Min: 0, Avg:  0.0, Max: 0, Diff: 0, Sum: 0, Workers: 4
[1694.380s][debug][gc,phases      ] GC(132)   StringDedup Requests1 Weak     Min:  0.0, Avg:  0.0, Max:  0.0, Diff:  0.0, Sum:  0.0, Workers: 4
[1694.380s][debug][gc,phases      ] GC(132)     Dead                           Min: 0, Avg:  0.0, Max: 0, Diff: 0, Sum: 0, Workers: 4
[1694.380s][debug][gc,phases      ] GC(132)     Total                          Min: 0, Avg:  0.0, Max: 0, Diff: 0, Sum: 0, Workers: 4
[1694.380s][debug][gc,phases      ] GC(132)   Weak JFR Old Object Samples    Min:  0.0, Avg:  0.0, Max:  0.0, Diff:  0.0, Sum:  0.0, Workers: 4
[1694.380s][debug][gc,phases      ] GC(132)     Dead                           Min: 0, Avg:  0.0, Max: 0, Diff: 0, Sum: 0, Workers: 4
[1694.380s][debug][gc,phases      ] GC(132)     Total                          Min: 0, Avg:  0.0, Max: 0, Diff: 0, Sum: 0, Workers: 4
[1694.380s][debug][gc,phases      ] GC(132) Weak Processing 0.269ms
[1694.380s][debug][gc,age         ] GC(132) Desired survivor size 70254592 bytes, new threshold 15 (max threshold 15)
[1694.380s][info ][gc,heap        ] GC(132) PSYoungGen: 2004174K(2034176K)->53390K(2023936K) Eden: 1970176K(1970176K)->0K(1970176K) From: 33998K(64000K)->53390K(53760K)
[1694.380s][info ][gc,heap        ] GC(132) ParOldGen: 482171K(606720K)->484051K(606720K)
[1694.380s][info ][gc,metaspace   ] GC(132) Metaspace: 84398K(85312K)->84398K(85312K) NonClass: 72643K(73152K)->72643K(73152K) Class: 11754K(12160K)->11754K(12160K)
[1694.380s][info ][gc             ] GC(132) Pause Young (Allocation Failure) 2428M->524M(2569M) 10.579ms
[1694.380s][info ][gc,cpu         ] GC(132) User=0.04s Sys=0.00s Real=0.01s
[1694.380s][info ][safepoint      ] Safepoint "ParallelGCFailedAllocation", Time since last: 55939171 ns, Reaching safepoint: 38800 ns, At safepoint: 10651837 ns, Total: 10690637 ns
[1694.515s][info ][safepoint      ] Safepoint "ICBufferFull", Time since last: 134603209 ns, Reaching safepoint: 38400 ns, At safepoint: 2600 ns, Total: 41000 ns
[1694.555s][info ][safepoint      ] Safepoint "ICBufferFull", Time since last: 39606067 ns, Reaching safepoint: 29900 ns, At safepoint: 3200 ns, Total: 33100 ns
[1694.615s][info ][safepoint      ] Safepoint "ICBufferFull", Time since last: 60642944 ns, Reaching safepoint: 40300 ns, At safepoint: 5600 ns, Total: 45900 ns
[1694.675s][info ][safepoint      ] Safepoint "ICBufferFull", Time since last: 59055053 ns, Reaching safepoint: 31099 ns, At safepoint: 2700 ns, Total: 33799 ns
[1694.724s][info ][safepoint      ] Safepoint "ICBufferFull", Time since last: 49068212 ns, Reaching safepoint: 39300 ns, At safepoint: 2700 ns, Total: 42000 ns
[1694.784s][info ][safepoint      ] Safepoint "ICBufferFull", Time since last: 60528944 ns, Reaching safepoint: 38200 ns, At safepoint: 2400 ns, Total: 40600 ns
[1694.893s][info ][safepoint      ] Safepoint "ICBufferFull", Time since last: 108527762 ns, Reaching safepoint: 33900 ns, At safepoint: 2700 ns, Total: 36600 ns
[1694.951s][info ][safepoint      ] Safepoint "ICBufferFull", Time since last: 58167858 ns, Reaching safepoint: 54100 ns, At safepoint: 3100 ns, Total: 57200 ns
[1695.269s][info ][safepoint      ] Safepoint "ICBufferFull", Time since last: 317707633 ns, Reaching safepoint: 100400 ns, At safepoint: 7000 ns, Total: 107400 ns
[1696.269s][info ][safepoint      ] Safepoint "Cleanup", Time since last: 1000100124 ns, Reaching safepoint: 64500 ns, At safepoint: 8200 ns, Total: 72700 ns
[1698.269s][info ][safepoint      ] Safepoint "Cleanup", Time since last: 2000163452 ns, Reaching safepoint: 48699 ns, At safepoint: 9700 ns, Total: 58399 ns
[1699.269s][info ][safepoint      ] Safepoint "Cleanup", Time since last: 1000109427 ns, Reaching safepoint: 42500 ns, At safepoint: 5200 ns, Total: 47700 ns
[1700.270s][info ][safepoint      ] Safepoint "Cleanup", Time since last: 1000103927 ns, Reaching safepoint: 48600 ns, At safepoint: 2700 ns, Total: 51300 ns
[1701.270s][info ][safepoint      ] Safepoint "Cleanup", Time since last: 1000109529 ns, Reaching safepoint: 47599 ns, At safepoint: 7600 ns, Total: 55199 ns
[1702.270s][info ][safepoint      ] Safepoint "Cleanup", Time since last: 1000104430 ns, Reaching safepoint: 40199 ns, At safepoint: 2600 ns, Total: 42799 ns
[1703.270s][info ][safepoint      ] Safepoint "Cleanup", Time since last: 1000106230 ns, Reaching safepoint: 38300 ns, At safepoint: 3600 ns, Total: 41900 ns
[1705.270s][info ][safepoint      ] Safepoint "Cleanup", Time since last: 2000175963 ns, Reaching safepoint: 47000 ns, At safepoint: 7800 ns, Total: 54800 ns
[1706.685s][info ][gc,start       ] GC(133) Pause Young (Allocation Failure)
[1706.706s][debug][gc,phases      ] GC(133) Scavenge 20.965ms
[1706.706s][debug][gc,ref         ] GC(133) Skipped phase 1 of Reference Processing: no references
[1706.706s][debug][gc,ref         ] GC(133) ReferenceProcessor::execute queues: 1, RefProcThreadModel::Single, marks_oops_alive: false
[1706.706s][debug][gc,ref         ] GC(133) Skipped phase 3 of Reference Processing: no references
[1706.706s][debug][gc,ref         ] GC(133) ReferenceProcessor::execute queues: 1, RefProcThreadModel::Single, marks_oops_alive: false
[1706.706s][debug][gc,phases      ] GC(133) Reference Processing 0.124ms
[1706.706s][debug][gc,phases      ] GC(133)   VM Weak                        Min:  0.0, Avg:  0.0, Max:  0.0, Diff:  0.0, Sum:  0.0, Workers: 4
[1706.706s][debug][gc,phases      ] GC(133)     Dead                           Min: 0, Avg:  0.0, Max: 0, Diff: 0, Sum: 0, Workers: 4
[1706.706s][debug][gc,phases      ] GC(133)     Total                          Min: 0, Avg: 180.0, Max: 448, Diff: 448, Sum: 720, Workers: 4
[1706.707s][debug][gc,phases      ] GC(133)   ObjectSynchronizer Weak        Min:  0.0, Avg:  0.0, Max:  0.0, Diff:  0.0, Sum:  0.0, Workers: 4
[1706.707s][debug][gc,phases      ] GC(133)     Dead                           Min: 0, Avg:  0.0, Max: 0, Diff: 0, Sum: 0, Workers: 4
[1706.707s][debug][gc,phases      ] GC(133)     Total                          Min: 0, Avg: 89.5, Max: 192, Diff: 192, Sum: 358, Workers: 4
[1706.707s][debug][gc,phases      ] GC(133)   JVMTI Tag Weak OopStorage      Min:  0.0, Avg:  0.0, Max:  0.0, Diff:  0.0, Sum:  0.0, Workers: 4
[1706.707s][debug][gc,phases      ] GC(133)     Dead                           Min: 0, Avg:  0.0, Max: 0, Diff: 0, Sum: 0, Workers: 4
[1706.707s][debug][gc,phases      ] GC(133)     Total                          Min: 0, Avg:  0.0, Max: 0, Diff: 0, Sum: 0, Workers: 4
[1706.707s][debug][gc,phases      ] GC(133)   StringTable Weak               Min:  0.1, Avg:  0.1, Max:  0.1, Diff:  0.0, Sum:  0.5, Workers: 4
[1706.707s][debug][gc,phases      ] GC(133)     Dead                           Min: 0, Avg:  0.0, Max: 0, Diff: 0, Sum: 0, Workers: 4
[1706.707s][debug][gc,phases      ] GC(133)     Total                          Min: 10816, Avg: 12141.2, Max: 15029, Diff: 4213, Sum: 48565, Workers: 4
[1706.707s][debug][gc,phases      ] GC(133)   ResolvedMethodTable Weak       Min:  0.0, Avg:  0.0, Max:  0.0, Diff:  0.0, Sum:  0.1, Workers: 4
[1706.707s][debug][gc,phases      ] GC(133)     Dead                           Min: 0, Avg:  0.0, Max: 0, Diff: 0, Sum: 0, Workers: 4
[1706.707s][debug][gc,phases      ] GC(133)     Total                          Min: 1915, Avg: 2110.8, Max: 2688, Diff: 773, Sum: 8443, Workers: 4
[1706.707s][debug][gc,phases      ] GC(133)   JNI Weak                       Min:  0.0, Avg:  0.0, Max:  0.0, Diff:  0.0, Sum:  0.0, Workers: 4
[1706.707s][debug][gc,phases      ] GC(133)     Dead                           Min: 0, Avg:  0.0, Max: 0, Diff: 0, Sum: 0, Workers: 4
[1706.707s][debug][gc,phases      ] GC(133)     Total                          Min: 0, Avg:  0.0, Max: 0, Diff: 0, Sum: 0, Workers: 4
[1706.707s][debug][gc,phases      ] GC(133)   StringDedup Table Weak         Min:  0.0, Avg:  0.0, Max:  0.0, Diff:  0.0, Sum:  0.0, Workers: 4
[1706.707s][debug][gc,phases      ] GC(133)     Dead                           Min: 0, Avg:  0.0, Max: 0, Diff: 0, Sum: 0, Workers: 4
[1706.707s][debug][gc,phases      ] GC(133)     Total                          Min: 0, Avg:  0.0, Max: 0, Diff: 0, Sum: 0, Workers: 4
[1706.707s][debug][gc,phases      ] GC(133)   StringDedup Requests0 Weak     Min:  0.0, Avg:  0.0, Max:  0.0, Diff:  0.0, Sum:  0.0, Workers: 4
[1706.707s][debug][gc,phases      ] GC(133)     Dead                           Min: 0, Avg:  0.0, Max: 0, Diff: 0, Sum: 0, Workers: 4
[1706.707s][debug][gc,phases      ] GC(133)     Total                          Min: 0, Avg:  0.0, Max: 0, Diff: 0, Sum: 0, Workers: 4
[1706.707s][debug][gc,phases      ] GC(133)   StringDedup Requests1 Weak     Min:  0.0, Avg:  0.0, Max:  0.0, Diff:  0.0, Sum:  0.0, Workers: 4
[1706.707s][debug][gc,phases      ] GC(133)     Dead                           Min: 0, Avg:  0.0, Max: 0, Diff: 0, Sum: 0, Workers: 4
[1706.707s][debug][gc,phases      ] GC(133)     Total                          Min: 0, Avg:  0.0, Max: 0, Diff: 0, Sum: 0, Workers: 4
[1706.707s][debug][gc,phases      ] GC(133)   Weak JFR Old Object Samples    Min:  0.0, Avg:  0.0, Max:  0.0, Diff:  0.0, Sum:  0.0, Workers: 4
[1706.707s][debug][gc,phases      ] GC(133)     Dead                           Min: 0, Avg:  0.0, Max: 0, Diff: 0, Sum: 0, Workers: 4
[1706.707s][debug][gc,phases      ] GC(133)     Total                          Min: 0, Avg:  0.0, Max: 0, Diff: 0, Sum: 0, Workers: 4
[1706.707s][debug][gc,phases      ] GC(133) Weak Processing 0.326ms
[1706.707s][debug][gc,age         ] GC(133) Desired survivor size 88080384 bytes, new threshold 14 (max threshold 15)
[1706.707s][info ][gc,heap        ] GC(133) PSYoungGen: 2023566K(2023936K)->68606K(1993728K) Eden: 1970176K(1970176K)->0K(1925120K) From: 53390K(53760K)->68606K(68608K)
[1706.707s][info ][gc,heap        ] GC(133) ParOldGen: 484051K(606720K)->502973K(606720K)
[1706.707s][info ][gc,metaspace   ] GC(133) Metaspace: 84405K(85312K)->84405K(85312K) NonClass: 72649K(73152K)->72649K(73152K) Class: 11755K(12160K)->11755K(12160K)
[1706.707s][info ][gc             ] GC(133) Pause Young (Allocation Failure) 2448M->558M(2539M) 21.533ms
[1706.707s][info ][gc,cpu         ] GC(133) User=0.08s Sys=0.00s Real=0.02s
[1706.707s][info ][safepoint      ] Safepoint "ParallelGCFailedAllocation", Time since last: 1414819499 ns, Reaching safepoint: 39900 ns, At safepoint: 21620373 ns, Total: 21660273 ns
[1707.707s][info ][safepoint      ] Safepoint "Cleanup", Time since last: 1000080634 ns, Reaching safepoint: 48099 ns, At safepoint: 2900 ns, Total: 50999 ns
[1708.707s][info ][safepoint      ] Safepoint "Cleanup", Time since last: 1000103535 ns, Reaching safepoint: 49999 ns, At safepoint: 5900 ns, Total: 55899 ns
[1711.707s][info ][safepoint      ] Safepoint "Cleanup", Time since last: 3000196609 ns, Reaching safepoint: 44699 ns, At safepoint: 6100 ns, Total: 50799 ns
[1715.708s][info ][safepoint      ] Safepoint "Cleanup", Time since last: 4000289055 ns, Reaching safepoint: 54800 ns, At safepoint: 5700 ns, Total: 60500 ns
[1717.708s][info ][safepoint      ] Safepoint "Cleanup", Time since last: 2000162382 ns, Reaching safepoint: 45500 ns, At safepoint: 7200 ns, Total: 52700 ns
[1720.708s][info ][safepoint      ] Safepoint "Cleanup", Time since last: 3000235728 ns, Reaching safepoint: 50500 ns, At safepoint: 8500 ns, Total: 59000 ns
[1721.708s][info ][safepoint      ] Safepoint "Cleanup", Time since last: 1000103344 ns, Reaching safepoint: 61300 ns, At safepoint: 7500 ns, Total: 68800 ns
[1722.708s][info ][safepoint      ] Safepoint "Cleanup", Time since last: 1000071745 ns, Reaching safepoint: 62100 ns, At safepoint: 5900 ns, Total: 68000 ns
[1723.709s][info ][safepoint      ] Safepoint "Cleanup", Time since last: 1000109845 ns, Reaching safepoint: 47800 ns, At safepoint: 27900 ns, Total: 75700 ns
[1726.133s][info ][safepoint      ] Safepoint "Cleanup", Time since last: 2424168513 ns, Reaching safepoint: 139299 ns, At safepoint: 10500 ns, Total: 149799 ns
[1727.133s][info ][safepoint      ] Safepoint "Cleanup", Time since last: 1000107548 ns, Reaching safepoint: 120800 ns, At safepoint: 8300 ns, Total: 129100 ns
[1728.133s][info ][safepoint      ] Safepoint "Cleanup", Time since last: 1000064249 ns, Reaching safepoint: 131099 ns, At safepoint: 7900 ns, Total: 138999 ns
[1729.134s][info ][safepoint      ] Safepoint "Cleanup", Time since last: 1000099750 ns, Reaching safepoint: 102499 ns, At safepoint: 7000 ns, Total: 109499 ns
[1731.134s][info ][safepoint      ] Safepoint "Cleanup", Time since last: 2000165203 ns, Reaching safepoint: 117699 ns, At safepoint: 7600 ns, Total: 125299 ns
[1734.134s][info ][safepoint      ] Safepoint "Cleanup", Time since last: 3000246859 ns, Reaching safepoint: 38099 ns, At safepoint: 4600 ns, Total: 42699 ns
[1737.135s][info ][safepoint      ] Safepoint "Cleanup", Time since last: 3000228366 ns, Reaching safepoint: 124799 ns, At safepoint: 9400 ns, Total: 134199 ns
[1738.135s][info ][safepoint      ] Safepoint "Cleanup", Time since last: 1000098957 ns, Reaching safepoint: 57699 ns, At safepoint: 7200 ns, Total: 64899 ns
[1741.135s][info ][safepoint      ] Safepoint "Cleanup", Time since last: 3000224075 ns, Reaching safepoint: 38200 ns, At safepoint: 2900 ns, Total: 41100 ns
[1743.135s][info ][safepoint      ] Safepoint "Cleanup", Time since last: 2000130920 ns, Reaching safepoint: 116499 ns, At safepoint: 21600 ns, Total: 138099 ns
[1744.135s][info ][safepoint      ] Safepoint "Cleanup", Time since last: 1000090461 ns, Reaching safepoint: 42799 ns, At safepoint: 6400 ns, Total: 49199 ns
[1746.136s][info ][safepoint      ] Safepoint "Cleanup", Time since last: 2000167025 ns, Reaching safepoint: 48499 ns, At safepoint: 8100 ns, Total: 56599 ns
[1747.136s][info ][safepoint      ] Safepoint "Cleanup", Time since last: 1000106463 ns, Reaching safepoint: 42500 ns, At safepoint: 3600 ns, Total: 46100 ns
[1748.026s][info ][gc,start       ] GC(134) Pause Young (Allocation Failure)
[1748.035s][debug][gc,phases      ] GC(134) Scavenge 8.970ms
[1748.036s][debug][gc,ref         ] GC(134) Skipped phase 1 of Reference Processing: no references
[1748.036s][debug][gc,ref         ] GC(134) ReferenceProcessor::execute queues: 1, RefProcThreadModel::Single, marks_oops_alive: false
[1748.036s][debug][gc,ref         ] GC(134) Skipped phase 3 of Reference Processing: no references
[1748.036s][debug][gc,ref         ] GC(134) ReferenceProcessor::execute queues: 1, RefProcThreadModel::Single, marks_oops_alive: false
[1748.036s][debug][gc,phases      ] GC(134) Reference Processing 0.130ms
[1748.036s][debug][gc,phases      ] GC(134)   VM Weak                        Min:  0.0, Avg:  0.0, Max:  0.0, Diff:  0.0, Sum:  0.0, Workers: 4
[1748.036s][debug][gc,phases      ] GC(134)     Dead                           Min: 0, Avg:  0.0, Max: 0, Diff: 0, Sum: 0, Workers: 4
[1748.036s][debug][gc,phases      ] GC(134)     Total                          Min: 0, Avg: 180.2, Max: 721, Diff: 721, Sum: 721, Workers: 4
[1748.036s][debug][gc,phases      ] GC(134)   ObjectSynchronizer Weak        Min:  0.0, Avg:  0.0, Max:  0.0, Diff:  0.0, Sum:  0.0, Workers: 4
[1748.036s][debug][gc,phases      ] GC(134)     Dead                           Min: 0, Avg:  0.0, Max: 0, Diff: 0, Sum: 0, Workers: 4
[1748.036s][debug][gc,phases      ] GC(134)     Total                          Min: 0, Avg: 89.5, Max: 192, Diff: 192, Sum: 358, Workers: 4
[1748.036s][debug][gc,phases      ] GC(134)   JVMTI Tag Weak OopStorage      Min:  0.0, Avg:  0.0, Max:  0.0, Diff:  0.0, Sum:  0.0, Workers: 4
[1748.036s][debug][gc,phases      ] GC(134)     Dead                           Min: 0, Avg:  0.0, Max: 0, Diff: 0, Sum: 0, Workers: 4
[1748.036s][debug][gc,phases      ] GC(134)     Total                          Min: 0, Avg:  0.0, Max: 0, Diff: 0, Sum: 0, Workers: 4
[1748.036s][debug][gc,phases      ] GC(134)   StringTable Weak               Min:  0.1, Avg:  0.1, Max:  0.1, Diff:  0.0, Sum:  0.3, Workers: 4
[1748.036s][debug][gc,phases      ] GC(134)     Dead                           Min: 0, Avg:  0.0, Max: 0, Diff: 0, Sum: 0, Workers: 4
[1748.036s][debug][gc,phases      ] GC(134)     Total                          Min: 8128, Avg: 12143.0, Max: 14400, Diff: 6272, Sum: 48572, Workers: 4
[1748.036s][debug][gc,phases      ] GC(134)   ResolvedMethodTable Weak       Min:  0.0, Avg:  0.0, Max:  0.0, Diff:  0.0, Sum:  0.1, Workers: 4
[1748.036s][debug][gc,phases      ] GC(134)     Dead                           Min: 0, Avg:  0.0, Max: 0, Diff: 0, Sum: 0, Workers: 4
[1748.036s][debug][gc,phases      ] GC(134)     Total                          Min: 1792, Avg: 2112.2, Max: 2432, Diff: 640, Sum: 8449, Workers: 4
[1748.036s][debug][gc,phases      ] GC(134)   JNI Weak                       Min:  0.0, Avg:  0.0, Max:  0.0, Diff:  0.0, Sum:  0.0, Workers: 4
[1748.036s][debug][gc,phases      ] GC(134)     Dead                           Min: 0, Avg:  0.0, Max: 0, Diff: 0, Sum: 0, Workers: 4
[1748.036s][debug][gc,phases      ] GC(134)     Total                          Min: 0, Avg:  0.0, Max: 0, Diff: 0, Sum: 0, Workers: 4
[1748.036s][debug][gc,phases      ] GC(134)   StringDedup Table Weak         Min:  0.0, Avg:  0.0, Max:  0.0, Diff:  0.0, Sum:  0.0, Workers: 4
[1748.036s][debug][gc,phases      ] GC(134)     Dead                           Min: 0, Avg:  0.0, Max: 0, Diff: 0, Sum: 0, Workers: 4
[1748.036s][debug][gc,phases      ] GC(134)     Total                          Min: 0, Avg:  0.0, Max: 0, Diff: 0, Sum: 0, Workers: 4
[1748.036s][debug][gc,phases      ] GC(134)   StringDedup Requests0 Weak     Min:  0.0, Avg:  0.0, Max:  0.0, Diff:  0.0, Sum:  0.0, Workers: 4
[1748.036s][debug][gc,phases      ] GC(134)     Dead                           Min: 0, Avg:  0.0, Max: 0, Diff: 0, Sum: 0, Workers: 4
[1748.036s][debug][gc,phases      ] GC(134)     Total                          Min: 0, Avg:  0.0, Max: 0, Diff: 0, Sum: 0, Workers: 4
[1748.036s][debug][gc,phases      ] GC(134)   StringDedup Requests1 Weak     Min:  0.0, Avg:  0.0, Max:  0.0, Diff:  0.0, Sum:  0.0, Workers: 4
[1748.036s][debug][gc,phases      ] GC(134)     Dead                           Min: 0, Avg:  0.0, Max: 0, Diff: 0, Sum: 0, Workers: 4
[1748.036s][debug][gc,phases      ] GC(134)     Total                          Min: 0, Avg:  0.0, Max: 0, Diff: 0, Sum: 0, Workers: 4
[1748.036s][debug][gc,phases      ] GC(134)   Weak JFR Old Object Samples    Min:  0.0, Avg:  0.0, Max:  0.0, Diff:  0.0, Sum:  0.0, Workers: 4
[1748.036s][debug][gc,phases      ] GC(134)     Dead                           Min: 0, Avg:  0.0, Max: 0, Diff: 0, Sum: 0, Workers: 4
[1748.036s][debug][gc,phases      ] GC(134)     Total                          Min: 0, Avg:  0.0, Max: 0, Diff: 0, Sum: 0, Workers: 4
[1748.036s][debug][gc,phases      ] GC(134) Weak Processing 0.254ms
[1748.036s][debug][gc,age         ] GC(134) Desired survivor size 95944704 bytes, new threshold 15 (max threshold 15)
[1748.036s][info ][gc,heap        ] GC(134) PSYoungGen: 1993726K(1993728K)->69710K(1995264K) Eden: 1925120K(1925120K)->0K(1925120K) From: 68606K(68608K)->69710K(70144K)
[1748.036s][info ][gc,heap        ] GC(134) ParOldGen: 502973K(606720K)->503277K(606720K)
[1748.036s][info ][gc,metaspace   ] GC(134) Metaspace: 84450K(85376K)->84450K(85376K) NonClass: 72690K(73216K)->72690K(73216K) Class: 11759K(12160K)->11759K(12160K)
[1748.036s][info ][gc             ] GC(134) Pause Young (Allocation Failure) 2438M->559M(2541M) 9.465ms
[1748.036s][info ][gc,cpu         ] GC(134) User=0.03s Sys=0.00s Real=0.01s
[1748.036s][info ][safepoint      ] Safepoint "ParallelGCFailedAllocation", Time since last: 890585103 ns, Reaching safepoint: 116899 ns, At safepoint: 9543144 ns, Total: 9660043 ns
[1749.036s][info ][safepoint      ] Safepoint "Cleanup", Time since last: 1000083165 ns, Reaching safepoint: 46700 ns, At safepoint: 4200 ns, Total: 50900 ns
[1751.036s][info ][safepoint      ] Safepoint "Cleanup", Time since last: 2000161831 ns, Reaching safepoint: 47900 ns, At safepoint: 5500 ns, Total: 53400 ns
[1755.037s][info ][safepoint      ] Safepoint "Cleanup", Time since last: 4000302771 ns, Reaching safepoint: 54799 ns, At safepoint: 25300 ns, Total: 80099 ns
[1762.037s][info ][safepoint      ] Safepoint "Cleanup", Time since last: 7000476602 ns, Reaching safepoint: 53900 ns, At safepoint: 8300 ns, Total: 62200 ns
[1764.037s][info ][safepoint      ] Safepoint "Cleanup", Time since last: 2000166949 ns, Reaching safepoint: 46500 ns, At safepoint: 20600 ns, Total: 67100 ns
[1765.038s][info ][safepoint      ] Safepoint "Cleanup", Time since last: 1000102676 ns, Reaching safepoint: 52499 ns, At safepoint: 5300 ns, Total: 57799 ns
[1768.038s][info ][safepoint      ] Safepoint "Cleanup", Time since last: 3000230232 ns, Reaching safepoint: 49100 ns, At safepoint: 8200 ns, Total: 57300 ns
[1769.038s][info ][safepoint      ] Safepoint "Cleanup", Time since last: 1000068678 ns, Reaching safepoint: 50700 ns, At safepoint: 7400 ns, Total: 58100 ns
[1770.038s][info ][safepoint      ] Safepoint "Cleanup", Time since last: 1000115879 ns, Reaching safepoint: 43200 ns, At safepoint: 2500 ns, Total: 45700 ns
[1771.038s][info ][safepoint      ] Safepoint "Cleanup", Time since last: 1000120080 ns, Reaching safepoint: 45999 ns, At safepoint: 16400 ns, Total: 62399 ns
[1773.039s][info ][safepoint      ] Safepoint "Cleanup", Time since last: 2000127862 ns, Reaching safepoint: 46800 ns, At safepoint: 10800 ns, Total: 57600 ns
[1774.039s][info ][safepoint      ] Safepoint "Cleanup", Time since last: 1000105782 ns, Reaching safepoint: 46200 ns, At safepoint: 2600 ns, Total: 48800 ns
[1775.039s][info ][safepoint      ] Safepoint "Cleanup", Time since last: 1000107082 ns, Reaching safepoint: 67400 ns, At safepoint: 9300 ns, Total: 76700 ns
[1777.039s][info ][safepoint      ] Safepoint "Cleanup", Time since last: 2000181567 ns, Reaching safepoint: 42600 ns, At safepoint: 3400 ns, Total: 46000 ns
[1779.039s][info ][safepoint      ] Safepoint "Cleanup", Time since last: 2000160270 ns, Reaching safepoint: 44700 ns, At safepoint: 2400 ns, Total: 47100 ns
[1783.040s][info ][safepoint      ] Safepoint "Cleanup", Time since last: 4000294248 ns, Reaching safepoint: 46100 ns, At safepoint: 3700 ns, Total: 49800 ns
[1787.040s][info ][safepoint      ] Safepoint "Cleanup", Time since last: 4000291560 ns, Reaching safepoint: 43399 ns, At safepoint: 5400 ns, Total: 48799 ns
[1788.040s][info ][safepoint      ] Safepoint "Cleanup", Time since last: 1000119191 ns, Reaching safepoint: 38700 ns, At safepoint: 2500 ns, Total: 41200 ns
[1790.726s][info ][gc,start       ] GC(135) Pause Young (Allocation Failure)
[1790.738s][debug][gc,phases      ] GC(135) Scavenge 12.377ms
[1790.738s][debug][gc,ref         ] GC(135) Skipped phase 1 of Reference Processing: no references
[1790.738s][debug][gc,ref         ] GC(135) ReferenceProcessor::execute queues: 1, RefProcThreadModel::Single, marks_oops_alive: false
[1790.738s][debug][gc,ref         ] GC(135) Skipped phase 3 of Reference Processing: no references
[1790.738s][debug][gc,ref         ] GC(135) ReferenceProcessor::execute queues: 1, RefProcThreadModel::Single, marks_oops_alive: false
[1790.738s][debug][gc,phases      ] GC(135) Reference Processing 0.099ms
[1790.738s][debug][gc,phases      ] GC(135)   VM Weak                        Min:  0.0, Avg:  0.0, Max:  0.0, Diff:  0.0, Sum:  0.0, Workers: 4
[1790.738s][debug][gc,phases      ] GC(135)     Dead                           Min: 0, Avg:  0.0, Max: 0, Diff: 0, Sum: 0, Workers: 4
[1790.738s][debug][gc,phases      ] GC(135)     Total                          Min: 0, Avg: 180.2, Max: 448, Diff: 448, Sum: 721, Workers: 4
[1790.738s][debug][gc,phases      ] GC(135)   ObjectSynchronizer Weak        Min:  0.0, Avg:  0.0, Max:  0.0, Diff:  0.0, Sum:  0.0, Workers: 4
[1790.738s][debug][gc,phases      ] GC(135)     Dead                           Min: 0, Avg:  0.0, Max: 0, Diff: 0, Sum: 0, Workers: 4
[1790.738s][debug][gc,phases      ] GC(135)     Total                          Min: 0, Avg: 89.5, Max: 192, Diff: 192, Sum: 358, Workers: 4
[1790.738s][debug][gc,phases      ] GC(135)   JVMTI Tag Weak OopStorage      Min:  0.0, Avg:  0.0, Max:  0.0, Diff:  0.0, Sum:  0.0, Workers: 4
[1790.738s][debug][gc,phases      ] GC(135)     Dead                           Min: 0, Avg:  0.0, Max: 0, Diff: 0, Sum: 0, Workers: 4
[1790.738s][debug][gc,phases      ] GC(135)     Total                          Min: 0, Avg:  0.0, Max: 0, Diff: 0, Sum: 0, Workers: 4
[1790.738s][debug][gc,phases      ] GC(135)   StringTable Weak               Min:  0.1, Avg:  0.1, Max:  0.1, Diff:  0.0, Sum:  0.5, Workers: 4
[1790.738s][debug][gc,phases      ] GC(135)     Dead                           Min: 0, Avg:  0.0, Max: 0, Diff: 0, Sum: 0, Workers: 4
[1790.738s][debug][gc,phases      ] GC(135)     Total                          Min: 10368, Avg: 12143.0, Max: 15036, Diff: 4668, Sum: 48572, Workers: 4
[1790.739s][debug][gc,phases      ] GC(135)   ResolvedMethodTable Weak       Min:  0.0, Avg:  0.0, Max:  0.0, Diff:  0.0, Sum:  0.1, Workers: 4
[1790.739s][debug][gc,phases      ] GC(135)     Dead                           Min: 0, Avg:  0.0, Max: 0, Diff: 0, Sum: 0, Workers: 4
[1790.739s][debug][gc,phases      ] GC(135)     Total                          Min: 2048, Avg: 2112.2, Max: 2176, Diff: 128, Sum: 8449, Workers: 4
[1790.739s][debug][gc,phases      ] GC(135)   JNI Weak                       Min:  0.0, Avg:  0.0, Max:  0.0, Diff:  0.0, Sum:  0.0, Workers: 4
[1790.739s][debug][gc,phases      ] GC(135)     Dead                           Min: 0, Avg:  0.0, Max: 0, Diff: 0, Sum: 0, Workers: 4
[1790.739s][debug][gc,phases      ] GC(135)     Total                          Min: 0, Avg:  0.0, Max: 0, Diff: 0, Sum: 0, Workers: 4
[1790.739s][debug][gc,phases      ] GC(135)   StringDedup Table Weak         Min:  0.0, Avg:  0.0, Max:  0.0, Diff:  0.0, Sum:  0.0, Workers: 4
[1790.739s][debug][gc,phases      ] GC(135)     Dead                           Min: 0, Avg:  0.0, Max: 0, Diff: 0, Sum: 0, Workers: 4
[1790.739s][debug][gc,phases      ] GC(135)     Total                          Min: 0, Avg:  0.0, Max: 0, Diff: 0, Sum: 0, Workers: 4
[1790.739s][debug][gc,phases      ] GC(135)   StringDedup Requests0 Weak     Min:  0.0, Avg:  0.0, Max:  0.0, Diff:  0.0, Sum:  0.0, Workers: 4
[1790.739s][debug][gc,phases      ] GC(135)     Dead                           Min: 0, Avg:  0.0, Max: 0, Diff: 0, Sum: 0, Workers: 4
[1790.739s][debug][gc,phases      ] GC(135)     Total                          Min: 0, Avg:  0.0, Max: 0, Diff: 0, Sum: 0, Workers: 4
[1790.739s][debug][gc,phases      ] GC(135)   StringDedup Requests1 Weak     Min:  0.0, Avg:  0.0, Max:  0.0, Diff:  0.0, Sum:  0.0, Workers: 4
[1790.739s][debug][gc,phases      ] GC(135)     Dead                           Min: 0, Avg:  0.0, Max: 0, Diff: 0, Sum: 0, Workers: 4
[1790.739s][debug][gc,phases      ] GC(135)     Total                          Min: 0, Avg:  0.0, Max: 0, Diff: 0, Sum: 0, Workers: 4
[1790.739s][debug][gc,phases      ] GC(135)   Weak JFR Old Object Samples    Min:  0.0, Avg:  0.0, Max:  0.0, Diff:  0.0, Sum:  0.0, Workers: 4
[1790.739s][debug][gc,phases      ] GC(135)     Dead                           Min: 0, Avg:  0.0, Max: 0, Diff: 0, Sum: 0, Workers: 4
[1790.739s][debug][gc,phases      ] GC(135)     Total                          Min: 0, Avg:  0.0, Max: 0, Diff: 0, Sum: 0, Workers: 4
[1790.739s][debug][gc,phases      ] GC(135) Weak Processing 0.344ms
[1790.739s][debug][gc,age         ] GC(135) Desired survivor size 101711872 bytes, new threshold 15 (max threshold 15)
[1790.739s][info ][gc,heap        ] GC(135) PSYoungGen: 1994830K(1995264K)->70110K(1992192K) Eden: 1925120K(1925120K)->0K(1898496K) From: 69710K(70144K)->70110K(93696K)
[1790.739s][info ][gc,heap        ] GC(135) ParOldGen: 503277K(606720K)->503277K(606720K)
[1790.739s][info ][gc,metaspace   ] GC(135) Metaspace: 84456K(85376K)->84456K(85376K) NonClass: 72697K(73216K)->72697K(73216K) Class: 11759K(12160K)->11759K(12160K)
[1790.739s][info ][gc             ] GC(135) Pause Young (Allocation Failure) 2439M->559M(2538M) 12.938ms
[1790.739s][info ][gc,cpu         ] GC(135) User=0.05s Sys=0.00s Real=0.01s
[1790.739s][info ][safepoint      ] Safepoint "ParallelGCFailedAllocation", Time since last: 2685424706 ns, Reaching safepoint: 34000 ns, At safepoint: 13032425 ns, Total: 13066425 ns
[1792.739s][info ][safepoint      ] Safepoint "Cleanup", Time since last: 2000139788 ns, Reaching safepoint: 53800 ns, At safepoint: 4700 ns, Total: 58500 ns
[1798.739s][info ][safepoint      ] Safepoint "Cleanup", Time since last: 6000423681 ns, Reaching safepoint: 86600 ns, At safepoint: 4900 ns, Total: 91500 ns
[1799.740s][info ][safepoint      ] Safepoint "Cleanup", Time since last: 1000075899 ns, Reaching safepoint: 89199 ns, At safepoint: 15600 ns, Total: 104799 ns
[1800.740s][info ][safepoint      ] Safepoint "Cleanup", Time since last: 1000109000 ns, Reaching safepoint: 48300 ns, At safepoint: 3400 ns, Total: 51700 ns
[1801.740s][info ][safepoint      ] Safepoint "Cleanup", Time since last: 1000120200 ns, Reaching safepoint: 45600 ns, At safepoint: 2700 ns, Total: 48300 ns
[1802.740s][info ][safepoint      ] Safepoint "Cleanup", Time since last: 1000106301 ns, Reaching safepoint: 42099 ns, At safepoint: 2800 ns, Total: 44899 ns
[1804.740s][info ][safepoint      ] Safepoint "Cleanup", Time since last: 2000156904 ns, Reaching safepoint: 51900 ns, At safepoint: 10400 ns, Total: 62300 ns
[1805.740s][info ][safepoint      ] Safepoint "Cleanup", Time since last: 1000104103 ns, Reaching safepoint: 44800 ns, At safepoint: 8000 ns, Total: 52800 ns
[1806.741s][info ][safepoint      ] Safepoint "Cleanup", Time since last: 1000107903 ns, Reaching safepoint: 34700 ns, At safepoint: 3800 ns, Total: 38500 ns
[1813.741s][info ][safepoint      ] Safepoint "Cleanup", Time since last: 7000511144 ns, Reaching safepoint: 67399 ns, At safepoint: 7600 ns, Total: 74999 ns
[1817.741s][info ][safepoint      ] Safepoint "Cleanup", Time since last: 4000248540 ns, Reaching safepoint: 52599 ns, At safepoint: 3100 ns, Total: 55699 ns
[1818.742s][info ][safepoint      ] Safepoint "Cleanup", Time since last: 1000108311 ns, Reaching safepoint: 68300 ns, At safepoint: 9500 ns, Total: 77800 ns
[1819.742s][info ][safepoint      ] Safepoint "Cleanup", Time since last: 1000109312 ns, Reaching safepoint: 55599 ns, At safepoint: 11400 ns, Total: 66999 ns
[1820.742s][info ][safepoint      ] Safepoint "Cleanup", Time since last: 1000111513 ns, Reaching safepoint: 66599 ns, At safepoint: 8300 ns, Total: 74899 ns
[1822.742s][info ][safepoint      ] Safepoint "Cleanup", Time since last: 2000189627 ns, Reaching safepoint: 46300 ns, At safepoint: 5300 ns, Total: 51600 ns
[1823.742s][info ][safepoint      ] Safepoint "Cleanup", Time since last: 1000108914 ns, Reaching safepoint: 68199 ns, At safepoint: 2500 ns, Total: 70699 ns
[1833.743s][info ][safepoint      ] Safepoint "Cleanup", Time since last: 10000699179 ns, Reaching safepoint: 45899 ns, At safepoint: 5000 ns, Total: 50899 ns
[1834.743s][info ][safepoint      ] Safepoint "Cleanup", Time since last: 1000099921 ns, Reaching safepoint: 76800 ns, At safepoint: 7700 ns, Total: 84500 ns
[1835.576s][info ][gc,start       ] GC(136) Pause Young (Allocation Failure)
[1835.587s][debug][gc,phases      ] GC(136) Scavenge 11.228ms
[1835.587s][debug][gc,ref         ] GC(136) Skipped phase 1 of Reference Processing: no references
[1835.587s][debug][gc,ref         ] GC(136) ReferenceProcessor::execute queues: 1, RefProcThreadModel::Single, marks_oops_alive: false
[1835.587s][debug][gc,ref         ] GC(136) Skipped phase 3 of Reference Processing: no references
[1835.587s][debug][gc,ref         ] GC(136) ReferenceProcessor::execute queues: 1, RefProcThreadModel::Single, marks_oops_alive: false
[1835.587s][debug][gc,phases      ] GC(136) Reference Processing 0.107ms
[1835.588s][debug][gc,phases      ] GC(136)   VM Weak                        Min:  0.0, Avg:  0.0, Max:  0.0, Diff:  0.0, Sum:  0.0, Workers: 4
[1835.588s][debug][gc,phases      ] GC(136)     Dead                           Min: 0, Avg:  0.0, Max: 0, Diff: 0, Sum: 0, Workers: 4
[1835.588s][debug][gc,phases      ] GC(136)     Total                          Min: 0, Avg: 180.2, Max: 529, Diff: 529, Sum: 721, Workers: 4
[1835.588s][debug][gc,phases      ] GC(136)   ObjectSynchronizer Weak        Min:  0.0, Avg:  0.0, Max:  0.0, Diff:  0.0, Sum:  0.0, Workers: 4
[1835.588s][debug][gc,phases      ] GC(136)     Dead                           Min: 0, Avg:  0.0, Max: 0, Diff: 0, Sum: 0, Workers: 4
[1835.588s][debug][gc,phases      ] GC(136)     Total                          Min: 0, Avg: 89.5, Max: 192, Diff: 192, Sum: 358, Workers: 4
[1835.588s][debug][gc,phases      ] GC(136)   JVMTI Tag Weak OopStorage      Min:  0.0, Avg:  0.0, Max:  0.0, Diff:  0.0, Sum:  0.0, Workers: 4
[1835.588s][debug][gc,phases      ] GC(136)     Dead                           Min: 0, Avg:  0.0, Max: 0, Diff: 0, Sum: 0, Workers: 4
[1835.588s][debug][gc,phases      ] GC(136)     Total                          Min: 0, Avg:  0.0, Max: 0, Diff: 0, Sum: 0, Workers: 4
[1835.588s][debug][gc,phases      ] GC(136)   StringTable Weak               Min:  0.1, Avg:  0.1, Max:  0.1, Diff:  0.0, Sum:  0.4, Workers: 4
[1835.588s][debug][gc,phases      ] GC(136)     Dead                           Min: 0, Avg:  0.0, Max: 0, Diff: 0, Sum: 0, Workers: 4
[1835.588s][debug][gc,phases      ] GC(136)     Total                          Min: 10638, Avg: 12147.5, Max: 14336, Diff: 3698, Sum: 48590, Workers: 4
[1835.588s][debug][gc,phases      ] GC(136)   ResolvedMethodTable Weak       Min:  0.0, Avg:  0.0, Max:  0.0, Diff:  0.0, Sum:  0.1, Workers: 4
[1835.588s][debug][gc,phases      ] GC(136)     Dead                           Min: 0, Avg:  0.0, Max: 0, Diff: 0, Sum: 0, Workers: 4
[1835.588s][debug][gc,phases      ] GC(136)     Total                          Min: 1920, Avg: 2113.0, Max: 2560, Diff: 640, Sum: 8452, Workers: 4
[1835.588s][debug][gc,phases      ] GC(136)   JNI Weak                       Min:  0.0, Avg:  0.0, Max:  0.0, Diff:  0.0, Sum:  0.0, Workers: 4
[1835.588s][debug][gc,phases      ] GC(136)     Dead                           Min: 0, Avg:  0.0, Max: 0, Diff: 0, Sum: 0, Workers: 4
[1835.588s][debug][gc,phases      ] GC(136)     Total                          Min: 0, Avg:  0.0, Max: 0, Diff: 0, Sum: 0, Workers: 4
[1835.588s][debug][gc,phases      ] GC(136)   StringDedup Table Weak         Min:  0.0, Avg:  0.0, Max:  0.0, Diff:  0.0, Sum:  0.0, Workers: 4
[1835.588s][debug][gc,phases      ] GC(136)     Dead                           Min: 0, Avg:  0.0, Max: 0, Diff: 0, Sum: 0, Workers: 4
[1835.588s][debug][gc,phases      ] GC(136)     Total                          Min: 0, Avg:  0.0, Max: 0, Diff: 0, Sum: 0, Workers: 4
[1835.588s][debug][gc,phases      ] GC(136)   StringDedup Requests0 Weak     Min:  0.0, Avg:  0.0, Max:  0.0, Diff:  0.0, Sum:  0.0, Workers: 4
[1835.588s][debug][gc,phases      ] GC(136)     Dead                           Min: 0, Avg:  0.0, Max: 0, Diff: 0, Sum: 0, Workers: 4
[1835.588s][debug][gc,phases      ] GC(136)     Total                          Min: 0, Avg:  0.0, Max: 0, Diff: 0, Sum: 0, Workers: 4
[1835.588s][debug][gc,phases      ] GC(136)   StringDedup Requests1 Weak     Min:  0.0, Avg:  0.0, Max:  0.0, Diff:  0.0, Sum:  0.0, Workers: 4
[1835.588s][debug][gc,phases      ] GC(136)     Dead                           Min: 0, Avg:  0.0, Max: 0, Diff: 0, Sum: 0, Workers: 4
[1835.588s][debug][gc,phases      ] GC(136)     Total                          Min: 0, Avg:  0.0, Max: 0, Diff: 0, Sum: 0, Workers: 4
[1835.588s][debug][gc,phases      ] GC(136)   Weak JFR Old Object Samples    Min:  0.0, Avg:  0.0, Max:  0.0, Diff:  0.0, Sum:  0.0, Workers: 4
[1835.588s][debug][gc,phases      ] GC(136)     Dead                           Min: 0, Avg:  0.0, Max: 0, Diff: 0, Sum: 0, Workers: 4
[1835.588s][debug][gc,phases      ] GC(136)     Total                          Min: 0, Avg:  0.0, Max: 0, Diff: 0, Sum: 0, Workers: 4
[1835.588s][debug][gc,phases      ] GC(136) Weak Processing 0.282ms
[1835.588s][debug][gc,age         ] GC(136) Desired survivor size 102760448 bytes, new threshold 15 (max threshold 15)
[1835.588s][info ][gc,heap        ] GC(136) PSYoungGen: 1968606K(1992192K)->60110K(1958912K) Eden: 1898496K(1898496K)->0K(1898496K) From: 70110K(93696K)->60110K(60416K)
[1835.588s][info ][gc,heap        ] GC(136) ParOldGen: 503277K(606720K)->503405K(606720K)
[1835.588s][info ][gc,metaspace   ] GC(136) Metaspace: 84469K(85376K)->84469K(85376K) NonClass: 72708K(73216K)->72708K(73216K) Class: 11761K(12160K)->11761K(12160K)
[1835.588s][info ][gc             ] GC(136) Pause Young (Allocation Failure) 2413M->550M(2505M) 11.733ms
[1835.588s][info ][gc,cpu         ] GC(136) User=0.05s Sys=0.00s Real=0.01s
[1835.588s][info ][safepoint      ] Safepoint "ParallelGCFailedAllocation", Time since last: 832477990 ns, Reaching safepoint: 53500 ns, At safepoint: 11814331 ns, Total: 11867831 ns
[1836.588s][info ][safepoint      ] Safepoint "Cleanup", Time since last: 1000105022 ns, Reaching safepoint: 62900 ns, At safepoint: 10500 ns, Total: 73400 ns
[1839.588s][info ][safepoint      ] Safepoint "Cleanup", Time since last: 3000253370 ns, Reaching safepoint: 41100 ns, At safepoint: 7300 ns, Total: 48400 ns
[1842.588s][info ][safepoint      ] Safepoint "Cleanup", Time since last: 3000235076 ns, Reaching safepoint: 46699 ns, At safepoint: 7800 ns, Total: 54499 ns
[1852.589s][info ][safepoint      ] Safepoint "Cleanup", Time since last: 10000747992 ns, Reaching safepoint: 46499 ns, At safepoint: 3000 ns, Total: 49499 ns
[1859.590s][info ][safepoint      ] Safepoint "Cleanup", Time since last: 7000494939 ns, Reaching safepoint: 177699 ns, At safepoint: 12200 ns, Total: 189899 ns
[1860.590s][info ][safepoint      ] Safepoint "Cleanup", Time since last: 1000110137 ns, Reaching safepoint: 45999 ns, At safepoint: 3800 ns, Total: 49799 ns
[1866.591s][info ][safepoint      ] Safepoint "Cleanup", Time since last: 6000388731 ns, Reaching safepoint: 47000 ns, At safepoint: 4400 ns, Total: 51400 ns
[1867.591s][info ][safepoint      ] Safepoint "Cleanup", Time since last: 1000096940 ns, Reaching safepoint: 49600 ns, At safepoint: 3500 ns, Total: 53100 ns
[1868.591s][info ][safepoint      ] Safepoint "Cleanup", Time since last: 1000099841 ns, Reaching safepoint: 43500 ns, At safepoint: 7000 ns, Total: 50500 ns
[1873.591s][info ][safepoint      ] Safepoint "Cleanup", Time since last: 5000349513 ns, Reaching safepoint: 125100 ns, At safepoint: 10900 ns, Total: 136000 ns
[1873.660s][info ][safepoint      ] Safepoint "ICBufferFull", Time since last: 68489905 ns, Reaching safepoint: 54000 ns, At safepoint: 3000 ns, Total: 57000 ns
[1873.695s][info ][gc,start       ] GC(137) Pause Young (Allocation Failure)
[1873.712s][debug][gc,phases      ] GC(137) Scavenge 16.598ms
[1873.712s][debug][gc,ref         ] GC(137) Skipped phase 1 of Reference Processing: no references
[1873.712s][debug][gc,ref         ] GC(137) ReferenceProcessor::execute queues: 1, RefProcThreadModel::Single, marks_oops_alive: false
[1873.712s][debug][gc,ref         ] GC(137) Skipped phase 3 of Reference Processing: no references
[1873.712s][debug][gc,ref         ] GC(137) ReferenceProcessor::execute queues: 1, RefProcThreadModel::Single, marks_oops_alive: false
[1873.712s][debug][gc,phases      ] GC(137) Reference Processing 0.112ms
[1873.712s][debug][gc,phases      ] GC(137)   VM Weak                        Min:  0.0, Avg:  0.0, Max:  0.0, Diff:  0.0, Sum:  0.0, Workers: 4
[1873.712s][debug][gc,phases      ] GC(137)     Dead                           Min: 0, Avg:  0.0, Max: 0, Diff: 0, Sum: 0, Workers: 4
[1873.712s][debug][gc,phases      ] GC(137)     Total                          Min: 0, Avg: 180.2, Max: 576, Diff: 576, Sum: 721, Workers: 4
[1873.712s][debug][gc,phases      ] GC(137)   ObjectSynchronizer Weak        Min:  0.0, Avg:  0.0, Max:  0.0, Diff:  0.0, Sum:  0.0, Workers: 4
[1873.712s][debug][gc,phases      ] GC(137)     Dead                           Min: 0, Avg:  0.0, Max: 0, Diff: 0, Sum: 0, Workers: 4
[1873.712s][debug][gc,phases      ] GC(137)     Total                          Min: 0, Avg: 89.5, Max: 192, Diff: 192, Sum: 358, Workers: 4
[1873.712s][debug][gc,phases      ] GC(137)   JVMTI Tag Weak OopStorage      Min:  0.0, Avg:  0.0, Max:  0.0, Diff:  0.0, Sum:  0.0, Workers: 4
[1873.712s][debug][gc,phases      ] GC(137)     Dead                           Min: 0, Avg:  0.0, Max: 0, Diff: 0, Sum: 0, Workers: 4
[1873.712s][debug][gc,phases      ] GC(137)     Total                          Min: 0, Avg:  0.0, Max: 0, Diff: 0, Sum: 0, Workers: 4
[1873.712s][debug][gc,phases      ] GC(137)   StringTable Weak               Min:  0.1, Avg:  0.1, Max:  0.1, Diff:  0.0, Sum:  0.4, Workers: 4
[1873.712s][debug][gc,phases      ] GC(137)     Dead                           Min: 0, Avg:  0.0, Max: 0, Diff: 0, Sum: 0, Workers: 4
[1873.712s][debug][gc,phases      ] GC(137)     Total                          Min: 9856, Avg: 12147.8, Max: 14735, Diff: 4879, Sum: 48591, Workers: 4
[1873.712s][debug][gc,phases      ] GC(137)   ResolvedMethodTable Weak       Min:  0.0, Avg:  0.0, Max:  0.0, Diff:  0.0, Sum:  0.1, Workers: 4
[1873.712s][debug][gc,phases      ] GC(137)     Dead                           Min: 0, Avg:  0.0, Max: 0, Diff: 0, Sum: 0, Workers: 4
[1873.712s][debug][gc,phases      ] GC(137)     Total                          Min: 1664, Avg: 2113.0, Max: 2692, Diff: 1028, Sum: 8452, Workers: 4
[1873.712s][debug][gc,phases      ] GC(137)   JNI Weak                       Min:  0.0, Avg:  0.0, Max:  0.0, Diff:  0.0, Sum:  0.0, Workers: 4
[1873.712s][debug][gc,phases      ] GC(137)     Dead                           Min: 0, Avg:  0.0, Max: 0, Diff: 0, Sum: 0, Workers: 4
[1873.712s][debug][gc,phases      ] GC(137)     Total                          Min: 0, Avg:  0.5, Max: 2, Diff: 2, Sum: 2, Workers: 4
[1873.712s][debug][gc,phases      ] GC(137)   StringDedup Table Weak         Min:  0.0, Avg:  0.0, Max:  0.0, Diff:  0.0, Sum:  0.0, Workers: 4
[1873.712s][debug][gc,phases      ] GC(137)     Dead                           Min: 0, Avg:  0.0, Max: 0, Diff: 0, Sum: 0, Workers: 4
[1873.712s][debug][gc,phases      ] GC(137)     Total                          Min: 0, Avg:  0.0, Max: 0, Diff: 0, Sum: 0, Workers: 4
[1873.712s][debug][gc,phases      ] GC(137)   StringDedup Requests0 Weak     Min:  0.0, Avg:  0.0, Max:  0.0, Diff:  0.0, Sum:  0.0, Workers: 4
[1873.712s][debug][gc,phases      ] GC(137)     Dead                           Min: 0, Avg:  0.0, Max: 0, Diff: 0, Sum: 0, Workers: 4
[1873.712s][debug][gc,phases      ] GC(137)     Total                          Min: 0, Avg:  0.0, Max: 0, Diff: 0, Sum: 0, Workers: 4
[1873.712s][debug][gc,phases      ] GC(137)   StringDedup Requests1 Weak     Min:  0.0, Avg:  0.0, Max:  0.0, Diff:  0.0, Sum:  0.0, Workers: 4
[1873.712s][debug][gc,phases      ] GC(137)     Dead                           Min: 0, Avg:  0.0, Max: 0, Diff: 0, Sum: 0, Workers: 4
[1873.712s][debug][gc,phases      ] GC(137)     Total                          Min: 0, Avg:  0.0, Max: 0, Diff: 0, Sum: 0, Workers: 4
[1873.712s][debug][gc,phases      ] GC(137)   Weak JFR Old Object Samples    Min:  0.0, Avg:  0.0, Max:  0.0, Diff:  0.0, Sum:  0.0, Workers: 4
[1873.712s][debug][gc,phases      ] GC(137)     Dead                           Min: 0, Avg:  0.0, Max: 0, Diff: 0, Sum: 0, Workers: 4
[1873.712s][debug][gc,phases      ] GC(137)     Total                          Min: 0, Avg:  0.0, Max: 0, Diff: 0, Sum: 0, Workers: 4
[1873.712s][debug][gc,phases      ] GC(137) Weak Processing 0.265ms
[1873.712s][debug][gc,age         ] GC(137) Desired survivor size 106954752 bytes, new threshold 15 (max threshold 15)
[1873.712s][info ][gc,heap        ] GC(137) PSYoungGen: 1958606K(1958912K)->71310K(1988608K) Eden: 1898496K(1898496K)->0K(1888256K) From: 60110K(60416K)->71310K(100352K)
[1873.712s][info ][gc,heap        ] GC(137) ParOldGen: 503405K(606720K)->503629K(606720K)
[1873.712s][info ][gc,metaspace   ] GC(137) Metaspace: 84484K(85376K)->84484K(85376K) NonClass: 72722K(73216K)->72722K(73216K) Class: 11761K(12160K)->11761K(12160K)
[1873.712s][info ][gc             ] GC(137) Pause Young (Allocation Failure) 2404M->561M(2534M) 17.088ms
[1873.712s][info ][gc,cpu         ] GC(137) User=0.07s Sys=0.00s Real=0.02s
[1873.712s][info ][safepoint      ] Safepoint "ParallelGCFailedAllocation", Time since last: 35036998 ns, Reaching safepoint: 176499 ns, At safepoint: 17161902 ns, Total: 17338401 ns
[1873.761s][info ][safepoint      ] Safepoint "ICBufferFull", Time since last: 48766619 ns, Reaching safepoint: 104999 ns, At safepoint: 7500 ns, Total: 112499 ns
[1873.821s][info ][safepoint      ] Safepoint "ICBufferFull", Time since last: 60177854 ns, Reaching safepoint: 38500 ns, At safepoint: 2400 ns, Total: 40900 ns
[1873.921s][info ][safepoint      ] Safepoint "ICBufferFull", Time since last: 100030424 ns, Reaching safepoint: 40200 ns, At safepoint: 2500 ns, Total: 42700 ns
[1874.021s][info ][safepoint      ] Safepoint "ICBufferFull", Time since last: 99407528 ns, Reaching safepoint: 28699 ns, At safepoint: 2400 ns, Total: 31099 ns
[1874.121s][info ][safepoint      ] Safepoint "ICBufferFull", Time since last: 100047425 ns, Reaching safepoint: 35299 ns, At safepoint: 3000 ns, Total: 38299 ns
[1874.228s][info ][safepoint      ] Safepoint "ICBufferFull", Time since last: 107479582 ns, Reaching safepoint: 33000 ns, At safepoint: 2300 ns, Total: 35300 ns
[1874.337s][info ][safepoint      ] Safepoint "ICBufferFull", Time since last: 108573075 ns, Reaching safepoint: 38400 ns, At safepoint: 2700 ns, Total: 41100 ns
[1874.457s][info ][safepoint      ] Safepoint "ICBufferFull", Time since last: 119669311 ns, Reaching safepoint: 26000 ns, At safepoint: 3000 ns, Total: 29000 ns
[1874.575s][info ][gc,start       ] GC(138) Pause Young (Allocation Failure)
[1874.589s][debug][gc,phases      ] GC(138) Scavenge 13.972ms
[1874.589s][debug][gc,ref         ] GC(138) Skipped phase 1 of Reference Processing: no references
[1874.589s][debug][gc,ref         ] GC(138) ReferenceProcessor::execute queues: 1, RefProcThreadModel::Single, marks_oops_alive: false
[1874.589s][debug][gc,ref         ] GC(138) Skipped phase 3 of Reference Processing: no references
[1874.589s][debug][gc,ref         ] GC(138) ReferenceProcessor::execute queues: 1, RefProcThreadModel::Single, marks_oops_alive: false
[1874.589s][debug][gc,phases      ] GC(138) Reference Processing 0.115ms
[1874.589s][debug][gc,phases      ] GC(138)   VM Weak                        Min:  0.0, Avg:  0.0, Max:  0.0, Diff:  0.0, Sum:  0.0, Workers: 4
[1874.589s][debug][gc,phases      ] GC(138)     Dead                           Min: 0, Avg:  0.0, Max: 0, Diff: 0, Sum: 0, Workers: 4
[1874.589s][debug][gc,phases      ] GC(138)     Total                          Min: 0, Avg: 180.2, Max: 465, Diff: 465, Sum: 721, Workers: 4
[1874.589s][debug][gc,phases      ] GC(138)   ObjectSynchronizer Weak        Min:  0.0, Avg:  0.0, Max:  0.0, Diff:  0.0, Sum:  0.0, Workers: 4
[1874.589s][debug][gc,phases      ] GC(138)     Dead                           Min: 0, Avg:  0.0, Max: 0, Diff: 0, Sum: 0, Workers: 4
[1874.589s][debug][gc,phases      ] GC(138)     Total                          Min: 0, Avg: 89.5, Max: 192, Diff: 192, Sum: 358, Workers: 4
[1874.589s][debug][gc,phases      ] GC(138)   JVMTI Tag Weak OopStorage      Min:  0.0, Avg:  0.0, Max:  0.0, Diff:  0.0, Sum:  0.0, Workers: 4
[1874.589s][debug][gc,phases      ] GC(138)     Dead                           Min: 0, Avg:  0.0, Max: 0, Diff: 0, Sum: 0, Workers: 4
[1874.589s][debug][gc,phases      ] GC(138)     Total                          Min: 0, Avg:  0.0, Max: 0, Diff: 0, Sum: 0, Workers: 4
[1874.589s][debug][gc,phases      ] GC(138)   StringTable Weak               Min:  0.1, Avg:  0.1, Max:  0.1, Diff:  0.0, Sum:  0.4, Workers: 4
[1874.589s][debug][gc,phases      ] GC(138)     Dead                           Min: 0, Avg:  0.0, Max: 0, Diff: 0, Sum: 0, Workers: 4
[1874.589s][debug][gc,phases      ] GC(138)     Total                          Min: 9024, Avg: 12148.0, Max: 14336, Diff: 5312, Sum: 48592, Workers: 4
[1874.589s][debug][gc,phases      ] GC(138)   ResolvedMethodTable Weak       Min:  0.0, Avg:  0.0, Max:  0.0, Diff:  0.0, Sum:  0.1, Workers: 4
[1874.589s][debug][gc,phases      ] GC(138)     Dead                           Min: 0, Avg:  0.0, Max: 0, Diff: 0, Sum: 0, Workers: 4
[1874.589s][debug][gc,phases      ] GC(138)     Total                          Min: 1536, Avg: 2113.0, Max: 2368, Diff: 832, Sum: 8452, Workers: 4
[1874.589s][debug][gc,phases      ] GC(138)   JNI Weak                       Min:  0.0, Avg:  0.0, Max:  0.0, Diff:  0.0, Sum:  0.0, Workers: 4
[1874.589s][debug][gc,phases      ] GC(138)     Dead                           Min: 0, Avg:  0.0, Max: 0, Diff: 0, Sum: 0, Workers: 4
[1874.589s][debug][gc,phases      ] GC(138)     Total                          Min: 0, Avg:  0.0, Max: 0, Diff: 0, Sum: 0, Workers: 4
[1874.589s][debug][gc,phases      ] GC(138)   StringDedup Table Weak         Min:  0.0, Avg:  0.0, Max:  0.0, Diff:  0.0, Sum:  0.0, Workers: 4
[1874.589s][debug][gc,phases      ] GC(138)     Dead                           Min: 0, Avg:  0.0, Max: 0, Diff: 0, Sum: 0, Workers: 4
[1874.589s][debug][gc,phases      ] GC(138)     Total                          Min: 0, Avg:  0.0, Max: 0, Diff: 0, Sum: 0, Workers: 4
[1874.589s][debug][gc,phases      ] GC(138)   StringDedup Requests0 Weak     Min:  0.0, Avg:  0.0, Max:  0.0, Diff:  0.0, Sum:  0.0, Workers: 4
[1874.589s][debug][gc,phases      ] GC(138)     Dead                           Min: 0, Avg:  0.0, Max: 0, Diff: 0, Sum: 0, Workers: 4
[1874.589s][debug][gc,phases      ] GC(138)     Total                          Min: 0, Avg:  0.0, Max: 0, Diff: 0, Sum: 0, Workers: 4
[1874.589s][debug][gc,phases      ] GC(138)   StringDedup Requests1 Weak     Min:  0.0, Avg:  0.0, Max:  0.0, Diff:  0.0, Sum:  0.0, Workers: 4
[1874.589s][debug][gc,phases      ] GC(138)     Dead                           Min: 0, Avg:  0.0, Max: 0, Diff: 0, Sum: 0, Workers: 4
[1874.589s][debug][gc,phases      ] GC(138)     Total                          Min: 0, Avg:  0.0, Max: 0, Diff: 0, Sum: 0, Workers: 4
[1874.589s][debug][gc,phases      ] GC(138)   Weak JFR Old Object Samples    Min:  0.0, Avg:  0.0, Max:  0.0, Diff:  0.0, Sum:  0.0, Workers: 4
[1874.589s][debug][gc,phases      ] GC(138)     Dead                           Min: 0, Avg:  0.0, Max: 0, Diff: 0, Sum: 0, Workers: 4
[1874.589s][debug][gc,phases      ] GC(138)     Total                          Min: 0, Avg:  0.0, Max: 0, Diff: 0, Sum: 0, Workers: 4
[1874.589s][debug][gc,phases      ] GC(138) Weak Processing 0.286ms
[1874.589s][debug][gc,age         ] GC(138) Desired survivor size 116916224 bytes, new threshold 15 (max threshold 15)
[1874.589s][info ][gc,heap        ] GC(138) PSYoungGen: 1959566K(1988608K)->87710K(1976320K) Eden: 1888256K(1888256K)->0K(1888256K) From: 71310K(100352K)->87710K(88064K)
[1874.589s][info ][gc,heap        ] GC(138) ParOldGen: 503629K(606720K)->503749K(606720K)
[1874.589s][info ][gc,metaspace   ] GC(138) Metaspace: 84490K(85376K)->84490K(85376K) NonClass: 72729K(73216K)->72729K(73216K) Class: 11761K(12160K)->11761K(12160K)
[1874.589s][info ][gc             ] GC(138) Pause Young (Allocation Failure) 2405M->577M(2522M) 14.493ms
[1874.589s][info ][gc,cpu         ] GC(138) User=0.06s Sys=0.00s Real=0.01s
[1874.589s][info ][safepoint      ] Safepoint "ParallelGCFailedAllocation", Time since last: 117728122 ns, Reaching safepoint: 102200 ns, At safepoint: 14568216 ns, Total: 14670416 ns
[1875.589s][info ][safepoint      ] Safepoint "Cleanup", Time since last: 1000081045 ns, Reaching safepoint: 56099 ns, At safepoint: 6200 ns, Total: 62299 ns
[1877.590s][info ][safepoint      ] Safepoint "Cleanup", Time since last: 2000165592 ns, Reaching safepoint: 42400 ns, At safepoint: 2500 ns, Total: 44900 ns
[1878.590s][info ][safepoint      ] Safepoint "Cleanup", Time since last: 1000099046 ns, Reaching safepoint: 31600 ns, At safepoint: 3000 ns, Total: 34600 ns
[1880.575s][info ][safepoint      ] Safepoint "Cleanup", Time since last: 1985480379 ns, Reaching safepoint: 57900 ns, At safepoint: 11500 ns, Total: 69400 ns
[1882.576s][info ][safepoint      ] Safepoint "Cleanup", Time since last: 2000173697 ns, Reaching safepoint: 113299 ns, At safepoint: 9400 ns, Total: 122699 ns
[1884.576s][info ][safepoint      ] Safepoint "Cleanup", Time since last: 2000154499 ns, Reaching safepoint: 115200 ns, At safepoint: 10400 ns, Total: 125600 ns
[1886.576s][info ][safepoint      ] Safepoint "Cleanup", Time since last: 2000169901 ns, Reaching safepoint: 101700 ns, At safepoint: 8499 ns, Total: 110199 ns
[1889.576s][info ][safepoint      ] Safepoint "Cleanup", Time since last: 3000231657 ns, Reaching safepoint: 103099 ns, At safepoint: 9500 ns, Total: 112599 ns
[1894.644s][info ][gc,start       ] GC(139) Pause Young (Allocation Failure)
[1894.661s][debug][gc,phases      ] GC(139) Scavenge 16.676ms
[1894.661s][debug][gc,ref         ] GC(139) Skipped phase 1 of Reference Processing: no references
[1894.661s][debug][gc,ref         ] GC(139) ReferenceProcessor::execute queues: 1, RefProcThreadModel::Single, marks_oops_alive: false
[1894.661s][debug][gc,ref         ] GC(139) Skipped phase 3 of Reference Processing: no references
[1894.661s][debug][gc,ref         ] GC(139) ReferenceProcessor::execute queues: 1, RefProcThreadModel::Single, marks_oops_alive: false
[1894.661s][debug][gc,phases      ] GC(139) Reference Processing 0.101ms
[1894.661s][debug][gc,phases      ] GC(139)   VM Weak                        Min:  0.0, Avg:  0.0, Max:  0.0, Diff:  0.0, Sum:  0.0, Workers: 4
[1894.661s][debug][gc,phases      ] GC(139)     Dead                           Min: 0, Avg:  0.0, Max: 0, Diff: 0, Sum: 0, Workers: 4
[1894.661s][debug][gc,phases      ] GC(139)     Total                          Min: 0, Avg: 180.2, Max: 512, Diff: 512, Sum: 721, Workers: 4
[1894.661s][debug][gc,phases      ] GC(139)   ObjectSynchronizer Weak        Min:  0.0, Avg:  0.0, Max:  0.0, Diff:  0.0, Sum:  0.0, Workers: 4
[1894.661s][debug][gc,phases      ] GC(139)     Dead                           Min: 0, Avg:  0.0, Max: 0, Diff: 0, Sum: 0, Workers: 4
[1894.661s][debug][gc,phases      ] GC(139)     Total                          Min: 0, Avg: 89.5, Max: 128, Diff: 128, Sum: 358, Workers: 4
[1894.661s][debug][gc,phases      ] GC(139)   JVMTI Tag Weak OopStorage      Min:  0.0, Avg:  0.0, Max:  0.0, Diff:  0.0, Sum:  0.0, Workers: 4
[1894.661s][debug][gc,phases      ] GC(139)     Dead                           Min: 0, Avg:  0.0, Max: 0, Diff: 0, Sum: 0, Workers: 4
[1894.661s][debug][gc,phases      ] GC(139)     Total                          Min: 0, Avg:  0.0, Max: 0, Diff: 0, Sum: 0, Workers: 4
[1894.662s][debug][gc,phases      ] GC(139)   StringTable Weak               Min:  0.1, Avg:  0.1, Max:  0.1, Diff:  0.0, Sum:  0.4, Workers: 4
[1894.662s][debug][gc,phases      ] GC(139)     Dead                           Min: 0, Avg:  0.0, Max: 0, Diff: 0, Sum: 0, Workers: 4
[1894.662s][debug][gc,phases      ] GC(139)     Total                          Min: 9088, Avg: 12148.5, Max: 14720, Diff: 5632, Sum: 48594, Workers: 4
[1894.662s][debug][gc,phases      ] GC(139)   ResolvedMethodTable Weak       Min:  0.0, Avg:  0.0, Max:  0.0, Diff:  0.0, Sum:  0.1, Workers: 4
[1894.662s][debug][gc,phases      ] GC(139)     Dead                           Min: 0, Avg:  0.0, Max: 0, Diff: 0, Sum: 0, Workers: 4
[1894.662s][debug][gc,phases      ] GC(139)     Total                          Min: 1728, Avg: 2113.5, Max: 2560, Diff: 832, Sum: 8454, Workers: 4
[1894.662s][debug][gc,phases      ] GC(139)   JNI Weak                       Min:  0.0, Avg:  0.0, Max:  0.0, Diff:  0.0, Sum:  0.0, Workers: 4
[1894.662s][debug][gc,phases      ] GC(139)     Dead                           Min: 0, Avg:  0.0, Max: 0, Diff: 0, Sum: 0, Workers: 4
[1894.662s][debug][gc,phases      ] GC(139)     Total                          Min: 0, Avg:  0.0, Max: 0, Diff: 0, Sum: 0, Workers: 4
[1894.662s][debug][gc,phases      ] GC(139)   StringDedup Table Weak         Min:  0.0, Avg:  0.0, Max:  0.0, Diff:  0.0, Sum:  0.0, Workers: 4
[1894.662s][debug][gc,phases      ] GC(139)     Dead                           Min: 0, Avg:  0.0, Max: 0, Diff: 0, Sum: 0, Workers: 4
[1894.662s][debug][gc,phases      ] GC(139)     Total                          Min: 0, Avg:  0.0, Max: 0, Diff: 0, Sum: 0, Workers: 4
[1894.662s][debug][gc,phases      ] GC(139)   StringDedup Requests0 Weak     Min:  0.0, Avg:  0.0, Max:  0.0, Diff:  0.0, Sum:  0.0, Workers: 4
[1894.662s][debug][gc,phases      ] GC(139)     Dead                           Min: 0, Avg:  0.0, Max: 0, Diff: 0, Sum: 0, Workers: 4
[1894.662s][debug][gc,phases      ] GC(139)     Total                          Min: 0, Avg:  0.0, Max: 0, Diff: 0, Sum: 0, Workers: 4
[1894.662s][debug][gc,phases      ] GC(139)   StringDedup Requests1 Weak     Min:  0.0, Avg:  0.0, Max:  0.0, Diff:  0.0, Sum:  0.0, Workers: 4
[1894.662s][debug][gc,phases      ] GC(139)     Dead                           Min: 0, Avg:  0.0, Max: 0, Diff: 0, Sum: 0, Workers: 4
[1894.662s][debug][gc,phases      ] GC(139)     Total                          Min: 0, Avg:  0.0, Max: 0, Diff: 0, Sum: 0, Workers: 4
[1894.662s][debug][gc,phases      ] GC(139)   Weak JFR Old Object Samples    Min:  0.0, Avg:  0.0, Max:  0.0, Diff:  0.0, Sum:  0.0, Workers: 4
[1894.662s][debug][gc,phases      ] GC(139)     Dead                           Min: 0, Avg:  0.0, Max: 0, Diff: 0, Sum: 0, Workers: 4
[1894.662s][debug][gc,phases      ] GC(139)     Total                          Min: 0, Avg:  0.0, Max: 0, Diff: 0, Sum: 0, Workers: 4
[1894.662s][debug][gc,phases      ] GC(139) Weak Processing 0.281ms
[1894.662s][debug][gc,age         ] GC(139) Desired survivor size 119537664 bytes, new threshold 15 (max threshold 15)
[1894.662s][info ][gc,heap        ] GC(139) PSYoungGen: 1975966K(1976320K)->75057K(1977856K) Eden: 1888256K(1888256K)->0K(1863680K) From: 87710K(88064K)->75057K(114176K)
[1894.662s][info ][gc,heap        ] GC(139) ParOldGen: 503749K(606720K)->521395K(606720K)
[1894.662s][info ][gc,metaspace   ] GC(139) Metaspace: 84501K(85376K)->84501K(85376K) NonClass: 72739K(73216K)->72739K(73216K) Class: 11762K(12160K)->11762K(12160K)
[1894.662s][info ][gc             ] GC(139) Pause Young (Allocation Failure) 2421M->582M(2524M) 17.169ms
[1894.662s][info ][gc,cpu         ] GC(139) User=0.06s Sys=0.00s Real=0.01s
[1894.662s][info ][safepoint      ] Safepoint "ParallelGCFailedAllocation", Time since last: 5067933684 ns, Reaching safepoint: 46399 ns, At safepoint: 17243701 ns, Total: 17290100 ns
[1895.662s][info ][safepoint      ] Safepoint "Cleanup", Time since last: 1000080056 ns, Reaching safepoint: 49700 ns, At safepoint: 5200 ns, Total: 54900 ns
[1896.662s][info ][safepoint      ] Safepoint "Cleanup", Time since last: 1000105356 ns, Reaching safepoint: 73600 ns, At safepoint: 6800 ns, Total: 80400 ns
[1897.662s][info ][safepoint      ] Safepoint "Cleanup", Time since last: 1000079357 ns, Reaching safepoint: 50900 ns, At safepoint: 7300 ns, Total: 58200 ns
[1902.663s][info ][safepoint      ] Safepoint "Cleanup", Time since last: 5000330293 ns, Reaching safepoint: 55500 ns, At safepoint: 9400 ns, Total: 64900 ns
[1905.663s][info ][safepoint      ] Safepoint "Cleanup", Time since last: 3000230582 ns, Reaching safepoint: 39400 ns, At safepoint: 2700 ns, Total: 42100 ns
[1913.560s][info ][safepoint      ] Safepoint "Cleanup", Time since last: 7897046103 ns, Reaching safepoint: 102699 ns, At safepoint: 13500 ns, Total: 116199 ns
[1916.560s][info ][safepoint      ] Safepoint "Cleanup", Time since last: 3000228700 ns, Reaching safepoint: 47399 ns, At safepoint: 3700 ns, Total: 51099 ns
[1918.560s][info ][safepoint      ] Safepoint "Cleanup", Time since last: 2000176636 ns, Reaching safepoint: 53999 ns, At safepoint: 11500 ns, Total: 65499 ns
[1921.561s][info ][safepoint      ] Safepoint "Cleanup", Time since last: 3000237008 ns, Reaching safepoint: 49799 ns, At safepoint: 5000 ns, Total: 54799 ns
[1925.561s][info ][safepoint      ] Safepoint "Cleanup", Time since last: 4000255484 ns, Reaching safepoint: 45600 ns, At safepoint: 5200 ns, Total: 50800 ns
[1928.189s][info ][gc,start       ] GC(140) Pause Young (Allocation Failure)
[1928.204s][debug][gc,phases      ] GC(140) Scavenge 14.836ms
[1928.204s][debug][gc,ref         ] GC(140) Skipped phase 1 of Reference Processing: no references
[1928.204s][debug][gc,ref         ] GC(140) ReferenceProcessor::execute queues: 1, RefProcThreadModel::Single, marks_oops_alive: false
[1928.204s][debug][gc,ref         ] GC(140) Skipped phase 3 of Reference Processing: no references
[1928.204s][debug][gc,ref         ] GC(140) ReferenceProcessor::execute queues: 1, RefProcThreadModel::Single, marks_oops_alive: false
[1928.204s][debug][gc,phases      ] GC(140) Reference Processing 0.118ms
[1928.205s][debug][gc,phases      ] GC(140)   VM Weak                        Min:  0.0, Avg:  0.0, Max:  0.0, Diff:  0.0, Sum:  0.0, Workers: 4
[1928.205s][debug][gc,phases      ] GC(140)     Dead                           Min: 0, Avg:  0.0, Max: 0, Diff: 0, Sum: 0, Workers: 4
[1928.205s][debug][gc,phases      ] GC(140)     Total                          Min: 0, Avg: 180.2, Max: 337, Diff: 337, Sum: 721, Workers: 4
[1928.205s][debug][gc,phases      ] GC(140)   ObjectSynchronizer Weak        Min:  0.0, Avg:  0.0, Max:  0.0, Diff:  0.0, Sum:  0.0, Workers: 4
[1928.205s][debug][gc,phases      ] GC(140)     Dead                           Min: 0, Avg:  0.0, Max: 0, Diff: 0, Sum: 0, Workers: 4
[1928.205s][debug][gc,phases      ] GC(140)     Total                          Min: 0, Avg: 89.5, Max: 166, Diff: 166, Sum: 358, Workers: 4
[1928.205s][debug][gc,phases      ] GC(140)   JVMTI Tag Weak OopStorage      Min:  0.0, Avg:  0.0, Max:  0.0, Diff:  0.0, Sum:  0.0, Workers: 4
[1928.205s][debug][gc,phases      ] GC(140)     Dead                           Min: 0, Avg:  0.0, Max: 0, Diff: 0, Sum: 0, Workers: 4
[1928.205s][debug][gc,phases      ] GC(140)     Total                          Min: 0, Avg:  0.0, Max: 0, Diff: 0, Sum: 0, Workers: 4
[1928.205s][debug][gc,phases      ] GC(140)   StringTable Weak               Min:  0.1, Avg:  0.1, Max:  0.1, Diff:  0.0, Sum:  0.4, Workers: 4
[1928.205s][debug][gc,phases      ] GC(140)     Dead                           Min: 0, Avg:  0.0, Max: 0, Diff: 0, Sum: 0, Workers: 4
[1928.205s][debug][gc,phases      ] GC(140)     Total                          Min: 9536, Avg: 12152.8, Max: 15360, Diff: 5824, Sum: 48611, Workers: 4
[1928.205s][debug][gc,phases      ] GC(140)   ResolvedMethodTable Weak       Min:  0.0, Avg:  0.0, Max:  0.0, Diff:  0.0, Sum:  0.1, Workers: 4
[1928.205s][debug][gc,phases      ] GC(140)     Dead                           Min: 0, Avg:  0.0, Max: 0, Diff: 0, Sum: 0, Workers: 4
[1928.205s][debug][gc,phases      ] GC(140)     Total                          Min: 1536, Avg: 2113.8, Max: 2631, Diff: 1095, Sum: 8455, Workers: 4
[1928.205s][debug][gc,phases      ] GC(140)   JNI Weak                       Min:  0.0, Avg:  0.0, Max:  0.0, Diff:  0.0, Sum:  0.0, Workers: 4
[1928.205s][debug][gc,phases      ] GC(140)     Dead                           Min: 0, Avg:  0.0, Max: 0, Diff: 0, Sum: 0, Workers: 4
[1928.205s][debug][gc,phases      ] GC(140)     Total                          Min: 0, Avg:  0.0, Max: 0, Diff: 0, Sum: 0, Workers: 4
[1928.205s][debug][gc,phases      ] GC(140)   StringDedup Table Weak         Min:  0.0, Avg:  0.0, Max:  0.0, Diff:  0.0, Sum:  0.0, Workers: 4
[1928.205s][debug][gc,phases      ] GC(140)     Dead                           Min: 0, Avg:  0.0, Max: 0, Diff: 0, Sum: 0, Workers: 4
[1928.205s][debug][gc,phases      ] GC(140)     Total                          Min: 0, Avg:  0.0, Max: 0, Diff: 0, Sum: 0, Workers: 4
[1928.205s][debug][gc,phases      ] GC(140)   StringDedup Requests0 Weak     Min:  0.0, Avg:  0.0, Max:  0.0, Diff:  0.0, Sum:  0.0, Workers: 4
[1928.205s][debug][gc,phases      ] GC(140)     Dead                           Min: 0, Avg:  0.0, Max: 0, Diff: 0, Sum: 0, Workers: 4
[1928.205s][debug][gc,phases      ] GC(140)     Total                          Min: 0, Avg:  0.0, Max: 0, Diff: 0, Sum: 0, Workers: 4
[1928.205s][debug][gc,phases      ] GC(140)   StringDedup Requests1 Weak     Min:  0.0, Avg:  0.0, Max:  0.0, Diff:  0.0, Sum:  0.0, Workers: 4
[1928.205s][debug][gc,phases      ] GC(140)     Dead                           Min: 0, Avg:  0.0, Max: 0, Diff: 0, Sum: 0, Workers: 4
[1928.205s][debug][gc,phases      ] GC(140)     Total                          Min: 0, Avg:  0.0, Max: 0, Diff: 0, Sum: 0, Workers: 4
[1928.205s][debug][gc,phases      ] GC(140)   Weak JFR Old Object Samples    Min:  0.0, Avg:  0.0, Max:  0.0, Diff:  0.0, Sum:  0.0, Workers: 4
[1928.205s][debug][gc,phases      ] GC(140)     Dead                           Min: 0, Avg:  0.0, Max: 0, Diff: 0, Sum: 0, Workers: 4
[1928.205s][debug][gc,phases      ] GC(140)     Total                          Min: 0, Avg:  0.0, Max: 0, Diff: 0, Sum: 0, Workers: 4
[1928.205s][debug][gc,phases      ] GC(140) Weak Processing 0.290ms
[1928.205s][debug][gc,age         ] GC(140) Desired survivor size 121634816 bytes, new threshold 15 (max threshold 15)
[1928.205s][info ][gc,heap        ] GC(140) PSYoungGen: 1938737K(1977856K)->76561K(1940480K) Eden: 1863680K(1863680K)->0K(1863680K) From: 75057K(114176K)->76561K(76800K)
[1928.205s][info ][gc,heap        ] GC(140) ParOldGen: 521395K(606720K)->521583K(606720K)
[1928.205s][info ][gc,metaspace   ] GC(140) Metaspace: 84519K(85440K)->84519K(85440K) NonClass: 72756K(73280K)->72756K(73280K) Class: 11762K(12160K)->11762K(12160K)
[1928.205s][info ][gc             ] GC(140) Pause Young (Allocation Failure) 2402M->584M(2487M) 15.374ms
[1928.205s][info ][gc,cpu         ] GC(140) User=0.06s Sys=0.00s Real=0.02s
[1928.205s][info ][safepoint      ] Safepoint "ParallelGCFailedAllocation", Time since last: 2628278347 ns, Reaching safepoint: 44600 ns, At safepoint: 15457412 ns, Total: 15502012 ns
[1935.205s][info ][safepoint      ] Safepoint "Cleanup", Time since last: 7000468025 ns, Reaching safepoint: 49999 ns, At safepoint: 3200 ns, Total: 53199 ns
[1942.206s][info ][safepoint      ] Safepoint "Cleanup", Time since last: 7000481250 ns, Reaching safepoint: 52899 ns, At safepoint: 11300 ns, Total: 64199 ns
[1946.206s][info ][safepoint      ] Safepoint "Cleanup", Time since last: 4000275425 ns, Reaching safepoint: 39000 ns, At safepoint: 2900 ns, Total: 41900 ns
[1947.206s][info ][safepoint      ] Safepoint "Cleanup", Time since last: 1000102082 ns, Reaching safepoint: 53200 ns, At safepoint: 2600 ns, Total: 55800 ns
[1950.207s][info ][safepoint      ] Safepoint "Cleanup", Time since last: 3000221650 ns, Reaching safepoint: 45799 ns, At safepoint: 5300 ns, Total: 51099 ns
[1951.207s][info ][safepoint      ] Safepoint "Cleanup", Time since last: 1000100885 ns, Reaching safepoint: 40599 ns, At safepoint: 5500 ns, Total: 46099 ns
[1953.207s][info ][safepoint      ] Safepoint "Cleanup", Time since last: 2000161270 ns, Reaching safepoint: 54300 ns, At safepoint: 9700 ns, Total: 64000 ns
[1954.207s][info ][safepoint      ] Safepoint "Cleanup", Time since last: 1000106986 ns, Reaching safepoint: 29299 ns, At safepoint: 3000 ns, Total: 32299 ns
[1956.207s][info ][safepoint      ] Safepoint "Cleanup", Time since last: 2000172673 ns, Reaching safepoint: 35000 ns, At safepoint: 3000 ns, Total: 38000 ns
[1960.208s][info ][safepoint      ] Safepoint "Cleanup", Time since last: 4000293652 ns, Reaching safepoint: 50799 ns, At safepoint: 8000 ns, Total: 58799 ns
[1966.208s][info ][safepoint      ] Safepoint "Cleanup", Time since last: 6000417842 ns, Reaching safepoint: 44100 ns, At safepoint: 6000 ns, Total: 50100 ns
[1966.526s][info ][gc,start       ] GC(141) Pause Young (Allocation Failure)
[1966.541s][debug][gc,phases      ] GC(141) Scavenge 14.897ms
[1966.541s][debug][gc,ref         ] GC(141) Skipped phase 1 of Reference Processing: no references
[1966.541s][debug][gc,ref         ] GC(141) ReferenceProcessor::execute queues: 1, RefProcThreadModel::Single, marks_oops_alive: false
[1966.541s][debug][gc,ref         ] GC(141) Skipped phase 3 of Reference Processing: no references
[1966.541s][debug][gc,ref         ] GC(141) ReferenceProcessor::execute queues: 1, RefProcThreadModel::Single, marks_oops_alive: false
[1966.541s][debug][gc,phases      ] GC(141) Reference Processing 0.109ms
[1966.541s][debug][gc,phases      ] GC(141)   VM Weak                        Min:  0.0, Avg:  0.0, Max:  0.0, Diff:  0.0, Sum:  0.0, Workers: 4
[1966.541s][debug][gc,phases      ] GC(141)     Dead                           Min: 0, Avg:  0.0, Max: 0, Diff: 0, Sum: 0, Workers: 4
[1966.541s][debug][gc,phases      ] GC(141)     Total                          Min: 0, Avg: 180.2, Max: 384, Diff: 384, Sum: 721, Workers: 4
[1966.541s][debug][gc,phases      ] GC(141)   ObjectSynchronizer Weak        Min:  0.0, Avg:  0.0, Max:  0.0, Diff:  0.0, Sum:  0.0, Workers: 4
[1966.541s][debug][gc,phases      ] GC(141)     Dead                           Min: 0, Avg:  0.0, Max: 0, Diff: 0, Sum: 0, Workers: 4
[1966.541s][debug][gc,phases      ] GC(141)     Total                          Min: 0, Avg: 89.5, Max: 192, Diff: 192, Sum: 358, Workers: 4
[1966.541s][debug][gc,phases      ] GC(141)   JVMTI Tag Weak OopStorage      Min:  0.0, Avg:  0.0, Max:  0.0, Diff:  0.0, Sum:  0.0, Workers: 4
[1966.541s][debug][gc,phases      ] GC(141)     Dead                           Min: 0, Avg:  0.0, Max: 0, Diff: 0, Sum: 0, Workers: 4
[1966.541s][debug][gc,phases      ] GC(141)     Total                          Min: 0, Avg:  0.0, Max: 0, Diff: 0, Sum: 0, Workers: 4
[1966.541s][debug][gc,phases      ] GC(141)   StringTable Weak               Min:  0.1, Avg:  0.1, Max:  0.1, Diff:  0.0, Sum:  0.4, Workers: 4
[1966.541s][debug][gc,phases      ] GC(141)     Dead                           Min: 0, Avg:  0.0, Max: 0, Diff: 0, Sum: 0, Workers: 4
[1966.541s][debug][gc,phases      ] GC(141)     Total                          Min: 9024, Avg: 12152.8, Max: 14912, Diff: 5888, Sum: 48611, Workers: 4
[1966.541s][debug][gc,phases      ] GC(141)   ResolvedMethodTable Weak       Min:  0.0, Avg:  0.0, Max:  0.0, Diff:  0.0, Sum:  0.1, Workers: 4
[1966.541s][debug][gc,phases      ] GC(141)     Dead                           Min: 0, Avg:  0.0, Max: 0, Diff: 0, Sum: 0, Workers: 4
[1966.541s][debug][gc,phases      ] GC(141)     Total                          Min: 1728, Avg: 2113.8, Max: 2439, Diff: 711, Sum: 8455, Workers: 4
[1966.541s][debug][gc,phases      ] GC(141)   JNI Weak                       Min:  0.0, Avg:  0.0, Max:  0.0, Diff:  0.0, Sum:  0.0, Workers: 4
[1966.541s][debug][gc,phases      ] GC(141)     Dead                           Min: 0, Avg:  0.0, Max: 0, Diff: 0, Sum: 0, Workers: 4
[1966.541s][debug][gc,phases      ] GC(141)     Total                          Min: 0, Avg:  0.0, Max: 0, Diff: 0, Sum: 0, Workers: 4
[1966.541s][debug][gc,phases      ] GC(141)   StringDedup Table Weak         Min:  0.0, Avg:  0.0, Max:  0.0, Diff:  0.0, Sum:  0.0, Workers: 4
[1966.541s][debug][gc,phases      ] GC(141)     Dead                           Min: 0, Avg:  0.0, Max: 0, Diff: 0, Sum: 0, Workers: 4
[1966.541s][debug][gc,phases      ] GC(141)     Total                          Min: 0, Avg:  0.0, Max: 0, Diff: 0, Sum: 0, Workers: 4
[1966.541s][debug][gc,phases      ] GC(141)   StringDedup Requests0 Weak     Min:  0.0, Avg:  0.0, Max:  0.0, Diff:  0.0, Sum:  0.0, Workers: 4
[1966.541s][debug][gc,phases      ] GC(141)     Dead                           Min: 0, Avg:  0.0, Max: 0, Diff: 0, Sum: 0, Workers: 4
[1966.541s][debug][gc,phases      ] GC(141)     Total                          Min: 0, Avg:  0.0, Max: 0, Diff: 0, Sum: 0, Workers: 4
[1966.541s][debug][gc,phases      ] GC(141)   StringDedup Requests1 Weak     Min:  0.0, Avg:  0.0, Max:  0.0, Diff:  0.0, Sum:  0.0, Workers: 4
[1966.541s][debug][gc,phases      ] GC(141)     Dead                           Min: 0, Avg:  0.0, Max: 0, Diff: 0, Sum: 0, Workers: 4
[1966.541s][debug][gc,phases      ] GC(141)     Total                          Min: 0, Avg:  0.0, Max: 0, Diff: 0, Sum: 0, Workers: 4
[1966.541s][debug][gc,phases      ] GC(141)   Weak JFR Old Object Samples    Min:  0.0, Avg:  0.0, Max:  0.0, Diff:  0.0, Sum:  0.0, Workers: 4
[1966.541s][debug][gc,phases      ] GC(141)     Dead                           Min: 0, Avg:  0.0, Max: 0, Diff: 0, Sum: 0, Workers: 4
[1966.541s][debug][gc,phases      ] GC(141)     Total                          Min: 0, Avg:  0.0, Max: 0, Diff: 0, Sum: 0, Workers: 4
[1966.541s][debug][gc,phases      ] GC(141) Weak Processing 0.272ms
[1966.541s][debug][gc,age         ] GC(141) Desired survivor size 123207680 bytes, new threshold 15 (max threshold 15)
[1966.541s][info ][gc,heap        ] GC(141) PSYoungGen: 1940241K(1940480K)->77041K(1975296K) Eden: 1863680K(1863680K)->0K(1856512K) From: 76561K(76800K)->77041K(118784K)
[1966.541s][info ][gc,heap        ] GC(141) ParOldGen: 521583K(606720K)->522411K(606720K)
[1966.541s][info ][gc,metaspace   ] GC(141) Metaspace: 84525K(85440K)->84525K(85440K) NonClass: 72762K(73280K)->72762K(73280K) Class: 11762K(12160K)->11762K(12160K)
[1966.541s][info ][gc             ] GC(141) Pause Young (Allocation Failure) 2404M->585M(2521M) 15.400ms
[1966.541s][info ][gc,cpu         ] GC(141) User=0.06s Sys=0.00s Real=0.01s
[1966.541s][info ][safepoint      ] Safepoint "ParallelGCFailedAllocation", Time since last: 317602987 ns, Reaching safepoint: 115199 ns, At safepoint: 15477412 ns, Total: 15592611 ns
[1971.542s][info ][safepoint      ] Safepoint "Cleanup", Time since last: 5000331565 ns, Reaching safepoint: 55000 ns, At safepoint: 28900 ns, Total: 83900 ns
[1975.542s][info ][safepoint      ] Safepoint "Cleanup", Time since last: 4000278980 ns, Reaching safepoint: 55200 ns, At safepoint: 8500 ns, Total: 63700 ns
[1976.542s][info ][safepoint      ] Safepoint "Cleanup", Time since last: 1000103896 ns, Reaching safepoint: 45800 ns, At safepoint: 3300 ns, Total: 49100 ns
[1977.542s][info ][safepoint      ] Safepoint "Cleanup", Time since last: 1000086896 ns, Reaching safepoint: 47500 ns, At safepoint: 2800 ns, Total: 50300 ns
[1978.543s][info ][safepoint      ] Safepoint "Cleanup", Time since last: 1000107097 ns, Reaching safepoint: 53700 ns, At safepoint: 6400 ns, Total: 60100 ns
[1979.543s][info ][safepoint      ] Safepoint "Cleanup", Time since last: 1000109797 ns, Reaching safepoint: 50200 ns, At safepoint: 15200 ns, Total: 65400 ns
[1980.543s][info ][safepoint      ] Safepoint "Cleanup", Time since last: 1000114698 ns, Reaching safepoint: 69099 ns, At safepoint: 10000 ns, Total: 79099 ns
[1982.543s][info ][safepoint      ] Safepoint "Cleanup", Time since last: 2000176598 ns, Reaching safepoint: 45599 ns, At safepoint: 6000 ns, Total: 51599 ns
[1983.543s][info ][safepoint      ] Safepoint "Cleanup", Time since last: 1000103800 ns, Reaching safepoint: 48999 ns, At safepoint: 5400 ns, Total: 54399 ns
[1984.544s][info ][safepoint      ] Safepoint "Cleanup", Time since last: 1000110400 ns, Reaching safepoint: 45600 ns, At safepoint: 3000 ns, Total: 48600 ns
[1988.544s][info ][safepoint      ] Safepoint "Cleanup", Time since last: 4000308504 ns, Reaching safepoint: 44100 ns, At safepoint: 2400 ns, Total: 46500 ns
[1989.544s][info ][safepoint      ] Safepoint "Cleanup", Time since last: 1000103402 ns, Reaching safepoint: 46099 ns, At safepoint: 5500 ns, Total: 51599 ns
[1990.544s][info ][safepoint      ] Safepoint "Cleanup", Time since last: 1000109503 ns, Reaching safepoint: 47899 ns, At safepoint: 3900 ns, Total: 51799 ns
[1993.544s][info ][safepoint      ] Safepoint "Cleanup", Time since last: 3000241111 ns, Reaching safepoint: 41999 ns, At safepoint: 3100 ns, Total: 45099 ns
[1994.545s][info ][safepoint      ] Safepoint "Cleanup", Time since last: 1000106205 ns, Reaching safepoint: 50899 ns, At safepoint: 4700 ns, Total: 55599 ns
[1995.545s][info ][safepoint      ] Safepoint "Cleanup", Time since last: 1000104505 ns, Reaching safepoint: 50500 ns, At safepoint: 8000 ns, Total: 58500 ns
[1996.545s][info ][safepoint      ] Safepoint "Cleanup", Time since last: 1000110105 ns, Reaching safepoint: 56499 ns, At safepoint: 7400 ns, Total: 63899 ns
[1996.900s][info ][gc,start       ] GC(142) Pause Young (Allocation Failure)
[1996.912s][debug][gc,phases      ] GC(142) Scavenge 11.721ms
[1996.912s][debug][gc,ref         ] GC(142) Skipped phase 1 of Reference Processing: no references
[1996.912s][debug][gc,ref         ] GC(142) ReferenceProcessor::execute queues: 1, RefProcThreadModel::Single, marks_oops_alive: false
[1996.912s][debug][gc,ref         ] GC(142) Skipped phase 3 of Reference Processing: no references
[1996.912s][debug][gc,ref         ] GC(142) ReferenceProcessor::execute queues: 1, RefProcThreadModel::Single, marks_oops_alive: false
[1996.912s][debug][gc,phases      ] GC(142) Reference Processing 0.100ms
[1996.912s][debug][gc,phases      ] GC(142)   VM Weak                        Min:  0.0, Avg:  0.0, Max:  0.0, Diff:  0.0, Sum:  0.0, Workers: 4
[1996.912s][debug][gc,phases      ] GC(142)     Dead                           Min: 0, Avg:  0.0, Max: 0, Diff: 0, Sum: 0, Workers: 4
[1996.912s][debug][gc,phases      ] GC(142)     Total                          Min: 0, Avg: 180.2, Max: 512, Diff: 512, Sum: 721, Workers: 4
[1996.912s][debug][gc,phases      ] GC(142)   ObjectSynchronizer Weak        Min:  0.0, Avg:  0.0, Max:  0.0, Diff:  0.0, Sum:  0.0, Workers: 4
[1996.912s][debug][gc,phases      ] GC(142)     Dead                           Min: 0, Avg:  0.0, Max: 0, Diff: 0, Sum: 0, Workers: 4
[1996.912s][debug][gc,phases      ] GC(142)     Total                          Min: 0, Avg: 89.5, Max: 230, Diff: 230, Sum: 358, Workers: 4
[1996.912s][debug][gc,phases      ] GC(142)   JVMTI Tag Weak OopStorage      Min:  0.0, Avg:  0.0, Max:  0.0, Diff:  0.0, Sum:  0.0, Workers: 4
[1996.912s][debug][gc,phases      ] GC(142)     Dead                           Min: 0, Avg:  0.0, Max: 0, Diff: 0, Sum: 0, Workers: 4
[1996.912s][debug][gc,phases      ] GC(142)     Total                          Min: 0, Avg:  0.0, Max: 0, Diff: 0, Sum: 0, Workers: 4
[1996.912s][debug][gc,phases      ] GC(142)   StringTable Weak               Min:  0.1, Avg:  0.1, Max:  0.1, Diff:  0.0, Sum:  0.3, Workers: 4
[1996.912s][debug][gc,phases      ] GC(142)     Dead                           Min: 0, Avg:  0.0, Max: 0, Diff: 0, Sum: 0, Workers: 4
[1996.912s][debug][gc,phases      ] GC(142)     Total                          Min: 11200, Avg: 12154.2, Max: 12713, Diff: 1513, Sum: 48617, Workers: 4
[1996.912s][debug][gc,phases      ] GC(142)   ResolvedMethodTable Weak       Min:  0.0, Avg:  0.0, Max:  0.0, Diff:  0.0, Sum:  0.1, Workers: 4
[1996.912s][debug][gc,phases      ] GC(142)     Dead                           Min: 0, Avg:  0.0, Max: 0, Diff: 0, Sum: 0, Workers: 4
[1996.912s][debug][gc,phases      ] GC(142)     Total                          Min: 2048, Avg: 2114.8, Max: 2251, Diff: 203, Sum: 8459, Workers: 4
[1996.912s][debug][gc,phases      ] GC(142)   JNI Weak                       Min:  0.0, Avg:  0.0, Max:  0.0, Diff:  0.0, Sum:  0.0, Workers: 4
[1996.912s][debug][gc,phases      ] GC(142)     Dead                           Min: 0, Avg:  0.0, Max: 0, Diff: 0, Sum: 0, Workers: 4
[1996.912s][debug][gc,phases      ] GC(142)     Total                          Min: 0, Avg:  0.8, Max: 3, Diff: 3, Sum: 3, Workers: 4
[1996.912s][debug][gc,phases      ] GC(142)   StringDedup Table Weak         Min:  0.0, Avg:  0.0, Max:  0.0, Diff:  0.0, Sum:  0.0, Workers: 4
[1996.912s][debug][gc,phases      ] GC(142)     Dead                           Min: 0, Avg:  0.0, Max: 0, Diff: 0, Sum: 0, Workers: 4
[1996.912s][debug][gc,phases      ] GC(142)     Total                          Min: 0, Avg:  0.0, Max: 0, Diff: 0, Sum: 0, Workers: 4
[1996.912s][debug][gc,phases      ] GC(142)   StringDedup Requests0 Weak     Min:  0.0, Avg:  0.0, Max:  0.0, Diff:  0.0, Sum:  0.0, Workers: 4
[1996.912s][debug][gc,phases      ] GC(142)     Dead                           Min: 0, Avg:  0.0, Max: 0, Diff: 0, Sum: 0, Workers: 4
[1996.912s][debug][gc,phases      ] GC(142)     Total                          Min: 0, Avg:  0.0, Max: 0, Diff: 0, Sum: 0, Workers: 4
[1996.912s][debug][gc,phases      ] GC(142)   StringDedup Requests1 Weak     Min:  0.0, Avg:  0.0, Max:  0.0, Diff:  0.0, Sum:  0.0, Workers: 4
[1996.912s][debug][gc,phases      ] GC(142)     Dead                           Min: 0, Avg:  0.0, Max: 0, Diff: 0, Sum: 0, Workers: 4
[1996.912s][debug][gc,phases      ] GC(142)     Total                          Min: 0, Avg:  0.0, Max: 0, Diff: 0, Sum: 0, Workers: 4
[1996.912s][debug][gc,phases      ] GC(142)   Weak JFR Old Object Samples    Min:  0.0, Avg:  0.0, Max:  0.0, Diff:  0.0, Sum:  0.0, Workers: 4
[1996.912s][debug][gc,phases      ] GC(142)     Dead                           Min: 0, Avg:  0.0, Max: 0, Diff: 0, Sum: 0, Workers: 4
[1996.912s][debug][gc,phases      ] GC(142)     Total                          Min: 0, Avg:  0.0, Max: 0, Diff: 0, Sum: 0, Workers: 4
[1996.912s][debug][gc,phases      ] GC(142) Weak Processing 0.248ms
[1996.912s][debug][gc,age         ] GC(142) Desired survivor size 118489088 bytes, new threshold 15 (max threshold 15)
[1996.912s][info ][gc,heap        ] GC(142) PSYoungGen: 1933553K(1975296K)->62696K(1976832K) Eden: 1856512K(1856512K)->0K(1856512K) From: 77041K(118784K)->62696K(120320K)
[1996.912s][info ][gc,heap        ] GC(142) ParOldGen: 522411K(606720K)->525020K(606720K)
[1996.912s][info ][gc,metaspace   ] GC(142) Metaspace: 84572K(85504K)->84572K(85504K) NonClass: 72807K(73344K)->72807K(73344K) Class: 11764K(12160K)->11764K(12160K)
[1996.912s][info ][gc             ] GC(142) Pause Young (Allocation Failure) 2398M->573M(2523M) 12.175ms
[1996.912s][info ][gc,cpu         ] GC(142) User=0.05s Sys=0.00s Real=0.02s
[1996.912s][info ][safepoint      ] Safepoint "ParallelGCFailedAllocation", Time since last: 354681581 ns, Reaching safepoint: 214399 ns, At safepoint: 12267030 ns, Total: 12481429 ns
[1997.912s][info ][safepoint      ] Safepoint "Cleanup", Time since last: 1000082906 ns, Reaching safepoint: 52499 ns, At safepoint: 7300 ns, Total: 59799 ns
[1998.912s][info ][safepoint      ] Safepoint "Cleanup", Time since last: 1000105006 ns, Reaching safepoint: 57700 ns, At safepoint: 11200 ns, Total: 68900 ns
[1999.913s][info ][safepoint      ] Safepoint "Cleanup", Time since last: 1000105806 ns, Reaching safepoint: 50500 ns, At safepoint: 10000 ns, Total: 60500 ns
[2002.913s][info ][safepoint      ] Safepoint "Cleanup", Time since last: 3000194823 ns, Reaching safepoint: 49300 ns, At safepoint: 7700 ns, Total: 57000 ns
[2005.786s][info ][safepoint      ] Safepoint "Cleanup", Time since last: 2873418248 ns, Reaching safepoint: 126799 ns, At safepoint: 9100 ns, Total: 135899 ns
[2006.787s][info ][safepoint      ] Safepoint "Cleanup", Time since last: 1000101410 ns, Reaching safepoint: 84900 ns, At safepoint: 7000 ns, Total: 91900 ns
[2007.787s][info ][safepoint      ] Safepoint "Cleanup", Time since last: 1000093410 ns, Reaching safepoint: 68999 ns, At safepoint: 6100 ns, Total: 75099 ns
[2008.787s][info ][safepoint      ] Safepoint "Cleanup", Time since last: 1000118011 ns, Reaching safepoint: 61099 ns, At safepoint: 10100 ns, Total: 71199 ns
[2009.787s][info ][safepoint      ] Safepoint "Cleanup", Time since last: 1000113711 ns, Reaching safepoint: 45500 ns, At safepoint: 7200 ns, Total: 52700 ns
[2010.787s][info ][safepoint      ] Safepoint "Cleanup", Time since last: 1000123811 ns, Reaching safepoint: 43800 ns, At safepoint: 2300 ns, Total: 46100 ns
[2011.787s][info ][safepoint      ] Safepoint "Cleanup", Time since last: 1000107411 ns, Reaching safepoint: 42400 ns, At safepoint: 3400 ns, Total: 45800 ns
[2015.535s][info ][safepoint      ] Safepoint "Cleanup", Time since last: 3747536489 ns, Reaching safepoint: 59900 ns, At safepoint: 8500 ns, Total: 68400 ns
[2018.535s][info ][safepoint      ] Safepoint "Cleanup", Time since last: 3000226643 ns, Reaching safepoint: 42500 ns, At safepoint: 2300 ns, Total: 44800 ns
[2019.536s][info ][safepoint      ] Safepoint "Cleanup", Time since last: 1000093615 ns, Reaching safepoint: 48799 ns, At safepoint: 6900 ns, Total: 55699 ns
[2020.536s][info ][safepoint      ] Safepoint "Cleanup", Time since last: 1000099316 ns, Reaching safepoint: 47100 ns, At safepoint: 2499 ns, Total: 49599 ns
[2021.536s][info ][safepoint      ] Safepoint "Cleanup", Time since last: 1000103716 ns, Reaching safepoint: 59900 ns, At safepoint: 5000 ns, Total: 64900 ns
[2022.536s][info ][safepoint      ] Safepoint "Cleanup", Time since last: 1000060817 ns, Reaching safepoint: 58999 ns, At safepoint: 11000 ns, Total: 69999 ns
[2024.536s][info ][safepoint      ] Safepoint "Cleanup", Time since last: 2000159634 ns, Reaching safepoint: 43600 ns, At safepoint: 6700 ns, Total: 50300 ns
[2025.536s][info ][safepoint      ] Safepoint "Cleanup", Time since last: 1000098918 ns, Reaching safepoint: 44899 ns, At safepoint: 3100 ns, Total: 47999 ns
[2027.537s][info ][safepoint      ] Safepoint "Cleanup", Time since last: 2000165337 ns, Reaching safepoint: 61900 ns, At safepoint: 8100 ns, Total: 70000 ns
[2028.537s][info ][safepoint      ] Safepoint "Cleanup", Time since last: 1000122618 ns, Reaching safepoint: 54500 ns, At safepoint: 7000 ns, Total: 61500 ns
[2032.537s][info ][safepoint      ] Safepoint "Cleanup", Time since last: 4000269980 ns, Reaching safepoint: 52600 ns, At safepoint: 8600 ns, Total: 61200 ns
[2036.537s][info ][safepoint      ] Safepoint "Cleanup", Time since last: 4000302086 ns, Reaching safepoint: 52300 ns, At safepoint: 11400 ns, Total: 63700 ns
[2045.226s][info ][gc,start       ] GC(143) Pause Young (Allocation Failure)
[2045.237s][debug][gc,phases      ] GC(143) Scavenge 11.266ms
[2045.237s][debug][gc,ref         ] GC(143) Skipped phase 1 of Reference Processing: no references
[2045.237s][debug][gc,ref         ] GC(143) ReferenceProcessor::execute queues: 1, RefProcThreadModel::Single, marks_oops_alive: false
[2045.237s][debug][gc,ref         ] GC(143) Skipped phase 3 of Reference Processing: no references
[2045.237s][debug][gc,ref         ] GC(143) ReferenceProcessor::execute queues: 1, RefProcThreadModel::Single, marks_oops_alive: false
[2045.237s][debug][gc,phases      ] GC(143) Reference Processing 0.101ms
[2045.238s][debug][gc,phases      ] GC(143)   VM Weak                        Min:  0.0, Avg:  0.0, Max:  0.0, Diff:  0.0, Sum:  0.0, Workers: 4
[2045.238s][debug][gc,phases      ] GC(143)     Dead                           Min: 0, Avg:  0.0, Max: 0, Diff: 0, Sum: 0, Workers: 4
[2045.238s][debug][gc,phases      ] GC(143)     Total                          Min: 0, Avg: 181.2, Max: 725, Diff: 725, Sum: 725, Workers: 4
[2045.238s][debug][gc,phases      ] GC(143)   ObjectSynchronizer Weak        Min:  0.0, Avg:  0.0, Max:  0.0, Diff:  0.0, Sum:  0.0, Workers: 4
[2045.238s][debug][gc,phases      ] GC(143)     Dead                           Min: 0, Avg:  0.0, Max: 0, Diff: 0, Sum: 0, Workers: 4
[2045.238s][debug][gc,phases      ] GC(143)     Total                          Min: 0, Avg: 89.5, Max: 358, Diff: 358, Sum: 358, Workers: 4
[2045.238s][debug][gc,phases      ] GC(143)   JVMTI Tag Weak OopStorage      Min:  0.0, Avg:  0.0, Max:  0.0, Diff:  0.0, Sum:  0.0, Workers: 4
[2045.238s][debug][gc,phases      ] GC(143)     Dead                           Min: 0, Avg:  0.0, Max: 0, Diff: 0, Sum: 0, Workers: 4
[2045.238s][debug][gc,phases      ] GC(143)     Total                          Min: 0, Avg:  0.0, Max: 0, Diff: 0, Sum: 0, Workers: 4
[2045.238s][debug][gc,phases      ] GC(143)   StringTable Weak               Min:  0.1, Avg:  0.1, Max:  0.1, Diff:  0.0, Sum:  0.4, Workers: 4
[2045.238s][debug][gc,phases      ] GC(143)     Dead                           Min: 0, Avg:  0.5, Max: 2, Diff: 2, Sum: 2, Workers: 4
[2045.238s][debug][gc,phases      ] GC(143)     Total                          Min: 9664, Avg: 12161.8, Max: 15047, Diff: 5383, Sum: 48647, Workers: 4
[2045.238s][debug][gc,phases      ] GC(143)   ResolvedMethodTable Weak       Min:  0.0, Avg:  0.0, Max:  0.0, Diff:  0.0, Sum:  0.1, Workers: 4
[2045.238s][debug][gc,phases      ] GC(143)     Dead                           Min: 0, Avg:  0.0, Max: 0, Diff: 0, Sum: 0, Workers: 4
[2045.238s][debug][gc,phases      ] GC(143)     Total                          Min: 1728, Avg: 2123.5, Max: 2478, Diff: 750, Sum: 8494, Workers: 4
[2045.238s][debug][gc,phases      ] GC(143)   JNI Weak                       Min:  0.0, Avg:  0.0, Max:  0.0, Diff:  0.0, Sum:  0.0, Workers: 4
[2045.238s][debug][gc,phases      ] GC(143)     Dead                           Min: 0, Avg:  0.0, Max: 0, Diff: 0, Sum: 0, Workers: 4
[2045.238s][debug][gc,phases      ] GC(143)     Total                          Min: 0, Avg:  0.0, Max: 0, Diff: 0, Sum: 0, Workers: 4
[2045.238s][debug][gc,phases      ] GC(143)   StringDedup Table Weak         Min:  0.0, Avg:  0.0, Max:  0.0, Diff:  0.0, Sum:  0.0, Workers: 4
[2045.238s][debug][gc,phases      ] GC(143)     Dead                           Min: 0, Avg:  0.0, Max: 0, Diff: 0, Sum: 0, Workers: 4
[2045.238s][debug][gc,phases      ] GC(143)     Total                          Min: 0, Avg:  0.0, Max: 0, Diff: 0, Sum: 0, Workers: 4
[2045.238s][debug][gc,phases      ] GC(143)   StringDedup Requests0 Weak     Min:  0.0, Avg:  0.0, Max:  0.0, Diff:  0.0, Sum:  0.0, Workers: 4
[2045.238s][debug][gc,phases      ] GC(143)     Dead                           Min: 0, Avg:  0.0, Max: 0, Diff: 0, Sum: 0, Workers: 4
[2045.238s][debug][gc,phases      ] GC(143)     Total                          Min: 0, Avg:  0.0, Max: 0, Diff: 0, Sum: 0, Workers: 4
[2045.238s][debug][gc,phases      ] GC(143)   StringDedup Requests1 Weak     Min:  0.0, Avg:  0.0, Max:  0.0, Diff:  0.0, Sum:  0.0, Workers: 4
[2045.238s][debug][gc,phases      ] GC(143)     Dead                           Min: 0, Avg:  0.0, Max: 0, Diff: 0, Sum: 0, Workers: 4
[2045.238s][debug][gc,phases      ] GC(143)     Total                          Min: 0, Avg:  0.0, Max: 0, Diff: 0, Sum: 0, Workers: 4
[2045.238s][debug][gc,phases      ] GC(143)   Weak JFR Old Object Samples    Min:  0.0, Avg:  0.0, Max:  0.0, Diff:  0.0, Sum:  0.0, Workers: 4
[2045.238s][debug][gc,phases      ] GC(143)     Dead                           Min: 0, Avg:  0.0, Max: 0, Diff: 0, Sum: 0, Workers: 4
[2045.238s][debug][gc,phases      ] GC(143)     Total                          Min: 0, Avg:  0.0, Max: 0, Diff: 0, Sum: 0, Workers: 4
[2045.238s][debug][gc,phases      ] GC(143) Weak Processing 0.276ms
[2045.238s][debug][gc,age         ] GC(143) Desired survivor size 114819072 bytes, new threshold 15 (max threshold 15)
[2045.238s][info ][gc,heap        ] GC(143) PSYoungGen: 1919208K(1976832K)->48561K(1985024K) Eden: 1856512K(1856512K)->0K(1869312K) From: 62696K(120320K)->48561K(115712K)
[2045.238s][info ][gc,heap        ] GC(143) ParOldGen: 525020K(606720K)->525760K(606720K)
[2045.238s][info ][gc,metaspace   ] GC(143) Metaspace: 84683K(85568K)->84683K(85568K) NonClass: 72902K(73408K)->72902K(73408K) Class: 11781K(12160K)->11781K(12160K)
[2045.238s][info ][gc             ] GC(143) Pause Young (Allocation Failure) 2386M->560M(2531M) 11.761ms
[2045.238s][info ][gc,cpu         ] GC(143) User=0.04s Sys=0.00s Real=0.01s
[2045.238s][info ][safepoint      ] Safepoint "ParallelGCFailedAllocation", Time since last: 8688393990 ns, Reaching safepoint: 102800 ns, At safepoint: 11836633 ns, Total: 11939433 ns
[2054.238s][info ][safepoint      ] Safepoint "Cleanup", Time since last: 9000561450 ns, Reaching safepoint: 61600 ns, At safepoint: 3700 ns, Total: 65300 ns
[2055.239s][info ][safepoint      ] Safepoint "Cleanup", Time since last: 1000118430 ns, Reaching safepoint: 38299 ns, At safepoint: 3300 ns, Total: 41599 ns
[2062.239s][info ][safepoint      ] Safepoint "Cleanup", Time since last: 7000489120 ns, Reaching safepoint: 60200 ns, At safepoint: 37899 ns, Total: 98099 ns
[2067.240s][info ][safepoint      ] Safepoint "Cleanup", Time since last: 5000356069 ns, Reaching safepoint: 46600 ns, At safepoint: 2600 ns, Total: 49200 ns
[2070.240s][info ][safepoint      ] Safepoint "Cleanup", Time since last: 3000222705 ns, Reaching safepoint: 36400 ns, At safepoint: 4900 ns, Total: 41300 ns
[2071.240s][info ][safepoint      ] Safepoint "Cleanup", Time since last: 1000102236 ns, Reaching safepoint: 43500 ns, At safepoint: 8899 ns, Total: 52399 ns
[2081.241s][info ][safepoint      ] Safepoint "Cleanup", Time since last: 10000679682 ns, Reaching safepoint: 49599 ns, At safepoint: 6200 ns, Total: 55799 ns
[2090.241s][info ][safepoint      ] Safepoint "Cleanup", Time since last: 9000565775 ns, Reaching safepoint: 45800 ns, At safepoint: 3100 ns, Total: 48900 ns
[2097.339s][info ][gc,start       ] GC(144) Pause Young (Allocation Failure)
[2097.349s][debug][gc,phases      ] GC(144) Scavenge 9.716ms
[2097.349s][debug][gc,ref         ] GC(144) Skipped phase 1 of Reference Processing: no references
[2097.349s][debug][gc,ref         ] GC(144) ReferenceProcessor::execute queues: 1, RefProcThreadModel::Single, marks_oops_alive: false
[2097.349s][debug][gc,ref         ] GC(144) Skipped phase 3 of Reference Processing: no references
[2097.349s][debug][gc,ref         ] GC(144) ReferenceProcessor::execute queues: 1, RefProcThreadModel::Single, marks_oops_alive: false
[2097.349s][debug][gc,phases      ] GC(144) Reference Processing 0.106ms
[2097.349s][debug][gc,phases      ] GC(144)   VM Weak                        Min:  0.0, Avg:  0.0, Max:  0.0, Diff:  0.0, Sum:  0.0, Workers: 4
[2097.349s][debug][gc,phases      ] GC(144)     Dead                           Min: 0, Avg:  0.0, Max: 0, Diff: 0, Sum: 0, Workers: 4
[2097.349s][debug][gc,phases      ] GC(144)     Total                          Min: 0, Avg: 181.2, Max: 469, Diff: 469, Sum: 725, Workers: 4
[2097.349s][debug][gc,phases      ] GC(144)   ObjectSynchronizer Weak        Min:  0.0, Avg:  0.0, Max:  0.0, Diff:  0.0, Sum:  0.0, Workers: 4
[2097.349s][debug][gc,phases      ] GC(144)     Dead                           Min: 0, Avg:  0.0, Max: 0, Diff: 0, Sum: 0, Workers: 4
[2097.349s][debug][gc,phases      ] GC(144)     Total                          Min: 0, Avg: 89.5, Max: 230, Diff: 230, Sum: 358, Workers: 4
[2097.349s][debug][gc,phases      ] GC(144)   JVMTI Tag Weak OopStorage      Min:  0.0, Avg:  0.0, Max:  0.0, Diff:  0.0, Sum:  0.0, Workers: 4
[2097.349s][debug][gc,phases      ] GC(144)     Dead                           Min: 0, Avg:  0.0, Max: 0, Diff: 0, Sum: 0, Workers: 4
[2097.349s][debug][gc,phases      ] GC(144)     Total                          Min: 0, Avg:  0.0, Max: 0, Diff: 0, Sum: 0, Workers: 4
[2097.349s][debug][gc,phases      ] GC(144)   StringTable Weak               Min:  0.1, Avg:  0.1, Max:  0.1, Diff:  0.0, Sum:  0.4, Workers: 4
[2097.349s][debug][gc,phases      ] GC(144)     Dead                           Min: 0, Avg:  0.0, Max: 0, Diff: 0, Sum: 0, Workers: 4
[2097.349s][debug][gc,phases      ] GC(144)     Total                          Min: 10432, Avg: 12161.8, Max: 16775, Diff: 6343, Sum: 48647, Workers: 4
[2097.349s][debug][gc,phases      ] GC(144)   ResolvedMethodTable Weak       Min:  0.0, Avg:  0.0, Max:  0.0, Diff:  0.0, Sum:  0.1, Workers: 4
[2097.349s][debug][gc,phases      ] GC(144)     Dead                           Min: 0, Avg:  0.0, Max: 0, Diff: 0, Sum: 0, Workers: 4
[2097.349s][debug][gc,phases      ] GC(144)     Total                          Min: 1838, Avg: 2123.5, Max: 2752, Diff: 914, Sum: 8494, Workers: 4
[2097.349s][debug][gc,phases      ] GC(144)   JNI Weak                       Min:  0.0, Avg:  0.0, Max:  0.0, Diff:  0.0, Sum:  0.0, Workers: 4
[2097.349s][debug][gc,phases      ] GC(144)     Dead                           Min: 0, Avg:  0.0, Max: 0, Diff: 0, Sum: 0, Workers: 4
[2097.349s][debug][gc,phases      ] GC(144)     Total                          Min: 0, Avg:  0.0, Max: 0, Diff: 0, Sum: 0, Workers: 4
[2097.349s][debug][gc,phases      ] GC(144)   StringDedup Table Weak         Min:  0.0, Avg:  0.0, Max:  0.0, Diff:  0.0, Sum:  0.0, Workers: 4
[2097.349s][debug][gc,phases      ] GC(144)     Dead                           Min: 0, Avg:  0.0, Max: 0, Diff: 0, Sum: 0, Workers: 4
[2097.349s][debug][gc,phases      ] GC(144)     Total                          Min: 0, Avg:  0.0, Max: 0, Diff: 0, Sum: 0, Workers: 4
[2097.349s][debug][gc,phases      ] GC(144)   StringDedup Requests0 Weak     Min:  0.0, Avg:  0.0, Max:  0.0, Diff:  0.0, Sum:  0.0, Workers: 4
[2097.349s][debug][gc,phases      ] GC(144)     Dead                           Min: 0, Avg:  0.0, Max: 0, Diff: 0, Sum: 0, Workers: 4
[2097.349s][debug][gc,phases      ] GC(144)     Total                          Min: 0, Avg:  0.0, Max: 0, Diff: 0, Sum: 0, Workers: 4
[2097.349s][debug][gc,phases      ] GC(144)   StringDedup Requests1 Weak     Min:  0.0, Avg:  0.0, Max:  0.0, Diff:  0.0, Sum:  0.0, Workers: 4
[2097.349s][debug][gc,phases      ] GC(144)     Dead                           Min: 0, Avg:  0.0, Max: 0, Diff: 0, Sum: 0, Workers: 4
[2097.349s][debug][gc,phases      ] GC(144)     Total                          Min: 0, Avg:  0.0, Max: 0, Diff: 0, Sum: 0, Workers: 4
[2097.349s][debug][gc,phases      ] GC(144)   Weak JFR Old Object Samples    Min:  0.0, Avg:  0.0, Max:  0.0, Diff:  0.0, Sum:  0.0, Workers: 4
[2097.349s][debug][gc,phases      ] GC(144)     Dead                           Min: 0, Avg:  0.0, Max: 0, Diff: 0, Sum: 0, Workers: 4
[2097.349s][debug][gc,phases      ] GC(144)     Total                          Min: 0, Avg:  0.0, Max: 0, Diff: 0, Sum: 0, Workers: 4
[2097.349s][debug][gc,phases      ] GC(144) Weak Processing 0.286ms
[2097.349s][debug][gc,age         ] GC(144) Desired survivor size 110624768 bytes, new threshold 15 (max threshold 15)
[2097.349s][info ][gc,heap        ] GC(144) PSYoungGen: 1917873K(1985024K)->47073K(1981440K) Eden: 1869312K(1869312K)->0K(1869312K) From: 48561K(115712K)->47073K(112128K)
[2097.349s][info ][gc,heap        ] GC(144) ParOldGen: 525760K(606720K)->527456K(606720K)
[2097.349s][info ][gc,metaspace   ] GC(144) Metaspace: 84683K(85568K)->84683K(85568K) NonClass: 72902K(73408K)->72902K(73408K) Class: 11781K(12160K)->11781K(12160K)
[2097.349s][info ][gc             ] GC(144) Pause Young (Allocation Failure) 2386M->561M(2527M) 10.224ms
[2097.349s][info ][gc,cpu         ] GC(144) User=0.03s Sys=0.01s Real=0.01s
[2097.349s][info ][safepoint      ] Safepoint "ParallelGCFailedAllocation", Time since last: 7097715263 ns, Reaching safepoint: 43799 ns, At safepoint: 10315442 ns, Total: 10359241 ns
[2114.351s][info ][safepoint      ] Safepoint "Cleanup", Time since last: 17001112133 ns, Reaching safepoint: 45900 ns, At safepoint: 3700 ns, Total: 49600 ns
[2115.351s][info ][safepoint      ] Safepoint "Cleanup", Time since last: 1000098952 ns, Reaching safepoint: 42299 ns, At safepoint: 2600 ns, Total: 44899 ns
[2117.351s][info ][safepoint      ] Safepoint "Cleanup", Time since last: 2000166805 ns, Reaching safepoint: 39700 ns, At safepoint: 2500 ns, Total: 42200 ns
[2120.351s][info ][safepoint      ] Safepoint "Cleanup", Time since last: 3000231361 ns, Reaching safepoint: 77499 ns, At safepoint: 10300 ns, Total: 87799 ns
[2120.574s][info ][gc,start       ] GC(145) Pause Young (Allocation Failure)
[2120.587s][debug][gc,phases      ] GC(145) Scavenge 12.373ms
[2120.587s][debug][gc,ref         ] GC(145) Skipped phase 1 of Reference Processing: no references
[2120.587s][debug][gc,ref         ] GC(145) ReferenceProcessor::execute queues: 1, RefProcThreadModel::Single, marks_oops_alive: false
[2120.587s][debug][gc,ref         ] GC(145) Skipped phase 3 of Reference Processing: no references
[2120.587s][debug][gc,ref         ] GC(145) ReferenceProcessor::execute queues: 1, RefProcThreadModel::Single, marks_oops_alive: false
[2120.587s][debug][gc,phases      ] GC(145) Reference Processing 0.102ms
[2120.587s][debug][gc,phases      ] GC(145)   VM Weak                        Min:  0.0, Avg:  0.0, Max:  0.0, Diff:  0.0, Sum:  0.0, Workers: 4
[2120.587s][debug][gc,phases      ] GC(145)     Dead                           Min: 0, Avg:  0.0, Max: 0, Diff: 0, Sum: 0, Workers: 4
[2120.587s][debug][gc,phases      ] GC(145)     Total                          Min: 0, Avg: 181.2, Max: 405, Diff: 405, Sum: 725, Workers: 4
[2120.587s][debug][gc,phases      ] GC(145)   ObjectSynchronizer Weak        Min:  0.0, Avg:  0.0, Max:  0.0, Diff:  0.0, Sum:  0.0, Workers: 4
[2120.587s][debug][gc,phases      ] GC(145)     Dead                           Min: 0, Avg:  0.0, Max: 0, Diff: 0, Sum: 0, Workers: 4
[2120.587s][debug][gc,phases      ] GC(145)     Total                          Min: 0, Avg: 89.5, Max: 192, Diff: 192, Sum: 358, Workers: 4
[2120.587s][debug][gc,phases      ] GC(145)   JVMTI Tag Weak OopStorage      Min:  0.0, Avg:  0.0, Max:  0.0, Diff:  0.0, Sum:  0.0, Workers: 4
[2120.587s][debug][gc,phases      ] GC(145)     Dead                           Min: 0, Avg:  0.0, Max: 0, Diff: 0, Sum: 0, Workers: 4
[2120.587s][debug][gc,phases      ] GC(145)     Total                          Min: 0, Avg:  0.0, Max: 0, Diff: 0, Sum: 0, Workers: 4
[2120.587s][debug][gc,phases      ] GC(145)   StringTable Weak               Min:  0.1, Avg:  0.1, Max:  0.1, Diff:  0.0, Sum:  0.4, Workers: 4
[2120.587s][debug][gc,phases      ] GC(145)     Dead                           Min: 0, Avg:  0.0, Max: 0, Diff: 0, Sum: 0, Workers: 4
[2120.587s][debug][gc,phases      ] GC(145)     Total                          Min: 8512, Avg: 12164.8, Max: 15104, Diff: 6592, Sum: 48659, Workers: 4
[2120.587s][debug][gc,phases      ] GC(145)   ResolvedMethodTable Weak       Min:  0.0, Avg:  0.0, Max:  0.0, Diff:  0.0, Sum:  0.1, Workers: 4
[2120.587s][debug][gc,phases      ] GC(145)     Dead                           Min: 0, Avg:  0.0, Max: 0, Diff: 0, Sum: 0, Workers: 4
[2120.587s][debug][gc,phases      ] GC(145)     Total                          Min: 1582, Avg: 2123.5, Max: 2688, Diff: 1106, Sum: 8494, Workers: 4
[2120.587s][debug][gc,phases      ] GC(145)   JNI Weak                       Min:  0.0, Avg:  0.0, Max:  0.0, Diff:  0.0, Sum:  0.0, Workers: 4
[2120.587s][debug][gc,phases      ] GC(145)     Dead                           Min: 0, Avg:  0.0, Max: 0, Diff: 0, Sum: 0, Workers: 4
[2120.587s][debug][gc,phases      ] GC(145)     Total                          Min: 0, Avg:  0.0, Max: 0, Diff: 0, Sum: 0, Workers: 4
[2120.587s][debug][gc,phases      ] GC(145)   StringDedup Table Weak         Min:  0.0, Avg:  0.0, Max:  0.0, Diff:  0.0, Sum:  0.0, Workers: 4
[2120.587s][debug][gc,phases      ] GC(145)     Dead                           Min: 0, Avg:  0.0, Max: 0, Diff: 0, Sum: 0, Workers: 4
[2120.587s][debug][gc,phases      ] GC(145)     Total                          Min: 0, Avg:  0.0, Max: 0, Diff: 0, Sum: 0, Workers: 4
[2120.587s][debug][gc,phases      ] GC(145)   StringDedup Requests0 Weak     Min:  0.0, Avg:  0.0, Max:  0.0, Diff:  0.0, Sum:  0.0, Workers: 4
[2120.587s][debug][gc,phases      ] GC(145)     Dead                           Min: 0, Avg:  0.0, Max: 0, Diff: 0, Sum: 0, Workers: 4
[2120.587s][debug][gc,phases      ] GC(145)     Total                          Min: 0, Avg:  0.0, Max: 0, Diff: 0, Sum: 0, Workers: 4
[2120.587s][debug][gc,phases      ] GC(145)   StringDedup Requests1 Weak     Min:  0.0, Avg:  0.0, Max:  0.0, Diff:  0.0, Sum:  0.0, Workers: 4
[2120.587s][debug][gc,phases      ] GC(145)     Dead                           Min: 0, Avg:  0.0, Max: 0, Diff: 0, Sum: 0, Workers: 4
[2120.587s][debug][gc,phases      ] GC(145)     Total                          Min: 0, Avg:  0.0, Max: 0, Diff: 0, Sum: 0, Workers: 4
[2120.587s][debug][gc,phases      ] GC(145)   Weak JFR Old Object Samples    Min:  0.0, Avg:  0.0, Max:  0.0, Diff:  0.0, Sum:  0.0, Workers: 4
[2120.587s][debug][gc,phases      ] GC(145)     Dead                           Min: 0, Avg:  0.0, Max: 0, Diff: 0, Sum: 0, Workers: 4
[2120.587s][debug][gc,phases      ] GC(145)     Total                          Min: 0, Avg:  0.0, Max: 0, Diff: 0, Sum: 0, Workers: 4
[2120.587s][debug][gc,phases      ] GC(145) Weak Processing 0.277ms
[2120.587s][debug][gc,age         ] GC(145) Desired survivor size 109576192 bytes, new threshold 15 (max threshold 15)
[2120.587s][info ][gc,heap        ] GC(145) PSYoungGen: 1916385K(1981440K)->67201K(1990144K) Eden: 1869312K(1869312K)->0K(1882112K) From: 47073K(112128K)->67201K(108032K)
[2120.587s][info ][gc,heap        ] GC(145) ParOldGen: 527456K(606720K)->527656K(606720K)
[2120.587s][info ][gc,metaspace   ] GC(145) Metaspace: 84690K(85568K)->84690K(85568K) NonClass: 72909K(73408K)->72909K(73408K) Class: 11781K(12160K)->11781K(12160K)
[2120.587s][info ][gc             ] GC(145) Pause Young (Allocation Failure) 2386M->580M(2536M) 12.878ms
[2120.587s][info ][gc,cpu         ] GC(145) User=0.05s Sys=0.00s Real=0.01s
[2120.587s][info ][safepoint      ] Safepoint "ParallelGCFailedAllocation", Time since last: 222796842 ns, Reaching safepoint: 109200 ns, At safepoint: 12967927 ns, Total: 13077127 ns
[2122.421s][info ][safepoint      ] Safepoint "Cleanup", Time since last: 1833929847 ns, Reaching safepoint: 87799 ns, At safepoint: 6400 ns, Total: 94199 ns
[2128.776s][info ][gc,start       ] GC(146) Pause Young (Allocation Failure)
[2128.792s][debug][gc,phases      ] GC(146) Scavenge 16.028ms
[2128.792s][debug][gc,ref         ] GC(146) Skipped phase 1 of Reference Processing: no references
[2128.792s][debug][gc,ref         ] GC(146) ReferenceProcessor::execute queues: 1, RefProcThreadModel::Single, marks_oops_alive: false
[2128.792s][debug][gc,ref         ] GC(146) Skipped phase 3 of Reference Processing: no references
[2128.792s][debug][gc,ref         ] GC(146) ReferenceProcessor::execute queues: 1, RefProcThreadModel::Single, marks_oops_alive: false
[2128.792s][debug][gc,phases      ] GC(146) Reference Processing 0.102ms
[2128.792s][debug][gc,phases      ] GC(146)   VM Weak                        Min:  0.0, Avg:  0.0, Max:  0.0, Diff:  0.0, Sum:  0.0, Workers: 4
[2128.792s][debug][gc,phases      ] GC(146)     Dead                           Min: 0, Avg:  0.0, Max: 0, Diff: 0, Sum: 0, Workers: 4
[2128.792s][debug][gc,phases      ] GC(146)     Total                          Min: 0, Avg: 181.2, Max: 384, Diff: 384, Sum: 725, Workers: 4
[2128.792s][debug][gc,phases      ] GC(146)   ObjectSynchronizer Weak        Min:  0.0, Avg:  0.0, Max:  0.0, Diff:  0.0, Sum:  0.0, Workers: 4
[2128.792s][debug][gc,phases      ] GC(146)     Dead                           Min: 0, Avg:  0.0, Max: 0, Diff: 0, Sum: 0, Workers: 4
[2128.792s][debug][gc,phases      ] GC(146)     Total                          Min: 0, Avg: 89.5, Max: 166, Diff: 166, Sum: 358, Workers: 4
[2128.792s][debug][gc,phases      ] GC(146)   JVMTI Tag Weak OopStorage      Min:  0.0, Avg:  0.0, Max:  0.0, Diff:  0.0, Sum:  0.0, Workers: 4
[2128.792s][debug][gc,phases      ] GC(146)     Dead                           Min: 0, Avg:  0.0, Max: 0, Diff: 0, Sum: 0, Workers: 4
[2128.792s][debug][gc,phases      ] GC(146)     Total                          Min: 0, Avg:  0.0, Max: 0, Diff: 0, Sum: 0, Workers: 4
[2128.793s][debug][gc,phases      ] GC(146)   StringTable Weak               Min:  0.1, Avg:  0.1, Max:  0.1, Diff:  0.0, Sum:  0.4, Workers: 4
[2128.793s][debug][gc,phases      ] GC(146)     Dead                           Min: 0, Avg:  0.0, Max: 0, Diff: 0, Sum: 0, Workers: 4
[2128.793s][debug][gc,phases      ] GC(146)     Total                          Min: 9408, Avg: 12165.0, Max: 14868, Diff: 5460, Sum: 48660, Workers: 4
[2128.793s][debug][gc,phases      ] GC(146)   ResolvedMethodTable Weak       Min:  0.0, Avg:  0.0, Max:  0.0, Diff:  0.0, Sum:  0.1, Workers: 4
[2128.793s][debug][gc,phases      ] GC(146)     Dead                           Min: 0, Avg:  0.0, Max: 0, Diff: 0, Sum: 0, Workers: 4
[2128.793s][debug][gc,phases      ] GC(146)     Total                          Min: 1536, Avg: 2124.0, Max: 2560, Diff: 1024, Sum: 8496, Workers: 4
[2128.793s][debug][gc,phases      ] GC(146)   JNI Weak                       Min:  0.0, Avg:  0.0, Max:  0.0, Diff:  0.0, Sum:  0.0, Workers: 4
[2128.793s][debug][gc,phases      ] GC(146)     Dead                           Min: 0, Avg:  0.0, Max: 0, Diff: 0, Sum: 0, Workers: 4
[2128.793s][debug][gc,phases      ] GC(146)     Total                          Min: 0, Avg:  0.0, Max: 0, Diff: 0, Sum: 0, Workers: 4
[2128.793s][debug][gc,phases      ] GC(146)   StringDedup Table Weak         Min:  0.0, Avg:  0.0, Max:  0.0, Diff:  0.0, Sum:  0.0, Workers: 4
[2128.793s][debug][gc,phases      ] GC(146)     Dead                           Min: 0, Avg:  0.0, Max: 0, Diff: 0, Sum: 0, Workers: 4
[2128.793s][debug][gc,phases      ] GC(146)     Total                          Min: 0, Avg:  0.0, Max: 0, Diff: 0, Sum: 0, Workers: 4
[2128.793s][debug][gc,phases      ] GC(146)   StringDedup Requests0 Weak     Min:  0.0, Avg:  0.0, Max:  0.0, Diff:  0.0, Sum:  0.0, Workers: 4
[2128.793s][debug][gc,phases      ] GC(146)     Dead                           Min: 0, Avg:  0.0, Max: 0, Diff: 0, Sum: 0, Workers: 4
[2128.793s][debug][gc,phases      ] GC(146)     Total                          Min: 0, Avg:  0.0, Max: 0, Diff: 0, Sum: 0, Workers: 4
[2128.793s][debug][gc,phases      ] GC(146)   StringDedup Requests1 Weak     Min:  0.0, Avg:  0.0, Max:  0.0, Diff:  0.0, Sum:  0.0, Workers: 4
[2128.793s][debug][gc,phases      ] GC(146)     Dead                           Min: 0, Avg:  0.0, Max: 0, Diff: 0, Sum: 0, Workers: 4
[2128.793s][debug][gc,phases      ] GC(146)     Total                          Min: 0, Avg:  0.0, Max: 0, Diff: 0, Sum: 0, Workers: 4
[2128.793s][debug][gc,phases      ] GC(146)   Weak JFR Old Object Samples    Min:  0.0, Avg:  0.0, Max:  0.0, Diff:  0.0, Sum:  0.0, Workers: 4
[2128.793s][debug][gc,phases      ] GC(146)     Dead                           Min: 0, Avg:  0.0, Max: 0, Diff: 0, Sum: 0, Workers: 4
[2128.793s][debug][gc,phases      ] GC(146)     Total                          Min: 0, Avg:  0.0, Max: 0, Diff: 0, Sum: 0, Workers: 4
[2128.793s][debug][gc,phases      ] GC(146) Weak Processing 0.276ms
[2128.793s][debug][gc,age         ] GC(146) Desired survivor size 113246208 bytes, new threshold 15 (max threshold 15)
[2128.793s][info ][gc,heap        ] GC(146) PSYoungGen: 1949313K(1990144K)->80177K(1962496K) Eden: 1882112K(1882112K)->0K(1882112K) From: 67201K(108032K)->80177K(80384K)
[2128.793s][info ][gc,heap        ] GC(146) ParOldGen: 527656K(606720K)->528373K(606720K)
[2128.793s][info ][gc,metaspace   ] GC(146) Metaspace: 84703K(85568K)->84703K(85568K) NonClass: 72922K(73408K)->72922K(73408K) Class: 11781K(12160K)->11781K(12160K)
[2128.793s][info ][gc             ] GC(146) Pause Young (Allocation Failure) 2418M->594M(2509M) 16.529ms
[2128.793s][info ][gc,cpu         ] GC(146) User=0.07s Sys=0.00s Real=0.02s
[2128.793s][info ][safepoint      ] Safepoint "ParallelGCFailedAllocation", Time since last: 6354824635 ns, Reaching safepoint: 100200 ns, At safepoint: 16614906 ns, Total: 16715106 ns
[2129.793s][info ][safepoint      ] Safepoint "Cleanup", Time since last: 1000093857 ns, Reaching safepoint: 56500 ns, At safepoint: 10800 ns, Total: 67300 ns
[2131.793s][info ][safepoint      ] Safepoint "Cleanup", Time since last: 2000196215 ns, Reaching safepoint: 106699 ns, At safepoint: 7300 ns, Total: 113999 ns
[2134.793s][info ][safepoint      ] Safepoint "Cleanup", Time since last: 3000254375 ns, Reaching safepoint: 58300 ns, At safepoint: 8600 ns, Total: 66900 ns
[2135.999s][info ][safepoint      ] Safepoint "Cleanup", Time since last: 1205511100 ns, Reaching safepoint: 53100 ns, At safepoint: 7400 ns, Total: 60500 ns
[2138.999s][info ][safepoint      ] Safepoint "Cleanup", Time since last: 3000240079 ns, Reaching safepoint: 33300 ns, At safepoint: 2900 ns, Total: 36200 ns
[2139.999s][info ][safepoint      ] Safepoint "Cleanup", Time since last: 1000099661 ns, Reaching safepoint: 47999 ns, At safepoint: 13600 ns, Total: 61599 ns
[2145.000s][info ][safepoint      ] Safepoint "Cleanup", Time since last: 5000333408 ns, Reaching safepoint: 34300 ns, At safepoint: 2000 ns, Total: 36300 ns
[2146.935s][info ][safepoint      ] Safepoint "Cleanup", Time since last: 1935534290 ns, Reaching safepoint: 64099 ns, At safepoint: 4900 ns, Total: 68999 ns
[2147.936s][info ][safepoint      ] Safepoint "Cleanup", Time since last: 1000122963 ns, Reaching safepoint: 47800 ns, At safepoint: 2700 ns, Total: 50500 ns
[2148.936s][info ][safepoint      ] Safepoint "Cleanup", Time since last: 1000108763 ns, Reaching safepoint: 120000 ns, At safepoint: 11200 ns, Total: 131200 ns
[2149.936s][info ][safepoint      ] Safepoint "Cleanup", Time since last: 1000092963 ns, Reaching safepoint: 44700 ns, At safepoint: 2900 ns, Total: 47600 ns
[2150.936s][info ][safepoint      ] Safepoint "Cleanup", Time since last: 1000113564 ns, Reaching safepoint: 47400 ns, At safepoint: 8200 ns, Total: 55600 ns
[2154.937s][info ][safepoint      ] Safepoint "Cleanup", Time since last: 4000296960 ns, Reaching safepoint: 117199 ns, At safepoint: 6900 ns, Total: 124099 ns
[2157.937s][info ][safepoint      ] Safepoint "Cleanup", Time since last: 3000244298 ns, Reaching safepoint: 45500 ns, At safepoint: 6100 ns, Total: 51600 ns
[2158.937s][info ][safepoint      ] Safepoint "Cleanup", Time since last: 1000103166 ns, Reaching safepoint: 51900 ns, At safepoint: 7700 ns, Total: 59600 ns
[2159.532s][info ][gc,start       ] GC(147) Pause Young (Allocation Failure)
[2159.549s][debug][gc,phases      ] GC(147) Scavenge 17.666ms
[2159.549s][debug][gc,ref         ] GC(147) Skipped phase 1 of Reference Processing: no references
[2159.549s][debug][gc,ref         ] GC(147) ReferenceProcessor::execute queues: 1, RefProcThreadModel::Single, marks_oops_alive: false
[2159.549s][debug][gc,ref         ] GC(147) Skipped phase 3 of Reference Processing: no references
[2159.549s][debug][gc,ref         ] GC(147) ReferenceProcessor::execute queues: 1, RefProcThreadModel::Single, marks_oops_alive: false
[2159.549s][debug][gc,phases      ] GC(147) Reference Processing 0.112ms
[2159.550s][debug][gc,phases      ] GC(147)   VM Weak                        Min:  0.0, Avg:  0.0, Max:  0.0, Diff:  0.0, Sum:  0.0, Workers: 4
[2159.550s][debug][gc,phases      ] GC(147)     Dead                           Min: 0, Avg:  0.0, Max: 0, Diff: 0, Sum: 0, Workers: 4
[2159.550s][debug][gc,phases      ] GC(147)     Total                          Min: 0, Avg: 181.2, Max: 725, Diff: 725, Sum: 725, Workers: 4
[2159.550s][debug][gc,phases      ] GC(147)   ObjectSynchronizer Weak        Min:  0.0, Avg:  0.0, Max:  0.0, Diff:  0.0, Sum:  0.0, Workers: 4
[2159.550s][debug][gc,phases      ] GC(147)     Dead                           Min: 0, Avg:  0.0, Max: 0, Diff: 0, Sum: 0, Workers: 4
[2159.550s][debug][gc,phases      ] GC(147)     Total                          Min: 0, Avg: 89.5, Max: 192, Diff: 192, Sum: 358, Workers: 4
[2159.550s][debug][gc,phases      ] GC(147)   JVMTI Tag Weak OopStorage      Min:  0.0, Avg:  0.0, Max:  0.0, Diff:  0.0, Sum:  0.0, Workers: 4
[2159.550s][debug][gc,phases      ] GC(147)     Dead                           Min: 0, Avg:  0.0, Max: 0, Diff: 0, Sum: 0, Workers: 4
[2159.550s][debug][gc,phases      ] GC(147)     Total                          Min: 0, Avg:  0.0, Max: 0, Diff: 0, Sum: 0, Workers: 4
[2159.550s][debug][gc,phases      ] GC(147)   StringTable Weak               Min:  0.1, Avg:  0.1, Max:  0.1, Diff:  0.0, Sum:  0.5, Workers: 4
[2159.550s][debug][gc,phases      ] GC(147)     Dead                           Min: 0, Avg:  0.0, Max: 0, Diff: 0, Sum: 0, Workers: 4
[2159.550s][debug][gc,phases      ] GC(147)     Total                          Min: 11008, Avg: 12167.8, Max: 12959, Diff: 1951, Sum: 48671, Workers: 4
[2159.550s][debug][gc,phases      ] GC(147)   ResolvedMethodTable Weak       Min:  0.0, Avg:  0.0, Max:  0.0, Diff:  0.0, Sum:  0.1, Workers: 4
[2159.550s][debug][gc,phases      ] GC(147)     Dead                           Min: 0, Avg:  0.0, Max: 0, Diff: 0, Sum: 0, Workers: 4
[2159.550s][debug][gc,phases      ] GC(147)     Total                          Min: 1984, Avg: 2124.0, Max: 2240, Diff: 256, Sum: 8496, Workers: 4
[2159.550s][debug][gc,phases      ] GC(147)   JNI Weak                       Min:  0.0, Avg:  0.0, Max:  0.0, Diff:  0.0, Sum:  0.0, Workers: 4
[2159.550s][debug][gc,phases      ] GC(147)     Dead                           Min: 0, Avg:  0.0, Max: 0, Diff: 0, Sum: 0, Workers: 4
[2159.550s][debug][gc,phases      ] GC(147)     Total                          Min: 0, Avg:  0.0, Max: 0, Diff: 0, Sum: 0, Workers: 4
[2159.550s][debug][gc,phases      ] GC(147)   StringDedup Table Weak         Min:  0.0, Avg:  0.0, Max:  0.0, Diff:  0.0, Sum:  0.0, Workers: 4
[2159.550s][debug][gc,phases      ] GC(147)     Dead                           Min: 0, Avg:  0.0, Max: 0, Diff: 0, Sum: 0, Workers: 4
[2159.550s][debug][gc,phases      ] GC(147)     Total                          Min: 0, Avg:  0.0, Max: 0, Diff: 0, Sum: 0, Workers: 4
[2159.550s][debug][gc,phases      ] GC(147)   StringDedup Requests0 Weak     Min:  0.0, Avg:  0.0, Max:  0.0, Diff:  0.0, Sum:  0.0, Workers: 4
[2159.550s][debug][gc,phases      ] GC(147)     Dead                           Min: 0, Avg:  0.0, Max: 0, Diff: 0, Sum: 0, Workers: 4
[2159.550s][debug][gc,phases      ] GC(147)     Total                          Min: 0, Avg:  0.0, Max: 0, Diff: 0, Sum: 0, Workers: 4
[2159.550s][debug][gc,phases      ] GC(147)   StringDedup Requests1 Weak     Min:  0.0, Avg:  0.0, Max:  0.0, Diff:  0.0, Sum:  0.0, Workers: 4
[2159.550s][debug][gc,phases      ] GC(147)     Dead                           Min: 0, Avg:  0.0, Max: 0, Diff: 0, Sum: 0, Workers: 4
[2159.550s][debug][gc,phases      ] GC(147)     Total                          Min: 0, Avg:  0.0, Max: 0, Diff: 0, Sum: 0, Workers: 4
[2159.550s][debug][gc,phases      ] GC(147)   Weak JFR Old Object Samples    Min:  0.0, Avg:  0.0, Max:  0.0, Diff:  0.0, Sum:  0.0, Workers: 4
[2159.550s][debug][gc,phases      ] GC(147)     Dead                           Min: 0, Avg:  0.0, Max: 0, Diff: 0, Sum: 0, Workers: 4
[2159.550s][debug][gc,phases      ] GC(147)     Total                          Min: 0, Avg:  0.0, Max: 0, Diff: 0, Sum: 0, Workers: 4
[2159.550s][debug][gc,phases      ] GC(147) Weak Processing 0.344ms
[2159.550s][debug][gc,age         ] GC(147) Desired survivor size 111673344 bytes, new threshold 15 (max threshold 15)
[2159.550s][info ][gc,heap        ] GC(147) PSYoungGen: 1962289K(1962496K)->69905K(1988096K) Eden: 1882112K(1882112K)->0K(1877504K) From: 80177K(80384K)->69905K(110592K)
[2159.550s][info ][gc,heap        ] GC(147) ParOldGen: 528373K(606720K)->539941K(606720K)
[2159.550s][info ][gc,metaspace   ] GC(147) Metaspace: 84720K(85632K)->84720K(85632K) NonClass: 72938K(73472K)->72938K(73472K) Class: 11781K(12160K)->11781K(12160K)
[2159.550s][info ][gc             ] GC(147) Pause Young (Allocation Failure) 2432M->595M(2534M) 18.249ms
[2159.550s][info ][gc,cpu         ] GC(147) User=0.07s Sys=0.00s Real=0.01s
[2159.550s][info ][safepoint      ] Safepoint "ParallelGCFailedAllocation", Time since last: 594369852 ns, Reaching safepoint: 108900 ns, At safepoint: 18342296 ns, Total: 18451196 ns
[2161.013s][info ][safepoint      ] Safepoint "Cleanup", Time since last: 1463086560 ns, Reaching safepoint: 103999 ns, At safepoint: 7400 ns, Total: 111399 ns
[2161.528s][info ][safepoint      ] Safepoint "ICBufferFull", Time since last: 514285904 ns, Reaching safepoint: 240399 ns, At safepoint: 16299 ns, Total: 256698 ns
[2162.817s][info ][safepoint      ] Safepoint "Cleanup", Time since last: 1288873842 ns, Reaching safepoint: 98399 ns, At safepoint: 7500 ns, Total: 105899 ns
[2163.817s][info ][safepoint      ] Safepoint "Cleanup", Time since last: 1000092669 ns, Reaching safepoint: 55799 ns, At safepoint: 8000 ns, Total: 63799 ns
[2164.817s][info ][safepoint      ] Safepoint "Cleanup", Time since last: 1000095169 ns, Reaching safepoint: 42600 ns, At safepoint: 7600 ns, Total: 50200 ns
[2165.817s][info ][safepoint      ] Safepoint "Cleanup", Time since last: 1000090668 ns, Reaching safepoint: 54900 ns, At safepoint: 7000 ns, Total: 61900 ns
[2166.817s][info ][safepoint      ] Safepoint "Cleanup", Time since last: 1000103169 ns, Reaching safepoint: 41800 ns, At safepoint: 5300 ns, Total: 47100 ns
[2168.817s][info ][safepoint      ] Safepoint "Cleanup", Time since last: 2000161839 ns, Reaching safepoint: 63000 ns, At safepoint: 10000 ns, Total: 73000 ns
[2169.818s][info ][safepoint      ] Safepoint "Cleanup", Time since last: 1000106170 ns, Reaching safepoint: 41300 ns, At safepoint: 8700 ns, Total: 50000 ns
[2174.818s][info ][safepoint      ] Safepoint "Cleanup", Time since last: 5000310156 ns, Reaching safepoint: 54100 ns, At safepoint: 5800 ns, Total: 59900 ns
[2177.818s][info ][safepoint      ] Safepoint "Cleanup", Time since last: 3000236517 ns, Reaching safepoint: 63599 ns, At safepoint: 9300 ns, Total: 72899 ns
[2178.818s][info ][safepoint      ] Safepoint "Cleanup", Time since last: 1000068073 ns, Reaching safepoint: 41800 ns, At safepoint: 7300 ns, Total: 49100 ns
[2179.904s][info ][gc,start       ] GC(148) Pause Young (Allocation Failure)
[2179.922s][debug][gc,phases      ] GC(148) Scavenge 18.655ms
[2179.922s][debug][gc,ref         ] GC(148) Skipped phase 1 of Reference Processing: no references
[2179.922s][debug][gc,ref         ] GC(148) ReferenceProcessor::execute queues: 1, RefProcThreadModel::Single, marks_oops_alive: false
[2179.922s][debug][gc,ref         ] GC(148) Skipped phase 3 of Reference Processing: no references
[2179.922s][debug][gc,ref         ] GC(148) ReferenceProcessor::execute queues: 1, RefProcThreadModel::Single, marks_oops_alive: false
[2179.922s][debug][gc,phases      ] GC(148) Reference Processing 0.122ms
[2179.923s][debug][gc,phases      ] GC(148)   VM Weak                        Min:  0.0, Avg:  0.0, Max:  0.0, Diff:  0.0, Sum:  0.0, Workers: 4
[2179.923s][debug][gc,phases      ] GC(148)     Dead                           Min: 0, Avg:  0.0, Max: 0, Diff: 0, Sum: 0, Workers: 4
[2179.923s][debug][gc,phases      ] GC(148)     Total                          Min: 0, Avg: 183.0, Max: 732, Diff: 732, Sum: 732, Workers: 4
[2179.923s][debug][gc,phases      ] GC(148)   ObjectSynchronizer Weak        Min:  0.0, Avg:  0.0, Max:  0.0, Diff:  0.0, Sum:  0.0, Workers: 4
[2179.923s][debug][gc,phases      ] GC(148)     Dead                           Min: 0, Avg:  0.0, Max: 0, Diff: 0, Sum: 0, Workers: 4
[2179.923s][debug][gc,phases      ] GC(148)     Total                          Min: 0, Avg: 89.5, Max: 358, Diff: 358, Sum: 358, Workers: 4
[2179.923s][debug][gc,phases      ] GC(148)   JVMTI Tag Weak OopStorage      Min:  0.0, Avg:  0.0, Max:  0.0, Diff:  0.0, Sum:  0.0, Workers: 4
[2179.923s][debug][gc,phases      ] GC(148)     Dead                           Min: 0, Avg:  0.0, Max: 0, Diff: 0, Sum: 0, Workers: 4
[2179.923s][debug][gc,phases      ] GC(148)     Total                          Min: 0, Avg:  0.0, Max: 0, Diff: 0, Sum: 0, Workers: 4
[2179.923s][debug][gc,phases      ] GC(148)   StringTable Weak               Min:  0.1, Avg:  0.1, Max:  0.1, Diff:  0.0, Sum:  0.4, Workers: 4
[2179.923s][debug][gc,phases      ] GC(148)     Dead                           Min: 0, Avg:  0.5, Max: 2, Diff: 2, Sum: 2, Workers: 4
[2179.923s][debug][gc,phases      ] GC(148)     Total                          Min: 9664, Avg: 12184.5, Max: 14400, Diff: 4736, Sum: 48738, Workers: 4
[2179.923s][debug][gc,phases      ] GC(148)   ResolvedMethodTable Weak       Min:  0.0, Avg:  0.0, Max:  0.0, Diff:  0.0, Sum:  0.1, Workers: 4
[2179.923s][debug][gc,phases      ] GC(148)     Dead                           Min: 0, Avg:  3.5, Max: 14, Diff: 14, Sum: 14, Workers: 4
[2179.923s][debug][gc,phases      ] GC(148)     Total                          Min: 1566, Avg: 2151.5, Max: 2944, Diff: 1378, Sum: 8606, Workers: 4
[2179.923s][debug][gc,phases      ] GC(148)   JNI Weak                       Min:  0.0, Avg:  0.0, Max:  0.0, Diff:  0.0, Sum:  0.0, Workers: 4
[2179.923s][debug][gc,phases      ] GC(148)     Dead                           Min: 0, Avg:  0.0, Max: 0, Diff: 0, Sum: 0, Workers: 4
[2179.923s][debug][gc,phases      ] GC(148)     Total                          Min: 0, Avg:  0.0, Max: 0, Diff: 0, Sum: 0, Workers: 4
[2179.923s][debug][gc,phases      ] GC(148)   StringDedup Table Weak         Min:  0.0, Avg:  0.0, Max:  0.0, Diff:  0.0, Sum:  0.0, Workers: 4
[2179.923s][debug][gc,phases      ] GC(148)     Dead                           Min: 0, Avg:  0.0, Max: 0, Diff: 0, Sum: 0, Workers: 4
[2179.923s][debug][gc,phases      ] GC(148)     Total                          Min: 0, Avg:  0.0, Max: 0, Diff: 0, Sum: 0, Workers: 4
[2179.923s][debug][gc,phases      ] GC(148)   StringDedup Requests0 Weak     Min:  0.0, Avg:  0.0, Max:  0.0, Diff:  0.0, Sum:  0.0, Workers: 4
[2179.923s][debug][gc,phases      ] GC(148)     Dead                           Min: 0, Avg:  0.0, Max: 0, Diff: 0, Sum: 0, Workers: 4
[2179.923s][debug][gc,phases      ] GC(148)     Total                          Min: 0, Avg:  0.0, Max: 0, Diff: 0, Sum: 0, Workers: 4
[2179.923s][debug][gc,phases      ] GC(148)   StringDedup Requests1 Weak     Min:  0.0, Avg:  0.0, Max:  0.0, Diff:  0.0, Sum:  0.0, Workers: 4
[2179.923s][debug][gc,phases      ] GC(148)     Dead                           Min: 0, Avg:  0.0, Max: 0, Diff: 0, Sum: 0, Workers: 4
[2179.923s][debug][gc,phases      ] GC(148)     Total                          Min: 0, Avg:  0.0, Max: 0, Diff: 0, Sum: 0, Workers: 4
[2179.923s][debug][gc,phases      ] GC(148)   Weak JFR Old Object Samples    Min:  0.0, Avg:  0.0, Max:  0.0, Diff:  0.0, Sum:  0.0, Workers: 4
[2179.923s][debug][gc,phases      ] GC(148)     Dead                           Min: 0, Avg:  0.0, Max: 0, Diff: 0, Sum: 0, Workers: 4
[2179.923s][debug][gc,phases      ] GC(148)     Total                          Min: 0, Avg:  0.0, Max: 0, Diff: 0, Sum: 0, Workers: 4
[2179.923s][debug][gc,phases      ] GC(148) Weak Processing 0.296ms
[2179.923s][debug][gc,age         ] GC(148) Desired survivor size 106954752 bytes, new threshold 15 (max threshold 15)
[2179.923s][info ][gc,heap        ] GC(148) PSYoungGen: 1947409K(1988096K)->61025K(1986560K) Eden: 1877504K(1877504K)->0K(1877504K) From: 69905K(110592K)->61025K(109056K)
[2179.923s][info ][gc,heap        ] GC(148) ParOldGen: 539941K(606720K)->559357K(606720K)
[2179.923s][info ][gc,metaspace   ] GC(148) Metaspace: 85088K(85952K)->85088K(85952K) NonClass: 73245K(73728K)->73245K(73728K) Class: 11842K(12224K)->11842K(12224K)
[2179.923s][info ][gc             ] GC(148) Pause Young (Allocation Failure) 2429M->605M(2532M) 19.194ms
[2179.923s][info ][gc,cpu         ] GC(148) User=0.07s Sys=0.00s Real=0.02s
[2179.923s][info ][safepoint      ] Safepoint "ParallelGCFailedAllocation", Time since last: 1085045295 ns, Reaching safepoint: 42300 ns, At safepoint: 19283392 ns, Total: 19325692 ns
[2183.923s][info ][safepoint      ] Safepoint "Cleanup", Time since last: 4000265296 ns, Reaching safepoint: 48000 ns, At safepoint: 7100 ns, Total: 55100 ns
[2185.923s][info ][safepoint      ] Safepoint "Cleanup", Time since last: 2000171850 ns, Reaching safepoint: 42100 ns, At safepoint: 19600 ns, Total: 61700 ns
[2186.923s][info ][safepoint      ] Safepoint "Cleanup", Time since last: 1000108675 ns, Reaching safepoint: 33500 ns, At safepoint: 3000 ns, Total: 36500 ns
[2187.924s][info ][safepoint      ] Safepoint "Cleanup", Time since last: 1000101676 ns, Reaching safepoint: 55299 ns, At safepoint: 8200 ns, Total: 63499 ns
[2188.924s][info ][safepoint      ] Safepoint "Cleanup", Time since last: 1000104176 ns, Reaching safepoint: 51300 ns, At safepoint: 3600 ns, Total: 54900 ns
[2190.924s][info ][safepoint      ] Safepoint "Cleanup", Time since last: 2000145453 ns, Reaching safepoint: 42600 ns, At safepoint: 7900 ns, Total: 50500 ns
[2193.924s][info ][safepoint      ] Safepoint "Cleanup", Time since last: 3000233632 ns, Reaching safepoint: 53699 ns, At safepoint: 7500 ns, Total: 61199 ns
[2195.924s][info ][safepoint      ] Safepoint "Cleanup", Time since last: 2000171456 ns, Reaching safepoint: 31900 ns, At safepoint: 8900 ns, Total: 40800 ns
[2196.925s][info ][safepoint      ] Safepoint "Cleanup", Time since last: 1000102579 ns, Reaching safepoint: 44299 ns, At safepoint: 7700 ns, Total: 51999 ns
[2198.925s][info ][safepoint      ] Safepoint "Cleanup", Time since last: 2000149758 ns, Reaching safepoint: 45200 ns, At safepoint: 8400 ns, Total: 53600 ns
[2201.925s][info ][safepoint      ] Safepoint "Cleanup", Time since last: 3000197639 ns, Reaching safepoint: 46000 ns, At safepoint: 5500 ns, Total: 51500 ns
[2202.925s][info ][safepoint      ] Safepoint "Cleanup", Time since last: 1000113080 ns, Reaching safepoint: 57600 ns, At safepoint: 5600 ns, Total: 63200 ns
[2205.926s][info ][safepoint      ] Safepoint "Cleanup", Time since last: 3000228342 ns, Reaching safepoint: 115400 ns, At safepoint: 5200 ns, Total: 120600 ns
[2206.926s][info ][safepoint      ] Safepoint "Cleanup", Time since last: 1000100481 ns, Reaching safepoint: 111499 ns, At safepoint: 7000 ns, Total: 118499 ns
[2212.926s][info ][safepoint      ] Safepoint "Cleanup", Time since last: 6000447496 ns, Reaching safepoint: 137399 ns, At safepoint: 10500 ns, Total: 147899 ns
[2213.376s][info ][gc,start       ] GC(149) Pause Young (Allocation Failure)
[2213.388s][debug][gc,phases      ] GC(149) Scavenge 12.156ms
[2213.388s][debug][gc,ref         ] GC(149) Skipped phase 1 of Reference Processing: no references
[2213.388s][debug][gc,ref         ] GC(149) ReferenceProcessor::execute queues: 1, RefProcThreadModel::Single, marks_oops_alive: false
[2213.388s][debug][gc,ref         ] GC(149) Skipped phase 3 of Reference Processing: no references
[2213.388s][debug][gc,ref         ] GC(149) ReferenceProcessor::execute queues: 1, RefProcThreadModel::Single, marks_oops_alive: false
[2213.388s][debug][gc,phases      ] GC(149) Reference Processing 0.102ms
[2213.388s][debug][gc,phases      ] GC(149)   VM Weak                        Min:  0.0, Avg:  0.0, Max:  0.0, Diff:  0.0, Sum:  0.0, Workers: 4
[2213.388s][debug][gc,phases      ] GC(149)     Dead                           Min: 0, Avg:  0.0, Max: 0, Diff: 0, Sum: 0, Workers: 4
[2213.388s][debug][gc,phases      ] GC(149)     Total                          Min: 0, Avg: 183.0, Max: 732, Diff: 732, Sum: 732, Workers: 4
[2213.388s][debug][gc,phases      ] GC(149)   ObjectSynchronizer Weak        Min:  0.0, Avg:  0.0, Max:  0.0, Diff:  0.0, Sum:  0.0, Workers: 4
[2213.388s][debug][gc,phases      ] GC(149)     Dead                           Min: 0, Avg:  0.0, Max: 0, Diff: 0, Sum: 0, Workers: 4
[2213.388s][debug][gc,phases      ] GC(149)     Total                          Min: 0, Avg: 89.5, Max: 294, Diff: 294, Sum: 358, Workers: 4
[2213.388s][debug][gc,phases      ] GC(149)   JVMTI Tag Weak OopStorage      Min:  0.0, Avg:  0.0, Max:  0.0, Diff:  0.0, Sum:  0.0, Workers: 4
[2213.388s][debug][gc,phases      ] GC(149)     Dead                           Min: 0, Avg:  0.0, Max: 0, Diff: 0, Sum: 0, Workers: 4
[2213.388s][debug][gc,phases      ] GC(149)     Total                          Min: 0, Avg:  0.0, Max: 0, Diff: 0, Sum: 0, Workers: 4
[2213.388s][debug][gc,phases      ] GC(149)   StringTable Weak               Min:  0.1, Avg:  0.1, Max:  0.1, Diff:  0.0, Sum:  0.4, Workers: 4
[2213.388s][debug][gc,phases      ] GC(149)     Dead                           Min: 0, Avg:  0.0, Max: 0, Diff: 0, Sum: 0, Workers: 4
[2213.388s][debug][gc,phases      ] GC(149)     Total                          Min: 10176, Avg: 12189.2, Max: 16565, Diff: 6389, Sum: 48757, Workers: 4
[2213.388s][debug][gc,phases      ] GC(149)   ResolvedMethodTable Weak       Min:  0.0, Avg:  0.0, Max:  0.0, Diff:  0.0, Sum:  0.1, Workers: 4
[2213.388s][debug][gc,phases      ] GC(149)     Dead                           Min: 0, Avg:  0.0, Max: 0, Diff: 0, Sum: 0, Workers: 4
[2213.388s][debug][gc,phases      ] GC(149)     Total                          Min: 1088, Avg: 2152.5, Max: 3170, Diff: 2082, Sum: 8610, Workers: 4
[2213.388s][debug][gc,phases      ] GC(149)   JNI Weak                       Min:  0.0, Avg:  0.0, Max:  0.0, Diff:  0.0, Sum:  0.0, Workers: 4
[2213.388s][debug][gc,phases      ] GC(149)     Dead                           Min: 0, Avg:  0.0, Max: 0, Diff: 0, Sum: 0, Workers: 4
[2213.388s][debug][gc,phases      ] GC(149)     Total                          Min: 0, Avg:  0.0, Max: 0, Diff: 0, Sum: 0, Workers: 4
[2213.388s][debug][gc,phases      ] GC(149)   StringDedup Table Weak         Min:  0.0, Avg:  0.0, Max:  0.0, Diff:  0.0, Sum:  0.0, Workers: 4
[2213.388s][debug][gc,phases      ] GC(149)     Dead                           Min: 0, Avg:  0.0, Max: 0, Diff: 0, Sum: 0, Workers: 4
[2213.388s][debug][gc,phases      ] GC(149)     Total                          Min: 0, Avg:  0.0, Max: 0, Diff: 0, Sum: 0, Workers: 4
[2213.388s][debug][gc,phases      ] GC(149)   StringDedup Requests0 Weak     Min:  0.0, Avg:  0.0, Max:  0.0, Diff:  0.0, Sum:  0.0, Workers: 4
[2213.388s][debug][gc,phases      ] GC(149)     Dead                           Min: 0, Avg:  0.0, Max: 0, Diff: 0, Sum: 0, Workers: 4
[2213.388s][debug][gc,phases      ] GC(149)     Total                          Min: 0, Avg:  0.0, Max: 0, Diff: 0, Sum: 0, Workers: 4
[2213.388s][debug][gc,phases      ] GC(149)   StringDedup Requests1 Weak     Min:  0.0, Avg:  0.0, Max:  0.0, Diff:  0.0, Sum:  0.0, Workers: 4
[2213.388s][debug][gc,phases      ] GC(149)     Dead                           Min: 0, Avg:  0.0, Max: 0, Diff: 0, Sum: 0, Workers: 4
[2213.388s][debug][gc,phases      ] GC(149)     Total                          Min: 0, Avg:  0.0, Max: 0, Diff: 0, Sum: 0, Workers: 4
[2213.388s][debug][gc,phases      ] GC(149)   Weak JFR Old Object Samples    Min:  0.0, Avg:  0.0, Max:  0.0, Diff:  0.0, Sum:  0.0, Workers: 4
[2213.388s][debug][gc,phases      ] GC(149)     Dead                           Min: 0, Avg:  0.0, Max: 0, Diff: 0, Sum: 0, Workers: 4
[2213.388s][debug][gc,phases      ] GC(149)     Total                          Min: 0, Avg:  0.0, Max: 0, Diff: 0, Sum: 0, Workers: 4
[2213.388s][debug][gc,phases      ] GC(149) Weak Processing 0.283ms
[2213.388s][debug][gc,age         ] GC(149) Desired survivor size 102760448 bytes, new threshold 15 (max threshold 15)
[2213.388s][info ][gc,heap        ] GC(149) PSYoungGen: 1938529K(1986560K)->58768K(1996800K) Eden: 1877504K(1877504K)->0K(1892352K) From: 61025K(109056K)->58768K(104448K)
[2213.388s][info ][gc,heap        ] GC(149) ParOldGen: 559357K(606720K)->560489K(606720K)
[2213.388s][info ][gc,metaspace   ] GC(149) Metaspace: 85093K(85952K)->85093K(85952K) NonClass: 73250K(73728K)->73250K(73728K) Class: 11843K(12224K)->11843K(12224K)
[2213.388s][info ][gc             ] GC(149) Pause Young (Allocation Failure) 2439M->604M(2542M) 12.665ms
[2213.388s][info ][gc,cpu         ] GC(149) User=0.05s Sys=0.00s Real=0.01s
[2213.389s][info ][safepoint      ] Safepoint "ParallelGCFailedAllocation", Time since last: 449321676 ns, Reaching safepoint: 25700 ns, At safepoint: 12737929 ns, Total: 12763629 ns
[2217.389s][info ][safepoint      ] Safepoint "Cleanup", Time since last: 4000288436 ns, Reaching safepoint: 66200 ns, At safepoint: 28700 ns, Total: 94900 ns
[2218.389s][info ][safepoint      ] Safepoint "Cleanup", Time since last: 1000106084 ns, Reaching safepoint: 48400 ns, At safepoint: 3100 ns, Total: 51500 ns
[2219.389s][info ][safepoint      ] Safepoint "Cleanup", Time since last: 1000103085 ns, Reaching safepoint: 50300 ns, At safepoint: 6000 ns, Total: 56300 ns
[2220.389s][info ][safepoint      ] Safepoint "Cleanup", Time since last: 1000108085 ns, Reaching safepoint: 47299 ns, At safepoint: 10900 ns, Total: 58199 ns
[2221.390s][info ][safepoint      ] Safepoint "Cleanup", Time since last: 1000103286 ns, Reaching safepoint: 44600 ns, At safepoint: 2900 ns, Total: 47500 ns
[2228.390s][info ][safepoint      ] Safepoint "Cleanup", Time since last: 7000503907 ns, Reaching safepoint: 61000 ns, At safepoint: 17000 ns, Total: 78000 ns
[2229.390s][info ][safepoint      ] Safepoint "Cleanup", Time since last: 1000110988 ns, Reaching safepoint: 49199 ns, At safepoint: 3300 ns, Total: 52499 ns
[2235.391s][info ][safepoint      ] Safepoint "Cleanup", Time since last: 6000419234 ns, Reaching safepoint: 45800 ns, At safepoint: 8500 ns, Total: 54300 ns
[2237.391s][info ][safepoint      ] Safepoint "Cleanup", Time since last: 2000174880 ns, Reaching safepoint: 39599 ns, At safepoint: 4500 ns, Total: 44099 ns
[2238.391s][info ][safepoint      ] Safepoint "Cleanup", Time since last: 1000093291 ns, Reaching safepoint: 49399 ns, At safepoint: 4000 ns, Total: 53399 ns
[2239.391s][info ][safepoint      ] Safepoint "Cleanup", Time since last: 1000100191 ns, Reaching safepoint: 50800 ns, At safepoint: 9800 ns, Total: 60600 ns
[2247.473s][info ][gc,start       ] GC(150) Pause Young (Allocation Failure)
[2247.483s][debug][gc,phases      ] GC(150) Scavenge 10.302ms
[2247.483s][debug][gc,ref         ] GC(150) Skipped phase 1 of Reference Processing: no references
[2247.483s][debug][gc,ref         ] GC(150) ReferenceProcessor::execute queues: 1, RefProcThreadModel::Single, marks_oops_alive: false
[2247.483s][debug][gc,ref         ] GC(150) Skipped phase 3 of Reference Processing: no references
[2247.483s][debug][gc,ref         ] GC(150) ReferenceProcessor::execute queues: 1, RefProcThreadModel::Single, marks_oops_alive: false
[2247.483s][debug][gc,phases      ] GC(150) Reference Processing 0.107ms
[2247.483s][debug][gc,phases      ] GC(150)   VM Weak                        Min:  0.0, Avg:  0.0, Max:  0.0, Diff:  0.0, Sum:  0.0, Workers: 4
[2247.483s][debug][gc,phases      ] GC(150)     Dead                           Min: 0, Avg:  0.0, Max: 0, Diff: 0, Sum: 0, Workers: 4
[2247.483s][debug][gc,phases      ] GC(150)     Total                          Min: 0, Avg: 183.0, Max: 512, Diff: 512, Sum: 732, Workers: 4
[2247.483s][debug][gc,phases      ] GC(150)   ObjectSynchronizer Weak        Min:  0.0, Avg:  0.0, Max:  0.0, Diff:  0.0, Sum:  0.0, Workers: 4
[2247.483s][debug][gc,phases      ] GC(150)     Dead                           Min: 0, Avg:  0.0, Max: 0, Diff: 0, Sum: 0, Workers: 4
[2247.483s][debug][gc,phases      ] GC(150)     Total                          Min: 0, Avg: 89.5, Max: 166, Diff: 166, Sum: 358, Workers: 4
[2247.483s][debug][gc,phases      ] GC(150)   JVMTI Tag Weak OopStorage      Min:  0.0, Avg:  0.0, Max:  0.0, Diff:  0.0, Sum:  0.0, Workers: 4
[2247.483s][debug][gc,phases      ] GC(150)     Dead                           Min: 0, Avg:  0.0, Max: 0, Diff: 0, Sum: 0, Workers: 4
[2247.483s][debug][gc,phases      ] GC(150)     Total                          Min: 0, Avg:  0.0, Max: 0, Diff: 0, Sum: 0, Workers: 4
[2247.483s][debug][gc,phases      ] GC(150)   StringTable Weak               Min:  0.1, Avg:  0.1, Max:  0.1, Diff:  0.0, Sum:  0.4, Workers: 4
[2247.483s][debug][gc,phases      ] GC(150)     Dead                           Min: 0, Avg:  0.0, Max: 0, Diff: 0, Sum: 0, Workers: 4
[2247.483s][debug][gc,phases      ] GC(150)     Total                          Min: 9785, Avg: 12190.2, Max: 14336, Diff: 4551, Sum: 48761, Workers: 4
[2247.483s][debug][gc,phases      ] GC(150)   ResolvedMethodTable Weak       Min:  0.0, Avg:  0.0, Max:  0.0, Diff:  0.0, Sum:  0.1, Workers: 4
[2247.483s][debug][gc,phases      ] GC(150)     Dead                           Min: 0, Avg:  0.0, Max: 0, Diff: 0, Sum: 0, Workers: 4
[2247.483s][debug][gc,phases      ] GC(150)     Total                          Min: 1600, Avg: 2153.5, Max: 2662, Diff: 1062, Sum: 8614, Workers: 4
[2247.483s][debug][gc,phases      ] GC(150)   JNI Weak                       Min:  0.0, Avg:  0.0, Max:  0.0, Diff:  0.0, Sum:  0.0, Workers: 4
[2247.483s][debug][gc,phases      ] GC(150)     Dead                           Min: 0, Avg:  0.0, Max: 0, Diff: 0, Sum: 0, Workers: 4
[2247.483s][debug][gc,phases      ] GC(150)     Total                          Min: 0, Avg:  0.0, Max: 0, Diff: 0, Sum: 0, Workers: 4
[2247.483s][debug][gc,phases      ] GC(150)   StringDedup Table Weak         Min:  0.0, Avg:  0.0, Max:  0.0, Diff:  0.0, Sum:  0.0, Workers: 4
[2247.483s][debug][gc,phases      ] GC(150)     Dead                           Min: 0, Avg:  0.0, Max: 0, Diff: 0, Sum: 0, Workers: 4
[2247.483s][debug][gc,phases      ] GC(150)     Total                          Min: 0, Avg:  0.0, Max: 0, Diff: 0, Sum: 0, Workers: 4
[2247.483s][debug][gc,phases      ] GC(150)   StringDedup Requests0 Weak     Min:  0.0, Avg:  0.0, Max:  0.0, Diff:  0.0, Sum:  0.0, Workers: 4
[2247.483s][debug][gc,phases      ] GC(150)     Dead                           Min: 0, Avg:  0.0, Max: 0, Diff: 0, Sum: 0, Workers: 4
[2247.483s][debug][gc,phases      ] GC(150)     Total                          Min: 0, Avg:  0.0, Max: 0, Diff: 0, Sum: 0, Workers: 4
[2247.483s][debug][gc,phases      ] GC(150)   StringDedup Requests1 Weak     Min:  0.0, Avg:  0.0, Max:  0.0, Diff:  0.0, Sum:  0.0, Workers: 4
[2247.483s][debug][gc,phases      ] GC(150)     Dead                           Min: 0, Avg:  0.0, Max: 0, Diff: 0, Sum: 0, Workers: 4
[2247.483s][debug][gc,phases      ] GC(150)     Total                          Min: 0, Avg:  0.0, Max: 0, Diff: 0, Sum: 0, Workers: 4
[2247.483s][debug][gc,phases      ] GC(150)   Weak JFR Old Object Samples    Min:  0.0, Avg:  0.0, Max:  0.0, Diff:  0.0, Sum:  0.0, Workers: 4
[2247.484s][debug][gc,phases      ] GC(150)     Dead                           Min: 0, Avg:  0.0, Max: 0, Diff: 0, Sum: 0, Workers: 4
[2247.484s][debug][gc,phases      ] GC(150)     Total                          Min: 0, Avg:  0.0, Max: 0, Diff: 0, Sum: 0, Workers: 4
[2247.484s][debug][gc,phases      ] GC(150) Weak Processing 0.292ms
[2247.484s][debug][gc,age         ] GC(150) Desired survivor size 99090432 bytes, new threshold 15 (max threshold 15)
[2247.484s][info ][gc,heap        ] GC(150) PSYoungGen: 1951120K(1996800K)->58800K(1992704K) Eden: 1892352K(1892352K)->0K(1892352K) From: 58768K(104448K)->58800K(100352K)
[2247.484s][info ][gc,heap        ] GC(150) ParOldGen: 560489K(606720K)->560657K(606720K)
[2247.484s][info ][gc,metaspace   ] GC(150) Metaspace: 85104K(85952K)->85104K(85952K) NonClass: 73259K(73728K)->73259K(73728K) Class: 11845K(12224K)->11845K(12224K)
[2247.484s][info ][gc             ] GC(150) Pause Young (Allocation Failure) 2452M->604M(2538M) 10.819ms
[2247.484s][info ][gc,cpu         ] GC(150) User=0.04s Sys=0.00s Real=0.01s
[2247.484s][info ][safepoint      ] Safepoint "ParallelGCFailedAllocation", Time since last: 8081356382 ns, Reaching safepoint: 41800 ns, At safepoint: 10922839 ns, Total: 10964639 ns
[2248.484s][info ][safepoint      ] Safepoint "Cleanup", Time since last: 1000090093 ns, Reaching safepoint: 113099 ns, At safepoint: 5500 ns, Total: 118599 ns
[2249.484s][info ][safepoint      ] Safepoint "Cleanup", Time since last: 1000106094 ns, Reaching safepoint: 101499 ns, At safepoint: 5500 ns, Total: 106999 ns
[2252.484s][info ][safepoint      ] Safepoint "Cleanup", Time since last: 3000190782 ns, Reaching safepoint: 124700 ns, At safepoint: 10100 ns, Total: 134800 ns
[2255.485s][info ][safepoint      ] Safepoint "Cleanup", Time since last: 3000277984 ns, Reaching safepoint: 133899 ns, At safepoint: 10800 ns, Total: 144699 ns
[2257.485s][info ][safepoint      ] Safepoint "Cleanup", Time since last: 2000195890 ns, Reaching safepoint: 45600 ns, At safepoint: 3000 ns, Total: 48600 ns
[2258.485s][info ][safepoint      ] Safepoint "Cleanup", Time since last: 1000100196 ns, Reaching safepoint: 47500 ns, At safepoint: 5900 ns, Total: 53400 ns
[2260.485s][info ][safepoint      ] Safepoint "Cleanup", Time since last: 2000173392 ns, Reaching safepoint: 46500 ns, At safepoint: 2700 ns, Total: 49200 ns
[2267.486s][info ][safepoint      ] Safepoint "Cleanup", Time since last: 7000496082 ns, Reaching safepoint: 48100 ns, At safepoint: 12500 ns, Total: 60600 ns
[2277.487s][info ][safepoint      ] Safepoint "Cleanup", Time since last: 10000661697 ns, Reaching safepoint: 45099 ns, At safepoint: 30600 ns, Total: 75699 ns
[2281.487s][info ][safepoint      ] Safepoint "Cleanup", Time since last: 4000313206 ns, Reaching safepoint: 53400 ns, At safepoint: 7899 ns, Total: 61299 ns
[2282.009s][info ][gc,start       ] GC(151) Pause Young (Allocation Failure)
[2282.021s][debug][gc,phases      ] GC(151) Scavenge 12.209ms
[2282.021s][debug][gc,ref         ] GC(151) Skipped phase 1 of Reference Processing: no references
[2282.021s][debug][gc,ref         ] GC(151) ReferenceProcessor::execute queues: 1, RefProcThreadModel::Single, marks_oops_alive: false
[2282.021s][debug][gc,ref         ] GC(151) Skipped phase 3 of Reference Processing: no references
[2282.021s][debug][gc,ref         ] GC(151) ReferenceProcessor::execute queues: 1, RefProcThreadModel::Single, marks_oops_alive: false
[2282.021s][debug][gc,phases      ] GC(151) Reference Processing 0.112ms
[2282.021s][debug][gc,phases      ] GC(151)   VM Weak                        Min:  0.0, Avg:  0.0, Max:  0.0, Diff:  0.0, Sum:  0.0, Workers: 4
[2282.021s][debug][gc,phases      ] GC(151)     Dead                           Min: 0, Avg:  0.0, Max: 0, Diff: 0, Sum: 0, Workers: 4
[2282.021s][debug][gc,phases      ] GC(151)     Total                          Min: 0, Avg: 183.0, Max: 732, Diff: 732, Sum: 732, Workers: 4
[2282.021s][debug][gc,phases      ] GC(151)   ObjectSynchronizer Weak        Min:  0.0, Avg:  0.0, Max:  0.0, Diff:  0.0, Sum:  0.0, Workers: 4
[2282.021s][debug][gc,phases      ] GC(151)     Dead                           Min: 0, Avg:  0.0, Max: 0, Diff: 0, Sum: 0, Workers: 4
[2282.021s][debug][gc,phases      ] GC(151)     Total                          Min: 0, Avg: 89.5, Max: 294, Diff: 294, Sum: 358, Workers: 4
[2282.021s][debug][gc,phases      ] GC(151)   JVMTI Tag Weak OopStorage      Min:  0.0, Avg:  0.0, Max:  0.0, Diff:  0.0, Sum:  0.0, Workers: 4
[2282.021s][debug][gc,phases      ] GC(151)     Dead                           Min: 0, Avg:  0.0, Max: 0, Diff: 0, Sum: 0, Workers: 4
[2282.021s][debug][gc,phases      ] GC(151)     Total                          Min: 0, Avg:  0.0, Max: 0, Diff: 0, Sum: 0, Workers: 4
[2282.021s][debug][gc,phases      ] GC(151)   StringTable Weak               Min:  0.1, Avg:  0.1, Max:  0.1, Diff:  0.0, Sum:  0.4, Workers: 4
[2282.021s][debug][gc,phases      ] GC(151)     Dead                           Min: 0, Avg:  0.0, Max: 0, Diff: 0, Sum: 0, Workers: 4
[2282.021s][debug][gc,phases      ] GC(151)     Total                          Min: 9920, Avg: 12190.2, Max: 14976, Diff: 5056, Sum: 48761, Workers: 4
[2282.021s][debug][gc,phases      ] GC(151)   ResolvedMethodTable Weak       Min:  0.0, Avg:  0.0, Max:  0.0, Diff:  0.0, Sum:  0.1, Workers: 4
[2282.021s][debug][gc,phases      ] GC(151)     Dead                           Min: 0, Avg:  0.0, Max: 0, Diff: 0, Sum: 0, Workers: 4
[2282.021s][debug][gc,phases      ] GC(151)     Total                          Min: 1600, Avg: 2153.5, Max: 2688, Diff: 1088, Sum: 8614, Workers: 4
[2282.022s][debug][gc,phases      ] GC(151)   JNI Weak                       Min:  0.0, Avg:  0.0, Max:  0.0, Diff:  0.0, Sum:  0.0, Workers: 4
[2282.022s][debug][gc,phases      ] GC(151)     Dead                           Min: 0, Avg:  0.0, Max: 0, Diff: 0, Sum: 0, Workers: 4
[2282.022s][debug][gc,phases      ] GC(151)     Total                          Min: 0, Avg:  0.0, Max: 0, Diff: 0, Sum: 0, Workers: 4
[2282.022s][debug][gc,phases      ] GC(151)   StringDedup Table Weak         Min:  0.0, Avg:  0.0, Max:  0.0, Diff:  0.0, Sum:  0.0, Workers: 4
[2282.022s][debug][gc,phases      ] GC(151)     Dead                           Min: 0, Avg:  0.0, Max: 0, Diff: 0, Sum: 0, Workers: 4
[2282.022s][debug][gc,phases      ] GC(151)     Total                          Min: 0, Avg:  0.0, Max: 0, Diff: 0, Sum: 0, Workers: 4
[2282.022s][debug][gc,phases      ] GC(151)   StringDedup Requests0 Weak     Min:  0.0, Avg:  0.0, Max:  0.0, Diff:  0.0, Sum:  0.0, Workers: 4
[2282.022s][debug][gc,phases      ] GC(151)     Dead                           Min: 0, Avg:  0.0, Max: 0, Diff: 0, Sum: 0, Workers: 4
[2282.022s][debug][gc,phases      ] GC(151)     Total                          Min: 0, Avg:  0.0, Max: 0, Diff: 0, Sum: 0, Workers: 4
[2282.022s][debug][gc,phases      ] GC(151)   StringDedup Requests1 Weak     Min:  0.0, Avg:  0.0, Max:  0.0, Diff:  0.0, Sum:  0.0, Workers: 4
[2282.022s][debug][gc,phases      ] GC(151)     Dead                           Min: 0, Avg:  0.0, Max: 0, Diff: 0, Sum: 0, Workers: 4
[2282.022s][debug][gc,phases      ] GC(151)     Total                          Min: 0, Avg:  0.0, Max: 0, Diff: 0, Sum: 0, Workers: 4
[2282.022s][debug][gc,phases      ] GC(151)   Weak JFR Old Object Samples    Min:  0.0, Avg:  0.0, Max:  0.0, Diff:  0.0, Sum:  0.0, Workers: 4
[2282.022s][debug][gc,phases      ] GC(151)     Dead                           Min: 0, Avg:  0.0, Max: 0, Diff: 0, Sum: 0, Workers: 4
[2282.022s][debug][gc,phases      ] GC(151)     Total                          Min: 0, Avg:  0.0, Max: 0, Diff: 0, Sum: 0, Workers: 4
[2282.022s][debug][gc,phases      ] GC(151) Weak Processing 0.301ms
[2282.022s][debug][gc,age         ] GC(151) Desired survivor size 95944704 bytes, new threshold 15 (max threshold 15)
[2282.022s][info ][gc,heap        ] GC(151) PSYoungGen: 1951152K(1992704K)->57633K(2003456K) Eden: 1892352K(1892352K)->0K(1906688K) From: 58800K(100352K)->57633K(96768K)
[2282.022s][info ][gc,heap        ] GC(151) ParOldGen: 560657K(606720K)->560921K(606720K)
[2282.022s][info ][gc,metaspace   ] GC(151) Metaspace: 85112K(85952K)->85112K(85952K) NonClass: 73267K(73728K)->73267K(73728K) Class: 11845K(12224K)->11845K(12224K)
[2282.022s][info ][gc             ] GC(151) Pause Young (Allocation Failure) 2452M->604M(2549M) 12.753ms
[2282.022s][info ][gc,cpu         ] GC(151) User=0.05s Sys=0.00s Real=0.01s
[2282.022s][info ][safepoint      ] Safepoint "ParallelGCFailedAllocation", Time since last: 521751580 ns, Reaching safepoint: 26400 ns, At safepoint: 12829928 ns, Total: 12856328 ns
[2287.022s][info ][safepoint      ] Safepoint "Cleanup", Time since last: 5000346114 ns, Reaching safepoint: 49099 ns, At safepoint: 12200 ns, Total: 61299 ns
[2295.023s][info ][safepoint      ] Safepoint "Cleanup", Time since last: 8000532335 ns, Reaching safepoint: 41200 ns, At safepoint: 3000 ns, Total: 44200 ns
[2302.023s][info ][safepoint      ] Safepoint "Cleanup", Time since last: 7000459744 ns, Reaching safepoint: 43900 ns, At safepoint: 2300 ns, Total: 46200 ns
[2306.023s][info ][safepoint      ] Safepoint "Cleanup", Time since last: 4000295230 ns, Reaching safepoint: 40299 ns, At safepoint: 6900 ns, Total: 47199 ns
[2308.024s][info ][safepoint      ] Safepoint "Cleanup", Time since last: 2000167117 ns, Reaching safepoint: 36200 ns, At safepoint: 23299 ns, Total: 59499 ns
[2311.024s][info ][safepoint      ] Safepoint "Cleanup", Time since last: 3000222627 ns, Reaching safepoint: 47200 ns, At safepoint: 5300 ns, Total: 52500 ns
[2312.024s][info ][safepoint      ] Safepoint "Cleanup", Time since last: 1000106809 ns, Reaching safepoint: 38600 ns, At safepoint: 2600 ns, Total: 41200 ns
[2314.024s][info ][safepoint      ] Safepoint "Cleanup", Time since last: 2000161719 ns, Reaching safepoint: 33600 ns, At safepoint: 2800 ns, Total: 36400 ns
[2315.463s][info ][gc,start       ] GC(152) Pause Young (Allocation Failure)
[2315.474s][debug][gc,phases      ] GC(152) Scavenge 10.270ms
[2315.474s][debug][gc,ref         ] GC(152) Skipped phase 1 of Reference Processing: no references
[2315.474s][debug][gc,ref         ] GC(152) ReferenceProcessor::execute queues: 1, RefProcThreadModel::Single, marks_oops_alive: false
[2315.474s][debug][gc,ref         ] GC(152) Skipped phase 3 of Reference Processing: no references
[2315.474s][debug][gc,ref         ] GC(152) ReferenceProcessor::execute queues: 1, RefProcThreadModel::Single, marks_oops_alive: false
[2315.474s][debug][gc,phases      ] GC(152) Reference Processing 0.108ms
[2315.474s][debug][gc,phases      ] GC(152)   VM Weak                        Min:  0.0, Avg:  0.0, Max:  0.0, Diff:  0.0, Sum:  0.0, Workers: 4
[2315.474s][debug][gc,phases      ] GC(152)     Dead                           Min: 0, Avg:  0.0, Max: 0, Diff: 0, Sum: 0, Workers: 4
[2315.474s][debug][gc,phases      ] GC(152)     Total                          Min: 0, Avg: 183.0, Max: 732, Diff: 732, Sum: 732, Workers: 4
[2315.474s][debug][gc,phases      ] GC(152)   ObjectSynchronizer Weak        Min:  0.0, Avg:  0.0, Max:  0.0, Diff:  0.0, Sum:  0.0, Workers: 4
[2315.474s][debug][gc,phases      ] GC(152)     Dead                           Min: 0, Avg:  0.0, Max: 0, Diff: 0, Sum: 0, Workers: 4
[2315.474s][debug][gc,phases      ] GC(152)     Total                          Min: 0, Avg: 89.5, Max: 294, Diff: 294, Sum: 358, Workers: 4
[2315.474s][debug][gc,phases      ] GC(152)   JVMTI Tag Weak OopStorage      Min:  0.0, Avg:  0.0, Max:  0.0, Diff:  0.0, Sum:  0.0, Workers: 4
[2315.474s][debug][gc,phases      ] GC(152)     Dead                           Min: 0, Avg:  0.0, Max: 0, Diff: 0, Sum: 0, Workers: 4
[2315.474s][debug][gc,phases      ] GC(152)     Total                          Min: 0, Avg:  0.0, Max: 0, Diff: 0, Sum: 0, Workers: 4
[2315.474s][debug][gc,phases      ] GC(152)   StringTable Weak               Min:  0.1, Avg:  0.1, Max:  0.1, Diff:  0.0, Sum:  0.4, Workers: 4
[2315.474s][debug][gc,phases      ] GC(152)     Dead                           Min: 0, Avg:  0.0, Max: 0, Diff: 0, Sum: 0, Workers: 4
[2315.474s][debug][gc,phases      ] GC(152)     Total                          Min: 9664, Avg: 12190.2, Max: 15545, Diff: 5881, Sum: 48761, Workers: 4
[2315.474s][debug][gc,phases      ] GC(152)   ResolvedMethodTable Weak       Min:  0.0, Avg:  0.0, Max:  0.0, Diff:  0.0, Sum:  0.1, Workers: 4
[2315.474s][debug][gc,phases      ] GC(152)     Dead                           Min: 0, Avg:  0.0, Max: 0, Diff: 0, Sum: 0, Workers: 4
[2315.474s][debug][gc,phases      ] GC(152)     Total                          Min: 1792, Avg: 2153.5, Max: 2688, Diff: 896, Sum: 8614, Workers: 4
[2315.474s][debug][gc,phases      ] GC(152)   JNI Weak                       Min:  0.0, Avg:  0.0, Max:  0.0, Diff:  0.0, Sum:  0.0, Workers: 4
[2315.474s][debug][gc,phases      ] GC(152)     Dead                           Min: 0, Avg:  0.0, Max: 0, Diff: 0, Sum: 0, Workers: 4
[2315.474s][debug][gc,phases      ] GC(152)     Total                          Min: 0, Avg:  0.0, Max: 0, Diff: 0, Sum: 0, Workers: 4
[2315.474s][debug][gc,phases      ] GC(152)   StringDedup Table Weak         Min:  0.0, Avg:  0.0, Max:  0.0, Diff:  0.0, Sum:  0.0, Workers: 4
[2315.474s][debug][gc,phases      ] GC(152)     Dead                           Min: 0, Avg:  0.0, Max: 0, Diff: 0, Sum: 0, Workers: 4
[2315.474s][debug][gc,phases      ] GC(152)     Total                          Min: 0, Avg:  0.0, Max: 0, Diff: 0, Sum: 0, Workers: 4
[2315.474s][debug][gc,phases      ] GC(152)   StringDedup Requests0 Weak     Min:  0.0, Avg:  0.0, Max:  0.0, Diff:  0.0, Sum:  0.0, Workers: 4
[2315.474s][debug][gc,phases      ] GC(152)     Dead                           Min: 0, Avg:  0.0, Max: 0, Diff: 0, Sum: 0, Workers: 4
[2315.474s][debug][gc,phases      ] GC(152)     Total                          Min: 0, Avg:  0.0, Max: 0, Diff: 0, Sum: 0, Workers: 4
[2315.474s][debug][gc,phases      ] GC(152)   StringDedup Requests1 Weak     Min:  0.0, Avg:  0.0, Max:  0.0, Diff:  0.0, Sum:  0.0, Workers: 4
[2315.474s][debug][gc,phases      ] GC(152)     Dead                           Min: 0, Avg:  0.0, Max: 0, Diff: 0, Sum: 0, Workers: 4
[2315.474s][debug][gc,phases      ] GC(152)     Total                          Min: 0, Avg:  0.0, Max: 0, Diff: 0, Sum: 0, Workers: 4
[2315.474s][debug][gc,phases      ] GC(152)   Weak JFR Old Object Samples    Min:  0.0, Avg:  0.0, Max:  0.0, Diff:  0.0, Sum:  0.0, Workers: 4
[2315.474s][debug][gc,phases      ] GC(152)     Dead                           Min: 0, Avg:  0.0, Max: 0, Diff: 0, Sum: 0, Workers: 4
[2315.474s][debug][gc,phases      ] GC(152)     Total                          Min: 0, Avg:  0.0, Max: 0, Diff: 0, Sum: 0, Workers: 4
[2315.474s][debug][gc,phases      ] GC(152) Weak Processing 0.282ms
[2315.474s][debug][gc,age         ] GC(152) Desired survivor size 93323264 bytes, new threshold 15 (max threshold 15)
[2315.474s][info ][gc,heap        ] GC(152) PSYoungGen: 1964321K(2003456K)->55393K(2000384K) Eden: 1906688K(1906688K)->0K(1906688K) From: 57633K(96768K)->55393K(93696K)
[2315.474s][info ][gc,heap        ] GC(152) ParOldGen: 560921K(606720K)->563377K(606720K)
[2315.474s][info ][gc,metaspace   ] GC(152) Metaspace: 85116K(86016K)->85116K(86016K) NonClass: 73270K(73792K)->73270K(73792K) Class: 11845K(12224K)->11845K(12224K)
[2315.474s][info ][gc             ] GC(152) Pause Young (Allocation Failure) 2466M->604M(2546M) 10.787ms
[2315.474s][info ][gc,cpu         ] GC(152) User=0.04s Sys=0.00s Real=0.01s
[2315.474s][info ][safepoint      ] Safepoint "ParallelGCFailedAllocation", Time since last: 1438875957 ns, Reaching safepoint: 92200 ns, At safepoint: 10866139 ns, Total: 10958339 ns
[2316.387s][info ][safepoint      ] Safepoint "ICBufferFull", Time since last: 912934597 ns, Reaching safepoint: 249699 ns, At safepoint: 11700 ns, Total: 261399 ns
[2316.388s][info ][safepoint      ] Safepoint "ICBufferFull", Time since last: 76199 ns, Reaching safepoint: 102400 ns, At safepoint: 9100 ns, Total: 111500 ns
[2316.665s][info ][safepoint      ] Safepoint "ICBufferFull", Time since last: 277379749 ns, Reaching safepoint: 255299 ns, At safepoint: 5100 ns, Total: 260399 ns
[2317.665s][info ][safepoint      ] Safepoint "Cleanup", Time since last: 1000092511 ns, Reaching safepoint: 64399 ns, At safepoint: 8300 ns, Total: 72699 ns
[2318.666s][info ][safepoint      ] Safepoint "Cleanup", Time since last: 1000101611 ns, Reaching safepoint: 43700 ns, At safepoint: 2600 ns, Total: 46300 ns
[2319.666s][info ][safepoint      ] Safepoint "Cleanup", Time since last: 1000093011 ns, Reaching safepoint: 38700 ns, At safepoint: 2799 ns, Total: 41499 ns
[2321.666s][info ][safepoint      ] Safepoint "Cleanup", Time since last: 2000171023 ns, Reaching safepoint: 45800 ns, At safepoint: 2200 ns, Total: 48000 ns
[2322.666s][info ][safepoint      ] Safepoint "Cleanup", Time since last: 1000097912 ns, Reaching safepoint: 26800 ns, At safepoint: 2900 ns, Total: 29700 ns
[2324.666s][info ][safepoint      ] Safepoint "Cleanup", Time since last: 2000168824 ns, Reaching safepoint: 43100 ns, At safepoint: 4300 ns, Total: 47400 ns
[2328.667s][info ][safepoint      ] Safepoint "Cleanup", Time since last: 4000294451 ns, Reaching safepoint: 42700 ns, At safepoint: 2700 ns, Total: 45400 ns
[2331.667s][info ][safepoint      ] Safepoint "Cleanup", Time since last: 3000236841 ns, Reaching safepoint: 42700 ns, At safepoint: 9200 ns, Total: 51900 ns
[2332.667s][info ][safepoint      ] Safepoint "Cleanup", Time since last: 1000115114 ns, Reaching safepoint: 50299 ns, At safepoint: 4200 ns, Total: 54499 ns
[2335.667s][info ][safepoint      ] Safepoint "Cleanup", Time since last: 3000229444 ns, Reaching safepoint: 47000 ns, At safepoint: 4600 ns, Total: 51600 ns
[2336.667s][info ][safepoint      ] Safepoint "Cleanup", Time since last: 1000102515 ns, Reaching safepoint: 31900 ns, At safepoint: 3099 ns, Total: 34999 ns
[2337.668s][info ][safepoint      ] Safepoint "Cleanup", Time since last: 1000108016 ns, Reaching safepoint: 38599 ns, At safepoint: 2800 ns, Total: 41399 ns
[2339.668s][info ][safepoint      ] Safepoint "Cleanup", Time since last: 2000174431 ns, Reaching safepoint: 43900 ns, At safepoint: 6000 ns, Total: 49900 ns
[2340.931s][info ][gc,start       ] GC(153) Pause Young (Allocation Failure)
[2340.946s][debug][gc,phases      ] GC(153) Scavenge 14.686ms
[2340.946s][debug][gc,ref         ] GC(153) Skipped phase 1 of Reference Processing: no references
[2340.946s][debug][gc,ref         ] GC(153) ReferenceProcessor::execute queues: 1, RefProcThreadModel::Single, marks_oops_alive: false
[2340.946s][debug][gc,ref         ] GC(153) Skipped phase 3 of Reference Processing: no references
[2340.946s][debug][gc,ref         ] GC(153) ReferenceProcessor::execute queues: 1, RefProcThreadModel::Single, marks_oops_alive: false
[2340.946s][debug][gc,phases      ] GC(153) Reference Processing 0.105ms
[2340.946s][debug][gc,phases      ] GC(153)   VM Weak                        Min:  0.0, Avg:  0.0, Max:  0.0, Diff:  0.0, Sum:  0.0, Workers: 4
[2340.946s][debug][gc,phases      ] GC(153)     Dead                           Min: 0, Avg:  0.0, Max: 0, Diff: 0, Sum: 0, Workers: 4
[2340.946s][debug][gc,phases      ] GC(153)     Total                          Min: 0, Avg: 185.8, Max: 384, Diff: 384, Sum: 743, Workers: 4
[2340.946s][debug][gc,phases      ] GC(153)   ObjectSynchronizer Weak        Min:  0.0, Avg:  0.0, Max:  0.0, Diff:  0.0, Sum:  0.0, Workers: 4
[2340.946s][debug][gc,phases      ] GC(153)     Dead                           Min: 0, Avg:  0.0, Max: 0, Diff: 0, Sum: 0, Workers: 4
[2340.946s][debug][gc,phases      ] GC(153)     Total                          Min: 0, Avg: 89.5, Max: 192, Diff: 192, Sum: 358, Workers: 4
[2340.946s][debug][gc,phases      ] GC(153)   JVMTI Tag Weak OopStorage      Min:  0.0, Avg:  0.0, Max:  0.0, Diff:  0.0, Sum:  0.0, Workers: 4
[2340.946s][debug][gc,phases      ] GC(153)     Dead                           Min: 0, Avg:  0.0, Max: 0, Diff: 0, Sum: 0, Workers: 4
[2340.946s][debug][gc,phases      ] GC(153)     Total                          Min: 0, Avg:  0.0, Max: 0, Diff: 0, Sum: 0, Workers: 4
[2340.946s][debug][gc,phases      ] GC(153)   StringTable Weak               Min:  0.1, Avg:  0.1, Max:  0.1, Diff:  0.0, Sum:  0.4, Workers: 4
[2340.946s][debug][gc,phases      ] GC(153)     Dead                           Min: 0, Avg:  1.0, Max: 3, Diff: 3, Sum: 4, Workers: 4
[2340.946s][debug][gc,phases      ] GC(153)     Total                          Min: 8676, Avg: 12217.0, Max: 15488, Diff: 6812, Sum: 48868, Workers: 4
[2340.946s][debug][gc,phases      ] GC(153)   ResolvedMethodTable Weak       Min:  0.0, Avg:  0.0, Max:  0.0, Diff:  0.0, Sum:  0.1, Workers: 4
[2340.946s][debug][gc,phases      ] GC(153)     Dead                           Min: 0, Avg:  0.0, Max: 0, Diff: 0, Sum: 0, Workers: 4
[2340.946s][debug][gc,phases      ] GC(153)     Total                          Min: 1810, Avg: 2180.5, Max: 2816, Diff: 1006, Sum: 8722, Workers: 4
[2340.946s][debug][gc,phases      ] GC(153)   JNI Weak                       Min:  0.0, Avg:  0.0, Max:  0.0, Diff:  0.0, Sum:  0.0, Workers: 4
[2340.946s][debug][gc,phases      ] GC(153)     Dead                           Min: 0, Avg:  0.0, Max: 0, Diff: 0, Sum: 0, Workers: 4
[2340.946s][debug][gc,phases      ] GC(153)     Total                          Min: 0, Avg:  0.0, Max: 0, Diff: 0, Sum: 0, Workers: 4
[2340.946s][debug][gc,phases      ] GC(153)   StringDedup Table Weak         Min:  0.0, Avg:  0.0, Max:  0.0, Diff:  0.0, Sum:  0.0, Workers: 4
[2340.946s][debug][gc,phases      ] GC(153)     Dead                           Min: 0, Avg:  0.0, Max: 0, Diff: 0, Sum: 0, Workers: 4
[2340.946s][debug][gc,phases      ] GC(153)     Total                          Min: 0, Avg:  0.0, Max: 0, Diff: 0, Sum: 0, Workers: 4
[2340.946s][debug][gc,phases      ] GC(153)   StringDedup Requests0 Weak     Min:  0.0, Avg:  0.0, Max:  0.0, Diff:  0.0, Sum:  0.0, Workers: 4
[2340.946s][debug][gc,phases      ] GC(153)     Dead                           Min: 0, Avg:  0.0, Max: 0, Diff: 0, Sum: 0, Workers: 4
[2340.946s][debug][gc,phases      ] GC(153)     Total                          Min: 0, Avg:  0.0, Max: 0, Diff: 0, Sum: 0, Workers: 4
[2340.946s][debug][gc,phases      ] GC(153)   StringDedup Requests1 Weak     Min:  0.0, Avg:  0.0, Max:  0.0, Diff:  0.0, Sum:  0.0, Workers: 4
[2340.946s][debug][gc,phases      ] GC(153)     Dead                           Min: 0, Avg:  0.0, Max: 0, Diff: 0, Sum: 0, Workers: 4
[2340.946s][debug][gc,phases      ] GC(153)     Total                          Min: 0, Avg:  0.0, Max: 0, Diff: 0, Sum: 0, Workers: 4
[2340.946s][debug][gc,phases      ] GC(153)   Weak JFR Old Object Samples    Min:  0.0, Avg:  0.0, Max:  0.0, Diff:  0.0, Sum:  0.0, Workers: 4
[2340.946s][debug][gc,phases      ] GC(153)     Dead                           Min: 0, Avg:  0.0, Max: 0, Diff: 0, Sum: 0, Workers: 4
[2340.946s][debug][gc,phases      ] GC(153)     Total                          Min: 0, Avg:  0.0, Max: 0, Diff: 0, Sum: 0, Workers: 4
[2340.946s][debug][gc,phases      ] GC(153) Weak Processing 0.274ms
[2340.946s][debug][gc,age         ] GC(153) Desired survivor size 90177536 bytes, new threshold 15 (max threshold 15)
[2340.946s][info ][gc,heap        ] GC(153) PSYoungGen: 1962081K(2000384K)->59399K(2009088K) Eden: 1906688K(1906688K)->0K(1917952K) From: 55393K(93696K)->59399K(91136K)
[2340.946s][info ][gc,heap        ] GC(153) ParOldGen: 563377K(606720K)->565561K(606720K)
[2340.946s][info ][gc,metaspace   ] GC(153) Metaspace: 85595K(86528K)->85595K(86528K) NonClass: 73684K(74176K)->73684K(74176K) Class: 11910K(12352K)->11910K(12352K)
[2340.946s][info ][gc             ] GC(153) Pause Young (Allocation Failure) 2466M->610M(2554M) 15.177ms
[2340.946s][info ][gc,cpu         ] GC(153) User=0.06s Sys=0.00s Real=0.01s
[2340.946s][info ][safepoint      ] Safepoint "ParallelGCFailedAllocation", Time since last: 1262869449 ns, Reaching safepoint: 102999 ns, At safepoint: 15251615 ns, Total: 15354614 ns
[2341.946s][info ][safepoint      ] Safepoint "Cleanup", Time since last: 1000090516 ns, Reaching safepoint: 44800 ns, At safepoint: 2400 ns, Total: 47200 ns
[2343.947s][info ][safepoint      ] Safepoint "Cleanup", Time since last: 2000165333 ns, Reaching safepoint: 226899 ns, At safepoint: 10200 ns, Total: 237099 ns
[2344.947s][info ][safepoint      ] Safepoint "Cleanup", Time since last: 1000098717 ns, Reaching safepoint: 49899 ns, At safepoint: 2900 ns, Total: 52799 ns
[2350.130s][info ][safepoint      ] Safepoint "Cleanup", Time since last: 5183024369 ns, Reaching safepoint: 124199 ns, At safepoint: 25500 ns, Total: 149699 ns
[2351.130s][info ][safepoint      ] Safepoint "Cleanup", Time since last: 1000108418 ns, Reaching safepoint: 179999 ns, At safepoint: 15400 ns, Total: 195399 ns
[2351.573s][info ][gc,start       ] GC(154) Pause Young (Allocation Failure)
[2351.586s][debug][gc,phases      ] GC(154) Scavenge 13.734ms
[2351.587s][debug][gc,ref         ] GC(154) Skipped phase 1 of Reference Processing: no references
[2351.587s][debug][gc,ref         ] GC(154) ReferenceProcessor::execute queues: 1, RefProcThreadModel::Single, marks_oops_alive: false
[2351.587s][debug][gc,ref         ] GC(154) Skipped phase 3 of Reference Processing: no references
[2351.587s][debug][gc,ref         ] GC(154) ReferenceProcessor::execute queues: 1, RefProcThreadModel::Single, marks_oops_alive: false
[2351.587s][debug][gc,phases      ] GC(154) Reference Processing 0.106ms
[2351.587s][debug][gc,phases      ] GC(154)   VM Weak                        Min:  0.0, Avg:  0.0, Max:  0.0, Diff:  0.0, Sum:  0.0, Workers: 4
[2351.587s][debug][gc,phases      ] GC(154)     Dead                           Min: 0, Avg:  0.0, Max: 0, Diff: 0, Sum: 0, Workers: 4
[2351.587s][debug][gc,phases      ] GC(154)     Total                          Min: 0, Avg: 185.8, Max: 512, Diff: 512, Sum: 743, Workers: 4
[2351.587s][debug][gc,phases      ] GC(154)   ObjectSynchronizer Weak        Min:  0.0, Avg:  0.0, Max:  0.0, Diff:  0.0, Sum:  0.0, Workers: 4
[2351.587s][debug][gc,phases      ] GC(154)     Dead                           Min: 0, Avg:  0.0, Max: 0, Diff: 0, Sum: 0, Workers: 4
[2351.587s][debug][gc,phases      ] GC(154)     Total                          Min: 0, Avg: 89.5, Max: 128, Diff: 128, Sum: 358, Workers: 4
[2351.587s][debug][gc,phases      ] GC(154)   JVMTI Tag Weak OopStorage      Min:  0.0, Avg:  0.0, Max:  0.0, Diff:  0.0, Sum:  0.0, Workers: 4
[2351.587s][debug][gc,phases      ] GC(154)     Dead                           Min: 0, Avg:  0.0, Max: 0, Diff: 0, Sum: 0, Workers: 4
[2351.587s][debug][gc,phases      ] GC(154)     Total                          Min: 0, Avg:  0.0, Max: 0, Diff: 0, Sum: 0, Workers: 4
[2351.587s][debug][gc,phases      ] GC(154)   StringTable Weak               Min:  0.1, Avg:  0.1, Max:  0.1, Diff:  0.0, Sum:  0.4, Workers: 4
[2351.587s][debug][gc,phases      ] GC(154)     Dead                           Min: 0, Avg:  0.2, Max: 1, Diff: 1, Sum: 1, Workers: 4
[2351.587s][debug][gc,phases      ] GC(154)     Total                          Min: 10931, Avg: 12220.8, Max: 15744, Diff: 4813, Sum: 48883, Workers: 4
[2351.587s][debug][gc,phases      ] GC(154)   ResolvedMethodTable Weak       Min:  0.0, Avg:  0.0, Max:  0.0, Diff:  0.0, Sum:  0.1, Workers: 4
[2351.587s][debug][gc,phases      ] GC(154)     Dead                           Min: 0, Avg:  0.0, Max: 0, Diff: 0, Sum: 0, Workers: 4
[2351.587s][debug][gc,phases      ] GC(154)     Total                          Min: 1856, Avg: 2182.0, Max: 2752, Diff: 896, Sum: 8728, Workers: 4
[2351.587s][debug][gc,phases      ] GC(154)   JNI Weak                       Min:  0.0, Avg:  0.0, Max:  0.0, Diff:  0.0, Sum:  0.0, Workers: 4
[2351.587s][debug][gc,phases      ] GC(154)     Dead                           Min: 0, Avg:  0.0, Max: 0, Diff: 0, Sum: 0, Workers: 4
[2351.587s][debug][gc,phases      ] GC(154)     Total                          Min: 0, Avg:  0.0, Max: 0, Diff: 0, Sum: 0, Workers: 4
[2351.587s][debug][gc,phases      ] GC(154)   StringDedup Table Weak         Min:  0.0, Avg:  0.0, Max:  0.0, Diff:  0.0, Sum:  0.0, Workers: 4
[2351.587s][debug][gc,phases      ] GC(154)     Dead                           Min: 0, Avg:  0.0, Max: 0, Diff: 0, Sum: 0, Workers: 4
[2351.587s][debug][gc,phases      ] GC(154)     Total                          Min: 0, Avg:  0.0, Max: 0, Diff: 0, Sum: 0, Workers: 4
[2351.587s][debug][gc,phases      ] GC(154)   StringDedup Requests0 Weak     Min:  0.0, Avg:  0.0, Max:  0.0, Diff:  0.0, Sum:  0.0, Workers: 4
[2351.587s][debug][gc,phases      ] GC(154)     Dead                           Min: 0, Avg:  0.0, Max: 0, Diff: 0, Sum: 0, Workers: 4
[2351.587s][debug][gc,phases      ] GC(154)     Total                          Min: 0, Avg:  0.0, Max: 0, Diff: 0, Sum: 0, Workers: 4
[2351.587s][debug][gc,phases      ] GC(154)   StringDedup Requests1 Weak     Min:  0.0, Avg:  0.0, Max:  0.0, Diff:  0.0, Sum:  0.0, Workers: 4
[2351.587s][debug][gc,phases      ] GC(154)     Dead                           Min: 0, Avg:  0.0, Max: 0, Diff: 0, Sum: 0, Workers: 4
[2351.587s][debug][gc,phases      ] GC(154)     Total                          Min: 0, Avg:  0.0, Max: 0, Diff: 0, Sum: 0, Workers: 4
[2351.587s][debug][gc,phases      ] GC(154)   Weak JFR Old Object Samples    Min:  0.0, Avg:  0.0, Max:  0.0, Diff:  0.0, Sum:  0.0, Workers: 4
[2351.587s][debug][gc,phases      ] GC(154)     Dead                           Min: 0, Avg:  0.0, Max: 0, Diff: 0, Sum: 0, Workers: 4
[2351.587s][debug][gc,phases      ] GC(154)     Total                          Min: 0, Avg:  0.0, Max: 0, Diff: 0, Sum: 0, Workers: 4
[2351.587s][debug][gc,phases      ] GC(154) Weak Processing 0.282ms
[2351.587s][debug][gc,age         ] GC(154) Desired survivor size 91750400 bytes, new threshold 15 (max threshold 15)
[2351.587s][info ][gc,heap        ] GC(154) PSYoungGen: 1977351K(2009088K)->71623K(2006016K) Eden: 1917952K(1917952K)->0K(1917952K) From: 59399K(91136K)->71623K(88064K)
[2351.587s][info ][gc,heap        ] GC(154) ParOldGen: 565561K(606720K)->567586K(606720K)
[2351.587s][info ][gc,metaspace   ] GC(154) Metaspace: 85644K(86592K)->85644K(86592K) NonClass: 73729K(74240K)->73729K(74240K) Class: 11914K(12352K)->11914K(12352K)
[2351.587s][info ][gc             ] GC(154) Pause Young (Allocation Failure) 2483M->624M(2551M) 14.242ms
[2351.587s][info ][gc,cpu         ] GC(154) User=0.06s Sys=0.00s Real=0.01s
[2351.587s][info ][safepoint      ] Safepoint "ParallelGCFailedAllocation", Time since last: 442424531 ns, Reaching safepoint: 37800 ns, At safepoint: 14324820 ns, Total: 14362620 ns
[2354.587s][info ][safepoint      ] Safepoint "Cleanup", Time since last: 3000228556 ns, Reaching safepoint: 46700 ns, At safepoint: 10300 ns, Total: 57000 ns
[2355.587s][info ][safepoint      ] Safepoint "Cleanup", Time since last: 1000103819 ns, Reaching safepoint: 42600 ns, At safepoint: 7300 ns, Total: 49900 ns
[2358.588s][info ][safepoint      ] Safepoint "Cleanup", Time since last: 3000215359 ns, Reaching safepoint: 42200 ns, At safepoint: 2900 ns, Total: 45100 ns
[2362.588s][info ][safepoint      ] Safepoint "Cleanup", Time since last: 4000304782 ns, Reaching safepoint: 114199 ns, At safepoint: 9300 ns, Total: 123499 ns
[2366.588s][info ][safepoint      ] Safepoint "Cleanup", Time since last: 4000296585 ns, Reaching safepoint: 44000 ns, At safepoint: 7800 ns, Total: 51800 ns
[2373.589s][info ][safepoint      ] Safepoint "Cleanup", Time since last: 7000442158 ns, Reaching safepoint: 45700 ns, At safepoint: 2700 ns, Total: 48400 ns
[2374.589s][info ][safepoint      ] Safepoint "Cleanup", Time since last: 1000114623 ns, Reaching safepoint: 39300 ns, At safepoint: 2400 ns, Total: 41700 ns
[2380.484s][info ][safepoint      ] Safepoint "Cleanup", Time since last: 5894508935 ns, Reaching safepoint: 136399 ns, At safepoint: 11200 ns, Total: 147599 ns
[2381.484s][info ][safepoint      ] Safepoint "Cleanup", Time since last: 1000111725 ns, Reaching safepoint: 124699 ns, At safepoint: 9300 ns, Total: 133999 ns
[2384.484s][info ][safepoint      ] Safepoint "Cleanup", Time since last: 3000230976 ns, Reaching safepoint: 42799 ns, At safepoint: 7100 ns, Total: 49899 ns
[2386.976s][info ][gc,start       ] GC(155) Pause Young (Allocation Failure)
[2386.990s][debug][gc,phases      ] GC(155) Scavenge 13.903ms
[2386.990s][debug][gc,ref         ] GC(155) Skipped phase 1 of Reference Processing: no references
[2386.990s][debug][gc,ref         ] GC(155) ReferenceProcessor::execute queues: 1, RefProcThreadModel::Single, marks_oops_alive: false
[2386.990s][debug][gc,ref         ] GC(155) Skipped phase 3 of Reference Processing: no references
[2386.990s][debug][gc,ref         ] GC(155) ReferenceProcessor::execute queues: 1, RefProcThreadModel::Single, marks_oops_alive: false
[2386.990s][debug][gc,phases      ] GC(155) Reference Processing 0.125ms
[2386.990s][debug][gc,phases      ] GC(155)   VM Weak                        Min:  0.0, Avg:  0.0, Max:  0.0, Diff:  0.0, Sum:  0.0, Workers: 4
[2386.991s][debug][gc,phases      ] GC(155)     Dead                           Min: 0, Avg:  0.0, Max: 0, Diff: 0, Sum: 0, Workers: 4
[2386.991s][debug][gc,phases      ] GC(155)     Total                          Min: 0, Avg: 185.8, Max: 743, Diff: 743, Sum: 743, Workers: 4
[2386.991s][debug][gc,phases      ] GC(155)   ObjectSynchronizer Weak        Min:  0.0, Avg:  0.0, Max:  0.0, Diff:  0.0, Sum:  0.0, Workers: 4
[2386.991s][debug][gc,phases      ] GC(155)     Dead                           Min: 0, Avg:  0.0, Max: 0, Diff: 0, Sum: 0, Workers: 4
[2386.991s][debug][gc,phases      ] GC(155)     Total                          Min: 0, Avg: 89.5, Max: 358, Diff: 358, Sum: 358, Workers: 4
[2386.991s][debug][gc,phases      ] GC(155)   JVMTI Tag Weak OopStorage      Min:  0.0, Avg:  0.0, Max:  0.0, Diff:  0.0, Sum:  0.0, Workers: 4
[2386.991s][debug][gc,phases      ] GC(155)     Dead                           Min: 0, Avg:  0.0, Max: 0, Diff: 0, Sum: 0, Workers: 4
[2386.991s][debug][gc,phases      ] GC(155)     Total                          Min: 0, Avg:  0.0, Max: 0, Diff: 0, Sum: 0, Workers: 4
[2386.991s][debug][gc,phases      ] GC(155)   StringTable Weak               Min:  0.1, Avg:  0.1, Max:  0.1, Diff:  0.0, Sum:  0.5, Workers: 4
[2386.991s][debug][gc,phases      ] GC(155)     Dead                           Min: 0, Avg:  0.0, Max: 0, Diff: 0, Sum: 0, Workers: 4
[2386.991s][debug][gc,phases      ] GC(155)     Total                          Min: 10611, Avg: 12220.8, Max: 16768, Diff: 6157, Sum: 48883, Workers: 4
[2386.991s][debug][gc,phases      ] GC(155)   ResolvedMethodTable Weak       Min:  0.0, Avg:  0.0, Max:  0.0, Diff:  0.0, Sum:  0.1, Workers: 4
[2386.991s][debug][gc,phases      ] GC(155)     Dead                           Min: 0, Avg:  0.0, Max: 0, Diff: 0, Sum: 0, Workers: 4
[2386.991s][debug][gc,phases      ] GC(155)     Total                          Min: 1944, Avg: 2182.0, Max: 2432, Diff: 488, Sum: 8728, Workers: 4
[2386.991s][debug][gc,phases      ] GC(155)   JNI Weak                       Min:  0.0, Avg:  0.0, Max:  0.0, Diff:  0.0, Sum:  0.0, Workers: 4
[2386.991s][debug][gc,phases      ] GC(155)     Dead                           Min: 0, Avg:  0.0, Max: 0, Diff: 0, Sum: 0, Workers: 4
[2386.991s][debug][gc,phases      ] GC(155)     Total                          Min: 0, Avg:  0.0, Max: 0, Diff: 0, Sum: 0, Workers: 4
[2386.991s][debug][gc,phases      ] GC(155)   StringDedup Table Weak         Min:  0.0, Avg:  0.0, Max:  0.0, Diff:  0.0, Sum:  0.0, Workers: 4
[2386.991s][debug][gc,phases      ] GC(155)     Dead                           Min: 0, Avg:  0.0, Max: 0, Diff: 0, Sum: 0, Workers: 4
[2386.991s][debug][gc,phases      ] GC(155)     Total                          Min: 0, Avg:  0.0, Max: 0, Diff: 0, Sum: 0, Workers: 4
[2386.991s][debug][gc,phases      ] GC(155)   StringDedup Requests0 Weak     Min:  0.0, Avg:  0.0, Max:  0.0, Diff:  0.0, Sum:  0.0, Workers: 4
[2386.991s][debug][gc,phases      ] GC(155)     Dead                           Min: 0, Avg:  0.0, Max: 0, Diff: 0, Sum: 0, Workers: 4
[2386.991s][debug][gc,phases      ] GC(155)     Total                          Min: 0, Avg:  0.0, Max: 0, Diff: 0, Sum: 0, Workers: 4
[2386.991s][debug][gc,phases      ] GC(155)   StringDedup Requests1 Weak     Min:  0.0, Avg:  0.0, Max:  0.0, Diff:  0.0, Sum:  0.0, Workers: 4
[2386.991s][debug][gc,phases      ] GC(155)     Dead                           Min: 0, Avg:  0.0, Max: 0, Diff: 0, Sum: 0, Workers: 4
[2386.991s][debug][gc,phases      ] GC(155)     Total                          Min: 0, Avg:  0.0, Max: 0, Diff: 0, Sum: 0, Workers: 4
[2386.991s][debug][gc,phases      ] GC(155)   Weak JFR Old Object Samples    Min:  0.0, Avg:  0.0, Max:  0.0, Diff:  0.0, Sum:  0.0, Workers: 4
[2386.991s][debug][gc,phases      ] GC(155)     Dead                           Min: 0, Avg:  0.0, Max: 0, Diff: 0, Sum: 0, Workers: 4
[2386.991s][debug][gc,phases      ] GC(155)     Total                          Min: 0, Avg:  0.0, Max: 0, Diff: 0, Sum: 0, Workers: 4
[2386.991s][debug][gc,phases      ] GC(155) Weak Processing 0.365ms
[2386.991s][debug][gc,age         ] GC(155) Desired survivor size 92274688 bytes, new threshold 15 (max threshold 15)
[2386.991s][info ][gc,heap        ] GC(155) PSYoungGen: 1989575K(2006016K)->69015K(2006528K) Eden: 1917952K(1917952K)->0K(1916928K) From: 71623K(88064K)->69015K(89600K)
[2386.991s][info ][gc,heap        ] GC(155) ParOldGen: 567586K(606720K)->569226K(606720K)
[2386.991s][info ][gc,metaspace   ] GC(155) Metaspace: 85650K(86592K)->85650K(86592K) NonClass: 73735K(74240K)->73735K(74240K) Class: 11914K(12352K)->11914K(12352K)
[2386.991s][info ][gc             ] GC(155) Pause Young (Allocation Failure) 2497M->623M(2552M) 14.520ms
[2386.991s][info ][gc,cpu         ] GC(155) User=0.06s Sys=0.00s Real=0.02s
[2386.991s][info ][safepoint      ] Safepoint "ParallelGCFailedAllocation", Time since last: 2491848411 ns, Reaching safepoint: 37000 ns, At safepoint: 14604419 ns, Total: 14641419 ns
[2390.991s][info ][safepoint      ] Safepoint "Cleanup", Time since last: 4000261006 ns, Reaching safepoint: 42300 ns, At safepoint: 2500 ns, Total: 44800 ns
[2393.991s][info ][safepoint      ] Safepoint "Cleanup", Time since last: 3000218381 ns, Reaching safepoint: 47600 ns, At safepoint: 10900 ns, Total: 58500 ns
[2394.991s][info ][safepoint      ] Safepoint "Cleanup", Time since last: 1000099627 ns, Reaching safepoint: 31300 ns, At safepoint: 3200 ns, Total: 34500 ns
[2395.992s][info ][safepoint      ] Safepoint "Cleanup", Time since last: 1000105528 ns, Reaching safepoint: 47100 ns, At safepoint: 9100 ns, Total: 56200 ns
[2396.992s][info ][safepoint      ] Safepoint "Cleanup", Time since last: 1000092027 ns, Reaching safepoint: 50900 ns, At safepoint: 11000 ns, Total: 61900 ns
[2401.992s][info ][safepoint      ] Safepoint "Cleanup", Time since last: 5000373343 ns, Reaching safepoint: 45900 ns, At safepoint: 7800 ns, Total: 53700 ns
[2402.992s][info ][safepoint      ] Safepoint "Cleanup", Time since last: 1000095729 ns, Reaching safepoint: 32700 ns, At safepoint: 3700 ns, Total: 36400 ns
[2403.993s][info ][safepoint      ] Safepoint "Cleanup", Time since last: 1000093829 ns, Reaching safepoint: 44400 ns, At safepoint: 6900 ns, Total: 51300 ns
[2404.993s][info ][safepoint      ] Safepoint "Cleanup", Time since last: 1000103629 ns, Reaching safepoint: 60200 ns, At safepoint: 5200 ns, Total: 65400 ns
[2406.993s][info ][safepoint      ] Safepoint "Cleanup", Time since last: 2000167659 ns, Reaching safepoint: 49300 ns, At safepoint: 9800 ns, Total: 59100 ns
[2412.993s][info ][safepoint      ] Safepoint "Cleanup", Time since last: 6000420084 ns, Reaching safepoint: 43500 ns, At safepoint: 8700 ns, Total: 52200 ns
[2423.137s][info ][gc,start       ] GC(156) Pause Young (Allocation Failure)
[2423.149s][debug][gc,phases      ] GC(156) Scavenge 12.090ms
[2423.150s][debug][gc,ref         ] GC(156) Skipped phase 1 of Reference Processing: no references
[2423.150s][debug][gc,ref         ] GC(156) ReferenceProcessor::execute queues: 1, RefProcThreadModel::Single, marks_oops_alive: false
[2423.150s][debug][gc,ref         ] GC(156) Skipped phase 3 of Reference Processing: no references
[2423.150s][debug][gc,ref         ] GC(156) ReferenceProcessor::execute queues: 1, RefProcThreadModel::Single, marks_oops_alive: false
[2423.150s][debug][gc,phases      ] GC(156) Reference Processing 0.126ms
[2423.150s][debug][gc,phases      ] GC(156)   VM Weak                        Min:  0.0, Avg:  0.0, Max:  0.0, Diff:  0.0, Sum:  0.0, Workers: 4
[2423.150s][debug][gc,phases      ] GC(156)     Dead                           Min: 0, Avg:  0.0, Max: 0, Diff: 0, Sum: 0, Workers: 4
[2423.150s][debug][gc,phases      ] GC(156)     Total                          Min: 0, Avg: 185.8, Max: 743, Diff: 743, Sum: 743, Workers: 4
[2423.150s][debug][gc,phases      ] GC(156)   ObjectSynchronizer Weak        Min:  0.0, Avg:  0.0, Max:  0.0, Diff:  0.0, Sum:  0.0, Workers: 4
[2423.150s][debug][gc,phases      ] GC(156)     Dead                           Min: 0, Avg:  0.0, Max: 0, Diff: 0, Sum: 0, Workers: 4
[2423.150s][debug][gc,phases      ] GC(156)     Total                          Min: 0, Avg: 89.5, Max: 192, Diff: 192, Sum: 358, Workers: 4
[2423.150s][debug][gc,phases      ] GC(156)   JVMTI Tag Weak OopStorage      Min:  0.0, Avg:  0.0, Max:  0.0, Diff:  0.0, Sum:  0.0, Workers: 4
[2423.150s][debug][gc,phases      ] GC(156)     Dead                           Min: 0, Avg:  0.0, Max: 0, Diff: 0, Sum: 0, Workers: 4
[2423.150s][debug][gc,phases      ] GC(156)     Total                          Min: 0, Avg:  0.0, Max: 0, Diff: 0, Sum: 0, Workers: 4
[2423.150s][debug][gc,phases      ] GC(156)   StringTable Weak               Min:  0.1, Avg:  0.1, Max:  0.1, Diff:  0.0, Sum:  0.4, Workers: 4
[2423.150s][debug][gc,phases      ] GC(156)     Dead                           Min: 0, Avg:  0.0, Max: 0, Diff: 0, Sum: 0, Workers: 4
[2423.150s][debug][gc,phases      ] GC(156)     Total                          Min: 9664, Avg: 12221.8, Max: 14647, Diff: 4983, Sum: 48887, Workers: 4
[2423.150s][debug][gc,phases      ] GC(156)   ResolvedMethodTable Weak       Min:  0.0, Avg:  0.0, Max:  0.0, Diff:  0.0, Sum:  0.1, Workers: 4
[2423.150s][debug][gc,phases      ] GC(156)     Dead                           Min: 0, Avg:  0.0, Max: 0, Diff: 0, Sum: 0, Workers: 4
[2423.150s][debug][gc,phases      ] GC(156)     Total                          Min: 1560, Avg: 2182.0, Max: 2816, Diff: 1256, Sum: 8728, Workers: 4
[2423.150s][debug][gc,phases      ] GC(156)   JNI Weak                       Min:  0.0, Avg:  0.0, Max:  0.0, Diff:  0.0, Sum:  0.0, Workers: 4
[2423.150s][debug][gc,phases      ] GC(156)     Dead                           Min: 0, Avg:  0.0, Max: 0, Diff: 0, Sum: 0, Workers: 4
[2423.150s][debug][gc,phases      ] GC(156)     Total                          Min: 0, Avg:  0.0, Max: 0, Diff: 0, Sum: 0, Workers: 4
[2423.150s][debug][gc,phases      ] GC(156)   StringDedup Table Weak         Min:  0.0, Avg:  0.0, Max:  0.0, Diff:  0.0, Sum:  0.0, Workers: 4
[2423.150s][debug][gc,phases      ] GC(156)     Dead                           Min: 0, Avg:  0.0, Max: 0, Diff: 0, Sum: 0, Workers: 4
[2423.150s][debug][gc,phases      ] GC(156)     Total                          Min: 0, Avg:  0.0, Max: 0, Diff: 0, Sum: 0, Workers: 4
[2423.150s][debug][gc,phases      ] GC(156)   StringDedup Requests0 Weak     Min:  0.0, Avg:  0.0, Max:  0.0, Diff:  0.0, Sum:  0.0, Workers: 4
[2423.150s][debug][gc,phases      ] GC(156)     Dead                           Min: 0, Avg:  0.0, Max: 0, Diff: 0, Sum: 0, Workers: 4
[2423.150s][debug][gc,phases      ] GC(156)     Total                          Min: 0, Avg:  0.0, Max: 0, Diff: 0, Sum: 0, Workers: 4
[2423.150s][debug][gc,phases      ] GC(156)   StringDedup Requests1 Weak     Min:  0.0, Avg:  0.0, Max:  0.0, Diff:  0.0, Sum:  0.0, Workers: 4
[2423.150s][debug][gc,phases      ] GC(156)     Dead                           Min: 0, Avg:  0.0, Max: 0, Diff: 0, Sum: 0, Workers: 4
[2423.150s][debug][gc,phases      ] GC(156)     Total                          Min: 0, Avg:  0.0, Max: 0, Diff: 0, Sum: 0, Workers: 4
[2423.150s][debug][gc,phases      ] GC(156)   Weak JFR Old Object Samples    Min:  0.0, Avg:  0.0, Max:  0.0, Diff:  0.0, Sum:  0.0, Workers: 4
[2423.150s][debug][gc,phases      ] GC(156)     Dead                           Min: 0, Avg:  0.0, Max: 0, Diff: 0, Sum: 0, Workers: 4
[2423.150s][debug][gc,phases      ] GC(156)     Total                          Min: 0, Avg:  0.0, Max: 0, Diff: 0, Sum: 0, Workers: 4
[2423.150s][debug][gc,phases      ] GC(156) Weak Processing 0.266ms
[2423.150s][debug][gc,age         ] GC(156) Desired survivor size 91750400 bytes, new threshold 15 (max threshold 15)
[2423.150s][info ][gc,heap        ] GC(156) PSYoungGen: 1985943K(2006528K)->68727K(2007040K) Eden: 1916928K(1916928K)->0K(1916928K) From: 69015K(89600K)->68727K(90112K)
[2423.150s][info ][gc,heap        ] GC(156) ParOldGen: 569226K(606720K)->569426K(606720K)
[2423.150s][info ][gc,metaspace   ] GC(156) Metaspace: 85655K(86592K)->85655K(86592K) NonClass: 73741K(74240K)->73741K(74240K) Class: 11914K(12352K)->11914K(12352K)
[2423.150s][info ][gc             ] GC(156) Pause Young (Allocation Failure) 2495M->623M(2552M) 12.602ms
[2423.150s][info ][gc,cpu         ] GC(156) User=0.05s Sys=0.00s Real=0.01s
[2423.150s][info ][safepoint      ] Safepoint "ParallelGCFailedAllocation", Time since last: 10143902926 ns, Reaching safepoint: 32100 ns, At safepoint: 12692229 ns, Total: 12724329 ns
[2424.150s][info ][safepoint      ] Safepoint "Cleanup", Time since last: 1000077233 ns, Reaching safepoint: 52200 ns, At safepoint: 4900 ns, Total: 57100 ns
[2429.151s][info ][safepoint      ] Safepoint "Cleanup", Time since last: 5000345970 ns, Reaching safepoint: 39000 ns, At safepoint: 2299 ns, Total: 41299 ns
[2435.995s][info ][safepoint      ] Safepoint "Cleanup", Time since last: 6844048216 ns, Reaching safepoint: 43500 ns, At safepoint: 5200 ns, Total: 48700 ns
[2440.995s][info ][safepoint      ] Safepoint "Cleanup", Time since last: 5000351481 ns, Reaching safepoint: 60200 ns, At safepoint: 8800 ns, Total: 69000 ns
[2443.995s][info ][safepoint      ] Safepoint "Cleanup", Time since last: 3000234810 ns, Reaching safepoint: 48200 ns, At safepoint: 9100 ns, Total: 57300 ns
[2445.996s][info ][safepoint      ] Safepoint "Cleanup", Time since last: 2000173874 ns, Reaching safepoint: 47600 ns, At safepoint: 8400 ns, Total: 56000 ns
[2447.996s][info ][safepoint      ] Safepoint "Cleanup", Time since last: 2000116176 ns, Reaching safepoint: 166999 ns, At safepoint: 16700 ns, Total: 183699 ns
[2448.996s][info ][safepoint      ] Safepoint "Cleanup", Time since last: 1000099038 ns, Reaching safepoint: 53199 ns, At safepoint: 7500 ns, Total: 60699 ns
[2456.173s][info ][gc,start       ] GC(157) Pause Young (Allocation Failure)
[2456.178s][debug][gc,phases      ] GC(157) Scavenge 4.757ms
[2456.178s][debug][gc,ref         ] GC(157) Skipped phase 1 of Reference Processing: no references
[2456.178s][debug][gc,ref         ] GC(157) ReferenceProcessor::execute queues: 1, RefProcThreadModel::Single, marks_oops_alive: false
[2456.178s][debug][gc,ref         ] GC(157) Skipped phase 3 of Reference Processing: no references
[2456.178s][debug][gc,ref         ] GC(157) ReferenceProcessor::execute queues: 1, RefProcThreadModel::Single, marks_oops_alive: false
[2456.178s][debug][gc,phases      ] GC(157) Reference Processing 0.111ms
[2456.178s][debug][gc,phases      ] GC(157)   VM Weak                        Min:  0.0, Avg:  0.0, Max:  0.0, Diff:  0.0, Sum:  0.0, Workers: 4
[2456.178s][debug][gc,phases      ] GC(157)     Dead                           Min: 0, Avg:  0.0, Max: 0, Diff: 0, Sum: 0, Workers: 4
[2456.178s][debug][gc,phases      ] GC(157)     Total                          Min: 0, Avg: 185.8, Max: 487, Diff: 487, Sum: 743, Workers: 4
[2456.178s][debug][gc,phases      ] GC(157)   ObjectSynchronizer Weak        Min:  0.0, Avg:  0.0, Max:  0.0, Diff:  0.0, Sum:  0.0, Workers: 4
[2456.178s][debug][gc,phases      ] GC(157)     Dead                           Min: 0, Avg:  0.0, Max: 0, Diff: 0, Sum: 0, Workers: 4
[2456.178s][debug][gc,phases      ] GC(157)     Total                          Min: 0, Avg: 89.5, Max: 166, Diff: 166, Sum: 358, Workers: 4
[2456.178s][debug][gc,phases      ] GC(157)   JVMTI Tag Weak OopStorage      Min:  0.0, Avg:  0.0, Max:  0.0, Diff:  0.0, Sum:  0.0, Workers: 4
[2456.178s][debug][gc,phases      ] GC(157)     Dead                           Min: 0, Avg:  0.0, Max: 0, Diff: 0, Sum: 0, Workers: 4
[2456.178s][debug][gc,phases      ] GC(157)     Total                          Min: 0, Avg:  0.0, Max: 0, Diff: 0, Sum: 0, Workers: 4
[2456.178s][debug][gc,phases      ] GC(157)   StringTable Weak               Min:  0.1, Avg:  0.1, Max:  0.1, Diff:  0.0, Sum:  0.4, Workers: 4
[2456.178s][debug][gc,phases      ] GC(157)     Dead                           Min: 0, Avg:  0.0, Max: 0, Diff: 0, Sum: 0, Workers: 4
[2456.178s][debug][gc,phases      ] GC(157)     Total                          Min: 9344, Avg: 12222.0, Max: 15040, Diff: 5696, Sum: 48888, Workers: 4
[2456.178s][debug][gc,phases      ] GC(157)   ResolvedMethodTable Weak       Min:  0.0, Avg:  0.0, Max:  0.0, Diff:  0.0, Sum:  0.1, Workers: 4
[2456.178s][debug][gc,phases      ] GC(157)     Dead                           Min: 0, Avg:  0.0, Max: 0, Diff: 0, Sum: 0, Workers: 4
[2456.178s][debug][gc,phases      ] GC(157)     Total                          Min: 1728, Avg: 2182.0, Max: 2560, Diff: 832, Sum: 8728, Workers: 4
[2456.178s][debug][gc,phases      ] GC(157)   JNI Weak                       Min:  0.0, Avg:  0.0, Max:  0.0, Diff:  0.0, Sum:  0.0, Workers: 4
[2456.178s][debug][gc,phases      ] GC(157)     Dead                           Min: 0, Avg:  0.0, Max: 0, Diff: 0, Sum: 0, Workers: 4
[2456.178s][debug][gc,phases      ] GC(157)     Total                          Min: 0, Avg:  0.0, Max: 0, Diff: 0, Sum: 0, Workers: 4
[2456.178s][debug][gc,phases      ] GC(157)   StringDedup Table Weak         Min:  0.0, Avg:  0.0, Max:  0.0, Diff:  0.0, Sum:  0.0, Workers: 4
[2456.178s][debug][gc,phases      ] GC(157)     Dead                           Min: 0, Avg:  0.0, Max: 0, Diff: 0, Sum: 0, Workers: 4
[2456.178s][debug][gc,phases      ] GC(157)     Total                          Min: 0, Avg:  0.0, Max: 0, Diff: 0, Sum: 0, Workers: 4
[2456.178s][debug][gc,phases      ] GC(157)   StringDedup Requests0 Weak     Min:  0.0, Avg:  0.0, Max:  0.0, Diff:  0.0, Sum:  0.0, Workers: 4
[2456.178s][debug][gc,phases      ] GC(157)     Dead                           Min: 0, Avg:  0.0, Max: 0, Diff: 0, Sum: 0, Workers: 4
[2456.178s][debug][gc,phases      ] GC(157)     Total                          Min: 0, Avg:  0.0, Max: 0, Diff: 0, Sum: 0, Workers: 4
[2456.178s][debug][gc,phases      ] GC(157)   StringDedup Requests1 Weak     Min:  0.0, Avg:  0.0, Max:  0.0, Diff:  0.0, Sum:  0.0, Workers: 4
[2456.178s][debug][gc,phases      ] GC(157)     Dead                           Min: 0, Avg:  0.0, Max: 0, Diff: 0, Sum: 0, Workers: 4
[2456.178s][debug][gc,phases      ] GC(157)     Total                          Min: 0, Avg:  0.0, Max: 0, Diff: 0, Sum: 0, Workers: 4
[2456.178s][debug][gc,phases      ] GC(157)   Weak JFR Old Object Samples    Min:  0.0, Avg:  0.0, Max:  0.0, Diff:  0.0, Sum:  0.0, Workers: 4
[2456.178s][debug][gc,phases      ] GC(157)     Dead                           Min: 0, Avg:  0.0, Max: 0, Diff: 0, Sum: 0, Workers: 4
[2456.178s][debug][gc,phases      ] GC(157)     Total                          Min: 0, Avg:  0.0, Max: 0, Diff: 0, Sum: 0, Workers: 4
[2456.178s][debug][gc,phases      ] GC(157) Weak Processing 0.289ms
[2456.178s][debug][gc,age         ] GC(157) Desired survivor size 98566144 bytes, new threshold 15 (max threshold 15)
[2456.178s][info ][gc,heap        ] GC(157) PSYoungGen: 1985655K(2007040K)->8390K(1994240K) Eden: 1916928K(1916928K)->0K(1904640K) From: 68727K(90112K)->8390K(89600K)
[2456.178s][info ][gc,heap        ] GC(157) ParOldGen: 569426K(606720K)->571451K(606720K)
[2456.178s][info ][gc,metaspace   ] GC(157) Metaspace: 85679K(86592K)->85679K(86592K) NonClass: 73764K(74240K)->73764K(74240K) Class: 11914K(12352K)->11914K(12352K)
[2456.178s][info ][gc             ] GC(157) Pause Young (Allocation Failure) 2495M->566M(2540M) 5.268ms
[2456.178s][info ][gc,cpu         ] GC(157) User=0.02s Sys=0.00s Real=0.00s
[2456.178s][info ][safepoint      ] Safepoint "ParallelGCFailedAllocation", Time since last: 7176924690 ns, Reaching safepoint: 39600 ns, At safepoint: 5352670 ns, Total: 5392270 ns
[2459.179s][info ][safepoint      ] Safepoint "Cleanup", Time since last: 3000203120 ns, Reaching safepoint: 99499 ns, At safepoint: 9200 ns, Total: 108699 ns
[2464.179s][info ][safepoint      ] Safepoint "Cleanup", Time since last: 5000353102 ns, Reaching safepoint: 113599 ns, At safepoint: 5800 ns, Total: 119399 ns
[2472.180s][info ][safepoint      ] Safepoint "Cleanup", Time since last: 8000559933 ns, Reaching safepoint: 140199 ns, At safepoint: 10000 ns, Total: 150199 ns
[2474.180s][info ][safepoint      ] Safepoint "Cleanup", Time since last: 2000143184 ns, Reaching safepoint: 107600 ns, At safepoint: 8200 ns, Total: 115800 ns
[2481.181s][info ][safepoint      ] Safepoint "Cleanup", Time since last: 7000489902 ns, Reaching safepoint: 113100 ns, At safepoint: 5700 ns, Total: 118800 ns
[2483.181s][info ][safepoint      ] Safepoint "Cleanup", Time since last: 2000143087 ns, Reaching safepoint: 115200 ns, At safepoint: 10100 ns, Total: 125300 ns
[2485.181s][info ][safepoint      ] Safepoint "Cleanup", Time since last: 2000155088 ns, Reaching safepoint: 111000 ns, At safepoint: 10500 ns, Total: 121500 ns
[2502.182s][info ][safepoint      ] Safepoint "Cleanup", Time since last: 17001109180 ns, Reaching safepoint: 112800 ns, At safepoint: 6000 ns, Total: 118800 ns
[2505.183s][info ][safepoint      ] Safepoint "Cleanup", Time since last: 3000226742 ns, Reaching safepoint: 108900 ns, At safepoint: 7600 ns, Total: 116500 ns
[2505.714s][info ][gc,start       ] GC(158) Pause Young (Allocation Failure)
[2505.717s][debug][gc,phases      ] GC(158) Scavenge 3.153ms
[2505.717s][debug][gc,ref         ] GC(158) Skipped phase 1 of Reference Processing: no references
[2505.717s][debug][gc,ref         ] GC(158) ReferenceProcessor::execute queues: 1, RefProcThreadModel::Single, marks_oops_alive: false
[2505.717s][debug][gc,ref         ] GC(158) Skipped phase 3 of Reference Processing: no references
[2505.717s][debug][gc,ref         ] GC(158) ReferenceProcessor::execute queues: 1, RefProcThreadModel::Single, marks_oops_alive: false
[2505.717s][debug][gc,phases      ] GC(158) Reference Processing 0.103ms
[2505.717s][debug][gc,phases      ] GC(158)   VM Weak                        Min:  0.0, Avg:  0.0, Max:  0.0, Diff:  0.0, Sum:  0.0, Workers: 4
[2505.717s][debug][gc,phases      ] GC(158)     Dead                           Min: 0, Avg:  0.0, Max: 0, Diff: 0, Sum: 0, Workers: 4
[2505.717s][debug][gc,phases      ] GC(158)     Total                          Min: 0, Avg: 185.8, Max: 743, Diff: 743, Sum: 743, Workers: 4
[2505.717s][debug][gc,phases      ] GC(158)   ObjectSynchronizer Weak        Min:  0.0, Avg:  0.0, Max:  0.0, Diff:  0.0, Sum:  0.0, Workers: 4
[2505.717s][debug][gc,phases      ] GC(158)     Dead                           Min: 0, Avg:  0.0, Max: 0, Diff: 0, Sum: 0, Workers: 4
[2505.717s][debug][gc,phases      ] GC(158)     Total                          Min: 0, Avg: 89.5, Max: 166, Diff: 166, Sum: 358, Workers: 4
[2505.717s][debug][gc,phases      ] GC(158)   JVMTI Tag Weak OopStorage      Min:  0.0, Avg:  0.0, Max:  0.0, Diff:  0.0, Sum:  0.0, Workers: 4
[2505.717s][debug][gc,phases      ] GC(158)     Dead                           Min: 0, Avg:  0.0, Max: 0, Diff: 0, Sum: 0, Workers: 4
[2505.717s][debug][gc,phases      ] GC(158)     Total                          Min: 0, Avg:  0.0, Max: 0, Diff: 0, Sum: 0, Workers: 4
[2505.717s][debug][gc,phases      ] GC(158)   StringTable Weak               Min:  0.1, Avg:  0.1, Max:  0.1, Diff:  0.0, Sum:  0.4, Workers: 4
[2505.717s][debug][gc,phases      ] GC(158)     Dead                           Min: 0, Avg:  0.0, Max: 0, Diff: 0, Sum: 0, Workers: 4
[2505.717s][debug][gc,phases      ] GC(158)     Total                          Min: 10621, Avg: 12223.2, Max: 16640, Diff: 6019, Sum: 48893, Workers: 4
[2505.717s][debug][gc,phases      ] GC(158)   ResolvedMethodTable Weak       Min:  0.0, Avg:  0.0, Max:  0.0, Diff:  0.0, Sum:  0.1, Workers: 4
[2505.717s][debug][gc,phases      ] GC(158)     Dead                           Min: 0, Avg:  0.0, Max: 0, Diff: 0, Sum: 0, Workers: 4
[2505.717s][debug][gc,phases      ] GC(158)     Total                          Min: 1792, Avg: 2182.2, Max: 3072, Diff: 1280, Sum: 8729, Workers: 4
[2505.717s][debug][gc,phases      ] GC(158)   JNI Weak                       Min:  0.0, Avg:  0.0, Max:  0.0, Diff:  0.0, Sum:  0.0, Workers: 4
[2505.717s][debug][gc,phases      ] GC(158)     Dead                           Min: 0, Avg:  0.0, Max: 0, Diff: 0, Sum: 0, Workers: 4
[2505.717s][debug][gc,phases      ] GC(158)     Total                          Min: 0, Avg:  0.0, Max: 0, Diff: 0, Sum: 0, Workers: 4
[2505.717s][debug][gc,phases      ] GC(158)   StringDedup Table Weak         Min:  0.0, Avg:  0.0, Max:  0.0, Diff:  0.0, Sum:  0.0, Workers: 4
[2505.717s][debug][gc,phases      ] GC(158)     Dead                           Min: 0, Avg:  0.0, Max: 0, Diff: 0, Sum: 0, Workers: 4
[2505.717s][debug][gc,phases      ] GC(158)     Total                          Min: 0, Avg:  0.0, Max: 0, Diff: 0, Sum: 0, Workers: 4
[2505.717s][debug][gc,phases      ] GC(158)   StringDedup Requests0 Weak     Min:  0.0, Avg:  0.0, Max:  0.0, Diff:  0.0, Sum:  0.0, Workers: 4
[2505.717s][debug][gc,phases      ] GC(158)     Dead                           Min: 0, Avg:  0.0, Max: 0, Diff: 0, Sum: 0, Workers: 4
[2505.717s][debug][gc,phases      ] GC(158)     Total                          Min: 0, Avg:  0.0, Max: 0, Diff: 0, Sum: 0, Workers: 4
[2505.717s][debug][gc,phases      ] GC(158)   StringDedup Requests1 Weak     Min:  0.0, Avg:  0.0, Max:  0.0, Diff:  0.0, Sum:  0.0, Workers: 4
[2505.717s][debug][gc,phases      ] GC(158)     Dead                           Min: 0, Avg:  0.0, Max: 0, Diff: 0, Sum: 0, Workers: 4
[2505.717s][debug][gc,phases      ] GC(158)     Total                          Min: 0, Avg:  0.0, Max: 0, Diff: 0, Sum: 0, Workers: 4
[2505.717s][debug][gc,phases      ] GC(158)   Weak JFR Old Object Samples    Min:  0.0, Avg:  0.0, Max:  0.0, Diff:  0.0, Sum:  0.0, Workers: 4
[2505.717s][debug][gc,phases      ] GC(158)     Dead                           Min: 0, Avg:  0.0, Max: 0, Diff: 0, Sum: 0, Workers: 4
[2505.717s][debug][gc,phases      ] GC(158)     Total                          Min: 0, Avg:  0.0, Max: 0, Diff: 0, Sum: 0, Workers: 4
[2505.717s][debug][gc,phases      ] GC(158) Weak Processing 0.278ms
[2505.717s][debug][gc,age         ] GC(158) Desired survivor size 102760448 bytes, new threshold 15 (max threshold 15)
[2505.717s][info ][gc,heap        ] GC(158) PSYoungGen: 1913030K(1994240K)->8086K(1912832K) Eden: 1904640K(1904640K)->0K(1904640K) From: 8390K(89600K)->8086K(8192K)
[2505.717s][info ][gc,heap        ] GC(158) ParOldGen: 571451K(606720K)->571595K(606720K)
[2505.717s][info ][gc,metaspace   ] GC(158) Metaspace: 85689K(86592K)->85689K(86592K) NonClass: 73774K(74240K)->73774K(74240K) Class: 11915K(12352K)->11915K(12352K)
[2505.717s][info ][gc             ] GC(158) Pause Young (Allocation Failure) 2426M->566M(2460M) 3.637ms
[2505.717s][info ][gc,cpu         ] GC(158) User=0.01s Sys=0.00s Real=0.00s
[2505.717s][info ][safepoint      ] Safepoint "ParallelGCFailedAllocation", Time since last: 530629954 ns, Reaching safepoint: 27800 ns, At safepoint: 3711479 ns, Total: 3739279 ns
[2510.718s][info ][safepoint      ] Safepoint "Cleanup", Time since last: 5000340942 ns, Reaching safepoint: 45699 ns, At safepoint: 3200 ns, Total: 48899 ns
[2520.718s][info ][safepoint      ] Safepoint "Cleanup", Time since last: 10000650796 ns, Reaching safepoint: 48499 ns, At safepoint: 7000 ns, Total: 55499 ns
[2522.719s][info ][safepoint      ] Safepoint "Cleanup", Time since last: 2000168401 ns, Reaching safepoint: 51700 ns, At safepoint: 32700 ns, Total: 84400 ns
[2534.719s][info ][safepoint      ] Safepoint "Cleanup", Time since last: 12000757519 ns, Reaching safepoint: 53200 ns, At safepoint: 10499 ns, Total: 63699 ns
[2537.720s][info ][safepoint      ] Safepoint "Cleanup", Time since last: 3000233858 ns, Reaching safepoint: 35100 ns, At safepoint: 2900 ns, Total: 38000 ns
[2540.720s][info ][safepoint      ] Safepoint "Cleanup", Time since last: 3000227260 ns, Reaching safepoint: 50899 ns, At safepoint: 5500 ns, Total: 56399 ns
[2541.720s][info ][safepoint      ] Safepoint "Cleanup", Time since last: 1000122654 ns, Reaching safepoint: 38599 ns, At safepoint: 2500 ns, Total: 41099 ns
[2543.720s][info ][safepoint      ] Safepoint "Cleanup", Time since last: 2000166108 ns, Reaching safepoint: 120999 ns, At safepoint: 10100 ns, Total: 131099 ns
[2543.809s][info ][gc,start       ] GC(159) Pause Young (Allocation Failure)
[2543.817s][debug][gc,phases      ] GC(159) Scavenge 7.903ms
[2543.817s][debug][gc,ref         ] GC(159) Skipped phase 1 of Reference Processing: no references
[2543.817s][debug][gc,ref         ] GC(159) ReferenceProcessor::execute queues: 1, RefProcThreadModel::Single, marks_oops_alive: false
[2543.817s][debug][gc,ref         ] GC(159) Skipped phase 3 of Reference Processing: no references
[2543.817s][debug][gc,ref         ] GC(159) ReferenceProcessor::execute queues: 1, RefProcThreadModel::Single, marks_oops_alive: false
[2543.817s][debug][gc,phases      ] GC(159) Reference Processing 0.106ms
[2543.817s][debug][gc,phases      ] GC(159)   VM Weak                        Min:  0.0, Avg:  0.0, Max:  0.0, Diff:  0.0, Sum:  0.0, Workers: 4
[2543.817s][debug][gc,phases      ] GC(159)     Dead                           Min: 0, Avg:  0.0, Max: 0, Diff: 0, Sum: 0, Workers: 4
[2543.817s][debug][gc,phases      ] GC(159)     Total                          Min: 0, Avg: 185.8, Max: 704, Diff: 704, Sum: 743, Workers: 4
[2543.817s][debug][gc,phases      ] GC(159)   ObjectSynchronizer Weak        Min:  0.0, Avg:  0.0, Max:  0.0, Diff:  0.0, Sum:  0.0, Workers: 4
[2543.817s][debug][gc,phases      ] GC(159)     Dead                           Min: 0, Avg:  0.0, Max: 0, Diff: 0, Sum: 0, Workers: 4
[2543.817s][debug][gc,phases      ] GC(159)     Total                          Min: 0, Avg: 89.5, Max: 230, Diff: 230, Sum: 358, Workers: 4
[2543.817s][debug][gc,phases      ] GC(159)   JVMTI Tag Weak OopStorage      Min:  0.0, Avg:  0.0, Max:  0.0, Diff:  0.0, Sum:  0.0, Workers: 4
[2543.817s][debug][gc,phases      ] GC(159)     Dead                           Min: 0, Avg:  0.0, Max: 0, Diff: 0, Sum: 0, Workers: 4
[2543.817s][debug][gc,phases      ] GC(159)     Total                          Min: 0, Avg:  0.0, Max: 0, Diff: 0, Sum: 0, Workers: 4
[2543.817s][debug][gc,phases      ] GC(159)   StringTable Weak               Min:  0.1, Avg:  0.1, Max:  0.1, Diff:  0.0, Sum:  0.4, Workers: 4
[2543.817s][debug][gc,phases      ] GC(159)     Dead                           Min: 0, Avg:  0.0, Max: 0, Diff: 0, Sum: 0, Workers: 4
[2543.817s][debug][gc,phases      ] GC(159)     Total                          Min: 9600, Avg: 12224.8, Max: 14915, Diff: 5315, Sum: 48899, Workers: 4
[2543.817s][debug][gc,phases      ] GC(159)   ResolvedMethodTable Weak       Min:  0.0, Avg:  0.0, Max:  0.0, Diff:  0.0, Sum:  0.1, Workers: 4
[2543.818s][debug][gc,phases      ] GC(159)     Dead                           Min: 0, Avg:  0.0, Max: 0, Diff: 0, Sum: 0, Workers: 4
[2543.818s][debug][gc,phases      ] GC(159)     Total                          Min: 1689, Avg: 2182.2, Max: 2752, Diff: 1063, Sum: 8729, Workers: 4
[2543.818s][debug][gc,phases      ] GC(159)   JNI Weak                       Min:  0.0, Avg:  0.0, Max:  0.0, Diff:  0.0, Sum:  0.0, Workers: 4
[2543.818s][debug][gc,phases      ] GC(159)     Dead                           Min: 0, Avg:  0.0, Max: 0, Diff: 0, Sum: 0, Workers: 4
[2543.818s][debug][gc,phases      ] GC(159)     Total                          Min: 0, Avg:  0.0, Max: 0, Diff: 0, Sum: 0, Workers: 4
[2543.818s][debug][gc,phases      ] GC(159)   StringDedup Table Weak         Min:  0.0, Avg:  0.0, Max:  0.0, Diff:  0.0, Sum:  0.0, Workers: 4
[2543.818s][debug][gc,phases      ] GC(159)     Dead                           Min: 0, Avg:  0.0, Max: 0, Diff: 0, Sum: 0, Workers: 4
[2543.818s][debug][gc,phases      ] GC(159)     Total                          Min: 0, Avg:  0.0, Max: 0, Diff: 0, Sum: 0, Workers: 4
[2543.818s][debug][gc,phases      ] GC(159)   StringDedup Requests0 Weak     Min:  0.0, Avg:  0.0, Max:  0.0, Diff:  0.0, Sum:  0.0, Workers: 4
[2543.818s][debug][gc,phases      ] GC(159)     Dead                           Min: 0, Avg:  0.0, Max: 0, Diff: 0, Sum: 0, Workers: 4
[2543.818s][debug][gc,phases      ] GC(159)     Total                          Min: 0, Avg:  0.0, Max: 0, Diff: 0, Sum: 0, Workers: 4
[2543.818s][debug][gc,phases      ] GC(159)   StringDedup Requests1 Weak     Min:  0.0, Avg:  0.0, Max:  0.0, Diff:  0.0, Sum:  0.0, Workers: 4
[2543.818s][debug][gc,phases      ] GC(159)     Dead                           Min: 0, Avg:  0.0, Max: 0, Diff: 0, Sum: 0, Workers: 4
[2543.818s][debug][gc,phases      ] GC(159)     Total                          Min: 0, Avg:  0.0, Max: 0, Diff: 0, Sum: 0, Workers: 4
[2543.818s][debug][gc,phases      ] GC(159)   Weak JFR Old Object Samples    Min:  0.0, Avg:  0.0, Max:  0.0, Diff:  0.0, Sum:  0.0, Workers: 4
[2543.818s][debug][gc,phases      ] GC(159)     Dead                           Min: 0, Avg:  0.0, Max: 0, Diff: 0, Sum: 0, Workers: 4
[2543.818s][debug][gc,phases      ] GC(159)     Total                          Min: 0, Avg:  0.0, Max: 0, Diff: 0, Sum: 0, Workers: 4
[2543.818s][debug][gc,phases      ] GC(159) Weak Processing 0.264ms
[2543.818s][debug][gc,age         ] GC(159) Desired survivor size 101187584 bytes, new threshold 15 (max threshold 15)
[2543.818s][info ][gc,heap        ] GC(159) PSYoungGen: 1912495K(1912832K)->35183K(1998336K) Eden: 1904408K(1904640K)->0K(1897984K) From: 8086K(8192K)->35183K(100352K)
[2543.818s][info ][gc,heap        ] GC(159) ParOldGen: 571595K(606720K)->571691K(606720K)
[2543.818s][info ][gc,metaspace   ] GC(159) Metaspace: 85703K(86592K)->85703K(86592K) NonClass: 73787K(74240K)->73787K(74240K) Class: 11915K(12352K)->11915K(12352K)
[2543.818s][info ][gc             ] GC(159) Pause Young (Allocation Failure) 2425M->592M(2544M) 8.387ms
[2543.818s][info ][gc,cpu         ] GC(159) User=0.03s Sys=0.00s Real=0.01s
[2543.818s][info ][safepoint      ] Safepoint "ParallelGCFailedAllocation", Time since last: 88724908 ns, Reaching safepoint: 89099 ns, At safepoint: 8463153 ns, Total: 8552252 ns
[2544.818s][info ][safepoint      ] Safepoint "Cleanup", Time since last: 1000079454 ns, Reaching safepoint: 65100 ns, At safepoint: 6100 ns, Total: 71200 ns
[2545.818s][info ][safepoint      ] Safepoint "Cleanup", Time since last: 1000105854 ns, Reaching safepoint: 48500 ns, At safepoint: 8000 ns, Total: 56500 ns
[2546.818s][info ][safepoint      ] Safepoint "Cleanup", Time since last: 1000101454 ns, Reaching safepoint: 43399 ns, At safepoint: 2700 ns, Total: 46099 ns
[2548.462s][info ][gc,start       ] GC(160) Pause Young (Allocation Failure)
[2548.472s][debug][gc,phases      ] GC(160) Scavenge 10.180ms
[2548.472s][debug][gc,ref         ] GC(160) Skipped phase 1 of Reference Processing: no references
[2548.472s][debug][gc,ref         ] GC(160) ReferenceProcessor::execute queues: 1, RefProcThreadModel::Single, marks_oops_alive: false
[2548.472s][debug][gc,ref         ] GC(160) Skipped phase 3 of Reference Processing: no references
[2548.472s][debug][gc,ref         ] GC(160) ReferenceProcessor::execute queues: 1, RefProcThreadModel::Single, marks_oops_alive: false
[2548.472s][debug][gc,phases      ] GC(160) Reference Processing 0.109ms
[2548.472s][debug][gc,phases      ] GC(160)   VM Weak                        Min:  0.0, Avg:  0.0, Max:  0.0, Diff:  0.0, Sum:  0.0, Workers: 4
[2548.472s][debug][gc,phases      ] GC(160)     Dead                           Min: 0, Avg:  0.0, Max: 0, Diff: 0, Sum: 0, Workers: 4
[2548.472s][debug][gc,phases      ] GC(160)     Total                          Min: 0, Avg: 185.8, Max: 704, Diff: 704, Sum: 743, Workers: 4
[2548.472s][debug][gc,phases      ] GC(160)   ObjectSynchronizer Weak        Min:  0.0, Avg:  0.0, Max:  0.0, Diff:  0.0, Sum:  0.0, Workers: 4
[2548.472s][debug][gc,phases      ] GC(160)     Dead                           Min: 0, Avg:  0.0, Max: 0, Diff: 0, Sum: 0, Workers: 4
[2548.472s][debug][gc,phases      ] GC(160)     Total                          Min: 0, Avg: 89.5, Max: 192, Diff: 192, Sum: 358, Workers: 4
[2548.472s][debug][gc,phases      ] GC(160)   JVMTI Tag Weak OopStorage      Min:  0.0, Avg:  0.0, Max:  0.0, Diff:  0.0, Sum:  0.0, Workers: 4
[2548.472s][debug][gc,phases      ] GC(160)     Dead                           Min: 0, Avg:  0.0, Max: 0, Diff: 0, Sum: 0, Workers: 4
[2548.472s][debug][gc,phases      ] GC(160)     Total                          Min: 0, Avg:  0.0, Max: 0, Diff: 0, Sum: 0, Workers: 4
[2548.472s][debug][gc,phases      ] GC(160)   StringTable Weak               Min:  0.1, Avg:  0.1, Max:  0.1, Diff:  0.0, Sum:  0.3, Workers: 4
[2548.472s][debug][gc,phases      ] GC(160)     Dead                           Min: 0, Avg:  0.0, Max: 0, Diff: 0, Sum: 0, Workers: 4
[2548.472s][debug][gc,phases      ] GC(160)     Total                          Min: 11200, Avg: 12225.2, Max: 13440, Diff: 2240, Sum: 48901, Workers: 4
[2548.472s][debug][gc,phases      ] GC(160)   ResolvedMethodTable Weak       Min:  0.0, Avg:  0.0, Max:  0.0, Diff:  0.0, Sum:  0.1, Workers: 4
[2548.472s][debug][gc,phases      ] GC(160)     Dead                           Min: 0, Avg:  0.0, Max: 0, Diff: 0, Sum: 0, Workers: 4
[2548.472s][debug][gc,phases      ] GC(160)     Total                          Min: 1728, Avg: 2182.2, Max: 2393, Diff: 665, Sum: 8729, Workers: 4
[2548.472s][debug][gc,phases      ] GC(160)   JNI Weak                       Min:  0.0, Avg:  0.0, Max:  0.0, Diff:  0.0, Sum:  0.0, Workers: 4
[2548.472s][debug][gc,phases      ] GC(160)     Dead                           Min: 0, Avg:  0.0, Max: 0, Diff: 0, Sum: 0, Workers: 4
[2548.472s][debug][gc,phases      ] GC(160)     Total                          Min: 0, Avg:  0.0, Max: 0, Diff: 0, Sum: 0, Workers: 4
[2548.472s][debug][gc,phases      ] GC(160)   StringDedup Table Weak         Min:  0.0, Avg:  0.0, Max:  0.0, Diff:  0.0, Sum:  0.0, Workers: 4
[2548.472s][debug][gc,phases      ] GC(160)     Dead                           Min: 0, Avg:  0.0, Max: 0, Diff: 0, Sum: 0, Workers: 4
[2548.472s][debug][gc,phases      ] GC(160)     Total                          Min: 0, Avg:  0.0, Max: 0, Diff: 0, Sum: 0, Workers: 4
[2548.472s][debug][gc,phases      ] GC(160)   StringDedup Requests0 Weak     Min:  0.0, Avg:  0.0, Max:  0.0, Diff:  0.0, Sum:  0.0, Workers: 4
[2548.472s][debug][gc,phases      ] GC(160)     Dead                           Min: 0, Avg:  0.0, Max: 0, Diff: 0, Sum: 0, Workers: 4
[2548.472s][debug][gc,phases      ] GC(160)     Total                          Min: 0, Avg:  0.0, Max: 0, Diff: 0, Sum: 0, Workers: 4
[2548.472s][debug][gc,phases      ] GC(160)   StringDedup Requests1 Weak     Min:  0.0, Avg:  0.0, Max:  0.0, Diff:  0.0, Sum:  0.0, Workers: 4
[2548.472s][debug][gc,phases      ] GC(160)     Dead                           Min: 0, Avg:  0.0, Max: 0, Diff: 0, Sum: 0, Workers: 4
[2548.472s][debug][gc,phases      ] GC(160)     Total                          Min: 0, Avg:  0.0, Max: 0, Diff: 0, Sum: 0, Workers: 4
[2548.472s][debug][gc,phases      ] GC(160)   Weak JFR Old Object Samples    Min:  0.0, Avg:  0.0, Max:  0.0, Diff:  0.0, Sum:  0.0, Workers: 4
[2548.472s][debug][gc,phases      ] GC(160)     Dead                           Min: 0, Avg:  0.0, Max: 0, Diff: 0, Sum: 0, Workers: 4
[2548.472s][debug][gc,phases      ] GC(160)     Total                          Min: 0, Avg:  0.0, Max: 0, Diff: 0, Sum: 0, Workers: 4
[2548.472s][debug][gc,phases      ] GC(160) Weak Processing 0.254ms
[2548.472s][debug][gc,age         ] GC(160) Desired survivor size 95944704 bytes, new threshold 15 (max threshold 15)
[2548.472s][info ][gc,heap        ] GC(160) PSYoungGen: 1933167K(1998336K)->49750K(1996800K) Eden: 1897984K(1897984K)->0K(1897984K) From: 35183K(100352K)->49750K(98816K)
[2548.472s][info ][gc,heap        ] GC(160) ParOldGen: 571691K(606720K)->571763K(606720K)
[2548.472s][info ][gc,metaspace   ] GC(160) Metaspace: 85716K(86656K)->85716K(86656K) NonClass: 73800K(74304K)->73800K(74304K) Class: 11915K(12352K)->11915K(12352K)
[2548.472s][info ][gc             ] GC(160) Pause Young (Allocation Failure) 2446M->606M(2542M) 10.671ms
[2548.472s][info ][gc,cpu         ] GC(160) User=0.04s Sys=0.01s Real=0.02s
[2548.472s][info ][safepoint      ] Safepoint "ParallelGCFailedAllocation", Time since last: 1643416487 ns, Reaching safepoint: 113100 ns, At safepoint: 10750440 ns, Total: 10863540 ns
[2549.473s][info ][safepoint      ] Safepoint "Cleanup", Time since last: 1000082655 ns, Reaching safepoint: 52300 ns, At safepoint: 6099 ns, Total: 58399 ns
[2554.473s][info ][safepoint      ] Safepoint "Cleanup", Time since last: 5000351576 ns, Reaching safepoint: 47500 ns, At safepoint: 7900 ns, Total: 55400 ns
[2555.473s][info ][safepoint      ] Safepoint "Cleanup", Time since last: 1000065655 ns, Reaching safepoint: 48100 ns, At safepoint: 3400 ns, Total: 51500 ns
[2556.593s][info ][safepoint      ] Safepoint "Cleanup", Time since last: 1119935791 ns, Reaching safepoint: 68700 ns, At safepoint: 5300 ns, Total: 74000 ns
[2560.593s][info ][safepoint      ] Safepoint "Cleanup", Time since last: 4000295724 ns, Reaching safepoint: 51300 ns, At safepoint: 3000 ns, Total: 54300 ns
[2561.594s][info ][safepoint      ] Safepoint "Cleanup", Time since last: 1000120256 ns, Reaching safepoint: 47800 ns, At safepoint: 2600 ns, Total: 50400 ns
[2562.594s][info ][safepoint      ] Safepoint "Cleanup", Time since last: 1000106556 ns, Reaching safepoint: 43400 ns, At safepoint: 4000 ns, Total: 47400 ns
[2563.594s][info ][safepoint      ] Safepoint "Cleanup", Time since last: 1000109356 ns, Reaching safepoint: 42700 ns, At safepoint: 10000 ns, Total: 52700 ns
[2564.594s][info ][safepoint      ] Safepoint "Cleanup", Time since last: 1000104757 ns, Reaching safepoint: 41500 ns, At safepoint: 9499 ns, Total: 50999 ns
[2565.594s][info ][safepoint      ] Safepoint "Cleanup", Time since last: 1000097557 ns, Reaching safepoint: 44800 ns, At safepoint: 2500 ns, Total: 47300 ns
[2571.595s][info ][safepoint      ] Safepoint "Cleanup", Time since last: 6000390746 ns, Reaching safepoint: 41199 ns, At safepoint: 6500 ns, Total: 47699 ns
[2573.263s][info ][gc,start       ] GC(161) Pause Young (Allocation Failure)
[2573.274s][debug][gc,phases      ] GC(161) Scavenge 10.529ms
[2573.274s][debug][gc,ref         ] GC(161) Skipped phase 1 of Reference Processing: no references
[2573.274s][debug][gc,ref         ] GC(161) ReferenceProcessor::execute queues: 1, RefProcThreadModel::Single, marks_oops_alive: false
[2573.274s][debug][gc,ref         ] GC(161) Skipped phase 3 of Reference Processing: no references
[2573.274s][debug][gc,ref         ] GC(161) ReferenceProcessor::execute queues: 1, RefProcThreadModel::Single, marks_oops_alive: false
[2573.274s][debug][gc,phases      ] GC(161) Reference Processing 0.116ms
[2573.274s][debug][gc,phases      ] GC(161)   VM Weak                        Min:  0.0, Avg:  0.0, Max:  0.0, Diff:  0.0, Sum:  0.0, Workers: 4
[2573.274s][debug][gc,phases      ] GC(161)     Dead                           Min: 0, Avg:  0.0, Max: 0, Diff: 0, Sum: 0, Workers: 4
[2573.274s][debug][gc,phases      ] GC(161)     Total                          Min: 0, Avg: 185.8, Max: 743, Diff: 743, Sum: 743, Workers: 4
[2573.274s][debug][gc,phases      ] GC(161)   ObjectSynchronizer Weak        Min:  0.0, Avg:  0.0, Max:  0.0, Diff:  0.0, Sum:  0.0, Workers: 4
[2573.274s][debug][gc,phases      ] GC(161)     Dead                           Min: 0, Avg:  0.0, Max: 0, Diff: 0, Sum: 0, Workers: 4
[2573.274s][debug][gc,phases      ] GC(161)     Total                          Min: 0, Avg: 89.5, Max: 358, Diff: 358, Sum: 358, Workers: 4
[2573.274s][debug][gc,phases      ] GC(161)   JVMTI Tag Weak OopStorage      Min:  0.0, Avg:  0.0, Max:  0.0, Diff:  0.0, Sum:  0.0, Workers: 4
[2573.274s][debug][gc,phases      ] GC(161)     Dead                           Min: 0, Avg:  0.0, Max: 0, Diff: 0, Sum: 0, Workers: 4
[2573.274s][debug][gc,phases      ] GC(161)     Total                          Min: 0, Avg:  0.0, Max: 0, Diff: 0, Sum: 0, Workers: 4
[2573.274s][debug][gc,phases      ] GC(161)   StringTable Weak               Min:  0.1, Avg:  0.1, Max:  0.1, Diff:  0.0, Sum:  0.4, Workers: 4
[2573.274s][debug][gc,phases      ] GC(161)     Dead                           Min: 0, Avg:  0.0, Max: 0, Diff: 0, Sum: 0, Workers: 4
[2573.274s][debug][gc,phases      ] GC(161)     Total                          Min: 9856, Avg: 12227.8, Max: 15424, Diff: 5568, Sum: 48911, Workers: 4
[2573.274s][debug][gc,phases      ] GC(161)   ResolvedMethodTable Weak       Min:  0.0, Avg:  0.0, Max:  0.0, Diff:  0.0, Sum:  0.1, Workers: 4
[2573.274s][debug][gc,phases      ] GC(161)     Dead                           Min: 0, Avg:  0.0, Max: 0, Diff: 0, Sum: 0, Workers: 4
[2573.274s][debug][gc,phases      ] GC(161)     Total                          Min: 1691, Avg: 2182.8, Max: 2816, Diff: 1125, Sum: 8731, Workers: 4
[2573.274s][debug][gc,phases      ] GC(161)   JNI Weak                       Min:  0.0, Avg:  0.0, Max:  0.0, Diff:  0.0, Sum:  0.0, Workers: 4
[2573.274s][debug][gc,phases      ] GC(161)     Dead                           Min: 0, Avg:  0.0, Max: 0, Diff: 0, Sum: 0, Workers: 4
[2573.274s][debug][gc,phases      ] GC(161)     Total                          Min: 0, Avg:  0.0, Max: 0, Diff: 0, Sum: 0, Workers: 4
[2573.274s][debug][gc,phases      ] GC(161)   StringDedup Table Weak         Min:  0.0, Avg:  0.0, Max:  0.0, Diff:  0.0, Sum:  0.0, Workers: 4
[2573.274s][debug][gc,phases      ] GC(161)     Dead                           Min: 0, Avg:  0.0, Max: 0, Diff: 0, Sum: 0, Workers: 4
[2573.274s][debug][gc,phases      ] GC(161)     Total                          Min: 0, Avg:  0.0, Max: 0, Diff: 0, Sum: 0, Workers: 4
[2573.274s][debug][gc,phases      ] GC(161)   StringDedup Requests0 Weak     Min:  0.0, Avg:  0.0, Max:  0.0, Diff:  0.0, Sum:  0.0, Workers: 4
[2573.274s][debug][gc,phases      ] GC(161)     Dead                           Min: 0, Avg:  0.0, Max: 0, Diff: 0, Sum: 0, Workers: 4
[2573.274s][debug][gc,phases      ] GC(161)     Total                          Min: 0, Avg:  0.0, Max: 0, Diff: 0, Sum: 0, Workers: 4
[2573.274s][debug][gc,phases      ] GC(161)   StringDedup Requests1 Weak     Min:  0.0, Avg:  0.0, Max:  0.0, Diff:  0.0, Sum:  0.0, Workers: 4
[2573.274s][debug][gc,phases      ] GC(161)     Dead                           Min: 0, Avg:  0.0, Max: 0, Diff: 0, Sum: 0, Workers: 4
[2573.274s][debug][gc,phases      ] GC(161)     Total                          Min: 0, Avg:  0.0, Max: 0, Diff: 0, Sum: 0, Workers: 4
[2573.274s][debug][gc,phases      ] GC(161)   Weak JFR Old Object Samples    Min:  0.0, Avg:  0.0, Max:  0.0, Diff:  0.0, Sum:  0.0, Workers: 4
[2573.274s][debug][gc,phases      ] GC(161)     Dead                           Min: 0, Avg:  0.0, Max: 0, Diff: 0, Sum: 0, Workers: 4
[2573.274s][debug][gc,phases      ] GC(161)     Total                          Min: 0, Avg:  0.0, Max: 0, Diff: 0, Sum: 0, Workers: 4
[2573.274s][debug][gc,phases      ] GC(161) Weak Processing 0.269ms
[2573.274s][debug][gc,age         ] GC(161) Desired survivor size 92798976 bytes, new threshold 15 (max threshold 15)
[2573.274s][info ][gc,heap        ] GC(161) PSYoungGen: 1947734K(1996800K)->53222K(2006528K) Eden: 1897984K(1897984K)->0K(1912832K) From: 49750K(98816K)->53222K(93696K)
[2573.274s][info ][gc,heap        ] GC(161) ParOldGen: 571763K(606720K)->572251K(606720K)
[2573.274s][info ][gc,metaspace   ] GC(161) Metaspace: 85749K(86656K)->85749K(86656K) NonClass: 73831K(74304K)->73831K(74304K) Class: 11918K(12352K)->11918K(12352K)
[2573.274s][info ][gc             ] GC(161) Pause Young (Allocation Failure) 2460M->610M(2552M) 11.039ms
[2573.274s][info ][gc,cpu         ] GC(161) User=0.04s Sys=0.00s Real=0.01s
[2573.274s][info ][safepoint      ] Safepoint "ParallelGCFailedAllocation", Time since last: 1668342755 ns, Reaching safepoint: 38500 ns, At safepoint: 11115738 ns, Total: 11154238 ns
[2577.274s][info ][safepoint      ] Safepoint "Cleanup", Time since last: 4000270434 ns, Reaching safepoint: 50700 ns, At safepoint: 8100 ns, Total: 58800 ns
[2581.275s][info ][safepoint      ] Safepoint "Cleanup", Time since last: 4000289036 ns, Reaching safepoint: 40200 ns, At safepoint: 2600 ns, Total: 42800 ns
[2582.275s][info ][safepoint      ] Safepoint "Cleanup", Time since last: 1000100659 ns, Reaching safepoint: 39200 ns, At safepoint: 2500 ns, Total: 41700 ns
[2583.275s][info ][safepoint      ] Safepoint "Cleanup", Time since last: 1000124959 ns, Reaching safepoint: 44800 ns, At safepoint: 2900 ns, Total: 47700 ns
[2595.276s][info ][safepoint      ] Safepoint "Cleanup", Time since last: 12000706526 ns, Reaching safepoint: 115500 ns, At safepoint: 11400 ns, Total: 126900 ns
[2596.276s][info ][safepoint      ] Safepoint "Cleanup", Time since last: 1000103861 ns, Reaching safepoint: 134999 ns, At safepoint: 7800 ns, Total: 142799 ns
[2597.276s][info ][safepoint      ] Safepoint "Cleanup", Time since last: 1000057362 ns, Reaching safepoint: 113099 ns, At safepoint: 8500 ns, Total: 121599 ns
[2600.277s][info ][safepoint      ] Safepoint "Cleanup", Time since last: 3000196885 ns, Reaching safepoint: 109100 ns, At safepoint: 5700 ns, Total: 114800 ns
[2605.277s][info ][safepoint      ] Safepoint "Cleanup", Time since last: 5000358611 ns, Reaching safepoint: 86400 ns, At safepoint: 10100 ns, Total: 96500 ns
[2609.278s][info ][safepoint      ] Safepoint "Cleanup", Time since last: 4000304151 ns, Reaching safepoint: 114300 ns, At safepoint: 9200 ns, Total: 123500 ns
[2611.301s][info ][gc,start       ] GC(162) Pause Young (Allocation Failure)
[2611.309s][debug][gc,phases      ] GC(162) Scavenge 7.983ms
[2611.309s][debug][gc,ref         ] GC(162) Skipped phase 1 of Reference Processing: no references
[2611.309s][debug][gc,ref         ] GC(162) ReferenceProcessor::execute queues: 1, RefProcThreadModel::Single, marks_oops_alive: false
[2611.309s][debug][gc,ref         ] GC(162) Skipped phase 3 of Reference Processing: no references
[2611.309s][debug][gc,ref         ] GC(162) ReferenceProcessor::execute queues: 1, RefProcThreadModel::Single, marks_oops_alive: false
[2611.309s][debug][gc,phases      ] GC(162) Reference Processing 0.113ms
[2611.309s][debug][gc,phases      ] GC(162)   VM Weak                        Min:  0.0, Avg:  0.0, Max:  0.0, Diff:  0.0, Sum:  0.0, Workers: 4
[2611.309s][debug][gc,phases      ] GC(162)     Dead                           Min: 0, Avg:  0.0, Max: 0, Diff: 0, Sum: 0, Workers: 4
[2611.309s][debug][gc,phases      ] GC(162)     Total                          Min: 0, Avg: 189.5, Max: 704, Diff: 704, Sum: 758, Workers: 4
[2611.309s][debug][gc,phases      ] GC(162)   ObjectSynchronizer Weak        Min:  0.0, Avg:  0.0, Max:  0.0, Diff:  0.0, Sum:  0.0, Workers: 4
[2611.309s][debug][gc,phases      ] GC(162)     Dead                           Min: 0, Avg:  0.0, Max: 0, Diff: 0, Sum: 0, Workers: 4
[2611.309s][debug][gc,phases      ] GC(162)     Total                          Min: 0, Avg: 89.5, Max: 192, Diff: 192, Sum: 358, Workers: 4
[2611.309s][debug][gc,phases      ] GC(162)   JVMTI Tag Weak OopStorage      Min:  0.0, Avg:  0.0, Max:  0.0, Diff:  0.0, Sum:  0.0, Workers: 4
[2611.309s][debug][gc,phases      ] GC(162)     Dead                           Min: 0, Avg:  0.0, Max: 0, Diff: 0, Sum: 0, Workers: 4
[2611.309s][debug][gc,phases      ] GC(162)     Total                          Min: 0, Avg:  0.0, Max: 0, Diff: 0, Sum: 0, Workers: 4
[2611.309s][debug][gc,phases      ] GC(162)   StringTable Weak               Min:  0.1, Avg:  0.1, Max:  0.1, Diff:  0.0, Sum:  0.3, Workers: 4
[2611.309s][debug][gc,phases      ] GC(162)     Dead                           Min: 0, Avg:  0.5, Max: 2, Diff: 2, Sum: 2, Workers: 4
[2611.309s][debug][gc,phases      ] GC(162)     Total                          Min: 11162, Avg: 12230.0, Max: 13055, Diff: 1893, Sum: 48920, Workers: 4
[2611.309s][debug][gc,phases      ] GC(162)   ResolvedMethodTable Weak       Min:  0.0, Avg:  0.0, Max:  0.0, Diff:  0.0, Sum:  0.1, Workers: 4
[2611.309s][debug][gc,phases      ] GC(162)     Dead                           Min: 0, Avg:  0.0, Max: 0, Diff: 0, Sum: 0, Workers: 4
[2611.309s][debug][gc,phases      ] GC(162)     Total                          Min: 2048, Avg: 2187.5, Max: 2432, Diff: 384, Sum: 8750, Workers: 4
[2611.309s][debug][gc,phases      ] GC(162)   JNI Weak                       Min:  0.0, Avg:  0.0, Max:  0.0, Diff:  0.0, Sum:  0.0, Workers: 4
[2611.309s][debug][gc,phases      ] GC(162)     Dead                           Min: 0, Avg:  0.0, Max: 0, Diff: 0, Sum: 0, Workers: 4
[2611.309s][debug][gc,phases      ] GC(162)     Total                          Min: 0, Avg:  0.0, Max: 0, Diff: 0, Sum: 0, Workers: 4
[2611.309s][debug][gc,phases      ] GC(162)   StringDedup Table Weak         Min:  0.0, Avg:  0.0, Max:  0.0, Diff:  0.0, Sum:  0.0, Workers: 4
[2611.309s][debug][gc,phases      ] GC(162)     Dead                           Min: 0, Avg:  0.0, Max: 0, Diff: 0, Sum: 0, Workers: 4
[2611.309s][debug][gc,phases      ] GC(162)     Total                          Min: 0, Avg:  0.0, Max: 0, Diff: 0, Sum: 0, Workers: 4
[2611.309s][debug][gc,phases      ] GC(162)   StringDedup Requests0 Weak     Min:  0.0, Avg:  0.0, Max:  0.0, Diff:  0.0, Sum:  0.0, Workers: 4
[2611.309s][debug][gc,phases      ] GC(162)     Dead                           Min: 0, Avg:  0.0, Max: 0, Diff: 0, Sum: 0, Workers: 4
[2611.309s][debug][gc,phases      ] GC(162)     Total                          Min: 0, Avg:  0.0, Max: 0, Diff: 0, Sum: 0, Workers: 4
[2611.309s][debug][gc,phases      ] GC(162)   StringDedup Requests1 Weak     Min:  0.0, Avg:  0.0, Max:  0.0, Diff:  0.0, Sum:  0.0, Workers: 4
[2611.309s][debug][gc,phases      ] GC(162)     Dead                           Min: 0, Avg:  0.0, Max: 0, Diff: 0, Sum: 0, Workers: 4
[2611.309s][debug][gc,phases      ] GC(162)     Total                          Min: 0, Avg:  0.0, Max: 0, Diff: 0, Sum: 0, Workers: 4
[2611.309s][debug][gc,phases      ] GC(162)   Weak JFR Old Object Samples    Min:  0.0, Avg:  0.0, Max:  0.0, Diff:  0.0, Sum:  0.0, Workers: 4
[2611.309s][debug][gc,phases      ] GC(162)     Dead                           Min: 0, Avg:  0.0, Max: 0, Diff: 0, Sum: 0, Workers: 4
[2611.309s][debug][gc,phases      ] GC(162)     Total                          Min: 0, Avg:  0.0, Max: 0, Diff: 0, Sum: 0, Workers: 4
[2611.309s][debug][gc,phases      ] GC(162) Weak Processing 0.255ms
[2611.309s][debug][gc,age         ] GC(162) Desired survivor size 90177536 bytes, new threshold 15 (max threshold 15)
[2611.309s][info ][gc,heap        ] GC(162) PSYoungGen: 1966054K(2006528K)->53814K(2003456K) Eden: 1912832K(1912832K)->0K(1912832K) From: 53222K(93696K)->53814K(90624K)
[2611.309s][info ][gc,heap        ] GC(162) ParOldGen: 572251K(606720K)->572419K(606720K)
[2611.309s][info ][gc,metaspace   ] GC(162) Metaspace: 85804K(86720K)->85804K(86720K) NonClass: 73877K(74368K)->73877K(74368K) Class: 11926K(12352K)->11926K(12352K)
[2611.309s][info ][gc             ] GC(162) Pause Young (Allocation Failure) 2478M->611M(2549M) 8.470ms
[2611.309s][info ][gc,cpu         ] GC(162) User=0.03s Sys=0.00s Real=0.01s
[2611.309s][info ][safepoint      ] Safepoint "ParallelGCFailedAllocation", Time since last: 2022901400 ns, Reaching safepoint: 30900 ns, At safepoint: 8553453 ns, Total: 8584353 ns
[2616.310s][info ][safepoint      ] Safepoint "Cleanup", Time since last: 5000388519 ns, Reaching safepoint: 45899 ns, At safepoint: 8400 ns, Total: 54299 ns
[2619.310s][info ][safepoint      ] Safepoint "Cleanup", Time since last: 3000234593 ns, Reaching safepoint: 50700 ns, At safepoint: 7700 ns, Total: 58400 ns
[2621.310s][info ][safepoint      ] Safepoint "Cleanup", Time since last: 2000168629 ns, Reaching safepoint: 41900 ns, At safepoint: 2600 ns, Total: 44500 ns
[2622.310s][info ][safepoint      ] Safepoint "Cleanup", Time since last: 1000096064 ns, Reaching safepoint: 50200 ns, At safepoint: 12000 ns, Total: 62200 ns
[2632.311s][info ][safepoint      ] Safepoint "Cleanup", Time since last: 10000661256 ns, Reaching safepoint: 44599 ns, At safepoint: 15200 ns, Total: 59799 ns
[2635.311s][info ][safepoint      ] Safepoint "Cleanup", Time since last: 3000235699 ns, Reaching safepoint: 42800 ns, At safepoint: 3100 ns, Total: 45900 ns
[2638.311s][info ][safepoint      ] Safepoint "Cleanup", Time since last: 3000232900 ns, Reaching safepoint: 41200 ns, At safepoint: 5000 ns, Total: 46200 ns
[2639.312s][info ][safepoint      ] Safepoint "Cleanup", Time since last: 1000103067 ns, Reaching safepoint: 60600 ns, At safepoint: 6000 ns, Total: 66600 ns
[2646.312s][info ][safepoint      ] Safepoint "Cleanup", Time since last: 7000483072 ns, Reaching safepoint: 47200 ns, At safepoint: 6600 ns, Total: 53800 ns
[2648.312s][info ][safepoint      ] Safepoint "Cleanup", Time since last: 2000187936 ns, Reaching safepoint: 62799 ns, At safepoint: 8800 ns, Total: 71599 ns
[2650.313s][info ][safepoint      ] Safepoint "Cleanup", Time since last: 2000126237 ns, Reaching safepoint: 37600 ns, At safepoint: 2400 ns, Total: 40000 ns
[2650.772s][info ][gc,start       ] GC(163) Pause Young (Allocation Failure)
[2650.781s][debug][gc,phases      ] GC(163) Scavenge 8.706ms
[2650.781s][debug][gc,ref         ] GC(163) Skipped phase 1 of Reference Processing: no references
[2650.781s][debug][gc,ref         ] GC(163) ReferenceProcessor::execute queues: 1, RefProcThreadModel::Single, marks_oops_alive: false
[2650.781s][debug][gc,ref         ] GC(163) Skipped phase 3 of Reference Processing: no references
[2650.781s][debug][gc,ref         ] GC(163) ReferenceProcessor::execute queues: 1, RefProcThreadModel::Single, marks_oops_alive: false
[2650.781s][debug][gc,phases      ] GC(163) Reference Processing 0.109ms
[2650.781s][debug][gc,phases      ] GC(163)   VM Weak                        Min:  0.0, Avg:  0.0, Max:  0.0, Diff:  0.0, Sum:  0.0, Workers: 4
[2650.781s][debug][gc,phases      ] GC(163)     Dead                           Min: 0, Avg:  0.0, Max: 0, Diff: 0, Sum: 0, Workers: 4
[2650.781s][debug][gc,phases      ] GC(163)     Total                          Min: 0, Avg: 189.5, Max: 630, Diff: 630, Sum: 758, Workers: 4
[2650.781s][debug][gc,phases      ] GC(163)   ObjectSynchronizer Weak        Min:  0.0, Avg:  0.0, Max:  0.0, Diff:  0.0, Sum:  0.0, Workers: 4
[2650.781s][debug][gc,phases      ] GC(163)     Dead                           Min: 0, Avg:  0.0, Max: 0, Diff: 0, Sum: 0, Workers: 4
[2650.781s][debug][gc,phases      ] GC(163)     Total                          Min: 0, Avg: 89.5, Max: 192, Diff: 192, Sum: 358, Workers: 4
[2650.781s][debug][gc,phases      ] GC(163)   JVMTI Tag Weak OopStorage      Min:  0.0, Avg:  0.0, Max:  0.0, Diff:  0.0, Sum:  0.0, Workers: 4
[2650.781s][debug][gc,phases      ] GC(163)     Dead                           Min: 0, Avg:  0.0, Max: 0, Diff: 0, Sum: 0, Workers: 4
[2650.781s][debug][gc,phases      ] GC(163)     Total                          Min: 0, Avg:  0.0, Max: 0, Diff: 0, Sum: 0, Workers: 4
[2650.781s][debug][gc,phases      ] GC(163)   StringTable Weak               Min:  0.1, Avg:  0.1, Max:  0.1, Diff:  0.0, Sum:  0.4, Workers: 4
[2650.781s][debug][gc,phases      ] GC(163)     Dead                           Min: 0, Avg:  0.0, Max: 0, Diff: 0, Sum: 0, Workers: 4
[2650.781s][debug][gc,phases      ] GC(163)     Total                          Min: 11802, Avg: 12230.0, Max: 12863, Diff: 1061, Sum: 48920, Workers: 4
[2650.781s][debug][gc,phases      ] GC(163)   ResolvedMethodTable Weak       Min:  0.0, Avg:  0.0, Max:  0.0, Diff:  0.0, Sum:  0.1, Workers: 4
[2650.781s][debug][gc,phases      ] GC(163)     Dead                           Min: 0, Avg:  0.0, Max: 0, Diff: 0, Sum: 0, Workers: 4
[2650.781s][debug][gc,phases      ] GC(163)     Total                          Min: 1984, Avg: 2187.5, Max: 2350, Diff: 366, Sum: 8750, Workers: 4
[2650.781s][debug][gc,phases      ] GC(163)   JNI Weak                       Min:  0.0, Avg:  0.0, Max:  0.0, Diff:  0.0, Sum:  0.0, Workers: 4
[2650.781s][debug][gc,phases      ] GC(163)     Dead                           Min: 0, Avg:  0.0, Max: 0, Diff: 0, Sum: 0, Workers: 4
[2650.781s][debug][gc,phases      ] GC(163)     Total                          Min: 0, Avg:  0.0, Max: 0, Diff: 0, Sum: 0, Workers: 4
[2650.781s][debug][gc,phases      ] GC(163)   StringDedup Table Weak         Min:  0.0, Avg:  0.0, Max:  0.0, Diff:  0.0, Sum:  0.0, Workers: 4
[2650.781s][debug][gc,phases      ] GC(163)     Dead                           Min: 0, Avg:  0.0, Max: 0, Diff: 0, Sum: 0, Workers: 4
[2650.781s][debug][gc,phases      ] GC(163)     Total                          Min: 0, Avg:  0.0, Max: 0, Diff: 0, Sum: 0, Workers: 4
[2650.781s][debug][gc,phases      ] GC(163)   StringDedup Requests0 Weak     Min:  0.0, Avg:  0.0, Max:  0.0, Diff:  0.0, Sum:  0.0, Workers: 4
[2650.781s][debug][gc,phases      ] GC(163)     Dead                           Min: 0, Avg:  0.0, Max: 0, Diff: 0, Sum: 0, Workers: 4
[2650.781s][debug][gc,phases      ] GC(163)     Total                          Min: 0, Avg:  0.0, Max: 0, Diff: 0, Sum: 0, Workers: 4
[2650.781s][debug][gc,phases      ] GC(163)   StringDedup Requests1 Weak     Min:  0.0, Avg:  0.0, Max:  0.0, Diff:  0.0, Sum:  0.0, Workers: 4
[2650.781s][debug][gc,phases      ] GC(163)     Dead                           Min: 0, Avg:  0.0, Max: 0, Diff: 0, Sum: 0, Workers: 4
[2650.781s][debug][gc,phases      ] GC(163)     Total                          Min: 0, Avg:  0.0, Max: 0, Diff: 0, Sum: 0, Workers: 4
[2650.781s][debug][gc,phases      ] GC(163)   Weak JFR Old Object Samples    Min:  0.0, Avg:  0.0, Max:  0.0, Diff:  0.0, Sum:  0.0, Workers: 4
[2650.781s][debug][gc,phases      ] GC(163)     Dead                           Min: 0, Avg:  0.0, Max: 0, Diff: 0, Sum: 0, Workers: 4
[2650.781s][debug][gc,phases      ] GC(163)     Total                          Min: 0, Avg:  0.0, Max: 0, Diff: 0, Sum: 0, Workers: 4
[2650.781s][debug][gc,phases      ] GC(163) Weak Processing 0.261ms
[2650.781s][debug][gc,age         ] GC(163) Desired survivor size 87031808 bytes, new threshold 15 (max threshold 15)
[2650.781s][info ][gc,heap        ] GC(163) PSYoungGen: 1966646K(2003456K)->53446K(2012160K) Eden: 1912832K(1912832K)->0K(1924096K) From: 53814K(90624K)->53446K(88064K)
[2650.781s][info ][gc,heap        ] GC(163) ParOldGen: 572419K(606720K)->572819K(606720K)
[2650.781s][info ][gc,metaspace   ] GC(163) Metaspace: 85808K(86720K)->85808K(86720K) NonClass: 73881K(74368K)->73881K(74368K) Class: 11926K(12352K)->11926K(12352K)
[2650.781s][info ][gc             ] GC(163) Pause Young (Allocation Failure) 2479M->611M(2557M) 9.192ms
[2650.781s][info ][gc,cpu         ] GC(163) User=0.04s Sys=0.00s Real=0.00s
[2650.781s][info ][safepoint      ] Safepoint "ParallelGCFailedAllocation", Time since last: 459174360 ns, Reaching safepoint: 27400 ns, At safepoint: 9268049 ns, Total: 9295449 ns
[2652.781s][info ][safepoint      ] Safepoint "Cleanup", Time since last: 2000153937 ns, Reaching safepoint: 101799 ns, At safepoint: 4300 ns, Total: 106099 ns
[2655.782s][info ][safepoint      ] Safepoint "Cleanup", Time since last: 3000246407 ns, Reaching safepoint: 114299 ns, At safepoint: 14200 ns, Total: 128499 ns
[2658.782s][info ][safepoint      ] Safepoint "Cleanup", Time since last: 3000254808 ns, Reaching safepoint: 124999 ns, At safepoint: 9400 ns, Total: 134399 ns
[2659.782s][info ][safepoint      ] Safepoint "Cleanup", Time since last: 1000108569 ns, Reaching safepoint: 111700 ns, At safepoint: 5900 ns, Total: 117600 ns
[2660.782s][info ][safepoint      ] Safepoint "Cleanup", Time since last: 1000098069 ns, Reaching safepoint: 50500 ns, At safepoint: 9900 ns, Total: 60400 ns
[2660.900s][info ][gc,start       ] GC(164) Pause Young (Allocation Failure)
[2660.913s][debug][gc,phases      ] GC(164) Scavenge 12.455ms
[2660.913s][debug][gc,ref         ] GC(164) Skipped phase 1 of Reference Processing: no references
[2660.913s][debug][gc,ref         ] GC(164) ReferenceProcessor::execute queues: 1, RefProcThreadModel::Single, marks_oops_alive: false
[2660.913s][debug][gc,ref         ] GC(164) Skipped phase 3 of Reference Processing: no references
[2660.913s][debug][gc,ref         ] GC(164) ReferenceProcessor::execute queues: 1, RefProcThreadModel::Single, marks_oops_alive: false
[2660.913s][debug][gc,phases      ] GC(164) Reference Processing 0.103ms
[2660.913s][debug][gc,phases      ] GC(164)   VM Weak                        Min:  0.0, Avg:  0.0, Max:  0.0, Diff:  0.0, Sum:  0.0, Workers: 4
[2660.913s][debug][gc,phases      ] GC(164)     Dead                           Min: 0, Avg:  0.0, Max: 0, Diff: 0, Sum: 0, Workers: 4
[2660.913s][debug][gc,phases      ] GC(164)     Total                          Min: 0, Avg: 189.5, Max: 438, Diff: 438, Sum: 758, Workers: 4
[2660.913s][debug][gc,phases      ] GC(164)   ObjectSynchronizer Weak        Min:  0.0, Avg:  0.0, Max:  0.0, Diff:  0.0, Sum:  0.0, Workers: 4
[2660.913s][debug][gc,phases      ] GC(164)     Dead                           Min: 0, Avg:  0.0, Max: 0, Diff: 0, Sum: 0, Workers: 4
[2660.913s][debug][gc,phases      ] GC(164)     Total                          Min: 0, Avg: 89.5, Max: 192, Diff: 192, Sum: 358, Workers: 4
[2660.913s][debug][gc,phases      ] GC(164)   JVMTI Tag Weak OopStorage      Min:  0.0, Avg:  0.0, Max:  0.0, Diff:  0.0, Sum:  0.0, Workers: 4
[2660.913s][debug][gc,phases      ] GC(164)     Dead                           Min: 0, Avg:  0.0, Max: 0, Diff: 0, Sum: 0, Workers: 4
[2660.913s][debug][gc,phases      ] GC(164)     Total                          Min: 0, Avg:  0.0, Max: 0, Diff: 0, Sum: 0, Workers: 4
[2660.913s][debug][gc,phases      ] GC(164)   StringTable Weak               Min:  0.1, Avg:  0.1, Max:  0.1, Diff:  0.0, Sum:  0.3, Workers: 4
[2660.913s][debug][gc,phases      ] GC(164)     Dead                           Min: 0, Avg:  0.0, Max: 0, Diff: 0, Sum: 0, Workers: 4
[2660.913s][debug][gc,phases      ] GC(164)     Total                          Min: 10330, Avg: 12230.2, Max: 13567, Diff: 3237, Sum: 48921, Workers: 4
[2660.913s][debug][gc,phases      ] GC(164)   ResolvedMethodTable Weak       Min:  0.0, Avg:  0.0, Max:  0.0, Diff:  0.0, Sum:  0.1, Workers: 4
[2660.913s][debug][gc,phases      ] GC(164)     Dead                           Min: 0, Avg:  0.0, Max: 0, Diff: 0, Sum: 0, Workers: 4
[2660.913s][debug][gc,phases      ] GC(164)     Total                          Min: 2112, Avg: 2187.5, Max: 2240, Diff: 128, Sum: 8750, Workers: 4
[2660.913s][debug][gc,phases      ] GC(164)   JNI Weak                       Min:  0.0, Avg:  0.0, Max:  0.0, Diff:  0.0, Sum:  0.0, Workers: 4
[2660.913s][debug][gc,phases      ] GC(164)     Dead                           Min: 0, Avg:  0.0, Max: 0, Diff: 0, Sum: 0, Workers: 4
[2660.913s][debug][gc,phases      ] GC(164)     Total                          Min: 0, Avg:  0.0, Max: 0, Diff: 0, Sum: 0, Workers: 4
[2660.913s][debug][gc,phases      ] GC(164)   StringDedup Table Weak         Min:  0.0, Avg:  0.0, Max:  0.0, Diff:  0.0, Sum:  0.0, Workers: 4
[2660.913s][debug][gc,phases      ] GC(164)     Dead                           Min: 0, Avg:  0.0, Max: 0, Diff: 0, Sum: 0, Workers: 4
[2660.913s][debug][gc,phases      ] GC(164)     Total                          Min: 0, Avg:  0.0, Max: 0, Diff: 0, Sum: 0, Workers: 4
[2660.913s][debug][gc,phases      ] GC(164)   StringDedup Requests0 Weak     Min:  0.0, Avg:  0.0, Max:  0.0, Diff:  0.0, Sum:  0.0, Workers: 4
[2660.913s][debug][gc,phases      ] GC(164)     Dead                           Min: 0, Avg:  0.0, Max: 0, Diff: 0, Sum: 0, Workers: 4
[2660.913s][debug][gc,phases      ] GC(164)     Total                          Min: 0, Avg:  0.0, Max: 0, Diff: 0, Sum: 0, Workers: 4
[2660.913s][debug][gc,phases      ] GC(164)   StringDedup Requests1 Weak     Min:  0.0, Avg:  0.0, Max:  0.0, Diff:  0.0, Sum:  0.0, Workers: 4
[2660.913s][debug][gc,phases      ] GC(164)     Dead                           Min: 0, Avg:  0.0, Max: 0, Diff: 0, Sum: 0, Workers: 4
[2660.913s][debug][gc,phases      ] GC(164)     Total                          Min: 0, Avg:  0.0, Max: 0, Diff: 0, Sum: 0, Workers: 4
[2660.913s][debug][gc,phases      ] GC(164)   Weak JFR Old Object Samples    Min:  0.0, Avg:  0.0, Max:  0.0, Diff:  0.0, Sum:  0.0, Workers: 4
[2660.913s][debug][gc,phases      ] GC(164)     Dead                           Min: 0, Avg:  0.0, Max: 0, Diff: 0, Sum: 0, Workers: 4
[2660.913s][debug][gc,phases      ] GC(164)     Total                          Min: 0, Avg:  0.0, Max: 0, Diff: 0, Sum: 0, Workers: 4
[2660.913s][debug][gc,phases      ] GC(164) Weak Processing 0.262ms
[2660.913s][debug][gc,age         ] GC(164) Desired survivor size 91226112 bytes, new threshold 15 (max threshold 15)
[2660.913s][info ][gc,heap        ] GC(164) PSYoungGen: 1977542K(2012160K)->70694K(1995264K) Eden: 1924096K(1924096K)->0K(1924096K) From: 53446K(88064K)->70694K(71168K)
[2660.913s][info ][gc,heap        ] GC(164) ParOldGen: 572819K(606720K)->572907K(606720K)
[2660.913s][info ][gc,metaspace   ] GC(164) Metaspace: 85809K(86720K)->85809K(86720K) NonClass: 73882K(74368K)->73882K(74368K) Class: 11926K(12352K)->11926K(12352K)
[2660.913s][info ][gc             ] GC(164) Pause Young (Allocation Failure) 2490M->628M(2541M) 12.941ms
[2660.913s][info ][gc,cpu         ] GC(164) User=0.05s Sys=0.00s Real=0.02s
[2660.913s][info ][safepoint      ] Safepoint "ParallelGCFailedAllocation", Time since last: 117933648 ns, Reaching safepoint: 26500 ns, At safepoint: 13013328 ns, Total: 13039828 ns
[2661.914s][info ][safepoint      ] Safepoint "Cleanup", Time since last: 1000079869 ns, Reaching safepoint: 48600 ns, At safepoint: 3000 ns, Total: 51600 ns
[2662.914s][info ][safepoint      ] Safepoint "Cleanup", Time since last: 1000102170 ns, Reaching safepoint: 45400 ns, At safepoint: 6600 ns, Total: 52000 ns
[2666.914s][info ][safepoint      ] Safepoint "Cleanup", Time since last: 4000296834 ns, Reaching safepoint: 50100 ns, At safepoint: 24100 ns, Total: 74200 ns
[2667.914s][info ][safepoint      ] Safepoint "Cleanup", Time since last: 1000101941 ns, Reaching safepoint: 45900 ns, At safepoint: 2800 ns, Total: 48700 ns
[2676.915s][info ][safepoint      ] Safepoint "Cleanup", Time since last: 9000603833 ns, Reaching safepoint: 44000 ns, At safepoint: 5300 ns, Total: 49300 ns
[2677.915s][info ][safepoint      ] Safepoint "Cleanup", Time since last: 1000103719 ns, Reaching safepoint: 31600 ns, At safepoint: 3100 ns, Total: 34700 ns
[2678.915s][info ][safepoint      ] Safepoint "Cleanup", Time since last: 1000111421 ns, Reaching safepoint: 33499 ns, At safepoint: 3600 ns, Total: 37099 ns
[2682.916s][info ][safepoint      ] Safepoint "Cleanup", Time since last: 4000289204 ns, Reaching safepoint: 45100 ns, At safepoint: 4000 ns, Total: 49100 ns
[2695.916s][info ][safepoint      ] Safepoint "Cleanup", Time since last: 13000849842 ns, Reaching safepoint: 34800 ns, At safepoint: 3200 ns, Total: 38000 ns
[2699.434s][info ][gc,start       ] GC(165) Pause Young (Allocation Failure)
[2699.446s][debug][gc,phases      ] GC(165) Scavenge 12.138ms
[2699.446s][debug][gc,ref         ] GC(165) Skipped phase 1 of Reference Processing: no references
[2699.446s][debug][gc,ref         ] GC(165) ReferenceProcessor::execute queues: 1, RefProcThreadModel::Single, marks_oops_alive: false
[2699.446s][debug][gc,ref         ] GC(165) Skipped phase 3 of Reference Processing: no references
[2699.446s][debug][gc,ref         ] GC(165) ReferenceProcessor::execute queues: 1, RefProcThreadModel::Single, marks_oops_alive: false
[2699.446s][debug][gc,phases      ] GC(165) Reference Processing 0.108ms
[2699.446s][debug][gc,phases      ] GC(165)   VM Weak                        Min:  0.0, Avg:  0.0, Max:  0.0, Diff:  0.0, Sum:  0.0, Workers: 4
[2699.446s][debug][gc,phases      ] GC(165)     Dead                           Min: 0, Avg:  0.0, Max: 0, Diff: 0, Sum: 0, Workers: 4
[2699.446s][debug][gc,phases      ] GC(165)     Total                          Min: 0, Avg: 189.5, Max: 384, Diff: 384, Sum: 758, Workers: 4
[2699.446s][debug][gc,phases      ] GC(165)   ObjectSynchronizer Weak        Min:  0.0, Avg:  0.0, Max:  0.0, Diff:  0.0, Sum:  0.0, Workers: 4
[2699.446s][debug][gc,phases      ] GC(165)     Dead                           Min: 0, Avg:  0.0, Max: 0, Diff: 0, Sum: 0, Workers: 4
[2699.446s][debug][gc,phases      ] GC(165)     Total                          Min: 0, Avg: 89.5, Max: 192, Diff: 192, Sum: 358, Workers: 4
[2699.446s][debug][gc,phases      ] GC(165)   JVMTI Tag Weak OopStorage      Min:  0.0, Avg:  0.0, Max:  0.0, Diff:  0.0, Sum:  0.0, Workers: 4
[2699.446s][debug][gc,phases      ] GC(165)     Dead                           Min: 0, Avg:  0.0, Max: 0, Diff: 0, Sum: 0, Workers: 4
[2699.446s][debug][gc,phases      ] GC(165)     Total                          Min: 0, Avg:  0.0, Max: 0, Diff: 0, Sum: 0, Workers: 4
[2699.446s][debug][gc,phases      ] GC(165)   StringTable Weak               Min:  0.1, Avg:  0.1, Max:  0.1, Diff:  0.0, Sum:  0.4, Workers: 4
[2699.446s][debug][gc,phases      ] GC(165)     Dead                           Min: 0, Avg:  0.0, Max: 0, Diff: 0, Sum: 0, Workers: 4
[2699.446s][debug][gc,phases      ] GC(165)     Total                          Min: 9664, Avg: 12251.0, Max: 14764, Diff: 5100, Sum: 49004, Workers: 4
[2699.446s][debug][gc,phases      ] GC(165)   ResolvedMethodTable Weak       Min:  0.0, Avg:  0.0, Max:  0.0, Diff:  0.0, Sum:  0.1, Workers: 4
[2699.446s][debug][gc,phases      ] GC(165)     Dead                           Min: 0, Avg:  0.0, Max: 0, Diff: 0, Sum: 0, Workers: 4
[2699.446s][debug][gc,phases      ] GC(165)     Total                          Min: 1280, Avg: 2187.5, Max: 2752, Diff: 1472, Sum: 8750, Workers: 4
[2699.446s][debug][gc,phases      ] GC(165)   JNI Weak                       Min:  0.0, Avg:  0.0, Max:  0.0, Diff:  0.0, Sum:  0.0, Workers: 4
[2699.446s][debug][gc,phases      ] GC(165)     Dead                           Min: 0, Avg:  0.0, Max: 0, Diff: 0, Sum: 0, Workers: 4
[2699.446s][debug][gc,phases      ] GC(165)     Total                          Min: 0, Avg:  0.0, Max: 0, Diff: 0, Sum: 0, Workers: 4
[2699.446s][debug][gc,phases      ] GC(165)   StringDedup Table Weak         Min:  0.0, Avg:  0.0, Max:  0.0, Diff:  0.0, Sum:  0.0, Workers: 4
[2699.446s][debug][gc,phases      ] GC(165)     Dead                           Min: 0, Avg:  0.0, Max: 0, Diff: 0, Sum: 0, Workers: 4
[2699.446s][debug][gc,phases      ] GC(165)     Total                          Min: 0, Avg:  0.0, Max: 0, Diff: 0, Sum: 0, Workers: 4
[2699.446s][debug][gc,phases      ] GC(165)   StringDedup Requests0 Weak     Min:  0.0, Avg:  0.0, Max:  0.0, Diff:  0.0, Sum:  0.0, Workers: 4
[2699.446s][debug][gc,phases      ] GC(165)     Dead                           Min: 0, Avg:  0.0, Max: 0, Diff: 0, Sum: 0, Workers: 4
[2699.446s][debug][gc,phases      ] GC(165)     Total                          Min: 0, Avg:  0.0, Max: 0, Diff: 0, Sum: 0, Workers: 4
[2699.446s][debug][gc,phases      ] GC(165)   StringDedup Requests1 Weak     Min:  0.0, Avg:  0.0, Max:  0.0, Diff:  0.0, Sum:  0.0, Workers: 4
[2699.446s][debug][gc,phases      ] GC(165)     Dead                           Min: 0, Avg:  0.0, Max: 0, Diff: 0, Sum: 0, Workers: 4
[2699.447s][debug][gc,phases      ] GC(165)     Total                          Min: 0, Avg:  0.0, Max: 0, Diff: 0, Sum: 0, Workers: 4
[2699.447s][debug][gc,phases      ] GC(165)   Weak JFR Old Object Samples    Min:  0.0, Avg:  0.0, Max:  0.0, Diff:  0.0, Sum:  0.0, Workers: 4
[2699.447s][debug][gc,phases      ] GC(165)     Dead                           Min: 0, Avg:  0.0, Max: 0, Diff: 0, Sum: 0, Workers: 4
[2699.447s][debug][gc,phases      ] GC(165)     Total                          Min: 0, Avg:  0.0, Max: 0, Diff: 0, Sum: 0, Workers: 4
[2699.447s][debug][gc,phases      ] GC(165) Weak Processing 0.311ms
[2699.447s][debug][gc,age         ] GC(165) Desired survivor size 93847552 bytes, new threshold 15 (max threshold 15)
[2699.447s][info ][gc,heap        ] GC(165) PSYoungGen: 1994790K(1995264K)->70278K(2002944K) Eden: 1924096K(1924096K)->0K(1913856K) From: 70694K(71168K)->70278K(89088K)
[2699.447s][info ][gc,heap        ] GC(165) ParOldGen: 572907K(606720K)->572987K(606720K)
[2699.447s][info ][gc,metaspace   ] GC(165) Metaspace: 85810K(86720K)->85810K(86720K) NonClass: 73883K(74368K)->73883K(74368K) Class: 11926K(12352K)->11926K(12352K)
[2699.447s][info ][gc             ] GC(165) Pause Young (Allocation Failure) 2507M->628M(2548M) 12.677ms
[2699.447s][info ][gc,cpu         ] GC(165) User=0.05s Sys=0.00s Real=0.01s
[2699.447s][info ][safepoint      ] Safepoint "ParallelGCFailedAllocation", Time since last: 3517395590 ns, Reaching safepoint: 48900 ns, At safepoint: 12750219 ns, Total: 12799119 ns
[2701.447s][info ][safepoint      ] Safepoint "Cleanup", Time since last: 2000166323 ns, Reaching safepoint: 53600 ns, At safepoint: 7900 ns, Total: 61500 ns
[2703.447s][info ][safepoint      ] Safepoint "Cleanup", Time since last: 2000173230 ns, Reaching safepoint: 29500 ns, At safepoint: 2700 ns, Total: 32200 ns
[2705.447s][info ][safepoint      ] Safepoint "Cleanup", Time since last: 2000177938 ns, Reaching safepoint: 47600 ns, At safepoint: 11500 ns, Total: 59100 ns
[2714.448s][info ][safepoint      ] Safepoint "Cleanup", Time since last: 9000639408 ns, Reaching safepoint: 54399 ns, At safepoint: 2900 ns, Total: 57299 ns
[2724.449s][info ][safepoint      ] Safepoint "Cleanup", Time since last: 10000684654 ns, Reaching safepoint: 55899 ns, At safepoint: 7700 ns, Total: 63599 ns
[2725.449s][info ][safepoint      ] Safepoint "Cleanup", Time since last: 1000105805 ns, Reaching safepoint: 56700 ns, At safepoint: 8300 ns, Total: 65000 ns
[2727.449s][info ][safepoint      ] Safepoint "Cleanup", Time since last: 2000191114 ns, Reaching safepoint: 61500 ns, At safepoint: 12100 ns, Total: 73600 ns
[2730.569s][info ][gc,start       ] GC(166) Pause Young (Allocation Failure)
[2730.580s][debug][gc,phases      ] GC(166) Scavenge 11.571ms
[2730.580s][debug][gc,ref         ] GC(166) Skipped phase 1 of Reference Processing: no references
[2730.580s][debug][gc,ref         ] GC(166) ReferenceProcessor::execute queues: 1, RefProcThreadModel::Single, marks_oops_alive: false
[2730.580s][debug][gc,ref         ] GC(166) Skipped phase 3 of Reference Processing: no references
[2730.580s][debug][gc,ref         ] GC(166) ReferenceProcessor::execute queues: 1, RefProcThreadModel::Single, marks_oops_alive: false
[2730.580s][debug][gc,phases      ] GC(166) Reference Processing 0.105ms
[2730.581s][debug][gc,phases      ] GC(166)   VM Weak                        Min:  0.0, Avg:  0.0, Max:  0.0, Diff:  0.0, Sum:  0.0, Workers: 4
[2730.581s][debug][gc,phases      ] GC(166)     Dead                           Min: 0, Avg:  0.0, Max: 0, Diff: 0, Sum: 0, Workers: 4
[2730.581s][debug][gc,phases      ] GC(166)     Total                          Min: 0, Avg: 189.5, Max: 758, Diff: 758, Sum: 758, Workers: 4
[2730.581s][debug][gc,phases      ] GC(166)   ObjectSynchronizer Weak        Min:  0.0, Avg:  0.0, Max:  0.0, Diff:  0.0, Sum:  0.0, Workers: 4
[2730.581s][debug][gc,phases      ] GC(166)     Dead                           Min: 0, Avg:  0.0, Max: 0, Diff: 0, Sum: 0, Workers: 4
[2730.581s][debug][gc,phases      ] GC(166)     Total                          Min: 0, Avg: 89.5, Max: 192, Diff: 192, Sum: 358, Workers: 4
[2730.581s][debug][gc,phases      ] GC(166)   JVMTI Tag Weak OopStorage      Min:  0.0, Avg:  0.0, Max:  0.0, Diff:  0.0, Sum:  0.0, Workers: 4
[2730.581s][debug][gc,phases      ] GC(166)     Dead                           Min: 0, Avg:  0.0, Max: 0, Diff: 0, Sum: 0, Workers: 4
[2730.581s][debug][gc,phases      ] GC(166)     Total                          Min: 0, Avg:  0.0, Max: 0, Diff: 0, Sum: 0, Workers: 4
[2730.581s][debug][gc,phases      ] GC(166)   StringTable Weak               Min:  0.1, Avg:  0.1, Max:  0.1, Diff:  0.0, Sum:  0.3, Workers: 4
[2730.581s][debug][gc,phases      ] GC(166)     Dead                           Min: 0, Avg:  0.0, Max: 0, Diff: 0, Sum: 0, Workers: 4
[2730.581s][debug][gc,phases      ] GC(166)     Total                          Min: 11456, Avg: 12265.5, Max: 13248, Diff: 1792, Sum: 49062, Workers: 4
[2730.581s][debug][gc,phases      ] GC(166)   ResolvedMethodTable Weak       Min:  0.0, Avg:  0.0, Max:  0.0, Diff:  0.0, Sum:  0.1, Workers: 4
[2730.581s][debug][gc,phases      ] GC(166)     Dead                           Min: 0, Avg:  0.0, Max: 0, Diff: 0, Sum: 0, Workers: 4
[2730.581s][debug][gc,phases      ] GC(166)     Total                          Min: 2048, Avg: 2187.5, Max: 2350, Diff: 302, Sum: 8750, Workers: 4
[2730.581s][debug][gc,phases      ] GC(166)   JNI Weak                       Min:  0.0, Avg:  0.0, Max:  0.0, Diff:  0.0, Sum:  0.0, Workers: 4
[2730.581s][debug][gc,phases      ] GC(166)     Dead                           Min: 0, Avg:  0.0, Max: 0, Diff: 0, Sum: 0, Workers: 4
[2730.581s][debug][gc,phases      ] GC(166)     Total                          Min: 0, Avg:  0.0, Max: 0, Diff: 0, Sum: 0, Workers: 4
[2730.581s][debug][gc,phases      ] GC(166)   StringDedup Table Weak         Min:  0.0, Avg:  0.0, Max:  0.0, Diff:  0.0, Sum:  0.0, Workers: 4
[2730.581s][debug][gc,phases      ] GC(166)     Dead                           Min: 0, Avg:  0.0, Max: 0, Diff: 0, Sum: 0, Workers: 4
[2730.581s][debug][gc,phases      ] GC(166)     Total                          Min: 0, Avg:  0.0, Max: 0, Diff: 0, Sum: 0, Workers: 4
[2730.581s][debug][gc,phases      ] GC(166)   StringDedup Requests0 Weak     Min:  0.0, Avg:  0.0, Max:  0.0, Diff:  0.0, Sum:  0.0, Workers: 4
[2730.581s][debug][gc,phases      ] GC(166)     Dead                           Min: 0, Avg:  0.0, Max: 0, Diff: 0, Sum: 0, Workers: 4
[2730.581s][debug][gc,phases      ] GC(166)     Total                          Min: 0, Avg:  0.0, Max: 0, Diff: 0, Sum: 0, Workers: 4
[2730.581s][debug][gc,phases      ] GC(166)   StringDedup Requests1 Weak     Min:  0.0, Avg:  0.0, Max:  0.0, Diff:  0.0, Sum:  0.0, Workers: 4
[2730.581s][debug][gc,phases      ] GC(166)     Dead                           Min: 0, Avg:  0.0, Max: 0, Diff: 0, Sum: 0, Workers: 4
[2730.581s][debug][gc,phases      ] GC(166)     Total                          Min: 0, Avg:  0.0, Max: 0, Diff: 0, Sum: 0, Workers: 4
[2730.581s][debug][gc,phases      ] GC(166)   Weak JFR Old Object Samples    Min:  0.0, Avg:  0.0, Max:  0.0, Diff:  0.0, Sum:  0.0, Workers: 4
[2730.581s][debug][gc,phases      ] GC(166)     Dead                           Min: 0, Avg:  0.0, Max: 0, Diff: 0, Sum: 0, Workers: 4
[2730.581s][debug][gc,phases      ] GC(166)     Total                          Min: 0, Avg:  0.0, Max: 0, Diff: 0, Sum: 0, Workers: 4
[2730.581s][debug][gc,phases      ] GC(166) Weak Processing 0.253ms
[2730.581s][debug][gc,age         ] GC(166) Desired survivor size 98041856 bytes, new threshold 15 (max threshold 15)
[2730.581s][info ][gc,heap        ] GC(166) PSYoungGen: 1984134K(2002944K)->75062K(1989120K) Eden: 1913856K(1913856K)->0K(1913856K) From: 70278K(89088K)->75062K(75264K)
[2730.581s][info ][gc,heap        ] GC(166) ParOldGen: 572987K(606720K)->573075K(606720K)
[2730.581s][info ][gc,metaspace   ] GC(166) Metaspace: 85812K(86720K)->85812K(86720K) NonClass: 73885K(74368K)->73885K(74368K) Class: 11926K(12352K)->11926K(12352K)
[2730.581s][info ][gc             ] GC(166) Pause Young (Allocation Failure) 2497M->632M(2535M) 12.042ms
[2730.581s][info ][gc,cpu         ] GC(166) User=0.04s Sys=0.00s Real=0.01s
[2730.581s][info ][safepoint      ] Safepoint "ParallelGCFailedAllocation", Time since last: 3119345086 ns, Reaching safepoint: 110499 ns, At safepoint: 12122124 ns, Total: 12232623 ns
[2731.581s][info ][safepoint      ] Safepoint "Cleanup", Time since last: 1000087915 ns, Reaching safepoint: 180999 ns, At safepoint: 7900 ns, Total: 188899 ns
[2732.581s][info ][safepoint      ] Safepoint "Cleanup", Time since last: 1000108117 ns, Reaching safepoint: 126999 ns, At safepoint: 9000 ns, Total: 135999 ns
[2733.581s][info ][safepoint      ] Safepoint "Cleanup", Time since last: 1000061918 ns, Reaching safepoint: 126400 ns, At safepoint: 7400 ns, Total: 133800 ns
[2734.582s][info ][safepoint      ] Safepoint "Cleanup", Time since last: 1000106520 ns, Reaching safepoint: 138099 ns, At safepoint: 8700 ns, Total: 146799 ns
[2735.582s][info ][safepoint      ] Safepoint "Cleanup", Time since last: 1000114722 ns, Reaching safepoint: 122999 ns, At safepoint: 8300 ns, Total: 131299 ns
[2737.081s][info ][safepoint      ] Safepoint "Cleanup", Time since last: 1499008793 ns, Reaching safepoint: 144899 ns, At safepoint: 20500 ns, Total: 165399 ns
[2738.935s][info ][safepoint      ] Safepoint "Cleanup", Time since last: 1854017070 ns, Reaching safepoint: 121899 ns, At safepoint: 11600 ns, Total: 133499 ns
[2739.935s][info ][safepoint      ] Safepoint "Cleanup", Time since last: 1000109329 ns, Reaching safepoint: 59800 ns, At safepoint: 3900 ns, Total: 63700 ns
[2743.936s][info ][safepoint      ] Safepoint "Cleanup", Time since last: 4000293634 ns, Reaching safepoint: 42100 ns, At safepoint: 2600 ns, Total: 44700 ns
[2748.936s][info ][safepoint      ] Safepoint "Cleanup", Time since last: 5000340604 ns, Reaching safepoint: 131799 ns, At safepoint: 9400 ns, Total: 141199 ns
[2749.936s][info ][safepoint      ] Safepoint "Cleanup", Time since last: 1000118346 ns, Reaching safepoint: 56599 ns, At safepoint: 3100 ns, Total: 59699 ns
[2750.937s][info ][safepoint      ] Safepoint "Cleanup", Time since last: 1000102148 ns, Reaching safepoint: 47599 ns, At safepoint: 3500 ns, Total: 51099 ns
[2751.937s][info ][safepoint      ] Safepoint "Cleanup", Time since last: 1000105049 ns, Reaching safepoint: 48200 ns, At safepoint: 2600 ns, Total: 50800 ns
[2752.405s][info ][gc,start       ] GC(167) Pause Young (Allocation Failure)
[2752.421s][debug][gc,phases      ] GC(167) Scavenge 15.401ms
[2752.421s][debug][gc,ref         ] GC(167) Skipped phase 1 of Reference Processing: no references
[2752.421s][debug][gc,ref         ] GC(167) ReferenceProcessor::execute queues: 1, RefProcThreadModel::Single, marks_oops_alive: false
[2752.421s][debug][gc,ref         ] GC(167) Skipped phase 3 of Reference Processing: no references
[2752.421s][debug][gc,ref         ] GC(167) ReferenceProcessor::execute queues: 1, RefProcThreadModel::Single, marks_oops_alive: false
[2752.421s][debug][gc,phases      ] GC(167) Reference Processing 0.112ms
[2752.421s][debug][gc,phases      ] GC(167)   VM Weak                        Min:  0.0, Avg:  0.0, Max:  0.0, Diff:  0.0, Sum:  0.0, Workers: 4
[2752.421s][debug][gc,phases      ] GC(167)     Dead                           Min: 0, Avg:  0.0, Max: 0, Diff: 0, Sum: 0, Workers: 4
[2752.421s][debug][gc,phases      ] GC(167)     Total                          Min: 0, Avg: 191.0, Max: 764, Diff: 764, Sum: 764, Workers: 4
[2752.421s][debug][gc,phases      ] GC(167)   ObjectSynchronizer Weak        Min:  0.0, Avg:  0.0, Max:  0.0, Diff:  0.0, Sum:  0.0, Workers: 4
[2752.421s][debug][gc,phases      ] GC(167)     Dead                           Min: 0, Avg:  0.0, Max: 0, Diff: 0, Sum: 0, Workers: 4
[2752.421s][debug][gc,phases      ] GC(167)     Total                          Min: 0, Avg: 89.5, Max: 294, Diff: 294, Sum: 358, Workers: 4
[2752.421s][debug][gc,phases      ] GC(167)   JVMTI Tag Weak OopStorage      Min:  0.0, Avg:  0.0, Max:  0.0, Diff:  0.0, Sum:  0.0, Workers: 4
[2752.421s][debug][gc,phases      ] GC(167)     Dead                           Min: 0, Avg:  0.0, Max: 0, Diff: 0, Sum: 0, Workers: 4
[2752.421s][debug][gc,phases      ] GC(167)     Total                          Min: 0, Avg:  0.0, Max: 0, Diff: 0, Sum: 0, Workers: 4
[2752.421s][debug][gc,phases      ] GC(167)   StringTable Weak               Min:  0.1, Avg:  0.1, Max:  0.1, Diff:  0.0, Sum:  0.4, Workers: 4
[2752.421s][debug][gc,phases      ] GC(167)     Dead                           Min: 0, Avg:  0.5, Max: 2, Diff: 2, Sum: 2, Workers: 4
[2752.421s][debug][gc,phases      ] GC(167)     Total                          Min: 9728, Avg: 12286.2, Max: 15104, Diff: 5376, Sum: 49145, Workers: 4
[2752.421s][debug][gc,phases      ] GC(167)   ResolvedMethodTable Weak       Min:  0.0, Avg:  0.0, Max:  0.0, Diff:  0.0, Sum:  0.1, Workers: 4
[2752.421s][debug][gc,phases      ] GC(167)     Dead                           Min: 0, Avg:  0.0, Max: 0, Diff: 0, Sum: 0, Workers: 4
[2752.421s][debug][gc,phases      ] GC(167)     Total                          Min: 1736, Avg: 2210.0, Max: 2688, Diff: 952, Sum: 8840, Workers: 4
[2752.421s][debug][gc,phases      ] GC(167)   JNI Weak                       Min:  0.0, Avg:  0.0, Max:  0.0, Diff:  0.0, Sum:  0.0, Workers: 4
[2752.421s][debug][gc,phases      ] GC(167)     Dead                           Min: 0, Avg:  0.0, Max: 0, Diff: 0, Sum: 0, Workers: 4
[2752.421s][debug][gc,phases      ] GC(167)     Total                          Min: 0, Avg:  0.0, Max: 0, Diff: 0, Sum: 0, Workers: 4
[2752.421s][debug][gc,phases      ] GC(167)   StringDedup Table Weak         Min:  0.0, Avg:  0.0, Max:  0.0, Diff:  0.0, Sum:  0.0, Workers: 4
[2752.421s][debug][gc,phases      ] GC(167)     Dead                           Min: 0, Avg:  0.0, Max: 0, Diff: 0, Sum: 0, Workers: 4
[2752.421s][debug][gc,phases      ] GC(167)     Total                          Min: 0, Avg:  0.0, Max: 0, Diff: 0, Sum: 0, Workers: 4
[2752.421s][debug][gc,phases      ] GC(167)   StringDedup Requests0 Weak     Min:  0.0, Avg:  0.0, Max:  0.0, Diff:  0.0, Sum:  0.0, Workers: 4
[2752.421s][debug][gc,phases      ] GC(167)     Dead                           Min: 0, Avg:  0.0, Max: 0, Diff: 0, Sum: 0, Workers: 4
[2752.421s][debug][gc,phases      ] GC(167)     Total                          Min: 0, Avg:  0.0, Max: 0, Diff: 0, Sum: 0, Workers: 4
[2752.421s][debug][gc,phases      ] GC(167)   StringDedup Requests1 Weak     Min:  0.0, Avg:  0.0, Max:  0.0, Diff:  0.0, Sum:  0.0, Workers: 4
[2752.421s][debug][gc,phases      ] GC(167)     Dead                           Min: 0, Avg:  0.0, Max: 0, Diff: 0, Sum: 0, Workers: 4
[2752.421s][debug][gc,phases      ] GC(167)     Total                          Min: 0, Avg:  0.0, Max: 0, Diff: 0, Sum: 0, Workers: 4
[2752.421s][debug][gc,phases      ] GC(167)   Weak JFR Old Object Samples    Min:  0.0, Avg:  0.0, Max:  0.0, Diff:  0.0, Sum:  0.0, Workers: 4
[2752.421s][debug][gc,phases      ] GC(167)     Dead                           Min: 0, Avg:  0.0, Max: 0, Diff: 0, Sum: 0, Workers: 4
[2752.421s][debug][gc,phases      ] GC(167)     Total                          Min: 0, Avg:  0.0, Max: 0, Diff: 0, Sum: 0, Workers: 4
[2752.421s][debug][gc,phases      ] GC(167) Weak Processing 0.275ms
[2752.421s][debug][gc,age         ] GC(167) Desired survivor size 102760448 bytes, new threshold 15 (max threshold 15)
[2752.421s][info ][gc,heap        ] GC(167) PSYoungGen: 1988918K(1989120K)->80583K(1992192K) Eden: 1913856K(1913856K)->0K(1896448K) From: 75062K(75264K)->80583K(95744K)
[2752.421s][info ][gc,heap        ] GC(167) ParOldGen: 573075K(606720K)->573179K(606720K)
[2752.421s][info ][gc,metaspace   ] GC(167) Metaspace: 86147K(87040K)->86147K(87040K) NonClass: 74164K(74624K)->74164K(74624K) Class: 11983K(12416K)->11983K(12416K)
[2752.421s][info ][gc             ] GC(167) Pause Young (Allocation Failure) 2501M->638M(2538M) 15.897ms
[2752.421s][info ][gc,cpu         ] GC(167) User=0.06s Sys=0.00s Real=0.01s
[2752.421s][info ][safepoint      ] Safepoint "ParallelGCFailedAllocation", Time since last: 468438473 ns, Reaching safepoint: 23000 ns, At safepoint: 15978900 ns, Total: 16001900 ns
[2753.421s][info ][safepoint      ] Safepoint "Cleanup", Time since last: 1000033852 ns, Reaching safepoint: 42999 ns, At safepoint: 7300 ns, Total: 50299 ns
[2754.421s][info ][safepoint      ] Safepoint "Cleanup", Time since last: 1000111953 ns, Reaching safepoint: 50300 ns, At safepoint: 5400 ns, Total: 55700 ns
[2759.422s][info ][safepoint      ] Safepoint "Cleanup", Time since last: 5000352990 ns, Reaching safepoint: 48599 ns, At safepoint: 8800 ns, Total: 57399 ns
[2760.422s][info ][safepoint      ] Safepoint "Cleanup", Time since last: 1000104863 ns, Reaching safepoint: 45300 ns, At safepoint: 2100 ns, Total: 47400 ns
[2761.422s][info ][safepoint      ] Safepoint "Cleanup", Time since last: 1000104364 ns, Reaching safepoint: 121799 ns, At safepoint: 9700 ns, Total: 131499 ns
[2762.422s][info ][safepoint      ] Safepoint "Cleanup", Time since last: 1000076866 ns, Reaching safepoint: 42400 ns, At safepoint: 2600 ns, Total: 45000 ns
[2763.423s][info ][safepoint      ] Safepoint "Cleanup", Time since last: 1000107567 ns, Reaching safepoint: 60500 ns, At safepoint: 9400 ns, Total: 69900 ns
[2764.423s][info ][safepoint      ] Safepoint "Cleanup", Time since last: 1000107169 ns, Reaching safepoint: 61199 ns, At safepoint: 5200 ns, Total: 66399 ns
[2765.423s][info ][safepoint      ] Safepoint "Cleanup", Time since last: 1000096471 ns, Reaching safepoint: 39500 ns, At safepoint: 5099 ns, Total: 44599 ns
[2766.423s][info ][safepoint      ] Safepoint "Cleanup", Time since last: 1000089573 ns, Reaching safepoint: 47799 ns, At safepoint: 3900 ns, Total: 51699 ns
[2767.423s][info ][safepoint      ] Safepoint "Cleanup", Time since last: 1000096874 ns, Reaching safepoint: 49200 ns, At safepoint: 9500 ns, Total: 58700 ns
[2769.423s][info ][safepoint      ] Safepoint "Cleanup", Time since last: 2000162652 ns, Reaching safepoint: 45900 ns, At safepoint: 4300 ns, Total: 50200 ns
[2770.424s][info ][safepoint      ] Safepoint "Cleanup", Time since last: 1000111778 ns, Reaching safepoint: 43100 ns, At safepoint: 2500 ns, Total: 45600 ns
[2771.424s][info ][safepoint      ] Safepoint "Cleanup", Time since last: 1000104480 ns, Reaching safepoint: 55500 ns, At safepoint: 9400 ns, Total: 64900 ns
[2773.424s][info ][safepoint      ] Safepoint "Cleanup", Time since last: 2000166165 ns, Reaching safepoint: 52899 ns, At safepoint: 8600 ns, Total: 61499 ns
[2774.424s][info ][safepoint      ] Safepoint "Cleanup", Time since last: 1000099985 ns, Reaching safepoint: 56400 ns, At safepoint: 5500 ns, Total: 61900 ns
[2783.425s][info ][safepoint      ] Safepoint "Cleanup", Time since last: 9000570434 ns, Reaching safepoint: 43400 ns, At safepoint: 5800 ns, Total: 49200 ns
[2785.425s][info ][safepoint      ] Safepoint "Cleanup", Time since last: 2000162202 ns, Reaching safepoint: 50500 ns, At safepoint: 5300 ns, Total: 55800 ns
[2786.425s][info ][safepoint      ] Safepoint "Cleanup", Time since last: 1000105503 ns, Reaching safepoint: 43600 ns, At safepoint: 3000 ns, Total: 46600 ns
[2787.425s][info ][safepoint      ] Safepoint "Cleanup", Time since last: 1000111404 ns, Reaching safepoint: 47700 ns, At safepoint: 5200 ns, Total: 52900 ns
[2787.633s][info ][gc,start       ] GC(168) Pause Young (Allocation Failure)
[2787.647s][debug][gc,phases      ] GC(168) Scavenge 14.464ms
[2787.647s][debug][gc,ref         ] GC(168) Skipped phase 1 of Reference Processing: no references
[2787.648s][debug][gc,ref         ] GC(168) ReferenceProcessor::execute queues: 1, RefProcThreadModel::Single, marks_oops_alive: false
[2787.648s][debug][gc,ref         ] GC(168) Skipped phase 3 of Reference Processing: no references
[2787.648s][debug][gc,ref         ] GC(168) ReferenceProcessor::execute queues: 1, RefProcThreadModel::Single, marks_oops_alive: false
[2787.648s][debug][gc,phases      ] GC(168) Reference Processing 0.108ms
[2787.648s][debug][gc,phases      ] GC(168)   VM Weak                        Min:  0.0, Avg:  0.0, Max:  0.0, Diff:  0.0, Sum:  0.0, Workers: 4
[2787.648s][debug][gc,phases      ] GC(168)     Dead                           Min: 0, Avg:  0.0, Max: 0, Diff: 0, Sum: 0, Workers: 4
[2787.648s][debug][gc,phases      ] GC(168)     Total                          Min: 0, Avg: 191.0, Max: 316, Diff: 316, Sum: 764, Workers: 4
[2787.648s][debug][gc,phases      ] GC(168)   ObjectSynchronizer Weak        Min:  0.0, Avg:  0.0, Max:  0.0, Diff:  0.0, Sum:  0.0, Workers: 4
[2787.648s][debug][gc,phases      ] GC(168)     Dead                           Min: 0, Avg:  0.0, Max: 0, Diff: 0, Sum: 0, Workers: 4
[2787.648s][debug][gc,phases      ] GC(168)     Total                          Min: 38, Avg: 89.5, Max: 128, Diff: 90, Sum: 358, Workers: 4
[2787.648s][debug][gc,phases      ] GC(168)   JVMTI Tag Weak OopStorage      Min:  0.0, Avg:  0.0, Max:  0.0, Diff:  0.0, Sum:  0.0, Workers: 4
[2787.648s][debug][gc,phases      ] GC(168)     Dead                           Min: 0, Avg:  0.0, Max: 0, Diff: 0, Sum: 0, Workers: 4
[2787.648s][debug][gc,phases      ] GC(168)     Total                          Min: 0, Avg:  0.0, Max: 0, Diff: 0, Sum: 0, Workers: 4
[2787.648s][debug][gc,phases      ] GC(168)   StringTable Weak               Min:  0.1, Avg:  0.1, Max:  0.1, Diff:  0.0, Sum:  0.4, Workers: 4
[2787.648s][debug][gc,phases      ] GC(168)     Dead                           Min: 0, Avg:  0.0, Max: 0, Diff: 0, Sum: 0, Workers: 4
[2787.648s][debug][gc,phases      ] GC(168)     Total                          Min: 10432, Avg: 12299.0, Max: 16512, Diff: 6080, Sum: 49196, Workers: 4
[2787.648s][debug][gc,phases      ] GC(168)   ResolvedMethodTable Weak       Min:  0.0, Avg:  0.0, Max:  0.0, Diff:  0.0, Sum:  0.1, Workers: 4
[2787.648s][debug][gc,phases      ] GC(168)     Dead                           Min: 0, Avg:  0.0, Max: 0, Diff: 0, Sum: 0, Workers: 4
[2787.648s][debug][gc,phases      ] GC(168)     Total                          Min: 1728, Avg: 2210.0, Max: 3072, Diff: 1344, Sum: 8840, Workers: 4
[2787.648s][debug][gc,phases      ] GC(168)   JNI Weak                       Min:  0.0, Avg:  0.0, Max:  0.0, Diff:  0.0, Sum:  0.0, Workers: 4
[2787.648s][debug][gc,phases      ] GC(168)     Dead                           Min: 0, Avg:  0.0, Max: 0, Diff: 0, Sum: 0, Workers: 4
[2787.648s][debug][gc,phases      ] GC(168)     Total                          Min: 0, Avg:  0.0, Max: 0, Diff: 0, Sum: 0, Workers: 4
[2787.648s][debug][gc,phases      ] GC(168)   StringDedup Table Weak         Min:  0.0, Avg:  0.0, Max:  0.0, Diff:  0.0, Sum:  0.0, Workers: 4
[2787.648s][debug][gc,phases      ] GC(168)     Dead                           Min: 0, Avg:  0.0, Max: 0, Diff: 0, Sum: 0, Workers: 4
[2787.648s][debug][gc,phases      ] GC(168)     Total                          Min: 0, Avg:  0.0, Max: 0, Diff: 0, Sum: 0, Workers: 4
[2787.648s][debug][gc,phases      ] GC(168)   StringDedup Requests0 Weak     Min:  0.0, Avg:  0.0, Max:  0.0, Diff:  0.0, Sum:  0.0, Workers: 4
[2787.648s][debug][gc,phases      ] GC(168)     Dead                           Min: 0, Avg:  0.0, Max: 0, Diff: 0, Sum: 0, Workers: 4
[2787.648s][debug][gc,phases      ] GC(168)     Total                          Min: 0, Avg:  0.0, Max: 0, Diff: 0, Sum: 0, Workers: 4
[2787.648s][debug][gc,phases      ] GC(168)   StringDedup Requests1 Weak     Min:  0.0, Avg:  0.0, Max:  0.0, Diff:  0.0, Sum:  0.0, Workers: 4
[2787.648s][debug][gc,phases      ] GC(168)     Dead                           Min: 0, Avg:  0.0, Max: 0, Diff: 0, Sum: 0, Workers: 4
[2787.648s][debug][gc,phases      ] GC(168)     Total                          Min: 0, Avg:  0.0, Max: 0, Diff: 0, Sum: 0, Workers: 4
[2787.648s][debug][gc,phases      ] GC(168)   Weak JFR Old Object Samples    Min:  0.0, Avg:  0.0, Max:  0.0, Diff:  0.0, Sum:  0.0, Workers: 4
[2787.648s][debug][gc,phases      ] GC(168)     Dead                           Min: 0, Avg:  0.0, Max: 0, Diff: 0, Sum: 0, Workers: 4
[2787.648s][debug][gc,phases      ] GC(168)     Total                          Min: 0, Avg:  0.0, Max: 0, Diff: 0, Sum: 0, Workers: 4
[2787.648s][debug][gc,phases      ] GC(168) Weak Processing 0.284ms
[2787.648s][debug][gc,age         ] GC(168) Desired survivor size 105906176 bytes, new threshold 15 (max threshold 15)
[2787.648s][info ][gc,heap        ] GC(168) PSYoungGen: 1977031K(1992192K)->78672K(1975296K) Eden: 1896448K(1896448K)->0K(1896448K) From: 80583K(95744K)->78672K(78848K)
[2787.648s][info ][gc,heap        ] GC(168) ParOldGen: 573179K(606720K)->573513K(606720K)
[2787.648s][info ][gc,metaspace   ] GC(168) Metaspace: 86213K(87104K)->86213K(87104K) NonClass: 74229K(74688K)->74229K(74688K) Class: 11983K(12416K)->11983K(12416K)
[2787.648s][info ][gc             ] GC(168) Pause Young (Allocation Failure) 2490M->636M(2521M) 14.975ms
[2787.648s][info ][gc,cpu         ] GC(168) User=0.06s Sys=0.00s Real=0.01s
[2787.648s][info ][safepoint      ] Safepoint "ParallelGCFailedAllocation", Time since last: 207633714 ns, Reaching safepoint: 23900 ns, At safepoint: 15042207 ns, Total: 15066107 ns
[2791.648s][info ][safepoint      ] Safepoint "Cleanup", Time since last: 4000222936 ns, Reaching safepoint: 95300 ns, At safepoint: 9600 ns, Total: 104900 ns
[2796.649s][info ][safepoint      ] Safepoint "Cleanup", Time since last: 5000393179 ns, Reaching safepoint: 59799 ns, At safepoint: 6500 ns, Total: 66299 ns
[2799.649s][info ][safepoint      ] Safepoint "Cleanup", Time since last: 3000251965 ns, Reaching safepoint: 57500 ns, At safepoint: 2800 ns, Total: 60300 ns
[2802.649s][info ][safepoint      ] Safepoint "Cleanup", Time since last: 3000239979 ns, Reaching safepoint: 41699 ns, At safepoint: 8000 ns, Total: 49699 ns
[2807.650s][info ][safepoint      ] Safepoint "Cleanup", Time since last: 5000345361 ns, Reaching safepoint: 48100 ns, At safepoint: 7100 ns, Total: 55200 ns
[2812.650s][info ][safepoint      ] Safepoint "Cleanup", Time since last: 5000359597 ns, Reaching safepoint: 51100 ns, At safepoint: 5700 ns, Total: 56800 ns
[2814.650s][info ][safepoint      ] Safepoint "Cleanup", Time since last: 2000168188 ns, Reaching safepoint: 52800 ns, At safepoint: 5800 ns, Total: 58600 ns
[2816.651s][info ][safepoint      ] Safepoint "Cleanup", Time since last: 2000183595 ns, Reaching safepoint: 51099 ns, At safepoint: 9800 ns, Total: 60899 ns
[2817.651s][info ][safepoint      ] Safepoint "Cleanup", Time since last: 1000108049 ns, Reaching safepoint: 47300 ns, At safepoint: 2700 ns, Total: 50000 ns
[2818.432s][info ][gc,start       ] GC(169) Pause Young (Allocation Failure)
[2818.447s][debug][gc,phases      ] GC(169) Scavenge 15.630ms
[2818.447s][debug][gc,ref         ] GC(169) Skipped phase 1 of Reference Processing: no references
[2818.447s][debug][gc,ref         ] GC(169) ReferenceProcessor::execute queues: 1, RefProcThreadModel::Single, marks_oops_alive: false
[2818.447s][debug][gc,ref         ] GC(169) Skipped phase 3 of Reference Processing: no references
[2818.447s][debug][gc,ref         ] GC(169) ReferenceProcessor::execute queues: 1, RefProcThreadModel::Single, marks_oops_alive: false
[2818.447s][debug][gc,phases      ] GC(169) Reference Processing 0.115ms
[2818.448s][debug][gc,phases      ] GC(169)   VM Weak                        Min:  0.0, Avg:  0.0, Max:  0.0, Diff:  0.0, Sum:  0.0, Workers: 4
[2818.448s][debug][gc,phases      ] GC(169)     Dead                           Min: 0, Avg:  0.0, Max: 0, Diff: 0, Sum: 0, Workers: 4
[2818.448s][debug][gc,phases      ] GC(169)     Total                          Min: 0, Avg: 191.0, Max: 512, Diff: 512, Sum: 764, Workers: 4
[2818.448s][debug][gc,phases      ] GC(169)   ObjectSynchronizer Weak        Min:  0.0, Avg:  0.0, Max:  0.0, Diff:  0.0, Sum:  0.0, Workers: 4
[2818.448s][debug][gc,phases      ] GC(169)     Dead                           Min: 0, Avg:  0.0, Max: 0, Diff: 0, Sum: 0, Workers: 4
[2818.448s][debug][gc,phases      ] GC(169)     Total                          Min: 0, Avg: 89.5, Max: 192, Diff: 192, Sum: 358, Workers: 4
[2818.448s][debug][gc,phases      ] GC(169)   JVMTI Tag Weak OopStorage      Min:  0.0, Avg:  0.0, Max:  0.0, Diff:  0.0, Sum:  0.0, Workers: 4
[2818.448s][debug][gc,phases      ] GC(169)     Dead                           Min: 0, Avg:  0.0, Max: 0, Diff: 0, Sum: 0, Workers: 4
[2818.448s][debug][gc,phases      ] GC(169)     Total                          Min: 0, Avg:  0.0, Max: 0, Diff: 0, Sum: 0, Workers: 4
[2818.448s][debug][gc,phases      ] GC(169)   StringTable Weak               Min:  0.1, Avg:  0.1, Max:  0.1, Diff:  0.0, Sum:  0.4, Workers: 4
[2818.448s][debug][gc,phases      ] GC(169)     Dead                           Min: 0, Avg:  0.0, Max: 0, Diff: 0, Sum: 0, Workers: 4
[2818.448s][debug][gc,phases      ] GC(169)     Total                          Min: 10481, Avg: 12300.2, Max: 16512, Diff: 6031, Sum: 49201, Workers: 4
[2818.448s][debug][gc,phases      ] GC(169)   ResolvedMethodTable Weak       Min:  0.0, Avg:  0.0, Max:  0.0, Diff:  0.0, Sum:  0.1, Workers: 4
[2818.448s][debug][gc,phases      ] GC(169)     Dead                           Min: 0, Avg:  0.0, Max: 0, Diff: 0, Sum: 0, Workers: 4
[2818.448s][debug][gc,phases      ] GC(169)     Total                          Min: 1856, Avg: 2210.0, Max: 3008, Diff: 1152, Sum: 8840, Workers: 4
[2818.448s][debug][gc,phases      ] GC(169)   JNI Weak                       Min:  0.0, Avg:  0.0, Max:  0.0, Diff:  0.0, Sum:  0.0, Workers: 4
[2818.448s][debug][gc,phases      ] GC(169)     Dead                           Min: 0, Avg:  0.0, Max: 0, Diff: 0, Sum: 0, Workers: 4
[2818.448s][debug][gc,phases      ] GC(169)     Total                          Min: 0, Avg:  0.0, Max: 0, Diff: 0, Sum: 0, Workers: 4
[2818.448s][debug][gc,phases      ] GC(169)   StringDedup Table Weak         Min:  0.0, Avg:  0.0, Max:  0.0, Diff:  0.0, Sum:  0.0, Workers: 4
[2818.448s][debug][gc,phases      ] GC(169)     Dead                           Min: 0, Avg:  0.0, Max: 0, Diff: 0, Sum: 0, Workers: 4
[2818.448s][debug][gc,phases      ] GC(169)     Total                          Min: 0, Avg:  0.0, Max: 0, Diff: 0, Sum: 0, Workers: 4
[2818.448s][debug][gc,phases      ] GC(169)   StringDedup Requests0 Weak     Min:  0.0, Avg:  0.0, Max:  0.0, Diff:  0.0, Sum:  0.0, Workers: 4
[2818.448s][debug][gc,phases      ] GC(169)     Dead                           Min: 0, Avg:  0.0, Max: 0, Diff: 0, Sum: 0, Workers: 4
[2818.448s][debug][gc,phases      ] GC(169)     Total                          Min: 0, Avg:  0.0, Max: 0, Diff: 0, Sum: 0, Workers: 4
[2818.448s][debug][gc,phases      ] GC(169)   StringDedup Requests1 Weak     Min:  0.0, Avg:  0.0, Max:  0.0, Diff:  0.0, Sum:  0.0, Workers: 4
[2818.448s][debug][gc,phases      ] GC(169)     Dead                           Min: 0, Avg:  0.0, Max: 0, Diff: 0, Sum: 0, Workers: 4
[2818.448s][debug][gc,phases      ] GC(169)     Total                          Min: 0, Avg:  0.0, Max: 0, Diff: 0, Sum: 0, Workers: 4
[2818.448s][debug][gc,phases      ] GC(169)   Weak JFR Old Object Samples    Min:  0.0, Avg:  0.0, Max:  0.0, Diff:  0.0, Sum:  0.0, Workers: 4
[2818.448s][debug][gc,phases      ] GC(169)     Dead                           Min: 0, Avg:  0.0, Max: 0, Diff: 0, Sum: 0, Workers: 4
[2818.448s][debug][gc,phases      ] GC(169)     Total                          Min: 0, Avg:  0.0, Max: 0, Diff: 0, Sum: 0, Workers: 4
[2818.448s][debug][gc,phases      ] GC(169) Weak Processing 0.287ms
[2818.448s][debug][gc,age         ] GC(169) Desired survivor size 106954752 bytes, new threshold 15 (max threshold 15)
[2818.448s][info ][gc,heap        ] GC(169) PSYoungGen: 1975120K(1975296K)->75424K(1991680K) Eden: 1896448K(1896448K)->0K(1888256K) From: 78672K(78848K)->75424K(103424K)
[2818.448s][info ][gc,heap        ] GC(169) ParOldGen: 573513K(606720K)->573801K(606720K)
[2818.448s][info ][gc,metaspace   ] GC(169) Metaspace: 86239K(87232K)->86239K(87232K) NonClass: 74255K(74816K)->74255K(74816K) Class: 11983K(12416K)->11983K(12416K)
[2818.448s][info ][gc             ] GC(169) Pause Young (Allocation Failure) 2488M->634M(2537M) 16.140ms
[2818.448s][info ][gc,cpu         ] GC(169) User=0.06s Sys=0.00s Real=0.01s
[2818.448s][info ][safepoint      ] Safepoint "ParallelGCFailedAllocation", Time since last: 780714000 ns, Reaching safepoint: 97499 ns, At safepoint: 16213801 ns, Total: 16311300 ns
[2819.448s][info ][safepoint      ] Safepoint "Cleanup", Time since last: 1000086352 ns, Reaching safepoint: 48799 ns, At safepoint: 2600 ns, Total: 51399 ns
[2820.448s][info ][safepoint      ] Safepoint "Cleanup", Time since last: 1000111154 ns, Reaching safepoint: 50199 ns, At safepoint: 32000 ns, Total: 82199 ns
[2822.448s][info ][safepoint      ] Safepoint "Cleanup", Time since last: 2000174111 ns, Reaching safepoint: 53000 ns, At safepoint: 3800 ns, Total: 56800 ns
[2826.449s][info ][safepoint      ] Safepoint "Cleanup", Time since last: 4000267940 ns, Reaching safepoint: 53199 ns, At safepoint: 7900 ns, Total: 61099 ns
[2829.449s][info ][safepoint      ] Safepoint "Cleanup", Time since last: 3000243295 ns, Reaching safepoint: 51299 ns, At safepoint: 11100 ns, Total: 62399 ns
[2836.450s][info ][safepoint      ] Safepoint "Cleanup", Time since last: 7000485503 ns, Reaching safepoint: 46600 ns, At safepoint: 4100 ns, Total: 50700 ns
[2845.450s][info ][safepoint      ] Safepoint "Cleanup", Time since last: 9000622645 ns, Reaching safepoint: 44100 ns, At safepoint: 2600 ns, Total: 46700 ns
[2851.481s][info ][gc,start       ] GC(170) Pause Young (Allocation Failure)
[2851.493s][debug][gc,phases      ] GC(170) Scavenge 11.660ms
[2851.493s][debug][gc,ref         ] GC(170) Skipped phase 1 of Reference Processing: no references
[2851.493s][debug][gc,ref         ] GC(170) ReferenceProcessor::execute queues: 1, RefProcThreadModel::Single, marks_oops_alive: false
[2851.493s][debug][gc,ref         ] GC(170) Skipped phase 3 of Reference Processing: no references
[2851.493s][debug][gc,ref         ] GC(170) ReferenceProcessor::execute queues: 1, RefProcThreadModel::Single, marks_oops_alive: false
[2851.493s][debug][gc,phases      ] GC(170) Reference Processing 0.106ms
[2851.493s][debug][gc,phases      ] GC(170)   VM Weak                        Min:  0.0, Avg:  0.0, Max:  0.0, Diff:  0.0, Sum:  0.0, Workers: 4
[2851.494s][debug][gc,phases      ] GC(170)     Dead                           Min: 0, Avg:  0.0, Max: 0, Diff: 0, Sum: 0, Workers: 4
[2851.494s][debug][gc,phases      ] GC(170)     Total                          Min: 0, Avg: 191.0, Max: 640, Diff: 640, Sum: 764, Workers: 4
[2851.494s][debug][gc,phases      ] GC(170)   ObjectSynchronizer Weak        Min:  0.0, Avg:  0.0, Max:  0.0, Diff:  0.0, Sum:  0.0, Workers: 4
[2851.494s][debug][gc,phases      ] GC(170)     Dead                           Min: 0, Avg:  0.0, Max: 0, Diff: 0, Sum: 0, Workers: 4
[2851.494s][debug][gc,phases      ] GC(170)     Total                          Min: 0, Avg: 89.5, Max: 192, Diff: 192, Sum: 358, Workers: 4
[2851.494s][debug][gc,phases      ] GC(170)   JVMTI Tag Weak OopStorage      Min:  0.0, Avg:  0.0, Max:  0.0, Diff:  0.0, Sum:  0.0, Workers: 4
[2851.494s][debug][gc,phases      ] GC(170)     Dead                           Min: 0, Avg:  0.0, Max: 0, Diff: 0, Sum: 0, Workers: 4
[2851.494s][debug][gc,phases      ] GC(170)     Total                          Min: 0, Avg:  0.0, Max: 0, Diff: 0, Sum: 0, Workers: 4
[2851.494s][debug][gc,phases      ] GC(170)   StringTable Weak               Min:  0.1, Avg:  0.1, Max:  0.1, Diff:  0.0, Sum:  0.4, Workers: 4
[2851.494s][debug][gc,phases      ] GC(170)     Dead                           Min: 0, Avg:  0.0, Max: 0, Diff: 0, Sum: 0, Workers: 4
[2851.494s][debug][gc,phases      ] GC(170)     Total                          Min: 9024, Avg: 12300.2, Max: 13937, Diff: 4913, Sum: 49201, Workers: 4
[2851.494s][debug][gc,phases      ] GC(170)   ResolvedMethodTable Weak       Min:  0.0, Avg:  0.0, Max:  0.0, Diff:  0.0, Sum:  0.1, Workers: 4
[2851.494s][debug][gc,phases      ] GC(170)     Dead                           Min: 0, Avg:  0.0, Max: 0, Diff: 0, Sum: 0, Workers: 4
[2851.494s][debug][gc,phases      ] GC(170)     Total                          Min: 1792, Avg: 2210.0, Max: 2368, Diff: 576, Sum: 8840, Workers: 4
[2851.494s][debug][gc,phases      ] GC(170)   JNI Weak                       Min:  0.0, Avg:  0.0, Max:  0.0, Diff:  0.0, Sum:  0.0, Workers: 4
[2851.494s][debug][gc,phases      ] GC(170)     Dead                           Min: 0, Avg:  0.0, Max: 0, Diff: 0, Sum: 0, Workers: 4
[2851.494s][debug][gc,phases      ] GC(170)     Total                          Min: 0, Avg:  0.0, Max: 0, Diff: 0, Sum: 0, Workers: 4
[2851.494s][debug][gc,phases      ] GC(170)   StringDedup Table Weak         Min:  0.0, Avg:  0.0, Max:  0.0, Diff:  0.0, Sum:  0.0, Workers: 4
[2851.494s][debug][gc,phases      ] GC(170)     Dead                           Min: 0, Avg:  0.0, Max: 0, Diff: 0, Sum: 0, Workers: 4
[2851.494s][debug][gc,phases      ] GC(170)     Total                          Min: 0, Avg:  0.0, Max: 0, Diff: 0, Sum: 0, Workers: 4
[2851.494s][debug][gc,phases      ] GC(170)   StringDedup Requests0 Weak     Min:  0.0, Avg:  0.0, Max:  0.0, Diff:  0.0, Sum:  0.0, Workers: 4
[2851.494s][debug][gc,phases      ] GC(170)     Dead                           Min: 0, Avg:  0.0, Max: 0, Diff: 0, Sum: 0, Workers: 4
[2851.494s][debug][gc,phases      ] GC(170)     Total                          Min: 0, Avg:  0.0, Max: 0, Diff: 0, Sum: 0, Workers: 4
[2851.494s][debug][gc,phases      ] GC(170)   StringDedup Requests1 Weak     Min:  0.0, Avg:  0.0, Max:  0.0, Diff:  0.0, Sum:  0.0, Workers: 4
[2851.494s][debug][gc,phases      ] GC(170)     Dead                           Min: 0, Avg:  0.0, Max: 0, Diff: 0, Sum: 0, Workers: 4
[2851.494s][debug][gc,phases      ] GC(170)     Total                          Min: 0, Avg:  0.0, Max: 0, Diff: 0, Sum: 0, Workers: 4
[2851.494s][debug][gc,phases      ] GC(170)   Weak JFR Old Object Samples    Min:  0.0, Avg:  0.0, Max:  0.0, Diff:  0.0, Sum:  0.0, Workers: 4
[2851.494s][debug][gc,phases      ] GC(170)     Dead                           Min: 0, Avg:  0.0, Max: 0, Diff: 0, Sum: 0, Workers: 4
[2851.494s][debug][gc,phases      ] GC(170)     Total                          Min: 0, Avg:  0.0, Max: 0, Diff: 0, Sum: 0, Workers: 4
[2851.494s][debug][gc,phases      ] GC(170) Weak Processing 0.261ms
[2851.494s][debug][gc,age         ] GC(170) Desired survivor size 106954752 bytes, new threshold 15 (max threshold 15)
[2851.494s][info ][gc,heap        ] GC(170) PSYoungGen: 1963680K(1991680K)->72976K(1992704K) Eden: 1888256K(1888256K)->0K(1888256K) From: 75424K(103424K)->72976K(104448K)
[2851.494s][info ][gc,heap        ] GC(170) ParOldGen: 573801K(606720K)->574033K(606720K)
[2851.494s][info ][gc,metaspace   ] GC(170) Metaspace: 86242K(87232K)->86242K(87232K) NonClass: 74258K(74816K)->74258K(74816K) Class: 11983K(12416K)->11983K(12416K)
[2851.494s][info ][gc             ] GC(170) Pause Young (Allocation Failure) 2478M->631M(2538M) 12.144ms
[2851.494s][info ][gc,cpu         ] GC(170) User=0.05s Sys=0.00s Real=0.02s
[2851.494s][info ][safepoint      ] Safepoint "ParallelGCFailedAllocation", Time since last: 6031126071 ns, Reaching safepoint: 112299 ns, At safepoint: 12247925 ns, Total: 12360224 ns
[2855.494s][info ][safepoint      ] Safepoint "Cleanup", Time since last: 4000266000 ns, Reaching safepoint: 61199 ns, At safepoint: 5800 ns, Total: 66999 ns
[2858.494s][info ][safepoint      ] Safepoint "Cleanup", Time since last: 3000238913 ns, Reaching safepoint: 51900 ns, At safepoint: 6000 ns, Total: 57900 ns
[2860.495s][info ][safepoint      ] Safepoint "Cleanup", Time since last: 2000187415 ns, Reaching safepoint: 58200 ns, At safepoint: 7600 ns, Total: 65800 ns
[2861.495s][info ][safepoint      ] Safepoint "Cleanup", Time since last: 1000104809 ns, Reaching safepoint: 39200 ns, At safepoint: 3100 ns, Total: 42300 ns
[2862.495s][info ][safepoint      ] Safepoint "Cleanup", Time since last: 1000104111 ns, Reaching safepoint: 61499 ns, At safepoint: 11800 ns, Total: 73299 ns
[2864.495s][info ][safepoint      ] Safepoint "Cleanup", Time since last: 2000162526 ns, Reaching safepoint: 42900 ns, At safepoint: 3900 ns, Total: 46800 ns
[2865.495s][info ][safepoint      ] Safepoint "Cleanup", Time since last: 1000097215 ns, Reaching safepoint: 45400 ns, At safepoint: 2599 ns, Total: 47999 ns
[2867.495s][info ][safepoint      ] Safepoint "Cleanup", Time since last: 2000165234 ns, Reaching safepoint: 40200 ns, At safepoint: 3200 ns, Total: 43400 ns
[2868.496s][info ][safepoint      ] Safepoint "Cleanup", Time since last: 1000101619 ns, Reaching safepoint: 41999 ns, At safepoint: 2400 ns, Total: 44399 ns
[2870.496s][info ][safepoint      ] Safepoint "Cleanup", Time since last: 2000178142 ns, Reaching safepoint: 61399 ns, At safepoint: 8100 ns, Total: 69499 ns
[2871.496s][info ][safepoint      ] Safepoint "Cleanup", Time since last: 1000116323 ns, Reaching safepoint: 51099 ns, At safepoint: 3900 ns, Total: 54999 ns
[2872.496s][info ][safepoint      ] Safepoint "Cleanup", Time since last: 1000106524 ns, Reaching safepoint: 50700 ns, At safepoint: 2800 ns, Total: 53500 ns
[2873.496s][info ][safepoint      ] Safepoint "Cleanup", Time since last: 1000114525 ns, Reaching safepoint: 56800 ns, At safepoint: 8100 ns, Total: 64900 ns
[2879.497s][info ][safepoint      ] Safepoint "Cleanup", Time since last: 6000423678 ns, Reaching safepoint: 47300 ns, At safepoint: 3000 ns, Total: 50300 ns
[2881.497s][info ][safepoint      ] Safepoint "Cleanup", Time since last: 2000172570 ns, Reaching safepoint: 80299 ns, At safepoint: 11600 ns, Total: 91899 ns
[2882.497s][info ][safepoint      ] Safepoint "Cleanup", Time since last: 1000106037 ns, Reaching safepoint: 31299 ns, At safepoint: 2800 ns, Total: 34099 ns
[2883.630s][info ][gc,start       ] GC(171) Pause Young (Allocation Failure)
[2883.646s][debug][gc,phases      ] GC(171) Scavenge 15.456ms
[2883.646s][debug][gc,ref         ] GC(171) Skipped phase 1 of Reference Processing: no references
[2883.646s][debug][gc,ref         ] GC(171) ReferenceProcessor::execute queues: 1, RefProcThreadModel::Single, marks_oops_alive: false
[2883.646s][debug][gc,ref         ] GC(171) Skipped phase 3 of Reference Processing: no references
[2883.646s][debug][gc,ref         ] GC(171) ReferenceProcessor::execute queues: 1, RefProcThreadModel::Single, marks_oops_alive: false
[2883.646s][debug][gc,phases      ] GC(171) Reference Processing 0.115ms
[2883.646s][debug][gc,phases      ] GC(171)   VM Weak                        Min:  0.0, Avg:  0.0, Max:  0.0, Diff:  0.0, Sum:  0.0, Workers: 4
[2883.646s][debug][gc,phases      ] GC(171)     Dead                           Min: 0, Avg:  0.0, Max: 0, Diff: 0, Sum: 0, Workers: 4
[2883.646s][debug][gc,phases      ] GC(171)     Total                          Min: 0, Avg: 191.0, Max: 572, Diff: 572, Sum: 764, Workers: 4
[2883.646s][debug][gc,phases      ] GC(171)   ObjectSynchronizer Weak        Min:  0.0, Avg:  0.0, Max:  0.0, Diff:  0.0, Sum:  0.0, Workers: 4
[2883.646s][debug][gc,phases      ] GC(171)     Dead                           Min: 0, Avg:  0.0, Max: 0, Diff: 0, Sum: 0, Workers: 4
[2883.646s][debug][gc,phases      ] GC(171)     Total                          Min: 0, Avg: 89.5, Max: 192, Diff: 192, Sum: 358, Workers: 4
[2883.646s][debug][gc,phases      ] GC(171)   JVMTI Tag Weak OopStorage      Min:  0.0, Avg:  0.0, Max:  0.0, Diff:  0.0, Sum:  0.0, Workers: 4
[2883.646s][debug][gc,phases      ] GC(171)     Dead                           Min: 0, Avg:  0.0, Max: 0, Diff: 0, Sum: 0, Workers: 4
[2883.646s][debug][gc,phases      ] GC(171)     Total                          Min: 0, Avg:  0.0, Max: 0, Diff: 0, Sum: 0, Workers: 4
[2883.646s][debug][gc,phases      ] GC(171)   StringTable Weak               Min:  0.1, Avg:  0.1, Max:  0.1, Diff:  0.0, Sum:  0.4, Workers: 4
[2883.646s][debug][gc,phases      ] GC(171)     Dead                           Min: 0, Avg:  0.0, Max: 0, Diff: 0, Sum: 0, Workers: 4
[2883.646s][debug][gc,phases      ] GC(171)     Total                          Min: 10688, Avg: 12302.0, Max: 16504, Diff: 5816, Sum: 49208, Workers: 4
[2883.646s][debug][gc,phases      ] GC(171)   ResolvedMethodTable Weak       Min:  0.0, Avg:  0.0, Max:  0.0, Diff:  0.0, Sum:  0.1, Workers: 4
[2883.646s][debug][gc,phases      ] GC(171)     Dead                           Min: 0, Avg:  0.0, Max: 0, Diff: 0, Sum: 0, Workers: 4
[2883.646s][debug][gc,phases      ] GC(171)     Total                          Min: 1864, Avg: 2210.0, Max: 2880, Diff: 1016, Sum: 8840, Workers: 4
[2883.646s][debug][gc,phases      ] GC(171)   JNI Weak                       Min:  0.0, Avg:  0.0, Max:  0.0, Diff:  0.0, Sum:  0.0, Workers: 4
[2883.646s][debug][gc,phases      ] GC(171)     Dead                           Min: 0, Avg:  0.0, Max: 0, Diff: 0, Sum: 0, Workers: 4
[2883.646s][debug][gc,phases      ] GC(171)     Total                          Min: 0, Avg:  0.0, Max: 0, Diff: 0, Sum: 0, Workers: 4
[2883.646s][debug][gc,phases      ] GC(171)   StringDedup Table Weak         Min:  0.0, Avg:  0.0, Max:  0.0, Diff:  0.0, Sum:  0.0, Workers: 4
[2883.646s][debug][gc,phases      ] GC(171)     Dead                           Min: 0, Avg:  0.0, Max: 0, Diff: 0, Sum: 0, Workers: 4
[2883.646s][debug][gc,phases      ] GC(171)     Total                          Min: 0, Avg:  0.0, Max: 0, Diff: 0, Sum: 0, Workers: 4
[2883.646s][debug][gc,phases      ] GC(171)   StringDedup Requests0 Weak     Min:  0.0, Avg:  0.0, Max:  0.0, Diff:  0.0, Sum:  0.0, Workers: 4
[2883.646s][debug][gc,phases      ] GC(171)     Dead                           Min: 0, Avg:  0.0, Max: 0, Diff: 0, Sum: 0, Workers: 4
[2883.646s][debug][gc,phases      ] GC(171)     Total                          Min: 0, Avg:  0.0, Max: 0, Diff: 0, Sum: 0, Workers: 4
[2883.646s][debug][gc,phases      ] GC(171)   StringDedup Requests1 Weak     Min:  0.0, Avg:  0.0, Max:  0.0, Diff:  0.0, Sum:  0.0, Workers: 4
[2883.646s][debug][gc,phases      ] GC(171)     Dead                           Min: 0, Avg:  0.0, Max: 0, Diff: 0, Sum: 0, Workers: 4
[2883.646s][debug][gc,phases      ] GC(171)     Total                          Min: 0, Avg:  0.0, Max: 0, Diff: 0, Sum: 0, Workers: 4
[2883.646s][debug][gc,phases      ] GC(171)   Weak JFR Old Object Samples    Min:  0.0, Avg:  0.0, Max:  0.0, Diff:  0.0, Sum:  0.0, Workers: 4
[2883.646s][debug][gc,phases      ] GC(171)     Dead                           Min: 0, Avg:  0.0, Max: 0, Diff: 0, Sum: 0, Workers: 4
[2883.646s][debug][gc,phases      ] GC(171)     Total                          Min: 0, Avg:  0.0, Max: 0, Diff: 0, Sum: 0, Workers: 4
[2883.646s][debug][gc,phases      ] GC(171) Weak Processing 0.309ms
[2883.646s][debug][gc,age         ] GC(171) Desired survivor size 105906176 bytes, new threshold 15 (max threshold 15)
[2883.646s][info ][gc,heap        ] GC(171) PSYoungGen: 1961232K(1992704K)->72320K(1993728K) Eden: 1888256K(1888256K)->0K(1889280K) From: 72976K(104448K)->72320K(104448K)
[2883.646s][info ][gc,heap        ] GC(171) ParOldGen: 574033K(606720K)->574137K(606720K)
[2883.646s][info ][gc,metaspace   ] GC(171) Metaspace: 86264K(87232K)->86264K(87232K) NonClass: 74280K(74816K)->74280K(74816K) Class: 11983K(12416K)->11983K(12416K)
[2883.646s][info ][gc             ] GC(171) Pause Young (Allocation Failure) 2475M->631M(2539M) 16.021ms
[2883.646s][info ][gc,cpu         ] GC(171) User=0.06s Sys=0.00s Real=0.02s
[2883.646s][info ][safepoint      ] Safepoint "ParallelGCFailedAllocation", Time since last: 1132877633 ns, Reaching safepoint: 96700 ns, At safepoint: 16099602 ns, Total: 16196302 ns
[2886.647s][info ][safepoint      ] Safepoint "Cleanup", Time since last: 3000203723 ns, Reaching safepoint: 49999 ns, At safepoint: 3000 ns, Total: 52999 ns
[2889.647s][info ][safepoint      ] Safepoint "Cleanup", Time since last: 3000240934 ns, Reaching safepoint: 43699 ns, At safepoint: 7400 ns, Total: 51099 ns
[2890.647s][info ][safepoint      ] Safepoint "Cleanup", Time since last: 1000098947 ns, Reaching safepoint: 43700 ns, At safepoint: 2400 ns, Total: 46100 ns
[2891.647s][info ][safepoint      ] Safepoint "Cleanup", Time since last: 1000103748 ns, Reaching safepoint: 36800 ns, At safepoint: 8200 ns, Total: 45000 ns
[2892.647s][info ][safepoint      ] Safepoint "Cleanup", Time since last: 1000106949 ns, Reaching safepoint: 39599 ns, At safepoint: 3100 ns, Total: 42699 ns
[2893.647s][info ][safepoint      ] Safepoint "Cleanup", Time since last: 1000108051 ns, Reaching safepoint: 33700 ns, At safepoint: 3200 ns, Total: 36900 ns
[2895.648s][info ][safepoint      ] Safepoint "Cleanup", Time since last: 2000176805 ns, Reaching safepoint: 45299 ns, At safepoint: 8200 ns, Total: 53499 ns
[2898.648s][info ][safepoint      ] Safepoint "Cleanup", Time since last: 3000239667 ns, Reaching safepoint: 45200 ns, At safepoint: 4600 ns, Total: 49800 ns
[2902.648s][info ][safepoint      ] Safepoint "Cleanup", Time since last: 4000307639 ns, Reaching safepoint: 42800 ns, At safepoint: 3300 ns, Total: 46100 ns
[2904.649s][info ][safepoint      ] Safepoint "Cleanup", Time since last: 2000167227 ns, Reaching safepoint: 39299 ns, At safepoint: 3600 ns, Total: 42899 ns
[2905.649s][info ][safepoint      ] Safepoint "Cleanup", Time since last: 1000105465 ns, Reaching safepoint: 52900 ns, At safepoint: 2900 ns, Total: 55800 ns
[2908.649s][info ][safepoint      ] Safepoint "Cleanup", Time since last: 3000229003 ns, Reaching safepoint: 46300 ns, At safepoint: 2700 ns, Total: 49000 ns
[2909.649s][info ][safepoint      ] Safepoint "Cleanup", Time since last: 1000103170 ns, Reaching safepoint: 52100 ns, At safepoint: 3900 ns, Total: 56000 ns
[2910.649s][info ][safepoint      ] Safepoint "Cleanup", Time since last: 1000105371 ns, Reaching safepoint: 45399 ns, At safepoint: 2300 ns, Total: 47699 ns
[2911.649s][info ][safepoint      ] Safepoint "Cleanup", Time since last: 1000059073 ns, Reaching safepoint: 45700 ns, At safepoint: 3500 ns, Total: 49200 ns
[2913.650s][info ][safepoint      ] Safepoint "Cleanup", Time since last: 2000166648 ns, Reaching safepoint: 54000 ns, At safepoint: 5500 ns, Total: 59500 ns
[2915.476s][info ][gc,start       ] GC(172) Pause Young (Allocation Failure)
[2915.487s][debug][gc,phases      ] GC(172) Scavenge 10.982ms
[2915.487s][debug][gc,ref         ] GC(172) Skipped phase 1 of Reference Processing: no references
[2915.487s][debug][gc,ref         ] GC(172) ReferenceProcessor::execute queues: 1, RefProcThreadModel::Single, marks_oops_alive: false
[2915.487s][debug][gc,ref         ] GC(172) Skipped phase 3 of Reference Processing: no references
[2915.487s][debug][gc,ref         ] GC(172) ReferenceProcessor::execute queues: 1, RefProcThreadModel::Single, marks_oops_alive: false
[2915.487s][debug][gc,phases      ] GC(172) Reference Processing 0.118ms
[2915.487s][debug][gc,phases      ] GC(172)   VM Weak                        Min:  0.0, Avg:  0.0, Max:  0.0, Diff:  0.0, Sum:  0.0, Workers: 4
[2915.487s][debug][gc,phases      ] GC(172)     Dead                           Min: 0, Avg:  0.0, Max: 0, Diff: 0, Sum: 0, Workers: 4
[2915.487s][debug][gc,phases      ] GC(172)     Total                          Min: 0, Avg: 191.0, Max: 572, Diff: 572, Sum: 764, Workers: 4
[2915.487s][debug][gc,phases      ] GC(172)   ObjectSynchronizer Weak        Min:  0.0, Avg:  0.0, Max:  0.0, Diff:  0.0, Sum:  0.0, Workers: 4
[2915.487s][debug][gc,phases      ] GC(172)     Dead                           Min: 0, Avg:  0.0, Max: 0, Diff: 0, Sum: 0, Workers: 4
[2915.487s][debug][gc,phases      ] GC(172)     Total                          Min: 38, Avg: 89.5, Max: 128, Diff: 90, Sum: 358, Workers: 4
[2915.487s][debug][gc,phases      ] GC(172)   JVMTI Tag Weak OopStorage      Min:  0.0, Avg:  0.0, Max:  0.0, Diff:  0.0, Sum:  0.0, Workers: 4
[2915.487s][debug][gc,phases      ] GC(172)     Dead                           Min: 0, Avg:  0.0, Max: 0, Diff: 0, Sum: 0, Workers: 4
[2915.487s][debug][gc,phases      ] GC(172)     Total                          Min: 0, Avg:  0.0, Max: 0, Diff: 0, Sum: 0, Workers: 4
[2915.487s][debug][gc,phases      ] GC(172)   StringTable Weak               Min:  0.1, Avg:  0.1, Max:  0.1, Diff:  0.0, Sum:  0.4, Workers: 4
[2915.487s][debug][gc,phases      ] GC(172)     Dead                           Min: 0, Avg:  0.0, Max: 0, Diff: 0, Sum: 0, Workers: 4
[2915.487s][debug][gc,phases      ] GC(172)     Total                          Min: 9856, Avg: 12302.0, Max: 14912, Diff: 5056, Sum: 49208, Workers: 4
[2915.487s][debug][gc,phases      ] GC(172)   ResolvedMethodTable Weak       Min:  0.0, Avg:  0.0, Max:  0.0, Diff:  0.0, Sum:  0.1, Workers: 4
[2915.487s][debug][gc,phases      ] GC(172)     Dead                           Min: 0, Avg:  0.0, Max: 0, Diff: 0, Sum: 0, Workers: 4
[2915.487s][debug][gc,phases      ] GC(172)     Total                          Min: 1728, Avg: 2210.0, Max: 2632, Diff: 904, Sum: 8840, Workers: 4
[2915.487s][debug][gc,phases      ] GC(172)   JNI Weak                       Min:  0.0, Avg:  0.0, Max:  0.0, Diff:  0.0, Sum:  0.0, Workers: 4
[2915.487s][debug][gc,phases      ] GC(172)     Dead                           Min: 0, Avg:  0.0, Max: 0, Diff: 0, Sum: 0, Workers: 4
[2915.487s][debug][gc,phases      ] GC(172)     Total                          Min: 0, Avg:  0.0, Max: 0, Diff: 0, Sum: 0, Workers: 4
[2915.487s][debug][gc,phases      ] GC(172)   StringDedup Table Weak         Min:  0.0, Avg:  0.0, Max:  0.0, Diff:  0.0, Sum:  0.0, Workers: 4
[2915.487s][debug][gc,phases      ] GC(172)     Dead                           Min: 0, Avg:  0.0, Max: 0, Diff: 0, Sum: 0, Workers: 4
[2915.487s][debug][gc,phases      ] GC(172)     Total                          Min: 0, Avg:  0.0, Max: 0, Diff: 0, Sum: 0, Workers: 4
[2915.487s][debug][gc,phases      ] GC(172)   StringDedup Requests0 Weak     Min:  0.0, Avg:  0.0, Max:  0.0, Diff:  0.0, Sum:  0.0, Workers: 4
[2915.487s][debug][gc,phases      ] GC(172)     Dead                           Min: 0, Avg:  0.0, Max: 0, Diff: 0, Sum: 0, Workers: 4
[2915.487s][debug][gc,phases      ] GC(172)     Total                          Min: 0, Avg:  0.0, Max: 0, Diff: 0, Sum: 0, Workers: 4
[2915.487s][debug][gc,phases      ] GC(172)   StringDedup Requests1 Weak     Min:  0.0, Avg:  0.0, Max:  0.0, Diff:  0.0, Sum:  0.0, Workers: 4
[2915.487s][debug][gc,phases      ] GC(172)     Dead                           Min: 0, Avg:  0.0, Max: 0, Diff: 0, Sum: 0, Workers: 4
[2915.487s][debug][gc,phases      ] GC(172)     Total                          Min: 0, Avg:  0.0, Max: 0, Diff: 0, Sum: 0, Workers: 4
[2915.487s][debug][gc,phases      ] GC(172)   Weak JFR Old Object Samples    Min:  0.0, Avg:  0.0, Max:  0.0, Diff:  0.0, Sum:  0.0, Workers: 4
[2915.487s][debug][gc,phases      ] GC(172)     Dead                           Min: 0, Avg:  0.0, Max: 0, Diff: 0, Sum: 0, Workers: 4
[2915.487s][debug][gc,phases      ] GC(172)     Total                          Min: 0, Avg:  0.0, Max: 0, Diff: 0, Sum: 0, Workers: 4
[2915.487s][debug][gc,phases      ] GC(172) Weak Processing 0.271ms
[2915.487s][debug][gc,age         ] GC(172) Desired survivor size 104857600 bytes, new threshold 15 (max threshold 15)
[2915.487s][info ][gc,heap        ] GC(172) PSYoungGen: 1961600K(1993728K)->71904K(1992704K) Eden: 1889280K(1889280K)->0K(1889280K) From: 72320K(104448K)->71904K(103424K)
[2915.487s][info ][gc,heap        ] GC(172) ParOldGen: 574137K(606720K)->574393K(606720K)
[2915.487s][info ][gc,metaspace   ] GC(172) Metaspace: 86271K(87232K)->86271K(87232K) NonClass: 74287K(74816K)->74287K(74816K) Class: 11983K(12416K)->11983K(12416K)
[2915.487s][info ][gc             ] GC(172) Pause Young (Allocation Failure) 2476M->631M(2538M) 11.494ms
[2915.488s][info ][gc,cpu         ] GC(172) User=0.04s Sys=0.00s Real=0.01s
[2915.488s][info ][safepoint      ] Safepoint "ParallelGCFailedAllocation", Time since last: 1826240600 ns, Reaching safepoint: 108200 ns, At safepoint: 11573930 ns, Total: 11682130 ns
[2921.488s][info ][safepoint      ] Safepoint "Cleanup", Time since last: 6000473187 ns, Reaching safepoint: 49900 ns, At safepoint: 7800 ns, Total: 57700 ns
[2923.488s][info ][safepoint      ] Safepoint "Cleanup", Time since last: 2000162871 ns, Reaching safepoint: 63400 ns, At safepoint: 11400 ns, Total: 74800 ns
[2925.489s][info ][safepoint      ] Safepoint "Cleanup", Time since last: 2000149676 ns, Reaching safepoint: 44500 ns, At safepoint: 11900 ns, Total: 56400 ns
[2936.489s][info ][safepoint      ] Safepoint "Cleanup", Time since last: 11000767353 ns, Reaching safepoint: 53500 ns, At safepoint: 2999 ns, Total: 56499 ns
[2944.490s][info ][safepoint      ] Safepoint "Cleanup", Time since last: 8000552453 ns, Reaching safepoint: 47999 ns, At safepoint: 2300 ns, Total: 50299 ns
[2946.490s][info ][safepoint      ] Safepoint "Cleanup", Time since last: 2000165224 ns, Reaching safepoint: 46700 ns, At safepoint: 2200 ns, Total: 48900 ns
[2948.490s][info ][safepoint      ] Safepoint "Cleanup", Time since last: 2000167729 ns, Reaching safepoint: 47299 ns, At safepoint: 3600 ns, Total: 50899 ns
[2948.783s][info ][gc,start       ] GC(173) Pause Young (Allocation Failure)
[2948.796s][debug][gc,phases      ] GC(173) Scavenge 13.786ms
[2948.796s][debug][gc,ref         ] GC(173) Skipped phase 1 of Reference Processing: no references
[2948.797s][debug][gc,ref         ] GC(173) ReferenceProcessor::execute queues: 1, RefProcThreadModel::Single, marks_oops_alive: false
[2948.797s][debug][gc,ref         ] GC(173) Skipped phase 3 of Reference Processing: no references
[2948.797s][debug][gc,ref         ] GC(173) ReferenceProcessor::execute queues: 1, RefProcThreadModel::Single, marks_oops_alive: false
[2948.797s][debug][gc,phases      ] GC(173) Reference Processing 0.105ms
[2948.797s][debug][gc,phases      ] GC(173)   VM Weak                        Min:  0.0, Avg:  0.0, Max:  0.0, Diff:  0.0, Sum:  0.0, Workers: 4
[2948.797s][debug][gc,phases      ] GC(173)     Dead                           Min: 0, Avg:  0.0, Max: 0, Diff: 0, Sum: 0, Workers: 4
[2948.797s][debug][gc,phases      ] GC(173)     Total                          Min: 0, Avg: 191.0, Max: 320, Diff: 320, Sum: 764, Workers: 4
[2948.797s][debug][gc,phases      ] GC(173)   ObjectSynchronizer Weak        Min:  0.0, Avg:  0.0, Max:  0.0, Diff:  0.0, Sum:  0.0, Workers: 4
[2948.797s][debug][gc,phases      ] GC(173)     Dead                           Min: 0, Avg:  0.0, Max: 0, Diff: 0, Sum: 0, Workers: 4
[2948.797s][debug][gc,phases      ] GC(173)     Total                          Min: 38, Avg: 89.5, Max: 128, Diff: 90, Sum: 358, Workers: 4
[2948.797s][debug][gc,phases      ] GC(173)   JVMTI Tag Weak OopStorage      Min:  0.0, Avg:  0.0, Max:  0.0, Diff:  0.0, Sum:  0.0, Workers: 4
[2948.797s][debug][gc,phases      ] GC(173)     Dead                           Min: 0, Avg:  0.0, Max: 0, Diff: 0, Sum: 0, Workers: 4
[2948.797s][debug][gc,phases      ] GC(173)     Total                          Min: 0, Avg:  0.0, Max: 0, Diff: 0, Sum: 0, Workers: 4
[2948.797s][debug][gc,phases      ] GC(173)   StringTable Weak               Min:  0.1, Avg:  0.1, Max:  0.1, Diff:  0.0, Sum:  0.4, Workers: 4
[2948.797s][debug][gc,phases      ] GC(173)     Dead                           Min: 0, Avg:  0.0, Max: 0, Diff: 0, Sum: 0, Workers: 4
[2948.797s][debug][gc,phases      ] GC(173)     Total                          Min: 9664, Avg: 12302.2, Max: 15737, Diff: 6073, Sum: 49209, Workers: 4
[2948.797s][debug][gc,phases      ] GC(173)   ResolvedMethodTable Weak       Min:  0.0, Avg:  0.0, Max:  0.0, Diff:  0.0, Sum:  0.1, Workers: 4
[2948.797s][debug][gc,phases      ] GC(173)     Dead                           Min: 0, Avg:  0.0, Max: 0, Diff: 0, Sum: 0, Workers: 4
[2948.797s][debug][gc,phases      ] GC(173)     Total                          Min: 1856, Avg: 2210.0, Max: 2816, Diff: 960, Sum: 8840, Workers: 4
[2948.797s][debug][gc,phases      ] GC(173)   JNI Weak                       Min:  0.0, Avg:  0.0, Max:  0.0, Diff:  0.0, Sum:  0.0, Workers: 4
[2948.797s][debug][gc,phases      ] GC(173)     Dead                           Min: 0, Avg:  0.0, Max: 0, Diff: 0, Sum: 0, Workers: 4
[2948.797s][debug][gc,phases      ] GC(173)     Total                          Min: 0, Avg:  0.0, Max: 0, Diff: 0, Sum: 0, Workers: 4
[2948.797s][debug][gc,phases      ] GC(173)   StringDedup Table Weak         Min:  0.0, Avg:  0.0, Max:  0.0, Diff:  0.0, Sum:  0.0, Workers: 4
[2948.797s][debug][gc,phases      ] GC(173)     Dead                           Min: 0, Avg:  0.0, Max: 0, Diff: 0, Sum: 0, Workers: 4
[2948.797s][debug][gc,phases      ] GC(173)     Total                          Min: 0, Avg:  0.0, Max: 0, Diff: 0, Sum: 0, Workers: 4
[2948.797s][debug][gc,phases      ] GC(173)   StringDedup Requests0 Weak     Min:  0.0, Avg:  0.0, Max:  0.0, Diff:  0.0, Sum:  0.0, Workers: 4
[2948.797s][debug][gc,phases      ] GC(173)     Dead                           Min: 0, Avg:  0.0, Max: 0, Diff: 0, Sum: 0, Workers: 4
[2948.797s][debug][gc,phases      ] GC(173)     Total                          Min: 0, Avg:  0.0, Max: 0, Diff: 0, Sum: 0, Workers: 4
[2948.797s][debug][gc,phases      ] GC(173)   StringDedup Requests1 Weak     Min:  0.0, Avg:  0.0, Max:  0.0, Diff:  0.0, Sum:  0.0, Workers: 4
[2948.797s][debug][gc,phases      ] GC(173)     Dead                           Min: 0, Avg:  0.0, Max: 0, Diff: 0, Sum: 0, Workers: 4
[2948.797s][debug][gc,phases      ] GC(173)     Total                          Min: 0, Avg:  0.0, Max: 0, Diff: 0, Sum: 0, Workers: 4
[2948.797s][debug][gc,phases      ] GC(173)   Weak JFR Old Object Samples    Min:  0.0, Avg:  0.0, Max:  0.0, Diff:  0.0, Sum:  0.0, Workers: 4
[2948.797s][debug][gc,phases      ] GC(173)     Dead                           Min: 0, Avg:  0.0, Max: 0, Diff: 0, Sum: 0, Workers: 4
[2948.797s][debug][gc,phases      ] GC(173)     Total                          Min: 0, Avg:  0.0, Max: 0, Diff: 0, Sum: 0, Workers: 4
[2948.797s][debug][gc,phases      ] GC(173) Weak Processing 0.286ms
[2948.797s][debug][gc,age         ] GC(173) Desired survivor size 103284736 bytes, new threshold 15 (max threshold 15)
[2948.797s][info ][gc,heap        ] GC(173) PSYoungGen: 1961184K(1992704K)->71568K(1996288K) Eden: 1889280K(1889280K)->0K(1893888K) From: 71904K(103424K)->71568K(102400K)
[2948.797s][info ][gc,heap        ] GC(173) ParOldGen: 574393K(606720K)->574769K(606720K)
[2948.797s][info ][gc,metaspace   ] GC(173) Metaspace: 86277K(87232K)->86277K(87232K) NonClass: 74293K(74816K)->74293K(74816K) Class: 11983K(12416K)->11983K(12416K)
[2948.797s][info ][gc             ] GC(173) Pause Young (Allocation Failure) 2476M->631M(2542M) 14.286ms
[2948.797s][info ][gc,cpu         ] GC(173) User=0.05s Sys=0.00s Real=0.01s
[2948.797s][info ][safepoint      ] Safepoint "ParallelGCFailedAllocation", Time since last: 292198752 ns, Reaching safepoint: 27600 ns, At safepoint: 14354114 ns, Total: 14381714 ns
[2949.797s][info ][safepoint      ] Safepoint "Cleanup", Time since last: 1000078716 ns, Reaching safepoint: 46500 ns, At safepoint: 5500 ns, Total: 52000 ns
[2951.797s][info ][safepoint      ] Safepoint "Cleanup", Time since last: 2000175935 ns, Reaching safepoint: 48800 ns, At safepoint: 6600 ns, Total: 55400 ns
[2953.798s][info ][safepoint      ] Safepoint "Cleanup", Time since last: 2000164740 ns, Reaching safepoint: 52500 ns, At safepoint: 7800 ns, Total: 60300 ns
[2954.798s][info ][safepoint      ] Safepoint "Cleanup", Time since last: 1000103722 ns, Reaching safepoint: 43999 ns, At safepoint: 2500 ns, Total: 46499 ns
[2955.798s][info ][safepoint      ] Safepoint "Cleanup", Time since last: 1000099423 ns, Reaching safepoint: 54400 ns, At safepoint: 10400 ns, Total: 64800 ns
[2957.798s][info ][safepoint      ] Safepoint "Cleanup", Time since last: 2000167849 ns, Reaching safepoint: 50199 ns, At safepoint: 2900 ns, Total: 53099 ns
[2958.798s][info ][safepoint      ] Safepoint "Cleanup", Time since last: 1000117826 ns, Reaching safepoint: 49200 ns, At safepoint: 3400 ns, Total: 52600 ns
[2959.798s][info ][safepoint      ] Safepoint "Cleanup", Time since last: 1000108927 ns, Reaching safepoint: 59500 ns, At safepoint: 12700 ns, Total: 72200 ns
[2960.799s][info ][safepoint      ] Safepoint "Cleanup", Time since last: 1000103328 ns, Reaching safepoint: 34800 ns, At safepoint: 10700 ns, Total: 45500 ns
[2962.799s][info ][safepoint      ] Safepoint "Cleanup", Time since last: 2000167559 ns, Reaching safepoint: 41700 ns, At safepoint: 2800 ns, Total: 44500 ns
[2964.799s][info ][safepoint      ] Safepoint "Cleanup", Time since last: 2000171464 ns, Reaching safepoint: 46000 ns, At safepoint: 3300 ns, Total: 49300 ns
[2966.645s][info ][safepoint      ] Safepoint "Cleanup", Time since last: 1845470991 ns, Reaching safepoint: 131999 ns, At safepoint: 19200 ns, Total: 151199 ns
[2967.645s][info ][safepoint      ] Safepoint "Cleanup", Time since last: 1000099536 ns, Reaching safepoint: 119899 ns, At safepoint: 7700 ns, Total: 127599 ns
[2969.645s][info ][safepoint      ] Safepoint "Cleanup", Time since last: 2000166875 ns, Reaching safepoint: 43299 ns, At safepoint: 5200 ns, Total: 48499 ns
[2971.645s][info ][safepoint      ] Safepoint "Cleanup", Time since last: 2000170879 ns, Reaching safepoint: 42300 ns, At safepoint: 2300 ns, Total: 44600 ns
[2973.646s][info ][safepoint      ] Safepoint "Cleanup", Time since last: 2000181083 ns, Reaching safepoint: 68799 ns, At safepoint: 8100 ns, Total: 76899 ns
[2974.646s][info ][safepoint      ] Safepoint "Cleanup", Time since last: 1000098343 ns, Reaching safepoint: 71800 ns, At safepoint: 9500 ns, Total: 81300 ns
[2975.646s][info ][safepoint      ] Safepoint "Cleanup", Time since last: 1000110444 ns, Reaching safepoint: 58899 ns, At safepoint: 9300 ns, Total: 68199 ns
[2976.646s][info ][safepoint      ] Safepoint "Cleanup", Time since last: 1000100646 ns, Reaching safepoint: 52999 ns, At safepoint: 7000 ns, Total: 59999 ns
[2977.646s][info ][safepoint      ] Safepoint "Cleanup", Time since last: 1000060447 ns, Reaching safepoint: 51999 ns, At safepoint: 6100 ns, Total: 58099 ns
[2979.031s][info ][gc,start       ] GC(174) Pause Young (Allocation Failure)
[2979.047s][debug][gc,phases      ] GC(174) Scavenge 16.127ms
[2979.047s][debug][gc,ref         ] GC(174) Skipped phase 1 of Reference Processing: no references
[2979.047s][debug][gc,ref         ] GC(174) ReferenceProcessor::execute queues: 1, RefProcThreadModel::Single, marks_oops_alive: false
[2979.048s][debug][gc,ref         ] GC(174) Skipped phase 3 of Reference Processing: no references
[2979.048s][debug][gc,ref         ] GC(174) ReferenceProcessor::execute queues: 1, RefProcThreadModel::Single, marks_oops_alive: false
[2979.048s][debug][gc,phases      ] GC(174) Reference Processing 0.094ms
[2979.048s][debug][gc,phases      ] GC(174)   VM Weak                        Min:  0.0, Avg:  0.0, Max:  0.0, Diff:  0.0, Sum:  0.0, Workers: 4
[2979.048s][debug][gc,phases      ] GC(174)     Dead                           Min: 0, Avg:  0.0, Max: 0, Diff: 0, Sum: 0, Workers: 4
[2979.048s][debug][gc,phases      ] GC(174)     Total                          Min: 0, Avg: 191.0, Max: 764, Diff: 764, Sum: 764, Workers: 4
[2979.048s][debug][gc,phases      ] GC(174)   ObjectSynchronizer Weak        Min:  0.0, Avg:  0.0, Max:  0.0, Diff:  0.0, Sum:  0.0, Workers: 4
[2979.048s][debug][gc,phases      ] GC(174)     Dead                           Min: 0, Avg:  0.0, Max: 0, Diff: 0, Sum: 0, Workers: 4
[2979.048s][debug][gc,phases      ] GC(174)     Total                          Min: 0, Avg: 89.5, Max: 128, Diff: 128, Sum: 358, Workers: 4
[2979.048s][debug][gc,phases      ] GC(174)   JVMTI Tag Weak OopStorage      Min:  0.0, Avg:  0.0, Max:  0.0, Diff:  0.0, Sum:  0.0, Workers: 4
[2979.048s][debug][gc,phases      ] GC(174)     Dead                           Min: 0, Avg:  0.0, Max: 0, Diff: 0, Sum: 0, Workers: 4
[2979.048s][debug][gc,phases      ] GC(174)     Total                          Min: 0, Avg:  0.0, Max: 0, Diff: 0, Sum: 0, Workers: 4
[2979.048s][debug][gc,phases      ] GC(174)   StringTable Weak               Min:  0.1, Avg:  0.1, Max:  0.1, Diff:  0.0, Sum:  0.5, Workers: 4
[2979.048s][debug][gc,phases      ] GC(174)     Dead                           Min: 0, Avg:  0.0, Max: 0, Diff: 0, Sum: 0, Workers: 4
[2979.048s][debug][gc,phases      ] GC(174)     Total                          Min: 11642, Avg: 12302.5, Max: 12864, Diff: 1222, Sum: 49210, Workers: 4
[2979.048s][debug][gc,phases      ] GC(174)   ResolvedMethodTable Weak       Min:  0.0, Avg:  0.0, Max:  0.0, Diff:  0.0, Sum:  0.1, Workers: 4
[2979.048s][debug][gc,phases      ] GC(174)     Dead                           Min: 0, Avg:  0.0, Max: 0, Diff: 0, Sum: 0, Workers: 4
[2979.048s][debug][gc,phases      ] GC(174)     Total                          Min: 2176, Avg: 2210.0, Max: 2312, Diff: 136, Sum: 8840, Workers: 4
[2979.048s][debug][gc,phases      ] GC(174)   JNI Weak                       Min:  0.0, Avg:  0.0, Max:  0.0, Diff:  0.0, Sum:  0.0, Workers: 4
[2979.048s][debug][gc,phases      ] GC(174)     Dead                           Min: 0, Avg:  0.0, Max: 0, Diff: 0, Sum: 0, Workers: 4
[2979.048s][debug][gc,phases      ] GC(174)     Total                          Min: 0, Avg:  0.0, Max: 0, Diff: 0, Sum: 0, Workers: 4
[2979.048s][debug][gc,phases      ] GC(174)   StringDedup Table Weak         Min:  0.0, Avg:  0.0, Max:  0.0, Diff:  0.0, Sum:  0.0, Workers: 4
[2979.048s][debug][gc,phases      ] GC(174)     Dead                           Min: 0, Avg:  0.0, Max: 0, Diff: 0, Sum: 0, Workers: 4
[2979.048s][debug][gc,phases      ] GC(174)     Total                          Min: 0, Avg:  0.0, Max: 0, Diff: 0, Sum: 0, Workers: 4
[2979.048s][debug][gc,phases      ] GC(174)   StringDedup Requests0 Weak     Min:  0.0, Avg:  0.0, Max:  0.0, Diff:  0.0, Sum:  0.0, Workers: 4
[2979.048s][debug][gc,phases      ] GC(174)     Dead                           Min: 0, Avg:  0.0, Max: 0, Diff: 0, Sum: 0, Workers: 4
[2979.048s][debug][gc,phases      ] GC(174)     Total                          Min: 0, Avg:  0.0, Max: 0, Diff: 0, Sum: 0, Workers: 4
[2979.048s][debug][gc,phases      ] GC(174)   StringDedup Requests1 Weak     Min:  0.0, Avg:  0.0, Max:  0.0, Diff:  0.0, Sum:  0.0, Workers: 4
[2979.048s][debug][gc,phases      ] GC(174)     Dead                           Min: 0, Avg:  0.0, Max: 0, Diff: 0, Sum: 0, Workers: 4
[2979.048s][debug][gc,phases      ] GC(174)     Total                          Min: 0, Avg:  0.0, Max: 0, Diff: 0, Sum: 0, Workers: 4
[2979.048s][debug][gc,phases      ] GC(174)   Weak JFR Old Object Samples    Min:  0.0, Avg:  0.0, Max:  0.0, Diff:  0.0, Sum:  0.0, Workers: 4
[2979.048s][debug][gc,phases      ] GC(174)     Dead                           Min: 0, Avg:  0.0, Max: 0, Diff: 0, Sum: 0, Workers: 4
[2979.048s][debug][gc,phases      ] GC(174)     Total                          Min: 0, Avg:  0.0, Max: 0, Diff: 0, Sum: 0, Workers: 4
[2979.048s][debug][gc,phases      ] GC(174) Weak Processing 0.301ms
[2979.048s][debug][gc,age         ] GC(174) Desired survivor size 102236160 bytes, new threshold 15 (max threshold 15)
[2979.048s][info ][gc,heap        ] GC(174) PSYoungGen: 1965456K(1996288K)->51328K(1994752K) Eden: 1893888K(1893888K)->0K(1893888K) From: 71568K(102400K)->51328K(100864K)
[2979.048s][info ][gc,heap        ] GC(174) ParOldGen: 574769K(606720K)->599419K(606720K)
[2979.048s][info ][gc,metaspace   ] GC(174) Metaspace: 86312K(87296K)->86312K(87296K) NonClass: 74329K(74880K)->74329K(74880K) Class: 11983K(12416K)->11983K(12416K)
[2979.048s][info ][gc             ] GC(174) Pause Young (Allocation Failure) 2480M->635M(2540M) 16.633ms
[2979.048s][info ][gc,cpu         ] GC(174) User=0.06s Sys=0.00s Real=0.01s
[2979.048s][debug][gc,phases      ] GC(175) Pre Compact 0.010ms
[2979.048s][info ][gc,start       ] GC(175) Pause Full (Ergonomics)
[2979.048s][info ][gc,phases,start] GC(175) Marking Phase
[2979.203s][debug][gc,phases      ] GC(175) Par Mark 155.243ms
[2979.203s][debug][gc,ref         ] GC(175) ReferenceProcessor::execute queues: 4, RefProcThreadModel::Multi, marks_oops_alive: true
[2979.204s][debug][gc,ref         ] GC(175) ReferenceProcessor::execute queues: 4, RefProcThreadModel::Multi, marks_oops_alive: false
[2979.204s][debug][gc,ref         ] GC(175) Skipped phase 3 of Reference Processing: no references
[2979.204s][debug][gc,ref         ] GC(175) ReferenceProcessor::execute queues: 1, RefProcThreadModel::Single, marks_oops_alive: false
[2979.204s][debug][gc,phases      ] GC(175) Reference Processing 1.017ms
[2979.205s][debug][gc,phases      ] GC(175)   VM Weak                        Min:  0.0, Avg:  0.0, Max:  0.0, Diff:  0.0, Sum:  0.0, Workers: 4
[2979.205s][debug][gc,phases      ] GC(175)     Dead                           Min: 0, Avg: 31.5, Max: 107, Diff: 107, Sum: 126, Workers: 4
[2979.205s][debug][gc,phases      ] GC(175)     Total                          Min: 0, Avg: 191.0, Max: 576, Diff: 576, Sum: 764, Workers: 4
[2979.205s][debug][gc,phases      ] GC(175)   ObjectSynchronizer Weak        Min:  0.0, Avg:  0.0, Max:  0.0, Diff:  0.0, Sum:  0.0, Workers: 4
[2979.205s][debug][gc,phases      ] GC(175)     Dead                           Min: 0, Avg:  0.0, Max: 0, Diff: 0, Sum: 0, Workers: 4
[2979.205s][debug][gc,phases      ] GC(175)     Total                          Min: 0, Avg: 89.5, Max: 128, Diff: 128, Sum: 358, Workers: 4
[2979.205s][debug][gc,phases      ] GC(175)   JVMTI Tag Weak OopStorage      Min:  0.0, Avg:  0.0, Max:  0.0, Diff:  0.0, Sum:  0.0, Workers: 4
[2979.205s][debug][gc,phases      ] GC(175)     Dead                           Min: 0, Avg:  0.0, Max: 0, Diff: 0, Sum: 0, Workers: 4
[2979.205s][debug][gc,phases      ] GC(175)     Total                          Min: 0, Avg:  0.0, Max: 0, Diff: 0, Sum: 0, Workers: 4
[2979.205s][debug][gc,phases      ] GC(175)   StringTable Weak               Min:  0.1, Avg:  0.1, Max:  0.1, Diff:  0.0, Sum:  0.6, Workers: 4
[2979.205s][debug][gc,phases      ] GC(175)     Dead                           Min: 90, Avg: 298.0, Max: 562, Diff: 472, Sum: 1192, Workers: 4
[2979.205s][debug][gc,phases      ] GC(175)     Total                          Min: 10682, Avg: 12302.5, Max: 13568, Diff: 2886, Sum: 49210, Workers: 4
[2979.205s][debug][gc,phases      ] GC(175)   ResolvedMethodTable Weak       Min:  0.0, Avg:  0.0, Max:  0.0, Diff:  0.0, Sum:  0.1, Workers: 4
[2979.205s][debug][gc,phases      ] GC(175)     Dead                           Min: 9, Avg: 28.0, Max: 38, Diff: 29, Sum: 112, Workers: 4
[2979.205s][debug][gc,phases      ] GC(175)     Total                          Min: 1920, Avg: 2210.0, Max: 2504, Diff: 584, Sum: 8840, Workers: 4
[2979.205s][debug][gc,phases      ] GC(175)   JNI Weak                       Min:  0.0, Avg:  0.0, Max:  0.0, Diff:  0.0, Sum:  0.0, Workers: 4
[2979.205s][debug][gc,phases      ] GC(175)     Dead                           Min: 0, Avg:  0.0, Max: 0, Diff: 0, Sum: 0, Workers: 4
[2979.205s][debug][gc,phases      ] GC(175)     Total                          Min: 0, Avg:  0.0, Max: 0, Diff: 0, Sum: 0, Workers: 4
[2979.205s][debug][gc,phases      ] GC(175)   StringDedup Table Weak         Min:  0.0, Avg:  0.0, Max:  0.0, Diff:  0.0, Sum:  0.0, Workers: 4
[2979.205s][debug][gc,phases      ] GC(175)     Dead                           Min: 0, Avg:  0.0, Max: 0, Diff: 0, Sum: 0, Workers: 4
[2979.205s][debug][gc,phases      ] GC(175)     Total                          Min: 0, Avg:  0.0, Max: 0, Diff: 0, Sum: 0, Workers: 4
[2979.205s][debug][gc,phases      ] GC(175)   StringDedup Requests0 Weak     Min:  0.0, Avg:  0.0, Max:  0.0, Diff:  0.0, Sum:  0.0, Workers: 4
[2979.205s][debug][gc,phases      ] GC(175)     Dead                           Min: 0, Avg:  0.0, Max: 0, Diff: 0, Sum: 0, Workers: 4
[2979.205s][debug][gc,phases      ] GC(175)     Total                          Min: 0, Avg:  0.0, Max: 0, Diff: 0, Sum: 0, Workers: 4
[2979.205s][debug][gc,phases      ] GC(175)   StringDedup Requests1 Weak     Min:  0.0, Avg:  0.0, Max:  0.0, Diff:  0.0, Sum:  0.0, Workers: 4
[2979.205s][debug][gc,phases      ] GC(175)     Dead                           Min: 0, Avg:  0.0, Max: 0, Diff: 0, Sum: 0, Workers: 4
[2979.205s][debug][gc,phases      ] GC(175)     Total                          Min: 0, Avg:  0.0, Max: 0, Diff: 0, Sum: 0, Workers: 4
[2979.205s][debug][gc,phases      ] GC(175)   Weak JFR Old Object Samples    Min:  0.0, Avg:  0.0, Max:  0.0, Diff:  0.0, Sum:  0.0, Workers: 4
[2979.205s][debug][gc,phases      ] GC(175)     Dead                           Min: 0, Avg:  0.0, Max: 0, Diff: 0, Sum: 0, Workers: 4
[2979.205s][debug][gc,phases      ] GC(175)     Total                          Min: 0, Avg:  0.0, Max: 0, Diff: 0, Sum: 0, Workers: 4
[2979.205s][debug][gc,phases      ] GC(175) Weak Processing 0.319ms
[2979.205s][debug][gc,phases      ] GC(175) ClassLoaderData 0.549ms
[2979.205s][debug][gc,phases      ] GC(175) Trigger cleanups 0.001ms
[2979.236s][debug][gc,phases      ] GC(175) Class Unloading 31.056ms
[2979.236s][info ][gc,phases      ] GC(175) Marking Phase 187.810ms
[2979.236s][info ][gc,phases,start] GC(175) Summary Phase
[2979.236s][info ][gc,phases      ] GC(175) Summary Phase 0.019ms
[2979.236s][info ][gc,phases,start] GC(175) Adjust Roots
[2979.250s][info ][gc,phases      ] GC(175) Adjust Roots 14.035ms
[2979.250s][info ][gc,phases,start] GC(175) Compaction Phase
[2979.348s][info ][gc,phases      ] GC(175) Compaction Phase 98.021ms
[2979.348s][info ][gc,phases,start] GC(175) Post Compact
[2979.350s][info ][gc,phases      ] GC(175) Post Compact 1.692ms
[2979.350s][info ][gc,heap        ] GC(175) PSYoungGen: 51328K(1994752K)->0K(1997312K) Eden: 0K(1893888K)->0K(1897472K) From: 51328K(100864K)->0K(99840K)
[2979.350s][info ][gc,heap        ] GC(175) ParOldGen: 599419K(606720K)->575996K(724992K)
[2979.350s][info ][gc,metaspace   ] GC(175) Metaspace: 86312K(87296K)->86030K(87296K) NonClass: 74329K(74880K)->74111K(74880K) Class: 11983K(12416K)->11918K(12416K)
[2979.350s][info ][gc             ] GC(175) Pause Full (Ergonomics) 635M->562M(2658M) 301.874ms
[2979.350s][info ][gc,cpu         ] GC(175) User=1.06s Sys=0.00s Real=0.30s
[2979.350s][info ][safepoint      ] Safepoint "ParallelGCFailedAllocation", Time since last: 1384904957 ns, Reaching safepoint: 106400 ns, At safepoint: 318646403 ns, Total: 318752803 ns
[2980.350s][info ][safepoint      ] Safepoint "Cleanup", Time since last: 1000090349 ns, Reaching safepoint: 45800 ns, At safepoint: 3000 ns, Total: 48800 ns
[2981.350s][info ][safepoint      ] Safepoint "Cleanup", Time since last: 1000100550 ns, Reaching safepoint: 49900 ns, At safepoint: 2500 ns, Total: 52400 ns
[2984.350s][info ][safepoint      ] Safepoint "Cleanup", Time since last: 3000254756 ns, Reaching safepoint: 44400 ns, At safepoint: 7000 ns, Total: 51400 ns
[2985.351s][info ][safepoint      ] Safepoint "Cleanup", Time since last: 1000109154 ns, Reaching safepoint: 43500 ns, At safepoint: 2600 ns, Total: 46100 ns
[2990.351s][info ][safepoint      ] Safepoint "Cleanup", Time since last: 5000359087 ns, Reaching safepoint: 39000 ns, At safepoint: 2600 ns, Total: 41600 ns
[2991.351s][info ][safepoint      ] Safepoint "Cleanup", Time since last: 1000102860 ns, Reaching safepoint: 39600 ns, At safepoint: 3200 ns, Total: 42800 ns
[2992.351s][info ][safepoint      ] Safepoint "Cleanup", Time since last: 1000098061 ns, Reaching safepoint: 78100 ns, At safepoint: 6200 ns, Total: 84300 ns
[2993.351s][info ][safepoint      ] Safepoint "Cleanup", Time since last: 1000120162 ns, Reaching safepoint: 46800 ns, At safepoint: 5399 ns, Total: 52199 ns
[2994.352s][info ][safepoint      ] Safepoint "Cleanup", Time since last: 1000110264 ns, Reaching safepoint: 203799 ns, At safepoint: 17399 ns, Total: 221198 ns
[2996.352s][info ][safepoint      ] Safepoint "Cleanup", Time since last: 2000175530 ns, Reaching safepoint: 49400 ns, At safepoint: 5400 ns, Total: 54800 ns
[2999.352s][info ][safepoint      ] Safepoint "Cleanup", Time since last: 3000234203 ns, Reaching safepoint: 61599 ns, At safepoint: 6300 ns, Total: 67899 ns
[3001.353s][info ][safepoint      ] Safepoint "Cleanup", Time since last: 2000170940 ns, Reaching safepoint: 46300 ns, At safepoint: 6600 ns, Total: 52900 ns
[3007.353s][info ][safepoint      ] Safepoint "Cleanup", Time since last: 6000439644 ns, Reaching safepoint: 45600 ns, At safepoint: 2500 ns, Total: 48100 ns
[3009.353s][info ][safepoint      ] Safepoint "Cleanup", Time since last: 2000174656 ns, Reaching safepoint: 30700 ns, At safepoint: 3000 ns, Total: 33700 ns
[3011.354s][info ][safepoint      ] Safepoint "Cleanup", Time since last: 2000183460 ns, Reaching safepoint: 36699 ns, At safepoint: 8500 ns, Total: 45199 ns
[3015.728s][info ][gc,start       ] GC(176) Pause Young (Allocation Failure)
[3015.732s][debug][gc,phases      ] GC(176) Scavenge 4.077ms
[3015.732s][debug][gc,ref         ] GC(176) Skipped phase 1 of Reference Processing: no references
[3015.732s][debug][gc,ref         ] GC(176) ReferenceProcessor::execute queues: 1, RefProcThreadModel::Single, marks_oops_alive: false
[3015.732s][debug][gc,ref         ] GC(176) ReferenceProcessor::execute queues: 4, RefProcThreadModel::Multi, marks_oops_alive: true
[3015.732s][debug][gc,ref         ] GC(176) ReferenceProcessor::execute queues: 1, RefProcThreadModel::Single, marks_oops_alive: false
[3015.732s][debug][gc,phases      ] GC(176) Reference Processing 0.160ms
[3015.732s][debug][gc,phases      ] GC(176)   VM Weak                        Min:  0.0, Avg:  0.0, Max:  0.0, Diff:  0.0, Sum:  0.0, Workers: 4
[3015.732s][debug][gc,phases      ] GC(176)     Dead                           Min: 0, Avg:  0.0, Max: 0, Diff: 0, Sum: 0, Workers: 4
[3015.732s][debug][gc,phases      ] GC(176)     Total                          Min: 0, Avg: 159.8, Max: 639, Diff: 639, Sum: 639, Workers: 4
[3015.732s][debug][gc,phases      ] GC(176)   ObjectSynchronizer Weak        Min:  0.0, Avg:  0.0, Max:  0.0, Diff:  0.0, Sum:  0.0, Workers: 4
[3015.732s][debug][gc,phases      ] GC(176)     Dead                           Min: 0, Avg:  0.0, Max: 0, Diff: 0, Sum: 0, Workers: 4
[3015.732s][debug][gc,phases      ] GC(176)     Total                          Min: 0, Avg: 89.5, Max: 192, Diff: 192, Sum: 358, Workers: 4
[3015.732s][debug][gc,phases      ] GC(176)   JVMTI Tag Weak OopStorage      Min:  0.0, Avg:  0.0, Max:  0.0, Diff:  0.0, Sum:  0.0, Workers: 4
[3015.732s][debug][gc,phases      ] GC(176)     Dead                           Min: 0, Avg:  0.0, Max: 0, Diff: 0, Sum: 0, Workers: 4
[3015.732s][debug][gc,phases      ] GC(176)     Total                          Min: 0, Avg:  0.0, Max: 0, Diff: 0, Sum: 0, Workers: 4
[3015.732s][debug][gc,phases      ] GC(176)   StringTable Weak               Min:  0.1, Avg:  0.1, Max:  0.1, Diff:  0.0, Sum:  0.3, Workers: 4
[3015.732s][debug][gc,phases      ] GC(176)     Dead                           Min: 0, Avg:  1.2, Max: 2, Diff: 2, Sum: 5, Workers: 4
[3015.732s][debug][gc,phases      ] GC(176)     Total                          Min: 10496, Avg: 12311.8, Max: 13632, Diff: 3136, Sum: 49247, Workers: 4
[3015.732s][debug][gc,phases      ] GC(176)   ResolvedMethodTable Weak       Min:  0.0, Avg:  0.0, Max:  0.0, Diff:  0.0, Sum:  0.1, Workers: 4
[3015.732s][debug][gc,phases      ] GC(176)     Dead                           Min: 0, Avg:  0.0, Max: 0, Diff: 0, Sum: 0, Workers: 4
[3015.732s][debug][gc,phases      ] GC(176)     Total                          Min: 2112, Avg: 2219.2, Max: 2304, Diff: 192, Sum: 8877, Workers: 4
[3015.732s][debug][gc,phases      ] GC(176)   JNI Weak                       Min:  0.0, Avg:  0.0, Max:  0.0, Diff:  0.0, Sum:  0.0, Workers: 4
[3015.732s][debug][gc,phases      ] GC(176)     Dead                           Min: 0, Avg:  0.0, Max: 0, Diff: 0, Sum: 0, Workers: 4
[3015.732s][debug][gc,phases      ] GC(176)     Total                          Min: 0, Avg:  0.0, Max: 0, Diff: 0, Sum: 0, Workers: 4
[3015.732s][debug][gc,phases      ] GC(176)   StringDedup Table Weak         Min:  0.0, Avg:  0.0, Max:  0.0, Diff:  0.0, Sum:  0.0, Workers: 4
[3015.732s][debug][gc,phases      ] GC(176)     Dead                           Min: 0, Avg:  0.0, Max: 0, Diff: 0, Sum: 0, Workers: 4
[3015.732s][debug][gc,phases      ] GC(176)     Total                          Min: 0, Avg:  0.0, Max: 0, Diff: 0, Sum: 0, Workers: 4
[3015.732s][debug][gc,phases      ] GC(176)   StringDedup Requests0 Weak     Min:  0.0, Avg:  0.0, Max:  0.0, Diff:  0.0, Sum:  0.0, Workers: 4
[3015.732s][debug][gc,phases      ] GC(176)     Dead                           Min: 0, Avg:  0.0, Max: 0, Diff: 0, Sum: 0, Workers: 4
[3015.732s][debug][gc,phases      ] GC(176)     Total                          Min: 0, Avg:  0.0, Max: 0, Diff: 0, Sum: 0, Workers: 4
[3015.732s][debug][gc,phases      ] GC(176)   StringDedup Requests1 Weak     Min:  0.0, Avg:  0.0, Max:  0.0, Diff:  0.0, Sum:  0.0, Workers: 4
[3015.732s][debug][gc,phases      ] GC(176)     Dead                           Min: 0, Avg:  0.0, Max: 0, Diff: 0, Sum: 0, Workers: 4
[3015.732s][debug][gc,phases      ] GC(176)     Total                          Min: 0, Avg:  0.0, Max: 0, Diff: 0, Sum: 0, Workers: 4
[3015.732s][debug][gc,phases      ] GC(176)   Weak JFR Old Object Samples    Min:  0.0, Avg:  0.0, Max:  0.0, Diff:  0.0, Sum:  0.0, Workers: 4
[3015.732s][debug][gc,phases      ] GC(176)     Dead                           Min: 0, Avg:  0.0, Max: 0, Diff: 0, Sum: 0, Workers: 4
[3015.732s][debug][gc,phases      ] GC(176)     Total                          Min: 0, Avg:  0.0, Max: 0, Diff: 0, Sum: 0, Workers: 4
[3015.732s][debug][gc,phases      ] GC(176) Weak Processing 0.245ms
[3015.732s][debug][gc,age         ] GC(176) Desired survivor size 109051904 bytes, new threshold 15 (max threshold 15)
[3015.732s][info ][gc,heap        ] GC(176) PSYoungGen: 1897472K(1997312K)->3904K(1901568K) Eden: 1897472K(1897472K)->0K(1897472K) From: 0K(99840K)->3904K(4096K)
[3015.732s][info ][gc,heap        ] GC(176) ParOldGen: 575996K(724992K)->575996K(724992K)
[3015.732s][info ][gc,metaspace   ] GC(176) Metaspace: 86117K(87296K)->86117K(87296K) NonClass: 74181K(74880K)->74181K(74880K) Class: 11935K(12416K)->11935K(12416K)
[3015.732s][info ][gc             ] GC(176) Pause Young (Allocation Failure) 2415M->566M(2565M) 4.582ms
[3015.732s][info ][gc,cpu         ] GC(176) User=0.02s Sys=0.00s Real=0.01s
[3015.732s][info ][safepoint      ] Safepoint "ParallelGCFailedAllocation", Time since last: 4374164621 ns, Reaching safepoint: 115099 ns, At safepoint: 4658472 ns, Total: 4773571 ns
[3020.733s][info ][safepoint      ] Safepoint "Cleanup", Time since last: 5000336739 ns, Reaching safepoint: 43200 ns, At safepoint: 5400 ns, Total: 48600 ns
[3021.733s][info ][safepoint      ] Safepoint "Cleanup", Time since last: 1000103190 ns, Reaching safepoint: 29900 ns, At safepoint: 2800 ns, Total: 32700 ns
[3033.734s][info ][safepoint      ] Safepoint "Cleanup", Time since last: 12000863361 ns, Reaching safepoint: 49200 ns, At safepoint: 10400 ns, Total: 59600 ns
[3034.734s][info ][safepoint      ] Safepoint "Cleanup", Time since last: 1000106402 ns, Reaching safepoint: 49500 ns, At safepoint: 9800 ns, Total: 59300 ns
[3035.991s][info ][safepoint      ] Safepoint "Cleanup", Time since last: 1256987889 ns, Reaching safepoint: 84000 ns, At safepoint: 6500 ns, Total: 90500 ns
[3062.993s][info ][safepoint      ] Safepoint "Cleanup", Time since last: 27001813058 ns, Reaching safepoint: 43899 ns, At safepoint: 2900 ns, Total: 46799 ns
[3085.914s][info ][gc,start       ] GC(177) Pause Young (Allocation Failure)
[3085.916s][debug][gc,phases      ] GC(177) Scavenge 2.201ms
[3085.916s][debug][gc,ref         ] GC(177) Skipped phase 1 of Reference Processing: no references
[3085.916s][debug][gc,ref         ] GC(177) ReferenceProcessor::execute queues: 1, RefProcThreadModel::Single, marks_oops_alive: false
[3085.916s][debug][gc,ref         ] GC(177) Skipped phase 3 of Reference Processing: no references
[3085.916s][debug][gc,ref         ] GC(177) ReferenceProcessor::execute queues: 1, RefProcThreadModel::Single, marks_oops_alive: false
[3085.916s][debug][gc,phases      ] GC(177) Reference Processing 0.088ms
[3085.916s][debug][gc,phases      ] GC(177)   VM Weak                        Min:  0.0, Avg:  0.0, Max:  0.0, Diff:  0.0, Sum:  0.0, Workers: 4
[3085.916s][debug][gc,phases      ] GC(177)     Dead                           Min: 0, Avg:  0.0, Max: 0, Diff: 0, Sum: 0, Workers: 4
[3085.916s][debug][gc,phases      ] GC(177)     Total                          Min: 0, Avg: 159.8, Max: 639, Diff: 639, Sum: 639, Workers: 4
[3085.916s][debug][gc,phases      ] GC(177)   ObjectSynchronizer Weak        Min:  0.0, Avg:  0.0, Max:  0.0, Diff:  0.0, Sum:  0.0, Workers: 4
[3085.916s][debug][gc,phases      ] GC(177)     Dead                           Min: 0, Avg:  0.0, Max: 0, Diff: 0, Sum: 0, Workers: 4
[3085.916s][debug][gc,phases      ] GC(177)     Total                          Min: 0, Avg: 89.5, Max: 358, Diff: 358, Sum: 358, Workers: 4
[3085.916s][debug][gc,phases      ] GC(177)   JVMTI Tag Weak OopStorage      Min:  0.0, Avg:  0.0, Max:  0.0, Diff:  0.0, Sum:  0.0, Workers: 4
[3085.916s][debug][gc,phases      ] GC(177)     Dead                           Min: 0, Avg:  0.0, Max: 0, Diff: 0, Sum: 0, Workers: 4
[3085.916s][debug][gc,phases      ] GC(177)     Total                          Min: 0, Avg:  0.0, Max: 0, Diff: 0, Sum: 0, Workers: 4
[3085.916s][debug][gc,phases      ] GC(177)   StringTable Weak               Min:  0.1, Avg:  0.1, Max:  0.1, Diff:  0.0, Sum:  0.3, Workers: 4
[3085.916s][debug][gc,phases      ] GC(177)     Dead                           Min: 0, Avg:  0.2, Max: 1, Diff: 1, Sum: 1, Workers: 4
[3085.916s][debug][gc,phases      ] GC(177)     Total                          Min: 11520, Avg: 12311.8, Max: 12960, Diff: 1440, Sum: 49247, Workers: 4
[3085.916s][debug][gc,phases      ] GC(177)   ResolvedMethodTable Weak       Min:  0.0, Avg:  0.0, Max:  0.0, Diff:  0.0, Sum:  0.1, Workers: 4
[3085.916s][debug][gc,phases      ] GC(177)     Dead                           Min: 0, Avg:  0.0, Max: 0, Diff: 0, Sum: 0, Workers: 4
[3085.916s][debug][gc,phases      ] GC(177)     Total                          Min: 2094, Avg: 2219.5, Max: 2368, Diff: 274, Sum: 8878, Workers: 4
[3085.916s][debug][gc,phases      ] GC(177)   JNI Weak                       Min:  0.0, Avg:  0.0, Max:  0.0, Diff:  0.0, Sum:  0.0, Workers: 4
[3085.916s][debug][gc,phases      ] GC(177)     Dead                           Min: 0, Avg:  0.0, Max: 0, Diff: 0, Sum: 0, Workers: 4
[3085.916s][debug][gc,phases      ] GC(177)     Total                          Min: 0, Avg:  0.0, Max: 0, Diff: 0, Sum: 0, Workers: 4
[3085.916s][debug][gc,phases      ] GC(177)   StringDedup Table Weak         Min:  0.0, Avg:  0.0, Max:  0.0, Diff:  0.0, Sum:  0.0, Workers: 4
[3085.916s][debug][gc,phases      ] GC(177)     Dead                           Min: 0, Avg:  0.0, Max: 0, Diff: 0, Sum: 0, Workers: 4
[3085.916s][debug][gc,phases      ] GC(177)     Total                          Min: 0, Avg:  0.0, Max: 0, Diff: 0, Sum: 0, Workers: 4
[3085.916s][debug][gc,phases      ] GC(177)   StringDedup Requests0 Weak     Min:  0.0, Avg:  0.0, Max:  0.0, Diff:  0.0, Sum:  0.0, Workers: 4
[3085.916s][debug][gc,phases      ] GC(177)     Dead                           Min: 0, Avg:  0.0, Max: 0, Diff: 0, Sum: 0, Workers: 4
[3085.916s][debug][gc,phases      ] GC(177)     Total                          Min: 0, Avg:  0.0, Max: 0, Diff: 0, Sum: 0, Workers: 4
[3085.916s][debug][gc,phases      ] GC(177)   StringDedup Requests1 Weak     Min:  0.0, Avg:  0.0, Max:  0.0, Diff:  0.0, Sum:  0.0, Workers: 4
[3085.916s][debug][gc,phases      ] GC(177)     Dead                           Min: 0, Avg:  0.0, Max: 0, Diff: 0, Sum: 0, Workers: 4
[3085.916s][debug][gc,phases      ] GC(177)     Total                          Min: 0, Avg:  0.0, Max: 0, Diff: 0, Sum: 0, Workers: 4
[3085.916s][debug][gc,phases      ] GC(177)   Weak JFR Old Object Samples    Min:  0.0, Avg:  0.0, Max:  0.0, Diff:  0.0, Sum:  0.0, Workers: 4
[3085.916s][debug][gc,phases      ] GC(177)     Dead                           Min: 0, Avg:  0.0, Max: 0, Diff: 0, Sum: 0, Workers: 4
[3085.916s][debug][gc,phases      ] GC(177)     Total                          Min: 0, Avg:  0.0, Max: 0, Diff: 0, Sum: 0, Workers: 4
[3085.916s][debug][gc,phases      ] GC(177) Weak Processing 0.232ms
[3085.916s][debug][gc,age         ] GC(177) Desired survivor size 113770496 bytes, new threshold 15 (max threshold 15)
[3085.916s][info ][gc,heap        ] GC(177) PSYoungGen: 1901376K(1901568K)->4912K(1981440K) Eden: 1897472K(1897472K)->0K(1874944K) From: 3904K(4096K)->4912K(106496K)
[3085.916s][info ][gc,heap        ] GC(177) ParOldGen: 575996K(724992K)->576004K(724992K)
[3085.916s][info ][gc,metaspace   ] GC(177) Metaspace: 86149K(87296K)->86149K(87296K) NonClass: 74212K(74880K)->74212K(74880K) Class: 11936K(12416K)->11936K(12416K)
[3085.916s][info ][gc             ] GC(177) Pause Young (Allocation Failure) 2419M->567M(2643M) 2.628ms
[3085.916s][info ][gc,cpu         ] GC(177) User=0.01s Sys=0.00s Real=0.00s
[3085.916s][info ][safepoint      ] Safepoint "ParallelGCFailedAllocation", Time since last: 22920457476 ns, Reaching safepoint: 43000 ns, At safepoint: 2694584 ns, Total: 2737584 ns
[3087.916s][info ][safepoint      ] Safepoint "Cleanup", Time since last: 2000146800 ns, Reaching safepoint: 42499 ns, At safepoint: 2500 ns, Total: 44999 ns
[3094.917s][info ][safepoint      ] Safepoint "Cleanup", Time since last: 7000425876 ns, Reaching safepoint: 44500 ns, At safepoint: 2300 ns, Total: 46800 ns
[3133.015s][info ][safepoint      ] Safepoint "Cleanup", Time since last: 38098216479 ns, Reaching safepoint: 52500 ns, At safepoint: 2700 ns, Total: 55200 ns
[3135.015s][info ][safepoint      ] Safepoint "Cleanup", Time since last: 2000159775 ns, Reaching safepoint: 44900 ns, At safepoint: 2200 ns, Total: 47100 ns
[3137.016s][info ][safepoint      ] Safepoint "Cleanup", Time since last: 2000171479 ns, Reaching safepoint: 37299 ns, At safepoint: 2100 ns, Total: 39399 ns
[3138.016s][info ][safepoint      ] Safepoint "Cleanup", Time since last: 1000100091 ns, Reaching safepoint: 41099 ns, At safepoint: 4800 ns, Total: 45899 ns
[3139.016s][info ][safepoint      ] Safepoint "Cleanup", Time since last: 1000103792 ns, Reaching safepoint: 47399 ns, At safepoint: 2700 ns, Total: 50099 ns
[3141.016s][info ][safepoint      ] Safepoint "Cleanup", Time since last: 2000164585 ns, Reaching safepoint: 42600 ns, At safepoint: 2700 ns, Total: 45300 ns
[3147.017s][info ][safepoint      ] Safepoint "Cleanup", Time since last: 6000418473 ns, Reaching safepoint: 48699 ns, At safepoint: 3800 ns, Total: 52499 ns
[3153.676s][info ][gc,start       ] GC(178) Pause Young (Allocation Failure)
[3153.678s][debug][gc,phases      ] GC(178) Scavenge 2.280ms
[3153.678s][debug][gc,ref         ] GC(178) Skipped phase 1 of Reference Processing: no references
[3153.678s][debug][gc,ref         ] GC(178) ReferenceProcessor::execute queues: 1, RefProcThreadModel::Single, marks_oops_alive: false
[3153.678s][debug][gc,ref         ] GC(178) Skipped phase 3 of Reference Processing: no references
[3153.678s][debug][gc,ref         ] GC(178) ReferenceProcessor::execute queues: 1, RefProcThreadModel::Single, marks_oops_alive: false
[3153.678s][debug][gc,phases      ] GC(178) Reference Processing 0.112ms
[3153.679s][debug][gc,phases      ] GC(178)   VM Weak                        Min:  0.0, Avg:  0.0, Max:  0.0, Diff:  0.0, Sum:  0.0, Workers: 4
[3153.679s][debug][gc,phases      ] GC(178)     Dead                           Min: 0, Avg:  0.0, Max: 0, Diff: 0, Sum: 0, Workers: 4
[3153.679s][debug][gc,phases      ] GC(178)     Total                          Min: 0, Avg: 159.8, Max: 522, Diff: 522, Sum: 639, Workers: 4
[3153.679s][debug][gc,phases      ] GC(178)   ObjectSynchronizer Weak        Min:  0.0, Avg:  0.0, Max:  0.0, Diff:  0.0, Sum:  0.0, Workers: 4
[3153.679s][debug][gc,phases      ] GC(178)     Dead                           Min: 0, Avg:  0.0, Max: 0, Diff: 0, Sum: 0, Workers: 4
[3153.679s][debug][gc,phases      ] GC(178)     Total                          Min: 0, Avg: 89.5, Max: 166, Diff: 166, Sum: 358, Workers: 4
[3153.679s][debug][gc,phases      ] GC(178)   JVMTI Tag Weak OopStorage      Min:  0.0, Avg:  0.0, Max:  0.0, Diff:  0.0, Sum:  0.0, Workers: 4
[3153.679s][debug][gc,phases      ] GC(178)     Dead                           Min: 0, Avg:  0.0, Max: 0, Diff: 0, Sum: 0, Workers: 4
[3153.679s][debug][gc,phases      ] GC(178)     Total                          Min: 0, Avg:  0.0, Max: 0, Diff: 0, Sum: 0, Workers: 4
[3153.679s][debug][gc,phases      ] GC(178)   StringTable Weak               Min:  0.1, Avg:  0.1, Max:  0.1, Diff:  0.0, Sum:  0.3, Workers: 4
[3153.679s][debug][gc,phases      ] GC(178)     Dead                           Min: 0, Avg:  0.0, Max: 0, Diff: 0, Sum: 0, Workers: 4
[3153.679s][debug][gc,phases      ] GC(178)     Total                          Min: 11040, Avg: 12311.8, Max: 12928, Diff: 1888, Sum: 49247, Workers: 4
[3153.679s][debug][gc,phases      ] GC(178)   ResolvedMethodTable Weak       Min:  0.0, Avg:  0.0, Max:  0.0, Diff:  0.0, Sum:  0.1, Workers: 4
[3153.679s][debug][gc,phases      ] GC(178)     Dead                           Min: 0, Avg:  0.0, Max: 0, Diff: 0, Sum: 0, Workers: 4
[3153.679s][debug][gc,phases      ] GC(178)     Total                          Min: 2112, Avg: 2219.5, Max: 2304, Diff: 192, Sum: 8878, Workers: 4
[3153.679s][debug][gc,phases      ] GC(178)   JNI Weak                       Min:  0.0, Avg:  0.0, Max:  0.0, Diff:  0.0, Sum:  0.0, Workers: 4
[3153.679s][debug][gc,phases      ] GC(178)     Dead                           Min: 0, Avg:  0.0, Max: 0, Diff: 0, Sum: 0, Workers: 4
[3153.679s][debug][gc,phases      ] GC(178)     Total                          Min: 0, Avg:  0.0, Max: 0, Diff: 0, Sum: 0, Workers: 4
[3153.679s][debug][gc,phases      ] GC(178)   StringDedup Table Weak         Min:  0.0, Avg:  0.0, Max:  0.0, Diff:  0.0, Sum:  0.0, Workers: 4
[3153.679s][debug][gc,phases      ] GC(178)     Dead                           Min: 0, Avg:  0.0, Max: 0, Diff: 0, Sum: 0, Workers: 4
[3153.679s][debug][gc,phases      ] GC(178)     Total                          Min: 0, Avg:  0.0, Max: 0, Diff: 0, Sum: 0, Workers: 4
[3153.679s][debug][gc,phases      ] GC(178)   StringDedup Requests0 Weak     Min:  0.0, Avg:  0.0, Max:  0.0, Diff:  0.0, Sum:  0.0, Workers: 4
[3153.679s][debug][gc,phases      ] GC(178)     Dead                           Min: 0, Avg:  0.0, Max: 0, Diff: 0, Sum: 0, Workers: 4
[3153.679s][debug][gc,phases      ] GC(178)     Total                          Min: 0, Avg:  0.0, Max: 0, Diff: 0, Sum: 0, Workers: 4
[3153.679s][debug][gc,phases      ] GC(178)   StringDedup Requests1 Weak     Min:  0.0, Avg:  0.0, Max:  0.0, Diff:  0.0, Sum:  0.0, Workers: 4
[3153.679s][debug][gc,phases      ] GC(178)     Dead                           Min: 0, Avg:  0.0, Max: 0, Diff: 0, Sum: 0, Workers: 4
[3153.679s][debug][gc,phases      ] GC(178)     Total                          Min: 0, Avg:  0.0, Max: 0, Diff: 0, Sum: 0, Workers: 4
[3153.679s][debug][gc,phases      ] GC(178)   Weak JFR Old Object Samples    Min:  0.0, Avg:  0.0, Max:  0.0, Diff:  0.0, Sum:  0.0, Workers: 4
[3153.679s][debug][gc,phases      ] GC(178)     Dead                           Min: 0, Avg:  0.0, Max: 0, Diff: 0, Sum: 0, Workers: 4
[3153.679s][debug][gc,phases      ] GC(178)     Total                          Min: 0, Avg:  0.0, Max: 0, Diff: 0, Sum: 0, Workers: 4
[3153.679s][debug][gc,phases      ] GC(178) Weak Processing 0.243ms
[3153.679s][debug][gc,age         ] GC(178) Desired survivor size 116391936 bytes, new threshold 15 (max threshold 15)
[3153.679s][info ][gc,heap        ] GC(178) PSYoungGen: 1879856K(1981440K)->5008K(1880064K) Eden: 1874944K(1874944K)->0K(1874944K) From: 4912K(106496K)->5008K(5120K)
[3153.679s][info ][gc,heap        ] GC(178) ParOldGen: 576004K(724992K)->576004K(724992K)
[3153.679s][info ][gc,metaspace   ] GC(178) Metaspace: 86149K(87296K)->86149K(87296K) NonClass: 74212K(74880K)->74212K(74880K) Class: 11936K(12416K)->11936K(12416K)
[3153.679s][info ][gc             ] GC(178) Pause Young (Allocation Failure) 2398M->567M(2544M) 2.732ms
[3153.679s][info ][gc,cpu         ] GC(178) User=0.01s Sys=0.00s Real=0.00s
[3153.679s][info ][safepoint      ] Safepoint "ParallelGCFailedAllocation", Time since last: 6659302581 ns, Reaching safepoint: 99199 ns, At safepoint: 2805184 ns, Total: 2904383 ns
[3154.679s][info ][safepoint      ] Safepoint "Cleanup", Time since last: 1000075803 ns, Reaching safepoint: 95300 ns, At safepoint: 9099 ns, Total: 104399 ns
[3156.679s][info ][safepoint      ] Safepoint "Cleanup", Time since last: 2000201709 ns, Reaching safepoint: 107599 ns, At safepoint: 5600 ns, Total: 113199 ns
[3170.680s][info ][safepoint      ] Safepoint "Cleanup", Time since last: 14000968341 ns, Reaching safepoint: 118599 ns, At safepoint: 8400 ns, Total: 126999 ns
[3176.509s][info ][safepoint      ] Safepoint "Cleanup", Time since last: 5828507498 ns, Reaching safepoint: 41299 ns, At safepoint: 2200 ns, Total: 43499 ns
[3195.510s][info ][safepoint      ] Safepoint "Cleanup", Time since last: 19001094595 ns, Reaching safepoint: 49199 ns, At safepoint: 2700 ns, Total: 51899 ns
[3202.511s][info ][safepoint      ] Safepoint "Cleanup", Time since last: 7000450445 ns, Reaching safepoint: 43900 ns, At safepoint: 6000 ns, Total: 49900 ns
[3221.497s][info ][gc,start       ] GC(179) Pause Young (Allocation Failure)
[3221.500s][debug][gc,phases      ] GC(179) Scavenge 2.528ms
[3221.500s][debug][gc,ref         ] GC(179) Skipped phase 1 of Reference Processing: no references
[3221.500s][debug][gc,ref         ] GC(179) ReferenceProcessor::execute queues: 1, RefProcThreadModel::Single, marks_oops_alive: false
[3221.500s][debug][gc,ref         ] GC(179) Skipped phase 3 of Reference Processing: no references
[3221.500s][debug][gc,ref         ] GC(179) ReferenceProcessor::execute queues: 1, RefProcThreadModel::Single, marks_oops_alive: false
[3221.500s][debug][gc,phases      ] GC(179) Reference Processing 0.091ms
[3221.500s][debug][gc,phases      ] GC(179)   VM Weak                        Min:  0.0, Avg:  0.0, Max:  0.0, Diff:  0.0, Sum:  0.0, Workers: 4
[3221.500s][debug][gc,phases      ] GC(179)     Dead                           Min: 0, Avg:  0.0, Max: 0, Diff: 0, Sum: 0, Workers: 4
[3221.500s][debug][gc,phases      ] GC(179)     Total                          Min: 0, Avg: 159.8, Max: 366, Diff: 366, Sum: 639, Workers: 4
[3221.500s][debug][gc,phases      ] GC(179)   ObjectSynchronizer Weak        Min:  0.0, Avg:  0.0, Max:  0.0, Diff:  0.0, Sum:  0.0, Workers: 4
[3221.500s][debug][gc,phases      ] GC(179)     Dead                           Min: 0, Avg:  0.0, Max: 0, Diff: 0, Sum: 0, Workers: 4
[3221.500s][debug][gc,phases      ] GC(179)     Total                          Min: 0, Avg: 89.5, Max: 192, Diff: 192, Sum: 358, Workers: 4
[3221.500s][debug][gc,phases      ] GC(179)   JVMTI Tag Weak OopStorage      Min:  0.0, Avg:  0.0, Max:  0.0, Diff:  0.0, Sum:  0.0, Workers: 4
[3221.500s][debug][gc,phases      ] GC(179)     Dead                           Min: 0, Avg:  0.0, Max: 0, Diff: 0, Sum: 0, Workers: 4
[3221.500s][debug][gc,phases      ] GC(179)     Total                          Min: 0, Avg:  0.0, Max: 0, Diff: 0, Sum: 0, Workers: 4
[3221.500s][debug][gc,phases      ] GC(179)   StringTable Weak               Min:  0.1, Avg:  0.1, Max:  0.1, Diff:  0.0, Sum:  0.4, Workers: 4
[3221.500s][debug][gc,phases      ] GC(179)     Dead                           Min: 0, Avg:  0.0, Max: 0, Diff: 0, Sum: 0, Workers: 4
[3221.500s][debug][gc,phases      ] GC(179)     Total                          Min: 9664, Avg: 12311.8, Max: 14784, Diff: 5120, Sum: 49247, Workers: 4
[3221.500s][debug][gc,phases      ] GC(179)   ResolvedMethodTable Weak       Min:  0.0, Avg:  0.0, Max:  0.0, Diff:  0.0, Sum:  0.1, Workers: 4
[3221.500s][debug][gc,phases      ] GC(179)     Dead                           Min: 0, Avg:  0.0, Max: 0, Diff: 0, Sum: 0, Workers: 4
[3221.500s][debug][gc,phases      ] GC(179)     Total                          Min: 1838, Avg: 2219.5, Max: 2624, Diff: 786, Sum: 8878, Workers: 4
[3221.500s][debug][gc,phases      ] GC(179)   JNI Weak                       Min:  0.0, Avg:  0.0, Max:  0.0, Diff:  0.0, Sum:  0.0, Workers: 4
[3221.500s][debug][gc,phases      ] GC(179)     Dead                           Min: 0, Avg:  0.0, Max: 0, Diff: 0, Sum: 0, Workers: 4
[3221.500s][debug][gc,phases      ] GC(179)     Total                          Min: 0, Avg:  0.0, Max: 0, Diff: 0, Sum: 0, Workers: 4
[3221.500s][debug][gc,phases      ] GC(179)   StringDedup Table Weak         Min:  0.0, Avg:  0.0, Max:  0.0, Diff:  0.0, Sum:  0.0, Workers: 4
[3221.500s][debug][gc,phases      ] GC(179)     Dead                           Min: 0, Avg:  0.0, Max: 0, Diff: 0, Sum: 0, Workers: 4
[3221.500s][debug][gc,phases      ] GC(179)     Total                          Min: 0, Avg:  0.0, Max: 0, Diff: 0, Sum: 0, Workers: 4
[3221.500s][debug][gc,phases      ] GC(179)   StringDedup Requests0 Weak     Min:  0.0, Avg:  0.0, Max:  0.0, Diff:  0.0, Sum:  0.0, Workers: 4
[3221.500s][debug][gc,phases      ] GC(179)     Dead                           Min: 0, Avg:  0.0, Max: 0, Diff: 0, Sum: 0, Workers: 4
[3221.500s][debug][gc,phases      ] GC(179)     Total                          Min: 0, Avg:  0.0, Max: 0, Diff: 0, Sum: 0, Workers: 4
[3221.500s][debug][gc,phases      ] GC(179)   StringDedup Requests1 Weak     Min:  0.0, Avg:  0.0, Max:  0.0, Diff:  0.0, Sum:  0.0, Workers: 4
[3221.500s][debug][gc,phases      ] GC(179)     Dead                           Min: 0, Avg:  0.0, Max: 0, Diff: 0, Sum: 0, Workers: 4
[3221.500s][debug][gc,phases      ] GC(179)     Total                          Min: 0, Avg:  0.0, Max: 0, Diff: 0, Sum: 0, Workers: 4
[3221.500s][debug][gc,phases      ] GC(179)   Weak JFR Old Object Samples    Min:  0.0, Avg:  0.0, Max:  0.0, Diff:  0.0, Sum:  0.0, Workers: 4
[3221.500s][debug][gc,phases      ] GC(179)     Dead                           Min: 0, Avg:  0.0, Max: 0, Diff: 0, Sum: 0, Workers: 4
[3221.500s][debug][gc,phases      ] GC(179)     Total                          Min: 0, Avg:  0.0, Max: 0, Diff: 0, Sum: 0, Workers: 4
[3221.500s][debug][gc,phases      ] GC(179) Weak Processing 0.263ms
[3221.500s][debug][gc,age         ] GC(179) Desired survivor size 116916224 bytes, new threshold 15 (max threshold 15)
[3221.500s][info ][gc,heap        ] GC(179) PSYoungGen: 1879952K(1880064K)->5040K(1982464K) Eden: 1874944K(1874944K)->0K(1868800K) From: 5008K(5120K)->5040K(113664K)
[3221.500s][info ][gc,heap        ] GC(179) ParOldGen: 576004K(724992K)->576004K(724992K)
[3221.500s][info ][gc,metaspace   ] GC(179) Metaspace: 86149K(87296K)->86149K(87296K) NonClass: 74212K(74880K)->74212K(74880K) Class: 11936K(12416K)->11936K(12416K)
[3221.500s][info ][gc             ] GC(179) Pause Young (Allocation Failure) 2398M->567M(2644M) 2.970ms
[3221.500s][info ][gc,cpu         ] GC(179) User=0.01s Sys=0.00s Real=0.00s
[3221.500s][info ][safepoint      ] Safepoint "ParallelGCFailedAllocation", Time since last: 18986763112 ns, Reaching safepoint: 26100 ns, At safepoint: 3068182 ns, Total: 3094282 ns
[3239.502s][info ][safepoint      ] Safepoint "Cleanup", Time since last: 18001199402 ns, Reaching safepoint: 45600 ns, At safepoint: 2800 ns, Total: 48400 ns
[3268.504s][info ][safepoint      ] Safepoint "Cleanup", Time since last: 29001921838 ns, Reaching safepoint: 57400 ns, At safepoint: 11800 ns, Total: 69200 ns
[3288.376s][info ][gc,start       ] GC(180) Pause Young (Allocation Failure)
[3288.378s][debug][gc,phases      ] GC(180) Scavenge 2.196ms
[3288.378s][debug][gc,ref         ] GC(180) Skipped phase 1 of Reference Processing: no references
[3288.378s][debug][gc,ref         ] GC(180) ReferenceProcessor::execute queues: 1, RefProcThreadModel::Single, marks_oops_alive: false
[3288.378s][debug][gc,ref         ] GC(180) Skipped phase 3 of Reference Processing: no references
[3288.378s][debug][gc,ref         ] GC(180) Skipped phase 4 of Reference Processing: no references
[3288.378s][debug][gc,phases      ] GC(180) Reference Processing 0.108ms
[3288.378s][debug][gc,phases      ] GC(180)   VM Weak                        Min:  0.0, Avg:  0.0, Max:  0.0, Diff:  0.0, Sum:  0.0, Workers: 4
[3288.378s][debug][gc,phases      ] GC(180)     Dead                           Min: 0, Avg:  0.0, Max: 0, Diff: 0, Sum: 0, Workers: 4
[3288.378s][debug][gc,phases      ] GC(180)     Total                          Min: 0, Avg: 159.8, Max: 639, Diff: 639, Sum: 639, Workers: 4
[3288.378s][debug][gc,phases      ] GC(180)   ObjectSynchronizer Weak        Min:  0.0, Avg:  0.0, Max:  0.0, Diff:  0.0, Sum:  0.0, Workers: 4
[3288.378s][debug][gc,phases      ] GC(180)     Dead                           Min: 0, Avg:  0.0, Max: 0, Diff: 0, Sum: 0, Workers: 4
[3288.378s][debug][gc,phases      ] GC(180)     Total                          Min: 0, Avg: 89.5, Max: 358, Diff: 358, Sum: 358, Workers: 4
[3288.378s][debug][gc,phases      ] GC(180)   JVMTI Tag Weak OopStorage      Min:  0.0, Avg:  0.0, Max:  0.0, Diff:  0.0, Sum:  0.0, Workers: 4
[3288.378s][debug][gc,phases      ] GC(180)     Dead                           Min: 0, Avg:  0.0, Max: 0, Diff: 0, Sum: 0, Workers: 4
[3288.378s][debug][gc,phases      ] GC(180)     Total                          Min: 0, Avg:  0.0, Max: 0, Diff: 0, Sum: 0, Workers: 4
[3288.378s][debug][gc,phases      ] GC(180)   StringTable Weak               Min:  0.1, Avg:  0.1, Max:  0.1, Diff:  0.0, Sum:  0.3, Workers: 4
[3288.378s][debug][gc,phases      ] GC(180)     Dead                           Min: 0, Avg:  0.0, Max: 0, Diff: 0, Sum: 0, Workers: 4
[3288.378s][debug][gc,phases      ] GC(180)     Total                          Min: 9536, Avg: 12312.0, Max: 13952, Diff: 4416, Sum: 49248, Workers: 4
[3288.378s][debug][gc,phases      ] GC(180)   ResolvedMethodTable Weak       Min:  0.0, Avg:  0.0, Max:  0.0, Diff:  0.0, Sum:  0.1, Workers: 4
[3288.378s][debug][gc,phases      ] GC(180)     Dead                           Min: 0, Avg:  0.0, Max: 0, Diff: 0, Sum: 0, Workers: 4
[3288.378s][debug][gc,phases      ] GC(180)     Total                          Min: 2030, Avg: 2219.5, Max: 2368, Diff: 338, Sum: 8878, Workers: 4
[3288.378s][debug][gc,phases      ] GC(180)   JNI Weak                       Min:  0.0, Avg:  0.0, Max:  0.0, Diff:  0.0, Sum:  0.0, Workers: 4
[3288.378s][debug][gc,phases      ] GC(180)     Dead                           Min: 0, Avg:  0.0, Max: 0, Diff: 0, Sum: 0, Workers: 4
[3288.378s][debug][gc,phases      ] GC(180)     Total                          Min: 0, Avg:  0.0, Max: 0, Diff: 0, Sum: 0, Workers: 4
[3288.378s][debug][gc,phases      ] GC(180)   StringDedup Table Weak         Min:  0.0, Avg:  0.0, Max:  0.0, Diff:  0.0, Sum:  0.0, Workers: 4
[3288.378s][debug][gc,phases      ] GC(180)     Dead                           Min: 0, Avg:  0.0, Max: 0, Diff: 0, Sum: 0, Workers: 4
[3288.378s][debug][gc,phases      ] GC(180)     Total                          Min: 0, Avg:  0.0, Max: 0, Diff: 0, Sum: 0, Workers: 4
[3288.378s][debug][gc,phases      ] GC(180)   StringDedup Requests0 Weak     Min:  0.0, Avg:  0.0, Max:  0.0, Diff:  0.0, Sum:  0.0, Workers: 4
[3288.378s][debug][gc,phases      ] GC(180)     Dead                           Min: 0, Avg:  0.0, Max: 0, Diff: 0, Sum: 0, Workers: 4
[3288.378s][debug][gc,phases      ] GC(180)     Total                          Min: 0, Avg:  0.0, Max: 0, Diff: 0, Sum: 0, Workers: 4
[3288.378s][debug][gc,phases      ] GC(180)   StringDedup Requests1 Weak     Min:  0.0, Avg:  0.0, Max:  0.0, Diff:  0.0, Sum:  0.0, Workers: 4
[3288.378s][debug][gc,phases      ] GC(180)     Dead                           Min: 0, Avg:  0.0, Max: 0, Diff: 0, Sum: 0, Workers: 4
[3288.378s][debug][gc,phases      ] GC(180)     Total                          Min: 0, Avg:  0.0, Max: 0, Diff: 0, Sum: 0, Workers: 4
[3288.378s][debug][gc,phases      ] GC(180)   Weak JFR Old Object Samples    Min:  0.0, Avg:  0.0, Max:  0.0, Diff:  0.0, Sum:  0.0, Workers: 4
[3288.378s][debug][gc,phases      ] GC(180)     Dead                           Min: 0, Avg:  0.0, Max: 0, Diff: 0, Sum: 0, Workers: 4
[3288.378s][debug][gc,phases      ] GC(180)     Total                          Min: 0, Avg:  0.0, Max: 0, Diff: 0, Sum: 0, Workers: 4
[3288.378s][debug][gc,phases      ] GC(180) Weak Processing 0.253ms
[3288.378s][debug][gc,age         ] GC(180) Desired survivor size 116391936 bytes, new threshold 15 (max threshold 15)
[3288.378s][info ][gc,heap        ] GC(180) PSYoungGen: 1873840K(1982464K)->5184K(1982976K) Eden: 1868800K(1868800K)->0K(1868800K) From: 5040K(113664K)->5184K(114176K)
[3288.378s][info ][gc,heap        ] GC(180) ParOldGen: 576004K(724992K)->576012K(724992K)
[3288.378s][info ][gc,metaspace   ] GC(180) Metaspace: 86151K(87296K)->86151K(87296K) NonClass: 74215K(74880K)->74215K(74880K) Class: 11936K(12416K)->11936K(12416K)
[3288.378s][info ][gc             ] GC(180) Pause Young (Allocation Failure) 2392M->567M(2644M) 2.656ms
[3288.378s][info ][gc,cpu         ] GC(180) User=0.01s Sys=0.00s Real=0.00s
[3288.378s][info ][safepoint      ] Safepoint "ParallelGCFailedAllocation", Time since last: 19872109136 ns, Reaching safepoint: 45399 ns, At safepoint: 2720385 ns, Total: 2765784 ns
[3291.379s][info ][safepoint      ] Safepoint "Cleanup", Time since last: 3000204374 ns, Reaching safepoint: 111299 ns, At safepoint: 11600 ns, Total: 122899 ns
[3312.380s][info ][safepoint      ] Safepoint "Cleanup", Time since last: 21001495262 ns, Reaching safepoint: 47099 ns, At safepoint: 28800 ns, Total: 75899 ns
[3332.382s][info ][safepoint      ] Safepoint "Cleanup", Time since last: 20001265587 ns, Reaching safepoint: 45700 ns, At safepoint: 2500 ns, Total: 48200 ns
[3335.382s][info ][safepoint      ] Safepoint "Cleanup", Time since last: 3000226946 ns, Reaching safepoint: 48700 ns, At safepoint: 8900 ns, Total: 57600 ns
[3355.576s][info ][gc,start       ] GC(181) Pause Young (Allocation Failure)
[3355.579s][debug][gc,phases      ] GC(181) Scavenge 2.401ms
[3355.579s][debug][gc,ref         ] GC(181) Skipped phase 1 of Reference Processing: no references
[3355.579s][debug][gc,ref         ] GC(181) ReferenceProcessor::execute queues: 1, RefProcThreadModel::Single, marks_oops_alive: false
[3355.579s][debug][gc,ref         ] GC(181) Skipped phase 3 of Reference Processing: no references
[3355.579s][debug][gc,ref         ] GC(181) ReferenceProcessor::execute queues: 1, RefProcThreadModel::Single, marks_oops_alive: false
[3355.579s][debug][gc,phases      ] GC(181) Reference Processing 0.091ms
[3355.579s][debug][gc,phases      ] GC(181)   VM Weak                        Min:  0.0, Avg:  0.0, Max:  0.0, Diff:  0.0, Sum:  0.0, Workers: 4
[3355.579s][debug][gc,phases      ] GC(181)     Dead                           Min: 0, Avg:  0.0, Max: 0, Diff: 0, Sum: 0, Workers: 4
[3355.579s][debug][gc,phases      ] GC(181)     Total                          Min: 0, Avg: 159.8, Max: 366, Diff: 366, Sum: 639, Workers: 4
[3355.579s][debug][gc,phases      ] GC(181)   ObjectSynchronizer Weak        Min:  0.0, Avg:  0.0, Max:  0.0, Diff:  0.0, Sum:  0.0, Workers: 4
[3355.579s][debug][gc,phases      ] GC(181)     Dead                           Min: 0, Avg:  0.0, Max: 0, Diff: 0, Sum: 0, Workers: 4
[3355.579s][debug][gc,phases      ] GC(181)     Total                          Min: 0, Avg: 89.5, Max: 192, Diff: 192, Sum: 358, Workers: 4
[3355.579s][debug][gc,phases      ] GC(181)   JVMTI Tag Weak OopStorage      Min:  0.0, Avg:  0.0, Max:  0.0, Diff:  0.0, Sum:  0.0, Workers: 4
[3355.579s][debug][gc,phases      ] GC(181)     Dead                           Min: 0, Avg:  0.0, Max: 0, Diff: 0, Sum: 0, Workers: 4
[3355.579s][debug][gc,phases      ] GC(181)     Total                          Min: 0, Avg:  0.0, Max: 0, Diff: 0, Sum: 0, Workers: 4
[3355.579s][debug][gc,phases      ] GC(181)   StringTable Weak               Min:  0.1, Avg:  0.1, Max:  0.1, Diff:  0.0, Sum:  0.3, Workers: 4
[3355.579s][debug][gc,phases      ] GC(181)     Dead                           Min: 0, Avg:  0.0, Max: 0, Diff: 0, Sum: 0, Workers: 4
[3355.579s][debug][gc,phases      ] GC(181)     Total                          Min: 11264, Avg: 12312.0, Max: 14016, Diff: 2752, Sum: 49248, Workers: 4
[3355.579s][debug][gc,phases      ] GC(181)   ResolvedMethodTable Weak       Min:  0.0, Avg:  0.0, Max:  0.0, Diff:  0.0, Sum:  0.1, Workers: 4
[3355.579s][debug][gc,phases      ] GC(181)     Dead                           Min: 0, Avg:  0.0, Max: 0, Diff: 0, Sum: 0, Workers: 4
[3355.579s][debug][gc,phases      ] GC(181)     Total                          Min: 2176, Avg: 2219.5, Max: 2304, Diff: 128, Sum: 8878, Workers: 4
[3355.579s][debug][gc,phases      ] GC(181)   JNI Weak                       Min:  0.0, Avg:  0.0, Max:  0.0, Diff:  0.0, Sum:  0.0, Workers: 4
[3355.579s][debug][gc,phases      ] GC(181)     Dead                           Min: 0, Avg:  0.0, Max: 0, Diff: 0, Sum: 0, Workers: 4
[3355.579s][debug][gc,phases      ] GC(181)     Total                          Min: 0, Avg:  0.0, Max: 0, Diff: 0, Sum: 0, Workers: 4
[3355.579s][debug][gc,phases      ] GC(181)   StringDedup Table Weak         Min:  0.0, Avg:  0.0, Max:  0.0, Diff:  0.0, Sum:  0.0, Workers: 4
[3355.579s][debug][gc,phases      ] GC(181)     Dead                           Min: 0, Avg:  0.0, Max: 0, Diff: 0, Sum: 0, Workers: 4
[3355.579s][debug][gc,phases      ] GC(181)     Total                          Min: 0, Avg:  0.0, Max: 0, Diff: 0, Sum: 0, Workers: 4
[3355.579s][debug][gc,phases      ] GC(181)   StringDedup Requests0 Weak     Min:  0.0, Avg:  0.0, Max:  0.0, Diff:  0.0, Sum:  0.0, Workers: 4
[3355.579s][debug][gc,phases      ] GC(181)     Dead                           Min: 0, Avg:  0.0, Max: 0, Diff: 0, Sum: 0, Workers: 4
[3355.579s][debug][gc,phases      ] GC(181)     Total                          Min: 0, Avg:  0.0, Max: 0, Diff: 0, Sum: 0, Workers: 4
[3355.579s][debug][gc,phases      ] GC(181)   StringDedup Requests1 Weak     Min:  0.0, Avg:  0.0, Max:  0.0, Diff:  0.0, Sum:  0.0, Workers: 4
[3355.579s][debug][gc,phases      ] GC(181)     Dead                           Min: 0, Avg:  0.0, Max: 0, Diff: 0, Sum: 0, Workers: 4
[3355.579s][debug][gc,phases      ] GC(181)     Total                          Min: 0, Avg:  0.0, Max: 0, Diff: 0, Sum: 0, Workers: 4
[3355.579s][debug][gc,phases      ] GC(181)   Weak JFR Old Object Samples    Min:  0.0, Avg:  0.0, Max:  0.0, Diff:  0.0, Sum:  0.0, Workers: 4
[3355.579s][debug][gc,phases      ] GC(181)     Dead                           Min: 0, Avg:  0.0, Max: 0, Diff: 0, Sum: 0, Workers: 4
[3355.579s][debug][gc,phases      ] GC(181)     Total                          Min: 0, Avg:  0.0, Max: 0, Diff: 0, Sum: 0, Workers: 4
[3355.579s][debug][gc,phases      ] GC(181) Weak Processing 0.261ms
[3355.579s][debug][gc,age         ] GC(181) Desired survivor size 114819072 bytes, new threshold 15 (max threshold 15)
[3355.579s][info ][gc,heap        ] GC(181) PSYoungGen: 1873984K(1982976K)->5344K(1985024K) Eden: 1868800K(1868800K)->0K(1871360K) From: 5184K(114176K)->5344K(113664K)
[3355.579s][info ][gc,heap        ] GC(181) ParOldGen: 576012K(724992K)->576012K(724992K)
[3355.579s][info ][gc,metaspace   ] GC(181) Metaspace: 86169K(87296K)->86169K(87296K) NonClass: 74233K(74880K)->74233K(74880K) Class: 11936K(12416K)->11936K(12416K)
[3355.579s][info ][gc             ] GC(181) Pause Young (Allocation Failure) 2392M->567M(2646M) 2.840ms
[3355.579s][info ][gc,cpu         ] GC(181) User=0.01s Sys=0.00s Real=0.00s
[3355.579s][info ][safepoint      ] Safepoint "ParallelGCFailedAllocation", Time since last: 20193945634 ns, Reaching safepoint: 176599 ns, At safepoint: 2930783 ns, Total: 3107382 ns
[3424.979s][info ][gc,start       ] GC(182) Pause Young (Allocation Failure)
[3424.982s][debug][gc,phases      ] GC(182) Scavenge 2.307ms
[3424.982s][debug][gc,ref         ] GC(182) Skipped phase 1 of Reference Processing: no references
[3424.982s][debug][gc,ref         ] GC(182) ReferenceProcessor::execute queues: 1, RefProcThreadModel::Single, marks_oops_alive: false
[3424.982s][debug][gc,ref         ] GC(182) Skipped phase 3 of Reference Processing: no references
[3424.982s][debug][gc,ref         ] GC(182) ReferenceProcessor::execute queues: 1, RefProcThreadModel::Single, marks_oops_alive: false
[3424.982s][debug][gc,phases      ] GC(182) Reference Processing 0.101ms
[3424.982s][debug][gc,phases      ] GC(182)   VM Weak                        Min:  0.0, Avg:  0.0, Max:  0.0, Diff:  0.0, Sum:  0.0, Workers: 4
[3424.982s][debug][gc,phases      ] GC(182)     Dead                           Min: 0, Avg:  0.0, Max: 0, Diff: 0, Sum: 0, Workers: 4
[3424.982s][debug][gc,phases      ] GC(182)     Total                          Min: 0, Avg: 159.8, Max: 579, Diff: 579, Sum: 639, Workers: 4
[3424.982s][debug][gc,phases      ] GC(182)   ObjectSynchronizer Weak        Min:  0.0, Avg:  0.0, Max:  0.0, Diff:  0.0, Sum:  0.0, Workers: 4
[3424.982s][debug][gc,phases      ] GC(182)     Dead                           Min: 0, Avg:  0.0, Max: 0, Diff: 0, Sum: 0, Workers: 4
[3424.982s][debug][gc,phases      ] GC(182)     Total                          Min: 0, Avg: 89.5, Max: 192, Diff: 192, Sum: 358, Workers: 4
[3424.982s][debug][gc,phases      ] GC(182)   JVMTI Tag Weak OopStorage      Min:  0.0, Avg:  0.0, Max:  0.0, Diff:  0.0, Sum:  0.0, Workers: 4
[3424.982s][debug][gc,phases      ] GC(182)     Dead                           Min: 0, Avg:  0.0, Max: 0, Diff: 0, Sum: 0, Workers: 4
[3424.982s][debug][gc,phases      ] GC(182)     Total                          Min: 0, Avg:  0.0, Max: 0, Diff: 0, Sum: 0, Workers: 4
[3424.982s][debug][gc,phases      ] GC(182)   StringTable Weak               Min:  0.1, Avg:  0.1, Max:  0.1, Diff:  0.0, Sum:  0.3, Workers: 4
[3424.982s][debug][gc,phases      ] GC(182)     Dead                           Min: 0, Avg:  0.0, Max: 0, Diff: 0, Sum: 0, Workers: 4
[3424.982s][debug][gc,phases      ] GC(182)     Total                          Min: 11552, Avg: 12312.0, Max: 12928, Diff: 1376, Sum: 49248, Workers: 4
[3424.982s][debug][gc,phases      ] GC(182)   ResolvedMethodTable Weak       Min:  0.0, Avg:  0.0, Max:  0.0, Diff:  0.0, Sum:  0.1, Workers: 4
[3424.982s][debug][gc,phases      ] GC(182)     Dead                           Min: 0, Avg:  0.0, Max: 0, Diff: 0, Sum: 0, Workers: 4
[3424.982s][debug][gc,phases      ] GC(182)     Total                          Min: 2112, Avg: 2219.5, Max: 2368, Diff: 256, Sum: 8878, Workers: 4
[3424.982s][debug][gc,phases      ] GC(182)   JNI Weak                       Min:  0.0, Avg:  0.0, Max:  0.0, Diff:  0.0, Sum:  0.0, Workers: 4
[3424.982s][debug][gc,phases      ] GC(182)     Dead                           Min: 0, Avg:  0.0, Max: 0, Diff: 0, Sum: 0, Workers: 4
[3424.982s][debug][gc,phases      ] GC(182)     Total                          Min: 0, Avg:  0.0, Max: 0, Diff: 0, Sum: 0, Workers: 4
[3424.982s][debug][gc,phases      ] GC(182)   StringDedup Table Weak         Min:  0.0, Avg:  0.0, Max:  0.0, Diff:  0.0, Sum:  0.0, Workers: 4
[3424.982s][debug][gc,phases      ] GC(182)     Dead                           Min: 0, Avg:  0.0, Max: 0, Diff: 0, Sum: 0, Workers: 4
[3424.982s][debug][gc,phases      ] GC(182)     Total                          Min: 0, Avg:  0.0, Max: 0, Diff: 0, Sum: 0, Workers: 4
[3424.982s][debug][gc,phases      ] GC(182)   StringDedup Requests0 Weak     Min:  0.0, Avg:  0.0, Max:  0.0, Diff:  0.0, Sum:  0.0, Workers: 4
[3424.982s][debug][gc,phases      ] GC(182)     Dead                           Min: 0, Avg:  0.0, Max: 0, Diff: 0, Sum: 0, Workers: 4
[3424.982s][debug][gc,phases      ] GC(182)     Total                          Min: 0, Avg:  0.0, Max: 0, Diff: 0, Sum: 0, Workers: 4
[3424.982s][debug][gc,phases      ] GC(182)   StringDedup Requests1 Weak     Min:  0.0, Avg:  0.0, Max:  0.0, Diff:  0.0, Sum:  0.0, Workers: 4
[3424.982s][debug][gc,phases      ] GC(182)     Dead                           Min: 0, Avg:  0.0, Max: 0, Diff: 0, Sum: 0, Workers: 4
[3424.982s][debug][gc,phases      ] GC(182)     Total                          Min: 0, Avg:  0.0, Max: 0, Diff: 0, Sum: 0, Workers: 4
[3424.982s][debug][gc,phases      ] GC(182)   Weak JFR Old Object Samples    Min:  0.0, Avg:  0.0, Max:  0.0, Diff:  0.0, Sum:  0.0, Workers: 4
[3424.982s][debug][gc,phases      ] GC(182)     Dead                           Min: 0, Avg:  0.0, Max: 0, Diff: 0, Sum: 0, Workers: 4
[3424.982s][debug][gc,phases      ] GC(182)     Total                          Min: 0, Avg:  0.0, Max: 0, Diff: 0, Sum: 0, Workers: 4
[3424.982s][debug][gc,phases      ] GC(182) Weak Processing 0.231ms
[3424.982s][debug][gc,age         ] GC(182) Desired survivor size 112721920 bytes, new threshold 15 (max threshold 15)
[3424.982s][info ][gc,heap        ] GC(182) PSYoungGen: 1876704K(1985024K)->5776K(1983488K) Eden: 1871360K(1871360K)->0K(1871360K) From: 5344K(113664K)->5776K(112128K)
[3424.982s][info ][gc,heap        ] GC(182) ParOldGen: 576012K(724992K)->576012K(724992K)
[3424.982s][info ][gc,metaspace   ] GC(182) Metaspace: 86169K(87296K)->86169K(87296K) NonClass: 74233K(74880K)->74233K(74880K) Class: 11936K(12416K)->11936K(12416K)
[3424.982s][info ][gc             ] GC(182) Pause Young (Allocation Failure) 2395M->568M(2645M) 2.730ms
[3424.982s][info ][gc,cpu         ] GC(182) User=0.00s Sys=0.00s Real=0.00s
[3424.982s][info ][safepoint      ] Safepoint "ParallelGCFailedAllocation", Time since last: 69400102436 ns, Reaching safepoint: 120600 ns, At safepoint: 2801584 ns, Total: 2922184 ns
[3492.277s][info ][gc,start       ] GC(183) Pause Young (Allocation Failure)
[3492.280s][debug][gc,phases      ] GC(183) Scavenge 2.847ms
[3492.280s][debug][gc,ref         ] GC(183) Skipped phase 1 of Reference Processing: no references
[3492.280s][debug][gc,ref         ] GC(183) ReferenceProcessor::execute queues: 1, RefProcThreadModel::Single, marks_oops_alive: false
[3492.280s][debug][gc,ref         ] GC(183) Skipped phase 3 of Reference Processing: no references
[3492.280s][debug][gc,ref         ] GC(183) ReferenceProcessor::execute queues: 1, RefProcThreadModel::Single, marks_oops_alive: false
[3492.280s][debug][gc,phases      ] GC(183) Reference Processing 0.092ms
[3492.280s][debug][gc,phases      ] GC(183)   VM Weak                        Min:  0.0, Avg:  0.0, Max:  0.0, Diff:  0.0, Sum:  0.0, Workers: 4
[3492.280s][debug][gc,phases      ] GC(183)     Dead                           Min: 0, Avg:  0.0, Max: 0, Diff: 0, Sum: 0, Workers: 4
[3492.280s][debug][gc,phases      ] GC(183)     Total                          Min: 0, Avg: 159.8, Max: 470, Diff: 470, Sum: 639, Workers: 4
[3492.280s][debug][gc,phases      ] GC(183)   ObjectSynchronizer Weak        Min:  0.0, Avg:  0.0, Max:  0.0, Diff:  0.0, Sum:  0.0, Workers: 4
[3492.280s][debug][gc,phases      ] GC(183)     Dead                           Min: 0, Avg:  0.0, Max: 0, Diff: 0, Sum: 0, Workers: 4
[3492.280s][debug][gc,phases      ] GC(183)     Total                          Min: 0, Avg: 89.5, Max: 128, Diff: 128, Sum: 358, Workers: 4
[3492.280s][debug][gc,phases      ] GC(183)   JVMTI Tag Weak OopStorage      Min:  0.0, Avg:  0.0, Max:  0.0, Diff:  0.0, Sum:  0.0, Workers: 4
[3492.280s][debug][gc,phases      ] GC(183)     Dead                           Min: 0, Avg:  0.0, Max: 0, Diff: 0, Sum: 0, Workers: 4
[3492.280s][debug][gc,phases      ] GC(183)     Total                          Min: 0, Avg:  0.0, Max: 0, Diff: 0, Sum: 0, Workers: 4
[3492.280s][debug][gc,phases      ] GC(183)   StringTable Weak               Min:  0.1, Avg:  0.1, Max:  0.1, Diff:  0.0, Sum:  0.4, Workers: 4
[3492.280s][debug][gc,phases      ] GC(183)     Dead                           Min: 0, Avg:  0.0, Max: 0, Diff: 0, Sum: 0, Workers: 4
[3492.280s][debug][gc,phases      ] GC(183)     Total                          Min: 9664, Avg: 12312.2, Max: 15808, Diff: 6144, Sum: 49249, Workers: 4
[3492.280s][debug][gc,phases      ] GC(183)   ResolvedMethodTable Weak       Min:  0.0, Avg:  0.0, Max:  0.0, Diff:  0.0, Sum:  0.1, Workers: 4
[3492.280s][debug][gc,phases      ] GC(183)     Dead                           Min: 0, Avg:  0.0, Max: 0, Diff: 0, Sum: 0, Workers: 4
[3492.280s][debug][gc,phases      ] GC(183)     Total                          Min: 1728, Avg: 2219.5, Max: 2688, Diff: 960, Sum: 8878, Workers: 4
[3492.280s][debug][gc,phases      ] GC(183)   JNI Weak                       Min:  0.0, Avg:  0.0, Max:  0.0, Diff:  0.0, Sum:  0.0, Workers: 4
[3492.280s][debug][gc,phases      ] GC(183)     Dead                           Min: 0, Avg:  0.0, Max: 0, Diff: 0, Sum: 0, Workers: 4
[3492.280s][debug][gc,phases      ] GC(183)     Total                          Min: 0, Avg:  0.0, Max: 0, Diff: 0, Sum: 0, Workers: 4
[3492.280s][debug][gc,phases      ] GC(183)   StringDedup Table Weak         Min:  0.0, Avg:  0.0, Max:  0.0, Diff:  0.0, Sum:  0.0, Workers: 4
[3492.280s][debug][gc,phases      ] GC(183)     Dead                           Min: 0, Avg:  0.0, Max: 0, Diff: 0, Sum: 0, Workers: 4
[3492.280s][debug][gc,phases      ] GC(183)     Total                          Min: 0, Avg:  0.0, Max: 0, Diff: 0, Sum: 0, Workers: 4
[3492.280s][debug][gc,phases      ] GC(183)   StringDedup Requests0 Weak     Min:  0.0, Avg:  0.0, Max:  0.0, Diff:  0.0, Sum:  0.0, Workers: 4
[3492.280s][debug][gc,phases      ] GC(183)     Dead                           Min: 0, Avg:  0.0, Max: 0, Diff: 0, Sum: 0, Workers: 4
[3492.280s][debug][gc,phases      ] GC(183)     Total                          Min: 0, Avg:  0.0, Max: 0, Diff: 0, Sum: 0, Workers: 4
[3492.280s][debug][gc,phases      ] GC(183)   StringDedup Requests1 Weak     Min:  0.0, Avg:  0.0, Max:  0.0, Diff:  0.0, Sum:  0.0, Workers: 4
[3492.280s][debug][gc,phases      ] GC(183)     Dead                           Min: 0, Avg:  0.0, Max: 0, Diff: 0, Sum: 0, Workers: 4
[3492.280s][debug][gc,phases      ] GC(183)     Total                          Min: 0, Avg:  0.0, Max: 0, Diff: 0, Sum: 0, Workers: 4
[3492.280s][debug][gc,phases      ] GC(183)   Weak JFR Old Object Samples    Min:  0.0, Avg:  0.0, Max:  0.0, Diff:  0.0, Sum:  0.0, Workers: 4
[3492.280s][debug][gc,phases      ] GC(183)     Dead                           Min: 0, Avg:  0.0, Max: 0, Diff: 0, Sum: 0, Workers: 4
[3492.280s][debug][gc,phases      ] GC(183)     Total                          Min: 0, Avg:  0.0, Max: 0, Diff: 0, Sum: 0, Workers: 4
[3492.280s][debug][gc,phases      ] GC(183) Weak Processing 0.256ms
[3492.280s][debug][gc,age         ] GC(183) Desired survivor size 109576192 bytes, new threshold 15 (max threshold 15)
[3492.280s][info ][gc,heap        ] GC(183) PSYoungGen: 1877136K(1983488K)->5376K(1990144K) Eden: 1871360K(1871360K)->0K(1880064K) From: 5776K(112128K)->5376K(110080K)
[3492.280s][info ][gc,heap        ] GC(183) ParOldGen: 576012K(724992K)->576012K(724992K)
[3492.280s][info ][gc,metaspace   ] GC(183) Metaspace: 86171K(87296K)->86171K(87296K) NonClass: 74234K(74880K)->74234K(74880K) Class: 11937K(12416K)->11937K(12416K)
[3492.280s][info ][gc             ] GC(183) Pause Young (Allocation Failure) 2395M->567M(2651M) 3.283ms
[3492.280s][info ][gc,cpu         ] GC(183) User=0.01s Sys=0.00s Real=0.00s
[3492.280s][info ][safepoint      ] Safepoint "ParallelGCFailedAllocation", Time since last: 67294972157 ns, Reaching safepoint: 33800 ns, At safepoint: 3349681 ns, Total: 3383481 ns
[3500.281s][info ][safepoint      ] Safepoint "Cleanup", Time since last: 8000563304 ns, Reaching safepoint: 61699 ns, At safepoint: 2800 ns, Total: 64499 ns
[3563.285s][info ][safepoint      ] Safepoint "Cleanup", Time since last: 63004181757 ns, Reaching safepoint: 40700 ns, At safepoint: 29000 ns, Total: 69700 ns
[3635.290s][info ][safepoint      ] Safepoint "Cleanup", Time since last: 72005071575 ns, Reaching safepoint: 53700 ns, At safepoint: 27900 ns, Total: 81600 ns
[3650.527s][info ][gc,start       ] GC(184) Pause Young (Allocation Failure)
[3650.529s][debug][gc,phases      ] GC(184) Scavenge 2.402ms
[3650.529s][debug][gc,ref         ] GC(184) Skipped phase 1 of Reference Processing: no references
[3650.529s][debug][gc,ref         ] GC(184) ReferenceProcessor::execute queues: 1, RefProcThreadModel::Single, marks_oops_alive: false
[3650.529s][debug][gc,ref         ] GC(184) ReferenceProcessor::execute queues: 4, RefProcThreadModel::Multi, marks_oops_alive: true
[3650.529s][debug][gc,ref         ] GC(184) ReferenceProcessor::execute queues: 1, RefProcThreadModel::Single, marks_oops_alive: false
[3650.529s][debug][gc,phases      ] GC(184) Reference Processing 0.181ms
[3650.530s][debug][gc,phases      ] GC(184)   VM Weak                        Min:  0.0, Avg:  0.0, Max:  0.0, Diff:  0.0, Sum:  0.0, Workers: 4
[3650.530s][debug][gc,phases      ] GC(184)     Dead                           Min: 0, Avg:  0.0, Max: 0, Diff: 0, Sum: 0, Workers: 4
[3650.530s][debug][gc,phases      ] GC(184)     Total                          Min: 0, Avg: 159.8, Max: 409, Diff: 409, Sum: 639, Workers: 4
[3650.530s][debug][gc,phases      ] GC(184)   ObjectSynchronizer Weak        Min:  0.0, Avg:  0.0, Max:  0.0, Diff:  0.0, Sum:  0.0, Workers: 4
[3650.530s][debug][gc,phases      ] GC(184)     Dead                           Min: 0, Avg:  0.0, Max: 0, Diff: 0, Sum: 0, Workers: 4
[3650.530s][debug][gc,phases      ] GC(184)     Total                          Min: 0, Avg: 89.8, Max: 128, Diff: 128, Sum: 359, Workers: 4
[3650.530s][debug][gc,phases      ] GC(184)   JVMTI Tag Weak OopStorage      Min:  0.0, Avg:  0.0, Max:  0.0, Diff:  0.0, Sum:  0.0, Workers: 4
[3650.530s][debug][gc,phases      ] GC(184)     Dead                           Min: 0, Avg:  0.0, Max: 0, Diff: 0, Sum: 0, Workers: 4
[3650.530s][debug][gc,phases      ] GC(184)     Total                          Min: 0, Avg:  0.0, Max: 0, Diff: 0, Sum: 0, Workers: 4
[3650.530s][debug][gc,phases      ] GC(184)   StringTable Weak               Min:  0.1, Avg:  0.1, Max:  0.1, Diff:  0.0, Sum:  0.3, Workers: 4
[3650.530s][debug][gc,phases      ] GC(184)     Dead                           Min: 0, Avg:  0.0, Max: 0, Diff: 0, Sum: 0, Workers: 4
[3650.530s][debug][gc,phases      ] GC(184)     Total                          Min: 8896, Avg: 12312.8, Max: 15424, Diff: 6528, Sum: 49251, Workers: 4
[3650.530s][debug][gc,phases      ] GC(184)   ResolvedMethodTable Weak       Min:  0.0, Avg:  0.0, Max:  0.0, Diff:  0.0, Sum:  0.1, Workers: 4
[3650.530s][debug][gc,phases      ] GC(184)     Dead                           Min: 0, Avg:  0.0, Max: 0, Diff: 0, Sum: 0, Workers: 4
[3650.530s][debug][gc,phases      ] GC(184)     Total                          Min: 1728, Avg: 2219.5, Max: 2734, Diff: 1006, Sum: 8878, Workers: 4
[3650.530s][debug][gc,phases      ] GC(184)   JNI Weak                       Min:  0.0, Avg:  0.0, Max:  0.0, Diff:  0.0, Sum:  0.0, Workers: 4
[3650.530s][debug][gc,phases      ] GC(184)     Dead                           Min: 0, Avg:  0.0, Max: 0, Diff: 0, Sum: 0, Workers: 4
[3650.530s][debug][gc,phases      ] GC(184)     Total                          Min: 0, Avg:  0.0, Max: 0, Diff: 0, Sum: 0, Workers: 4
[3650.530s][debug][gc,phases      ] GC(184)   StringDedup Table Weak         Min:  0.0, Avg:  0.0, Max:  0.0, Diff:  0.0, Sum:  0.0, Workers: 4
[3650.530s][debug][gc,phases      ] GC(184)     Dead                           Min: 0, Avg:  0.0, Max: 0, Diff: 0, Sum: 0, Workers: 4
[3650.530s][debug][gc,phases      ] GC(184)     Total                          Min: 0, Avg:  0.0, Max: 0, Diff: 0, Sum: 0, Workers: 4
[3650.530s][debug][gc,phases      ] GC(184)   StringDedup Requests0 Weak     Min:  0.0, Avg:  0.0, Max:  0.0, Diff:  0.0, Sum:  0.0, Workers: 4
[3650.530s][debug][gc,phases      ] GC(184)     Dead                           Min: 0, Avg:  0.0, Max: 0, Diff: 0, Sum: 0, Workers: 4
[3650.530s][debug][gc,phases      ] GC(184)     Total                          Min: 0, Avg:  0.0, Max: 0, Diff: 0, Sum: 0, Workers: 4
[3650.530s][debug][gc,phases      ] GC(184)   StringDedup Requests1 Weak     Min:  0.0, Avg:  0.0, Max:  0.0, Diff:  0.0, Sum:  0.0, Workers: 4
[3650.530s][debug][gc,phases      ] GC(184)     Dead                           Min: 0, Avg:  0.0, Max: 0, Diff: 0, Sum: 0, Workers: 4
[3650.530s][debug][gc,phases      ] GC(184)     Total                          Min: 0, Avg:  0.0, Max: 0, Diff: 0, Sum: 0, Workers: 4
[3650.530s][debug][gc,phases      ] GC(184)   Weak JFR Old Object Samples    Min:  0.0, Avg:  0.0, Max:  0.0, Diff:  0.0, Sum:  0.0, Workers: 4
[3650.530s][debug][gc,phases      ] GC(184)     Dead                           Min: 0, Avg:  0.0, Max: 0, Diff: 0, Sum: 0, Workers: 4
[3650.530s][debug][gc,phases      ] GC(184)     Total                          Min: 0, Avg:  0.0, Max: 0, Diff: 0, Sum: 0, Workers: 4
[3650.530s][debug][gc,phases      ] GC(184) Weak Processing 0.257ms
[3650.530s][debug][gc,age         ] GC(184) Desired survivor size 106430464 bytes, new threshold 15 (max threshold 15)
[3650.530s][info ][gc,heap        ] GC(184) PSYoungGen: 1885440K(1990144K)->5616K(1987072K) Eden: 1880064K(1880064K)->0K(1880064K) From: 5376K(110080K)->5616K(107008K)
[3650.530s][info ][gc,heap        ] GC(184) ParOldGen: 576012K(724992K)->576020K(724992K)
[3650.530s][info ][gc,metaspace   ] GC(184) Metaspace: 86183K(87296K)->86183K(87296K) NonClass: 74246K(74880K)->74246K(74880K) Class: 11937K(12416K)->11937K(12416K)
[3650.530s][info ][gc             ] GC(184) Pause Young (Allocation Failure) 2403M->568M(2648M) 2.924ms
[3650.530s][info ][gc,cpu         ] GC(184) User=0.01s Sys=0.00s Real=0.00s
[3650.530s][info ][safepoint      ] Safepoint "ParallelGCFailedAllocation", Time since last: 15236260937 ns, Reaching safepoint: 26500 ns, At safepoint: 2998683 ns, Total: 3025183 ns
[3698.533s][info ][safepoint      ] Safepoint "Cleanup", Time since last: 48003295964 ns, Reaching safepoint: 40799 ns, At safepoint: 2400 ns, Total: 43199 ns
[3753.537s][info ][safepoint      ] Safepoint "Cleanup", Time since last: 55003972000 ns, Reaching safepoint: 50600 ns, At safepoint: 3500 ns, Total: 54100 ns
[3813.275s][info ][gc,start       ] GC(185) Pause Young (Allocation Failure)
[3813.279s][debug][gc,phases      ] GC(185) Scavenge 4.261ms
[3813.279s][debug][gc,ref         ] GC(185) Skipped phase 1 of Reference Processing: no references
[3813.280s][debug][gc,ref         ] GC(185) ReferenceProcessor::execute queues: 1, RefProcThreadModel::Single, marks_oops_alive: false
[3813.280s][debug][gc,ref         ] GC(185) Skipped phase 3 of Reference Processing: no references
[3813.280s][debug][gc,ref         ] GC(185) ReferenceProcessor::execute queues: 1, RefProcThreadModel::Single, marks_oops_alive: false
[3813.280s][debug][gc,phases      ] GC(185) Reference Processing 0.093ms
[3813.280s][debug][gc,phases      ] GC(185)   VM Weak                        Min:  0.0, Avg:  0.0, Max:  0.0, Diff:  0.0, Sum:  0.0, Workers: 4
[3813.280s][debug][gc,phases      ] GC(185)     Dead                           Min: 0, Avg:  0.0, Max: 0, Diff: 0, Sum: 0, Workers: 4
[3813.280s][debug][gc,phases      ] GC(185)     Total                          Min: 0, Avg: 159.8, Max: 522, Diff: 522, Sum: 639, Workers: 4
[3813.280s][debug][gc,phases      ] GC(185)   ObjectSynchronizer Weak        Min:  0.0, Avg:  0.0, Max:  0.0, Diff:  0.0, Sum:  0.0, Workers: 4
[3813.280s][debug][gc,phases      ] GC(185)     Dead                           Min: 0, Avg:  0.2, Max: 1, Diff: 1, Sum: 1, Workers: 4
[3813.280s][debug][gc,phases      ] GC(185)     Total                          Min: 0, Avg: 90.0, Max: 128, Diff: 128, Sum: 360, Workers: 4
[3813.280s][debug][gc,phases      ] GC(185)   JVMTI Tag Weak OopStorage      Min:  0.0, Avg:  0.0, Max:  0.0, Diff:  0.0, Sum:  0.0, Workers: 4
[3813.280s][debug][gc,phases      ] GC(185)     Dead                           Min: 0, Avg:  0.0, Max: 0, Diff: 0, Sum: 0, Workers: 4
[3813.280s][debug][gc,phases      ] GC(185)     Total                          Min: 0, Avg:  0.0, Max: 0, Diff: 0, Sum: 0, Workers: 4
[3813.280s][debug][gc,phases      ] GC(185)   StringTable Weak               Min:  0.1, Avg:  0.1, Max:  0.1, Diff:  0.0, Sum:  0.4, Workers: 4
[3813.280s][debug][gc,phases      ] GC(185)     Dead                           Min: 0, Avg:  0.5, Max: 2, Diff: 2, Sum: 2, Workers: 4
[3813.280s][debug][gc,phases      ] GC(185)     Total                          Min: 9792, Avg: 12313.2, Max: 15168, Diff: 5376, Sum: 49253, Workers: 4
[3813.280s][debug][gc,phases      ] GC(185)   ResolvedMethodTable Weak       Min:  0.0, Avg:  0.0, Max:  0.0, Diff:  0.0, Sum:  0.1, Workers: 4
[3813.280s][debug][gc,phases      ] GC(185)     Dead                           Min: 0, Avg:  0.0, Max: 0, Diff: 0, Sum: 0, Workers: 4
[3813.280s][debug][gc,phases      ] GC(185)     Total                          Min: 1728, Avg: 2220.0, Max: 2752, Diff: 1024, Sum: 8880, Workers: 4
[3813.280s][debug][gc,phases      ] GC(185)   JNI Weak                       Min:  0.0, Avg:  0.0, Max:  0.0, Diff:  0.0, Sum:  0.0, Workers: 4
[3813.280s][debug][gc,phases      ] GC(185)     Dead                           Min: 0, Avg:  0.0, Max: 0, Diff: 0, Sum: 0, Workers: 4
[3813.280s][debug][gc,phases      ] GC(185)     Total                          Min: 0, Avg:  0.2, Max: 1, Diff: 1, Sum: 1, Workers: 4
[3813.280s][debug][gc,phases      ] GC(185)   StringDedup Table Weak         Min:  0.0, Avg:  0.0, Max:  0.0, Diff:  0.0, Sum:  0.0, Workers: 4
[3813.280s][debug][gc,phases      ] GC(185)     Dead                           Min: 0, Avg:  0.0, Max: 0, Diff: 0, Sum: 0, Workers: 4
[3813.280s][debug][gc,phases      ] GC(185)     Total                          Min: 0, Avg:  0.0, Max: 0, Diff: 0, Sum: 0, Workers: 4
[3813.280s][debug][gc,phases      ] GC(185)   StringDedup Requests0 Weak     Min:  0.0, Avg:  0.0, Max:  0.0, Diff:  0.0, Sum:  0.0, Workers: 4
[3813.280s][debug][gc,phases      ] GC(185)     Dead                           Min: 0, Avg:  0.0, Max: 0, Diff: 0, Sum: 0, Workers: 4
[3813.280s][debug][gc,phases      ] GC(185)     Total                          Min: 0, Avg:  0.0, Max: 0, Diff: 0, Sum: 0, Workers: 4
[3813.280s][debug][gc,phases      ] GC(185)   StringDedup Requests1 Weak     Min:  0.0, Avg:  0.0, Max:  0.0, Diff:  0.0, Sum:  0.0, Workers: 4
[3813.280s][debug][gc,phases      ] GC(185)     Dead                           Min: 0, Avg:  0.0, Max: 0, Diff: 0, Sum: 0, Workers: 4
[3813.280s][debug][gc,phases      ] GC(185)     Total                          Min: 0, Avg:  0.0, Max: 0, Diff: 0, Sum: 0, Workers: 4
[3813.280s][debug][gc,phases      ] GC(185)   Weak JFR Old Object Samples    Min:  0.0, Avg:  0.0, Max:  0.0, Diff:  0.0, Sum:  0.0, Workers: 4
[3813.280s][debug][gc,phases      ] GC(185)     Dead                           Min: 0, Avg:  0.0, Max: 0, Diff: 0, Sum: 0, Workers: 4
[3813.280s][debug][gc,phases      ] GC(185)     Total                          Min: 0, Avg:  0.0, Max: 0, Diff: 0, Sum: 0, Workers: 4
[3813.280s][debug][gc,phases      ] GC(185) Weak Processing 0.261ms
[3813.280s][debug][gc,age         ] GC(185) Desired survivor size 101711872 bytes, new threshold 15 (max threshold 15)
[3813.280s][info ][gc,heap        ] GC(185) PSYoungGen: 1885680K(1987072K)->9408K(1997824K) Eden: 1880064K(1880064K)->0K(1893888K) From: 5616K(107008K)->9408K(103936K)
[3813.280s][info ][gc,heap        ] GC(185) ParOldGen: 576020K(724992K)->576020K(724992K)
[3813.280s][info ][gc,metaspace   ] GC(185) Metaspace: 86193K(87296K)->86193K(87296K) NonClass: 74254K(74880K)->74254K(74880K) Class: 11938K(12416K)->11938K(12416K)
[3813.280s][info ][gc             ] GC(185) Pause Young (Allocation Failure) 2404M->571M(2659M) 4.707ms
[3813.280s][info ][gc,cpu         ] GC(185) User=0.02s Sys=0.00s Real=0.00s
[3813.280s][info ][safepoint      ] Safepoint "ParallelGCFailedAllocation", Time since last: 59737892578 ns, Reaching safepoint: 110899 ns, At safepoint: 4781671 ns, Total: 4892570 ns
[3814.280s][info ][safepoint      ] Safepoint "Cleanup", Time since last: 1000085299 ns, Reaching safepoint: 127599 ns, At safepoint: 14500 ns, Total: 142099 ns
[3814.601s][info ][gc,heap,exit   ] Heap
[3814.601s][info ][gc,heap,exit   ]  PSYoungGen      total 1997824K, used 1766300K [0x0000000780000000, 0x0000000800000000, 0x0000000800000000)
[3814.601s][info ][gc,heap,exit   ]   eden space 1893888K, 92% used [0x0000000780000000,0x00000007eb3b7038,0x00000007f3980000)
[3814.601s][info ][gc,heap,exit   ]   from space 103936K, 9% used [0x00000007f9a80000,0x00000007fa3b01c0,0x0000000800000000)
[3814.601s][info ][gc,heap,exit   ]   to   space 99328K, 0% used [0x00000007f3980000,0x00000007f3980000,0x00000007f9a80000)
[3814.601s][info ][gc,heap,exit   ]  ParOldGen       total 724992K, used 576020K [0x0000000740000000, 0x000000076c400000, 0x0000000780000000)
[3814.601s][info ][gc,heap,exit   ]   object space 724992K, 79% used [0x0000000740000000,0x00000007632853f8,0x000000076c400000)
[3814.601s][info ][gc,heap,exit   ]  Metaspace       used 86225K, committed 87296K, reserved 1130496K
[3814.601s][info ][gc,heap,exit   ]   class space    used 11942K, committed 12416K, reserved 1048576K
