[0.003s][info][gc] Using Parallel
[0.004s][info][gc,init] Version: 17.0.6+10-LTS (release)
[0.004s][info][gc,init] CPUs: 4 total, 4 available
[0.004s][info][gc,init] Memory: 16009M
[0.005s][info][gc,init] Large Page Support: Disabled
[0.005s][info][gc,init] NUMA Support: Disabled
[0.005s][info][gc,init] Compressed Oops: Enabled (Zero based)
[0.005s][info][gc,init] Alignments: Space 512K, Generation 512K, Heap 2M
[0.005s][info][gc,init] Heap Min Capacity: 2054M
[0.005s][info][gc,init] Heap Initial Capacity: 2054M
[0.005s][info][gc,init] Heap Max Capacity: 3G
[0.005s][info][gc,init] Pre-touch: Disabled
[0.005s][info][gc,init] Parallel Workers: 4
[0.005s][info][gc,metaspace] CDS archive(s) mapped at: [0x0000000800000000-0x0000000800be1000-0x0000000800be1000), size 12455936, SharedBaseAddress: 0x0000000800000000, ArchiveRelocationMode: 0.
[0.005s][info][gc,metaspace] Compressed class space mapped at: 0x0000000800c00000-0x0000000840c00000, reserved size: 1073741824
[0.005s][info][gc,metaspace] Narrow klass base: 0x0000000800000000, Narrow klass shift: 0, Narrow klass range: 0x100000000
[1.233s][info][safepoint   ] Safepoint "Cleanup", Time since last: 1213360318 ns, Reaching safepoint: 3150414 ns, At safepoint: 48000 ns, Total: 3198414 ns
[2.305s][info][safepoint   ] Safepoint "ICBufferFull", Time since last: 1068051439 ns, Reaching safepoint: 3800017 ns, At safepoint: 8400 ns, Total: 3808417 ns
[3.216s][info][safepoint   ] Safepoint "ICBufferFull", Time since last: 910982307 ns, Reaching safepoint: 292001 ns, At safepoint: 16900 ns, Total: 308901 ns
[3.307s][info][gc,start    ] GC(0) Pause Young (Metadata GC Threshold)
[3.325s][debug][gc,phases   ] GC(0) Scavenge 16.622ms
[3.325s][debug][gc,ref      ] GC(0) Skipped phase 1 of Reference Processing: no references
[3.326s][debug][gc,ref      ] GC(0) ReferenceProcessor::execute queues: 2, RefProcThreadModel::Multi, marks_oops_alive: false
[3.326s][debug][gc,ref      ] GC(0) Skipped phase 3 of Reference Processing: no references
[3.326s][debug][gc,ref      ] GC(0) ReferenceProcessor::execute queues: 1, RefProcThreadModel::Single, marks_oops_alive: false
[3.326s][debug][gc,phases   ] GC(0) Reference Processing 0.269ms
[3.326s][debug][gc,phases   ] GC(0)   VM Weak                        Min:  0.0, Avg:  0.0, Max:  0.0, Diff:  0.0, Sum:  0.0, Workers: 4
[3.326s][debug][gc,phases   ] GC(0)     Dead                           Min: 0, Avg:  0.0, Max: 0, Diff: 0, Sum: 0, Workers: 4
[3.326s][debug][gc,phases   ] GC(0)     Total                          Min: 0, Avg: 58.0, Max: 192, Diff: 192, Sum: 232, Workers: 4
[3.326s][debug][gc,phases   ] GC(0)   ObjectSynchronizer Weak        Min:  0.0, Avg:  0.0, Max:  0.0, Diff:  0.0, Sum:  0.0, Workers: 4
[3.326s][debug][gc,phases   ] GC(0)     Dead                           Min: 0, Avg:  0.5, Max: 2, Diff: 2, Sum: 2, Workers: 4
[3.326s][debug][gc,phases   ] GC(0)     Total                          Min: 0, Avg:  1.8, Max: 7, Diff: 7, Sum: 7, Workers: 4
[3.326s][debug][gc,phases   ] GC(0)   JVMTI Tag Weak OopStorage      Min:  0.0, Avg:  0.0, Max:  0.0, Diff:  0.0, Sum:  0.0, Workers: 4
[3.326s][debug][gc,phases   ] GC(0)     Dead                           Min: 0, Avg:  0.0, Max: 0, Diff: 0, Sum: 0, Workers: 4
[3.326s][debug][gc,phases   ] GC(0)     Total                          Min: 0, Avg:  0.0, Max: 0, Diff: 0, Sum: 0, Workers: 4
[3.326s][debug][gc,phases   ] GC(0)   StringTable Weak               Min:  0.0, Avg:  0.1, Max:  0.1, Diff:  0.1, Sum:  0.3, Workers: 4
[3.326s][debug][gc,phases   ] GC(0)     Dead                           Min: 0, Avg:  6.5, Max: 18, Diff: 18, Sum: 26, Workers: 4
[3.326s][debug][gc,phases   ] GC(0)     Total                          Min: 0, Avg: 3286.5, Max: 7898, Diff: 7898, Sum: 13146, Workers: 4
[3.326s][debug][gc,phases   ] GC(0)   ResolvedMethodTable Weak       Min:  0.0, Avg:  0.0, Max:  0.0, Diff:  0.0, Sum:  0.0, Workers: 4
[3.326s][debug][gc,phases   ] GC(0)     Dead                           Min: 0, Avg: 20.2, Max: 45, Diff: 45, Sum: 81, Workers: 4
[3.326s][debug][gc,phases   ] GC(0)     Total                          Min: 0, Avg: 320.2, Max: 832, Diff: 832, Sum: 1281, Workers: 4
[3.326s][debug][gc,phases   ] GC(0)   JNI Weak                       Min:  0.0, Avg:  0.0, Max:  0.0, Diff:  0.0, Sum:  0.0, Workers: 4
[3.326s][debug][gc,phases   ] GC(0)     Dead                           Min: 0, Avg:  0.0, Max: 0, Diff: 0, Sum: 0, Workers: 4
[3.326s][debug][gc,phases   ] GC(0)     Total                          Min: 0, Avg: 11.2, Max: 45, Diff: 45, Sum: 45, Workers: 4
[3.326s][debug][gc,phases   ] GC(0)   StringDedup Table Weak         Min:  0.0, Avg:  0.0, Max:  0.0, Diff:  0.0, Sum:  0.0, Workers: 4
[3.326s][debug][gc,phases   ] GC(0)     Dead                           Min: 0, Avg:  0.0, Max: 0, Diff: 0, Sum: 0, Workers: 4
[3.326s][debug][gc,phases   ] GC(0)     Total                          Min: 0, Avg:  0.0, Max: 0, Diff: 0, Sum: 0, Workers: 4
[3.326s][debug][gc,phases   ] GC(0)   StringDedup Requests0 Weak     Min:  0.0, Avg:  0.0, Max:  0.0, Diff:  0.0, Sum:  0.0, Workers: 4
[3.326s][debug][gc,phases   ] GC(0)     Dead                           Min: 0, Avg:  0.0, Max: 0, Diff: 0, Sum: 0, Workers: 4
[3.326s][debug][gc,phases   ] GC(0)     Total                          Min: 0, Avg:  0.0, Max: 0, Diff: 0, Sum: 0, Workers: 4
[3.326s][debug][gc,phases   ] GC(0)   StringDedup Requests1 Weak     Min:  0.0, Avg:  0.0, Max:  0.0, Diff:  0.0, Sum:  0.0, Workers: 4
[3.326s][debug][gc,phases   ] GC(0)     Dead                           Min: 0, Avg:  0.0, Max: 0, Diff: 0, Sum: 0, Workers: 4
[3.326s][debug][gc,phases   ] GC(0)     Total                          Min: 0, Avg:  0.0, Max: 0, Diff: 0, Sum: 0, Workers: 4
[3.326s][debug][gc,phases   ] GC(0)   Weak JFR Old Object Samples    Min:  0.0, Avg:  0.0, Max:  0.0, Diff:  0.0, Sum:  0.0, Workers: 4
[3.326s][debug][gc,phases   ] GC(0)     Dead                           Min: 0, Avg:  0.0, Max: 0, Diff: 0, Sum: 0, Workers: 4
[3.326s][debug][gc,phases   ] GC(0)     Total                          Min: 0, Avg:  0.0, Max: 0, Diff: 0, Sum: 0, Workers: 4
[3.326s][debug][gc,phases   ] GC(0) Weak Processing 0.305ms
[3.326s][debug][gc,age      ] GC(0) Desired survivor size 536870912 bytes, new threshold 7 (max threshold 15)
[3.326s][info ][gc,heap     ] GC(0) PSYoungGen: 230697K(1572864K)->31302K(1572864K) Eden: 230697K(1048576K)->0K(1048576K) From: 0K(524288K)->31302K(524288K)
[3.326s][info ][gc,heap     ] GC(0) ParOldGen: 0K(6144K)->104K(6144K)
[3.326s][info ][gc,metaspace] GC(0) Metaspace: 21191K(21504K)->21191K(21504K) NonClass: 18690K(18880K)->18690K(18880K) Class: 2500K(2624K)->2500K(2624K)
[3.326s][info ][gc          ] GC(0) Pause Young (Metadata GC Threshold) 225M->30M(1542M) 19.572ms
[3.326s][info ][gc,cpu      ] GC(0) User=0.03s Sys=0.02s Real=0.02s
[3.326s][debug][gc,phases   ] GC(1) Pre Compact 0.009ms
[3.326s][info ][gc,start    ] GC(1) Pause Full (Metadata GC Threshold)
[3.326s][info ][gc,phases,start] GC(1) Marking Phase
[3.335s][debug][gc,phases      ] GC(1) Par Mark 8.739ms
[3.335s][debug][gc,ref         ] GC(1) Skipped phase 1 of Reference Processing: no references
[3.335s][debug][gc,ref         ] GC(1) ReferenceProcessor::execute queues: 2, RefProcThreadModel::Multi, marks_oops_alive: false
[3.335s][debug][gc,ref         ] GC(1) Skipped phase 3 of Reference Processing: no references
[3.335s][debug][gc,ref         ] GC(1) ReferenceProcessor::execute queues: 1, RefProcThreadModel::Single, marks_oops_alive: false
[3.335s][debug][gc,phases      ] GC(1) Reference Processing 0.083ms
[3.335s][debug][gc,phases      ] GC(1)   VM Weak                        Min:  0.0, Avg:  0.0, Max:  0.0, Diff:  0.0, Sum:  0.0, Workers: 4
[3.335s][debug][gc,phases      ] GC(1)     Dead                           Min: 0, Avg:  0.0, Max: 0, Diff: 0, Sum: 0, Workers: 4
[3.335s][debug][gc,phases      ] GC(1)     Total                          Min: 0, Avg: 58.0, Max: 168, Diff: 168, Sum: 232, Workers: 4
[3.335s][debug][gc,phases      ] GC(1)   ObjectSynchronizer Weak        Min:  0.0, Avg:  0.0, Max:  0.0, Diff:  0.0, Sum:  0.0, Workers: 4
[3.335s][debug][gc,phases      ] GC(1)     Dead                           Min: 0, Avg:  0.0, Max: 0, Diff: 0, Sum: 0, Workers: 4
[3.335s][debug][gc,phases      ] GC(1)     Total                          Min: 0, Avg:  1.8, Max: 7, Diff: 7, Sum: 7, Workers: 4
[3.335s][debug][gc,phases      ] GC(1)   JVMTI Tag Weak OopStorage      Min:  0.0, Avg:  0.0, Max:  0.0, Diff:  0.0, Sum:  0.0, Workers: 4
[3.335s][debug][gc,phases      ] GC(1)     Dead                           Min: 0, Avg:  0.0, Max: 0, Diff: 0, Sum: 0, Workers: 4
[3.335s][debug][gc,phases      ] GC(1)     Total                          Min: 0, Avg:  0.0, Max: 0, Diff: 0, Sum: 0, Workers: 4
[3.335s][debug][gc,phases      ] GC(1)   StringTable Weak               Min:  0.0, Avg:  0.0, Max:  0.1, Diff:  0.1, Sum:  0.2, Workers: 4
[3.335s][debug][gc,phases      ] GC(1)     Dead                           Min: 0, Avg:  0.0, Max: 0, Diff: 0, Sum: 0, Workers: 4
[3.335s][debug][gc,phases      ] GC(1)     Total                          Min: 0, Avg: 3286.5, Max: 6720, Diff: 6720, Sum: 13146, Workers: 4
[3.335s][debug][gc,phases      ] GC(1)   ResolvedMethodTable Weak       Min:  0.0, Avg:  0.0, Max:  0.0, Diff:  0.0, Sum:  0.0, Workers: 4
[3.335s][debug][gc,phases      ] GC(1)     Dead                           Min: 0, Avg:  0.0, Max: 0, Diff: 0, Sum: 0, Workers: 4
[3.335s][debug][gc,phases      ] GC(1)     Total                          Min: 0, Avg: 320.2, Max: 1024, Diff: 1024, Sum: 1281, Workers: 4
[3.335s][debug][gc,phases      ] GC(1)   JNI Weak                       Min:  0.0, Avg:  0.0, Max:  0.0, Diff:  0.0, Sum:  0.0, Workers: 4
[3.335s][debug][gc,phases      ] GC(1)     Dead                           Min: 0, Avg:  0.0, Max: 0, Diff: 0, Sum: 0, Workers: 4
[3.335s][debug][gc,phases      ] GC(1)     Total                          Min: 0, Avg: 11.2, Max: 45, Diff: 45, Sum: 45, Workers: 4
[3.335s][debug][gc,phases      ] GC(1)   StringDedup Table Weak         Min:  0.0, Avg:  0.0, Max:  0.0, Diff:  0.0, Sum:  0.0, Workers: 4
[3.335s][debug][gc,phases      ] GC(1)     Dead                           Min: 0, Avg:  0.0, Max: 0, Diff: 0, Sum: 0, Workers: 4
[3.335s][debug][gc,phases      ] GC(1)     Total                          Min: 0, Avg:  0.0, Max: 0, Diff: 0, Sum: 0, Workers: 4
[3.335s][debug][gc,phases      ] GC(1)   StringDedup Requests0 Weak     Min:  0.0, Avg:  0.0, Max:  0.0, Diff:  0.0, Sum:  0.0, Workers: 4
[3.335s][debug][gc,phases      ] GC(1)     Dead                           Min: 0, Avg:  0.0, Max: 0, Diff: 0, Sum: 0, Workers: 4
[3.335s][debug][gc,phases      ] GC(1)     Total                          Min: 0, Avg:  0.0, Max: 0, Diff: 0, Sum: 0, Workers: 4
[3.335s][debug][gc,phases      ] GC(1)   StringDedup Requests1 Weak     Min:  0.0, Avg:  0.0, Max:  0.0, Diff:  0.0, Sum:  0.0, Workers: 4
[3.335s][debug][gc,phases      ] GC(1)     Dead                           Min: 0, Avg:  0.0, Max: 0, Diff: 0, Sum: 0, Workers: 4
[3.335s][debug][gc,phases      ] GC(1)     Total                          Min: 0, Avg:  0.0, Max: 0, Diff: 0, Sum: 0, Workers: 4
[3.335s][debug][gc,phases      ] GC(1)   Weak JFR Old Object Samples    Min:  0.0, Avg:  0.0, Max:  0.0, Diff:  0.0, Sum:  0.0, Workers: 4
[3.335s][debug][gc,phases      ] GC(1)     Dead                           Min: 0, Avg:  0.0, Max: 0, Diff: 0, Sum: 0, Workers: 4
[3.335s][debug][gc,phases      ] GC(1)     Total                          Min: 0, Avg:  0.0, Max: 0, Diff: 0, Sum: 0, Workers: 4
[3.335s][debug][gc,phases      ] GC(1) Weak Processing 0.229ms
[3.335s][debug][gc,phases      ] GC(1) ClassLoaderData 0.011ms
[3.335s][debug][gc,phases      ] GC(1) Trigger cleanups 0.000ms
[3.338s][debug][gc,phases      ] GC(1) Class Unloading 2.639ms
[3.338s][info ][gc,phases      ] GC(1) Marking Phase 11.762ms
[3.338s][info ][gc,phases,start] GC(1) Summary Phase
[3.338s][info ][gc,phases      ] GC(1) Summary Phase 0.006ms
[3.338s][info ][gc,phases,start] GC(1) Adjust Roots
[3.342s][info ][gc,phases      ] GC(1) Adjust Roots 4.264ms
[3.342s][info ][gc,phases,start] GC(1) Compaction Phase
[3.364s][info ][gc,phases      ] GC(1) Compaction Phase 21.615ms
[3.364s][info ][gc,phases,start] GC(1) Post Compact
[3.365s][info ][gc,phases      ] GC(1) Post Compact 0.784ms
[3.365s][info ][gc,heap        ] GC(1) PSYoungGen: 31302K(1572864K)->25560K(1572864K) Eden: 0K(1048576K)->0K(1048576K) From: 31302K(524288K)->25560K(524288K)
[3.365s][info ][gc,heap        ] GC(1) ParOldGen: 104K(6144K)->5681K(6144K)
[3.365s][info ][gc,metaspace   ] GC(1) Metaspace: 21191K(21504K)->21191K(21504K) NonClass: 18690K(18880K)->18690K(18880K) Class: 2500K(2624K)->2500K(2624K)
[3.365s][info ][gc             ] GC(1) Pause Full (Metadata GC Threshold) 30M->30M(1542M) 38.558ms
[3.365s][info ][gc,cpu         ] GC(1) User=0.10s Sys=0.00s Real=0.04s
[3.365s][info ][safepoint      ] Safepoint "CollectForMetadataAllocation", Time since last: 90401318 ns, Reaching safepoint: 114500 ns, At safepoint: 58253369 ns, Total: 58367869 ns
[3.505s][info ][safepoint      ] Safepoint "ICBufferFull", Time since last: 139754845 ns, Reaching safepoint: 222101 ns, At safepoint: 8500 ns, Total: 230601 ns
[3.587s][info ][safepoint      ] Safepoint "ICBufferFull", Time since last: 82387380 ns, Reaching safepoint: 126801 ns, At safepoint: 4700 ns, Total: 131501 ns
[3.739s][info ][safepoint      ] Safepoint "ICBufferFull", Time since last: 151169297 ns, Reaching safepoint: 157601 ns, At safepoint: 6600 ns, Total: 164201 ns
[3.935s][info ][safepoint      ] Safepoint "ICBufferFull", Time since last: 195973704 ns, Reaching safepoint: 169700 ns, At safepoint: 7100 ns, Total: 176800 ns
[4.199s][info ][safepoint      ] Safepoint "ICBufferFull", Time since last: 264271519 ns, Reaching safepoint: 231101 ns, At safepoint: 7700 ns, Total: 238801 ns
[4.276s][info ][safepoint      ] Safepoint "ICBufferFull", Time since last: 77010555 ns, Reaching safepoint: 134500 ns, At safepoint: 5800 ns, Total: 140300 ns
[4.442s][info ][safepoint      ] Safepoint "ICBufferFull", Time since last: 165644864 ns, Reaching safepoint: 181101 ns, At safepoint: 1500 ns, Total: 182601 ns
[4.566s][info ][safepoint      ] Safepoint "ICBufferFull", Time since last: 123599669 ns, Reaching safepoint: 154301 ns, At safepoint: 6100 ns, Total: 160401 ns
[4.819s][info ][safepoint      ] Safepoint "ICBufferFull", Time since last: 252733165 ns, Reaching safepoint: 151500 ns, At safepoint: 8500 ns, Total: 160000 ns
[5.012s][info ][safepoint      ] Safepoint "ICBufferFull", Time since last: 193019089 ns, Reaching safepoint: 147701 ns, At safepoint: 7000 ns, Total: 154701 ns
[5.154s][info ][safepoint      ] Safepoint "ICBufferFull", Time since last: 142193954 ns, Reaching safepoint: 153901 ns, At safepoint: 12700 ns, Total: 166601 ns
[5.203s][info ][gc,start       ] GC(2) Pause Young (Metadata GC Threshold)
[5.255s][debug][gc,phases      ] GC(2) Scavenge 51.890ms
[5.255s][debug][gc,ref         ] GC(2) Skipped phase 1 of Reference Processing: no references
[5.255s][debug][gc,ref         ] GC(2) ReferenceProcessor::execute queues: 4, RefProcThreadModel::Multi, marks_oops_alive: false
[5.255s][debug][gc,ref         ] GC(2) Skipped phase 3 of Reference Processing: no references
[5.255s][debug][gc,ref         ] GC(2) ReferenceProcessor::execute queues: 1, RefProcThreadModel::Single, marks_oops_alive: false
[5.255s][debug][gc,phases      ] GC(2) Reference Processing 0.366ms
[5.255s][debug][gc,phases      ] GC(2)   VM Weak                        Min:  0.0, Avg:  0.0, Max:  0.0, Diff:  0.0, Sum:  0.0, Workers: 4
[5.255s][debug][gc,phases      ] GC(2)     Dead                           Min: 0, Avg:  0.0, Max: 0, Diff: 0, Sum: 0, Workers: 4
[5.255s][debug][gc,phases      ] GC(2)     Total                          Min: 0, Avg: 88.5, Max: 192, Diff: 192, Sum: 354, Workers: 4
[5.255s][debug][gc,phases      ] GC(2)   ObjectSynchronizer Weak        Min:  0.0, Avg:  0.0, Max:  0.0, Diff:  0.0, Sum:  0.0, Workers: 4
[5.255s][debug][gc,phases      ] GC(2)     Dead                           Min: 0, Avg:  0.0, Max: 0, Diff: 0, Sum: 0, Workers: 4
[5.255s][debug][gc,phases      ] GC(2)     Total                          Min: 0, Avg:  1.8, Max: 7, Diff: 7, Sum: 7, Workers: 4
[5.255s][debug][gc,phases      ] GC(2)   JVMTI Tag Weak OopStorage      Min:  0.0, Avg:  0.0, Max:  0.0, Diff:  0.0, Sum:  0.0, Workers: 4
[5.255s][debug][gc,phases      ] GC(2)     Dead                           Min: 0, Avg:  0.0, Max: 0, Diff: 0, Sum: 0, Workers: 4
[5.255s][debug][gc,phases      ] GC(2)     Total                          Min: 0, Avg:  0.0, Max: 0, Diff: 0, Sum: 0, Workers: 4
[5.255s][debug][gc,phases      ] GC(2)   StringTable Weak               Min:  0.0, Avg:  0.1, Max:  0.2, Diff:  0.2, Sum:  0.5, Workers: 4
[5.255s][debug][gc,phases      ] GC(2)     Dead                           Min: 0, Avg:  2.2, Max: 4, Diff: 4, Sum: 9, Workers: 4
[5.255s][debug][gc,phases      ] GC(2)     Total                          Min: 0, Avg: 6537.5, Max: 11494, Diff: 11494, Sum: 26150, Workers: 4
[5.255s][debug][gc,phases      ] GC(2)   ResolvedMethodTable Weak       Min:  0.0, Avg:  0.0, Max:  0.0, Diff:  0.0, Sum:  0.1, Workers: 4
[5.255s][debug][gc,phases      ] GC(2)     Dead                           Min: 0, Avg: 14.2, Max: 51, Diff: 51, Sum: 57, Workers: 4
[5.255s][debug][gc,phases      ] GC(2)     Total                          Min: 0, Avg: 613.2, Max: 981, Diff: 981, Sum: 2453, Workers: 4
[5.255s][debug][gc,phases      ] GC(2)   JNI Weak                       Min:  0.0, Avg:  0.0, Max:  0.0, Diff:  0.0, Sum:  0.0, Workers: 4
[5.255s][debug][gc,phases      ] GC(2)     Dead                           Min: 0, Avg:  0.0, Max: 0, Diff: 0, Sum: 0, Workers: 4
[5.255s][debug][gc,phases      ] GC(2)     Total                          Min: 0, Avg: 11.2, Max: 45, Diff: 45, Sum: 45, Workers: 4
[5.255s][debug][gc,phases      ] GC(2)   StringDedup Table Weak         Min:  0.0, Avg:  0.0, Max:  0.0, Diff:  0.0, Sum:  0.0, Workers: 4
[5.255s][debug][gc,phases      ] GC(2)     Dead                           Min: 0, Avg:  0.0, Max: 0, Diff: 0, Sum: 0, Workers: 4
[5.255s][debug][gc,phases      ] GC(2)     Total                          Min: 0, Avg:  0.0, Max: 0, Diff: 0, Sum: 0, Workers: 4
[5.255s][debug][gc,phases      ] GC(2)   StringDedup Requests0 Weak     Min:  0.0, Avg:  0.0, Max:  0.0, Diff:  0.0, Sum:  0.0, Workers: 4
[5.255s][debug][gc,phases      ] GC(2)     Dead                           Min: 0, Avg:  0.0, Max: 0, Diff: 0, Sum: 0, Workers: 4
[5.255s][debug][gc,phases      ] GC(2)     Total                          Min: 0, Avg:  0.0, Max: 0, Diff: 0, Sum: 0, Workers: 4
[5.255s][debug][gc,phases      ] GC(2)   StringDedup Requests1 Weak     Min:  0.0, Avg:  0.0, Max:  0.0, Diff:  0.0, Sum:  0.0, Workers: 4
[5.255s][debug][gc,phases      ] GC(2)     Dead                           Min: 0, Avg:  0.0, Max: 0, Diff: 0, Sum: 0, Workers: 4
[5.255s][debug][gc,phases      ] GC(2)     Total                          Min: 0, Avg:  0.0, Max: 0, Diff: 0, Sum: 0, Workers: 4
[5.255s][debug][gc,phases      ] GC(2)   Weak JFR Old Object Samples    Min:  0.0, Avg:  0.0, Max:  0.0, Diff:  0.0, Sum:  0.0, Workers: 4
[5.255s][debug][gc,phases      ] GC(2)     Dead                           Min: 0, Avg:  0.0, Max: 0, Diff: 0, Sum: 0, Workers: 4
[5.255s][debug][gc,phases      ] GC(2)     Total                          Min: 0, Avg:  0.0, Max: 0, Diff: 0, Sum: 0, Workers: 4
[5.255s][debug][gc,phases      ] GC(2) Weak Processing 0.350ms
[5.255s][debug][gc,age         ] GC(2) Desired survivor size 536870912 bytes, new threshold 7 (max threshold 15)
[5.255s][info ][gc,heap        ] GC(2) PSYoungGen: 570821K(1572864K)->82378K(1572864K) Eden: 545260K(1048576K)->0K(1048576K) From: 25560K(524288K)->82378K(524288K)
[5.255s][info ][gc,heap        ] GC(2) ParOldGen: 5681K(6144K)->5697K(6144K)
[5.255s][info ][gc,metaspace   ] GC(2) Metaspace: 35373K(35840K)->35373K(35840K) NonClass: 30708K(30912K)->30708K(30912K) Class: 4665K(4928K)->4665K(4928K)
[5.255s][info ][gc             ] GC(2) Pause Young (Metadata GC Threshold) 562M->86M(1542M) 52.707ms
[5.255s][info ][gc,cpu         ] GC(2) User=0.16s Sys=0.02s Real=0.05s
[5.255s][debug][gc,phases      ] GC(3) Pre Compact 0.007ms
[5.255s][info ][gc,start       ] GC(3) Pause Full (Metadata GC Threshold)
[5.255s][info ][gc,phases,start] GC(3) Marking Phase
[5.282s][debug][gc,phases      ] GC(3) Par Mark 26.614ms
[5.282s][debug][gc,ref         ] GC(3) Skipped phase 1 of Reference Processing: no references
[5.282s][debug][gc,ref         ] GC(3) ReferenceProcessor::execute queues: 4, RefProcThreadModel::Multi, marks_oops_alive: false
[5.282s][debug][gc,ref         ] GC(3) Skipped phase 3 of Reference Processing: no references
[5.282s][debug][gc,ref         ] GC(3) ReferenceProcessor::execute queues: 1, RefProcThreadModel::Single, marks_oops_alive: false
[5.282s][debug][gc,phases      ] GC(3) Reference Processing 0.219ms
[5.282s][debug][gc,phases      ] GC(3)   VM Weak                        Min:  0.0, Avg:  0.0, Max:  0.0, Diff:  0.0, Sum:  0.0, Workers: 4
[5.282s][debug][gc,phases      ] GC(3)     Dead                           Min: 0, Avg:  0.0, Max: 0, Diff: 0, Sum: 0, Workers: 4
[5.282s][debug][gc,phases      ] GC(3)     Total                          Min: 0, Avg: 88.5, Max: 320, Diff: 320, Sum: 354, Workers: 4
[5.283s][debug][gc,phases      ] GC(3)   ObjectSynchronizer Weak        Min:  0.0, Avg:  0.0, Max:  0.0, Diff:  0.0, Sum:  0.0, Workers: 4
[5.283s][debug][gc,phases      ] GC(3)     Dead                           Min: 0, Avg:  0.0, Max: 0, Diff: 0, Sum: 0, Workers: 4
[5.283s][debug][gc,phases      ] GC(3)     Total                          Min: 0, Avg:  1.8, Max: 7, Diff: 7, Sum: 7, Workers: 4
[5.283s][debug][gc,phases      ] GC(3)   JVMTI Tag Weak OopStorage      Min:  0.0, Avg:  0.0, Max:  0.0, Diff:  0.0, Sum:  0.0, Workers: 4
[5.283s][debug][gc,phases      ] GC(3)     Dead                           Min: 0, Avg:  0.0, Max: 0, Diff: 0, Sum: 0, Workers: 4
[5.283s][debug][gc,phases      ] GC(3)     Total                          Min: 0, Avg:  0.0, Max: 0, Diff: 0, Sum: 0, Workers: 4
[5.283s][debug][gc,phases      ] GC(3)   StringTable Weak               Min:  0.0, Avg:  0.1, Max:  0.1, Diff:  0.1, Sum:  0.3, Workers: 4
[5.283s][debug][gc,phases      ] GC(3)     Dead                           Min: 0, Avg:  0.0, Max: 0, Diff: 0, Sum: 0, Workers: 4
[5.283s][debug][gc,phases      ] GC(3)     Total                          Min: 0, Avg: 6537.5, Max: 10752, Diff: 10752, Sum: 26150, Workers: 4
[5.283s][debug][gc,phases      ] GC(3)   ResolvedMethodTable Weak       Min:  0.0, Avg:  0.0, Max:  0.0, Diff:  0.0, Sum:  0.0, Workers: 4
[5.283s][debug][gc,phases      ] GC(3)     Dead                           Min: 0, Avg:  0.0, Max: 0, Diff: 0, Sum: 0, Workers: 4
[5.283s][debug][gc,phases      ] GC(3)     Total                          Min: 0, Avg: 613.2, Max: 917, Diff: 917, Sum: 2453, Workers: 4
[5.283s][debug][gc,phases      ] GC(3)   JNI Weak                       Min:  0.0, Avg:  0.0, Max:  0.0, Diff:  0.0, Sum:  0.0, Workers: 4
[5.283s][debug][gc,phases      ] GC(3)     Dead                           Min: 0, Avg:  0.0, Max: 0, Diff: 0, Sum: 0, Workers: 4
[5.283s][debug][gc,phases      ] GC(3)     Total                          Min: 0, Avg: 11.2, Max: 45, Diff: 45, Sum: 45, Workers: 4
[5.283s][debug][gc,phases      ] GC(3)   StringDedup Table Weak         Min:  0.0, Avg:  0.0, Max:  0.0, Diff:  0.0, Sum:  0.0, Workers: 4
[5.283s][debug][gc,phases      ] GC(3)     Dead                           Min: 0, Avg:  0.0, Max: 0, Diff: 0, Sum: 0, Workers: 4
[5.283s][debug][gc,phases      ] GC(3)     Total                          Min: 0, Avg:  0.0, Max: 0, Diff: 0, Sum: 0, Workers: 4
[5.283s][debug][gc,phases      ] GC(3)   StringDedup Requests0 Weak     Min:  0.0, Avg:  0.0, Max:  0.0, Diff:  0.0, Sum:  0.0, Workers: 4
[5.283s][debug][gc,phases      ] GC(3)     Dead                           Min: 0, Avg:  0.0, Max: 0, Diff: 0, Sum: 0, Workers: 4
[5.283s][debug][gc,phases      ] GC(3)     Total                          Min: 0, Avg:  0.0, Max: 0, Diff: 0, Sum: 0, Workers: 4
[5.283s][debug][gc,phases      ] GC(3)   StringDedup Requests1 Weak     Min:  0.0, Avg:  0.0, Max:  0.0, Diff:  0.0, Sum:  0.0, Workers: 4
[5.283s][debug][gc,phases      ] GC(3)     Dead                           Min: 0, Avg:  0.0, Max: 0, Diff: 0, Sum: 0, Workers: 4
[5.283s][debug][gc,phases      ] GC(3)     Total                          Min: 0, Avg:  0.0, Max: 0, Diff: 0, Sum: 0, Workers: 4
[5.283s][debug][gc,phases      ] GC(3)   Weak JFR Old Object Samples    Min:  0.0, Avg:  0.0, Max:  0.0, Diff:  0.0, Sum:  0.0, Workers: 4
[5.283s][debug][gc,phases      ] GC(3)     Dead                           Min: 0, Avg:  0.0, Max: 0, Diff: 0, Sum: 0, Workers: 4
[5.283s][debug][gc,phases      ] GC(3)     Total                          Min: 0, Avg:  0.0, Max: 0, Diff: 0, Sum: 0, Workers: 4
[5.283s][debug][gc,phases      ] GC(3) Weak Processing 0.238ms
[5.283s][debug][gc,phases      ] GC(3) ClassLoaderData 0.036ms
[5.283s][debug][gc,phases      ] GC(3) Trigger cleanups 0.001ms
[5.287s][debug][gc,phases      ] GC(3) Class Unloading 4.905ms
[5.288s][info ][gc,phases      ] GC(3) Marking Phase 32.080ms
[5.288s][info ][gc,phases,start] GC(3) Summary Phase
[5.288s][info ][gc,phases      ] GC(3) Summary Phase 0.005ms
[5.288s][info ][gc,phases,start] GC(3) Adjust Roots
[5.293s][info ][gc,phases      ] GC(3) Adjust Roots 5.749ms
[5.293s][info ][gc,phases,start] GC(3) Compaction Phase
[5.611s][info ][gc,phases      ] GC(3) Compaction Phase 317.621ms
[5.611s][info ][gc,phases,start] GC(3) Post Compact
[5.611s][info ][gc,phases      ] GC(3) Post Compact 0.550ms
[5.612s][info ][gc,heap        ] GC(3) PSYoungGen: 82378K(1572864K)->81647K(1572864K) Eden: 0K(1048576K)->0K(1048576K) From: 82378K(524288K)->81647K(524288K)
[5.612s][info ][gc,heap        ] GC(3) ParOldGen: 5697K(6144K)->6102K(6144K)
[5.612s][info ][gc,metaspace   ] GC(3) Metaspace: 35373K(35840K)->35373K(35840K) NonClass: 30708K(30912K)->30708K(30912K) Class: 4665K(4928K)->4665K(4928K)
[5.612s][info ][gc             ] GC(3) Pause Full (Metadata GC Threshold) 86M->85M(1542M) 356.110ms
[5.612s][info ][gc,cpu         ] GC(3) User=0.78s Sys=0.00s Real=0.35s
[5.612s][info ][safepoint      ] Safepoint "CollectForMetadataAllocation", Time since last: 48190822 ns, Reaching safepoint: 46600 ns, At safepoint: 408931083 ns, Total: 408977683 ns
[6.210s][info ][safepoint      ] Safepoint "ICBufferFull", Time since last: 598713553 ns, Reaching safepoint: 175701 ns, At safepoint: 3000 ns, Total: 178701 ns
[7.501s][info ][safepoint      ] Safepoint "Cleanup", Time since last: 1290425929 ns, Reaching safepoint: 174401 ns, At safepoint: 2400 ns, Total: 176801 ns
[13.502s][info ][safepoint      ] Safepoint "Cleanup", Time since last: 6000471746 ns, Reaching safepoint: 122501 ns, At safepoint: 6100 ns, Total: 128601 ns
[13.717s][info ][safepoint      ] Safepoint "ICBufferFull", Time since last: 215313381 ns, Reaching safepoint: 259701 ns, At safepoint: 10800 ns, Total: 270501 ns
[13.887s][info ][safepoint      ] Safepoint "ICBufferFull", Time since last: 169660673 ns, Reaching safepoint: 186401 ns, At safepoint: 4500 ns, Total: 190901 ns
[14.115s][info ][safepoint      ] Safepoint "ICBufferFull", Time since last: 228003338 ns, Reaching safepoint: 153901 ns, At safepoint: 3100 ns, Total: 157001 ns
[14.369s][info ][safepoint      ] Safepoint "ICBufferFull", Time since last: 249404635 ns, Reaching safepoint: 3997819 ns, At safepoint: 9100 ns, Total: 4006919 ns
[14.685s][info ][safepoint      ] Safepoint "ICBufferFull", Time since last: 315992838 ns, Reaching safepoint: 309502 ns, At safepoint: 7700 ns, Total: 317202 ns
[14.685s][info ][safepoint      ] Safepoint "ICBufferFull", Time since last: 99800 ns, Reaching safepoint: 145101 ns, At safepoint: 12400 ns, Total: 157501 ns
[14.859s][info ][safepoint      ] Safepoint "ICBufferFull", Time since last: 173945791 ns, Reaching safepoint: 249102 ns, At safepoint: 7900 ns, Total: 257002 ns
[15.087s][info ][safepoint      ] Safepoint "ICBufferFull", Time since last: 227705235 ns, Reaching safepoint: 160701 ns, At safepoint: 9900 ns, Total: 170601 ns
[15.849s][info ][safepoint      ] Safepoint "ICBufferFull", Time since last: 761102860 ns, Reaching safepoint: 172801 ns, At safepoint: 3300 ns, Total: 176101 ns
[15.867s][debug][gc,phases      ] GC(4) Pre Compact 0.020ms
[15.867s][info ][gc,start       ] GC(4) Pause Full (Metadata GC Threshold)
[15.867s][info ][gc,phases,start] GC(4) Marking Phase
[15.929s][debug][gc,phases      ] GC(4) Par Mark 61.810ms
[15.929s][debug][gc,ref         ] GC(4) Skipped phase 1 of Reference Processing: no references
[15.929s][debug][gc,ref         ] GC(4) ReferenceProcessor::execute queues: 4, RefProcThreadModel::Multi, marks_oops_alive: false
[15.930s][debug][gc,ref         ] GC(4) Skipped phase 3 of Reference Processing: no references
[15.931s][debug][gc,ref         ] GC(4) ReferenceProcessor::execute queues: 4, RefProcThreadModel::Multi, marks_oops_alive: false
[15.933s][debug][gc,phases      ] GC(4) Reference Processing 3.744ms
[15.933s][debug][gc,phases      ] GC(4)   VM Weak                        Min:  0.0, Avg:  0.0, Max:  0.0, Diff:  0.0, Sum:  0.0, Workers: 4
[15.933s][debug][gc,phases      ] GC(4)     Dead                           Min: 0, Avg:  0.0, Max: 0, Diff: 0, Sum: 0, Workers: 4
[15.933s][debug][gc,phases      ] GC(4)     Total                          Min: 0, Avg: 134.2, Max: 320, Diff: 320, Sum: 537, Workers: 4
[15.933s][debug][gc,phases      ] GC(4)   ObjectSynchronizer Weak        Min:  0.0, Avg:  0.0, Max:  0.0, Diff:  0.0, Sum:  0.0, Workers: 4
[15.933s][debug][gc,phases      ] GC(4)     Dead                           Min: 0, Avg:  0.5, Max: 2, Diff: 2, Sum: 2, Workers: 4
[15.933s][debug][gc,phases      ] GC(4)     Total                          Min: 0, Avg:  4.8, Max: 19, Diff: 19, Sum: 19, Workers: 4
[15.933s][debug][gc,phases      ] GC(4)   JVMTI Tag Weak OopStorage      Min:  0.0, Avg:  0.0, Max:  0.0, Diff:  0.0, Sum:  0.0, Workers: 4
[15.933s][debug][gc,phases      ] GC(4)     Dead                           Min: 0, Avg:  0.0, Max: 0, Diff: 0, Sum: 0, Workers: 4
[15.933s][debug][gc,phases      ] GC(4)     Total                          Min: 0, Avg:  0.0, Max: 0, Diff: 0, Sum: 0, Workers: 4
[15.933s][debug][gc,phases      ] GC(4)   StringTable Weak               Min:  0.2, Avg:  0.2, Max:  0.2, Diff:  0.0, Sum:  0.8, Workers: 4
[15.933s][debug][gc,phases      ] GC(4)     Dead                           Min: 0, Avg:  5.8, Max: 10, Diff: 10, Sum: 23, Workers: 4
[15.933s][debug][gc,phases      ] GC(4)     Total                          Min: 1920, Avg: 9031.5, Max: 14878, Diff: 12958, Sum: 36126, Workers: 4
[15.933s][debug][gc,phases      ] GC(4)   ResolvedMethodTable Weak       Min:  0.0, Avg:  0.0, Max:  0.1, Diff:  0.1, Sum:  0.1, Workers: 4
[15.933s][debug][gc,phases      ] GC(4)     Dead                           Min: 0, Avg: 90.0, Max: 133, Diff: 133, Sum: 360, Workers: 4
[15.933s][debug][gc,phases      ] GC(4)     Total                          Min: 0, Avg: 1707.5, Max: 2432, Diff: 2432, Sum: 6830, Workers: 4
[15.933s][debug][gc,phases      ] GC(4)   JNI Weak                       Min:  0.0, Avg:  0.0, Max:  0.0, Diff:  0.0, Sum:  0.0, Workers: 4
[15.933s][debug][gc,phases      ] GC(4)     Dead                           Min: 0, Avg:  0.0, Max: 0, Diff: 0, Sum: 0, Workers: 4
[15.933s][debug][gc,phases      ] GC(4)     Total                          Min: 0, Avg: 11.2, Max: 45, Diff: 45, Sum: 45, Workers: 4
[15.933s][debug][gc,phases      ] GC(4)   StringDedup Table Weak         Min:  0.0, Avg:  0.0, Max:  0.0, Diff:  0.0, Sum:  0.0, Workers: 4
[15.933s][debug][gc,phases      ] GC(4)     Dead                           Min: 0, Avg:  0.0, Max: 0, Diff: 0, Sum: 0, Workers: 4
[15.933s][debug][gc,phases      ] GC(4)     Total                          Min: 0, Avg:  0.0, Max: 0, Diff: 0, Sum: 0, Workers: 4
[15.933s][debug][gc,phases      ] GC(4)   StringDedup Requests0 Weak     Min:  0.0, Avg:  0.0, Max:  0.0, Diff:  0.0, Sum:  0.0, Workers: 4
[15.933s][debug][gc,phases      ] GC(4)     Dead                           Min: 0, Avg:  0.0, Max: 0, Diff: 0, Sum: 0, Workers: 4
[15.933s][debug][gc,phases      ] GC(4)     Total                          Min: 0, Avg:  0.0, Max: 0, Diff: 0, Sum: 0, Workers: 4
[15.933s][debug][gc,phases      ] GC(4)   StringDedup Requests1 Weak     Min:  0.0, Avg:  0.0, Max:  0.0, Diff:  0.0, Sum:  0.0, Workers: 4
[15.933s][debug][gc,phases      ] GC(4)     Dead                           Min: 0, Avg:  0.0, Max: 0, Diff: 0, Sum: 0, Workers: 4
[15.933s][debug][gc,phases      ] GC(4)     Total                          Min: 0, Avg:  0.0, Max: 0, Diff: 0, Sum: 0, Workers: 4
[15.933s][debug][gc,phases      ] GC(4)   Weak JFR Old Object Samples    Min:  0.0, Avg:  0.0, Max:  0.0, Diff:  0.0, Sum:  0.0, Workers: 4
[15.933s][debug][gc,phases      ] GC(4)     Dead                           Min: 0, Avg:  0.0, Max: 0, Diff: 0, Sum: 0, Workers: 4
[15.933s][debug][gc,phases      ] GC(4)     Total                          Min: 0, Avg:  0.0, Max: 0, Diff: 0, Sum: 0, Workers: 4
[15.933s][debug][gc,phases      ] GC(4) Weak Processing 0.455ms
[15.933s][debug][gc,phases      ] GC(4) ClassLoaderData 0.059ms
[15.933s][debug][gc,phases      ] GC(4) Trigger cleanups 0.000ms
[15.941s][debug][gc,phases      ] GC(4) Class Unloading 7.986ms
[15.941s][info ][gc,phases      ] GC(4) Marking Phase 74.176ms
[15.941s][info ][gc,phases,start] GC(4) Summary Phase
[15.941s][info ][gc,phases      ] GC(4) Summary Phase 0.028ms
[15.941s][info ][gc,phases,start] GC(4) Adjust Roots
[15.952s][info ][gc,phases      ] GC(4) Adjust Roots 10.445ms
[15.952s][info ][gc,phases,start] GC(4) Compaction Phase
[16.135s][info ][gc,phases      ] GC(4) Compaction Phase 183.359ms
[16.135s][info ][gc,phases,start] GC(4) Post Compact
[16.138s][info ][gc,phases      ] GC(4) Post Compact 2.964ms
[16.138s][info ][gc,heap        ] GC(4) PSYoungGen: 869831K(1572864K)->110662K(1572864K) Eden: 788184K(1048576K)->110662K(1048576K) From: 81647K(524288K)->0K(524288K)
[16.138s][info ][gc,heap        ] GC(4) ParOldGen: 6102K(6144K)->6126K(6144K)
[16.138s][info ][gc,metaspace   ] GC(4) Metaspace: 59130K(59776K)->59130K(59776K) NonClass: 50225K(50560K)->50225K(50560K) Class: 8904K(9216K)->8904K(9216K)
[16.138s][info ][gc             ] GC(4) Pause Full (Metadata GC Threshold) 855M->114M(1542M) 271.076ms
[16.138s][info ][gc,cpu         ] GC(4) User=0.71s Sys=0.01s Real=0.27s
[16.139s][info ][safepoint      ] Safepoint "CollectForMetadataAllocation", Time since last: 18308883 ns, Reaching safepoint: 118301 ns, At safepoint: 271565733 ns, Total: 271684034 ns
[16.328s][info ][safepoint      ] Safepoint "ICBufferFull", Time since last: 189312360 ns, Reaching safepoint: 133201 ns, At safepoint: 7300 ns, Total: 140501 ns
[16.610s][info ][safepoint      ] Safepoint "ICBufferFull", Time since last: 278260763 ns, Reaching safepoint: 3353316 ns, At safepoint: 8600 ns, Total: 3361916 ns
[16.610s][info ][safepoint      ] Safepoint "ICBufferFull", Time since last: 56300 ns, Reaching safepoint: 376602 ns, At safepoint: 9800 ns, Total: 386402 ns
[17.613s][info ][safepoint      ] Safepoint "Cleanup", Time since last: 1002674549 ns, Reaching safepoint: 177801 ns, At safepoint: 14100 ns, Total: 191901 ns
[18.613s][info ][safepoint      ] Safepoint "Cleanup", Time since last: 1000126832 ns, Reaching safepoint: 117100 ns, At safepoint: 10700 ns, Total: 127800 ns
[19.614s][info ][safepoint      ] Safepoint "Cleanup", Time since last: 1000115627 ns, Reaching safepoint: 696603 ns, At safepoint: 14400 ns, Total: 711003 ns
[20.468s][info ][safepoint      ] Safepoint "ICBufferFull", Time since last: 853654659 ns, Reaching safepoint: 260301 ns, At safepoint: 11400 ns, Total: 271701 ns
[20.767s][info ][safepoint      ] Safepoint "ICBufferFull", Time since last: 299161852 ns, Reaching safepoint: 284802 ns, At safepoint: 10800 ns, Total: 295602 ns
[20.874s][debug][gc,phases      ] GC(5) Pre Compact 0.060ms
[20.874s][info ][gc,start       ] GC(5) Pause Full (Ergonomics)
[20.874s][info ][gc,phases,start] GC(5) Marking Phase
[21.360s][debug][gc,phases      ] GC(5) Par Mark 486.072ms
[21.360s][debug][gc,ref         ] GC(5) Skipped phase 1 of Reference Processing: no references
[21.361s][debug][gc,ref         ] GC(5) ReferenceProcessor::execute queues: 4, RefProcThreadModel::Multi, marks_oops_alive: false
[21.362s][debug][gc,ref         ] GC(5) Skipped phase 3 of Reference Processing: no references
[21.362s][debug][gc,ref         ] GC(5) ReferenceProcessor::execute queues: 1, RefProcThreadModel::Single, marks_oops_alive: false
[21.362s][debug][gc,phases      ] GC(5) Reference Processing 1.365ms
[21.362s][debug][gc,phases      ] GC(5)   VM Weak                        Min:  0.0, Avg:  0.0, Max:  0.0, Diff:  0.0, Sum:  0.0, Workers: 4
[21.362s][debug][gc,phases      ] GC(5)     Dead                           Min: 0, Avg:  0.2, Max: 1, Diff: 1, Sum: 1, Workers: 4
[21.362s][debug][gc,phases      ] GC(5)     Total                          Min: 0, Avg: 154.2, Max: 576, Diff: 576, Sum: 617, Workers: 4
[21.362s][debug][gc,phases      ] GC(5)   ObjectSynchronizer Weak        Min:  0.0, Avg:  0.0, Max:  0.0, Diff:  0.0, Sum:  0.0, Workers: 4
[21.362s][debug][gc,phases      ] GC(5)     Dead                           Min: 0, Avg:  0.5, Max: 2, Diff: 2, Sum: 2, Workers: 4
[21.362s][debug][gc,phases      ] GC(5)     Total                          Min: 0, Avg:  6.8, Max: 27, Diff: 27, Sum: 27, Workers: 4
[21.362s][debug][gc,phases      ] GC(5)   JVMTI Tag Weak OopStorage      Min:  0.0, Avg:  0.0, Max:  0.0, Diff:  0.0, Sum:  0.0, Workers: 4
[21.362s][debug][gc,phases      ] GC(5)     Dead                           Min: 0, Avg:  0.0, Max: 0, Diff: 0, Sum: 0, Workers: 4
[21.362s][debug][gc,phases      ] GC(5)     Total                          Min: 0, Avg:  0.0, Max: 0, Diff: 0, Sum: 0, Workers: 4
[21.362s][debug][gc,phases      ] GC(5)   StringTable Weak               Min:  0.0, Avg:  0.1, Max:  0.3, Diff:  0.3, Sum:  0.6, Workers: 4
[21.362s][debug][gc,phases      ] GC(5)     Dead                           Min: 0, Avg:  2.2, Max: 9, Diff: 9, Sum: 9, Workers: 4
[21.362s][debug][gc,phases      ] GC(5)     Total                          Min: 0, Avg: 9256.2, Max: 20928, Diff: 20928, Sum: 37025, Workers: 4
[21.362s][debug][gc,phases      ] GC(5)   ResolvedMethodTable Weak       Min:  0.0, Avg:  0.0, Max:  0.0, Diff:  0.0, Sum:  0.1, Workers: 4
[21.362s][debug][gc,phases      ] GC(5)     Dead                           Min: 0, Avg: 17.8, Max: 42, Diff: 42, Sum: 71, Workers: 4
[21.362s][debug][gc,phases      ] GC(5)     Total                          Min: 0, Avg: 1749.0, Max: 3540, Diff: 3540, Sum: 6996, Workers: 4
[21.362s][debug][gc,phases      ] GC(5)   JNI Weak                       Min:  0.0, Avg:  0.0, Max:  0.0, Diff:  0.0, Sum:  0.0, Workers: 4
[21.362s][debug][gc,phases      ] GC(5)     Dead                           Min: 0, Avg:  0.0, Max: 0, Diff: 0, Sum: 0, Workers: 4
[21.362s][debug][gc,phases      ] GC(5)     Total                          Min: 0, Avg: 19.0, Max: 46, Diff: 46, Sum: 76, Workers: 4
[21.362s][debug][gc,phases      ] GC(5)   StringDedup Table Weak         Min:  0.0, Avg:  0.0, Max:  0.0, Diff:  0.0, Sum:  0.0, Workers: 4
[21.362s][debug][gc,phases      ] GC(5)     Dead                           Min: 0, Avg:  0.0, Max: 0, Diff: 0, Sum: 0, Workers: 4
[21.362s][debug][gc,phases      ] GC(5)     Total                          Min: 0, Avg:  0.0, Max: 0, Diff: 0, Sum: 0, Workers: 4
[21.362s][debug][gc,phases      ] GC(5)   StringDedup Requests0 Weak     Min:  0.0, Avg:  0.0, Max:  0.0, Diff:  0.0, Sum:  0.0, Workers: 4
[21.362s][debug][gc,phases      ] GC(5)     Dead                           Min: 0, Avg:  0.0, Max: 0, Diff: 0, Sum: 0, Workers: 4
[21.362s][debug][gc,phases      ] GC(5)     Total                          Min: 0, Avg:  0.0, Max: 0, Diff: 0, Sum: 0, Workers: 4
[21.362s][debug][gc,phases      ] GC(5)   StringDedup Requests1 Weak     Min:  0.0, Avg:  0.0, Max:  0.0, Diff:  0.0, Sum:  0.0, Workers: 4
[21.362s][debug][gc,phases      ] GC(5)     Dead                           Min: 0, Avg:  0.0, Max: 0, Diff: 0, Sum: 0, Workers: 4
[21.362s][debug][gc,phases      ] GC(5)     Total                          Min: 0, Avg:  0.0, Max: 0, Diff: 0, Sum: 0, Workers: 4
[21.362s][debug][gc,phases      ] GC(5)   Weak JFR Old Object Samples    Min:  0.0, Avg:  0.0, Max:  0.0, Diff:  0.0, Sum:  0.0, Workers: 4
[21.362s][debug][gc,phases      ] GC(5)     Dead                           Min: 0, Avg:  0.0, Max: 0, Diff: 0, Sum: 0, Workers: 4
[21.362s][debug][gc,phases      ] GC(5)     Total                          Min: 0, Avg:  0.0, Max: 0, Diff: 0, Sum: 0, Workers: 4
[21.362s][debug][gc,phases      ] GC(5) Weak Processing 0.555ms
[21.363s][debug][gc,phases      ] GC(5) ClassLoaderData 0.231ms
[21.363s][debug][gc,phases      ] GC(5) Trigger cleanups 0.006ms
[21.381s][debug][gc,phases      ] GC(5) Class Unloading 18.649ms
[21.381s][info ][gc,phases      ] GC(5) Marking Phase 506.866ms
[21.381s][info ][gc,phases,start] GC(5) Summary Phase
[21.381s][info ][gc,phases      ] GC(5) Summary Phase 0.023ms
[21.381s][info ][gc,phases,start] GC(5) Adjust Roots
[21.391s][info ][gc,phases      ] GC(5) Adjust Roots 9.697ms
[21.391s][info ][gc,phases,start] GC(5) Compaction Phase
[22.470s][info ][gc,phases      ] GC(5) Compaction Phase 1079.154ms
[22.470s][info ][gc,phases,start] GC(5) Post Compact
[22.473s][info ][gc,phases      ] GC(5) Post Compact 2.698ms
[22.473s][info ][gc,heap        ] GC(5) PSYoungGen: 1048576K(1572864K)->649142K(1572864K) Eden: 1048576K(1048576K)->649142K(1048576K) From: 0K(524288K)->0K(524288K)
[22.473s][info ][gc,heap        ] GC(5) ParOldGen: 6126K(6144K)->6121K(18944K)
[22.473s][info ][gc,metaspace   ] GC(5) Metaspace: 62840K(63616K)->62839K(63616K) NonClass: 53464K(53888K)->53463K(53888K) Class: 9376K(9728K)->9375K(9728K)
[22.473s][info ][gc             ] GC(5) Pause Full (Ergonomics) 1029M->639M(1554M) 1598.608ms
[22.473s][info ][gc,cpu         ] GC(5) User=3.72s Sys=0.05s Real=1.60s
[22.478s][info ][safepoint      ] Safepoint "ParallelGCFailedAllocation", Time since last: 106461180 ns, Reaching safepoint: 221301 ns, At safepoint: 1603997737 ns, Total: 1604219038 ns
[22.702s][info ][safepoint      ] Safepoint "ICBufferFull", Time since last: 223796709 ns, Reaching safepoint: 167201 ns, At safepoint: 5900 ns, Total: 173101 ns
[23.159s][info ][safepoint      ] Safepoint "ICBufferFull", Time since last: 456478956 ns, Reaching safepoint: 172301 ns, At safepoint: 7800 ns, Total: 180101 ns
[23.595s][info ][safepoint      ] Safepoint "ICBufferFull", Time since last: 436014163 ns, Reaching safepoint: 274401 ns, At safepoint: 14700 ns, Total: 289101 ns
[23.826s][info ][gc,start       ] GC(6) Pause Young (Allocation Failure)
[24.317s][debug][gc,phases      ] GC(6) Scavenge 490.952ms
[24.317s][debug][gc,ref         ] GC(6) Skipped phase 1 of Reference Processing: no references
[24.317s][debug][gc,ref         ] GC(6) ReferenceProcessor::execute queues: 4, RefProcThreadModel::Multi, marks_oops_alive: false
[24.318s][debug][gc,ref         ] GC(6) Skipped phase 3 of Reference Processing: no references
[24.318s][debug][gc,ref         ] GC(6) ReferenceProcessor::execute queues: 1, RefProcThreadModel::Single, marks_oops_alive: false
[24.318s][debug][gc,phases      ] GC(6) Reference Processing 0.684ms
[24.318s][debug][gc,phases      ] GC(6)   VM Weak                        Min:  0.0, Avg:  0.0, Max:  0.0, Diff:  0.0, Sum:  0.0, Workers: 4
[24.318s][debug][gc,phases      ] GC(6)     Dead                           Min: 0, Avg:  0.0, Max: 0, Diff: 0, Sum: 0, Workers: 4
[24.318s][debug][gc,phases      ] GC(6)     Total                          Min: 0, Avg: 156.8, Max: 320, Diff: 320, Sum: 627, Workers: 4
[24.318s][debug][gc,phases      ] GC(6)   ObjectSynchronizer Weak        Min:  0.0, Avg:  0.0, Max:  0.0, Diff:  0.0, Sum:  0.0, Workers: 4
[24.318s][debug][gc,phases      ] GC(6)     Dead                           Min: 0, Avg:  1.0, Max: 4, Diff: 4, Sum: 4, Workers: 4
[24.318s][debug][gc,phases      ] GC(6)     Total                          Min: 0, Avg:  9.2, Max: 37, Diff: 37, Sum: 37, Workers: 4
[24.318s][debug][gc,phases      ] GC(6)   JVMTI Tag Weak OopStorage      Min:  0.0, Avg:  0.0, Max:  0.0, Diff:  0.0, Sum:  0.0, Workers: 4
[24.318s][debug][gc,phases      ] GC(6)     Dead                           Min: 0, Avg:  0.0, Max: 0, Diff: 0, Sum: 0, Workers: 4
[24.318s][debug][gc,phases      ] GC(6)     Total                          Min: 0, Avg:  0.0, Max: 0, Diff: 0, Sum: 0, Workers: 4
[24.318s][debug][gc,phases      ] GC(6)   StringTable Weak               Min:  0.0, Avg:  0.2, Max:  0.4, Diff:  0.4, Sum:  0.8, Workers: 4
[24.318s][debug][gc,phases      ] GC(6)     Dead                           Min: 0, Avg:  0.8, Max: 2, Diff: 2, Sum: 3, Workers: 4
[24.318s][debug][gc,phases      ] GC(6)     Total                          Min: 0, Avg: 9322.8, Max: 19179, Diff: 19179, Sum: 37291, Workers: 4
[24.318s][debug][gc,phases      ] GC(6)   ResolvedMethodTable Weak       Min:  0.0, Avg:  0.0, Max:  0.1, Diff:  0.1, Sum:  0.2, Workers: 4
[24.318s][debug][gc,phases      ] GC(6)     Dead                           Min: 0, Avg: 10.2, Max: 30, Diff: 30, Sum: 41, Workers: 4
[24.318s][debug][gc,phases      ] GC(6)     Total                          Min: 0, Avg: 1802.8, Max: 4096, Diff: 4096, Sum: 7211, Workers: 4
[24.318s][debug][gc,phases      ] GC(6)   JNI Weak                       Min:  0.0, Avg:  0.0, Max:  0.0, Diff:  0.0, Sum:  0.0, Workers: 4
[24.318s][debug][gc,phases      ] GC(6)     Dead                           Min: 0, Avg:  0.0, Max: 0, Diff: 0, Sum: 0, Workers: 4
[24.318s][debug][gc,phases      ] GC(6)     Total                          Min: 0, Avg: 11.2, Max: 45, Diff: 45, Sum: 45, Workers: 4
[24.318s][debug][gc,phases      ] GC(6)   StringDedup Table Weak         Min:  0.0, Avg:  0.0, Max:  0.0, Diff:  0.0, Sum:  0.0, Workers: 4
[24.318s][debug][gc,phases      ] GC(6)     Dead                           Min: 0, Avg:  0.0, Max: 0, Diff: 0, Sum: 0, Workers: 4
[24.318s][debug][gc,phases      ] GC(6)     Total                          Min: 0, Avg:  0.0, Max: 0, Diff: 0, Sum: 0, Workers: 4
[24.318s][debug][gc,phases      ] GC(6)   StringDedup Requests0 Weak     Min:  0.0, Avg:  0.0, Max:  0.0, Diff:  0.0, Sum:  0.0, Workers: 4
[24.318s][debug][gc,phases      ] GC(6)     Dead                           Min: 0, Avg:  0.0, Max: 0, Diff: 0, Sum: 0, Workers: 4
[24.318s][debug][gc,phases      ] GC(6)     Total                          Min: 0, Avg:  0.0, Max: 0, Diff: 0, Sum: 0, Workers: 4
[24.318s][debug][gc,phases      ] GC(6)   StringDedup Requests1 Weak     Min:  0.0, Avg:  0.0, Max:  0.0, Diff:  0.0, Sum:  0.0, Workers: 4
[24.318s][debug][gc,phases      ] GC(6)     Dead                           Min: 0, Avg:  0.0, Max: 0, Diff: 0, Sum: 0, Workers: 4
[24.318s][debug][gc,phases      ] GC(6)     Total                          Min: 0, Avg:  0.0, Max: 0, Diff: 0, Sum: 0, Workers: 4
[24.318s][debug][gc,phases      ] GC(6)   Weak JFR Old Object Samples    Min:  0.0, Avg:  0.0, Max:  0.0, Diff:  0.0, Sum:  0.0, Workers: 4
[24.318s][debug][gc,phases      ] GC(6)     Dead                           Min: 0, Avg:  0.0, Max: 0, Diff: 0, Sum: 0, Workers: 4
[24.318s][debug][gc,phases      ] GC(6)     Total                          Min: 0, Avg:  0.0, Max: 0, Diff: 0, Sum: 0, Workers: 4
[24.318s][debug][gc,phases      ] GC(6) Weak Processing 0.701ms
[24.318s][debug][gc,age         ] GC(6) Desired survivor size 536870912 bytes, new threshold 7 (max threshold 15)
[24.318s][info ][gc,heap        ] GC(6) PSYoungGen: 1048576K(1572864K)->524272K(1572864K) Eden: 1048576K(1048576K)->0K(1048576K) From: 0K(524288K)->524272K(524288K)
[24.318s][info ][gc,heap        ] GC(6) ParOldGen: 6121K(18944K)->105029K(105472K)
[24.318s][info ][gc,metaspace   ] GC(6) Metaspace: 63969K(64768K)->63969K(64768K) NonClass: 54443K(54912K)->54443K(54912K) Class: 9525K(9856K)->9525K(9856K)
[24.318s][info ][gc             ] GC(6) Pause Young (Allocation Failure) 1029M->614M(1639M) 492.453ms
[24.318s][info ][gc,cpu         ] GC(6) User=0.99s Sys=0.23s Real=0.49s
[24.318s][debug][gc,phases      ] GC(7) Pre Compact 0.012ms
[24.318s][info ][gc,start       ] GC(7) Pause Full (Ergonomics)
[24.318s][info ][gc,phases,start] GC(7) Marking Phase
[24.633s][debug][gc,phases      ] GC(7) Par Mark 314.218ms
[24.633s][debug][gc,ref         ] GC(7) Skipped phase 1 of Reference Processing: no references
[24.633s][debug][gc,ref         ] GC(7) ReferenceProcessor::execute queues: 4, RefProcThreadModel::Multi, marks_oops_alive: false
[24.633s][debug][gc,ref         ] GC(7) Skipped phase 3 of Reference Processing: no references
[24.633s][debug][gc,ref         ] GC(7) ReferenceProcessor::execute queues: 1, RefProcThreadModel::Single, marks_oops_alive: false
[24.633s][debug][gc,phases      ] GC(7) Reference Processing 0.413ms
[24.633s][debug][gc,phases      ] GC(7)   VM Weak                        Min:  0.0, Avg:  0.0, Max:  0.0, Diff:  0.0, Sum:  0.0, Workers: 4
[24.633s][debug][gc,phases      ] GC(7)     Dead                           Min: 0, Avg:  0.0, Max: 0, Diff: 0, Sum: 0, Workers: 4
[24.633s][debug][gc,phases      ] GC(7)     Total                          Min: 0, Avg: 156.8, Max: 384, Diff: 384, Sum: 627, Workers: 4
[24.633s][debug][gc,phases      ] GC(7)   ObjectSynchronizer Weak        Min:  0.0, Avg:  0.0, Max:  0.0, Diff:  0.0, Sum:  0.0, Workers: 4
[24.633s][debug][gc,phases      ] GC(7)     Dead                           Min: 0, Avg:  0.0, Max: 0, Diff: 0, Sum: 0, Workers: 4
[24.633s][debug][gc,phases      ] GC(7)     Total                          Min: 0, Avg:  9.2, Max: 37, Diff: 37, Sum: 37, Workers: 4
[24.633s][debug][gc,phases      ] GC(7)   JVMTI Tag Weak OopStorage      Min:  0.0, Avg:  0.0, Max:  0.0, Diff:  0.0, Sum:  0.0, Workers: 4
[24.633s][debug][gc,phases      ] GC(7)     Dead                           Min: 0, Avg:  0.0, Max: 0, Diff: 0, Sum: 0, Workers: 4
[24.633s][debug][gc,phases      ] GC(7)     Total                          Min: 0, Avg:  0.0, Max: 0, Diff: 0, Sum: 0, Workers: 4
[24.633s][debug][gc,phases      ] GC(7)   StringTable Weak               Min:  0.0, Avg:  0.1, Max:  0.2, Diff:  0.2, Sum:  0.5, Workers: 4
[24.633s][debug][gc,phases      ] GC(7)     Dead                           Min: 0, Avg:  0.0, Max: 0, Diff: 0, Sum: 0, Workers: 4
[24.633s][debug][gc,phases      ] GC(7)     Total                          Min: 0, Avg: 9322.8, Max: 12672, Diff: 12672, Sum: 37291, Workers: 4
[24.633s][debug][gc,phases      ] GC(7)   ResolvedMethodTable Weak       Min:  0.0, Avg:  0.0, Max:  0.0, Diff:  0.0, Sum:  0.1, Workers: 4
[24.633s][debug][gc,phases      ] GC(7)     Dead                           Min: 0, Avg:  0.0, Max: 0, Diff: 0, Sum: 0, Workers: 4
[24.633s][debug][gc,phases      ] GC(7)     Total                          Min: 0, Avg: 1802.8, Max: 2622, Diff: 2622, Sum: 7211, Workers: 4
[24.633s][debug][gc,phases      ] GC(7)   JNI Weak                       Min:  0.0, Avg:  0.0, Max:  0.0, Diff:  0.0, Sum:  0.0, Workers: 4
[24.633s][debug][gc,phases      ] GC(7)     Dead                           Min: 0, Avg:  0.0, Max: 0, Diff: 0, Sum: 0, Workers: 4
[24.633s][debug][gc,phases      ] GC(7)     Total                          Min: 0, Avg: 11.2, Max: 45, Diff: 45, Sum: 45, Workers: 4
[24.634s][debug][gc,phases      ] GC(7)   StringDedup Table Weak         Min:  0.0, Avg:  0.0, Max:  0.0, Diff:  0.0, Sum:  0.0, Workers: 4
[24.634s][debug][gc,phases      ] GC(7)     Dead                           Min: 0, Avg:  0.0, Max: 0, Diff: 0, Sum: 0, Workers: 4
[24.634s][debug][gc,phases      ] GC(7)     Total                          Min: 0, Avg:  0.0, Max: 0, Diff: 0, Sum: 0, Workers: 4
[24.634s][debug][gc,phases      ] GC(7)   StringDedup Requests0 Weak     Min:  0.0, Avg:  0.0, Max:  0.0, Diff:  0.0, Sum:  0.0, Workers: 4
[24.634s][debug][gc,phases      ] GC(7)     Dead                           Min: 0, Avg:  0.0, Max: 0, Diff: 0, Sum: 0, Workers: 4
[24.634s][debug][gc,phases      ] GC(7)     Total                          Min: 0, Avg:  0.0, Max: 0, Diff: 0, Sum: 0, Workers: 4
[24.634s][debug][gc,phases      ] GC(7)   StringDedup Requests1 Weak     Min:  0.0, Avg:  0.0, Max:  0.0, Diff:  0.0, Sum:  0.0, Workers: 4
[24.634s][debug][gc,phases      ] GC(7)     Dead                           Min: 0, Avg:  0.0, Max: 0, Diff: 0, Sum: 0, Workers: 4
[24.634s][debug][gc,phases      ] GC(7)     Total                          Min: 0, Avg:  0.0, Max: 0, Diff: 0, Sum: 0, Workers: 4
[24.634s][debug][gc,phases      ] GC(7)   Weak JFR Old Object Samples    Min:  0.0, Avg:  0.0, Max:  0.0, Diff:  0.0, Sum:  0.0, Workers: 4
[24.634s][debug][gc,phases      ] GC(7)     Dead                           Min: 0, Avg:  0.0, Max: 0, Diff: 0, Sum: 0, Workers: 4
[24.634s][debug][gc,phases      ] GC(7)     Total                          Min: 0, Avg:  0.0, Max: 0, Diff: 0, Sum: 0, Workers: 4
[24.634s][debug][gc,phases      ] GC(7) Weak Processing 0.378ms
[24.634s][debug][gc,phases      ] GC(7) ClassLoaderData 0.069ms
[24.634s][debug][gc,phases      ] GC(7) Trigger cleanups 0.000ms
[24.643s][debug][gc,phases      ] GC(7) Class Unloading 9.357ms
[24.643s][info ][gc,phases      ] GC(7) Marking Phase 324.508ms
[24.643s][info ][gc,phases,start] GC(7) Summary Phase
[24.643s][info ][gc,phases      ] GC(7) Summary Phase 0.019ms
[24.643s][info ][gc,phases,start] GC(7) Adjust Roots
[24.655s][info ][gc,phases      ] GC(7) Adjust Roots 12.254ms
[24.655s][info ][gc,phases,start] GC(7) Compaction Phase
[25.787s][info ][gc,phases      ] GC(7) Compaction Phase 1131.332ms
[25.787s][info ][gc,phases,start] GC(7) Post Compact
[25.789s][info ][gc,phases      ] GC(7) Post Compact 2.158ms
[25.789s][info ][gc,heap        ] GC(7) PSYoungGen: 524272K(1572864K)->518767K(1572864K) Eden: 0K(1048576K)->0K(1048576K) From: 524272K(524288K)->518767K(524288K)
[25.789s][info ][gc,heap        ] GC(7) ParOldGen: 105029K(105472K)->105054K(227840K)
[25.789s][info ][gc,metaspace   ] GC(7) Metaspace: 63969K(64768K)->63969K(64768K) NonClass: 54443K(54912K)->54443K(54912K) Class: 9525K(9856K)->9525K(9856K)
[25.789s][info ][gc             ] GC(7) Pause Full (Ergonomics) 614M->609M(1758M) 1470.530ms
[25.789s][info ][gc,cpu         ] GC(7) User=4.05s Sys=0.07s Real=1.47s
[25.789s][info ][safepoint      ] Safepoint "ParallelGCFailedAllocation", Time since last: 230654039 ns, Reaching safepoint: 153700 ns, At safepoint: 1963110824 ns, Total: 1963264524 ns
[26.576s][info ][safepoint      ] Safepoint "ICBufferFull", Time since last: 786907230 ns, Reaching safepoint: 176501 ns, At safepoint: 10600 ns, Total: 187101 ns
[27.283s][info ][gc,start       ] GC(8) Pause Young (Allocation Failure)
[27.622s][debug][gc,phases      ] GC(8) Scavenge 338.583ms
[27.622s][debug][gc,ref         ] GC(8) Skipped phase 1 of Reference Processing: no references
[27.622s][debug][gc,ref         ] GC(8) ReferenceProcessor::execute queues: 4, RefProcThreadModel::Multi, marks_oops_alive: false
[27.622s][debug][gc,ref         ] GC(8) Skipped phase 3 of Reference Processing: no references
[27.622s][debug][gc,ref         ] GC(8) ReferenceProcessor::execute queues: 1, RefProcThreadModel::Single, marks_oops_alive: false
[27.622s][debug][gc,phases      ] GC(8) Reference Processing 0.560ms
[27.623s][debug][gc,phases      ] GC(8)   VM Weak                        Min:  0.0, Avg:  0.0, Max:  0.0, Diff:  0.0, Sum:  0.0, Workers: 4
[27.623s][debug][gc,phases      ] GC(8)     Dead                           Min: 0, Avg:  0.0, Max: 0, Diff: 0, Sum: 0, Workers: 4
[27.623s][debug][gc,phases      ] GC(8)     Total                          Min: 0, Avg: 156.8, Max: 435, Diff: 435, Sum: 627, Workers: 4
[27.623s][debug][gc,phases      ] GC(8)   ObjectSynchronizer Weak        Min:  0.0, Avg:  0.0, Max:  0.0, Diff:  0.0, Sum:  0.0, Workers: 4
[27.623s][debug][gc,phases      ] GC(8)     Dead                           Min: 0, Avg:  0.0, Max: 0, Diff: 0, Sum: 0, Workers: 4
[27.623s][debug][gc,phases      ] GC(8)     Total                          Min: 0, Avg:  9.2, Max: 37, Diff: 37, Sum: 37, Workers: 4
[27.623s][debug][gc,phases      ] GC(8)   JVMTI Tag Weak OopStorage      Min:  0.0, Avg:  0.0, Max:  0.0, Diff:  0.0, Sum:  0.0, Workers: 4
[27.623s][debug][gc,phases      ] GC(8)     Dead                           Min: 0, Avg:  0.0, Max: 0, Diff: 0, Sum: 0, Workers: 4
[27.623s][debug][gc,phases      ] GC(8)     Total                          Min: 0, Avg:  0.0, Max: 0, Diff: 0, Sum: 0, Workers: 4
[27.623s][debug][gc,phases      ] GC(8)   StringTable Weak               Min:  0.0, Avg:  0.3, Max:  0.4, Diff:  0.4, Sum:  1.2, Workers: 4
[27.623s][debug][gc,phases      ] GC(8)     Dead                           Min: 0, Avg:  0.5, Max: 1, Diff: 1, Sum: 2, Workers: 4
[27.623s][debug][gc,phases      ] GC(8)     Total                          Min: 0, Avg: 9346.5, Max: 18879, Diff: 18879, Sum: 37386, Workers: 4
[27.623s][debug][gc,phases      ] GC(8)   ResolvedMethodTable Weak       Min:  0.0, Avg:  0.1, Max:  0.1, Diff:  0.1, Sum:  0.3, Workers: 4
[27.623s][debug][gc,phases      ] GC(8)     Dead                           Min: 0, Avg:  0.2, Max: 1, Diff: 1, Sum: 1, Workers: 4
[27.623s][debug][gc,phases      ] GC(8)     Total                          Min: 0, Avg: 1806.5, Max: 3322, Diff: 3322, Sum: 7226, Workers: 4
[27.623s][debug][gc,phases      ] GC(8)   JNI Weak                       Min:  0.0, Avg:  0.0, Max:  0.0, Diff:  0.0, Sum:  0.0, Workers: 4
[27.623s][debug][gc,phases      ] GC(8)     Dead                           Min: 0, Avg:  0.0, Max: 0, Diff: 0, Sum: 0, Workers: 4
[27.623s][debug][gc,phases      ] GC(8)     Total                          Min: 0, Avg: 11.2, Max: 45, Diff: 45, Sum: 45, Workers: 4
[27.623s][debug][gc,phases      ] GC(8)   StringDedup Table Weak         Min:  0.0, Avg:  0.0, Max:  0.0, Diff:  0.0, Sum:  0.0, Workers: 4
[27.623s][debug][gc,phases      ] GC(8)     Dead                           Min: 0, Avg:  0.0, Max: 0, Diff: 0, Sum: 0, Workers: 4
[27.623s][debug][gc,phases      ] GC(8)     Total                          Min: 0, Avg:  0.0, Max: 0, Diff: 0, Sum: 0, Workers: 4
[27.623s][debug][gc,phases      ] GC(8)   StringDedup Requests0 Weak     Min:  0.0, Avg:  0.0, Max:  0.0, Diff:  0.0, Sum:  0.0, Workers: 4
[27.623s][debug][gc,phases      ] GC(8)     Dead                           Min: 0, Avg:  0.0, Max: 0, Diff: 0, Sum: 0, Workers: 4
[27.623s][debug][gc,phases      ] GC(8)     Total                          Min: 0, Avg:  0.0, Max: 0, Diff: 0, Sum: 0, Workers: 4
[27.623s][debug][gc,phases      ] GC(8)   StringDedup Requests1 Weak     Min:  0.0, Avg:  0.0, Max:  0.0, Diff:  0.0, Sum:  0.0, Workers: 4
[27.623s][debug][gc,phases      ] GC(8)     Dead                           Min: 0, Avg:  0.0, Max: 0, Diff: 0, Sum: 0, Workers: 4
[27.623s][debug][gc,phases      ] GC(8)     Total                          Min: 0, Avg:  0.0, Max: 0, Diff: 0, Sum: 0, Workers: 4
[27.623s][debug][gc,phases      ] GC(8)   Weak JFR Old Object Samples    Min:  0.0, Avg:  0.0, Max:  0.0, Diff:  0.0, Sum:  0.0, Workers: 4
[27.623s][debug][gc,phases      ] GC(8)     Dead                           Min: 0, Avg:  0.0, Max: 0, Diff: 0, Sum: 0, Workers: 4
[27.623s][debug][gc,phases      ] GC(8)     Total                          Min: 0, Avg:  0.0, Max: 0, Diff: 0, Sum: 0, Workers: 4
[27.623s][debug][gc,phases      ] GC(8) Weak Processing 0.671ms
[27.623s][debug][gc,age         ] GC(8) Desired survivor size 536870912 bytes, new threshold 7 (max threshold 15)
[27.623s][info ][gc,heap        ] GC(8) PSYoungGen: 1567343K(1572864K)->487639K(1572864K) Eden: 1048576K(1048576K)->0K(1048576K) From: 518767K(524288K)->487639K(524288K)
[27.623s][info ][gc,heap        ] GC(8) ParOldGen: 105054K(227840K)->105062K(227840K)
[27.623s][info ][gc,metaspace   ] GC(8) Metaspace: 64104K(64960K)->64104K(64960K) NonClass: 54563K(55040K)->54563K(55040K) Class: 9540K(9920K)->9540K(9920K)
[27.623s][info ][gc             ] GC(8) Pause Young (Allocation Failure) 1633M->578M(1758M) 339.932ms
[27.623s][info ][gc,cpu         ] GC(8) User=0.80s Sys=0.13s Real=0.34s
[27.623s][info ][safepoint      ] Safepoint "ParallelGCFailedAllocation", Time since last: 706757769 ns, Reaching safepoint: 151900 ns, At safepoint: 340006424 ns, Total: 340158324 ns
[27.969s][info ][safepoint      ] Safepoint "ICBufferFull", Time since last: 345278146 ns, Reaching safepoint: 293401 ns, At safepoint: 9800 ns, Total: 303201 ns
[28.486s][info ][safepoint      ] Safepoint "ICBufferFull", Time since last: 517387316 ns, Reaching safepoint: 248901 ns, At safepoint: 14300 ns, Total: 263201 ns
[28.907s][info ][safepoint      ] Safepoint "ICBufferFull", Time since last: 420343181 ns, Reaching safepoint: 288601 ns, At safepoint: 14800 ns, Total: 303401 ns
[29.111s][info ][safepoint      ] Safepoint "ICBufferFull", Time since last: 203315309 ns, Reaching safepoint: 382502 ns, At safepoint: 10700 ns, Total: 393202 ns
[29.344s][info ][safepoint      ] Safepoint "ICBufferFull", Time since last: 233586344 ns, Reaching safepoint: 154801 ns, At safepoint: 5400 ns, Total: 160201 ns
[29.479s][info ][safepoint      ] Safepoint "ICBufferFull", Time since last: 134199800 ns, Reaching safepoint: 194501 ns, At safepoint: 7900 ns, Total: 202401 ns
[29.697s][info ][safepoint      ] Safepoint "ICBufferFull", Time since last: 217955774 ns, Reaching safepoint: 182501 ns, At safepoint: 8700 ns, Total: 191201 ns
[29.935s][info ][safepoint      ] Safepoint "ICBufferFull", Time since last: 237542861 ns, Reaching safepoint: 177901 ns, At safepoint: 5200 ns, Total: 183101 ns
[30.167s][info ][safepoint      ] Safepoint "ICBufferFull", Time since last: 232051836 ns, Reaching safepoint: 200601 ns, At safepoint: 6900 ns, Total: 207501 ns
[30.413s][info ][gc,start       ] GC(9) Pause Young (Allocation Failure)
[30.756s][debug][gc,phases      ] GC(9) Scavenge 343.412ms
[30.756s][debug][gc,ref         ] GC(9) Skipped phase 1 of Reference Processing: no references
[30.756s][debug][gc,ref         ] GC(9) ReferenceProcessor::execute queues: 4, RefProcThreadModel::Multi, marks_oops_alive: false
[30.757s][debug][gc,ref         ] GC(9) Skipped phase 3 of Reference Processing: no references
[30.757s][debug][gc,ref         ] GC(9) ReferenceProcessor::execute queues: 1, RefProcThreadModel::Single, marks_oops_alive: false
[30.757s][debug][gc,phases      ] GC(9) Reference Processing 0.683ms
[30.758s][debug][gc,phases      ] GC(9)   VM Weak                        Min:  0.0, Avg:  0.0, Max:  0.0, Diff:  0.0, Sum:  0.0, Workers: 4
[30.758s][debug][gc,phases      ] GC(9)     Dead                           Min: 0, Avg:  0.0, Max: 0, Diff: 0, Sum: 0, Workers: 4
[30.758s][debug][gc,phases      ] GC(9)     Total                          Min: 0, Avg: 194.5, Max: 512, Diff: 512, Sum: 778, Workers: 4
[30.758s][debug][gc,phases      ] GC(9)   ObjectSynchronizer Weak        Min:  0.0, Avg:  0.0, Max:  0.0, Diff:  0.0, Sum:  0.0, Workers: 4
[30.758s][debug][gc,phases      ] GC(9)     Dead                           Min: 0, Avg:  0.0, Max: 0, Diff: 0, Sum: 0, Workers: 4
[30.758s][debug][gc,phases      ] GC(9)     Total                          Min: 0, Avg:  9.5, Max: 38, Diff: 38, Sum: 38, Workers: 4
[30.758s][debug][gc,phases      ] GC(9)   JVMTI Tag Weak OopStorage      Min:  0.0, Avg:  0.0, Max:  0.0, Diff:  0.0, Sum:  0.0, Workers: 4
[30.758s][debug][gc,phases      ] GC(9)     Dead                           Min: 0, Avg:  0.0, Max: 0, Diff: 0, Sum: 0, Workers: 4
[30.758s][debug][gc,phases      ] GC(9)     Total                          Min: 0, Avg:  0.0, Max: 0, Diff: 0, Sum: 0, Workers: 4
[30.758s][debug][gc,phases      ] GC(9)   StringTable Weak               Min:  0.0, Avg:  0.2, Max:  0.4, Diff:  0.4, Sum:  0.8, Workers: 4
[30.758s][debug][gc,phases      ] GC(9)     Dead                           Min: 0, Avg:  2.2, Max: 5, Diff: 5, Sum: 9, Workers: 4
[30.758s][debug][gc,phases      ] GC(9)     Total                          Min: 0, Avg: 9664.0, Max: 19456, Diff: 19456, Sum: 38656, Workers: 4
[30.758s][debug][gc,phases      ] GC(9)   ResolvedMethodTable Weak       Min:  0.0, Avg:  0.1, Max:  0.1, Diff:  0.1, Sum:  0.2, Workers: 4
[30.758s][debug][gc,phases      ] GC(9)     Dead                           Min: 0, Avg: 18.0, Max: 60, Diff: 60, Sum: 72, Workers: 4
[30.758s][debug][gc,phases      ] GC(9)     Total                          Min: 0, Avg: 2078.8, Max: 4219, Diff: 4219, Sum: 8315, Workers: 4
[30.758s][debug][gc,phases      ] GC(9)   JNI Weak                       Min:  0.0, Avg:  0.0, Max:  0.0, Diff:  0.0, Sum:  0.0, Workers: 4
[30.758s][debug][gc,phases      ] GC(9)     Dead                           Min: 0, Avg:  0.0, Max: 0, Diff: 0, Sum: 0, Workers: 4
[30.758s][debug][gc,phases      ] GC(9)     Total                          Min: 0, Avg: 12.8, Max: 45, Diff: 45, Sum: 51, Workers: 4
[30.758s][debug][gc,phases      ] GC(9)   StringDedup Table Weak         Min:  0.0, Avg:  0.0, Max:  0.0, Diff:  0.0, Sum:  0.0, Workers: 4
[30.758s][debug][gc,phases      ] GC(9)     Dead                           Min: 0, Avg:  0.0, Max: 0, Diff: 0, Sum: 0, Workers: 4
[30.758s][debug][gc,phases      ] GC(9)     Total                          Min: 0, Avg:  0.0, Max: 0, Diff: 0, Sum: 0, Workers: 4
[30.758s][debug][gc,phases      ] GC(9)   StringDedup Requests0 Weak     Min:  0.0, Avg:  0.0, Max:  0.0, Diff:  0.0, Sum:  0.0, Workers: 4
[30.758s][debug][gc,phases      ] GC(9)     Dead                           Min: 0, Avg:  0.0, Max: 0, Diff: 0, Sum: 0, Workers: 4
[30.758s][debug][gc,phases      ] GC(9)     Total                          Min: 0, Avg:  0.0, Max: 0, Diff: 0, Sum: 0, Workers: 4
[30.758s][debug][gc,phases      ] GC(9)   StringDedup Requests1 Weak     Min:  0.0, Avg:  0.0, Max:  0.0, Diff:  0.0, Sum:  0.0, Workers: 4
[30.758s][debug][gc,phases      ] GC(9)     Dead                           Min: 0, Avg:  0.0, Max: 0, Diff: 0, Sum: 0, Workers: 4
[30.758s][debug][gc,phases      ] GC(9)     Total                          Min: 0, Avg:  0.0, Max: 0, Diff: 0, Sum: 0, Workers: 4
[30.758s][debug][gc,phases      ] GC(9)   Weak JFR Old Object Samples    Min:  0.0, Avg:  0.0, Max:  0.0, Diff:  0.0, Sum:  0.0, Workers: 4
[30.758s][debug][gc,phases      ] GC(9)     Dead                           Min: 0, Avg:  0.0, Max: 0, Diff: 0, Sum: 0, Workers: 4
[30.758s][debug][gc,phases      ] GC(9)     Total                          Min: 0, Avg:  0.0, Max: 0, Diff: 0, Sum: 0, Workers: 4
[30.758s][debug][gc,phases      ] GC(9) Weak Processing 0.770ms
[30.758s][debug][gc,age         ] GC(9) Desired survivor size 536870912 bytes, new threshold 6 (max threshold 15)
[30.758s][info ][gc,heap        ] GC(9) PSYoungGen: 1536215K(1572864K)->524286K(1572864K) Eden: 1048576K(1048576K)->0K(1048576K) From: 487639K(524288K)->524286K(524288K)
[30.758s][info ][gc,heap        ] GC(9) ParOldGen: 105062K(227840K)->121743K(227840K)
[30.758s][info ][gc,metaspace   ] GC(9) Metaspace: 68416K(69376K)->68416K(69376K) NonClass: 58252K(58816K)->58252K(58816K) Class: 10164K(10560K)->10164K(10560K)
[30.758s][info ][gc             ] GC(9) Pause Young (Allocation Failure) 1602M->630M(1758M) 344.992ms
[30.758s][info ][gc,cpu         ] GC(9) User=0.93s Sys=0.01s Real=0.34s
[30.758s][info ][safepoint      ] Safepoint "ParallelGCFailedAllocation", Time since last: 245698697 ns, Reaching safepoint: 174301 ns, At safepoint: 345072940 ns, Total: 345247241 ns
[31.114s][info ][safepoint      ] Safepoint "ICBufferFull", Time since last: 354875383 ns, Reaching safepoint: 1066405 ns, At safepoint: 8300 ns, Total: 1074705 ns
[31.275s][info ][safepoint      ] Safepoint "ICBufferFull", Time since last: 161097918 ns, Reaching safepoint: 218701 ns, At safepoint: 2300 ns, Total: 221001 ns
[31.713s][info ][safepoint      ] Safepoint "ICBufferFull", Time since last: 434991540 ns, Reaching safepoint: 2609912 ns, At safepoint: 13300 ns, Total: 2623212 ns
[32.429s][info ][safepoint      ] Safepoint "ICBufferFull", Time since last: 713021776 ns, Reaching safepoint: 3252814 ns, At safepoint: 12601 ns, Total: 3265415 ns
[32.888s][info ][safepoint      ] Safepoint "ICBufferFull", Time since last: 453455119 ns, Reaching safepoint: 5322223 ns, At safepoint: 8000 ns, Total: 5330223 ns
[33.341s][info ][safepoint      ] Safepoint "ICBufferFull", Time since last: 450207903 ns, Reaching safepoint: 3407015 ns, At safepoint: 6600 ns, Total: 3413615 ns
[33.589s][info ][safepoint      ] Safepoint "ICBufferFull", Time since last: 246836099 ns, Reaching safepoint: 697103 ns, At safepoint: 5100 ns, Total: 702203 ns
[34.000s][info ][safepoint      ] Safepoint "ICBufferFull", Time since last: 408950418 ns, Reaching safepoint: 2381710 ns, At safepoint: 8400 ns, Total: 2390110 ns
[34.213s][info ][safepoint      ] Safepoint "ICBufferFull", Time since last: 212010442 ns, Reaching safepoint: 274602 ns, At safepoint: 8300 ns, Total: 282902 ns
[34.559s][info ][safepoint      ] Safepoint "ICBufferFull", Time since last: 345735236 ns, Reaching safepoint: 209201 ns, At safepoint: 6900 ns, Total: 216101 ns
[34.834s][info ][safepoint      ] Safepoint "ICBufferFull", Time since last: 275368323 ns, Reaching safepoint: 302102 ns, At safepoint: 8400 ns, Total: 310502 ns
[35.320s][info ][gc,start       ] GC(10) Pause Young (Allocation Failure)
[35.509s][debug][gc,phases      ] GC(10) Scavenge 188.486ms
[35.509s][debug][gc,ref         ] GC(10) Skipped phase 1 of Reference Processing: no references
[35.509s][debug][gc,ref         ] GC(10) ReferenceProcessor::execute queues: 4, RefProcThreadModel::Multi, marks_oops_alive: false
[35.509s][debug][gc,ref         ] GC(10) Skipped phase 3 of Reference Processing: no references
[35.510s][debug][gc,ref         ] GC(10) ReferenceProcessor::execute queues: 1, RefProcThreadModel::Single, marks_oops_alive: false
[35.510s][debug][gc,phases      ] GC(10) Reference Processing 0.939ms
[35.510s][debug][gc,phases      ] GC(10)   VM Weak                        Min:  0.0, Avg:  0.0, Max:  0.0, Diff:  0.0, Sum:  0.0, Workers: 4
[35.510s][debug][gc,phases      ] GC(10)     Dead                           Min: 0, Avg:  0.0, Max: 0, Diff: 0, Sum: 0, Workers: 4
[35.510s][debug][gc,phases      ] GC(10)     Total                          Min: 0, Avg: 204.8, Max: 563, Diff: 563, Sum: 819, Workers: 4
[35.510s][debug][gc,phases      ] GC(10)   ObjectSynchronizer Weak        Min:  0.0, Avg:  0.0, Max:  0.0, Diff:  0.0, Sum:  0.0, Workers: 4
[35.510s][debug][gc,phases      ] GC(10)     Dead                           Min: 0, Avg:  0.5, Max: 2, Diff: 2, Sum: 2, Workers: 4
[35.510s][debug][gc,phases      ] GC(10)     Total                          Min: 0, Avg: 10.2, Max: 41, Diff: 41, Sum: 41, Workers: 4
[35.510s][debug][gc,phases      ] GC(10)   JVMTI Tag Weak OopStorage      Min:  0.0, Avg:  0.0, Max:  0.0, Diff:  0.0, Sum:  0.0, Workers: 4
[35.510s][debug][gc,phases      ] GC(10)     Dead                           Min: 0, Avg:  0.0, Max: 0, Diff: 0, Sum: 0, Workers: 4
[35.510s][debug][gc,phases      ] GC(10)     Total                          Min: 0, Avg:  0.0, Max: 0, Diff: 0, Sum: 0, Workers: 4
[35.510s][debug][gc,phases      ] GC(10)   StringTable Weak               Min:  0.0, Avg:  0.2, Max:  0.5, Diff:  0.5, Sum:  0.9, Workers: 4
[35.510s][debug][gc,phases      ] GC(10)     Dead                           Min: 0, Avg:  1.8, Max: 5, Diff: 5, Sum: 7, Workers: 4
[35.510s][debug][gc,phases      ] GC(10)     Total                          Min: 0, Avg: 10451.5, Max: 21070, Diff: 21070, Sum: 41806, Workers: 4
[35.510s][debug][gc,phases      ] GC(10)   ResolvedMethodTable Weak       Min:  0.0, Avg:  0.1, Max:  0.1, Diff:  0.1, Sum:  0.3, Workers: 4
[35.510s][debug][gc,phases      ] GC(10)     Dead                           Min: 0, Avg: 35.8, Max: 79, Diff: 79, Sum: 143, Workers: 4
[35.510s][debug][gc,phases      ] GC(10)     Total                          Min: 0, Avg: 2231.0, Max: 4480, Diff: 4480, Sum: 8924, Workers: 4
[35.510s][debug][gc,phases      ] GC(10)   JNI Weak                       Min:  0.0, Avg:  0.0, Max:  0.0, Diff:  0.0, Sum:  0.0, Workers: 4
[35.510s][debug][gc,phases      ] GC(10)     Dead                           Min: 0, Avg:  0.0, Max: 0, Diff: 0, Sum: 0, Workers: 4
[35.510s][debug][gc,phases      ] GC(10)     Total                          Min: 0, Avg: 22.5, Max: 90, Diff: 90, Sum: 90, Workers: 4
[35.510s][debug][gc,phases      ] GC(10)   StringDedup Table Weak         Min:  0.0, Avg:  0.0, Max:  0.0, Diff:  0.0, Sum:  0.0, Workers: 4
[35.510s][debug][gc,phases      ] GC(10)     Dead                           Min: 0, Avg:  0.0, Max: 0, Diff: 0, Sum: 0, Workers: 4
[35.510s][debug][gc,phases      ] GC(10)     Total                          Min: 0, Avg:  0.0, Max: 0, Diff: 0, Sum: 0, Workers: 4
[35.510s][debug][gc,phases      ] GC(10)   StringDedup Requests0 Weak     Min:  0.0, Avg:  0.0, Max:  0.0, Diff:  0.0, Sum:  0.0, Workers: 4
[35.510s][debug][gc,phases      ] GC(10)     Dead                           Min: 0, Avg:  0.0, Max: 0, Diff: 0, Sum: 0, Workers: 4
[35.510s][debug][gc,phases      ] GC(10)     Total                          Min: 0, Avg:  0.0, Max: 0, Diff: 0, Sum: 0, Workers: 4
[35.510s][debug][gc,phases      ] GC(10)   StringDedup Requests1 Weak     Min:  0.0, Avg:  0.0, Max:  0.0, Diff:  0.0, Sum:  0.0, Workers: 4
[35.510s][debug][gc,phases      ] GC(10)     Dead                           Min: 0, Avg:  0.0, Max: 0, Diff: 0, Sum: 0, Workers: 4
[35.510s][debug][gc,phases      ] GC(10)     Total                          Min: 0, Avg:  0.0, Max: 0, Diff: 0, Sum: 0, Workers: 4
[35.510s][debug][gc,phases      ] GC(10)   Weak JFR Old Object Samples    Min:  0.0, Avg:  0.0, Max:  0.0, Diff:  0.0, Sum:  0.0, Workers: 4
[35.510s][debug][gc,phases      ] GC(10)     Dead                           Min: 0, Avg:  0.0, Max: 0, Diff: 0, Sum: 0, Workers: 4
[35.510s][debug][gc,phases      ] GC(10)     Total                          Min: 0, Avg:  0.0, Max: 0, Diff: 0, Sum: 0, Workers: 4
[35.510s][debug][gc,phases      ] GC(10) Weak Processing 0.891ms
[35.511s][debug][gc,age         ] GC(10) Desired survivor size 536870912 bytes, new threshold 5 (max threshold 15)
[35.511s][info ][gc,heap        ] GC(10) PSYoungGen: 1572862K(1572864K)->350159K(1572864K) Eden: 1048576K(1048576K)->0K(1048576K) From: 524286K(524288K)->350159K(524288K)
[35.511s][info ][gc,heap        ] GC(10) ParOldGen: 121743K(227840K)->121751K(227840K)
[35.511s][info ][gc,metaspace   ] GC(10) Metaspace: 77897K(78912K)->77897K(78912K) NonClass: 66540K(67136K)->66540K(67136K) Class: 11357K(11776K)->11357K(11776K)
[35.511s][info ][gc             ] GC(10) Pause Young (Allocation Failure) 1654M->460M(1758M) 190.467ms
[35.511s][info ][gc,cpu         ] GC(10) User=0.47s Sys=0.00s Real=0.19s
[35.511s][info ][safepoint      ] Safepoint "ParallelGCFailedAllocation", Time since last: 485524854 ns, Reaching safepoint: 330102 ns, At safepoint: 190563945 ns, Total: 190894047 ns
[35.948s][info ][safepoint      ] Safepoint "ICBufferFull", Time since last: 437080039 ns, Reaching safepoint: 265802 ns, At safepoint: 5600 ns, Total: 271402 ns
[36.481s][info ][safepoint      ] Safepoint "ICBufferFull", Time since last: 533310564 ns, Reaching safepoint: 196000 ns, At safepoint: 3200 ns, Total: 199200 ns
[37.483s][info ][safepoint      ] Safepoint "Cleanup", Time since last: 1001291935 ns, Reaching safepoint: 297501 ns, At safepoint: 6300 ns, Total: 303801 ns
[38.483s][info ][safepoint      ] Safepoint "Cleanup", Time since last: 1000106524 ns, Reaching safepoint: 232101 ns, At safepoint: 9900 ns, Total: 242001 ns
[39.175s][info ][safepoint      ] Safepoint "ICBufferFull", Time since last: 691281755 ns, Reaching safepoint: 265201 ns, At safepoint: 10800 ns, Total: 276001 ns
[40.286s][info ][safepoint      ] Safepoint "ICBufferFull", Time since last: 1110297202 ns, Reaching safepoint: 225401 ns, At safepoint: 2500 ns, Total: 227901 ns
[40.415s][info ][gc,start       ] GC(11) Pause Young (Allocation Failure)
[40.645s][debug][gc,phases      ] GC(11) Scavenge 230.113ms
[40.645s][debug][gc,ref         ] GC(11) Skipped phase 1 of Reference Processing: no references
[40.645s][debug][gc,ref         ] GC(11) ReferenceProcessor::execute queues: 4, RefProcThreadModel::Multi, marks_oops_alive: false
[40.645s][debug][gc,ref         ] GC(11) ReferenceProcessor::execute queues: 4, RefProcThreadModel::Multi, marks_oops_alive: true
[40.645s][debug][gc,ref         ] GC(11) ReferenceProcessor::execute queues: 1, RefProcThreadModel::Single, marks_oops_alive: false
[40.645s][debug][gc,phases      ] GC(11) Reference Processing 0.501ms
[40.646s][debug][gc,phases      ] GC(11)   VM Weak                        Min:  0.0, Avg:  0.0, Max:  0.0, Diff:  0.0, Sum:  0.0, Workers: 4
[40.646s][debug][gc,phases      ] GC(11)     Dead                           Min: 0, Avg:  0.0, Max: 0, Diff: 0, Sum: 0, Workers: 4
[40.646s][debug][gc,phases      ] GC(11)     Total                          Min: 0, Avg: 205.8, Max: 512, Diff: 512, Sum: 823, Workers: 4
[40.646s][debug][gc,phases      ] GC(11)   ObjectSynchronizer Weak        Min:  0.0, Avg:  0.0, Max:  0.0, Diff:  0.0, Sum:  0.0, Workers: 4
[40.646s][debug][gc,phases      ] GC(11)     Dead                           Min: 0, Avg:  0.0, Max: 0, Diff: 0, Sum: 0, Workers: 4
[40.646s][debug][gc,phases      ] GC(11)     Total                          Min: 0, Avg: 10.5, Max: 42, Diff: 42, Sum: 42, Workers: 4
[40.646s][debug][gc,phases      ] GC(11)   JVMTI Tag Weak OopStorage      Min:  0.0, Avg:  0.0, Max:  0.0, Diff:  0.0, Sum:  0.0, Workers: 4
[40.646s][debug][gc,phases      ] GC(11)     Dead                           Min: 0, Avg:  0.0, Max: 0, Diff: 0, Sum: 0, Workers: 4
[40.646s][debug][gc,phases      ] GC(11)     Total                          Min: 0, Avg:  0.0, Max: 0, Diff: 0, Sum: 0, Workers: 4
[40.646s][debug][gc,phases      ] GC(11)   StringTable Weak               Min:  0.0, Avg:  0.2, Max:  0.3, Diff:  0.3, Sum:  0.9, Workers: 4
[40.646s][debug][gc,phases      ] GC(11)     Dead                           Min: 0, Avg:  1.0, Max: 4, Diff: 4, Sum: 4, Workers: 4
[40.646s][debug][gc,phases      ] GC(11)     Total                          Min: 0, Avg: 10500.2, Max: 14848, Diff: 14848, Sum: 42001, Workers: 4
[40.646s][debug][gc,phases      ] GC(11)   ResolvedMethodTable Weak       Min:  0.0, Avg:  0.1, Max:  0.1, Diff:  0.1, Sum:  0.3, Workers: 4
[40.646s][debug][gc,phases      ] GC(11)     Dead                           Min: 0, Avg:  4.2, Max: 17, Diff: 17, Sum: 17, Workers: 4
[40.646s][debug][gc,phases      ] GC(11)     Total                          Min: 0, Avg: 2253.0, Max: 3190, Diff: 3190, Sum: 9012, Workers: 4
[40.646s][debug][gc,phases      ] GC(11)   JNI Weak                       Min:  0.0, Avg:  0.0, Max:  0.0, Diff:  0.0, Sum:  0.0, Workers: 4
[40.646s][debug][gc,phases      ] GC(11)     Dead                           Min: 0, Avg:  0.0, Max: 0, Diff: 0, Sum: 0, Workers: 4
[40.646s][debug][gc,phases      ] GC(11)     Total                          Min: 0, Avg: 31.8, Max: 91, Diff: 91, Sum: 127, Workers: 4
[40.646s][debug][gc,phases      ] GC(11)   StringDedup Table Weak         Min:  0.0, Avg:  0.0, Max:  0.0, Diff:  0.0, Sum:  0.0, Workers: 4
[40.646s][debug][gc,phases      ] GC(11)     Dead                           Min: 0, Avg:  0.0, Max: 0, Diff: 0, Sum: 0, Workers: 4
[40.646s][debug][gc,phases      ] GC(11)     Total                          Min: 0, Avg:  0.0, Max: 0, Diff: 0, Sum: 0, Workers: 4
[40.646s][debug][gc,phases      ] GC(11)   StringDedup Requests0 Weak     Min:  0.0, Avg:  0.0, Max:  0.0, Diff:  0.0, Sum:  0.0, Workers: 4
[40.646s][debug][gc,phases      ] GC(11)     Dead                           Min: 0, Avg:  0.0, Max: 0, Diff: 0, Sum: 0, Workers: 4
[40.646s][debug][gc,phases      ] GC(11)     Total                          Min: 0, Avg:  0.0, Max: 0, Diff: 0, Sum: 0, Workers: 4
[40.646s][debug][gc,phases      ] GC(11)   StringDedup Requests1 Weak     Min:  0.0, Avg:  0.0, Max:  0.0, Diff:  0.0, Sum:  0.0, Workers: 4
[40.646s][debug][gc,phases      ] GC(11)     Dead                           Min: 0, Avg:  0.0, Max: 0, Diff: 0, Sum: 0, Workers: 4
[40.646s][debug][gc,phases      ] GC(11)     Total                          Min: 0, Avg:  0.0, Max: 0, Diff: 0, Sum: 0, Workers: 4
[40.646s][debug][gc,phases      ] GC(11)   Weak JFR Old Object Samples    Min:  0.0, Avg:  0.0, Max:  0.0, Diff:  0.0, Sum:  0.0, Workers: 4
[40.646s][debug][gc,phases      ] GC(11)     Dead                           Min: 0, Avg:  0.0, Max: 0, Diff: 0, Sum: 0, Workers: 4
[40.646s][debug][gc,phases      ] GC(11)     Total                          Min: 0, Avg:  0.0, Max: 0, Diff: 0, Sum: 0, Workers: 4
[40.646s][debug][gc,phases      ] GC(11) Weak Processing 0.720ms
[40.646s][debug][gc,age         ] GC(11) Desired survivor size 536870912 bytes, new threshold 4 (max threshold 15)
[40.646s][info ][gc,heap        ] GC(11) PSYoungGen: 1398735K(1572864K)->294085K(1572864K) Eden: 1048576K(1048576K)->0K(1048576K) From: 350159K(524288K)->294085K(524288K)
[40.646s][info ][gc,heap        ] GC(11) ParOldGen: 121751K(227840K)->197224K(227840K)
[40.646s][info ][gc,metaspace   ] GC(11) Metaspace: 78682K(79680K)->78682K(79680K) NonClass: 67275K(67840K)->67275K(67840K) Class: 11406K(11840K)->11406K(11840K)
[40.646s][info ][gc             ] GC(11) Pause Young (Allocation Failure) 1484M->479M(1758M) 231.466ms
[40.646s][info ][gc,cpu         ] GC(11) User=0.52s Sys=0.03s Real=0.23s
[40.646s][debug][gc,phases      ] GC(12) Pre Compact 0.013ms
[40.646s][info ][gc,start       ] GC(12) Pause Full (Ergonomics)
[40.646s][info ][gc,phases,start] GC(12) Marking Phase
[40.800s][debug][gc,phases      ] GC(12) Par Mark 154.023ms
[40.800s][debug][gc,ref         ] GC(12) Skipped phase 1 of Reference Processing: no references
[40.801s][debug][gc,ref         ] GC(12) ReferenceProcessor::execute queues: 4, RefProcThreadModel::Multi, marks_oops_alive: false
[40.803s][debug][gc,ref         ] GC(12) Skipped phase 3 of Reference Processing: no references
[40.803s][debug][gc,ref         ] GC(12) ReferenceProcessor::execute queues: 1, RefProcThreadModel::Single, marks_oops_alive: false
[40.803s][debug][gc,phases      ] GC(12) Reference Processing 2.579ms
[40.803s][debug][gc,phases      ] GC(12)   VM Weak                        Min:  0.0, Avg:  0.0, Max:  0.0, Diff:  0.0, Sum:  0.0, Workers: 4
[40.804s][debug][gc,phases      ] GC(12)     Dead                           Min: 0, Avg:  0.0, Max: 0, Diff: 0, Sum: 0, Workers: 4
[40.804s][debug][gc,phases      ] GC(12)     Total                          Min: 0, Avg: 205.8, Max: 823, Diff: 823, Sum: 823, Workers: 4
[40.804s][debug][gc,phases      ] GC(12)   ObjectSynchronizer Weak        Min:  0.0, Avg:  0.0, Max:  0.0, Diff:  0.0, Sum:  0.0, Workers: 4
[40.804s][debug][gc,phases      ] GC(12)     Dead                           Min: 0, Avg:  0.0, Max: 0, Diff: 0, Sum: 0, Workers: 4
[40.804s][debug][gc,phases      ] GC(12)     Total                          Min: 0, Avg: 10.5, Max: 42, Diff: 42, Sum: 42, Workers: 4
[40.804s][debug][gc,phases      ] GC(12)   JVMTI Tag Weak OopStorage      Min:  0.0, Avg:  0.0, Max:  0.0, Diff:  0.0, Sum:  0.0, Workers: 4
[40.804s][debug][gc,phases      ] GC(12)     Dead                           Min: 0, Avg:  0.0, Max: 0, Diff: 0, Sum: 0, Workers: 4
[40.804s][debug][gc,phases      ] GC(12)     Total                          Min: 0, Avg:  0.0, Max: 0, Diff: 0, Sum: 0, Workers: 4
[40.804s][debug][gc,phases      ] GC(12)   StringTable Weak               Min:  0.0, Avg:  0.1, Max:  0.3, Diff:  0.3, Sum:  0.5, Workers: 4
[40.804s][debug][gc,phases      ] GC(12)     Dead                           Min: 0, Avg:  0.0, Max: 0, Diff: 0, Sum: 0, Workers: 4
[40.804s][debug][gc,phases      ] GC(12)     Total                          Min: 0, Avg: 10500.2, Max: 26961, Diff: 26961, Sum: 42001, Workers: 4
[40.804s][debug][gc,phases      ] GC(12)   ResolvedMethodTable Weak       Min:  0.0, Avg:  0.0, Max:  0.0, Diff:  0.0, Sum:  0.1, Workers: 4
[40.804s][debug][gc,phases      ] GC(12)     Dead                           Min: 0, Avg:  0.0, Max: 0, Diff: 0, Sum: 0, Workers: 4
[40.804s][debug][gc,phases      ] GC(12)     Total                          Min: 0, Avg: 2253.0, Max: 4671, Diff: 4671, Sum: 9012, Workers: 4
[40.804s][debug][gc,phases      ] GC(12)   JNI Weak                       Min:  0.0, Avg:  0.0, Max:  0.0, Diff:  0.0, Sum:  0.0, Workers: 4
[40.804s][debug][gc,phases      ] GC(12)     Dead                           Min: 0, Avg:  0.0, Max: 0, Diff: 0, Sum: 0, Workers: 4
[40.804s][debug][gc,phases      ] GC(12)     Total                          Min: 0, Avg: 31.8, Max: 77, Diff: 77, Sum: 127, Workers: 4
[40.804s][debug][gc,phases      ] GC(12)   StringDedup Table Weak         Min:  0.0, Avg:  0.0, Max:  0.0, Diff:  0.0, Sum:  0.0, Workers: 4
[40.804s][debug][gc,phases      ] GC(12)     Dead                           Min: 0, Avg:  0.0, Max: 0, Diff: 0, Sum: 0, Workers: 4
[40.804s][debug][gc,phases      ] GC(12)     Total                          Min: 0, Avg:  0.0, Max: 0, Diff: 0, Sum: 0, Workers: 4
[40.804s][debug][gc,phases      ] GC(12)   StringDedup Requests0 Weak     Min:  0.0, Avg:  0.0, Max:  0.0, Diff:  0.0, Sum:  0.0, Workers: 4
[40.804s][debug][gc,phases      ] GC(12)     Dead                           Min: 0, Avg:  0.0, Max: 0, Diff: 0, Sum: 0, Workers: 4
[40.804s][debug][gc,phases      ] GC(12)     Total                          Min: 0, Avg:  0.0, Max: 0, Diff: 0, Sum: 0, Workers: 4
[40.804s][debug][gc,phases      ] GC(12)   StringDedup Requests1 Weak     Min:  0.0, Avg:  0.0, Max:  0.0, Diff:  0.0, Sum:  0.0, Workers: 4
[40.804s][debug][gc,phases      ] GC(12)     Dead                           Min: 0, Avg:  0.0, Max: 0, Diff: 0, Sum: 0, Workers: 4
[40.804s][debug][gc,phases      ] GC(12)     Total                          Min: 0, Avg:  0.0, Max: 0, Diff: 0, Sum: 0, Workers: 4
[40.804s][debug][gc,phases      ] GC(12)   Weak JFR Old Object Samples    Min:  0.0, Avg:  0.0, Max:  0.0, Diff:  0.0, Sum:  0.0, Workers: 4
[40.804s][debug][gc,phases      ] GC(12)     Dead                           Min: 0, Avg:  0.0, Max: 0, Diff: 0, Sum: 0, Workers: 4
[40.804s][debug][gc,phases      ] GC(12)     Total                          Min: 0, Avg:  0.0, Max: 0, Diff: 0, Sum: 0, Workers: 4
[40.804s][debug][gc,phases      ] GC(12) Weak Processing 0.611ms
[40.804s][debug][gc,phases      ] GC(12) ClassLoaderData 0.088ms
[40.804s][debug][gc,phases      ] GC(12) Trigger cleanups 0.000ms
[40.821s][debug][gc,phases      ] GC(12) Class Unloading 16.942ms
[40.821s][info ][gc,phases      ] GC(12) Marking Phase 174.316ms
[40.821s][info ][gc,phases,start] GC(12) Summary Phase
[40.821s][info ][gc,phases      ] GC(12) Summary Phase 0.031ms
[40.821s][info ][gc,phases,start] GC(12) Adjust Roots
[40.845s][info ][gc,phases      ] GC(12) Adjust Roots 24.321ms
[40.845s][info ][gc,phases,start] GC(12) Compaction Phase
[41.425s][info ][gc,phases      ] GC(12) Compaction Phase 579.985ms
[41.425s][info ][gc,phases,start] GC(12) Post Compact
[41.428s][info ][gc,phases      ] GC(12) Post Compact 2.536ms
[41.428s][info ][gc,heap        ] GC(12) PSYoungGen: 294085K(1572864K)->180358K(1572864K) Eden: 0K(1048576K)->0K(1048576K) From: 294085K(524288K)->180358K(524288K)
[41.428s][info ][gc,heap        ] GC(12) ParOldGen: 197224K(227840K)->227427K(361472K)
[41.428s][info ][gc,metaspace   ] GC(12) Metaspace: 78682K(79680K)->78682K(79680K) NonClass: 67275K(67840K)->67275K(67840K) Class: 11406K(11840K)->11406K(11840K)
[41.428s][info ][gc             ] GC(12) Pause Full (Ergonomics) 479M->398M(1889M) 781.501ms
[41.428s][info ][gc,cpu         ] GC(12) User=2.05s Sys=0.00s Real=0.78s
[41.428s][info ][safepoint      ] Safepoint "ParallelGCFailedAllocation", Time since last: 129013769 ns, Reaching safepoint: 247601 ns, At safepoint: 1013101565 ns, Total: 1013349166 ns
[41.704s][info ][safepoint      ] Safepoint "ICBufferFull", Time since last: 273987108 ns, Reaching safepoint: 2569111 ns, At safepoint: 13500 ns, Total: 2582611 ns
[42.627s][info ][safepoint      ] Safepoint "ICBufferFull", Time since last: 921958458 ns, Reaching safepoint: 187001 ns, At safepoint: 5400 ns, Total: 192401 ns
[43.657s][info ][safepoint      ] Safepoint "Cleanup", Time since last: 1030462830 ns, Reaching safepoint: 197501 ns, At safepoint: 4300 ns, Total: 201801 ns
[44.664s][info ][safepoint      ] Safepoint "Cleanup", Time since last: 1003433706 ns, Reaching safepoint: 3207314 ns, At safepoint: 12400 ns, Total: 3219714 ns
[45.482s][info ][safepoint      ] Safepoint "ICBufferFull", Time since last: 817798786 ns, Reaching safepoint: 205201 ns, At safepoint: 6600 ns, Total: 211801 ns
[46.483s][info ][safepoint      ] Safepoint "Cleanup", Time since last: 1000204982 ns, Reaching safepoint: 493003 ns, At safepoint: 13200 ns, Total: 506203 ns
[47.153s][info ][safepoint      ] Safepoint "ICBufferFull", Time since last: 670059232 ns, Reaching safepoint: 580103 ns, At safepoint: 7600 ns, Total: 587703 ns
[47.758s][info ][gc,start       ] GC(13) Pause Young (Allocation Failure)
[47.881s][debug][gc,phases      ] GC(13) Scavenge 122.999ms
[47.881s][debug][gc,ref         ] GC(13) Skipped phase 1 of Reference Processing: no references
[47.881s][debug][gc,ref         ] GC(13) ReferenceProcessor::execute queues: 1, RefProcThreadModel::Single, marks_oops_alive: false
[47.881s][debug][gc,ref         ] GC(13) Skipped phase 3 of Reference Processing: no references
[47.881s][debug][gc,ref         ] GC(13) ReferenceProcessor::execute queues: 1, RefProcThreadModel::Single, marks_oops_alive: false
[47.881s][debug][gc,phases      ] GC(13) Reference Processing 0.131ms
[47.882s][debug][gc,phases      ] GC(13)   VM Weak                        Min:  0.0, Avg:  0.0, Max:  0.0, Diff:  0.0, Sum:  0.0, Workers: 4
[47.882s][debug][gc,phases      ] GC(13)     Dead                           Min: 0, Avg:  0.0, Max: 0, Diff: 0, Sum: 0, Workers: 4
[47.882s][debug][gc,phases      ] GC(13)     Total                          Min: 0, Avg: 207.5, Max: 830, Diff: 830, Sum: 830, Workers: 4
[47.882s][debug][gc,phases      ] GC(13)   ObjectSynchronizer Weak        Min:  0.0, Avg:  0.0, Max:  0.0, Diff:  0.0, Sum:  0.0, Workers: 4
[47.882s][debug][gc,phases      ] GC(13)     Dead                           Min: 0, Avg:  0.0, Max: 0, Diff: 0, Sum: 0, Workers: 4
[47.882s][debug][gc,phases      ] GC(13)     Total                          Min: 0, Avg: 10.5, Max: 42, Diff: 42, Sum: 42, Workers: 4
[47.882s][debug][gc,phases      ] GC(13)   JVMTI Tag Weak OopStorage      Min:  0.0, Avg:  0.0, Max:  0.0, Diff:  0.0, Sum:  0.0, Workers: 4
[47.882s][debug][gc,phases      ] GC(13)     Dead                           Min: 0, Avg:  0.0, Max: 0, Diff: 0, Sum: 0, Workers: 4
[47.882s][debug][gc,phases      ] GC(13)     Total                          Min: 0, Avg:  0.0, Max: 0, Diff: 0, Sum: 0, Workers: 4
[47.882s][debug][gc,phases      ] GC(13)   StringTable Weak               Min:  0.0, Avg:  0.1, Max:  0.6, Diff:  0.6, Sum:  0.6, Workers: 4
[47.882s][debug][gc,phases      ] GC(13)     Dead                           Min: 0, Avg:  0.8, Max: 3, Diff: 3, Sum: 3, Workers: 4
[47.882s][debug][gc,phases      ] GC(13)     Total                          Min: 0, Avg: 10574.2, Max: 42297, Diff: 42297, Sum: 42297, Workers: 4
[47.882s][debug][gc,phases      ] GC(13)   ResolvedMethodTable Weak       Min:  0.0, Avg:  0.1, Max:  0.2, Diff:  0.2, Sum:  0.2, Workers: 4
[47.882s][debug][gc,phases      ] GC(13)     Dead                           Min: 0, Avg:  0.0, Max: 0, Diff: 0, Sum: 0, Workers: 4
[47.882s][debug][gc,phases      ] GC(13)     Total                          Min: 0, Avg: 2297.2, Max: 9189, Diff: 9189, Sum: 9189, Workers: 4
[47.882s][debug][gc,phases      ] GC(13)   JNI Weak                       Min:  0.0, Avg:  0.0, Max:  0.0, Diff:  0.0, Sum:  0.0, Workers: 4
[47.882s][debug][gc,phases      ] GC(13)     Dead                           Min: 0, Avg:  0.0, Max: 0, Diff: 0, Sum: 0, Workers: 4
[47.882s][debug][gc,phases      ] GC(13)     Total                          Min: 0, Avg: 21.8, Max: 87, Diff: 87, Sum: 87, Workers: 4
[47.882s][debug][gc,phases      ] GC(13)   StringDedup Table Weak         Min:  0.0, Avg:  0.0, Max:  0.0, Diff:  0.0, Sum:  0.0, Workers: 4
[47.882s][debug][gc,phases      ] GC(13)     Dead                           Min: 0, Avg:  0.0, Max: 0, Diff: 0, Sum: 0, Workers: 4
[47.882s][debug][gc,phases      ] GC(13)     Total                          Min: 0, Avg:  0.0, Max: 0, Diff: 0, Sum: 0, Workers: 4
[47.882s][debug][gc,phases      ] GC(13)   StringDedup Requests0 Weak     Min:  0.0, Avg:  0.0, Max:  0.0, Diff:  0.0, Sum:  0.0, Workers: 4
[47.882s][debug][gc,phases      ] GC(13)     Dead                           Min: 0, Avg:  0.0, Max: 0, Diff: 0, Sum: 0, Workers: 4
[47.882s][debug][gc,phases      ] GC(13)     Total                          Min: 0, Avg:  0.0, Max: 0, Diff: 0, Sum: 0, Workers: 4
[47.882s][debug][gc,phases      ] GC(13)   StringDedup Requests1 Weak     Min:  0.0, Avg:  0.0, Max:  0.0, Diff:  0.0, Sum:  0.0, Workers: 4
[47.882s][debug][gc,phases      ] GC(13)     Dead                           Min: 0, Avg:  0.0, Max: 0, Diff: 0, Sum: 0, Workers: 4
[47.882s][debug][gc,phases      ] GC(13)     Total                          Min: 0, Avg:  0.0, Max: 0, Diff: 0, Sum: 0, Workers: 4
[47.882s][debug][gc,phases      ] GC(13)   Weak JFR Old Object Samples    Min:  0.0, Avg:  0.0, Max:  0.0, Diff:  0.0, Sum:  0.0, Workers: 4
[47.882s][debug][gc,phases      ] GC(13)     Dead                           Min: 0, Avg:  0.0, Max: 0, Diff: 0, Sum: 0, Workers: 4
[47.882s][debug][gc,phases      ] GC(13)     Total                          Min: 0, Avg:  0.0, Max: 0, Diff: 0, Sum: 0, Workers: 4
[47.882s][debug][gc,phases      ] GC(13) Weak Processing 1.052ms
[47.882s][debug][gc,age         ] GC(13) Desired survivor size 536870912 bytes, new threshold 3 (max threshold 15)
[47.882s][info ][gc,heap        ] GC(13) PSYoungGen: 1228934K(1572864K)->119466K(1572864K) Eden: 1048576K(1048576K)->0K(1048576K) From: 180358K(524288K)->119466K(524288K)
[47.882s][info ][gc,heap        ] GC(13) ParOldGen: 227427K(361472K)->296870K(361472K)
[47.882s][info ][gc,metaspace   ] GC(13) Metaspace: 79480K(80512K)->79480K(80512K) NonClass: 67978K(68544K)->67978K(68544K) Class: 11501K(11968K)->11501K(11968K)
[47.882s][info ][gc             ] GC(13) Pause Young (Allocation Failure) 1422M->406M(1889M) 124.314ms
[47.882s][info ][gc,cpu         ] GC(13) User=0.29s Sys=0.01s Real=0.13s
[47.882s][debug][gc,phases      ] GC(14) Pre Compact 0.014ms
[47.882s][info ][gc,start       ] GC(14) Pause Full (Ergonomics)
[47.882s][info ][gc,phases,start] GC(14) Marking Phase
[48.113s][debug][gc,phases      ] GC(14) Par Mark 230.417ms
[48.113s][debug][gc,ref         ] GC(14) Skipped phase 1 of Reference Processing: no references
[48.113s][debug][gc,ref         ] GC(14) ReferenceProcessor::execute queues: 4, RefProcThreadModel::Multi, marks_oops_alive: false
[48.121s][debug][gc,ref         ] GC(14) ReferenceProcessor::execute queues: 4, RefProcThreadModel::Multi, marks_oops_alive: true
[48.129s][debug][gc,ref         ] GC(14) ReferenceProcessor::execute queues: 1, RefProcThreadModel::Single, marks_oops_alive: false
[48.129s][debug][gc,phases      ] GC(14) Reference Processing 15.996ms
[48.129s][debug][gc,phases      ] GC(14)   VM Weak                        Min:  0.0, Avg:  0.0, Max:  0.0, Diff:  0.0, Sum:  0.0, Workers: 4
[48.129s][debug][gc,phases      ] GC(14)     Dead                           Min: 0, Avg:  0.0, Max: 0, Diff: 0, Sum: 0, Workers: 4
[48.129s][debug][gc,phases      ] GC(14)     Total                          Min: 0, Avg: 207.5, Max: 830, Diff: 830, Sum: 830, Workers: 4
[48.129s][debug][gc,phases      ] GC(14)   ObjectSynchronizer Weak        Min:  0.0, Avg:  0.0, Max:  0.0, Diff:  0.0, Sum:  0.0, Workers: 4
[48.129s][debug][gc,phases      ] GC(14)     Dead                           Min: 0, Avg:  0.0, Max: 0, Diff: 0, Sum: 0, Workers: 4
[48.129s][debug][gc,phases      ] GC(14)     Total                          Min: 0, Avg: 10.5, Max: 42, Diff: 42, Sum: 42, Workers: 4
[48.130s][debug][gc,phases      ] GC(14)   JVMTI Tag Weak OopStorage      Min:  0.0, Avg:  0.0, Max:  0.0, Diff:  0.0, Sum:  0.0, Workers: 4
[48.130s][debug][gc,phases      ] GC(14)     Dead                           Min: 0, Avg:  0.0, Max: 0, Diff: 0, Sum: 0, Workers: 4
[48.130s][debug][gc,phases      ] GC(14)     Total                          Min: 0, Avg:  0.0, Max: 0, Diff: 0, Sum: 0, Workers: 4
[48.130s][debug][gc,phases      ] GC(14)   StringTable Weak               Min:  0.0, Avg:  0.1, Max:  0.6, Diff:  0.6, Sum:  0.6, Workers: 4
[48.130s][debug][gc,phases      ] GC(14)     Dead                           Min: 0, Avg:  0.0, Max: 0, Diff: 0, Sum: 0, Workers: 4
[48.130s][debug][gc,phases      ] GC(14)     Total                          Min: 0, Avg: 10574.2, Max: 42297, Diff: 42297, Sum: 42297, Workers: 4
[48.130s][debug][gc,phases      ] GC(14)   ResolvedMethodTable Weak       Min:  0.0, Avg:  0.0, Max:  0.1, Diff:  0.1, Sum:  0.1, Workers: 4
[48.130s][debug][gc,phases      ] GC(14)     Dead                           Min: 0, Avg:  0.0, Max: 0, Diff: 0, Sum: 0, Workers: 4
[48.130s][debug][gc,phases      ] GC(14)     Total                          Min: 0, Avg: 2297.2, Max: 9189, Diff: 9189, Sum: 9189, Workers: 4
[48.130s][debug][gc,phases      ] GC(14)   JNI Weak                       Min:  0.0, Avg:  0.0, Max:  0.0, Diff:  0.0, Sum:  0.0, Workers: 4
[48.130s][debug][gc,phases      ] GC(14)     Dead                           Min: 0, Avg:  0.0, Max: 0, Diff: 0, Sum: 0, Workers: 4
[48.130s][debug][gc,phases      ] GC(14)     Total                          Min: 0, Avg: 21.8, Max: 87, Diff: 87, Sum: 87, Workers: 4
[48.130s][debug][gc,phases      ] GC(14)   StringDedup Table Weak         Min:  0.0, Avg:  0.0, Max:  0.0, Diff:  0.0, Sum:  0.0, Workers: 4
[48.130s][debug][gc,phases      ] GC(14)     Dead                           Min: 0, Avg:  0.0, Max: 0, Diff: 0, Sum: 0, Workers: 4
[48.130s][debug][gc,phases      ] GC(14)     Total                          Min: 0, Avg:  0.0, Max: 0, Diff: 0, Sum: 0, Workers: 4
[48.130s][debug][gc,phases      ] GC(14)   StringDedup Requests0 Weak     Min:  0.0, Avg:  0.0, Max:  0.0, Diff:  0.0, Sum:  0.0, Workers: 4
[48.130s][debug][gc,phases      ] GC(14)     Dead                           Min: 0, Avg:  0.0, Max: 0, Diff: 0, Sum: 0, Workers: 4
[48.130s][debug][gc,phases      ] GC(14)     Total                          Min: 0, Avg:  0.0, Max: 0, Diff: 0, Sum: 0, Workers: 4
[48.130s][debug][gc,phases      ] GC(14)   StringDedup Requests1 Weak     Min:  0.0, Avg:  0.0, Max:  0.0, Diff:  0.0, Sum:  0.0, Workers: 4
[48.130s][debug][gc,phases      ] GC(14)     Dead                           Min: 0, Avg:  0.0, Max: 0, Diff: 0, Sum: 0, Workers: 4
[48.130s][debug][gc,phases      ] GC(14)     Total                          Min: 0, Avg:  0.0, Max: 0, Diff: 0, Sum: 0, Workers: 4
[48.130s][debug][gc,phases      ] GC(14)   Weak JFR Old Object Samples    Min:  0.0, Avg:  0.0, Max:  0.0, Diff:  0.0, Sum:  0.0, Workers: 4
[48.130s][debug][gc,phases      ] GC(14)     Dead                           Min: 0, Avg:  0.0, Max: 0, Diff: 0, Sum: 0, Workers: 4
[48.130s][debug][gc,phases      ] GC(14)     Total                          Min: 0, Avg:  0.0, Max: 0, Diff: 0, Sum: 0, Workers: 4
[48.130s][debug][gc,phases      ] GC(14) Weak Processing 0.893ms
[48.130s][debug][gc,phases      ] GC(14) ClassLoaderData 0.094ms
[48.130s][debug][gc,phases      ] GC(14) Trigger cleanups 0.000ms
[48.148s][debug][gc,phases      ] GC(14) Class Unloading 18.233ms
[48.148s][info ][gc,phases      ] GC(14) Marking Phase 265.741ms
[48.148s][info ][gc,phases,start] GC(14) Summary Phase
[48.148s][info ][gc,phases      ] GC(14) Summary Phase 0.024ms
[48.148s][info ][gc,phases,start] GC(14) Adjust Roots
[48.173s][info ][gc,phases      ] GC(14) Adjust Roots 24.589ms
[48.173s][info ][gc,phases,start] GC(14) Compaction Phase
[48.537s][info ][gc,phases      ] GC(14) Compaction Phase 364.695ms
[48.537s][info ][gc,phases,start] GC(14) Post Compact
[48.539s][info ][gc,phases      ] GC(14) Post Compact 1.325ms
[48.539s][info ][gc,heap        ] GC(14) PSYoungGen: 119466K(1572864K)->46791K(1572864K) Eden: 0K(1048576K)->0K(1048576K) From: 119466K(524288K)->46791K(524288K)
[48.539s][info ][gc,heap        ] GC(14) ParOldGen: 296870K(361472K)->361323K(524800K)
[48.539s][info ][gc,metaspace   ] GC(14) Metaspace: 79480K(80512K)->79480K(80512K) NonClass: 67978K(68544K)->67978K(68544K) Class: 11501K(11968K)->11501K(11968K)
[48.539s][info ][gc             ] GC(14) Pause Full (Ergonomics) 406M->398M(2048M) 656.747ms
[48.539s][info ][gc,cpu         ] GC(14) User=1.20s Sys=0.02s Real=0.65s
[48.539s][info ][safepoint      ] Safepoint "ParallelGCFailedAllocation", Time since last: 604366744 ns, Reaching safepoint: 130400 ns, At safepoint: 781205714 ns, Total: 781336114 ns
[49.545s][info ][safepoint      ] Safepoint "Cleanup", Time since last: 1005708290 ns, Reaching safepoint: 202201 ns, At safepoint: 12700 ns, Total: 214901 ns
[50.549s][info ][safepoint      ] Safepoint "Cleanup", Time since last: 1003787876 ns, Reaching safepoint: 312002 ns, At safepoint: 9600 ns, Total: 321602 ns
[52.005s][info ][safepoint      ] Safepoint "ICBufferFull", Time since last: 1451575919 ns, Reaching safepoint: 4100818 ns, At safepoint: 10600 ns, Total: 4111418 ns
[52.513s][info ][safepoint      ] Safepoint "ICBufferFull", Time since last: 498383967 ns, Reaching safepoint: 9599742 ns, At safepoint: 15400 ns, Total: 9615142 ns
[53.513s][info ][safepoint      ] Safepoint "Cleanup", Time since last: 1000395347 ns, Reaching safepoint: 228601 ns, At safepoint: 4600 ns, Total: 233201 ns
[54.555s][info ][safepoint      ] Safepoint "ICBufferFull", Time since last: 1041017117 ns, Reaching safepoint: 285401 ns, At safepoint: 6800 ns, Total: 292201 ns
[55.556s][info ][safepoint      ] Safepoint "Cleanup", Time since last: 1000998539 ns, Reaching safepoint: 232301 ns, At safepoint: 8600 ns, Total: 240901 ns
[56.556s][info ][safepoint      ] Safepoint "Cleanup", Time since last: 1000106329 ns, Reaching safepoint: 208801 ns, At safepoint: 7900 ns, Total: 216701 ns
[57.301s][info ][gc,start       ] GC(15) Pause Young (Allocation Failure)
[57.363s][debug][gc,phases      ] GC(15) Scavenge 62.467ms
[57.363s][debug][gc,ref         ] GC(15) Skipped phase 1 of Reference Processing: no references
[57.363s][debug][gc,ref         ] GC(15) ReferenceProcessor::execute queues: 1, RefProcThreadModel::Single, marks_oops_alive: false
[57.363s][debug][gc,ref         ] GC(15) Skipped phase 3 of Reference Processing: no references
[57.363s][debug][gc,ref         ] GC(15) ReferenceProcessor::execute queues: 1, RefProcThreadModel::Single, marks_oops_alive: false
[57.363s][debug][gc,phases      ] GC(15) Reference Processing 0.086ms
[57.364s][debug][gc,phases      ] GC(15)   VM Weak                        Min:  0.0, Avg:  0.0, Max:  0.0, Diff:  0.0, Sum:  0.0, Workers: 4
[57.364s][debug][gc,phases      ] GC(15)     Dead                           Min: 0, Avg:  0.0, Max: 0, Diff: 0, Sum: 0, Workers: 4
[57.364s][debug][gc,phases      ] GC(15)     Total                          Min: 0, Avg: 207.5, Max: 382, Diff: 382, Sum: 830, Workers: 4
[57.364s][debug][gc,phases      ] GC(15)   ObjectSynchronizer Weak        Min:  0.0, Avg:  0.0, Max:  0.0, Diff:  0.0, Sum:  0.0, Workers: 4
[57.364s][debug][gc,phases      ] GC(15)     Dead                           Min: 0, Avg:  0.0, Max: 0, Diff: 0, Sum: 0, Workers: 4
[57.364s][debug][gc,phases      ] GC(15)     Total                          Min: 0, Avg: 10.5, Max: 42, Diff: 42, Sum: 42, Workers: 4
[57.364s][debug][gc,phases      ] GC(15)   JVMTI Tag Weak OopStorage      Min:  0.0, Avg:  0.0, Max:  0.0, Diff:  0.0, Sum:  0.0, Workers: 4
[57.364s][debug][gc,phases      ] GC(15)     Dead                           Min: 0, Avg:  0.0, Max: 0, Diff: 0, Sum: 0, Workers: 4
[57.364s][debug][gc,phases      ] GC(15)     Total                          Min: 0, Avg:  0.0, Max: 0, Diff: 0, Sum: 0, Workers: 4
[57.364s][debug][gc,phases      ] GC(15)   StringTable Weak               Min:  0.0, Avg:  0.1, Max:  0.1, Diff:  0.1, Sum:  0.4, Workers: 4
[57.364s][debug][gc,phases      ] GC(15)     Dead                           Min: 0, Avg:  0.2, Max: 1, Diff: 1, Sum: 1, Workers: 4
[57.364s][debug][gc,phases      ] GC(15)     Total                          Min: 0, Avg: 10684.0, Max: 14592, Diff: 14592, Sum: 42736, Workers: 4
[57.364s][debug][gc,phases      ] GC(15)   ResolvedMethodTable Weak       Min:  0.0, Avg:  0.0, Max:  0.0, Diff:  0.0, Sum:  0.1, Workers: 4
[57.364s][debug][gc,phases      ] GC(15)     Dead                           Min: 0, Avg:  0.0, Max: 0, Diff: 0, Sum: 0, Workers: 4
[57.364s][debug][gc,phases      ] GC(15)     Total                          Min: 0, Avg: 2302.0, Max: 3968, Diff: 3968, Sum: 9208, Workers: 4
[57.364s][debug][gc,phases      ] GC(15)   JNI Weak                       Min:  0.0, Avg:  0.0, Max:  0.0, Diff:  0.0, Sum:  0.0, Workers: 4
[57.364s][debug][gc,phases      ] GC(15)     Dead                           Min: 0, Avg:  0.0, Max: 0, Diff: 0, Sum: 0, Workers: 4
[57.364s][debug][gc,phases      ] GC(15)     Total                          Min: 0, Avg: 11.2, Max: 45, Diff: 45, Sum: 45, Workers: 4
[57.364s][debug][gc,phases      ] GC(15)   StringDedup Table Weak         Min:  0.0, Avg:  0.0, Max:  0.0, Diff:  0.0, Sum:  0.0, Workers: 4
[57.364s][debug][gc,phases      ] GC(15)     Dead                           Min: 0, Avg:  0.0, Max: 0, Diff: 0, Sum: 0, Workers: 4
[57.364s][debug][gc,phases      ] GC(15)     Total                          Min: 0, Avg:  0.0, Max: 0, Diff: 0, Sum: 0, Workers: 4
[57.364s][debug][gc,phases      ] GC(15)   StringDedup Requests0 Weak     Min:  0.0, Avg:  0.0, Max:  0.0, Diff:  0.0, Sum:  0.0, Workers: 4
[57.364s][debug][gc,phases      ] GC(15)     Dead                           Min: 0, Avg:  0.0, Max: 0, Diff: 0, Sum: 0, Workers: 4
[57.364s][debug][gc,phases      ] GC(15)     Total                          Min: 0, Avg:  0.0, Max: 0, Diff: 0, Sum: 0, Workers: 4
[57.364s][debug][gc,phases      ] GC(15)   StringDedup Requests1 Weak     Min:  0.0, Avg:  0.0, Max:  0.0, Diff:  0.0, Sum:  0.0, Workers: 4
[57.364s][debug][gc,phases      ] GC(15)     Dead                           Min: 0, Avg:  0.0, Max: 0, Diff: 0, Sum: 0, Workers: 4
[57.364s][debug][gc,phases      ] GC(15)     Total                          Min: 0, Avg:  0.0, Max: 0, Diff: 0, Sum: 0, Workers: 4
[57.364s][debug][gc,phases      ] GC(15)   Weak JFR Old Object Samples    Min:  0.0, Avg:  0.0, Max:  0.0, Diff:  0.0, Sum:  0.0, Workers: 4
[57.364s][debug][gc,phases      ] GC(15)     Dead                           Min: 0, Avg:  0.0, Max: 0, Diff: 0, Sum: 0, Workers: 4
[57.364s][debug][gc,phases      ] GC(15)     Total                          Min: 0, Avg:  0.0, Max: 0, Diff: 0, Sum: 0, Workers: 4
[57.364s][debug][gc,phases      ] GC(15) Weak Processing 0.321ms
[57.364s][debug][gc,age         ] GC(15) Desired survivor size 536870912 bytes, new threshold 2 (max threshold 15)
[57.364s][info ][gc,heap        ] GC(15) PSYoungGen: 1095367K(1572864K)->5424K(1572864K) Eden: 1048576K(1048576K)->0K(1048576K) From: 46791K(524288K)->5424K(524288K)
[57.364s][info ][gc,heap        ] GC(15) ParOldGen: 361323K(524800K)->404283K(524800K)
[57.364s][info ][gc,metaspace   ] GC(15) Metaspace: 79691K(80704K)->79691K(80704K) NonClass: 68178K(68736K)->68178K(68736K) Class: 11513K(11968K)->11513K(11968K)
[57.364s][info ][gc             ] GC(15) Pause Young (Allocation Failure) 1422M->400M(2048M) 62.992ms
[57.364s][info ][gc,cpu         ] GC(15) User=0.21s Sys=0.00s Real=0.06s
[57.364s][info ][safepoint      ] Safepoint "ParallelGCFailedAllocation", Time since last: 744561320 ns, Reaching safepoint: 92300 ns, At safepoint: 63050873 ns, Total: 63143173 ns
[58.364s][info ][safepoint      ] Safepoint "Cleanup", Time since last: 1000073220 ns, Reaching safepoint: 59600 ns, At safepoint: 6500 ns, Total: 66100 ns
[59.364s][info ][safepoint      ] Safepoint "Cleanup", Time since last: 1000102715 ns, Reaching safepoint: 93400 ns, At safepoint: 7400 ns, Total: 100800 ns
[60.364s][info ][safepoint      ] Safepoint "Cleanup", Time since last: 1000101910 ns, Reaching safepoint: 118301 ns, At safepoint: 3800 ns, Total: 122101 ns
[61.365s][info ][safepoint      ] Safepoint "Cleanup", Time since last: 1000113305 ns, Reaching safepoint: 189700 ns, At safepoint: 10300 ns, Total: 200000 ns
[62.365s][info ][safepoint      ] Safepoint "Cleanup", Time since last: 1000104000 ns, Reaching safepoint: 77800 ns, At safepoint: 3900 ns, Total: 81700 ns
[63.365s][info ][safepoint      ] Safepoint "Cleanup", Time since last: 1000097795 ns, Reaching safepoint: 74400 ns, At safepoint: 3400 ns, Total: 77800 ns
[64.365s][info ][safepoint      ] Safepoint "Cleanup", Time since last: 1000112490 ns, Reaching safepoint: 159001 ns, At safepoint: 5300 ns, Total: 164301 ns
[65.370s][info ][safepoint      ] Safepoint "Cleanup", Time since last: 1000111884 ns, Reaching safepoint: 4320019 ns, At safepoint: 9600 ns, Total: 4329619 ns
[66.370s][info ][safepoint      ] Safepoint "Cleanup", Time since last: 1000104779 ns, Reaching safepoint: 46900 ns, At safepoint: 2700 ns, Total: 49600 ns
[67.371s][info ][safepoint      ] Safepoint "Cleanup", Time since last: 1000461476 ns, Reaching safepoint: 62100 ns, At safepoint: 2600 ns, Total: 64700 ns
[68.371s][info ][safepoint      ] Safepoint "Cleanup", Time since last: 1000104770 ns, Reaching safepoint: 76200 ns, At safepoint: 2700 ns, Total: 78900 ns
[69.411s][info ][safepoint      ] Safepoint "Cleanup", Time since last: 1039838434 ns, Reaching safepoint: 325701 ns, At safepoint: 6800 ns, Total: 332501 ns
[70.937s][info ][safepoint      ] Safepoint "Cleanup", Time since last: 1526240198 ns, Reaching safepoint: 144901 ns, At safepoint: 8300 ns, Total: 153201 ns
[71.938s][info ][safepoint      ] Safepoint "Cleanup", Time since last: 1000101751 ns, Reaching safepoint: 133801 ns, At safepoint: 3200 ns, Total: 137001 ns
[72.938s][info ][safepoint      ] Safepoint "Cleanup", Time since last: 1000102546 ns, Reaching safepoint: 93901 ns, At safepoint: 2100 ns, Total: 96001 ns
[73.938s][info ][safepoint      ] Safepoint "Cleanup", Time since last: 1000096641 ns, Reaching safepoint: 53400 ns, At safepoint: 4600 ns, Total: 58000 ns
[75.054s][info ][safepoint      ] Safepoint "Cleanup", Time since last: 1116197328 ns, Reaching safepoint: 153201 ns, At safepoint: 9100 ns, Total: 162301 ns
[76.054s][info ][safepoint      ] Safepoint "Cleanup", Time since last: 1000110331 ns, Reaching safepoint: 121800 ns, At safepoint: 7200 ns, Total: 129000 ns
[77.055s][info ][safepoint      ] Safepoint "Cleanup", Time since last: 1000094926 ns, Reaching safepoint: 105801 ns, At safepoint: 6100 ns, Total: 111901 ns
[78.055s][info ][safepoint      ] Safepoint "Cleanup", Time since last: 1000102521 ns, Reaching safepoint: 123601 ns, At safepoint: 5900 ns, Total: 129501 ns
[80.055s][info ][safepoint      ] Safepoint "Cleanup", Time since last: 2000171727 ns, Reaching safepoint: 128300 ns, At safepoint: 5800 ns, Total: 134100 ns
[80.956s][info ][gc,start       ] GC(16) Pause Young (Allocation Failure)
[80.961s][debug][gc,phases      ] GC(16) Scavenge 5.453ms
[80.961s][debug][gc,ref         ] GC(16) Skipped phase 1 of Reference Processing: no references
[80.961s][debug][gc,ref         ] GC(16) ReferenceProcessor::execute queues: 1, RefProcThreadModel::Single, marks_oops_alive: false
[80.961s][debug][gc,ref         ] GC(16) Skipped phase 3 of Reference Processing: no references
[80.961s][debug][gc,ref         ] GC(16) ReferenceProcessor::execute queues: 1, RefProcThreadModel::Single, marks_oops_alive: false
[80.961s][debug][gc,phases      ] GC(16) Reference Processing 0.082ms
[80.961s][debug][gc,phases      ] GC(16)   VM Weak                        Min:  0.0, Avg:  0.0, Max:  0.0, Diff:  0.0, Sum:  0.0, Workers: 4
[80.961s][debug][gc,phases      ] GC(16)     Dead                           Min: 0, Avg:  0.0, Max: 0, Diff: 0, Sum: 0, Workers: 4
[80.961s][debug][gc,phases      ] GC(16)     Total                          Min: 0, Avg: 207.5, Max: 830, Diff: 830, Sum: 830, Workers: 4
[80.961s][debug][gc,phases      ] GC(16)   ObjectSynchronizer Weak        Min:  0.0, Avg:  0.0, Max:  0.0, Diff:  0.0, Sum:  0.0, Workers: 4
[80.961s][debug][gc,phases      ] GC(16)     Dead                           Min: 0, Avg:  0.0, Max: 0, Diff: 0, Sum: 0, Workers: 4
[80.961s][debug][gc,phases      ] GC(16)     Total                          Min: 0, Avg: 10.5, Max: 42, Diff: 42, Sum: 42, Workers: 4
[80.961s][debug][gc,phases      ] GC(16)   JVMTI Tag Weak OopStorage      Min:  0.0, Avg:  0.0, Max:  0.0, Diff:  0.0, Sum:  0.0, Workers: 4
[80.961s][debug][gc,phases      ] GC(16)     Dead                           Min: 0, Avg:  0.0, Max: 0, Diff: 0, Sum: 0, Workers: 4
[80.961s][debug][gc,phases      ] GC(16)     Total                          Min: 0, Avg:  0.0, Max: 0, Diff: 0, Sum: 0, Workers: 4
[80.961s][debug][gc,phases      ] GC(16)   StringTable Weak               Min:  0.0, Avg:  0.1, Max:  0.1, Diff:  0.1, Sum:  0.4, Workers: 4
[80.961s][debug][gc,phases      ] GC(16)     Dead                           Min: 0, Avg:  0.5, Max: 2, Diff: 2, Sum: 2, Workers: 4
[80.961s][debug][gc,phases      ] GC(16)     Total                          Min: 0, Avg: 10721.8, Max: 18176, Diff: 18176, Sum: 42887, Workers: 4
[80.962s][debug][gc,phases      ] GC(16)   ResolvedMethodTable Weak       Min:  0.0, Avg:  0.0, Max:  0.0, Diff:  0.0, Sum:  0.1, Workers: 4
[80.962s][debug][gc,phases      ] GC(16)     Dead                           Min: 0, Avg:  0.0, Max: 0, Diff: 0, Sum: 0, Workers: 4
[80.962s][debug][gc,phases      ] GC(16)     Total                          Min: 0, Avg: 2306.2, Max: 4096, Diff: 4096, Sum: 9225, Workers: 4
[80.962s][debug][gc,phases      ] GC(16)   JNI Weak                       Min:  0.0, Avg:  0.0, Max:  0.0, Diff:  0.0, Sum:  0.0, Workers: 4
[80.962s][debug][gc,phases      ] GC(16)     Dead                           Min: 0, Avg:  0.0, Max: 0, Diff: 0, Sum: 0, Workers: 4
[80.962s][debug][gc,phases      ] GC(16)     Total                          Min: 0, Avg: 11.2, Max: 45, Diff: 45, Sum: 45, Workers: 4
[80.962s][debug][gc,phases      ] GC(16)   StringDedup Table Weak         Min:  0.0, Avg:  0.0, Max:  0.0, Diff:  0.0, Sum:  0.0, Workers: 4
[80.962s][debug][gc,phases      ] GC(16)     Dead                           Min: 0, Avg:  0.0, Max: 0, Diff: 0, Sum: 0, Workers: 4
[80.962s][debug][gc,phases      ] GC(16)     Total                          Min: 0, Avg:  0.0, Max: 0, Diff: 0, Sum: 0, Workers: 4
[80.962s][debug][gc,phases      ] GC(16)   StringDedup Requests0 Weak     Min:  0.0, Avg:  0.0, Max:  0.0, Diff:  0.0, Sum:  0.0, Workers: 4
[80.962s][debug][gc,phases      ] GC(16)     Dead                           Min: 0, Avg:  0.0, Max: 0, Diff: 0, Sum: 0, Workers: 4
[80.962s][debug][gc,phases      ] GC(16)     Total                          Min: 0, Avg:  0.0, Max: 0, Diff: 0, Sum: 0, Workers: 4
[80.962s][debug][gc,phases      ] GC(16)   StringDedup Requests1 Weak     Min:  0.0, Avg:  0.0, Max:  0.0, Diff:  0.0, Sum:  0.0, Workers: 4
[80.962s][debug][gc,phases      ] GC(16)     Dead                           Min: 0, Avg:  0.0, Max: 0, Diff: 0, Sum: 0, Workers: 4
[80.962s][debug][gc,phases      ] GC(16)     Total                          Min: 0, Avg:  0.0, Max: 0, Diff: 0, Sum: 0, Workers: 4
[80.962s][debug][gc,phases      ] GC(16)   Weak JFR Old Object Samples    Min:  0.0, Avg:  0.0, Max:  0.0, Diff:  0.0, Sum:  0.0, Workers: 4
[80.962s][debug][gc,phases      ] GC(16)     Dead                           Min: 0, Avg:  0.0, Max: 0, Diff: 0, Sum: 0, Workers: 4
[80.962s][debug][gc,phases      ] GC(16)     Total                          Min: 0, Avg:  0.0, Max: 0, Diff: 0, Sum: 0, Workers: 4
[80.962s][debug][gc,phases      ] GC(16) Weak Processing 0.310ms
[80.962s][debug][gc,age         ] GC(16) Desired survivor size 536870912 bytes, new threshold 1 (max threshold 15)
[80.962s][info ][gc,heap        ] GC(16) PSYoungGen: 1054000K(1572864K)->1264K(1572864K) Eden: 1048576K(1048576K)->0K(1048576K) From: 5424K(524288K)->1264K(524288K)
[80.962s][info ][gc,heap        ] GC(16) ParOldGen: 404283K(524800K)->409179K(524800K)
[80.962s][info ][gc,metaspace   ] GC(16) Metaspace: 79872K(80896K)->79872K(80896K) NonClass: 68348K(68928K)->68348K(68928K) Class: 11524K(11968K)->11524K(11968K)
[80.962s][info ][gc             ] GC(16) Pause Young (Allocation Failure) 1424M->400M(2048M) 5.938ms
[80.962s][info ][gc,cpu         ] GC(16) User=0.02s Sys=0.00s Real=0.01s
[80.962s][info ][safepoint      ] Safepoint "ParallelGCFailedAllocation", Time since last: 900348688 ns, Reaching safepoint: 65700 ns, At safepoint: 5990825 ns, Total: 6056525 ns
[81.962s][info ][safepoint      ] Safepoint "Cleanup", Time since last: 1000077402 ns, Reaching safepoint: 61000 ns, At safepoint: 5100 ns, Total: 66100 ns
[82.962s][info ][safepoint      ] Safepoint "Cleanup", Time since last: 1000094797 ns, Reaching safepoint: 47000 ns, At safepoint: 2800 ns, Total: 49800 ns
[83.962s][info ][safepoint      ] Safepoint "Cleanup", Time since last: 1000102192 ns, Reaching safepoint: 72401 ns, At safepoint: 3600 ns, Total: 76001 ns
[84.962s][info ][safepoint      ] Safepoint "Cleanup", Time since last: 1000106387 ns, Reaching safepoint: 94100 ns, At safepoint: 5900 ns, Total: 100000 ns
[85.962s][info ][safepoint      ] Safepoint "Cleanup", Time since last: 1000050783 ns, Reaching safepoint: 66800 ns, At safepoint: 2300 ns, Total: 69100 ns
[86.963s][info ][safepoint      ] Safepoint "Cleanup", Time since last: 1000098677 ns, Reaching safepoint: 88101 ns, At safepoint: 5800 ns, Total: 93901 ns
[87.963s][info ][safepoint      ] Safepoint "Cleanup", Time since last: 1000098473 ns, Reaching safepoint: 52100 ns, At safepoint: 2800 ns, Total: 54900 ns
[89.562s][info ][safepoint      ] Safepoint "Cleanup", Time since last: 1599511563 ns, Reaching safepoint: 77001 ns, At safepoint: 6000 ns, Total: 83001 ns
[90.563s][info ][safepoint      ] Safepoint "Cleanup", Time since last: 1000106360 ns, Reaching safepoint: 32600 ns, At safepoint: 2500 ns, Total: 35100 ns
[91.563s][info ][safepoint      ] Safepoint "Cleanup", Time since last: 1000113255 ns, Reaching safepoint: 142901 ns, At safepoint: 6200 ns, Total: 149101 ns
[92.563s][info ][safepoint      ] Safepoint "Cleanup", Time since last: 1000102651 ns, Reaching safepoint: 58400 ns, At safepoint: 7600 ns, Total: 66000 ns
[93.563s][info ][safepoint      ] Safepoint "Cleanup", Time since last: 1000124146 ns, Reaching safepoint: 52000 ns, At safepoint: 3300 ns, Total: 55300 ns
[94.563s][info ][safepoint      ] Safepoint "Cleanup", Time since last: 1000102841 ns, Reaching safepoint: 27200 ns, At safepoint: 2100 ns, Total: 29300 ns
[95.563s][info ][safepoint      ] Safepoint "Cleanup", Time since last: 1000096036 ns, Reaching safepoint: 48600 ns, At safepoint: 10700 ns, Total: 59300 ns
[96.564s][info ][safepoint      ] Safepoint "Cleanup", Time since last: 1000087132 ns, Reaching safepoint: 42300 ns, At safepoint: 3000 ns, Total: 45300 ns
[97.564s][info ][safepoint      ] Safepoint "Cleanup", Time since last: 1000093727 ns, Reaching safepoint: 51300 ns, At safepoint: 2000 ns, Total: 53300 ns
[98.564s][info ][safepoint      ] Safepoint "Cleanup", Time since last: 1000098122 ns, Reaching safepoint: 50700 ns, At safepoint: 7200 ns, Total: 57900 ns
[99.564s][info ][safepoint      ] Safepoint "Cleanup", Time since last: 1000104217 ns, Reaching safepoint: 67601 ns, At safepoint: 5200 ns, Total: 72801 ns
[100.564s][info ][safepoint      ] Safepoint "Cleanup", Time since last: 1000111812 ns, Reaching safepoint: 118401 ns, At safepoint: 5900 ns, Total: 124301 ns
[101.564s][info ][safepoint      ] Safepoint "Cleanup", Time since last: 1000096507 ns, Reaching safepoint: 56101 ns, At safepoint: 8200 ns, Total: 64301 ns
[102.565s][info ][safepoint      ] Safepoint "Cleanup", Time since last: 1000098603 ns, Reaching safepoint: 46600 ns, At safepoint: 4200 ns, Total: 50800 ns
[103.565s][info ][safepoint      ] Safepoint "Cleanup", Time since last: 1000118498 ns, Reaching safepoint: 49201 ns, At safepoint: 2300 ns, Total: 51501 ns
[104.565s][info ][safepoint      ] Safepoint "Cleanup", Time since last: 1000088293 ns, Reaching safepoint: 42900 ns, At safepoint: 12200 ns, Total: 55100 ns
[104.910s][info ][gc,start       ] GC(17) Pause Young (Allocation Failure)
[104.913s][debug][gc,phases      ] GC(17) Scavenge 3.652ms
[104.913s][debug][gc,ref         ] GC(17) Skipped phase 1 of Reference Processing: no references
[104.913s][debug][gc,ref         ] GC(17) ReferenceProcessor::execute queues: 1, RefProcThreadModel::Single, marks_oops_alive: false
[104.913s][debug][gc,ref         ] GC(17) Skipped phase 3 of Reference Processing: no references
[104.913s][debug][gc,ref         ] GC(17) ReferenceProcessor::execute queues: 1, RefProcThreadModel::Single, marks_oops_alive: false
[104.913s][debug][gc,phases      ] GC(17) Reference Processing 0.079ms
[104.914s][debug][gc,phases      ] GC(17)   VM Weak                        Min:  0.0, Avg:  0.0, Max:  0.0, Diff:  0.0, Sum:  0.0, Workers: 4
[104.914s][debug][gc,phases      ] GC(17)     Dead                           Min: 0, Avg:  0.0, Max: 0, Diff: 0, Sum: 0, Workers: 4
[104.914s][debug][gc,phases      ] GC(17)     Total                          Min: 0, Avg: 207.8, Max: 639, Diff: 639, Sum: 831, Workers: 4
[104.914s][debug][gc,phases      ] GC(17)   ObjectSynchronizer Weak        Min:  0.0, Avg:  0.0, Max:  0.0, Diff:  0.0, Sum:  0.0, Workers: 4
[104.914s][debug][gc,phases      ] GC(17)     Dead                           Min: 0, Avg:  0.0, Max: 0, Diff: 0, Sum: 0, Workers: 4
[104.914s][debug][gc,phases      ] GC(17)     Total                          Min: 0, Avg: 10.5, Max: 42, Diff: 42, Sum: 42, Workers: 4
[104.914s][debug][gc,phases      ] GC(17)   JVMTI Tag Weak OopStorage      Min:  0.0, Avg:  0.0, Max:  0.0, Diff:  0.0, Sum:  0.0, Workers: 4
[104.914s][debug][gc,phases      ] GC(17)     Dead                           Min: 0, Avg:  0.0, Max: 0, Diff: 0, Sum: 0, Workers: 4
[104.914s][debug][gc,phases      ] GC(17)     Total                          Min: 0, Avg:  0.0, Max: 0, Diff: 0, Sum: 0, Workers: 4
[104.914s][debug][gc,phases      ] GC(17)   StringTable Weak               Min:  0.1, Avg:  0.1, Max:  0.1, Diff:  0.0, Sum:  0.4, Workers: 4
[104.914s][debug][gc,phases      ] GC(17)     Dead                           Min: 0, Avg:  0.2, Max: 1, Diff: 1, Sum: 1, Workers: 4
[104.914s][debug][gc,phases      ] GC(17)     Total                          Min: 10479, Avg: 10731.5, Max: 11007, Diff: 528, Sum: 42926, Workers: 4
[104.914s][debug][gc,phases      ] GC(17)   ResolvedMethodTable Weak       Min:  0.0, Avg:  0.0, Max:  0.0, Diff:  0.0, Sum:  0.1, Workers: 4
[104.914s][debug][gc,phases      ] GC(17)     Dead                           Min: 0, Avg:  0.2, Max: 1, Diff: 1, Sum: 1, Workers: 4
[104.914s][debug][gc,phases      ] GC(17)     Total                          Min: 2212, Avg: 2312.8, Max: 2560, Diff: 348, Sum: 9251, Workers: 4
[104.914s][debug][gc,phases      ] GC(17)   JNI Weak                       Min:  0.0, Avg:  0.0, Max:  0.0, Diff:  0.0, Sum:  0.0, Workers: 4
[104.914s][debug][gc,phases      ] GC(17)     Dead                           Min: 0, Avg:  0.0, Max: 0, Diff: 0, Sum: 0, Workers: 4
[104.914s][debug][gc,phases      ] GC(17)     Total                          Min: 0, Avg: 11.2, Max: 45, Diff: 45, Sum: 45, Workers: 4
[104.914s][debug][gc,phases      ] GC(17)   StringDedup Table Weak         Min:  0.0, Avg:  0.0, Max:  0.0, Diff:  0.0, Sum:  0.0, Workers: 4
[104.914s][debug][gc,phases      ] GC(17)     Dead                           Min: 0, Avg:  0.0, Max: 0, Diff: 0, Sum: 0, Workers: 4
[104.914s][debug][gc,phases      ] GC(17)     Total                          Min: 0, Avg:  0.0, Max: 0, Diff: 0, Sum: 0, Workers: 4
[104.914s][debug][gc,phases      ] GC(17)   StringDedup Requests0 Weak     Min:  0.0, Avg:  0.0, Max:  0.0, Diff:  0.0, Sum:  0.0, Workers: 4
[104.914s][debug][gc,phases      ] GC(17)     Dead                           Min: 0, Avg:  0.0, Max: 0, Diff: 0, Sum: 0, Workers: 4
[104.914s][debug][gc,phases      ] GC(17)     Total                          Min: 0, Avg:  0.0, Max: 0, Diff: 0, Sum: 0, Workers: 4
[104.914s][debug][gc,phases      ] GC(17)   StringDedup Requests1 Weak     Min:  0.0, Avg:  0.0, Max:  0.0, Diff:  0.0, Sum:  0.0, Workers: 4
[104.914s][debug][gc,phases      ] GC(17)     Dead                           Min: 0, Avg:  0.0, Max: 0, Diff: 0, Sum: 0, Workers: 4
[104.914s][debug][gc,phases      ] GC(17)     Total                          Min: 0, Avg:  0.0, Max: 0, Diff: 0, Sum: 0, Workers: 4
[104.914s][debug][gc,phases      ] GC(17)   Weak JFR Old Object Samples    Min:  0.0, Avg:  0.0, Max:  0.0, Diff:  0.0, Sum:  0.0, Workers: 4
[104.914s][debug][gc,phases      ] GC(17)     Dead                           Min: 0, Avg:  0.0, Max: 0, Diff: 0, Sum: 0, Workers: 4
[104.914s][debug][gc,phases      ] GC(17)     Total                          Min: 0, Avg:  0.0, Max: 0, Diff: 0, Sum: 0, Workers: 4
[104.914s][debug][gc,phases      ] GC(17) Weak Processing 0.283ms
[104.914s][debug][gc,age         ] GC(17) Desired survivor size 536870912 bytes, new threshold 1 (max threshold 15)
[104.914s][info ][gc,heap        ] GC(17) PSYoungGen: 1049840K(1572864K)->1376K(1572864K) Eden: 1048576K(1048576K)->0K(1048576K) From: 1264K(524288K)->1376K(524288K)
[104.914s][info ][gc,heap        ] GC(17) ParOldGen: 409179K(524800K)->409923K(524800K)
[104.914s][info ][gc,metaspace   ] GC(17) Metaspace: 80019K(81024K)->80019K(81024K) NonClass: 68483K(69056K)->68483K(69056K) Class: 11535K(11968K)->11535K(11968K)
[104.914s][info ][gc             ] GC(17) Pause Young (Allocation Failure) 1424M->401M(2048M) 4.101ms
[104.914s][info ][gc,cpu         ] GC(17) User=0.01s Sys=0.00s Real=0.01s
[104.914s][info ][safepoint      ] Safepoint "ParallelGCFailedAllocation", Time since last: 344699310 ns, Reaching safepoint: 23601 ns, At safepoint: 4152117 ns, Total: 4175718 ns
[105.914s][info ][safepoint      ] Safepoint "Cleanup", Time since last: 1000085687 ns, Reaching safepoint: 52300 ns, At safepoint: 3000 ns, Total: 55300 ns
[106.914s][info ][safepoint      ] Safepoint "Cleanup", Time since last: 1000101683 ns, Reaching safepoint: 44500 ns, At safepoint: 2400 ns, Total: 46900 ns
[107.914s][info ][safepoint      ] Safepoint "Cleanup", Time since last: 1000087178 ns, Reaching safepoint: 50700 ns, At safepoint: 1800 ns, Total: 52500 ns
[108.914s][info ][safepoint      ] Safepoint "Cleanup", Time since last: 1000096174 ns, Reaching safepoint: 71600 ns, At safepoint: 2500 ns, Total: 74100 ns
[109.915s][info ][safepoint      ] Safepoint "Cleanup", Time since last: 1000121769 ns, Reaching safepoint: 68800 ns, At safepoint: 7800 ns, Total: 76600 ns
[110.915s][info ][safepoint      ] Safepoint "Cleanup", Time since last: 1000112964 ns, Reaching safepoint: 116501 ns, At safepoint: 8600 ns, Total: 125101 ns
[111.915s][info ][safepoint      ] Safepoint "Cleanup", Time since last: 1000105759 ns, Reaching safepoint: 44400 ns, At safepoint: 12600 ns, Total: 57000 ns
[112.915s][info ][safepoint      ] Safepoint "Cleanup", Time since last: 1000107055 ns, Reaching safepoint: 34801 ns, At safepoint: 7500 ns, Total: 42301 ns
[113.915s][info ][safepoint      ] Safepoint "Cleanup", Time since last: 1000103750 ns, Reaching safepoint: 48600 ns, At safepoint: 2500 ns, Total: 51100 ns
[114.915s][info ][safepoint      ] Safepoint "Cleanup", Time since last: 1000095546 ns, Reaching safepoint: 49200 ns, At safepoint: 2800 ns, Total: 52000 ns
[115.916s][info ][safepoint      ] Safepoint "Cleanup", Time since last: 1000100841 ns, Reaching safepoint: 40300 ns, At safepoint: 2600 ns, Total: 42900 ns
[116.916s][info ][safepoint      ] Safepoint "Cleanup", Time since last: 1000096237 ns, Reaching safepoint: 44500 ns, At safepoint: 4000 ns, Total: 48500 ns
[117.916s][info ][safepoint      ] Safepoint "Cleanup", Time since last: 1000100132 ns, Reaching safepoint: 51300 ns, At safepoint: 2300 ns, Total: 53600 ns
[118.916s][info ][safepoint      ] Safepoint "Cleanup", Time since last: 1000098328 ns, Reaching safepoint: 30700 ns, At safepoint: 2400 ns, Total: 33100 ns
[119.916s][info ][safepoint      ] Safepoint "Cleanup", Time since last: 1000098623 ns, Reaching safepoint: 42900 ns, At safepoint: 2100 ns, Total: 45000 ns
[120.916s][info ][safepoint      ] Safepoint "Cleanup", Time since last: 1000088018 ns, Reaching safepoint: 42000 ns, At safepoint: 1700 ns, Total: 43700 ns
[123.917s][info ][safepoint      ] Safepoint "Cleanup", Time since last: 3000218928 ns, Reaching safepoint: 40900 ns, At safepoint: 6200 ns, Total: 47100 ns
[124.917s][info ][safepoint      ] Safepoint "Cleanup", Time since last: 1000099500 ns, Reaching safepoint: 43900 ns, At safepoint: 7200 ns, Total: 51100 ns
[125.917s][info ][safepoint      ] Safepoint "Cleanup", Time since last: 1000115696 ns, Reaching safepoint: 46300 ns, At safepoint: 3500 ns, Total: 49800 ns
[126.917s][info ][safepoint      ] Safepoint "Cleanup", Time since last: 1000101692 ns, Reaching safepoint: 30800 ns, At safepoint: 3500 ns, Total: 34300 ns
[127.917s][info ][safepoint      ] Safepoint "Cleanup", Time since last: 1000106587 ns, Reaching safepoint: 42300 ns, At safepoint: 2100 ns, Total: 44400 ns
[128.654s][info ][gc,start       ] GC(18) Pause Young (Allocation Failure)
[128.659s][debug][gc,phases      ] GC(18) Scavenge 5.061ms
[128.659s][debug][gc,ref         ] GC(18) Skipped phase 1 of Reference Processing: no references
[128.659s][debug][gc,ref         ] GC(18) ReferenceProcessor::execute queues: 1, RefProcThreadModel::Single, marks_oops_alive: false
[128.659s][debug][gc,ref         ] GC(18) Skipped phase 3 of Reference Processing: no references
[128.659s][debug][gc,ref         ] GC(18) ReferenceProcessor::execute queues: 1, RefProcThreadModel::Single, marks_oops_alive: false
[128.659s][debug][gc,phases      ] GC(18) Reference Processing 0.081ms
[128.659s][debug][gc,phases      ] GC(18)   VM Weak                        Min:  0.0, Avg:  0.0, Max:  0.0, Diff:  0.0, Sum:  0.0, Workers: 4
[128.659s][debug][gc,phases      ] GC(18)     Dead                           Min: 0, Avg:  0.0, Max: 0, Diff: 0, Sum: 0, Workers: 4
[128.659s][debug][gc,phases      ] GC(18)     Total                          Min: 0, Avg: 208.0, Max: 640, Diff: 640, Sum: 832, Workers: 4
[128.659s][debug][gc,phases      ] GC(18)   ObjectSynchronizer Weak        Min:  0.0, Avg:  0.0, Max:  0.0, Diff:  0.0, Sum:  0.0, Workers: 4
[128.659s][debug][gc,phases      ] GC(18)     Dead                           Min: 0, Avg:  0.0, Max: 0, Diff: 0, Sum: 0, Workers: 4
[128.659s][debug][gc,phases      ] GC(18)     Total                          Min: 0, Avg: 10.5, Max: 42, Diff: 42, Sum: 42, Workers: 4
[128.659s][debug][gc,phases      ] GC(18)   JVMTI Tag Weak OopStorage      Min:  0.0, Avg:  0.0, Max:  0.0, Diff:  0.0, Sum:  0.0, Workers: 4
[128.659s][debug][gc,phases      ] GC(18)     Dead                           Min: 0, Avg:  0.0, Max: 0, Diff: 0, Sum: 0, Workers: 4
[128.659s][debug][gc,phases      ] GC(18)     Total                          Min: 0, Avg:  0.0, Max: 0, Diff: 0, Sum: 0, Workers: 4
[128.659s][debug][gc,phases      ] GC(18)   StringTable Weak               Min:  0.0, Avg:  0.1, Max:  0.1, Diff:  0.1, Sum:  0.3, Workers: 4
[128.659s][debug][gc,phases      ] GC(18)     Dead                           Min: 0, Avg:  0.0, Max: 0, Diff: 0, Sum: 0, Workers: 4
[128.659s][debug][gc,phases      ] GC(18)     Total                          Min: 0, Avg: 10741.8, Max: 17984, Diff: 17984, Sum: 42967, Workers: 4
[128.659s][debug][gc,phases      ] GC(18)   ResolvedMethodTable Weak       Min:  0.0, Avg:  0.0, Max:  0.0, Diff:  0.0, Sum:  0.1, Workers: 4
[128.659s][debug][gc,phases      ] GC(18)     Dead                           Min: 0, Avg:  0.0, Max: 0, Diff: 0, Sum: 0, Workers: 4
[128.659s][debug][gc,phases      ] GC(18)     Total                          Min: 0, Avg: 2314.5, Max: 4032, Diff: 4032, Sum: 9258, Workers: 4
[128.659s][debug][gc,phases      ] GC(18)   JNI Weak                       Min:  0.0, Avg:  0.0, Max:  0.0, Diff:  0.0, Sum:  0.0, Workers: 4
[128.659s][debug][gc,phases      ] GC(18)     Dead                           Min: 0, Avg:  0.0, Max: 0, Diff: 0, Sum: 0, Workers: 4
[128.659s][debug][gc,phases      ] GC(18)     Total                          Min: 0, Avg: 11.2, Max: 45, Diff: 45, Sum: 45, Workers: 4
[128.659s][debug][gc,phases      ] GC(18)   StringDedup Table Weak         Min:  0.0, Avg:  0.0, Max:  0.0, Diff:  0.0, Sum:  0.0, Workers: 4
[128.659s][debug][gc,phases      ] GC(18)     Dead                           Min: 0, Avg:  0.0, Max: 0, Diff: 0, Sum: 0, Workers: 4
[128.659s][debug][gc,phases      ] GC(18)     Total                          Min: 0, Avg:  0.0, Max: 0, Diff: 0, Sum: 0, Workers: 4
[128.659s][debug][gc,phases      ] GC(18)   StringDedup Requests0 Weak     Min:  0.0, Avg:  0.0, Max:  0.0, Diff:  0.0, Sum:  0.0, Workers: 4
[128.659s][debug][gc,phases      ] GC(18)     Dead                           Min: 0, Avg:  0.0, Max: 0, Diff: 0, Sum: 0, Workers: 4
[128.659s][debug][gc,phases      ] GC(18)     Total                          Min: 0, Avg:  0.0, Max: 0, Diff: 0, Sum: 0, Workers: 4
[128.659s][debug][gc,phases      ] GC(18)   StringDedup Requests1 Weak     Min:  0.0, Avg:  0.0, Max:  0.0, Diff:  0.0, Sum:  0.0, Workers: 4
[128.659s][debug][gc,phases      ] GC(18)     Dead                           Min: 0, Avg:  0.0, Max: 0, Diff: 0, Sum: 0, Workers: 4
[128.659s][debug][gc,phases      ] GC(18)     Total                          Min: 0, Avg:  0.0, Max: 0, Diff: 0, Sum: 0, Workers: 4
[128.659s][debug][gc,phases      ] GC(18)   Weak JFR Old Object Samples    Min:  0.0, Avg:  0.0, Max:  0.0, Diff:  0.0, Sum:  0.0, Workers: 4
[128.659s][debug][gc,phases      ] GC(18)     Dead                           Min: 0, Avg:  0.0, Max: 0, Diff: 0, Sum: 0, Workers: 4
[128.659s][debug][gc,phases      ] GC(18)     Total                          Min: 0, Avg:  0.0, Max: 0, Diff: 0, Sum: 0, Workers: 4
[128.659s][debug][gc,phases      ] GC(18) Weak Processing 0.314ms
[128.659s][debug][gc,age         ] GC(18) Desired survivor size 536870912 bytes, new threshold 1 (max threshold 15)
[128.659s][info ][gc,heap        ] GC(18) PSYoungGen: 1049952K(1572864K)->1664K(1572864K) Eden: 1048576K(1048576K)->0K(1048576K) From: 1376K(524288K)->1664K(524288K)
[128.659s][info ][gc,heap        ] GC(18) ParOldGen: 409923K(524800K)->410860K(524800K)
[128.659s][info ][gc,metaspace   ] GC(18) Metaspace: 80089K(81088K)->80089K(81088K) NonClass: 68549K(69120K)->68549K(69120K) Class: 11539K(11968K)->11539K(11968K)
[128.659s][info ][gc             ] GC(18) Pause Young (Allocation Failure) 1425M->402M(2048M) 5.547ms
[128.659s][info ][gc,cpu         ] GC(18) User=0.02s Sys=0.00s Real=0.00s
[128.659s][info ][safepoint      ] Safepoint "ParallelGCFailedAllocation", Time since last: 736496733 ns, Reaching safepoint: 39700 ns, At safepoint: 5608223 ns, Total: 5647923 ns
[129.659s][info ][safepoint      ] Safepoint "Cleanup", Time since last: 1000097979 ns, Reaching safepoint: 116100 ns, At safepoint: 6000 ns, Total: 122100 ns
[130.660s][info ][safepoint      ] Safepoint "Cleanup", Time since last: 1000116275 ns, Reaching safepoint: 119300 ns, At safepoint: 9000 ns, Total: 128300 ns
[131.660s][info ][safepoint      ] Safepoint "Cleanup", Time since last: 1000115370 ns, Reaching safepoint: 117401 ns, At safepoint: 7300 ns, Total: 124701 ns
[132.660s][info ][safepoint      ] Safepoint "Cleanup", Time since last: 1000105165 ns, Reaching safepoint: 113901 ns, At safepoint: 7900 ns, Total: 121801 ns
[133.914s][info ][safepoint      ] Safepoint "Cleanup", Time since last: 1253651965 ns, Reaching safepoint: 86600 ns, At safepoint: 2500 ns, Total: 89100 ns
[135.914s][info ][safepoint      ] Safepoint "Cleanup", Time since last: 2000164907 ns, Reaching safepoint: 42700 ns, At safepoint: 2400 ns, Total: 45100 ns
[136.914s][info ][safepoint      ] Safepoint "Cleanup", Time since last: 1000098147 ns, Reaching safepoint: 26200 ns, At safepoint: 2300 ns, Total: 28500 ns
[137.914s][info ][safepoint      ] Safepoint "Cleanup", Time since last: 1000077143 ns, Reaching safepoint: 46700 ns, At safepoint: 1800 ns, Total: 48500 ns
[138.915s][info ][safepoint      ] Safepoint "Cleanup", Time since last: 1000095738 ns, Reaching safepoint: 32600 ns, At safepoint: 7700 ns, Total: 40300 ns
[140.915s][info ][safepoint      ] Safepoint "Cleanup", Time since last: 2000163463 ns, Reaching safepoint: 39100 ns, At safepoint: 3700 ns, Total: 42800 ns
[141.915s][info ][safepoint      ] Safepoint "Cleanup", Time since last: 1000100225 ns, Reaching safepoint: 55101 ns, At safepoint: 4900 ns, Total: 60001 ns
[142.915s][info ][safepoint      ] Safepoint "Cleanup", Time since last: 1000052620 ns, Reaching safepoint: 44500 ns, At safepoint: 1800 ns, Total: 46300 ns
[143.915s][info ][safepoint      ] Safepoint "Cleanup", Time since last: 1000090617 ns, Reaching safepoint: 47100 ns, At safepoint: 3900 ns, Total: 51000 ns
[145.915s][info ][safepoint      ] Safepoint "Cleanup", Time since last: 2000162919 ns, Reaching safepoint: 42700 ns, At safepoint: 2300 ns, Total: 45000 ns
[146.915s][info ][safepoint      ] Safepoint "Cleanup", Time since last: 1000097204 ns, Reaching safepoint: 29600 ns, At safepoint: 2200 ns, Total: 31800 ns
[147.916s][info ][safepoint      ] Safepoint "Cleanup", Time since last: 1000063399 ns, Reaching safepoint: 45500 ns, At safepoint: 2500 ns, Total: 48000 ns
[148.916s][info ][safepoint      ] Safepoint "Cleanup", Time since last: 1000096895 ns, Reaching safepoint: 42700 ns, At safepoint: 1900 ns, Total: 44600 ns
[149.916s][info ][safepoint      ] Safepoint "Cleanup", Time since last: 1000100390 ns, Reaching safepoint: 58701 ns, At safepoint: 2000 ns, Total: 60701 ns
[151.364s][info ][gc,start       ] GC(19) Pause Young (Allocation Failure)
[151.368s][debug][gc,phases      ] GC(19) Scavenge 4.623ms
[151.368s][debug][gc,ref         ] GC(19) Skipped phase 1 of Reference Processing: no references
[151.368s][debug][gc,ref         ] GC(19) ReferenceProcessor::execute queues: 1, RefProcThreadModel::Single, marks_oops_alive: false
[151.368s][debug][gc,ref         ] GC(19) Skipped phase 3 of Reference Processing: no references
[151.368s][debug][gc,ref         ] GC(19) ReferenceProcessor::execute queues: 1, RefProcThreadModel::Single, marks_oops_alive: false
[151.368s][debug][gc,phases      ] GC(19) Reference Processing 0.076ms
[151.369s][debug][gc,phases      ] GC(19)   VM Weak                        Min:  0.0, Avg:  0.0, Max:  0.0, Diff:  0.0, Sum:  0.0, Workers: 4
[151.369s][debug][gc,phases      ] GC(19)     Dead                           Min: 0, Avg:  0.0, Max: 0, Diff: 0, Sum: 0, Workers: 4
[151.369s][debug][gc,phases      ] GC(19)     Total                          Min: 0, Avg: 209.0, Max: 576, Diff: 576, Sum: 836, Workers: 4
[151.369s][debug][gc,phases      ] GC(19)   ObjectSynchronizer Weak        Min:  0.0, Avg:  0.0, Max:  0.0, Diff:  0.0, Sum:  0.0, Workers: 4
[151.369s][debug][gc,phases      ] GC(19)     Dead                           Min: 0, Avg:  0.0, Max: 0, Diff: 0, Sum: 0, Workers: 4
[151.369s][debug][gc,phases      ] GC(19)     Total                          Min: 0, Avg: 10.5, Max: 42, Diff: 42, Sum: 42, Workers: 4
[151.369s][debug][gc,phases      ] GC(19)   JVMTI Tag Weak OopStorage      Min:  0.0, Avg:  0.0, Max:  0.0, Diff:  0.0, Sum:  0.0, Workers: 4
[151.369s][debug][gc,phases      ] GC(19)     Dead                           Min: 0, Avg:  0.0, Max: 0, Diff: 0, Sum: 0, Workers: 4
[151.369s][debug][gc,phases      ] GC(19)     Total                          Min: 0, Avg:  0.0, Max: 0, Diff: 0, Sum: 0, Workers: 4
[151.369s][debug][gc,phases      ] GC(19)   StringTable Weak               Min:  0.1, Avg:  0.1, Max:  0.1, Diff:  0.0, Sum:  0.4, Workers: 4
[151.369s][debug][gc,phases      ] GC(19)     Dead                           Min: 0, Avg:  0.2, Max: 1, Diff: 1, Sum: 1, Workers: 4
[151.369s][debug][gc,phases      ] GC(19)     Total                          Min: 9727, Avg: 10756.0, Max: 11456, Diff: 1729, Sum: 43024, Workers: 4
[151.369s][debug][gc,phases      ] GC(19)   ResolvedMethodTable Weak       Min:  0.0, Avg:  0.0, Max:  0.0, Diff:  0.0, Sum:  0.1, Workers: 4
[151.369s][debug][gc,phases      ] GC(19)     Dead                           Min: 0, Avg:  0.0, Max: 0, Diff: 0, Sum: 0, Workers: 4
[151.369s][debug][gc,phases      ] GC(19)     Total                          Min: 2130, Avg: 2324.5, Max: 2432, Diff: 302, Sum: 9298, Workers: 4
[151.369s][debug][gc,phases      ] GC(19)   JNI Weak                       Min:  0.0, Avg:  0.0, Max:  0.0, Diff:  0.0, Sum:  0.0, Workers: 4
[151.369s][debug][gc,phases      ] GC(19)     Dead                           Min: 0, Avg:  0.0, Max: 0, Diff: 0, Sum: 0, Workers: 4
[151.369s][debug][gc,phases      ] GC(19)     Total                          Min: 0, Avg: 17.2, Max: 60, Diff: 60, Sum: 69, Workers: 4
[151.369s][debug][gc,phases      ] GC(19)   StringDedup Table Weak         Min:  0.0, Avg:  0.0, Max:  0.0, Diff:  0.0, Sum:  0.0, Workers: 4
[151.369s][debug][gc,phases      ] GC(19)     Dead                           Min: 0, Avg:  0.0, Max: 0, Diff: 0, Sum: 0, Workers: 4
[151.369s][debug][gc,phases      ] GC(19)     Total                          Min: 0, Avg:  0.0, Max: 0, Diff: 0, Sum: 0, Workers: 4
[151.369s][debug][gc,phases      ] GC(19)   StringDedup Requests0 Weak     Min:  0.0, Avg:  0.0, Max:  0.0, Diff:  0.0, Sum:  0.0, Workers: 4
[151.369s][debug][gc,phases      ] GC(19)     Dead                           Min: 0, Avg:  0.0, Max: 0, Diff: 0, Sum: 0, Workers: 4
[151.369s][debug][gc,phases      ] GC(19)     Total                          Min: 0, Avg:  0.0, Max: 0, Diff: 0, Sum: 0, Workers: 4
[151.369s][debug][gc,phases      ] GC(19)   StringDedup Requests1 Weak     Min:  0.0, Avg:  0.0, Max:  0.0, Diff:  0.0, Sum:  0.0, Workers: 4
[151.369s][debug][gc,phases      ] GC(19)     Dead                           Min: 0, Avg:  0.0, Max: 0, Diff: 0, Sum: 0, Workers: 4
[151.369s][debug][gc,phases      ] GC(19)     Total                          Min: 0, Avg:  0.0, Max: 0, Diff: 0, Sum: 0, Workers: 4
[151.369s][debug][gc,phases      ] GC(19)   Weak JFR Old Object Samples    Min:  0.0, Avg:  0.0, Max:  0.0, Diff:  0.0, Sum:  0.0, Workers: 4
[151.369s][debug][gc,phases      ] GC(19)     Dead                           Min: 0, Avg:  0.0, Max: 0, Diff: 0, Sum: 0, Workers: 4
[151.369s][debug][gc,phases      ] GC(19)     Total                          Min: 0, Avg:  0.0, Max: 0, Diff: 0, Sum: 0, Workers: 4
[151.369s][debug][gc,phases      ] GC(19) Weak Processing 0.286ms
[151.369s][debug][gc,age         ] GC(19) Desired survivor size 536870912 bytes, new threshold 1 (max threshold 15)
[151.369s][info ][gc,heap        ] GC(19) PSYoungGen: 1050240K(1572864K)->3760K(1572864K) Eden: 1048576K(1048576K)->0K(1048576K) From: 1664K(524288K)->3760K(524288K)
[151.369s][info ][gc,heap        ] GC(19) ParOldGen: 410860K(524800K)->411660K(524800K)
[151.369s][info ][gc,metaspace   ] GC(19) Metaspace: 80198K(81280K)->80198K(81280K) NonClass: 68645K(69248K)->68645K(69248K) Class: 11553K(12032K)->11553K(12032K)
[151.369s][info ][gc             ] GC(19) Pause Young (Allocation Failure) 1426M->405M(2048M) 5.068ms
[151.369s][info ][gc,cpu         ] GC(19) User=0.01s Sys=0.01s Real=0.00s
[151.369s][info ][safepoint      ] Safepoint "ParallelGCFailedAllocation", Time since last: 1447615623 ns, Reaching safepoint: 205501 ns, At safepoint: 5124520 ns, Total: 5330021 ns
[152.369s][info ][safepoint      ] Safepoint "Cleanup", Time since last: 1000082480 ns, Reaching safepoint: 83800 ns, At safepoint: 5300 ns, Total: 89100 ns
[153.369s][info ][safepoint      ] Safepoint "Cleanup", Time since last: 1000096076 ns, Reaching safepoint: 56100 ns, At safepoint: 9600 ns, Total: 65700 ns
[154.369s][info ][safepoint      ] Safepoint "Cleanup", Time since last: 1000096772 ns, Reaching safepoint: 51100 ns, At safepoint: 2700 ns, Total: 53800 ns
[155.369s][info ][safepoint      ] Safepoint "Cleanup", Time since last: 1000098867 ns, Reaching safepoint: 57100 ns, At safepoint: 5400 ns, Total: 62500 ns
[157.255s][info ][safepoint      ] Safepoint "Cleanup", Time since last: 1885133478 ns, Reaching safepoint: 134401 ns, At safepoint: 6300 ns, Total: 140701 ns
[158.255s][info ][safepoint      ] Safepoint "Cleanup", Time since last: 1000106655 ns, Reaching safepoint: 109600 ns, At safepoint: 7000 ns, Total: 116600 ns
[159.255s][info ][safepoint      ] Safepoint "Cleanup", Time since last: 1000094151 ns, Reaching safepoint: 117400 ns, At safepoint: 8801 ns, Total: 126201 ns
[160.255s][info ][safepoint      ] Safepoint "Cleanup", Time since last: 1000096846 ns, Reaching safepoint: 118001 ns, At safepoint: 6600 ns, Total: 124601 ns
[161.256s][info ][safepoint      ] Safepoint "Cleanup", Time since last: 1000106942 ns, Reaching safepoint: 133501 ns, At safepoint: 5400 ns, Total: 138901 ns
[162.256s][info ][safepoint      ] Safepoint "Cleanup", Time since last: 1000109038 ns, Reaching safepoint: 114800 ns, At safepoint: 6600 ns, Total: 121400 ns
[163.256s][info ][safepoint      ] Safepoint "Cleanup", Time since last: 1000094934 ns, Reaching safepoint: 138701 ns, At safepoint: 5600 ns, Total: 144301 ns
[164.256s][info ][safepoint      ] Safepoint "Cleanup", Time since last: 1000097930 ns, Reaching safepoint: 108400 ns, At safepoint: 6500 ns, Total: 114900 ns
[165.257s][info ][safepoint      ] Safepoint "Cleanup", Time since last: 1000101126 ns, Reaching safepoint: 117100 ns, At safepoint: 7000 ns, Total: 124100 ns
[166.257s][info ][safepoint      ] Safepoint "Cleanup", Time since last: 1000106922 ns, Reaching safepoint: 121500 ns, At safepoint: 5100 ns, Total: 126600 ns
[167.257s][info ][safepoint      ] Safepoint "Cleanup", Time since last: 1000098218 ns, Reaching safepoint: 124400 ns, At safepoint: 5100 ns, Total: 129500 ns
[168.257s][info ][safepoint      ] Safepoint "Cleanup", Time since last: 1000101014 ns, Reaching safepoint: 117400 ns, At safepoint: 8300 ns, Total: 125700 ns
[169.258s][info ][safepoint      ] Safepoint "Cleanup", Time since last: 1000112409 ns, Reaching safepoint: 131101 ns, At safepoint: 7400 ns, Total: 138501 ns
[170.258s][info ][safepoint      ] Safepoint "Cleanup", Time since last: 1000091805 ns, Reaching safepoint: 116300 ns, At safepoint: 5500 ns, Total: 121800 ns
[172.258s][info ][safepoint      ] Safepoint "Cleanup", Time since last: 2000172198 ns, Reaching safepoint: 111900 ns, At safepoint: 5100 ns, Total: 117000 ns
[172.606s][info ][gc,start       ] GC(20) Pause Young (Allocation Failure)
[172.610s][debug][gc,phases      ] GC(20) Scavenge 4.036ms
[172.610s][debug][gc,ref         ] GC(20) Skipped phase 1 of Reference Processing: no references
[172.610s][debug][gc,ref         ] GC(20) ReferenceProcessor::execute queues: 1, RefProcThreadModel::Single, marks_oops_alive: false
[172.610s][debug][gc,ref         ] GC(20) Skipped phase 3 of Reference Processing: no references
[172.610s][debug][gc,ref         ] GC(20) ReferenceProcessor::execute queues: 1, RefProcThreadModel::Single, marks_oops_alive: false
[172.610s][debug][gc,phases      ] GC(20) Reference Processing 0.096ms
[172.610s][debug][gc,phases      ] GC(20)   VM Weak                        Min:  0.0, Avg:  0.0, Max:  0.0, Diff:  0.0, Sum:  0.0, Workers: 4
[172.610s][debug][gc,phases      ] GC(20)     Dead                           Min: 0, Avg:  0.0, Max: 0, Diff: 0, Sum: 0, Workers: 4
[172.610s][debug][gc,phases      ] GC(20)     Total                          Min: 0, Avg: 209.2, Max: 837, Diff: 837, Sum: 837, Workers: 4
[172.610s][debug][gc,phases      ] GC(20)   ObjectSynchronizer Weak        Min:  0.0, Avg:  0.0, Max:  0.0, Diff:  0.0, Sum:  0.0, Workers: 4
[172.610s][debug][gc,phases      ] GC(20)     Dead                           Min: 0, Avg:  0.0, Max: 0, Diff: 0, Sum: 0, Workers: 4
[172.610s][debug][gc,phases      ] GC(20)     Total                          Min: 0, Avg: 10.5, Max: 42, Diff: 42, Sum: 42, Workers: 4
[172.610s][debug][gc,phases      ] GC(20)   JVMTI Tag Weak OopStorage      Min:  0.0, Avg:  0.0, Max:  0.0, Diff:  0.0, Sum:  0.0, Workers: 4
[172.610s][debug][gc,phases      ] GC(20)     Dead                           Min: 0, Avg:  0.0, Max: 0, Diff: 0, Sum: 0, Workers: 4
[172.610s][debug][gc,phases      ] GC(20)     Total                          Min: 0, Avg:  0.0, Max: 0, Diff: 0, Sum: 0, Workers: 4
[172.610s][debug][gc,phases      ] GC(20)   StringTable Weak               Min:  0.1, Avg:  0.1, Max:  0.1, Diff:  0.0, Sum:  0.4, Workers: 4
[172.610s][debug][gc,phases      ] GC(20)     Dead                           Min: 0, Avg:  0.2, Max: 1, Diff: 1, Sum: 1, Workers: 4
[172.610s][debug][gc,phases      ] GC(20)     Total                          Min: 10378, Avg: 10770.5, Max: 11136, Diff: 758, Sum: 43082, Workers: 4
[172.610s][debug][gc,phases      ] GC(20)   ResolvedMethodTable Weak       Min:  0.0, Avg:  0.0, Max:  0.0, Diff:  0.0, Sum:  0.1, Workers: 4
[172.610s][debug][gc,phases      ] GC(20)     Dead                           Min: 0, Avg:  0.0, Max: 0, Diff: 0, Sum: 0, Workers: 4
[172.610s][debug][gc,phases      ] GC(20)     Total                          Min: 2240, Avg: 2332.5, Max: 2431, Diff: 191, Sum: 9330, Workers: 4
[172.610s][debug][gc,phases      ] GC(20)   JNI Weak                       Min:  0.0, Avg:  0.0, Max:  0.0, Diff:  0.0, Sum:  0.0, Workers: 4
[172.610s][debug][gc,phases      ] GC(20)     Dead                           Min: 0, Avg:  0.0, Max: 0, Diff: 0, Sum: 0, Workers: 4
[172.610s][debug][gc,phases      ] GC(20)     Total                          Min: 0, Avg: 11.2, Max: 45, Diff: 45, Sum: 45, Workers: 4
[172.610s][debug][gc,phases      ] GC(20)   StringDedup Table Weak         Min:  0.0, Avg:  0.0, Max:  0.0, Diff:  0.0, Sum:  0.0, Workers: 4
[172.610s][debug][gc,phases      ] GC(20)     Dead                           Min: 0, Avg:  0.0, Max: 0, Diff: 0, Sum: 0, Workers: 4
[172.610s][debug][gc,phases      ] GC(20)     Total                          Min: 0, Avg:  0.0, Max: 0, Diff: 0, Sum: 0, Workers: 4
[172.610s][debug][gc,phases      ] GC(20)   StringDedup Requests0 Weak     Min:  0.0, Avg:  0.0, Max:  0.0, Diff:  0.0, Sum:  0.0, Workers: 4
[172.610s][debug][gc,phases      ] GC(20)     Dead                           Min: 0, Avg:  0.0, Max: 0, Diff: 0, Sum: 0, Workers: 4
[172.610s][debug][gc,phases      ] GC(20)     Total                          Min: 0, Avg:  0.0, Max: 0, Diff: 0, Sum: 0, Workers: 4
[172.610s][debug][gc,phases      ] GC(20)   StringDedup Requests1 Weak     Min:  0.0, Avg:  0.0, Max:  0.0, Diff:  0.0, Sum:  0.0, Workers: 4
[172.610s][debug][gc,phases      ] GC(20)     Dead                           Min: 0, Avg:  0.0, Max: 0, Diff: 0, Sum: 0, Workers: 4
[172.610s][debug][gc,phases      ] GC(20)     Total                          Min: 0, Avg:  0.0, Max: 0, Diff: 0, Sum: 0, Workers: 4
[172.611s][debug][gc,phases      ] GC(20)   Weak JFR Old Object Samples    Min:  0.0, Avg:  0.0, Max:  0.0, Diff:  0.0, Sum:  0.0, Workers: 4
[172.611s][debug][gc,phases      ] GC(20)     Dead                           Min: 0, Avg:  0.0, Max: 0, Diff: 0, Sum: 0, Workers: 4
[172.611s][debug][gc,phases      ] GC(20)     Total                          Min: 0, Avg:  0.0, Max: 0, Diff: 0, Sum: 0, Workers: 4
[172.611s][debug][gc,phases      ] GC(20) Weak Processing 0.273ms
[172.611s][debug][gc,age         ] GC(20) Desired survivor size 536870912 bytes, new threshold 1 (max threshold 15)
[172.611s][info ][gc,heap        ] GC(20) PSYoungGen: 1052336K(1572864K)->2464K(1572864K) Eden: 1048576K(1048576K)->0K(1048576K) From: 3760K(524288K)->2464K(524288K)
[172.611s][info ][gc,heap        ] GC(20) ParOldGen: 411660K(524800K)->412932K(524800K)
[172.611s][info ][gc,metaspace   ] GC(20) Metaspace: 80443K(81472K)->80443K(81472K) NonClass: 68869K(69440K)->68869K(69440K) Class: 11574K(12032K)->11574K(12032K)
[172.611s][info ][gc             ] GC(20) Pause Young (Allocation Failure) 1429M->405M(2048M) 4.494ms
[172.611s][info ][gc,cpu         ] GC(20) User=0.02s Sys=0.00s Real=0.00s
[172.611s][info ][safepoint      ] Safepoint "ParallelGCFailedAllocation", Time since last: 347972521 ns, Reaching safepoint: 30900 ns, At safepoint: 4558617 ns, Total: 4589517 ns
[173.611s][info ][safepoint      ] Safepoint "Cleanup", Time since last: 1000091491 ns, Reaching safepoint: 115701 ns, At safepoint: 5600 ns, Total: 121301 ns
[174.611s][info ][safepoint      ] Safepoint "Cleanup", Time since last: 1000107687 ns, Reaching safepoint: 97600 ns, At safepoint: 6200 ns, Total: 103800 ns
[175.611s][info ][safepoint      ] Safepoint "Cleanup", Time since last: 1000110083 ns, Reaching safepoint: 161201 ns, At safepoint: 10300 ns, Total: 171501 ns
[176.612s][info ][safepoint      ] Safepoint "Cleanup", Time since last: 1000111679 ns, Reaching safepoint: 125201 ns, At safepoint: 10500 ns, Total: 135701 ns
[177.612s][info ][safepoint      ] Safepoint "Cleanup", Time since last: 1000090574 ns, Reaching safepoint: 32301 ns, At safepoint: 2500 ns, Total: 34801 ns
[178.612s][info ][safepoint      ] Safepoint "Cleanup", Time since last: 1000094670 ns, Reaching safepoint: 65601 ns, At safepoint: 5100 ns, Total: 70701 ns
[179.612s][info ][safepoint      ] Safepoint "Cleanup", Time since last: 1000098167 ns, Reaching safepoint: 57300 ns, At safepoint: 2300 ns, Total: 59600 ns
[180.612s][info ][safepoint      ] Safepoint "Cleanup", Time since last: 1000092263 ns, Reaching safepoint: 86300 ns, At safepoint: 2700 ns, Total: 89000 ns
[181.612s][info ][safepoint      ] Safepoint "Cleanup", Time since last: 1000098159 ns, Reaching safepoint: 81600 ns, At safepoint: 1900 ns, Total: 83500 ns
[182.612s][info ][safepoint      ] Safepoint "Cleanup", Time since last: 1000084055 ns, Reaching safepoint: 69500 ns, At safepoint: 2600 ns, Total: 72100 ns
[183.613s][info ][safepoint      ] Safepoint "Cleanup", Time since last: 1000095251 ns, Reaching safepoint: 49300 ns, At safepoint: 2700 ns, Total: 52000 ns
[184.613s][info ][safepoint      ] Safepoint "Cleanup", Time since last: 1000115847 ns, Reaching safepoint: 53000 ns, At safepoint: 3200 ns, Total: 56200 ns
[185.613s][info ][safepoint      ] Safepoint "Cleanup", Time since last: 1000099343 ns, Reaching safepoint: 56300 ns, At safepoint: 5300 ns, Total: 61600 ns
[186.613s][info ][safepoint      ] Safepoint "Cleanup", Time since last: 1000100938 ns, Reaching safepoint: 57801 ns, At safepoint: 5200 ns, Total: 63001 ns
[188.613s][info ][safepoint      ] Safepoint "Cleanup", Time since last: 2000163865 ns, Reaching safepoint: 43900 ns, At safepoint: 2600 ns, Total: 46500 ns
[189.613s][info ][safepoint      ] Safepoint "Cleanup", Time since last: 1000078927 ns, Reaching safepoint: 54800 ns, At safepoint: 2800 ns, Total: 57600 ns
[191.406s][info ][safepoint      ] Safepoint "ICBufferFull", Time since last: 1791771467 ns, Reaching safepoint: 228601 ns, At safepoint: 12500 ns, Total: 241101 ns
[191.911s][info ][gc,start       ] GC(21) Pause Young (Allocation Failure)
[191.916s][debug][gc,phases      ] GC(21) Scavenge 4.188ms
[191.916s][debug][gc,ref         ] GC(21) Skipped phase 1 of Reference Processing: no references
[191.916s][debug][gc,ref         ] GC(21) ReferenceProcessor::execute queues: 1, RefProcThreadModel::Single, marks_oops_alive: false
[191.916s][debug][gc,ref         ] GC(21) Skipped phase 3 of Reference Processing: no references
[191.916s][debug][gc,ref         ] GC(21) ReferenceProcessor::execute queues: 1, RefProcThreadModel::Single, marks_oops_alive: false
[191.916s][debug][gc,phases      ] GC(21) Reference Processing 0.102ms
[191.916s][debug][gc,phases      ] GC(21)   VM Weak                        Min:  0.0, Avg:  0.0, Max:  0.0, Diff:  0.0, Sum:  0.0, Workers: 4
[191.916s][debug][gc,phases      ] GC(21)     Dead                           Min: 0, Avg:  0.0, Max: 0, Diff: 0, Sum: 0, Workers: 4
[191.916s][debug][gc,phases      ] GC(21)     Total                          Min: 0, Avg: 210.2, Max: 521, Diff: 521, Sum: 841, Workers: 4
[191.916s][debug][gc,phases      ] GC(21)   ObjectSynchronizer Weak        Min:  0.0, Avg:  0.0, Max:  0.0, Diff:  0.0, Sum:  0.0, Workers: 4
[191.916s][debug][gc,phases      ] GC(21)     Dead                           Min: 0, Avg:  0.0, Max: 0, Diff: 0, Sum: 0, Workers: 4
[191.916s][debug][gc,phases      ] GC(21)     Total                          Min: 0, Avg: 10.5, Max: 42, Diff: 42, Sum: 42, Workers: 4
[191.916s][debug][gc,phases      ] GC(21)   JVMTI Tag Weak OopStorage      Min:  0.0, Avg:  0.0, Max:  0.0, Diff:  0.0, Sum:  0.0, Workers: 4
[191.916s][debug][gc,phases      ] GC(21)     Dead                           Min: 0, Avg:  0.0, Max: 0, Diff: 0, Sum: 0, Workers: 4
[191.916s][debug][gc,phases      ] GC(21)     Total                          Min: 0, Avg:  0.0, Max: 0, Diff: 0, Sum: 0, Workers: 4
[191.916s][debug][gc,phases      ] GC(21)   StringTable Weak               Min:  0.1, Avg:  0.1, Max:  0.1, Diff:  0.0, Sum:  0.4, Workers: 4
[191.916s][debug][gc,phases      ] GC(21)     Dead                           Min: 0, Avg:  0.2, Max: 1, Diff: 1, Sum: 1, Workers: 4
[191.916s][debug][gc,phases      ] GC(21)     Total                          Min: 9600, Avg: 10786.0, Max: 11264, Diff: 1664, Sum: 43144, Workers: 4
[191.916s][debug][gc,phases      ] GC(21)   ResolvedMethodTable Weak       Min:  0.0, Avg:  0.0, Max:  0.0, Diff:  0.0, Sum:  0.1, Workers: 4
[191.916s][debug][gc,phases      ] GC(21)     Dead                           Min: 0, Avg:  0.0, Max: 0, Diff: 0, Sum: 0, Workers: 4
[191.916s][debug][gc,phases      ] GC(21)     Total                          Min: 2304, Avg: 2341.0, Max: 2432, Diff: 128, Sum: 9364, Workers: 4
[191.916s][debug][gc,phases      ] GC(21)   JNI Weak                       Min:  0.0, Avg:  0.0, Max:  0.0, Diff:  0.0, Sum:  0.0, Workers: 4
[191.916s][debug][gc,phases      ] GC(21)     Dead                           Min: 0, Avg:  0.0, Max: 0, Diff: 0, Sum: 0, Workers: 4
[191.916s][debug][gc,phases      ] GC(21)     Total                          Min: 0, Avg: 11.2, Max: 45, Diff: 45, Sum: 45, Workers: 4
[191.916s][debug][gc,phases      ] GC(21)   StringDedup Table Weak         Min:  0.0, Avg:  0.0, Max:  0.0, Diff:  0.0, Sum:  0.0, Workers: 4
[191.916s][debug][gc,phases      ] GC(21)     Dead                           Min: 0, Avg:  0.0, Max: 0, Diff: 0, Sum: 0, Workers: 4
[191.916s][debug][gc,phases      ] GC(21)     Total                          Min: 0, Avg:  0.0, Max: 0, Diff: 0, Sum: 0, Workers: 4
[191.916s][debug][gc,phases      ] GC(21)   StringDedup Requests0 Weak     Min:  0.0, Avg:  0.0, Max:  0.0, Diff:  0.0, Sum:  0.0, Workers: 4
[191.916s][debug][gc,phases      ] GC(21)     Dead                           Min: 0, Avg:  0.0, Max: 0, Diff: 0, Sum: 0, Workers: 4
[191.916s][debug][gc,phases      ] GC(21)     Total                          Min: 0, Avg:  0.0, Max: 0, Diff: 0, Sum: 0, Workers: 4
[191.916s][debug][gc,phases      ] GC(21)   StringDedup Requests1 Weak     Min:  0.0, Avg:  0.0, Max:  0.0, Diff:  0.0, Sum:  0.0, Workers: 4
[191.916s][debug][gc,phases      ] GC(21)     Dead                           Min: 0, Avg:  0.0, Max: 0, Diff: 0, Sum: 0, Workers: 4
[191.916s][debug][gc,phases      ] GC(21)     Total                          Min: 0, Avg:  0.0, Max: 0, Diff: 0, Sum: 0, Workers: 4
[191.916s][debug][gc,phases      ] GC(21)   Weak JFR Old Object Samples    Min:  0.0, Avg:  0.0, Max:  0.0, Diff:  0.0, Sum:  0.0, Workers: 4
[191.916s][debug][gc,phases      ] GC(21)     Dead                           Min: 0, Avg:  0.0, Max: 0, Diff: 0, Sum: 0, Workers: 4
[191.916s][debug][gc,phases      ] GC(21)     Total                          Min: 0, Avg:  0.0, Max: 0, Diff: 0, Sum: 0, Workers: 4
[191.916s][debug][gc,phases      ] GC(21) Weak Processing 0.281ms
[191.916s][debug][gc,age         ] GC(21) Desired survivor size 536870912 bytes, new threshold 1 (max threshold 15)
[191.916s][info ][gc,heap        ] GC(21) PSYoungGen: 1051040K(1572864K)->3001K(1572864K) Eden: 1048576K(1048576K)->0K(1048576K) From: 2464K(524288K)->3001K(524288K)
[191.916s][info ][gc,heap        ] GC(21) ParOldGen: 412932K(524800K)->413609K(524800K)
[191.916s][info ][gc,metaspace   ] GC(21) Metaspace: 80606K(81600K)->80606K(81600K) NonClass: 69017K(69568K)->69017K(69568K) Class: 11589K(12032K)->11589K(12032K)
[191.916s][info ][gc             ] GC(21) Pause Young (Allocation Failure) 1429M->406M(2048M) 4.651ms
[191.916s][info ][gc,cpu         ] GC(21) User=0.01s Sys=0.00s Real=0.01s
[191.916s][info ][safepoint      ] Safepoint "ParallelGCFailedAllocation", Time since last: 505789880 ns, Reaching safepoint: 134100 ns, At safepoint: 4706718 ns, Total: 4840818 ns
[193.512s][info ][safepoint      ] Safepoint "Cleanup", Time since last: 1596078225 ns, Reaching safepoint: 166700 ns, At safepoint: 11700 ns, Total: 178400 ns
[194.513s][info ][safepoint      ] Safepoint "Cleanup", Time since last: 1000094108 ns, Reaching safepoint: 52300 ns, At safepoint: 2500 ns, Total: 54800 ns
[195.513s][info ][safepoint      ] Safepoint "Cleanup", Time since last: 1000102103 ns, Reaching safepoint: 107601 ns, At safepoint: 6500 ns, Total: 114101 ns
[196.513s][info ][safepoint      ] Safepoint "Cleanup", Time since last: 1000100599 ns, Reaching safepoint: 28401 ns, At safepoint: 2700 ns, Total: 31101 ns
[197.513s][info ][safepoint      ] Safepoint "Cleanup", Time since last: 1000092995 ns, Reaching safepoint: 109601 ns, At safepoint: 3400 ns, Total: 113001 ns
[198.513s][info ][safepoint      ] Safepoint "Cleanup", Time since last: 1000100791 ns, Reaching safepoint: 110901 ns, At safepoint: 3700 ns, Total: 114601 ns
[199.513s][info ][safepoint      ] Safepoint "Cleanup", Time since last: 1000106188 ns, Reaching safepoint: 39600 ns, At safepoint: 2300 ns, Total: 41900 ns
[200.514s][info ][safepoint      ] Safepoint "Cleanup", Time since last: 1000106184 ns, Reaching safepoint: 32300 ns, At safepoint: 3100 ns, Total: 35400 ns
[201.514s][info ][safepoint      ] Safepoint "Cleanup", Time since last: 1000106580 ns, Reaching safepoint: 46400 ns, At safepoint: 2500 ns, Total: 48900 ns
[203.514s][info ][safepoint      ] Safepoint "Cleanup", Time since last: 2000131149 ns, Reaching safepoint: 47700 ns, At safepoint: 2800 ns, Total: 50500 ns
[204.514s][info ][safepoint      ] Safepoint "Cleanup", Time since last: 1000098169 ns, Reaching safepoint: 34100 ns, At safepoint: 3600 ns, Total: 37700 ns
[205.514s][info ][safepoint      ] Safepoint "Cleanup", Time since last: 1000092264 ns, Reaching safepoint: 53201 ns, At safepoint: 2000 ns, Total: 55201 ns
[206.514s][info ][safepoint      ] Safepoint "Cleanup", Time since last: 1000090560 ns, Reaching safepoint: 51601 ns, At safepoint: 2300 ns, Total: 53901 ns
[207.515s][info ][safepoint      ] Safepoint "Cleanup", Time since last: 1000095957 ns, Reaching safepoint: 48100 ns, At safepoint: 2500 ns, Total: 50600 ns
[208.903s][info ][gc,start       ] GC(22) Pause Young (Allocation Failure)
[208.908s][debug][gc,phases      ] GC(22) Scavenge 5.013ms
[208.908s][debug][gc,ref         ] GC(22) Skipped phase 1 of Reference Processing: no references
[208.908s][debug][gc,ref         ] GC(22) ReferenceProcessor::execute queues: 1, RefProcThreadModel::Single, marks_oops_alive: false
[208.908s][debug][gc,ref         ] GC(22) Skipped phase 3 of Reference Processing: no references
[208.908s][debug][gc,ref         ] GC(22) ReferenceProcessor::execute queues: 1, RefProcThreadModel::Single, marks_oops_alive: false
[208.908s][debug][gc,phases      ] GC(22) Reference Processing 0.097ms
[208.908s][debug][gc,phases      ] GC(22)   VM Weak                        Min:  0.0, Avg:  0.0, Max:  0.0, Diff:  0.0, Sum:  0.0, Workers: 4
[208.908s][debug][gc,phases      ] GC(22)     Dead                           Min: 0, Avg:  0.0, Max: 0, Diff: 0, Sum: 0, Workers: 4
[208.908s][debug][gc,phases      ] GC(22)     Total                          Min: 0, Avg: 211.5, Max: 576, Diff: 576, Sum: 846, Workers: 4
[208.908s][debug][gc,phases      ] GC(22)   ObjectSynchronizer Weak        Min:  0.0, Avg:  0.0, Max:  0.0, Diff:  0.0, Sum:  0.0, Workers: 4
[208.908s][debug][gc,phases      ] GC(22)     Dead                           Min: 0, Avg:  0.0, Max: 0, Diff: 0, Sum: 0, Workers: 4
[208.908s][debug][gc,phases      ] GC(22)     Total                          Min: 0, Avg: 10.8, Max: 43, Diff: 43, Sum: 43, Workers: 4
[208.908s][debug][gc,phases      ] GC(22)   JVMTI Tag Weak OopStorage      Min:  0.0, Avg:  0.0, Max:  0.0, Diff:  0.0, Sum:  0.0, Workers: 4
[208.908s][debug][gc,phases      ] GC(22)     Dead                           Min: 0, Avg:  0.0, Max: 0, Diff: 0, Sum: 0, Workers: 4
[208.908s][debug][gc,phases      ] GC(22)     Total                          Min: 0, Avg:  0.0, Max: 0, Diff: 0, Sum: 0, Workers: 4
[208.908s][debug][gc,phases      ] GC(22)   StringTable Weak               Min:  0.1, Avg:  0.1, Max:  0.1, Diff:  0.0, Sum:  0.4, Workers: 4
[208.908s][debug][gc,phases      ] GC(22)     Dead                           Min: 0, Avg:  0.2, Max: 1, Diff: 1, Sum: 1, Workers: 4
[208.908s][debug][gc,phases      ] GC(22)     Total                          Min: 10367, Avg: 10797.0, Max: 11200, Diff: 833, Sum: 43188, Workers: 4
[208.908s][debug][gc,phases      ] GC(22)   ResolvedMethodTable Weak       Min:  0.0, Avg:  0.0, Max:  0.0, Diff:  0.0, Sum:  0.1, Workers: 4
[208.908s][debug][gc,phases      ] GC(22)     Dead                           Min: 0, Avg:  4.5, Max: 9, Diff: 9, Sum: 18, Workers: 4
[208.908s][debug][gc,phases      ] GC(22)     Total                          Min: 1728, Avg: 2352.0, Max: 2688, Diff: 960, Sum: 9408, Workers: 4
[208.908s][debug][gc,phases      ] GC(22)   JNI Weak                       Min:  0.0, Avg:  0.0, Max:  0.0, Diff:  0.0, Sum:  0.0, Workers: 4
[208.908s][debug][gc,phases      ] GC(22)     Dead                           Min: 0, Avg:  0.0, Max: 0, Diff: 0, Sum: 0, Workers: 4
[208.908s][debug][gc,phases      ] GC(22)     Total                          Min: 0, Avg: 11.2, Max: 45, Diff: 45, Sum: 45, Workers: 4
[208.908s][debug][gc,phases      ] GC(22)   StringDedup Table Weak         Min:  0.0, Avg:  0.0, Max:  0.0, Diff:  0.0, Sum:  0.0, Workers: 4
[208.908s][debug][gc,phases      ] GC(22)     Dead                           Min: 0, Avg:  0.0, Max: 0, Diff: 0, Sum: 0, Workers: 4
[208.908s][debug][gc,phases      ] GC(22)     Total                          Min: 0, Avg:  0.0, Max: 0, Diff: 0, Sum: 0, Workers: 4
[208.908s][debug][gc,phases      ] GC(22)   StringDedup Requests0 Weak     Min:  0.0, Avg:  0.0, Max:  0.0, Diff:  0.0, Sum:  0.0, Workers: 4
[208.908s][debug][gc,phases      ] GC(22)     Dead                           Min: 0, Avg:  0.0, Max: 0, Diff: 0, Sum: 0, Workers: 4
[208.908s][debug][gc,phases      ] GC(22)     Total                          Min: 0, Avg:  0.0, Max: 0, Diff: 0, Sum: 0, Workers: 4
[208.908s][debug][gc,phases      ] GC(22)   StringDedup Requests1 Weak     Min:  0.0, Avg:  0.0, Max:  0.0, Diff:  0.0, Sum:  0.0, Workers: 4
[208.908s][debug][gc,phases      ] GC(22)     Dead                           Min: 0, Avg:  0.0, Max: 0, Diff: 0, Sum: 0, Workers: 4
[208.908s][debug][gc,phases      ] GC(22)     Total                          Min: 0, Avg:  0.0, Max: 0, Diff: 0, Sum: 0, Workers: 4
[208.908s][debug][gc,phases      ] GC(22)   Weak JFR Old Object Samples    Min:  0.0, Avg:  0.0, Max:  0.0, Diff:  0.0, Sum:  0.0, Workers: 4
[208.908s][debug][gc,phases      ] GC(22)     Dead                           Min: 0, Avg:  0.0, Max: 0, Diff: 0, Sum: 0, Workers: 4
[208.908s][debug][gc,phases      ] GC(22)     Total                          Min: 0, Avg:  0.0, Max: 0, Diff: 0, Sum: 0, Workers: 4
[208.908s][debug][gc,phases      ] GC(22) Weak Processing 0.273ms
[208.908s][debug][gc,age         ] GC(22) Desired survivor size 536870912 bytes, new threshold 1 (max threshold 15)
[208.908s][info ][gc,heap        ] GC(22) PSYoungGen: 1051577K(1572864K)->3104K(1572864K) Eden: 1048576K(1048576K)->0K(1048576K) From: 3001K(524288K)->3104K(524288K)
[208.908s][info ][gc,heap        ] GC(22) ParOldGen: 413609K(524800K)->414105K(524800K)
[208.908s][info ][gc,metaspace   ] GC(22) Metaspace: 80778K(81792K)->80778K(81792K) NonClass: 69167K(69696K)->69167K(69696K) Class: 11610K(12096K)->11610K(12096K)
[208.908s][info ][gc             ] GC(22) Pause Young (Allocation Failure) 1430M->407M(2048M) 5.479ms
[208.908s][info ][gc,cpu         ] GC(22) User=0.01s Sys=0.00s Real=0.00s
[208.908s][info ][safepoint      ] Safepoint "ParallelGCFailedAllocation", Time since last: 1388106470 ns, Reaching safepoint: 88700 ns, At safepoint: 5533620 ns, Total: 5622320 ns
[209.908s][info ][safepoint      ] Safepoint "Cleanup", Time since last: 1000077548 ns, Reaching safepoint: 74400 ns, At safepoint: 2100 ns, Total: 76500 ns
[210.909s][info ][safepoint      ] Safepoint "Cleanup", Time since last: 1000095144 ns, Reaching safepoint: 54600 ns, At safepoint: 2200 ns, Total: 56800 ns
[211.909s][info ][safepoint      ] Safepoint "Cleanup", Time since last: 1000099741 ns, Reaching safepoint: 54800 ns, At safepoint: 2100 ns, Total: 56900 ns
[212.909s][info ][safepoint      ] Safepoint "Cleanup", Time since last: 1000095836 ns, Reaching safepoint: 26901 ns, At safepoint: 2300 ns, Total: 29201 ns
[213.909s][info ][safepoint      ] Safepoint "Cleanup", Time since last: 1000099632 ns, Reaching safepoint: 40100 ns, At safepoint: 2600 ns, Total: 42700 ns
[214.909s][info ][safepoint      ] Safepoint "Cleanup", Time since last: 1000066729 ns, Reaching safepoint: 28500 ns, At safepoint: 2500 ns, Total: 31000 ns
[215.909s][info ][safepoint      ] Safepoint "Cleanup", Time since last: 1000097425 ns, Reaching safepoint: 39701 ns, At safepoint: 1800 ns, Total: 41501 ns
[216.909s][info ][safepoint      ] Safepoint "Cleanup", Time since last: 1000091021 ns, Reaching safepoint: 52200 ns, At safepoint: 6500 ns, Total: 58700 ns
[217.910s][info ][safepoint      ] Safepoint "Cleanup", Time since last: 1000097018 ns, Reaching safepoint: 159300 ns, At safepoint: 6200 ns, Total: 165500 ns
[218.910s][info ][safepoint      ] Safepoint "Cleanup", Time since last: 1000101814 ns, Reaching safepoint: 147601 ns, At safepoint: 10900 ns, Total: 158501 ns
[219.910s][info ][safepoint      ] Safepoint "Cleanup", Time since last: 1000069210 ns, Reaching safepoint: 131700 ns, At safepoint: 6600 ns, Total: 138300 ns
[220.910s][info ][safepoint      ] Safepoint "Cleanup", Time since last: 1000094807 ns, Reaching safepoint: 116100 ns, At safepoint: 8300 ns, Total: 124400 ns
[221.911s][info ][safepoint      ] Safepoint "Cleanup", Time since last: 1000129103 ns, Reaching safepoint: 126300 ns, At safepoint: 4900 ns, Total: 131200 ns
[222.911s][info ][safepoint      ] Safepoint "Cleanup", Time since last: 1000106299 ns, Reaching safepoint: 104601 ns, At safepoint: 6200 ns, Total: 110801 ns
[223.911s][info ][safepoint      ] Safepoint "Cleanup", Time since last: 1000100195 ns, Reaching safepoint: 151601 ns, At safepoint: 7800 ns, Total: 159401 ns
[224.008s][info ][gc,start       ] GC(23) Pause Young (Allocation Failure)
[224.015s][debug][gc,phases      ] GC(23) Scavenge 6.351ms
[224.015s][debug][gc,ref         ] GC(23) Skipped phase 1 of Reference Processing: no references
[224.015s][debug][gc,ref         ] GC(23) ReferenceProcessor::execute queues: 1, RefProcThreadModel::Single, marks_oops_alive: false
[224.015s][debug][gc,ref         ] GC(23) Skipped phase 3 of Reference Processing: no references
[224.015s][debug][gc,ref         ] GC(23) ReferenceProcessor::execute queues: 1, RefProcThreadModel::Single, marks_oops_alive: false
[224.015s][debug][gc,phases      ] GC(23) Reference Processing 0.076ms
[224.015s][debug][gc,phases      ] GC(23)   VM Weak                        Min:  0.0, Avg:  0.0, Max:  0.0, Diff:  0.0, Sum:  0.0, Workers: 4
[224.015s][debug][gc,phases      ] GC(23)     Dead                           Min: 0, Avg:  0.0, Max: 0, Diff: 0, Sum: 0, Workers: 4
[224.015s][debug][gc,phases      ] GC(23)     Total                          Min: 0, Avg: 212.5, Max: 850, Diff: 850, Sum: 850, Workers: 4
[224.015s][debug][gc,phases      ] GC(23)   ObjectSynchronizer Weak        Min:  0.0, Avg:  0.0, Max:  0.0, Diff:  0.0, Sum:  0.0, Workers: 4
[224.015s][debug][gc,phases      ] GC(23)     Dead                           Min: 0, Avg:  0.0, Max: 0, Diff: 0, Sum: 0, Workers: 4
[224.015s][debug][gc,phases      ] GC(23)     Total                          Min: 0, Avg: 10.8, Max: 43, Diff: 43, Sum: 43, Workers: 4
[224.015s][debug][gc,phases      ] GC(23)   JVMTI Tag Weak OopStorage      Min:  0.0, Avg:  0.0, Max:  0.0, Diff:  0.0, Sum:  0.0, Workers: 4
[224.015s][debug][gc,phases      ] GC(23)     Dead                           Min: 0, Avg:  0.0, Max: 0, Diff: 0, Sum: 0, Workers: 4
[224.015s][debug][gc,phases      ] GC(23)     Total                          Min: 0, Avg:  0.0, Max: 0, Diff: 0, Sum: 0, Workers: 4
[224.015s][debug][gc,phases      ] GC(23)   StringTable Weak               Min:  0.1, Avg:  0.1, Max:  0.1, Diff:  0.0, Sum:  0.4, Workers: 4
[224.015s][debug][gc,phases      ] GC(23)     Dead                           Min: 0, Avg:  0.0, Max: 0, Diff: 0, Sum: 0, Workers: 4
[224.015s][debug][gc,phases      ] GC(23)     Total                          Min: 10560, Avg: 10803.5, Max: 11200, Diff: 640, Sum: 43214, Workers: 4
[224.015s][debug][gc,phases      ] GC(23)   ResolvedMethodTable Weak       Min:  0.0, Avg:  0.0, Max:  0.0, Diff:  0.0, Sum:  0.1, Workers: 4
[224.015s][debug][gc,phases      ] GC(23)     Dead                           Min: 0, Avg:  0.0, Max: 0, Diff: 0, Sum: 0, Workers: 4
[224.015s][debug][gc,phases      ] GC(23)     Total                          Min: 2256, Avg: 2355.8, Max: 2496, Diff: 240, Sum: 9423, Workers: 4
[224.015s][debug][gc,phases      ] GC(23)   JNI Weak                       Min:  0.0, Avg:  0.0, Max:  0.0, Diff:  0.0, Sum:  0.0, Workers: 4
[224.015s][debug][gc,phases      ] GC(23)     Dead                           Min: 0, Avg:  0.0, Max: 0, Diff: 0, Sum: 0, Workers: 4
[224.015s][debug][gc,phases      ] GC(23)     Total                          Min: 0, Avg: 11.2, Max: 45, Diff: 45, Sum: 45, Workers: 4
[224.015s][debug][gc,phases      ] GC(23)   StringDedup Table Weak         Min:  0.0, Avg:  0.0, Max:  0.0, Diff:  0.0, Sum:  0.0, Workers: 4
[224.015s][debug][gc,phases      ] GC(23)     Dead                           Min: 0, Avg:  0.0, Max: 0, Diff: 0, Sum: 0, Workers: 4
[224.015s][debug][gc,phases      ] GC(23)     Total                          Min: 0, Avg:  0.0, Max: 0, Diff: 0, Sum: 0, Workers: 4
[224.015s][debug][gc,phases      ] GC(23)   StringDedup Requests0 Weak     Min:  0.0, Avg:  0.0, Max:  0.0, Diff:  0.0, Sum:  0.0, Workers: 4
[224.015s][debug][gc,phases      ] GC(23)     Dead                           Min: 0, Avg:  0.0, Max: 0, Diff: 0, Sum: 0, Workers: 4
[224.015s][debug][gc,phases      ] GC(23)     Total                          Min: 0, Avg:  0.0, Max: 0, Diff: 0, Sum: 0, Workers: 4
[224.015s][debug][gc,phases      ] GC(23)   StringDedup Requests1 Weak     Min:  0.0, Avg:  0.0, Max:  0.0, Diff:  0.0, Sum:  0.0, Workers: 4
[224.015s][debug][gc,phases      ] GC(23)     Dead                           Min: 0, Avg:  0.0, Max: 0, Diff: 0, Sum: 0, Workers: 4
[224.015s][debug][gc,phases      ] GC(23)     Total                          Min: 0, Avg:  0.0, Max: 0, Diff: 0, Sum: 0, Workers: 4
[224.015s][debug][gc,phases      ] GC(23)   Weak JFR Old Object Samples    Min:  0.0, Avg:  0.0, Max:  0.0, Diff:  0.0, Sum:  0.0, Workers: 4
[224.015s][debug][gc,phases      ] GC(23)     Dead                           Min: 0, Avg:  0.0, Max: 0, Diff: 0, Sum: 0, Workers: 4
[224.015s][debug][gc,phases      ] GC(23)     Total                          Min: 0, Avg:  0.0, Max: 0, Diff: 0, Sum: 0, Workers: 4
[224.015s][debug][gc,phases      ] GC(23) Weak Processing 0.265ms
[224.015s][debug][gc,age         ] GC(23) Desired survivor size 536870912 bytes, new threshold 1 (max threshold 15)
[224.015s][info ][gc,heap        ] GC(23) PSYoungGen: 1051680K(1572864K)->6256K(1572864K) Eden: 1048576K(1048576K)->0K(1048576K) From: 3104K(524288K)->6256K(524288K)
[224.015s][info ][gc,heap        ] GC(23) ParOldGen: 414105K(524800K)->415213K(524800K)
[224.015s][info ][gc,metaspace   ] GC(23) Metaspace: 80868K(81920K)->80868K(81920K) NonClass: 69249K(69824K)->69249K(69824K) Class: 11618K(12096K)->11618K(12096K)
[224.015s][info ][gc             ] GC(23) Pause Young (Allocation Failure) 1431M->411M(2048M) 6.785ms
[224.015s][info ][gc,cpu         ] GC(23) User=0.03s Sys=0.00s Real=0.01s
[224.015s][info ][safepoint      ] Safepoint "ParallelGCFailedAllocation", Time since last: 97234449 ns, Reaching safepoint: 30000 ns, At safepoint: 6845525 ns, Total: 6875525 ns
[225.908s][info ][safepoint      ] Safepoint "Cleanup", Time since last: 1892475392 ns, Reaching safepoint: 168201 ns, At safepoint: 5500 ns, Total: 173701 ns
[226.908s][info ][safepoint      ] Safepoint "Cleanup", Time since last: 1000111484 ns, Reaching safepoint: 119900 ns, At safepoint: 7500 ns, Total: 127400 ns
[227.908s][info ][safepoint      ] Safepoint "Cleanup", Time since last: 1000111181 ns, Reaching safepoint: 134900 ns, At safepoint: 4200 ns, Total: 139100 ns
[228.908s][info ][safepoint      ] Safepoint "Cleanup", Time since last: 1000102177 ns, Reaching safepoint: 56100 ns, At safepoint: 2300 ns, Total: 58400 ns
[230.909s][info ][safepoint      ] Safepoint "Cleanup", Time since last: 2000161643 ns, Reaching safepoint: 68700 ns, At safepoint: 2400 ns, Total: 71100 ns
[231.909s][info ][safepoint      ] Safepoint "Cleanup", Time since last: 1000106266 ns, Reaching safepoint: 101900 ns, At safepoint: 7300 ns, Total: 109200 ns
[233.559s][info ][safepoint      ] Safepoint "Cleanup", Time since last: 1649489973 ns, Reaching safepoint: 130801 ns, At safepoint: 16000 ns, Total: 146801 ns
[234.559s][info ][safepoint      ] Safepoint "Cleanup", Time since last: 1000101456 ns, Reaching safepoint: 148701 ns, At safepoint: 5400 ns, Total: 154101 ns
[235.610s][info ][safepoint      ] Safepoint "Cleanup", Time since last: 1051127333 ns, Reaching safepoint: 89901 ns, At safepoint: 6100 ns, Total: 96001 ns
[236.610s][info ][safepoint      ] Safepoint "Cleanup", Time since last: 1000106749 ns, Reaching safepoint: 62500 ns, At safepoint: 5100 ns, Total: 67600 ns
[237.610s][info ][safepoint      ] Safepoint "Cleanup", Time since last: 1000103345 ns, Reaching safepoint: 28100 ns, At safepoint: 2200 ns, Total: 30300 ns
[238.610s][info ][safepoint      ] Safepoint "Cleanup", Time since last: 1000095542 ns, Reaching safepoint: 46300 ns, At safepoint: 2100 ns, Total: 48400 ns
[239.611s][info ][safepoint      ] Safepoint "Cleanup", Time since last: 1000100438 ns, Reaching safepoint: 40600 ns, At safepoint: 2200 ns, Total: 42800 ns
[240.611s][info ][safepoint      ] Safepoint "Cleanup", Time since last: 1000104434 ns, Reaching safepoint: 115200 ns, At safepoint: 9801 ns, Total: 125001 ns
[242.611s][info ][safepoint      ] Safepoint "Cleanup", Time since last: 2000143857 ns, Reaching safepoint: 27200 ns, At safepoint: 2200 ns, Total: 29400 ns
[243.611s][info ][safepoint      ] Safepoint "Cleanup", Time since last: 1000104124 ns, Reaching safepoint: 95800 ns, At safepoint: 5100 ns, Total: 100900 ns
[244.611s][info ][safepoint      ] Safepoint "Cleanup", Time since last: 1000101620 ns, Reaching safepoint: 58500 ns, At safepoint: 6001 ns, Total: 64501 ns
[244.656s][info ][gc,start       ] GC(24) Pause Young (Allocation Failure)
[244.663s][debug][gc,phases      ] GC(24) Scavenge 6.413ms
[244.663s][debug][gc,ref         ] GC(24) Skipped phase 1 of Reference Processing: no references
[244.663s][debug][gc,ref         ] GC(24) ReferenceProcessor::execute queues: 1, RefProcThreadModel::Single, marks_oops_alive: false
[244.663s][debug][gc,ref         ] GC(24) Skipped phase 3 of Reference Processing: no references
[244.663s][debug][gc,ref         ] GC(24) ReferenceProcessor::execute queues: 1, RefProcThreadModel::Single, marks_oops_alive: false
[244.663s][debug][gc,phases      ] GC(24) Reference Processing 0.107ms
[244.663s][debug][gc,phases      ] GC(24)   VM Weak                        Min:  0.0, Avg:  0.0, Max:  0.0, Diff:  0.0, Sum:  0.0, Workers: 4
[244.663s][debug][gc,phases      ] GC(24)     Dead                           Min: 0, Avg:  0.0, Max: 0, Diff: 0, Sum: 0, Workers: 4
[244.663s][debug][gc,phases      ] GC(24)     Total                          Min: 0, Avg: 212.8, Max: 531, Diff: 531, Sum: 851, Workers: 4
[244.663s][debug][gc,phases      ] GC(24)   ObjectSynchronizer Weak        Min:  0.0, Avg:  0.0, Max:  0.0, Diff:  0.0, Sum:  0.0, Workers: 4
[244.663s][debug][gc,phases      ] GC(24)     Dead                           Min: 0, Avg:  0.0, Max: 0, Diff: 0, Sum: 0, Workers: 4
[244.663s][debug][gc,phases      ] GC(24)     Total                          Min: 0, Avg: 10.8, Max: 43, Diff: 43, Sum: 43, Workers: 4
[244.663s][debug][gc,phases      ] GC(24)   JVMTI Tag Weak OopStorage      Min:  0.0, Avg:  0.0, Max:  0.0, Diff:  0.0, Sum:  0.0, Workers: 4
[244.663s][debug][gc,phases      ] GC(24)     Dead                           Min: 0, Avg:  0.0, Max: 0, Diff: 0, Sum: 0, Workers: 4
[244.663s][debug][gc,phases      ] GC(24)     Total                          Min: 0, Avg:  0.0, Max: 0, Diff: 0, Sum: 0, Workers: 4
[244.663s][debug][gc,phases      ] GC(24)   StringTable Weak               Min:  0.0, Avg:  0.1, Max:  0.1, Diff:  0.1, Sum:  0.3, Workers: 4
[244.663s][debug][gc,phases      ] GC(24)     Dead                           Min: 0, Avg:  0.2, Max: 1, Diff: 1, Sum: 1, Workers: 4
[244.663s][debug][gc,phases      ] GC(24)     Total                          Min: 0, Avg: 10808.8, Max: 18851, Diff: 18851, Sum: 43235, Workers: 4
[244.663s][debug][gc,phases      ] GC(24)   ResolvedMethodTable Weak       Min:  0.0, Avg:  0.0, Max:  0.0, Diff:  0.0, Sum:  0.1, Workers: 4
[244.663s][debug][gc,phases      ] GC(24)     Dead                           Min: 0, Avg:  0.0, Max: 0, Diff: 0, Sum: 0, Workers: 4
[244.663s][debug][gc,phases      ] GC(24)     Total                          Min: 0, Avg: 2359.2, Max: 3456, Diff: 3456, Sum: 9437, Workers: 4
[244.663s][debug][gc,phases      ] GC(24)   JNI Weak                       Min:  0.0, Avg:  0.0, Max:  0.0, Diff:  0.0, Sum:  0.0, Workers: 4
[244.663s][debug][gc,phases      ] GC(24)     Dead                           Min: 0, Avg:  0.0, Max: 0, Diff: 0, Sum: 0, Workers: 4
[244.663s][debug][gc,phases      ] GC(24)     Total                          Min: 0, Avg: 11.2, Max: 45, Diff: 45, Sum: 45, Workers: 4
[244.663s][debug][gc,phases      ] GC(24)   StringDedup Table Weak         Min:  0.0, Avg:  0.0, Max:  0.0, Diff:  0.0, Sum:  0.0, Workers: 4
[244.663s][debug][gc,phases      ] GC(24)     Dead                           Min: 0, Avg:  0.0, Max: 0, Diff: 0, Sum: 0, Workers: 4
[244.663s][debug][gc,phases      ] GC(24)     Total                          Min: 0, Avg:  0.0, Max: 0, Diff: 0, Sum: 0, Workers: 4
[244.663s][debug][gc,phases      ] GC(24)   StringDedup Requests0 Weak     Min:  0.0, Avg:  0.0, Max:  0.0, Diff:  0.0, Sum:  0.0, Workers: 4
[244.663s][debug][gc,phases      ] GC(24)     Dead                           Min: 0, Avg:  0.0, Max: 0, Diff: 0, Sum: 0, Workers: 4
[244.663s][debug][gc,phases      ] GC(24)     Total                          Min: 0, Avg:  0.0, Max: 0, Diff: 0, Sum: 0, Workers: 4
[244.663s][debug][gc,phases      ] GC(24)   StringDedup Requests1 Weak     Min:  0.0, Avg:  0.0, Max:  0.0, Diff:  0.0, Sum:  0.0, Workers: 4
[244.663s][debug][gc,phases      ] GC(24)     Dead                           Min: 0, Avg:  0.0, Max: 0, Diff: 0, Sum: 0, Workers: 4
[244.663s][debug][gc,phases      ] GC(24)     Total                          Min: 0, Avg:  0.0, Max: 0, Diff: 0, Sum: 0, Workers: 4
[244.663s][debug][gc,phases      ] GC(24)   Weak JFR Old Object Samples    Min:  0.0, Avg:  0.0, Max:  0.0, Diff:  0.0, Sum:  0.0, Workers: 4
[244.663s][debug][gc,phases      ] GC(24)     Dead                           Min: 0, Avg:  0.0, Max: 0, Diff: 0, Sum: 0, Workers: 4
[244.663s][debug][gc,phases      ] GC(24)     Total                          Min: 0, Avg:  0.0, Max: 0, Diff: 0, Sum: 0, Workers: 4
[244.663s][debug][gc,phases      ] GC(24) Weak Processing 0.292ms
[244.663s][debug][gc,age         ] GC(24) Desired survivor size 536870912 bytes, new threshold 1 (max threshold 15)
[244.663s][info ][gc,heap        ] GC(24) PSYoungGen: 1054832K(1572864K)->3232K(1572864K) Eden: 1048576K(1048576K)->0K(1048576K) From: 6256K(524288K)->3232K(524288K)
[244.663s][info ][gc,heap        ] GC(24) ParOldGen: 415213K(524800K)->419406K(524800K)
[244.663s][info ][gc,metaspace   ] GC(24) Metaspace: 80992K(82048K)->80992K(82048K) NonClass: 69366K(69952K)->69366K(69952K) Class: 11626K(12096K)->11626K(12096K)
[244.663s][info ][gc             ] GC(24) Pause Young (Allocation Failure) 1435M->412M(2048M) 6.927ms
[244.663s][info ][gc,cpu         ] GC(24) User=0.03s Sys=0.00s Real=0.01s
[244.663s][info ][safepoint      ] Safepoint "ParallelGCFailedAllocation", Time since last: 44692257 ns, Reaching safepoint: 24900 ns, At safepoint: 6983124 ns, Total: 7008024 ns
[245.663s][info ][safepoint      ] Safepoint "Cleanup", Time since last: 1000079717 ns, Reaching safepoint: 46300 ns, At safepoint: 2600 ns, Total: 48900 ns
[246.663s][info ][safepoint      ] Safepoint "Cleanup", Time since last: 1000099113 ns, Reaching safepoint: 28300 ns, At safepoint: 2300 ns, Total: 30600 ns
[247.663s][info ][safepoint      ] Safepoint "Cleanup", Time since last: 1000091509 ns, Reaching safepoint: 40200 ns, At safepoint: 3200 ns, Total: 43400 ns
[248.664s][info ][safepoint      ] Safepoint "Cleanup", Time since last: 1000085906 ns, Reaching safepoint: 42800 ns, At safepoint: 3300 ns, Total: 46100 ns
[250.664s][info ][safepoint      ] Safepoint "Cleanup", Time since last: 2000152200 ns, Reaching safepoint: 27400 ns, At safepoint: 2700 ns, Total: 30100 ns
[251.664s][info ][safepoint      ] Safepoint "Cleanup", Time since last: 1000091495 ns, Reaching safepoint: 40701 ns, At safepoint: 3000 ns, Total: 43701 ns
[252.664s][info ][safepoint      ] Safepoint "Cleanup", Time since last: 1000109891 ns, Reaching safepoint: 45500 ns, At safepoint: 6900 ns, Total: 52400 ns
[253.664s][info ][safepoint      ] Safepoint "Cleanup", Time since last: 1000100388 ns, Reaching safepoint: 50901 ns, At safepoint: 2600 ns, Total: 53501 ns
[255.376s][info ][gc,start       ] GC(25) Pause Young (Allocation Failure)
[255.399s][debug][gc,phases      ] GC(25) Scavenge 22.450ms
[255.399s][debug][gc,ref         ] GC(25) Skipped phase 1 of Reference Processing: no references
[255.399s][debug][gc,ref         ] GC(25) ReferenceProcessor::execute queues: 1, RefProcThreadModel::Single, marks_oops_alive: false
[255.399s][debug][gc,ref         ] GC(25) Skipped phase 3 of Reference Processing: no references
[255.399s][debug][gc,ref         ] GC(25) ReferenceProcessor::execute queues: 1, RefProcThreadModel::Single, marks_oops_alive: false
[255.399s][debug][gc,phases      ] GC(25) Reference Processing 0.089ms
[255.399s][debug][gc,phases      ] GC(25)   VM Weak                        Min:  0.0, Avg:  0.0, Max:  0.0, Diff:  0.0, Sum:  0.0, Workers: 4
[255.399s][debug][gc,phases      ] GC(25)     Dead                           Min: 0, Avg:  0.0, Max: 0, Diff: 0, Sum: 0, Workers: 4
[255.399s][debug][gc,phases      ] GC(25)     Total                          Min: 0, Avg: 213.0, Max: 576, Diff: 576, Sum: 852, Workers: 4
[255.399s][debug][gc,phases      ] GC(25)   ObjectSynchronizer Weak        Min:  0.0, Avg:  0.0, Max:  0.0, Diff:  0.0, Sum:  0.0, Workers: 4
[255.399s][debug][gc,phases      ] GC(25)     Dead                           Min: 0, Avg:  0.0, Max: 0, Diff: 0, Sum: 0, Workers: 4
[255.399s][debug][gc,phases      ] GC(25)     Total                          Min: 0, Avg: 10.8, Max: 43, Diff: 43, Sum: 43, Workers: 4
[255.399s][debug][gc,phases      ] GC(25)   JVMTI Tag Weak OopStorage      Min:  0.0, Avg:  0.0, Max:  0.0, Diff:  0.0, Sum:  0.0, Workers: 4
[255.399s][debug][gc,phases      ] GC(25)     Dead                           Min: 0, Avg:  0.0, Max: 0, Diff: 0, Sum: 0, Workers: 4
[255.399s][debug][gc,phases      ] GC(25)     Total                          Min: 0, Avg:  0.0, Max: 0, Diff: 0, Sum: 0, Workers: 4
[255.399s][debug][gc,phases      ] GC(25)   StringTable Weak               Min:  0.0, Avg:  0.1, Max:  0.1, Diff:  0.1, Sum:  0.4, Workers: 4
[255.399s][debug][gc,phases      ] GC(25)     Dead                           Min: 0, Avg:  0.5, Max: 1, Diff: 1, Sum: 2, Workers: 4
[255.399s][debug][gc,phases      ] GC(25)     Total                          Min: 0, Avg: 10826.5, Max: 14635, Diff: 14635, Sum: 43306, Workers: 4
[255.399s][debug][gc,phases      ] GC(25)   ResolvedMethodTable Weak       Min:  0.0, Avg:  0.0, Max:  0.0, Diff:  0.0, Sum:  0.1, Workers: 4
[255.399s][debug][gc,phases      ] GC(25)     Dead                           Min: 0, Avg:  4.2, Max: 11, Diff: 11, Sum: 17, Workers: 4
[255.399s][debug][gc,phases      ] GC(25)     Total                          Min: 0, Avg: 2373.8, Max: 3289, Diff: 3289, Sum: 9495, Workers: 4
[255.399s][debug][gc,phases      ] GC(25)   JNI Weak                       Min:  0.0, Avg:  0.0, Max:  0.0, Diff:  0.0, Sum:  0.0, Workers: 4
[255.399s][debug][gc,phases      ] GC(25)     Dead                           Min: 0, Avg:  0.0, Max: 0, Diff: 0, Sum: 0, Workers: 4
[255.399s][debug][gc,phases      ] GC(25)     Total                          Min: 0, Avg: 11.8, Max: 47, Diff: 47, Sum: 47, Workers: 4
[255.399s][debug][gc,phases      ] GC(25)   StringDedup Table Weak         Min:  0.0, Avg:  0.0, Max:  0.0, Diff:  0.0, Sum:  0.0, Workers: 4
[255.399s][debug][gc,phases      ] GC(25)     Dead                           Min: 0, Avg:  0.0, Max: 0, Diff: 0, Sum: 0, Workers: 4
[255.399s][debug][gc,phases      ] GC(25)     Total                          Min: 0, Avg:  0.0, Max: 0, Diff: 0, Sum: 0, Workers: 4
[255.399s][debug][gc,phases      ] GC(25)   StringDedup Requests0 Weak     Min:  0.0, Avg:  0.0, Max:  0.0, Diff:  0.0, Sum:  0.0, Workers: 4
[255.399s][debug][gc,phases      ] GC(25)     Dead                           Min: 0, Avg:  0.0, Max: 0, Diff: 0, Sum: 0, Workers: 4
[255.399s][debug][gc,phases      ] GC(25)     Total                          Min: 0, Avg:  0.0, Max: 0, Diff: 0, Sum: 0, Workers: 4
[255.399s][debug][gc,phases      ] GC(25)   StringDedup Requests1 Weak     Min:  0.0, Avg:  0.0, Max:  0.0, Diff:  0.0, Sum:  0.0, Workers: 4
[255.399s][debug][gc,phases      ] GC(25)     Dead                           Min: 0, Avg:  0.0, Max: 0, Diff: 0, Sum: 0, Workers: 4
[255.399s][debug][gc,phases      ] GC(25)     Total                          Min: 0, Avg:  0.0, Max: 0, Diff: 0, Sum: 0, Workers: 4
[255.399s][debug][gc,phases      ] GC(25)   Weak JFR Old Object Samples    Min:  0.0, Avg:  0.0, Max:  0.0, Diff:  0.0, Sum:  0.0, Workers: 4
[255.399s][debug][gc,phases      ] GC(25)     Dead                           Min: 0, Avg:  0.0, Max: 0, Diff: 0, Sum: 0, Workers: 4
[255.399s][debug][gc,phases      ] GC(25)     Total                          Min: 0, Avg:  0.0, Max: 0, Diff: 0, Sum: 0, Workers: 4
[255.399s][debug][gc,phases      ] GC(25) Weak Processing 0.323ms
[255.399s][debug][gc,age         ] GC(25) Desired survivor size 536870912 bytes, new threshold 1 (max threshold 15)
[255.399s][info ][gc,heap        ] GC(25) PSYoungGen: 1051808K(1572864K)->43576K(1572864K) Eden: 1048576K(1048576K)->0K(1048576K) From: 3232K(524288K)->43576K(524288K)
[255.399s][info ][gc,heap        ] GC(25) ParOldGen: 419406K(524800K)->421022K(524800K)
[255.399s][info ][gc,metaspace   ] GC(25) Metaspace: 81216K(82240K)->81216K(82240K) NonClass: 69555K(70080K)->69555K(70080K) Class: 11661K(12160K)->11661K(12160K)
[255.399s][info ][gc             ] GC(25) Pause Young (Allocation Failure) 1436M->453M(2048M) 22.968ms
[255.399s][info ][gc,cpu         ] GC(25) User=0.06s Sys=0.00s Real=0.02s
[255.400s][info ][safepoint      ] Safepoint "ParallelGCFailedAllocation", Time since last: 1711980562 ns, Reaching safepoint: 247601 ns, At safepoint: 23033080 ns, Total: 23280681 ns
[256.400s][info ][safepoint      ] Safepoint "Cleanup", Time since last: 1000088179 ns, Reaching safepoint: 75000 ns, At safepoint: 9800 ns, Total: 84800 ns
[257.400s][info ][safepoint      ] Safepoint "Cleanup", Time since last: 1000100175 ns, Reaching safepoint: 47400 ns, At safepoint: 6000 ns, Total: 53400 ns
[258.400s][info ][safepoint      ] Safepoint "Cleanup", Time since last: 1000095872 ns, Reaching safepoint: 53000 ns, At safepoint: 2500 ns, Total: 55500 ns
[259.400s][info ][safepoint      ] Safepoint "Cleanup", Time since last: 1000102868 ns, Reaching safepoint: 50300 ns, At safepoint: 2000 ns, Total: 52300 ns
[260.400s][info ][safepoint      ] Safepoint "Cleanup", Time since last: 1000098065 ns, Reaching safepoint: 45900 ns, At safepoint: 2200 ns, Total: 48100 ns
[261.400s][info ][safepoint      ] Safepoint "Cleanup", Time since last: 1000057561 ns, Reaching safepoint: 47300 ns, At safepoint: 2000 ns, Total: 49300 ns
[262.401s][info ][safepoint      ] Safepoint "Cleanup", Time since last: 1000112458 ns, Reaching safepoint: 113500 ns, At safepoint: 5600 ns, Total: 119100 ns
[263.401s][info ][safepoint      ] Safepoint "Cleanup", Time since last: 1000104655 ns, Reaching safepoint: 32400 ns, At safepoint: 3800 ns, Total: 36200 ns
[267.401s][info ][safepoint      ] Safepoint "Cleanup", Time since last: 4000299483 ns, Reaching safepoint: 97300 ns, At safepoint: 8000 ns, Total: 105300 ns
[268.401s][info ][safepoint      ] Safepoint "Cleanup", Time since last: 1000105837 ns, Reaching safepoint: 120601 ns, At safepoint: 6600 ns, Total: 127201 ns
[269.402s][info ][safepoint      ] Safepoint "Cleanup", Time since last: 1000099133 ns, Reaching safepoint: 115301 ns, At safepoint: 5600 ns, Total: 120901 ns
[270.402s][info ][safepoint      ] Safepoint "Cleanup", Time since last: 1000098930 ns, Reaching safepoint: 98701 ns, At safepoint: 7200 ns, Total: 105901 ns
[271.402s][info ][safepoint      ] Safepoint "Cleanup", Time since last: 1000111727 ns, Reaching safepoint: 110800 ns, At safepoint: 7500 ns, Total: 118300 ns
[272.402s][info ][safepoint      ] Safepoint "Cleanup", Time since last: 1000106624 ns, Reaching safepoint: 123200 ns, At safepoint: 6300 ns, Total: 129500 ns
[273.403s][info ][safepoint      ] Safepoint "Cleanup", Time since last: 1000115721 ns, Reaching safepoint: 98400 ns, At safepoint: 7300 ns, Total: 105700 ns
[273.610s][info ][gc,start       ] GC(26) Pause Young (Allocation Failure)
[273.629s][debug][gc,phases      ] GC(26) Scavenge 18.441ms
[273.629s][debug][gc,ref         ] GC(26) Skipped phase 1 of Reference Processing: no references
[273.629s][debug][gc,ref         ] GC(26) Skipped phase 2 of Reference Processing: no references
[273.629s][debug][gc,ref         ] GC(26) Skipped phase 3 of Reference Processing: no references
[273.629s][debug][gc,ref         ] GC(26) ReferenceProcessor::execute queues: 1, RefProcThreadModel::Single, marks_oops_alive: false
[273.629s][debug][gc,phases      ] GC(26) Reference Processing 0.088ms
[273.629s][debug][gc,phases      ] GC(26)   VM Weak                        Min:  0.0, Avg:  0.0, Max:  0.0, Diff:  0.0, Sum:  0.0, Workers: 4
[273.629s][debug][gc,phases      ] GC(26)     Dead                           Min: 0, Avg:  0.0, Max: 0, Diff: 0, Sum: 0, Workers: 4
[273.629s][debug][gc,phases      ] GC(26)     Total                          Min: 0, Avg: 213.0, Max: 724, Diff: 724, Sum: 852, Workers: 4
[273.629s][debug][gc,phases      ] GC(26)   ObjectSynchronizer Weak        Min:  0.0, Avg:  0.0, Max:  0.0, Diff:  0.0, Sum:  0.0, Workers: 4
[273.629s][debug][gc,phases      ] GC(26)     Dead                           Min: 0, Avg:  0.0, Max: 0, Diff: 0, Sum: 0, Workers: 4
[273.629s][debug][gc,phases      ] GC(26)     Total                          Min: 0, Avg: 10.8, Max: 43, Diff: 43, Sum: 43, Workers: 4
[273.629s][debug][gc,phases      ] GC(26)   JVMTI Tag Weak OopStorage      Min:  0.0, Avg:  0.0, Max:  0.0, Diff:  0.0, Sum:  0.0, Workers: 4
[273.629s][debug][gc,phases      ] GC(26)     Dead                           Min: 0, Avg:  0.0, Max: 0, Diff: 0, Sum: 0, Workers: 4
[273.629s][debug][gc,phases      ] GC(26)     Total                          Min: 0, Avg:  0.0, Max: 0, Diff: 0, Sum: 0, Workers: 4
[273.629s][debug][gc,phases      ] GC(26)   StringTable Weak               Min:  0.0, Avg:  0.1, Max:  0.1, Diff:  0.1, Sum:  0.4, Workers: 4
[273.629s][debug][gc,phases      ] GC(26)     Dead                           Min: 0, Avg:  0.0, Max: 0, Diff: 0, Sum: 0, Workers: 4
[273.629s][debug][gc,phases      ] GC(26)     Total                          Min: 0, Avg: 10828.0, Max: 17024, Diff: 17024, Sum: 43312, Workers: 4
[273.629s][debug][gc,phases      ] GC(26)   ResolvedMethodTable Weak       Min:  0.0, Avg:  0.0, Max:  0.0, Diff:  0.0, Sum:  0.1, Workers: 4
[273.629s][debug][gc,phases      ] GC(26)     Dead                           Min: 0, Avg:  0.0, Max: 0, Diff: 0, Sum: 0, Workers: 4
[273.629s][debug][gc,phases      ] GC(26)     Total                          Min: 0, Avg: 2373.8, Max: 4158, Diff: 4158, Sum: 9495, Workers: 4
[273.629s][debug][gc,phases      ] GC(26)   JNI Weak                       Min:  0.0, Avg:  0.0, Max:  0.0, Diff:  0.0, Sum:  0.0, Workers: 4
[273.629s][debug][gc,phases      ] GC(26)     Dead                           Min: 0, Avg:  0.0, Max: 0, Diff: 0, Sum: 0, Workers: 4
[273.629s][debug][gc,phases      ] GC(26)     Total                          Min: 0, Avg: 11.2, Max: 45, Diff: 45, Sum: 45, Workers: 4
[273.629s][debug][gc,phases      ] GC(26)   StringDedup Table Weak         Min:  0.0, Avg:  0.0, Max:  0.0, Diff:  0.0, Sum:  0.0, Workers: 4
[273.629s][debug][gc,phases      ] GC(26)     Dead                           Min: 0, Avg:  0.0, Max: 0, Diff: 0, Sum: 0, Workers: 4
[273.629s][debug][gc,phases      ] GC(26)     Total                          Min: 0, Avg:  0.0, Max: 0, Diff: 0, Sum: 0, Workers: 4
[273.629s][debug][gc,phases      ] GC(26)   StringDedup Requests0 Weak     Min:  0.0, Avg:  0.0, Max:  0.0, Diff:  0.0, Sum:  0.0, Workers: 4
[273.629s][debug][gc,phases      ] GC(26)     Dead                           Min: 0, Avg:  0.0, Max: 0, Diff: 0, Sum: 0, Workers: 4
[273.629s][debug][gc,phases      ] GC(26)     Total                          Min: 0, Avg:  0.0, Max: 0, Diff: 0, Sum: 0, Workers: 4
[273.629s][debug][gc,phases      ] GC(26)   StringDedup Requests1 Weak     Min:  0.0, Avg:  0.0, Max:  0.0, Diff:  0.0, Sum:  0.0, Workers: 4
[273.629s][debug][gc,phases      ] GC(26)     Dead                           Min: 0, Avg:  0.0, Max: 0, Diff: 0, Sum: 0, Workers: 4
[273.629s][debug][gc,phases      ] GC(26)     Total                          Min: 0, Avg:  0.0, Max: 0, Diff: 0, Sum: 0, Workers: 4
[273.629s][debug][gc,phases      ] GC(26)   Weak JFR Old Object Samples    Min:  0.0, Avg:  0.0, Max:  0.0, Diff:  0.0, Sum:  0.0, Workers: 4
[273.629s][debug][gc,phases      ] GC(26)     Dead                           Min: 0, Avg:  0.0, Max: 0, Diff: 0, Sum: 0, Workers: 4
[273.629s][debug][gc,phases      ] GC(26)     Total                          Min: 0, Avg:  0.0, Max: 0, Diff: 0, Sum: 0, Workers: 4
[273.629s][debug][gc,phases      ] GC(26) Weak Processing 0.321ms
[273.629s][debug][gc,age         ] GC(26) Desired survivor size 522190848 bytes, new threshold 2 (max threshold 15)
[273.629s][info ][gc,heap        ] GC(26) PSYoungGen: 1092152K(1572864K)->10256K(1572864K) Eden: 1048576K(1048576K)->0K(1048576K) From: 43576K(524288K)->10256K(524288K)
[273.629s][info ][gc,heap        ] GC(26) ParOldGen: 421022K(524800K)->454192K(524800K)
[273.629s][info ][gc,metaspace   ] GC(26) Metaspace: 81243K(82304K)->81243K(82304K) NonClass: 69582K(70144K)->69582K(70144K) Class: 11661K(12160K)->11661K(12160K)
[273.629s][info ][gc             ] GC(26) Pause Young (Allocation Failure) 1477M->453M(2048M) 18.975ms
[273.629s][info ][gc,cpu         ] GC(26) User=0.05s Sys=0.02s Real=0.02s
[273.629s][debug][gc,phases      ] GC(27) Pre Compact 0.009ms
[273.629s][info ][gc,start       ] GC(27) Pause Full (Ergonomics)
[273.629s][info ][gc,phases,start] GC(27) Marking Phase
[273.746s][debug][gc,phases      ] GC(27) Par Mark 117.063ms
[273.746s][debug][gc,ref         ] GC(27) Skipped phase 1 of Reference Processing: no references
[273.747s][debug][gc,ref         ] GC(27) ReferenceProcessor::execute queues: 4, RefProcThreadModel::Multi, marks_oops_alive: false
[273.747s][debug][gc,ref         ] GC(27) Skipped phase 3 of Reference Processing: no references
[273.747s][debug][gc,ref         ] GC(27) ReferenceProcessor::execute queues: 1, RefProcThreadModel::Single, marks_oops_alive: false
[273.747s][debug][gc,phases      ] GC(27) Reference Processing 0.782ms
[273.747s][debug][gc,phases      ] GC(27)   VM Weak                        Min:  0.0, Avg:  0.0, Max:  0.0, Diff:  0.0, Sum:  0.0, Workers: 4
[273.747s][debug][gc,phases      ] GC(27)     Dead                           Min: 0, Avg:  0.0, Max: 0, Diff: 0, Sum: 0, Workers: 4
[273.747s][debug][gc,phases      ] GC(27)     Total                          Min: 0, Avg: 213.0, Max: 448, Diff: 448, Sum: 852, Workers: 4
[273.747s][debug][gc,phases      ] GC(27)   ObjectSynchronizer Weak        Min:  0.0, Avg:  0.0, Max:  0.0, Diff:  0.0, Sum:  0.0, Workers: 4
[273.747s][debug][gc,phases      ] GC(27)     Dead                           Min: 0, Avg:  0.0, Max: 0, Diff: 0, Sum: 0, Workers: 4
[273.747s][debug][gc,phases      ] GC(27)     Total                          Min: 0, Avg: 10.8, Max: 43, Diff: 43, Sum: 43, Workers: 4
[273.747s][debug][gc,phases      ] GC(27)   JVMTI Tag Weak OopStorage      Min:  0.0, Avg:  0.0, Max:  0.0, Diff:  0.0, Sum:  0.0, Workers: 4
[273.747s][debug][gc,phases      ] GC(27)     Dead                           Min: 0, Avg:  0.0, Max: 0, Diff: 0, Sum: 0, Workers: 4
[273.747s][debug][gc,phases      ] GC(27)     Total                          Min: 0, Avg:  0.0, Max: 0, Diff: 0, Sum: 0, Workers: 4
[273.747s][debug][gc,phases      ] GC(27)   StringTable Weak               Min:  0.0, Avg:  0.1, Max:  0.2, Diff:  0.2, Sum:  0.5, Workers: 4
[273.747s][debug][gc,phases      ] GC(27)     Dead                           Min: 0, Avg:  0.0, Max: 0, Diff: 0, Sum: 0, Workers: 4
[273.747s][debug][gc,phases      ] GC(27)     Total                          Min: 0, Avg: 10828.0, Max: 14960, Diff: 14960, Sum: 43312, Workers: 4
[273.747s][debug][gc,phases      ] GC(27)   ResolvedMethodTable Weak       Min:  0.0, Avg:  0.0, Max:  0.0, Diff:  0.0, Sum:  0.1, Workers: 4
[273.748s][debug][gc,phases      ] GC(27)     Dead                           Min: 0, Avg:  0.0, Max: 0, Diff: 0, Sum: 0, Workers: 4
[273.748s][debug][gc,phases      ] GC(27)     Total                          Min: 0, Avg: 2373.8, Max: 3328, Diff: 3328, Sum: 9495, Workers: 4
[273.748s][debug][gc,phases      ] GC(27)   JNI Weak                       Min:  0.0, Avg:  0.0, Max:  0.0, Diff:  0.0, Sum:  0.0, Workers: 4
[273.748s][debug][gc,phases      ] GC(27)     Dead                           Min: 0, Avg:  0.0, Max: 0, Diff: 0, Sum: 0, Workers: 4
[273.748s][debug][gc,phases      ] GC(27)     Total                          Min: 0, Avg: 11.2, Max: 45, Diff: 45, Sum: 45, Workers: 4
[273.748s][debug][gc,phases      ] GC(27)   StringDedup Table Weak         Min:  0.0, Avg:  0.0, Max:  0.0, Diff:  0.0, Sum:  0.0, Workers: 4
[273.748s][debug][gc,phases      ] GC(27)     Dead                           Min: 0, Avg:  0.0, Max: 0, Diff: 0, Sum: 0, Workers: 4
[273.748s][debug][gc,phases      ] GC(27)     Total                          Min: 0, Avg:  0.0, Max: 0, Diff: 0, Sum: 0, Workers: 4
[273.748s][debug][gc,phases      ] GC(27)   StringDedup Requests0 Weak     Min:  0.0, Avg:  0.0, Max:  0.0, Diff:  0.0, Sum:  0.0, Workers: 4
[273.748s][debug][gc,phases      ] GC(27)     Dead                           Min: 0, Avg:  0.0, Max: 0, Diff: 0, Sum: 0, Workers: 4
[273.748s][debug][gc,phases      ] GC(27)     Total                          Min: 0, Avg:  0.0, Max: 0, Diff: 0, Sum: 0, Workers: 4
[273.748s][debug][gc,phases      ] GC(27)   StringDedup Requests1 Weak     Min:  0.0, Avg:  0.0, Max:  0.0, Diff:  0.0, Sum:  0.0, Workers: 4
[273.748s][debug][gc,phases      ] GC(27)     Dead                           Min: 0, Avg:  0.0, Max: 0, Diff: 0, Sum: 0, Workers: 4
[273.748s][debug][gc,phases      ] GC(27)     Total                          Min: 0, Avg:  0.0, Max: 0, Diff: 0, Sum: 0, Workers: 4
[273.748s][debug][gc,phases      ] GC(27)   Weak JFR Old Object Samples    Min:  0.0, Avg:  0.0, Max:  0.0, Diff:  0.0, Sum:  0.0, Workers: 4
[273.748s][debug][gc,phases      ] GC(27)     Dead                           Min: 0, Avg:  0.0, Max: 0, Diff: 0, Sum: 0, Workers: 4
[273.748s][debug][gc,phases      ] GC(27)     Total                          Min: 0, Avg:  0.0, Max: 0, Diff: 0, Sum: 0, Workers: 4
[273.748s][debug][gc,phases      ] GC(27) Weak Processing 0.376ms
[273.748s][debug][gc,phases      ] GC(27) ClassLoaderData 0.094ms
[273.748s][debug][gc,phases      ] GC(27) Trigger cleanups 0.000ms
[273.764s][debug][gc,phases      ] GC(27) Class Unloading 16.598ms
[273.764s][info ][gc,phases      ] GC(27) Marking Phase 134.983ms
[273.764s][info ][gc,phases,start] GC(27) Summary Phase
[273.764s][info ][gc,phases      ] GC(27) Summary Phase 0.015ms
[273.764s][info ][gc,phases,start] GC(27) Adjust Roots
[273.777s][info ][gc,phases      ] GC(27) Adjust Roots 13.266ms
[273.777s][info ][gc,phases,start] GC(27) Compaction Phase
[273.953s][info ][gc,phases      ] GC(27) Compaction Phase 175.304ms
[273.953s][info ][gc,phases,start] GC(27) Post Compact
[273.954s][info ][gc,phases      ] GC(27) Post Compact 0.899ms
[273.954s][info ][gc,heap        ] GC(27) PSYoungGen: 10256K(1572864K)->0K(1587200K) Eden: 0K(1048576K)->0K(1077248K) From: 10256K(524288K)->0K(509952K)
[273.954s][info ][gc,heap        ] GC(27) ParOldGen: 454192K(524800K)->403190K(553984K)
[273.954s][info ][gc,metaspace   ] GC(27) Metaspace: 81243K(82304K)->81243K(82304K) NonClass: 69582K(70144K)->69582K(70144K) Class: 11661K(12160K)->11661K(12160K)
[273.954s][info ][gc             ] GC(27) Pause Full (Ergonomics) 453M->393M(2091M) 324.626ms
[273.954s][info ][gc,cpu         ] GC(27) User=1.09s Sys=0.00s Real=0.33s
[273.954s][info ][safepoint      ] Safepoint "ParallelGCFailedAllocation", Time since last: 207580310 ns, Reaching safepoint: 47900 ns, At safepoint: 343705774 ns, Total: 343753674 ns
[274.954s][info ][safepoint      ] Safepoint "Cleanup", Time since last: 1000089415 ns, Reaching safepoint: 121101 ns, At safepoint: 5400 ns, Total: 126501 ns
[277.954s][info ][safepoint      ] Safepoint "Cleanup", Time since last: 3000257325 ns, Reaching safepoint: 115400 ns, At safepoint: 5800 ns, Total: 121200 ns
[279.955s][info ][safepoint      ] Safepoint "Cleanup", Time since last: 2000191701 ns, Reaching safepoint: 96800 ns, At safepoint: 7900 ns, Total: 104700 ns
[280.955s][info ][safepoint      ] Safepoint "Cleanup", Time since last: 1000099495 ns, Reaching safepoint: 94100 ns, At safepoint: 3800 ns, Total: 97900 ns
[281.955s][info ][safepoint      ] Safepoint "Cleanup", Time since last: 1000114292 ns, Reaching safepoint: 122601 ns, At safepoint: 4100 ns, Total: 126701 ns
[282.955s][info ][safepoint      ] Safepoint "Cleanup", Time since last: 1000113788 ns, Reaching safepoint: 108800 ns, At safepoint: 6400 ns, Total: 115200 ns
[283.956s][info ][safepoint      ] Safepoint "Cleanup", Time since last: 1000093886 ns, Reaching safepoint: 99300 ns, At safepoint: 7800 ns, Total: 107100 ns
[285.956s][info ][safepoint      ] Safepoint "Cleanup", Time since last: 2000169960 ns, Reaching safepoint: 121401 ns, At safepoint: 5100 ns, Total: 126501 ns
[287.956s][info ][safepoint      ] Safepoint "Cleanup", Time since last: 2000170447 ns, Reaching safepoint: 101400 ns, At safepoint: 7700 ns, Total: 109100 ns
[288.956s][info ][safepoint      ] Safepoint "Cleanup", Time since last: 1000103269 ns, Reaching safepoint: 109300 ns, At safepoint: 6700 ns, Total: 116000 ns
[292.957s][info ][safepoint      ] Safepoint "Cleanup", Time since last: 4000304343 ns, Reaching safepoint: 95700 ns, At safepoint: 7600 ns, Total: 103300 ns
[293.957s][info ][safepoint      ] Safepoint "Cleanup", Time since last: 1000102552 ns, Reaching safepoint: 124201 ns, At safepoint: 8000 ns, Total: 132201 ns
[294.957s][info ][safepoint      ] Safepoint "Cleanup", Time since last: 1000112049 ns, Reaching safepoint: 116301 ns, At safepoint: 6400 ns, Total: 122701 ns
[296.957s][info ][gc,start       ] GC(28) Pause Young (Allocation Failure)
[296.959s][debug][gc,phases      ] GC(28) Scavenge 1.775ms
[296.959s][debug][gc,ref         ] GC(28) Skipped phase 1 of Reference Processing: no references
[296.959s][debug][gc,ref         ] GC(28) Skipped phase 2 of Reference Processing: no references
[296.959s][debug][gc,ref         ] GC(28) Skipped phase 3 of Reference Processing: no references
[296.959s][debug][gc,ref         ] GC(28) Skipped phase 4 of Reference Processing: no references
[296.959s][debug][gc,phases      ] GC(28) Reference Processing 0.020ms
[296.959s][debug][gc,phases      ] GC(28)   VM Weak                        Min:  0.0, Avg:  0.0, Max:  0.0, Diff:  0.0, Sum:  0.0, Workers: 4
[296.959s][debug][gc,phases      ] GC(28)     Dead                           Min: 0, Avg:  0.0, Max: 0, Diff: 0, Sum: 0, Workers: 4
[296.959s][debug][gc,phases      ] GC(28)     Total                          Min: 0, Avg: 213.0, Max: 576, Diff: 576, Sum: 852, Workers: 4
[296.959s][debug][gc,phases      ] GC(28)   ObjectSynchronizer Weak        Min:  0.0, Avg:  0.0, Max:  0.0, Diff:  0.0, Sum:  0.0, Workers: 4
[296.959s][debug][gc,phases      ] GC(28)     Dead                           Min: 0, Avg:  0.0, Max: 0, Diff: 0, Sum: 0, Workers: 4
[296.959s][debug][gc,phases      ] GC(28)     Total                          Min: 0, Avg: 10.8, Max: 43, Diff: 43, Sum: 43, Workers: 4
[296.959s][debug][gc,phases      ] GC(28)   JVMTI Tag Weak OopStorage      Min:  0.0, Avg:  0.0, Max:  0.0, Diff:  0.0, Sum:  0.0, Workers: 4
[296.959s][debug][gc,phases      ] GC(28)     Dead                           Min: 0, Avg:  0.0, Max: 0, Diff: 0, Sum: 0, Workers: 4
[296.959s][debug][gc,phases      ] GC(28)     Total                          Min: 0, Avg:  0.0, Max: 0, Diff: 0, Sum: 0, Workers: 4
[296.959s][debug][gc,phases      ] GC(28)   StringTable Weak               Min:  0.0, Avg:  0.1, Max:  0.1, Diff:  0.1, Sum:  0.3, Workers: 4
[296.959s][debug][gc,phases      ] GC(28)     Dead                           Min: 0, Avg:  0.0, Max: 0, Diff: 0, Sum: 0, Workers: 4
[296.959s][debug][gc,phases      ] GC(28)     Total                          Min: 0, Avg: 10830.2, Max: 17728, Diff: 17728, Sum: 43321, Workers: 4
[296.959s][debug][gc,phases      ] GC(28)   ResolvedMethodTable Weak       Min:  0.0, Avg:  0.0, Max:  0.0, Diff:  0.0, Sum:  0.1, Workers: 4
[296.959s][debug][gc,phases      ] GC(28)     Dead                           Min: 0, Avg:  0.0, Max: 0, Diff: 0, Sum: 0, Workers: 4
[296.959s][debug][gc,phases      ] GC(28)     Total                          Min: 0, Avg: 2373.8, Max: 4158, Diff: 4158, Sum: 9495, Workers: 4
[296.959s][debug][gc,phases      ] GC(28)   JNI Weak                       Min:  0.0, Avg:  0.0, Max:  0.0, Diff:  0.0, Sum:  0.0, Workers: 4
[296.959s][debug][gc,phases      ] GC(28)     Dead                           Min: 0, Avg:  0.0, Max: 0, Diff: 0, Sum: 0, Workers: 4
[296.959s][debug][gc,phases      ] GC(28)     Total                          Min: 0, Avg: 11.2, Max: 45, Diff: 45, Sum: 45, Workers: 4
[296.959s][debug][gc,phases      ] GC(28)   StringDedup Table Weak         Min:  0.0, Avg:  0.0, Max:  0.0, Diff:  0.0, Sum:  0.0, Workers: 4
[296.959s][debug][gc,phases      ] GC(28)     Dead                           Min: 0, Avg:  0.0, Max: 0, Diff: 0, Sum: 0, Workers: 4
[296.959s][debug][gc,phases      ] GC(28)     Total                          Min: 0, Avg:  0.0, Max: 0, Diff: 0, Sum: 0, Workers: 4
[296.959s][debug][gc,phases      ] GC(28)   StringDedup Requests0 Weak     Min:  0.0, Avg:  0.0, Max:  0.0, Diff:  0.0, Sum:  0.0, Workers: 4
[296.959s][debug][gc,phases      ] GC(28)     Dead                           Min: 0, Avg:  0.0, Max: 0, Diff: 0, Sum: 0, Workers: 4
[296.959s][debug][gc,phases      ] GC(28)     Total                          Min: 0, Avg:  0.0, Max: 0, Diff: 0, Sum: 0, Workers: 4
[296.959s][debug][gc,phases      ] GC(28)   StringDedup Requests1 Weak     Min:  0.0, Avg:  0.0, Max:  0.0, Diff:  0.0, Sum:  0.0, Workers: 4
[296.959s][debug][gc,phases      ] GC(28)     Dead                           Min: 0, Avg:  0.0, Max: 0, Diff: 0, Sum: 0, Workers: 4
[296.959s][debug][gc,phases      ] GC(28)     Total                          Min: 0, Avg:  0.0, Max: 0, Diff: 0, Sum: 0, Workers: 4
[296.959s][debug][gc,phases      ] GC(28)   Weak JFR Old Object Samples    Min:  0.0, Avg:  0.0, Max:  0.0, Diff:  0.0, Sum:  0.0, Workers: 4
[296.959s][debug][gc,phases      ] GC(28)     Dead                           Min: 0, Avg:  0.0, Max: 0, Diff: 0, Sum: 0, Workers: 4
[296.959s][debug][gc,phases      ] GC(28)     Total                          Min: 0, Avg:  0.0, Max: 0, Diff: 0, Sum: 0, Workers: 4
[296.959s][debug][gc,phases      ] GC(28) Weak Processing 0.312ms
[296.959s][debug][gc,age         ] GC(28) Desired survivor size 495976448 bytes, new threshold 3 (max threshold 15)
[296.959s][info ][gc,heap        ] GC(28) PSYoungGen: 1077248K(1587200K)->896K(1587200K) Eden: 1077248K(1077248K)->0K(1077248K) From: 0K(509952K)->896K(509952K)
[296.959s][info ][gc,heap        ] GC(28) ParOldGen: 403190K(553984K)->403190K(553984K)
[296.959s][info ][gc,metaspace   ] GC(28) Metaspace: 81268K(82368K)->81268K(82368K) NonClass: 69606K(70208K)->69606K(70208K) Class: 11661K(12160K)->11661K(12160K)
[296.959s][info ][gc             ] GC(28) Pause Young (Allocation Failure) 1445M->394M(2091M) 2.190ms
[296.959s][info ][gc,cpu         ] GC(28) User=0.00s Sys=0.00s Real=0.00s
[296.959s][info ][safepoint      ] Safepoint "ParallelGCFailedAllocation", Time since last: 1999346086 ns, Reaching safepoint: 28000 ns, At safepoint: 2256707 ns, Total: 2284707 ns
[297.959s][info ][safepoint      ] Safepoint "Cleanup", Time since last: 1000085540 ns, Reaching safepoint: 113100 ns, At safepoint: 6400 ns, Total: 119500 ns
[298.959s][info ][safepoint      ] Safepoint "Cleanup", Time since last: 1000107937 ns, Reaching safepoint: 114700 ns, At safepoint: 5400 ns, Total: 120100 ns
[299.960s][info ][safepoint      ] Safepoint "Cleanup", Time since last: 1000091033 ns, Reaching safepoint: 96600 ns, At safepoint: 6601 ns, Total: 103201 ns
[301.960s][info ][safepoint      ] Safepoint "Cleanup", Time since last: 2000145256 ns, Reaching safepoint: 119101 ns, At safepoint: 7000 ns, Total: 126101 ns
[302.960s][info ][safepoint      ] Safepoint "Cleanup", Time since last: 1000105223 ns, Reaching safepoint: 27700 ns, At safepoint: 2200 ns, Total: 29900 ns
[304.960s][info ][safepoint      ] Safepoint "Cleanup", Time since last: 2000143338 ns, Reaching safepoint: 43500 ns, At safepoint: 3500 ns, Total: 47000 ns
[306.960s][info ][safepoint      ] Safepoint "Cleanup", Time since last: 2000138425 ns, Reaching safepoint: 120700 ns, At safepoint: 7000 ns, Total: 127700 ns
[308.961s][info ][safepoint      ] Safepoint "Cleanup", Time since last: 2000163013 ns, Reaching safepoint: 42300 ns, At safepoint: 2100 ns, Total: 44400 ns
[309.961s][info ][safepoint      ] Safepoint "Cleanup", Time since last: 1000100702 ns, Reaching safepoint: 26300 ns, At safepoint: 2700 ns, Total: 29000 ns
[311.961s][info ][safepoint      ] Safepoint "Cleanup", Time since last: 2000145893 ns, Reaching safepoint: 57900 ns, At safepoint: 3400 ns, Total: 61300 ns
[313.961s][info ][safepoint      ] Safepoint "Cleanup", Time since last: 2000159681 ns, Reaching safepoint: 119001 ns, At safepoint: 7800 ns, Total: 126801 ns
[314.961s][info ][safepoint      ] Safepoint "Cleanup", Time since last: 1000091286 ns, Reaching safepoint: 43700 ns, At safepoint: 4100 ns, Total: 47800 ns
[318.962s][info ][safepoint      ] Safepoint "Cleanup", Time since last: 4000291812 ns, Reaching safepoint: 38701 ns, At safepoint: 3000 ns, Total: 41701 ns
[320.458s][info ][gc,start       ] GC(29) Pause Young (Allocation Failure)
[320.460s][debug][gc,phases      ] GC(29) Scavenge 2.056ms
[320.460s][debug][gc,ref         ] GC(29) Skipped phase 1 of Reference Processing: no references
[320.460s][debug][gc,ref         ] GC(29) Skipped phase 2 of Reference Processing: no references
[320.460s][debug][gc,ref         ] GC(29) Skipped phase 3 of Reference Processing: no references
[320.460s][debug][gc,ref         ] GC(29) Skipped phase 4 of Reference Processing: no references
[320.460s][debug][gc,phases      ] GC(29) Reference Processing 0.033ms
[320.460s][debug][gc,phases      ] GC(29)   VM Weak                        Min:  0.0, Avg:  0.0, Max:  0.0, Diff:  0.0, Sum:  0.0, Workers: 4
[320.460s][debug][gc,phases      ] GC(29)     Dead                           Min: 0, Avg:  0.0, Max: 0, Diff: 0, Sum: 0, Workers: 4
[320.460s][debug][gc,phases      ] GC(29)     Total                          Min: 0, Avg: 213.0, Max: 532, Diff: 532, Sum: 852, Workers: 4
[320.460s][debug][gc,phases      ] GC(29)   ObjectSynchronizer Weak        Min:  0.0, Avg:  0.0, Max:  0.0, Diff:  0.0, Sum:  0.0, Workers: 4
[320.460s][debug][gc,phases      ] GC(29)     Dead                           Min: 0, Avg:  0.0, Max: 0, Diff: 0, Sum: 0, Workers: 4
[320.460s][debug][gc,phases      ] GC(29)     Total                          Min: 0, Avg: 11.0, Max: 44, Diff: 44, Sum: 44, Workers: 4
[320.460s][debug][gc,phases      ] GC(29)   JVMTI Tag Weak OopStorage      Min:  0.0, Avg:  0.0, Max:  0.0, Diff:  0.0, Sum:  0.0, Workers: 4
[320.460s][debug][gc,phases      ] GC(29)     Dead                           Min: 0, Avg:  0.0, Max: 0, Diff: 0, Sum: 0, Workers: 4
[320.460s][debug][gc,phases      ] GC(29)     Total                          Min: 0, Avg:  0.0, Max: 0, Diff: 0, Sum: 0, Workers: 4
[320.460s][debug][gc,phases      ] GC(29)   StringTable Weak               Min:  0.0, Avg:  0.1, Max:  0.1, Diff:  0.1, Sum:  0.4, Workers: 4
[320.460s][debug][gc,phases      ] GC(29)     Dead                           Min: 0, Avg:  0.0, Max: 0, Diff: 0, Sum: 0, Workers: 4
[320.460s][debug][gc,phases      ] GC(29)     Total                          Min: 0, Avg: 10830.8, Max: 18048, Diff: 18048, Sum: 43323, Workers: 4
[320.460s][debug][gc,phases      ] GC(29)   ResolvedMethodTable Weak       Min:  0.0, Avg:  0.0, Max:  0.0, Diff:  0.0, Sum:  0.1, Workers: 4
[320.460s][debug][gc,phases      ] GC(29)     Dead                           Min: 0, Avg:  0.0, Max: 0, Diff: 0, Sum: 0, Workers: 4
[320.460s][debug][gc,phases      ] GC(29)     Total                          Min: 0, Avg: 2373.8, Max: 4119, Diff: 4119, Sum: 9495, Workers: 4
[320.460s][debug][gc,phases      ] GC(29)   JNI Weak                       Min:  0.0, Avg:  0.0, Max:  0.0, Diff:  0.0, Sum:  0.0, Workers: 4
[320.460s][debug][gc,phases      ] GC(29)     Dead                           Min: 0, Avg:  0.0, Max: 0, Diff: 0, Sum: 0, Workers: 4
[320.460s][debug][gc,phases      ] GC(29)     Total                          Min: 0, Avg: 11.2, Max: 45, Diff: 45, Sum: 45, Workers: 4
[320.460s][debug][gc,phases      ] GC(29)   StringDedup Table Weak         Min:  0.0, Avg:  0.0, Max:  0.0, Diff:  0.0, Sum:  0.0, Workers: 4
[320.460s][debug][gc,phases      ] GC(29)     Dead                           Min: 0, Avg:  0.0, Max: 0, Diff: 0, Sum: 0, Workers: 4
[320.460s][debug][gc,phases      ] GC(29)     Total                          Min: 0, Avg:  0.0, Max: 0, Diff: 0, Sum: 0, Workers: 4
[320.460s][debug][gc,phases      ] GC(29)   StringDedup Requests0 Weak     Min:  0.0, Avg:  0.0, Max:  0.0, Diff:  0.0, Sum:  0.0, Workers: 4
[320.460s][debug][gc,phases      ] GC(29)     Dead                           Min: 0, Avg:  0.0, Max: 0, Diff: 0, Sum: 0, Workers: 4
[320.460s][debug][gc,phases      ] GC(29)     Total                          Min: 0, Avg:  0.0, Max: 0, Diff: 0, Sum: 0, Workers: 4
[320.460s][debug][gc,phases      ] GC(29)   StringDedup Requests1 Weak     Min:  0.0, Avg:  0.0, Max:  0.0, Diff:  0.0, Sum:  0.0, Workers: 4
[320.460s][debug][gc,phases      ] GC(29)     Dead                           Min: 0, Avg:  0.0, Max: 0, Diff: 0, Sum: 0, Workers: 4
[320.460s][debug][gc,phases      ] GC(29)     Total                          Min: 0, Avg:  0.0, Max: 0, Diff: 0, Sum: 0, Workers: 4
[320.460s][debug][gc,phases      ] GC(29)   Weak JFR Old Object Samples    Min:  0.0, Avg:  0.0, Max:  0.0, Diff:  0.0, Sum:  0.0, Workers: 4
[320.460s][debug][gc,phases      ] GC(29)     Dead                           Min: 0, Avg:  0.0, Max: 0, Diff: 0, Sum: 0, Workers: 4
[320.460s][debug][gc,phases      ] GC(29)     Total                          Min: 0, Avg:  0.0, Max: 0, Diff: 0, Sum: 0, Workers: 4
[320.460s][debug][gc,phases      ] GC(29) Weak Processing 0.325ms
[320.460s][debug][gc,age         ] GC(29) Desired survivor size 469762048 bytes, new threshold 4 (max threshold 15)
[320.460s][info ][gc,heap        ] GC(29) PSYoungGen: 1078144K(1587200K)->1408K(1638400K) Eden: 1077248K(1077248K)->0K(1154048K) From: 896K(509952K)->1408K(484352K)
[320.460s][info ][gc,heap        ] GC(29) ParOldGen: 403190K(553984K)->403190K(553984K)
[320.460s][info ][gc,metaspace   ] GC(29) Metaspace: 81286K(82368K)->81286K(82368K) NonClass: 69624K(70208K)->69624K(70208K) Class: 11661K(12160K)->11661K(12160K)
[320.460s][info ][gc             ] GC(29) Pause Young (Allocation Failure) 1446M->395M(2141M) 2.503ms
[320.460s][info ][gc,cpu         ] GC(29) User=0.01s Sys=0.00s Real=0.00s
[320.460s][info ][safepoint      ] Safepoint "ParallelGCFailedAllocation", Time since last: 1495925890 ns, Reaching safepoint: 28500 ns, At safepoint: 2557709 ns, Total: 2586209 ns
[322.460s][info ][safepoint      ] Safepoint "Cleanup", Time since last: 2000148728 ns, Reaching safepoint: 114501 ns, At safepoint: 5400 ns, Total: 119901 ns
[323.461s][info ][safepoint      ] Safepoint "Cleanup", Time since last: 1000107160 ns, Reaching safepoint: 28200 ns, At safepoint: 2600 ns, Total: 30800 ns
[330.461s][info ][safepoint      ] Safepoint "Cleanup", Time since last: 7000471632 ns, Reaching safepoint: 27001 ns, At safepoint: 2500 ns, Total: 29501 ns
[331.768s][info ][safepoint      ] Safepoint "Cleanup", Time since last: 1306442526 ns, Reaching safepoint: 101200 ns, At safepoint: 5200 ns, Total: 106400 ns
[332.768s][info ][safepoint      ] Safepoint "Cleanup", Time since last: 1000102832 ns, Reaching safepoint: 42400 ns, At safepoint: 3000 ns, Total: 45400 ns
[333.768s][info ][safepoint      ] Safepoint "Cleanup", Time since last: 1000101629 ns, Reaching safepoint: 66800 ns, At safepoint: 2300 ns, Total: 69100 ns
[335.768s][info ][safepoint      ] Safepoint "Cleanup", Time since last: 2000094048 ns, Reaching safepoint: 36400 ns, At safepoint: 4100 ns, Total: 40500 ns
[337.768s][info ][safepoint      ] Safepoint "Cleanup", Time since last: 2000138336 ns, Reaching safepoint: 44700 ns, At safepoint: 3200 ns, Total: 47900 ns
[338.768s][info ][safepoint      ] Safepoint "Cleanup", Time since last: 1000092014 ns, Reaching safepoint: 67400 ns, At safepoint: 3200 ns, Total: 70600 ns
[340.769s][info ][safepoint      ] Safepoint "Cleanup", Time since last: 2000127119 ns, Reaching safepoint: 38500 ns, At safepoint: 2500 ns, Total: 41000 ns
[343.769s][info ][safepoint      ] Safepoint "Cleanup", Time since last: 3000201305 ns, Reaching safepoint: 35801 ns, At safepoint: 2200 ns, Total: 38001 ns
[344.303s][info ][gc,start       ] GC(30) Pause Young (Allocation Failure)
[344.306s][debug][gc,phases      ] GC(30) Scavenge 3.063ms
[344.306s][debug][gc,ref         ] GC(30) Skipped phase 1 of Reference Processing: no references
[344.306s][debug][gc,ref         ] GC(30) ReferenceProcessor::execute queues: 1, RefProcThreadModel::Single, marks_oops_alive: false
[344.306s][debug][gc,ref         ] GC(30) Skipped phase 3 of Reference Processing: no references
[344.306s][debug][gc,ref         ] GC(30) ReferenceProcessor::execute queues: 1, RefProcThreadModel::Single, marks_oops_alive: false
[344.306s][debug][gc,phases      ] GC(30) Reference Processing 0.081ms
[344.306s][debug][gc,phases      ] GC(30)   VM Weak                        Min:  0.0, Avg:  0.0, Max:  0.0, Diff:  0.0, Sum:  0.0, Workers: 4
[344.306s][debug][gc,phases      ] GC(30)     Dead                           Min: 0, Avg:  0.0, Max: 0, Diff: 0, Sum: 0, Workers: 4
[344.306s][debug][gc,phases      ] GC(30)     Total                          Min: 0, Avg: 213.2, Max: 576, Diff: 576, Sum: 853, Workers: 4
[344.306s][debug][gc,phases      ] GC(30)   ObjectSynchronizer Weak        Min:  0.0, Avg:  0.0, Max:  0.0, Diff:  0.0, Sum:  0.0, Workers: 4
[344.306s][debug][gc,phases      ] GC(30)     Dead                           Min: 0, Avg:  1.0, Max: 4, Diff: 4, Sum: 4, Workers: 4
[344.306s][debug][gc,phases      ] GC(30)     Total                          Min: 0, Avg: 12.0, Max: 48, Diff: 48, Sum: 48, Workers: 4
[344.306s][debug][gc,phases      ] GC(30)   JVMTI Tag Weak OopStorage      Min:  0.0, Avg:  0.0, Max:  0.0, Diff:  0.0, Sum:  0.0, Workers: 4
[344.306s][debug][gc,phases      ] GC(30)     Dead                           Min: 0, Avg:  0.0, Max: 0, Diff: 0, Sum: 0, Workers: 4
[344.306s][debug][gc,phases      ] GC(30)     Total                          Min: 0, Avg:  0.0, Max: 0, Diff: 0, Sum: 0, Workers: 4
[344.306s][debug][gc,phases      ] GC(30)   StringTable Weak               Min:  0.1, Avg:  0.1, Max:  0.1, Diff:  0.0, Sum:  0.4, Workers: 4
[344.306s][debug][gc,phases      ] GC(30)     Dead                           Min: 0, Avg:  0.5, Max: 2, Diff: 2, Sum: 2, Workers: 4
[344.306s][debug][gc,phases      ] GC(30)     Total                          Min: 9728, Avg: 10841.0, Max: 11968, Diff: 2240, Sum: 43364, Workers: 4
[344.306s][debug][gc,phases      ] GC(30)   ResolvedMethodTable Weak       Min:  0.0, Avg:  0.0, Max:  0.0, Diff:  0.0, Sum:  0.1, Workers: 4
[344.306s][debug][gc,phases      ] GC(30)     Dead                           Min: 0, Avg:  0.0, Max: 0, Diff: 0, Sum: 0, Workers: 4
[344.306s][debug][gc,phases      ] GC(30)     Total                          Min: 2240, Avg: 2384.0, Max: 2496, Diff: 256, Sum: 9536, Workers: 4
[344.306s][debug][gc,phases      ] GC(30)   JNI Weak                       Min:  0.0, Avg:  0.0, Max:  0.0, Diff:  0.0, Sum:  0.0, Workers: 4
[344.306s][debug][gc,phases      ] GC(30)     Dead                           Min: 0, Avg:  0.0, Max: 0, Diff: 0, Sum: 0, Workers: 4
[344.306s][debug][gc,phases      ] GC(30)     Total                          Min: 0, Avg: 11.2, Max: 45, Diff: 45, Sum: 45, Workers: 4
[344.306s][debug][gc,phases      ] GC(30)   StringDedup Table Weak         Min:  0.0, Avg:  0.0, Max:  0.0, Diff:  0.0, Sum:  0.0, Workers: 4
[344.306s][debug][gc,phases      ] GC(30)     Dead                           Min: 0, Avg:  0.0, Max: 0, Diff: 0, Sum: 0, Workers: 4
[344.306s][debug][gc,phases      ] GC(30)     Total                          Min: 0, Avg:  0.0, Max: 0, Diff: 0, Sum: 0, Workers: 4
[344.306s][debug][gc,phases      ] GC(30)   StringDedup Requests0 Weak     Min:  0.0, Avg:  0.0, Max:  0.0, Diff:  0.0, Sum:  0.0, Workers: 4
[344.306s][debug][gc,phases      ] GC(30)     Dead                           Min: 0, Avg:  0.0, Max: 0, Diff: 0, Sum: 0, Workers: 4
[344.306s][debug][gc,phases      ] GC(30)     Total                          Min: 0, Avg:  0.0, Max: 0, Diff: 0, Sum: 0, Workers: 4
[344.306s][debug][gc,phases      ] GC(30)   StringDedup Requests1 Weak     Min:  0.0, Avg:  0.0, Max:  0.0, Diff:  0.0, Sum:  0.0, Workers: 4
[344.306s][debug][gc,phases      ] GC(30)     Dead                           Min: 0, Avg:  0.0, Max: 0, Diff: 0, Sum: 0, Workers: 4
[344.306s][debug][gc,phases      ] GC(30)     Total                          Min: 0, Avg:  0.0, Max: 0, Diff: 0, Sum: 0, Workers: 4
[344.306s][debug][gc,phases      ] GC(30)   Weak JFR Old Object Samples    Min:  0.0, Avg:  0.0, Max:  0.0, Diff:  0.0, Sum:  0.0, Workers: 4
[344.306s][debug][gc,phases      ] GC(30)     Dead                           Min: 0, Avg:  0.0, Max: 0, Diff: 0, Sum: 0, Workers: 4
[344.306s][debug][gc,phases      ] GC(30)     Total                          Min: 0, Avg:  0.0, Max: 0, Diff: 0, Sum: 0, Workers: 4
[344.306s][debug][gc,phases      ] GC(30) Weak Processing 0.286ms
[344.306s][debug][gc,age         ] GC(30) Desired survivor size 444071936 bytes, new threshold 5 (max threshold 15)
[344.307s][info ][gc,heap        ] GC(30) PSYoungGen: 1155456K(1638400K)->2080K(1612800K) Eden: 1154048K(1154048K)->0K(1154048K) From: 1408K(484352K)->2080K(458752K)
[344.307s][info ][gc,heap        ] GC(30) ParOldGen: 403190K(553984K)->403198K(553984K)
[344.307s][info ][gc,metaspace   ] GC(30) Metaspace: 81503K(82560K)->81503K(82560K) NonClass: 69815K(70400K)->69815K(70400K) Class: 11688K(12160K)->11688K(12160K)
[344.307s][info ][gc             ] GC(30) Pause Young (Allocation Failure) 1522M->395M(2116M) 3.516ms
[344.307s][info ][gc,cpu         ] GC(30) User=0.01s Sys=0.00s Real=0.00s
[344.307s][info ][safepoint      ] Safepoint "ParallelGCFailedAllocation", Time since last: 534026906 ns, Reaching safepoint: 68000 ns, At safepoint: 3578512 ns, Total: 3646512 ns
[345.307s][info ][safepoint      ] Safepoint "Cleanup", Time since last: 1000092994 ns, Reaching safepoint: 114101 ns, At safepoint: 5200 ns, Total: 119301 ns
[347.307s][info ][safepoint      ] Safepoint "Cleanup", Time since last: 2000162980 ns, Reaching safepoint: 114600 ns, At safepoint: 19500 ns, Total: 134100 ns
[349.307s][info ][safepoint      ] Safepoint "Cleanup", Time since last: 2000178669 ns, Reaching safepoint: 115200 ns, At safepoint: 6800 ns, Total: 122000 ns
[350.308s][info ][safepoint      ] Safepoint "Cleanup", Time since last: 1000097280 ns, Reaching safepoint: 99001 ns, At safepoint: 7700 ns, Total: 106701 ns
[352.308s][info ][safepoint      ] Safepoint "Cleanup", Time since last: 2000171251 ns, Reaching safepoint: 115000 ns, At safepoint: 8500 ns, Total: 123500 ns
[354.308s][info ][safepoint      ] Safepoint "Cleanup", Time since last: 2000167840 ns, Reaching safepoint: 117600 ns, At safepoint: 10100 ns, Total: 127700 ns
[356.308s][info ][safepoint      ] Safepoint "Cleanup", Time since last: 2000168328 ns, Reaching safepoint: 100801 ns, At safepoint: 8400 ns, Total: 109201 ns
[358.309s][info ][safepoint      ] Safepoint "Cleanup", Time since last: 2000174716 ns, Reaching safepoint: 120101 ns, At safepoint: 8400 ns, Total: 128501 ns
[361.309s][info ][safepoint      ] Safepoint "Cleanup", Time since last: 3000256553 ns, Reaching safepoint: 113601 ns, At safepoint: 10000 ns, Total: 123601 ns
[362.309s][info ][safepoint      ] Safepoint "Cleanup", Time since last: 1000119846 ns, Reaching safepoint: 96800 ns, At safepoint: 3300 ns, Total: 100100 ns
[363.310s][info ][safepoint      ] Safepoint "Cleanup", Time since last: 1000107443 ns, Reaching safepoint: 122000 ns, At safepoint: 6200 ns, Total: 128200 ns
[364.310s][info ][safepoint      ] Safepoint "Cleanup", Time since last: 1000115540 ns, Reaching safepoint: 102600 ns, At safepoint: 4200 ns, Total: 106800 ns
[369.701s][info ][gc,start       ] GC(31) Pause Young (Allocation Failure)
[369.703s][debug][gc,phases      ] GC(31) Scavenge 2.263ms
[369.703s][debug][gc,ref         ] GC(31) Skipped phase 1 of Reference Processing: no references
[369.704s][debug][gc,ref         ] GC(31) ReferenceProcessor::execute queues: 1, RefProcThreadModel::Single, marks_oops_alive: false
[369.704s][debug][gc,ref         ] GC(31) Skipped phase 3 of Reference Processing: no references
[369.704s][debug][gc,ref         ] GC(31) ReferenceProcessor::execute queues: 1, RefProcThreadModel::Single, marks_oops_alive: false
[369.704s][debug][gc,phases      ] GC(31) Reference Processing 0.094ms
[369.704s][debug][gc,phases      ] GC(31)   VM Weak                        Min:  0.0, Avg:  0.0, Max:  0.0, Diff:  0.0, Sum:  0.0, Workers: 4
[369.704s][debug][gc,phases      ] GC(31)     Dead                           Min: 0, Avg:  0.0, Max: 0, Diff: 0, Sum: 0, Workers: 4
[369.704s][debug][gc,phases      ] GC(31)     Total                          Min: 0, Avg: 213.2, Max: 448, Diff: 448, Sum: 853, Workers: 4
[369.704s][debug][gc,phases      ] GC(31)   ObjectSynchronizer Weak        Min:  0.0, Avg:  0.0, Max:  0.0, Diff:  0.0, Sum:  0.0, Workers: 4
[369.704s][debug][gc,phases      ] GC(31)     Dead                           Min: 0, Avg:  0.0, Max: 0, Diff: 0, Sum: 0, Workers: 4
[369.704s][debug][gc,phases      ] GC(31)     Total                          Min: 0, Avg: 12.0, Max: 48, Diff: 48, Sum: 48, Workers: 4
[369.704s][debug][gc,phases      ] GC(31)   JVMTI Tag Weak OopStorage      Min:  0.0, Avg:  0.0, Max:  0.0, Diff:  0.0, Sum:  0.0, Workers: 4
[369.704s][debug][gc,phases      ] GC(31)     Dead                           Min: 0, Avg:  0.0, Max: 0, Diff: 0, Sum: 0, Workers: 4
[369.704s][debug][gc,phases      ] GC(31)     Total                          Min: 0, Avg:  0.0, Max: 0, Diff: 0, Sum: 0, Workers: 4
[369.704s][debug][gc,phases      ] GC(31)   StringTable Weak               Min:  0.0, Avg:  0.1, Max:  0.1, Diff:  0.1, Sum:  0.3, Workers: 4
[369.704s][debug][gc,phases      ] GC(31)     Dead                           Min: 0, Avg:  0.0, Max: 0, Diff: 0, Sum: 0, Workers: 4
[369.704s][debug][gc,phases      ] GC(31)     Total                          Min: 0, Avg: 10841.0, Max: 16676, Diff: 16676, Sum: 43364, Workers: 4
[369.704s][debug][gc,phases      ] GC(31)   ResolvedMethodTable Weak       Min:  0.0, Avg:  0.0, Max:  0.0, Diff:  0.0, Sum:  0.1, Workers: 4
[369.704s][debug][gc,phases      ] GC(31)     Dead                           Min: 0, Avg:  0.0, Max: 0, Diff: 0, Sum: 0, Workers: 4
[369.704s][debug][gc,phases      ] GC(31)     Total                          Min: 0, Avg: 2384.0, Max: 4224, Diff: 4224, Sum: 9536, Workers: 4
[369.704s][debug][gc,phases      ] GC(31)   JNI Weak                       Min:  0.0, Avg:  0.0, Max:  0.0, Diff:  0.0, Sum:  0.0, Workers: 4
[369.704s][debug][gc,phases      ] GC(31)     Dead                           Min: 0, Avg:  0.0, Max: 0, Diff: 0, Sum: 0, Workers: 4
[369.704s][debug][gc,phases      ] GC(31)     Total                          Min: 0, Avg: 11.2, Max: 45, Diff: 45, Sum: 45, Workers: 4
[369.704s][debug][gc,phases      ] GC(31)   StringDedup Table Weak         Min:  0.0, Avg:  0.0, Max:  0.0, Diff:  0.0, Sum:  0.0, Workers: 4
[369.704s][debug][gc,phases      ] GC(31)     Dead                           Min: 0, Avg:  0.0, Max: 0, Diff: 0, Sum: 0, Workers: 4
[369.704s][debug][gc,phases      ] GC(31)     Total                          Min: 0, Avg:  0.0, Max: 0, Diff: 0, Sum: 0, Workers: 4
[369.704s][debug][gc,phases      ] GC(31)   StringDedup Requests0 Weak     Min:  0.0, Avg:  0.0, Max:  0.0, Diff:  0.0, Sum:  0.0, Workers: 4
[369.704s][debug][gc,phases      ] GC(31)     Dead                           Min: 0, Avg:  0.0, Max: 0, Diff: 0, Sum: 0, Workers: 4
[369.704s][debug][gc,phases      ] GC(31)     Total                          Min: 0, Avg:  0.0, Max: 0, Diff: 0, Sum: 0, Workers: 4
[369.704s][debug][gc,phases      ] GC(31)   StringDedup Requests1 Weak     Min:  0.0, Avg:  0.0, Max:  0.0, Diff:  0.0, Sum:  0.0, Workers: 4
[369.704s][debug][gc,phases      ] GC(31)     Dead                           Min: 0, Avg:  0.0, Max: 0, Diff: 0, Sum: 0, Workers: 4
[369.704s][debug][gc,phases      ] GC(31)     Total                          Min: 0, Avg:  0.0, Max: 0, Diff: 0, Sum: 0, Workers: 4
[369.704s][debug][gc,phases      ] GC(31)   Weak JFR Old Object Samples    Min:  0.0, Avg:  0.0, Max:  0.0, Diff:  0.0, Sum:  0.0, Workers: 4
[369.704s][debug][gc,phases      ] GC(31)     Dead                           Min: 0, Avg:  0.0, Max: 0, Diff: 0, Sum: 0, Workers: 4
[369.704s][debug][gc,phases      ] GC(31)     Total                          Min: 0, Avg:  0.0, Max: 0, Diff: 0, Sum: 0, Workers: 4
[369.704s][debug][gc,phases      ] GC(31) Weak Processing 0.332ms
[369.704s][debug][gc,age         ] GC(31) Desired survivor size 418381824 bytes, new threshold 6 (max threshold 15)
[369.704s][info ][gc,heap        ] GC(31) PSYoungGen: 1156128K(1612800K)->2112K(1688576K) Eden: 1154048K(1154048K)->0K(1254912K) From: 2080K(458752K)->2112K(433664K)
[369.704s][info ][gc,heap        ] GC(31) ParOldGen: 403198K(553984K)->403198K(553984K)
[369.704s][info ][gc,metaspace   ] GC(31) Metaspace: 81513K(82560K)->81513K(82560K) NonClass: 69824K(70400K)->69824K(70400K) Class: 11688K(12160K)->11688K(12160K)
[369.704s][info ][gc             ] GC(31) Pause Young (Allocation Failure) 1522M->395M(2190M) 2.778ms
[369.704s][info ][gc,cpu         ] GC(31) User=0.01s Sys=0.00s Real=0.00s
[369.704s][info ][safepoint      ] Safepoint "ParallelGCFailedAllocation", Time since last: 5391315179 ns, Reaching safepoint: 35300 ns, At safepoint: 2836209 ns, Total: 2871509 ns
[376.705s][info ][safepoint      ] Safepoint "Cleanup", Time since last: 7000474895 ns, Reaching safepoint: 128001 ns, At safepoint: 7200 ns, Total: 135201 ns
[378.715s][info ][safepoint      ] Safepoint "Cleanup", Time since last: 2009972833 ns, Reaching safepoint: 57500 ns, At safepoint: 2200 ns, Total: 59700 ns
[379.715s][info ][safepoint      ] Safepoint "Cleanup", Time since last: 1000107997 ns, Reaching safepoint: 25600 ns, At safepoint: 2100 ns, Total: 27700 ns
[383.715s][info ][safepoint      ] Safepoint "Cleanup", Time since last: 4000280261 ns, Reaching safepoint: 46301 ns, At safepoint: 2700 ns, Total: 49001 ns
[384.715s][info ][safepoint      ] Safepoint "Cleanup", Time since last: 1000064183 ns, Reaching safepoint: 24800 ns, At safepoint: 2100 ns, Total: 26900 ns
[387.715s][info ][safepoint      ] Safepoint "Cleanup", Time since last: 3000207534 ns, Reaching safepoint: 24201 ns, At safepoint: 2100 ns, Total: 26301 ns
[388.716s][info ][safepoint      ] Safepoint "Cleanup", Time since last: 1000095272 ns, Reaching safepoint: 47100 ns, At safepoint: 2000 ns, Total: 49100 ns
[390.110s][info ][safepoint      ] Safepoint "Cleanup", Time since last: 1394831981 ns, Reaching safepoint: 48001 ns, At safepoint: 2500 ns, Total: 50501 ns
[392.111s][info ][safepoint      ] Safepoint "Cleanup", Time since last: 2000138029 ns, Reaching safepoint: 115201 ns, At safepoint: 5800 ns, Total: 121001 ns
[395.111s][info ][safepoint      ] Safepoint "Cleanup", Time since last: 3000240175 ns, Reaching safepoint: 46500 ns, At safepoint: 3200 ns, Total: 49700 ns
[396.409s][info ][gc,start       ] GC(32) Pause Young (Allocation Failure)
[396.412s][debug][gc,phases      ] GC(32) Scavenge 3.359ms
[396.412s][debug][gc,ref         ] GC(32) Skipped phase 1 of Reference Processing: no references
[396.413s][debug][gc,ref         ] GC(32) ReferenceProcessor::execute queues: 1, RefProcThreadModel::Single, marks_oops_alive: false
[396.413s][debug][gc,ref         ] GC(32) Skipped phase 3 of Reference Processing: no references
[396.413s][debug][gc,ref         ] GC(32) ReferenceProcessor::execute queues: 1, RefProcThreadModel::Single, marks_oops_alive: false
[396.413s][debug][gc,phases      ] GC(32) Reference Processing 0.081ms
[396.413s][debug][gc,phases      ] GC(32)   VM Weak                        Min:  0.0, Avg:  0.0, Max:  0.0, Diff:  0.0, Sum:  0.0, Workers: 4
[396.413s][debug][gc,phases      ] GC(32)     Dead                           Min: 0, Avg:  0.0, Max: 0, Diff: 0, Sum: 0, Workers: 4
[396.413s][debug][gc,phases      ] GC(32)     Total                          Min: 0, Avg: 213.2, Max: 661, Diff: 661, Sum: 853, Workers: 4
[396.413s][debug][gc,phases      ] GC(32)   ObjectSynchronizer Weak        Min:  0.0, Avg:  0.0, Max:  0.0, Diff:  0.0, Sum:  0.0, Workers: 4
[396.413s][debug][gc,phases      ] GC(32)     Dead                           Min: 0, Avg:  0.0, Max: 0, Diff: 0, Sum: 0, Workers: 4
[396.413s][debug][gc,phases      ] GC(32)     Total                          Min: 0, Avg: 12.0, Max: 48, Diff: 48, Sum: 48, Workers: 4
[396.413s][debug][gc,phases      ] GC(32)   JVMTI Tag Weak OopStorage      Min:  0.0, Avg:  0.0, Max:  0.0, Diff:  0.0, Sum:  0.0, Workers: 4
[396.413s][debug][gc,phases      ] GC(32)     Dead                           Min: 0, Avg:  0.0, Max: 0, Diff: 0, Sum: 0, Workers: 4
[396.413s][debug][gc,phases      ] GC(32)     Total                          Min: 0, Avg:  0.0, Max: 0, Diff: 0, Sum: 0, Workers: 4
[396.413s][debug][gc,phases      ] GC(32)   StringTable Weak               Min:  0.1, Avg:  0.1, Max:  0.1, Diff:  0.0, Sum:  0.4, Workers: 4
[396.413s][debug][gc,phases      ] GC(32)     Dead                           Min: 0, Avg:  0.0, Max: 0, Diff: 0, Sum: 0, Workers: 4
[396.413s][debug][gc,phases      ] GC(32)     Total                          Min: 10240, Avg: 10843.2, Max: 11776, Diff: 1536, Sum: 43373, Workers: 4
[396.413s][debug][gc,phases      ] GC(32)   ResolvedMethodTable Weak       Min:  0.0, Avg:  0.0, Max:  0.0, Diff:  0.0, Sum:  0.1, Workers: 4
[396.413s][debug][gc,phases      ] GC(32)     Dead                           Min: 0, Avg:  0.0, Max: 0, Diff: 0, Sum: 0, Workers: 4
[396.413s][debug][gc,phases      ] GC(32)     Total                          Min: 896, Avg: 2384.0, Max: 3200, Diff: 2304, Sum: 9536, Workers: 4
[396.413s][debug][gc,phases      ] GC(32)   JNI Weak                       Min:  0.0, Avg:  0.0, Max:  0.0, Diff:  0.0, Sum:  0.0, Workers: 4
[396.413s][debug][gc,phases      ] GC(32)     Dead                           Min: 0, Avg:  0.0, Max: 0, Diff: 0, Sum: 0, Workers: 4
[396.413s][debug][gc,phases      ] GC(32)     Total                          Min: 0, Avg: 11.2, Max: 45, Diff: 45, Sum: 45, Workers: 4
[396.413s][debug][gc,phases      ] GC(32)   StringDedup Table Weak         Min:  0.0, Avg:  0.0, Max:  0.0, Diff:  0.0, Sum:  0.0, Workers: 4
[396.413s][debug][gc,phases      ] GC(32)     Dead                           Min: 0, Avg:  0.0, Max: 0, Diff: 0, Sum: 0, Workers: 4
[396.413s][debug][gc,phases      ] GC(32)     Total                          Min: 0, Avg:  0.0, Max: 0, Diff: 0, Sum: 0, Workers: 4
[396.413s][debug][gc,phases      ] GC(32)   StringDedup Requests0 Weak     Min:  0.0, Avg:  0.0, Max:  0.0, Diff:  0.0, Sum:  0.0, Workers: 4
[396.413s][debug][gc,phases      ] GC(32)     Dead                           Min: 0, Avg:  0.0, Max: 0, Diff: 0, Sum: 0, Workers: 4
[396.413s][debug][gc,phases      ] GC(32)     Total                          Min: 0, Avg:  0.0, Max: 0, Diff: 0, Sum: 0, Workers: 4
[396.413s][debug][gc,phases      ] GC(32)   StringDedup Requests1 Weak     Min:  0.0, Avg:  0.0, Max:  0.0, Diff:  0.0, Sum:  0.0, Workers: 4
[396.413s][debug][gc,phases      ] GC(32)     Dead                           Min: 0, Avg:  0.0, Max: 0, Diff: 0, Sum: 0, Workers: 4
[396.413s][debug][gc,phases      ] GC(32)     Total                          Min: 0, Avg:  0.0, Max: 0, Diff: 0, Sum: 0, Workers: 4
[396.413s][debug][gc,phases      ] GC(32)   Weak JFR Old Object Samples    Min:  0.0, Avg:  0.0, Max:  0.0, Diff:  0.0, Sum:  0.0, Workers: 4
[396.413s][debug][gc,phases      ] GC(32)     Dead                           Min: 0, Avg:  0.0, Max: 0, Diff: 0, Sum: 0, Workers: 4
[396.413s][debug][gc,phases      ] GC(32)     Total                          Min: 0, Avg:  0.0, Max: 0, Diff: 0, Sum: 0, Workers: 4
[396.413s][debug][gc,phases      ] GC(32) Weak Processing 0.300ms
[396.413s][debug][gc,age         ] GC(32) Desired survivor size 393740288 bytes, new threshold 7 (max threshold 15)
[396.413s][info ][gc,heap        ] GC(32) PSYoungGen: 1257024K(1688576K)->2208K(1663488K) Eden: 1254912K(1254912K)->0K(1254912K) From: 2112K(433664K)->2208K(408576K)
[396.413s][info ][gc,heap        ] GC(32) ParOldGen: 403198K(553984K)->403198K(553984K)
[396.413s][info ][gc,metaspace   ] GC(32) Metaspace: 81519K(82560K)->81519K(82560K) NonClass: 69830K(70400K)->69830K(70400K) Class: 11688K(12160K)->11688K(12160K)
[396.413s][info ][gc             ] GC(32) Pause Young (Allocation Failure) 1621M->395M(2165M) 3.826ms
[396.413s][info ][gc,cpu         ] GC(32) User=0.01s Sys=0.00s Real=0.01s
[396.413s][info ][safepoint      ] Safepoint "ParallelGCFailedAllocation", Time since last: 1298018462 ns, Reaching safepoint: 47500 ns, At safepoint: 3876812 ns, Total: 3924312 ns
[398.413s][info ][safepoint      ] Safepoint "Cleanup", Time since last: 2000138996 ns, Reaching safepoint: 24800 ns, At safepoint: 2000 ns, Total: 26800 ns
[399.413s][info ][safepoint      ] Safepoint "Cleanup", Time since last: 1000102145 ns, Reaching safepoint: 54800 ns, At safepoint: 6800 ns, Total: 61600 ns
[400.413s][info ][safepoint      ] Safepoint "Cleanup", Time since last: 1000097242 ns, Reaching safepoint: 51900 ns, At safepoint: 2400 ns, Total: 54300 ns
[401.414s][info ][safepoint      ] Safepoint "Cleanup", Time since last: 1000108739 ns, Reaching safepoint: 68700 ns, At safepoint: 2500 ns, Total: 71200 ns
[402.414s][info ][safepoint      ] Safepoint "Cleanup", Time since last: 1000094637 ns, Reaching safepoint: 26500 ns, At safepoint: 2400 ns, Total: 28900 ns
[403.414s][info ][safepoint      ] Safepoint "Cleanup", Time since last: 1000093834 ns, Reaching safepoint: 47000 ns, At safepoint: 3800 ns, Total: 50800 ns
[405.414s][info ][safepoint      ] Safepoint "Cleanup", Time since last: 2000176660 ns, Reaching safepoint: 106100 ns, At safepoint: 9500 ns, Total: 115600 ns
[406.414s][info ][safepoint      ] Safepoint "Cleanup", Time since last: 1000102726 ns, Reaching safepoint: 55000 ns, At safepoint: 6800 ns, Total: 61800 ns
[407.414s][info ][safepoint      ] Safepoint "Cleanup", Time since last: 1000116624 ns, Reaching safepoint: 47600 ns, At safepoint: 3300 ns, Total: 50900 ns
[408.415s][info ][safepoint      ] Safepoint "Cleanup", Time since last: 1000098721 ns, Reaching safepoint: 116200 ns, At safepoint: 5100 ns, Total: 121300 ns
[408.601s][info ][gc,start       ] GC(33) Pause Young (Allocation Failure)
[408.610s][debug][gc,phases      ] GC(33) Scavenge 9.135ms
[408.610s][debug][gc,ref         ] GC(33) Skipped phase 1 of Reference Processing: no references
[408.610s][debug][gc,ref         ] GC(33) ReferenceProcessor::execute queues: 1, RefProcThreadModel::Single, marks_oops_alive: false
[408.610s][debug][gc,ref         ] GC(33) Skipped phase 3 of Reference Processing: no references
[408.610s][debug][gc,ref         ] GC(33) ReferenceProcessor::execute queues: 1, RefProcThreadModel::Single, marks_oops_alive: false
[408.610s][debug][gc,phases      ] GC(33) Reference Processing 0.096ms
[408.610s][debug][gc,phases      ] GC(33)   VM Weak                        Min:  0.0, Avg:  0.0, Max:  0.0, Diff:  0.0, Sum:  0.0, Workers: 4
[408.610s][debug][gc,phases      ] GC(33)     Dead                           Min: 0, Avg:  0.0, Max: 0, Diff: 0, Sum: 0, Workers: 4
[408.610s][debug][gc,phases      ] GC(33)     Total                          Min: 0, Avg: 213.2, Max: 789, Diff: 789, Sum: 853, Workers: 4
[408.610s][debug][gc,phases      ] GC(33)   ObjectSynchronizer Weak        Min:  0.0, Avg:  0.0, Max:  0.0, Diff:  0.0, Sum:  0.0, Workers: 4
[408.610s][debug][gc,phases      ] GC(33)     Dead                           Min: 0, Avg:  0.0, Max: 0, Diff: 0, Sum: 0, Workers: 4
[408.610s][debug][gc,phases      ] GC(33)     Total                          Min: 0, Avg: 12.0, Max: 48, Diff: 48, Sum: 48, Workers: 4
[408.610s][debug][gc,phases      ] GC(33)   JVMTI Tag Weak OopStorage      Min:  0.0, Avg:  0.0, Max:  0.0, Diff:  0.0, Sum:  0.0, Workers: 4
[408.610s][debug][gc,phases      ] GC(33)     Dead                           Min: 0, Avg:  0.0, Max: 0, Diff: 0, Sum: 0, Workers: 4
[408.610s][debug][gc,phases      ] GC(33)     Total                          Min: 0, Avg:  0.0, Max: 0, Diff: 0, Sum: 0, Workers: 4
[408.610s][debug][gc,phases      ] GC(33)   StringTable Weak               Min:  0.0, Avg:  0.1, Max:  0.1, Diff:  0.1, Sum:  0.3, Workers: 4
[408.610s][debug][gc,phases      ] GC(33)     Dead                           Min: 0, Avg:  0.0, Max: 0, Diff: 0, Sum: 0, Workers: 4
[408.610s][debug][gc,phases      ] GC(33)     Total                          Min: 0, Avg: 10844.5, Max: 18674, Diff: 18674, Sum: 43378, Workers: 4
[408.610s][debug][gc,phases      ] GC(33)   ResolvedMethodTable Weak       Min:  0.0, Avg:  0.0, Max:  0.0, Diff:  0.0, Sum:  0.1, Workers: 4
[408.610s][debug][gc,phases      ] GC(33)     Dead                           Min: 0, Avg:  0.0, Max: 0, Diff: 0, Sum: 0, Workers: 4
[408.610s][debug][gc,phases      ] GC(33)     Total                          Min: 0, Avg: 2384.0, Max: 3968, Diff: 3968, Sum: 9536, Workers: 4
[408.610s][debug][gc,phases      ] GC(33)   JNI Weak                       Min:  0.0, Avg:  0.0, Max:  0.0, Diff:  0.0, Sum:  0.0, Workers: 4
[408.610s][debug][gc,phases      ] GC(33)     Dead                           Min: 0, Avg:  0.0, Max: 0, Diff: 0, Sum: 0, Workers: 4
[408.610s][debug][gc,phases      ] GC(33)     Total                          Min: 0, Avg: 11.2, Max: 45, Diff: 45, Sum: 45, Workers: 4
[408.610s][debug][gc,phases      ] GC(33)   StringDedup Table Weak         Min:  0.0, Avg:  0.0, Max:  0.0, Diff:  0.0, Sum:  0.0, Workers: 4
[408.610s][debug][gc,phases      ] GC(33)     Dead                           Min: 0, Avg:  0.0, Max: 0, Diff: 0, Sum: 0, Workers: 4
[408.610s][debug][gc,phases      ] GC(33)     Total                          Min: 0, Avg:  0.0, Max: 0, Diff: 0, Sum: 0, Workers: 4
[408.610s][debug][gc,phases      ] GC(33)   StringDedup Requests0 Weak     Min:  0.0, Avg:  0.0, Max:  0.0, Diff:  0.0, Sum:  0.0, Workers: 4
[408.610s][debug][gc,phases      ] GC(33)     Dead                           Min: 0, Avg:  0.0, Max: 0, Diff: 0, Sum: 0, Workers: 4
[408.610s][debug][gc,phases      ] GC(33)     Total                          Min: 0, Avg:  0.0, Max: 0, Diff: 0, Sum: 0, Workers: 4
[408.610s][debug][gc,phases      ] GC(33)   StringDedup Requests1 Weak     Min:  0.0, Avg:  0.0, Max:  0.0, Diff:  0.0, Sum:  0.0, Workers: 4
[408.610s][debug][gc,phases      ] GC(33)     Dead                           Min: 0, Avg:  0.0, Max: 0, Diff: 0, Sum: 0, Workers: 4
[408.610s][debug][gc,phases      ] GC(33)     Total                          Min: 0, Avg:  0.0, Max: 0, Diff: 0, Sum: 0, Workers: 4
[408.610s][debug][gc,phases      ] GC(33)   Weak JFR Old Object Samples    Min:  0.0, Avg:  0.0, Max:  0.0, Diff:  0.0, Sum:  0.0, Workers: 4
[408.610s][debug][gc,phases      ] GC(33)     Dead                           Min: 0, Avg:  0.0, Max: 0, Diff: 0, Sum: 0, Workers: 4
[408.610s][debug][gc,phases      ] GC(33)     Total                          Min: 0, Avg:  0.0, Max: 0, Diff: 0, Sum: 0, Workers: 4
[408.610s][debug][gc,phases      ] GC(33) Weak Processing 0.298ms
[408.610s][debug][gc,age         ] GC(33) Desired survivor size 365428736 bytes, new threshold 8 (max threshold 15)
[408.610s][info ][gc,heap        ] GC(33) PSYoungGen: 1257120K(1663488K)->27488K(1740288K) Eden: 1254912K(1254912K)->0K(1355776K) From: 2208K(408576K)->27488K(384512K)
[408.610s][info ][gc,heap        ] GC(33) ParOldGen: 403198K(553984K)->403198K(553984K)
[408.610s][info ][gc,metaspace   ] GC(33) Metaspace: 81538K(82560K)->81538K(82560K) NonClass: 69849K(70400K)->69849K(70400K) Class: 11689K(12160K)->11689K(12160K)
[408.610s][info ][gc             ] GC(33) Pause Young (Allocation Failure) 1621M->420M(2240M) 9.647ms
[408.610s][info ][gc,cpu         ] GC(33) User=0.04s Sys=0.00s Real=0.01s
[408.610s][info ][safepoint      ] Safepoint "ParallelGCFailedAllocation", Time since last: 185799261 ns, Reaching safepoint: 26200 ns, At safepoint: 9714029 ns, Total: 9740229 ns
[409.610s][info ][safepoint      ] Safepoint "Cleanup", Time since last: 1000095418 ns, Reaching safepoint: 144501 ns, At safepoint: 8500 ns, Total: 153001 ns
[410.611s][info ][safepoint      ] Safepoint "Cleanup", Time since last: 1000110815 ns, Reaching safepoint: 131200 ns, At safepoint: 7900 ns, Total: 139100 ns
[411.611s][info ][safepoint      ] Safepoint "Cleanup", Time since last: 1000119813 ns, Reaching safepoint: 120100 ns, At safepoint: 5300 ns, Total: 125400 ns
[412.611s][info ][safepoint      ] Safepoint "Cleanup", Time since last: 1000111511 ns, Reaching safepoint: 116200 ns, At safepoint: 5300 ns, Total: 121500 ns
[414.611s][info ][safepoint      ] Safepoint "Cleanup", Time since last: 2000164812 ns, Reaching safepoint: 43100 ns, At safepoint: 3800 ns, Total: 46900 ns
[415.612s][info ][safepoint      ] Safepoint "Cleanup", Time since last: 1000101303 ns, Reaching safepoint: 41500 ns, At safepoint: 3600 ns, Total: 45100 ns
[416.612s][info ][safepoint      ] Safepoint "Cleanup", Time since last: 1000099800 ns, Reaching safepoint: 38100 ns, At safepoint: 8400 ns, Total: 46500 ns
[417.612s][info ][safepoint      ] Safepoint "Cleanup", Time since last: 1000091397 ns, Reaching safepoint: 48000 ns, At safepoint: 2600 ns, Total: 50600 ns
[419.612s][info ][safepoint      ] Safepoint "Cleanup", Time since last: 2000144387 ns, Reaching safepoint: 41300 ns, At safepoint: 7500 ns, Total: 48800 ns
[420.612s][info ][safepoint      ] Safepoint "Cleanup", Time since last: 1000097790 ns, Reaching safepoint: 26400 ns, At safepoint: 2600 ns, Total: 29000 ns
[421.612s][info ][safepoint      ] Safepoint "Cleanup", Time since last: 1000099187 ns, Reaching safepoint: 106101 ns, At safepoint: 6000 ns, Total: 112101 ns
[422.613s][info ][safepoint      ] Safepoint "Cleanup", Time since last: 1000097484 ns, Reaching safepoint: 25700 ns, At safepoint: 2200 ns, Total: 27900 ns
[423.613s][info ][safepoint      ] Safepoint "Cleanup", Time since last: 1000102783 ns, Reaching safepoint: 56200 ns, At safepoint: 7900 ns, Total: 64100 ns
[424.613s][info ][safepoint      ] Safepoint "Cleanup", Time since last: 1000118879 ns, Reaching safepoint: 43901 ns, At safepoint: 9500 ns, Total: 53401 ns
[426.510s][info ][safepoint      ] Safepoint "Cleanup", Time since last: 1896741144 ns, Reaching safepoint: 103500 ns, At safepoint: 8600 ns, Total: 112100 ns
[427.510s][info ][safepoint      ] Safepoint "Cleanup", Time since last: 1000101573 ns, Reaching safepoint: 202400 ns, At safepoint: 5400 ns, Total: 207800 ns
[428.510s][info ][safepoint      ] Safepoint "Cleanup", Time since last: 1000095470 ns, Reaching safepoint: 140700 ns, At safepoint: 5100 ns, Total: 145800 ns
[429.511s][info ][safepoint      ] Safepoint "Cleanup", Time since last: 1000090668 ns, Reaching safepoint: 141900 ns, At safepoint: 7700 ns, Total: 149600 ns
[430.313s][info ][gc,start       ] GC(34) Pause Young (Allocation Failure)
[430.321s][debug][gc,phases      ] GC(34) Scavenge 8.831ms
[430.321s][debug][gc,ref         ] GC(34) Skipped phase 1 of Reference Processing: no references
[430.321s][debug][gc,ref         ] GC(34) ReferenceProcessor::execute queues: 1, RefProcThreadModel::Single, marks_oops_alive: false
[430.321s][debug][gc,ref         ] GC(34) Skipped phase 3 of Reference Processing: no references
[430.322s][debug][gc,ref         ] GC(34) ReferenceProcessor::execute queues: 1, RefProcThreadModel::Single, marks_oops_alive: false
[430.322s][debug][gc,phases      ] GC(34) Reference Processing 0.089ms
[430.322s][debug][gc,phases      ] GC(34)   VM Weak                        Min:  0.0, Avg:  0.0, Max:  0.0, Diff:  0.0, Sum:  0.0, Workers: 4
[430.322s][debug][gc,phases      ] GC(34)     Dead                           Min: 0, Avg:  0.0, Max: 0, Diff: 0, Sum: 0, Workers: 4
[430.322s][debug][gc,phases      ] GC(34)     Total                          Min: 0, Avg: 217.5, Max: 870, Diff: 870, Sum: 870, Workers: 4
[430.322s][debug][gc,phases      ] GC(34)   ObjectSynchronizer Weak        Min:  0.0, Avg:  0.0, Max:  0.0, Diff:  0.0, Sum:  0.0, Workers: 4
[430.322s][debug][gc,phases      ] GC(34)     Dead                           Min: 0, Avg:  0.0, Max: 0, Diff: 0, Sum: 0, Workers: 4
[430.322s][debug][gc,phases      ] GC(34)     Total                          Min: 0, Avg: 12.0, Max: 48, Diff: 48, Sum: 48, Workers: 4
[430.322s][debug][gc,phases      ] GC(34)   JVMTI Tag Weak OopStorage      Min:  0.0, Avg:  0.0, Max:  0.0, Diff:  0.0, Sum:  0.0, Workers: 4
[430.322s][debug][gc,phases      ] GC(34)     Dead                           Min: 0, Avg:  0.0, Max: 0, Diff: 0, Sum: 0, Workers: 4
[430.322s][debug][gc,phases      ] GC(34)     Total                          Min: 0, Avg:  0.0, Max: 0, Diff: 0, Sum: 0, Workers: 4
[430.322s][debug][gc,phases      ] GC(34)   StringTable Weak               Min:  0.1, Avg:  0.1, Max:  0.1, Diff:  0.0, Sum:  0.4, Workers: 4
[430.322s][debug][gc,phases      ] GC(34)     Dead                           Min: 0, Avg:  0.2, Max: 1, Diff: 1, Sum: 1, Workers: 4
[430.322s][debug][gc,phases      ] GC(34)     Total                          Min: 10048, Avg: 10849.8, Max: 11583, Diff: 1535, Sum: 43399, Workers: 4
[430.322s][debug][gc,phases      ] GC(34)   ResolvedMethodTable Weak       Min:  0.0, Avg:  0.0, Max:  0.0, Diff:  0.0, Sum:  0.1, Workers: 4
[430.322s][debug][gc,phases      ] GC(34)     Dead                           Min: 0, Avg:  0.0, Max: 0, Diff: 0, Sum: 0, Workers: 4
[430.322s][debug][gc,phases      ] GC(34)     Total                          Min: 1088, Avg: 2401.5, Max: 3014, Diff: 1926, Sum: 9606, Workers: 4
[430.322s][debug][gc,phases      ] GC(34)   JNI Weak                       Min:  0.0, Avg:  0.0, Max:  0.0, Diff:  0.0, Sum:  0.0, Workers: 4
[430.322s][debug][gc,phases      ] GC(34)     Dead                           Min: 0, Avg:  0.0, Max: 0, Diff: 0, Sum: 0, Workers: 4
[430.322s][debug][gc,phases      ] GC(34)     Total                          Min: 0, Avg: 11.2, Max: 45, Diff: 45, Sum: 45, Workers: 4
[430.322s][debug][gc,phases      ] GC(34)   StringDedup Table Weak         Min:  0.0, Avg:  0.0, Max:  0.0, Diff:  0.0, Sum:  0.0, Workers: 4
[430.322s][debug][gc,phases      ] GC(34)     Dead                           Min: 0, Avg:  0.0, Max: 0, Diff: 0, Sum: 0, Workers: 4
[430.322s][debug][gc,phases      ] GC(34)     Total                          Min: 0, Avg:  0.0, Max: 0, Diff: 0, Sum: 0, Workers: 4
[430.322s][debug][gc,phases      ] GC(34)   StringDedup Requests0 Weak     Min:  0.0, Avg:  0.0, Max:  0.0, Diff:  0.0, Sum:  0.0, Workers: 4
[430.322s][debug][gc,phases      ] GC(34)     Dead                           Min: 0, Avg:  0.0, Max: 0, Diff: 0, Sum: 0, Workers: 4
[430.322s][debug][gc,phases      ] GC(34)     Total                          Min: 0, Avg:  0.0, Max: 0, Diff: 0, Sum: 0, Workers: 4
[430.322s][debug][gc,phases      ] GC(34)   StringDedup Requests1 Weak     Min:  0.0, Avg:  0.0, Max:  0.0, Diff:  0.0, Sum:  0.0, Workers: 4
[430.322s][debug][gc,phases      ] GC(34)     Dead                           Min: 0, Avg:  0.0, Max: 0, Diff: 0, Sum: 0, Workers: 4
[430.322s][debug][gc,phases      ] GC(34)     Total                          Min: 0, Avg:  0.0, Max: 0, Diff: 0, Sum: 0, Workers: 4
[430.322s][debug][gc,phases      ] GC(34)   Weak JFR Old Object Samples    Min:  0.0, Avg:  0.0, Max:  0.0, Diff:  0.0, Sum:  0.0, Workers: 4
[430.322s][debug][gc,phases      ] GC(34)     Dead                           Min: 0, Avg:  0.0, Max: 0, Diff: 0, Sum: 0, Workers: 4
[430.322s][debug][gc,phases      ] GC(34)     Total                          Min: 0, Avg:  0.0, Max: 0, Diff: 0, Sum: 0, Workers: 4
[430.322s][debug][gc,phases      ] GC(34) Weak Processing 0.288ms
[430.322s][debug][gc,age         ] GC(34) Desired survivor size 339214336 bytes, new threshold 9 (max threshold 15)
[430.322s][info ][gc,heap        ] GC(34) PSYoungGen: 1383264K(1740288K)->26288K(1712640K) Eden: 1355776K(1355776K)->0K(1355776K) From: 27488K(384512K)->26288K(356864K)
[430.322s][info ][gc,heap        ] GC(34) ParOldGen: 403198K(553984K)->403198K(553984K)
[430.322s][info ][gc,metaspace   ] GC(34) Metaspace: 81655K(82688K)->81655K(82688K) NonClass: 69945K(70528K)->69945K(70528K) Class: 11710K(12160K)->11710K(12160K)
[430.322s][info ][gc             ] GC(34) Pause Young (Allocation Failure) 1744M->419M(2213M) 9.288ms
[430.322s][info ][gc,cpu         ] GC(34) User=0.03s Sys=0.00s Real=0.02s
[430.322s][info ][safepoint      ] Safepoint "ParallelGCFailedAllocation", Time since last: 801959078 ns, Reaching safepoint: 42400 ns, At safepoint: 9349328 ns, Total: 9391728 ns
[431.322s][info ][safepoint      ] Safepoint "Cleanup", Time since last: 1000078663 ns, Reaching safepoint: 83700 ns, At safepoint: 2500 ns, Total: 86200 ns
[432.322s][info ][safepoint      ] Safepoint "Cleanup", Time since last: 1000092160 ns, Reaching safepoint: 91101 ns, At safepoint: 7500 ns, Total: 98601 ns
[433.322s][info ][safepoint      ] Safepoint "Cleanup", Time since last: 1000095958 ns, Reaching safepoint: 66300 ns, At safepoint: 2200 ns, Total: 68500 ns
[434.323s][info ][safepoint      ] Safepoint "Cleanup", Time since last: 1000099756 ns, Reaching safepoint: 51400 ns, At safepoint: 2600 ns, Total: 54000 ns
[435.323s][info ][safepoint      ] Safepoint "Cleanup", Time since last: 1000050853 ns, Reaching safepoint: 46600 ns, At safepoint: 2500 ns, Total: 49100 ns
[436.323s][info ][safepoint      ] Safepoint "Cleanup", Time since last: 1000093850 ns, Reaching safepoint: 24900 ns, At safepoint: 2400 ns, Total: 27300 ns
[438.323s][info ][safepoint      ] Safepoint "Cleanup", Time since last: 2000158494 ns, Reaching safepoint: 26100 ns, At safepoint: 2700 ns, Total: 28800 ns
[439.323s][info ][safepoint      ] Safepoint "Cleanup", Time since last: 1000094044 ns, Reaching safepoint: 42900 ns, At safepoint: 3000 ns, Total: 45900 ns
[440.323s][info ][safepoint      ] Safepoint "Cleanup", Time since last: 1000052641 ns, Reaching safepoint: 40300 ns, At safepoint: 1900 ns, Total: 42200 ns
[441.323s][info ][safepoint      ] Safepoint "Cleanup", Time since last: 1000083038 ns, Reaching safepoint: 25000 ns, At safepoint: 2300 ns, Total: 27300 ns
[442.323s][info ][safepoint      ] Safepoint "Cleanup", Time since last: 1000098736 ns, Reaching safepoint: 45800 ns, At safepoint: 2400 ns, Total: 48200 ns
[443.324s][info ][safepoint      ] Safepoint "Cleanup", Time since last: 1000117634 ns, Reaching safepoint: 51200 ns, At safepoint: 2900 ns, Total: 54100 ns
[444.324s][info ][safepoint      ] Safepoint "Cleanup", Time since last: 1000099732 ns, Reaching safepoint: 44800 ns, At safepoint: 2700 ns, Total: 47500 ns
[445.324s][info ][safepoint      ] Safepoint "Cleanup", Time since last: 1000100028 ns, Reaching safepoint: 31401 ns, At safepoint: 7900 ns, Total: 39301 ns
[446.324s][info ][safepoint      ] Safepoint "Cleanup", Time since last: 1000101026 ns, Reaching safepoint: 26000 ns, At safepoint: 1700 ns, Total: 27700 ns
[447.324s][info ][safepoint      ] Safepoint "Cleanup", Time since last: 1000091524 ns, Reaching safepoint: 49400 ns, At safepoint: 3200 ns, Total: 52600 ns
[448.324s][info ][safepoint      ] Safepoint "Cleanup", Time since last: 1000097222 ns, Reaching safepoint: 45300 ns, At safepoint: 5300 ns, Total: 50600 ns
[452.325s][info ][safepoint      ] Safepoint "Cleanup", Time since last: 4000289662 ns, Reaching safepoint: 33100 ns, At safepoint: 2300 ns, Total: 35400 ns
[454.325s][info ][safepoint      ] Safepoint "Cleanup", Time since last: 2000166417 ns, Reaching safepoint: 48901 ns, At safepoint: 2400 ns, Total: 51301 ns
[455.325s][info ][safepoint      ] Safepoint "Cleanup", Time since last: 1000101205 ns, Reaching safepoint: 59200 ns, At safepoint: 7800 ns, Total: 67000 ns
[456.325s][info ][safepoint      ] Safepoint "Cleanup", Time since last: 1000088602 ns, Reaching safepoint: 45800 ns, At safepoint: 3900 ns, Total: 49700 ns
[459.325s][info ][safepoint      ] Safepoint "Cleanup", Time since last: 3000228994 ns, Reaching safepoint: 52300 ns, At safepoint: 4100 ns, Total: 56400 ns
[459.752s][info ][gc,start       ] GC(35) Pause Young (Allocation Failure)
[459.760s][debug][gc,phases      ] GC(35) Scavenge 8.014ms
[459.760s][debug][gc,ref         ] GC(35) Skipped phase 1 of Reference Processing: no references
[459.760s][debug][gc,ref         ] GC(35) ReferenceProcessor::execute queues: 1, RefProcThreadModel::Single, marks_oops_alive: false
[459.760s][debug][gc,ref         ] GC(35) Skipped phase 3 of Reference Processing: no references
[459.760s][debug][gc,ref         ] GC(35) ReferenceProcessor::execute queues: 1, RefProcThreadModel::Single, marks_oops_alive: false
[459.760s][debug][gc,phases      ] GC(35) Reference Processing 0.090ms
[459.760s][debug][gc,phases      ] GC(35)   VM Weak                        Min:  0.0, Avg:  0.0, Max:  0.0, Diff:  0.0, Sum:  0.0, Workers: 4
[459.760s][debug][gc,phases      ] GC(35)     Dead                           Min: 0, Avg:  0.0, Max: 0, Diff: 0, Sum: 0, Workers: 4
[459.760s][debug][gc,phases      ] GC(35)     Total                          Min: 0, Avg: 217.5, Max: 870, Diff: 870, Sum: 870, Workers: 4
[459.760s][debug][gc,phases      ] GC(35)   ObjectSynchronizer Weak        Min:  0.0, Avg:  0.0, Max:  0.0, Diff:  0.0, Sum:  0.0, Workers: 4
[459.760s][debug][gc,phases      ] GC(35)     Dead                           Min: 0, Avg:  0.0, Max: 0, Diff: 0, Sum: 0, Workers: 4
[459.760s][debug][gc,phases      ] GC(35)     Total                          Min: 0, Avg: 12.0, Max: 48, Diff: 48, Sum: 48, Workers: 4
[459.760s][debug][gc,phases      ] GC(35)   JVMTI Tag Weak OopStorage      Min:  0.0, Avg:  0.0, Max:  0.0, Diff:  0.0, Sum:  0.0, Workers: 4
[459.760s][debug][gc,phases      ] GC(35)     Dead                           Min: 0, Avg:  0.0, Max: 0, Diff: 0, Sum: 0, Workers: 4
[459.760s][debug][gc,phases      ] GC(35)     Total                          Min: 0, Avg:  0.0, Max: 0, Diff: 0, Sum: 0, Workers: 4
[459.760s][debug][gc,phases      ] GC(35)   StringTable Weak               Min:  0.0, Avg:  0.1, Max:  0.1, Diff:  0.1, Sum:  0.3, Workers: 4
[459.760s][debug][gc,phases      ] GC(35)     Dead                           Min: 0, Avg:  0.0, Max: 0, Diff: 0, Sum: 0, Workers: 4
[459.760s][debug][gc,phases      ] GC(35)     Total                          Min: 0, Avg: 10855.0, Max: 18460, Diff: 18460, Sum: 43420, Workers: 4
[459.761s][debug][gc,phases      ] GC(35)   ResolvedMethodTable Weak       Min:  0.0, Avg:  0.0, Max:  0.0, Diff:  0.0, Sum:  0.1, Workers: 4
[459.761s][debug][gc,phases      ] GC(35)     Dead                           Min: 0, Avg:  0.0, Max: 0, Diff: 0, Sum: 0, Workers: 4
[459.761s][debug][gc,phases      ] GC(35)     Total                          Min: 0, Avg: 2402.2, Max: 3648, Diff: 3648, Sum: 9609, Workers: 4
[459.761s][debug][gc,phases      ] GC(35)   JNI Weak                       Min:  0.0, Avg:  0.0, Max:  0.0, Diff:  0.0, Sum:  0.0, Workers: 4
[459.761s][debug][gc,phases      ] GC(35)     Dead                           Min: 0, Avg:  0.0, Max: 0, Diff: 0, Sum: 0, Workers: 4
[459.761s][debug][gc,phases      ] GC(35)     Total                          Min: 0, Avg: 11.2, Max: 45, Diff: 45, Sum: 45, Workers: 4
[459.761s][debug][gc,phases      ] GC(35)   StringDedup Table Weak         Min:  0.0, Avg:  0.0, Max:  0.0, Diff:  0.0, Sum:  0.0, Workers: 4
[459.761s][debug][gc,phases      ] GC(35)     Dead                           Min: 0, Avg:  0.0, Max: 0, Diff: 0, Sum: 0, Workers: 4
[459.761s][debug][gc,phases      ] GC(35)     Total                          Min: 0, Avg:  0.0, Max: 0, Diff: 0, Sum: 0, Workers: 4
[459.761s][debug][gc,phases      ] GC(35)   StringDedup Requests0 Weak     Min:  0.0, Avg:  0.0, Max:  0.0, Diff:  0.0, Sum:  0.0, Workers: 4
[459.761s][debug][gc,phases      ] GC(35)     Dead                           Min: 0, Avg:  0.0, Max: 0, Diff: 0, Sum: 0, Workers: 4
[459.761s][debug][gc,phases      ] GC(35)     Total                          Min: 0, Avg:  0.0, Max: 0, Diff: 0, Sum: 0, Workers: 4
[459.761s][debug][gc,phases      ] GC(35)   StringDedup Requests1 Weak     Min:  0.0, Avg:  0.0, Max:  0.0, Diff:  0.0, Sum:  0.0, Workers: 4
[459.761s][debug][gc,phases      ] GC(35)     Dead                           Min: 0, Avg:  0.0, Max: 0, Diff: 0, Sum: 0, Workers: 4
[459.761s][debug][gc,phases      ] GC(35)     Total                          Min: 0, Avg:  0.0, Max: 0, Diff: 0, Sum: 0, Workers: 4
[459.761s][debug][gc,phases      ] GC(35)   Weak JFR Old Object Samples    Min:  0.0, Avg:  0.0, Max:  0.0, Diff:  0.0, Sum:  0.0, Workers: 4
[459.761s][debug][gc,phases      ] GC(35)     Dead                           Min: 0, Avg:  0.0, Max: 0, Diff: 0, Sum: 0, Workers: 4
[459.761s][debug][gc,phases      ] GC(35)     Total                          Min: 0, Avg:  0.0, Max: 0, Diff: 0, Sum: 0, Workers: 4
[459.761s][debug][gc,phases      ] GC(35) Weak Processing 0.316ms
[459.761s][debug][gc,age         ] GC(35) Desired survivor size 314572800 bytes, new threshold 10 (max threshold 15)
[459.761s][info ][gc,heap        ] GC(35) PSYoungGen: 1382064K(1712640K)->26656K(1789952K) Eden: 1355776K(1355776K)->0K(1458688K) From: 26288K(356864K)->26656K(331264K)
[459.761s][info ][gc,heap        ] GC(35) ParOldGen: 403198K(553984K)->403206K(553984K)
[459.761s][info ][gc,metaspace   ] GC(35) Metaspace: 81720K(82752K)->81720K(82752K) NonClass: 70007K(70592K)->70007K(70592K) Class: 11712K(12160K)->11712K(12160K)
[459.761s][info ][gc             ] GC(35) Pause Young (Allocation Failure) 1743M->419M(2289M) 8.523ms
[459.761s][info ][gc,cpu         ] GC(35) User=0.04s Sys=0.00s Real=0.01s
[459.761s][info ][safepoint      ] Safepoint "ParallelGCFailedAllocation", Time since last: 426515135 ns, Reaching safepoint: 95000 ns, At safepoint: 8586325 ns, Total: 8681325 ns
[460.761s][info ][safepoint      ] Safepoint "Cleanup", Time since last: 1000087292 ns, Reaching safepoint: 58200 ns, At safepoint: 3800 ns, Total: 62000 ns
[463.761s][info ][safepoint      ] Safepoint "Cleanup", Time since last: 3000221563 ns, Reaching safepoint: 26200 ns, At safepoint: 2000 ns, Total: 28200 ns
[464.761s][info ][safepoint      ] Safepoint "Cleanup", Time since last: 1000101683 ns, Reaching safepoint: 44600 ns, At safepoint: 4900 ns, Total: 49500 ns
[465.761s][info ][safepoint      ] Safepoint "Cleanup", Time since last: 1000111580 ns, Reaching safepoint: 57401 ns, At safepoint: 2600 ns, Total: 60001 ns
[466.762s][info ][safepoint      ] Safepoint "Cleanup", Time since last: 1000095178 ns, Reaching safepoint: 42100 ns, At safepoint: 3000 ns, Total: 45100 ns
[467.762s][info ][safepoint      ] Safepoint "Cleanup", Time since last: 1000112276 ns, Reaching safepoint: 49400 ns, At safepoint: 6700 ns, Total: 56100 ns
[469.762s][info ][safepoint      ] Safepoint "Cleanup", Time since last: 2000141045 ns, Reaching safepoint: 119401 ns, At safepoint: 23400 ns, Total: 142801 ns
[470.762s][info ][safepoint      ] Safepoint "Cleanup", Time since last: 1000091769 ns, Reaching safepoint: 48300 ns, At safepoint: 2100 ns, Total: 50400 ns
[473.762s][info ][safepoint      ] Safepoint "Cleanup", Time since last: 3000218093 ns, Reaching safepoint: 27100 ns, At safepoint: 2100 ns, Total: 29200 ns
[474.762s][info ][safepoint      ] Safepoint "Cleanup", Time since last: 1000100260 ns, Reaching safepoint: 37801 ns, At safepoint: 2700 ns, Total: 40501 ns
[479.763s][info ][safepoint      ] Safepoint "Cleanup", Time since last: 5000311465 ns, Reaching safepoint: 44900 ns, At safepoint: 2300 ns, Total: 47200 ns
[481.763s][info ][safepoint      ] Safepoint "Cleanup", Time since last: 2000167591 ns, Reaching safepoint: 48000 ns, At safepoint: 5600 ns, Total: 53600 ns
[483.763s][info ][safepoint      ] Safepoint "Cleanup", Time since last: 2000171082 ns, Reaching safepoint: 52300 ns, At safepoint: 3200 ns, Total: 55500 ns
[484.763s][info ][safepoint      ] Safepoint "Cleanup", Time since last: 1000107037 ns, Reaching safepoint: 28000 ns, At safepoint: 2600 ns, Total: 30600 ns
[485.764s][info ][safepoint      ] Safepoint "Cleanup", Time since last: 1000101936 ns, Reaching safepoint: 48400 ns, At safepoint: 2500 ns, Total: 50900 ns
[486.764s][info ][safepoint      ] Safepoint "Cleanup", Time since last: 1000095833 ns, Reaching safepoint: 25600 ns, At safepoint: 2400 ns, Total: 28000 ns
[487.764s][info ][safepoint      ] Safepoint "Cleanup", Time since last: 1000094831 ns, Reaching safepoint: 22100 ns, At safepoint: 1900 ns, Total: 24000 ns
[488.764s][info ][safepoint      ] Safepoint "Cleanup", Time since last: 1000090828 ns, Reaching safepoint: 46101 ns, At safepoint: 7400 ns, Total: 53501 ns
[489.746s][info ][gc,start       ] GC(36) Pause Young (Allocation Failure)
[489.757s][debug][gc,phases      ] GC(36) Scavenge 10.321ms
[489.757s][debug][gc,ref         ] GC(36) Skipped phase 1 of Reference Processing: no references
[489.757s][debug][gc,ref         ] GC(36) ReferenceProcessor::execute queues: 1, RefProcThreadModel::Single, marks_oops_alive: false
[489.757s][debug][gc,ref         ] GC(36) Skipped phase 3 of Reference Processing: no references
[489.757s][debug][gc,ref         ] GC(36) ReferenceProcessor::execute queues: 1, RefProcThreadModel::Single, marks_oops_alive: false
[489.757s][debug][gc,phases      ] GC(36) Reference Processing 0.088ms
[489.757s][debug][gc,phases      ] GC(36)   VM Weak                        Min:  0.0, Avg:  0.0, Max:  0.0, Diff:  0.0, Sum:  0.0, Workers: 4
[489.757s][debug][gc,phases      ] GC(36)     Dead                           Min: 0, Avg:  0.0, Max: 0, Diff: 0, Sum: 0, Workers: 4
[489.757s][debug][gc,phases      ] GC(36)     Total                          Min: 0, Avg: 217.5, Max: 870, Diff: 870, Sum: 870, Workers: 4
[489.757s][debug][gc,phases      ] GC(36)   ObjectSynchronizer Weak        Min:  0.0, Avg:  0.0, Max:  0.0, Diff:  0.0, Sum:  0.0, Workers: 4
[489.757s][debug][gc,phases      ] GC(36)     Dead                           Min: 0, Avg:  0.0, Max: 0, Diff: 0, Sum: 0, Workers: 4
[489.757s][debug][gc,phases      ] GC(36)     Total                          Min: 0, Avg: 12.0, Max: 48, Diff: 48, Sum: 48, Workers: 4
[489.757s][debug][gc,phases      ] GC(36)   JVMTI Tag Weak OopStorage      Min:  0.0, Avg:  0.0, Max:  0.0, Diff:  0.0, Sum:  0.0, Workers: 4
[489.757s][debug][gc,phases      ] GC(36)     Dead                           Min: 0, Avg:  0.0, Max: 0, Diff: 0, Sum: 0, Workers: 4
[489.757s][debug][gc,phases      ] GC(36)     Total                          Min: 0, Avg:  0.0, Max: 0, Diff: 0, Sum: 0, Workers: 4
[489.757s][debug][gc,phases      ] GC(36)   StringTable Weak               Min:  0.1, Avg:  0.1, Max:  0.1, Diff:  0.0, Sum:  0.4, Workers: 4
[489.757s][debug][gc,phases      ] GC(36)     Dead                           Min: 0, Avg:  0.0, Max: 0, Diff: 0, Sum: 0, Workers: 4
[489.757s][debug][gc,phases      ] GC(36)     Total                          Min: 9984, Avg: 10855.0, Max: 11264, Diff: 1280, Sum: 43420, Workers: 4
[489.757s][debug][gc,phases      ] GC(36)   ResolvedMethodTable Weak       Min:  0.0, Avg:  0.0, Max:  0.0, Diff:  0.0, Sum:  0.1, Workers: 4
[489.757s][debug][gc,phases      ] GC(36)     Dead                           Min: 0, Avg:  0.0, Max: 0, Diff: 0, Sum: 0, Workers: 4
[489.757s][debug][gc,phases      ] GC(36)     Total                          Min: 2240, Avg: 2402.2, Max: 2496, Diff: 256, Sum: 9609, Workers: 4
[489.757s][debug][gc,phases      ] GC(36)   JNI Weak                       Min:  0.0, Avg:  0.0, Max:  0.0, Diff:  0.0, Sum:  0.0, Workers: 4
[489.757s][debug][gc,phases      ] GC(36)     Dead                           Min: 0, Avg:  0.0, Max: 0, Diff: 0, Sum: 0, Workers: 4
[489.757s][debug][gc,phases      ] GC(36)     Total                          Min: 0, Avg: 11.2, Max: 45, Diff: 45, Sum: 45, Workers: 4
[489.757s][debug][gc,phases      ] GC(36)   StringDedup Table Weak         Min:  0.0, Avg:  0.0, Max:  0.0, Diff:  0.0, Sum:  0.0, Workers: 4
[489.757s][debug][gc,phases      ] GC(36)     Dead                           Min: 0, Avg:  0.0, Max: 0, Diff: 0, Sum: 0, Workers: 4
[489.757s][debug][gc,phases      ] GC(36)     Total                          Min: 0, Avg:  0.0, Max: 0, Diff: 0, Sum: 0, Workers: 4
[489.757s][debug][gc,phases      ] GC(36)   StringDedup Requests0 Weak     Min:  0.0, Avg:  0.0, Max:  0.0, Diff:  0.0, Sum:  0.0, Workers: 4
[489.757s][debug][gc,phases      ] GC(36)     Dead                           Min: 0, Avg:  0.0, Max: 0, Diff: 0, Sum: 0, Workers: 4
[489.757s][debug][gc,phases      ] GC(36)     Total                          Min: 0, Avg:  0.0, Max: 0, Diff: 0, Sum: 0, Workers: 4
[489.757s][debug][gc,phases      ] GC(36)   StringDedup Requests1 Weak     Min:  0.0, Avg:  0.0, Max:  0.0, Diff:  0.0, Sum:  0.0, Workers: 4
[489.757s][debug][gc,phases      ] GC(36)     Dead                           Min: 0, Avg:  0.0, Max: 0, Diff: 0, Sum: 0, Workers: 4
[489.757s][debug][gc,phases      ] GC(36)     Total                          Min: 0, Avg:  0.0, Max: 0, Diff: 0, Sum: 0, Workers: 4
[489.757s][debug][gc,phases      ] GC(36)   Weak JFR Old Object Samples    Min:  0.0, Avg:  0.0, Max:  0.0, Diff:  0.0, Sum:  0.0, Workers: 4
[489.757s][debug][gc,phases      ] GC(36)     Dead                           Min: 0, Avg:  0.0, Max: 0, Diff: 0, Sum: 0, Workers: 4
[489.757s][debug][gc,phases      ] GC(36)     Total                          Min: 0, Avg:  0.0, Max: 0, Diff: 0, Sum: 0, Workers: 4
[489.757s][debug][gc,phases      ] GC(36) Weak Processing 0.287ms
[489.757s][debug][gc,age         ] GC(36) Desired survivor size 292028416 bytes, new threshold 11 (max threshold 15)
[489.757s][info ][gc,heap        ] GC(36) PSYoungGen: 1485344K(1789952K)->27419K(1765888K) Eden: 1458688K(1458688K)->0K(1458688K) From: 26656K(331264K)->27419K(307200K)
[489.757s][info ][gc,heap        ] GC(36) ParOldGen: 403206K(553984K)->403206K(553984K)
[489.757s][info ][gc,metaspace   ] GC(36) Metaspace: 81736K(82752K)->81736K(82752K) NonClass: 70023K(70592K)->70023K(70592K) Class: 11712K(12160K)->11712K(12160K)
[489.757s][info ][gc             ] GC(36) Pause Young (Allocation Failure) 1844M->420M(2265M) 10.797ms
[489.757s][info ][gc,cpu         ] GC(36) User=0.03s Sys=0.00s Real=0.01s
[489.757s][info ][safepoint      ] Safepoint "ParallelGCFailedAllocation", Time since last: 982296176 ns, Reaching safepoint: 104900 ns, At safepoint: 10862931 ns, Total: 10967831 ns
[491.758s][info ][safepoint      ] Safepoint "Cleanup", Time since last: 2000148846 ns, Reaching safepoint: 111600 ns, At safepoint: 5600 ns, Total: 117200 ns
[493.758s][info ][safepoint      ] Safepoint "Cleanup", Time since last: 2000170338 ns, Reaching safepoint: 92200 ns, At safepoint: 6700 ns, Total: 98900 ns
[494.758s][info ][safepoint      ] Safepoint "Cleanup", Time since last: 1000112615 ns, Reaching safepoint: 117601 ns, At safepoint: 7100 ns, Total: 124701 ns
[496.758s][info ][safepoint      ] Safepoint "Cleanup", Time since last: 2000131524 ns, Reaching safepoint: 97100 ns, At safepoint: 6700 ns, Total: 103800 ns
[497.758s][info ][safepoint      ] Safepoint "Cleanup", Time since last: 1000123609 ns, Reaching safepoint: 120901 ns, At safepoint: 7700 ns, Total: 128601 ns
[498.759s][info ][safepoint      ] Safepoint "Cleanup", Time since last: 1000114406 ns, Reaching safepoint: 117601 ns, At safepoint: 8000 ns, Total: 125601 ns
[499.759s][info ][safepoint      ] Safepoint "Cleanup", Time since last: 1000115704 ns, Reaching safepoint: 118701 ns, At safepoint: 25600 ns, Total: 144301 ns
[500.759s][info ][safepoint      ] Safepoint "Cleanup", Time since last: 1000103502 ns, Reaching safepoint: 124001 ns, At safepoint: 5500 ns, Total: 129501 ns
[502.731s][info ][safepoint      ] Safepoint "Cleanup", Time since last: 1971907619 ns, Reaching safepoint: 84500 ns, At safepoint: 5200 ns, Total: 89700 ns
[503.731s][info ][safepoint      ] Safepoint "Cleanup", Time since last: 1000093196 ns, Reaching safepoint: 24800 ns, At safepoint: 2100 ns, Total: 26900 ns
[504.731s][info ][safepoint      ] Safepoint "Cleanup", Time since last: 1000088994 ns, Reaching safepoint: 37800 ns, At safepoint: 8400 ns, Total: 46200 ns
[505.732s][info ][safepoint      ] Safepoint "Cleanup", Time since last: 1000094092 ns, Reaching safepoint: 44200 ns, At safepoint: 3300 ns, Total: 47500 ns
[507.732s][info ][safepoint      ] Safepoint "Cleanup", Time since last: 2000159177 ns, Reaching safepoint: 27800 ns, At safepoint: 2400 ns, Total: 30200 ns
[510.732s][info ][safepoint      ] Safepoint "Cleanup", Time since last: 3000230750 ns, Reaching safepoint: 43300 ns, At safepoint: 4100 ns, Total: 47400 ns
[511.732s][info ][safepoint      ] Safepoint "Cleanup", Time since last: 1000109079 ns, Reaching safepoint: 54100 ns, At safepoint: 3800 ns, Total: 57900 ns
[512.732s][info ][safepoint      ] Safepoint "Cleanup", Time since last: 1000105277 ns, Reaching safepoint: 39300 ns, At safepoint: 1800 ns, Total: 41100 ns
[515.733s][info ][safepoint      ] Safepoint "Cleanup", Time since last: 3000212918 ns, Reaching safepoint: 24800 ns, At safepoint: 1800 ns, Total: 26600 ns
[516.733s][info ][safepoint      ] Safepoint "Cleanup", Time since last: 1000112169 ns, Reaching safepoint: 45600 ns, At safepoint: 3900 ns, Total: 49500 ns
[518.153s][info ][gc,start       ] GC(37) Pause Young (Allocation Failure)
[518.161s][debug][gc,phases      ] GC(37) Scavenge 8.464ms
[518.161s][debug][gc,ref         ] GC(37) Skipped phase 1 of Reference Processing: no references
[518.161s][debug][gc,ref         ] GC(37) ReferenceProcessor::execute queues: 1, RefProcThreadModel::Single, marks_oops_alive: false
[518.161s][debug][gc,ref         ] GC(37) Skipped phase 3 of Reference Processing: no references
[518.161s][debug][gc,ref         ] GC(37) ReferenceProcessor::execute queues: 1, RefProcThreadModel::Single, marks_oops_alive: false
[518.161s][debug][gc,phases      ] GC(37) Reference Processing 0.088ms
[518.161s][debug][gc,phases      ] GC(37)   VM Weak                        Min:  0.0, Avg:  0.0, Max:  0.0, Diff:  0.0, Sum:  0.0, Workers: 4
[518.161s][debug][gc,phases      ] GC(37)     Dead                           Min: 0, Avg:  0.0, Max: 0, Diff: 0, Sum: 0, Workers: 4
[518.161s][debug][gc,phases      ] GC(37)     Total                          Min: 0, Avg: 217.5, Max: 806, Diff: 806, Sum: 870, Workers: 4
[518.161s][debug][gc,phases      ] GC(37)   ObjectSynchronizer Weak        Min:  0.0, Avg:  0.0, Max:  0.0, Diff:  0.0, Sum:  0.0, Workers: 4
[518.161s][debug][gc,phases      ] GC(37)     Dead                           Min: 0, Avg:  0.0, Max: 0, Diff: 0, Sum: 0, Workers: 4
[518.161s][debug][gc,phases      ] GC(37)     Total                          Min: 0, Avg: 12.0, Max: 48, Diff: 48, Sum: 48, Workers: 4
[518.161s][debug][gc,phases      ] GC(37)   JVMTI Tag Weak OopStorage      Min:  0.0, Avg:  0.0, Max:  0.0, Diff:  0.0, Sum:  0.0, Workers: 4
[518.161s][debug][gc,phases      ] GC(37)     Dead                           Min: 0, Avg:  0.0, Max: 0, Diff: 0, Sum: 0, Workers: 4
[518.161s][debug][gc,phases      ] GC(37)     Total                          Min: 0, Avg:  0.0, Max: 0, Diff: 0, Sum: 0, Workers: 4
[518.161s][debug][gc,phases      ] GC(37)   StringTable Weak               Min:  0.1, Avg:  0.1, Max:  0.1, Diff:  0.0, Sum:  0.4, Workers: 4
[518.161s][debug][gc,phases      ] GC(37)     Dead                           Min: 0, Avg:  0.0, Max: 0, Diff: 0, Sum: 0, Workers: 4
[518.161s][debug][gc,phases      ] GC(37)     Total                          Min: 10496, Avg: 10855.8, Max: 11615, Diff: 1119, Sum: 43423, Workers: 4
[518.161s][debug][gc,phases      ] GC(37)   ResolvedMethodTable Weak       Min:  0.0, Avg:  0.0, Max:  0.0, Diff:  0.0, Sum:  0.1, Workers: 4
[518.161s][debug][gc,phases      ] GC(37)     Dead                           Min: 0, Avg:  0.0, Max: 0, Diff: 0, Sum: 0, Workers: 4
[518.161s][debug][gc,phases      ] GC(37)     Total                          Min: 1984, Avg: 2402.2, Max: 2816, Diff: 832, Sum: 9609, Workers: 4
[518.161s][debug][gc,phases      ] GC(37)   JNI Weak                       Min:  0.0, Avg:  0.0, Max:  0.0, Diff:  0.0, Sum:  0.0, Workers: 4
[518.161s][debug][gc,phases      ] GC(37)     Dead                           Min: 0, Avg:  0.0, Max: 0, Diff: 0, Sum: 0, Workers: 4
[518.161s][debug][gc,phases      ] GC(37)     Total                          Min: 0, Avg: 11.2, Max: 45, Diff: 45, Sum: 45, Workers: 4
[518.161s][debug][gc,phases      ] GC(37)   StringDedup Table Weak         Min:  0.0, Avg:  0.0, Max:  0.0, Diff:  0.0, Sum:  0.0, Workers: 4
[518.161s][debug][gc,phases      ] GC(37)     Dead                           Min: 0, Avg:  0.0, Max: 0, Diff: 0, Sum: 0, Workers: 4
[518.161s][debug][gc,phases      ] GC(37)     Total                          Min: 0, Avg:  0.0, Max: 0, Diff: 0, Sum: 0, Workers: 4
[518.161s][debug][gc,phases      ] GC(37)   StringDedup Requests0 Weak     Min:  0.0, Avg:  0.0, Max:  0.0, Diff:  0.0, Sum:  0.0, Workers: 4
[518.161s][debug][gc,phases      ] GC(37)     Dead                           Min: 0, Avg:  0.0, Max: 0, Diff: 0, Sum: 0, Workers: 4
[518.161s][debug][gc,phases      ] GC(37)     Total                          Min: 0, Avg:  0.0, Max: 0, Diff: 0, Sum: 0, Workers: 4
[518.161s][debug][gc,phases      ] GC(37)   StringDedup Requests1 Weak     Min:  0.0, Avg:  0.0, Max:  0.0, Diff:  0.0, Sum:  0.0, Workers: 4
[518.161s][debug][gc,phases      ] GC(37)     Dead                           Min: 0, Avg:  0.0, Max: 0, Diff: 0, Sum: 0, Workers: 4
[518.161s][debug][gc,phases      ] GC(37)     Total                          Min: 0, Avg:  0.0, Max: 0, Diff: 0, Sum: 0, Workers: 4
[518.161s][debug][gc,phases      ] GC(37)   Weak JFR Old Object Samples    Min:  0.0, Avg:  0.0, Max:  0.0, Diff:  0.0, Sum:  0.0, Workers: 4
[518.161s][debug][gc,phases      ] GC(37)     Dead                           Min: 0, Avg:  0.0, Max: 0, Diff: 0, Sum: 0, Workers: 4
[518.161s][debug][gc,phases      ] GC(37)     Total                          Min: 0, Avg:  0.0, Max: 0, Diff: 0, Sum: 0, Workers: 4
[518.161s][debug][gc,phases      ] GC(37) Weak Processing 0.280ms
[518.161s][debug][gc,age         ] GC(37) Desired survivor size 271056896 bytes, new threshold 12 (max threshold 15)
[518.162s][info ][gc,heap        ] GC(37) PSYoungGen: 1486107K(1765888K)->26544K(1832448K) Eden: 1458688K(1458688K)->0K(1547264K) From: 27419K(307200K)->26544K(285184K)
[518.162s][info ][gc,heap        ] GC(37) ParOldGen: 403206K(553984K)->403206K(553984K)
[518.162s][info ][gc,metaspace   ] GC(37) Metaspace: 81763K(82752K)->81763K(82752K) NonClass: 70050K(70592K)->70050K(70592K) Class: 11712K(12160K)->11712K(12160K)
[518.162s][info ][gc             ] GC(37) Pause Young (Allocation Failure) 1845M->419M(2330M) 8.934ms
[518.162s][info ][gc,cpu         ] GC(37) User=0.04s Sys=0.00s Real=0.02s
[518.162s][info ][safepoint      ] Safepoint "ParallelGCFailedAllocation", Time since last: 1419712926 ns, Reaching safepoint: 44200 ns, At safepoint: 8991925 ns, Total: 9036125 ns
[519.162s][info ][safepoint      ] Safepoint "Cleanup", Time since last: 1000088163 ns, Reaching safepoint: 94101 ns, At safepoint: 10000 ns, Total: 104101 ns
[520.162s][info ][safepoint      ] Safepoint "Cleanup", Time since last: 1000103761 ns, Reaching safepoint: 32900 ns, At safepoint: 2700 ns, Total: 35600 ns
[521.162s][info ][safepoint      ] Safepoint "Cleanup", Time since last: 1000100859 ns, Reaching safepoint: 26801 ns, At safepoint: 1900 ns, Total: 28701 ns
[524.162s][info ][safepoint      ] Safepoint "Cleanup", Time since last: 3000230465 ns, Reaching safepoint: 32700 ns, At safepoint: 6800 ns, Total: 39500 ns
[525.162s][info ][safepoint      ] Safepoint "Cleanup", Time since last: 1000093951 ns, Reaching safepoint: 43200 ns, At safepoint: 2200 ns, Total: 45400 ns
[526.163s][info ][safepoint      ] Safepoint "Cleanup", Time since last: 1000109849 ns, Reaching safepoint: 34400 ns, At safepoint: 1900 ns, Total: 36300 ns
[527.163s][info ][safepoint      ] Safepoint "Cleanup", Time since last: 1000094647 ns, Reaching safepoint: 36600 ns, At safepoint: 2300 ns, Total: 38900 ns
[528.163s][info ][safepoint      ] Safepoint "Cleanup", Time since last: 1000098245 ns, Reaching safepoint: 62300 ns, At safepoint: 8000 ns, Total: 70300 ns
[529.163s][info ][safepoint      ] Safepoint "Cleanup", Time since last: 1000100443 ns, Reaching safepoint: 55100 ns, At safepoint: 5200 ns, Total: 60300 ns
[531.163s][info ][safepoint      ] Safepoint "Cleanup", Time since last: 2000101379 ns, Reaching safepoint: 31300 ns, At safepoint: 3100 ns, Total: 34400 ns
[532.163s][info ][safepoint      ] Safepoint "Cleanup", Time since last: 1000105837 ns, Reaching safepoint: 40900 ns, At safepoint: 2300 ns, Total: 43200 ns
[533.163s][info ][safepoint      ] Safepoint "Cleanup", Time since last: 1000059835 ns, Reaching safepoint: 52200 ns, At safepoint: 3000 ns, Total: 55200 ns
[534.164s][info ][safepoint      ] Safepoint "Cleanup", Time since last: 1000058033 ns, Reaching safepoint: 26200 ns, At safepoint: 2100 ns, Total: 28300 ns
[536.164s][info ][safepoint      ] Safepoint "Cleanup", Time since last: 2000118659 ns, Reaching safepoint: 41700 ns, At safepoint: 6600 ns, Total: 48300 ns
[538.164s][info ][safepoint      ] Safepoint "Cleanup", Time since last: 2000155251 ns, Reaching safepoint: 28800 ns, At safepoint: 2700 ns, Total: 31500 ns
[541.164s][info ][safepoint      ] Safepoint "Cleanup", Time since last: 3000217362 ns, Reaching safepoint: 42500 ns, At safepoint: 8700 ns, Total: 51200 ns
[547.165s][info ][safepoint      ] Safepoint "Cleanup", Time since last: 6000370769 ns, Reaching safepoint: 24900 ns, At safepoint: 1900 ns, Total: 26800 ns
[550.003s][info ][gc,start       ] GC(38) Pause Young (Allocation Failure)
[550.013s][debug][gc,phases      ] GC(38) Scavenge 10.280ms
[550.013s][debug][gc,ref         ] GC(38) Skipped phase 1 of Reference Processing: no references
[550.013s][debug][gc,ref         ] GC(38) ReferenceProcessor::execute queues: 1, RefProcThreadModel::Single, marks_oops_alive: false
[550.013s][debug][gc,ref         ] GC(38) Skipped phase 3 of Reference Processing: no references
[550.013s][debug][gc,ref         ] GC(38) ReferenceProcessor::execute queues: 1, RefProcThreadModel::Single, marks_oops_alive: false
[550.013s][debug][gc,phases      ] GC(38) Reference Processing 0.101ms
[550.013s][debug][gc,phases      ] GC(38)   VM Weak                        Min:  0.0, Avg:  0.0, Max:  0.0, Diff:  0.0, Sum:  0.0, Workers: 4
[550.013s][debug][gc,phases      ] GC(38)     Dead                           Min: 0, Avg:  0.0, Max: 0, Diff: 0, Sum: 0, Workers: 4
[550.013s][debug][gc,phases      ] GC(38)     Total                          Min: 0, Avg: 221.5, Max: 886, Diff: 886, Sum: 886, Workers: 4
[550.013s][debug][gc,phases      ] GC(38)   ObjectSynchronizer Weak        Min:  0.0, Avg:  0.0, Max:  0.0, Diff:  0.0, Sum:  0.0, Workers: 4
[550.013s][debug][gc,phases      ] GC(38)     Dead                           Min: 0, Avg:  0.0, Max: 0, Diff: 0, Sum: 0, Workers: 4
[550.013s][debug][gc,phases      ] GC(38)     Total                          Min: 0, Avg: 12.0, Max: 48, Diff: 48, Sum: 48, Workers: 4
[550.013s][debug][gc,phases      ] GC(38)   JVMTI Tag Weak OopStorage      Min:  0.0, Avg:  0.0, Max:  0.0, Diff:  0.0, Sum:  0.0, Workers: 4
[550.013s][debug][gc,phases      ] GC(38)     Dead                           Min: 0, Avg:  0.0, Max: 0, Diff: 0, Sum: 0, Workers: 4
[550.014s][debug][gc,phases      ] GC(38)     Total                          Min: 0, Avg:  0.0, Max: 0, Diff: 0, Sum: 0, Workers: 4
[550.014s][debug][gc,phases      ] GC(38)   StringTable Weak               Min:  0.1, Avg:  0.1, Max:  0.1, Diff:  0.0, Sum:  0.4, Workers: 4
[550.014s][debug][gc,phases      ] GC(38)     Dead                           Min: 0, Avg:  0.2, Max: 1, Diff: 1, Sum: 1, Workers: 4
[550.014s][debug][gc,phases      ] GC(38)     Total                          Min: 10622, Avg: 10859.8, Max: 11122, Diff: 500, Sum: 43439, Workers: 4
[550.014s][debug][gc,phases      ] GC(38)   ResolvedMethodTable Weak       Min:  0.0, Avg:  0.0, Max:  0.0, Diff:  0.0, Sum:  0.1, Workers: 4
[550.014s][debug][gc,phases      ] GC(38)     Dead                           Min: 0, Avg:  0.0, Max: 0, Diff: 0, Sum: 0, Workers: 4
[550.014s][debug][gc,phases      ] GC(38)     Total                          Min: 902, Avg: 2417.5, Max: 3008, Diff: 2106, Sum: 9670, Workers: 4
[550.014s][debug][gc,phases      ] GC(38)   JNI Weak                       Min:  0.0, Avg:  0.0, Max:  0.0, Diff:  0.0, Sum:  0.0, Workers: 4
[550.014s][debug][gc,phases      ] GC(38)     Dead                           Min: 0, Avg:  0.0, Max: 0, Diff: 0, Sum: 0, Workers: 4
[550.014s][debug][gc,phases      ] GC(38)     Total                          Min: 0, Avg: 11.2, Max: 45, Diff: 45, Sum: 45, Workers: 4
[550.014s][debug][gc,phases      ] GC(38)   StringDedup Table Weak         Min:  0.0, Avg:  0.0, Max:  0.0, Diff:  0.0, Sum:  0.0, Workers: 4
[550.014s][debug][gc,phases      ] GC(38)     Dead                           Min: 0, Avg:  0.0, Max: 0, Diff: 0, Sum: 0, Workers: 4
[550.014s][debug][gc,phases      ] GC(38)     Total                          Min: 0, Avg:  0.0, Max: 0, Diff: 0, Sum: 0, Workers: 4
[550.014s][debug][gc,phases      ] GC(38)   StringDedup Requests0 Weak     Min:  0.0, Avg:  0.0, Max:  0.0, Diff:  0.0, Sum:  0.0, Workers: 4
[550.014s][debug][gc,phases      ] GC(38)     Dead                           Min: 0, Avg:  0.0, Max: 0, Diff: 0, Sum: 0, Workers: 4
[550.014s][debug][gc,phases      ] GC(38)     Total                          Min: 0, Avg:  0.0, Max: 0, Diff: 0, Sum: 0, Workers: 4
[550.014s][debug][gc,phases      ] GC(38)   StringDedup Requests1 Weak     Min:  0.0, Avg:  0.0, Max:  0.0, Diff:  0.0, Sum:  0.0, Workers: 4
[550.014s][debug][gc,phases      ] GC(38)     Dead                           Min: 0, Avg:  0.0, Max: 0, Diff: 0, Sum: 0, Workers: 4
[550.014s][debug][gc,phases      ] GC(38)     Total                          Min: 0, Avg:  0.0, Max: 0, Diff: 0, Sum: 0, Workers: 4
[550.014s][debug][gc,phases      ] GC(38)   Weak JFR Old Object Samples    Min:  0.0, Avg:  0.0, Max:  0.0, Diff:  0.0, Sum:  0.0, Workers: 4
[550.014s][debug][gc,phases      ] GC(38)     Dead                           Min: 0, Avg:  0.0, Max: 0, Diff: 0, Sum: 0, Workers: 4
[550.014s][debug][gc,phases      ] GC(38)     Total                          Min: 0, Avg:  0.0, Max: 0, Diff: 0, Sum: 0, Workers: 4
[550.014s][debug][gc,phases      ] GC(38) Weak Processing 0.295ms
[550.014s][debug][gc,age         ] GC(38) Desired survivor size 251658240 bytes, new threshold 13 (max threshold 15)
[550.014s][info ][gc,heap        ] GC(38) PSYoungGen: 1573808K(1832448K)->26912K(1811968K) Eden: 1547264K(1547264K)->0K(1547264K) From: 26544K(285184K)->26912K(264704K)
[550.014s][info ][gc,heap        ] GC(38) ParOldGen: 403206K(553984K)->403206K(553984K)
[550.014s][info ][gc,metaspace   ] GC(38) Metaspace: 81875K(82944K)->81875K(82944K) NonClass: 70143K(70720K)->70143K(70720K) Class: 11732K(12224K)->11732K(12224K)
[550.014s][info ][gc             ] GC(38) Pause Young (Allocation Failure) 1930M->420M(2310M) 10.768ms
[550.014s][info ][gc,cpu         ] GC(38) User=0.03s Sys=0.00s Real=0.01s
[550.014s][info ][safepoint      ] Safepoint "ParallelGCFailedAllocation", Time since last: 2838152371 ns, Reaching safepoint: 122500 ns, At safepoint: 10829829 ns, Total: 10952329 ns
[551.014s][info ][safepoint      ] Safepoint "Cleanup", Time since last: 1000075399 ns, Reaching safepoint: 50200 ns, At safepoint: 1700 ns, Total: 51900 ns
[552.014s][info ][safepoint      ] Safepoint "Cleanup", Time since last: 1000061197 ns, Reaching safepoint: 50101 ns, At safepoint: 6900 ns, Total: 57001 ns
[554.014s][info ][safepoint      ] Safepoint "Cleanup", Time since last: 2000161888 ns, Reaching safepoint: 25400 ns, At safepoint: 2100 ns, Total: 27500 ns
[555.955s][info ][safepoint      ] Safepoint "Cleanup", Time since last: 1941141822 ns, Reaching safepoint: 116200 ns, At safepoint: 9400 ns, Total: 125600 ns
[556.956s][info ][safepoint      ] Safepoint "Cleanup", Time since last: 1000099088 ns, Reaching safepoint: 122000 ns, At safepoint: 7000 ns, Total: 129000 ns
[558.956s][info ][safepoint      ] Safepoint "Cleanup", Time since last: 2000154970 ns, Reaching safepoint: 109200 ns, At safepoint: 8500 ns, Total: 117700 ns
[561.956s][info ][safepoint      ] Safepoint "Cleanup", Time since last: 3000231539 ns, Reaching safepoint: 100001 ns, At safepoint: 4000 ns, Total: 104001 ns
[562.956s][info ][safepoint      ] Safepoint "Cleanup", Time since last: 1000104676 ns, Reaching safepoint: 122300 ns, At safepoint: 7800 ns, Total: 130100 ns
[563.957s][info ][safepoint      ] Safepoint "Cleanup", Time since last: 1000107374 ns, Reaching safepoint: 112801 ns, At safepoint: 10300 ns, Total: 123101 ns
[564.957s][info ][safepoint      ] Safepoint "Cleanup", Time since last: 1000113272 ns, Reaching safepoint: 97900 ns, At safepoint: 3200 ns, Total: 101100 ns
[566.609s][info ][safepoint      ] Safepoint "Cleanup", Time since last: 1651992710 ns, Reaching safepoint: 119800 ns, At safepoint: 8200 ns, Total: 128000 ns
[572.610s][info ][safepoint      ] Safepoint "Cleanup", Time since last: 6000433075 ns, Reaching safepoint: 205900 ns, At safepoint: 6200 ns, Total: 212100 ns
[573.610s][info ][safepoint      ] Safepoint "Cleanup", Time since last: 1000105156 ns, Reaching safepoint: 136201 ns, At safepoint: 5500 ns, Total: 141701 ns
[574.610s][info ][safepoint      ] Safepoint "Cleanup", Time since last: 1000110454 ns, Reaching safepoint: 27400 ns, At safepoint: 2100 ns, Total: 29500 ns
[575.611s][info ][safepoint      ] Safepoint "Cleanup", Time since last: 1000698854 ns, Reaching safepoint: 46200 ns, At safepoint: 2500 ns, Total: 48700 ns
[576.611s][info ][safepoint      ] Safepoint "Cleanup", Time since last: 1000099550 ns, Reaching safepoint: 120000 ns, At safepoint: 9500 ns, Total: 129500 ns
[577.611s][info ][safepoint      ] Safepoint "Cleanup", Time since last: 1000121149 ns, Reaching safepoint: 112200 ns, At safepoint: 7200 ns, Total: 119400 ns
[578.611s][info ][safepoint      ] Safepoint "Cleanup", Time since last: 1000091447 ns, Reaching safepoint: 28500 ns, At safepoint: 2400 ns, Total: 30900 ns
[579.612s][info ][safepoint      ] Safepoint "Cleanup", Time since last: 1000104344 ns, Reaching safepoint: 51201 ns, At safepoint: 3300 ns, Total: 54501 ns
[580.612s][info ][safepoint      ] Safepoint "Cleanup", Time since last: 1000101343 ns, Reaching safepoint: 56300 ns, At safepoint: 5300 ns, Total: 61600 ns
[581.008s][info ][gc,start       ] GC(39) Pause Young (Allocation Failure)
[581.017s][debug][gc,phases      ] GC(39) Scavenge 8.388ms
[581.017s][debug][gc,ref         ] GC(39) Skipped phase 1 of Reference Processing: no references
[581.017s][debug][gc,ref         ] GC(39) ReferenceProcessor::execute queues: 1, RefProcThreadModel::Single, marks_oops_alive: false
[581.017s][debug][gc,ref         ] GC(39) Skipped phase 3 of Reference Processing: no references
[581.017s][debug][gc,ref         ] GC(39) ReferenceProcessor::execute queues: 1, RefProcThreadModel::Single, marks_oops_alive: false
[581.017s][debug][gc,phases      ] GC(39) Reference Processing 0.092ms
[581.017s][debug][gc,phases      ] GC(39)   VM Weak                        Min:  0.0, Avg:  0.0, Max:  0.0, Diff:  0.0, Sum:  0.0, Workers: 4
[581.017s][debug][gc,phases      ] GC(39)     Dead                           Min: 0, Avg:  0.0, Max: 0, Diff: 0, Sum: 0, Workers: 4
[581.017s][debug][gc,phases      ] GC(39)     Total                          Min: 0, Avg: 222.5, Max: 698, Diff: 698, Sum: 890, Workers: 4
[581.017s][debug][gc,phases      ] GC(39)   ObjectSynchronizer Weak        Min:  0.0, Avg:  0.0, Max:  0.0, Diff:  0.0, Sum:  0.0, Workers: 4
[581.017s][debug][gc,phases      ] GC(39)     Dead                           Min: 0, Avg:  0.0, Max: 0, Diff: 0, Sum: 0, Workers: 4
[581.017s][debug][gc,phases      ] GC(39)     Total                          Min: 0, Avg: 12.0, Max: 48, Diff: 48, Sum: 48, Workers: 4
[581.017s][debug][gc,phases      ] GC(39)   JVMTI Tag Weak OopStorage      Min:  0.0, Avg:  0.0, Max:  0.0, Diff:  0.0, Sum:  0.0, Workers: 4
[581.017s][debug][gc,phases      ] GC(39)     Dead                           Min: 0, Avg:  0.0, Max: 0, Diff: 0, Sum: 0, Workers: 4
[581.017s][debug][gc,phases      ] GC(39)     Total                          Min: 0, Avg:  0.0, Max: 0, Diff: 0, Sum: 0, Workers: 4
[581.017s][debug][gc,phases      ] GC(39)   StringTable Weak               Min:  0.1, Avg:  0.1, Max:  0.1, Diff:  0.0, Sum:  0.4, Workers: 4
[581.017s][debug][gc,phases      ] GC(39)     Dead                           Min: 0, Avg:  0.0, Max: 0, Diff: 0, Sum: 0, Workers: 4
[581.017s][debug][gc,phases      ] GC(39)     Total                          Min: 9471, Avg: 10863.2, Max: 11455, Diff: 1984, Sum: 43453, Workers: 4
[581.017s][debug][gc,phases      ] GC(39)   ResolvedMethodTable Weak       Min:  0.0, Avg:  0.0, Max:  0.0, Diff:  0.0, Sum:  0.1, Workers: 4
[581.017s][debug][gc,phases      ] GC(39)     Dead                           Min: 0, Avg:  0.0, Max: 0, Diff: 0, Sum: 0, Workers: 4
[581.017s][debug][gc,phases      ] GC(39)     Total                          Min: 2304, Avg: 2421.0, Max: 2560, Diff: 256, Sum: 9684, Workers: 4
[581.017s][debug][gc,phases      ] GC(39)   JNI Weak                       Min:  0.0, Avg:  0.0, Max:  0.0, Diff:  0.0, Sum:  0.0, Workers: 4
[581.017s][debug][gc,phases      ] GC(39)     Dead                           Min: 0, Avg:  0.0, Max: 0, Diff: 0, Sum: 0, Workers: 4
[581.017s][debug][gc,phases      ] GC(39)     Total                          Min: 0, Avg: 11.2, Max: 45, Diff: 45, Sum: 45, Workers: 4
[581.017s][debug][gc,phases      ] GC(39)   StringDedup Table Weak         Min:  0.0, Avg:  0.0, Max:  0.0, Diff:  0.0, Sum:  0.0, Workers: 4
[581.017s][debug][gc,phases      ] GC(39)     Dead                           Min: 0, Avg:  0.0, Max: 0, Diff: 0, Sum: 0, Workers: 4
[581.017s][debug][gc,phases      ] GC(39)     Total                          Min: 0, Avg:  0.0, Max: 0, Diff: 0, Sum: 0, Workers: 4
[581.017s][debug][gc,phases      ] GC(39)   StringDedup Requests0 Weak     Min:  0.0, Avg:  0.0, Max:  0.0, Diff:  0.0, Sum:  0.0, Workers: 4
[581.017s][debug][gc,phases      ] GC(39)     Dead                           Min: 0, Avg:  0.0, Max: 0, Diff: 0, Sum: 0, Workers: 4
[581.017s][debug][gc,phases      ] GC(39)     Total                          Min: 0, Avg:  0.0, Max: 0, Diff: 0, Sum: 0, Workers: 4
[581.017s][debug][gc,phases      ] GC(39)   StringDedup Requests1 Weak     Min:  0.0, Avg:  0.0, Max:  0.0, Diff:  0.0, Sum:  0.0, Workers: 4
[581.017s][debug][gc,phases      ] GC(39)     Dead                           Min: 0, Avg:  0.0, Max: 0, Diff: 0, Sum: 0, Workers: 4
[581.017s][debug][gc,phases      ] GC(39)     Total                          Min: 0, Avg:  0.0, Max: 0, Diff: 0, Sum: 0, Workers: 4
[581.017s][debug][gc,phases      ] GC(39)   Weak JFR Old Object Samples    Min:  0.0, Avg:  0.0, Max:  0.0, Diff:  0.0, Sum:  0.0, Workers: 4
[581.017s][debug][gc,phases      ] GC(39)     Dead                           Min: 0, Avg:  0.0, Max: 0, Diff: 0, Sum: 0, Workers: 4
[581.017s][debug][gc,phases      ] GC(39)     Total                          Min: 0, Avg:  0.0, Max: 0, Diff: 0, Sum: 0, Workers: 4
[581.017s][debug][gc,phases      ] GC(39) Weak Processing 0.296ms
[581.017s][debug][gc,age         ] GC(39) Desired survivor size 233832448 bytes, new threshold 14 (max threshold 15)
[581.017s][info ][gc,heap        ] GC(39) PSYoungGen: 1574176K(1811968K)->26832K(1868800K) Eden: 1547264K(1547264K)->0K(1623040K) From: 26912K(264704K)->26832K(245760K)
[581.017s][info ][gc,heap        ] GC(39) ParOldGen: 403206K(553984K)->403206K(553984K)
[581.017s][info ][gc,metaspace   ] GC(39) Metaspace: 81967K(83008K)->81967K(83008K) NonClass: 70226K(70784K)->70226K(70784K) Class: 11741K(12224K)->11741K(12224K)
[581.017s][info ][gc             ] GC(39) Pause Young (Allocation Failure) 1931M->419M(2366M) 8.880ms
[581.017s][info ][gc,cpu         ] GC(39) User=0.04s Sys=0.00s Real=0.01s
[581.017s][info ][safepoint      ] Safepoint "ParallelGCFailedAllocation", Time since last: 396558847 ns, Reaching safepoint: 44100 ns, At safepoint: 8939924 ns, Total: 8984024 ns
[582.017s][info ][safepoint      ] Safepoint "Cleanup", Time since last: 1000078040 ns, Reaching safepoint: 47700 ns, At safepoint: 3500 ns, Total: 51200 ns
[585.018s][info ][safepoint      ] Safepoint "Cleanup", Time since last: 3000230810 ns, Reaching safepoint: 27000 ns, At safepoint: 2300 ns, Total: 29300 ns
[586.018s][info ][safepoint      ] Safepoint "Cleanup", Time since last: 1000110333 ns, Reaching safepoint: 49200 ns, At safepoint: 2600 ns, Total: 51800 ns
[589.018s][info ][safepoint      ] Safepoint "Cleanup", Time since last: 3000223688 ns, Reaching safepoint: 30400 ns, At safepoint: 2700 ns, Total: 33100 ns
[590.018s][info ][safepoint      ] Safepoint "Cleanup", Time since last: 1000105926 ns, Reaching safepoint: 50500 ns, At safepoint: 7800 ns, Total: 58300 ns
[594.018s][info ][safepoint      ] Safepoint "Cleanup", Time since last: 4000243384 ns, Reaching safepoint: 47300 ns, At safepoint: 3900 ns, Total: 51200 ns
[598.019s][info ][safepoint      ] Safepoint "Cleanup", Time since last: 4000256156 ns, Reaching safepoint: 45500 ns, At safepoint: 2500 ns, Total: 48000 ns
[599.019s][info ][safepoint      ] Safepoint "Cleanup", Time since last: 1000101809 ns, Reaching safepoint: 95600 ns, At safepoint: 2900 ns, Total: 98500 ns
[602.019s][info ][safepoint      ] Safepoint "Cleanup", Time since last: 3000230218 ns, Reaching safepoint: 31200 ns, At safepoint: 2800 ns, Total: 34000 ns
[607.020s][info ][safepoint      ] Safepoint "Cleanup", Time since last: 5000361794 ns, Reaching safepoint: 46700 ns, At safepoint: 2800 ns, Total: 49500 ns
[608.020s][info ][safepoint      ] Safepoint "Cleanup", Time since last: 1000115594 ns, Reaching safepoint: 49200 ns, At safepoint: 2500 ns, Total: 51700 ns
[609.020s][info ][safepoint      ] Safepoint "Cleanup", Time since last: 1000095592 ns, Reaching safepoint: 44200 ns, At safepoint: 2700 ns, Total: 46900 ns
[620.021s][info ][safepoint      ] Safepoint "Cleanup", Time since last: 11000725395 ns, Reaching safepoint: 49000 ns, At safepoint: 2700 ns, Total: 51700 ns
[621.021s][info ][safepoint      ] Safepoint "Cleanup", Time since last: 1000107971 ns, Reaching safepoint: 39400 ns, At safepoint: 3600 ns, Total: 43000 ns
[631.022s][info ][safepoint      ] Safepoint "Cleanup", Time since last: 10000620618 ns, Reaching safepoint: 82300 ns, At safepoint: 5100 ns, Total: 87400 ns
[633.301s][info ][gc,start       ] GC(40) Pause Young (Allocation Failure)
[633.308s][debug][gc,phases      ] GC(40) Scavenge 7.419ms
[633.308s][debug][gc,ref         ] GC(40) Skipped phase 1 of Reference Processing: no references
[633.308s][debug][gc,ref         ] GC(40) ReferenceProcessor::execute queues: 1, RefProcThreadModel::Single, marks_oops_alive: false
[633.309s][debug][gc,ref         ] GC(40) ReferenceProcessor::execute queues: 4, RefProcThreadModel::Multi, marks_oops_alive: true
[633.309s][debug][gc,ref         ] GC(40) ReferenceProcessor::execute queues: 1, RefProcThreadModel::Single, marks_oops_alive: false
[633.309s][debug][gc,phases      ] GC(40) Reference Processing 0.391ms
[633.309s][debug][gc,phases      ] GC(40)   VM Weak                        Min:  0.0, Avg:  0.0, Max:  0.0, Diff:  0.0, Sum:  0.0, Workers: 4
[633.309s][debug][gc,phases      ] GC(40)     Dead                           Min: 0, Avg:  0.0, Max: 0, Diff: 0, Sum: 0, Workers: 4
[633.309s][debug][gc,phases      ] GC(40)     Total                          Min: 0, Avg: 222.8, Max: 507, Diff: 507, Sum: 891, Workers: 4
[633.309s][debug][gc,phases      ] GC(40)   ObjectSynchronizer Weak        Min:  0.0, Avg:  0.0, Max:  0.0, Diff:  0.0, Sum:  0.0, Workers: 4
[633.309s][debug][gc,phases      ] GC(40)     Dead                           Min: 0, Avg:  1.0, Max: 4, Diff: 4, Sum: 4, Workers: 4
[633.309s][debug][gc,phases      ] GC(40)     Total                          Min: 0, Avg: 13.2, Max: 53, Diff: 53, Sum: 53, Workers: 4
[633.309s][debug][gc,phases      ] GC(40)   JVMTI Tag Weak OopStorage      Min:  0.0, Avg:  0.0, Max:  0.0, Diff:  0.0, Sum:  0.0, Workers: 4
[633.309s][debug][gc,phases      ] GC(40)     Dead                           Min: 0, Avg:  0.0, Max: 0, Diff: 0, Sum: 0, Workers: 4
[633.309s][debug][gc,phases      ] GC(40)     Total                          Min: 0, Avg:  0.0, Max: 0, Diff: 0, Sum: 0, Workers: 4
[633.309s][debug][gc,phases      ] GC(40)   StringTable Weak               Min:  0.0, Avg:  0.1, Max:  0.1, Diff:  0.1, Sum:  0.3, Workers: 4
[633.309s][debug][gc,phases      ] GC(40)     Dead                           Min: 0, Avg:  0.0, Max: 0, Diff: 0, Sum: 0, Workers: 4
[633.309s][debug][gc,phases      ] GC(40)     Total                          Min: 0, Avg: 10867.0, Max: 17344, Diff: 17344, Sum: 43468, Workers: 4
[633.309s][debug][gc,phases      ] GC(40)   ResolvedMethodTable Weak       Min:  0.0, Avg:  0.0, Max:  0.0, Diff:  0.0, Sum:  0.1, Workers: 4
[633.309s][debug][gc,phases      ] GC(40)     Dead                           Min: 0, Avg:  0.0, Max: 0, Diff: 0, Sum: 0, Workers: 4
[633.309s][debug][gc,phases      ] GC(40)     Total                          Min: 0, Avg: 2421.2, Max: 4181, Diff: 4181, Sum: 9685, Workers: 4
[633.309s][debug][gc,phases      ] GC(40)   JNI Weak                       Min:  0.0, Avg:  0.0, Max:  0.0, Diff:  0.0, Sum:  0.0, Workers: 4
[633.309s][debug][gc,phases      ] GC(40)     Dead                           Min: 0, Avg:  0.0, Max: 0, Diff: 0, Sum: 0, Workers: 4
[633.309s][debug][gc,phases      ] GC(40)     Total                          Min: 0, Avg: 11.2, Max: 45, Diff: 45, Sum: 45, Workers: 4
[633.309s][debug][gc,phases      ] GC(40)   StringDedup Table Weak         Min:  0.0, Avg:  0.0, Max:  0.0, Diff:  0.0, Sum:  0.0, Workers: 4
[633.309s][debug][gc,phases      ] GC(40)     Dead                           Min: 0, Avg:  0.0, Max: 0, Diff: 0, Sum: 0, Workers: 4
[633.309s][debug][gc,phases      ] GC(40)     Total                          Min: 0, Avg:  0.0, Max: 0, Diff: 0, Sum: 0, Workers: 4
[633.309s][debug][gc,phases      ] GC(40)   StringDedup Requests0 Weak     Min:  0.0, Avg:  0.0, Max:  0.0, Diff:  0.0, Sum:  0.0, Workers: 4
[633.309s][debug][gc,phases      ] GC(40)     Dead                           Min: 0, Avg:  0.0, Max: 0, Diff: 0, Sum: 0, Workers: 4
[633.309s][debug][gc,phases      ] GC(40)     Total                          Min: 0, Avg:  0.0, Max: 0, Diff: 0, Sum: 0, Workers: 4
[633.309s][debug][gc,phases      ] GC(40)   StringDedup Requests1 Weak     Min:  0.0, Avg:  0.0, Max:  0.0, Diff:  0.0, Sum:  0.0, Workers: 4
[633.309s][debug][gc,phases      ] GC(40)     Dead                           Min: 0, Avg:  0.0, Max: 0, Diff: 0, Sum: 0, Workers: 4
[633.309s][debug][gc,phases      ] GC(40)     Total                          Min: 0, Avg:  0.0, Max: 0, Diff: 0, Sum: 0, Workers: 4
[633.309s][debug][gc,phases      ] GC(40)   Weak JFR Old Object Samples    Min:  0.0, Avg:  0.0, Max:  0.0, Diff:  0.0, Sum:  0.0, Workers: 4
[633.309s][debug][gc,phases      ] GC(40)     Dead                           Min: 0, Avg:  0.0, Max: 0, Diff: 0, Sum: 0, Workers: 4
[633.309s][debug][gc,phases      ] GC(40)     Total                          Min: 0, Avg:  0.0, Max: 0, Diff: 0, Sum: 0, Workers: 4
[633.309s][debug][gc,phases      ] GC(40) Weak Processing 0.323ms
[633.309s][debug][gc,age         ] GC(40) Desired survivor size 217579520 bytes, new threshold 15 (max threshold 15)
[633.309s][info ][gc,heap        ] GC(40) PSYoungGen: 1649872K(1868800K)->25200K(1851392K) Eden: 1623040K(1623040K)->0K(1623040K) From: 26832K(245760K)->25200K(228352K)
[633.309s][info ][gc,heap        ] GC(40) ParOldGen: 403206K(553984K)->403214K(553984K)
[633.309s][info ][gc,metaspace   ] GC(40) Metaspace: 82049K(83136K)->82049K(83136K) NonClass: 70304K(70912K)->70304K(70912K) Class: 11745K(12224K)->11745K(12224K)
[633.309s][info ][gc             ] GC(40) Pause Young (Allocation Failure) 2004M->418M(2349M) 8.229ms
[633.309s][info ][gc,cpu         ] GC(40) User=0.03s Sys=0.00s Real=0.00s
[633.309s][info ][safepoint      ] Safepoint "ParallelGCFailedAllocation", Time since last: 2279285015 ns, Reaching safepoint: 45800 ns, At safepoint: 8293621 ns, Total: 8339421 ns
[638.312s][info ][safepoint      ] Safepoint "Cleanup", Time since last: 5002227932 ns, Reaching safepoint: 50200 ns, At safepoint: 4300 ns, Total: 54500 ns
[640.312s][info ][safepoint      ] Safepoint "Cleanup", Time since last: 2000153679 ns, Reaching safepoint: 39200 ns, At safepoint: 2500 ns, Total: 41700 ns
[642.312s][info ][safepoint      ] Safepoint "Cleanup", Time since last: 2000160473 ns, Reaching safepoint: 38100 ns, At safepoint: 9000 ns, Total: 47100 ns
[645.312s][info ][safepoint      ] Safepoint "Cleanup", Time since last: 3000227297 ns, Reaching safepoint: 48300 ns, At safepoint: 4000 ns, Total: 52300 ns
[678.314s][info ][safepoint      ] Safepoint "Cleanup", Time since last: 33002035015 ns, Reaching safepoint: 26000 ns, At safepoint: 2800 ns, Total: 28800 ns
[681.315s][info ][safepoint      ] Safepoint "Cleanup", Time since last: 3000224827 ns, Reaching safepoint: 41600 ns, At safepoint: 4400 ns, Total: 46000 ns
[696.316s][info ][safepoint      ] Safepoint "Cleanup", Time since last: 15000930530 ns, Reaching safepoint: 40500 ns, At safepoint: 2100 ns, Total: 42600 ns
[702.316s][info ][safepoint      ] Safepoint "Cleanup", Time since last: 6000393779 ns, Reaching safepoint: 49800 ns, At safepoint: 3300 ns, Total: 53100 ns
[703.316s][info ][safepoint      ] Safepoint "Cleanup", Time since last: 1000057242 ns, Reaching safepoint: 52400 ns, At safepoint: 2500 ns, Total: 54900 ns
[707.316s][info ][safepoint      ] Safepoint "Cleanup", Time since last: 4000286751 ns, Reaching safepoint: 26900 ns, At safepoint: 2100 ns, Total: 29000 ns
[713.805s][info ][gc,start       ] GC(41) Pause Young (Allocation Failure)
[713.812s][debug][gc,phases      ] GC(41) Scavenge 7.571ms
[713.813s][debug][gc,ref         ] GC(41) Skipped phase 1 of Reference Processing: no references
[713.813s][debug][gc,ref         ] GC(41) ReferenceProcessor::execute queues: 1, RefProcThreadModel::Single, marks_oops_alive: false
[713.813s][debug][gc,ref         ] GC(41) Skipped phase 3 of Reference Processing: no references
[713.813s][debug][gc,ref         ] GC(41) ReferenceProcessor::execute queues: 1, RefProcThreadModel::Single, marks_oops_alive: false
[713.813s][debug][gc,phases      ] GC(41) Reference Processing 0.090ms
[713.813s][debug][gc,phases      ] GC(41)   VM Weak                        Min:  0.0, Avg:  0.0, Max:  0.0, Diff:  0.0, Sum:  0.0, Workers: 4
[713.813s][debug][gc,phases      ] GC(41)     Dead                           Min: 0, Avg:  0.0, Max: 0, Diff: 0, Sum: 0, Workers: 4
[713.813s][debug][gc,phases      ] GC(41)     Total                          Min: 0, Avg: 222.8, Max: 576, Diff: 576, Sum: 891, Workers: 4
[713.813s][debug][gc,phases      ] GC(41)   ObjectSynchronizer Weak        Min:  0.0, Avg:  0.0, Max:  0.0, Diff:  0.0, Sum:  0.0, Workers: 4
[713.813s][debug][gc,phases      ] GC(41)     Dead                           Min: 0, Avg:  0.0, Max: 0, Diff: 0, Sum: 0, Workers: 4
[713.813s][debug][gc,phases      ] GC(41)     Total                          Min: 0, Avg: 13.2, Max: 53, Diff: 53, Sum: 53, Workers: 4
[713.813s][debug][gc,phases      ] GC(41)   JVMTI Tag Weak OopStorage      Min:  0.0, Avg:  0.0, Max:  0.0, Diff:  0.0, Sum:  0.0, Workers: 4
[713.813s][debug][gc,phases      ] GC(41)     Dead                           Min: 0, Avg:  0.0, Max: 0, Diff: 0, Sum: 0, Workers: 4
[713.813s][debug][gc,phases      ] GC(41)     Total                          Min: 0, Avg:  0.0, Max: 0, Diff: 0, Sum: 0, Workers: 4
[713.813s][debug][gc,phases      ] GC(41)   StringTable Weak               Min:  0.1, Avg:  0.1, Max:  0.1, Diff:  0.0, Sum:  0.4, Workers: 4
[713.813s][debug][gc,phases      ] GC(41)     Dead                           Min: 0, Avg:  0.0, Max: 0, Diff: 0, Sum: 0, Workers: 4
[713.813s][debug][gc,phases      ] GC(41)     Total                          Min: 10240, Avg: 10867.0, Max: 11532, Diff: 1292, Sum: 43468, Workers: 4
[713.813s][debug][gc,phases      ] GC(41)   ResolvedMethodTable Weak       Min:  0.0, Avg:  0.0, Max:  0.0, Diff:  0.0, Sum:  0.1, Workers: 4
[713.813s][debug][gc,phases      ] GC(41)     Dead                           Min: 0, Avg:  0.0, Max: 0, Diff: 0, Sum: 0, Workers: 4
[713.813s][debug][gc,phases      ] GC(41)     Total                          Min: 2368, Avg: 2421.2, Max: 2517, Diff: 149, Sum: 9685, Workers: 4
[713.813s][debug][gc,phases      ] GC(41)   JNI Weak                       Min:  0.0, Avg:  0.0, Max:  0.0, Diff:  0.0, Sum:  0.0, Workers: 4
[713.813s][debug][gc,phases      ] GC(41)     Dead                           Min: 0, Avg:  0.0, Max: 0, Diff: 0, Sum: 0, Workers: 4
[713.813s][debug][gc,phases      ] GC(41)     Total                          Min: 0, Avg: 11.2, Max: 45, Diff: 45, Sum: 45, Workers: 4
[713.813s][debug][gc,phases      ] GC(41)   StringDedup Table Weak         Min:  0.0, Avg:  0.0, Max:  0.0, Diff:  0.0, Sum:  0.0, Workers: 4
[713.813s][debug][gc,phases      ] GC(41)     Dead                           Min: 0, Avg:  0.0, Max: 0, Diff: 0, Sum: 0, Workers: 4
[713.813s][debug][gc,phases      ] GC(41)     Total                          Min: 0, Avg:  0.0, Max: 0, Diff: 0, Sum: 0, Workers: 4
[713.813s][debug][gc,phases      ] GC(41)   StringDedup Requests0 Weak     Min:  0.0, Avg:  0.0, Max:  0.0, Diff:  0.0, Sum:  0.0, Workers: 4
[713.813s][debug][gc,phases      ] GC(41)     Dead                           Min: 0, Avg:  0.0, Max: 0, Diff: 0, Sum: 0, Workers: 4
[713.813s][debug][gc,phases      ] GC(41)     Total                          Min: 0, Avg:  0.0, Max: 0, Diff: 0, Sum: 0, Workers: 4
[713.813s][debug][gc,phases      ] GC(41)   StringDedup Requests1 Weak     Min:  0.0, Avg:  0.0, Max:  0.0, Diff:  0.0, Sum:  0.0, Workers: 4
[713.813s][debug][gc,phases      ] GC(41)     Dead                           Min: 0, Avg:  0.0, Max: 0, Diff: 0, Sum: 0, Workers: 4
[713.813s][debug][gc,phases      ] GC(41)     Total                          Min: 0, Avg:  0.0, Max: 0, Diff: 0, Sum: 0, Workers: 4
[713.813s][debug][gc,phases      ] GC(41)   Weak JFR Old Object Samples    Min:  0.0, Avg:  0.0, Max:  0.0, Diff:  0.0, Sum:  0.0, Workers: 4
[713.813s][debug][gc,phases      ] GC(41)     Dead                           Min: 0, Avg:  0.0, Max: 0, Diff: 0, Sum: 0, Workers: 4
[713.813s][debug][gc,phases      ] GC(41)     Total                          Min: 0, Avg:  0.0, Max: 0, Diff: 0, Sum: 0, Workers: 4
[713.813s][debug][gc,phases      ] GC(41) Weak Processing 0.300ms
[713.813s][debug][gc,age         ] GC(41) Desired survivor size 202375168 bytes, new threshold 15 (max threshold 15)
[713.813s][info ][gc,heap        ] GC(41) PSYoungGen: 1648240K(1851392K)->25168K(1899520K) Eden: 1623040K(1623040K)->0K(1687040K) From: 25200K(228352K)->25168K(212480K)
[713.813s][info ][gc,heap        ] GC(41) ParOldGen: 403214K(553984K)->403214K(553984K)
[713.813s][info ][gc,metaspace   ] GC(41) Metaspace: 82050K(83136K)->82050K(83136K) NonClass: 70305K(70912K)->70305K(70912K) Class: 11745K(12224K)->11745K(12224K)
[713.813s][info ][gc             ] GC(41) Pause Young (Allocation Failure) 2003M->418M(2396M) 8.053ms
[713.813s][info ][gc,cpu         ] GC(41) User=0.03s Sys=0.00s Real=0.01s
[713.813s][info ][safepoint      ] Safepoint "ParallelGCFailedAllocation", Time since last: 6488439367 ns, Reaching safepoint: 27100 ns, At safepoint: 8108820 ns, Total: 8135920 ns
[714.813s][info ][safepoint      ] Safepoint "Cleanup", Time since last: 1000075625 ns, Reaching safepoint: 40000 ns, At safepoint: 20800 ns, Total: 60800 ns
[717.813s][info ][safepoint      ] Safepoint "Cleanup", Time since last: 3000233866 ns, Reaching safepoint: 42300 ns, At safepoint: 2900 ns, Total: 45200 ns
[718.814s][info ][safepoint      ] Safepoint "Cleanup", Time since last: 1000111120 ns, Reaching safepoint: 140700 ns, At safepoint: 14900 ns, Total: 155600 ns
[719.382s][info ][gc,start       ] GC(42) Pause Young (Allocation Failure)
[719.421s][debug][gc,phases      ] GC(42) Scavenge 39.281ms
[719.421s][debug][gc,ref         ] GC(42) Skipped phase 1 of Reference Processing: no references
[719.421s][debug][gc,ref         ] GC(42) ReferenceProcessor::execute queues: 1, RefProcThreadModel::Single, marks_oops_alive: false
[719.421s][debug][gc,ref         ] GC(42) Skipped phase 3 of Reference Processing: no references
[719.421s][debug][gc,ref         ] GC(42) ReferenceProcessor::execute queues: 1, RefProcThreadModel::Single, marks_oops_alive: false
[719.421s][debug][gc,phases      ] GC(42) Reference Processing 0.103ms
[719.422s][debug][gc,phases      ] GC(42)   VM Weak                        Min:  0.0, Avg:  0.0, Max:  0.0, Diff:  0.0, Sum:  0.0, Workers: 4
[719.422s][debug][gc,phases      ] GC(42)     Dead                           Min: 0, Avg:  0.0, Max: 0, Diff: 0, Sum: 0, Workers: 4
[719.422s][debug][gc,phases      ] GC(42)     Total                          Min: 0, Avg: 222.8, Max: 640, Diff: 640, Sum: 891, Workers: 4
[719.422s][debug][gc,phases      ] GC(42)   ObjectSynchronizer Weak        Min:  0.0, Avg:  0.0, Max:  0.0, Diff:  0.0, Sum:  0.0, Workers: 4
[719.422s][debug][gc,phases      ] GC(42)     Dead                           Min: 0, Avg:  0.2, Max: 1, Diff: 1, Sum: 1, Workers: 4
[719.422s][debug][gc,phases      ] GC(42)     Total                          Min: 0, Avg: 13.8, Max: 55, Diff: 55, Sum: 55, Workers: 4
[719.422s][debug][gc,phases      ] GC(42)   JVMTI Tag Weak OopStorage      Min:  0.0, Avg:  0.0, Max:  0.0, Diff:  0.0, Sum:  0.0, Workers: 4
[719.422s][debug][gc,phases      ] GC(42)     Dead                           Min: 0, Avg:  0.0, Max: 0, Diff: 0, Sum: 0, Workers: 4
[719.422s][debug][gc,phases      ] GC(42)     Total                          Min: 0, Avg:  0.0, Max: 0, Diff: 0, Sum: 0, Workers: 4
[719.422s][debug][gc,phases      ] GC(42)   StringTable Weak               Min:  0.0, Avg:  0.1, Max:  0.1, Diff:  0.1, Sum:  0.3, Workers: 4
[719.422s][debug][gc,phases      ] GC(42)     Dead                           Min: 0, Avg:  0.2, Max: 1, Diff: 1, Sum: 1, Workers: 4
[719.422s][debug][gc,phases      ] GC(42)     Total                          Min: 0, Avg: 10868.0, Max: 19217, Diff: 19217, Sum: 43472, Workers: 4
[719.422s][debug][gc,phases      ] GC(42)   ResolvedMethodTable Weak       Min:  0.0, Avg:  0.0, Max:  0.0, Diff:  0.0, Sum:  0.1, Workers: 4
[719.422s][debug][gc,phases      ] GC(42)     Dead                           Min: 0, Avg:  0.0, Max: 0, Diff: 0, Sum: 0, Workers: 4
[719.422s][debug][gc,phases      ] GC(42)     Total                          Min: 0, Avg: 2422.5, Max: 4058, Diff: 4058, Sum: 9690, Workers: 4
[719.422s][debug][gc,phases      ] GC(42)   JNI Weak                       Min:  0.0, Avg:  0.0, Max:  0.0, Diff:  0.0, Sum:  0.0, Workers: 4
[719.422s][debug][gc,phases      ] GC(42)     Dead                           Min: 0, Avg:  0.0, Max: 0, Diff: 0, Sum: 0, Workers: 4
[719.422s][debug][gc,phases      ] GC(42)     Total                          Min: 0, Avg: 13.5, Max: 54, Diff: 54, Sum: 54, Workers: 4
[719.422s][debug][gc,phases      ] GC(42)   StringDedup Table Weak         Min:  0.0, Avg:  0.0, Max:  0.0, Diff:  0.0, Sum:  0.0, Workers: 4
[719.422s][debug][gc,phases      ] GC(42)     Dead                           Min: 0, Avg:  0.0, Max: 0, Diff: 0, Sum: 0, Workers: 4
[719.422s][debug][gc,phases      ] GC(42)     Total                          Min: 0, Avg:  0.0, Max: 0, Diff: 0, Sum: 0, Workers: 4
[719.422s][debug][gc,phases      ] GC(42)   StringDedup Requests0 Weak     Min:  0.0, Avg:  0.0, Max:  0.0, Diff:  0.0, Sum:  0.0, Workers: 4
[719.422s][debug][gc,phases      ] GC(42)     Dead                           Min: 0, Avg:  0.0, Max: 0, Diff: 0, Sum: 0, Workers: 4
[719.422s][debug][gc,phases      ] GC(42)     Total                          Min: 0, Avg:  0.0, Max: 0, Diff: 0, Sum: 0, Workers: 4
[719.422s][debug][gc,phases      ] GC(42)   StringDedup Requests1 Weak     Min:  0.0, Avg:  0.0, Max:  0.0, Diff:  0.0, Sum:  0.0, Workers: 4
[719.422s][debug][gc,phases      ] GC(42)     Dead                           Min: 0, Avg:  0.0, Max: 0, Diff: 0, Sum: 0, Workers: 4
[719.422s][debug][gc,phases      ] GC(42)     Total                          Min: 0, Avg:  0.0, Max: 0, Diff: 0, Sum: 0, Workers: 4
[719.422s][debug][gc,phases      ] GC(42)   Weak JFR Old Object Samples    Min:  0.0, Avg:  0.0, Max:  0.0, Diff:  0.0, Sum:  0.0, Workers: 4
[719.422s][debug][gc,phases      ] GC(42)     Dead                           Min: 0, Avg:  0.0, Max: 0, Diff: 0, Sum: 0, Workers: 4
[719.422s][debug][gc,phases      ] GC(42)     Total                          Min: 0, Avg:  0.0, Max: 0, Diff: 0, Sum: 0, Workers: 4
[719.422s][debug][gc,phases      ] GC(42) Weak Processing 0.300ms
[719.422s][debug][gc,age         ] GC(42) Desired survivor size 200278016 bytes, new threshold 15 (max threshold 15)
[719.422s][info ][gc,heap        ] GC(42) PSYoungGen: 1712208K(1899520K)->75488K(1884672K) Eden: 1687040K(1687040K)->0K(1687040K) From: 25168K(212480K)->75488K(197632K)
[719.422s][info ][gc,heap        ] GC(42) ParOldGen: 403214K(553984K)->403214K(553984K)
[719.422s][info ][gc,metaspace   ] GC(42) Metaspace: 82075K(83136K)->82075K(83136K) NonClass: 70327K(70912K)->70327K(70912K) Class: 11748K(12224K)->11748K(12224K)
[719.422s][info ][gc             ] GC(42) Pause Young (Allocation Failure) 2065M->467M(2381M) 39.786ms
[719.422s][info ][gc,cpu         ] GC(42) User=0.14s Sys=0.00s Real=0.04s
[719.422s][info ][safepoint      ] Safepoint "ParallelGCFailedAllocation", Time since last: 568197074 ns, Reaching safepoint: 144700 ns, At safepoint: 39851396 ns, Total: 39996096 ns
[720.422s][info ][safepoint      ] Safepoint "Cleanup", Time since last: 1000082117 ns, Reaching safepoint: 118301 ns, At safepoint: 7600 ns, Total: 125901 ns
[720.611s][info ][gc,heap,exit   ] Heap
[720.611s][info ][gc,heap,exit   ]  PSYoungGen      total 1884672K, used 582301K [0x0000000780000000, 0x0000000800000000, 0x0000000800000000)
[720.611s][info ][gc,heap,exit   ]   eden space 1687040K, 30% used [0x0000000780000000,0x000000079eeef630,0x00000007e6f80000)
[720.611s][info ][gc,heap,exit   ]   from space 197632K, 38% used [0x00000007e6f80000,0x00000007eb938160,0x00000007f3080000)
[720.611s][info ][gc,heap,exit   ]   to   space 195584K, 0% used [0x00000007f4100000,0x00000007f4100000,0x0000000800000000)
[720.611s][info ][gc,heap,exit   ]  ParOldGen       total 553984K, used 403214K [0x0000000740000000, 0x0000000761d00000, 0x0000000780000000)
[720.611s][info ][gc,heap,exit   ]   object space 553984K, 72% used [0x0000000740000000,0x00000007589c3828,0x0000000761d00000)
[720.611s][info ][gc,heap,exit   ]  Metaspace       used 82176K, committed 83200K, reserved 1122304K
[720.611s][info ][gc,heap,exit   ]   class space    used 11767K, committed 12224K, reserved 1048576K
