[0.003s][info][gc] Using Parallel
[0.005s][info][gc,init] Version: 17.0.6+10-LTS (release)
[0.005s][info][gc,init] CPUs: 4 total, 4 available
[0.005s][info][gc,init] Memory: 16009M
[0.005s][info][gc,init] Large Page Support: Disabled
[0.005s][info][gc,init] NUMA Support: Disabled
[0.005s][info][gc,init] Compressed Oops: Enabled (Zero based)
[0.005s][info][gc,init] Alignments: Space 512K, Generation 512K, Heap 2M
[0.005s][info][gc,init] Heap Min Capacity: 2054M
[0.005s][info][gc,init] Heap Initial Capacity: 2054M
[0.005s][info][gc,init] Heap Max Capacity: 3G
[0.005s][info][gc,init] Pre-touch: Disabled
[0.005s][info][gc,init] Parallel Workers: 4
[0.005s][info][gc,metaspace] CDS archive(s) mapped at: [0x0000000800000000-0x0000000800be1000-0x0000000800be1000), size 12455936, SharedBaseAddress: 0x0000000800000000, ArchiveRelocationMode: 0.
[0.005s][info][gc,metaspace] Compressed class space mapped at: 0x0000000800c00000-0x0000000840c00000, reserved size: 1073741824
[0.005s][info][gc,metaspace] Narrow klass base: 0x0000000800000000, Narrow klass shift: 0, Narrow klass range: 0x100000000
[0.832s][info][safepoint   ] Safepoint "ICBufferFull", Time since last: 819679430 ns, Reaching safepoint: 132209 ns, At safepoint: 5201 ns, Total: 137410 ns
[1.201s][info][safepoint   ] Safepoint "ICBufferFull", Time since last: 368937189 ns, Reaching safepoint: 265319 ns, At safepoint: 16201 ns, Total: 281520 ns
[1.831s][info][safepoint   ] Safepoint "ICBufferFull", Time since last: 630100969 ns, Reaching safepoint: 165812 ns, At safepoint: 11100 ns, Total: 176912 ns
[1.839s][info][gc,start    ] GC(0) Pause Young (Metadata GC Threshold)
[1.859s][debug][gc,phases   ] GC(0) Scavenge 19.544ms
[1.859s][debug][gc,ref      ] GC(0) Skipped phase 1 of Reference Processing: no references
[1.859s][debug][gc,ref      ] GC(0) ReferenceProcessor::execute queues: 3, RefProcThreadModel::Multi, marks_oops_alive: false
[1.859s][debug][gc,ref      ] GC(0) Skipped phase 3 of Reference Processing: no references
[1.859s][debug][gc,ref      ] GC(0) ReferenceProcessor::execute queues: 1, RefProcThreadModel::Single, marks_oops_alive: false
[1.859s][debug][gc,phases   ] GC(0) Reference Processing 0.458ms
[1.859s][debug][gc,phases   ] GC(0)   VM Weak                        Min:  0.0, Avg:  0.0, Max:  0.0, Diff:  0.0, Sum:  0.0, Workers: 4
[1.859s][debug][gc,phases   ] GC(0)     Dead                           Min: 0, Avg:  0.0, Max: 0, Diff: 0, Sum: 0, Workers: 4
[1.859s][debug][gc,phases   ] GC(0)     Total                          Min: 0, Avg: 58.0, Max: 128, Diff: 128, Sum: 232, Workers: 4
[1.859s][debug][gc,phases   ] GC(0)   ObjectSynchronizer Weak        Min:  0.0, Avg:  0.0, Max:  0.0, Diff:  0.0, Sum:  0.0, Workers: 4
[1.859s][debug][gc,phases   ] GC(0)     Dead                           Min: 0, Avg:  0.8, Max: 3, Diff: 3, Sum: 3, Workers: 4
[1.859s][debug][gc,phases   ] GC(0)     Total                          Min: 0, Avg:  2.0, Max: 8, Diff: 8, Sum: 8, Workers: 4
[1.859s][debug][gc,phases   ] GC(0)   JVMTI Tag Weak OopStorage      Min:  0.0, Avg:  0.0, Max:  0.0, Diff:  0.0, Sum:  0.0, Workers: 4
[1.859s][debug][gc,phases   ] GC(0)     Dead                           Min: 0, Avg:  0.0, Max: 0, Diff: 0, Sum: 0, Workers: 4
[1.859s][debug][gc,phases   ] GC(0)     Total                          Min: 0, Avg:  0.0, Max: 0, Diff: 0, Sum: 0, Workers: 4
[1.859s][debug][gc,phases   ] GC(0)   StringTable Weak               Min:  0.0, Avg:  0.1, Max:  0.2, Diff:  0.2, Sum:  0.5, Workers: 4
[1.859s][debug][gc,phases   ] GC(0)     Dead                           Min: 0, Avg:  6.5, Max: 17, Diff: 17, Sum: 26, Workers: 4
[1.859s][debug][gc,phases   ] GC(0)     Total                          Min: 0, Avg: 3280.5, Max: 4736, Diff: 4736, Sum: 13122, Workers: 4
[1.859s][debug][gc,phases   ] GC(0)   ResolvedMethodTable Weak       Min:  0.0, Avg:  0.0, Max:  0.0, Diff:  0.0, Sum:  0.1, Workers: 4
[1.859s][debug][gc,phases   ] GC(0)     Dead                           Min: 0, Avg: 20.2, Max: 32, Diff: 32, Sum: 81, Workers: 4
[1.859s][debug][gc,phases   ] GC(0)     Total                          Min: 0, Avg: 320.2, Max: 448, Diff: 448, Sum: 1281, Workers: 4
[1.859s][debug][gc,phases   ] GC(0)   JNI Weak                       Min:  0.0, Avg:  0.0, Max:  0.0, Diff:  0.0, Sum:  0.0, Workers: 4
[1.859s][debug][gc,phases   ] GC(0)     Dead                           Min: 0, Avg:  0.0, Max: 0, Diff: 0, Sum: 0, Workers: 4
[1.859s][debug][gc,phases   ] GC(0)     Total                          Min: 0, Avg: 11.2, Max: 45, Diff: 45, Sum: 45, Workers: 4
[1.859s][debug][gc,phases   ] GC(0)   StringDedup Table Weak         Min:  0.0, Avg:  0.0, Max:  0.0, Diff:  0.0, Sum:  0.0, Workers: 4
[1.859s][debug][gc,phases   ] GC(0)     Dead                           Min: 0, Avg:  0.0, Max: 0, Diff: 0, Sum: 0, Workers: 4
[1.859s][debug][gc,phases   ] GC(0)     Total                          Min: 0, Avg:  0.0, Max: 0, Diff: 0, Sum: 0, Workers: 4
[1.859s][debug][gc,phases   ] GC(0)   StringDedup Requests0 Weak     Min:  0.0, Avg:  0.0, Max:  0.0, Diff:  0.0, Sum:  0.0, Workers: 4
[1.859s][debug][gc,phases   ] GC(0)     Dead                           Min: 0, Avg:  0.0, Max: 0, Diff: 0, Sum: 0, Workers: 4
[1.859s][debug][gc,phases   ] GC(0)     Total                          Min: 0, Avg:  0.0, Max: 0, Diff: 0, Sum: 0, Workers: 4
[1.859s][debug][gc,phases   ] GC(0)   StringDedup Requests1 Weak     Min:  0.0, Avg:  0.0, Max:  0.0, Diff:  0.0, Sum:  0.0, Workers: 4
[1.859s][debug][gc,phases   ] GC(0)     Dead                           Min: 0, Avg:  0.0, Max: 0, Diff: 0, Sum: 0, Workers: 4
[1.859s][debug][gc,phases   ] GC(0)     Total                          Min: 0, Avg:  0.0, Max: 0, Diff: 0, Sum: 0, Workers: 4
[1.859s][debug][gc,phases   ] GC(0)   Weak JFR Old Object Samples    Min:  0.0, Avg:  0.0, Max:  0.0, Diff:  0.0, Sum:  0.0, Workers: 4
[1.859s][debug][gc,phases   ] GC(0)     Dead                           Min: 0, Avg:  0.0, Max: 0, Diff: 0, Sum: 0, Workers: 4
[1.859s][debug][gc,phases   ] GC(0)     Total                          Min: 0, Avg:  0.0, Max: 0, Diff: 0, Sum: 0, Workers: 4
[1.859s][debug][gc,phases   ] GC(0) Weak Processing 0.411ms
[1.860s][debug][gc,age      ] GC(0) Desired survivor size 536870912 bytes, new threshold 7 (max threshold 15)
[1.860s][info ][gc,heap     ] GC(0) PSYoungGen: 251675K(1572864K)->31311K(1572864K) Eden: 251675K(1048576K)->0K(1048576K) From: 0K(524288K)->31311K(524288K)
[1.860s][info ][gc,heap     ] GC(0) ParOldGen: 0K(6144K)->104K(6144K)
[1.860s][info ][gc,metaspace] GC(0) Metaspace: 21200K(21504K)->21200K(21504K) NonClass: 18712K(18880K)->18712K(18880K) Class: 2487K(2624K)->2487K(2624K)
[1.860s][info ][gc          ] GC(0) Pause Young (Metadata GC Threshold) 245M->30M(1542M) 20.777ms
[1.860s][info ][gc,cpu      ] GC(0) User=0.04s Sys=0.00s Real=0.02s
[1.860s][debug][gc,phases   ] GC(1) Pre Compact 0.015ms
[1.860s][info ][gc,start    ] GC(1) Pause Full (Metadata GC Threshold)
[1.860s][info ][gc,phases,start] GC(1) Marking Phase
[1.869s][debug][gc,phases      ] GC(1) Par Mark 9.060ms
[1.869s][debug][gc,ref         ] GC(1) Skipped phase 1 of Reference Processing: no references
[1.869s][debug][gc,ref         ] GC(1) ReferenceProcessor::execute queues: 3, RefProcThreadModel::Multi, marks_oops_alive: false
[1.869s][debug][gc,ref         ] GC(1) Skipped phase 3 of Reference Processing: no references
[1.869s][debug][gc,ref         ] GC(1) ReferenceProcessor::execute queues: 1, RefProcThreadModel::Single, marks_oops_alive: false
[1.869s][debug][gc,phases      ] GC(1) Reference Processing 0.171ms
[1.869s][debug][gc,phases      ] GC(1)   VM Weak                        Min:  0.0, Avg:  0.0, Max:  0.0, Diff:  0.0, Sum:  0.0, Workers: 4
[1.869s][debug][gc,phases      ] GC(1)     Dead                           Min: 0, Avg:  0.0, Max: 0, Diff: 0, Sum: 0, Workers: 4
[1.869s][debug][gc,phases      ] GC(1)     Total                          Min: 0, Avg: 58.0, Max: 232, Diff: 232, Sum: 232, Workers: 4
[1.869s][debug][gc,phases      ] GC(1)   ObjectSynchronizer Weak        Min:  0.0, Avg:  0.0, Max:  0.0, Diff:  0.0, Sum:  0.0, Workers: 4
[1.869s][debug][gc,phases      ] GC(1)     Dead                           Min: 0, Avg:  0.0, Max: 0, Diff: 0, Sum: 0, Workers: 4
[1.869s][debug][gc,phases      ] GC(1)     Total                          Min: 0, Avg:  2.0, Max: 8, Diff: 8, Sum: 8, Workers: 4
[1.869s][debug][gc,phases      ] GC(1)   JVMTI Tag Weak OopStorage      Min:  0.0, Avg:  0.0, Max:  0.0, Diff:  0.0, Sum:  0.0, Workers: 4
[1.869s][debug][gc,phases      ] GC(1)     Dead                           Min: 0, Avg:  0.0, Max: 0, Diff: 0, Sum: 0, Workers: 4
[1.869s][debug][gc,phases      ] GC(1)     Total                          Min: 0, Avg:  0.0, Max: 0, Diff: 0, Sum: 0, Workers: 4
[1.869s][debug][gc,phases      ] GC(1)   StringTable Weak               Min:  0.0, Avg:  0.0, Max:  0.1, Diff:  0.1, Sum:  0.2, Workers: 4
[1.869s][debug][gc,phases      ] GC(1)     Dead                           Min: 0, Avg:  0.0, Max: 0, Diff: 0, Sum: 0, Workers: 4
[1.869s][debug][gc,phases      ] GC(1)     Total                          Min: 0, Avg: 3280.5, Max: 7040, Diff: 7040, Sum: 13122, Workers: 4
[1.869s][debug][gc,phases      ] GC(1)   ResolvedMethodTable Weak       Min:  0.0, Avg:  0.0, Max:  0.0, Diff:  0.0, Sum:  0.0, Workers: 4
[1.869s][debug][gc,phases      ] GC(1)     Dead                           Min: 0, Avg:  0.0, Max: 0, Diff: 0, Sum: 0, Workers: 4
[1.869s][debug][gc,phases      ] GC(1)     Total                          Min: 0, Avg: 320.2, Max: 641, Diff: 641, Sum: 1281, Workers: 4
[1.869s][debug][gc,phases      ] GC(1)   JNI Weak                       Min:  0.0, Avg:  0.0, Max:  0.0, Diff:  0.0, Sum:  0.0, Workers: 4
[1.869s][debug][gc,phases      ] GC(1)     Dead                           Min: 0, Avg:  0.0, Max: 0, Diff: 0, Sum: 0, Workers: 4
[1.869s][debug][gc,phases      ] GC(1)     Total                          Min: 0, Avg: 11.2, Max: 45, Diff: 45, Sum: 45, Workers: 4
[1.869s][debug][gc,phases      ] GC(1)   StringDedup Table Weak         Min:  0.0, Avg:  0.0, Max:  0.0, Diff:  0.0, Sum:  0.0, Workers: 4
[1.869s][debug][gc,phases      ] GC(1)     Dead                           Min: 0, Avg:  0.0, Max: 0, Diff: 0, Sum: 0, Workers: 4
[1.869s][debug][gc,phases      ] GC(1)     Total                          Min: 0, Avg:  0.0, Max: 0, Diff: 0, Sum: 0, Workers: 4
[1.869s][debug][gc,phases      ] GC(1)   StringDedup Requests0 Weak     Min:  0.0, Avg:  0.0, Max:  0.0, Diff:  0.0, Sum:  0.0, Workers: 4
[1.869s][debug][gc,phases      ] GC(1)     Dead                           Min: 0, Avg:  0.0, Max: 0, Diff: 0, Sum: 0, Workers: 4
[1.869s][debug][gc,phases      ] GC(1)     Total                          Min: 0, Avg:  0.0, Max: 0, Diff: 0, Sum: 0, Workers: 4
[1.869s][debug][gc,phases      ] GC(1)   StringDedup Requests1 Weak     Min:  0.0, Avg:  0.0, Max:  0.0, Diff:  0.0, Sum:  0.0, Workers: 4
[1.869s][debug][gc,phases      ] GC(1)     Dead                           Min: 0, Avg:  0.0, Max: 0, Diff: 0, Sum: 0, Workers: 4
[1.869s][debug][gc,phases      ] GC(1)     Total                          Min: 0, Avg:  0.0, Max: 0, Diff: 0, Sum: 0, Workers: 4
[1.869s][debug][gc,phases      ] GC(1)   Weak JFR Old Object Samples    Min:  0.0, Avg:  0.0, Max:  0.0, Diff:  0.0, Sum:  0.0, Workers: 4
[1.869s][debug][gc,phases      ] GC(1)     Dead                           Min: 0, Avg:  0.0, Max: 0, Diff: 0, Sum: 0, Workers: 4
[1.869s][debug][gc,phases      ] GC(1)     Total                          Min: 0, Avg:  0.0, Max: 0, Diff: 0, Sum: 0, Workers: 4
[1.869s][debug][gc,phases      ] GC(1) Weak Processing 0.269ms
[1.869s][debug][gc,phases      ] GC(1) ClassLoaderData 0.031ms
[1.869s][debug][gc,phases      ] GC(1) Trigger cleanups 0.000ms
[1.872s][debug][gc,phases      ] GC(1) Class Unloading 3.077ms
[1.872s][info ][gc,phases      ] GC(1) Marking Phase 12.677ms
[1.872s][info ][gc,phases,start] GC(1) Summary Phase
[1.872s][info ][gc,phases      ] GC(1) Summary Phase 0.007ms
[1.872s][info ][gc,phases,start] GC(1) Adjust Roots
[1.876s][info ][gc,phases      ] GC(1) Adjust Roots 4.017ms
[1.876s][info ][gc,phases,start] GC(1) Compaction Phase
[1.895s][info ][gc,phases      ] GC(1) Compaction Phase 18.914ms
[1.895s][info ][gc,phases,start] GC(1) Post Compact
[1.896s][info ][gc,phases      ] GC(1) Post Compact 0.837ms
[1.896s][info ][gc,heap        ] GC(1) PSYoungGen: 31311K(1572864K)->25535K(1572864K) Eden: 0K(1048576K)->0K(1048576K) From: 31311K(524288K)->25535K(524288K)
[1.896s][info ][gc,heap        ] GC(1) ParOldGen: 104K(6144K)->5714K(6144K)
[1.896s][info ][gc,metaspace   ] GC(1) Metaspace: 21200K(21504K)->21200K(21504K) NonClass: 18712K(18880K)->18712K(18880K) Class: 2487K(2624K)->2487K(2624K)
[1.896s][info ][gc             ] GC(1) Pause Full (Metadata GC Threshold) 30M->30M(1542M) 36.584ms
[1.896s][info ][gc,cpu         ] GC(1) User=0.10s Sys=0.00s Real=0.03s
[1.896s][info ][safepoint      ] Safepoint "CollectForMetadataAllocation", Time since last: 7398530 ns, Reaching safepoint: 34102 ns, At safepoint: 57484812 ns, Total: 57518914 ns
[2.066s][info ][safepoint      ] Safepoint "ICBufferFull", Time since last: 169892152 ns, Reaching safepoint: 167812 ns, At safepoint: 12300 ns, Total: 180112 ns
[2.168s][info ][safepoint      ] Safepoint "ICBufferFull", Time since last: 101102932 ns, Reaching safepoint: 121609 ns, At safepoint: 9900 ns, Total: 131509 ns
[2.338s][info ][safepoint      ] Safepoint "ICBufferFull", Time since last: 170019861 ns, Reaching safepoint: 179813 ns, At safepoint: 2500 ns, Total: 182313 ns
[2.525s][info ][safepoint      ] Safepoint "ICBufferFull", Time since last: 186625249 ns, Reaching safepoint: 256018 ns, At safepoint: 16101 ns, Total: 272119 ns
[2.910s][info ][safepoint      ] Safepoint "ICBufferFull", Time since last: 385310560 ns, Reaching safepoint: 178113 ns, At safepoint: 10700 ns, Total: 188813 ns
[3.023s][info ][safepoint      ] Safepoint "ICBufferFull", Time since last: 112475845 ns, Reaching safepoint: 209815 ns, At safepoint: 6501 ns, Total: 216316 ns
[3.179s][info ][safepoint      ] Safepoint "ICBufferFull", Time since last: 156033360 ns, Reaching safepoint: 158612 ns, At safepoint: 6000 ns, Total: 164612 ns
[3.345s][info ][safepoint      ] Safepoint "ICBufferFull", Time since last: 165737955 ns, Reaching safepoint: 220815 ns, At safepoint: 5101 ns, Total: 225916 ns
[3.789s][info ][safepoint      ] Safepoint "ICBufferFull", Time since last: 444179570 ns, Reaching safepoint: 175912 ns, At safepoint: 2201 ns, Total: 178113 ns
[4.186s][info ][safepoint      ] Safepoint "ICBufferFull", Time since last: 396391352 ns, Reaching safepoint: 185913 ns, At safepoint: 4400 ns, Total: 190313 ns
[4.414s][info ][gc,start       ] GC(2) Pause Young (Metadata GC Threshold)
[4.525s][debug][gc,phases      ] GC(2) Scavenge 110.639ms
[4.525s][debug][gc,ref         ] GC(2) Skipped phase 1 of Reference Processing: no references
[4.525s][debug][gc,ref         ] GC(2) ReferenceProcessor::execute queues: 2, RefProcThreadModel::Multi, marks_oops_alive: false
[4.525s][debug][gc,ref         ] GC(2) Skipped phase 3 of Reference Processing: no references
[4.525s][debug][gc,ref         ] GC(2) ReferenceProcessor::execute queues: 1, RefProcThreadModel::Single, marks_oops_alive: false
[4.526s][debug][gc,phases      ] GC(2) Reference Processing 0.388ms
[4.527s][debug][gc,phases      ] GC(2)   VM Weak                        Min:  0.0, Avg:  0.0, Max:  0.0, Diff:  0.0, Sum:  0.0, Workers: 4
[4.527s][debug][gc,phases      ] GC(2)     Dead                           Min: 0, Avg:  0.0, Max: 0, Diff: 0, Sum: 0, Workers: 4
[4.527s][debug][gc,phases      ] GC(2)     Total                          Min: 0, Avg: 88.5, Max: 354, Diff: 354, Sum: 354, Workers: 4
[4.527s][debug][gc,phases      ] GC(2)   ObjectSynchronizer Weak        Min:  0.0, Avg:  0.0, Max:  0.0, Diff:  0.0, Sum:  0.0, Workers: 4
[4.527s][debug][gc,phases      ] GC(2)     Dead                           Min: 0, Avg:  0.0, Max: 0, Diff: 0, Sum: 0, Workers: 4
[4.527s][debug][gc,phases      ] GC(2)     Total                          Min: 0, Avg:  2.0, Max: 8, Diff: 8, Sum: 8, Workers: 4
[4.527s][debug][gc,phases      ] GC(2)   JVMTI Tag Weak OopStorage      Min:  0.0, Avg:  0.0, Max:  0.0, Diff:  0.0, Sum:  0.0, Workers: 4
[4.527s][debug][gc,phases      ] GC(2)     Dead                           Min: 0, Avg:  0.0, Max: 0, Diff: 0, Sum: 0, Workers: 4
[4.527s][debug][gc,phases      ] GC(2)     Total                          Min: 0, Avg:  0.0, Max: 0, Diff: 0, Sum: 0, Workers: 4
[4.527s][debug][gc,phases      ] GC(2)   StringTable Weak               Min:  0.0, Avg:  0.2, Max:  0.8, Diff:  0.8, Sum:  0.8, Workers: 4
[4.527s][debug][gc,phases      ] GC(2)     Dead                           Min: 0, Avg:  2.2, Max: 9, Diff: 9, Sum: 9, Workers: 4
[4.527s][debug][gc,phases      ] GC(2)     Total                          Min: 0, Avg: 6536.5, Max: 26146, Diff: 26146, Sum: 26146, Workers: 4
[4.527s][debug][gc,phases      ] GC(2)   ResolvedMethodTable Weak       Min:  0.0, Avg:  0.0, Max:  0.1, Diff:  0.1, Sum:  0.1, Workers: 4
[4.527s][debug][gc,phases      ] GC(2)     Dead                           Min: 0, Avg: 14.2, Max: 57, Diff: 57, Sum: 57, Workers: 4
[4.527s][debug][gc,phases      ] GC(2)     Total                          Min: 0, Avg: 613.0, Max: 2452, Diff: 2452, Sum: 2452, Workers: 4
[4.527s][debug][gc,phases      ] GC(2)   JNI Weak                       Min:  0.0, Avg:  0.0, Max:  0.0, Diff:  0.0, Sum:  0.0, Workers: 4
[4.527s][debug][gc,phases      ] GC(2)     Dead                           Min: 0, Avg:  0.0, Max: 0, Diff: 0, Sum: 0, Workers: 4
[4.527s][debug][gc,phases      ] GC(2)     Total                          Min: 0, Avg: 11.2, Max: 45, Diff: 45, Sum: 45, Workers: 4
[4.527s][debug][gc,phases      ] GC(2)   StringDedup Table Weak         Min:  0.0, Avg:  0.0, Max:  0.0, Diff:  0.0, Sum:  0.0, Workers: 4
[4.527s][debug][gc,phases      ] GC(2)     Dead                           Min: 0, Avg:  0.0, Max: 0, Diff: 0, Sum: 0, Workers: 4
[4.527s][debug][gc,phases      ] GC(2)     Total                          Min: 0, Avg:  0.0, Max: 0, Diff: 0, Sum: 0, Workers: 4
[4.527s][debug][gc,phases      ] GC(2)   StringDedup Requests0 Weak     Min:  0.0, Avg:  0.0, Max:  0.0, Diff:  0.0, Sum:  0.0, Workers: 4
[4.527s][debug][gc,phases      ] GC(2)     Dead                           Min: 0, Avg:  0.0, Max: 0, Diff: 0, Sum: 0, Workers: 4
[4.527s][debug][gc,phases      ] GC(2)     Total                          Min: 0, Avg:  0.0, Max: 0, Diff: 0, Sum: 0, Workers: 4
[4.527s][debug][gc,phases      ] GC(2)   StringDedup Requests1 Weak     Min:  0.0, Avg:  0.0, Max:  0.0, Diff:  0.0, Sum:  0.0, Workers: 4
[4.527s][debug][gc,phases      ] GC(2)     Dead                           Min: 0, Avg:  0.0, Max: 0, Diff: 0, Sum: 0, Workers: 4
[4.527s][debug][gc,phases      ] GC(2)     Total                          Min: 0, Avg:  0.0, Max: 0, Diff: 0, Sum: 0, Workers: 4
[4.527s][debug][gc,phases      ] GC(2)   Weak JFR Old Object Samples    Min:  0.0, Avg:  0.0, Max:  0.0, Diff:  0.0, Sum:  0.0, Workers: 4
[4.527s][debug][gc,phases      ] GC(2)     Dead                           Min: 0, Avg:  0.0, Max: 0, Diff: 0, Sum: 0, Workers: 4
[4.527s][debug][gc,phases      ] GC(2)     Total                          Min: 0, Avg:  0.0, Max: 0, Diff: 0, Sum: 0, Workers: 4
[4.527s][debug][gc,phases      ] GC(2) Weak Processing 1.171ms
[4.527s][debug][gc,age         ] GC(2) Desired survivor size 536870912 bytes, new threshold 7 (max threshold 15)
[4.527s][info ][gc,heap        ] GC(2) PSYoungGen: 570795K(1572864K)->82402K(1572864K) Eden: 545260K(1048576K)->0K(1048576K) From: 25535K(524288K)->82402K(524288K)
[4.527s][info ][gc,heap        ] GC(2) ParOldGen: 5714K(6144K)->5722K(6144K)
[4.527s][info ][gc,metaspace   ] GC(2) Metaspace: 35352K(35840K)->35352K(35840K) NonClass: 30726K(30976K)->30726K(30976K) Class: 4626K(4864K)->4626K(4864K)
[4.527s][info ][gc             ] GC(2) Pause Young (Metadata GC Threshold) 562M->86M(1542M) 112.341ms
[4.527s][info ][gc,cpu         ] GC(2) User=0.17s Sys=0.01s Real=0.11s
[4.527s][debug][gc,phases      ] GC(3) Pre Compact 0.012ms
[4.527s][info ][gc,start       ] GC(3) Pause Full (Metadata GC Threshold)
[4.527s][info ][gc,phases,start] GC(3) Marking Phase
[4.580s][debug][gc,phases      ] GC(3) Par Mark 53.416ms
[4.580s][debug][gc,ref         ] GC(3) Skipped phase 1 of Reference Processing: no references
[4.581s][debug][gc,ref         ] GC(3) ReferenceProcessor::execute queues: 4, RefProcThreadModel::Multi, marks_oops_alive: false
[4.582s][debug][gc,ref         ] GC(3) Skipped phase 3 of Reference Processing: no references
[4.582s][debug][gc,ref         ] GC(3) ReferenceProcessor::execute queues: 1, RefProcThreadModel::Single, marks_oops_alive: false
[4.582s][debug][gc,phases      ] GC(3) Reference Processing 2.110ms
[4.583s][debug][gc,phases      ] GC(3)   VM Weak                        Min:  0.0, Avg:  0.0, Max:  0.0, Diff:  0.0, Sum:  0.0, Workers: 4
[4.583s][debug][gc,phases      ] GC(3)     Dead                           Min: 0, Avg:  0.0, Max: 0, Diff: 0, Sum: 0, Workers: 4
[4.583s][debug][gc,phases      ] GC(3)     Total                          Min: 0, Avg: 88.5, Max: 192, Diff: 192, Sum: 354, Workers: 4
[4.583s][debug][gc,phases      ] GC(3)   ObjectSynchronizer Weak        Min:  0.0, Avg:  0.0, Max:  0.0, Diff:  0.0, Sum:  0.0, Workers: 4
[4.583s][debug][gc,phases      ] GC(3)     Dead                           Min: 0, Avg:  0.0, Max: 0, Diff: 0, Sum: 0, Workers: 4
[4.583s][debug][gc,phases      ] GC(3)     Total                          Min: 0, Avg:  2.0, Max: 8, Diff: 8, Sum: 8, Workers: 4
[4.583s][debug][gc,phases      ] GC(3)   JVMTI Tag Weak OopStorage      Min:  0.0, Avg:  0.0, Max:  0.0, Diff:  0.0, Sum:  0.0, Workers: 4
[4.583s][debug][gc,phases      ] GC(3)     Dead                           Min: 0, Avg:  0.0, Max: 0, Diff: 0, Sum: 0, Workers: 4
[4.583s][debug][gc,phases      ] GC(3)     Total                          Min: 0, Avg:  0.0, Max: 0, Diff: 0, Sum: 0, Workers: 4
[4.583s][debug][gc,phases      ] GC(3)   StringTable Weak               Min:  0.0, Avg:  0.1, Max:  0.2, Diff:  0.2, Sum:  0.3, Workers: 4
[4.583s][debug][gc,phases      ] GC(3)     Dead                           Min: 0, Avg:  0.0, Max: 0, Diff: 0, Sum: 0, Workers: 4
[4.583s][debug][gc,phases      ] GC(3)     Total                          Min: 0, Avg: 6536.5, Max: 13120, Diff: 13120, Sum: 26146, Workers: 4
[4.583s][debug][gc,phases      ] GC(3)   ResolvedMethodTable Weak       Min:  0.0, Avg:  0.0, Max:  0.0, Diff:  0.0, Sum:  0.0, Workers: 4
[4.583s][debug][gc,phases      ] GC(3)     Dead                           Min: 0, Avg:  0.0, Max: 0, Diff: 0, Sum: 0, Workers: 4
[4.583s][debug][gc,phases      ] GC(3)     Total                          Min: 0, Avg: 613.0, Max: 1280, Diff: 1280, Sum: 2452, Workers: 4
[4.583s][debug][gc,phases      ] GC(3)   JNI Weak                       Min:  0.0, Avg:  0.0, Max:  0.0, Diff:  0.0, Sum:  0.0, Workers: 4
[4.583s][debug][gc,phases      ] GC(3)     Dead                           Min: 0, Avg:  0.0, Max: 0, Diff: 0, Sum: 0, Workers: 4
[4.583s][debug][gc,phases      ] GC(3)     Total                          Min: 0, Avg: 11.2, Max: 45, Diff: 45, Sum: 45, Workers: 4
[4.583s][debug][gc,phases      ] GC(3)   StringDedup Table Weak         Min:  0.0, Avg:  0.0, Max:  0.0, Diff:  0.0, Sum:  0.0, Workers: 4
[4.583s][debug][gc,phases      ] GC(3)     Dead                           Min: 0, Avg:  0.0, Max: 0, Diff: 0, Sum: 0, Workers: 4
[4.583s][debug][gc,phases      ] GC(3)     Total                          Min: 0, Avg:  0.0, Max: 0, Diff: 0, Sum: 0, Workers: 4
[4.583s][debug][gc,phases      ] GC(3)   StringDedup Requests0 Weak     Min:  0.0, Avg:  0.0, Max:  0.0, Diff:  0.0, Sum:  0.0, Workers: 4
[4.583s][debug][gc,phases      ] GC(3)     Dead                           Min: 0, Avg:  0.0, Max: 0, Diff: 0, Sum: 0, Workers: 4
[4.583s][debug][gc,phases      ] GC(3)     Total                          Min: 0, Avg:  0.0, Max: 0, Diff: 0, Sum: 0, Workers: 4
[4.583s][debug][gc,phases      ] GC(3)   StringDedup Requests1 Weak     Min:  0.0, Avg:  0.0, Max:  0.0, Diff:  0.0, Sum:  0.0, Workers: 4
[4.583s][debug][gc,phases      ] GC(3)     Dead                           Min: 0, Avg:  0.0, Max: 0, Diff: 0, Sum: 0, Workers: 4
[4.583s][debug][gc,phases      ] GC(3)     Total                          Min: 0, Avg:  0.0, Max: 0, Diff: 0, Sum: 0, Workers: 4
[4.583s][debug][gc,phases      ] GC(3)   Weak JFR Old Object Samples    Min:  0.0, Avg:  0.0, Max:  0.0, Diff:  0.0, Sum:  0.0, Workers: 4
[4.583s][debug][gc,phases      ] GC(3)     Dead                           Min: 0, Avg:  0.0, Max: 0, Diff: 0, Sum: 0, Workers: 4
[4.583s][debug][gc,phases      ] GC(3)     Total                          Min: 0, Avg:  0.0, Max: 0, Diff: 0, Sum: 0, Workers: 4
[4.583s][debug][gc,phases      ] GC(3) Weak Processing 0.440ms
[4.583s][debug][gc,phases      ] GC(3) ClassLoaderData 0.048ms
[4.583s][debug][gc,phases      ] GC(3) Trigger cleanups 0.000ms
[4.590s][debug][gc,phases      ] GC(3) Class Unloading 7.486ms
[4.590s][info ][gc,phases      ] GC(3) Marking Phase 63.604ms
[4.590s][info ][gc,phases,start] GC(3) Summary Phase
[4.590s][info ][gc,phases      ] GC(3) Summary Phase 0.011ms
[4.590s][info ][gc,phases,start] GC(3) Adjust Roots
[4.603s][info ][gc,phases      ] GC(3) Adjust Roots 12.379ms
[4.603s][info ][gc,phases,start] GC(3) Compaction Phase
[5.030s][info ][gc,phases      ] GC(3) Compaction Phase 426.894ms
[5.030s][info ][gc,phases,start] GC(3) Post Compact
[5.031s][info ][gc,phases      ] GC(3) Post Compact 0.874ms
[5.031s][info ][gc,heap        ] GC(3) PSYoungGen: 82402K(1572864K)->81652K(1572864K) Eden: 0K(1048576K)->0K(1048576K) From: 82402K(524288K)->81652K(524288K)
[5.031s][info ][gc,heap        ] GC(3) ParOldGen: 5722K(6144K)->6101K(6144K)
[5.031s][info ][gc,metaspace   ] GC(3) Metaspace: 35352K(35840K)->35352K(35840K) NonClass: 30726K(30976K)->30726K(30976K) Class: 4626K(4864K)->4626K(4864K)
[5.031s][info ][gc             ] GC(3) Pause Full (Metadata GC Threshold) 86M->85M(1542M) 503.930ms
[5.031s][info ][gc,cpu         ] GC(3) User=0.88s Sys=0.01s Real=0.51s
[5.031s][info ][safepoint      ] Safepoint "CollectForMetadataAllocation", Time since last: 228337432 ns, Reaching safepoint: 152511 ns, At safepoint: 616410088 ns, Total: 616562599 ns
[5.392s][info ][safepoint      ] Safepoint "ICBufferFull", Time since last: 361277341 ns, Reaching safepoint: 180212 ns, At safepoint: 6101 ns, Total: 186313 ns
[6.109s][info ][safepoint      ] Safepoint "ICBufferFull", Time since last: 716433442 ns, Reaching safepoint: 181213 ns, At safepoint: 2900 ns, Total: 184113 ns
[6.348s][info ][safepoint      ] Safepoint "ICBufferFull", Time since last: 239162106 ns, Reaching safepoint: 157111 ns, At safepoint: 3801 ns, Total: 160912 ns
[6.503s][info ][safepoint      ] Safepoint "ICBufferFull", Time since last: 154694364 ns, Reaching safepoint: 256118 ns, At safepoint: 9401 ns, Total: 265519 ns
[6.719s][info ][safepoint      ] Safepoint "ICBufferFull", Time since last: 215395006 ns, Reaching safepoint: 167312 ns, At safepoint: 8000 ns, Total: 175312 ns
[6.871s][info ][safepoint      ] Safepoint "ICBufferFull", Time since last: 152541611 ns, Reaching safepoint: 106607 ns, At safepoint: 2200 ns, Total: 108807 ns
[7.112s][info ][safepoint      ] Safepoint "ICBufferFull", Time since last: 240507202 ns, Reaching safepoint: 259019 ns, At safepoint: 13701 ns, Total: 272720 ns
[7.192s][info ][safepoint      ] Safepoint "ICBufferFull", Time since last: 79559390 ns, Reaching safepoint: 274720 ns, At safepoint: 9000 ns, Total: 283720 ns
[7.194s][info ][safepoint      ] Safepoint "ICBufferFull", Time since last: 2027145 ns, Reaching safepoint: 110608 ns, At safepoint: 8401 ns, Total: 119009 ns
[7.436s][info ][safepoint      ] Safepoint "ICBufferFull", Time since last: 241711188 ns, Reaching safepoint: 149410 ns, At safepoint: 6901 ns, Total: 156311 ns
[8.159s][info ][safepoint      ] Safepoint "ICBufferFull", Time since last: 723265630 ns, Reaching safepoint: 184413 ns, At safepoint: 9701 ns, Total: 194114 ns
[8.475s][debug][gc,phases      ] GC(4) Pre Compact 0.023ms
[8.475s][info ][gc,start       ] GC(4) Pause Full (Metadata GC Threshold)
[8.475s][info ][gc,phases,start] GC(4) Marking Phase
[8.544s][debug][gc,phases      ] GC(4) Par Mark 69.073ms
[8.544s][debug][gc,ref         ] GC(4) Skipped phase 1 of Reference Processing: no references
[8.545s][debug][gc,ref         ] GC(4) ReferenceProcessor::execute queues: 4, RefProcThreadModel::Multi, marks_oops_alive: false
[8.545s][debug][gc,ref         ] GC(4) Skipped phase 3 of Reference Processing: no references
[8.545s][debug][gc,ref         ] GC(4) ReferenceProcessor::execute queues: 4, RefProcThreadModel::Multi, marks_oops_alive: false
[8.546s][debug][gc,phases      ] GC(4) Reference Processing 1.861ms
[8.546s][debug][gc,phases      ] GC(4)   VM Weak                        Min:  0.0, Avg:  0.0, Max:  0.0, Diff:  0.0, Sum:  0.0, Workers: 4
[8.546s][debug][gc,phases      ] GC(4)     Dead                           Min: 0, Avg:  0.0, Max: 0, Diff: 0, Sum: 0, Workers: 4
[8.546s][debug][gc,phases      ] GC(4)     Total                          Min: 0, Avg: 134.2, Max: 345, Diff: 345, Sum: 537, Workers: 4
[8.546s][debug][gc,phases      ] GC(4)   ObjectSynchronizer Weak        Min:  0.0, Avg:  0.0, Max:  0.0, Diff:  0.0, Sum:  0.0, Workers: 4
[8.546s][debug][gc,phases      ] GC(4)     Dead                           Min: 0, Avg:  0.5, Max: 2, Diff: 2, Sum: 2, Workers: 4
[8.546s][debug][gc,phases      ] GC(4)     Total                          Min: 0, Avg:  3.8, Max: 15, Diff: 15, Sum: 15, Workers: 4
[8.546s][debug][gc,phases      ] GC(4)   JVMTI Tag Weak OopStorage      Min:  0.0, Avg:  0.0, Max:  0.0, Diff:  0.0, Sum:  0.0, Workers: 4
[8.546s][debug][gc,phases      ] GC(4)     Dead                           Min: 0, Avg:  0.0, Max: 0, Diff: 0, Sum: 0, Workers: 4
[8.546s][debug][gc,phases      ] GC(4)     Total                          Min: 0, Avg:  0.0, Max: 0, Diff: 0, Sum: 0, Workers: 4
[8.546s][debug][gc,phases      ] GC(4)   StringTable Weak               Min:  0.0, Avg:  0.1, Max:  0.3, Diff:  0.3, Sum:  0.5, Workers: 4
[8.546s][debug][gc,phases      ] GC(4)     Dead                           Min: 0, Avg:  5.8, Max: 13, Diff: 13, Sum: 23, Workers: 4
[8.546s][debug][gc,phases      ] GC(4)     Total                          Min: 0, Avg: 9026.2, Max: 19968, Diff: 19968, Sum: 36105, Workers: 4
[8.546s][debug][gc,phases      ] GC(4)   ResolvedMethodTable Weak       Min:  0.0, Avg:  0.0, Max:  0.1, Diff:  0.1, Sum:  0.2, Workers: 4
[8.546s][debug][gc,phases      ] GC(4)     Dead                           Min: 0, Avg: 89.5, Max: 197, Diff: 197, Sum: 358, Workers: 4
[8.546s][debug][gc,phases      ] GC(4)     Total                          Min: 0, Avg: 1706.2, Max: 3776, Diff: 3776, Sum: 6825, Workers: 4
[8.546s][debug][gc,phases      ] GC(4)   JNI Weak                       Min:  0.0, Avg:  0.0, Max:  0.0, Diff:  0.0, Sum:  0.0, Workers: 4
[8.546s][debug][gc,phases      ] GC(4)     Dead                           Min: 0, Avg:  0.0, Max: 0, Diff: 0, Sum: 0, Workers: 4
[8.546s][debug][gc,phases      ] GC(4)     Total                          Min: 0, Avg: 11.2, Max: 45, Diff: 45, Sum: 45, Workers: 4
[8.546s][debug][gc,phases      ] GC(4)   StringDedup Table Weak         Min:  0.0, Avg:  0.0, Max:  0.0, Diff:  0.0, Sum:  0.0, Workers: 4
[8.546s][debug][gc,phases      ] GC(4)     Dead                           Min: 0, Avg:  0.0, Max: 0, Diff: 0, Sum: 0, Workers: 4
[8.546s][debug][gc,phases      ] GC(4)     Total                          Min: 0, Avg:  0.0, Max: 0, Diff: 0, Sum: 0, Workers: 4
[8.546s][debug][gc,phases      ] GC(4)   StringDedup Requests0 Weak     Min:  0.0, Avg:  0.0, Max:  0.0, Diff:  0.0, Sum:  0.0, Workers: 4
[8.546s][debug][gc,phases      ] GC(4)     Dead                           Min: 0, Avg:  0.0, Max: 0, Diff: 0, Sum: 0, Workers: 4
[8.546s][debug][gc,phases      ] GC(4)     Total                          Min: 0, Avg:  0.0, Max: 0, Diff: 0, Sum: 0, Workers: 4
[8.546s][debug][gc,phases      ] GC(4)   StringDedup Requests1 Weak     Min:  0.0, Avg:  0.0, Max:  0.0, Diff:  0.0, Sum:  0.0, Workers: 4
[8.546s][debug][gc,phases      ] GC(4)     Dead                           Min: 0, Avg:  0.0, Max: 0, Diff: 0, Sum: 0, Workers: 4
[8.546s][debug][gc,phases      ] GC(4)     Total                          Min: 0, Avg:  0.0, Max: 0, Diff: 0, Sum: 0, Workers: 4
[8.546s][debug][gc,phases      ] GC(4)   Weak JFR Old Object Samples    Min:  0.0, Avg:  0.0, Max:  0.0, Diff:  0.0, Sum:  0.0, Workers: 4
[8.546s][debug][gc,phases      ] GC(4)     Dead                           Min: 0, Avg:  0.0, Max: 0, Diff: 0, Sum: 0, Workers: 4
[8.546s][debug][gc,phases      ] GC(4)     Total                          Min: 0, Avg:  0.0, Max: 0, Diff: 0, Sum: 0, Workers: 4
[8.546s][debug][gc,phases      ] GC(4) Weak Processing 0.581ms
[8.547s][debug][gc,phases      ] GC(4) ClassLoaderData 0.079ms
[8.547s][debug][gc,phases      ] GC(4) Trigger cleanups 0.000ms
[8.555s][debug][gc,phases      ] GC(4) Class Unloading 8.796ms
[8.555s][info ][gc,phases      ] GC(4) Marking Phase 80.495ms
[8.555s][info ][gc,phases,start] GC(4) Summary Phase
[8.555s][info ][gc,phases      ] GC(4) Summary Phase 0.021ms
[8.555s][info ][gc,phases,start] GC(4) Adjust Roots
[8.566s][info ][gc,phases      ] GC(4) Adjust Roots 10.988ms
[8.566s][info ][gc,phases,start] GC(4) Compaction Phase
[8.727s][info ][gc,phases      ] GC(4) Compaction Phase 160.768ms
[8.727s][info ][gc,phases,start] GC(4) Post Compact
[8.731s][info ][gc,phases      ] GC(4) Post Compact 3.716ms
[8.731s][info ][gc,heap        ] GC(4) PSYoungGen: 873351K(1572864K)->110675K(1572864K) Eden: 791698K(1048576K)->110675K(1048576K) From: 81652K(524288K)->0K(524288K)
[8.731s][info ][gc,heap        ] GC(4) ParOldGen: 6101K(6144K)->6122K(6144K)
[8.731s][info ][gc,metaspace   ] GC(4) Metaspace: 59094K(59776K)->59094K(59776K) NonClass: 50200K(50560K)->50200K(50560K) Class: 8894K(9216K)->8894K(9216K)
[8.731s][info ][gc             ] GC(4) Pause Full (Metadata GC Threshold) 858M->114M(1542M) 256.172ms
[8.731s][info ][gc,cpu         ] GC(4) User=0.75s Sys=0.00s Real=0.26s
[8.731s][info ][safepoint      ] Safepoint "CollectForMetadataAllocation", Time since last: 314908723 ns, Reaching safepoint: 324023 ns, At safepoint: 256545949 ns, Total: 256869972 ns
[8.911s][info ][safepoint      ] Safepoint "ICBufferFull", Time since last: 179208117 ns, Reaching safepoint: 137510 ns, At safepoint: 2500 ns, Total: 140010 ns
[9.117s][info ][safepoint      ] Safepoint "ICBufferFull", Time since last: 204378918 ns, Reaching safepoint: 2257861 ns, At safepoint: 9601 ns, Total: 2267462 ns
[10.126s][info ][safepoint      ] Safepoint "Cleanup", Time since last: 1000095928 ns, Reaching safepoint: 8940440 ns, At safepoint: 15201 ns, Total: 8955641 ns
[11.945s][info ][safepoint      ] Safepoint "Cleanup", Time since last: 1818185138 ns, Reaching safepoint: 212115 ns, At safepoint: 6101 ns, Total: 218216 ns
[13.347s][info ][safepoint      ] Safepoint "ICBufferFull", Time since last: 1402314893 ns, Reaching safepoint: 240017 ns, At safepoint: 7601 ns, Total: 247618 ns
[13.529s][info ][safepoint      ] Safepoint "ICBufferFull", Time since last: 181242762 ns, Reaching safepoint: 320323 ns, At safepoint: 10701 ns, Total: 331024 ns
[13.788s][info ][safepoint      ] Safepoint "ICBufferFull", Time since last: 258846112 ns, Reaching safepoint: 171113 ns, At safepoint: 2300 ns, Total: 173413 ns
[13.913s][debug][gc,phases      ] GC(5) Pre Compact 0.028ms
[13.913s][info ][gc,start       ] GC(5) Pause Full (Ergonomics)
[13.913s][info ][gc,phases,start] GC(5) Marking Phase
[14.310s][debug][gc,phases      ] GC(5) Par Mark 396.810ms
[14.310s][debug][gc,ref         ] GC(5) Skipped phase 1 of Reference Processing: no references
[14.310s][debug][gc,ref         ] GC(5) ReferenceProcessor::execute queues: 4, RefProcThreadModel::Multi, marks_oops_alive: false
[14.311s][debug][gc,ref         ] GC(5) Skipped phase 3 of Reference Processing: no references
[14.311s][debug][gc,ref         ] GC(5) ReferenceProcessor::execute queues: 1, RefProcThreadModel::Single, marks_oops_alive: false
[14.311s][debug][gc,phases      ] GC(5) Reference Processing 1.266ms
[14.311s][debug][gc,phases      ] GC(5)   VM Weak                        Min:  0.0, Avg:  0.0, Max:  0.0, Diff:  0.0, Sum:  0.0, Workers: 4
[14.311s][debug][gc,phases      ] GC(5)     Dead                           Min: 0, Avg:  0.2, Max: 1, Diff: 1, Sum: 1, Workers: 4
[14.311s][debug][gc,phases      ] GC(5)     Total                          Min: 0, Avg: 155.5, Max: 256, Diff: 256, Sum: 622, Workers: 4
[14.311s][debug][gc,phases      ] GC(5)   ObjectSynchronizer Weak        Min:  0.0, Avg:  0.0, Max:  0.0, Diff:  0.0, Sum:  0.0, Workers: 4
[14.311s][debug][gc,phases      ] GC(5)     Dead                           Min: 0, Avg:  0.8, Max: 3, Diff: 3, Sum: 3, Workers: 4
[14.311s][debug][gc,phases      ] GC(5)     Total                          Min: 0, Avg:  6.0, Max: 24, Diff: 24, Sum: 24, Workers: 4
[14.311s][debug][gc,phases      ] GC(5)   JVMTI Tag Weak OopStorage      Min:  0.0, Avg:  0.0, Max:  0.0, Diff:  0.0, Sum:  0.0, Workers: 4
[14.311s][debug][gc,phases      ] GC(5)     Dead                           Min: 0, Avg:  0.0, Max: 0, Diff: 0, Sum: 0, Workers: 4
[14.311s][debug][gc,phases      ] GC(5)     Total                          Min: 0, Avg:  0.0, Max: 0, Diff: 0, Sum: 0, Workers: 4
[14.311s][debug][gc,phases      ] GC(5)   StringTable Weak               Min:  0.0, Avg:  0.1, Max:  0.2, Diff:  0.2, Sum:  0.6, Workers: 4
[14.311s][debug][gc,phases      ] GC(5)     Dead                           Min: 0, Avg:  2.2, Max: 4, Diff: 4, Sum: 9, Workers: 4
[14.311s][debug][gc,phases      ] GC(5)     Total                          Min: 0, Avg: 9296.8, Max: 12800, Diff: 12800, Sum: 37187, Workers: 4
[14.311s][debug][gc,phases      ] GC(5)   ResolvedMethodTable Weak       Min:  0.0, Avg:  0.0, Max:  0.0, Diff:  0.0, Sum:  0.1, Workers: 4
[14.311s][debug][gc,phases      ] GC(5)     Dead                           Min: 0, Avg: 23.5, Max: 36, Diff: 36, Sum: 94, Workers: 4
[14.311s][debug][gc,phases      ] GC(5)     Total                          Min: 0, Avg: 1782.2, Max: 2457, Diff: 2457, Sum: 7129, Workers: 4
[14.311s][debug][gc,phases      ] GC(5)   JNI Weak                       Min:  0.0, Avg:  0.0, Max:  0.0, Diff:  0.0, Sum:  0.0, Workers: 4
[14.311s][debug][gc,phases      ] GC(5)     Dead                           Min: 0, Avg:  0.0, Max: 0, Diff: 0, Sum: 0, Workers: 4
[14.311s][debug][gc,phases      ] GC(5)     Total                          Min: 0, Avg: 13.0, Max: 45, Diff: 45, Sum: 52, Workers: 4
[14.311s][debug][gc,phases      ] GC(5)   StringDedup Table Weak         Min:  0.0, Avg:  0.0, Max:  0.0, Diff:  0.0, Sum:  0.0, Workers: 4
[14.311s][debug][gc,phases      ] GC(5)     Dead                           Min: 0, Avg:  0.0, Max: 0, Diff: 0, Sum: 0, Workers: 4
[14.311s][debug][gc,phases      ] GC(5)     Total                          Min: 0, Avg:  0.0, Max: 0, Diff: 0, Sum: 0, Workers: 4
[14.311s][debug][gc,phases      ] GC(5)   StringDedup Requests0 Weak     Min:  0.0, Avg:  0.0, Max:  0.0, Diff:  0.0, Sum:  0.0, Workers: 4
[14.311s][debug][gc,phases      ] GC(5)     Dead                           Min: 0, Avg:  0.0, Max: 0, Diff: 0, Sum: 0, Workers: 4
[14.311s][debug][gc,phases      ] GC(5)     Total                          Min: 0, Avg:  0.0, Max: 0, Diff: 0, Sum: 0, Workers: 4
[14.311s][debug][gc,phases      ] GC(5)   StringDedup Requests1 Weak     Min:  0.0, Avg:  0.0, Max:  0.0, Diff:  0.0, Sum:  0.0, Workers: 4
[14.311s][debug][gc,phases      ] GC(5)     Dead                           Min: 0, Avg:  0.0, Max: 0, Diff: 0, Sum: 0, Workers: 4
[14.311s][debug][gc,phases      ] GC(5)     Total                          Min: 0, Avg:  0.0, Max: 0, Diff: 0, Sum: 0, Workers: 4
[14.311s][debug][gc,phases      ] GC(5)   Weak JFR Old Object Samples    Min:  0.0, Avg:  0.0, Max:  0.0, Diff:  0.0, Sum:  0.0, Workers: 4
[14.311s][debug][gc,phases      ] GC(5)     Dead                           Min: 0, Avg:  0.0, Max: 0, Diff: 0, Sum: 0, Workers: 4
[14.311s][debug][gc,phases      ] GC(5)     Total                          Min: 0, Avg:  0.0, Max: 0, Diff: 0, Sum: 0, Workers: 4
[14.311s][debug][gc,phases      ] GC(5) Weak Processing 0.416ms
[14.311s][debug][gc,phases      ] GC(5) ClassLoaderData 0.185ms
[14.311s][debug][gc,phases      ] GC(5) Trigger cleanups 0.001ms
[14.327s][debug][gc,phases      ] GC(5) Class Unloading 16.017ms
[14.327s][info ][gc,phases      ] GC(5) Marking Phase 414.701ms
[14.327s][info ][gc,phases,start] GC(5) Summary Phase
[14.327s][info ][gc,phases      ] GC(5) Summary Phase 0.026ms
[14.327s][info ][gc,phases,start] GC(5) Adjust Roots
[14.338s][info ][gc,phases      ] GC(5) Adjust Roots 10.595ms
[14.338s][info ][gc,phases,start] GC(5) Compaction Phase
[15.353s][info ][gc,phases      ] GC(5) Compaction Phase 1014.871ms
[15.353s][info ][gc,phases,start] GC(5) Post Compact
[15.358s][info ][gc,phases      ] GC(5) Post Compact 4.943ms
[15.358s][info ][gc,heap        ] GC(5) PSYoungGen: 1048576K(1572864K)->646206K(1572864K) Eden: 1048576K(1048576K)->646206K(1048576K) From: 0K(524288K)->0K(524288K)
[15.358s][info ][gc,heap        ] GC(5) ParOldGen: 6122K(6144K)->6118K(18432K)
[15.358s][info ][gc,metaspace   ] GC(5) Metaspace: 63663K(64448K)->63662K(64448K) NonClass: 54180K(54592K)->54179K(54592K) Class: 9482K(9856K)->9482K(9856K)
[15.358s][info ][gc             ] GC(5) Pause Full (Ergonomics) 1029M->637M(1554M) 1445.386ms
[15.358s][info ][gc,cpu         ] GC(5) User=3.96s Sys=0.04s Real=1.44s
[15.358s][info ][safepoint      ] Safepoint "ParallelGCFailedAllocation", Time since last: 124531306 ns, Reaching safepoint: 98707 ns, At safepoint: 1445528882 ns, Total: 1445627589 ns
[15.816s][info ][safepoint      ] Safepoint "ICBufferFull", Time since last: 457735437 ns, Reaching safepoint: 191213 ns, At safepoint: 7001 ns, Total: 198214 ns
[16.177s][info ][gc,start       ] GC(6) Pause Young (Allocation Failure)
[16.624s][debug][gc,phases      ] GC(6) Scavenge 447.077ms
[16.624s][debug][gc,ref         ] GC(6) Skipped phase 1 of Reference Processing: no references
[16.625s][debug][gc,ref         ] GC(6) ReferenceProcessor::execute queues: 4, RefProcThreadModel::Multi, marks_oops_alive: false
[16.625s][debug][gc,ref         ] GC(6) Skipped phase 3 of Reference Processing: no references
[16.625s][debug][gc,ref         ] GC(6) ReferenceProcessor::execute queues: 1, RefProcThreadModel::Single, marks_oops_alive: false
[16.625s][debug][gc,phases      ] GC(6) Reference Processing 0.781ms
[16.626s][debug][gc,phases      ] GC(6)   VM Weak                        Min:  0.0, Avg:  0.0, Max:  0.0, Diff:  0.0, Sum:  0.0, Workers: 4
[16.626s][debug][gc,phases      ] GC(6)     Dead                           Min: 0, Avg:  0.0, Max: 0, Diff: 0, Sum: 0, Workers: 4
[16.626s][debug][gc,phases      ] GC(6)     Total                          Min: 0, Avg: 156.8, Max: 320, Diff: 320, Sum: 627, Workers: 4
[16.626s][debug][gc,phases      ] GC(6)   ObjectSynchronizer Weak        Min:  0.0, Avg:  0.0, Max:  0.0, Diff:  0.0, Sum:  0.0, Workers: 4
[16.626s][debug][gc,phases      ] GC(6)     Dead                           Min: 0, Avg:  0.0, Max: 0, Diff: 0, Sum: 0, Workers: 4
[16.626s][debug][gc,phases      ] GC(6)     Total                          Min: 0, Avg:  6.0, Max: 24, Diff: 24, Sum: 24, Workers: 4
[16.626s][debug][gc,phases      ] GC(6)   JVMTI Tag Weak OopStorage      Min:  0.0, Avg:  0.0, Max:  0.0, Diff:  0.0, Sum:  0.0, Workers: 4
[16.626s][debug][gc,phases      ] GC(6)     Dead                           Min: 0, Avg:  0.0, Max: 0, Diff: 0, Sum: 0, Workers: 4
[16.626s][debug][gc,phases      ] GC(6)     Total                          Min: 0, Avg:  0.0, Max: 0, Diff: 0, Sum: 0, Workers: 4
[16.626s][debug][gc,phases      ] GC(6)   StringTable Weak               Min:  0.0, Avg:  0.3, Max:  0.4, Diff:  0.4, Sum:  1.3, Workers: 4
[16.626s][debug][gc,phases      ] GC(6)     Dead                           Min: 0, Avg:  0.8, Max: 2, Diff: 2, Sum: 3, Workers: 4
[16.626s][debug][gc,phases      ] GC(6)     Total                          Min: 0, Avg: 9325.2, Max: 13367, Diff: 13367, Sum: 37301, Workers: 4
[16.626s][debug][gc,phases      ] GC(6)   ResolvedMethodTable Weak       Min:  0.0, Avg:  0.1, Max:  0.1, Diff:  0.1, Sum:  0.3, Workers: 4
[16.626s][debug][gc,phases      ] GC(6)     Dead                           Min: 0, Avg:  9.0, Max: 26, Diff: 26, Sum: 36, Workers: 4
[16.626s][debug][gc,phases      ] GC(6)     Total                          Min: 0, Avg: 1808.8, Max: 2496, Diff: 2496, Sum: 7235, Workers: 4
[16.626s][debug][gc,phases      ] GC(6)   JNI Weak                       Min:  0.0, Avg:  0.0, Max:  0.0, Diff:  0.0, Sum:  0.0, Workers: 4
[16.626s][debug][gc,phases      ] GC(6)     Dead                           Min: 0, Avg:  0.0, Max: 0, Diff: 0, Sum: 0, Workers: 4
[16.626s][debug][gc,phases      ] GC(6)     Total                          Min: 0, Avg: 13.0, Max: 52, Diff: 52, Sum: 52, Workers: 4
[16.626s][debug][gc,phases      ] GC(6)   StringDedup Table Weak         Min:  0.0, Avg:  0.0, Max:  0.0, Diff:  0.0, Sum:  0.0, Workers: 4
[16.626s][debug][gc,phases      ] GC(6)     Dead                           Min: 0, Avg:  0.0, Max: 0, Diff: 0, Sum: 0, Workers: 4
[16.626s][debug][gc,phases      ] GC(6)     Total                          Min: 0, Avg:  0.0, Max: 0, Diff: 0, Sum: 0, Workers: 4
[16.626s][debug][gc,phases      ] GC(6)   StringDedup Requests0 Weak     Min:  0.0, Avg:  0.0, Max:  0.0, Diff:  0.0, Sum:  0.0, Workers: 4
[16.626s][debug][gc,phases      ] GC(6)     Dead                           Min: 0, Avg:  0.0, Max: 0, Diff: 0, Sum: 0, Workers: 4
[16.626s][debug][gc,phases      ] GC(6)     Total                          Min: 0, Avg:  0.0, Max: 0, Diff: 0, Sum: 0, Workers: 4
[16.626s][debug][gc,phases      ] GC(6)   StringDedup Requests1 Weak     Min:  0.0, Avg:  0.0, Max:  0.0, Diff:  0.0, Sum:  0.0, Workers: 4
[16.626s][debug][gc,phases      ] GC(6)     Dead                           Min: 0, Avg:  0.0, Max: 0, Diff: 0, Sum: 0, Workers: 4
[16.626s][debug][gc,phases      ] GC(6)     Total                          Min: 0, Avg:  0.0, Max: 0, Diff: 0, Sum: 0, Workers: 4
[16.626s][debug][gc,phases      ] GC(6)   Weak JFR Old Object Samples    Min:  0.0, Avg:  0.0, Max:  0.0, Diff:  0.0, Sum:  0.0, Workers: 4
[16.626s][debug][gc,phases      ] GC(6)     Dead                           Min: 0, Avg:  0.0, Max: 0, Diff: 0, Sum: 0, Workers: 4
[16.626s][debug][gc,phases      ] GC(6)     Total                          Min: 0, Avg:  0.0, Max: 0, Diff: 0, Sum: 0, Workers: 4
[16.626s][debug][gc,phases      ] GC(6) Weak Processing 0.738ms
[16.626s][debug][gc,age         ] GC(6) Desired survivor size 536870912 bytes, new threshold 7 (max threshold 15)
[16.626s][info ][gc,heap        ] GC(6) PSYoungGen: 1048576K(1572864K)->524287K(1572864K) Eden: 1048576K(1048576K)->0K(1048576K) From: 0K(524288K)->524287K(524288K)
[16.626s][info ][gc,heap        ] GC(6) ParOldGen: 6118K(18432K)->102995K(103424K)
[16.626s][info ][gc,metaspace   ] GC(6) Metaspace: 64035K(64896K)->64035K(64896K) NonClass: 54503K(54976K)->54503K(54976K) Class: 9532K(9920K)->9532K(9920K)
[16.626s][info ][gc             ] GC(6) Pause Young (Allocation Failure) 1029M->612M(1637M) 448.725ms
[16.626s][info ][gc,cpu         ] GC(6) User=1.18s Sys=0.16s Real=0.45s
[16.626s][debug][gc,phases      ] GC(7) Pre Compact 0.009ms
[16.626s][info ][gc,start       ] GC(7) Pause Full (Ergonomics)
[16.626s][info ][gc,phases,start] GC(7) Marking Phase
[16.924s][debug][gc,phases      ] GC(7) Par Mark 297.380ms
[16.924s][debug][gc,ref         ] GC(7) Skipped phase 1 of Reference Processing: no references
[16.924s][debug][gc,ref         ] GC(7) ReferenceProcessor::execute queues: 4, RefProcThreadModel::Multi, marks_oops_alive: false
[16.924s][debug][gc,ref         ] GC(7) Skipped phase 3 of Reference Processing: no references
[16.924s][debug][gc,ref         ] GC(7) ReferenceProcessor::execute queues: 1, RefProcThreadModel::Single, marks_oops_alive: false
[16.924s][debug][gc,phases      ] GC(7) Reference Processing 0.364ms
[16.924s][debug][gc,phases      ] GC(7)   VM Weak                        Min:  0.0, Avg:  0.0, Max:  0.0, Diff:  0.0, Sum:  0.0, Workers: 4
[16.924s][debug][gc,phases      ] GC(7)     Dead                           Min: 0, Avg:  0.0, Max: 0, Diff: 0, Sum: 0, Workers: 4
[16.924s][debug][gc,phases      ] GC(7)     Total                          Min: 0, Avg: 156.8, Max: 307, Diff: 307, Sum: 627, Workers: 4
[16.924s][debug][gc,phases      ] GC(7)   ObjectSynchronizer Weak        Min:  0.0, Avg:  0.0, Max:  0.0, Diff:  0.0, Sum:  0.0, Workers: 4
[16.924s][debug][gc,phases      ] GC(7)     Dead                           Min: 0, Avg:  0.0, Max: 0, Diff: 0, Sum: 0, Workers: 4
[16.924s][debug][gc,phases      ] GC(7)     Total                          Min: 0, Avg:  6.0, Max: 24, Diff: 24, Sum: 24, Workers: 4
[16.924s][debug][gc,phases      ] GC(7)   JVMTI Tag Weak OopStorage      Min:  0.0, Avg:  0.0, Max:  0.0, Diff:  0.0, Sum:  0.0, Workers: 4
[16.924s][debug][gc,phases      ] GC(7)     Dead                           Min: 0, Avg:  0.0, Max: 0, Diff: 0, Sum: 0, Workers: 4
[16.924s][debug][gc,phases      ] GC(7)     Total                          Min: 0, Avg:  0.0, Max: 0, Diff: 0, Sum: 0, Workers: 4
[16.924s][debug][gc,phases      ] GC(7)   StringTable Weak               Min:  0.0, Avg:  0.1, Max:  0.2, Diff:  0.2, Sum:  0.6, Workers: 4
[16.924s][debug][gc,phases      ] GC(7)     Dead                           Min: 0, Avg:  0.0, Max: 0, Diff: 0, Sum: 0, Workers: 4
[16.924s][debug][gc,phases      ] GC(7)     Total                          Min: 0, Avg: 9325.2, Max: 12926, Diff: 12926, Sum: 37301, Workers: 4
[16.924s][debug][gc,phases      ] GC(7)   ResolvedMethodTable Weak       Min:  0.0, Avg:  0.0, Max:  0.0, Diff:  0.0, Sum:  0.1, Workers: 4
[16.924s][debug][gc,phases      ] GC(7)     Dead                           Min: 0, Avg:  0.0, Max: 0, Diff: 0, Sum: 0, Workers: 4
[16.924s][debug][gc,phases      ] GC(7)     Total                          Min: 0, Avg: 1808.8, Max: 2560, Diff: 2560, Sum: 7235, Workers: 4
[16.924s][debug][gc,phases      ] GC(7)   JNI Weak                       Min:  0.0, Avg:  0.0, Max:  0.0, Diff:  0.0, Sum:  0.0, Workers: 4
[16.924s][debug][gc,phases      ] GC(7)     Dead                           Min: 0, Avg:  0.0, Max: 0, Diff: 0, Sum: 0, Workers: 4
[16.924s][debug][gc,phases      ] GC(7)     Total                          Min: 0, Avg: 13.0, Max: 52, Diff: 52, Sum: 52, Workers: 4
[16.924s][debug][gc,phases      ] GC(7)   StringDedup Table Weak         Min:  0.0, Avg:  0.0, Max:  0.0, Diff:  0.0, Sum:  0.0, Workers: 4
[16.924s][debug][gc,phases      ] GC(7)     Dead                           Min: 0, Avg:  0.0, Max: 0, Diff: 0, Sum: 0, Workers: 4
[16.924s][debug][gc,phases      ] GC(7)     Total                          Min: 0, Avg:  0.0, Max: 0, Diff: 0, Sum: 0, Workers: 4
[16.924s][debug][gc,phases      ] GC(7)   StringDedup Requests0 Weak     Min:  0.0, Avg:  0.0, Max:  0.0, Diff:  0.0, Sum:  0.0, Workers: 4
[16.924s][debug][gc,phases      ] GC(7)     Dead                           Min: 0, Avg:  0.0, Max: 0, Diff: 0, Sum: 0, Workers: 4
[16.924s][debug][gc,phases      ] GC(7)     Total                          Min: 0, Avg:  0.0, Max: 0, Diff: 0, Sum: 0, Workers: 4
[16.924s][debug][gc,phases      ] GC(7)   StringDedup Requests1 Weak     Min:  0.0, Avg:  0.0, Max:  0.0, Diff:  0.0, Sum:  0.0, Workers: 4
[16.924s][debug][gc,phases      ] GC(7)     Dead                           Min: 0, Avg:  0.0, Max: 0, Diff: 0, Sum: 0, Workers: 4
[16.924s][debug][gc,phases      ] GC(7)     Total                          Min: 0, Avg:  0.0, Max: 0, Diff: 0, Sum: 0, Workers: 4
[16.924s][debug][gc,phases      ] GC(7)   Weak JFR Old Object Samples    Min:  0.0, Avg:  0.0, Max:  0.0, Diff:  0.0, Sum:  0.0, Workers: 4
[16.924s][debug][gc,phases      ] GC(7)     Dead                           Min: 0, Avg:  0.0, Max: 0, Diff: 0, Sum: 0, Workers: 4
[16.924s][debug][gc,phases      ] GC(7)     Total                          Min: 0, Avg:  0.0, Max: 0, Diff: 0, Sum: 0, Workers: 4
[16.924s][debug][gc,phases      ] GC(7) Weak Processing 0.465ms
[16.925s][debug][gc,phases      ] GC(7) ClassLoaderData 0.091ms
[16.925s][debug][gc,phases      ] GC(7) Trigger cleanups 0.000ms
[16.934s][debug][gc,phases      ] GC(7) Class Unloading 9.700ms
[16.934s][info ][gc,phases      ] GC(7) Marking Phase 308.092ms
[16.934s][info ][gc,phases,start] GC(7) Summary Phase
[16.934s][info ][gc,phases      ] GC(7) Summary Phase 0.014ms
[16.934s][info ][gc,phases,start] GC(7) Adjust Roots
[16.949s][info ][gc,phases      ] GC(7) Adjust Roots 14.812ms
[16.949s][info ][gc,phases,start] GC(7) Compaction Phase
[17.948s][info ][gc,phases      ] GC(7) Compaction Phase 999.030ms
[17.948s][info ][gc,phases,start] GC(7) Post Compact
[17.951s][info ][gc,phases      ] GC(7) Post Compact 2.758ms
[17.951s][info ][gc,heap        ] GC(7) PSYoungGen: 524287K(1572864K)->517995K(1572864K) Eden: 0K(1048576K)->0K(1048576K) From: 524287K(524288K)->517995K(524288K)
[17.951s][info ][gc,heap        ] GC(7) ParOldGen: 102995K(103424K)->103114K(222720K)
[17.951s][info ][gc,metaspace   ] GC(7) Metaspace: 64035K(64896K)->64035K(64896K) NonClass: 54503K(54976K)->54503K(54976K) Class: 9532K(9920K)->9532K(9920K)
[17.951s][info ][gc             ] GC(7) Pause Full (Ergonomics) 612M->606M(1753M) 1325.083ms
[17.951s][info ][gc,cpu         ] GC(7) User=4.02s Sys=0.02s Real=1.33s
[17.951s][info ][safepoint      ] Safepoint "ParallelGCFailedAllocation", Time since last: 361174930 ns, Reaching safepoint: 122709 ns, At safepoint: 1773946268 ns, Total: 1774068977 ns
[19.030s][info ][safepoint      ] Safepoint "Cleanup", Time since last: 1073345261 ns, Reaching safepoint: 5876621 ns, At safepoint: 9000 ns, Total: 5885621 ns
[19.967s][info ][safepoint      ] Safepoint "ICBufferFull", Time since last: 934653643 ns, Reaching safepoint: 2275963 ns, At safepoint: 11900 ns, Total: 2287863 ns
[20.649s][info ][safepoint      ] Safepoint "ICBufferFull", Time since last: 681541541 ns, Reaching safepoint: 186413 ns, At safepoint: 3301 ns, Total: 189714 ns
[20.817s][info ][gc,start       ] GC(8) Pause Young (Allocation Failure)
[21.006s][debug][gc,phases      ] GC(8) Scavenge 189.087ms
[21.006s][debug][gc,ref         ] GC(8) Skipped phase 1 of Reference Processing: no references
[21.006s][debug][gc,ref         ] GC(8) ReferenceProcessor::execute queues: 4, RefProcThreadModel::Multi, marks_oops_alive: false
[21.006s][debug][gc,ref         ] GC(8) Skipped phase 3 of Reference Processing: no references
[21.006s][debug][gc,ref         ] GC(8) ReferenceProcessor::execute queues: 1, RefProcThreadModel::Single, marks_oops_alive: false
[21.006s][debug][gc,phases      ] GC(8) Reference Processing 0.379ms
[21.007s][debug][gc,phases      ] GC(8)   VM Weak                        Min:  0.0, Avg:  0.0, Max:  0.0, Diff:  0.0, Sum:  0.0, Workers: 4
[21.007s][debug][gc,phases      ] GC(8)     Dead                           Min: 0, Avg:  0.0, Max: 0, Diff: 0, Sum: 0, Workers: 4
[21.007s][debug][gc,phases      ] GC(8)     Total                          Min: 0, Avg: 177.2, Max: 512, Diff: 512, Sum: 709, Workers: 4
[21.007s][debug][gc,phases      ] GC(8)   ObjectSynchronizer Weak        Min:  0.0, Avg:  0.0, Max:  0.0, Diff:  0.0, Sum:  0.0, Workers: 4
[21.007s][debug][gc,phases      ] GC(8)     Dead                           Min: 0, Avg:  0.0, Max: 0, Diff: 0, Sum: 0, Workers: 4
[21.007s][debug][gc,phases      ] GC(8)     Total                          Min: 0, Avg:  6.0, Max: 24, Diff: 24, Sum: 24, Workers: 4
[21.007s][debug][gc,phases      ] GC(8)   JVMTI Tag Weak OopStorage      Min:  0.0, Avg:  0.0, Max:  0.0, Diff:  0.0, Sum:  0.0, Workers: 4
[21.007s][debug][gc,phases      ] GC(8)     Dead                           Min: 0, Avg:  0.0, Max: 0, Diff: 0, Sum: 0, Workers: 4
[21.007s][debug][gc,phases      ] GC(8)     Total                          Min: 0, Avg:  0.0, Max: 0, Diff: 0, Sum: 0, Workers: 4
[21.007s][debug][gc,phases      ] GC(8)   StringTable Weak               Min:  0.0, Avg:  0.3, Max:  0.4, Diff:  0.4, Sum:  1.3, Workers: 4
[21.007s][debug][gc,phases      ] GC(8)     Dead                           Min: 0, Avg:  1.2, Max: 3, Diff: 3, Sum: 5, Workers: 4
[21.007s][debug][gc,phases      ] GC(8)     Total                          Min: 0, Avg: 9520.2, Max: 13184, Diff: 13184, Sum: 38081, Workers: 4
[21.007s][debug][gc,phases      ] GC(8)   ResolvedMethodTable Weak       Min:  0.0, Avg:  0.1, Max:  0.1, Diff:  0.1, Sum:  0.3, Workers: 4
[21.007s][debug][gc,phases      ] GC(8)     Dead                           Min: 0, Avg:  8.0, Max: 22, Diff: 22, Sum: 32, Workers: 4
[21.007s][debug][gc,phases      ] GC(8)     Total                          Min: 0, Avg: 1942.0, Max: 2688, Diff: 2688, Sum: 7768, Workers: 4
[21.007s][debug][gc,phases      ] GC(8)   JNI Weak                       Min:  0.0, Avg:  0.0, Max:  0.0, Diff:  0.0, Sum:  0.0, Workers: 4
[21.007s][debug][gc,phases      ] GC(8)     Dead                           Min: 0, Avg:  0.0, Max: 0, Diff: 0, Sum: 0, Workers: 4
[21.007s][debug][gc,phases      ] GC(8)     Total                          Min: 0, Avg: 23.8, Max: 53, Diff: 53, Sum: 95, Workers: 4
[21.007s][debug][gc,phases      ] GC(8)   StringDedup Table Weak         Min:  0.0, Avg:  0.0, Max:  0.0, Diff:  0.0, Sum:  0.0, Workers: 4
[21.007s][debug][gc,phases      ] GC(8)     Dead                           Min: 0, Avg:  0.0, Max: 0, Diff: 0, Sum: 0, Workers: 4
[21.007s][debug][gc,phases      ] GC(8)     Total                          Min: 0, Avg:  0.0, Max: 0, Diff: 0, Sum: 0, Workers: 4
[21.007s][debug][gc,phases      ] GC(8)   StringDedup Requests0 Weak     Min:  0.0, Avg:  0.0, Max:  0.0, Diff:  0.0, Sum:  0.0, Workers: 4
[21.007s][debug][gc,phases      ] GC(8)     Dead                           Min: 0, Avg:  0.0, Max: 0, Diff: 0, Sum: 0, Workers: 4
[21.007s][debug][gc,phases      ] GC(8)     Total                          Min: 0, Avg:  0.0, Max: 0, Diff: 0, Sum: 0, Workers: 4
[21.007s][debug][gc,phases      ] GC(8)   StringDedup Requests1 Weak     Min:  0.0, Avg:  0.0, Max:  0.0, Diff:  0.0, Sum:  0.0, Workers: 4
[21.007s][debug][gc,phases      ] GC(8)     Dead                           Min: 0, Avg:  0.0, Max: 0, Diff: 0, Sum: 0, Workers: 4
[21.007s][debug][gc,phases      ] GC(8)     Total                          Min: 0, Avg:  0.0, Max: 0, Diff: 0, Sum: 0, Workers: 4
[21.007s][debug][gc,phases      ] GC(8)   Weak JFR Old Object Samples    Min:  0.0, Avg:  0.0, Max:  0.0, Diff:  0.0, Sum:  0.0, Workers: 4
[21.007s][debug][gc,phases      ] GC(8)     Dead                           Min: 0, Avg:  0.0, Max: 0, Diff: 0, Sum: 0, Workers: 4
[21.007s][debug][gc,phases      ] GC(8)     Total                          Min: 0, Avg:  0.0, Max: 0, Diff: 0, Sum: 0, Workers: 4
[21.007s][debug][gc,phases      ] GC(8) Weak Processing 0.741ms
[21.007s][debug][gc,age         ] GC(8) Desired survivor size 536870912 bytes, new threshold 7 (max threshold 15)
[21.007s][info ][gc,heap        ] GC(8) PSYoungGen: 1566571K(1572864K)->289431K(1572864K) Eden: 1048576K(1048576K)->0K(1048576K) From: 517995K(524288K)->289431K(524288K)
[21.007s][info ][gc,heap        ] GC(8) ParOldGen: 103114K(222720K)->103122K(222720K)
[21.007s][info ][gc,metaspace   ] GC(8) Metaspace: 66175K(67072K)->66175K(67072K) NonClass: 56333K(56832K)->56333K(56832K) Class: 9841K(10240K)->9841K(10240K)
[21.007s][info ][gc             ] GC(8) Pause Young (Allocation Failure) 1630M->383M(1753M) 190.320ms
[21.007s][info ][gc,cpu         ] GC(8) User=0.47s Sys=0.09s Real=0.19s
[21.007s][info ][safepoint      ] Safepoint "ParallelGCFailedAllocation", Time since last: 167213658 ns, Reaching safepoint: 192914 ns, At safepoint: 190399316 ns, Total: 190592230 ns
[21.359s][info ][safepoint      ] Safepoint "ICBufferFull", Time since last: 352064978 ns, Reaching safepoint: 253518 ns, At safepoint: 10101 ns, Total: 263619 ns
[21.359s][info ][safepoint      ] Safepoint "ICBufferFull", Time since last: 86606 ns, Reaching safepoint: 95807 ns, At safepoint: 12101 ns, Total: 107908 ns
[21.433s][info ][safepoint      ] Safepoint "ICBufferFull", Time since last: 72917714 ns, Reaching safepoint: 245518 ns, At safepoint: 7800 ns, Total: 253318 ns
[21.634s][info ][safepoint      ] Safepoint "ICBufferFull", Time since last: 201206290 ns, Reaching safepoint: 186413 ns, At safepoint: 3200 ns, Total: 189613 ns
[21.830s][info ][safepoint      ] Safepoint "ICBufferFull", Time since last: 196021619 ns, Reaching safepoint: 342124 ns, At safepoint: 7401 ns, Total: 349525 ns
[22.025s][info ][safepoint      ] Safepoint "ICBufferFull", Time since last: 194545512 ns, Reaching safepoint: 218316 ns, At safepoint: 10801 ns, Total: 229117 ns
[22.193s][info ][safepoint      ] Safepoint "ICBufferFull", Time since last: 167214958 ns, Reaching safepoint: 378427 ns, At safepoint: 7501 ns, Total: 385928 ns
[22.338s][info ][safepoint      ] Safepoint "ICBufferFull", Time since last: 145352394 ns, Reaching safepoint: 200915 ns, At safepoint: 4400 ns, Total: 205315 ns
[22.690s][info ][safepoint      ] Safepoint "ICBufferFull", Time since last: 351482836 ns, Reaching safepoint: 207515 ns, At safepoint: 5000 ns, Total: 212515 ns
[22.967s][info ][safepoint      ] Safepoint "ICBufferFull", Time since last: 273868285 ns, Reaching safepoint: 3364741 ns, At safepoint: 11801 ns, Total: 3376542 ns
[23.272s][info ][safepoint      ] Safepoint "ICBufferFull", Time since last: 304774895 ns, Reaching safepoint: 246718 ns, At safepoint: 3000 ns, Total: 249718 ns
[23.793s][info ][safepoint      ] Safepoint "ICBufferFull", Time since last: 520776843 ns, Reaching safepoint: 288720 ns, At safepoint: 8801 ns, Total: 297521 ns
[23.794s][info ][safepoint      ] Safepoint "ICBufferFull", Time since last: 108708 ns, Reaching safepoint: 98107 ns, At safepoint: 4400 ns, Total: 102507 ns
[23.941s][info ][gc,start       ] GC(9) Pause Young (Allocation Failure)
[24.284s][debug][gc,phases      ] GC(9) Scavenge 343.002ms
[24.284s][debug][gc,ref         ] GC(9) Skipped phase 1 of Reference Processing: no references
[24.284s][debug][gc,ref         ] GC(9) ReferenceProcessor::execute queues: 4, RefProcThreadModel::Multi, marks_oops_alive: false
[24.284s][debug][gc,ref         ] GC(9) Skipped phase 3 of Reference Processing: no references
[24.284s][debug][gc,ref         ] GC(9) ReferenceProcessor::execute queues: 1, RefProcThreadModel::Single, marks_oops_alive: false
[24.284s][debug][gc,phases      ] GC(9) Reference Processing 0.648ms
[24.286s][debug][gc,phases      ] GC(9)   VM Weak                        Min:  0.0, Avg:  0.0, Max:  0.0, Diff:  0.0, Sum:  0.0, Workers: 4
[24.286s][debug][gc,phases      ] GC(9)     Dead                           Min: 0, Avg:  0.0, Max: 0, Diff: 0, Sum: 0, Workers: 4
[24.286s][debug][gc,phases      ] GC(9)     Total                          Min: 0, Avg: 197.2, Max: 789, Diff: 789, Sum: 789, Workers: 4
[24.286s][debug][gc,phases      ] GC(9)   ObjectSynchronizer Weak        Min:  0.0, Avg:  0.0, Max:  0.0, Diff:  0.0, Sum:  0.0, Workers: 4
[24.286s][debug][gc,phases      ] GC(9)     Dead                           Min: 0, Avg:  0.0, Max: 0, Diff: 0, Sum: 0, Workers: 4
[24.286s][debug][gc,phases      ] GC(9)     Total                          Min: 0, Avg:  6.0, Max: 24, Diff: 24, Sum: 24, Workers: 4
[24.286s][debug][gc,phases      ] GC(9)   JVMTI Tag Weak OopStorage      Min:  0.0, Avg:  0.0, Max:  0.0, Diff:  0.0, Sum:  0.0, Workers: 4
[24.286s][debug][gc,phases      ] GC(9)     Dead                           Min: 0, Avg:  0.0, Max: 0, Diff: 0, Sum: 0, Workers: 4
[24.286s][debug][gc,phases      ] GC(9)     Total                          Min: 0, Avg:  0.0, Max: 0, Diff: 0, Sum: 0, Workers: 4
[24.286s][debug][gc,phases      ] GC(9)   StringTable Weak               Min:  0.0, Avg:  0.3, Max:  1.3, Diff:  1.3, Sum:  1.3, Workers: 4
[24.286s][debug][gc,phases      ] GC(9)     Dead                           Min: 0, Avg:  2.0, Max: 8, Diff: 8, Sum: 8, Workers: 4
[24.286s][debug][gc,phases      ] GC(9)     Total                          Min: 0, Avg: 9926.2, Max: 39705, Diff: 39705, Sum: 39705, Workers: 4
[24.286s][debug][gc,phases      ] GC(9)   ResolvedMethodTable Weak       Min:  0.0, Avg:  0.1, Max:  0.4, Diff:  0.4, Sum:  0.4, Workers: 4
[24.286s][debug][gc,phases      ] GC(9)     Dead                           Min: 0, Avg: 28.5, Max: 114, Diff: 114, Sum: 114, Workers: 4
[24.286s][debug][gc,phases      ] GC(9)     Total                          Min: 0, Avg: 2146.8, Max: 8587, Diff: 8587, Sum: 8587, Workers: 4
[24.286s][debug][gc,phases      ] GC(9)   JNI Weak                       Min:  0.0, Avg:  0.0, Max:  0.0, Diff:  0.0, Sum:  0.0, Workers: 4
[24.286s][debug][gc,phases      ] GC(9)     Dead                           Min: 0, Avg:  0.0, Max: 0, Diff: 0, Sum: 0, Workers: 4
[24.286s][debug][gc,phases      ] GC(9)     Total                          Min: 0, Avg: 17.0, Max: 68, Diff: 68, Sum: 68, Workers: 4
[24.286s][debug][gc,phases      ] GC(9)   StringDedup Table Weak         Min:  0.0, Avg:  0.0, Max:  0.0, Diff:  0.0, Sum:  0.0, Workers: 4
[24.286s][debug][gc,phases      ] GC(9)     Dead                           Min: 0, Avg:  0.0, Max: 0, Diff: 0, Sum: 0, Workers: 4
[24.286s][debug][gc,phases      ] GC(9)     Total                          Min: 0, Avg:  0.0, Max: 0, Diff: 0, Sum: 0, Workers: 4
[24.286s][debug][gc,phases      ] GC(9)   StringDedup Requests0 Weak     Min:  0.0, Avg:  0.0, Max:  0.0, Diff:  0.0, Sum:  0.0, Workers: 4
[24.286s][debug][gc,phases      ] GC(9)     Dead                           Min: 0, Avg:  0.0, Max: 0, Diff: 0, Sum: 0, Workers: 4
[24.286s][debug][gc,phases      ] GC(9)     Total                          Min: 0, Avg:  0.0, Max: 0, Diff: 0, Sum: 0, Workers: 4
[24.286s][debug][gc,phases      ] GC(9)   StringDedup Requests1 Weak     Min:  0.0, Avg:  0.0, Max:  0.0, Diff:  0.0, Sum:  0.0, Workers: 4
[24.286s][debug][gc,phases      ] GC(9)     Dead                           Min: 0, Avg:  0.0, Max: 0, Diff: 0, Sum: 0, Workers: 4
[24.286s][debug][gc,phases      ] GC(9)     Total                          Min: 0, Avg:  0.0, Max: 0, Diff: 0, Sum: 0, Workers: 4
[24.286s][debug][gc,phases      ] GC(9)   Weak JFR Old Object Samples    Min:  0.0, Avg:  0.0, Max:  0.0, Diff:  0.0, Sum:  0.0, Workers: 4
[24.286s][debug][gc,phases      ] GC(9)     Dead                           Min: 0, Avg:  0.0, Max: 0, Diff: 0, Sum: 0, Workers: 4
[24.286s][debug][gc,phases      ] GC(9)     Total                          Min: 0, Avg:  0.0, Max: 0, Diff: 0, Sum: 0, Workers: 4
[24.286s][debug][gc,phases      ] GC(9) Weak Processing 1.995ms
[24.286s][debug][gc,age         ] GC(9) Desired survivor size 536870912 bytes, new threshold 6 (max threshold 15)
[24.286s][info ][gc,heap        ] GC(9) PSYoungGen: 1338007K(1572864K)->405894K(1572864K) Eden: 1048576K(1048576K)->0K(1048576K) From: 289431K(524288K)->405894K(524288K)
[24.286s][info ][gc,heap        ] GC(9) ParOldGen: 103122K(222720K)->103130K(222720K)
[24.286s][info ][gc,metaspace   ] GC(9) Metaspace: 70996K(72000K)->70996K(72000K) NonClass: 60433K(60992K)->60433K(60992K) Class: 10562K(11008K)->10562K(11008K)
[24.286s][info ][gc             ] GC(9) Pause Young (Allocation Failure) 1407M->497M(1753M) 345.809ms
[24.286s][info ][gc,cpu         ] GC(9) User=0.88s Sys=0.01s Real=0.34s
[24.287s][info ][safepoint      ] Safepoint "ParallelGCFailedAllocation", Time since last: 146874704 ns, Reaching safepoint: 165411 ns, At safepoint: 345908837 ns, Total: 346074248 ns
[24.766s][info ][safepoint      ] Safepoint "ICBufferFull", Time since last: 478958652 ns, Reaching safepoint: 283120 ns, At safepoint: 7201 ns, Total: 290321 ns
[25.343s][info ][safepoint      ] Safepoint "ICBufferFull", Time since last: 576840151 ns, Reaching safepoint: 217116 ns, At safepoint: 8200 ns, Total: 225316 ns
[25.515s][info ][safepoint      ] Safepoint "ICBufferFull", Time since last: 170598200 ns, Reaching safepoint: 1115380 ns, At safepoint: 7900 ns, Total: 1123280 ns
[26.517s][info ][safepoint      ] Safepoint "Cleanup", Time since last: 1000291733 ns, Reaching safepoint: 2243361 ns, At safepoint: 13300 ns, Total: 2256661 ns
[27.057s][info ][safepoint      ] Safepoint "ICBufferFull", Time since last: 539637691 ns, Reaching safepoint: 663147 ns, At safepoint: 6201 ns, Total: 669348 ns
[27.474s][info ][safepoint      ] Safepoint "ICBufferFull", Time since last: 416846309 ns, Reaching safepoint: 209915 ns, At safepoint: 4100 ns, Total: 214015 ns
[27.865s][info ][safepoint      ] Safepoint "ICBufferFull", Time since last: 390002889 ns, Reaching safepoint: 198015 ns, At safepoint: 11300 ns, Total: 209315 ns
[28.237s][info ][safepoint      ] Safepoint "ICBufferFull", Time since last: 372108210 ns, Reaching safepoint: 336624 ns, At safepoint: 12901 ns, Total: 349525 ns
[28.544s][info ][safepoint      ] Safepoint "ICBufferFull", Time since last: 306882945 ns, Reaching safepoint: 203915 ns, At safepoint: 2700 ns, Total: 206615 ns
[29.037s][info ][gc,start       ] GC(10) Pause Young (Allocation Failure)
[29.241s][debug][gc,phases      ] GC(10) Scavenge 204.284ms
[29.241s][debug][gc,ref         ] GC(10) Skipped phase 1 of Reference Processing: no references
[29.241s][debug][gc,ref         ] GC(10) ReferenceProcessor::execute queues: 4, RefProcThreadModel::Multi, marks_oops_alive: false
[29.242s][debug][gc,ref         ] GC(10) Skipped phase 3 of Reference Processing: no references
[29.242s][debug][gc,ref         ] GC(10) ReferenceProcessor::execute queues: 1, RefProcThreadModel::Single, marks_oops_alive: false
[29.242s][debug][gc,phases      ] GC(10) Reference Processing 0.680ms
[29.243s][debug][gc,phases      ] GC(10)   VM Weak                        Min:  0.0, Avg:  0.0, Max:  0.0, Diff:  0.0, Sum:  0.0, Workers: 4
[29.243s][debug][gc,phases      ] GC(10)     Dead                           Min: 0, Avg:  0.0, Max: 0, Diff: 0, Sum: 0, Workers: 4
[29.243s][debug][gc,phases      ] GC(10)     Total                          Min: 0, Avg: 211.5, Max: 448, Diff: 448, Sum: 846, Workers: 4
[29.243s][debug][gc,phases      ] GC(10)   ObjectSynchronizer Weak        Min:  0.0, Avg:  0.0, Max:  0.0, Diff:  0.0, Sum:  0.0, Workers: 4
[29.243s][debug][gc,phases      ] GC(10)     Dead                           Min: 0, Avg:  0.5, Max: 2, Diff: 2, Sum: 2, Workers: 4
[29.243s][debug][gc,phases      ] GC(10)     Total                          Min: 0, Avg:  6.8, Max: 27, Diff: 27, Sum: 27, Workers: 4
[29.243s][debug][gc,phases      ] GC(10)   JVMTI Tag Weak OopStorage      Min:  0.0, Avg:  0.0, Max:  0.0, Diff:  0.0, Sum:  0.0, Workers: 4
[29.243s][debug][gc,phases      ] GC(10)     Dead                           Min: 0, Avg:  0.0, Max: 0, Diff: 0, Sum: 0, Workers: 4
[29.243s][debug][gc,phases      ] GC(10)     Total                          Min: 0, Avg:  0.0, Max: 0, Diff: 0, Sum: 0, Workers: 4
[29.243s][debug][gc,phases      ] GC(10)   StringTable Weak               Min:  0.0, Avg:  0.5, Max:  0.7, Diff:  0.7, Sum:  2.0, Workers: 4
[29.243s][debug][gc,phases      ] GC(10)     Dead                           Min: 0, Avg:  2.0, Max: 4, Diff: 4, Sum: 8, Workers: 4
[29.243s][debug][gc,phases      ] GC(10)     Total                          Min: 0, Avg: 10479.0, Max: 14332, Diff: 14332, Sum: 41916, Workers: 4
[29.243s][debug][gc,phases      ] GC(10)   ResolvedMethodTable Weak       Min:  0.0, Avg:  0.1, Max:  0.2, Diff:  0.2, Sum:  0.5, Workers: 4
[29.243s][debug][gc,phases      ] GC(10)     Dead                           Min: 0, Avg: 23.2, Max: 42, Diff: 42, Sum: 93, Workers: 4
[29.243s][debug][gc,phases      ] GC(10)     Total                          Min: 0, Avg: 2270.2, Max: 3904, Diff: 3904, Sum: 9081, Workers: 4
[29.243s][debug][gc,phases      ] GC(10)   JNI Weak                       Min:  0.0, Avg:  0.0, Max:  0.0, Diff:  0.0, Sum:  0.0, Workers: 4
[29.243s][debug][gc,phases      ] GC(10)     Dead                           Min: 0, Avg:  0.0, Max: 0, Diff: 0, Sum: 0, Workers: 4
[29.243s][debug][gc,phases      ] GC(10)     Total                          Min: 0, Avg: 23.8, Max: 95, Diff: 95, Sum: 95, Workers: 4
[29.243s][debug][gc,phases      ] GC(10)   StringDedup Table Weak         Min:  0.0, Avg:  0.0, Max:  0.0, Diff:  0.0, Sum:  0.0, Workers: 4
[29.243s][debug][gc,phases      ] GC(10)     Dead                           Min: 0, Avg:  0.0, Max: 0, Diff: 0, Sum: 0, Workers: 4
[29.243s][debug][gc,phases      ] GC(10)     Total                          Min: 0, Avg:  0.0, Max: 0, Diff: 0, Sum: 0, Workers: 4
[29.243s][debug][gc,phases      ] GC(10)   StringDedup Requests0 Weak     Min:  0.0, Avg:  0.0, Max:  0.0, Diff:  0.0, Sum:  0.0, Workers: 4
[29.243s][debug][gc,phases      ] GC(10)     Dead                           Min: 0, Avg:  0.0, Max: 0, Diff: 0, Sum: 0, Workers: 4
[29.243s][debug][gc,phases      ] GC(10)     Total                          Min: 0, Avg:  0.0, Max: 0, Diff: 0, Sum: 0, Workers: 4
[29.243s][debug][gc,phases      ] GC(10)   StringDedup Requests1 Weak     Min:  0.0, Avg:  0.0, Max:  0.0, Diff:  0.0, Sum:  0.0, Workers: 4
[29.243s][debug][gc,phases      ] GC(10)     Dead                           Min: 0, Avg:  0.0, Max: 0, Diff: 0, Sum: 0, Workers: 4
[29.243s][debug][gc,phases      ] GC(10)     Total                          Min: 0, Avg:  0.0, Max: 0, Diff: 0, Sum: 0, Workers: 4
[29.243s][debug][gc,phases      ] GC(10)   Weak JFR Old Object Samples    Min:  0.0, Avg:  0.0, Max:  0.0, Diff:  0.0, Sum:  0.0, Workers: 4
[29.243s][debug][gc,phases      ] GC(10)     Dead                           Min: 0, Avg:  0.0, Max: 0, Diff: 0, Sum: 0, Workers: 4
[29.243s][debug][gc,phases      ] GC(10)     Total                          Min: 0, Avg:  0.0, Max: 0, Diff: 0, Sum: 0, Workers: 4
[29.243s][debug][gc,phases      ] GC(10) Weak Processing 1.016ms
[29.243s][debug][gc,age         ] GC(10) Desired survivor size 536870912 bytes, new threshold 5 (max threshold 15)
[29.243s][info ][gc,heap        ] GC(10) PSYoungGen: 1454470K(1572864K)->413257K(1572864K) Eden: 1048576K(1048576K)->0K(1048576K) From: 405894K(524288K)->413257K(524288K)
[29.243s][info ][gc,heap        ] GC(10) ParOldGen: 103130K(222720K)->103138K(222720K)
[29.243s][info ][gc,metaspace   ] GC(10) Metaspace: 78342K(79424K)->78342K(79424K) NonClass: 66877K(67456K)->66877K(67456K) Class: 11464K(11968K)->11464K(11968K)
[29.243s][info ][gc             ] GC(10) Pause Young (Allocation Failure) 1521M->504M(1753M) 206.129ms
[29.243s][info ][gc,cpu         ] GC(10) User=0.53s Sys=0.07s Real=0.21s
[29.243s][info ][safepoint      ] Safepoint "ParallelGCFailedAllocation", Time since last: 492441215 ns, Reaching safepoint: 235317 ns, At safepoint: 206221647 ns, Total: 206456964 ns
[29.983s][info ][safepoint      ] Safepoint "ICBufferFull", Time since last: 740042420 ns, Reaching safepoint: 257818 ns, At safepoint: 10601 ns, Total: 268419 ns
[30.984s][info ][safepoint      ] Safepoint "Cleanup", Time since last: 1000121718 ns, Reaching safepoint: 201614 ns, At safepoint: 11901 ns, Total: 213515 ns
[32.121s][info ][safepoint      ] Safepoint "ICBufferFull", Time since last: 1136923200 ns, Reaching safepoint: 205615 ns, At safepoint: 9600 ns, Total: 215215 ns
[32.558s][info ][safepoint      ] Safepoint "ICBufferFull", Time since last: 436539016 ns, Reaching safepoint: 316523 ns, At safepoint: 9201 ns, Total: 325724 ns
[33.049s][info ][safepoint      ] Safepoint "ICBufferFull", Time since last: 490922404 ns, Reaching safepoint: 280421 ns, At safepoint: 8500 ns, Total: 288921 ns
[33.714s][info ][gc,start       ] GC(11) Pause Young (Allocation Failure)
[33.970s][debug][gc,phases      ] GC(11) Scavenge 256.045ms
[33.971s][debug][gc,ref         ] GC(11) Skipped phase 1 of Reference Processing: no references
[33.971s][debug][gc,ref         ] GC(11) ReferenceProcessor::execute queues: 4, RefProcThreadModel::Multi, marks_oops_alive: false
[33.971s][debug][gc,ref         ] GC(11) Skipped phase 3 of Reference Processing: no references
[33.971s][debug][gc,ref         ] GC(11) ReferenceProcessor::execute queues: 1, RefProcThreadModel::Single, marks_oops_alive: false
[33.971s][debug][gc,phases      ] GC(11) Reference Processing 0.436ms
[33.972s][debug][gc,phases      ] GC(11)   VM Weak                        Min:  0.0, Avg:  0.0, Max:  0.0, Diff:  0.0, Sum:  0.0, Workers: 4
[33.972s][debug][gc,phases      ] GC(11)     Dead                           Min: 0, Avg:  0.0, Max: 0, Diff: 0, Sum: 0, Workers: 4
[33.972s][debug][gc,phases      ] GC(11)     Total                          Min: 0, Avg: 213.8, Max: 512, Diff: 512, Sum: 855, Workers: 4
[33.972s][debug][gc,phases      ] GC(11)   ObjectSynchronizer Weak        Min:  0.0, Avg:  0.0, Max:  0.0, Diff:  0.0, Sum:  0.0, Workers: 4
[33.972s][debug][gc,phases      ] GC(11)     Dead                           Min: 0, Avg:  0.0, Max: 0, Diff: 0, Sum: 0, Workers: 4
[33.972s][debug][gc,phases      ] GC(11)     Total                          Min: 0, Avg:  6.8, Max: 27, Diff: 27, Sum: 27, Workers: 4
[33.972s][debug][gc,phases      ] GC(11)   JVMTI Tag Weak OopStorage      Min:  0.0, Avg:  0.0, Max:  0.0, Diff:  0.0, Sum:  0.0, Workers: 4
[33.972s][debug][gc,phases      ] GC(11)     Dead                           Min: 0, Avg:  0.0, Max: 0, Diff: 0, Sum: 0, Workers: 4
[33.972s][debug][gc,phases      ] GC(11)     Total                          Min: 0, Avg:  0.0, Max: 0, Diff: 0, Sum: 0, Workers: 4
[33.972s][debug][gc,phases      ] GC(11)   StringTable Weak               Min:  0.0, Avg:  0.4, Max:  0.7, Diff:  0.7, Sum:  1.4, Workers: 4
[33.972s][debug][gc,phases      ] GC(11)     Dead                           Min: 0, Avg:  0.2, Max: 1, Diff: 1, Sum: 1, Workers: 4
[33.972s][debug][gc,phases      ] GC(11)     Total                          Min: 0, Avg: 10506.2, Max: 21417, Diff: 21417, Sum: 42025, Workers: 4
[33.972s][debug][gc,phases      ] GC(11)   ResolvedMethodTable Weak       Min:  0.0, Avg:  0.1, Max:  0.3, Diff:  0.3, Sum:  0.5, Workers: 4
[33.972s][debug][gc,phases      ] GC(11)     Dead                           Min: 0, Avg:  0.0, Max: 0, Diff: 0, Sum: 0, Workers: 4
[33.972s][debug][gc,phases      ] GC(11)     Total                          Min: 0, Avg: 2281.5, Max: 4710, Diff: 4710, Sum: 9126, Workers: 4
[33.972s][debug][gc,phases      ] GC(11)   JNI Weak                       Min:  0.0, Avg:  0.0, Max:  0.0, Diff:  0.0, Sum:  0.0, Workers: 4
[33.972s][debug][gc,phases      ] GC(11)     Dead                           Min: 0, Avg:  0.0, Max: 0, Diff: 0, Sum: 0, Workers: 4
[33.972s][debug][gc,phases      ] GC(11)     Total                          Min: 0, Avg: 20.0, Max: 52, Diff: 52, Sum: 80, Workers: 4
[33.972s][debug][gc,phases      ] GC(11)   StringDedup Table Weak         Min:  0.0, Avg:  0.0, Max:  0.0, Diff:  0.0, Sum:  0.0, Workers: 4
[33.972s][debug][gc,phases      ] GC(11)     Dead                           Min: 0, Avg:  0.0, Max: 0, Diff: 0, Sum: 0, Workers: 4
[33.972s][debug][gc,phases      ] GC(11)     Total                          Min: 0, Avg:  0.0, Max: 0, Diff: 0, Sum: 0, Workers: 4
[33.972s][debug][gc,phases      ] GC(11)   StringDedup Requests0 Weak     Min:  0.0, Avg:  0.0, Max:  0.0, Diff:  0.0, Sum:  0.0, Workers: 4
[33.972s][debug][gc,phases      ] GC(11)     Dead                           Min: 0, Avg:  0.0, Max: 0, Diff: 0, Sum: 0, Workers: 4
[33.972s][debug][gc,phases      ] GC(11)     Total                          Min: 0, Avg:  0.0, Max: 0, Diff: 0, Sum: 0, Workers: 4
[33.972s][debug][gc,phases      ] GC(11)   StringDedup Requests1 Weak     Min:  0.0, Avg:  0.0, Max:  0.0, Diff:  0.0, Sum:  0.0, Workers: 4
[33.972s][debug][gc,phases      ] GC(11)     Dead                           Min: 0, Avg:  0.0, Max: 0, Diff: 0, Sum: 0, Workers: 4
[33.972s][debug][gc,phases      ] GC(11)     Total                          Min: 0, Avg:  0.0, Max: 0, Diff: 0, Sum: 0, Workers: 4
[33.972s][debug][gc,phases      ] GC(11)   Weak JFR Old Object Samples    Min:  0.0, Avg:  0.0, Max:  0.0, Diff:  0.0, Sum:  0.0, Workers: 4
[33.972s][debug][gc,phases      ] GC(11)     Dead                           Min: 0, Avg:  0.0, Max: 0, Diff: 0, Sum: 0, Workers: 4
[33.972s][debug][gc,phases      ] GC(11)     Total                          Min: 0, Avg:  0.0, Max: 0, Diff: 0, Sum: 0, Workers: 4
[33.972s][debug][gc,phases      ] GC(11) Weak Processing 1.247ms
[33.972s][debug][gc,age         ] GC(11) Desired survivor size 536870912 bytes, new threshold 4 (max threshold 15)
[33.972s][info ][gc,heap        ] GC(11) PSYoungGen: 1461833K(1572864K)->332766K(1572864K) Eden: 1048576K(1048576K)->0K(1048576K) From: 413257K(524288K)->332766K(524288K)
[33.972s][info ][gc,heap        ] GC(11) ParOldGen: 103138K(222720K)->179724K(222720K)
[33.972s][info ][gc,metaspace   ] GC(11) Metaspace: 78789K(79872K)->78789K(79872K) NonClass: 67307K(67904K)->67307K(67904K) Class: 11481K(11968K)->11481K(11968K)
[33.972s][info ][gc             ] GC(11) Pause Young (Allocation Failure) 1528M->500M(1753M) 257.895ms
[33.972s][info ][gc,cpu         ] GC(11) User=0.55s Sys=0.02s Real=0.26s
[33.972s][debug][gc,phases      ] GC(12) Pre Compact 0.015ms
[33.972s][info ][gc,start       ] GC(12) Pause Full (Ergonomics)
[33.972s][info ][gc,phases,start] GC(12) Marking Phase
[34.158s][debug][gc,phases      ] GC(12) Par Mark 185.898ms
[34.158s][debug][gc,ref         ] GC(12) Skipped phase 1 of Reference Processing: no references
[34.159s][debug][gc,ref         ] GC(12) ReferenceProcessor::execute queues: 4, RefProcThreadModel::Multi, marks_oops_alive: false
[34.159s][debug][gc,ref         ] GC(12) Skipped phase 3 of Reference Processing: no references
[34.159s][debug][gc,ref         ] GC(12) ReferenceProcessor::execute queues: 1, RefProcThreadModel::Single, marks_oops_alive: false
[34.159s][debug][gc,phases      ] GC(12) Reference Processing 0.817ms
[34.160s][debug][gc,phases      ] GC(12)   VM Weak                        Min:  0.0, Avg:  0.0, Max:  0.0, Diff:  0.0, Sum:  0.0, Workers: 4
[34.160s][debug][gc,phases      ] GC(12)     Dead                           Min: 0, Avg:  0.0, Max: 0, Diff: 0, Sum: 0, Workers: 4
[34.160s][debug][gc,phases      ] GC(12)     Total                          Min: 0, Avg: 213.8, Max: 512, Diff: 512, Sum: 855, Workers: 4
[34.160s][debug][gc,phases      ] GC(12)   ObjectSynchronizer Weak        Min:  0.0, Avg:  0.0, Max:  0.0, Diff:  0.0, Sum:  0.0, Workers: 4
[34.160s][debug][gc,phases      ] GC(12)     Dead                           Min: 0, Avg:  0.0, Max: 0, Diff: 0, Sum: 0, Workers: 4
[34.160s][debug][gc,phases      ] GC(12)     Total                          Min: 0, Avg:  6.8, Max: 27, Diff: 27, Sum: 27, Workers: 4
[34.160s][debug][gc,phases      ] GC(12)   JVMTI Tag Weak OopStorage      Min:  0.0, Avg:  0.0, Max:  0.0, Diff:  0.0, Sum:  0.0, Workers: 4
[34.160s][debug][gc,phases      ] GC(12)     Dead                           Min: 0, Avg:  0.0, Max: 0, Diff: 0, Sum: 0, Workers: 4
[34.160s][debug][gc,phases      ] GC(12)     Total                          Min: 0, Avg:  0.0, Max: 0, Diff: 0, Sum: 0, Workers: 4
[34.160s][debug][gc,phases      ] GC(12)   StringTable Weak               Min:  0.0, Avg:  0.2, Max:  0.3, Diff:  0.3, Sum:  0.6, Workers: 4
[34.160s][debug][gc,phases      ] GC(12)     Dead                           Min: 0, Avg:  0.0, Max: 0, Diff: 0, Sum: 0, Workers: 4
[34.160s][debug][gc,phases      ] GC(12)     Total                          Min: 0, Avg: 10506.2, Max: 21865, Diff: 21865, Sum: 42025, Workers: 4
[34.160s][debug][gc,phases      ] GC(12)   ResolvedMethodTable Weak       Min:  0.0, Avg:  0.0, Max:  0.1, Diff:  0.1, Sum:  0.1, Workers: 4
[34.160s][debug][gc,phases      ] GC(12)     Dead                           Min: 0, Avg:  0.0, Max: 0, Diff: 0, Sum: 0, Workers: 4
[34.160s][debug][gc,phases      ] GC(12)     Total                          Min: 0, Avg: 2281.5, Max: 4646, Diff: 4646, Sum: 9126, Workers: 4
[34.160s][debug][gc,phases      ] GC(12)   JNI Weak                       Min:  0.0, Avg:  0.0, Max:  0.0, Diff:  0.0, Sum:  0.0, Workers: 4
[34.160s][debug][gc,phases      ] GC(12)     Dead                           Min: 0, Avg:  0.0, Max: 0, Diff: 0, Sum: 0, Workers: 4
[34.160s][debug][gc,phases      ] GC(12)     Total                          Min: 0, Avg: 20.0, Max: 52, Diff: 52, Sum: 80, Workers: 4
[34.160s][debug][gc,phases      ] GC(12)   StringDedup Table Weak         Min:  0.0, Avg:  0.0, Max:  0.0, Diff:  0.0, Sum:  0.0, Workers: 4
[34.160s][debug][gc,phases      ] GC(12)     Dead                           Min: 0, Avg:  0.0, Max: 0, Diff: 0, Sum: 0, Workers: 4
[34.160s][debug][gc,phases      ] GC(12)     Total                          Min: 0, Avg:  0.0, Max: 0, Diff: 0, Sum: 0, Workers: 4
[34.160s][debug][gc,phases      ] GC(12)   StringDedup Requests0 Weak     Min:  0.0, Avg:  0.0, Max:  0.0, Diff:  0.0, Sum:  0.0, Workers: 4
[34.160s][debug][gc,phases      ] GC(12)     Dead                           Min: 0, Avg:  0.0, Max: 0, Diff: 0, Sum: 0, Workers: 4
[34.160s][debug][gc,phases      ] GC(12)     Total                          Min: 0, Avg:  0.0, Max: 0, Diff: 0, Sum: 0, Workers: 4
[34.160s][debug][gc,phases      ] GC(12)   StringDedup Requests1 Weak     Min:  0.0, Avg:  0.0, Max:  0.0, Diff:  0.0, Sum:  0.0, Workers: 4
[34.160s][debug][gc,phases      ] GC(12)     Dead                           Min: 0, Avg:  0.0, Max: 0, Diff: 0, Sum: 0, Workers: 4
[34.160s][debug][gc,phases      ] GC(12)     Total                          Min: 0, Avg:  0.0, Max: 0, Diff: 0, Sum: 0, Workers: 4
[34.160s][debug][gc,phases      ] GC(12)   Weak JFR Old Object Samples    Min:  0.0, Avg:  0.0, Max:  0.0, Diff:  0.0, Sum:  0.0, Workers: 4
[34.160s][debug][gc,phases      ] GC(12)     Dead                           Min: 0, Avg:  0.0, Max: 0, Diff: 0, Sum: 0, Workers: 4
[34.160s][debug][gc,phases      ] GC(12)     Total                          Min: 0, Avg:  0.0, Max: 0, Diff: 0, Sum: 0, Workers: 4
[34.160s][debug][gc,phases      ] GC(12) Weak Processing 0.632ms
[34.160s][debug][gc,phases      ] GC(12) ClassLoaderData 0.117ms
[34.160s][debug][gc,phases      ] GC(12) Trigger cleanups 0.000ms
[34.179s][debug][gc,phases      ] GC(12) Class Unloading 19.374ms
[34.179s][info ][gc,phases      ] GC(12) Marking Phase 206.954ms
[34.179s][info ][gc,phases,start] GC(12) Summary Phase
[34.179s][info ][gc,phases      ] GC(12) Summary Phase 0.029ms
[34.179s][info ][gc,phases,start] GC(12) Adjust Roots
[34.208s][info ][gc,phases      ] GC(12) Adjust Roots 28.692ms
[34.208s][info ][gc,phases,start] GC(12) Compaction Phase
[34.890s][info ][gc,phases      ] GC(12) Compaction Phase 681.724ms
[34.890s][info ][gc,phases,start] GC(12) Post Compact
[34.893s][info ][gc,phases      ] GC(12) Post Compact 2.939ms
[34.893s][info ][gc,heap        ] GC(12) PSYoungGen: 332766K(1572864K)->237579K(1572864K) Eden: 0K(1048576K)->0K(1048576K) From: 332766K(524288K)->237579K(524288K)
[34.893s][info ][gc,heap        ] GC(12) ParOldGen: 179724K(222720K)->222527K(357376K)
[34.893s][info ][gc,metaspace   ] GC(12) Metaspace: 78789K(79872K)->78789K(79872K) NonClass: 67307K(67904K)->67307K(67904K) Class: 11481K(11968K)->11481K(11968K)
[34.893s][info ][gc             ] GC(12) Pause Full (Ergonomics) 500M->449M(1885M) 920.817ms
[34.893s][info ][gc,cpu         ] GC(12) User=2.28s Sys=0.03s Real=0.92s
[34.894s][info ][safepoint      ] Safepoint "ParallelGCFailedAllocation", Time since last: 657048484 ns, Reaching safepoint: 8296993 ns, At safepoint: 1179294928 ns, Total: 1187591921 ns
[35.850s][info ][safepoint      ] Safepoint "ICBufferFull", Time since last: 956630105 ns, Reaching safepoint: 202315 ns, At safepoint: 2700 ns, Total: 205015 ns
[36.851s][info ][safepoint      ] Safepoint "Cleanup", Time since last: 1000125815 ns, Reaching safepoint: 223016 ns, At safepoint: 5600 ns, Total: 228616 ns
[37.815s][info ][safepoint      ] Safepoint "ICBufferFull", Time since last: 964369058 ns, Reaching safepoint: 206214 ns, At safepoint: 10801 ns, Total: 217015 ns
[38.431s][info ][safepoint      ] Safepoint "ICBufferFull", Time since last: 615539414 ns, Reaching safepoint: 162712 ns, At safepoint: 6500 ns, Total: 169212 ns
[39.083s][info ][safepoint      ] Safepoint "ICBufferFull", Time since last: 652153332 ns, Reaching safepoint: 218816 ns, At safepoint: 3700 ns, Total: 222516 ns
[39.820s][info ][safepoint      ] Safepoint "ICBufferFull", Time since last: 736172339 ns, Reaching safepoint: 278620 ns, At safepoint: 11401 ns, Total: 290021 ns
[40.700s][info ][gc,start       ] GC(13) Pause Young (Allocation Failure)
[40.893s][debug][gc,phases      ] GC(13) Scavenge 192.962ms
[40.893s][debug][gc,ref         ] GC(13) Skipped phase 1 of Reference Processing: no references
[40.893s][debug][gc,ref         ] GC(13) ReferenceProcessor::execute queues: 2, RefProcThreadModel::Multi, marks_oops_alive: false
[40.893s][debug][gc,ref         ] GC(13) Skipped phase 3 of Reference Processing: no references
[40.893s][debug][gc,ref         ] GC(13) ReferenceProcessor::execute queues: 1, RefProcThreadModel::Single, marks_oops_alive: false
[40.893s][debug][gc,phases      ] GC(13) Reference Processing 0.322ms
[40.894s][debug][gc,phases      ] GC(13)   VM Weak                        Min:  0.0, Avg:  0.0, Max:  0.0, Diff:  0.0, Sum:  0.0, Workers: 4
[40.894s][debug][gc,phases      ] GC(13)     Dead                           Min: 0, Avg:  0.0, Max: 0, Diff: 0, Sum: 0, Workers: 4
[40.894s][debug][gc,phases      ] GC(13)     Total                          Min: 0, Avg: 214.8, Max: 603, Diff: 603, Sum: 859, Workers: 4
[40.894s][debug][gc,phases      ] GC(13)   ObjectSynchronizer Weak        Min:  0.0, Avg:  0.0, Max:  0.0, Diff:  0.0, Sum:  0.0, Workers: 4
[40.894s][debug][gc,phases      ] GC(13)     Dead                           Min: 0, Avg:  0.0, Max: 0, Diff: 0, Sum: 0, Workers: 4
[40.894s][debug][gc,phases      ] GC(13)     Total                          Min: 0, Avg:  6.8, Max: 27, Diff: 27, Sum: 27, Workers: 4
[40.894s][debug][gc,phases      ] GC(13)   JVMTI Tag Weak OopStorage      Min:  0.0, Avg:  0.0, Max:  0.0, Diff:  0.0, Sum:  0.0, Workers: 4
[40.894s][debug][gc,phases      ] GC(13)     Dead                           Min: 0, Avg:  0.0, Max: 0, Diff: 0, Sum: 0, Workers: 4
[40.894s][debug][gc,phases      ] GC(13)     Total                          Min: 0, Avg:  0.0, Max: 0, Diff: 0, Sum: 0, Workers: 4
[40.894s][debug][gc,phases      ] GC(13)   StringTable Weak               Min:  0.0, Avg:  0.2, Max:  0.4, Diff:  0.4, Sum:  0.8, Workers: 4
[40.894s][debug][gc,phases      ] GC(13)     Dead                           Min: 0, Avg:  0.5, Max: 2, Diff: 2, Sum: 2, Workers: 4
[40.894s][debug][gc,phases      ] GC(13)     Total                          Min: 0, Avg: 10556.0, Max: 21503, Diff: 21503, Sum: 42224, Workers: 4
[40.894s][debug][gc,phases      ] GC(13)   ResolvedMethodTable Weak       Min:  0.0, Avg:  0.1, Max:  0.2, Diff:  0.2, Sum:  0.3, Workers: 4
[40.894s][debug][gc,phases      ] GC(13)     Dead                           Min: 0, Avg:  0.0, Max: 0, Diff: 0, Sum: 0, Workers: 4
[40.894s][debug][gc,phases      ] GC(13)     Total                          Min: 0, Avg: 2291.0, Max: 4672, Diff: 4672, Sum: 9164, Workers: 4
[40.894s][debug][gc,phases      ] GC(13)   JNI Weak                       Min:  0.0, Avg:  0.0, Max:  0.0, Diff:  0.0, Sum:  0.0, Workers: 4
[40.894s][debug][gc,phases      ] GC(13)     Dead                           Min: 0, Avg:  0.0, Max: 0, Diff: 0, Sum: 0, Workers: 4
[40.894s][debug][gc,phases      ] GC(13)     Total                          Min: 0, Avg: 18.2, Max: 73, Diff: 73, Sum: 73, Workers: 4
[40.894s][debug][gc,phases      ] GC(13)   StringDedup Table Weak         Min:  0.0, Avg:  0.0, Max:  0.0, Diff:  0.0, Sum:  0.0, Workers: 4
[40.894s][debug][gc,phases      ] GC(13)     Dead                           Min: 0, Avg:  0.0, Max: 0, Diff: 0, Sum: 0, Workers: 4
[40.894s][debug][gc,phases      ] GC(13)     Total                          Min: 0, Avg:  0.0, Max: 0, Diff: 0, Sum: 0, Workers: 4
[40.894s][debug][gc,phases      ] GC(13)   StringDedup Requests0 Weak     Min:  0.0, Avg:  0.0, Max:  0.0, Diff:  0.0, Sum:  0.0, Workers: 4
[40.894s][debug][gc,phases      ] GC(13)     Dead                           Min: 0, Avg:  0.0, Max: 0, Diff: 0, Sum: 0, Workers: 4
[40.894s][debug][gc,phases      ] GC(13)     Total                          Min: 0, Avg:  0.0, Max: 0, Diff: 0, Sum: 0, Workers: 4
[40.894s][debug][gc,phases      ] GC(13)   StringDedup Requests1 Weak     Min:  0.0, Avg:  0.0, Max:  0.0, Diff:  0.0, Sum:  0.0, Workers: 4
[40.894s][debug][gc,phases      ] GC(13)     Dead                           Min: 0, Avg:  0.0, Max: 0, Diff: 0, Sum: 0, Workers: 4
[40.894s][debug][gc,phases      ] GC(13)     Total                          Min: 0, Avg:  0.0, Max: 0, Diff: 0, Sum: 0, Workers: 4
[40.894s][debug][gc,phases      ] GC(13)   Weak JFR Old Object Samples    Min:  0.0, Avg:  0.0, Max:  0.0, Diff:  0.0, Sum:  0.0, Workers: 4
[40.894s][debug][gc,phases      ] GC(13)     Dead                           Min: 0, Avg:  0.0, Max: 0, Diff: 0, Sum: 0, Workers: 4
[40.894s][debug][gc,phases      ] GC(13)     Total                          Min: 0, Avg:  0.0, Max: 0, Diff: 0, Sum: 0, Workers: 4
[40.894s][debug][gc,phases      ] GC(13) Weak Processing 0.805ms
[40.894s][debug][gc,age         ] GC(13) Desired survivor size 536870912 bytes, new threshold 3 (max threshold 15)
[40.894s][info ][gc,heap        ] GC(13) PSYoungGen: 1286155K(1572864K)->181749K(1572864K) Eden: 1048576K(1048576K)->0K(1048576K) From: 237579K(524288K)->181749K(524288K)
[40.894s][info ][gc,heap        ] GC(13) ParOldGen: 222527K(357376K)->297482K(357376K)
[40.894s][info ][gc,metaspace   ] GC(13) Metaspace: 79400K(80448K)->79400K(80448K) NonClass: 67899K(68480K)->67899K(68480K) Class: 11500K(11968K)->11500K(11968K)
[40.894s][info ][gc             ] GC(13) Pause Young (Allocation Failure) 1473M->468M(1885M) 194.228ms
[40.894s][info ][gc,cpu         ] GC(13) User=0.39s Sys=0.02s Real=0.19s
[40.894s][debug][gc,phases      ] GC(14) Pre Compact 0.015ms
[40.894s][info ][gc,start       ] GC(14) Pause Full (Ergonomics)
[40.894s][info ][gc,phases,start] GC(14) Marking Phase
[41.094s][debug][gc,phases      ] GC(14) Par Mark 200.100ms
[41.094s][debug][gc,ref         ] GC(14) Skipped phase 1 of Reference Processing: no references
[41.095s][debug][gc,ref         ] GC(14) ReferenceProcessor::execute queues: 4, RefProcThreadModel::Multi, marks_oops_alive: false
[41.098s][debug][gc,ref         ] GC(14) ReferenceProcessor::execute queues: 4, RefProcThreadModel::Multi, marks_oops_alive: true
[41.099s][debug][gc,ref         ] GC(14) ReferenceProcessor::execute queues: 1, RefProcThreadModel::Single, marks_oops_alive: false
[41.100s][debug][gc,phases      ] GC(14) Reference Processing 5.055ms
[41.100s][debug][gc,phases      ] GC(14)   VM Weak                        Min:  0.0, Avg:  0.0, Max:  0.0, Diff:  0.0, Sum:  0.0, Workers: 4
[41.100s][debug][gc,phases      ] GC(14)     Dead                           Min: 0, Avg:  0.0, Max: 0, Diff: 0, Sum: 0, Workers: 4
[41.100s][debug][gc,phases      ] GC(14)     Total                          Min: 0, Avg: 214.8, Max: 448, Diff: 448, Sum: 859, Workers: 4
[41.100s][debug][gc,phases      ] GC(14)   ObjectSynchronizer Weak        Min:  0.0, Avg:  0.0, Max:  0.0, Diff:  0.0, Sum:  0.0, Workers: 4
[41.100s][debug][gc,phases      ] GC(14)     Dead                           Min: 0, Avg:  0.0, Max: 0, Diff: 0, Sum: 0, Workers: 4
[41.100s][debug][gc,phases      ] GC(14)     Total                          Min: 0, Avg:  6.8, Max: 27, Diff: 27, Sum: 27, Workers: 4
[41.100s][debug][gc,phases      ] GC(14)   JVMTI Tag Weak OopStorage      Min:  0.0, Avg:  0.0, Max:  0.0, Diff:  0.0, Sum:  0.0, Workers: 4
[41.100s][debug][gc,phases      ] GC(14)     Dead                           Min: 0, Avg:  0.0, Max: 0, Diff: 0, Sum: 0, Workers: 4
[41.100s][debug][gc,phases      ] GC(14)     Total                          Min: 0, Avg:  0.0, Max: 0, Diff: 0, Sum: 0, Workers: 4
[41.100s][debug][gc,phases      ] GC(14)   StringTable Weak               Min:  0.0, Avg:  0.2, Max:  0.4, Diff:  0.4, Sum:  0.8, Workers: 4
[41.100s][debug][gc,phases      ] GC(14)     Dead                           Min: 0, Avg:  0.0, Max: 0, Diff: 0, Sum: 0, Workers: 4
[41.100s][debug][gc,phases      ] GC(14)     Total                          Min: 0, Avg: 10556.0, Max: 21937, Diff: 21937, Sum: 42224, Workers: 4
[41.100s][debug][gc,phases      ] GC(14)   ResolvedMethodTable Weak       Min:  0.0, Avg:  0.0, Max:  0.1, Diff:  0.1, Sum:  0.1, Workers: 4
[41.100s][debug][gc,phases      ] GC(14)     Dead                           Min: 0, Avg:  0.0, Max: 0, Diff: 0, Sum: 0, Workers: 4
[41.100s][debug][gc,phases      ] GC(14)     Total                          Min: 0, Avg: 2291.0, Max: 4608, Diff: 4608, Sum: 9164, Workers: 4
[41.100s][debug][gc,phases      ] GC(14)   JNI Weak                       Min:  0.0, Avg:  0.0, Max:  0.0, Diff:  0.0, Sum:  0.0, Workers: 4
[41.100s][debug][gc,phases      ] GC(14)     Dead                           Min: 0, Avg:  0.0, Max: 0, Diff: 0, Sum: 0, Workers: 4
[41.100s][debug][gc,phases      ] GC(14)     Total                          Min: 0, Avg: 18.2, Max: 46, Diff: 46, Sum: 73, Workers: 4
[41.100s][debug][gc,phases      ] GC(14)   StringDedup Table Weak         Min:  0.0, Avg:  0.0, Max:  0.0, Diff:  0.0, Sum:  0.0, Workers: 4
[41.100s][debug][gc,phases      ] GC(14)     Dead                           Min: 0, Avg:  0.0, Max: 0, Diff: 0, Sum: 0, Workers: 4
[41.100s][debug][gc,phases      ] GC(14)     Total                          Min: 0, Avg:  0.0, Max: 0, Diff: 0, Sum: 0, Workers: 4
[41.100s][debug][gc,phases      ] GC(14)   StringDedup Requests0 Weak     Min:  0.0, Avg:  0.0, Max:  0.0, Diff:  0.0, Sum:  0.0, Workers: 4
[41.100s][debug][gc,phases      ] GC(14)     Dead                           Min: 0, Avg:  0.0, Max: 0, Diff: 0, Sum: 0, Workers: 4
[41.100s][debug][gc,phases      ] GC(14)     Total                          Min: 0, Avg:  0.0, Max: 0, Diff: 0, Sum: 0, Workers: 4
[41.100s][debug][gc,phases      ] GC(14)   StringDedup Requests1 Weak     Min:  0.0, Avg:  0.0, Max:  0.0, Diff:  0.0, Sum:  0.0, Workers: 4
[41.100s][debug][gc,phases      ] GC(14)     Dead                           Min: 0, Avg:  0.0, Max: 0, Diff: 0, Sum: 0, Workers: 4
[41.100s][debug][gc,phases      ] GC(14)     Total                          Min: 0, Avg:  0.0, Max: 0, Diff: 0, Sum: 0, Workers: 4
[41.100s][debug][gc,phases      ] GC(14)   Weak JFR Old Object Samples    Min:  0.0, Avg:  0.0, Max:  0.0, Diff:  0.0, Sum:  0.0, Workers: 4
[41.100s][debug][gc,phases      ] GC(14)     Dead                           Min: 0, Avg:  0.0, Max: 0, Diff: 0, Sum: 0, Workers: 4
[41.100s][debug][gc,phases      ] GC(14)     Total                          Min: 0, Avg:  0.0, Max: 0, Diff: 0, Sum: 0, Workers: 4
[41.100s][debug][gc,phases      ] GC(14) Weak Processing 0.818ms
[41.100s][debug][gc,phases      ] GC(14) ClassLoaderData 0.128ms
[41.100s][debug][gc,phases      ] GC(14) Trigger cleanups 0.000ms
[41.118s][debug][gc,phases      ] GC(14) Class Unloading 17.976ms
[41.118s][info ][gc,phases      ] GC(14) Marking Phase 224.202ms
[41.118s][info ][gc,phases,start] GC(14) Summary Phase
[41.118s][info ][gc,phases      ] GC(14) Summary Phase 0.024ms
[41.118s][info ][gc,phases,start] GC(14) Adjust Roots
[41.133s][info ][gc,phases      ] GC(14) Adjust Roots 14.840ms
[41.133s][info ][gc,phases,start] GC(14) Compaction Phase
[41.445s][info ][gc,phases      ] GC(14) Compaction Phase 311.535ms
[41.445s][info ][gc,phases,start] GC(14) Post Compact
[41.447s][info ][gc,phases      ] GC(14) Post Compact 1.850ms
[41.447s][info ][gc,heap        ] GC(14) PSYoungGen: 181749K(1572864K)->117693K(1572864K) Eden: 0K(1048576K)->0K(1048576K) From: 181749K(524288K)->117693K(524288K)
[41.447s][info ][gc,heap        ] GC(14) ParOldGen: 297482K(357376K)->356900K(522752K)
[41.447s][info ][gc,metaspace   ] GC(14) Metaspace: 79400K(80448K)->79400K(80448K) NonClass: 67899K(68480K)->67899K(68480K) Class: 11500K(11968K)->11500K(11968K)
[41.447s][info ][gc             ] GC(14) Pause Full (Ergonomics) 468M->463M(2046M) 552.820ms
[41.447s][info ][gc,cpu         ] GC(14) User=1.50s Sys=0.01s Real=0.55s
[41.447s][info ][safepoint      ] Safepoint "ParallelGCFailedAllocation", Time since last: 878325503 ns, Reaching safepoint: 1517209 ns, At safepoint: 747222029 ns, Total: 748739238 ns
[42.947s][info ][safepoint      ] Safepoint "ICBufferFull", Time since last: 1499533120 ns, Reaching safepoint: 194614 ns, At safepoint: 7300 ns, Total: 201914 ns
[43.906s][info ][safepoint      ] Safepoint "ICBufferFull", Time since last: 958893663 ns, Reaching safepoint: 291021 ns, At safepoint: 15301 ns, Total: 306322 ns
[44.906s][info ][safepoint      ] Safepoint "Cleanup", Time since last: 1000132510 ns, Reaching safepoint: 369827 ns, At safepoint: 9400 ns, Total: 379227 ns
[45.907s][info ][safepoint      ] Safepoint "Cleanup", Time since last: 1000116909 ns, Reaching safepoint: 217716 ns, At safepoint: 15301 ns, Total: 233017 ns
[46.907s][info ][safepoint      ] Safepoint "Cleanup", Time since last: 1000120009 ns, Reaching safepoint: 144610 ns, At safepoint: 12601 ns, Total: 157211 ns
[48.508s][info ][safepoint      ] Safepoint "ICBufferFull", Time since last: 1600251017 ns, Reaching safepoint: 201114 ns, At safepoint: 2900 ns, Total: 204014 ns
[49.360s][info ][gc,start       ] GC(15) Pause Young (Allocation Failure)
[49.465s][debug][gc,phases      ] GC(15) Scavenge 104.950ms
[49.465s][debug][gc,ref         ] GC(15) Skipped phase 1 of Reference Processing: no references
[49.465s][debug][gc,ref         ] GC(15) ReferenceProcessor::execute queues: 1, RefProcThreadModel::Single, marks_oops_alive: false
[49.465s][debug][gc,ref         ] GC(15) Skipped phase 3 of Reference Processing: no references
[49.465s][debug][gc,ref         ] GC(15) ReferenceProcessor::execute queues: 1, RefProcThreadModel::Single, marks_oops_alive: false
[49.465s][debug][gc,phases      ] GC(15) Reference Processing 0.129ms
[49.465s][debug][gc,phases      ] GC(15)   VM Weak                        Min:  0.0, Avg:  0.0, Max:  0.0, Diff:  0.0, Sum:  0.0, Workers: 4
[49.465s][debug][gc,phases      ] GC(15)     Dead                           Min: 0, Avg:  0.0, Max: 0, Diff: 0, Sum: 0, Workers: 4
[49.465s][debug][gc,phases      ] GC(15)     Total                          Min: 0, Avg: 214.8, Max: 475, Diff: 475, Sum: 859, Workers: 4
[49.465s][debug][gc,phases      ] GC(15)   ObjectSynchronizer Weak        Min:  0.0, Avg:  0.0, Max:  0.0, Diff:  0.0, Sum:  0.0, Workers: 4
[49.465s][debug][gc,phases      ] GC(15)     Dead                           Min: 0, Avg:  0.0, Max: 0, Diff: 0, Sum: 0, Workers: 4
[49.465s][debug][gc,phases      ] GC(15)     Total                          Min: 0, Avg:  6.8, Max: 27, Diff: 27, Sum: 27, Workers: 4
[49.465s][debug][gc,phases      ] GC(15)   JVMTI Tag Weak OopStorage      Min:  0.0, Avg:  0.0, Max:  0.0, Diff:  0.0, Sum:  0.0, Workers: 4
[49.465s][debug][gc,phases      ] GC(15)     Dead                           Min: 0, Avg:  0.0, Max: 0, Diff: 0, Sum: 0, Workers: 4
[49.465s][debug][gc,phases      ] GC(15)     Total                          Min: 0, Avg:  0.0, Max: 0, Diff: 0, Sum: 0, Workers: 4
[49.465s][debug][gc,phases      ] GC(15)   StringTable Weak               Min:  0.0, Avg:  0.1, Max:  0.3, Diff:  0.3, Sum:  0.5, Workers: 4
[49.465s][debug][gc,phases      ] GC(15)     Dead                           Min: 0, Avg:  0.5, Max: 2, Diff: 2, Sum: 2, Workers: 4
[49.465s][debug][gc,phases      ] GC(15)     Total                          Min: 0, Avg: 10643.0, Max: 26176, Diff: 26176, Sum: 42572, Workers: 4
[49.465s][debug][gc,phases      ] GC(15)   ResolvedMethodTable Weak       Min:  0.0, Avg:  0.0, Max:  0.1, Diff:  0.1, Sum:  0.1, Workers: 4
[49.465s][debug][gc,phases      ] GC(15)     Dead                           Min: 0, Avg:  0.0, Max: 0, Diff: 0, Sum: 0, Workers: 4
[49.465s][debug][gc,phases      ] GC(15)     Total                          Min: 0, Avg: 2298.2, Max: 4713, Diff: 4713, Sum: 9193, Workers: 4
[49.465s][debug][gc,phases      ] GC(15)   JNI Weak                       Min:  0.0, Avg:  0.0, Max:  0.0, Diff:  0.0, Sum:  0.0, Workers: 4
[49.465s][debug][gc,phases      ] GC(15)     Dead                           Min: 0, Avg:  0.0, Max: 0, Diff: 0, Sum: 0, Workers: 4
[49.465s][debug][gc,phases      ] GC(15)     Total                          Min: 0, Avg: 11.2, Max: 45, Diff: 45, Sum: 45, Workers: 4
[49.465s][debug][gc,phases      ] GC(15)   StringDedup Table Weak         Min:  0.0, Avg:  0.0, Max:  0.0, Diff:  0.0, Sum:  0.0, Workers: 4
[49.465s][debug][gc,phases      ] GC(15)     Dead                           Min: 0, Avg:  0.0, Max: 0, Diff: 0, Sum: 0, Workers: 4
[49.465s][debug][gc,phases      ] GC(15)     Total                          Min: 0, Avg:  0.0, Max: 0, Diff: 0, Sum: 0, Workers: 4
[49.465s][debug][gc,phases      ] GC(15)   StringDedup Requests0 Weak     Min:  0.0, Avg:  0.0, Max:  0.0, Diff:  0.0, Sum:  0.0, Workers: 4
[49.465s][debug][gc,phases      ] GC(15)     Dead                           Min: 0, Avg:  0.0, Max: 0, Diff: 0, Sum: 0, Workers: 4
[49.465s][debug][gc,phases      ] GC(15)     Total                          Min: 0, Avg:  0.0, Max: 0, Diff: 0, Sum: 0, Workers: 4
[49.465s][debug][gc,phases      ] GC(15)   StringDedup Requests1 Weak     Min:  0.0, Avg:  0.0, Max:  0.0, Diff:  0.0, Sum:  0.0, Workers: 4
[49.465s][debug][gc,phases      ] GC(15)     Dead                           Min: 0, Avg:  0.0, Max: 0, Diff: 0, Sum: 0, Workers: 4
[49.465s][debug][gc,phases      ] GC(15)     Total                          Min: 0, Avg:  0.0, Max: 0, Diff: 0, Sum: 0, Workers: 4
[49.465s][debug][gc,phases      ] GC(15)   Weak JFR Old Object Samples    Min:  0.0, Avg:  0.0, Max:  0.0, Diff:  0.0, Sum:  0.0, Workers: 4
[49.465s][debug][gc,phases      ] GC(15)     Dead                           Min: 0, Avg:  0.0, Max: 0, Diff: 0, Sum: 0, Workers: 4
[49.465s][debug][gc,phases      ] GC(15)     Total                          Min: 0, Avg:  0.0, Max: 0, Diff: 0, Sum: 0, Workers: 4
[49.465s][debug][gc,phases      ] GC(15) Weak Processing 0.579ms
[49.465s][debug][gc,age         ] GC(15) Desired survivor size 536870912 bytes, new threshold 2 (max threshold 15)
[49.465s][info ][gc,heap        ] GC(15) PSYoungGen: 1166269K(1572864K)->36448K(1572864K) Eden: 1048576K(1048576K)->0K(1048576K) From: 117693K(524288K)->36448K(524288K)
[49.465s][info ][gc,heap        ] GC(15) ParOldGen: 356900K(522752K)->431314K(522752K)
[49.465s][info ][gc,metaspace   ] GC(15) Metaspace: 79703K(80704K)->79703K(80704K) NonClass: 68184K(68736K)->68184K(68736K) Class: 11518K(11968K)->11518K(11968K)
[49.465s][info ][gc             ] GC(15) Pause Young (Allocation Failure) 1487M->456M(2046M) 105.817ms
[49.465s][info ][gc,cpu         ] GC(15) User=0.29s Sys=0.03s Real=0.10s
[49.465s][debug][gc,phases      ] GC(16) Pre Compact 0.015ms
[49.465s][info ][gc,start       ] GC(16) Pause Full (Ergonomics)
[49.466s][info ][gc,phases,start] GC(16) Marking Phase
[49.632s][debug][gc,phases      ] GC(16) Par Mark 165.972ms
[49.632s][debug][gc,ref         ] GC(16) Skipped phase 1 of Reference Processing: no references
[49.632s][debug][gc,ref         ] GC(16) ReferenceProcessor::execute queues: 4, RefProcThreadModel::Multi, marks_oops_alive: false
[49.632s][debug][gc,ref         ] GC(16) Skipped phase 3 of Reference Processing: no references
[49.632s][debug][gc,ref         ] GC(16) ReferenceProcessor::execute queues: 1, RefProcThreadModel::Single, marks_oops_alive: false
[49.632s][debug][gc,phases      ] GC(16) Reference Processing 0.625ms
[49.633s][debug][gc,phases      ] GC(16)   VM Weak                        Min:  0.0, Avg:  0.0, Max:  0.0, Diff:  0.0, Sum:  0.0, Workers: 4
[49.633s][debug][gc,phases      ] GC(16)     Dead                           Min: 0, Avg:  0.0, Max: 0, Diff: 0, Sum: 0, Workers: 4
[49.633s][debug][gc,phases      ] GC(16)     Total                          Min: 0, Avg: 214.8, Max: 448, Diff: 448, Sum: 859, Workers: 4
[49.633s][debug][gc,phases      ] GC(16)   ObjectSynchronizer Weak        Min:  0.0, Avg:  0.0, Max:  0.0, Diff:  0.0, Sum:  0.0, Workers: 4
[49.633s][debug][gc,phases      ] GC(16)     Dead                           Min: 0, Avg:  0.0, Max: 0, Diff: 0, Sum: 0, Workers: 4
[49.633s][debug][gc,phases      ] GC(16)     Total                          Min: 0, Avg:  6.8, Max: 27, Diff: 27, Sum: 27, Workers: 4
[49.633s][debug][gc,phases      ] GC(16)   JVMTI Tag Weak OopStorage      Min:  0.0, Avg:  0.0, Max:  0.0, Diff:  0.0, Sum:  0.0, Workers: 4
[49.633s][debug][gc,phases      ] GC(16)     Dead                           Min: 0, Avg:  0.0, Max: 0, Diff: 0, Sum: 0, Workers: 4
[49.633s][debug][gc,phases      ] GC(16)     Total                          Min: 0, Avg:  0.0, Max: 0, Diff: 0, Sum: 0, Workers: 4
[49.633s][debug][gc,phases      ] GC(16)   StringTable Weak               Min:  0.0, Avg:  0.2, Max:  0.2, Diff:  0.2, Sum:  0.6, Workers: 4
[49.633s][debug][gc,phases      ] GC(16)     Dead                           Min: 0, Avg:  0.0, Max: 0, Diff: 0, Sum: 0, Workers: 4
[49.633s][debug][gc,phases      ] GC(16)     Total                          Min: 0, Avg: 10643.0, Max: 16128, Diff: 16128, Sum: 42572, Workers: 4
[49.633s][debug][gc,phases      ] GC(16)   ResolvedMethodTable Weak       Min:  0.0, Avg:  0.0, Max:  0.0, Diff:  0.0, Sum:  0.1, Workers: 4
[49.633s][debug][gc,phases      ] GC(16)     Dead                           Min: 0, Avg:  0.0, Max: 0, Diff: 0, Sum: 0, Workers: 4
[49.633s][debug][gc,phases      ] GC(16)     Total                          Min: 0, Avg: 2298.2, Max: 3456, Diff: 3456, Sum: 9193, Workers: 4
[49.633s][debug][gc,phases      ] GC(16)   JNI Weak                       Min:  0.0, Avg:  0.0, Max:  0.0, Diff:  0.0, Sum:  0.0, Workers: 4
[49.633s][debug][gc,phases      ] GC(16)     Dead                           Min: 0, Avg:  0.0, Max: 0, Diff: 0, Sum: 0, Workers: 4
[49.633s][debug][gc,phases      ] GC(16)     Total                          Min: 0, Avg: 11.2, Max: 45, Diff: 45, Sum: 45, Workers: 4
[49.633s][debug][gc,phases      ] GC(16)   StringDedup Table Weak         Min:  0.0, Avg:  0.0, Max:  0.0, Diff:  0.0, Sum:  0.0, Workers: 4
[49.633s][debug][gc,phases      ] GC(16)     Dead                           Min: 0, Avg:  0.0, Max: 0, Diff: 0, Sum: 0, Workers: 4
[49.633s][debug][gc,phases      ] GC(16)     Total                          Min: 0, Avg:  0.0, Max: 0, Diff: 0, Sum: 0, Workers: 4
[49.633s][debug][gc,phases      ] GC(16)   StringDedup Requests0 Weak     Min:  0.0, Avg:  0.0, Max:  0.0, Diff:  0.0, Sum:  0.0, Workers: 4
[49.633s][debug][gc,phases      ] GC(16)     Dead                           Min: 0, Avg:  0.0, Max: 0, Diff: 0, Sum: 0, Workers: 4
[49.633s][debug][gc,phases      ] GC(16)     Total                          Min: 0, Avg:  0.0, Max: 0, Diff: 0, Sum: 0, Workers: 4
[49.633s][debug][gc,phases      ] GC(16)   StringDedup Requests1 Weak     Min:  0.0, Avg:  0.0, Max:  0.0, Diff:  0.0, Sum:  0.0, Workers: 4
[49.633s][debug][gc,phases      ] GC(16)     Dead                           Min: 0, Avg:  0.0, Max: 0, Diff: 0, Sum: 0, Workers: 4
[49.633s][debug][gc,phases      ] GC(16)     Total                          Min: 0, Avg:  0.0, Max: 0, Diff: 0, Sum: 0, Workers: 4
[49.633s][debug][gc,phases      ] GC(16)   Weak JFR Old Object Samples    Min:  0.0, Avg:  0.0, Max:  0.0, Diff:  0.0, Sum:  0.0, Workers: 4
[49.633s][debug][gc,phases      ] GC(16)     Dead                           Min: 0, Avg:  0.0, Max: 0, Diff: 0, Sum: 0, Workers: 4
[49.633s][debug][gc,phases      ] GC(16)     Total                          Min: 0, Avg:  0.0, Max: 0, Diff: 0, Sum: 0, Workers: 4
[49.633s][debug][gc,phases      ] GC(16) Weak Processing 0.440ms
[49.633s][debug][gc,phases      ] GC(16) ClassLoaderData 0.116ms
[49.633s][debug][gc,phases      ] GC(16) Trigger cleanups 0.000ms
[49.651s][debug][gc,phases      ] GC(16) Class Unloading 17.771ms
[49.651s][info ][gc,phases      ] GC(16) Marking Phase 185.032ms
[49.651s][info ][gc,phases,start] GC(16) Summary Phase
[49.651s][info ][gc,phases      ] GC(16) Summary Phase 0.016ms
[49.651s][info ][gc,phases,start] GC(16) Adjust Roots
[49.663s][info ][gc,phases      ] GC(16) Adjust Roots 12.302ms
[49.663s][info ][gc,phases,start] GC(16) Compaction Phase
[49.839s][info ][gc,phases      ] GC(16) Compaction Phase 176.312ms
[49.839s][info ][gc,phases,start] GC(16) Post Compact
[49.841s][info ][gc,phases      ] GC(16) Post Compact 1.538ms
[49.841s][info ][gc,heap        ] GC(16) PSYoungGen: 36448K(1572864K)->0K(1572864K) Eden: 0K(1048576K)->0K(1048576K) From: 36448K(524288K)->0K(524288K)
[49.841s][info ][gc,heap        ] GC(16) ParOldGen: 431314K(522752K)->463071K(655360K)
[49.841s][info ][gc,metaspace   ] GC(16) Metaspace: 79703K(80704K)->79703K(80704K) NonClass: 68184K(68736K)->68184K(68736K) Class: 11518K(11968K)->11518K(11968K)
[49.841s][info ][gc             ] GC(16) Pause Full (Ergonomics) 456M->452M(2176M) 375.547ms
[49.841s][info ][gc,cpu         ] GC(16) User=1.08s Sys=0.02s Real=0.38s
[49.841s][info ][safepoint      ] Safepoint "ParallelGCFailedAllocation", Time since last: 851918111 ns, Reaching safepoint: 123809 ns, At safepoint: 481505327 ns, Total: 481629136 ns
[50.841s][info ][safepoint      ] Safepoint "Cleanup", Time since last: 1000110406 ns, Reaching safepoint: 197114 ns, At safepoint: 4900 ns, Total: 202014 ns
[51.842s][info ][safepoint      ] Safepoint "Cleanup", Time since last: 1000116706 ns, Reaching safepoint: 84406 ns, At safepoint: 5500 ns, Total: 89906 ns
[52.842s][info ][safepoint      ] Safepoint "Cleanup", Time since last: 1000108204 ns, Reaching safepoint: 106208 ns, At safepoint: 6601 ns, Total: 112809 ns
[53.842s][info ][safepoint      ] Safepoint "Cleanup", Time since last: 1000099703 ns, Reaching safepoint: 79505 ns, At safepoint: 3301 ns, Total: 82806 ns
[54.842s][info ][safepoint      ] Safepoint "Cleanup", Time since last: 1000123404 ns, Reaching safepoint: 99107 ns, At safepoint: 3400 ns, Total: 102507 ns
[56.056s][info ][safepoint      ] Safepoint "Cleanup", Time since last: 1213589766 ns, Reaching safepoint: 177113 ns, At safepoint: 8200 ns, Total: 185313 ns
[57.108s][info ][safepoint      ] Safepoint "Cleanup", Time since last: 1052100019 ns, Reaching safepoint: 219716 ns, At safepoint: 7601 ns, Total: 227317 ns
[58.109s][info ][safepoint      ] Safepoint "Cleanup", Time since last: 1000119802 ns, Reaching safepoint: 199114 ns, At safepoint: 9001 ns, Total: 208115 ns
[59.109s][info ][safepoint      ] Safepoint "Cleanup", Time since last: 1000123502 ns, Reaching safepoint: 70605 ns, At safepoint: 7500 ns, Total: 78105 ns
[60.109s][info ][safepoint      ] Safepoint "Cleanup", Time since last: 1000134103 ns, Reaching safepoint: 226816 ns, At safepoint: 6100 ns, Total: 232916 ns
[61.109s][info ][safepoint      ] Safepoint "Cleanup", Time since last: 1000112400 ns, Reaching safepoint: 131510 ns, At safepoint: 2700 ns, Total: 134210 ns
[62.110s][info ][safepoint      ] Safepoint "Cleanup", Time since last: 1000118500 ns, Reaching safepoint: 201914 ns, At safepoint: 5501 ns, Total: 207415 ns
[63.110s][info ][safepoint      ] Safepoint "Cleanup", Time since last: 1000101298 ns, Reaching safepoint: 102607 ns, At safepoint: 6101 ns, Total: 108708 ns
[64.110s][info ][safepoint      ] Safepoint "Cleanup", Time since last: 1000126099 ns, Reaching safepoint: 140810 ns, At safepoint: 4501 ns, Total: 145311 ns
[65.416s][info ][safepoint      ] Safepoint "Cleanup", Time since last: 1305820852 ns, Reaching safepoint: 97907 ns, At safepoint: 6601 ns, Total: 104508 ns
[66.416s][info ][safepoint      ] Safepoint "Cleanup", Time since last: 1000109397 ns, Reaching safepoint: 62704 ns, At safepoint: 3501 ns, Total: 66205 ns
[67.417s][info ][safepoint      ] Safepoint "Cleanup", Time since last: 1000112696 ns, Reaching safepoint: 95107 ns, At safepoint: 3900 ns, Total: 99007 ns
[68.417s][info ][safepoint      ] Safepoint "Cleanup", Time since last: 1000111296 ns, Reaching safepoint: 32203 ns, At safepoint: 3100 ns, Total: 35303 ns
[69.417s][info ][safepoint      ] Safepoint "Cleanup", Time since last: 1000113696 ns, Reaching safepoint: 49603 ns, At safepoint: 3100 ns, Total: 52703 ns
[70.417s][info ][safepoint      ] Safepoint "Cleanup", Time since last: 1000113495 ns, Reaching safepoint: 65705 ns, At safepoint: 3900 ns, Total: 69605 ns
[71.417s][info ][safepoint      ] Safepoint "Cleanup", Time since last: 1000121496 ns, Reaching safepoint: 61804 ns, At safepoint: 6400 ns, Total: 68204 ns
[72.417s][info ][safepoint      ] Safepoint "Cleanup", Time since last: 1000108194 ns, Reaching safepoint: 68205 ns, At safepoint: 3200 ns, Total: 71405 ns
[73.418s][info ][safepoint      ] Safepoint "Cleanup", Time since last: 1000109793 ns, Reaching safepoint: 50504 ns, At safepoint: 3300 ns, Total: 53804 ns
[74.418s][info ][safepoint      ] Safepoint "Cleanup", Time since last: 1000111693 ns, Reaching safepoint: 81106 ns, At safepoint: 13901 ns, Total: 95007 ns
[75.418s][info ][safepoint      ] Safepoint "Cleanup", Time since last: 1000111592 ns, Reaching safepoint: 60604 ns, At safepoint: 3501 ns, Total: 64105 ns
[76.418s][info ][safepoint      ] Safepoint "Cleanup", Time since last: 1000124192 ns, Reaching safepoint: 53504 ns, At safepoint: 4100 ns, Total: 57604 ns
[77.418s][info ][safepoint      ] Safepoint "Cleanup", Time since last: 1000135593 ns, Reaching safepoint: 48704 ns, At safepoint: 3300 ns, Total: 52004 ns
[77.460s][info ][gc,start       ] GC(17) Pause Young (Allocation Failure)
[77.464s][debug][gc,phases      ] GC(17) Scavenge 3.637ms
[77.464s][debug][gc,ref         ] GC(17) Skipped phase 1 of Reference Processing: no references
[77.464s][debug][gc,ref         ] GC(17) ReferenceProcessor::execute queues: 1, RefProcThreadModel::Single, marks_oops_alive: false
[77.464s][debug][gc,ref         ] GC(17) Skipped phase 3 of Reference Processing: no references
[77.464s][debug][gc,ref         ] GC(17) ReferenceProcessor::execute queues: 1, RefProcThreadModel::Single, marks_oops_alive: false
[77.464s][debug][gc,phases      ] GC(17) Reference Processing 0.095ms
[77.464s][debug][gc,phases      ] GC(17)   VM Weak                        Min:  0.0, Avg:  0.0, Max:  0.0, Diff:  0.0, Sum:  0.0, Workers: 4
[77.464s][debug][gc,phases      ] GC(17)     Dead                           Min: 0, Avg:  0.0, Max: 0, Diff: 0, Sum: 0, Workers: 4
[77.464s][debug][gc,phases      ] GC(17)     Total                          Min: 0, Avg: 215.2, Max: 512, Diff: 512, Sum: 861, Workers: 4
[77.464s][debug][gc,phases      ] GC(17)   ObjectSynchronizer Weak        Min:  0.0, Avg:  0.0, Max:  0.0, Diff:  0.0, Sum:  0.0, Workers: 4
[77.464s][debug][gc,phases      ] GC(17)     Dead                           Min: 0, Avg:  0.0, Max: 0, Diff: 0, Sum: 0, Workers: 4
[77.464s][debug][gc,phases      ] GC(17)     Total                          Min: 0, Avg:  6.8, Max: 27, Diff: 27, Sum: 27, Workers: 4
[77.464s][debug][gc,phases      ] GC(17)   JVMTI Tag Weak OopStorage      Min:  0.0, Avg:  0.0, Max:  0.0, Diff:  0.0, Sum:  0.0, Workers: 4
[77.464s][debug][gc,phases      ] GC(17)     Dead                           Min: 0, Avg:  0.0, Max: 0, Diff: 0, Sum: 0, Workers: 4
[77.464s][debug][gc,phases      ] GC(17)     Total                          Min: 0, Avg:  0.0, Max: 0, Diff: 0, Sum: 0, Workers: 4
[77.464s][debug][gc,phases      ] GC(17)   StringTable Weak               Min:  0.0, Avg:  0.1, Max:  0.1, Diff:  0.1, Sum:  0.4, Workers: 4
[77.464s][debug][gc,phases      ] GC(17)     Dead                           Min: 0, Avg:  0.8, Max: 1, Diff: 1, Sum: 3, Workers: 4
[77.464s][debug][gc,phases      ] GC(17)     Total                          Min: 0, Avg: 10687.8, Max: 14656, Diff: 14656, Sum: 42751, Workers: 4
[77.464s][debug][gc,phases      ] GC(17)   ResolvedMethodTable Weak       Min:  0.0, Avg:  0.0, Max:  0.0, Diff:  0.0, Sum:  0.1, Workers: 4
[77.464s][debug][gc,phases      ] GC(17)     Dead                           Min: 0, Avg:  0.0, Max: 0, Diff: 0, Sum: 0, Workers: 4
[77.464s][debug][gc,phases      ] GC(17)     Total                          Min: 0, Avg: 2305.5, Max: 3136, Diff: 3136, Sum: 9222, Workers: 4
[77.464s][debug][gc,phases      ] GC(17)   JNI Weak                       Min:  0.0, Avg:  0.0, Max:  0.0, Diff:  0.0, Sum:  0.0, Workers: 4
[77.464s][debug][gc,phases      ] GC(17)     Dead                           Min: 0, Avg:  0.0, Max: 0, Diff: 0, Sum: 0, Workers: 4
[77.464s][debug][gc,phases      ] GC(17)     Total                          Min: 0, Avg: 11.2, Max: 45, Diff: 45, Sum: 45, Workers: 4
[77.464s][debug][gc,phases      ] GC(17)   StringDedup Table Weak         Min:  0.0, Avg:  0.0, Max:  0.0, Diff:  0.0, Sum:  0.0, Workers: 4
[77.464s][debug][gc,phases      ] GC(17)     Dead                           Min: 0, Avg:  0.0, Max: 0, Diff: 0, Sum: 0, Workers: 4
[77.464s][debug][gc,phases      ] GC(17)     Total                          Min: 0, Avg:  0.0, Max: 0, Diff: 0, Sum: 0, Workers: 4
[77.464s][debug][gc,phases      ] GC(17)   StringDedup Requests0 Weak     Min:  0.0, Avg:  0.0, Max:  0.0, Diff:  0.0, Sum:  0.0, Workers: 4
[77.464s][debug][gc,phases      ] GC(17)     Dead                           Min: 0, Avg:  0.0, Max: 0, Diff: 0, Sum: 0, Workers: 4
[77.464s][debug][gc,phases      ] GC(17)     Total                          Min: 0, Avg:  0.0, Max: 0, Diff: 0, Sum: 0, Workers: 4
[77.464s][debug][gc,phases      ] GC(17)   StringDedup Requests1 Weak     Min:  0.0, Avg:  0.0, Max:  0.0, Diff:  0.0, Sum:  0.0, Workers: 4
[77.464s][debug][gc,phases      ] GC(17)     Dead                           Min: 0, Avg:  0.0, Max: 0, Diff: 0, Sum: 0, Workers: 4
[77.464s][debug][gc,phases      ] GC(17)     Total                          Min: 0, Avg:  0.0, Max: 0, Diff: 0, Sum: 0, Workers: 4
[77.464s][debug][gc,phases      ] GC(17)   Weak JFR Old Object Samples    Min:  0.0, Avg:  0.0, Max:  0.0, Diff:  0.0, Sum:  0.0, Workers: 4
[77.464s][debug][gc,phases      ] GC(17)     Dead                           Min: 0, Avg:  0.0, Max: 0, Diff: 0, Sum: 0, Workers: 4
[77.464s][debug][gc,phases      ] GC(17)     Total                          Min: 0, Avg:  0.0, Max: 0, Diff: 0, Sum: 0, Workers: 4
[77.464s][debug][gc,phases      ] GC(17) Weak Processing 0.357ms
[77.464s][debug][gc,age         ] GC(17) Desired survivor size 536870912 bytes, new threshold 1 (max threshold 15)
[77.464s][info ][gc,heap        ] GC(17) PSYoungGen: 1048576K(1572864K)->2032K(1572864K) Eden: 1048576K(1048576K)->0K(1048576K) From: 0K(524288K)->2032K(524288K)
[77.464s][info ][gc,heap        ] GC(17) ParOldGen: 463071K(655360K)->463079K(655360K)
[77.464s][info ][gc,metaspace   ] GC(17) Metaspace: 79875K(80960K)->79875K(80960K) NonClass: 68343K(68928K)->68343K(68928K) Class: 11532K(12032K)->11532K(12032K)
[77.464s][info ][gc             ] GC(17) Pause Young (Allocation Failure) 1476M->454M(2176M) 4.233ms
[77.464s][info ][gc,cpu         ] GC(17) User=0.02s Sys=0.00s Real=0.00s
[77.464s][info ][safepoint      ] Safepoint "ParallelGCFailedAllocation", Time since last: 41511067 ns, Reaching safepoint: 41303 ns, At safepoint: 4309508 ns, Total: 4350811 ns
[78.464s][info ][safepoint      ] Safepoint "Cleanup", Time since last: 1000066588 ns, Reaching safepoint: 67205 ns, At safepoint: 3200 ns, Total: 70405 ns
[79.465s][info ][safepoint      ] Safepoint "Cleanup", Time since last: 1000118390 ns, Reaching safepoint: 70805 ns, At safepoint: 6201 ns, Total: 77006 ns
[80.465s][info ][safepoint      ] Safepoint "Cleanup", Time since last: 1000111789 ns, Reaching safepoint: 45104 ns, At safepoint: 2900 ns, Total: 48004 ns
[81.903s][info ][safepoint      ] Safepoint "Cleanup", Time since last: 1438460222 ns, Reaching safepoint: 142311 ns, At safepoint: 6300 ns, Total: 148611 ns
[82.904s][info ][safepoint      ] Safepoint "Cleanup", Time since last: 1000120789 ns, Reaching safepoint: 116008 ns, At safepoint: 6201 ns, Total: 122209 ns
[83.904s][info ][safepoint      ] Safepoint "Cleanup", Time since last: 1000100687 ns, Reaching safepoint: 131309 ns, At safepoint: 8901 ns, Total: 140210 ns
[84.904s][info ][safepoint      ] Safepoint "Cleanup", Time since last: 1000109787 ns, Reaching safepoint: 153711 ns, At safepoint: 4300 ns, Total: 158011 ns
[85.904s][info ][safepoint      ] Safepoint "Cleanup", Time since last: 1000131088 ns, Reaching safepoint: 138210 ns, At safepoint: 7401 ns, Total: 145611 ns
[86.905s][info ][safepoint      ] Safepoint "Cleanup", Time since last: 1000136587 ns, Reaching safepoint: 122809 ns, At safepoint: 7501 ns, Total: 130310 ns
[87.905s][info ][safepoint      ] Safepoint "Cleanup", Time since last: 1000135887 ns, Reaching safepoint: 128609 ns, At safepoint: 5701 ns, Total: 134310 ns
[88.905s][info ][safepoint      ] Safepoint "Cleanup", Time since last: 1000133886 ns, Reaching safepoint: 131610 ns, At safepoint: 10201 ns, Total: 141811 ns
[89.905s][info ][safepoint      ] Safepoint "Cleanup", Time since last: 1000121785 ns, Reaching safepoint: 113008 ns, At safepoint: 11701 ns, Total: 124709 ns
[90.906s][info ][safepoint      ] Safepoint "Cleanup", Time since last: 1000122185 ns, Reaching safepoint: 53803 ns, At safepoint: 4801 ns, Total: 58604 ns
[91.906s][info ][safepoint      ] Safepoint "Cleanup", Time since last: 1000110083 ns, Reaching safepoint: 160212 ns, At safepoint: 5700 ns, Total: 165912 ns
[92.906s][info ][safepoint      ] Safepoint "Cleanup", Time since last: 1000113283 ns, Reaching safepoint: 42703 ns, At safepoint: 3101 ns, Total: 45804 ns
[93.906s][info ][safepoint      ] Safepoint "Cleanup", Time since last: 1000119983 ns, Reaching safepoint: 109107 ns, At safepoint: 6401 ns, Total: 115508 ns
[94.907s][info ][safepoint      ] Safepoint "Cleanup", Time since last: 1000107582 ns, Reaching safepoint: 130509 ns, At safepoint: 4900 ns, Total: 135409 ns
[95.907s][info ][safepoint      ] Safepoint "Cleanup", Time since last: 1000114982 ns, Reaching safepoint: 52704 ns, At safepoint: 7900 ns, Total: 60604 ns
[96.907s][info ][safepoint      ] Safepoint "Cleanup", Time since last: 1000118182 ns, Reaching safepoint: 111208 ns, At safepoint: 8600 ns, Total: 119808 ns
[97.907s][info ][safepoint      ] Safepoint "Cleanup", Time since last: 1000122682 ns, Reaching safepoint: 87006 ns, At safepoint: 7800 ns, Total: 94806 ns
[98.907s][info ][safepoint      ] Safepoint "Cleanup", Time since last: 1000133482 ns, Reaching safepoint: 125509 ns, At safepoint: 5200 ns, Total: 130709 ns
[99.908s][info ][safepoint      ] Safepoint "Cleanup", Time since last: 1000115580 ns, Reaching safepoint: 66605 ns, At safepoint: 3100 ns, Total: 69705 ns
[100.908s][info ][safepoint      ] Safepoint "Cleanup", Time since last: 1000072076 ns, Reaching safepoint: 41403 ns, At safepoint: 2800 ns, Total: 44203 ns
[101.908s][info ][safepoint      ] Safepoint "Cleanup", Time since last: 1000117179 ns, Reaching safepoint: 60904 ns, At safepoint: 12801 ns, Total: 73705 ns
[102.908s][info ][safepoint      ] Safepoint "Cleanup", Time since last: 1000146681 ns, Reaching safepoint: 57204 ns, At safepoint: 6100 ns, Total: 63304 ns
[103.908s][info ][safepoint      ] Safepoint "Cleanup", Time since last: 1000110477 ns, Reaching safepoint: 59405 ns, At safepoint: 4100 ns, Total: 63505 ns
[104.908s][info ][safepoint      ] Safepoint "Cleanup", Time since last: 1000113877 ns, Reaching safepoint: 52404 ns, At safepoint: 2800 ns, Total: 55204 ns
[105.659s][info ][gc,start       ] GC(18) Pause Young (Allocation Failure)
[105.663s][debug][gc,phases      ] GC(18) Scavenge 3.929ms
[105.663s][debug][gc,ref         ] GC(18) Skipped phase 1 of Reference Processing: no references
[105.663s][debug][gc,ref         ] GC(18) ReferenceProcessor::execute queues: 1, RefProcThreadModel::Single, marks_oops_alive: false
[105.663s][debug][gc,ref         ] GC(18) Skipped phase 3 of Reference Processing: no references
[105.663s][debug][gc,ref         ] GC(18) ReferenceProcessor::execute queues: 1, RefProcThreadModel::Single, marks_oops_alive: false
[105.663s][debug][gc,phases      ] GC(18) Reference Processing 0.095ms
[105.663s][debug][gc,phases      ] GC(18)   VM Weak                        Min:  0.0, Avg:  0.0, Max:  0.0, Diff:  0.0, Sum:  0.0, Workers: 4
[105.663s][debug][gc,phases      ] GC(18)     Dead                           Min: 0, Avg:  0.0, Max: 0, Diff: 0, Sum: 0, Workers: 4
[105.663s][debug][gc,phases      ] GC(18)     Total                          Min: 0, Avg: 215.5, Max: 414, Diff: 414, Sum: 862, Workers: 4
[105.663s][debug][gc,phases      ] GC(18)   ObjectSynchronizer Weak        Min:  0.0, Avg:  0.0, Max:  0.0, Diff:  0.0, Sum:  0.0, Workers: 4
[105.663s][debug][gc,phases      ] GC(18)     Dead                           Min: 0, Avg:  0.0, Max: 0, Diff: 0, Sum: 0, Workers: 4
[105.663s][debug][gc,phases      ] GC(18)     Total                          Min: 0, Avg:  7.5, Max: 30, Diff: 30, Sum: 30, Workers: 4
[105.663s][debug][gc,phases      ] GC(18)   JVMTI Tag Weak OopStorage      Min:  0.0, Avg:  0.0, Max:  0.0, Diff:  0.0, Sum:  0.0, Workers: 4
[105.663s][debug][gc,phases      ] GC(18)     Dead                           Min: 0, Avg:  0.0, Max: 0, Diff: 0, Sum: 0, Workers: 4
[105.663s][debug][gc,phases      ] GC(18)     Total                          Min: 0, Avg:  0.0, Max: 0, Diff: 0, Sum: 0, Workers: 4
[105.663s][debug][gc,phases      ] GC(18)   StringTable Weak               Min:  0.0, Avg:  0.1, Max:  0.1, Diff:  0.1, Sum:  0.4, Workers: 4
[105.663s][debug][gc,phases      ] GC(18)     Dead                           Min: 0, Avg:  0.2, Max: 1, Diff: 1, Sum: 1, Workers: 4
[105.663s][debug][gc,phases      ] GC(18)     Total                          Min: 0, Avg: 10695.2, Max: 14750, Diff: 14750, Sum: 42781, Workers: 4
[105.663s][debug][gc,phases      ] GC(18)   ResolvedMethodTable Weak       Min:  0.0, Avg:  0.0, Max:  0.0, Diff:  0.0, Sum:  0.1, Workers: 4
[105.663s][debug][gc,phases      ] GC(18)     Dead                           Min: 0, Avg:  0.2, Max: 1, Diff: 1, Sum: 1, Workers: 4
[105.663s][debug][gc,phases      ] GC(18)     Total                          Min: 0, Avg: 2312.8, Max: 3135, Diff: 3135, Sum: 9251, Workers: 4
[105.663s][debug][gc,phases      ] GC(18)   JNI Weak                       Min:  0.0, Avg:  0.0, Max:  0.0, Diff:  0.0, Sum:  0.0, Workers: 4
[105.663s][debug][gc,phases      ] GC(18)     Dead                           Min: 0, Avg:  0.0, Max: 0, Diff: 0, Sum: 0, Workers: 4
[105.663s][debug][gc,phases      ] GC(18)     Total                          Min: 0, Avg: 11.2, Max: 45, Diff: 45, Sum: 45, Workers: 4
[105.663s][debug][gc,phases      ] GC(18)   StringDedup Table Weak         Min:  0.0, Avg:  0.0, Max:  0.0, Diff:  0.0, Sum:  0.0, Workers: 4
[105.663s][debug][gc,phases      ] GC(18)     Dead                           Min: 0, Avg:  0.0, Max: 0, Diff: 0, Sum: 0, Workers: 4
[105.664s][debug][gc,phases      ] GC(18)     Total                          Min: 0, Avg:  0.0, Max: 0, Diff: 0, Sum: 0, Workers: 4
[105.664s][debug][gc,phases      ] GC(18)   StringDedup Requests0 Weak     Min:  0.0, Avg:  0.0, Max:  0.0, Diff:  0.0, Sum:  0.0, Workers: 4
[105.664s][debug][gc,phases      ] GC(18)     Dead                           Min: 0, Avg:  0.0, Max: 0, Diff: 0, Sum: 0, Workers: 4
[105.664s][debug][gc,phases      ] GC(18)     Total                          Min: 0, Avg:  0.0, Max: 0, Diff: 0, Sum: 0, Workers: 4
[105.664s][debug][gc,phases      ] GC(18)   StringDedup Requests1 Weak     Min:  0.0, Avg:  0.0, Max:  0.0, Diff:  0.0, Sum:  0.0, Workers: 4
[105.664s][debug][gc,phases      ] GC(18)     Dead                           Min: 0, Avg:  0.0, Max: 0, Diff: 0, Sum: 0, Workers: 4
[105.664s][debug][gc,phases      ] GC(18)     Total                          Min: 0, Avg:  0.0, Max: 0, Diff: 0, Sum: 0, Workers: 4
[105.664s][debug][gc,phases      ] GC(18)   Weak JFR Old Object Samples    Min:  0.0, Avg:  0.0, Max:  0.0, Diff:  0.0, Sum:  0.0, Workers: 4
[105.664s][debug][gc,phases      ] GC(18)     Dead                           Min: 0, Avg:  0.0, Max: 0, Diff: 0, Sum: 0, Workers: 4
[105.664s][debug][gc,phases      ] GC(18)     Total                          Min: 0, Avg:  0.0, Max: 0, Diff: 0, Sum: 0, Workers: 4
[105.664s][debug][gc,phases      ] GC(18) Weak Processing 0.348ms
[105.664s][debug][gc,age         ] GC(18) Desired survivor size 536870912 bytes, new threshold 1 (max threshold 15)
[105.664s][info ][gc,heap        ] GC(18) PSYoungGen: 1050608K(1572864K)->1232K(1572864K) Eden: 1048576K(1048576K)->0K(1048576K) From: 2032K(524288K)->1232K(524288K)
[105.664s][info ][gc,heap        ] GC(18) ParOldGen: 463079K(655360K)->464439K(655360K)
[105.664s][info ][gc,metaspace   ] GC(18) Metaspace: 80002K(81024K)->80002K(81024K) NonClass: 68455K(68992K)->68455K(68992K) Class: 11546K(12032K)->11546K(12032K)
[105.664s][info ][gc             ] GC(18) Pause Young (Allocation Failure) 1478M->454M(2176M) 4.494ms
[105.664s][info ][gc,cpu         ] GC(18) User=0.01s Sys=0.00s Real=0.00s
[105.664s][info ][safepoint      ] Safepoint "ParallelGCFailedAllocation", Time since last: 750576342 ns, Reaching safepoint: 25002 ns, At safepoint: 4561426 ns, Total: 4586428 ns
[107.006s][info ][safepoint      ] Safepoint "Cleanup", Time since last: 1342360036 ns, Reaching safepoint: 275120 ns, At safepoint: 6200 ns, Total: 281320 ns
[108.251s][info ][safepoint      ] Safepoint "Cleanup", Time since last: 1244568446 ns, Reaching safepoint: 189813 ns, At safepoint: 8101 ns, Total: 197914 ns
[109.251s][info ][safepoint      ] Safepoint "Cleanup", Time since last: 1000121075 ns, Reaching safepoint: 116509 ns, At safepoint: 6300 ns, Total: 122809 ns
[110.252s][info ][safepoint      ] Safepoint "Cleanup", Time since last: 1000108674 ns, Reaching safepoint: 185713 ns, At safepoint: 8201 ns, Total: 193914 ns
[111.252s][info ][safepoint      ] Safepoint "Cleanup", Time since last: 1000135775 ns, Reaching safepoint: 133610 ns, At safepoint: 6800 ns, Total: 140410 ns
[112.252s][info ][safepoint      ] Safepoint "Cleanup", Time since last: 1000129475 ns, Reaching safepoint: 176813 ns, At safepoint: 11100 ns, Total: 187913 ns
[113.252s][info ][safepoint      ] Safepoint "Cleanup", Time since last: 1000118473 ns, Reaching safepoint: 140811 ns, At safepoint: 8300 ns, Total: 149111 ns
[114.253s][info ][safepoint      ] Safepoint "Cleanup", Time since last: 1000138474 ns, Reaching safepoint: 159512 ns, At safepoint: 11600 ns, Total: 171112 ns
[115.253s][info ][safepoint      ] Safepoint "Cleanup", Time since last: 1000131374 ns, Reaching safepoint: 146810 ns, At safepoint: 7401 ns, Total: 154211 ns
[116.253s][info ][safepoint      ] Safepoint "Cleanup", Time since last: 1000151374 ns, Reaching safepoint: 162111 ns, At safepoint: 5701 ns, Total: 167812 ns
[117.254s][info ][safepoint      ] Safepoint "Cleanup", Time since last: 1000232679 ns, Reaching safepoint: 136510 ns, At safepoint: 8300 ns, Total: 144810 ns
[118.254s][info ][safepoint      ] Safepoint "Cleanup", Time since last: 1000136972 ns, Reaching safepoint: 167812 ns, At safepoint: 6301 ns, Total: 174113 ns
[119.254s][info ][safepoint      ] Safepoint "Cleanup", Time since last: 1000132371 ns, Reaching safepoint: 148110 ns, At safepoint: 6001 ns, Total: 154111 ns
[120.558s][info ][safepoint      ] Safepoint "Cleanup", Time since last: 1303443346 ns, Reaching safepoint: 185613 ns, At safepoint: 5800 ns, Total: 191413 ns
[121.558s][info ][safepoint      ] Safepoint "Cleanup", Time since last: 1000132570 ns, Reaching safepoint: 109908 ns, At safepoint: 22402 ns, Total: 132310 ns
[122.558s][info ][safepoint      ] Safepoint "Cleanup", Time since last: 1000120568 ns, Reaching safepoint: 40603 ns, At safepoint: 3601 ns, Total: 44204 ns
[123.559s][info ][safepoint      ] Safepoint "Cleanup", Time since last: 1000122068 ns, Reaching safepoint: 50604 ns, At safepoint: 2900 ns, Total: 53504 ns
[124.559s][info ][safepoint      ] Safepoint "Cleanup", Time since last: 1000107567 ns, Reaching safepoint: 60904 ns, At safepoint: 3100 ns, Total: 64004 ns
[125.562s][info ][safepoint      ] Safepoint "Cleanup", Time since last: 1000118967 ns, Reaching safepoint: 3438446 ns, At safepoint: 12301 ns, Total: 3450747 ns
[126.562s][info ][safepoint      ] Safepoint "Cleanup", Time since last: 1000103065 ns, Reaching safepoint: 41003 ns, At safepoint: 2900 ns, Total: 43903 ns
[127.563s][info ][safepoint      ] Safepoint "Cleanup", Time since last: 1000117867 ns, Reaching safepoint: 61004 ns, At safepoint: 3000 ns, Total: 64004 ns
[128.563s][info ][safepoint      ] Safepoint "Cleanup", Time since last: 1000115666 ns, Reaching safepoint: 36902 ns, At safepoint: 2700 ns, Total: 39602 ns
[129.558s][info ][gc,start       ] GC(19) Pause Young (Allocation Failure)
[129.565s][debug][gc,phases      ] GC(19) Scavenge 6.209ms
[129.565s][debug][gc,ref         ] GC(19) Skipped phase 1 of Reference Processing: no references
[129.565s][debug][gc,ref         ] GC(19) ReferenceProcessor::execute queues: 1, RefProcThreadModel::Single, marks_oops_alive: false
[129.565s][debug][gc,ref         ] GC(19) Skipped phase 3 of Reference Processing: no references
[129.565s][debug][gc,ref         ] GC(19) ReferenceProcessor::execute queues: 1, RefProcThreadModel::Single, marks_oops_alive: false
[129.565s][debug][gc,phases      ] GC(19) Reference Processing 0.103ms
[129.565s][debug][gc,phases      ] GC(19)   VM Weak                        Min:  0.0, Avg:  0.0, Max:  0.0, Diff:  0.0, Sum:  0.0, Workers: 4
[129.565s][debug][gc,phases      ] GC(19)     Dead                           Min: 0, Avg:  0.0, Max: 0, Diff: 0, Sum: 0, Workers: 4
[129.565s][debug][gc,phases      ] GC(19)     Total                          Min: 0, Avg: 217.5, Max: 870, Diff: 870, Sum: 870, Workers: 4
[129.565s][debug][gc,phases      ] GC(19)   ObjectSynchronizer Weak        Min:  0.0, Avg:  0.0, Max:  0.0, Diff:  0.0, Sum:  0.0, Workers: 4
[129.565s][debug][gc,phases      ] GC(19)     Dead                           Min: 0, Avg:  0.0, Max: 0, Diff: 0, Sum: 0, Workers: 4
[129.565s][debug][gc,phases      ] GC(19)     Total                          Min: 0, Avg:  7.5, Max: 30, Diff: 30, Sum: 30, Workers: 4
[129.565s][debug][gc,phases      ] GC(19)   JVMTI Tag Weak OopStorage      Min:  0.0, Avg:  0.0, Max:  0.0, Diff:  0.0, Sum:  0.0, Workers: 4
[129.565s][debug][gc,phases      ] GC(19)     Dead                           Min: 0, Avg:  0.0, Max: 0, Diff: 0, Sum: 0, Workers: 4
[129.565s][debug][gc,phases      ] GC(19)     Total                          Min: 0, Avg:  0.0, Max: 0, Diff: 0, Sum: 0, Workers: 4
[129.565s][debug][gc,phases      ] GC(19)   StringTable Weak               Min:  0.0, Avg:  0.1, Max:  0.2, Diff:  0.2, Sum:  0.4, Workers: 4
[129.565s][debug][gc,phases      ] GC(19)     Dead                           Min: 0, Avg:  0.2, Max: 1, Diff: 1, Sum: 1, Workers: 4
[129.565s][debug][gc,phases      ] GC(19)     Total                          Min: 0, Avg: 10739.0, Max: 22592, Diff: 22592, Sum: 42956, Workers: 4
[129.565s][debug][gc,phases      ] GC(19)   ResolvedMethodTable Weak       Min:  0.0, Avg:  0.0, Max:  0.0, Diff:  0.0, Sum:  0.1, Workers: 4
[129.565s][debug][gc,phases      ] GC(19)     Dead                           Min: 0, Avg:  0.0, Max: 0, Diff: 0, Sum: 0, Workers: 4
[129.565s][debug][gc,phases      ] GC(19)     Total                          Min: 0, Avg: 2328.5, Max: 5346, Diff: 5346, Sum: 9314, Workers: 4
[129.565s][debug][gc,phases      ] GC(19)   JNI Weak                       Min:  0.0, Avg:  0.0, Max:  0.0, Diff:  0.0, Sum:  0.0, Workers: 4
[129.565s][debug][gc,phases      ] GC(19)     Dead                           Min: 0, Avg:  0.0, Max: 0, Diff: 0, Sum: 0, Workers: 4
[129.565s][debug][gc,phases      ] GC(19)     Total                          Min: 0, Avg: 11.2, Max: 45, Diff: 45, Sum: 45, Workers: 4
[129.565s][debug][gc,phases      ] GC(19)   StringDedup Table Weak         Min:  0.0, Avg:  0.0, Max:  0.0, Diff:  0.0, Sum:  0.0, Workers: 4
[129.565s][debug][gc,phases      ] GC(19)     Dead                           Min: 0, Avg:  0.0, Max: 0, Diff: 0, Sum: 0, Workers: 4
[129.565s][debug][gc,phases      ] GC(19)     Total                          Min: 0, Avg:  0.0, Max: 0, Diff: 0, Sum: 0, Workers: 4
[129.565s][debug][gc,phases      ] GC(19)   StringDedup Requests0 Weak     Min:  0.0, Avg:  0.0, Max:  0.0, Diff:  0.0, Sum:  0.0, Workers: 4
[129.565s][debug][gc,phases      ] GC(19)     Dead                           Min: 0, Avg:  0.0, Max: 0, Diff: 0, Sum: 0, Workers: 4
[129.565s][debug][gc,phases      ] GC(19)     Total                          Min: 0, Avg:  0.0, Max: 0, Diff: 0, Sum: 0, Workers: 4
[129.565s][debug][gc,phases      ] GC(19)   StringDedup Requests1 Weak     Min:  0.0, Avg:  0.0, Max:  0.0, Diff:  0.0, Sum:  0.0, Workers: 4
[129.565s][debug][gc,phases      ] GC(19)     Dead                           Min: 0, Avg:  0.0, Max: 0, Diff: 0, Sum: 0, Workers: 4
[129.565s][debug][gc,phases      ] GC(19)     Total                          Min: 0, Avg:  0.0, Max: 0, Diff: 0, Sum: 0, Workers: 4
[129.565s][debug][gc,phases      ] GC(19)   Weak JFR Old Object Samples    Min:  0.0, Avg:  0.0, Max:  0.0, Diff:  0.0, Sum:  0.0, Workers: 4
[129.565s][debug][gc,phases      ] GC(19)     Dead                           Min: 0, Avg:  0.0, Max: 0, Diff: 0, Sum: 0, Workers: 4
[129.565s][debug][gc,phases      ] GC(19)     Total                          Min: 0, Avg:  0.0, Max: 0, Diff: 0, Sum: 0, Workers: 4
[129.565s][debug][gc,phases      ] GC(19) Weak Processing 0.424ms
[129.565s][debug][gc,age         ] GC(19) Desired survivor size 536870912 bytes, new threshold 1 (max threshold 15)
[129.565s][info ][gc,heap        ] GC(19) PSYoungGen: 1049808K(1572864K)->1936K(1572864K) Eden: 1048576K(1048576K)->0K(1048576K) From: 1232K(524288K)->1936K(524288K)
[129.565s][info ][gc,heap        ] GC(19) ParOldGen: 464439K(655360K)->465132K(655360K)
[129.565s][info ][gc,metaspace   ] GC(19) Metaspace: 80333K(81344K)->80333K(81344K) NonClass: 68756K(69312K)->68756K(69312K) Class: 11576K(12032K)->11576K(12032K)
[129.565s][info ][gc             ] GC(19) Pause Young (Allocation Failure) 1478M->456M(2176M) 6.869ms
[129.565s][info ][gc,cpu         ] GC(19) User=0.01s Sys=0.00s Real=0.00s
[129.565s][info ][safepoint      ] Safepoint "ParallelGCFailedAllocation", Time since last: 995597543 ns, Reaching safepoint: 51003 ns, At safepoint: 6946597 ns, Total: 6997600 ns
[130.566s][info ][safepoint      ] Safepoint "Cleanup", Time since last: 1000093662 ns, Reaching safepoint: 79506 ns, At safepoint: 3200 ns, Total: 82706 ns
[131.566s][info ][safepoint      ] Safepoint "Cleanup", Time since last: 1000107964 ns, Reaching safepoint: 48203 ns, At safepoint: 2800 ns, Total: 51003 ns
[132.566s][info ][safepoint      ] Safepoint "Cleanup", Time since last: 1000106263 ns, Reaching safepoint: 57304 ns, At safepoint: 5301 ns, Total: 62605 ns
[133.566s][info ][safepoint      ] Safepoint "Cleanup", Time since last: 1000118463 ns, Reaching safepoint: 65205 ns, At safepoint: 6600 ns, Total: 71805 ns
[134.566s][info ][safepoint      ] Safepoint "Cleanup", Time since last: 1000124763 ns, Reaching safepoint: 47604 ns, At safepoint: 2800 ns, Total: 50404 ns
[135.566s][info ][safepoint      ] Safepoint "Cleanup", Time since last: 1000115162 ns, Reaching safepoint: 57204 ns, At safepoint: 3100 ns, Total: 60304 ns
[136.567s][info ][safepoint      ] Safepoint "Cleanup", Time since last: 1000116062 ns, Reaching safepoint: 51604 ns, At safepoint: 3000 ns, Total: 54604 ns
[137.567s][info ][safepoint      ] Safepoint "Cleanup", Time since last: 1000111361 ns, Reaching safepoint: 61504 ns, At safepoint: 5800 ns, Total: 67304 ns
[138.567s][info ][safepoint      ] Safepoint "Cleanup", Time since last: 1000112661 ns, Reaching safepoint: 53504 ns, At safepoint: 6200 ns, Total: 59704 ns
[139.567s][info ][safepoint      ] Safepoint "Cleanup", Time since last: 1000105660 ns, Reaching safepoint: 42903 ns, At safepoint: 2700 ns, Total: 45603 ns
[140.567s][info ][safepoint      ] Safepoint "Cleanup", Time since last: 1000089858 ns, Reaching safepoint: 50403 ns, At safepoint: 3400 ns, Total: 53803 ns
[141.567s][info ][safepoint      ] Safepoint "Cleanup", Time since last: 1000103759 ns, Reaching safepoint: 51204 ns, At safepoint: 3200 ns, Total: 54404 ns
[142.568s][info ][safepoint      ] Safepoint "Cleanup", Time since last: 1000108058 ns, Reaching safepoint: 39603 ns, At safepoint: 7700 ns, Total: 47303 ns
[143.568s][info ][safepoint      ] Safepoint "Cleanup", Time since last: 1000108258 ns, Reaching safepoint: 67405 ns, At safepoint: 7000 ns, Total: 74405 ns
[144.568s][info ][safepoint      ] Safepoint "Cleanup", Time since last: 1000110258 ns, Reaching safepoint: 124709 ns, At safepoint: 11801 ns, Total: 136510 ns
[145.568s][info ][safepoint      ] Safepoint "Cleanup", Time since last: 1000108456 ns, Reaching safepoint: 190214 ns, At safepoint: 4600 ns, Total: 194814 ns
[146.568s][info ][safepoint      ] Safepoint "Cleanup", Time since last: 1000066254 ns, Reaching safepoint: 68205 ns, At safepoint: 7300 ns, Total: 75505 ns
[147.569s][info ][safepoint      ] Safepoint "Cleanup", Time since last: 1000130858 ns, Reaching safepoint: 55704 ns, At safepoint: 3300 ns, Total: 59004 ns
[148.569s][info ][safepoint      ] Safepoint "Cleanup", Time since last: 1000110155 ns, Reaching safepoint: 64505 ns, At safepoint: 7500 ns, Total: 72005 ns
[149.569s][info ][safepoint      ] Safepoint "Cleanup", Time since last: 1000107455 ns, Reaching safepoint: 53704 ns, At safepoint: 3200 ns, Total: 56904 ns
[150.569s][info ][safepoint      ] Safepoint "Cleanup", Time since last: 1000095954 ns, Reaching safepoint: 45103 ns, At safepoint: 3601 ns, Total: 48704 ns
[151.569s][info ][safepoint      ] Safepoint "Cleanup", Time since last: 1000116954 ns, Reaching safepoint: 71305 ns, At safepoint: 5701 ns, Total: 77006 ns
[152.569s][info ][safepoint      ] Safepoint "Cleanup", Time since last: 1000091552 ns, Reaching safepoint: 66005 ns, At safepoint: 3300 ns, Total: 69305 ns
[154.570s][info ][safepoint      ] Safepoint "Cleanup", Time since last: 2000303812 ns, Reaching safepoint: 63604 ns, At safepoint: 2901 ns, Total: 66505 ns
[155.570s][info ][safepoint      ] Safepoint "Cleanup", Time since last: 1000120753 ns, Reaching safepoint: 78905 ns, At safepoint: 3001 ns, Total: 81906 ns
[156.258s][info ][gc,start       ] GC(20) Pause Young (Allocation Failure)
[156.262s][debug][gc,phases      ] GC(20) Scavenge 4.202ms
[156.262s][debug][gc,ref         ] GC(20) Skipped phase 1 of Reference Processing: no references
[156.262s][debug][gc,ref         ] GC(20) ReferenceProcessor::execute queues: 1, RefProcThreadModel::Single, marks_oops_alive: false
[156.262s][debug][gc,ref         ] GC(20) Skipped phase 3 of Reference Processing: no references
[156.262s][debug][gc,ref         ] GC(20) ReferenceProcessor::execute queues: 1, RefProcThreadModel::Single, marks_oops_alive: false
[156.262s][debug][gc,phases      ] GC(20) Reference Processing 0.117ms
[156.263s][debug][gc,phases      ] GC(20)   VM Weak                        Min:  0.0, Avg:  0.0, Max:  0.0, Diff:  0.0, Sum:  0.0, Workers: 4
[156.263s][debug][gc,phases      ] GC(20)     Dead                           Min: 0, Avg:  0.0, Max: 0, Diff: 0, Sum: 0, Workers: 4
[156.263s][debug][gc,phases      ] GC(20)     Total                          Min: 0, Avg: 217.8, Max: 871, Diff: 871, Sum: 871, Workers: 4
[156.263s][debug][gc,phases      ] GC(20)   ObjectSynchronizer Weak        Min:  0.0, Avg:  0.0, Max:  0.0, Diff:  0.0, Sum:  0.0, Workers: 4
[156.263s][debug][gc,phases      ] GC(20)     Dead                           Min: 0, Avg:  0.2, Max: 1, Diff: 1, Sum: 1, Workers: 4
[156.263s][debug][gc,phases      ] GC(20)     Total                          Min: 0, Avg:  7.8, Max: 31, Diff: 31, Sum: 31, Workers: 4
[156.263s][debug][gc,phases      ] GC(20)   JVMTI Tag Weak OopStorage      Min:  0.0, Avg:  0.0, Max:  0.0, Diff:  0.0, Sum:  0.0, Workers: 4
[156.263s][debug][gc,phases      ] GC(20)     Dead                           Min: 0, Avg:  0.0, Max: 0, Diff: 0, Sum: 0, Workers: 4
[156.263s][debug][gc,phases      ] GC(20)     Total                          Min: 0, Avg:  0.0, Max: 0, Diff: 0, Sum: 0, Workers: 4
[156.263s][debug][gc,phases      ] GC(20)   StringTable Weak               Min:  0.0, Avg:  0.1, Max:  0.4, Diff:  0.4, Sum:  0.4, Workers: 4
[156.263s][debug][gc,phases      ] GC(20)     Dead                           Min: 0, Avg:  0.5, Max: 2, Diff: 2, Sum: 2, Workers: 4
[156.263s][debug][gc,phases      ] GC(20)     Total                          Min: 0, Avg: 10764.8, Max: 43059, Diff: 43059, Sum: 43059, Workers: 4
[156.263s][debug][gc,phases      ] GC(20)   ResolvedMethodTable Weak       Min:  0.0, Avg:  0.0, Max:  0.1, Diff:  0.1, Sum:  0.1, Workers: 4
[156.263s][debug][gc,phases      ] GC(20)     Dead                           Min: 0, Avg:  0.0, Max: 0, Diff: 0, Sum: 0, Workers: 4
[156.263s][debug][gc,phases      ] GC(20)     Total                          Min: 0, Avg: 2337.8, Max: 9351, Diff: 9351, Sum: 9351, Workers: 4
[156.263s][debug][gc,phases      ] GC(20)   JNI Weak                       Min:  0.0, Avg:  0.0, Max:  0.0, Diff:  0.0, Sum:  0.0, Workers: 4
[156.263s][debug][gc,phases      ] GC(20)     Dead                           Min: 0, Avg:  0.0, Max: 0, Diff: 0, Sum: 0, Workers: 4
[156.263s][debug][gc,phases      ] GC(20)     Total                          Min: 0, Avg: 11.2, Max: 45, Diff: 45, Sum: 45, Workers: 4
[156.263s][debug][gc,phases      ] GC(20)   StringDedup Table Weak         Min:  0.0, Avg:  0.0, Max:  0.0, Diff:  0.0, Sum:  0.0, Workers: 4
[156.263s][debug][gc,phases      ] GC(20)     Dead                           Min: 0, Avg:  0.0, Max: 0, Diff: 0, Sum: 0, Workers: 4
[156.263s][debug][gc,phases      ] GC(20)     Total                          Min: 0, Avg:  0.0, Max: 0, Diff: 0, Sum: 0, Workers: 4
[156.263s][debug][gc,phases      ] GC(20)   StringDedup Requests0 Weak     Min:  0.0, Avg:  0.0, Max:  0.0, Diff:  0.0, Sum:  0.0, Workers: 4
[156.263s][debug][gc,phases      ] GC(20)     Dead                           Min: 0, Avg:  0.0, Max: 0, Diff: 0, Sum: 0, Workers: 4
[156.263s][debug][gc,phases      ] GC(20)     Total                          Min: 0, Avg:  0.0, Max: 0, Diff: 0, Sum: 0, Workers: 4
[156.263s][debug][gc,phases      ] GC(20)   StringDedup Requests1 Weak     Min:  0.0, Avg:  0.0, Max:  0.0, Diff:  0.0, Sum:  0.0, Workers: 4
[156.263s][debug][gc,phases      ] GC(20)     Dead                           Min: 0, Avg:  0.0, Max: 0, Diff: 0, Sum: 0, Workers: 4
[156.263s][debug][gc,phases      ] GC(20)     Total                          Min: 0, Avg:  0.0, Max: 0, Diff: 0, Sum: 0, Workers: 4
[156.263s][debug][gc,phases      ] GC(20)   Weak JFR Old Object Samples    Min:  0.0, Avg:  0.0, Max:  0.0, Diff:  0.0, Sum:  0.0, Workers: 4
[156.263s][debug][gc,phases      ] GC(20)     Dead                           Min: 0, Avg:  0.0, Max: 0, Diff: 0, Sum: 0, Workers: 4
[156.263s][debug][gc,phases      ] GC(20)     Total                          Min: 0, Avg:  0.0, Max: 0, Diff: 0, Sum: 0, Workers: 4
[156.263s][debug][gc,phases      ] GC(20) Weak Processing 0.708ms
[156.263s][debug][gc,age         ] GC(20) Desired survivor size 536870912 bytes, new threshold 1 (max threshold 15)
[156.263s][info ][gc,heap        ] GC(20) PSYoungGen: 1050512K(1572864K)->1568K(1572864K) Eden: 1048576K(1048576K)->0K(1048576K) From: 1936K(524288K)->1568K(524288K)
[156.263s][info ][gc,heap        ] GC(20) ParOldGen: 465132K(655360K)->466268K(655360K)
[156.263s][info ][gc,metaspace   ] GC(20) Metaspace: 80519K(81536K)->80519K(81536K) NonClass: 68920K(69440K)->68920K(69440K) Class: 11598K(12096K)->11598K(12096K)
[156.263s][info ][gc             ] GC(20) Pause Young (Allocation Failure) 1480M->456M(2176M) 5.186ms
[156.263s][info ][gc,cpu         ] GC(20) User=0.02s Sys=0.00s Real=0.01s
[156.263s][info ][safepoint      ] Safepoint "ParallelGCFailedAllocation", Time since last: 687860243 ns, Reaching safepoint: 71005 ns, At safepoint: 5267476 ns, Total: 5338481 ns
[157.641s][info ][safepoint      ] Safepoint "Cleanup", Time since last: 1377184191 ns, Reaching safepoint: 152311 ns, At safepoint: 7501 ns, Total: 159812 ns
[158.641s][info ][safepoint      ] Safepoint "Cleanup", Time since last: 1000121652 ns, Reaching safepoint: 41903 ns, At safepoint: 3000 ns, Total: 44903 ns
[159.660s][info ][safepoint      ] Safepoint "Cleanup", Time since last: 1018906793 ns, Reaching safepoint: 126709 ns, At safepoint: 13901 ns, Total: 140610 ns
[160.660s][info ][safepoint      ] Safepoint "Cleanup", Time since last: 1000118151 ns, Reaching safepoint: 39303 ns, At safepoint: 3300 ns, Total: 42603 ns
[161.660s][info ][safepoint      ] Safepoint "Cleanup", Time since last: 1000117750 ns, Reaching safepoint: 38503 ns, At safepoint: 2600 ns, Total: 41103 ns
[162.667s][info ][safepoint      ] Safepoint "Cleanup", Time since last: 1005919564 ns, Reaching safepoint: 635845 ns, At safepoint: 11001 ns, Total: 646846 ns
[163.423s][info ][safepoint      ] Safepoint "ICBufferFull", Time since last: 755866800 ns, Reaching safepoint: 287820 ns, At safepoint: 7901 ns, Total: 295721 ns
[164.087s][info ][gc,start       ] GC(21) Pause Young (Allocation Failure)
[164.107s][debug][gc,phases      ] GC(21) Scavenge 19.752ms
[164.107s][debug][gc,ref         ] GC(21) Skipped phase 1 of Reference Processing: no references
[164.107s][debug][gc,ref         ] GC(21) ReferenceProcessor::execute queues: 1, RefProcThreadModel::Single, marks_oops_alive: false
[164.107s][debug][gc,ref         ] GC(21) Skipped phase 3 of Reference Processing: no references
[164.107s][debug][gc,ref         ] GC(21) ReferenceProcessor::execute queues: 1, RefProcThreadModel::Single, marks_oops_alive: false
[164.107s][debug][gc,phases      ] GC(21) Reference Processing 0.128ms
[164.107s][debug][gc,phases      ] GC(21)   VM Weak                        Min:  0.0, Avg:  0.0, Max:  0.0, Diff:  0.0, Sum:  0.0, Workers: 4
[164.107s][debug][gc,phases      ] GC(21)     Dead                           Min: 0, Avg:  0.0, Max: 0, Diff: 0, Sum: 0, Workers: 4
[164.107s][debug][gc,phases      ] GC(21)     Total                          Min: 0, Avg: 218.5, Max: 512, Diff: 512, Sum: 874, Workers: 4
[164.107s][debug][gc,phases      ] GC(21)   ObjectSynchronizer Weak        Min:  0.0, Avg:  0.0, Max:  0.0, Diff:  0.0, Sum:  0.0, Workers: 4
[164.107s][debug][gc,phases      ] GC(21)     Dead                           Min: 0, Avg:  0.0, Max: 0, Diff: 0, Sum: 0, Workers: 4
[164.107s][debug][gc,phases      ] GC(21)     Total                          Min: 0, Avg:  8.2, Max: 33, Diff: 33, Sum: 33, Workers: 4
[164.107s][debug][gc,phases      ] GC(21)   JVMTI Tag Weak OopStorage      Min:  0.0, Avg:  0.0, Max:  0.0, Diff:  0.0, Sum:  0.0, Workers: 4
[164.107s][debug][gc,phases      ] GC(21)     Dead                           Min: 0, Avg:  0.0, Max: 0, Diff: 0, Sum: 0, Workers: 4
[164.107s][debug][gc,phases      ] GC(21)     Total                          Min: 0, Avg:  0.0, Max: 0, Diff: 0, Sum: 0, Workers: 4
[164.107s][debug][gc,phases      ] GC(21)   StringTable Weak               Min:  0.0, Avg:  0.1, Max:  0.1, Diff:  0.1, Sum:  0.4, Workers: 4
[164.108s][debug][gc,phases      ] GC(21)     Dead                           Min: 0, Avg:  1.2, Max: 5, Diff: 5, Sum: 5, Workers: 4
[164.108s][debug][gc,phases      ] GC(21)     Total                          Min: 0, Avg: 10778.8, Max: 14782, Diff: 14782, Sum: 43115, Workers: 4
[164.108s][debug][gc,phases      ] GC(21)   ResolvedMethodTable Weak       Min:  0.0, Avg:  0.0, Max:  0.0, Diff:  0.0, Sum:  0.1, Workers: 4
[164.108s][debug][gc,phases      ] GC(21)     Dead                           Min: 0, Avg:  0.0, Max: 0, Diff: 0, Sum: 0, Workers: 4
[164.108s][debug][gc,phases      ] GC(21)     Total                          Min: 0, Avg: 2351.5, Max: 3262, Diff: 3262, Sum: 9406, Workers: 4
[164.108s][debug][gc,phases      ] GC(21)   JNI Weak                       Min:  0.0, Avg:  0.0, Max:  0.0, Diff:  0.0, Sum:  0.0, Workers: 4
[164.108s][debug][gc,phases      ] GC(21)     Dead                           Min: 0, Avg:  0.0, Max: 0, Diff: 0, Sum: 0, Workers: 4
[164.108s][debug][gc,phases      ] GC(21)     Total                          Min: 0, Avg: 21.0, Max: 60, Diff: 60, Sum: 84, Workers: 4
[164.108s][debug][gc,phases      ] GC(21)   StringDedup Table Weak         Min:  0.0, Avg:  0.0, Max:  0.0, Diff:  0.0, Sum:  0.0, Workers: 4
[164.108s][debug][gc,phases      ] GC(21)     Dead                           Min: 0, Avg:  0.0, Max: 0, Diff: 0, Sum: 0, Workers: 4
[164.108s][debug][gc,phases      ] GC(21)     Total                          Min: 0, Avg:  0.0, Max: 0, Diff: 0, Sum: 0, Workers: 4
[164.108s][debug][gc,phases      ] GC(21)   StringDedup Requests0 Weak     Min:  0.0, Avg:  0.0, Max:  0.0, Diff:  0.0, Sum:  0.0, Workers: 4
[164.108s][debug][gc,phases      ] GC(21)     Dead                           Min: 0, Avg:  0.0, Max: 0, Diff: 0, Sum: 0, Workers: 4
[164.108s][debug][gc,phases      ] GC(21)     Total                          Min: 0, Avg:  0.0, Max: 0, Diff: 0, Sum: 0, Workers: 4
[164.108s][debug][gc,phases      ] GC(21)   StringDedup Requests1 Weak     Min:  0.0, Avg:  0.0, Max:  0.0, Diff:  0.0, Sum:  0.0, Workers: 4
[164.108s][debug][gc,phases      ] GC(21)     Dead                           Min: 0, Avg:  0.0, Max: 0, Diff: 0, Sum: 0, Workers: 4
[164.108s][debug][gc,phases      ] GC(21)     Total                          Min: 0, Avg:  0.0, Max: 0, Diff: 0, Sum: 0, Workers: 4
[164.108s][debug][gc,phases      ] GC(21)   Weak JFR Old Object Samples    Min:  0.0, Avg:  0.0, Max:  0.0, Diff:  0.0, Sum:  0.0, Workers: 4
[164.108s][debug][gc,phases      ] GC(21)     Dead                           Min: 0, Avg:  0.0, Max: 0, Diff: 0, Sum: 0, Workers: 4
[164.108s][debug][gc,phases      ] GC(21)     Total                          Min: 0, Avg:  0.0, Max: 0, Diff: 0, Sum: 0, Workers: 4
[164.108s][debug][gc,phases      ] GC(21) Weak Processing 0.378ms
[164.108s][debug][gc,age         ] GC(21) Desired survivor size 536870912 bytes, new threshold 1 (max threshold 15)
[164.108s][info ][gc,heap        ] GC(21) PSYoungGen: 1050144K(1572864K)->24416K(1572864K) Eden: 1048576K(1048576K)->0K(1048576K) From: 1568K(524288K)->24416K(524288K)
[164.108s][info ][gc,heap        ] GC(21) ParOldGen: 466268K(655360K)->467285K(655360K)
[164.108s][info ][gc,metaspace   ] GC(21) Metaspace: 80737K(81792K)->80737K(81792K) NonClass: 69112K(69696K)->69112K(69696K) Class: 11624K(12096K)->11624K(12096K)
[164.108s][info ][gc             ] GC(21) Pause Young (Allocation Failure) 1480M->480M(2176M) 20.406ms
[164.108s][info ][gc,cpu         ] GC(21) User=0.06s Sys=0.00s Real=0.02s
[164.108s][info ][safepoint      ] Safepoint "ParallelGCFailedAllocation", Time since last: 657755390 ns, Reaching safepoint: 6572270 ns, At safepoint: 20505665 ns, Total: 27077935 ns
[165.114s][info ][safepoint      ] Safepoint "Cleanup", Time since last: 1006551308 ns, Reaching safepoint: 179213 ns, At safepoint: 12501 ns, Total: 191714 ns
[165.888s][info ][gc,start       ] GC(22) Pause Young (Allocation Failure)
[165.936s][debug][gc,phases      ] GC(22) Scavenge 47.750ms
[165.936s][debug][gc,ref         ] GC(22) Skipped phase 1 of Reference Processing: no references
[165.936s][debug][gc,ref         ] GC(22) ReferenceProcessor::execute queues: 1, RefProcThreadModel::Single, marks_oops_alive: false
[165.936s][debug][gc,ref         ] GC(22) Skipped phase 3 of Reference Processing: no references
[165.936s][debug][gc,ref         ] GC(22) ReferenceProcessor::execute queues: 1, RefProcThreadModel::Single, marks_oops_alive: false
[165.936s][debug][gc,phases      ] GC(22) Reference Processing 0.105ms
[165.936s][debug][gc,phases      ] GC(22)   VM Weak                        Min:  0.0, Avg:  0.0, Max:  0.0, Diff:  0.0, Sum:  0.0, Workers: 4
[165.936s][debug][gc,phases      ] GC(22)     Dead                           Min: 0, Avg:  0.0, Max: 0, Diff: 0, Sum: 0, Workers: 4
[165.936s][debug][gc,phases      ] GC(22)     Total                          Min: 0, Avg: 218.5, Max: 554, Diff: 554, Sum: 874, Workers: 4
[165.936s][debug][gc,phases      ] GC(22)   ObjectSynchronizer Weak        Min:  0.0, Avg:  0.0, Max:  0.0, Diff:  0.0, Sum:  0.0, Workers: 4
[165.936s][debug][gc,phases      ] GC(22)     Dead                           Min: 0, Avg:  0.0, Max: 0, Diff: 0, Sum: 0, Workers: 4
[165.936s][debug][gc,phases      ] GC(22)     Total                          Min: 0, Avg:  8.2, Max: 33, Diff: 33, Sum: 33, Workers: 4
[165.936s][debug][gc,phases      ] GC(22)   JVMTI Tag Weak OopStorage      Min:  0.0, Avg:  0.0, Max:  0.0, Diff:  0.0, Sum:  0.0, Workers: 4
[165.936s][debug][gc,phases      ] GC(22)     Dead                           Min: 0, Avg:  0.0, Max: 0, Diff: 0, Sum: 0, Workers: 4
[165.936s][debug][gc,phases      ] GC(22)     Total                          Min: 0, Avg:  0.0, Max: 0, Diff: 0, Sum: 0, Workers: 4
[165.936s][debug][gc,phases      ] GC(22)   StringTable Weak               Min:  0.0, Avg:  0.1, Max:  0.2, Diff:  0.2, Sum:  0.4, Workers: 4
[165.936s][debug][gc,phases      ] GC(22)     Dead                           Min: 0, Avg:  0.0, Max: 0, Diff: 0, Sum: 0, Workers: 4
[165.936s][debug][gc,phases      ] GC(22)     Total                          Min: 0, Avg: 10779.0, Max: 21677, Diff: 21677, Sum: 43116, Workers: 4
[165.936s][debug][gc,phases      ] GC(22)   ResolvedMethodTable Weak       Min:  0.0, Avg:  0.0, Max:  0.0, Diff:  0.0, Sum:  0.1, Workers: 4
[165.936s][debug][gc,phases      ] GC(22)     Dead                           Min: 0, Avg:  0.0, Max: 0, Diff: 0, Sum: 0, Workers: 4
[165.936s][debug][gc,phases      ] GC(22)     Total                          Min: 0, Avg: 2351.5, Max: 4798, Diff: 4798, Sum: 9406, Workers: 4
[165.936s][debug][gc,phases      ] GC(22)   JNI Weak                       Min:  0.0, Avg:  0.0, Max:  0.0, Diff:  0.0, Sum:  0.0, Workers: 4
[165.936s][debug][gc,phases      ] GC(22)     Dead                           Min: 0, Avg:  0.0, Max: 0, Diff: 0, Sum: 0, Workers: 4
[165.936s][debug][gc,phases      ] GC(22)     Total                          Min: 0, Avg: 15.2, Max: 61, Diff: 61, Sum: 61, Workers: 4
[165.936s][debug][gc,phases      ] GC(22)   StringDedup Table Weak         Min:  0.0, Avg:  0.0, Max:  0.0, Diff:  0.0, Sum:  0.0, Workers: 4
[165.936s][debug][gc,phases      ] GC(22)     Dead                           Min: 0, Avg:  0.0, Max: 0, Diff: 0, Sum: 0, Workers: 4
[165.936s][debug][gc,phases      ] GC(22)     Total                          Min: 0, Avg:  0.0, Max: 0, Diff: 0, Sum: 0, Workers: 4
[165.936s][debug][gc,phases      ] GC(22)   StringDedup Requests0 Weak     Min:  0.0, Avg:  0.0, Max:  0.0, Diff:  0.0, Sum:  0.0, Workers: 4
[165.936s][debug][gc,phases      ] GC(22)     Dead                           Min: 0, Avg:  0.0, Max: 0, Diff: 0, Sum: 0, Workers: 4
[165.936s][debug][gc,phases      ] GC(22)     Total                          Min: 0, Avg:  0.0, Max: 0, Diff: 0, Sum: 0, Workers: 4
[165.936s][debug][gc,phases      ] GC(22)   StringDedup Requests1 Weak     Min:  0.0, Avg:  0.0, Max:  0.0, Diff:  0.0, Sum:  0.0, Workers: 4
[165.936s][debug][gc,phases      ] GC(22)     Dead                           Min: 0, Avg:  0.0, Max: 0, Diff: 0, Sum: 0, Workers: 4
[165.936s][debug][gc,phases      ] GC(22)     Total                          Min: 0, Avg:  0.0, Max: 0, Diff: 0, Sum: 0, Workers: 4
[165.936s][debug][gc,phases      ] GC(22)   Weak JFR Old Object Samples    Min:  0.0, Avg:  0.0, Max:  0.0, Diff:  0.0, Sum:  0.0, Workers: 4
[165.936s][debug][gc,phases      ] GC(22)     Dead                           Min: 0, Avg:  0.0, Max: 0, Diff: 0, Sum: 0, Workers: 4
[165.936s][debug][gc,phases      ] GC(22)     Total                          Min: 0, Avg:  0.0, Max: 0, Diff: 0, Sum: 0, Workers: 4
[165.936s][debug][gc,phases      ] GC(22) Weak Processing 0.438ms
[165.936s][debug][gc,age         ] GC(22) Desired survivor size 536870912 bytes, new threshold 1 (max threshold 15)
[165.936s][info ][gc,heap        ] GC(22) PSYoungGen: 1072992K(1572864K)->45616K(1572864K) Eden: 1048576K(1048576K)->0K(1048576K) From: 24416K(524288K)->45616K(524288K)
[165.937s][info ][gc,heap        ] GC(22) ParOldGen: 467285K(655360K)->491905K(655360K)
[165.937s][info ][gc,metaspace   ] GC(22) Metaspace: 80776K(81856K)->80776K(81856K) NonClass: 69151K(69760K)->69151K(69760K) Class: 11624K(12096K)->11624K(12096K)
[165.937s][info ][gc             ] GC(22) Pause Young (Allocation Failure) 1504M->524M(2176M) 48.449ms
[165.937s][info ][gc,cpu         ] GC(22) User=0.14s Sys=0.00s Real=0.05s
[165.937s][info ][safepoint      ] Safepoint "ParallelGCFailedAllocation", Time since last: 773464956 ns, Reaching safepoint: 125209 ns, At safepoint: 48540167 ns, Total: 48665376 ns
[166.937s][info ][safepoint      ] Safepoint "Cleanup", Time since last: 1000088346 ns, Reaching safepoint: 147710 ns, At safepoint: 10501 ns, Total: 158211 ns
[167.488s][info ][gc,start       ] GC(23) Pause Young (Allocation Failure)
[167.533s][debug][gc,phases      ] GC(23) Scavenge 44.772ms
[167.533s][debug][gc,ref         ] GC(23) Skipped phase 1 of Reference Processing: no references
[167.533s][debug][gc,ref         ] GC(23) ReferenceProcessor::execute queues: 1, RefProcThreadModel::Single, marks_oops_alive: false
[167.533s][debug][gc,ref         ] GC(23) Skipped phase 3 of Reference Processing: no references
[167.533s][debug][gc,ref         ] GC(23) ReferenceProcessor::execute queues: 1, RefProcThreadModel::Single, marks_oops_alive: false
[167.533s][debug][gc,phases      ] GC(23) Reference Processing 0.124ms
[167.533s][debug][gc,phases      ] GC(23)   VM Weak                        Min:  0.0, Avg:  0.0, Max:  0.0, Diff:  0.0, Sum:  0.0, Workers: 4
[167.533s][debug][gc,phases      ] GC(23)     Dead                           Min: 0, Avg:  0.0, Max: 0, Diff: 0, Sum: 0, Workers: 4
[167.533s][debug][gc,phases      ] GC(23)     Total                          Min: 0, Avg: 218.8, Max: 384, Diff: 384, Sum: 875, Workers: 4
[167.533s][debug][gc,phases      ] GC(23)   ObjectSynchronizer Weak        Min:  0.0, Avg:  0.0, Max:  0.0, Diff:  0.0, Sum:  0.0, Workers: 4
[167.533s][debug][gc,phases      ] GC(23)     Dead                           Min: 0, Avg:  0.0, Max: 0, Diff: 0, Sum: 0, Workers: 4
[167.534s][debug][gc,phases      ] GC(23)     Total                          Min: 0, Avg:  8.5, Max: 34, Diff: 34, Sum: 34, Workers: 4
[167.534s][debug][gc,phases      ] GC(23)   JVMTI Tag Weak OopStorage      Min:  0.0, Avg:  0.0, Max:  0.0, Diff:  0.0, Sum:  0.0, Workers: 4
[167.534s][debug][gc,phases      ] GC(23)     Dead                           Min: 0, Avg:  0.0, Max: 0, Diff: 0, Sum: 0, Workers: 4
[167.534s][debug][gc,phases      ] GC(23)     Total                          Min: 0, Avg:  0.0, Max: 0, Diff: 0, Sum: 0, Workers: 4
[167.534s][debug][gc,phases      ] GC(23)   StringTable Weak               Min:  0.0, Avg:  0.1, Max:  0.1, Diff:  0.1, Sum:  0.4, Workers: 4
[167.534s][debug][gc,phases      ] GC(23)     Dead                           Min: 0, Avg:  0.2, Max: 1, Diff: 1, Sum: 1, Workers: 4
[167.534s][debug][gc,phases      ] GC(23)     Total                          Min: 0, Avg: 10792.8, Max: 14592, Diff: 14592, Sum: 43171, Workers: 4
[167.534s][debug][gc,phases      ] GC(23)   ResolvedMethodTable Weak       Min:  0.0, Avg:  0.0, Max:  0.0, Diff:  0.0, Sum:  0.1, Workers: 4
[167.534s][debug][gc,phases      ] GC(23)     Dead                           Min: 0, Avg:  0.0, Max: 0, Diff: 0, Sum: 0, Workers: 4
[167.534s][debug][gc,phases      ] GC(23)     Total                          Min: 0, Avg: 2370.5, Max: 3210, Diff: 3210, Sum: 9482, Workers: 4
[167.534s][debug][gc,phases      ] GC(23)   JNI Weak                       Min:  0.0, Avg:  0.0, Max:  0.0, Diff:  0.0, Sum:  0.0, Workers: 4
[167.534s][debug][gc,phases      ] GC(23)     Dead                           Min: 0, Avg:  0.0, Max: 0, Diff: 0, Sum: 0, Workers: 4
[167.534s][debug][gc,phases      ] GC(23)     Total                          Min: 0, Avg: 14.8, Max: 45, Diff: 45, Sum: 59, Workers: 4
[167.534s][debug][gc,phases      ] GC(23)   StringDedup Table Weak         Min:  0.0, Avg:  0.0, Max:  0.0, Diff:  0.0, Sum:  0.0, Workers: 4
[167.534s][debug][gc,phases      ] GC(23)     Dead                           Min: 0, Avg:  0.0, Max: 0, Diff: 0, Sum: 0, Workers: 4
[167.534s][debug][gc,phases      ] GC(23)     Total                          Min: 0, Avg:  0.0, Max: 0, Diff: 0, Sum: 0, Workers: 4
[167.534s][debug][gc,phases      ] GC(23)   StringDedup Requests0 Weak     Min:  0.0, Avg:  0.0, Max:  0.0, Diff:  0.0, Sum:  0.0, Workers: 4
[167.534s][debug][gc,phases      ] GC(23)     Dead                           Min: 0, Avg:  0.0, Max: 0, Diff: 0, Sum: 0, Workers: 4
[167.534s][debug][gc,phases      ] GC(23)     Total                          Min: 0, Avg:  0.0, Max: 0, Diff: 0, Sum: 0, Workers: 4
[167.534s][debug][gc,phases      ] GC(23)   StringDedup Requests1 Weak     Min:  0.0, Avg:  0.0, Max:  0.0, Diff:  0.0, Sum:  0.0, Workers: 4
[167.534s][debug][gc,phases      ] GC(23)     Dead                           Min: 0, Avg:  0.0, Max: 0, Diff: 0, Sum: 0, Workers: 4
[167.534s][debug][gc,phases      ] GC(23)     Total                          Min: 0, Avg:  0.0, Max: 0, Diff: 0, Sum: 0, Workers: 4
[167.534s][debug][gc,phases      ] GC(23)   Weak JFR Old Object Samples    Min:  0.0, Avg:  0.0, Max:  0.0, Diff:  0.0, Sum:  0.0, Workers: 4
[167.534s][debug][gc,phases      ] GC(23)     Dead                           Min: 0, Avg:  0.0, Max: 0, Diff: 0, Sum: 0, Workers: 4
[167.534s][debug][gc,phases      ] GC(23)     Total                          Min: 0, Avg:  0.0, Max: 0, Diff: 0, Sum: 0, Workers: 4
[167.534s][debug][gc,phases      ] GC(23) Weak Processing 0.369ms
[167.534s][debug][gc,age         ] GC(23) Desired survivor size 536870912 bytes, new threshold 1 (max threshold 15)
[167.534s][info ][gc,heap        ] GC(23) PSYoungGen: 1094192K(1572864K)->30128K(1572864K) Eden: 1048576K(1048576K)->0K(1048576K) From: 45616K(524288K)->30128K(524288K)
[167.534s][info ][gc,heap        ] GC(23) ParOldGen: 491905K(655360K)->539022K(655360K)
[167.534s][info ][gc,metaspace   ] GC(23) Metaspace: 80925K(82048K)->80925K(82048K) NonClass: 69272K(69888K)->69272K(69888K) Class: 11652K(12160K)->11652K(12160K)
[167.534s][info ][gc             ] GC(23) Pause Young (Allocation Failure) 1548M->555M(2176M) 45.410ms
[167.534s][info ][gc,cpu         ] GC(23) User=0.09s Sys=0.02s Real=0.05s
[167.534s][info ][safepoint      ] Safepoint "ParallelGCFailedAllocation", Time since last: 551238580 ns, Reaching safepoint: 164612 ns, At safepoint: 45502051 ns, Total: 45666663 ns
[168.887s][info ][safepoint      ] Safepoint "Cleanup", Time since last: 1353291777 ns, Reaching safepoint: 255318 ns, At safepoint: 18701 ns, Total: 274019 ns
[168.942s][info ][gc,start       ] GC(24) Pause Young (Allocation Failure)
[168.972s][debug][gc,phases      ] GC(24) Scavenge 30.667ms
[168.972s][debug][gc,ref         ] GC(24) Skipped phase 1 of Reference Processing: no references
[168.972s][debug][gc,ref         ] GC(24) Skipped phase 2 of Reference Processing: no references
[168.972s][debug][gc,ref         ] GC(24) Skipped phase 3 of Reference Processing: no references
[168.972s][debug][gc,ref         ] GC(24) ReferenceProcessor::execute queues: 1, RefProcThreadModel::Single, marks_oops_alive: false
[168.972s][debug][gc,phases      ] GC(24) Reference Processing 0.097ms
[168.973s][debug][gc,phases      ] GC(24)   VM Weak                        Min:  0.0, Avg:  0.0, Max:  0.0, Diff:  0.0, Sum:  0.0, Workers: 4
[168.973s][debug][gc,phases      ] GC(24)     Dead                           Min: 0, Avg:  0.0, Max: 0, Diff: 0, Sum: 0, Workers: 4
[168.973s][debug][gc,phases      ] GC(24)     Total                          Min: 0, Avg: 218.8, Max: 384, Diff: 384, Sum: 875, Workers: 4
[168.973s][debug][gc,phases      ] GC(24)   ObjectSynchronizer Weak        Min:  0.0, Avg:  0.0, Max:  0.0, Diff:  0.0, Sum:  0.0, Workers: 4
[168.973s][debug][gc,phases      ] GC(24)     Dead                           Min: 0, Avg:  0.0, Max: 0, Diff: 0, Sum: 0, Workers: 4
[168.973s][debug][gc,phases      ] GC(24)     Total                          Min: 0, Avg:  8.5, Max: 34, Diff: 34, Sum: 34, Workers: 4
[168.973s][debug][gc,phases      ] GC(24)   JVMTI Tag Weak OopStorage      Min:  0.0, Avg:  0.0, Max:  0.0, Diff:  0.0, Sum:  0.0, Workers: 4
[168.973s][debug][gc,phases      ] GC(24)     Dead                           Min: 0, Avg:  0.0, Max: 0, Diff: 0, Sum: 0, Workers: 4
[168.973s][debug][gc,phases      ] GC(24)     Total                          Min: 0, Avg:  0.0, Max: 0, Diff: 0, Sum: 0, Workers: 4
[168.973s][debug][gc,phases      ] GC(24)   StringTable Weak               Min:  0.0, Avg:  0.1, Max:  0.1, Diff:  0.1, Sum:  0.4, Workers: 4
[168.973s][debug][gc,phases      ] GC(24)     Dead                           Min: 0, Avg:  0.0, Max: 0, Diff: 0, Sum: 0, Workers: 4
[168.973s][debug][gc,phases      ] GC(24)     Total                          Min: 0, Avg: 10794.0, Max: 14760, Diff: 14760, Sum: 43176, Workers: 4
[168.973s][debug][gc,phases      ] GC(24)   ResolvedMethodTable Weak       Min:  0.0, Avg:  0.0, Max:  0.0, Diff:  0.0, Sum:  0.1, Workers: 4
[168.973s][debug][gc,phases      ] GC(24)     Dead                           Min: 0, Avg:  0.0, Max: 0, Diff: 0, Sum: 0, Workers: 4
[168.973s][debug][gc,phases      ] GC(24)     Total                          Min: 0, Avg: 2370.5, Max: 3456, Diff: 3456, Sum: 9482, Workers: 4
[168.973s][debug][gc,phases      ] GC(24)   JNI Weak                       Min:  0.0, Avg:  0.0, Max:  0.0, Diff:  0.0, Sum:  0.0, Workers: 4
[168.973s][debug][gc,phases      ] GC(24)     Dead                           Min: 0, Avg:  0.0, Max: 0, Diff: 0, Sum: 0, Workers: 4
[168.973s][debug][gc,phases      ] GC(24)     Total                          Min: 0, Avg: 12.0, Max: 48, Diff: 48, Sum: 48, Workers: 4
[168.973s][debug][gc,phases      ] GC(24)   StringDedup Table Weak         Min:  0.0, Avg:  0.0, Max:  0.0, Diff:  0.0, Sum:  0.0, Workers: 4
[168.973s][debug][gc,phases      ] GC(24)     Dead                           Min: 0, Avg:  0.0, Max: 0, Diff: 0, Sum: 0, Workers: 4
[168.973s][debug][gc,phases      ] GC(24)     Total                          Min: 0, Avg:  0.0, Max: 0, Diff: 0, Sum: 0, Workers: 4
[168.973s][debug][gc,phases      ] GC(24)   StringDedup Requests0 Weak     Min:  0.0, Avg:  0.0, Max:  0.0, Diff:  0.0, Sum:  0.0, Workers: 4
[168.973s][debug][gc,phases      ] GC(24)     Dead                           Min: 0, Avg:  0.0, Max: 0, Diff: 0, Sum: 0, Workers: 4
[168.973s][debug][gc,phases      ] GC(24)     Total                          Min: 0, Avg:  0.0, Max: 0, Diff: 0, Sum: 0, Workers: 4
[168.973s][debug][gc,phases      ] GC(24)   StringDedup Requests1 Weak     Min:  0.0, Avg:  0.0, Max:  0.0, Diff:  0.0, Sum:  0.0, Workers: 4
[168.973s][debug][gc,phases      ] GC(24)     Dead                           Min: 0, Avg:  0.0, Max: 0, Diff: 0, Sum: 0, Workers: 4
[168.973s][debug][gc,phases      ] GC(24)     Total                          Min: 0, Avg:  0.0, Max: 0, Diff: 0, Sum: 0, Workers: 4
[168.973s][debug][gc,phases      ] GC(24)   Weak JFR Old Object Samples    Min:  0.0, Avg:  0.0, Max:  0.0, Diff:  0.0, Sum:  0.0, Workers: 4
[168.973s][debug][gc,phases      ] GC(24)     Dead                           Min: 0, Avg:  0.0, Max: 0, Diff: 0, Sum: 0, Workers: 4
[168.973s][debug][gc,phases      ] GC(24)     Total                          Min: 0, Avg:  0.0, Max: 0, Diff: 0, Sum: 0, Workers: 4
[168.973s][debug][gc,phases      ] GC(24) Weak Processing 0.366ms
[168.973s][debug][gc,age         ] GC(24) Desired survivor size 536346624 bytes, new threshold 2 (max threshold 15)
[168.973s][info ][gc,heap        ] GC(24) PSYoungGen: 1078704K(1572864K)->22016K(1572864K) Eden: 1048576K(1048576K)->0K(1048576K) From: 30128K(524288K)->22016K(524288K)
[168.973s][info ][gc,heap        ] GC(24) ParOldGen: 539022K(655360K)->566273K(655360K)
[168.973s][info ][gc,metaspace   ] GC(24) Metaspace: 80944K(82048K)->80944K(82048K) NonClass: 69291K(69888K)->69291K(69888K) Class: 11652K(12160K)->11652K(12160K)
[168.973s][info ][gc             ] GC(24) Pause Young (Allocation Failure) 1579M->574M(2176M) 31.268ms
[168.973s][info ][gc,cpu         ] GC(24) User=0.07s Sys=0.00s Real=0.03s
[168.973s][debug][gc,phases      ] GC(25) Pre Compact 0.010ms
[168.973s][info ][gc,start       ] GC(25) Pause Full (Ergonomics)
[168.973s][info ][gc,phases,start] GC(25) Marking Phase
[169.144s][debug][gc,phases      ] GC(25) Par Mark 170.535ms
[169.144s][debug][gc,ref         ] GC(25) Skipped phase 1 of Reference Processing: no references
[169.144s][debug][gc,ref         ] GC(25) ReferenceProcessor::execute queues: 4, RefProcThreadModel::Multi, marks_oops_alive: false
[169.145s][debug][gc,ref         ] GC(25) Skipped phase 3 of Reference Processing: no references
[169.145s][debug][gc,ref         ] GC(25) ReferenceProcessor::execute queues: 1, RefProcThreadModel::Single, marks_oops_alive: false
[169.145s][debug][gc,phases      ] GC(25) Reference Processing 1.060ms
[169.145s][debug][gc,phases      ] GC(25)   VM Weak                        Min:  0.0, Avg:  0.0, Max:  0.0, Diff:  0.0, Sum:  0.0, Workers: 4
[169.145s][debug][gc,phases      ] GC(25)     Dead                           Min: 0, Avg:  0.0, Max: 0, Diff: 0, Sum: 0, Workers: 4
[169.145s][debug][gc,phases      ] GC(25)     Total                          Min: 0, Avg: 218.8, Max: 320, Diff: 320, Sum: 875, Workers: 4
[169.145s][debug][gc,phases      ] GC(25)   ObjectSynchronizer Weak        Min:  0.0, Avg:  0.0, Max:  0.0, Diff:  0.0, Sum:  0.0, Workers: 4
[169.145s][debug][gc,phases      ] GC(25)     Dead                           Min: 0, Avg:  0.0, Max: 0, Diff: 0, Sum: 0, Workers: 4
[169.145s][debug][gc,phases      ] GC(25)     Total                          Min: 0, Avg:  8.5, Max: 34, Diff: 34, Sum: 34, Workers: 4
[169.145s][debug][gc,phases      ] GC(25)   JVMTI Tag Weak OopStorage      Min:  0.0, Avg:  0.0, Max:  0.0, Diff:  0.0, Sum:  0.0, Workers: 4
[169.145s][debug][gc,phases      ] GC(25)     Dead                           Min: 0, Avg:  0.0, Max: 0, Diff: 0, Sum: 0, Workers: 4
[169.145s][debug][gc,phases      ] GC(25)     Total                          Min: 0, Avg:  0.0, Max: 0, Diff: 0, Sum: 0, Workers: 4
[169.145s][debug][gc,phases      ] GC(25)   StringTable Weak               Min:  0.0, Avg:  0.2, Max:  0.2, Diff:  0.2, Sum:  0.7, Workers: 4
[169.145s][debug][gc,phases      ] GC(25)     Dead                           Min: 0, Avg:  0.0, Max: 0, Diff: 0, Sum: 0, Workers: 4
[169.145s][debug][gc,phases      ] GC(25)     Total                          Min: 0, Avg: 10794.0, Max: 15720, Diff: 15720, Sum: 43176, Workers: 4
[169.145s][debug][gc,phases      ] GC(25)   ResolvedMethodTable Weak       Min:  0.0, Avg:  0.0, Max:  0.0, Diff:  0.0, Sum:  0.1, Workers: 4
[169.145s][debug][gc,phases      ] GC(25)     Dead                           Min: 0, Avg:  0.0, Max: 0, Diff: 0, Sum: 0, Workers: 4
[169.145s][debug][gc,phases      ] GC(25)     Total                          Min: 0, Avg: 2370.5, Max: 3402, Diff: 3402, Sum: 9482, Workers: 4
[169.145s][debug][gc,phases      ] GC(25)   JNI Weak                       Min:  0.0, Avg:  0.0, Max:  0.0, Diff:  0.0, Sum:  0.0, Workers: 4
[169.145s][debug][gc,phases      ] GC(25)     Dead                           Min: 0, Avg:  0.0, Max: 0, Diff: 0, Sum: 0, Workers: 4
[169.145s][debug][gc,phases      ] GC(25)     Total                          Min: 0, Avg: 12.0, Max: 48, Diff: 48, Sum: 48, Workers: 4
[169.145s][debug][gc,phases      ] GC(25)   StringDedup Table Weak         Min:  0.0, Avg:  0.0, Max:  0.0, Diff:  0.0, Sum:  0.0, Workers: 4
[169.145s][debug][gc,phases      ] GC(25)     Dead                           Min: 0, Avg:  0.0, Max: 0, Diff: 0, Sum: 0, Workers: 4
[169.145s][debug][gc,phases      ] GC(25)     Total                          Min: 0, Avg:  0.0, Max: 0, Diff: 0, Sum: 0, Workers: 4
[169.145s][debug][gc,phases      ] GC(25)   StringDedup Requests0 Weak     Min:  0.0, Avg:  0.0, Max:  0.0, Diff:  0.0, Sum:  0.0, Workers: 4
[169.145s][debug][gc,phases      ] GC(25)     Dead                           Min: 0, Avg:  0.0, Max: 0, Diff: 0, Sum: 0, Workers: 4
[169.145s][debug][gc,phases      ] GC(25)     Total                          Min: 0, Avg:  0.0, Max: 0, Diff: 0, Sum: 0, Workers: 4
[169.145s][debug][gc,phases      ] GC(25)   StringDedup Requests1 Weak     Min:  0.0, Avg:  0.0, Max:  0.0, Diff:  0.0, Sum:  0.0, Workers: 4
[169.145s][debug][gc,phases      ] GC(25)     Dead                           Min: 0, Avg:  0.0, Max: 0, Diff: 0, Sum: 0, Workers: 4
[169.145s][debug][gc,phases      ] GC(25)     Total                          Min: 0, Avg:  0.0, Max: 0, Diff: 0, Sum: 0, Workers: 4
[169.145s][debug][gc,phases      ] GC(25)   Weak JFR Old Object Samples    Min:  0.0, Avg:  0.0, Max:  0.0, Diff:  0.0, Sum:  0.0, Workers: 4
[169.145s][debug][gc,phases      ] GC(25)     Dead                           Min: 0, Avg:  0.0, Max: 0, Diff: 0, Sum: 0, Workers: 4
[169.145s][debug][gc,phases      ] GC(25)     Total                          Min: 0, Avg:  0.0, Max: 0, Diff: 0, Sum: 0, Workers: 4
[169.145s][debug][gc,phases      ] GC(25) Weak Processing 0.460ms
[169.145s][debug][gc,phases      ] GC(25) ClassLoaderData 0.115ms
[169.145s][debug][gc,phases      ] GC(25) Trigger cleanups 0.000ms
[169.164s][debug][gc,phases      ] GC(25) Class Unloading 19.359ms
[169.164s][info ][gc,phases      ] GC(25) Marking Phase 191.635ms
[169.164s][info ][gc,phases,start] GC(25) Summary Phase
[169.165s][info ][gc,phases      ] GC(25) Summary Phase 0.026ms
[169.165s][info ][gc,phases,start] GC(25) Adjust Roots
[169.179s][info ][gc,phases      ] GC(25) Adjust Roots 14.958ms
[169.180s][info ][gc,phases,start] GC(25) Compaction Phase
[169.435s][info ][gc,phases      ] GC(25) Compaction Phase 255.951ms
[169.436s][info ][gc,phases,start] GC(25) Post Compact
[169.437s][info ][gc,phases      ] GC(25) Post Compact 1.762ms
[169.437s][info ][gc,heap        ] GC(25) PSYoungGen: 22016K(1572864K)->0K(1573376K) Eden: 0K(1048576K)->0K(1049600K) From: 22016K(524288K)->0K(523776K)
[169.437s][info ][gc,heap        ] GC(25) ParOldGen: 566273K(655360K)->474636K(662528K)
[169.437s][info ][gc,metaspace   ] GC(25) Metaspace: 80944K(82048K)->80944K(82048K) NonClass: 69291K(69888K)->69291K(69888K) Class: 11652K(12160K)->11652K(12160K)
[169.437s][info ][gc             ] GC(25) Pause Full (Ergonomics) 574M->463M(2183M) 464.568ms
[169.437s][info ][gc,cpu         ] GC(25) User=1.24s Sys=0.04s Real=0.46s
[169.438s][info ][safepoint      ] Safepoint "ParallelGCFailedAllocation", Time since last: 54106265 ns, Reaching safepoint: 104308 ns, At safepoint: 496190147 ns, Total: 496294455 ns
[170.281s][info ][safepoint      ] Safepoint "ICBufferFull", Time since last: 843095429 ns, Reaching safepoint: 304121 ns, At safepoint: 11801 ns, Total: 315922 ns
[171.281s][info ][safepoint      ] Safepoint "Cleanup", Time since last: 1000120246 ns, Reaching safepoint: 81006 ns, At safepoint: 4800 ns, Total: 85806 ns
[172.281s][info ][safepoint      ] Safepoint "Cleanup", Time since last: 1000120746 ns, Reaching safepoint: 66104 ns, At safepoint: 2901 ns, Total: 69005 ns
[173.282s][info ][safepoint      ] Safepoint "Cleanup", Time since last: 1000086142 ns, Reaching safepoint: 61005 ns, At safepoint: 3100 ns, Total: 64105 ns
[173.401s][info ][gc,start       ] GC(26) Pause Young (Allocation Failure)
[173.416s][debug][gc,phases      ] GC(26) Scavenge 14.577ms
[173.416s][debug][gc,ref         ] GC(26) Skipped phase 1 of Reference Processing: no references
[173.416s][debug][gc,ref         ] GC(26) ReferenceProcessor::execute queues: 1, RefProcThreadModel::Single, marks_oops_alive: false
[173.416s][debug][gc,ref         ] GC(26) Skipped phase 3 of Reference Processing: no references
[173.416s][debug][gc,ref         ] GC(26) ReferenceProcessor::execute queues: 1, RefProcThreadModel::Single, marks_oops_alive: false
[173.416s][debug][gc,phases      ] GC(26) Reference Processing 0.119ms
[173.416s][debug][gc,phases      ] GC(26)   VM Weak                        Min:  0.0, Avg:  0.0, Max:  0.0, Diff:  0.0, Sum:  0.0, Workers: 4
[173.416s][debug][gc,phases      ] GC(26)     Dead                           Min: 0, Avg:  0.0, Max: 0, Diff: 0, Sum: 0, Workers: 4
[173.416s][debug][gc,phases      ] GC(26)     Total                          Min: 0, Avg: 220.0, Max: 448, Diff: 448, Sum: 880, Workers: 4
[173.416s][debug][gc,phases      ] GC(26)   ObjectSynchronizer Weak        Min:  0.0, Avg:  0.0, Max:  0.0, Diff:  0.0, Sum:  0.0, Workers: 4
[173.416s][debug][gc,phases      ] GC(26)     Dead                           Min: 0, Avg:  2.0, Max: 5, Diff: 5, Sum: 8, Workers: 4
[173.416s][debug][gc,phases      ] GC(26)     Total                          Min: 0, Avg: 22.8, Max: 64, Diff: 64, Sum: 91, Workers: 4
[173.416s][debug][gc,phases      ] GC(26)   JVMTI Tag Weak OopStorage      Min:  0.0, Avg:  0.0, Max:  0.0, Diff:  0.0, Sum:  0.0, Workers: 4
[173.416s][debug][gc,phases      ] GC(26)     Dead                           Min: 0, Avg:  0.0, Max: 0, Diff: 0, Sum: 0, Workers: 4
[173.416s][debug][gc,phases      ] GC(26)     Total                          Min: 0, Avg:  0.0, Max: 0, Diff: 0, Sum: 0, Workers: 4
[173.416s][debug][gc,phases      ] GC(26)   StringTable Weak               Min:  0.0, Avg:  0.1, Max:  0.1, Diff:  0.1, Sum:  0.4, Workers: 4
[173.416s][debug][gc,phases      ] GC(26)     Dead                           Min: 0, Avg:  0.5, Max: 1, Diff: 1, Sum: 2, Workers: 4
[173.416s][debug][gc,phases      ] GC(26)     Total                          Min: 0, Avg: 10839.2, Max: 15936, Diff: 15936, Sum: 43357, Workers: 4
[173.416s][debug][gc,phases      ] GC(26)   ResolvedMethodTable Weak       Min:  0.0, Avg:  0.0, Max:  0.0, Diff:  0.0, Sum:  0.1, Workers: 4
[173.416s][debug][gc,phases      ] GC(26)     Dead                           Min: 0, Avg:  0.5, Max: 1, Diff: 1, Sum: 2, Workers: 4
[173.416s][debug][gc,phases      ] GC(26)     Total                          Min: 0, Avg: 2403.2, Max: 3392, Diff: 3392, Sum: 9613, Workers: 4
[173.416s][debug][gc,phases      ] GC(26)   JNI Weak                       Min:  0.0, Avg:  0.0, Max:  0.0, Diff:  0.0, Sum:  0.0, Workers: 4
[173.416s][debug][gc,phases      ] GC(26)     Dead                           Min: 0, Avg:  0.0, Max: 0, Diff: 0, Sum: 0, Workers: 4
[173.416s][debug][gc,phases      ] GC(26)     Total                          Min: 0, Avg: 11.2, Max: 45, Diff: 45, Sum: 45, Workers: 4
[173.416s][debug][gc,phases      ] GC(26)   StringDedup Table Weak         Min:  0.0, Avg:  0.0, Max:  0.0, Diff:  0.0, Sum:  0.0, Workers: 4
[173.416s][debug][gc,phases      ] GC(26)     Dead                           Min: 0, Avg:  0.0, Max: 0, Diff: 0, Sum: 0, Workers: 4
[173.416s][debug][gc,phases      ] GC(26)     Total                          Min: 0, Avg:  0.0, Max: 0, Diff: 0, Sum: 0, Workers: 4
[173.416s][debug][gc,phases      ] GC(26)   StringDedup Requests0 Weak     Min:  0.0, Avg:  0.0, Max:  0.0, Diff:  0.0, Sum:  0.0, Workers: 4
[173.416s][debug][gc,phases      ] GC(26)     Dead                           Min: 0, Avg:  0.0, Max: 0, Diff: 0, Sum: 0, Workers: 4
[173.416s][debug][gc,phases      ] GC(26)     Total                          Min: 0, Avg:  0.0, Max: 0, Diff: 0, Sum: 0, Workers: 4
[173.416s][debug][gc,phases      ] GC(26)   StringDedup Requests1 Weak     Min:  0.0, Avg:  0.0, Max:  0.0, Diff:  0.0, Sum:  0.0, Workers: 4
[173.416s][debug][gc,phases      ] GC(26)     Dead                           Min: 0, Avg:  0.0, Max: 0, Diff: 0, Sum: 0, Workers: 4
[173.416s][debug][gc,phases      ] GC(26)     Total                          Min: 0, Avg:  0.0, Max: 0, Diff: 0, Sum: 0, Workers: 4
[173.416s][debug][gc,phases      ] GC(26)   Weak JFR Old Object Samples    Min:  0.0, Avg:  0.0, Max:  0.0, Diff:  0.0, Sum:  0.0, Workers: 4
[173.416s][debug][gc,phases      ] GC(26)     Dead                           Min: 0, Avg:  0.0, Max: 0, Diff: 0, Sum: 0, Workers: 4
[173.416s][debug][gc,phases      ] GC(26)     Total                          Min: 0, Avg:  0.0, Max: 0, Diff: 0, Sum: 0, Workers: 4
[173.416s][debug][gc,phases      ] GC(26) Weak Processing 0.362ms
[173.416s][debug][gc,age         ] GC(26) Desired survivor size 513802240 bytes, new threshold 3 (max threshold 15)
[173.416s][info ][gc,heap        ] GC(26) PSYoungGen: 1049600K(1573376K)->19664K(1573376K) Eden: 1049600K(1049600K)->0K(1049600K) From: 0K(523776K)->19664K(523776K)
[173.416s][info ][gc,heap        ] GC(26) ParOldGen: 474636K(662528K)->474644K(662528K)
[173.416s][info ][gc,metaspace   ] GC(26) Metaspace: 81294K(82368K)->81294K(82368K) NonClass: 69571K(70144K)->69571K(70144K) Class: 11722K(12224K)->11722K(12224K)
[173.416s][info ][gc             ] GC(26) Pause Young (Allocation Failure) 1488M->482M(2183M) 15.200ms
[173.416s][info ][gc,cpu         ] GC(26) User=0.04s Sys=0.00s Real=0.01s
[173.416s][info ][safepoint      ] Safepoint "ParallelGCFailedAllocation", Time since last: 119222617 ns, Reaching safepoint: 72905 ns, At safepoint: 15285192 ns, Total: 15358097 ns
[174.416s][info ][safepoint      ] Safepoint "Cleanup", Time since last: 1000083742 ns, Reaching safepoint: 65604 ns, At safepoint: 7801 ns, Total: 73405 ns
[175.417s][info ][safepoint      ] Safepoint "Cleanup", Time since last: 1000105243 ns, Reaching safepoint: 76605 ns, At safepoint: 3001 ns, Total: 79606 ns
[176.417s][info ][safepoint      ] Safepoint "Cleanup", Time since last: 1000118943 ns, Reaching safepoint: 56604 ns, At safepoint: 3600 ns, Total: 60204 ns
[177.417s][info ][safepoint      ] Safepoint "Cleanup", Time since last: 1000132645 ns, Reaching safepoint: 63804 ns, At safepoint: 3000 ns, Total: 66804 ns
[178.417s][info ][safepoint      ] Safepoint "Cleanup", Time since last: 1000107842 ns, Reaching safepoint: 37403 ns, At safepoint: 2800 ns, Total: 40203 ns
[179.417s][info ][safepoint      ] Safepoint "Cleanup", Time since last: 1000100441 ns, Reaching safepoint: 53904 ns, At safepoint: 3800 ns, Total: 57704 ns
[180.417s][info ][safepoint      ] Safepoint "Cleanup", Time since last: 1000126042 ns, Reaching safepoint: 62705 ns, At safepoint: 3600 ns, Total: 66305 ns
[181.418s][info ][safepoint      ] Safepoint "Cleanup", Time since last: 1000090139 ns, Reaching safepoint: 118309 ns, At safepoint: 3300 ns, Total: 121609 ns
[182.965s][info ][safepoint      ] Safepoint "Cleanup", Time since last: 1546785691 ns, Reaching safepoint: 131509 ns, At safepoint: 7201 ns, Total: 138710 ns
[183.919s][info ][gc,start       ] GC(27) Pause Young (Allocation Failure)
[183.947s][debug][gc,phases      ] GC(27) Scavenge 27.337ms
[183.947s][debug][gc,ref         ] GC(27) Skipped phase 1 of Reference Processing: no references
[183.947s][debug][gc,ref         ] GC(27) ReferenceProcessor::execute queues: 1, RefProcThreadModel::Single, marks_oops_alive: false
[183.947s][debug][gc,ref         ] GC(27) Skipped phase 3 of Reference Processing: no references
[183.947s][debug][gc,ref         ] GC(27) ReferenceProcessor::execute queues: 1, RefProcThreadModel::Single, marks_oops_alive: false
[183.947s][debug][gc,phases      ] GC(27) Reference Processing 0.094ms
[183.947s][debug][gc,phases      ] GC(27)   VM Weak                        Min:  0.0, Avg:  0.0, Max:  0.0, Diff:  0.0, Sum:  0.0, Workers: 4
[183.947s][debug][gc,phases      ] GC(27)     Dead                           Min: 0, Avg:  0.0, Max: 0, Diff: 0, Sum: 0, Workers: 4
[183.947s][debug][gc,phases      ] GC(27)     Total                          Min: 0, Avg: 220.0, Max: 560, Diff: 560, Sum: 880, Workers: 4
[183.947s][debug][gc,phases      ] GC(27)   ObjectSynchronizer Weak        Min:  0.0, Avg:  0.0, Max:  0.0, Diff:  0.0, Sum:  0.0, Workers: 4
[183.947s][debug][gc,phases      ] GC(27)     Dead                           Min: 0, Avg:  0.0, Max: 0, Diff: 0, Sum: 0, Workers: 4
[183.947s][debug][gc,phases      ] GC(27)     Total                          Min: 0, Avg: 22.8, Max: 64, Diff: 64, Sum: 91, Workers: 4
[183.947s][debug][gc,phases      ] GC(27)   JVMTI Tag Weak OopStorage      Min:  0.0, Avg:  0.0, Max:  0.0, Diff:  0.0, Sum:  0.0, Workers: 4
[183.947s][debug][gc,phases      ] GC(27)     Dead                           Min: 0, Avg:  0.0, Max: 0, Diff: 0, Sum: 0, Workers: 4
[183.947s][debug][gc,phases      ] GC(27)     Total                          Min: 0, Avg:  0.0, Max: 0, Diff: 0, Sum: 0, Workers: 4
[183.947s][debug][gc,phases      ] GC(27)   StringTable Weak               Min:  0.0, Avg:  0.1, Max:  0.2, Diff:  0.2, Sum:  0.4, Workers: 4
[183.947s][debug][gc,phases      ] GC(27)     Dead                           Min: 0, Avg:  0.0, Max: 0, Diff: 0, Sum: 0, Workers: 4
[183.947s][debug][gc,phases      ] GC(27)     Total                          Min: 0, Avg: 10846.8, Max: 23611, Diff: 23611, Sum: 43387, Workers: 4
[183.947s][debug][gc,phases      ] GC(27)   ResolvedMethodTable Weak       Min:  0.0, Avg:  0.0, Max:  0.0, Diff:  0.0, Sum:  0.1, Workers: 4
[183.947s][debug][gc,phases      ] GC(27)     Dead                           Min: 0, Avg:  0.0, Max: 0, Diff: 0, Sum: 0, Workers: 4
[183.947s][debug][gc,phases      ] GC(27)     Total                          Min: 0, Avg: 2404.8, Max: 5075, Diff: 5075, Sum: 9619, Workers: 4
[183.947s][debug][gc,phases      ] GC(27)   JNI Weak                       Min:  0.0, Avg:  0.0, Max:  0.0, Diff:  0.0, Sum:  0.0, Workers: 4
[183.947s][debug][gc,phases      ] GC(27)     Dead                           Min: 0, Avg:  0.0, Max: 0, Diff: 0, Sum: 0, Workers: 4
[183.947s][debug][gc,phases      ] GC(27)     Total                          Min: 0, Avg: 11.5, Max: 46, Diff: 46, Sum: 46, Workers: 4
[183.947s][debug][gc,phases      ] GC(27)   StringDedup Table Weak         Min:  0.0, Avg:  0.0, Max:  0.0, Diff:  0.0, Sum:  0.0, Workers: 4
[183.947s][debug][gc,phases      ] GC(27)     Dead                           Min: 0, Avg:  0.0, Max: 0, Diff: 0, Sum: 0, Workers: 4
[183.947s][debug][gc,phases      ] GC(27)     Total                          Min: 0, Avg:  0.0, Max: 0, Diff: 0, Sum: 0, Workers: 4
[183.947s][debug][gc,phases      ] GC(27)   StringDedup Requests0 Weak     Min:  0.0, Avg:  0.0, Max:  0.0, Diff:  0.0, Sum:  0.0, Workers: 4
[183.947s][debug][gc,phases      ] GC(27)     Dead                           Min: 0, Avg:  0.0, Max: 0, Diff: 0, Sum: 0, Workers: 4
[183.947s][debug][gc,phases      ] GC(27)     Total                          Min: 0, Avg:  0.0, Max: 0, Diff: 0, Sum: 0, Workers: 4
[183.947s][debug][gc,phases      ] GC(27)   StringDedup Requests1 Weak     Min:  0.0, Avg:  0.0, Max:  0.0, Diff:  0.0, Sum:  0.0, Workers: 4
[183.947s][debug][gc,phases      ] GC(27)     Dead                           Min: 0, Avg:  0.0, Max: 0, Diff: 0, Sum: 0, Workers: 4
[183.947s][debug][gc,phases      ] GC(27)     Total                          Min: 0, Avg:  0.0, Max: 0, Diff: 0, Sum: 0, Workers: 4
[183.947s][debug][gc,phases      ] GC(27)   Weak JFR Old Object Samples    Min:  0.0, Avg:  0.0, Max:  0.0, Diff:  0.0, Sum:  0.0, Workers: 4
[183.947s][debug][gc,phases      ] GC(27)     Dead                           Min: 0, Avg:  0.0, Max: 0, Diff: 0, Sum: 0, Workers: 4
[183.947s][debug][gc,phases      ] GC(27)     Total                          Min: 0, Avg:  0.0, Max: 0, Diff: 0, Sum: 0, Workers: 4
[183.947s][debug][gc,phases      ] GC(27) Weak Processing 0.447ms
[183.947s][debug][gc,age         ] GC(27) Desired survivor size 486014976 bytes, new threshold 4 (max threshold 15)
[183.947s][info ][gc,heap        ] GC(27) PSYoungGen: 1069264K(1573376K)->45936K(1622528K) Eden: 1049600K(1049600K)->0K(1120768K) From: 19664K(523776K)->45936K(501760K)
[183.947s][info ][gc,heap        ] GC(27) ParOldGen: 474644K(662528K)->474652K(662528K)
[183.947s][info ][gc,metaspace   ] GC(27) Metaspace: 81349K(82432K)->81349K(82432K) NonClass: 69623K(70208K)->69623K(70208K) Class: 11725K(12224K)->11725K(12224K)
[183.947s][info ][gc             ] GC(27) Pause Young (Allocation Failure) 1507M->508M(2231M) 28.008ms
[183.947s][info ][gc,cpu         ] GC(27) User=0.06s Sys=0.01s Real=0.02s
[183.947s][info ][safepoint      ] Safepoint "ParallelGCFailedAllocation", Time since last: 954527883 ns, Reaching safepoint: 162712 ns, At safepoint: 28088106 ns, Total: 28250818 ns
[184.948s][info ][safepoint      ] Safepoint "Cleanup", Time since last: 1000099239 ns, Reaching safepoint: 178912 ns, At safepoint: 7701 ns, Total: 186613 ns
[185.948s][info ][safepoint      ] Safepoint "Cleanup", Time since last: 1000139841 ns, Reaching safepoint: 158211 ns, At safepoint: 6301 ns, Total: 164512 ns
[186.667s][info ][gc,start       ] GC(28) Pause Young (Allocation Failure)
[186.691s][debug][gc,phases      ] GC(28) Scavenge 23.851ms
[186.691s][debug][gc,ref         ] GC(28) Skipped phase 1 of Reference Processing: no references
[186.692s][debug][gc,ref         ] GC(28) ReferenceProcessor::execute queues: 1, RefProcThreadModel::Single, marks_oops_alive: false
[186.692s][debug][gc,ref         ] GC(28) Skipped phase 3 of Reference Processing: no references
[186.692s][debug][gc,ref         ] GC(28) ReferenceProcessor::execute queues: 1, RefProcThreadModel::Single, marks_oops_alive: false
[186.692s][debug][gc,phases      ] GC(28) Reference Processing 0.114ms
[186.692s][debug][gc,phases      ] GC(28)   VM Weak                        Min:  0.0, Avg:  0.0, Max:  0.0, Diff:  0.0, Sum:  0.0, Workers: 4
[186.692s][debug][gc,phases      ] GC(28)     Dead                           Min: 0, Avg:  0.0, Max: 0, Diff: 0, Sum: 0, Workers: 4
[186.692s][debug][gc,phases      ] GC(28)     Total                          Min: 0, Avg: 220.5, Max: 640, Diff: 640, Sum: 882, Workers: 4
[186.692s][debug][gc,phases      ] GC(28)   ObjectSynchronizer Weak        Min:  0.0, Avg:  0.0, Max:  0.0, Diff:  0.0, Sum:  0.0, Workers: 4
[186.692s][debug][gc,phases      ] GC(28)     Dead                           Min: 0, Avg:  0.0, Max: 0, Diff: 0, Sum: 0, Workers: 4
[186.692s][debug][gc,phases      ] GC(28)     Total                          Min: 0, Avg: 22.8, Max: 64, Diff: 64, Sum: 91, Workers: 4
[186.692s][debug][gc,phases      ] GC(28)   JVMTI Tag Weak OopStorage      Min:  0.0, Avg:  0.0, Max:  0.0, Diff:  0.0, Sum:  0.0, Workers: 4
[186.692s][debug][gc,phases      ] GC(28)     Dead                           Min: 0, Avg:  0.0, Max: 0, Diff: 0, Sum: 0, Workers: 4
[186.692s][debug][gc,phases      ] GC(28)     Total                          Min: 0, Avg:  0.0, Max: 0, Diff: 0, Sum: 0, Workers: 4
[186.692s][debug][gc,phases      ] GC(28)   StringTable Weak               Min:  0.0, Avg:  0.1, Max:  0.1, Diff:  0.1, Sum:  0.4, Workers: 4
[186.692s][debug][gc,phases      ] GC(28)     Dead                           Min: 0, Avg:  0.0, Max: 0, Diff: 0, Sum: 0, Workers: 4
[186.692s][debug][gc,phases      ] GC(28)     Total                          Min: 0, Avg: 10849.0, Max: 14848, Diff: 14848, Sum: 43396, Workers: 4
[186.692s][debug][gc,phases      ] GC(28)   ResolvedMethodTable Weak       Min:  0.0, Avg:  0.0, Max:  0.0, Diff:  0.0, Sum:  0.1, Workers: 4
[186.692s][debug][gc,phases      ] GC(28)     Dead                           Min: 0, Avg:  0.0, Max: 0, Diff: 0, Sum: 0, Workers: 4
[186.692s][debug][gc,phases      ] GC(28)     Total                          Min: 0, Avg: 2407.2, Max: 3229, Diff: 3229, Sum: 9629, Workers: 4
[186.692s][debug][gc,phases      ] GC(28)   JNI Weak                       Min:  0.0, Avg:  0.0, Max:  0.0, Diff:  0.0, Sum:  0.0, Workers: 4
[186.692s][debug][gc,phases      ] GC(28)     Dead                           Min: 0, Avg:  0.0, Max: 0, Diff: 0, Sum: 0, Workers: 4
[186.692s][debug][gc,phases      ] GC(28)     Total                          Min: 0, Avg: 11.2, Max: 45, Diff: 45, Sum: 45, Workers: 4
[186.692s][debug][gc,phases      ] GC(28)   StringDedup Table Weak         Min:  0.0, Avg:  0.0, Max:  0.0, Diff:  0.0, Sum:  0.0, Workers: 4
[186.692s][debug][gc,phases      ] GC(28)     Dead                           Min: 0, Avg:  0.0, Max: 0, Diff: 0, Sum: 0, Workers: 4
[186.692s][debug][gc,phases      ] GC(28)     Total                          Min: 0, Avg:  0.0, Max: 0, Diff: 0, Sum: 0, Workers: 4
[186.692s][debug][gc,phases      ] GC(28)   StringDedup Requests0 Weak     Min:  0.0, Avg:  0.0, Max:  0.0, Diff:  0.0, Sum:  0.0, Workers: 4
[186.692s][debug][gc,phases      ] GC(28)     Dead                           Min: 0, Avg:  0.0, Max: 0, Diff: 0, Sum: 0, Workers: 4
[186.692s][debug][gc,phases      ] GC(28)     Total                          Min: 0, Avg:  0.0, Max: 0, Diff: 0, Sum: 0, Workers: 4
[186.692s][debug][gc,phases      ] GC(28)   StringDedup Requests1 Weak     Min:  0.0, Avg:  0.0, Max:  0.0, Diff:  0.0, Sum:  0.0, Workers: 4
[186.692s][debug][gc,phases      ] GC(28)     Dead                           Min: 0, Avg:  0.0, Max: 0, Diff: 0, Sum: 0, Workers: 4
[186.692s][debug][gc,phases      ] GC(28)     Total                          Min: 0, Avg:  0.0, Max: 0, Diff: 0, Sum: 0, Workers: 4
[186.692s][debug][gc,phases      ] GC(28)   Weak JFR Old Object Samples    Min:  0.0, Avg:  0.0, Max:  0.0, Diff:  0.0, Sum:  0.0, Workers: 4
[186.692s][debug][gc,phases      ] GC(28)     Dead                           Min: 0, Avg:  0.0, Max: 0, Diff: 0, Sum: 0, Workers: 4
[186.692s][debug][gc,phases      ] GC(28)     Total                          Min: 0, Avg:  0.0, Max: 0, Diff: 0, Sum: 0, Workers: 4
[186.692s][debug][gc,phases      ] GC(28) Weak Processing 0.378ms
[186.692s][debug][gc,age         ] GC(28) Desired survivor size 458227712 bytes, new threshold 5 (max threshold 15)
[186.692s][info ][gc,heap        ] GC(28) PSYoungGen: 1166704K(1622528K)->52224K(1595392K) Eden: 1120768K(1120768K)->0K(1120768K) From: 45936K(501760K)->52224K(474624K)
[186.692s][info ][gc,heap        ] GC(28) ParOldGen: 474652K(662528K)->474652K(662528K)
[186.692s][info ][gc,metaspace   ] GC(28) Metaspace: 81398K(82432K)->81398K(82432K) NonClass: 69667K(70208K)->69667K(70208K) Class: 11731K(12224K)->11731K(12224K)
[186.692s][info ][gc             ] GC(28) Pause Young (Allocation Failure) 1602M->514M(2205M) 24.491ms
[186.692s][info ][gc,cpu         ] GC(28) User=0.06s Sys=0.00s Real=0.03s
[186.692s][info ][safepoint      ] Safepoint "ParallelGCFailedAllocation", Time since last: 719422288 ns, Reaching safepoint: 66905 ns, At safepoint: 24585356 ns, Total: 24652261 ns
[187.692s][info ][safepoint      ] Safepoint "Cleanup", Time since last: 1000096937 ns, Reaching safepoint: 75006 ns, At safepoint: 6200 ns, Total: 81206 ns
[188.692s][info ][safepoint      ] Safepoint "Cleanup", Time since last: 1000116938 ns, Reaching safepoint: 61705 ns, At safepoint: 4100 ns, Total: 65805 ns
[189.693s][info ][safepoint      ] Safepoint "Cleanup", Time since last: 1000121138 ns, Reaching safepoint: 76605 ns, At safepoint: 6001 ns, Total: 82606 ns
[190.695s][info ][safepoint      ] Safepoint "Cleanup", Time since last: 1000115537 ns, Reaching safepoint: 2159754 ns, At safepoint: 12601 ns, Total: 2172355 ns
[191.551s][info ][gc,start       ] GC(29) Pause Young (Allocation Failure)
[191.580s][debug][gc,phases      ] GC(29) Scavenge 29.060ms
[191.580s][debug][gc,ref         ] GC(29) Skipped phase 1 of Reference Processing: no references
[191.580s][debug][gc,ref         ] GC(29) ReferenceProcessor::execute queues: 1, RefProcThreadModel::Single, marks_oops_alive: false
[191.580s][debug][gc,ref         ] GC(29) Skipped phase 3 of Reference Processing: no references
[191.580s][debug][gc,ref         ] GC(29) ReferenceProcessor::execute queues: 1, RefProcThreadModel::Single, marks_oops_alive: false
[191.580s][debug][gc,phases      ] GC(29) Reference Processing 0.131ms
[191.580s][debug][gc,phases      ] GC(29)   VM Weak                        Min:  0.0, Avg:  0.0, Max:  0.0, Diff:  0.0, Sum:  0.0, Workers: 4
[191.580s][debug][gc,phases      ] GC(29)     Dead                           Min: 0, Avg:  0.0, Max: 0, Diff: 0, Sum: 0, Workers: 4
[191.580s][debug][gc,phases      ] GC(29)     Total                          Min: 0, Avg: 220.5, Max: 434, Diff: 434, Sum: 882, Workers: 4
[191.580s][debug][gc,phases      ] GC(29)   ObjectSynchronizer Weak        Min:  0.0, Avg:  0.0, Max:  0.0, Diff:  0.0, Sum:  0.0, Workers: 4
[191.580s][debug][gc,phases      ] GC(29)     Dead                           Min: 0, Avg:  0.0, Max: 0, Diff: 0, Sum: 0, Workers: 4
[191.580s][debug][gc,phases      ] GC(29)     Total                          Min: 0, Avg: 22.8, Max: 64, Diff: 64, Sum: 91, Workers: 4
[191.580s][debug][gc,phases      ] GC(29)   JVMTI Tag Weak OopStorage      Min:  0.0, Avg:  0.0, Max:  0.0, Diff:  0.0, Sum:  0.0, Workers: 4
[191.580s][debug][gc,phases      ] GC(29)     Dead                           Min: 0, Avg:  0.0, Max: 0, Diff: 0, Sum: 0, Workers: 4
[191.580s][debug][gc,phases      ] GC(29)     Total                          Min: 0, Avg:  0.0, Max: 0, Diff: 0, Sum: 0, Workers: 4
[191.581s][debug][gc,phases      ] GC(29)   StringTable Weak               Min:  0.0, Avg:  0.1, Max:  0.2, Diff:  0.2, Sum:  0.4, Workers: 4
[191.581s][debug][gc,phases      ] GC(29)     Dead                           Min: 0, Avg:  0.0, Max: 0, Diff: 0, Sum: 0, Workers: 4
[191.581s][debug][gc,phases      ] GC(29)     Total                          Min: 0, Avg: 10853.0, Max: 14720, Diff: 14720, Sum: 43412, Workers: 4
[191.581s][debug][gc,phases      ] GC(29)   ResolvedMethodTable Weak       Min:  0.0, Avg:  0.0, Max:  0.0, Diff:  0.0, Sum:  0.1, Workers: 4
[191.581s][debug][gc,phases      ] GC(29)     Dead                           Min: 0, Avg:  0.0, Max: 0, Diff: 0, Sum: 0, Workers: 4
[191.581s][debug][gc,phases      ] GC(29)     Total                          Min: 0, Avg: 2407.2, Max: 3712, Diff: 3712, Sum: 9629, Workers: 4
[191.581s][debug][gc,phases      ] GC(29)   JNI Weak                       Min:  0.0, Avg:  0.0, Max:  0.0, Diff:  0.0, Sum:  0.0, Workers: 4
[191.581s][debug][gc,phases      ] GC(29)     Dead                           Min: 0, Avg:  0.0, Max: 0, Diff: 0, Sum: 0, Workers: 4
[191.581s][debug][gc,phases      ] GC(29)     Total                          Min: 0, Avg: 11.2, Max: 45, Diff: 45, Sum: 45, Workers: 4
[191.581s][debug][gc,phases      ] GC(29)   StringDedup Table Weak         Min:  0.0, Avg:  0.0, Max:  0.0, Diff:  0.0, Sum:  0.0, Workers: 4
[191.581s][debug][gc,phases      ] GC(29)     Dead                           Min: 0, Avg:  0.0, Max: 0, Diff: 0, Sum: 0, Workers: 4
[191.581s][debug][gc,phases      ] GC(29)     Total                          Min: 0, Avg:  0.0, Max: 0, Diff: 0, Sum: 0, Workers: 4
[191.581s][debug][gc,phases      ] GC(29)   StringDedup Requests0 Weak     Min:  0.0, Avg:  0.0, Max:  0.0, Diff:  0.0, Sum:  0.0, Workers: 4
[191.581s][debug][gc,phases      ] GC(29)     Dead                           Min: 0, Avg:  0.0, Max: 0, Diff: 0, Sum: 0, Workers: 4
[191.581s][debug][gc,phases      ] GC(29)     Total                          Min: 0, Avg:  0.0, Max: 0, Diff: 0, Sum: 0, Workers: 4
[191.581s][debug][gc,phases      ] GC(29)   StringDedup Requests1 Weak     Min:  0.0, Avg:  0.0, Max:  0.0, Diff:  0.0, Sum:  0.0, Workers: 4
[191.581s][debug][gc,phases      ] GC(29)     Dead                           Min: 0, Avg:  0.0, Max: 0, Diff: 0, Sum: 0, Workers: 4
[191.581s][debug][gc,phases      ] GC(29)     Total                          Min: 0, Avg:  0.0, Max: 0, Diff: 0, Sum: 0, Workers: 4
[191.581s][debug][gc,phases      ] GC(29)   Weak JFR Old Object Samples    Min:  0.0, Avg:  0.0, Max:  0.0, Diff:  0.0, Sum:  0.0, Workers: 4
[191.581s][debug][gc,phases      ] GC(29)     Dead                           Min: 0, Avg:  0.0, Max: 0, Diff: 0, Sum: 0, Workers: 4
[191.581s][debug][gc,phases      ] GC(29)     Total                          Min: 0, Avg:  0.0, Max: 0, Diff: 0, Sum: 0, Workers: 4
[191.581s][debug][gc,phases      ] GC(29) Weak Processing 0.423ms
[191.581s][debug][gc,age         ] GC(29) Desired survivor size 428343296 bytes, new threshold 6 (max threshold 15)
[191.581s][info ][gc,heap        ] GC(29) PSYoungGen: 1172992K(1595392K)->69840K(1678848K) Eden: 1120768K(1120768K)->0K(1231360K) From: 52224K(474624K)->69840K(447488K)
[191.581s][info ][gc,heap        ] GC(29) ParOldGen: 474652K(662528K)->474660K(662528K)
[191.581s][info ][gc,metaspace   ] GC(29) Metaspace: 81419K(82496K)->81419K(82496K) NonClass: 69688K(70272K)->69688K(70272K) Class: 11731K(12224K)->11731K(12224K)
[191.581s][info ][gc             ] GC(29) Pause Young (Allocation Failure) 1609M->531M(2286M) 29.775ms
[191.581s][info ][gc,cpu         ] GC(29) User=0.09s Sys=0.00s Real=0.03s
[191.581s][info ][safepoint      ] Safepoint "ParallelGCFailedAllocation", Time since last: 855804429 ns, Reaching safepoint: 185213 ns, At safepoint: 29885735 ns, Total: 30070948 ns
[192.581s][info ][safepoint      ] Safepoint "Cleanup", Time since last: 1000092534 ns, Reaching safepoint: 76806 ns, At safepoint: 2900 ns, Total: 79706 ns
[193.917s][info ][safepoint      ] Safepoint "Cleanup", Time since last: 1335825415 ns, Reaching safepoint: 669848 ns, At safepoint: 9000 ns, Total: 678848 ns
[195.488s][info ][gc,start       ] GC(30) Pause Young (Allocation Failure)
[195.523s][debug][gc,phases      ] GC(30) Scavenge 34.983ms
[195.523s][debug][gc,ref         ] GC(30) Skipped phase 1 of Reference Processing: no references
[195.523s][debug][gc,ref         ] GC(30) ReferenceProcessor::execute queues: 1, RefProcThreadModel::Single, marks_oops_alive: false
[195.523s][debug][gc,ref         ] GC(30) Skipped phase 3 of Reference Processing: no references
[195.523s][debug][gc,ref         ] GC(30) ReferenceProcessor::execute queues: 1, RefProcThreadModel::Single, marks_oops_alive: false
[195.523s][debug][gc,phases      ] GC(30) Reference Processing 0.105ms
[195.523s][debug][gc,phases      ] GC(30)   VM Weak                        Min:  0.0, Avg:  0.0, Max:  0.0, Diff:  0.0, Sum:  0.0, Workers: 4
[195.523s][debug][gc,phases      ] GC(30)     Dead                           Min: 0, Avg:  0.0, Max: 0, Diff: 0, Sum: 0, Workers: 4
[195.523s][debug][gc,phases      ] GC(30)     Total                          Min: 0, Avg: 220.5, Max: 882, Diff: 882, Sum: 882, Workers: 4
[195.523s][debug][gc,phases      ] GC(30)   ObjectSynchronizer Weak        Min:  0.0, Avg:  0.0, Max:  0.0, Diff:  0.0, Sum:  0.0, Workers: 4
[195.523s][debug][gc,phases      ] GC(30)     Dead                           Min: 0, Avg:  0.0, Max: 0, Diff: 0, Sum: 0, Workers: 4
[195.523s][debug][gc,phases      ] GC(30)     Total                          Min: 0, Avg: 22.8, Max: 64, Diff: 64, Sum: 91, Workers: 4
[195.523s][debug][gc,phases      ] GC(30)   JVMTI Tag Weak OopStorage      Min:  0.0, Avg:  0.0, Max:  0.0, Diff:  0.0, Sum:  0.0, Workers: 4
[195.523s][debug][gc,phases      ] GC(30)     Dead                           Min: 0, Avg:  0.0, Max: 0, Diff: 0, Sum: 0, Workers: 4
[195.523s][debug][gc,phases      ] GC(30)     Total                          Min: 0, Avg:  0.0, Max: 0, Diff: 0, Sum: 0, Workers: 4
[195.523s][debug][gc,phases      ] GC(30)   StringTable Weak               Min:  0.0, Avg:  0.1, Max:  0.2, Diff:  0.2, Sum:  0.4, Workers: 4
[195.523s][debug][gc,phases      ] GC(30)     Dead                           Min: 0, Avg:  0.0, Max: 0, Diff: 0, Sum: 0, Workers: 4
[195.523s][debug][gc,phases      ] GC(30)     Total                          Min: 0, Avg: 10858.8, Max: 21888, Diff: 21888, Sum: 43435, Workers: 4
[195.523s][debug][gc,phases      ] GC(30)   ResolvedMethodTable Weak       Min:  0.0, Avg:  0.0, Max:  0.0, Diff:  0.0, Sum:  0.1, Workers: 4
[195.523s][debug][gc,phases      ] GC(30)     Dead                           Min: 0, Avg:  0.0, Max: 0, Diff: 0, Sum: 0, Workers: 4
[195.523s][debug][gc,phases      ] GC(30)     Total                          Min: 0, Avg: 2407.2, Max: 4957, Diff: 4957, Sum: 9629, Workers: 4
[195.523s][debug][gc,phases      ] GC(30)   JNI Weak                       Min:  0.0, Avg:  0.0, Max:  0.0, Diff:  0.0, Sum:  0.0, Workers: 4
[195.523s][debug][gc,phases      ] GC(30)     Dead                           Min: 0, Avg:  0.0, Max: 0, Diff: 0, Sum: 0, Workers: 4
[195.523s][debug][gc,phases      ] GC(30)     Total                          Min: 0, Avg: 11.2, Max: 45, Diff: 45, Sum: 45, Workers: 4
[195.523s][debug][gc,phases      ] GC(30)   StringDedup Table Weak         Min:  0.0, Avg:  0.0, Max:  0.0, Diff:  0.0, Sum:  0.0, Workers: 4
[195.523s][debug][gc,phases      ] GC(30)     Dead                           Min: 0, Avg:  0.0, Max: 0, Diff: 0, Sum: 0, Workers: 4
[195.523s][debug][gc,phases      ] GC(30)     Total                          Min: 0, Avg:  0.0, Max: 0, Diff: 0, Sum: 0, Workers: 4
[195.523s][debug][gc,phases      ] GC(30)   StringDedup Requests0 Weak     Min:  0.0, Avg:  0.0, Max:  0.0, Diff:  0.0, Sum:  0.0, Workers: 4
[195.523s][debug][gc,phases      ] GC(30)     Dead                           Min: 0, Avg:  0.0, Max: 0, Diff: 0, Sum: 0, Workers: 4
[195.523s][debug][gc,phases      ] GC(30)     Total                          Min: 0, Avg:  0.0, Max: 0, Diff: 0, Sum: 0, Workers: 4
[195.523s][debug][gc,phases      ] GC(30)   StringDedup Requests1 Weak     Min:  0.0, Avg:  0.0, Max:  0.0, Diff:  0.0, Sum:  0.0, Workers: 4
[195.523s][debug][gc,phases      ] GC(30)     Dead                           Min: 0, Avg:  0.0, Max: 0, Diff: 0, Sum: 0, Workers: 4
[195.523s][debug][gc,phases      ] GC(30)     Total                          Min: 0, Avg:  0.0, Max: 0, Diff: 0, Sum: 0, Workers: 4
[195.523s][debug][gc,phases      ] GC(30)   Weak JFR Old Object Samples    Min:  0.0, Avg:  0.0, Max:  0.0, Diff:  0.0, Sum:  0.0, Workers: 4
[195.523s][debug][gc,phases      ] GC(30)     Dead                           Min: 0, Avg:  0.0, Max: 0, Diff: 0, Sum: 0, Workers: 4
[195.523s][debug][gc,phases      ] GC(30)     Total                          Min: 0, Avg:  0.0, Max: 0, Diff: 0, Sum: 0, Workers: 4
[195.523s][debug][gc,phases      ] GC(30) Weak Processing 0.450ms
[195.523s][debug][gc,age         ] GC(30) Desired survivor size 396886016 bytes, new threshold 7 (max threshold 15)
[195.523s][info ][gc,heap        ] GC(30) PSYoungGen: 1301200K(1678848K)->91096K(1649664K) Eden: 1231360K(1231360K)->0K(1231360K) From: 69840K(447488K)->91096K(418304K)
[195.523s][info ][gc,heap        ] GC(30) ParOldGen: 474660K(662528K)->474660K(662528K)
[195.523s][info ][gc,metaspace   ] GC(30) Metaspace: 81448K(82496K)->81448K(82496K) NonClass: 69717K(70272K)->69717K(70272K) Class: 11731K(12224K)->11731K(12224K)
[195.523s][info ][gc             ] GC(30) Pause Young (Allocation Failure) 1734M->552M(2258M) 35.673ms
[195.523s][info ][gc,cpu         ] GC(30) User=0.10s Sys=0.01s Real=0.04s
[195.523s][info ][safepoint      ] Safepoint "ParallelGCFailedAllocation", Time since last: 1570088947 ns, Reaching safepoint: 93207 ns, At safepoint: 35755853 ns, Total: 35849060 ns
[196.524s][info ][safepoint      ] Safepoint "Cleanup", Time since last: 1000095634 ns, Reaching safepoint: 44703 ns, At safepoint: 3400 ns, Total: 48103 ns
[197.524s][info ][safepoint      ] Safepoint "Cleanup", Time since last: 1000104033 ns, Reaching safepoint: 62205 ns, At safepoint: 8100 ns, Total: 70305 ns
[198.524s][info ][safepoint      ] Safepoint "Cleanup", Time since last: 1000113734 ns, Reaching safepoint: 183613 ns, At safepoint: 9301 ns, Total: 192914 ns
[199.524s][info ][safepoint      ] Safepoint "Cleanup", Time since last: 1000109733 ns, Reaching safepoint: 110608 ns, At safepoint: 7600 ns, Total: 118208 ns
[199.864s][info ][gc,start       ] GC(31) Pause Young (Allocation Failure)
[199.907s][debug][gc,phases      ] GC(31) Scavenge 42.289ms
[199.907s][debug][gc,ref         ] GC(31) Skipped phase 1 of Reference Processing: no references
[199.907s][debug][gc,ref         ] GC(31) ReferenceProcessor::execute queues: 1, RefProcThreadModel::Single, marks_oops_alive: false
[199.907s][debug][gc,ref         ] GC(31) Skipped phase 3 of Reference Processing: no references
[199.907s][debug][gc,ref         ] GC(31) ReferenceProcessor::execute queues: 1, RefProcThreadModel::Single, marks_oops_alive: false
[199.907s][debug][gc,phases      ] GC(31) Reference Processing 0.111ms
[199.907s][debug][gc,phases      ] GC(31)   VM Weak                        Min:  0.0, Avg:  0.0, Max:  0.0, Diff:  0.0, Sum:  0.0, Workers: 4
[199.907s][debug][gc,phases      ] GC(31)     Dead                           Min: 0, Avg:  0.0, Max: 0, Diff: 0, Sum: 0, Workers: 4
[199.907s][debug][gc,phases      ] GC(31)     Total                          Min: 0, Avg: 220.5, Max: 818, Diff: 818, Sum: 882, Workers: 4
[199.907s][debug][gc,phases      ] GC(31)   ObjectSynchronizer Weak        Min:  0.0, Avg:  0.0, Max:  0.0, Diff:  0.0, Sum:  0.0, Workers: 4
[199.907s][debug][gc,phases      ] GC(31)     Dead                           Min: 0, Avg:  0.0, Max: 0, Diff: 0, Sum: 0, Workers: 4
[199.907s][debug][gc,phases      ] GC(31)     Total                          Min: 0, Avg: 22.8, Max: 64, Diff: 64, Sum: 91, Workers: 4
[199.907s][debug][gc,phases      ] GC(31)   JVMTI Tag Weak OopStorage      Min:  0.0, Avg:  0.0, Max:  0.0, Diff:  0.0, Sum:  0.0, Workers: 4
[199.907s][debug][gc,phases      ] GC(31)     Dead                           Min: 0, Avg:  0.0, Max: 0, Diff: 0, Sum: 0, Workers: 4
[199.907s][debug][gc,phases      ] GC(31)     Total                          Min: 0, Avg:  0.0, Max: 0, Diff: 0, Sum: 0, Workers: 4
[199.907s][debug][gc,phases      ] GC(31)   StringTable Weak               Min:  0.0, Avg:  0.1, Max:  0.2, Diff:  0.2, Sum:  0.4, Workers: 4
[199.907s][debug][gc,phases      ] GC(31)     Dead                           Min: 0, Avg:  0.0, Max: 0, Diff: 0, Sum: 0, Workers: 4
[199.907s][debug][gc,phases      ] GC(31)     Total                          Min: 0, Avg: 10859.5, Max: 22656, Diff: 22656, Sum: 43438, Workers: 4
[199.907s][debug][gc,phases      ] GC(31)   ResolvedMethodTable Weak       Min:  0.0, Avg:  0.0, Max:  0.0, Diff:  0.0, Sum:  0.1, Workers: 4
[199.907s][debug][gc,phases      ] GC(31)     Dead                           Min: 0, Avg:  0.0, Max: 0, Diff: 0, Sum: 0, Workers: 4
[199.907s][debug][gc,phases      ] GC(31)     Total                          Min: 0, Avg: 2407.2, Max: 5312, Diff: 5312, Sum: 9629, Workers: 4
[199.907s][debug][gc,phases      ] GC(31)   JNI Weak                       Min:  0.0, Avg:  0.0, Max:  0.0, Diff:  0.0, Sum:  0.0, Workers: 4
[199.907s][debug][gc,phases      ] GC(31)     Dead                           Min: 0, Avg:  0.0, Max: 0, Diff: 0, Sum: 0, Workers: 4
[199.907s][debug][gc,phases      ] GC(31)     Total                          Min: 0, Avg: 11.2, Max: 45, Diff: 45, Sum: 45, Workers: 4
[199.907s][debug][gc,phases      ] GC(31)   StringDedup Table Weak         Min:  0.0, Avg:  0.0, Max:  0.0, Diff:  0.0, Sum:  0.0, Workers: 4
[199.907s][debug][gc,phases      ] GC(31)     Dead                           Min: 0, Avg:  0.0, Max: 0, Diff: 0, Sum: 0, Workers: 4
[199.907s][debug][gc,phases      ] GC(31)     Total                          Min: 0, Avg:  0.0, Max: 0, Diff: 0, Sum: 0, Workers: 4
[199.907s][debug][gc,phases      ] GC(31)   StringDedup Requests0 Weak     Min:  0.0, Avg:  0.0, Max:  0.0, Diff:  0.0, Sum:  0.0, Workers: 4
[199.907s][debug][gc,phases      ] GC(31)     Dead                           Min: 0, Avg:  0.0, Max: 0, Diff: 0, Sum: 0, Workers: 4
[199.907s][debug][gc,phases      ] GC(31)     Total                          Min: 0, Avg:  0.0, Max: 0, Diff: 0, Sum: 0, Workers: 4
[199.907s][debug][gc,phases      ] GC(31)   StringDedup Requests1 Weak     Min:  0.0, Avg:  0.0, Max:  0.0, Diff:  0.0, Sum:  0.0, Workers: 4
[199.907s][debug][gc,phases      ] GC(31)     Dead                           Min: 0, Avg:  0.0, Max: 0, Diff: 0, Sum: 0, Workers: 4
[199.907s][debug][gc,phases      ] GC(31)     Total                          Min: 0, Avg:  0.0, Max: 0, Diff: 0, Sum: 0, Workers: 4
[199.907s][debug][gc,phases      ] GC(31)   Weak JFR Old Object Samples    Min:  0.0, Avg:  0.0, Max:  0.0, Diff:  0.0, Sum:  0.0, Workers: 4
[199.907s][debug][gc,phases      ] GC(31)     Dead                           Min: 0, Avg:  0.0, Max: 0, Diff: 0, Sum: 0, Workers: 4
[199.907s][debug][gc,phases      ] GC(31)     Total                          Min: 0, Avg:  0.0, Max: 0, Diff: 0, Sum: 0, Workers: 4
[199.907s][debug][gc,phases      ] GC(31) Weak Processing 0.465ms
[199.907s][debug][gc,age         ] GC(31) Desired survivor size 371195904 bytes, new threshold 8 (max threshold 15)
[199.907s][info ][gc,heap        ] GC(31) PSYoungGen: 1322456K(1649664K)->108200K(1734656K) Eden: 1231360K(1231360K)->0K(1347072K) From: 91096K(418304K)->108200K(387584K)
[199.907s][info ][gc,heap        ] GC(31) ParOldGen: 474660K(662528K)->474660K(662528K)
[199.907s][info ][gc,metaspace   ] GC(31) Metaspace: 81477K(82560K)->81477K(82560K) NonClass: 69746K(70336K)->69746K(70336K) Class: 11731K(12224K)->11731K(12224K)
[199.907s][info ][gc             ] GC(31) Pause Young (Allocation Failure) 1754M->569M(2341M) 42.995ms
[199.907s][info ][gc,cpu         ] GC(31) User=0.11s Sys=0.00s Real=0.04s
[199.908s][info ][safepoint      ] Safepoint "ParallelGCFailedAllocation", Time since last: 340117993 ns, Reaching safepoint: 118709 ns, At safepoint: 43072076 ns, Total: 43190785 ns
[200.908s][info ][safepoint      ] Safepoint "Cleanup", Time since last: 1000083130 ns, Reaching safepoint: 141711 ns, At safepoint: 15201 ns, Total: 156912 ns
[201.908s][info ][safepoint      ] Safepoint "Cleanup", Time since last: 1000138534 ns, Reaching safepoint: 112208 ns, At safepoint: 8400 ns, Total: 120608 ns
[202.908s][info ][safepoint      ] Safepoint "Cleanup", Time since last: 1000104031 ns, Reaching safepoint: 59705 ns, At safepoint: 11600 ns, Total: 71305 ns
[203.908s][info ][safepoint      ] Safepoint "Cleanup", Time since last: 1000114332 ns, Reaching safepoint: 60704 ns, At safepoint: 5701 ns, Total: 66405 ns
[204.285s][info ][gc,start       ] GC(32) Pause Young (Allocation Failure)
[204.352s][debug][gc,phases      ] GC(32) Scavenge 67.434ms
[204.352s][debug][gc,ref         ] GC(32) Skipped phase 1 of Reference Processing: no references
[204.352s][debug][gc,ref         ] GC(32) ReferenceProcessor::execute queues: 1, RefProcThreadModel::Single, marks_oops_alive: false
[204.352s][debug][gc,ref         ] GC(32) Skipped phase 3 of Reference Processing: no references
[204.352s][debug][gc,ref         ] GC(32) ReferenceProcessor::execute queues: 1, RefProcThreadModel::Single, marks_oops_alive: false
[204.352s][debug][gc,phases      ] GC(32) Reference Processing 0.110ms
[204.353s][debug][gc,phases      ] GC(32)   VM Weak                        Min:  0.0, Avg:  0.0, Max:  0.0, Diff:  0.0, Sum:  0.0, Workers: 4
[204.353s][debug][gc,phases      ] GC(32)     Dead                           Min: 0, Avg:  0.0, Max: 0, Diff: 0, Sum: 0, Workers: 4
[204.353s][debug][gc,phases      ] GC(32)     Total                          Min: 0, Avg: 220.5, Max: 512, Diff: 512, Sum: 882, Workers: 4
[204.353s][debug][gc,phases      ] GC(32)   ObjectSynchronizer Weak        Min:  0.0, Avg:  0.0, Max:  0.0, Diff:  0.0, Sum:  0.0, Workers: 4
[204.353s][debug][gc,phases      ] GC(32)     Dead                           Min: 0, Avg:  0.0, Max: 0, Diff: 0, Sum: 0, Workers: 4
[204.353s][debug][gc,phases      ] GC(32)     Total                          Min: 0, Avg: 23.0, Max: 64, Diff: 64, Sum: 92, Workers: 4
[204.353s][debug][gc,phases      ] GC(32)   JVMTI Tag Weak OopStorage      Min:  0.0, Avg:  0.0, Max:  0.0, Diff:  0.0, Sum:  0.0, Workers: 4
[204.353s][debug][gc,phases      ] GC(32)     Dead                           Min: 0, Avg:  0.0, Max: 0, Diff: 0, Sum: 0, Workers: 4
[204.353s][debug][gc,phases      ] GC(32)     Total                          Min: 0, Avg:  0.0, Max: 0, Diff: 0, Sum: 0, Workers: 4
[204.353s][debug][gc,phases      ] GC(32)   StringTable Weak               Min:  0.0, Avg:  0.1, Max:  0.1, Diff:  0.1, Sum:  0.4, Workers: 4
[204.353s][debug][gc,phases      ] GC(32)     Dead                           Min: 0, Avg:  0.0, Max: 0, Diff: 0, Sum: 0, Workers: 4
[204.353s][debug][gc,phases      ] GC(32)     Total                          Min: 0, Avg: 10860.0, Max: 15360, Diff: 15360, Sum: 43440, Workers: 4
[204.353s][debug][gc,phases      ] GC(32)   ResolvedMethodTable Weak       Min:  0.0, Avg:  0.0, Max:  0.0, Diff:  0.0, Sum:  0.1, Workers: 4
[204.353s][debug][gc,phases      ] GC(32)     Dead                           Min: 0, Avg:  0.0, Max: 0, Diff: 0, Sum: 0, Workers: 4
[204.353s][debug][gc,phases      ] GC(32)     Total                          Min: 0, Avg: 2407.2, Max: 3264, Diff: 3264, Sum: 9629, Workers: 4
[204.353s][debug][gc,phases      ] GC(32)   JNI Weak                       Min:  0.0, Avg:  0.0, Max:  0.0, Diff:  0.0, Sum:  0.0, Workers: 4
[204.353s][debug][gc,phases      ] GC(32)     Dead                           Min: 0, Avg:  0.0, Max: 0, Diff: 0, Sum: 0, Workers: 4
[204.353s][debug][gc,phases      ] GC(32)     Total                          Min: 0, Avg: 11.5, Max: 46, Diff: 46, Sum: 46, Workers: 4
[204.353s][debug][gc,phases      ] GC(32)   StringDedup Table Weak         Min:  0.0, Avg:  0.0, Max:  0.0, Diff:  0.0, Sum:  0.0, Workers: 4
[204.353s][debug][gc,phases      ] GC(32)     Dead                           Min: 0, Avg:  0.0, Max: 0, Diff: 0, Sum: 0, Workers: 4
[204.353s][debug][gc,phases      ] GC(32)     Total                          Min: 0, Avg:  0.0, Max: 0, Diff: 0, Sum: 0, Workers: 4
[204.353s][debug][gc,phases      ] GC(32)   StringDedup Requests0 Weak     Min:  0.0, Avg:  0.0, Max:  0.0, Diff:  0.0, Sum:  0.0, Workers: 4
[204.353s][debug][gc,phases      ] GC(32)     Dead                           Min: 0, Avg:  0.0, Max: 0, Diff: 0, Sum: 0, Workers: 4
[204.353s][debug][gc,phases      ] GC(32)     Total                          Min: 0, Avg:  0.0, Max: 0, Diff: 0, Sum: 0, Workers: 4
[204.353s][debug][gc,phases      ] GC(32)   StringDedup Requests1 Weak     Min:  0.0, Avg:  0.0, Max:  0.0, Diff:  0.0, Sum:  0.0, Workers: 4
[204.353s][debug][gc,phases      ] GC(32)     Dead                           Min: 0, Avg:  0.0, Max: 0, Diff: 0, Sum: 0, Workers: 4
[204.353s][debug][gc,phases      ] GC(32)     Total                          Min: 0, Avg:  0.0, Max: 0, Diff: 0, Sum: 0, Workers: 4
[204.353s][debug][gc,phases      ] GC(32)   Weak JFR Old Object Samples    Min:  0.0, Avg:  0.0, Max:  0.0, Diff:  0.0, Sum:  0.0, Workers: 4
[204.353s][debug][gc,phases      ] GC(32)     Dead                           Min: 0, Avg:  0.0, Max: 0, Diff: 0, Sum: 0, Workers: 4
[204.353s][debug][gc,phases      ] GC(32)     Total                          Min: 0, Avg:  0.0, Max: 0, Diff: 0, Sum: 0, Workers: 4
[204.353s][debug][gc,phases      ] GC(32) Weak Processing 0.368ms
[204.353s][debug][gc,age         ] GC(32) Desired survivor size 364380160 bytes, new threshold 9 (max threshold 15)
[204.353s][info ][gc,heap        ] GC(32) PSYoungGen: 1455272K(1734656K)->151360K(1709568K) Eden: 1347072K(1347072K)->0K(1347072K) From: 108200K(387584K)->151360K(362496K)
[204.353s][info ][gc,heap        ] GC(32) ParOldGen: 474660K(662528K)->474668K(662528K)
[204.353s][info ][gc,metaspace   ] GC(32) Metaspace: 81518K(82624K)->81518K(82624K) NonClass: 69786K(70400K)->69786K(70400K) Class: 11731K(12224K)->11731K(12224K)
[204.353s][info ][gc             ] GC(32) Pause Young (Allocation Failure) 1884M->611M(2316M) 68.035ms
[204.353s][info ][gc,cpu         ] GC(32) User=0.17s Sys=0.01s Real=0.07s
[204.353s][info ][safepoint      ] Safepoint "ParallelGCFailedAllocation", Time since last: 376232871 ns, Reaching safepoint: 145311 ns, At safepoint: 68112264 ns, Total: 68257575 ns
[205.353s][info ][safepoint      ] Safepoint "Cleanup", Time since last: 1000090830 ns, Reaching safepoint: 122408 ns, At safepoint: 5201 ns, Total: 127609 ns
[206.353s][info ][safepoint      ] Safepoint "Cleanup", Time since last: 1000129231 ns, Reaching safepoint: 123109 ns, At safepoint: 6600 ns, Total: 129709 ns
[207.354s][info ][safepoint      ] Safepoint "Cleanup", Time since last: 1000131132 ns, Reaching safepoint: 123508 ns, At safepoint: 4001 ns, Total: 127509 ns
[208.354s][info ][safepoint      ] Safepoint "Cleanup", Time since last: 1000124430 ns, Reaching safepoint: 135210 ns, At safepoint: 7200 ns, Total: 142410 ns
[208.738s][info ][gc,start       ] GC(33) Pause Young (Allocation Failure)
[208.794s][debug][gc,phases      ] GC(33) Scavenge 56.268ms
[208.794s][debug][gc,ref         ] GC(33) Skipped phase 1 of Reference Processing: no references
[208.794s][debug][gc,ref         ] GC(33) ReferenceProcessor::execute queues: 1, RefProcThreadModel::Single, marks_oops_alive: false
[208.794s][debug][gc,ref         ] GC(33) Skipped phase 3 of Reference Processing: no references
[208.794s][debug][gc,ref         ] GC(33) ReferenceProcessor::execute queues: 1, RefProcThreadModel::Single, marks_oops_alive: false
[208.794s][debug][gc,phases      ] GC(33) Reference Processing 0.112ms
[208.794s][debug][gc,phases      ] GC(33)   VM Weak                        Min:  0.0, Avg:  0.0, Max:  0.0, Diff:  0.0, Sum:  0.0, Workers: 4
[208.794s][debug][gc,phases      ] GC(33)     Dead                           Min: 0, Avg:  0.0, Max: 0, Diff: 0, Sum: 0, Workers: 4
[208.794s][debug][gc,phases      ] GC(33)     Total                          Min: 0, Avg: 220.5, Max: 370, Diff: 370, Sum: 882, Workers: 4
[208.794s][debug][gc,phases      ] GC(33)   ObjectSynchronizer Weak        Min:  0.0, Avg:  0.0, Max:  0.0, Diff:  0.0, Sum:  0.0, Workers: 4
[208.794s][debug][gc,phases      ] GC(33)     Dead                           Min: 0, Avg:  0.0, Max: 0, Diff: 0, Sum: 0, Workers: 4
[208.794s][debug][gc,phases      ] GC(33)     Total                          Min: 0, Avg: 23.0, Max: 64, Diff: 64, Sum: 92, Workers: 4
[208.795s][debug][gc,phases      ] GC(33)   JVMTI Tag Weak OopStorage      Min:  0.0, Avg:  0.0, Max:  0.0, Diff:  0.0, Sum:  0.0, Workers: 4
[208.795s][debug][gc,phases      ] GC(33)     Dead                           Min: 0, Avg:  0.0, Max: 0, Diff: 0, Sum: 0, Workers: 4
[208.795s][debug][gc,phases      ] GC(33)     Total                          Min: 0, Avg:  0.0, Max: 0, Diff: 0, Sum: 0, Workers: 4
[208.795s][debug][gc,phases      ] GC(33)   StringTable Weak               Min:  0.1, Avg:  0.2, Max:  0.2, Diff:  0.1, Sum:  0.7, Workers: 4
[208.795s][debug][gc,phases      ] GC(33)     Dead                           Min: 0, Avg:  0.0, Max: 0, Diff: 0, Sum: 0, Workers: 4
[208.795s][debug][gc,phases      ] GC(33)     Total                          Min: 1280, Avg: 10861.0, Max: 15360, Diff: 14080, Sum: 43444, Workers: 4
[208.795s][debug][gc,phases      ] GC(33)   ResolvedMethodTable Weak       Min:  0.0, Avg:  0.0, Max:  0.0, Diff:  0.0, Sum:  0.1, Workers: 4
[208.795s][debug][gc,phases      ] GC(33)     Dead                           Min: 0, Avg:  0.0, Max: 0, Diff: 0, Sum: 0, Workers: 4
[208.795s][debug][gc,phases      ] GC(33)     Total                          Min: 0, Avg: 2407.2, Max: 3392, Diff: 3392, Sum: 9629, Workers: 4
[208.795s][debug][gc,phases      ] GC(33)   JNI Weak                       Min:  0.0, Avg:  0.0, Max:  0.0, Diff:  0.0, Sum:  0.0, Workers: 4
[208.795s][debug][gc,phases      ] GC(33)     Dead                           Min: 0, Avg:  0.0, Max: 0, Diff: 0, Sum: 0, Workers: 4
[208.795s][debug][gc,phases      ] GC(33)     Total                          Min: 0, Avg: 11.2, Max: 45, Diff: 45, Sum: 45, Workers: 4
[208.795s][debug][gc,phases      ] GC(33)   StringDedup Table Weak         Min:  0.0, Avg:  0.0, Max:  0.0, Diff:  0.0, Sum:  0.0, Workers: 4
[208.795s][debug][gc,phases      ] GC(33)     Dead                           Min: 0, Avg:  0.0, Max: 0, Diff: 0, Sum: 0, Workers: 4
[208.795s][debug][gc,phases      ] GC(33)     Total                          Min: 0, Avg:  0.0, Max: 0, Diff: 0, Sum: 0, Workers: 4
[208.795s][debug][gc,phases      ] GC(33)   StringDedup Requests0 Weak     Min:  0.0, Avg:  0.0, Max:  0.0, Diff:  0.0, Sum:  0.0, Workers: 4
[208.795s][debug][gc,phases      ] GC(33)     Dead                           Min: 0, Avg:  0.0, Max: 0, Diff: 0, Sum: 0, Workers: 4
[208.795s][debug][gc,phases      ] GC(33)     Total                          Min: 0, Avg:  0.0, Max: 0, Diff: 0, Sum: 0, Workers: 4
[208.795s][debug][gc,phases      ] GC(33)   StringDedup Requests1 Weak     Min:  0.0, Avg:  0.0, Max:  0.0, Diff:  0.0, Sum:  0.0, Workers: 4
[208.795s][debug][gc,phases      ] GC(33)     Dead                           Min: 0, Avg:  0.0, Max: 0, Diff: 0, Sum: 0, Workers: 4
[208.795s][debug][gc,phases      ] GC(33)     Total                          Min: 0, Avg:  0.0, Max: 0, Diff: 0, Sum: 0, Workers: 4
[208.795s][debug][gc,phases      ] GC(33)   Weak JFR Old Object Samples    Min:  0.0, Avg:  0.0, Max:  0.0, Diff:  0.0, Sum:  0.0, Workers: 4
[208.795s][debug][gc,phases      ] GC(33)     Dead                           Min: 0, Avg:  0.0, Max: 0, Diff: 0, Sum: 0, Workers: 4
[208.795s][debug][gc,phases      ] GC(33)     Total                          Min: 0, Avg:  0.0, Max: 0, Diff: 0, Sum: 0, Workers: 4
[208.795s][debug][gc,phases      ] GC(33) Weak Processing 0.453ms
[208.795s][debug][gc,age         ] GC(33) Desired survivor size 352845824 bytes, new threshold 10 (max threshold 15)
[208.795s][info ][gc,heap        ] GC(33) PSYoungGen: 1498432K(1709568K)->142592K(1752576K) Eden: 1347072K(1347072K)->0K(1396736K) From: 151360K(362496K)->142592K(355840K)
[208.795s][info ][gc,heap        ] GC(33) ParOldGen: 474668K(662528K)->474668K(662528K)
[208.795s][info ][gc,metaspace   ] GC(33) Metaspace: 81525K(82624K)->81525K(82624K) NonClass: 69793K(70400K)->69793K(70400K) Class: 11731K(12224K)->11731K(12224K)
[208.795s][info ][gc             ] GC(33) Pause Young (Allocation Failure) 1926M->602M(2358M) 56.973ms
[208.795s][info ][gc,cpu         ] GC(33) User=0.16s Sys=0.00s Real=0.06s
[208.795s][info ][safepoint      ] Safepoint "ParallelGCFailedAllocation", Time since last: 383691904 ns, Reaching safepoint: 98807 ns, At safepoint: 57057375 ns, Total: 57156182 ns
[209.795s][info ][safepoint      ] Safepoint "Cleanup", Time since last: 1000068826 ns, Reaching safepoint: 52604 ns, At safepoint: 4000 ns, Total: 56604 ns
[210.795s][info ][safepoint      ] Safepoint "Cleanup", Time since last: 1000097927 ns, Reaching safepoint: 70905 ns, At safepoint: 3901 ns, Total: 74806 ns
[211.795s][info ][safepoint      ] Safepoint "Cleanup", Time since last: 1000114028 ns, Reaching safepoint: 79805 ns, At safepoint: 6101 ns, Total: 85906 ns
[212.795s][info ][safepoint      ] Safepoint "Cleanup", Time since last: 1000116028 ns, Reaching safepoint: 66905 ns, At safepoint: 3500 ns, Total: 70405 ns
[214.059s][info ][safepoint      ] Safepoint "Cleanup", Time since last: 1263071007 ns, Reaching safepoint: 78006 ns, At safepoint: 3400 ns, Total: 81406 ns
[215.367s][info ][gc,start       ] GC(34) Pause Young (Allocation Failure)
[215.408s][debug][gc,phases      ] GC(34) Scavenge 41.693ms
[215.408s][debug][gc,ref         ] GC(34) Skipped phase 1 of Reference Processing: no references
[215.408s][debug][gc,ref         ] GC(34) ReferenceProcessor::execute queues: 1, RefProcThreadModel::Single, marks_oops_alive: false
[215.409s][debug][gc,ref         ] GC(34) Skipped phase 3 of Reference Processing: no references
[215.409s][debug][gc,ref         ] GC(34) ReferenceProcessor::execute queues: 1, RefProcThreadModel::Single, marks_oops_alive: false
[215.409s][debug][gc,phases      ] GC(34) Reference Processing 0.136ms
[215.409s][debug][gc,phases      ] GC(34)   VM Weak                        Min:  0.0, Avg:  0.0, Max:  0.0, Diff:  0.0, Sum:  0.0, Workers: 4
[215.409s][debug][gc,phases      ] GC(34)     Dead                           Min: 0, Avg:  0.0, Max: 0, Diff: 0, Sum: 0, Workers: 4
[215.409s][debug][gc,phases      ] GC(34)     Total                          Min: 0, Avg: 220.5, Max: 704, Diff: 704, Sum: 882, Workers: 4
[215.409s][debug][gc,phases      ] GC(34)   ObjectSynchronizer Weak        Min:  0.0, Avg:  0.0, Max:  0.0, Diff:  0.0, Sum:  0.0, Workers: 4
[215.409s][debug][gc,phases      ] GC(34)     Dead                           Min: 0, Avg:  0.0, Max: 0, Diff: 0, Sum: 0, Workers: 4
[215.409s][debug][gc,phases      ] GC(34)     Total                          Min: 0, Avg: 23.0, Max: 64, Diff: 64, Sum: 92, Workers: 4
[215.409s][debug][gc,phases      ] GC(34)   JVMTI Tag Weak OopStorage      Min:  0.0, Avg:  0.0, Max:  0.0, Diff:  0.0, Sum:  0.0, Workers: 4
[215.409s][debug][gc,phases      ] GC(34)     Dead                           Min: 0, Avg:  0.0, Max: 0, Diff: 0, Sum: 0, Workers: 4
[215.409s][debug][gc,phases      ] GC(34)     Total                          Min: 0, Avg:  0.0, Max: 0, Diff: 0, Sum: 0, Workers: 4
[215.409s][debug][gc,phases      ] GC(34)   StringTable Weak               Min:  0.0, Avg:  0.1, Max:  0.1, Diff:  0.1, Sum:  0.4, Workers: 4
[215.409s][debug][gc,phases      ] GC(34)     Dead                           Min: 0, Avg:  0.2, Max: 1, Diff: 1, Sum: 1, Workers: 4
[215.409s][debug][gc,phases      ] GC(34)     Total                          Min: 0, Avg: 10864.2, Max: 14912, Diff: 14912, Sum: 43457, Workers: 4
[215.409s][debug][gc,phases      ] GC(34)   ResolvedMethodTable Weak       Min:  0.0, Avg:  0.0, Max:  0.0, Diff:  0.0, Sum:  0.1, Workers: 4
[215.409s][debug][gc,phases      ] GC(34)     Dead                           Min: 0, Avg:  0.0, Max: 0, Diff: 0, Sum: 0, Workers: 4
[215.409s][debug][gc,phases      ] GC(34)     Total                          Min: 0, Avg: 2408.2, Max: 3264, Diff: 3264, Sum: 9633, Workers: 4
[215.409s][debug][gc,phases      ] GC(34)   JNI Weak                       Min:  0.0, Avg:  0.0, Max:  0.0, Diff:  0.0, Sum:  0.0, Workers: 4
[215.409s][debug][gc,phases      ] GC(34)     Dead                           Min: 0, Avg:  0.0, Max: 0, Diff: 0, Sum: 0, Workers: 4
[215.409s][debug][gc,phases      ] GC(34)     Total                          Min: 0, Avg: 11.2, Max: 45, Diff: 45, Sum: 45, Workers: 4
[215.409s][debug][gc,phases      ] GC(34)   StringDedup Table Weak         Min:  0.0, Avg:  0.0, Max:  0.0, Diff:  0.0, Sum:  0.0, Workers: 4
[215.409s][debug][gc,phases      ] GC(34)     Dead                           Min: 0, Avg:  0.0, Max: 0, Diff: 0, Sum: 0, Workers: 4
[215.409s][debug][gc,phases      ] GC(34)     Total                          Min: 0, Avg:  0.0, Max: 0, Diff: 0, Sum: 0, Workers: 4
[215.409s][debug][gc,phases      ] GC(34)   StringDedup Requests0 Weak     Min:  0.0, Avg:  0.0, Max:  0.0, Diff:  0.0, Sum:  0.0, Workers: 4
[215.409s][debug][gc,phases      ] GC(34)     Dead                           Min: 0, Avg:  0.0, Max: 0, Diff: 0, Sum: 0, Workers: 4
[215.409s][debug][gc,phases      ] GC(34)     Total                          Min: 0, Avg:  0.0, Max: 0, Diff: 0, Sum: 0, Workers: 4
[215.409s][debug][gc,phases      ] GC(34)   StringDedup Requests1 Weak     Min:  0.0, Avg:  0.0, Max:  0.0, Diff:  0.0, Sum:  0.0, Workers: 4
[215.409s][debug][gc,phases      ] GC(34)     Dead                           Min: 0, Avg:  0.0, Max: 0, Diff: 0, Sum: 0, Workers: 4
[215.409s][debug][gc,phases      ] GC(34)     Total                          Min: 0, Avg:  0.0, Max: 0, Diff: 0, Sum: 0, Workers: 4
[215.409s][debug][gc,phases      ] GC(34)   Weak JFR Old Object Samples    Min:  0.0, Avg:  0.0, Max:  0.0, Diff:  0.0, Sum:  0.0, Workers: 4
[215.409s][debug][gc,phases      ] GC(34)     Dead                           Min: 0, Avg:  0.0, Max: 0, Diff: 0, Sum: 0, Workers: 4
[215.409s][debug][gc,phases      ] GC(34)     Total                          Min: 0, Avg:  0.0, Max: 0, Diff: 0, Sum: 0, Workers: 4
[215.409s][debug][gc,phases      ] GC(34) Weak Processing 0.427ms
[215.409s][debug][gc,age         ] GC(34) Desired survivor size 335020032 bytes, new threshold 11 (max threshold 15)
[215.409s][info ][gc,heap        ] GC(34) PSYoungGen: 1539328K(1752576K)->124368K(1741312K) Eden: 1396736K(1396736K)->0K(1396736K) From: 142592K(355840K)->124368K(344576K)
[215.409s][info ][gc,heap        ] GC(34) ParOldGen: 474668K(662528K)->474668K(662528K)
[215.409s][info ][gc,metaspace   ] GC(34) Metaspace: 81565K(82688K)->81565K(82688K) NonClass: 69831K(70464K)->69831K(70464K) Class: 11734K(12224K)->11734K(12224K)
[215.409s][info ][gc             ] GC(34) Pause Young (Allocation Failure) 1966M->584M(2347M) 42.398ms
[215.409s][info ][gc,cpu         ] GC(34) User=0.14s Sys=0.00s Real=0.04s
[215.409s][info ][safepoint      ] Safepoint "ParallelGCFailedAllocation", Time since last: 1307947712 ns, Reaching safepoint: 80005 ns, At safepoint: 42482635 ns, Total: 42562640 ns
[216.409s][info ][safepoint      ] Safepoint "Cleanup", Time since last: 1000096625 ns, Reaching safepoint: 61304 ns, At safepoint: 3200 ns, Total: 64504 ns
[217.409s][info ][safepoint      ] Safepoint "Cleanup", Time since last: 1000081424 ns, Reaching safepoint: 52103 ns, At safepoint: 3501 ns, Total: 55604 ns
[218.410s][info ][safepoint      ] Safepoint "Cleanup", Time since last: 1000069122 ns, Reaching safepoint: 63604 ns, At safepoint: 3101 ns, Total: 66705 ns
[219.410s][info ][safepoint      ] Safepoint "Cleanup", Time since last: 1000111924 ns, Reaching safepoint: 137510 ns, At safepoint: 5101 ns, Total: 142611 ns
[220.410s][info ][safepoint      ] Safepoint "Cleanup", Time since last: 1000115024 ns, Reaching safepoint: 51504 ns, At safepoint: 3800 ns, Total: 55304 ns
[221.410s][info ][safepoint      ] Safepoint "Cleanup", Time since last: 1000114325 ns, Reaching safepoint: 48303 ns, At safepoint: 4700 ns, Total: 53003 ns
[222.415s][info ][safepoint      ] Safepoint "Cleanup", Time since last: 1000153627 ns, Reaching safepoint: 5163969 ns, At safepoint: 9000 ns, Total: 5172969 ns
[223.416s][info ][safepoint      ] Safepoint "Cleanup", Time since last: 1000126925 ns, Reaching safepoint: 131009 ns, At safepoint: 8001 ns, Total: 139010 ns
[224.416s][info ][safepoint      ] Safepoint "Cleanup", Time since last: 1000165926 ns, Reaching safepoint: 72006 ns, At safepoint: 6100 ns, Total: 78106 ns
[225.416s][info ][safepoint      ] Safepoint "Cleanup", Time since last: 1000111522 ns, Reaching safepoint: 67305 ns, At safepoint: 3100 ns, Total: 70405 ns
[226.416s][info ][safepoint      ] Safepoint "Cleanup", Time since last: 1000114223 ns, Reaching safepoint: 58204 ns, At safepoint: 4000 ns, Total: 62204 ns
[227.416s][info ][safepoint      ] Safepoint "Cleanup", Time since last: 1000114022 ns, Reaching safepoint: 51404 ns, At safepoint: 3600 ns, Total: 55004 ns
[228.417s][info ][safepoint      ] Safepoint "Cleanup", Time since last: 1000064018 ns, Reaching safepoint: 55704 ns, At safepoint: 2900 ns, Total: 58604 ns
[230.417s][info ][safepoint      ] Safepoint "Cleanup", Time since last: 2000179638 ns, Reaching safepoint: 50804 ns, At safepoint: 2400 ns, Total: 53204 ns
[231.417s][info ][safepoint      ] Safepoint "Cleanup", Time since last: 1000115520 ns, Reaching safepoint: 51504 ns, At safepoint: 6700 ns, Total: 58204 ns
[232.002s][info ][gc,start       ] GC(35) Pause Young (Allocation Failure)
[232.039s][debug][gc,phases      ] GC(35) Scavenge 37.066ms
[232.039s][debug][gc,ref         ] GC(35) Skipped phase 1 of Reference Processing: no references
[232.039s][debug][gc,ref         ] GC(35) ReferenceProcessor::execute queues: 1, RefProcThreadModel::Single, marks_oops_alive: false
[232.039s][debug][gc,ref         ] GC(35) Skipped phase 3 of Reference Processing: no references
[232.039s][debug][gc,ref         ] GC(35) ReferenceProcessor::execute queues: 1, RefProcThreadModel::Single, marks_oops_alive: false
[232.039s][debug][gc,phases      ] GC(35) Reference Processing 0.118ms
[232.040s][debug][gc,phases      ] GC(35)   VM Weak                        Min:  0.0, Avg:  0.0, Max:  0.0, Diff:  0.0, Sum:  0.0, Workers: 4
[232.040s][debug][gc,phases      ] GC(35)     Dead                           Min: 0, Avg:  0.0, Max: 0, Diff: 0, Sum: 0, Workers: 4
[232.040s][debug][gc,phases      ] GC(35)     Total                          Min: 0, Avg: 220.5, Max: 498, Diff: 498, Sum: 882, Workers: 4
[232.040s][debug][gc,phases      ] GC(35)   ObjectSynchronizer Weak        Min:  0.0, Avg:  0.0, Max:  0.0, Diff:  0.0, Sum:  0.0, Workers: 4
[232.040s][debug][gc,phases      ] GC(35)     Dead                           Min: 0, Avg:  0.0, Max: 0, Diff: 0, Sum: 0, Workers: 4
[232.040s][debug][gc,phases      ] GC(35)     Total                          Min: 0, Avg: 23.0, Max: 64, Diff: 64, Sum: 92, Workers: 4
[232.040s][debug][gc,phases      ] GC(35)   JVMTI Tag Weak OopStorage      Min:  0.0, Avg:  0.0, Max:  0.0, Diff:  0.0, Sum:  0.0, Workers: 4
[232.040s][debug][gc,phases      ] GC(35)     Dead                           Min: 0, Avg:  0.0, Max: 0, Diff: 0, Sum: 0, Workers: 4
[232.040s][debug][gc,phases      ] GC(35)     Total                          Min: 0, Avg:  0.0, Max: 0, Diff: 0, Sum: 0, Workers: 4
[232.040s][debug][gc,phases      ] GC(35)   StringTable Weak               Min:  0.0, Avg:  0.1, Max:  0.2, Diff:  0.2, Sum:  0.5, Workers: 4
[232.040s][debug][gc,phases      ] GC(35)     Dead                           Min: 0, Avg:  0.2, Max: 1, Diff: 1, Sum: 1, Workers: 4
[232.040s][debug][gc,phases      ] GC(35)     Total                          Min: 0, Avg: 10867.0, Max: 14719, Diff: 14719, Sum: 43468, Workers: 4
[232.040s][debug][gc,phases      ] GC(35)   ResolvedMethodTable Weak       Min:  0.0, Avg:  0.0, Max:  0.0, Diff:  0.0, Sum:  0.1, Workers: 4
[232.040s][debug][gc,phases      ] GC(35)     Dead                           Min: 0, Avg:  0.0, Max: 0, Diff: 0, Sum: 0, Workers: 4
[232.040s][debug][gc,phases      ] GC(35)     Total                          Min: 0, Avg: 2411.8, Max: 3328, Diff: 3328, Sum: 9647, Workers: 4
[232.040s][debug][gc,phases      ] GC(35)   JNI Weak                       Min:  0.0, Avg:  0.0, Max:  0.0, Diff:  0.0, Sum:  0.0, Workers: 4
[232.040s][debug][gc,phases      ] GC(35)     Dead                           Min: 0, Avg:  0.0, Max: 0, Diff: 0, Sum: 0, Workers: 4
[232.040s][debug][gc,phases      ] GC(35)     Total                          Min: 0, Avg: 11.2, Max: 45, Diff: 45, Sum: 45, Workers: 4
[232.040s][debug][gc,phases      ] GC(35)   StringDedup Table Weak         Min:  0.0, Avg:  0.0, Max:  0.0, Diff:  0.0, Sum:  0.0, Workers: 4
[232.040s][debug][gc,phases      ] GC(35)     Dead                           Min: 0, Avg:  0.0, Max: 0, Diff: 0, Sum: 0, Workers: 4
[232.040s][debug][gc,phases      ] GC(35)     Total                          Min: 0, Avg:  0.0, Max: 0, Diff: 0, Sum: 0, Workers: 4
[232.040s][debug][gc,phases      ] GC(35)   StringDedup Requests0 Weak     Min:  0.0, Avg:  0.0, Max:  0.0, Diff:  0.0, Sum:  0.0, Workers: 4
[232.040s][debug][gc,phases      ] GC(35)     Dead                           Min: 0, Avg:  0.0, Max: 0, Diff: 0, Sum: 0, Workers: 4
[232.040s][debug][gc,phases      ] GC(35)     Total                          Min: 0, Avg:  0.0, Max: 0, Diff: 0, Sum: 0, Workers: 4
[232.040s][debug][gc,phases      ] GC(35)   StringDedup Requests1 Weak     Min:  0.0, Avg:  0.0, Max:  0.0, Diff:  0.0, Sum:  0.0, Workers: 4
[232.040s][debug][gc,phases      ] GC(35)     Dead                           Min: 0, Avg:  0.0, Max: 0, Diff: 0, Sum: 0, Workers: 4
[232.040s][debug][gc,phases      ] GC(35)     Total                          Min: 0, Avg:  0.0, Max: 0, Diff: 0, Sum: 0, Workers: 4
[232.040s][debug][gc,phases      ] GC(35)   Weak JFR Old Object Samples    Min:  0.0, Avg:  0.0, Max:  0.0, Diff:  0.0, Sum:  0.0, Workers: 4
[232.040s][debug][gc,phases      ] GC(35)     Dead                           Min: 0, Avg:  0.0, Max: 0, Diff: 0, Sum: 0, Workers: 4
[232.040s][debug][gc,phases      ] GC(35)     Total                          Min: 0, Avg:  0.0, Max: 0, Diff: 0, Sum: 0, Workers: 4
[232.040s][debug][gc,phases      ] GC(35) Weak Processing 0.376ms
[232.040s][debug][gc,age         ] GC(35) Desired survivor size 314572800 bytes, new threshold 12 (max threshold 15)
[232.040s][info ][gc,heap        ] GC(35) PSYoungGen: 1521104K(1741312K)->99321K(1789952K) Eden: 1396736K(1396736K)->0K(1462784K) From: 124368K(344576K)->99321K(327168K)
[232.040s][info ][gc,heap        ] GC(35) ParOldGen: 474668K(662528K)->474668K(662528K)
[232.040s][info ][gc,metaspace   ] GC(35) Metaspace: 81655K(82752K)->81655K(82752K) NonClass: 69914K(70528K)->69914K(70528K) Class: 11741K(12224K)->11741K(12224K)
[232.040s][info ][gc             ] GC(35) Pause Young (Allocation Failure) 1948M->560M(2395M) 37.694ms
[232.040s][info ][gc,cpu         ] GC(35) User=0.12s Sys=0.00s Real=0.04s
[232.040s][info ][safepoint      ] Safepoint "ParallelGCFailedAllocation", Time since last: 585027678 ns, Reaching safepoint: 31002 ns, At safepoint: 37772898 ns, Total: 37803900 ns
[234.040s][info ][safepoint      ] Safepoint "Cleanup", Time since last: 2000138632 ns, Reaching safepoint: 61404 ns, At safepoint: 7001 ns, Total: 68405 ns
[235.040s][info ][safepoint      ] Safepoint "Cleanup", Time since last: 1000119219 ns, Reaching safepoint: 46303 ns, At safepoint: 3101 ns, Total: 49404 ns
[238.040s][info ][safepoint      ] Safepoint "Cleanup", Time since last: 3000240046 ns, Reaching safepoint: 38603 ns, At safepoint: 3100 ns, Total: 41703 ns
[241.041s][info ][safepoint      ] Safepoint "Cleanup", Time since last: 3000213242 ns, Reaching safepoint: 64804 ns, At safepoint: 4201 ns, Total: 69005 ns
[242.966s][info ][safepoint      ] Safepoint "Cleanup", Time since last: 1924710539 ns, Reaching safepoint: 187313 ns, At safepoint: 7101 ns, Total: 194414 ns
[243.966s][info ][safepoint      ] Safepoint "Cleanup", Time since last: 1000117015 ns, Reaching safepoint: 48704 ns, At safepoint: 3100 ns, Total: 51804 ns
[244.966s][info ][safepoint      ] Safepoint "Cleanup", Time since last: 1000108714 ns, Reaching safepoint: 55904 ns, At safepoint: 3001 ns, Total: 58905 ns
[245.966s][info ][safepoint      ] Safepoint "Cleanup", Time since last: 1000103113 ns, Reaching safepoint: 51504 ns, At safepoint: 11101 ns, Total: 62605 ns
[246.966s][info ][safepoint      ] Safepoint "Cleanup", Time since last: 1000112414 ns, Reaching safepoint: 42303 ns, At safepoint: 2700 ns, Total: 45003 ns
[247.967s][info ][safepoint      ] Safepoint "Cleanup", Time since last: 1000122014 ns, Reaching safepoint: 55004 ns, At safepoint: 3901 ns, Total: 58905 ns
[248.967s][info ][safepoint      ] Safepoint "Cleanup", Time since last: 1000118813 ns, Reaching safepoint: 63305 ns, At safepoint: 3100 ns, Total: 66405 ns
[249.967s][info ][safepoint      ] Safepoint "Cleanup", Time since last: 1000124914 ns, Reaching safepoint: 50904 ns, At safepoint: 3300 ns, Total: 54204 ns
[250.967s][info ][safepoint      ] Safepoint "Cleanup", Time since last: 1000115312 ns, Reaching safepoint: 54904 ns, At safepoint: 3101 ns, Total: 58005 ns
[252.967s][info ][safepoint      ] Safepoint "Cleanup", Time since last: 2000162619 ns, Reaching safepoint: 59904 ns, At safepoint: 5801 ns, Total: 65705 ns
[254.456s][info ][gc,start       ] GC(36) Pause Young (Allocation Failure)
[254.487s][debug][gc,phases      ] GC(36) Scavenge 30.725ms
[254.487s][debug][gc,ref         ] GC(36) Skipped phase 1 of Reference Processing: no references
[254.487s][debug][gc,ref         ] GC(36) ReferenceProcessor::execute queues: 1, RefProcThreadModel::Single, marks_oops_alive: false
[254.487s][debug][gc,ref         ] GC(36) Skipped phase 3 of Reference Processing: no references
[254.487s][debug][gc,ref         ] GC(36) ReferenceProcessor::execute queues: 1, RefProcThreadModel::Single, marks_oops_alive: false
[254.487s][debug][gc,phases      ] GC(36) Reference Processing 0.127ms
[254.487s][debug][gc,phases      ] GC(36)   VM Weak                        Min:  0.0, Avg:  0.0, Max:  0.0, Diff:  0.0, Sum:  0.0, Workers: 4
[254.487s][debug][gc,phases      ] GC(36)     Dead                           Min: 0, Avg:  0.0, Max: 0, Diff: 0, Sum: 0, Workers: 4
[254.487s][debug][gc,phases      ] GC(36)     Total                          Min: 0, Avg: 220.8, Max: 448, Diff: 448, Sum: 883, Workers: 4
[254.487s][debug][gc,phases      ] GC(36)   ObjectSynchronizer Weak        Min:  0.0, Avg:  0.0, Max:  0.0, Diff:  0.0, Sum:  0.0, Workers: 4
[254.487s][debug][gc,phases      ] GC(36)     Dead                           Min: 0, Avg:  0.0, Max: 0, Diff: 0, Sum: 0, Workers: 4
[254.487s][debug][gc,phases      ] GC(36)     Total                          Min: 0, Avg: 23.0, Max: 64, Diff: 64, Sum: 92, Workers: 4
[254.487s][debug][gc,phases      ] GC(36)   JVMTI Tag Weak OopStorage      Min:  0.0, Avg:  0.0, Max:  0.0, Diff:  0.0, Sum:  0.0, Workers: 4
[254.487s][debug][gc,phases      ] GC(36)     Dead                           Min: 0, Avg:  0.0, Max: 0, Diff: 0, Sum: 0, Workers: 4
[254.487s][debug][gc,phases      ] GC(36)     Total                          Min: 0, Avg:  0.0, Max: 0, Diff: 0, Sum: 0, Workers: 4
[254.487s][debug][gc,phases      ] GC(36)   StringTable Weak               Min:  0.0, Avg:  0.1, Max:  0.2, Diff:  0.2, Sum:  0.5, Workers: 4
[254.487s][debug][gc,phases      ] GC(36)     Dead                           Min: 0, Avg:  0.5, Max: 2, Diff: 2, Sum: 2, Workers: 4
[254.487s][debug][gc,phases      ] GC(36)     Total                          Min: 0, Avg: 10884.2, Max: 16657, Diff: 16657, Sum: 43537, Workers: 4
[254.487s][debug][gc,phases      ] GC(36)   ResolvedMethodTable Weak       Min:  0.0, Avg:  0.0, Max:  0.0, Diff:  0.0, Sum:  0.1, Workers: 4
[254.487s][debug][gc,phases      ] GC(36)     Dead                           Min: 0, Avg:  4.2, Max: 17, Diff: 17, Sum: 17, Workers: 4
[254.487s][debug][gc,phases      ] GC(36)     Total                          Min: 0, Avg: 2428.2, Max: 3513, Diff: 3513, Sum: 9713, Workers: 4
[254.487s][debug][gc,phases      ] GC(36)   JNI Weak                       Min:  0.0, Avg:  0.0, Max:  0.0, Diff:  0.0, Sum:  0.0, Workers: 4
[254.487s][debug][gc,phases      ] GC(36)     Dead                           Min: 0, Avg:  0.0, Max: 0, Diff: 0, Sum: 0, Workers: 4
[254.487s][debug][gc,phases      ] GC(36)     Total                          Min: 0, Avg: 11.2, Max: 45, Diff: 45, Sum: 45, Workers: 4
[254.487s][debug][gc,phases      ] GC(36)   StringDedup Table Weak         Min:  0.0, Avg:  0.0, Max:  0.0, Diff:  0.0, Sum:  0.0, Workers: 4
[254.487s][debug][gc,phases      ] GC(36)     Dead                           Min: 0, Avg:  0.0, Max: 0, Diff: 0, Sum: 0, Workers: 4
[254.487s][debug][gc,phases      ] GC(36)     Total                          Min: 0, Avg:  0.0, Max: 0, Diff: 0, Sum: 0, Workers: 4
[254.487s][debug][gc,phases      ] GC(36)   StringDedup Requests0 Weak     Min:  0.0, Avg:  0.0, Max:  0.0, Diff:  0.0, Sum:  0.0, Workers: 4
[254.487s][debug][gc,phases      ] GC(36)     Dead                           Min: 0, Avg:  0.0, Max: 0, Diff: 0, Sum: 0, Workers: 4
[254.487s][debug][gc,phases      ] GC(36)     Total                          Min: 0, Avg:  0.0, Max: 0, Diff: 0, Sum: 0, Workers: 4
[254.487s][debug][gc,phases      ] GC(36)   StringDedup Requests1 Weak     Min:  0.0, Avg:  0.0, Max:  0.0, Diff:  0.0, Sum:  0.0, Workers: 4
[254.487s][debug][gc,phases      ] GC(36)     Dead                           Min: 0, Avg:  0.0, Max: 0, Diff: 0, Sum: 0, Workers: 4
[254.487s][debug][gc,phases      ] GC(36)     Total                          Min: 0, Avg:  0.0, Max: 0, Diff: 0, Sum: 0, Workers: 4
[254.487s][debug][gc,phases      ] GC(36)   Weak JFR Old Object Samples    Min:  0.0, Avg:  0.0, Max:  0.0, Diff:  0.0, Sum:  0.0, Workers: 4
[254.487s][debug][gc,phases      ] GC(36)     Dead                           Min: 0, Avg:  0.0, Max: 0, Diff: 0, Sum: 0, Workers: 4
[254.487s][debug][gc,phases      ] GC(36)     Total                          Min: 0, Avg:  0.0, Max: 0, Diff: 0, Sum: 0, Workers: 4
[254.487s][debug][gc,phases      ] GC(36) Weak Processing 0.444ms
[254.487s][debug][gc,age         ] GC(36) Desired survivor size 298319872 bytes, new threshold 13 (max threshold 15)
[254.487s][info ][gc,heap        ] GC(36) PSYoungGen: 1562105K(1789952K)->83913K(1769984K) Eden: 1462784K(1462784K)->0K(1462784K) From: 99321K(327168K)->83913K(307200K)
[254.487s][info ][gc,heap        ] GC(36) ParOldGen: 474668K(662528K)->474668K(662528K)
[254.487s][info ][gc,metaspace   ] GC(36) Metaspace: 81920K(83008K)->81920K(83008K) NonClass: 70142K(70720K)->70142K(70720K) Class: 11778K(12288K)->11778K(12288K)
[254.487s][info ][gc             ] GC(36) Pause Young (Allocation Failure) 1989M->545M(2375M) 31.440ms
[254.487s][info ][gc,cpu         ] GC(36) User=0.10s Sys=0.01s Real=0.03s
[254.487s][info ][safepoint      ] Safepoint "ParallelGCFailedAllocation", Time since last: 1488550387 ns, Reaching safepoint: 64005 ns, At safepoint: 31512350 ns, Total: 31576355 ns
[255.488s][info ][safepoint      ] Safepoint "Cleanup", Time since last: 1000092709 ns, Reaching safepoint: 52804 ns, At safepoint: 7000 ns, Total: 59804 ns
[256.488s][info ][safepoint      ] Safepoint "Cleanup", Time since last: 1000121111 ns, Reaching safepoint: 52204 ns, At safepoint: 2800 ns, Total: 55004 ns
[257.488s][info ][safepoint      ] Safepoint "Cleanup", Time since last: 1000122611 ns, Reaching safepoint: 49604 ns, At safepoint: 2700 ns, Total: 52304 ns
[258.488s][info ][safepoint      ] Safepoint "Cleanup", Time since last: 1000105809 ns, Reaching safepoint: 79106 ns, At safepoint: 7000 ns, Total: 86106 ns
[259.488s][info ][safepoint      ] Safepoint "Cleanup", Time since last: 1000109509 ns, Reaching safepoint: 45404 ns, At safepoint: 3000 ns, Total: 48404 ns
[260.488s][info ][safepoint      ] Safepoint "Cleanup", Time since last: 1000115509 ns, Reaching safepoint: 49303 ns, At safepoint: 2601 ns, Total: 51904 ns
[261.489s][info ][safepoint      ] Safepoint "Cleanup", Time since last: 1000105208 ns, Reaching safepoint: 50003 ns, At safepoint: 3200 ns, Total: 53203 ns
[262.489s][info ][safepoint      ] Safepoint "Cleanup", Time since last: 1000123109 ns, Reaching safepoint: 56304 ns, At safepoint: 2601 ns, Total: 58905 ns
[263.489s][info ][safepoint      ] Safepoint "Cleanup", Time since last: 1000119708 ns, Reaching safepoint: 68005 ns, At safepoint: 11200 ns, Total: 79205 ns
[264.489s][info ][safepoint      ] Safepoint "Cleanup", Time since last: 1000109408 ns, Reaching safepoint: 58104 ns, At safepoint: 3800 ns, Total: 61904 ns
[265.489s][info ][safepoint      ] Safepoint "Cleanup", Time since last: 1000111007 ns, Reaching safepoint: 49204 ns, At safepoint: 7600 ns, Total: 56804 ns
[266.490s][info ][safepoint      ] Safepoint "Cleanup", Time since last: 1000140809 ns, Reaching safepoint: 95207 ns, At safepoint: 2900 ns, Total: 98107 ns
[267.490s][info ][safepoint      ] Safepoint "Cleanup", Time since last: 1000113106 ns, Reaching safepoint: 141310 ns, At safepoint: 6701 ns, Total: 148011 ns
[268.490s][info ][safepoint      ] Safepoint "Cleanup", Time since last: 1000111306 ns, Reaching safepoint: 57204 ns, At safepoint: 3000 ns, Total: 60204 ns
[269.490s][info ][safepoint      ] Safepoint "Cleanup", Time since last: 1000104905 ns, Reaching safepoint: 58804 ns, At safepoint: 3600 ns, Total: 62404 ns
[270.490s][info ][safepoint      ] Safepoint "Cleanup", Time since last: 1000111006 ns, Reaching safepoint: 40902 ns, At safepoint: 3301 ns, Total: 44203 ns
[271.490s][info ][safepoint      ] Safepoint "Cleanup", Time since last: 1000118705 ns, Reaching safepoint: 52204 ns, At safepoint: 2800 ns, Total: 55004 ns
[272.491s][info ][safepoint      ] Safepoint "Cleanup", Time since last: 1000113604 ns, Reaching safepoint: 56204 ns, At safepoint: 6501 ns, Total: 62705 ns
[274.491s][info ][safepoint      ] Safepoint "Cleanup", Time since last: 2000164903 ns, Reaching safepoint: 52204 ns, At safepoint: 7301 ns, Total: 59505 ns
[275.491s][info ][safepoint      ] Safepoint "Cleanup", Time since last: 1000115503 ns, Reaching safepoint: 56004 ns, At safepoint: 3101 ns, Total: 59105 ns
[276.491s][info ][safepoint      ] Safepoint "Cleanup", Time since last: 1000115803 ns, Reaching safepoint: 44803 ns, At safepoint: 3300 ns, Total: 48103 ns
[277.491s][info ][safepoint      ] Safepoint "Cleanup", Time since last: 1000113403 ns, Reaching safepoint: 53204 ns, At safepoint: 9000 ns, Total: 62204 ns
[278.492s][info ][safepoint      ] Safepoint "Cleanup", Time since last: 1000125804 ns, Reaching safepoint: 65304 ns, At safepoint: 3201 ns, Total: 68505 ns
[279.492s][info ][safepoint      ] Safepoint "Cleanup", Time since last: 1000126402 ns, Reaching safepoint: 51204 ns, At safepoint: 3000 ns, Total: 54204 ns
[280.492s][info ][safepoint      ] Safepoint "Cleanup", Time since last: 1000129303 ns, Reaching safepoint: 55804 ns, At safepoint: 3900 ns, Total: 59704 ns
[281.492s][info ][safepoint      ] Safepoint "Cleanup", Time since last: 1000130803 ns, Reaching safepoint: 66705 ns, At safepoint: 7800 ns, Total: 74505 ns
[282.492s][info ][safepoint      ] Safepoint "Cleanup", Time since last: 1000114001 ns, Reaching safepoint: 55504 ns, At safepoint: 7701 ns, Total: 63205 ns
[283.493s][info ][safepoint      ] Safepoint "Cleanup", Time since last: 1000107400 ns, Reaching safepoint: 83106 ns, At safepoint: 3500 ns, Total: 86606 ns
[284.493s][info ][safepoint      ] Safepoint "Cleanup", Time since last: 1000124501 ns, Reaching safepoint: 64205 ns, At safepoint: 3100 ns, Total: 67305 ns
[285.493s][info ][safepoint      ] Safepoint "Cleanup", Time since last: 1000133301 ns, Reaching safepoint: 54504 ns, At safepoint: 6200 ns, Total: 60704 ns
[286.493s][info ][safepoint      ] Safepoint "Cleanup", Time since last: 1000121401 ns, Reaching safepoint: 43503 ns, At safepoint: 9400 ns, Total: 52903 ns
[286.797s][info ][gc,start       ] GC(37) Pause Young (Allocation Failure)
[286.831s][debug][gc,phases      ] GC(37) Scavenge 33.854ms
[286.831s][debug][gc,ref         ] GC(37) Skipped phase 1 of Reference Processing: no references
[286.831s][debug][gc,ref         ] GC(37) ReferenceProcessor::execute queues: 1, RefProcThreadModel::Single, marks_oops_alive: false
[286.831s][debug][gc,ref         ] GC(37) Skipped phase 3 of Reference Processing: no references
[286.831s][debug][gc,ref         ] GC(37) ReferenceProcessor::execute queues: 1, RefProcThreadModel::Single, marks_oops_alive: false
[286.831s][debug][gc,phases      ] GC(37) Reference Processing 0.123ms
[286.831s][debug][gc,phases      ] GC(37)   VM Weak                        Min:  0.0, Avg:  0.0, Max:  0.0, Diff:  0.0, Sum:  0.0, Workers: 4
[286.831s][debug][gc,phases      ] GC(37)     Dead                           Min: 0, Avg:  0.0, Max: 0, Diff: 0, Sum: 0, Workers: 4
[286.831s][debug][gc,phases      ] GC(37)     Total                          Min: 0, Avg: 220.8, Max: 704, Diff: 704, Sum: 883, Workers: 4
[286.831s][debug][gc,phases      ] GC(37)   ObjectSynchronizer Weak        Min:  0.0, Avg:  0.0, Max:  0.0, Diff:  0.0, Sum:  0.0, Workers: 4
[286.831s][debug][gc,phases      ] GC(37)     Dead                           Min: 0, Avg:  0.0, Max: 0, Diff: 0, Sum: 0, Workers: 4
[286.831s][debug][gc,phases      ] GC(37)     Total                          Min: 0, Avg: 23.0, Max: 64, Diff: 64, Sum: 92, Workers: 4
[286.831s][debug][gc,phases      ] GC(37)   JVMTI Tag Weak OopStorage      Min:  0.0, Avg:  0.0, Max:  0.0, Diff:  0.0, Sum:  0.0, Workers: 4
[286.831s][debug][gc,phases      ] GC(37)     Dead                           Min: 0, Avg:  0.0, Max: 0, Diff: 0, Sum: 0, Workers: 4
[286.831s][debug][gc,phases      ] GC(37)     Total                          Min: 0, Avg:  0.0, Max: 0, Diff: 0, Sum: 0, Workers: 4
[286.831s][debug][gc,phases      ] GC(37)   StringTable Weak               Min:  0.0, Avg:  0.1, Max:  0.1, Diff:  0.1, Sum:  0.4, Workers: 4
[286.831s][debug][gc,phases      ] GC(37)     Dead                           Min: 0, Avg:  0.5, Max: 2, Diff: 2, Sum: 2, Workers: 4
[286.831s][debug][gc,phases      ] GC(37)     Total                          Min: 0, Avg: 10893.8, Max: 15679, Diff: 15679, Sum: 43575, Workers: 4
[286.831s][debug][gc,phases      ] GC(37)   ResolvedMethodTable Weak       Min:  0.0, Avg:  0.0, Max:  0.0, Diff:  0.0, Sum:  0.1, Workers: 4
[286.831s][debug][gc,phases      ] GC(37)     Dead                           Min: 0, Avg:  4.2, Max: 8, Diff: 8, Sum: 17, Workers: 4
[286.831s][debug][gc,phases      ] GC(37)     Total                          Min: 0, Avg: 2439.8, Max: 3551, Diff: 3551, Sum: 9759, Workers: 4
[286.831s][debug][gc,phases      ] GC(37)   JNI Weak                       Min:  0.0, Avg:  0.0, Max:  0.0, Diff:  0.0, Sum:  0.0, Workers: 4
[286.831s][debug][gc,phases      ] GC(37)     Dead                           Min: 0, Avg:  0.0, Max: 0, Diff: 0, Sum: 0, Workers: 4
[286.831s][debug][gc,phases      ] GC(37)     Total                          Min: 0, Avg: 11.2, Max: 45, Diff: 45, Sum: 45, Workers: 4
[286.831s][debug][gc,phases      ] GC(37)   StringDedup Table Weak         Min:  0.0, Avg:  0.0, Max:  0.0, Diff:  0.0, Sum:  0.0, Workers: 4
[286.831s][debug][gc,phases      ] GC(37)     Dead                           Min: 0, Avg:  0.0, Max: 0, Diff: 0, Sum: 0, Workers: 4
[286.831s][debug][gc,phases      ] GC(37)     Total                          Min: 0, Avg:  0.0, Max: 0, Diff: 0, Sum: 0, Workers: 4
[286.831s][debug][gc,phases      ] GC(37)   StringDedup Requests0 Weak     Min:  0.0, Avg:  0.0, Max:  0.0, Diff:  0.0, Sum:  0.0, Workers: 4
[286.831s][debug][gc,phases      ] GC(37)     Dead                           Min: 0, Avg:  0.0, Max: 0, Diff: 0, Sum: 0, Workers: 4
[286.831s][debug][gc,phases      ] GC(37)     Total                          Min: 0, Avg:  0.0, Max: 0, Diff: 0, Sum: 0, Workers: 4
[286.831s][debug][gc,phases      ] GC(37)   StringDedup Requests1 Weak     Min:  0.0, Avg:  0.0, Max:  0.0, Diff:  0.0, Sum:  0.0, Workers: 4
[286.831s][debug][gc,phases      ] GC(37)     Dead                           Min: 0, Avg:  0.0, Max: 0, Diff: 0, Sum: 0, Workers: 4
[286.831s][debug][gc,phases      ] GC(37)     Total                          Min: 0, Avg:  0.0, Max: 0, Diff: 0, Sum: 0, Workers: 4
[286.831s][debug][gc,phases      ] GC(37)   Weak JFR Old Object Samples    Min:  0.0, Avg:  0.0, Max:  0.0, Diff:  0.0, Sum:  0.0, Workers: 4
[286.831s][debug][gc,phases      ] GC(37)     Dead                           Min: 0, Avg:  0.0, Max: 0, Diff: 0, Sum: 0, Workers: 4
[286.831s][debug][gc,phases      ] GC(37)     Total                          Min: 0, Avg:  0.0, Max: 0, Diff: 0, Sum: 0, Workers: 4
[286.831s][debug][gc,phases      ] GC(37) Weak Processing 0.386ms
[286.831s][debug][gc,age         ] GC(37) Desired survivor size 283639808 bytes, new threshold 14 (max threshold 15)
[286.831s][info ][gc,heap        ] GC(37) PSYoungGen: 1546697K(1769984K)->84169K(1820160K) Eden: 1462784K(1462784K)->0K(1528832K) From: 83913K(307200K)->84169K(291328K)
[286.831s][info ][gc,heap        ] GC(37) ParOldGen: 474668K(662528K)->474668K(662528K)
[286.831s][info ][gc,metaspace   ] GC(37) Metaspace: 82088K(83200K)->82088K(83200K) NonClass: 70284K(70912K)->70284K(70912K) Class: 11803K(12288K)->11803K(12288K)
[286.831s][info ][gc             ] GC(37) Pause Young (Allocation Failure) 1973M->545M(2424M) 34.496ms
[286.831s][info ][gc,cpu         ] GC(37) User=0.09s Sys=0.00s Real=0.04s
[286.831s][info ][safepoint      ] Safepoint "ParallelGCFailedAllocation", Time since last: 303486367 ns, Reaching safepoint: 41002 ns, At safepoint: 34581669 ns, Total: 34622671 ns
[287.831s][info ][safepoint      ] Safepoint "Cleanup", Time since last: 1000093098 ns, Reaching safepoint: 33002 ns, At safepoint: 3100 ns, Total: 36102 ns
[288.831s][info ][safepoint      ] Safepoint "Cleanup", Time since last: 1000101298 ns, Reaching safepoint: 61505 ns, At safepoint: 7600 ns, Total: 69105 ns
[289.832s][info ][safepoint      ] Safepoint "Cleanup", Time since last: 1000110898 ns, Reaching safepoint: 35503 ns, At safepoint: 2700 ns, Total: 38203 ns
[291.832s][info ][safepoint      ] Safepoint "Cleanup", Time since last: 2000172992 ns, Reaching safepoint: 43103 ns, At safepoint: 3300 ns, Total: 46403 ns
[295.832s][info ][safepoint      ] Safepoint "Cleanup", Time since last: 4000299076 ns, Reaching safepoint: 46903 ns, At safepoint: 2900 ns, Total: 49803 ns
[296.832s][info ][safepoint      ] Safepoint "Cleanup", Time since last: 1000105296 ns, Reaching safepoint: 59304 ns, At safepoint: 3200 ns, Total: 62504 ns
[299.833s][info ][safepoint      ] Safepoint "Cleanup", Time since last: 3000207576 ns, Reaching safepoint: 50104 ns, At safepoint: 3600 ns, Total: 53704 ns
[300.833s][info ][safepoint      ] Safepoint "Cleanup", Time since last: 1000108194 ns, Reaching safepoint: 30402 ns, At safepoint: 3101 ns, Total: 33503 ns
[301.833s][info ][safepoint      ] Safepoint "Cleanup", Time since last: 1000088392 ns, Reaching safepoint: 39803 ns, At safepoint: 3200 ns, Total: 43003 ns
[303.923s][info ][safepoint      ] Safepoint "Cleanup", Time since last: 2089694774 ns, Reaching safepoint: 58604 ns, At safepoint: 2900 ns, Total: 61504 ns
[304.923s][info ][safepoint      ] Safepoint "Cleanup", Time since last: 1000116794 ns, Reaching safepoint: 51903 ns, At safepoint: 5701 ns, Total: 57604 ns
[305.923s][info ][safepoint      ] Safepoint "Cleanup", Time since last: 1000110892 ns, Reaching safepoint: 43703 ns, At safepoint: 3401 ns, Total: 47104 ns
[307.923s][info ][safepoint      ] Safepoint "Cleanup", Time since last: 2000147178 ns, Reaching safepoint: 42203 ns, At safepoint: 4501 ns, Total: 46704 ns
[308.923s][info ][safepoint      ] Safepoint "Cleanup", Time since last: 1000099090 ns, Reaching safepoint: 108608 ns, At safepoint: 3100 ns, Total: 111708 ns
[309.924s][info ][safepoint      ] Safepoint "Cleanup", Time since last: 1000108991 ns, Reaching safepoint: 41903 ns, At safepoint: 3601 ns, Total: 45504 ns
[310.924s][info ][safepoint      ] Safepoint "Cleanup", Time since last: 1000115591 ns, Reaching safepoint: 40503 ns, At safepoint: 2800 ns, Total: 43303 ns
[311.924s][info ][safepoint      ] Safepoint "Cleanup", Time since last: 1000108490 ns, Reaching safepoint: 57004 ns, At safepoint: 2900 ns, Total: 59904 ns
[312.924s][info ][safepoint      ] Safepoint "Cleanup", Time since last: 1000107690 ns, Reaching safepoint: 38403 ns, At safepoint: 6801 ns, Total: 45204 ns
[314.924s][info ][safepoint      ] Safepoint "Cleanup", Time since last: 2000169775 ns, Reaching safepoint: 38703 ns, At safepoint: 2900 ns, Total: 41603 ns
[315.924s][info ][safepoint      ] Safepoint "Cleanup", Time since last: 1000123190 ns, Reaching safepoint: 111308 ns, At safepoint: 4800 ns, Total: 116108 ns
[316.925s][info ][safepoint      ] Safepoint "Cleanup", Time since last: 1000116290 ns, Reaching safepoint: 45803 ns, At safepoint: 3500 ns, Total: 49303 ns
[317.749s][info ][gc,start       ] GC(38) Pause Young (Allocation Failure)
[317.782s][debug][gc,phases      ] GC(38) Scavenge 32.284ms
[317.782s][debug][gc,ref         ] GC(38) Skipped phase 1 of Reference Processing: no references
[317.782s][debug][gc,ref         ] GC(38) ReferenceProcessor::execute queues: 1, RefProcThreadModel::Single, marks_oops_alive: false
[317.782s][debug][gc,ref         ] GC(38) Skipped phase 3 of Reference Processing: no references
[317.782s][debug][gc,ref         ] GC(38) ReferenceProcessor::execute queues: 1, RefProcThreadModel::Single, marks_oops_alive: false
[317.782s][debug][gc,phases      ] GC(38) Reference Processing 0.127ms
[317.782s][debug][gc,phases      ] GC(38)   VM Weak                        Min:  0.0, Avg:  0.0, Max:  0.0, Diff:  0.0, Sum:  0.0, Workers: 4
[317.782s][debug][gc,phases      ] GC(38)     Dead                           Min: 0, Avg:  0.0, Max: 0, Diff: 0, Sum: 0, Workers: 4
[317.782s][debug][gc,phases      ] GC(38)     Total                          Min: 0, Avg: 220.8, Max: 576, Diff: 576, Sum: 883, Workers: 4
[317.782s][debug][gc,phases      ] GC(38)   ObjectSynchronizer Weak        Min:  0.0, Avg:  0.0, Max:  0.0, Diff:  0.0, Sum:  0.0, Workers: 4
[317.782s][debug][gc,phases      ] GC(38)     Dead                           Min: 0, Avg:  0.0, Max: 0, Diff: 0, Sum: 0, Workers: 4
[317.782s][debug][gc,phases      ] GC(38)     Total                          Min: 0, Avg: 23.0, Max: 64, Diff: 64, Sum: 92, Workers: 4
[317.782s][debug][gc,phases      ] GC(38)   JVMTI Tag Weak OopStorage      Min:  0.0, Avg:  0.0, Max:  0.0, Diff:  0.0, Sum:  0.0, Workers: 4
[317.782s][debug][gc,phases      ] GC(38)     Dead                           Min: 0, Avg:  0.0, Max: 0, Diff: 0, Sum: 0, Workers: 4
[317.782s][debug][gc,phases      ] GC(38)     Total                          Min: 0, Avg:  0.0, Max: 0, Diff: 0, Sum: 0, Workers: 4
[317.782s][debug][gc,phases      ] GC(38)   StringTable Weak               Min:  0.1, Avg:  0.1, Max:  0.1, Diff:  0.0, Sum:  0.5, Workers: 4
[317.782s][debug][gc,phases      ] GC(38)     Dead                           Min: 0, Avg:  0.0, Max: 0, Diff: 0, Sum: 0, Workers: 4
[317.782s][debug][gc,phases      ] GC(38)     Total                          Min: 10641, Avg: 10900.0, Max: 11200, Diff: 559, Sum: 43600, Workers: 4
[317.782s][debug][gc,phases      ] GC(38)   ResolvedMethodTable Weak       Min:  0.0, Avg:  0.0, Max:  0.0, Diff:  0.0, Sum:  0.1, Workers: 4
[317.782s][debug][gc,phases      ] GC(38)     Dead                           Min: 0, Avg:  0.0, Max: 0, Diff: 0, Sum: 0, Workers: 4
[317.782s][debug][gc,phases      ] GC(38)     Total                          Min: 2240, Avg: 2439.8, Max: 2527, Diff: 287, Sum: 9759, Workers: 4
[317.782s][debug][gc,phases      ] GC(38)   JNI Weak                       Min:  0.0, Avg:  0.0, Max:  0.0, Diff:  0.0, Sum:  0.0, Workers: 4
[317.782s][debug][gc,phases      ] GC(38)     Dead                           Min: 0, Avg:  0.0, Max: 0, Diff: 0, Sum: 0, Workers: 4
[317.782s][debug][gc,phases      ] GC(38)     Total                          Min: 0, Avg: 11.2, Max: 45, Diff: 45, Sum: 45, Workers: 4
[317.782s][debug][gc,phases      ] GC(38)   StringDedup Table Weak         Min:  0.0, Avg:  0.0, Max:  0.0, Diff:  0.0, Sum:  0.0, Workers: 4
[317.782s][debug][gc,phases      ] GC(38)     Dead                           Min: 0, Avg:  0.0, Max: 0, Diff: 0, Sum: 0, Workers: 4
[317.782s][debug][gc,phases      ] GC(38)     Total                          Min: 0, Avg:  0.0, Max: 0, Diff: 0, Sum: 0, Workers: 4
[317.782s][debug][gc,phases      ] GC(38)   StringDedup Requests0 Weak     Min:  0.0, Avg:  0.0, Max:  0.0, Diff:  0.0, Sum:  0.0, Workers: 4
[317.782s][debug][gc,phases      ] GC(38)     Dead                           Min: 0, Avg:  0.0, Max: 0, Diff: 0, Sum: 0, Workers: 4
[317.782s][debug][gc,phases      ] GC(38)     Total                          Min: 0, Avg:  0.0, Max: 0, Diff: 0, Sum: 0, Workers: 4
[317.782s][debug][gc,phases      ] GC(38)   StringDedup Requests1 Weak     Min:  0.0, Avg:  0.0, Max:  0.0, Diff:  0.0, Sum:  0.0, Workers: 4
[317.782s][debug][gc,phases      ] GC(38)     Dead                           Min: 0, Avg:  0.0, Max: 0, Diff: 0, Sum: 0, Workers: 4
[317.782s][debug][gc,phases      ] GC(38)     Total                          Min: 0, Avg:  0.0, Max: 0, Diff: 0, Sum: 0, Workers: 4
[317.782s][debug][gc,phases      ] GC(38)   Weak JFR Old Object Samples    Min:  0.0, Avg:  0.0, Max:  0.0, Diff:  0.0, Sum:  0.0, Workers: 4
[317.782s][debug][gc,phases      ] GC(38)     Dead                           Min: 0, Avg:  0.0, Max: 0, Diff: 0, Sum: 0, Workers: 4
[317.782s][debug][gc,phases      ] GC(38)     Total                          Min: 0, Avg:  0.0, Max: 0, Diff: 0, Sum: 0, Workers: 4
[317.782s][debug][gc,phases      ] GC(38) Weak Processing 0.343ms
[317.782s][debug][gc,age         ] GC(38) Desired survivor size 268959744 bytes, new threshold 15 (max threshold 15)
[317.782s][info ][gc,heap        ] GC(38) PSYoungGen: 1613001K(1820160K)->84433K(1805824K) Eden: 1528832K(1528832K)->0K(1528832K) From: 84169K(291328K)->84433K(276992K)
[317.782s][info ][gc,heap        ] GC(38) ParOldGen: 474668K(662528K)->474676K(662528K)
[317.782s][info ][gc,metaspace   ] GC(38) Metaspace: 82112K(83200K)->82112K(83200K) NonClass: 70308K(70912K)->70308K(70912K) Class: 11804K(12288K)->11804K(12288K)
[317.782s][info ][gc             ] GC(38) Pause Young (Allocation Failure) 2038M->546M(2410M) 32.898ms
[317.782s][info ][gc,cpu         ] GC(38) User=0.09s Sys=0.00s Real=0.04s
[317.782s][info ][safepoint      ] Safepoint "ParallelGCFailedAllocation", Time since last: 824455450 ns, Reaching safepoint: 112608 ns, At safepoint: 32982955 ns, Total: 33095563 ns
[319.782s][info ][safepoint      ] Safepoint "Cleanup", Time since last: 2000152171 ns, Reaching safepoint: 57404 ns, At safepoint: 3800 ns, Total: 61204 ns
[320.783s][info ][safepoint      ] Safepoint "Cleanup", Time since last: 1000106187 ns, Reaching safepoint: 41403 ns, At safepoint: 3101 ns, Total: 44504 ns
[323.101s][info ][safepoint      ] Safepoint "Cleanup", Time since last: 2318653303 ns, Reaching safepoint: 73505 ns, At safepoint: 6000 ns, Total: 79505 ns
[324.102s][info ][safepoint      ] Safepoint "Cleanup", Time since last: 1000135589 ns, Reaching safepoint: 146810 ns, At safepoint: 7801 ns, Total: 154611 ns
[325.102s][info ][safepoint      ] Safepoint "Cleanup", Time since last: 1000137188 ns, Reaching safepoint: 118408 ns, At safepoint: 7901 ns, Total: 126309 ns
[327.102s][info ][safepoint      ] Safepoint "Cleanup", Time since last: 2000220671 ns, Reaching safepoint: 119808 ns, At safepoint: 9901 ns, Total: 129709 ns
[328.102s][info ][safepoint      ] Safepoint "Cleanup", Time since last: 1000145788 ns, Reaching safepoint: 140610 ns, At safepoint: 7800 ns, Total: 148410 ns
[329.103s][info ][safepoint      ] Safepoint "Cleanup", Time since last: 1000127186 ns, Reaching safepoint: 117509 ns, At safepoint: 5800 ns, Total: 123309 ns
[332.103s][info ][safepoint      ] Safepoint "Cleanup", Time since last: 3000281649 ns, Reaching safepoint: 136409 ns, At safepoint: 7901 ns, Total: 144310 ns
[334.104s][info ][safepoint      ] Safepoint "Cleanup", Time since last: 2000205265 ns, Reaching safepoint: 125409 ns, At safepoint: 10801 ns, Total: 136210 ns
[335.104s][info ][safepoint      ] Safepoint "Cleanup", Time since last: 1000126684 ns, Reaching safepoint: 114408 ns, At safepoint: 6501 ns, Total: 120909 ns
[340.104s][info ][safepoint      ] Safepoint "Cleanup", Time since last: 5000443301 ns, Reaching safepoint: 138110 ns, At safepoint: 9001 ns, Total: 147111 ns
[341.105s][info ][safepoint      ] Safepoint "Cleanup", Time since last: 1000134482 ns, Reaching safepoint: 126309 ns, At safepoint: 7101 ns, Total: 133410 ns
[344.105s][info ][safepoint      ] Safepoint "Cleanup", Time since last: 3000280937 ns, Reaching safepoint: 123509 ns, At safepoint: 5700 ns, Total: 129209 ns
[346.106s][info ][safepoint      ] Safepoint "Cleanup", Time since last: 2000210858 ns, Reaching safepoint: 261719 ns, At safepoint: 7700 ns, Total: 269419 ns
[347.106s][info ][safepoint      ] Safepoint "Cleanup", Time since last: 1000126181 ns, Reaching safepoint: 121108 ns, At safepoint: 5701 ns, Total: 126809 ns
[347.254s][info ][gc,start       ] GC(39) Pause Young (Allocation Failure)
[347.287s][debug][gc,phases      ] GC(39) Scavenge 32.044ms
[347.287s][debug][gc,ref         ] GC(39) Skipped phase 1 of Reference Processing: no references
[347.287s][debug][gc,ref         ] GC(39) ReferenceProcessor::execute queues: 1, RefProcThreadModel::Single, marks_oops_alive: false
[347.287s][debug][gc,ref         ] GC(39) Skipped phase 3 of Reference Processing: no references
[347.287s][debug][gc,ref         ] GC(39) ReferenceProcessor::execute queues: 1, RefProcThreadModel::Single, marks_oops_alive: false
[347.287s][debug][gc,phases      ] GC(39) Reference Processing 0.135ms
[347.287s][debug][gc,phases      ] GC(39)   VM Weak                        Min:  0.0, Avg:  0.0, Max:  0.0, Diff:  0.0, Sum:  0.0, Workers: 4
[347.287s][debug][gc,phases      ] GC(39)     Dead                           Min: 0, Avg:  0.0, Max: 0, Diff: 0, Sum: 0, Workers: 4
[347.287s][debug][gc,phases      ] GC(39)     Total                          Min: 0, Avg: 221.0, Max: 704, Diff: 704, Sum: 884, Workers: 4
[347.287s][debug][gc,phases      ] GC(39)   ObjectSynchronizer Weak        Min:  0.0, Avg:  0.0, Max:  0.0, Diff:  0.0, Sum:  0.0, Workers: 4
[347.287s][debug][gc,phases      ] GC(39)     Dead                           Min: 0, Avg:  1.0, Max: 4, Diff: 4, Sum: 4, Workers: 4
[347.287s][debug][gc,phases      ] GC(39)     Total                          Min: 0, Avg: 24.0, Max: 64, Diff: 64, Sum: 96, Workers: 4
[347.287s][debug][gc,phases      ] GC(39)   JVMTI Tag Weak OopStorage      Min:  0.0, Avg:  0.0, Max:  0.0, Diff:  0.0, Sum:  0.0, Workers: 4
[347.287s][debug][gc,phases      ] GC(39)     Dead                           Min: 0, Avg:  0.0, Max: 0, Diff: 0, Sum: 0, Workers: 4
[347.287s][debug][gc,phases      ] GC(39)     Total                          Min: 0, Avg:  0.0, Max: 0, Diff: 0, Sum: 0, Workers: 4
[347.287s][debug][gc,phases      ] GC(39)   StringTable Weak               Min:  0.1, Avg:  0.1, Max:  0.1, Diff:  0.0, Sum:  0.5, Workers: 4
[347.287s][debug][gc,phases      ] GC(39)     Dead                           Min: 0, Avg:  0.5, Max: 2, Diff: 2, Sum: 2, Workers: 4
[347.287s][debug][gc,phases      ] GC(39)     Total                          Min: 10112, Avg: 10910.5, Max: 11899, Diff: 1787, Sum: 43642, Workers: 4
[347.287s][debug][gc,phases      ] GC(39)   ResolvedMethodTable Weak       Min:  0.0, Avg:  0.0, Max:  0.0, Diff:  0.0, Sum:  0.1, Workers: 4
[347.287s][debug][gc,phases      ] GC(39)     Dead                           Min: 0, Avg:  0.0, Max: 0, Diff: 0, Sum: 0, Workers: 4
[347.287s][debug][gc,phases      ] GC(39)     Total                          Min: 2304, Avg: 2449.2, Max: 2693, Diff: 389, Sum: 9797, Workers: 4
[347.287s][debug][gc,phases      ] GC(39)   JNI Weak                       Min:  0.0, Avg:  0.0, Max:  0.0, Diff:  0.0, Sum:  0.0, Workers: 4
[347.287s][debug][gc,phases      ] GC(39)     Dead                           Min: 0, Avg:  0.0, Max: 0, Diff: 0, Sum: 0, Workers: 4
[347.287s][debug][gc,phases      ] GC(39)     Total                          Min: 0, Avg: 11.2, Max: 45, Diff: 45, Sum: 45, Workers: 4
[347.287s][debug][gc,phases      ] GC(39)   StringDedup Table Weak         Min:  0.0, Avg:  0.0, Max:  0.0, Diff:  0.0, Sum:  0.0, Workers: 4
[347.287s][debug][gc,phases      ] GC(39)     Dead                           Min: 0, Avg:  0.0, Max: 0, Diff: 0, Sum: 0, Workers: 4
[347.287s][debug][gc,phases      ] GC(39)     Total                          Min: 0, Avg:  0.0, Max: 0, Diff: 0, Sum: 0, Workers: 4
[347.287s][debug][gc,phases      ] GC(39)   StringDedup Requests0 Weak     Min:  0.0, Avg:  0.0, Max:  0.0, Diff:  0.0, Sum:  0.0, Workers: 4
[347.287s][debug][gc,phases      ] GC(39)     Dead                           Min: 0, Avg:  0.0, Max: 0, Diff: 0, Sum: 0, Workers: 4
[347.287s][debug][gc,phases      ] GC(39)     Total                          Min: 0, Avg:  0.0, Max: 0, Diff: 0, Sum: 0, Workers: 4
[347.287s][debug][gc,phases      ] GC(39)   StringDedup Requests1 Weak     Min:  0.0, Avg:  0.0, Max:  0.0, Diff:  0.0, Sum:  0.0, Workers: 4
[347.287s][debug][gc,phases      ] GC(39)     Dead                           Min: 0, Avg:  0.0, Max: 0, Diff: 0, Sum: 0, Workers: 4
[347.287s][debug][gc,phases      ] GC(39)     Total                          Min: 0, Avg:  0.0, Max: 0, Diff: 0, Sum: 0, Workers: 4
[347.287s][debug][gc,phases      ] GC(39)   Weak JFR Old Object Samples    Min:  0.0, Avg:  0.0, Max:  0.0, Diff:  0.0, Sum:  0.0, Workers: 4
[347.287s][debug][gc,phases      ] GC(39)     Dead                           Min: 0, Avg:  0.0, Max: 0, Diff: 0, Sum: 0, Workers: 4
[347.287s][debug][gc,phases      ] GC(39)     Total                          Min: 0, Avg:  0.0, Max: 0, Diff: 0, Sum: 0, Workers: 4
[347.287s][debug][gc,phases      ] GC(39) Weak Processing 0.352ms
[347.287s][debug][gc,age         ] GC(39) Desired survivor size 255852544 bytes, new threshold 15 (max threshold 15)
[347.287s][info ][gc,heap        ] GC(39) PSYoungGen: 1613265K(1805824K)->84801K(1847296K) Eden: 1528832K(1528832K)->0K(1584640K) From: 84433K(276992K)->84801K(262656K)
[347.287s][info ][gc,heap        ] GC(39) ParOldGen: 474676K(662528K)->474684K(662528K)
[347.287s][info ][gc,metaspace   ] GC(39) Metaspace: 82359K(83520K)->82359K(83520K) NonClass: 70530K(71168K)->70530K(71168K) Class: 11829K(12352K)->11829K(12352K)
[347.287s][info ][gc             ] GC(39) Pause Young (Allocation Failure) 2039M->546M(2451M) 32.654ms
[347.287s][info ][gc,cpu         ] GC(39) User=0.09s Sys=0.00s Real=0.03s
[347.287s][info ][safepoint      ] Safepoint "ParallelGCFailedAllocation", Time since last: 148614606 ns, Reaching safepoint: 25802 ns, At safepoint: 32726136 ns, Total: 32751938 ns
[350.287s][info ][safepoint      ] Safepoint "Cleanup", Time since last: 3000216427 ns, Reaching safepoint: 55904 ns, At safepoint: 3000 ns, Total: 58904 ns
[351.288s][info ][safepoint      ] Safepoint "Cleanup", Time since last: 1000108277 ns, Reaching safepoint: 52104 ns, At safepoint: 3500 ns, Total: 55604 ns
[352.288s][info ][safepoint      ] Safepoint "Cleanup", Time since last: 1000111978 ns, Reaching safepoint: 37202 ns, At safepoint: 2701 ns, Total: 39903 ns
[353.288s][info ][safepoint      ] Safepoint "Cleanup", Time since last: 1000109676 ns, Reaching safepoint: 58405 ns, At safepoint: 4000 ns, Total: 62405 ns
[354.288s][info ][safepoint      ] Safepoint "Cleanup", Time since last: 1000084075 ns, Reaching safepoint: 51003 ns, At safepoint: 5901 ns, Total: 56904 ns
[355.288s][info ][safepoint      ] Safepoint "Cleanup", Time since last: 1000113676 ns, Reaching safepoint: 64905 ns, At safepoint: 3000 ns, Total: 67905 ns
[356.288s][info ][safepoint      ] Safepoint "Cleanup", Time since last: 1000121677 ns, Reaching safepoint: 36903 ns, At safepoint: 2800 ns, Total: 39703 ns
[358.289s][info ][safepoint      ] Safepoint "Cleanup", Time since last: 2000187249 ns, Reaching safepoint: 50904 ns, At safepoint: 3000 ns, Total: 53904 ns
[360.289s][info ][safepoint      ] Safepoint "Cleanup", Time since last: 2000176747 ns, Reaching safepoint: 53203 ns, At safepoint: 2801 ns, Total: 56004 ns
[363.289s][info ][safepoint      ] Safepoint "Cleanup", Time since last: 3000254617 ns, Reaching safepoint: 40003 ns, At safepoint: 3100 ns, Total: 43103 ns
[366.289s][info ][safepoint      ] Safepoint "Cleanup", Time since last: 3000249714 ns, Reaching safepoint: 54304 ns, At safepoint: 8101 ns, Total: 62405 ns
[367.290s][info ][safepoint      ] Safepoint "Cleanup", Time since last: 1000109272 ns, Reaching safepoint: 44503 ns, At safepoint: 3601 ns, Total: 48104 ns
[368.290s][info ][safepoint      ] Safepoint "Cleanup", Time since last: 1000117172 ns, Reaching safepoint: 48204 ns, At safepoint: 6600 ns, Total: 54804 ns
[370.290s][info ][safepoint      ] Safepoint "Cleanup", Time since last: 2000189042 ns, Reaching safepoint: 47503 ns, At safepoint: 2501 ns, Total: 50004 ns
[371.290s][info ][safepoint      ] Safepoint "Cleanup", Time since last: 1000116972 ns, Reaching safepoint: 46603 ns, At safepoint: 3000 ns, Total: 49603 ns
[374.503s][info ][safepoint      ] Safepoint "Cleanup", Time since last: 3213096396 ns, Reaching safepoint: 137310 ns, At safepoint: 6701 ns, Total: 144011 ns
[376.504s][info ][safepoint      ] Safepoint "Cleanup", Time since last: 2000226740 ns, Reaching safepoint: 122609 ns, At safepoint: 6100 ns, Total: 128709 ns
[378.504s][info ][safepoint      ] Safepoint "Cleanup", Time since last: 2000197738 ns, Reaching safepoint: 123408 ns, At safepoint: 7501 ns, Total: 130909 ns
[379.504s][info ][safepoint      ] Safepoint "Cleanup", Time since last: 1000112269 ns, Reaching safepoint: 122209 ns, At safepoint: 7500 ns, Total: 129709 ns
[379.761s][info ][gc,start       ] GC(40) Pause Young (Allocation Failure)
[379.792s][debug][gc,phases      ] GC(40) Scavenge 30.845ms
[379.792s][debug][gc,ref         ] GC(40) Skipped phase 1 of Reference Processing: no references
[379.792s][debug][gc,ref         ] GC(40) ReferenceProcessor::execute queues: 1, RefProcThreadModel::Single, marks_oops_alive: false
[379.792s][debug][gc,ref         ] GC(40) Skipped phase 3 of Reference Processing: no references
[379.792s][debug][gc,ref         ] GC(40) ReferenceProcessor::execute queues: 1, RefProcThreadModel::Single, marks_oops_alive: false
[379.792s][debug][gc,phases      ] GC(40) Reference Processing 0.161ms
[379.792s][debug][gc,phases      ] GC(40)   VM Weak                        Min:  0.0, Avg:  0.0, Max:  0.0, Diff:  0.0, Sum:  0.0, Workers: 4
[379.792s][debug][gc,phases      ] GC(40)     Dead                           Min: 0, Avg:  0.0, Max: 0, Diff: 0, Sum: 0, Workers: 4
[379.792s][debug][gc,phases      ] GC(40)     Total                          Min: 0, Avg: 221.0, Max: 384, Diff: 384, Sum: 884, Workers: 4
[379.792s][debug][gc,phases      ] GC(40)   ObjectSynchronizer Weak        Min:  0.0, Avg:  0.0, Max:  0.0, Diff:  0.0, Sum:  0.0, Workers: 4
[379.792s][debug][gc,phases      ] GC(40)     Dead                           Min: 0, Avg:  0.0, Max: 0, Diff: 0, Sum: 0, Workers: 4
[379.792s][debug][gc,phases      ] GC(40)     Total                          Min: 0, Avg: 24.0, Max: 64, Diff: 64, Sum: 96, Workers: 4
[379.792s][debug][gc,phases      ] GC(40)   JVMTI Tag Weak OopStorage      Min:  0.0, Avg:  0.0, Max:  0.0, Diff:  0.0, Sum:  0.0, Workers: 4
[379.792s][debug][gc,phases      ] GC(40)     Dead                           Min: 0, Avg:  0.0, Max: 0, Diff: 0, Sum: 0, Workers: 4
[379.792s][debug][gc,phases      ] GC(40)     Total                          Min: 0, Avg:  0.0, Max: 0, Diff: 0, Sum: 0, Workers: 4
[379.792s][debug][gc,phases      ] GC(40)   StringTable Weak               Min:  0.0, Avg:  0.1, Max:  0.2, Diff:  0.2, Sum:  0.5, Workers: 4
[379.792s][debug][gc,phases      ] GC(40)     Dead                           Min: 0, Avg:  0.0, Max: 0, Diff: 0, Sum: 0, Workers: 4
[379.792s][debug][gc,phases      ] GC(40)     Total                          Min: 0, Avg: 10911.0, Max: 14848, Diff: 14848, Sum: 43644, Workers: 4
[379.792s][debug][gc,phases      ] GC(40)   ResolvedMethodTable Weak       Min:  0.0, Avg:  0.0, Max:  0.0, Diff:  0.0, Sum:  0.1, Workers: 4
[379.792s][debug][gc,phases      ] GC(40)     Dead                           Min: 0, Avg:  0.0, Max: 0, Diff: 0, Sum: 0, Workers: 4
[379.792s][debug][gc,phases      ] GC(40)     Total                          Min: 0, Avg: 2449.8, Max: 3456, Diff: 3456, Sum: 9799, Workers: 4
[379.792s][debug][gc,phases      ] GC(40)   JNI Weak                       Min:  0.0, Avg:  0.0, Max:  0.0, Diff:  0.0, Sum:  0.0, Workers: 4
[379.792s][debug][gc,phases      ] GC(40)     Dead                           Min: 0, Avg:  0.0, Max: 0, Diff: 0, Sum: 0, Workers: 4
[379.792s][debug][gc,phases      ] GC(40)     Total                          Min: 0, Avg: 11.2, Max: 45, Diff: 45, Sum: 45, Workers: 4
[379.792s][debug][gc,phases      ] GC(40)   StringDedup Table Weak         Min:  0.0, Avg:  0.0, Max:  0.0, Diff:  0.0, Sum:  0.0, Workers: 4
[379.792s][debug][gc,phases      ] GC(40)     Dead                           Min: 0, Avg:  0.0, Max: 0, Diff: 0, Sum: 0, Workers: 4
[379.792s][debug][gc,phases      ] GC(40)     Total                          Min: 0, Avg:  0.0, Max: 0, Diff: 0, Sum: 0, Workers: 4
[379.792s][debug][gc,phases      ] GC(40)   StringDedup Requests0 Weak     Min:  0.0, Avg:  0.0, Max:  0.0, Diff:  0.0, Sum:  0.0, Workers: 4
[379.792s][debug][gc,phases      ] GC(40)     Dead                           Min: 0, Avg:  0.0, Max: 0, Diff: 0, Sum: 0, Workers: 4
[379.792s][debug][gc,phases      ] GC(40)     Total                          Min: 0, Avg:  0.0, Max: 0, Diff: 0, Sum: 0, Workers: 4
[379.792s][debug][gc,phases      ] GC(40)   StringDedup Requests1 Weak     Min:  0.0, Avg:  0.0, Max:  0.0, Diff:  0.0, Sum:  0.0, Workers: 4
[379.792s][debug][gc,phases      ] GC(40)     Dead                           Min: 0, Avg:  0.0, Max: 0, Diff: 0, Sum: 0, Workers: 4
[379.792s][debug][gc,phases      ] GC(40)     Total                          Min: 0, Avg:  0.0, Max: 0, Diff: 0, Sum: 0, Workers: 4
[379.792s][debug][gc,phases      ] GC(40)   Weak JFR Old Object Samples    Min:  0.0, Avg:  0.0, Max:  0.0, Diff:  0.0, Sum:  0.0, Workers: 4
[379.792s][debug][gc,phases      ] GC(40)     Dead                           Min: 0, Avg:  0.0, Max: 0, Diff: 0, Sum: 0, Workers: 4
[379.792s][debug][gc,phases      ] GC(40)     Total                          Min: 0, Avg:  0.0, Max: 0, Diff: 0, Sum: 0, Workers: 4
[379.792s][debug][gc,phases      ] GC(40) Weak Processing 0.438ms
[379.792s][debug][gc,age         ] GC(40) Desired survivor size 243269632 bytes, new threshold 15 (max threshold 15)
[379.792s][info ][gc,heap        ] GC(40) PSYoungGen: 1669441K(1847296K)->85137K(1834496K) Eden: 1584640K(1584640K)->0K(1584640K) From: 84801K(262656K)->85137K(249856K)
[379.792s][info ][gc,heap        ] GC(40) ParOldGen: 474684K(662528K)->474684K(662528K)
[379.792s][info ][gc,metaspace   ] GC(40) Metaspace: 82383K(83520K)->82383K(83520K) NonClass: 70553K(71168K)->70553K(71168K) Class: 11829K(12352K)->11829K(12352K)
[379.792s][info ][gc             ] GC(40) Pause Young (Allocation Failure) 2093M->546M(2438M) 31.611ms
[379.792s][info ][gc,cpu         ] GC(40) User=0.08s Sys=0.01s Real=0.03s
[379.793s][info ][safepoint      ] Safepoint "ParallelGCFailedAllocation", Time since last: 256420399 ns, Reaching safepoint: 40403 ns, At safepoint: 31694061 ns, Total: 31734464 ns
[382.627s][info ][safepoint      ] Safepoint "Cleanup", Time since last: 2834559376 ns, Reaching safepoint: 114608 ns, At safepoint: 5601 ns, Total: 120209 ns
[383.627s][info ][safepoint      ] Safepoint "Cleanup", Time since last: 1000108267 ns, Reaching safepoint: 59405 ns, At safepoint: 3000 ns, Total: 62405 ns
[385.511s][info ][safepoint      ] Safepoint "Cleanup", Time since last: 1883948838 ns, Reaching safepoint: 34202 ns, At safepoint: 7100 ns, Total: 41302 ns
[386.512s][info ][safepoint      ] Safepoint "Cleanup", Time since last: 1000118268 ns, Reaching safepoint: 47403 ns, At safepoint: 43804 ns, Total: 91207 ns
[387.512s][info ][safepoint      ] Safepoint "Cleanup", Time since last: 1000110266 ns, Reaching safepoint: 48304 ns, At safepoint: 3200 ns, Total: 51504 ns
[389.512s][info ][safepoint      ] Safepoint "Cleanup", Time since last: 2000210832 ns, Reaching safepoint: 41603 ns, At safepoint: 6600 ns, Total: 48203 ns
[390.512s][info ][safepoint      ] Safepoint "Cleanup", Time since last: 1000106666 ns, Reaching safepoint: 54404 ns, At safepoint: 10200 ns, Total: 64604 ns
[391.512s][info ][safepoint      ] Safepoint "Cleanup", Time since last: 1000117366 ns, Reaching safepoint: 51504 ns, At safepoint: 2800 ns, Total: 54304 ns
[392.512s][info ][safepoint      ] Safepoint "Cleanup", Time since last: 1000116566 ns, Reaching safepoint: 44303 ns, At safepoint: 3500 ns, Total: 47803 ns
[394.514s][info ][safepoint      ] Safepoint "Cleanup", Time since last: 2001813644 ns, Reaching safepoint: 52403 ns, At safepoint: 3200 ns, Total: 55603 ns
[400.515s][info ][safepoint      ] Safepoint "Cleanup", Time since last: 6000447367 ns, Reaching safepoint: 129409 ns, At safepoint: 7101 ns, Total: 136510 ns
[401.515s][info ][safepoint      ] Safepoint "Cleanup", Time since last: 1000116263 ns, Reaching safepoint: 38003 ns, At safepoint: 10500 ns, Total: 48503 ns
[403.515s][info ][safepoint      ] Safepoint "Cleanup", Time since last: 2000183822 ns, Reaching safepoint: 41303 ns, At safepoint: 3000 ns, Total: 44303 ns
[408.516s][info ][safepoint      ] Safepoint "Cleanup", Time since last: 5000375594 ns, Reaching safepoint: 46503 ns, At safepoint: 4401 ns, Total: 50904 ns
[409.516s][info ][safepoint      ] Safepoint "Cleanup", Time since last: 1000120461 ns, Reaching safepoint: 40703 ns, At safepoint: 2800 ns, Total: 43503 ns
[410.516s][info ][safepoint      ] Safepoint "Cleanup", Time since last: 1000111860 ns, Reaching safepoint: 41303 ns, At safepoint: 3100 ns, Total: 44403 ns
[414.507s][info ][gc,start       ] GC(41) Pause Young (Allocation Failure)
[414.574s][debug][gc,phases      ] GC(41) Scavenge 67.122ms
[414.574s][debug][gc,ref         ] GC(41) Skipped phase 1 of Reference Processing: no references
[414.574s][debug][gc,ref         ] GC(41) ReferenceProcessor::execute queues: 1, RefProcThreadModel::Single, marks_oops_alive: false
[414.574s][debug][gc,ref         ] GC(41) Skipped phase 3 of Reference Processing: no references
[414.574s][debug][gc,ref         ] GC(41) ReferenceProcessor::execute queues: 1, RefProcThreadModel::Single, marks_oops_alive: false
[414.574s][debug][gc,phases      ] GC(41) Reference Processing 0.140ms
[414.575s][debug][gc,phases      ] GC(41)   VM Weak                        Min:  0.0, Avg:  0.0, Max:  0.0, Diff:  0.0, Sum:  0.0, Workers: 4
[414.575s][debug][gc,phases      ] GC(41)     Dead                           Min: 0, Avg:  0.0, Max: 0, Diff: 0, Sum: 0, Workers: 4
[414.575s][debug][gc,phases      ] GC(41)     Total                          Min: 0, Avg: 221.0, Max: 500, Diff: 500, Sum: 884, Workers: 4
[414.575s][debug][gc,phases      ] GC(41)   ObjectSynchronizer Weak        Min:  0.0, Avg:  0.0, Max:  0.0, Diff:  0.0, Sum:  0.0, Workers: 4
[414.575s][debug][gc,phases      ] GC(41)     Dead                           Min: 0, Avg:  0.0, Max: 0, Diff: 0, Sum: 0, Workers: 4
[414.575s][debug][gc,phases      ] GC(41)     Total                          Min: 0, Avg: 24.0, Max: 64, Diff: 64, Sum: 96, Workers: 4
[414.575s][debug][gc,phases      ] GC(41)   JVMTI Tag Weak OopStorage      Min:  0.0, Avg:  0.0, Max:  0.0, Diff:  0.0, Sum:  0.0, Workers: 4
[414.575s][debug][gc,phases      ] GC(41)     Dead                           Min: 0, Avg:  0.0, Max: 0, Diff: 0, Sum: 0, Workers: 4
[414.575s][debug][gc,phases      ] GC(41)     Total                          Min: 0, Avg:  0.0, Max: 0, Diff: 0, Sum: 0, Workers: 4
[414.575s][debug][gc,phases      ] GC(41)   StringTable Weak               Min:  0.0, Avg:  0.1, Max:  0.2, Diff:  0.2, Sum:  0.4, Workers: 4
[414.575s][debug][gc,phases      ] GC(41)     Dead                           Min: 0, Avg:  0.0, Max: 0, Diff: 0, Sum: 0, Workers: 4
[414.575s][debug][gc,phases      ] GC(41)     Total                          Min: 0, Avg: 10911.0, Max: 22653, Diff: 22653, Sum: 43644, Workers: 4
[414.575s][debug][gc,phases      ] GC(41)   ResolvedMethodTable Weak       Min:  0.0, Avg:  0.0, Max:  0.0, Diff:  0.0, Sum:  0.1, Workers: 4
[414.575s][debug][gc,phases      ] GC(41)     Dead                           Min: 0, Avg:  0.0, Max: 0, Diff: 0, Sum: 0, Workers: 4
[414.575s][debug][gc,phases      ] GC(41)     Total                          Min: 0, Avg: 2449.8, Max: 5184, Diff: 5184, Sum: 9799, Workers: 4
[414.575s][debug][gc,phases      ] GC(41)   JNI Weak                       Min:  0.0, Avg:  0.0, Max:  0.0, Diff:  0.0, Sum:  0.0, Workers: 4
[414.575s][debug][gc,phases      ] GC(41)     Dead                           Min: 0, Avg:  0.0, Max: 0, Diff: 0, Sum: 0, Workers: 4
[414.575s][debug][gc,phases      ] GC(41)     Total                          Min: 0, Avg: 11.2, Max: 45, Diff: 45, Sum: 45, Workers: 4
[414.575s][debug][gc,phases      ] GC(41)   StringDedup Table Weak         Min:  0.0, Avg:  0.0, Max:  0.0, Diff:  0.0, Sum:  0.0, Workers: 4
[414.575s][debug][gc,phases      ] GC(41)     Dead                           Min: 0, Avg:  0.0, Max: 0, Diff: 0, Sum: 0, Workers: 4
[414.575s][debug][gc,phases      ] GC(41)     Total                          Min: 0, Avg:  0.0, Max: 0, Diff: 0, Sum: 0, Workers: 4
[414.575s][debug][gc,phases      ] GC(41)   StringDedup Requests0 Weak     Min:  0.0, Avg:  0.0, Max:  0.0, Diff:  0.0, Sum:  0.0, Workers: 4
[414.575s][debug][gc,phases      ] GC(41)     Dead                           Min: 0, Avg:  0.0, Max: 0, Diff: 0, Sum: 0, Workers: 4
[414.575s][debug][gc,phases      ] GC(41)     Total                          Min: 0, Avg:  0.0, Max: 0, Diff: 0, Sum: 0, Workers: 4
[414.575s][debug][gc,phases      ] GC(41)   StringDedup Requests1 Weak     Min:  0.0, Avg:  0.0, Max:  0.0, Diff:  0.0, Sum:  0.0, Workers: 4
[414.575s][debug][gc,phases      ] GC(41)     Dead                           Min: 0, Avg:  0.0, Max: 0, Diff: 0, Sum: 0, Workers: 4
[414.575s][debug][gc,phases      ] GC(41)     Total                          Min: 0, Avg:  0.0, Max: 0, Diff: 0, Sum: 0, Workers: 4
[414.575s][debug][gc,phases      ] GC(41)   Weak JFR Old Object Samples    Min:  0.0, Avg:  0.0, Max:  0.0, Diff:  0.0, Sum:  0.0, Workers: 4
[414.575s][debug][gc,phases      ] GC(41)     Dead                           Min: 0, Avg:  0.0, Max: 0, Diff: 0, Sum: 0, Workers: 4
[414.575s][debug][gc,phases      ] GC(41)     Total                          Min: 0, Avg:  0.0, Max: 0, Diff: 0, Sum: 0, Workers: 4
[414.575s][debug][gc,phases      ] GC(41) Weak Processing 0.517ms
[414.575s][debug][gc,age         ] GC(41) Desired survivor size 233832448 bytes, new threshold 15 (max threshold 15)
[414.575s][info ][gc,heap        ] GC(41) PSYoungGen: 1669777K(1834496K)->71209K(1868800K) Eden: 1584640K(1584640K)->0K(1631232K) From: 85137K(249856K)->71209K(237568K)
[414.575s][info ][gc,heap        ] GC(41) ParOldGen: 474684K(662528K)->489524K(662528K)
[414.575s][info ][gc,metaspace   ] GC(41) Metaspace: 82388K(83520K)->82388K(83520K) NonClass: 70559K(71168K)->70559K(71168K) Class: 11829K(12352K)->11829K(12352K)
[414.575s][info ][gc             ] GC(41) Pause Young (Allocation Failure) 2094M->547M(2472M) 67.936ms
[414.575s][info ][gc,cpu         ] GC(41) User=0.12s Sys=0.00s Real=0.07s
[414.575s][info ][safepoint      ] Safepoint "ParallelGCFailedAllocation", Time since last: 3990966862 ns, Reaching safepoint: 37103 ns, At safepoint: 68018353 ns, Total: 68055456 ns
[420.576s][info ][safepoint      ] Safepoint "Cleanup", Time since last: 6000440732 ns, Reaching safepoint: 122909 ns, At safepoint: 4600 ns, Total: 127509 ns
[425.576s][info ][safepoint      ] Safepoint "Cleanup", Time since last: 5000394872 ns, Reaching safepoint: 60604 ns, At safepoint: 3700 ns, Total: 64304 ns
[426.576s][info ][safepoint      ] Safepoint "Cleanup", Time since last: 1000090655 ns, Reaching safepoint: 53903 ns, At safepoint: 4101 ns, Total: 58004 ns
[427.577s][info ][safepoint      ] Safepoint "Cleanup", Time since last: 1000110855 ns, Reaching safepoint: 147011 ns, At safepoint: 4900 ns, Total: 151911 ns
[428.577s][info ][safepoint      ] Safepoint "Cleanup", Time since last: 1000123256 ns, Reaching safepoint: 53404 ns, At safepoint: 3100 ns, Total: 56504 ns
[431.577s][info ][safepoint      ] Safepoint "Cleanup", Time since last: 3000250258 ns, Reaching safepoint: 59005 ns, At safepoint: 4100 ns, Total: 63105 ns
[433.577s][info ][safepoint      ] Safepoint "Cleanup", Time since last: 2000225508 ns, Reaching safepoint: 57004 ns, At safepoint: 3500 ns, Total: 60504 ns
[434.577s][info ][safepoint      ] Safepoint "Cleanup", Time since last: 1000115254 ns, Reaching safepoint: 49004 ns, At safepoint: 2800 ns, Total: 51804 ns
[435.578s][info ][safepoint      ] Safepoint "Cleanup", Time since last: 1000120354 ns, Reaching safepoint: 46203 ns, At safepoint: 7701 ns, Total: 53904 ns
[436.578s][info ][safepoint      ] Safepoint "Cleanup", Time since last: 1000120454 ns, Reaching safepoint: 45603 ns, At safepoint: 4700 ns, Total: 50303 ns
[439.578s][info ][safepoint      ] Safepoint "Cleanup", Time since last: 3000263053 ns, Reaching safepoint: 79306 ns, At safepoint: 2800 ns, Total: 82106 ns
[440.578s][info ][safepoint      ] Safepoint "Cleanup", Time since last: 1000120553 ns, Reaching safepoint: 73505 ns, At safepoint: 6200 ns, Total: 79705 ns
[441.579s][info ][safepoint      ] Safepoint "Cleanup", Time since last: 1000127753 ns, Reaching safepoint: 45803 ns, At safepoint: 6801 ns, Total: 52604 ns
[442.579s][info ][safepoint      ] Safepoint "Cleanup", Time since last: 1000123152 ns, Reaching safepoint: 49604 ns, At safepoint: 2900 ns, Total: 52504 ns
[443.579s][info ][safepoint      ] Safepoint "Cleanup", Time since last: 1000111751 ns, Reaching safepoint: 45304 ns, At safepoint: 4300 ns, Total: 49604 ns
[444.579s][info ][safepoint      ] Safepoint "Cleanup", Time since last: 1000114751 ns, Reaching safepoint: 49904 ns, At safepoint: 3800 ns, Total: 53704 ns
[446.579s][info ][safepoint      ] Safepoint "Cleanup", Time since last: 2000169797 ns, Reaching safepoint: 47204 ns, At safepoint: 3400 ns, Total: 50604 ns
[447.124s][info ][gc,start       ] GC(42) Pause Young (Allocation Failure)
[447.150s][debug][gc,phases      ] GC(42) Scavenge 25.632ms
[447.150s][debug][gc,ref         ] GC(42) Skipped phase 1 of Reference Processing: no references
[447.150s][debug][gc,ref         ] GC(42) ReferenceProcessor::execute queues: 1, RefProcThreadModel::Single, marks_oops_alive: false
[447.150s][debug][gc,ref         ] GC(42) Skipped phase 3 of Reference Processing: no references
[447.150s][debug][gc,ref         ] GC(42) ReferenceProcessor::execute queues: 1, RefProcThreadModel::Single, marks_oops_alive: false
[447.150s][debug][gc,phases      ] GC(42) Reference Processing 0.138ms
[447.150s][debug][gc,phases      ] GC(42)   VM Weak                        Min:  0.0, Avg:  0.0, Max:  0.0, Diff:  0.0, Sum:  0.0, Workers: 4
[447.150s][debug][gc,phases      ] GC(42)     Dead                           Min: 0, Avg:  0.0, Max: 0, Diff: 0, Sum: 0, Workers: 4
[447.150s][debug][gc,phases      ] GC(42)     Total                          Min: 0, Avg: 221.2, Max: 576, Diff: 576, Sum: 885, Workers: 4
[447.150s][debug][gc,phases      ] GC(42)   ObjectSynchronizer Weak        Min:  0.0, Avg:  0.0, Max:  0.0, Diff:  0.0, Sum:  0.0, Workers: 4
[447.150s][debug][gc,phases      ] GC(42)     Dead                           Min: 0, Avg:  0.0, Max: 0, Diff: 0, Sum: 0, Workers: 4
[447.150s][debug][gc,phases      ] GC(42)     Total                          Min: 0, Avg: 24.0, Max: 64, Diff: 64, Sum: 96, Workers: 4
[447.150s][debug][gc,phases      ] GC(42)   JVMTI Tag Weak OopStorage      Min:  0.0, Avg:  0.0, Max:  0.0, Diff:  0.0, Sum:  0.0, Workers: 4
[447.150s][debug][gc,phases      ] GC(42)     Dead                           Min: 0, Avg:  0.0, Max: 0, Diff: 0, Sum: 0, Workers: 4
[447.150s][debug][gc,phases      ] GC(42)     Total                          Min: 0, Avg:  0.0, Max: 0, Diff: 0, Sum: 0, Workers: 4
[447.150s][debug][gc,phases      ] GC(42)   StringTable Weak               Min:  0.0, Avg:  0.1, Max:  0.2, Diff:  0.2, Sum:  0.4, Workers: 4
[447.150s][debug][gc,phases      ] GC(42)     Dead                           Min: 0, Avg:  0.2, Max: 1, Diff: 1, Sum: 1, Workers: 4
[447.150s][debug][gc,phases      ] GC(42)     Total                          Min: 0, Avg: 10916.0, Max: 23056, Diff: 23056, Sum: 43664, Workers: 4
[447.150s][debug][gc,phases      ] GC(42)   ResolvedMethodTable Weak       Min:  0.0, Avg:  0.0, Max:  0.0, Diff:  0.0, Sum:  0.1, Workers: 4
[447.150s][debug][gc,phases      ] GC(42)     Dead                           Min: 0, Avg:  0.0, Max: 0, Diff: 0, Sum: 0, Workers: 4
[447.150s][debug][gc,phases      ] GC(42)     Total                          Min: 0, Avg: 2452.2, Max: 4928, Diff: 4928, Sum: 9809, Workers: 4
[447.150s][debug][gc,phases      ] GC(42)   JNI Weak                       Min:  0.0, Avg:  0.0, Max:  0.0, Diff:  0.0, Sum:  0.0, Workers: 4
[447.150s][debug][gc,phases      ] GC(42)     Dead                           Min: 0, Avg:  0.0, Max: 0, Diff: 0, Sum: 0, Workers: 4
[447.150s][debug][gc,phases      ] GC(42)     Total                          Min: 0, Avg: 11.2, Max: 45, Diff: 45, Sum: 45, Workers: 4
[447.150s][debug][gc,phases      ] GC(42)   StringDedup Table Weak         Min:  0.0, Avg:  0.0, Max:  0.0, Diff:  0.0, Sum:  0.0, Workers: 4
[447.150s][debug][gc,phases      ] GC(42)     Dead                           Min: 0, Avg:  0.0, Max: 0, Diff: 0, Sum: 0, Workers: 4
[447.150s][debug][gc,phases      ] GC(42)     Total                          Min: 0, Avg:  0.0, Max: 0, Diff: 0, Sum: 0, Workers: 4
[447.150s][debug][gc,phases      ] GC(42)   StringDedup Requests0 Weak     Min:  0.0, Avg:  0.0, Max:  0.0, Diff:  0.0, Sum:  0.0, Workers: 4
[447.150s][debug][gc,phases      ] GC(42)     Dead                           Min: 0, Avg:  0.0, Max: 0, Diff: 0, Sum: 0, Workers: 4
[447.150s][debug][gc,phases      ] GC(42)     Total                          Min: 0, Avg:  0.0, Max: 0, Diff: 0, Sum: 0, Workers: 4
[447.150s][debug][gc,phases      ] GC(42)   StringDedup Requests1 Weak     Min:  0.0, Avg:  0.0, Max:  0.0, Diff:  0.0, Sum:  0.0, Workers: 4
[447.150s][debug][gc,phases      ] GC(42)     Dead                           Min: 0, Avg:  0.0, Max: 0, Diff: 0, Sum: 0, Workers: 4
[447.150s][debug][gc,phases      ] GC(42)     Total                          Min: 0, Avg:  0.0, Max: 0, Diff: 0, Sum: 0, Workers: 4
[447.150s][debug][gc,phases      ] GC(42)   Weak JFR Old Object Samples    Min:  0.0, Avg:  0.0, Max:  0.0, Diff:  0.0, Sum:  0.0, Workers: 4
[447.150s][debug][gc,phases      ] GC(42)     Dead                           Min: 0, Avg:  0.0, Max: 0, Diff: 0, Sum: 0, Workers: 4
[447.150s][debug][gc,phases      ] GC(42)     Total                          Min: 0, Avg:  0.0, Max: 0, Diff: 0, Sum: 0, Workers: 4
[447.150s][debug][gc,phases      ] GC(42) Weak Processing 0.522ms
[447.150s][debug][gc,age         ] GC(42) Desired survivor size 226492416 bytes, new threshold 15 (max threshold 15)
[447.150s][info ][gc,heap        ] GC(42) PSYoungGen: 1702441K(1868800K)->60657K(1859584K) Eden: 1631232K(1631232K)->0K(1631232K) From: 71209K(237568K)->60657K(228352K)
[447.150s][info ][gc,heap        ] GC(42) ParOldGen: 489524K(662528K)->501139K(662528K)
[447.150s][info ][gc,metaspace   ] GC(42) Metaspace: 82430K(83584K)->82430K(83584K) NonClass: 70596K(71232K)->70596K(71232K) Class: 11834K(12352K)->11834K(12352K)
[447.150s][info ][gc             ] GC(42) Pause Young (Allocation Failure) 2140M->548M(2463M) 26.434ms
[447.150s][info ][gc,cpu         ] GC(42) User=0.07s Sys=0.01s Real=0.03s
[447.150s][info ][safepoint      ] Safepoint "ParallelGCFailedAllocation", Time since last: 544606453 ns, Reaching safepoint: 46504 ns, At safepoint: 26516692 ns, Total: 26563196 ns
[448.151s][info ][safepoint      ] Safepoint "Cleanup", Time since last: 1000098949 ns, Reaching safepoint: 135009 ns, At safepoint: 10701 ns, Total: 145710 ns
[449.151s][info ][safepoint      ] Safepoint "Cleanup", Time since last: 1000126351 ns, Reaching safepoint: 134310 ns, At safepoint: 8100 ns, Total: 142410 ns
[451.151s][info ][safepoint      ] Safepoint "Cleanup", Time since last: 2000190397 ns, Reaching safepoint: 149310 ns, At safepoint: 7801 ns, Total: 157111 ns
[452.152s][info ][safepoint      ] Safepoint "Cleanup", Time since last: 1000124350 ns, Reaching safepoint: 136610 ns, At safepoint: 7900 ns, Total: 144510 ns
[453.152s][info ][safepoint      ] Safepoint "Cleanup", Time since last: 1000132350 ns, Reaching safepoint: 124009 ns, At safepoint: 7501 ns, Total: 131510 ns
[454.152s][info ][safepoint      ] Safepoint "Cleanup", Time since last: 1000130450 ns, Reaching safepoint: 148510 ns, At safepoint: 10501 ns, Total: 159011 ns
[455.152s][info ][safepoint      ] Safepoint "Cleanup", Time since last: 1000122449 ns, Reaching safepoint: 131610 ns, At safepoint: 7500 ns, Total: 139110 ns
[456.153s][info ][safepoint      ] Safepoint "Cleanup", Time since last: 1000125349 ns, Reaching safepoint: 120209 ns, At safepoint: 6200 ns, Total: 126409 ns
[457.153s][info ][safepoint      ] Safepoint "Cleanup", Time since last: 1000125949 ns, Reaching safepoint: 137910 ns, At safepoint: 7900 ns, Total: 145810 ns
[458.153s][info ][safepoint      ] Safepoint "Cleanup", Time since last: 1000147850 ns, Reaching safepoint: 128310 ns, At safepoint: 6500 ns, Total: 134810 ns
[459.154s][info ][safepoint      ] Safepoint "Cleanup", Time since last: 1000146050 ns, Reaching safepoint: 805557 ns, At safepoint: 4301 ns, Total: 809858 ns
[460.154s][info ][safepoint      ] Safepoint "Cleanup", Time since last: 1000117047 ns, Reaching safepoint: 110208 ns, At safepoint: 3500 ns, Total: 113708 ns
[461.155s][info ][safepoint      ] Safepoint "Cleanup", Time since last: 1000097746 ns, Reaching safepoint: 118108 ns, At safepoint: 4901 ns, Total: 123009 ns
[463.155s][info ][safepoint      ] Safepoint "Cleanup", Time since last: 2000195690 ns, Reaching safepoint: 117509 ns, At safepoint: 7200 ns, Total: 124709 ns
[468.156s][info ][safepoint      ] Safepoint "Cleanup", Time since last: 5000426718 ns, Reaching safepoint: 134810 ns, At safepoint: 9101 ns, Total: 143911 ns
[469.156s][info ][safepoint      ] Safepoint "Cleanup", Time since last: 1000141347 ns, Reaching safepoint: 125109 ns, At safepoint: 4400 ns, Total: 129509 ns
[470.156s][info ][safepoint      ] Safepoint "Cleanup", Time since last: 1000117345 ns, Reaching safepoint: 97207 ns, At safepoint: 7700 ns, Total: 104907 ns
[471.156s][info ][safepoint      ] Safepoint "Cleanup", Time since last: 1000118445 ns, Reaching safepoint: 137210 ns, At safepoint: 5800 ns, Total: 143010 ns
[472.157s][info ][safepoint      ] Safepoint "Cleanup", Time since last: 1000111744 ns, Reaching safepoint: 111808 ns, At safepoint: 10501 ns, Total: 122309 ns
[475.157s][info ][safepoint      ] Safepoint "Cleanup", Time since last: 3000271926 ns, Reaching safepoint: 128809 ns, At safepoint: 8001 ns, Total: 136810 ns
[477.157s][info ][safepoint      ] Safepoint "Cleanup", Time since last: 2000192583 ns, Reaching safepoint: 118909 ns, At safepoint: 8400 ns, Total: 127309 ns
[480.158s][info ][safepoint      ] Safepoint "Cleanup", Time since last: 3000271823 ns, Reaching safepoint: 116408 ns, At safepoint: 3700 ns, Total: 120108 ns
[480.574s][info ][gc,start       ] GC(43) Pause Young (Allocation Failure)
[480.596s][debug][gc,phases      ] GC(43) Scavenge 20.989ms
[480.596s][debug][gc,ref         ] GC(43) Skipped phase 1 of Reference Processing: no references
[480.596s][debug][gc,ref         ] GC(43) ReferenceProcessor::execute queues: 1, RefProcThreadModel::Single, marks_oops_alive: false
[480.596s][debug][gc,ref         ] GC(43) Skipped phase 3 of Reference Processing: no references
[480.596s][debug][gc,ref         ] GC(43) ReferenceProcessor::execute queues: 1, RefProcThreadModel::Single, marks_oops_alive: false
[480.596s][debug][gc,phases      ] GC(43) Reference Processing 0.118ms
[480.596s][debug][gc,phases      ] GC(43)   VM Weak                        Min:  0.0, Avg:  0.0, Max:  0.0, Diff:  0.0, Sum:  0.0, Workers: 4
[480.596s][debug][gc,phases      ] GC(43)     Dead                           Min: 0, Avg:  0.0, Max: 0, Diff: 0, Sum: 0, Workers: 4
[480.596s][debug][gc,phases      ] GC(43)     Total                          Min: 0, Avg: 221.2, Max: 384, Diff: 384, Sum: 885, Workers: 4
[480.596s][debug][gc,phases      ] GC(43)   ObjectSynchronizer Weak        Min:  0.0, Avg:  0.0, Max:  0.0, Diff:  0.0, Sum:  0.0, Workers: 4
[480.596s][debug][gc,phases      ] GC(43)     Dead                           Min: 0, Avg:  0.0, Max: 0, Diff: 0, Sum: 0, Workers: 4
[480.596s][debug][gc,phases      ] GC(43)     Total                          Min: 0, Avg: 24.0, Max: 64, Diff: 64, Sum: 96, Workers: 4
[480.596s][debug][gc,phases      ] GC(43)   JVMTI Tag Weak OopStorage      Min:  0.0, Avg:  0.0, Max:  0.0, Diff:  0.0, Sum:  0.0, Workers: 4
[480.596s][debug][gc,phases      ] GC(43)     Dead                           Min: 0, Avg:  0.0, Max: 0, Diff: 0, Sum: 0, Workers: 4
[480.596s][debug][gc,phases      ] GC(43)     Total                          Min: 0, Avg:  0.0, Max: 0, Diff: 0, Sum: 0, Workers: 4
[480.596s][debug][gc,phases      ] GC(43)   StringTable Weak               Min:  0.0, Avg:  0.1, Max:  0.1, Diff:  0.1, Sum:  0.4, Workers: 4
[480.596s][debug][gc,phases      ] GC(43)     Dead                           Min: 0, Avg:  0.2, Max: 1, Diff: 1, Sum: 1, Workers: 4
[480.596s][debug][gc,phases      ] GC(43)     Total                          Min: 0, Avg: 10918.2, Max: 14847, Diff: 14847, Sum: 43673, Workers: 4
[480.596s][debug][gc,phases      ] GC(43)   ResolvedMethodTable Weak       Min:  0.0, Avg:  0.0, Max:  0.0, Diff:  0.0, Sum:  0.1, Workers: 4
[480.596s][debug][gc,phases      ] GC(43)     Dead                           Min: 0, Avg:  0.0, Max: 0, Diff: 0, Sum: 0, Workers: 4
[480.596s][debug][gc,phases      ] GC(43)     Total                          Min: 0, Avg: 2455.0, Max: 3421, Diff: 3421, Sum: 9820, Workers: 4
[480.596s][debug][gc,phases      ] GC(43)   JNI Weak                       Min:  0.0, Avg:  0.0, Max:  0.0, Diff:  0.0, Sum:  0.0, Workers: 4
[480.596s][debug][gc,phases      ] GC(43)     Dead                           Min: 0, Avg:  0.0, Max: 0, Diff: 0, Sum: 0, Workers: 4
[480.596s][debug][gc,phases      ] GC(43)     Total                          Min: 0, Avg: 11.2, Max: 45, Diff: 45, Sum: 45, Workers: 4
[480.596s][debug][gc,phases      ] GC(43)   StringDedup Table Weak         Min:  0.0, Avg:  0.0, Max:  0.0, Diff:  0.0, Sum:  0.0, Workers: 4
[480.596s][debug][gc,phases      ] GC(43)     Dead                           Min: 0, Avg:  0.0, Max: 0, Diff: 0, Sum: 0, Workers: 4
[480.596s][debug][gc,phases      ] GC(43)     Total                          Min: 0, Avg:  0.0, Max: 0, Diff: 0, Sum: 0, Workers: 4
[480.596s][debug][gc,phases      ] GC(43)   StringDedup Requests0 Weak     Min:  0.0, Avg:  0.0, Max:  0.0, Diff:  0.0, Sum:  0.0, Workers: 4
[480.596s][debug][gc,phases      ] GC(43)     Dead                           Min: 0, Avg:  0.0, Max: 0, Diff: 0, Sum: 0, Workers: 4
[480.596s][debug][gc,phases      ] GC(43)     Total                          Min: 0, Avg:  0.0, Max: 0, Diff: 0, Sum: 0, Workers: 4
[480.596s][debug][gc,phases      ] GC(43)   StringDedup Requests1 Weak     Min:  0.0, Avg:  0.0, Max:  0.0, Diff:  0.0, Sum:  0.0, Workers: 4
[480.596s][debug][gc,phases      ] GC(43)     Dead                           Min: 0, Avg:  0.0, Max: 0, Diff: 0, Sum: 0, Workers: 4
[480.596s][debug][gc,phases      ] GC(43)     Total                          Min: 0, Avg:  0.0, Max: 0, Diff: 0, Sum: 0, Workers: 4
[480.596s][debug][gc,phases      ] GC(43)   Weak JFR Old Object Samples    Min:  0.0, Avg:  0.0, Max:  0.0, Diff:  0.0, Sum:  0.0, Workers: 4
[480.596s][debug][gc,phases      ] GC(43)     Dead                           Min: 0, Avg:  0.0, Max: 0, Diff: 0, Sum: 0, Workers: 4
[480.596s][debug][gc,phases      ] GC(43)     Total                          Min: 0, Avg:  0.0, Max: 0, Diff: 0, Sum: 0, Workers: 4
[480.596s][debug][gc,phases      ] GC(43) Weak Processing 0.385ms
[480.596s][debug][gc,age         ] GC(43) Desired survivor size 219676672 bytes, new threshold 15 (max threshold 15)
[480.596s][info ][gc,heap        ] GC(43) PSYoungGen: 1691889K(1859584K)->55792K(1882624K) Eden: 1631232K(1631232K)->0K(1661440K) From: 60657K(228352K)->55792K(221184K)
[480.596s][info ][gc,heap        ] GC(43) ParOldGen: 501139K(662528K)->506187K(662528K)
[480.596s][info ][gc,metaspace   ] GC(43) Metaspace: 82516K(83648K)->82516K(83648K) NonClass: 70678K(71296K)->70678K(71296K) Class: 11838K(12352K)->11838K(12352K)
[480.596s][info ][gc             ] GC(43) Pause Young (Allocation Failure) 2141M->548M(2485M) 21.625ms
[480.596s][info ][gc,cpu         ] GC(43) User=0.07s Sys=0.00s Real=0.02s
[480.596s][info ][safepoint      ] Safepoint "ParallelGCFailedAllocation", Time since last: 416810333 ns, Reaching safepoint: 21702 ns, At safepoint: 21703448 ns, Total: 21725150 ns
[482.462s][info ][safepoint      ] Safepoint "Cleanup", Time since last: 1865906302 ns, Reaching safepoint: 165612 ns, At safepoint: 4900 ns, Total: 170512 ns
[488.463s][info ][safepoint      ] Safepoint "Cleanup", Time since last: 6000466929 ns, Reaching safepoint: 52104 ns, At safepoint: 3900 ns, Total: 56004 ns
[491.463s][info ][safepoint      ] Safepoint "Cleanup", Time since last: 3000240812 ns, Reaching safepoint: 50804 ns, At safepoint: 2900 ns, Total: 53704 ns
[495.463s][info ][safepoint      ] Safepoint "Cleanup", Time since last: 4000333047 ns, Reaching safepoint: 52504 ns, At safepoint: 2800 ns, Total: 55304 ns
[501.464s][info ][safepoint      ] Safepoint "Cleanup", Time since last: 6000489812 ns, Reaching safepoint: 55404 ns, At safepoint: 4301 ns, Total: 59705 ns
[505.464s][info ][safepoint      ] Safepoint "Cleanup", Time since last: 4000324037 ns, Reaching safepoint: 46803 ns, At safepoint: 3200 ns, Total: 50003 ns
[507.465s][info ][safepoint      ] Safepoint "Cleanup", Time since last: 2000188669 ns, Reaching safepoint: 46103 ns, At safepoint: 4001 ns, Total: 50104 ns
[511.465s][info ][safepoint      ] Safepoint "Cleanup", Time since last: 4000322831 ns, Reaching safepoint: 46803 ns, At safepoint: 7901 ns, Total: 54704 ns
[512.466s][info ][safepoint      ] Safepoint "Cleanup", Time since last: 1000661373 ns, Reaching safepoint: 133510 ns, At safepoint: 4400 ns, Total: 137910 ns
[513.646s][info ][gc,start       ] GC(44) Pause Young (Allocation Failure)
[513.668s][debug][gc,phases      ] GC(44) Scavenge 21.324ms
[513.668s][debug][gc,ref         ] GC(44) Skipped phase 1 of Reference Processing: no references
[513.668s][debug][gc,ref         ] GC(44) ReferenceProcessor::execute queues: 1, RefProcThreadModel::Single, marks_oops_alive: false
[513.668s][debug][gc,ref         ] GC(44) Skipped phase 3 of Reference Processing: no references
[513.668s][debug][gc,ref         ] GC(44) ReferenceProcessor::execute queues: 1, RefProcThreadModel::Single, marks_oops_alive: false
[513.668s][debug][gc,phases      ] GC(44) Reference Processing 0.127ms
[513.668s][debug][gc,phases      ] GC(44)   VM Weak                        Min:  0.0, Avg:  0.0, Max:  0.0, Diff:  0.0, Sum:  0.0, Workers: 4
[513.668s][debug][gc,phases      ] GC(44)     Dead                           Min: 0, Avg:  0.0, Max: 0, Diff: 0, Sum: 0, Workers: 4
[513.668s][debug][gc,phases      ] GC(44)     Total                          Min: 0, Avg: 221.2, Max: 565, Diff: 565, Sum: 885, Workers: 4
[513.668s][debug][gc,phases      ] GC(44)   ObjectSynchronizer Weak        Min:  0.0, Avg:  0.0, Max:  0.0, Diff:  0.0, Sum:  0.0, Workers: 4
[513.668s][debug][gc,phases      ] GC(44)     Dead                           Min: 0, Avg:  0.0, Max: 0, Diff: 0, Sum: 0, Workers: 4
[513.668s][debug][gc,phases      ] GC(44)     Total                          Min: 0, Avg: 24.0, Max: 64, Diff: 64, Sum: 96, Workers: 4
[513.668s][debug][gc,phases      ] GC(44)   JVMTI Tag Weak OopStorage      Min:  0.0, Avg:  0.0, Max:  0.0, Diff:  0.0, Sum:  0.0, Workers: 4
[513.668s][debug][gc,phases      ] GC(44)     Dead                           Min: 0, Avg:  0.0, Max: 0, Diff: 0, Sum: 0, Workers: 4
[513.668s][debug][gc,phases      ] GC(44)     Total                          Min: 0, Avg:  0.0, Max: 0, Diff: 0, Sum: 0, Workers: 4
[513.668s][debug][gc,phases      ] GC(44)   StringTable Weak               Min:  0.1, Avg:  0.1, Max:  0.1, Diff:  0.0, Sum:  0.4, Workers: 4
[513.668s][debug][gc,phases      ] GC(44)     Dead                           Min: 0, Avg:  0.0, Max: 0, Diff: 0, Sum: 0, Workers: 4
[513.668s][debug][gc,phases      ] GC(44)     Total                          Min: 10203, Avg: 10918.8, Max: 12224, Diff: 2021, Sum: 43675, Workers: 4
[513.668s][debug][gc,phases      ] GC(44)   ResolvedMethodTable Weak       Min:  0.0, Avg:  0.0, Max:  0.0, Diff:  0.0, Sum:  0.1, Workers: 4
[513.668s][debug][gc,phases      ] GC(44)     Dead                           Min: 0, Avg:  0.0, Max: 0, Diff: 0, Sum: 0, Workers: 4
[513.668s][debug][gc,phases      ] GC(44)     Total                          Min: 2303, Avg: 2455.0, Max: 2653, Diff: 350, Sum: 9820, Workers: 4
[513.668s][debug][gc,phases      ] GC(44)   JNI Weak                       Min:  0.0, Avg:  0.0, Max:  0.0, Diff:  0.0, Sum:  0.0, Workers: 4
[513.668s][debug][gc,phases      ] GC(44)     Dead                           Min: 0, Avg:  0.0, Max: 0, Diff: 0, Sum: 0, Workers: 4
[513.668s][debug][gc,phases      ] GC(44)     Total                          Min: 0, Avg: 11.2, Max: 45, Diff: 45, Sum: 45, Workers: 4
[513.668s][debug][gc,phases      ] GC(44)   StringDedup Table Weak         Min:  0.0, Avg:  0.0, Max:  0.0, Diff:  0.0, Sum:  0.0, Workers: 4
[513.668s][debug][gc,phases      ] GC(44)     Dead                           Min: 0, Avg:  0.0, Max: 0, Diff: 0, Sum: 0, Workers: 4
[513.668s][debug][gc,phases      ] GC(44)     Total                          Min: 0, Avg:  0.0, Max: 0, Diff: 0, Sum: 0, Workers: 4
[513.668s][debug][gc,phases      ] GC(44)   StringDedup Requests0 Weak     Min:  0.0, Avg:  0.0, Max:  0.0, Diff:  0.0, Sum:  0.0, Workers: 4
[513.668s][debug][gc,phases      ] GC(44)     Dead                           Min: 0, Avg:  0.0, Max: 0, Diff: 0, Sum: 0, Workers: 4
[513.668s][debug][gc,phases      ] GC(44)     Total                          Min: 0, Avg:  0.0, Max: 0, Diff: 0, Sum: 0, Workers: 4
[513.668s][debug][gc,phases      ] GC(44)   StringDedup Requests1 Weak     Min:  0.0, Avg:  0.0, Max:  0.0, Diff:  0.0, Sum:  0.0, Workers: 4
[513.668s][debug][gc,phases      ] GC(44)     Dead                           Min: 0, Avg:  0.0, Max: 0, Diff: 0, Sum: 0, Workers: 4
[513.668s][debug][gc,phases      ] GC(44)     Total                          Min: 0, Avg:  0.0, Max: 0, Diff: 0, Sum: 0, Workers: 4
[513.668s][debug][gc,phases      ] GC(44)   Weak JFR Old Object Samples    Min:  0.0, Avg:  0.0, Max:  0.0, Diff:  0.0, Sum:  0.0, Workers: 4
[513.668s][debug][gc,phases      ] GC(44)     Dead                           Min: 0, Avg:  0.0, Max: 0, Diff: 0, Sum: 0, Workers: 4
[513.668s][debug][gc,phases      ] GC(44)     Total                          Min: 0, Avg:  0.0, Max: 0, Diff: 0, Sum: 0, Workers: 4
[513.668s][debug][gc,phases      ] GC(44) Weak Processing 0.340ms
[513.668s][debug][gc,age         ] GC(44) Desired survivor size 212860928 bytes, new threshold 15 (max threshold 15)
[513.668s][info ][gc,heap        ] GC(44) PSYoungGen: 1717232K(1882624K)->53737K(1875968K) Eden: 1661440K(1661440K)->0K(1661440K) From: 55792K(221184K)->53737K(214528K)
[513.668s][info ][gc,heap        ] GC(44) ParOldGen: 506187K(662528K)->508715K(662528K)
[513.668s][info ][gc,metaspace   ] GC(44) Metaspace: 82538K(83648K)->82538K(83648K) NonClass: 70700K(71296K)->70700K(71296K) Class: 11838K(12352K)->11838K(12352K)
[513.668s][info ][gc             ] GC(44) Pause Young (Allocation Failure) 2171M->549M(2479M) 21.933ms
[513.668s][info ][gc,cpu         ] GC(44) User=0.06s Sys=0.00s Real=0.02s
[513.668s][info ][safepoint      ] Safepoint "ParallelGCFailedAllocation", Time since last: 1180575406 ns, Reaching safepoint: 35503 ns, At safepoint: 22022270 ns, Total: 22057773 ns
[516.669s][info ][safepoint      ] Safepoint "Cleanup", Time since last: 3000221093 ns, Reaching safepoint: 49404 ns, At safepoint: 3000 ns, Total: 52404 ns
[517.669s][info ][safepoint      ] Safepoint "Cleanup", Time since last: 1000129535 ns, Reaching safepoint: 47803 ns, At safepoint: 3600 ns, Total: 51403 ns
[520.669s][info ][safepoint      ] Safepoint "Cleanup", Time since last: 3000229991 ns, Reaching safepoint: 51704 ns, At safepoint: 3000 ns, Total: 54704 ns
[522.669s][info ][safepoint      ] Safepoint "Cleanup", Time since last: 2000206263 ns, Reaching safepoint: 46604 ns, At safepoint: 4700 ns, Total: 51304 ns
[523.670s][info ][safepoint      ] Safepoint "Cleanup", Time since last: 1000124833 ns, Reaching safepoint: 47903 ns, At safepoint: 3401 ns, Total: 51304 ns
[525.670s][info ][safepoint      ] Safepoint "Cleanup", Time since last: 2000204161 ns, Reaching safepoint: 57304 ns, At safepoint: 3201 ns, Total: 60505 ns
[526.671s][info ][safepoint      ] Safepoint "Cleanup", Time since last: 1000119431 ns, Reaching safepoint: 927267 ns, At safepoint: 11100 ns, Total: 938367 ns
[529.671s][info ][safepoint      ] Safepoint "Cleanup", Time since last: 3000251287 ns, Reaching safepoint: 51303 ns, At safepoint: 12701 ns, Total: 64004 ns
[531.672s][info ][safepoint      ] Safepoint "Cleanup", Time since last: 2000163857 ns, Reaching safepoint: 127809 ns, At safepoint: 3800 ns, Total: 131609 ns
[536.672s][info ][safepoint      ] Safepoint "Cleanup", Time since last: 5000336731 ns, Reaching safepoint: 40503 ns, At safepoint: 6601 ns, Total: 47104 ns
[537.672s][info ][safepoint      ] Safepoint "Cleanup", Time since last: 1000118129 ns, Reaching safepoint: 49504 ns, At safepoint: 3600 ns, Total: 53104 ns
[539.672s][info ][safepoint      ] Safepoint "Cleanup", Time since last: 2000209356 ns, Reaching safepoint: 55704 ns, At safepoint: 3300 ns, Total: 59004 ns
[542.673s][info ][safepoint      ] Safepoint "Cleanup", Time since last: 3000251278 ns, Reaching safepoint: 47103 ns, At safepoint: 4901 ns, Total: 52004 ns
[543.673s][info ][safepoint      ] Safepoint "Cleanup", Time since last: 1000121528 ns, Reaching safepoint: 51103 ns, At safepoint: 7601 ns, Total: 58704 ns
[545.673s][info ][safepoint      ] Safepoint "Cleanup", Time since last: 2000186052 ns, Reaching safepoint: 41203 ns, At safepoint: 4600 ns, Total: 45803 ns
[546.915s][info ][gc,start       ] GC(45) Pause Young (Allocation Failure)
[546.948s][debug][gc,phases      ] GC(45) Scavenge 33.823ms
[546.948s][debug][gc,ref         ] GC(45) Skipped phase 1 of Reference Processing: no references
[546.949s][debug][gc,ref         ] GC(45) ReferenceProcessor::execute queues: 1, RefProcThreadModel::Single, marks_oops_alive: false
[546.949s][debug][gc,ref         ] GC(45) Skipped phase 3 of Reference Processing: no references
[546.949s][debug][gc,ref         ] GC(45) ReferenceProcessor::execute queues: 1, RefProcThreadModel::Single, marks_oops_alive: false
[546.949s][debug][gc,phases      ] GC(45) Reference Processing 0.136ms
[546.949s][debug][gc,phases      ] GC(45)   VM Weak                        Min:  0.0, Avg:  0.0, Max:  0.0, Diff:  0.0, Sum:  0.0, Workers: 4
[546.949s][debug][gc,phases      ] GC(45)     Dead                           Min: 0, Avg:  0.0, Max: 0, Diff: 0, Sum: 0, Workers: 4
[546.949s][debug][gc,phases      ] GC(45)     Total                          Min: 0, Avg: 221.5, Max: 502, Diff: 502, Sum: 886, Workers: 4
[546.949s][debug][gc,phases      ] GC(45)   ObjectSynchronizer Weak        Min:  0.0, Avg:  0.0, Max:  0.0, Diff:  0.0, Sum:  0.0, Workers: 4
[546.949s][debug][gc,phases      ] GC(45)     Dead                           Min: 0, Avg:  0.0, Max: 0, Diff: 0, Sum: 0, Workers: 4
[546.949s][debug][gc,phases      ] GC(45)     Total                          Min: 0, Avg: 24.0, Max: 64, Diff: 64, Sum: 96, Workers: 4
[546.949s][debug][gc,phases      ] GC(45)   JVMTI Tag Weak OopStorage      Min:  0.0, Avg:  0.0, Max:  0.0, Diff:  0.0, Sum:  0.0, Workers: 4
[546.949s][debug][gc,phases      ] GC(45)     Dead                           Min: 0, Avg:  0.0, Max: 0, Diff: 0, Sum: 0, Workers: 4
[546.949s][debug][gc,phases      ] GC(45)     Total                          Min: 0, Avg:  0.0, Max: 0, Diff: 0, Sum: 0, Workers: 4
[546.949s][debug][gc,phases      ] GC(45)   StringTable Weak               Min:  0.0, Avg:  0.1, Max:  0.1, Diff:  0.1, Sum:  0.4, Workers: 4
[546.949s][debug][gc,phases      ] GC(45)     Dead                           Min: 0, Avg:  0.2, Max: 1, Diff: 1, Sum: 1, Workers: 4
[546.949s][debug][gc,phases      ] GC(45)     Total                          Min: 0, Avg: 10920.5, Max: 15395, Diff: 15395, Sum: 43682, Workers: 4
[546.949s][debug][gc,phases      ] GC(45)   ResolvedMethodTable Weak       Min:  0.0, Avg:  0.0, Max:  0.0, Diff:  0.0, Sum:  0.1, Workers: 4
[546.949s][debug][gc,phases      ] GC(45)     Dead                           Min: 0, Avg:  0.0, Max: 0, Diff: 0, Sum: 0, Workers: 4
[546.949s][debug][gc,phases      ] GC(45)     Total                          Min: 0, Avg: 2456.5, Max: 3392, Diff: 3392, Sum: 9826, Workers: 4
[546.949s][debug][gc,phases      ] GC(45)   JNI Weak                       Min:  0.0, Avg:  0.0, Max:  0.0, Diff:  0.0, Sum:  0.0, Workers: 4
[546.949s][debug][gc,phases      ] GC(45)     Dead                           Min: 0, Avg:  0.0, Max: 0, Diff: 0, Sum: 0, Workers: 4
[546.949s][debug][gc,phases      ] GC(45)     Total                          Min: 0, Avg: 11.2, Max: 45, Diff: 45, Sum: 45, Workers: 4
[546.949s][debug][gc,phases      ] GC(45)   StringDedup Table Weak         Min:  0.0, Avg:  0.0, Max:  0.0, Diff:  0.0, Sum:  0.0, Workers: 4
[546.949s][debug][gc,phases      ] GC(45)     Dead                           Min: 0, Avg:  0.0, Max: 0, Diff: 0, Sum: 0, Workers: 4
[546.949s][debug][gc,phases      ] GC(45)     Total                          Min: 0, Avg:  0.0, Max: 0, Diff: 0, Sum: 0, Workers: 4
[546.949s][debug][gc,phases      ] GC(45)   StringDedup Requests0 Weak     Min:  0.0, Avg:  0.0, Max:  0.0, Diff:  0.0, Sum:  0.0, Workers: 4
[546.949s][debug][gc,phases      ] GC(45)     Dead                           Min: 0, Avg:  0.0, Max: 0, Diff: 0, Sum: 0, Workers: 4
[546.949s][debug][gc,phases      ] GC(45)     Total                          Min: 0, Avg:  0.0, Max: 0, Diff: 0, Sum: 0, Workers: 4
[546.949s][debug][gc,phases      ] GC(45)   StringDedup Requests1 Weak     Min:  0.0, Avg:  0.0, Max:  0.0, Diff:  0.0, Sum:  0.0, Workers: 4
[546.949s][debug][gc,phases      ] GC(45)     Dead                           Min: 0, Avg:  0.0, Max: 0, Diff: 0, Sum: 0, Workers: 4
[546.949s][debug][gc,phases      ] GC(45)     Total                          Min: 0, Avg:  0.0, Max: 0, Diff: 0, Sum: 0, Workers: 4
[546.949s][debug][gc,phases      ] GC(45)   Weak JFR Old Object Samples    Min:  0.0, Avg:  0.0, Max:  0.0, Diff:  0.0, Sum:  0.0, Workers: 4
[546.949s][debug][gc,phases      ] GC(45)     Dead                           Min: 0, Avg:  0.0, Max: 0, Diff: 0, Sum: 0, Workers: 4
[546.949s][debug][gc,phases      ] GC(45)     Total                          Min: 0, Avg:  0.0, Max: 0, Diff: 0, Sum: 0, Workers: 4
[546.949s][debug][gc,phases      ] GC(45) Weak Processing 0.428ms
[546.949s][debug][gc,age         ] GC(45) Desired survivor size 206569472 bytes, new threshold 15 (max threshold 15)
[546.949s][info ][gc,heap        ] GC(45) PSYoungGen: 1715177K(1875968K)->50992K(1895424K) Eden: 1661440K(1661440K)->0K(1687552K) From: 53737K(214528K)->50992K(207872K)
[546.949s][info ][gc,heap        ] GC(45) ParOldGen: 508715K(662528K)->511667K(662528K)
[546.949s][info ][gc,metaspace   ] GC(45) Metaspace: 82581K(83712K)->82581K(83712K) NonClass: 70740K(71360K)->70740K(71360K) Class: 11841K(12352K)->11841K(12352K)
[546.949s][info ][gc             ] GC(45) Pause Young (Allocation Failure) 2171M->549M(2498M) 34.526ms
[546.949s][info ][gc,cpu         ] GC(45) User=0.06s Sys=0.00s Real=0.03s
[546.949s][info ][safepoint      ] Safepoint "ParallelGCFailedAllocation", Time since last: 1241428137 ns, Reaching safepoint: 36303 ns, At safepoint: 34604068 ns, Total: 34640371 ns
[547.949s][info ][safepoint      ] Safepoint "Cleanup", Time since last: 1000098425 ns, Reaching safepoint: 113509 ns, At safepoint: 7200 ns, Total: 120709 ns
[548.950s][info ][safepoint      ] Safepoint "Cleanup", Time since last: 1000126327 ns, Reaching safepoint: 150211 ns, At safepoint: 12501 ns, Total: 162712 ns
[549.950s][info ][safepoint      ] Safepoint "Cleanup", Time since last: 1000121527 ns, Reaching safepoint: 149311 ns, At safepoint: 8600 ns, Total: 157911 ns
[550.950s][info ][safepoint      ] Safepoint "Cleanup", Time since last: 1000109726 ns, Reaching safepoint: 151811 ns, At safepoint: 4900 ns, Total: 156711 ns
[551.950s][info ][safepoint      ] Safepoint "Cleanup", Time since last: 1000131127 ns, Reaching safepoint: 49604 ns, At safepoint: 5600 ns, Total: 55204 ns
[552.951s][info ][safepoint      ] Safepoint "Cleanup", Time since last: 1000125227 ns, Reaching safepoint: 144010 ns, At safepoint: 4300 ns, Total: 148310 ns
[553.954s][info ][safepoint      ] Safepoint "Cleanup", Time since last: 1000105725 ns, Reaching safepoint: 3541153 ns, At safepoint: 5300 ns, Total: 3546453 ns
[554.955s][info ][safepoint      ] Safepoint "Cleanup", Time since last: 1000116526 ns, Reaching safepoint: 165411 ns, At safepoint: 4401 ns, Total: 169812 ns
[555.955s][info ][safepoint      ] Safepoint "Cleanup", Time since last: 1000108724 ns, Reaching safepoint: 151711 ns, At safepoint: 8201 ns, Total: 159912 ns
[556.955s][info ][safepoint      ] Safepoint "Cleanup", Time since last: 1000129126 ns, Reaching safepoint: 51003 ns, At safepoint: 9701 ns, Total: 60704 ns
[557.955s][info ][safepoint      ] Safepoint "Cleanup", Time since last: 1000110825 ns, Reaching safepoint: 121008 ns, At safepoint: 4800 ns, Total: 125808 ns
[558.956s][info ][safepoint      ] Safepoint "Cleanup", Time since last: 1000144827 ns, Reaching safepoint: 127609 ns, At safepoint: 7801 ns, Total: 135410 ns
[559.956s][info ][safepoint      ] Safepoint "Cleanup", Time since last: 1000125525 ns, Reaching safepoint: 128209 ns, At safepoint: 6400 ns, Total: 134609 ns
[560.956s][info ][safepoint      ] Safepoint "Cleanup", Time since last: 1000125125 ns, Reaching safepoint: 125009 ns, At safepoint: 3800 ns, Total: 128809 ns
[561.956s][info ][safepoint      ] Safepoint "Cleanup", Time since last: 1000133626 ns, Reaching safepoint: 134209 ns, At safepoint: 10201 ns, Total: 144410 ns
[562.957s][info ][safepoint      ] Safepoint "Cleanup", Time since last: 1000120324 ns, Reaching safepoint: 109908 ns, At safepoint: 10301 ns, Total: 120209 ns
[565.662s][info ][safepoint      ] Safepoint "Cleanup", Time since last: 2705050411 ns, Reaching safepoint: 127809 ns, At safepoint: 9300 ns, Total: 137109 ns
[567.426s][info ][safepoint      ] Safepoint "Cleanup", Time since last: 1764330323 ns, Reaching safepoint: 71305 ns, At safepoint: 6200 ns, Total: 77505 ns
[569.426s][info ][safepoint      ] Safepoint "Cleanup", Time since last: 2000128438 ns, Reaching safepoint: 55304 ns, At safepoint: 3300 ns, Total: 58604 ns
[570.427s][info ][safepoint      ] Safepoint "Cleanup", Time since last: 1000113322 ns, Reaching safepoint: 39303 ns, At safepoint: 2900 ns, Total: 42203 ns
[571.427s][info ][safepoint      ] Safepoint "Cleanup", Time since last: 1000110422 ns, Reaching safepoint: 83406 ns, At safepoint: 8400 ns, Total: 91806 ns
[572.427s][info ][safepoint      ] Safepoint "Cleanup", Time since last: 1000086220 ns, Reaching safepoint: 49704 ns, At safepoint: 3300 ns, Total: 53004 ns
[573.427s][info ][safepoint      ] Safepoint "Cleanup", Time since last: 1000118422 ns, Reaching safepoint: 61204 ns, At safepoint: 6401 ns, Total: 67605 ns
[574.427s][info ][safepoint      ] Safepoint "Cleanup", Time since last: 1000117521 ns, Reaching safepoint: 52204 ns, At safepoint: 4000 ns, Total: 56204 ns
[575.427s][info ][safepoint      ] Safepoint "Cleanup", Time since last: 1000116321 ns, Reaching safepoint: 59605 ns, At safepoint: 3000 ns, Total: 62605 ns
[576.428s][info ][safepoint      ] Safepoint "Cleanup", Time since last: 1000108820 ns, Reaching safepoint: 51204 ns, At safepoint: 4500 ns, Total: 55704 ns
[579.428s][info ][safepoint      ] Safepoint "Cleanup", Time since last: 3000255355 ns, Reaching safepoint: 51304 ns, At safepoint: 2900 ns, Total: 54204 ns
[580.428s][info ][safepoint      ] Safepoint "Cleanup", Time since last: 1000097819 ns, Reaching safepoint: 76706 ns, At safepoint: 2700 ns, Total: 79406 ns
[581.428s][info ][safepoint      ] Safepoint "Cleanup", Time since last: 1000107919 ns, Reaching safepoint: 68905 ns, At safepoint: 7801 ns, Total: 76706 ns
[581.755s][info ][gc,start       ] GC(46) Pause Young (Allocation Failure)
[581.778s][debug][gc,phases      ] GC(46) Scavenge 23.005ms
[581.778s][debug][gc,ref         ] GC(46) Skipped phase 1 of Reference Processing: no references
[581.778s][debug][gc,ref         ] GC(46) ReferenceProcessor::execute queues: 1, RefProcThreadModel::Single, marks_oops_alive: false
[581.778s][debug][gc,ref         ] GC(46) Skipped phase 3 of Reference Processing: no references
[581.778s][debug][gc,ref         ] GC(46) ReferenceProcessor::execute queues: 1, RefProcThreadModel::Single, marks_oops_alive: false
[581.778s][debug][gc,phases      ] GC(46) Reference Processing 0.141ms
[581.778s][debug][gc,phases      ] GC(46)   VM Weak                        Min:  0.0, Avg:  0.0, Max:  0.0, Diff:  0.0, Sum:  0.0, Workers: 4
[581.778s][debug][gc,phases      ] GC(46)     Dead                           Min: 0, Avg:  0.0, Max: 0, Diff: 0, Sum: 0, Workers: 4
[581.778s][debug][gc,phases      ] GC(46)     Total                          Min: 0, Avg: 228.8, Max: 576, Diff: 576, Sum: 915, Workers: 4
[581.778s][debug][gc,phases      ] GC(46)   ObjectSynchronizer Weak        Min:  0.0, Avg:  0.0, Max:  0.0, Diff:  0.0, Sum:  0.0, Workers: 4
[581.778s][debug][gc,phases      ] GC(46)     Dead                           Min: 0, Avg:  0.0, Max: 0, Diff: 0, Sum: 0, Workers: 4
[581.778s][debug][gc,phases      ] GC(46)     Total                          Min: 0, Avg: 24.0, Max: 64, Diff: 64, Sum: 96, Workers: 4
[581.778s][debug][gc,phases      ] GC(46)   JVMTI Tag Weak OopStorage      Min:  0.0, Avg:  0.0, Max:  0.0, Diff:  0.0, Sum:  0.0, Workers: 4
[581.778s][debug][gc,phases      ] GC(46)     Dead                           Min: 0, Avg:  0.0, Max: 0, Diff: 0, Sum: 0, Workers: 4
[581.778s][debug][gc,phases      ] GC(46)     Total                          Min: 0, Avg:  0.0, Max: 0, Diff: 0, Sum: 0, Workers: 4
[581.778s][debug][gc,phases      ] GC(46)   StringTable Weak               Min:  0.0, Avg:  0.1, Max:  0.2, Diff:  0.2, Sum:  0.4, Workers: 4
[581.778s][debug][gc,phases      ] GC(46)     Dead                           Min: 0, Avg:  0.2, Max: 1, Diff: 1, Sum: 1, Workers: 4
[581.778s][debug][gc,phases      ] GC(46)     Total                          Min: 0, Avg: 10934.5, Max: 23706, Diff: 23706, Sum: 43738, Workers: 4
[581.778s][debug][gc,phases      ] GC(46)   ResolvedMethodTable Weak       Min:  0.0, Avg:  0.0, Max:  0.1, Diff:  0.1, Sum:  0.1, Workers: 4
[581.778s][debug][gc,phases      ] GC(46)     Dead                           Min: 0, Avg:  4.5, Max: 18, Diff: 18, Sum: 18, Workers: 4
[581.778s][debug][gc,phases      ] GC(46)     Total                          Min: 0, Avg: 2484.5, Max: 5243, Diff: 5243, Sum: 9938, Workers: 4
[581.778s][debug][gc,phases      ] GC(46)   JNI Weak                       Min:  0.0, Avg:  0.0, Max:  0.0, Diff:  0.0, Sum:  0.0, Workers: 4
[581.778s][debug][gc,phases      ] GC(46)     Dead                           Min: 0, Avg:  0.0, Max: 0, Diff: 0, Sum: 0, Workers: 4
[581.778s][debug][gc,phases      ] GC(46)     Total                          Min: 0, Avg: 11.2, Max: 45, Diff: 45, Sum: 45, Workers: 4
[581.778s][debug][gc,phases      ] GC(46)   StringDedup Table Weak         Min:  0.0, Avg:  0.0, Max:  0.0, Diff:  0.0, Sum:  0.0, Workers: 4
[581.778s][debug][gc,phases      ] GC(46)     Dead                           Min: 0, Avg:  0.0, Max: 0, Diff: 0, Sum: 0, Workers: 4
[581.778s][debug][gc,phases      ] GC(46)     Total                          Min: 0, Avg:  0.0, Max: 0, Diff: 0, Sum: 0, Workers: 4
[581.778s][debug][gc,phases      ] GC(46)   StringDedup Requests0 Weak     Min:  0.0, Avg:  0.0, Max:  0.0, Diff:  0.0, Sum:  0.0, Workers: 4
[581.778s][debug][gc,phases      ] GC(46)     Dead                           Min: 0, Avg:  0.0, Max: 0, Diff: 0, Sum: 0, Workers: 4
[581.778s][debug][gc,phases      ] GC(46)     Total                          Min: 0, Avg:  0.0, Max: 0, Diff: 0, Sum: 0, Workers: 4
[581.778s][debug][gc,phases      ] GC(46)   StringDedup Requests1 Weak     Min:  0.0, Avg:  0.0, Max:  0.0, Diff:  0.0, Sum:  0.0, Workers: 4
[581.778s][debug][gc,phases      ] GC(46)     Dead                           Min: 0, Avg:  0.0, Max: 0, Diff: 0, Sum: 0, Workers: 4
[581.778s][debug][gc,phases      ] GC(46)     Total                          Min: 0, Avg:  0.0, Max: 0, Diff: 0, Sum: 0, Workers: 4
[581.778s][debug][gc,phases      ] GC(46)   Weak JFR Old Object Samples    Min:  0.0, Avg:  0.0, Max:  0.0, Diff:  0.0, Sum:  0.0, Workers: 4
[581.778s][debug][gc,phases      ] GC(46)     Dead                           Min: 0, Avg:  0.0, Max: 0, Diff: 0, Sum: 0, Workers: 4
[581.778s][debug][gc,phases      ] GC(46)     Total                          Min: 0, Avg:  0.0, Max: 0, Diff: 0, Sum: 0, Workers: 4
[581.778s][debug][gc,phases      ] GC(46) Weak Processing 0.548ms
[581.778s][debug][gc,age         ] GC(46) Desired survivor size 201326592 bytes, new threshold 15 (max threshold 15)
[581.778s][info ][gc,heap        ] GC(46) PSYoungGen: 1738544K(1895424K)->41376K(1889280K) Eden: 1687552K(1687552K)->0K(1687552K) From: 50992K(207872K)->41376K(201728K)
[581.778s][info ][gc,heap        ] GC(46) ParOldGen: 511667K(662528K)->522203K(662528K)
[581.778s][info ][gc,metaspace   ] GC(46) Metaspace: 82764K(83904K)->82764K(83904K) NonClass: 70889K(71488K)->70889K(71488K) Class: 11875K(12416K)->11875K(12416K)
[581.778s][info ][gc             ] GC(46) Pause Young (Allocation Failure) 2197M->550M(2492M) 23.833ms
[581.779s][info ][gc,cpu         ] GC(46) User=0.06s Sys=0.00s Real=0.03s
[581.779s][info ][safepoint      ] Safepoint "ParallelGCFailedAllocation", Time since last: 326328071 ns, Reaching safepoint: 52203 ns, At safepoint: 23905505 ns, Total: 23957708 ns
[582.779s][info ][safepoint      ] Safepoint "Cleanup", Time since last: 1000091418 ns, Reaching safepoint: 47603 ns, At safepoint: 3001 ns, Total: 50604 ns
[584.779s][info ][safepoint      ] Safepoint "Cleanup", Time since last: 2000213137 ns, Reaching safepoint: 44003 ns, At safepoint: 2901 ns, Total: 46904 ns
[586.779s][info ][safepoint      ] Safepoint "Cleanup", Time since last: 2000191535 ns, Reaching safepoint: 44803 ns, At safepoint: 4000 ns, Total: 48803 ns
[594.780s][info ][safepoint      ] Safepoint "Cleanup", Time since last: 8000515815 ns, Reaching safepoint: 39603 ns, At safepoint: 2700 ns, Total: 42303 ns
[602.780s][info ][safepoint      ] Safepoint "Cleanup", Time since last: 8000518903 ns, Reaching safepoint: 46703 ns, At safepoint: 3001 ns, Total: 49704 ns
[605.781s][info ][safepoint      ] Safepoint "Cleanup", Time since last: 3000246239 ns, Reaching safepoint: 56204 ns, At safepoint: 6400 ns, Total: 62604 ns
[610.781s][info ][safepoint      ] Safepoint "Cleanup", Time since last: 5000375959 ns, Reaching safepoint: 48503 ns, At safepoint: 3101 ns, Total: 51604 ns
[611.781s][info ][safepoint      ] Safepoint "Cleanup", Time since last: 1000086412 ns, Reaching safepoint: 40602 ns, At safepoint: 2701 ns, Total: 43303 ns
[612.781s][info ][safepoint      ] Safepoint "Cleanup", Time since last: 1000108713 ns, Reaching safepoint: 36103 ns, At safepoint: 3000 ns, Total: 39103 ns
[614.781s][info ][safepoint      ] Safepoint "Cleanup", Time since last: 2000117819 ns, Reaching safepoint: 27402 ns, At safepoint: 2300 ns, Total: 29702 ns
[615.782s][info ][safepoint      ] Safepoint "Cleanup", Time since last: 1000113413 ns, Reaching safepoint: 51804 ns, At safepoint: 3300 ns, Total: 55104 ns
[616.782s][info ][safepoint      ] Safepoint "Cleanup", Time since last: 1000110213 ns, Reaching safepoint: 47603 ns, At safepoint: 3601 ns, Total: 51204 ns
[617.500s][info ][gc,start       ] GC(47) Pause Young (Allocation Failure)
[617.518s][debug][gc,phases      ] GC(47) Scavenge 18.758ms
[617.518s][debug][gc,ref         ] GC(47) Skipped phase 1 of Reference Processing: no references
[617.518s][debug][gc,ref         ] GC(47) ReferenceProcessor::execute queues: 1, RefProcThreadModel::Single, marks_oops_alive: false
[617.518s][debug][gc,ref         ] GC(47) Skipped phase 3 of Reference Processing: no references
[617.518s][debug][gc,ref         ] GC(47) ReferenceProcessor::execute queues: 1, RefProcThreadModel::Single, marks_oops_alive: false
[617.518s][debug][gc,phases      ] GC(47) Reference Processing 0.121ms
[617.519s][debug][gc,phases      ] GC(47)   VM Weak                        Min:  0.0, Avg:  0.0, Max:  0.0, Diff:  0.0, Sum:  0.0, Workers: 4
[617.519s][debug][gc,phases      ] GC(47)     Dead                           Min: 0, Avg:  0.0, Max: 0, Diff: 0, Sum: 0, Workers: 4
[617.519s][debug][gc,phases      ] GC(47)     Total                          Min: 0, Avg: 228.8, Max: 576, Diff: 576, Sum: 915, Workers: 4
[617.519s][debug][gc,phases      ] GC(47)   ObjectSynchronizer Weak        Min:  0.0, Avg:  0.0, Max:  0.0, Diff:  0.0, Sum:  0.0, Workers: 4
[617.519s][debug][gc,phases      ] GC(47)     Dead                           Min: 0, Avg:  0.0, Max: 0, Diff: 0, Sum: 0, Workers: 4
[617.519s][debug][gc,phases      ] GC(47)     Total                          Min: 0, Avg: 24.0, Max: 64, Diff: 64, Sum: 96, Workers: 4
[617.519s][debug][gc,phases      ] GC(47)   JVMTI Tag Weak OopStorage      Min:  0.0, Avg:  0.0, Max:  0.0, Diff:  0.0, Sum:  0.0, Workers: 4
[617.519s][debug][gc,phases      ] GC(47)     Dead                           Min: 0, Avg:  0.0, Max: 0, Diff: 0, Sum: 0, Workers: 4
[617.519s][debug][gc,phases      ] GC(47)     Total                          Min: 0, Avg:  0.0, Max: 0, Diff: 0, Sum: 0, Workers: 4
[617.519s][debug][gc,phases      ] GC(47)   StringTable Weak               Min:  0.0, Avg:  0.1, Max:  0.1, Diff:  0.1, Sum:  0.4, Workers: 4
[617.519s][debug][gc,phases      ] GC(47)     Dead                           Min: 0, Avg:  0.0, Max: 0, Diff: 0, Sum: 0, Workers: 4
[617.519s][debug][gc,phases      ] GC(47)     Total                          Min: 0, Avg: 10936.8, Max: 15040, Diff: 15040, Sum: 43747, Workers: 4
[617.519s][debug][gc,phases      ] GC(47)   ResolvedMethodTable Weak       Min:  0.0, Avg:  0.0, Max:  0.0, Diff:  0.0, Sum:  0.1, Workers: 4
[617.519s][debug][gc,phases      ] GC(47)     Dead                           Min: 0, Avg:  0.0, Max: 0, Diff: 0, Sum: 0, Workers: 4
[617.519s][debug][gc,phases      ] GC(47)     Total                          Min: 0, Avg: 2484.5, Max: 3642, Diff: 3642, Sum: 9938, Workers: 4
[617.519s][debug][gc,phases      ] GC(47)   JNI Weak                       Min:  0.0, Avg:  0.0, Max:  0.0, Diff:  0.0, Sum:  0.0, Workers: 4
[617.519s][debug][gc,phases      ] GC(47)     Dead                           Min: 0, Avg:  0.0, Max: 0, Diff: 0, Sum: 0, Workers: 4
[617.519s][debug][gc,phases      ] GC(47)     Total                          Min: 0, Avg: 11.2, Max: 45, Diff: 45, Sum: 45, Workers: 4
[617.519s][debug][gc,phases      ] GC(47)   StringDedup Table Weak         Min:  0.0, Avg:  0.0, Max:  0.0, Diff:  0.0, Sum:  0.0, Workers: 4
[617.519s][debug][gc,phases      ] GC(47)     Dead                           Min: 0, Avg:  0.0, Max: 0, Diff: 0, Sum: 0, Workers: 4
[617.519s][debug][gc,phases      ] GC(47)     Total                          Min: 0, Avg:  0.0, Max: 0, Diff: 0, Sum: 0, Workers: 4
[617.519s][debug][gc,phases      ] GC(47)   StringDedup Requests0 Weak     Min:  0.0, Avg:  0.0, Max:  0.0, Diff:  0.0, Sum:  0.0, Workers: 4
[617.519s][debug][gc,phases      ] GC(47)     Dead                           Min: 0, Avg:  0.0, Max: 0, Diff: 0, Sum: 0, Workers: 4
[617.519s][debug][gc,phases      ] GC(47)     Total                          Min: 0, Avg:  0.0, Max: 0, Diff: 0, Sum: 0, Workers: 4
[617.519s][debug][gc,phases      ] GC(47)   StringDedup Requests1 Weak     Min:  0.0, Avg:  0.0, Max:  0.0, Diff:  0.0, Sum:  0.0, Workers: 4
[617.519s][debug][gc,phases      ] GC(47)     Dead                           Min: 0, Avg:  0.0, Max: 0, Diff: 0, Sum: 0, Workers: 4
[617.519s][debug][gc,phases      ] GC(47)     Total                          Min: 0, Avg:  0.0, Max: 0, Diff: 0, Sum: 0, Workers: 4
[617.519s][debug][gc,phases      ] GC(47)   Weak JFR Old Object Samples    Min:  0.0, Avg:  0.0, Max:  0.0, Diff:  0.0, Sum:  0.0, Workers: 4
[617.519s][debug][gc,phases      ] GC(47)     Dead                           Min: 0, Avg:  0.0, Max: 0, Diff: 0, Sum: 0, Workers: 4
[617.519s][debug][gc,phases      ] GC(47)     Total                          Min: 0, Avg:  0.0, Max: 0, Diff: 0, Sum: 0, Workers: 4
[617.519s][debug][gc,phases      ] GC(47) Weak Processing 0.368ms
[617.519s][debug][gc,age         ] GC(47) Desired survivor size 198705152 bytes, new threshold 15 (max threshold 15)
[617.519s][info ][gc,heap        ] GC(47) PSYoungGen: 1728928K(1889280K)->23568K(1903104K) Eden: 1687552K(1687552K)->0K(1706496K) From: 41376K(201728K)->23568K(196608K)
[617.519s][info ][gc,heap        ] GC(47) ParOldGen: 522203K(662528K)->541241K(662528K)
[617.519s][info ][gc,metaspace   ] GC(47) Metaspace: 82788K(83968K)->82788K(83968K) NonClass: 70913K(71552K)->70913K(71552K) Class: 11875K(12416K)->11875K(12416K)
[617.519s][info ][gc             ] GC(47) Pause Young (Allocation Failure) 2198M->551M(2505M) 19.379ms
[617.519s][info ][gc,cpu         ] GC(47) User=0.05s Sys=0.00s Real=0.02s
[617.519s][info ][safepoint      ] Safepoint "ParallelGCFailedAllocation", Time since last: 717614569 ns, Reaching safepoint: 95607 ns, At safepoint: 19461987 ns, Total: 19557594 ns
[619.519s][info ][safepoint      ] Safepoint "Cleanup", Time since last: 2000149820 ns, Reaching safepoint: 49904 ns, At safepoint: 3100 ns, Total: 53004 ns
[620.519s][info ][safepoint      ] Safepoint "Cleanup", Time since last: 1000125913 ns, Reaching safepoint: 34303 ns, At safepoint: 5500 ns, Total: 39803 ns
[622.520s][info ][safepoint      ] Safepoint "Cleanup", Time since last: 2000183321 ns, Reaching safepoint: 40003 ns, At safepoint: 3200 ns, Total: 43203 ns
[623.520s][info ][safepoint      ] Safepoint "Cleanup", Time since last: 1000091010 ns, Reaching safepoint: 101207 ns, At safepoint: 6001 ns, Total: 107208 ns
[627.520s][info ][safepoint      ] Safepoint "Cleanup", Time since last: 4000311435 ns, Reaching safepoint: 232716 ns, At safepoint: 6601 ns, Total: 239317 ns
[636.521s][info ][safepoint      ] Safepoint "Cleanup", Time since last: 9000609261 ns, Reaching safepoint: 49904 ns, At safepoint: 2900 ns, Total: 52804 ns
[639.521s][info ][safepoint      ] Safepoint "Cleanup", Time since last: 3000218418 ns, Reaching safepoint: 49104 ns, At safepoint: 2600 ns, Total: 51704 ns
[646.522s][info ][safepoint      ] Safepoint "Cleanup", Time since last: 7000464334 ns, Reaching safepoint: 42203 ns, At safepoint: 3100 ns, Total: 45303 ns
[647.522s][info ][safepoint      ] Safepoint "Cleanup", Time since last: 1000118708 ns, Reaching safepoint: 40302 ns, At safepoint: 2701 ns, Total: 43003 ns
[649.522s][info ][safepoint      ] Safepoint "Cleanup", Time since last: 2000196112 ns, Reaching safepoint: 42503 ns, At safepoint: 3600 ns, Total: 46103 ns
[651.522s][info ][safepoint      ] Safepoint "Cleanup", Time since last: 2000184411 ns, Reaching safepoint: 45203 ns, At safepoint: 2800 ns, Total: 48003 ns
[653.200s][info ][gc,start       ] GC(48) Pause Young (Allocation Failure)
[653.214s][debug][gc,phases      ] GC(48) Scavenge 13.619ms
[653.214s][debug][gc,ref         ] GC(48) Skipped phase 1 of Reference Processing: no references
[653.214s][debug][gc,ref         ] GC(48) ReferenceProcessor::execute queues: 1, RefProcThreadModel::Single, marks_oops_alive: false
[653.214s][debug][gc,ref         ] GC(48) Skipped phase 3 of Reference Processing: no references
[653.214s][debug][gc,ref         ] GC(48) ReferenceProcessor::execute queues: 1, RefProcThreadModel::Single, marks_oops_alive: false
[653.214s][debug][gc,phases      ] GC(48) Reference Processing 0.128ms
[653.214s][debug][gc,phases      ] GC(48)   VM Weak                        Min:  0.0, Avg:  0.0, Max:  0.0, Diff:  0.0, Sum:  0.0, Workers: 4
[653.214s][debug][gc,phases      ] GC(48)     Dead                           Min: 0, Avg:  0.0, Max: 0, Diff: 0, Sum: 0, Workers: 4
[653.214s][debug][gc,phases      ] GC(48)     Total                          Min: 0, Avg: 228.8, Max: 832, Diff: 832, Sum: 915, Workers: 4
[653.214s][debug][gc,phases      ] GC(48)   ObjectSynchronizer Weak        Min:  0.0, Avg:  0.0, Max:  0.0, Diff:  0.0, Sum:  0.0, Workers: 4
[653.214s][debug][gc,phases      ] GC(48)     Dead                           Min: 0, Avg:  1.0, Max: 4, Diff: 4, Sum: 4, Workers: 4
[653.214s][debug][gc,phases      ] GC(48)     Total                          Min: 0, Avg: 25.0, Max: 64, Diff: 64, Sum: 100, Workers: 4
[653.214s][debug][gc,phases      ] GC(48)   JVMTI Tag Weak OopStorage      Min:  0.0, Avg:  0.0, Max:  0.0, Diff:  0.0, Sum:  0.0, Workers: 4
[653.214s][debug][gc,phases      ] GC(48)     Dead                           Min: 0, Avg:  0.0, Max: 0, Diff: 0, Sum: 0, Workers: 4
[653.214s][debug][gc,phases      ] GC(48)     Total                          Min: 0, Avg:  0.0, Max: 0, Diff: 0, Sum: 0, Workers: 4
[653.214s][debug][gc,phases      ] GC(48)   StringTable Weak               Min:  0.0, Avg:  0.1, Max:  0.2, Diff:  0.2, Sum:  0.4, Workers: 4
[653.214s][debug][gc,phases      ] GC(48)     Dead                           Min: 0, Avg:  0.0, Max: 0, Diff: 0, Sum: 0, Workers: 4
[653.214s][debug][gc,phases      ] GC(48)     Total                          Min: 0, Avg: 10938.8, Max: 22016, Diff: 22016, Sum: 43755, Workers: 4
[653.214s][debug][gc,phases      ] GC(48)   ResolvedMethodTable Weak       Min:  0.0, Avg:  0.0, Max:  0.0, Diff:  0.0, Sum:  0.1, Workers: 4
[653.214s][debug][gc,phases      ] GC(48)     Dead                           Min: 0, Avg:  0.0, Max: 0, Diff: 0, Sum: 0, Workers: 4
[653.214s][debug][gc,phases      ] GC(48)     Total                          Min: 0, Avg: 2484.5, Max: 5338, Diff: 5338, Sum: 9938, Workers: 4
[653.214s][debug][gc,phases      ] GC(48)   JNI Weak                       Min:  0.0, Avg:  0.0, Max:  0.0, Diff:  0.0, Sum:  0.0, Workers: 4
[653.214s][debug][gc,phases      ] GC(48)     Dead                           Min: 0, Avg:  0.0, Max: 0, Diff: 0, Sum: 0, Workers: 4
[653.214s][debug][gc,phases      ] GC(48)     Total                          Min: 0, Avg: 11.2, Max: 45, Diff: 45, Sum: 45, Workers: 4
[653.214s][debug][gc,phases      ] GC(48)   StringDedup Table Weak         Min:  0.0, Avg:  0.0, Max:  0.0, Diff:  0.0, Sum:  0.0, Workers: 4
[653.214s][debug][gc,phases      ] GC(48)     Dead                           Min: 0, Avg:  0.0, Max: 0, Diff: 0, Sum: 0, Workers: 4
[653.214s][debug][gc,phases      ] GC(48)     Total                          Min: 0, Avg:  0.0, Max: 0, Diff: 0, Sum: 0, Workers: 4
[653.214s][debug][gc,phases      ] GC(48)   StringDedup Requests0 Weak     Min:  0.0, Avg:  0.0, Max:  0.0, Diff:  0.0, Sum:  0.0, Workers: 4
[653.214s][debug][gc,phases      ] GC(48)     Dead                           Min: 0, Avg:  0.0, Max: 0, Diff: 0, Sum: 0, Workers: 4
[653.214s][debug][gc,phases      ] GC(48)     Total                          Min: 0, Avg:  0.0, Max: 0, Diff: 0, Sum: 0, Workers: 4
[653.214s][debug][gc,phases      ] GC(48)   StringDedup Requests1 Weak     Min:  0.0, Avg:  0.0, Max:  0.0, Diff:  0.0, Sum:  0.0, Workers: 4
[653.214s][debug][gc,phases      ] GC(48)     Dead                           Min: 0, Avg:  0.0, Max: 0, Diff: 0, Sum: 0, Workers: 4
[653.214s][debug][gc,phases      ] GC(48)     Total                          Min: 0, Avg:  0.0, Max: 0, Diff: 0, Sum: 0, Workers: 4
[653.214s][debug][gc,phases      ] GC(48)   Weak JFR Old Object Samples    Min:  0.0, Avg:  0.0, Max:  0.0, Diff:  0.0, Sum:  0.0, Workers: 4
[653.214s][debug][gc,phases      ] GC(48)     Dead                           Min: 0, Avg:  0.0, Max: 0, Diff: 0, Sum: 0, Workers: 4
[653.214s][debug][gc,phases      ] GC(48)     Total                          Min: 0, Avg:  0.0, Max: 0, Diff: 0, Sum: 0, Workers: 4
[653.214s][debug][gc,phases      ] GC(48) Weak Processing 0.449ms
[653.214s][debug][gc,age         ] GC(48) Desired survivor size 197132288 bytes, new threshold 15 (max threshold 15)
[653.214s][info ][gc,heap        ] GC(48) PSYoungGen: 1730064K(1903104K)->10480K(1900544K) Eden: 1706496K(1706496K)->0K(1706496K) From: 23568K(196608K)->10480K(194048K)
[653.214s][info ][gc,heap        ] GC(48) ParOldGen: 541241K(662528K)->555001K(662528K)
[653.214s][info ][gc,metaspace   ] GC(48) Metaspace: 82808K(83968K)->82808K(83968K) NonClass: 70933K(71552K)->70933K(71552K) Class: 11875K(12416K)->11875K(12416K)
[653.214s][info ][gc             ] GC(48) Pause Young (Allocation Failure) 2218M->552M(2503M) 14.333ms
[653.214s][info ][gc,cpu         ] GC(48) User=0.04s Sys=0.00s Real=0.01s
[653.214s][info ][safepoint      ] Safepoint "ParallelGCFailedAllocation", Time since last: 1677321690 ns, Reaching safepoint: 119109 ns, At safepoint: 14435629 ns, Total: 14554738 ns
[657.215s][info ][safepoint      ] Safepoint "Cleanup", Time since last: 4000289012 ns, Reaching safepoint: 49704 ns, At safepoint: 4200 ns, Total: 53904 ns
[658.215s][info ][safepoint      ] Safepoint "Cleanup", Time since last: 1000109606 ns, Reaching safepoint: 61104 ns, At safepoint: 3300 ns, Total: 64404 ns
[659.215s][info ][safepoint      ] Safepoint "Cleanup", Time since last: 1000115006 ns, Reaching safepoint: 54704 ns, At safepoint: 3000 ns, Total: 57704 ns
[661.215s][info ][safepoint      ] Safepoint "Cleanup", Time since last: 2000175206 ns, Reaching safepoint: 54704 ns, At safepoint: 7901 ns, Total: 62605 ns
[663.215s][info ][safepoint      ] Safepoint "Cleanup", Time since last: 2000189607 ns, Reaching safepoint: 55804 ns, At safepoint: 25702 ns, Total: 81506 ns
[666.216s][info ][safepoint      ] Safepoint "Cleanup", Time since last: 3000233505 ns, Reaching safepoint: 47604 ns, At safepoint: 3400 ns, Total: 51004 ns
[667.216s][info ][safepoint      ] Safepoint "Cleanup", Time since last: 1000097303 ns, Reaching safepoint: 47303 ns, At safepoint: 4200 ns, Total: 51503 ns
[684.217s][info ][safepoint      ] Safepoint "Cleanup", Time since last: 17001136987 ns, Reaching safepoint: 44703 ns, At safepoint: 2300 ns, Total: 47003 ns
[689.217s][info ][safepoint      ] Safepoint "Cleanup", Time since last: 5000264882 ns, Reaching safepoint: 45204 ns, At safepoint: 3900 ns, Total: 49104 ns
[689.408s][info ][gc,start       ] GC(49) Pause Young (Allocation Failure)
[689.417s][debug][gc,phases      ] GC(49) Scavenge 8.611ms
[689.417s][debug][gc,ref         ] GC(49) Skipped phase 1 of Reference Processing: no references
[689.417s][debug][gc,ref         ] GC(49) ReferenceProcessor::execute queues: 1, RefProcThreadModel::Single, marks_oops_alive: false
[689.417s][debug][gc,ref         ] GC(49) Skipped phase 3 of Reference Processing: no references
[689.417s][debug][gc,ref         ] GC(49) ReferenceProcessor::execute queues: 1, RefProcThreadModel::Single, marks_oops_alive: false
[689.417s][debug][gc,phases      ] GC(49) Reference Processing 0.140ms
[689.417s][debug][gc,phases      ] GC(49)   VM Weak                        Min:  0.0, Avg:  0.0, Max:  0.0, Diff:  0.0, Sum:  0.0, Workers: 4
[689.417s][debug][gc,phases      ] GC(49)     Dead                           Min: 0, Avg:  0.0, Max: 0, Diff: 0, Sum: 0, Workers: 4
[689.417s][debug][gc,phases      ] GC(49)     Total                          Min: 0, Avg: 228.8, Max: 512, Diff: 512, Sum: 915, Workers: 4
[689.417s][debug][gc,phases      ] GC(49)   ObjectSynchronizer Weak        Min:  0.0, Avg:  0.0, Max:  0.0, Diff:  0.0, Sum:  0.0, Workers: 4
[689.417s][debug][gc,phases      ] GC(49)     Dead                           Min: 0, Avg:  0.0, Max: 0, Diff: 0, Sum: 0, Workers: 4
[689.417s][debug][gc,phases      ] GC(49)     Total                          Min: 0, Avg: 25.0, Max: 64, Diff: 64, Sum: 100, Workers: 4
[689.417s][debug][gc,phases      ] GC(49)   JVMTI Tag Weak OopStorage      Min:  0.0, Avg:  0.0, Max:  0.0, Diff:  0.0, Sum:  0.0, Workers: 4
[689.417s][debug][gc,phases      ] GC(49)     Dead                           Min: 0, Avg:  0.0, Max: 0, Diff: 0, Sum: 0, Workers: 4
[689.417s][debug][gc,phases      ] GC(49)     Total                          Min: 0, Avg:  0.0, Max: 0, Diff: 0, Sum: 0, Workers: 4
[689.417s][debug][gc,phases      ] GC(49)   StringTable Weak               Min:  0.0, Avg:  0.1, Max:  0.2, Diff:  0.2, Sum:  0.4, Workers: 4
[689.417s][debug][gc,phases      ] GC(49)     Dead                           Min: 0, Avg:  0.0, Max: 0, Diff: 0, Sum: 0, Workers: 4
[689.417s][debug][gc,phases      ] GC(49)     Total                          Min: 0, Avg: 10941.2, Max: 22389, Diff: 22389, Sum: 43765, Workers: 4
[689.417s][debug][gc,phases      ] GC(49)   ResolvedMethodTable Weak       Min:  0.0, Avg:  0.0, Max:  0.0, Diff:  0.0, Sum:  0.1, Workers: 4
[689.417s][debug][gc,phases      ] GC(49)     Dead                           Min: 0, Avg:  0.0, Max: 0, Diff: 0, Sum: 0, Workers: 4
[689.417s][debug][gc,phases      ] GC(49)     Total                          Min: 0, Avg: 2484.5, Max: 5115, Diff: 5115, Sum: 9938, Workers: 4
[689.417s][debug][gc,phases      ] GC(49)   JNI Weak                       Min:  0.0, Avg:  0.0, Max:  0.0, Diff:  0.0, Sum:  0.0, Workers: 4
[689.417s][debug][gc,phases      ] GC(49)     Dead                           Min: 0, Avg:  0.0, Max: 0, Diff: 0, Sum: 0, Workers: 4
[689.417s][debug][gc,phases      ] GC(49)     Total                          Min: 0, Avg: 11.2, Max: 45, Diff: 45, Sum: 45, Workers: 4
[689.417s][debug][gc,phases      ] GC(49)   StringDedup Table Weak         Min:  0.0, Avg:  0.0, Max:  0.0, Diff:  0.0, Sum:  0.0, Workers: 4
[689.417s][debug][gc,phases      ] GC(49)     Dead                           Min: 0, Avg:  0.0, Max: 0, Diff: 0, Sum: 0, Workers: 4
[689.417s][debug][gc,phases      ] GC(49)     Total                          Min: 0, Avg:  0.0, Max: 0, Diff: 0, Sum: 0, Workers: 4
[689.417s][debug][gc,phases      ] GC(49)   StringDedup Requests0 Weak     Min:  0.0, Avg:  0.0, Max:  0.0, Diff:  0.0, Sum:  0.0, Workers: 4
[689.417s][debug][gc,phases      ] GC(49)     Dead                           Min: 0, Avg:  0.0, Max: 0, Diff: 0, Sum: 0, Workers: 4
[689.417s][debug][gc,phases      ] GC(49)     Total                          Min: 0, Avg:  0.0, Max: 0, Diff: 0, Sum: 0, Workers: 4
[689.417s][debug][gc,phases      ] GC(49)   StringDedup Requests1 Weak     Min:  0.0, Avg:  0.0, Max:  0.0, Diff:  0.0, Sum:  0.0, Workers: 4
[689.417s][debug][gc,phases      ] GC(49)     Dead                           Min: 0, Avg:  0.0, Max: 0, Diff: 0, Sum: 0, Workers: 4
[689.417s][debug][gc,phases      ] GC(49)     Total                          Min: 0, Avg:  0.0, Max: 0, Diff: 0, Sum: 0, Workers: 4
[689.417s][debug][gc,phases      ] GC(49)   Weak JFR Old Object Samples    Min:  0.0, Avg:  0.0, Max:  0.0, Diff:  0.0, Sum:  0.0, Workers: 4
[689.417s][debug][gc,phases      ] GC(49)     Dead                           Min: 0, Avg:  0.0, Max: 0, Diff: 0, Sum: 0, Workers: 4
[689.417s][debug][gc,phases      ] GC(49)     Total                          Min: 0, Avg:  0.0, Max: 0, Diff: 0, Sum: 0, Workers: 4
[689.417s][debug][gc,phases      ] GC(49) Weak Processing 0.450ms
[689.417s][debug][gc,age         ] GC(49) Desired survivor size 193986560 bytes, new threshold 15 (max threshold 15)
[689.417s][info ][gc,heap        ] GC(49) PSYoungGen: 1716976K(1900544K)->8992K(1907712K) Eden: 1706496K(1706496K)->0K(1715200K) From: 10480K(194048K)->8992K(192512K)
[689.417s][info ][gc,heap        ] GC(49) ParOldGen: 555001K(662528K)->556641K(662528K)
[689.417s][info ][gc,metaspace   ] GC(49) Metaspace: 82823K(83968K)->82823K(83968K) NonClass: 70948K(71552K)->70948K(71552K) Class: 11875K(12416K)->11875K(12416K)
[689.417s][info ][gc             ] GC(49) Pause Young (Allocation Failure) 2218M->552M(2510M) 9.351ms
[689.417s][info ][gc,cpu         ] GC(49) User=0.03s Sys=0.00s Real=0.01s
[689.417s][info ][safepoint      ] Safepoint "ParallelGCFailedAllocation", Time since last: 190448277 ns, Reaching safepoint: 37403 ns, At safepoint: 9423772 ns, Total: 9461175 ns
[695.418s][info ][safepoint      ] Safepoint "Cleanup", Time since last: 6000376677 ns, Reaching safepoint: 64805 ns, At safepoint: 7200 ns, Total: 72005 ns
[696.418s][info ][safepoint      ] Safepoint "Cleanup", Time since last: 1000111099 ns, Reaching safepoint: 38803 ns, At safepoint: 3200 ns, Total: 42003 ns
[699.418s][info ][safepoint      ] Safepoint "Cleanup", Time since last: 3000233289 ns, Reaching safepoint: 48504 ns, At safepoint: 3100 ns, Total: 51604 ns
[700.418s][info ][safepoint      ] Safepoint "Cleanup", Time since last: 1000131600 ns, Reaching safepoint: 52804 ns, At safepoint: 4000 ns, Total: 56804 ns
[702.419s][info ][safepoint      ] Safepoint "Cleanup", Time since last: 2000287201 ns, Reaching safepoint: 41403 ns, At safepoint: 3600 ns, Total: 45003 ns
[704.419s][info ][safepoint      ] Safepoint "Cleanup", Time since last: 2000180093 ns, Reaching safepoint: 44903 ns, At safepoint: 5101 ns, Total: 50004 ns
[707.419s][info ][safepoint      ] Safepoint "Cleanup", Time since last: 3000256187 ns, Reaching safepoint: 74105 ns, At safepoint: 3000 ns, Total: 77105 ns
[708.419s][info ][safepoint      ] Safepoint "Cleanup", Time since last: 1000084295 ns, Reaching safepoint: 64005 ns, At safepoint: 3100 ns, Total: 67105 ns
[716.420s][info ][safepoint      ] Safepoint "Cleanup", Time since last: 8000485743 ns, Reaching safepoint: 76406 ns, At safepoint: 3100 ns, Total: 79506 ns
[717.420s][info ][safepoint      ] Safepoint "Cleanup", Time since last: 1000111796 ns, Reaching safepoint: 55904 ns, At safepoint: 3000 ns, Total: 58904 ns
[721.421s][info ][safepoint      ] Safepoint "Cleanup", Time since last: 4000298971 ns, Reaching safepoint: 58204 ns, At safepoint: 6001 ns, Total: 64205 ns
[725.315s][info ][gc,start       ] GC(50) Pause Young (Allocation Failure)
[725.321s][debug][gc,phases      ] GC(50) Scavenge 5.964ms
[725.321s][debug][gc,ref         ] GC(50) Skipped phase 1 of Reference Processing: no references
[725.321s][debug][gc,ref         ] GC(50) ReferenceProcessor::execute queues: 1, RefProcThreadModel::Single, marks_oops_alive: false
[725.321s][debug][gc,ref         ] GC(50) Skipped phase 3 of Reference Processing: no references
[725.321s][debug][gc,ref         ] GC(50) ReferenceProcessor::execute queues: 1, RefProcThreadModel::Single, marks_oops_alive: false
[725.321s][debug][gc,phases      ] GC(50) Reference Processing 0.131ms
[725.321s][debug][gc,phases      ] GC(50)   VM Weak                        Min:  0.0, Avg:  0.0, Max:  0.0, Diff:  0.0, Sum:  0.0, Workers: 4
[725.321s][debug][gc,phases      ] GC(50)     Dead                           Min: 0, Avg:  0.0, Max: 0, Diff: 0, Sum: 0, Workers: 4
[725.321s][debug][gc,phases      ] GC(50)     Total                          Min: 0, Avg: 228.8, Max: 576, Diff: 576, Sum: 915, Workers: 4
[725.321s][debug][gc,phases      ] GC(50)   ObjectSynchronizer Weak        Min:  0.0, Avg:  0.0, Max:  0.0, Diff:  0.0, Sum:  0.0, Workers: 4
[725.321s][debug][gc,phases      ] GC(50)     Dead                           Min: 0, Avg:  0.0, Max: 0, Diff: 0, Sum: 0, Workers: 4
[725.321s][debug][gc,phases      ] GC(50)     Total                          Min: 0, Avg: 25.0, Max: 64, Diff: 64, Sum: 100, Workers: 4
[725.321s][debug][gc,phases      ] GC(50)   JVMTI Tag Weak OopStorage      Min:  0.0, Avg:  0.0, Max:  0.0, Diff:  0.0, Sum:  0.0, Workers: 4
[725.321s][debug][gc,phases      ] GC(50)     Dead                           Min: 0, Avg:  0.0, Max: 0, Diff: 0, Sum: 0, Workers: 4
[725.321s][debug][gc,phases      ] GC(50)     Total                          Min: 0, Avg:  0.0, Max: 0, Diff: 0, Sum: 0, Workers: 4
[725.321s][debug][gc,phases      ] GC(50)   StringTable Weak               Min:  0.1, Avg:  0.1, Max:  0.1, Diff:  0.0, Sum:  0.4, Workers: 4
[725.321s][debug][gc,phases      ] GC(50)     Dead                           Min: 0, Avg:  0.0, Max: 0, Diff: 0, Sum: 0, Workers: 4
[725.321s][debug][gc,phases      ] GC(50)     Total                          Min: 9846, Avg: 10941.5, Max: 11776, Diff: 1930, Sum: 43766, Workers: 4
[725.321s][debug][gc,phases      ] GC(50)   ResolvedMethodTable Weak       Min:  0.0, Avg:  0.0, Max:  0.0, Diff:  0.0, Sum:  0.1, Workers: 4
[725.321s][debug][gc,phases      ] GC(50)     Dead                           Min: 0, Avg:  0.0, Max: 0, Diff: 0, Sum: 0, Workers: 4
[725.321s][debug][gc,phases      ] GC(50)     Total                          Min: 2395, Avg: 2484.5, Max: 2686, Diff: 291, Sum: 9938, Workers: 4
[725.321s][debug][gc,phases      ] GC(50)   JNI Weak                       Min:  0.0, Avg:  0.0, Max:  0.0, Diff:  0.0, Sum:  0.0, Workers: 4
[725.321s][debug][gc,phases      ] GC(50)     Dead                           Min: 0, Avg:  0.0, Max: 0, Diff: 0, Sum: 0, Workers: 4
[725.321s][debug][gc,phases      ] GC(50)     Total                          Min: 0, Avg: 11.2, Max: 45, Diff: 45, Sum: 45, Workers: 4
[725.321s][debug][gc,phases      ] GC(50)   StringDedup Table Weak         Min:  0.0, Avg:  0.0, Max:  0.0, Diff:  0.0, Sum:  0.0, Workers: 4
[725.321s][debug][gc,phases      ] GC(50)     Dead                           Min: 0, Avg:  0.0, Max: 0, Diff: 0, Sum: 0, Workers: 4
[725.321s][debug][gc,phases      ] GC(50)     Total                          Min: 0, Avg:  0.0, Max: 0, Diff: 0, Sum: 0, Workers: 4
[725.321s][debug][gc,phases      ] GC(50)   StringDedup Requests0 Weak     Min:  0.0, Avg:  0.0, Max:  0.0, Diff:  0.0, Sum:  0.0, Workers: 4
[725.321s][debug][gc,phases      ] GC(50)     Dead                           Min: 0, Avg:  0.0, Max: 0, Diff: 0, Sum: 0, Workers: 4
[725.321s][debug][gc,phases      ] GC(50)     Total                          Min: 0, Avg:  0.0, Max: 0, Diff: 0, Sum: 0, Workers: 4
[725.321s][debug][gc,phases      ] GC(50)   StringDedup Requests1 Weak     Min:  0.0, Avg:  0.0, Max:  0.0, Diff:  0.0, Sum:  0.0, Workers: 4
[725.321s][debug][gc,phases      ] GC(50)     Dead                           Min: 0, Avg:  0.0, Max: 0, Diff: 0, Sum: 0, Workers: 4
[725.321s][debug][gc,phases      ] GC(50)     Total                          Min: 0, Avg:  0.0, Max: 0, Diff: 0, Sum: 0, Workers: 4
[725.321s][debug][gc,phases      ] GC(50)   Weak JFR Old Object Samples    Min:  0.0, Avg:  0.0, Max:  0.0, Diff:  0.0, Sum:  0.0, Workers: 4
[725.321s][debug][gc,phases      ] GC(50)     Dead                           Min: 0, Avg:  0.0, Max: 0, Diff: 0, Sum: 0, Workers: 4
[725.321s][debug][gc,phases      ] GC(50)     Total                          Min: 0, Avg:  0.0, Max: 0, Diff: 0, Sum: 0, Workers: 4
[725.321s][debug][gc,phases      ] GC(50) Weak Processing 0.312ms
[725.321s][debug][gc,age         ] GC(50) Desired survivor size 190316544 bytes, new threshold 15 (max threshold 15)
[725.321s][info ][gc,heap        ] GC(50) PSYoungGen: 1724192K(1907712K)->6288K(1904640K) Eden: 1715200K(1715200K)->0K(1715200K) From: 8992K(192512K)->6288K(189440K)
[725.321s][info ][gc,heap        ] GC(50) ParOldGen: 556641K(662528K)->559290K(662528K)
[725.321s][info ][gc,metaspace   ] GC(50) Metaspace: 82851K(83968K)->82851K(83968K) NonClass: 70976K(71552K)->70976K(71552K) Class: 11875K(12416K)->11875K(12416K)
[725.321s][info ][gc             ] GC(50) Pause Young (Allocation Failure) 2227M->552M(2507M) 6.533ms
[725.321s][info ][gc,cpu         ] GC(50) User=0.02s Sys=0.00s Real=0.01s
[725.321s][info ][safepoint      ] Safepoint "ParallelGCFailedAllocation", Time since last: 3894007892 ns, Reaching safepoint: 28102 ns, At safepoint: 6603270 ns, Total: 6631372 ns
[756.323s][info ][safepoint      ] Safepoint "Cleanup", Time since last: 31001929152 ns, Reaching safepoint: 53703 ns, At safepoint: 20202 ns, Total: 73905 ns
[759.323s][info ][safepoint      ] Safepoint "Cleanup", Time since last: 3000243763 ns, Reaching safepoint: 48603 ns, At safepoint: 7001 ns, Total: 55604 ns
[764.450s][info ][gc,start       ] GC(51) Pause Young (Allocation Failure)
[764.456s][debug][gc,phases      ] GC(51) Scavenge 6.139ms
[764.456s][debug][gc,ref         ] GC(51) Skipped phase 1 of Reference Processing: no references
[764.456s][debug][gc,ref         ] GC(51) ReferenceProcessor::execute queues: 1, RefProcThreadModel::Single, marks_oops_alive: false
[764.456s][debug][gc,ref         ] GC(51) Skipped phase 3 of Reference Processing: no references
[764.456s][debug][gc,ref         ] GC(51) ReferenceProcessor::execute queues: 1, RefProcThreadModel::Single, marks_oops_alive: false
[764.456s][debug][gc,phases      ] GC(51) Reference Processing 0.109ms
[764.456s][debug][gc,phases      ] GC(51)   VM Weak                        Min:  0.0, Avg:  0.0, Max:  0.0, Diff:  0.0, Sum:  0.0, Workers: 4
[764.456s][debug][gc,phases      ] GC(51)     Dead                           Min: 0, Avg:  0.0, Max: 0, Diff: 0, Sum: 0, Workers: 4
[764.456s][debug][gc,phases      ] GC(51)     Total                          Min: 0, Avg: 228.8, Max: 576, Diff: 576, Sum: 915, Workers: 4
[764.456s][debug][gc,phases      ] GC(51)   ObjectSynchronizer Weak        Min:  0.0, Avg:  0.0, Max:  0.0, Diff:  0.0, Sum:  0.0, Workers: 4
[764.456s][debug][gc,phases      ] GC(51)     Dead                           Min: 0, Avg:  0.0, Max: 0, Diff: 0, Sum: 0, Workers: 4
[764.456s][debug][gc,phases      ] GC(51)     Total                          Min: 0, Avg: 25.0, Max: 64, Diff: 64, Sum: 100, Workers: 4
[764.456s][debug][gc,phases      ] GC(51)   JVMTI Tag Weak OopStorage      Min:  0.0, Avg:  0.0, Max:  0.0, Diff:  0.0, Sum:  0.0, Workers: 4
[764.456s][debug][gc,phases      ] GC(51)     Dead                           Min: 0, Avg:  0.0, Max: 0, Diff: 0, Sum: 0, Workers: 4
[764.456s][debug][gc,phases      ] GC(51)     Total                          Min: 0, Avg:  0.0, Max: 0, Diff: 0, Sum: 0, Workers: 4
[764.456s][debug][gc,phases      ] GC(51)   StringTable Weak               Min:  0.0, Avg:  0.1, Max:  0.1, Diff:  0.1, Sum:  0.4, Workers: 4
[764.456s][debug][gc,phases      ] GC(51)     Dead                           Min: 0, Avg:  0.0, Max: 0, Diff: 0, Sum: 0, Workers: 4
[764.456s][debug][gc,phases      ] GC(51)     Total                          Min: 0, Avg: 10941.5, Max: 14848, Diff: 14848, Sum: 43766, Workers: 4
[764.456s][debug][gc,phases      ] GC(51)   ResolvedMethodTable Weak       Min:  0.0, Avg:  0.0, Max:  0.0, Diff:  0.0, Sum:  0.1, Workers: 4
[764.457s][debug][gc,phases      ] GC(51)     Dead                           Min: 0, Avg:  0.0, Max: 0, Diff: 0, Sum: 0, Workers: 4
[764.457s][debug][gc,phases      ] GC(51)     Total                          Min: 0, Avg: 2484.5, Max: 3391, Diff: 3391, Sum: 9938, Workers: 4
[764.457s][debug][gc,phases      ] GC(51)   JNI Weak                       Min:  0.0, Avg:  0.0, Max:  0.0, Diff:  0.0, Sum:  0.0, Workers: 4
[764.457s][debug][gc,phases      ] GC(51)     Dead                           Min: 0, Avg:  0.0, Max: 0, Diff: 0, Sum: 0, Workers: 4
[764.457s][debug][gc,phases      ] GC(51)     Total                          Min: 0, Avg: 11.2, Max: 45, Diff: 45, Sum: 45, Workers: 4
[764.457s][debug][gc,phases      ] GC(51)   StringDedup Table Weak         Min:  0.0, Avg:  0.0, Max:  0.0, Diff:  0.0, Sum:  0.0, Workers: 4
[764.457s][debug][gc,phases      ] GC(51)     Dead                           Min: 0, Avg:  0.0, Max: 0, Diff: 0, Sum: 0, Workers: 4
[764.457s][debug][gc,phases      ] GC(51)     Total                          Min: 0, Avg:  0.0, Max: 0, Diff: 0, Sum: 0, Workers: 4
[764.457s][debug][gc,phases      ] GC(51)   StringDedup Requests0 Weak     Min:  0.0, Avg:  0.0, Max:  0.0, Diff:  0.0, Sum:  0.0, Workers: 4
[764.457s][debug][gc,phases      ] GC(51)     Dead                           Min: 0, Avg:  0.0, Max: 0, Diff: 0, Sum: 0, Workers: 4
[764.457s][debug][gc,phases      ] GC(51)     Total                          Min: 0, Avg:  0.0, Max: 0, Diff: 0, Sum: 0, Workers: 4
[764.457s][debug][gc,phases      ] GC(51)   StringDedup Requests1 Weak     Min:  0.0, Avg:  0.0, Max:  0.0, Diff:  0.0, Sum:  0.0, Workers: 4
[764.457s][debug][gc,phases      ] GC(51)     Dead                           Min: 0, Avg:  0.0, Max: 0, Diff: 0, Sum: 0, Workers: 4
[764.457s][debug][gc,phases      ] GC(51)     Total                          Min: 0, Avg:  0.0, Max: 0, Diff: 0, Sum: 0, Workers: 4
[764.457s][debug][gc,phases      ] GC(51)   Weak JFR Old Object Samples    Min:  0.0, Avg:  0.0, Max:  0.0, Diff:  0.0, Sum:  0.0, Workers: 4
[764.457s][debug][gc,phases      ] GC(51)     Dead                           Min: 0, Avg:  0.0, Max: 0, Diff: 0, Sum: 0, Workers: 4
[764.457s][debug][gc,phases      ] GC(51)     Total                          Min: 0, Avg:  0.0, Max: 0, Diff: 0, Sum: 0, Workers: 4
[764.457s][debug][gc,phases      ] GC(51) Weak Processing 0.365ms
[764.457s][debug][gc,age         ] GC(51) Desired survivor size 185597952 bytes, new threshold 15 (max threshold 15)
[764.457s][info ][gc,heap        ] GC(51) PSYoungGen: 1721488K(1904640K)->5696K(1915904K) Eden: 1715200K(1715200K)->0K(1730048K) From: 6288K(189440K)->5696K(185856K)
[764.457s][info ][gc,heap        ] GC(51) ParOldGen: 559290K(662528K)->560178K(662528K)
[764.457s][info ][gc,metaspace   ] GC(51) Metaspace: 82854K(83968K)->82854K(83968K) NonClass: 70979K(71552K)->70979K(71552K) Class: 11875K(12416K)->11875K(12416K)
[764.457s][info ][gc             ] GC(51) Pause Young (Allocation Failure) 2227M->552M(2518M) 6.743ms
[764.457s][info ][gc,cpu         ] GC(51) User=0.02s Sys=0.00s Real=0.01s
[764.457s][info ][safepoint      ] Safepoint "ParallelGCFailedAllocation", Time since last: 5126355513 ns, Reaching safepoint: 28302 ns, At safepoint: 6811985 ns, Total: 6840287 ns
[768.457s][info ][safepoint      ] Safepoint "Cleanup", Time since last: 4000342047 ns, Reaching safepoint: 113609 ns, At safepoint: 5400 ns, Total: 119009 ns
[783.461s][info ][safepoint      ] Safepoint "Cleanup", Time since last: 15001125470 ns, Reaching safepoint: 3194228 ns, At safepoint: 9001 ns, Total: 3203229 ns
[784.462s][info ][safepoint      ] Safepoint "Cleanup", Time since last: 1000111386 ns, Reaching safepoint: 82706 ns, At safepoint: 3900 ns, Total: 86606 ns
[785.404s][info ][safepoint      ] Safepoint "ParallelGCFailedAllocation", Time since last: 942709195 ns, Reaching safepoint: 48403 ns, At safepoint: 9201 ns, Total: 57604 ns
[785.405s][info ][gc,start       ] GC(52) Pause Young (GCLocker Initiated GC)
[785.423s][debug][gc,phases      ] GC(52) Scavenge 17.899ms
[785.423s][debug][gc,ref         ] GC(52) Skipped phase 1 of Reference Processing: no references
[785.423s][debug][gc,ref         ] GC(52) ReferenceProcessor::execute queues: 1, RefProcThreadModel::Single, marks_oops_alive: false
[785.423s][debug][gc,ref         ] GC(52) Skipped phase 3 of Reference Processing: no references
[785.423s][debug][gc,ref         ] GC(52) ReferenceProcessor::execute queues: 1, RefProcThreadModel::Single, marks_oops_alive: false
[785.423s][debug][gc,phases      ] GC(52) Reference Processing 0.115ms
[785.423s][debug][gc,phases      ] GC(52)   VM Weak                        Min:  0.0, Avg:  0.0, Max:  0.0, Diff:  0.0, Sum:  0.0, Workers: 4
[785.423s][debug][gc,phases      ] GC(52)     Dead                           Min: 0, Avg:  0.0, Max: 0, Diff: 0, Sum: 0, Workers: 4
[785.423s][debug][gc,phases      ] GC(52)     Total                          Min: 0, Avg: 228.8, Max: 595, Diff: 595, Sum: 915, Workers: 4
[785.423s][debug][gc,phases      ] GC(52)   ObjectSynchronizer Weak        Min:  0.0, Avg:  0.0, Max:  0.0, Diff:  0.0, Sum:  0.0, Workers: 4
[785.423s][debug][gc,phases      ] GC(52)     Dead                           Min: 0, Avg:  0.0, Max: 0, Diff: 0, Sum: 0, Workers: 4
[785.423s][debug][gc,phases      ] GC(52)     Total                          Min: 0, Avg: 25.0, Max: 64, Diff: 64, Sum: 100, Workers: 4
[785.423s][debug][gc,phases      ] GC(52)   JVMTI Tag Weak OopStorage      Min:  0.0, Avg:  0.0, Max:  0.0, Diff:  0.0, Sum:  0.0, Workers: 4
[785.423s][debug][gc,phases      ] GC(52)     Dead                           Min: 0, Avg:  0.0, Max: 0, Diff: 0, Sum: 0, Workers: 4
[785.423s][debug][gc,phases      ] GC(52)     Total                          Min: 0, Avg:  0.0, Max: 0, Diff: 0, Sum: 0, Workers: 4
[785.423s][debug][gc,phases      ] GC(52)   StringTable Weak               Min:  0.1, Avg:  0.1, Max:  0.2, Diff:  0.0, Sum:  0.6, Workers: 4
[785.423s][debug][gc,phases      ] GC(52)     Dead                           Min: 0, Avg:  0.0, Max: 0, Diff: 0, Sum: 0, Workers: 4
[785.423s][debug][gc,phases      ] GC(52)     Total                          Min: 5760, Avg: 10941.5, Max: 13440, Diff: 7680, Sum: 43766, Workers: 4
[785.423s][debug][gc,phases      ] GC(52)   ResolvedMethodTable Weak       Min:  0.0, Avg:  0.0, Max:  0.0, Diff:  0.0, Sum:  0.1, Workers: 4
[785.423s][debug][gc,phases      ] GC(52)     Dead                           Min: 0, Avg:  0.0, Max: 0, Diff: 0, Sum: 0, Workers: 4
[785.423s][debug][gc,phases      ] GC(52)     Total                          Min: 1534, Avg: 2484.5, Max: 2907, Diff: 1373, Sum: 9938, Workers: 4
[785.423s][debug][gc,phases      ] GC(52)   JNI Weak                       Min:  0.0, Avg:  0.0, Max:  0.0, Diff:  0.0, Sum:  0.0, Workers: 4
[785.423s][debug][gc,phases      ] GC(52)     Dead                           Min: 0, Avg:  0.0, Max: 0, Diff: 0, Sum: 0, Workers: 4
[785.423s][debug][gc,phases      ] GC(52)     Total                          Min: 0, Avg: 11.2, Max: 45, Diff: 45, Sum: 45, Workers: 4
[785.423s][debug][gc,phases      ] GC(52)   StringDedup Table Weak         Min:  0.0, Avg:  0.0, Max:  0.0, Diff:  0.0, Sum:  0.0, Workers: 4
[785.423s][debug][gc,phases      ] GC(52)     Dead                           Min: 0, Avg:  0.0, Max: 0, Diff: 0, Sum: 0, Workers: 4
[785.423s][debug][gc,phases      ] GC(52)     Total                          Min: 0, Avg:  0.0, Max: 0, Diff: 0, Sum: 0, Workers: 4
[785.423s][debug][gc,phases      ] GC(52)   StringDedup Requests0 Weak     Min:  0.0, Avg:  0.0, Max:  0.0, Diff:  0.0, Sum:  0.0, Workers: 4
[785.423s][debug][gc,phases      ] GC(52)     Dead                           Min: 0, Avg:  0.0, Max: 0, Diff: 0, Sum: 0, Workers: 4
[785.423s][debug][gc,phases      ] GC(52)     Total                          Min: 0, Avg:  0.0, Max: 0, Diff: 0, Sum: 0, Workers: 4
[785.423s][debug][gc,phases      ] GC(52)   StringDedup Requests1 Weak     Min:  0.0, Avg:  0.0, Max:  0.0, Diff:  0.0, Sum:  0.0, Workers: 4
[785.423s][debug][gc,phases      ] GC(52)     Dead                           Min: 0, Avg:  0.0, Max: 0, Diff: 0, Sum: 0, Workers: 4
[785.423s][debug][gc,phases      ] GC(52)     Total                          Min: 0, Avg:  0.0, Max: 0, Diff: 0, Sum: 0, Workers: 4
[785.423s][debug][gc,phases      ] GC(52)   Weak JFR Old Object Samples    Min:  0.0, Avg:  0.0, Max:  0.0, Diff:  0.0, Sum:  0.0, Workers: 4
[785.423s][debug][gc,phases      ] GC(52)     Dead                           Min: 0, Avg:  0.0, Max: 0, Diff: 0, Sum: 0, Workers: 4
[785.423s][debug][gc,phases      ] GC(52)     Total                          Min: 0, Avg:  0.0, Max: 0, Diff: 0, Sum: 0, Workers: 4
[785.423s][debug][gc,phases      ] GC(52) Weak Processing 0.392ms
[785.423s][debug][gc,age         ] GC(52) Desired survivor size 175636480 bytes, new threshold 15 (max threshold 15)
[785.423s][info ][gc,heap        ] GC(52) PSYoungGen: 1735744K(1915904K)->30192K(1911296K) Eden: 1730048K(1730048K)->0K(1730048K) From: 5696K(185856K)->30192K(181248K)
[785.423s][info ][gc,heap        ] GC(52) ParOldGen: 560202K(662528K)->560334K(662528K)
[785.423s][info ][gc,metaspace   ] GC(52) Metaspace: 82856K(83968K)->82856K(83968K) NonClass: 70981K(71552K)->70981K(71552K) Class: 11875K(12416K)->11875K(12416K)
[785.423s][info ][gc             ] GC(52) Pause Young (GCLocker Initiated GC) 2242M->576M(2513M) 18.536ms
[785.423s][info ][gc,cpu         ] GC(52) User=0.06s Sys=0.00s Real=0.02s
[785.423s][info ][safepoint      ] Safepoint "ParallelGCSystemGC", Time since last: 158311 ns, Reaching safepoint: 21801 ns, At safepoint: 18606227 ns, Total: 18628028 ns
[787.423s][info ][safepoint      ] Safepoint "Cleanup", Time since last: 2000150366 ns, Reaching safepoint: 62305 ns, At safepoint: 3300 ns, Total: 65605 ns
[788.424s][info ][safepoint      ] Safepoint "Cleanup", Time since last: 1000126387 ns, Reaching safepoint: 48703 ns, At safepoint: 3500 ns, Total: 52203 ns
[790.424s][info ][safepoint      ] Safepoint "Cleanup", Time since last: 2000186269 ns, Reaching safepoint: 55904 ns, At safepoint: 3500 ns, Total: 59404 ns
[791.424s][info ][safepoint      ] Safepoint "Cleanup", Time since last: 1000112485 ns, Reaching safepoint: 49804 ns, At safepoint: 4400 ns, Total: 54204 ns
[793.424s][info ][safepoint      ] Safepoint "Cleanup", Time since last: 2000183567 ns, Reaching safepoint: 50304 ns, At safepoint: 3100 ns, Total: 53404 ns
[794.424s][info ][safepoint      ] Safepoint "Cleanup", Time since last: 1000109785 ns, Reaching safepoint: 50204 ns, At safepoint: 4400 ns, Total: 54604 ns
[795.425s][info ][safepoint      ] Safepoint "Cleanup", Time since last: 1000134086 ns, Reaching safepoint: 69605 ns, At safepoint: 8101 ns, Total: 77706 ns
[796.904s][info ][safepoint      ] Safepoint "Cleanup", Time since last: 1479412647 ns, Reaching safepoint: 192914 ns, At safepoint: 7701 ns, Total: 200615 ns
[797.904s][info ][safepoint      ] Safepoint "Cleanup", Time since last: 1000114984 ns, Reaching safepoint: 130510 ns, At safepoint: 4800 ns, Total: 135310 ns
[799.649s][info ][gc,start       ] GC(53) Pause Young (Allocation Failure)
[799.676s][debug][gc,phases      ] GC(53) Scavenge 27.062ms
[799.676s][debug][gc,ref         ] GC(53) Skipped phase 1 of Reference Processing: no references
[799.676s][debug][gc,ref         ] GC(53) ReferenceProcessor::execute queues: 1, RefProcThreadModel::Single, marks_oops_alive: false
[799.676s][debug][gc,ref         ] GC(53) Skipped phase 3 of Reference Processing: no references
[799.676s][debug][gc,ref         ] GC(53) ReferenceProcessor::execute queues: 1, RefProcThreadModel::Single, marks_oops_alive: false
[799.676s][debug][gc,phases      ] GC(53) Reference Processing 0.115ms
[799.677s][debug][gc,phases      ] GC(53)   VM Weak                        Min:  0.0, Avg:  0.0, Max:  0.0, Diff:  0.0, Sum:  0.0, Workers: 4
[799.677s][debug][gc,phases      ] GC(53)     Dead                           Min: 0, Avg:  0.0, Max: 0, Diff: 0, Sum: 0, Workers: 4
[799.677s][debug][gc,phases      ] GC(53)     Total                          Min: 0, Avg: 228.8, Max: 595, Diff: 595, Sum: 915, Workers: 4
[799.677s][debug][gc,phases      ] GC(53)   ObjectSynchronizer Weak        Min:  0.0, Avg:  0.0, Max:  0.0, Diff:  0.0, Sum:  0.0, Workers: 4
[799.677s][debug][gc,phases      ] GC(53)     Dead                           Min: 0, Avg:  0.0, Max: 0, Diff: 0, Sum: 0, Workers: 4
[799.677s][debug][gc,phases      ] GC(53)     Total                          Min: 0, Avg: 25.0, Max: 64, Diff: 64, Sum: 100, Workers: 4
[799.677s][debug][gc,phases      ] GC(53)   JVMTI Tag Weak OopStorage      Min:  0.0, Avg:  0.0, Max:  0.0, Diff:  0.0, Sum:  0.0, Workers: 4
[799.677s][debug][gc,phases      ] GC(53)     Dead                           Min: 0, Avg:  0.0, Max: 0, Diff: 0, Sum: 0, Workers: 4
[799.677s][debug][gc,phases      ] GC(53)     Total                          Min: 0, Avg:  0.0, Max: 0, Diff: 0, Sum: 0, Workers: 4
[799.677s][debug][gc,phases      ] GC(53)   StringTable Weak               Min:  0.0, Avg:  0.1, Max:  0.1, Diff:  0.1, Sum:  0.4, Workers: 4
[799.677s][debug][gc,phases      ] GC(53)     Dead                           Min: 0, Avg:  0.2, Max: 1, Diff: 1, Sum: 1, Workers: 4
[799.677s][debug][gc,phases      ] GC(53)     Total                          Min: 0, Avg: 10942.0, Max: 14720, Diff: 14720, Sum: 43768, Workers: 4
[799.677s][debug][gc,phases      ] GC(53)   ResolvedMethodTable Weak       Min:  0.0, Avg:  0.0, Max:  0.0, Diff:  0.0, Sum:  0.1, Workers: 4
[799.677s][debug][gc,phases      ] GC(53)     Dead                           Min: 0, Avg:  0.0, Max: 0, Diff: 0, Sum: 0, Workers: 4
[799.677s][debug][gc,phases      ] GC(53)     Total                          Min: 0, Avg: 2486.0, Max: 3647, Diff: 3647, Sum: 9944, Workers: 4
[799.677s][debug][gc,phases      ] GC(53)   JNI Weak                       Min:  0.0, Avg:  0.0, Max:  0.0, Diff:  0.0, Sum:  0.0, Workers: 4
[799.677s][debug][gc,phases      ] GC(53)     Dead                           Min: 0, Avg:  0.0, Max: 0, Diff: 0, Sum: 0, Workers: 4
[799.677s][debug][gc,phases      ] GC(53)     Total                          Min: 0, Avg: 11.2, Max: 45, Diff: 45, Sum: 45, Workers: 4
[799.677s][debug][gc,phases      ] GC(53)   StringDedup Table Weak         Min:  0.0, Avg:  0.0, Max:  0.0, Diff:  0.0, Sum:  0.0, Workers: 4
[799.677s][debug][gc,phases      ] GC(53)     Dead                           Min: 0, Avg:  0.0, Max: 0, Diff: 0, Sum: 0, Workers: 4
[799.677s][debug][gc,phases      ] GC(53)     Total                          Min: 0, Avg:  0.0, Max: 0, Diff: 0, Sum: 0, Workers: 4
[799.677s][debug][gc,phases      ] GC(53)   StringDedup Requests0 Weak     Min:  0.0, Avg:  0.0, Max:  0.0, Diff:  0.0, Sum:  0.0, Workers: 4
[799.677s][debug][gc,phases      ] GC(53)     Dead                           Min: 0, Avg:  0.0, Max: 0, Diff: 0, Sum: 0, Workers: 4
[799.677s][debug][gc,phases      ] GC(53)     Total                          Min: 0, Avg:  0.0, Max: 0, Diff: 0, Sum: 0, Workers: 4
[799.677s][debug][gc,phases      ] GC(53)   StringDedup Requests1 Weak     Min:  0.0, Avg:  0.0, Max:  0.0, Diff:  0.0, Sum:  0.0, Workers: 4
[799.677s][debug][gc,phases      ] GC(53)     Dead                           Min: 0, Avg:  0.0, Max: 0, Diff: 0, Sum: 0, Workers: 4
[799.677s][debug][gc,phases      ] GC(53)     Total                          Min: 0, Avg:  0.0, Max: 0, Diff: 0, Sum: 0, Workers: 4
[799.677s][debug][gc,phases      ] GC(53)   Weak JFR Old Object Samples    Min:  0.0, Avg:  0.0, Max:  0.0, Diff:  0.0, Sum:  0.0, Workers: 4
[799.677s][debug][gc,phases      ] GC(53)     Dead                           Min: 0, Avg:  0.0, Max: 0, Diff: 0, Sum: 0, Workers: 4
[799.677s][debug][gc,phases      ] GC(53)     Total                          Min: 0, Avg:  0.0, Max: 0, Diff: 0, Sum: 0, Workers: 4
[799.677s][debug][gc,phases      ] GC(53) Weak Processing 0.382ms
[799.677s][debug][gc,age         ] GC(53) Desired survivor size 166723584 bytes, new threshold 15 (max threshold 15)
[799.677s][info ][gc,heap        ] GC(53) PSYoungGen: 1760240K(1911296K)->57776K(1934336K) Eden: 1730048K(1730048K)->0K(1762816K) From: 30192K(181248K)->57776K(171520K)
[799.677s][info ][gc,heap        ] GC(53) ParOldGen: 560336K(662528K)->560460K(662528K)
[799.677s][info ][gc,metaspace   ] GC(53) Metaspace: 82882K(84032K)->82882K(84032K) NonClass: 71004K(71616K)->71004K(71616K) Class: 11877K(12416K)->11877K(12416K)
[799.677s][info ][gc             ] GC(53) Pause Young (Allocation Failure) 2266M->603M(2536M) 27.696ms
[799.677s][info ][gc,cpu         ] GC(53) User=0.08s Sys=0.01s Real=0.03s
[799.677s][info ][safepoint      ] Safepoint "ParallelGCFailedAllocation", Time since last: 1744496541 ns, Reaching safepoint: 108108 ns, At safepoint: 27772679 ns, Total: 27880787 ns
[802.677s][info ][safepoint      ] Safepoint "Cleanup", Time since last: 3000232145 ns, Reaching safepoint: 49604 ns, At safepoint: 10800 ns, Total: 60404 ns
[804.677s][info ][safepoint      ] Safepoint "Cleanup", Time since last: 2000173164 ns, Reaching safepoint: 45303 ns, At safepoint: 4300 ns, Total: 49603 ns
[818.678s][info ][safepoint      ] Safepoint "Cleanup", Time since last: 14000946313 ns, Reaching safepoint: 38403 ns, At safepoint: 2900 ns, Total: 41303 ns
[821.679s][info ][safepoint      ] Safepoint "Cleanup", Time since last: 3000243338 ns, Reaching safepoint: 47903 ns, At safepoint: 2800 ns, Total: 50703 ns
[823.680s][info ][safepoint      ] Safepoint "Cleanup", Time since last: 2001376945 ns, Reaching safepoint: 43703 ns, At safepoint: 3400 ns, Total: 47103 ns
[824.683s][info ][safepoint      ] Safepoint "Cleanup", Time since last: 1000124482 ns, Reaching safepoint: 3143924 ns, At safepoint: 11001 ns, Total: 3154925 ns
[826.684s][info ][safepoint      ] Safepoint "Cleanup", Time since last: 2000187759 ns, Reaching safepoint: 57404 ns, At safepoint: 10001 ns, Total: 67405 ns
[830.684s][info ][safepoint      ] Safepoint "Cleanup", Time since last: 4000301112 ns, Reaching safepoint: 49003 ns, At safepoint: 9701 ns, Total: 58704 ns
[834.684s][info ][safepoint      ] Safepoint "Cleanup", Time since last: 4000338312 ns, Reaching safepoint: 46803 ns, At safepoint: 7601 ns, Total: 54404 ns
[835.210s][info ][gc,start       ] GC(54) Pause Young (Allocation Failure)
[835.233s][debug][gc,phases      ] GC(54) Scavenge 22.943ms
[835.233s][debug][gc,ref         ] GC(54) Skipped phase 1 of Reference Processing: no references
[835.233s][debug][gc,ref         ] GC(54) ReferenceProcessor::execute queues: 1, RefProcThreadModel::Single, marks_oops_alive: false
[835.234s][debug][gc,ref         ] GC(54) Skipped phase 3 of Reference Processing: no references
[835.234s][debug][gc,ref         ] GC(54) ReferenceProcessor::execute queues: 1, RefProcThreadModel::Single, marks_oops_alive: false
[835.234s][debug][gc,phases      ] GC(54) Reference Processing 0.130ms
[835.234s][debug][gc,phases      ] GC(54)   VM Weak                        Min:  0.0, Avg:  0.0, Max:  0.0, Diff:  0.0, Sum:  0.0, Workers: 4
[835.234s][debug][gc,phases      ] GC(54)     Dead                           Min: 0, Avg:  0.0, Max: 0, Diff: 0, Sum: 0, Workers: 4
[835.234s][debug][gc,phases      ] GC(54)     Total                          Min: 0, Avg: 228.8, Max: 595, Diff: 595, Sum: 915, Workers: 4
[835.234s][debug][gc,phases      ] GC(54)   ObjectSynchronizer Weak        Min:  0.0, Avg:  0.0, Max:  0.0, Diff:  0.0, Sum:  0.0, Workers: 4
[835.234s][debug][gc,phases      ] GC(54)     Dead                           Min: 0, Avg:  0.0, Max: 0, Diff: 0, Sum: 0, Workers: 4
[835.234s][debug][gc,phases      ] GC(54)     Total                          Min: 0, Avg: 25.0, Max: 64, Diff: 64, Sum: 100, Workers: 4
[835.234s][debug][gc,phases      ] GC(54)   JVMTI Tag Weak OopStorage      Min:  0.0, Avg:  0.0, Max:  0.0, Diff:  0.0, Sum:  0.0, Workers: 4
[835.234s][debug][gc,phases      ] GC(54)     Dead                           Min: 0, Avg:  0.0, Max: 0, Diff: 0, Sum: 0, Workers: 4
[835.234s][debug][gc,phases      ] GC(54)     Total                          Min: 0, Avg:  0.0, Max: 0, Diff: 0, Sum: 0, Workers: 4
[835.234s][debug][gc,phases      ] GC(54)   StringTable Weak               Min:  0.0, Avg:  0.1, Max:  0.2, Diff:  0.2, Sum:  0.4, Workers: 4
[835.234s][debug][gc,phases      ] GC(54)     Dead                           Min: 0, Avg:  0.0, Max: 0, Diff: 0, Sum: 0, Workers: 4
[835.234s][debug][gc,phases      ] GC(54)     Total                          Min: 0, Avg: 10942.0, Max: 22080, Diff: 22080, Sum: 43768, Workers: 4
[835.234s][debug][gc,phases      ] GC(54)   ResolvedMethodTable Weak       Min:  0.0, Avg:  0.0, Max:  0.0, Diff:  0.0, Sum:  0.1, Workers: 4
[835.234s][debug][gc,phases      ] GC(54)     Dead                           Min: 0, Avg:  0.0, Max: 0, Diff: 0, Sum: 0, Workers: 4
[835.234s][debug][gc,phases      ] GC(54)     Total                          Min: 0, Avg: 2486.0, Max: 5088, Diff: 5088, Sum: 9944, Workers: 4
[835.234s][debug][gc,phases      ] GC(54)   JNI Weak                       Min:  0.0, Avg:  0.0, Max:  0.0, Diff:  0.0, Sum:  0.0, Workers: 4
[835.234s][debug][gc,phases      ] GC(54)     Dead                           Min: 0, Avg:  0.0, Max: 0, Diff: 0, Sum: 0, Workers: 4
[835.234s][debug][gc,phases      ] GC(54)     Total                          Min: 0, Avg: 11.2, Max: 45, Diff: 45, Sum: 45, Workers: 4
[835.234s][debug][gc,phases      ] GC(54)   StringDedup Table Weak         Min:  0.0, Avg:  0.0, Max:  0.0, Diff:  0.0, Sum:  0.0, Workers: 4
[835.234s][debug][gc,phases      ] GC(54)     Dead                           Min: 0, Avg:  0.0, Max: 0, Diff: 0, Sum: 0, Workers: 4
[835.234s][debug][gc,phases      ] GC(54)     Total                          Min: 0, Avg:  0.0, Max: 0, Diff: 0, Sum: 0, Workers: 4
[835.234s][debug][gc,phases      ] GC(54)   StringDedup Requests0 Weak     Min:  0.0, Avg:  0.0, Max:  0.0, Diff:  0.0, Sum:  0.0, Workers: 4
[835.234s][debug][gc,phases      ] GC(54)     Dead                           Min: 0, Avg:  0.0, Max: 0, Diff: 0, Sum: 0, Workers: 4
[835.234s][debug][gc,phases      ] GC(54)     Total                          Min: 0, Avg:  0.0, Max: 0, Diff: 0, Sum: 0, Workers: 4
[835.234s][debug][gc,phases      ] GC(54)   StringDedup Requests1 Weak     Min:  0.0, Avg:  0.0, Max:  0.0, Diff:  0.0, Sum:  0.0, Workers: 4
[835.234s][debug][gc,phases      ] GC(54)     Dead                           Min: 0, Avg:  0.0, Max: 0, Diff: 0, Sum: 0, Workers: 4
[835.234s][debug][gc,phases      ] GC(54)     Total                          Min: 0, Avg:  0.0, Max: 0, Diff: 0, Sum: 0, Workers: 4
[835.234s][debug][gc,phases      ] GC(54)   Weak JFR Old Object Samples    Min:  0.0, Avg:  0.0, Max:  0.0, Diff:  0.0, Sum:  0.0, Workers: 4
[835.234s][debug][gc,phases      ] GC(54)     Dead                           Min: 0, Avg:  0.0, Max: 0, Diff: 0, Sum: 0, Workers: 4
[835.234s][debug][gc,phases      ] GC(54)     Total                          Min: 0, Avg:  0.0, Max: 0, Diff: 0, Sum: 0, Workers: 4
[835.234s][debug][gc,phases      ] GC(54) Weak Processing 0.477ms
[835.234s][debug][gc,age         ] GC(54) Desired survivor size 158334976 bytes, new threshold 15 (max threshold 15)
[835.234s][info ][gc,heap        ] GC(54) PSYoungGen: 1820592K(1934336K)->58384K(1925632K) Eden: 1762816K(1762816K)->0K(1762816K) From: 57776K(171520K)->58384K(162816K)
[835.234s][info ][gc,heap        ] GC(54) ParOldGen: 560460K(662528K)->560596K(662528K)
[835.234s][info ][gc,metaspace   ] GC(54) Metaspace: 82896K(84032K)->82896K(84032K) NonClass: 71014K(71616K)->71014K(71616K) Class: 11881K(12416K)->11881K(12416K)
[835.234s][info ][gc             ] GC(54) Pause Young (Allocation Failure) 2325M->604M(2527M) 23.665ms
[835.234s][info ][gc,cpu         ] GC(54) User=0.06s Sys=0.00s Real=0.02s
[835.234s][info ][safepoint      ] Safepoint "ParallelGCFailedAllocation", Time since last: 525946385 ns, Reaching safepoint: 43303 ns, At safepoint: 23734892 ns, Total: 23778195 ns
[836.234s][info ][safepoint      ] Safepoint "Cleanup", Time since last: 1000091778 ns, Reaching safepoint: 62404 ns, At safepoint: 7001 ns, Total: 69405 ns
[838.234s][info ][safepoint      ] Safepoint "Cleanup", Time since last: 2000187456 ns, Reaching safepoint: 51504 ns, At safepoint: 3000 ns, Total: 54504 ns
[843.235s][info ][safepoint      ] Safepoint "Cleanup", Time since last: 5000335479 ns, Reaching safepoint: 48404 ns, At safepoint: 5900 ns, Total: 54304 ns
[844.235s][info ][safepoint      ] Safepoint "Cleanup", Time since last: 1000111179 ns, Reaching safepoint: 148710 ns, At safepoint: 3600 ns, Total: 152310 ns
[845.235s][info ][safepoint      ] Safepoint "Cleanup", Time since last: 1000147481 ns, Reaching safepoint: 95107 ns, At safepoint: 3200 ns, Total: 98307 ns
[846.236s][info ][safepoint      ] Safepoint "Cleanup", Time since last: 1000119079 ns, Reaching safepoint: 57905 ns, At safepoint: 4000 ns, Total: 61905 ns
[854.236s][info ][safepoint      ] Safepoint "Cleanup", Time since last: 8000541198 ns, Reaching safepoint: 44603 ns, At safepoint: 2800 ns, Total: 47403 ns
[867.237s][info ][safepoint      ] Safepoint "Cleanup", Time since last: 13000893657 ns, Reaching safepoint: 53103 ns, At safepoint: 3101 ns, Total: 56204 ns
[872.796s][info ][gc,start       ] GC(55) Pause Young (Allocation Failure)
[872.818s][debug][gc,phases      ] GC(55) Scavenge 21.248ms
[872.818s][debug][gc,ref         ] GC(55) Skipped phase 1 of Reference Processing: no references
[872.818s][debug][gc,ref         ] GC(55) ReferenceProcessor::execute queues: 1, RefProcThreadModel::Single, marks_oops_alive: false
[872.818s][debug][gc,ref         ] GC(55) Skipped phase 3 of Reference Processing: no references
[872.818s][debug][gc,ref         ] GC(55) ReferenceProcessor::execute queues: 1, RefProcThreadModel::Single, marks_oops_alive: false
[872.818s][debug][gc,phases      ] GC(55) Reference Processing 0.116ms
[872.818s][debug][gc,phases      ] GC(55)   VM Weak                        Min:  0.0, Avg:  0.0, Max:  0.0, Diff:  0.0, Sum:  0.0, Workers: 4
[872.818s][debug][gc,phases      ] GC(55)     Dead                           Min: 0, Avg:  0.0, Max: 0, Diff: 0, Sum: 0, Workers: 4
[872.818s][debug][gc,phases      ] GC(55)     Total                          Min: 0, Avg: 228.8, Max: 531, Diff: 531, Sum: 915, Workers: 4
[872.818s][debug][gc,phases      ] GC(55)   ObjectSynchronizer Weak        Min:  0.0, Avg:  0.0, Max:  0.0, Diff:  0.0, Sum:  0.0, Workers: 4
[872.818s][debug][gc,phases      ] GC(55)     Dead                           Min: 0, Avg:  0.0, Max: 0, Diff: 0, Sum: 0, Workers: 4
[872.818s][debug][gc,phases      ] GC(55)     Total                          Min: 0, Avg: 25.0, Max: 64, Diff: 64, Sum: 100, Workers: 4
[872.818s][debug][gc,phases      ] GC(55)   JVMTI Tag Weak OopStorage      Min:  0.0, Avg:  0.0, Max:  0.0, Diff:  0.0, Sum:  0.0, Workers: 4
[872.818s][debug][gc,phases      ] GC(55)     Dead                           Min: 0, Avg:  0.0, Max: 0, Diff: 0, Sum: 0, Workers: 4
[872.818s][debug][gc,phases      ] GC(55)     Total                          Min: 0, Avg:  0.0, Max: 0, Diff: 0, Sum: 0, Workers: 4
[872.818s][debug][gc,phases      ] GC(55)   StringTable Weak               Min:  0.0, Avg:  0.1, Max:  0.1, Diff:  0.1, Sum:  0.4, Workers: 4
[872.818s][debug][gc,phases      ] GC(55)     Dead                           Min: 0, Avg:  0.2, Max: 1, Diff: 1, Sum: 1, Workers: 4
[872.818s][debug][gc,phases      ] GC(55)     Total                          Min: 0, Avg: 10951.5, Max: 15007, Diff: 15007, Sum: 43806, Workers: 4
[872.818s][debug][gc,phases      ] GC(55)   ResolvedMethodTable Weak       Min:  0.0, Avg:  0.0, Max:  0.0, Diff:  0.0, Sum:  0.1, Workers: 4
[872.818s][debug][gc,phases      ] GC(55)     Dead                           Min: 0, Avg:  0.0, Max: 0, Diff: 0, Sum: 0, Workers: 4
[872.818s][debug][gc,phases      ] GC(55)     Total                          Min: 0, Avg: 2486.8, Max: 3391, Diff: 3391, Sum: 9947, Workers: 4
[872.818s][debug][gc,phases      ] GC(55)   JNI Weak                       Min:  0.0, Avg:  0.0, Max:  0.0, Diff:  0.0, Sum:  0.0, Workers: 4
[872.818s][debug][gc,phases      ] GC(55)     Dead                           Min: 0, Avg:  0.0, Max: 0, Diff: 0, Sum: 0, Workers: 4
[872.818s][debug][gc,phases      ] GC(55)     Total                          Min: 0, Avg: 11.2, Max: 45, Diff: 45, Sum: 45, Workers: 4
[872.818s][debug][gc,phases      ] GC(55)   StringDedup Table Weak         Min:  0.0, Avg:  0.0, Max:  0.0, Diff:  0.0, Sum:  0.0, Workers: 4
[872.818s][debug][gc,phases      ] GC(55)     Dead                           Min: 0, Avg:  0.0, Max: 0, Diff: 0, Sum: 0, Workers: 4
[872.818s][debug][gc,phases      ] GC(55)     Total                          Min: 0, Avg:  0.0, Max: 0, Diff: 0, Sum: 0, Workers: 4
[872.818s][debug][gc,phases      ] GC(55)   StringDedup Requests0 Weak     Min:  0.0, Avg:  0.0, Max:  0.0, Diff:  0.0, Sum:  0.0, Workers: 4
[872.818s][debug][gc,phases      ] GC(55)     Dead                           Min: 0, Avg:  0.0, Max: 0, Diff: 0, Sum: 0, Workers: 4
[872.818s][debug][gc,phases      ] GC(55)     Total                          Min: 0, Avg:  0.0, Max: 0, Diff: 0, Sum: 0, Workers: 4
[872.818s][debug][gc,phases      ] GC(55)   StringDedup Requests1 Weak     Min:  0.0, Avg:  0.0, Max:  0.0, Diff:  0.0, Sum:  0.0, Workers: 4
[872.818s][debug][gc,phases      ] GC(55)     Dead                           Min: 0, Avg:  0.0, Max: 0, Diff: 0, Sum: 0, Workers: 4
[872.818s][debug][gc,phases      ] GC(55)     Total                          Min: 0, Avg:  0.0, Max: 0, Diff: 0, Sum: 0, Workers: 4
[872.818s][debug][gc,phases      ] GC(55)   Weak JFR Old Object Samples    Min:  0.0, Avg:  0.0, Max:  0.0, Diff:  0.0, Sum:  0.0, Workers: 4
[872.818s][debug][gc,phases      ] GC(55)     Dead                           Min: 0, Avg:  0.0, Max: 0, Diff: 0, Sum: 0, Workers: 4
[872.818s][debug][gc,phases      ] GC(55)     Total                          Min: 0, Avg:  0.0, Max: 0, Diff: 0, Sum: 0, Workers: 4
[872.818s][debug][gc,phases      ] GC(55) Weak Processing 0.369ms
[872.818s][debug][gc,age         ] GC(55) Desired survivor size 150994944 bytes, new threshold 15 (max threshold 15)
[872.818s][info ][gc,heap        ] GC(55) PSYoungGen: 1821200K(1925632K)->58640K(1949696K) Eden: 1762816K(1762816K)->0K(1795072K) From: 58384K(162816K)->58640K(154624K)
[872.818s][info ][gc,heap        ] GC(55) ParOldGen: 560596K(662528K)->560644K(662528K)
[872.818s][info ][gc,metaspace   ] GC(55) Metaspace: 82991K(84096K)->82991K(84096K) NonClass: 71103K(71680K)->71103K(71680K) Class: 11887K(12416K)->11887K(12416K)
[872.818s][info ][gc             ] GC(55) Pause Young (Allocation Failure) 2325M->604M(2551M) 21.870ms
[872.818s][info ][gc,cpu         ] GC(55) User=0.06s Sys=0.00s Real=0.02s
[872.818s][info ][safepoint      ] Safepoint "ParallelGCFailedAllocation", Time since last: 5559121085 ns, Reaching safepoint: 27302 ns, At safepoint: 21943664 ns, Total: 21970966 ns
[878.819s][info ][safepoint      ] Safepoint "Cleanup", Time since last: 6000413631 ns, Reaching safepoint: 38303 ns, At safepoint: 3300 ns, Total: 41603 ns
[881.819s][info ][safepoint      ] Safepoint "Cleanup", Time since last: 3000189513 ns, Reaching safepoint: 48903 ns, At safepoint: 4101 ns, Total: 53004 ns
[882.819s][info ][safepoint      ] Safepoint "Cleanup", Time since last: 1000100273 ns, Reaching safepoint: 47403 ns, At safepoint: 4001 ns, Total: 51404 ns
[883.819s][info ][safepoint      ] Safepoint "Cleanup", Time since last: 1000101973 ns, Reaching safepoint: 71405 ns, At safepoint: 4000 ns, Total: 75405 ns
[884.819s][info ][safepoint      ] Safepoint "Cleanup", Time since last: 1000115675 ns, Reaching safepoint: 53104 ns, At safepoint: 6500 ns, Total: 59604 ns
[886.820s][info ][safepoint      ] Safepoint "Cleanup", Time since last: 2000146242 ns, Reaching safepoint: 57004 ns, At safepoint: 8001 ns, Total: 65005 ns
[887.820s][info ][safepoint      ] Safepoint "Cleanup", Time since last: 1000118874 ns, Reaching safepoint: 45703 ns, At safepoint: 8201 ns, Total: 53904 ns
[894.821s][info ][safepoint      ] Safepoint "Cleanup", Time since last: 7000801114 ns, Reaching safepoint: 63704 ns, At safepoint: 3300 ns, Total: 67004 ns
[896.821s][info ][safepoint      ] Safepoint "Cleanup", Time since last: 2000194744 ns, Reaching safepoint: 42803 ns, At safepoint: 3700 ns, Total: 46503 ns
[911.822s][info ][safepoint      ] Safepoint "Cleanup", Time since last: 15001028031 ns, Reaching safepoint: 46804 ns, At safepoint: 4700 ns, Total: 51504 ns
[912.408s][info ][gc,start       ] GC(56) Pause Young (Allocation Failure)
[912.438s][debug][gc,phases      ] GC(56) Scavenge 29.986ms
[912.438s][debug][gc,ref         ] GC(56) Skipped phase 1 of Reference Processing: no references
[912.438s][debug][gc,ref         ] GC(56) ReferenceProcessor::execute queues: 1, RefProcThreadModel::Single, marks_oops_alive: false
[912.438s][debug][gc,ref         ] GC(56) Skipped phase 3 of Reference Processing: no references
[912.438s][debug][gc,ref         ] GC(56) ReferenceProcessor::execute queues: 1, RefProcThreadModel::Single, marks_oops_alive: false
[912.439s][debug][gc,phases      ] GC(56) Reference Processing 0.161ms
[912.442s][debug][gc,phases      ] GC(56)   VM Weak                        Min:  0.0, Avg:  0.0, Max:  0.0, Diff:  0.0, Sum:  0.0, Workers: 4
[912.442s][debug][gc,phases      ] GC(56)     Dead                           Min: 0, Avg:  0.0, Max: 0, Diff: 0, Sum: 0, Workers: 4
[912.442s][debug][gc,phases      ] GC(56)     Total                          Min: 0, Avg: 228.8, Max: 915, Diff: 915, Sum: 915, Workers: 4
[912.442s][debug][gc,phases      ] GC(56)   ObjectSynchronizer Weak        Min:  0.0, Avg:  0.0, Max:  0.0, Diff:  0.0, Sum:  0.0, Workers: 4
[912.442s][debug][gc,phases      ] GC(56)     Dead                           Min: 0, Avg:  0.0, Max: 0, Diff: 0, Sum: 0, Workers: 4
[912.442s][debug][gc,phases      ] GC(56)     Total                          Min: 0, Avg: 25.0, Max: 100, Diff: 100, Sum: 100, Workers: 4
[912.442s][debug][gc,phases      ] GC(56)   JVMTI Tag Weak OopStorage      Min:  0.0, Avg:  0.0, Max:  0.0, Diff:  0.0, Sum:  0.0, Workers: 4
[912.442s][debug][gc,phases      ] GC(56)     Dead                           Min: 0, Avg:  0.0, Max: 0, Diff: 0, Sum: 0, Workers: 4
[912.442s][debug][gc,phases      ] GC(56)     Total                          Min: 0, Avg:  0.0, Max: 0, Diff: 0, Sum: 0, Workers: 4
[912.442s][debug][gc,phases      ] GC(56)   StringTable Weak               Min:  0.0, Avg:  0.1, Max:  0.4, Diff:  0.4, Sum:  0.4, Workers: 4
[912.442s][debug][gc,phases      ] GC(56)     Dead                           Min: 0, Avg:  0.0, Max: 0, Diff: 0, Sum: 0, Workers: 4
[912.442s][debug][gc,phases      ] GC(56)     Total                          Min: 0, Avg: 10951.8, Max: 43807, Diff: 43807, Sum: 43807, Workers: 4
[912.442s][debug][gc,phases      ] GC(56)   ResolvedMethodTable Weak       Min:  0.0, Avg:  0.0, Max:  0.1, Diff:  0.1, Sum:  0.1, Workers: 4
[912.442s][debug][gc,phases      ] GC(56)     Dead                           Min: 0, Avg:  0.0, Max: 0, Diff: 0, Sum: 0, Workers: 4
[912.442s][debug][gc,phases      ] GC(56)     Total                          Min: 0, Avg: 2487.5, Max: 9950, Diff: 9950, Sum: 9950, Workers: 4
[912.442s][debug][gc,phases      ] GC(56)   JNI Weak                       Min:  0.0, Avg:  0.0, Max:  0.0, Diff:  0.0, Sum:  0.0, Workers: 4
[912.442s][debug][gc,phases      ] GC(56)     Dead                           Min: 0, Avg:  0.0, Max: 0, Diff: 0, Sum: 0, Workers: 4
[912.442s][debug][gc,phases      ] GC(56)     Total                          Min: 0, Avg: 11.2, Max: 45, Diff: 45, Sum: 45, Workers: 4
[912.442s][debug][gc,phases      ] GC(56)   StringDedup Table Weak         Min:  0.0, Avg:  0.0, Max:  0.0, Diff:  0.0, Sum:  0.0, Workers: 4
[912.442s][debug][gc,phases      ] GC(56)     Dead                           Min: 0, Avg:  0.0, Max: 0, Diff: 0, Sum: 0, Workers: 4
[912.442s][debug][gc,phases      ] GC(56)     Total                          Min: 0, Avg:  0.0, Max: 0, Diff: 0, Sum: 0, Workers: 4
[912.442s][debug][gc,phases      ] GC(56)   StringDedup Requests0 Weak     Min:  0.0, Avg:  0.0, Max:  0.0, Diff:  0.0, Sum:  0.0, Workers: 4
[912.442s][debug][gc,phases      ] GC(56)     Dead                           Min: 0, Avg:  0.0, Max: 0, Diff: 0, Sum: 0, Workers: 4
[912.442s][debug][gc,phases      ] GC(56)     Total                          Min: 0, Avg:  0.0, Max: 0, Diff: 0, Sum: 0, Workers: 4
[912.442s][debug][gc,phases      ] GC(56)   StringDedup Requests1 Weak     Min:  0.0, Avg:  0.0, Max:  0.0, Diff:  0.0, Sum:  0.0, Workers: 4
[912.442s][debug][gc,phases      ] GC(56)     Dead                           Min: 0, Avg:  0.0, Max: 0, Diff: 0, Sum: 0, Workers: 4
[912.442s][debug][gc,phases      ] GC(56)     Total                          Min: 0, Avg:  0.0, Max: 0, Diff: 0, Sum: 0, Workers: 4
[912.442s][debug][gc,phases      ] GC(56)   Weak JFR Old Object Samples    Min:  0.0, Avg:  0.0, Max:  0.0, Diff:  0.0, Sum:  0.0, Workers: 4
[912.442s][debug][gc,phases      ] GC(56)     Dead                           Min: 0, Avg:  0.0, Max: 0, Diff: 0, Sum: 0, Workers: 4
[912.442s][debug][gc,phases      ] GC(56)     Total                          Min: 0, Avg:  0.0, Max: 0, Diff: 0, Sum: 0, Workers: 4
[912.442s][debug][gc,phases      ] GC(56) Weak Processing 3.601ms
[912.442s][debug][gc,age         ] GC(56) Desired survivor size 144179200 bytes, new threshold 15 (max threshold 15)
[912.442s][info ][gc,heap        ] GC(56) PSYoungGen: 1853712K(1949696K)->59184K(1942528K) Eden: 1795072K(1795072K)->0K(1795072K) From: 58640K(154624K)->59184K(147456K)
[912.442s][info ][gc,heap        ] GC(56) ParOldGen: 560644K(662528K)->560728K(662528K)
[912.442s][info ][gc,metaspace   ] GC(56) Metaspace: 83004K(84096K)->83004K(84096K) NonClass: 71115K(71680K)->71115K(71680K) Class: 11888K(12416K)->11888K(12416K)
[912.442s][info ][gc             ] GC(56) Pause Young (Allocation Failure) 2357M->605M(2544M) 33.913ms
[912.442s][info ][gc,cpu         ] GC(56) User=0.06s Sys=0.00s Real=0.04s
[912.442s][info ][safepoint      ] Safepoint "ParallelGCFailedAllocation", Time since last: 586207375 ns, Reaching safepoint: 40203 ns, At safepoint: 34020424 ns, Total: 34060627 ns
[913.442s][info ][safepoint      ] Safepoint "Cleanup", Time since last: 1000093470 ns, Reaching safepoint: 36202 ns, At safepoint: 3000 ns, Total: 39202 ns
[923.443s][info ][safepoint      ] Safepoint "Cleanup", Time since last: 10000719676 ns, Reaching safepoint: 58804 ns, At safepoint: 3500 ns, Total: 62304 ns
[925.443s][info ][safepoint      ] Safepoint "Cleanup", Time since last: 2000190037 ns, Reaching safepoint: 43403 ns, At safepoint: 3300 ns, Total: 46703 ns
[926.444s][info ][safepoint      ] Safepoint "Cleanup", Time since last: 1000121671 ns, Reaching safepoint: 39602 ns, At safepoint: 3001 ns, Total: 42603 ns
[944.445s][info ][safepoint      ] Safepoint "Cleanup", Time since last: 18001308485 ns, Reaching safepoint: 52103 ns, At safepoint: 9601 ns, Total: 61704 ns
[948.445s][info ][safepoint      ] Safepoint "Cleanup", Time since last: 4000337562 ns, Reaching safepoint: 44504 ns, At safepoint: 4700 ns, Total: 49204 ns
[951.599s][info ][gc,start       ] GC(57) Pause Young (Allocation Failure)
[951.620s][debug][gc,phases      ] GC(57) Scavenge 20.612ms
[951.620s][debug][gc,ref         ] GC(57) Skipped phase 1 of Reference Processing: no references
[951.620s][debug][gc,ref         ] GC(57) ReferenceProcessor::execute queues: 1, RefProcThreadModel::Single, marks_oops_alive: false
[951.620s][debug][gc,ref         ] GC(57) Skipped phase 3 of Reference Processing: no references
[951.620s][debug][gc,ref         ] GC(57) ReferenceProcessor::execute queues: 1, RefProcThreadModel::Single, marks_oops_alive: false
[951.620s][debug][gc,phases      ] GC(57) Reference Processing 0.119ms
[951.620s][debug][gc,phases      ] GC(57)   VM Weak                        Min:  0.0, Avg:  0.0, Max:  0.0, Diff:  0.0, Sum:  0.0, Workers: 4
[951.620s][debug][gc,phases      ] GC(57)     Dead                           Min: 0, Avg:  0.0, Max: 0, Diff: 0, Sum: 0, Workers: 4
[951.620s][debug][gc,phases      ] GC(57)     Total                          Min: 0, Avg: 228.8, Max: 768, Diff: 768, Sum: 915, Workers: 4
[951.620s][debug][gc,phases      ] GC(57)   ObjectSynchronizer Weak        Min:  0.0, Avg:  0.0, Max:  0.0, Diff:  0.0, Sum:  0.0, Workers: 4
[951.620s][debug][gc,phases      ] GC(57)     Dead                           Min: 0, Avg:  0.0, Max: 0, Diff: 0, Sum: 0, Workers: 4
[951.620s][debug][gc,phases      ] GC(57)     Total                          Min: 0, Avg: 25.0, Max: 64, Diff: 64, Sum: 100, Workers: 4
[951.620s][debug][gc,phases      ] GC(57)   JVMTI Tag Weak OopStorage      Min:  0.0, Avg:  0.0, Max:  0.0, Diff:  0.0, Sum:  0.0, Workers: 4
[951.620s][debug][gc,phases      ] GC(57)     Dead                           Min: 0, Avg:  0.0, Max: 0, Diff: 0, Sum: 0, Workers: 4
[951.620s][debug][gc,phases      ] GC(57)     Total                          Min: 0, Avg:  0.0, Max: 0, Diff: 0, Sum: 0, Workers: 4
[951.620s][debug][gc,phases      ] GC(57)   StringTable Weak               Min:  0.0, Avg:  0.1, Max:  0.2, Diff:  0.2, Sum:  0.5, Workers: 4
[951.620s][debug][gc,phases      ] GC(57)     Dead                           Min: 0, Avg:  0.0, Max: 0, Diff: 0, Sum: 0, Workers: 4
[951.620s][debug][gc,phases      ] GC(57)     Total                          Min: 0, Avg: 10952.2, Max: 15424, Diff: 15424, Sum: 43809, Workers: 4
[951.620s][debug][gc,phases      ] GC(57)   ResolvedMethodTable Weak       Min:  0.0, Avg:  0.0, Max:  0.0, Diff:  0.0, Sum:  0.1, Workers: 4
[951.620s][debug][gc,phases      ] GC(57)     Dead                           Min: 0, Avg:  0.0, Max: 0, Diff: 0, Sum: 0, Workers: 4
[951.620s][debug][gc,phases      ] GC(57)     Total                          Min: 0, Avg: 2488.8, Max: 3502, Diff: 3502, Sum: 9955, Workers: 4
[951.620s][debug][gc,phases      ] GC(57)   JNI Weak                       Min:  0.0, Avg:  0.0, Max:  0.0, Diff:  0.0, Sum:  0.0, Workers: 4
[951.620s][debug][gc,phases      ] GC(57)     Dead                           Min: 0, Avg:  0.0, Max: 0, Diff: 0, Sum: 0, Workers: 4
[951.620s][debug][gc,phases      ] GC(57)     Total                          Min: 0, Avg: 11.2, Max: 45, Diff: 45, Sum: 45, Workers: 4
[951.620s][debug][gc,phases      ] GC(57)   StringDedup Table Weak         Min:  0.0, Avg:  0.0, Max:  0.0, Diff:  0.0, Sum:  0.0, Workers: 4
[951.620s][debug][gc,phases      ] GC(57)     Dead                           Min: 0, Avg:  0.0, Max: 0, Diff: 0, Sum: 0, Workers: 4
[951.620s][debug][gc,phases      ] GC(57)     Total                          Min: 0, Avg:  0.0, Max: 0, Diff: 0, Sum: 0, Workers: 4
[951.620s][debug][gc,phases      ] GC(57)   StringDedup Requests0 Weak     Min:  0.0, Avg:  0.0, Max:  0.0, Diff:  0.0, Sum:  0.0, Workers: 4
[951.620s][debug][gc,phases      ] GC(57)     Dead                           Min: 0, Avg:  0.0, Max: 0, Diff: 0, Sum: 0, Workers: 4
[951.620s][debug][gc,phases      ] GC(57)     Total                          Min: 0, Avg:  0.0, Max: 0, Diff: 0, Sum: 0, Workers: 4
[951.620s][debug][gc,phases      ] GC(57)   StringDedup Requests1 Weak     Min:  0.0, Avg:  0.0, Max:  0.0, Diff:  0.0, Sum:  0.0, Workers: 4
[951.620s][debug][gc,phases      ] GC(57)     Dead                           Min: 0, Avg:  0.0, Max: 0, Diff: 0, Sum: 0, Workers: 4
[951.620s][debug][gc,phases      ] GC(57)     Total                          Min: 0, Avg:  0.0, Max: 0, Diff: 0, Sum: 0, Workers: 4
[951.620s][debug][gc,phases      ] GC(57)   Weak JFR Old Object Samples    Min:  0.0, Avg:  0.0, Max:  0.0, Diff:  0.0, Sum:  0.0, Workers: 4
[951.620s][debug][gc,phases      ] GC(57)     Dead                           Min: 0, Avg:  0.0, Max: 0, Diff: 0, Sum: 0, Workers: 4
[951.620s][debug][gc,phases      ] GC(57)     Total                          Min: 0, Avg:  0.0, Max: 0, Diff: 0, Sum: 0, Workers: 4
[951.620s][debug][gc,phases      ] GC(57) Weak Processing 0.420ms
[951.620s][debug][gc,age         ] GC(57) Desired survivor size 137887744 bytes, new threshold 15 (max threshold 15)
[951.620s][info ][gc,heap        ] GC(57) PSYoungGen: 1854256K(1942528K)->59120K(1962496K) Eden: 1795072K(1795072K)->0K(1821696K) From: 59184K(147456K)->59120K(140800K)
[951.620s][info ][gc,heap        ] GC(57) ParOldGen: 560728K(662528K)->560864K(662528K)
[951.620s][info ][gc,metaspace   ] GC(57) Metaspace: 83034K(84160K)->83034K(84160K) NonClass: 71143K(71744K)->71143K(71744K) Class: 11890K(12416K)->11890K(12416K)
[951.620s][info ][gc             ] GC(57) Pause Young (Allocation Failure) 2358M->605M(2563M) 21.290ms
[951.620s][info ][gc,cpu         ] GC(57) User=0.07s Sys=0.00s Real=0.02s
[951.620s][info ][safepoint      ] Safepoint "ParallelGCFailedAllocation", Time since last: 3153545119 ns, Reaching safepoint: 109408 ns, At safepoint: 21400425 ns, Total: 21509833 ns
[957.621s][info ][safepoint      ] Safepoint "Cleanup", Time since last: 6000459485 ns, Reaching safepoint: 109208 ns, At safepoint: 4000 ns, Total: 113208 ns
[972.622s][info ][safepoint      ] Safepoint "Cleanup", Time since last: 15001064743 ns, Reaching safepoint: 132509 ns, At safepoint: 5801 ns, Total: 138310 ns
[973.622s][info ][safepoint      ] Safepoint "Cleanup", Time since last: 1000108564 ns, Reaching safepoint: 52904 ns, At safepoint: 4000 ns, Total: 56904 ns
[976.623s][info ][safepoint      ] Safepoint "Cleanup", Time since last: 3000272390 ns, Reaching safepoint: 46904 ns, At safepoint: 3200 ns, Total: 50104 ns
[978.623s][info ][safepoint      ] Safepoint "Cleanup", Time since last: 2000151224 ns, Reaching safepoint: 43003 ns, At safepoint: 3200 ns, Total: 46203 ns
[986.623s][info ][safepoint      ] Safepoint "Cleanup", Time since last: 8000511186 ns, Reaching safepoint: 41303 ns, At safepoint: 3500 ns, Total: 44803 ns
[987.624s][info ][safepoint      ] Safepoint "Cleanup", Time since last: 1000102863 ns, Reaching safepoint: 46903 ns, At safepoint: 3001 ns, Total: 49904 ns
[990.624s][info ][safepoint      ] Safepoint "Cleanup", Time since last: 3000219682 ns, Reaching safepoint: 51504 ns, At safepoint: 6500 ns, Total: 58004 ns
[991.254s][info ][gc,start       ] GC(58) Pause Young (Allocation Failure)
[991.273s][debug][gc,phases      ] GC(58) Scavenge 19.845ms
[991.273s][debug][gc,ref         ] GC(58) Skipped phase 1 of Reference Processing: no references
[991.274s][debug][gc,ref         ] GC(58) ReferenceProcessor::execute queues: 1, RefProcThreadModel::Single, marks_oops_alive: false
[991.274s][debug][gc,ref         ] GC(58) Skipped phase 3 of Reference Processing: no references
[991.274s][debug][gc,ref         ] GC(58) ReferenceProcessor::execute queues: 1, RefProcThreadModel::Single, marks_oops_alive: false
[991.274s][debug][gc,phases      ] GC(58) Reference Processing 0.125ms
[991.274s][debug][gc,phases      ] GC(58)   VM Weak                        Min:  0.0, Avg:  0.0, Max:  0.0, Diff:  0.0, Sum:  0.0, Workers: 4
[991.274s][debug][gc,phases      ] GC(58)     Dead                           Min: 0, Avg:  0.0, Max: 0, Diff: 0, Sum: 0, Workers: 4
[991.274s][debug][gc,phases      ] GC(58)     Total                          Min: 0, Avg: 228.8, Max: 896, Diff: 896, Sum: 915, Workers: 4
[991.274s][debug][gc,phases      ] GC(58)   ObjectSynchronizer Weak        Min:  0.0, Avg:  0.0, Max:  0.0, Diff:  0.0, Sum:  0.0, Workers: 4
[991.274s][debug][gc,phases      ] GC(58)     Dead                           Min: 0, Avg:  0.0, Max: 0, Diff: 0, Sum: 0, Workers: 4
[991.274s][debug][gc,phases      ] GC(58)     Total                          Min: 0, Avg: 25.0, Max: 64, Diff: 64, Sum: 100, Workers: 4
[991.274s][debug][gc,phases      ] GC(58)   JVMTI Tag Weak OopStorage      Min:  0.0, Avg:  0.0, Max:  0.0, Diff:  0.0, Sum:  0.0, Workers: 4
[991.274s][debug][gc,phases      ] GC(58)     Dead                           Min: 0, Avg:  0.0, Max: 0, Diff: 0, Sum: 0, Workers: 4
[991.274s][debug][gc,phases      ] GC(58)     Total                          Min: 0, Avg:  0.0, Max: 0, Diff: 0, Sum: 0, Workers: 4
[991.274s][debug][gc,phases      ] GC(58)   StringTable Weak               Min:  0.0, Avg:  0.1, Max:  0.1, Diff:  0.1, Sum:  0.4, Workers: 4
[991.274s][debug][gc,phases      ] GC(58)     Dead                           Min: 0, Avg:  0.2, Max: 1, Diff: 1, Sum: 1, Workers: 4
[991.274s][debug][gc,phases      ] GC(58)     Total                          Min: 0, Avg: 10954.2, Max: 15552, Diff: 15552, Sum: 43817, Workers: 4
[991.274s][debug][gc,phases      ] GC(58)   ResolvedMethodTable Weak       Min:  0.0, Avg:  0.0, Max:  0.0, Diff:  0.0, Sum:  0.1, Workers: 4
[991.274s][debug][gc,phases      ] GC(58)     Dead                           Min: 0, Avg:  0.0, Max: 0, Diff: 0, Sum: 0, Workers: 4
[991.274s][debug][gc,phases      ] GC(58)     Total                          Min: 0, Avg: 2490.0, Max: 3647, Diff: 3647, Sum: 9960, Workers: 4
[991.274s][debug][gc,phases      ] GC(58)   JNI Weak                       Min:  0.0, Avg:  0.0, Max:  0.0, Diff:  0.0, Sum:  0.0, Workers: 4
[991.274s][debug][gc,phases      ] GC(58)     Dead                           Min: 0, Avg:  0.0, Max: 0, Diff: 0, Sum: 0, Workers: 4
[991.274s][debug][gc,phases      ] GC(58)     Total                          Min: 0, Avg: 11.2, Max: 45, Diff: 45, Sum: 45, Workers: 4
[991.274s][debug][gc,phases      ] GC(58)   StringDedup Table Weak         Min:  0.0, Avg:  0.0, Max:  0.0, Diff:  0.0, Sum:  0.0, Workers: 4
[991.274s][debug][gc,phases      ] GC(58)     Dead                           Min: 0, Avg:  0.0, Max: 0, Diff: 0, Sum: 0, Workers: 4
[991.274s][debug][gc,phases      ] GC(58)     Total                          Min: 0, Avg:  0.0, Max: 0, Diff: 0, Sum: 0, Workers: 4
[991.274s][debug][gc,phases      ] GC(58)   StringDedup Requests0 Weak     Min:  0.0, Avg:  0.0, Max:  0.0, Diff:  0.0, Sum:  0.0, Workers: 4
[991.274s][debug][gc,phases      ] GC(58)     Dead                           Min: 0, Avg:  0.0, Max: 0, Diff: 0, Sum: 0, Workers: 4
[991.274s][debug][gc,phases      ] GC(58)     Total                          Min: 0, Avg:  0.0, Max: 0, Diff: 0, Sum: 0, Workers: 4
[991.274s][debug][gc,phases      ] GC(58)   StringDedup Requests1 Weak     Min:  0.0, Avg:  0.0, Max:  0.0, Diff:  0.0, Sum:  0.0, Workers: 4
[991.274s][debug][gc,phases      ] GC(58)     Dead                           Min: 0, Avg:  0.0, Max: 0, Diff: 0, Sum: 0, Workers: 4
[991.274s][debug][gc,phases      ] GC(58)     Total                          Min: 0, Avg:  0.0, Max: 0, Diff: 0, Sum: 0, Workers: 4
[991.274s][debug][gc,phases      ] GC(58)   Weak JFR Old Object Samples    Min:  0.0, Avg:  0.0, Max:  0.0, Diff:  0.0, Sum:  0.0, Workers: 4
[991.274s][debug][gc,phases      ] GC(58)     Dead                           Min: 0, Avg:  0.0, Max: 0, Diff: 0, Sum: 0, Workers: 4
[991.274s][debug][gc,phases      ] GC(58)     Total                          Min: 0, Avg:  0.0, Max: 0, Diff: 0, Sum: 0, Workers: 4
[991.274s][debug][gc,phases      ] GC(58) Weak Processing 0.378ms
[991.274s][debug][gc,age         ] GC(58) Desired survivor size 132120576 bytes, new threshold 15 (max threshold 15)
[991.274s][info ][gc,heap        ] GC(58) PSYoungGen: 1880816K(1962496K)->59200K(1956352K) Eden: 1821696K(1821696K)->0K(1821696K) From: 59120K(140800K)->59200K(134656K)
[991.274s][info ][gc,heap        ] GC(58) ParOldGen: 560864K(662528K)->560928K(662528K)
[991.274s][info ][gc,metaspace   ] GC(58) Metaspace: 83102K(84224K)->83102K(84224K) NonClass: 71205K(71808K)->71205K(71808K) Class: 11896K(12416K)->11896K(12416K)
[991.274s][info ][gc             ] GC(58) Pause Young (Allocation Failure) 2384M->605M(2557M) 20.478ms
[991.274s][info ][gc,cpu         ] GC(58) User=0.06s Sys=0.00s Real=0.02s
[991.274s][info ][safepoint      ] Safepoint "ParallelGCFailedAllocation", Time since last: 629589762 ns, Reaching safepoint: 58304 ns, At safepoint: 20550164 ns, Total: 20608468 ns
[992.274s][info ][safepoint      ] Safepoint "Cleanup", Time since last: 1000091162 ns, Reaching safepoint: 54004 ns, At safepoint: 3800 ns, Total: 57804 ns
[999.275s][info ][safepoint      ] Safepoint "Cleanup", Time since last: 7000477919 ns, Reaching safepoint: 53804 ns, At safepoint: 8100 ns, Total: 61904 ns
[1006.275s][info ][safepoint      ] Safepoint "Cleanup", Time since last: 7000479015 ns, Reaching safepoint: 50003 ns, At safepoint: 12901 ns, Total: 62904 ns
[1009.276s][info ][safepoint      ] Safepoint "Cleanup", Time since last: 3000219378 ns, Reaching safepoint: 62404 ns, At safepoint: 3100 ns, Total: 65504 ns
[1010.276s][info ][safepoint      ] Safepoint "Cleanup", Time since last: 1000070559 ns, Reaching safepoint: 63905 ns, At safepoint: 3300 ns, Total: 67205 ns
[1011.276s][info ][safepoint      ] Safepoint "Cleanup", Time since last: 1000116762 ns, Reaching safepoint: 45703 ns, At safepoint: 4501 ns, Total: 50204 ns
[1014.276s][info ][safepoint      ] Safepoint "Cleanup", Time since last: 3000271779 ns, Reaching safepoint: 47304 ns, At safepoint: 3100 ns, Total: 50404 ns
[1026.277s][info ][safepoint      ] Safepoint "Cleanup", Time since last: 12000824193 ns, Reaching safepoint: 59104 ns, At safepoint: 7001 ns, Total: 66105 ns
[1027.419s][info ][safepoint      ] Safepoint "Cleanup", Time since last: 1142226686 ns, Reaching safepoint: 61904 ns, At safepoint: 3100 ns, Total: 65004 ns
[1031.307s][info ][gc,start       ] GC(59) Pause Young (Allocation Failure)
[1031.326s][debug][gc,phases      ] GC(59) Scavenge 18.852ms
[1031.326s][debug][gc,ref         ] GC(59) Skipped phase 1 of Reference Processing: no references
[1031.326s][debug][gc,ref         ] GC(59) ReferenceProcessor::execute queues: 1, RefProcThreadModel::Single, marks_oops_alive: false
[1031.326s][debug][gc,ref         ] GC(59) Skipped phase 3 of Reference Processing: no references
[1031.326s][debug][gc,ref         ] GC(59) ReferenceProcessor::execute queues: 1, RefProcThreadModel::Single, marks_oops_alive: false
[1031.327s][debug][gc,phases      ] GC(59) Reference Processing 0.149ms
[1031.327s][debug][gc,phases      ] GC(59)   VM Weak                        Min:  0.0, Avg:  0.0, Max:  0.0, Diff:  0.0, Sum:  0.0, Workers: 4
[1031.327s][debug][gc,phases      ] GC(59)     Dead                           Min: 0, Avg:  0.0, Max: 0, Diff: 0, Sum: 0, Workers: 4
[1031.327s][debug][gc,phases      ] GC(59)     Total                          Min: 0, Avg: 228.8, Max: 915, Diff: 915, Sum: 915, Workers: 4
[1031.327s][debug][gc,phases      ] GC(59)   ObjectSynchronizer Weak        Min:  0.0, Avg:  0.0, Max:  0.0, Diff:  0.0, Sum:  0.0, Workers: 4
[1031.327s][debug][gc,phases      ] GC(59)     Dead                           Min: 0, Avg:  0.0, Max: 0, Diff: 0, Sum: 0, Workers: 4
[1031.327s][debug][gc,phases      ] GC(59)     Total                          Min: 0, Avg: 25.0, Max: 100, Diff: 100, Sum: 100, Workers: 4
[1031.327s][debug][gc,phases      ] GC(59)   JVMTI Tag Weak OopStorage      Min:  0.0, Avg:  0.0, Max:  0.0, Diff:  0.0, Sum:  0.0, Workers: 4
[1031.327s][debug][gc,phases      ] GC(59)     Dead                           Min: 0, Avg:  0.0, Max: 0, Diff: 0, Sum: 0, Workers: 4
[1031.327s][debug][gc,phases      ] GC(59)     Total                          Min: 0, Avg:  0.0, Max: 0, Diff: 0, Sum: 0, Workers: 4
[1031.327s][debug][gc,phases      ] GC(59)   StringTable Weak               Min:  0.0, Avg:  0.1, Max:  0.4, Diff:  0.4, Sum:  0.4, Workers: 4
[1031.327s][debug][gc,phases      ] GC(59)     Dead                           Min: 0, Avg:  0.0, Max: 0, Diff: 0, Sum: 0, Workers: 4
[1031.327s][debug][gc,phases      ] GC(59)     Total                          Min: 0, Avg: 10957.5, Max: 43830, Diff: 43830, Sum: 43830, Workers: 4
[1031.327s][debug][gc,phases      ] GC(59)   ResolvedMethodTable Weak       Min:  0.0, Avg:  0.0, Max:  0.1, Diff:  0.1, Sum:  0.1, Workers: 4
[1031.327s][debug][gc,phases      ] GC(59)     Dead                           Min: 0, Avg:  0.0, Max: 0, Diff: 0, Sum: 0, Workers: 4
[1031.327s][debug][gc,phases      ] GC(59)     Total                          Min: 0, Avg: 2491.2, Max: 5758, Diff: 5758, Sum: 9965, Workers: 4
[1031.327s][debug][gc,phases      ] GC(59)   JNI Weak                       Min:  0.0, Avg:  0.0, Max:  0.0, Diff:  0.0, Sum:  0.0, Workers: 4
[1031.327s][debug][gc,phases      ] GC(59)     Dead                           Min: 0, Avg:  0.0, Max: 0, Diff: 0, Sum: 0, Workers: 4
[1031.327s][debug][gc,phases      ] GC(59)     Total                          Min: 0, Avg: 11.2, Max: 45, Diff: 45, Sum: 45, Workers: 4
[1031.327s][debug][gc,phases      ] GC(59)   StringDedup Table Weak         Min:  0.0, Avg:  0.0, Max:  0.0, Diff:  0.0, Sum:  0.0, Workers: 4
[1031.327s][debug][gc,phases      ] GC(59)     Dead                           Min: 0, Avg:  0.0, Max: 0, Diff: 0, Sum: 0, Workers: 4
[1031.327s][debug][gc,phases      ] GC(59)     Total                          Min: 0, Avg:  0.0, Max: 0, Diff: 0, Sum: 0, Workers: 4
[1031.327s][debug][gc,phases      ] GC(59)   StringDedup Requests0 Weak     Min:  0.0, Avg:  0.0, Max:  0.0, Diff:  0.0, Sum:  0.0, Workers: 4
[1031.327s][debug][gc,phases      ] GC(59)     Dead                           Min: 0, Avg:  0.0, Max: 0, Diff: 0, Sum: 0, Workers: 4
[1031.327s][debug][gc,phases      ] GC(59)     Total                          Min: 0, Avg:  0.0, Max: 0, Diff: 0, Sum: 0, Workers: 4
[1031.327s][debug][gc,phases      ] GC(59)   StringDedup Requests1 Weak     Min:  0.0, Avg:  0.0, Max:  0.0, Diff:  0.0, Sum:  0.0, Workers: 4
[1031.327s][debug][gc,phases      ] GC(59)     Dead                           Min: 0, Avg:  0.0, Max: 0, Diff: 0, Sum: 0, Workers: 4
[1031.327s][debug][gc,phases      ] GC(59)     Total                          Min: 0, Avg:  0.0, Max: 0, Diff: 0, Sum: 0, Workers: 4
[1031.327s][debug][gc,phases      ] GC(59)   Weak JFR Old Object Samples    Min:  0.0, Avg:  0.0, Max:  0.0, Diff:  0.0, Sum:  0.0, Workers: 4
[1031.327s][debug][gc,phases      ] GC(59)     Dead                           Min: 0, Avg:  0.0, Max: 0, Diff: 0, Sum: 0, Workers: 4
[1031.327s][debug][gc,phases      ] GC(59)     Total                          Min: 0, Avg:  0.0, Max: 0, Diff: 0, Sum: 0, Workers: 4
[1031.327s][debug][gc,phases      ] GC(59) Weak Processing 0.723ms
[1031.327s][debug][gc,age         ] GC(59) Desired survivor size 126877696 bytes, new threshold 15 (max threshold 15)
[1031.327s][info ][gc,heap        ] GC(59) PSYoungGen: 1880896K(1956352K)->58992K(1973248K) Eden: 1821696K(1821696K)->0K(1844224K) From: 59200K(134656K)->58992K(129024K)
[1031.327s][info ][gc,heap        ] GC(59) ParOldGen: 560928K(662528K)->561004K(662528K)
[1031.327s][info ][gc,metaspace   ] GC(59) Metaspace: 83176K(84288K)->83176K(84288K) NonClass: 71278K(71872K)->71278K(71872K) Class: 11898K(12416K)->11898K(12416K)
[1031.327s][info ][gc             ] GC(59) Pause Young (Allocation Failure) 2384M->605M(2574M) 19.884ms
[1031.327s][info ][gc,cpu         ] GC(59) User=0.07s Sys=0.00s Real=0.02s
[1031.327s][info ][safepoint      ] Safepoint "ParallelGCFailedAllocation", Time since last: 3887979227 ns, Reaching safepoint: 36603 ns, At safepoint: 19965322 ns, Total: 20001925 ns
[1035.213s][info ][safepoint      ] Safepoint "Cleanup", Time since last: 3885966182 ns, Reaching safepoint: 56904 ns, At safepoint: 8501 ns, Total: 65405 ns
[1036.570s][info ][safepoint      ] Safepoint "Cleanup", Time since last: 1355973215 ns, Reaching safepoint: 302121 ns, At safepoint: 5501 ns, Total: 307622 ns
[1037.570s][info ][safepoint      ] Safepoint "Cleanup", Time since last: 1000113259 ns, Reaching safepoint: 114109 ns, At safepoint: 5300 ns, Total: 119409 ns
[1038.570s][info ][safepoint      ] Safepoint "Cleanup", Time since last: 1000116860 ns, Reaching safepoint: 61704 ns, At safepoint: 3300 ns, Total: 65004 ns
[1039.570s][info ][safepoint      ] Safepoint "Cleanup", Time since last: 1000108259 ns, Reaching safepoint: 54004 ns, At safepoint: 14601 ns, Total: 68605 ns
[1040.570s][info ][safepoint      ] Safepoint "Cleanup", Time since last: 1000121660 ns, Reaching safepoint: 118808 ns, At safepoint: 7701 ns, Total: 126509 ns
[1041.574s][info ][safepoint      ] Safepoint "Cleanup", Time since last: 1003768020 ns, Reaching safepoint: 50803 ns, At safepoint: 9801 ns, Total: 60604 ns
[1042.575s][info ][safepoint      ] Safepoint "Cleanup", Time since last: 1000113959 ns, Reaching safepoint: 282120 ns, At safepoint: 4600 ns, Total: 286720 ns
[1043.575s][info ][safepoint      ] Safepoint "Cleanup", Time since last: 1000105259 ns, Reaching safepoint: 58204 ns, At safepoint: 4100 ns, Total: 62304 ns
[1044.575s][info ][safepoint      ] Safepoint "Cleanup", Time since last: 1000108559 ns, Reaching safepoint: 49104 ns, At safepoint: 5700 ns, Total: 54804 ns
[1045.575s][info ][safepoint      ] Safepoint "Cleanup", Time since last: 1000085757 ns, Reaching safepoint: 54004 ns, At safepoint: 3400 ns, Total: 57404 ns
[1046.575s][info ][safepoint      ] Safepoint "Cleanup", Time since last: 1000117359 ns, Reaching safepoint: 55304 ns, At safepoint: 3100 ns, Total: 58404 ns
[1047.575s][info ][safepoint      ] Safepoint "Cleanup", Time since last: 1000099958 ns, Reaching safepoint: 28202 ns, At safepoint: 3300 ns, Total: 31502 ns
[1048.576s][info ][safepoint      ] Safepoint "Cleanup", Time since last: 1000112859 ns, Reaching safepoint: 32802 ns, At safepoint: 3100 ns, Total: 35902 ns
[1049.576s][info ][safepoint      ] Safepoint "Cleanup", Time since last: 1000066155 ns, Reaching safepoint: 44504 ns, At safepoint: 3400 ns, Total: 47904 ns
[1050.576s][info ][safepoint      ] Safepoint "Cleanup", Time since last: 1000113858 ns, Reaching safepoint: 50904 ns, At safepoint: 4700 ns, Total: 55604 ns
[1053.576s][info ][safepoint      ] Safepoint "Cleanup", Time since last: 3000233368 ns, Reaching safepoint: 55404 ns, At safepoint: 3300 ns, Total: 58704 ns
[1054.576s][info ][safepoint      ] Safepoint "Cleanup", Time since last: 1000106158 ns, Reaching safepoint: 45803 ns, At safepoint: 4200 ns, Total: 50003 ns
[1055.577s][info ][safepoint      ] Safepoint "Cleanup", Time since last: 1000109658 ns, Reaching safepoint: 58004 ns, At safepoint: 3300 ns, Total: 61304 ns
[1056.577s][info ][safepoint      ] Safepoint "Cleanup", Time since last: 1000105058 ns, Reaching safepoint: 50403 ns, At safepoint: 6501 ns, Total: 56904 ns
[1058.577s][info ][safepoint      ] Safepoint "Cleanup", Time since last: 2000176412 ns, Reaching safepoint: 48803 ns, At safepoint: 3001 ns, Total: 51804 ns
[1059.577s][info ][safepoint      ] Safepoint "Cleanup", Time since last: 1000136959 ns, Reaching safepoint: 48403 ns, At safepoint: 2701 ns, Total: 51104 ns
[1061.900s][info ][gc,start       ] GC(60) Pause Young (Allocation Failure)
[1061.924s][debug][gc,phases      ] GC(60) Scavenge 24.084ms
[1061.924s][debug][gc,ref         ] GC(60) Skipped phase 1 of Reference Processing: no references
[1061.924s][debug][gc,ref         ] GC(60) ReferenceProcessor::execute queues: 1, RefProcThreadModel::Single, marks_oops_alive: false
[1061.924s][debug][gc,ref         ] GC(60) ReferenceProcessor::execute queues: 4, RefProcThreadModel::Multi, marks_oops_alive: true
[1061.924s][debug][gc,ref         ] GC(60) ReferenceProcessor::execute queues: 1, RefProcThreadModel::Single, marks_oops_alive: false
[1061.924s][debug][gc,phases      ] GC(60) Reference Processing 0.509ms
[1061.925s][debug][gc,phases      ] GC(60)   VM Weak                        Min:  0.0, Avg:  0.0, Max:  0.0, Diff:  0.0, Sum:  0.0, Workers: 4
[1061.925s][debug][gc,phases      ] GC(60)     Dead                           Min: 0, Avg:  0.0, Max: 0, Diff: 0, Sum: 0, Workers: 4
[1061.925s][debug][gc,phases      ] GC(60)     Total                          Min: 0, Avg: 229.0, Max: 596, Diff: 596, Sum: 916, Workers: 4
[1061.925s][debug][gc,phases      ] GC(60)   ObjectSynchronizer Weak        Min:  0.0, Avg:  0.0, Max:  0.0, Diff:  0.0, Sum:  0.0, Workers: 4
[1061.925s][debug][gc,phases      ] GC(60)     Dead                           Min: 0, Avg:  0.0, Max: 0, Diff: 0, Sum: 0, Workers: 4
[1061.925s][debug][gc,phases      ] GC(60)     Total                          Min: 0, Avg: 25.2, Max: 64, Diff: 64, Sum: 101, Workers: 4
[1061.925s][debug][gc,phases      ] GC(60)   JVMTI Tag Weak OopStorage      Min:  0.0, Avg:  0.0, Max:  0.0, Diff:  0.0, Sum:  0.0, Workers: 4
[1061.925s][debug][gc,phases      ] GC(60)     Dead                           Min: 0, Avg:  0.0, Max: 0, Diff: 0, Sum: 0, Workers: 4
[1061.925s][debug][gc,phases      ] GC(60)     Total                          Min: 0, Avg:  0.0, Max: 0, Diff: 0, Sum: 0, Workers: 4
[1061.925s][debug][gc,phases      ] GC(60)   StringTable Weak               Min:  0.1, Avg:  0.1, Max:  0.1, Diff:  0.0, Sum:  0.4, Workers: 4
[1061.925s][debug][gc,phases      ] GC(60)     Dead                           Min: 0, Avg:  0.5, Max: 2, Diff: 2, Sum: 2, Workers: 4
[1061.925s][debug][gc,phases      ] GC(60)     Total                          Min: 10304, Avg: 10970.2, Max: 11392, Diff: 1088, Sum: 43881, Workers: 4
[1061.925s][debug][gc,phases      ] GC(60)   ResolvedMethodTable Weak       Min:  0.0, Avg:  0.0, Max:  0.0, Diff:  0.0, Sum:  0.1, Workers: 4
[1061.925s][debug][gc,phases      ] GC(60)     Dead                           Min: 0, Avg:  0.2, Max: 1, Diff: 1, Sum: 1, Workers: 4
[1061.925s][debug][gc,phases      ] GC(60)     Total                          Min: 2425, Avg: 2491.5, Max: 2619, Diff: 194, Sum: 9966, Workers: 4
[1061.925s][debug][gc,phases      ] GC(60)   JNI Weak                       Min:  0.0, Avg:  0.0, Max:  0.0, Diff:  0.0, Sum:  0.0, Workers: 4
[1061.925s][debug][gc,phases      ] GC(60)     Dead                           Min: 0, Avg:  0.0, Max: 0, Diff: 0, Sum: 0, Workers: 4
[1061.925s][debug][gc,phases      ] GC(60)     Total                          Min: 0, Avg: 11.2, Max: 45, Diff: 45, Sum: 45, Workers: 4
[1061.925s][debug][gc,phases      ] GC(60)   StringDedup Table Weak         Min:  0.0, Avg:  0.0, Max:  0.0, Diff:  0.0, Sum:  0.0, Workers: 4
[1061.925s][debug][gc,phases      ] GC(60)     Dead                           Min: 0, Avg:  0.0, Max: 0, Diff: 0, Sum: 0, Workers: 4
[1061.925s][debug][gc,phases      ] GC(60)     Total                          Min: 0, Avg:  0.0, Max: 0, Diff: 0, Sum: 0, Workers: 4
[1061.925s][debug][gc,phases      ] GC(60)   StringDedup Requests0 Weak     Min:  0.0, Avg:  0.0, Max:  0.0, Diff:  0.0, Sum:  0.0, Workers: 4
[1061.925s][debug][gc,phases      ] GC(60)     Dead                           Min: 0, Avg:  0.0, Max: 0, Diff: 0, Sum: 0, Workers: 4
[1061.925s][debug][gc,phases      ] GC(60)     Total                          Min: 0, Avg:  0.0, Max: 0, Diff: 0, Sum: 0, Workers: 4
[1061.925s][debug][gc,phases      ] GC(60)   StringDedup Requests1 Weak     Min:  0.0, Avg:  0.0, Max:  0.0, Diff:  0.0, Sum:  0.0, Workers: 4
[1061.925s][debug][gc,phases      ] GC(60)     Dead                           Min: 0, Avg:  0.0, Max: 0, Diff: 0, Sum: 0, Workers: 4
[1061.925s][debug][gc,phases      ] GC(60)     Total                          Min: 0, Avg:  0.0, Max: 0, Diff: 0, Sum: 0, Workers: 4
[1061.925s][debug][gc,phases      ] GC(60)   Weak JFR Old Object Samples    Min:  0.0, Avg:  0.0, Max:  0.0, Diff:  0.0, Sum:  0.0, Workers: 4
[1061.925s][debug][gc,phases      ] GC(60)     Dead                           Min: 0, Avg:  0.0, Max: 0, Diff: 0, Sum: 0, Workers: 4
[1061.925s][debug][gc,phases      ] GC(60)     Total                          Min: 0, Avg:  0.0, Max: 0, Diff: 0, Sum: 0, Workers: 4
[1061.925s][debug][gc,phases      ] GC(60) Weak Processing 0.318ms
[1061.925s][debug][gc,age         ] GC(60) Desired survivor size 123731968 bytes, new threshold 15 (max threshold 15)
[1061.925s][info ][gc,heap        ] GC(60) PSYoungGen: 1903216K(1973248K)->64413K(1968128K) Eden: 1844224K(1844224K)->0K(1844224K) From: 58992K(129024K)->64413K(123904K)
[1061.925s][info ][gc,heap        ] GC(60) ParOldGen: 561004K(662528K)->561068K(662528K)
[1061.925s][info ][gc,metaspace   ] GC(60) Metaspace: 83393K(84480K)->83393K(84480K) NonClass: 71488K(72064K)->71488K(72064K) Class: 11905K(12416K)->11905K(12416K)
[1061.925s][info ][gc             ] GC(60) Pause Young (Allocation Failure) 2406M->610M(2569M) 25.055ms
[1061.925s][info ][gc,cpu         ] GC(60) User=0.07s Sys=0.00s Real=0.02s
[1061.925s][info ][safepoint      ] Safepoint "ParallelGCFailedAllocation", Time since last: 2322419271 ns, Reaching safepoint: 160811 ns, At safepoint: 25138692 ns, Total: 25299503 ns
[1062.925s][info ][safepoint      ] Safepoint "Cleanup", Time since last: 1000086655 ns, Reaching safepoint: 56104 ns, At safepoint: 6701 ns, Total: 62805 ns
[1063.925s][info ][safepoint      ] Safepoint "Cleanup", Time since last: 1000113357 ns, Reaching safepoint: 38403 ns, At safepoint: 2900 ns, Total: 41303 ns
[1066.925s][info ][safepoint      ] Safepoint "Cleanup", Time since last: 3000206962 ns, Reaching safepoint: 36803 ns, At safepoint: 3200 ns, Total: 40003 ns
[1067.926s][info ][safepoint      ] Safepoint "Cleanup", Time since last: 1000116257 ns, Reaching safepoint: 52404 ns, At safepoint: 3400 ns, Total: 55804 ns
[1069.926s][info ][safepoint      ] Safepoint "Cleanup", Time since last: 2000180611 ns, Reaching safepoint: 51204 ns, At safepoint: 3200 ns, Total: 54404 ns
[1070.926s][info ][safepoint      ] Safepoint "Cleanup", Time since last: 1000113657 ns, Reaching safepoint: 50804 ns, At safepoint: 4200 ns, Total: 55004 ns
[1072.926s][info ][safepoint      ] Safepoint "Cleanup", Time since last: 2000197511 ns, Reaching safepoint: 51304 ns, At safepoint: 4000 ns, Total: 55304 ns
[1074.926s][info ][safepoint      ] Safepoint "Cleanup", Time since last: 2000199612 ns, Reaching safepoint: 53403 ns, At safepoint: 8701 ns, Total: 62104 ns
[1077.927s][info ][safepoint      ] Safepoint "Cleanup", Time since last: 3000221661 ns, Reaching safepoint: 44803 ns, At safepoint: 3900 ns, Total: 48703 ns
[1079.927s][info ][safepoint      ] Safepoint "Cleanup", Time since last: 2000133406 ns, Reaching safepoint: 62405 ns, At safepoint: 4300 ns, Total: 66705 ns
[1081.930s][info ][safepoint      ] Safepoint "Cleanup", Time since last: 2000159407 ns, Reaching safepoint: 3122623 ns, At safepoint: 9000 ns, Total: 3131623 ns
[1083.930s][info ][safepoint      ] Safepoint "Cleanup", Time since last: 2000159407 ns, Reaching safepoint: 60705 ns, At safepoint: 3700 ns, Total: 64405 ns
[1087.931s][info ][safepoint      ] Safepoint "Cleanup", Time since last: 4000342215 ns, Reaching safepoint: 64104 ns, At safepoint: 4001 ns, Total: 68105 ns
[1088.931s][info ][safepoint      ] Safepoint "Cleanup", Time since last: 1000127656 ns, Reaching safepoint: 46504 ns, At safepoint: 2900 ns, Total: 49404 ns
[1091.759s][info ][gc,start       ] GC(61) Pause Young (Allocation Failure)
[1091.779s][debug][gc,phases      ] GC(61) Scavenge 20.509ms
[1091.779s][debug][gc,ref         ] GC(61) Skipped phase 1 of Reference Processing: no references
[1091.780s][debug][gc,ref         ] GC(61) ReferenceProcessor::execute queues: 1, RefProcThreadModel::Single, marks_oops_alive: false
[1091.780s][debug][gc,ref         ] GC(61) Skipped phase 3 of Reference Processing: no references
[1091.780s][debug][gc,ref         ] GC(61) ReferenceProcessor::execute queues: 1, RefProcThreadModel::Single, marks_oops_alive: false
[1091.780s][debug][gc,phases      ] GC(61) Reference Processing 0.128ms
[1091.780s][debug][gc,phases      ] GC(61)   VM Weak                        Min:  0.0, Avg:  0.0, Max:  0.0, Diff:  0.0, Sum:  0.0, Workers: 4
[1091.780s][debug][gc,phases      ] GC(61)     Dead                           Min: 0, Avg:  0.0, Max: 0, Diff: 0, Sum: 0, Workers: 4
[1091.780s][debug][gc,phases      ] GC(61)     Total                          Min: 0, Avg: 229.0, Max: 576, Diff: 576, Sum: 916, Workers: 4
[1091.780s][debug][gc,phases      ] GC(61)   ObjectSynchronizer Weak        Min:  0.0, Avg:  0.0, Max:  0.0, Diff:  0.0, Sum:  0.0, Workers: 4
[1091.780s][debug][gc,phases      ] GC(61)     Dead                           Min: 0, Avg:  0.0, Max: 0, Diff: 0, Sum: 0, Workers: 4
[1091.780s][debug][gc,phases      ] GC(61)     Total                          Min: 0, Avg: 25.2, Max: 101, Diff: 101, Sum: 101, Workers: 4
[1091.780s][debug][gc,phases      ] GC(61)   JVMTI Tag Weak OopStorage      Min:  0.0, Avg:  0.0, Max:  0.0, Diff:  0.0, Sum:  0.0, Workers: 4
[1091.780s][debug][gc,phases      ] GC(61)     Dead                           Min: 0, Avg:  0.0, Max: 0, Diff: 0, Sum: 0, Workers: 4
[1091.780s][debug][gc,phases      ] GC(61)     Total                          Min: 0, Avg:  0.0, Max: 0, Diff: 0, Sum: 0, Workers: 4
[1091.780s][debug][gc,phases      ] GC(61)   StringTable Weak               Min:  0.0, Avg:  0.1, Max:  0.2, Diff:  0.2, Sum:  0.4, Workers: 4
[1091.780s][debug][gc,phases      ] GC(61)     Dead                           Min: 0, Avg:  0.2, Max: 1, Diff: 1, Sum: 1, Workers: 4
[1091.780s][debug][gc,phases      ] GC(61)     Total                          Min: 0, Avg: 10971.5, Max: 21951, Diff: 21951, Sum: 43886, Workers: 4
[1091.780s][debug][gc,phases      ] GC(61)   ResolvedMethodTable Weak       Min:  0.0, Avg:  0.0, Max:  0.1, Diff:  0.1, Sum:  0.1, Workers: 4
[1091.780s][debug][gc,phases      ] GC(61)     Dead                           Min: 0, Avg:  0.0, Max: 0, Diff: 0, Sum: 0, Workers: 4
[1091.780s][debug][gc,phases      ] GC(61)     Total                          Min: 0, Avg: 2492.0, Max: 5050, Diff: 5050, Sum: 9968, Workers: 4
[1091.780s][debug][gc,phases      ] GC(61)   JNI Weak                       Min:  0.0, Avg:  0.0, Max:  0.0, Diff:  0.0, Sum:  0.0, Workers: 4
[1091.780s][debug][gc,phases      ] GC(61)     Dead                           Min: 0, Avg:  0.0, Max: 0, Diff: 0, Sum: 0, Workers: 4
[1091.780s][debug][gc,phases      ] GC(61)     Total                          Min: 0, Avg: 11.2, Max: 45, Diff: 45, Sum: 45, Workers: 4
[1091.780s][debug][gc,phases      ] GC(61)   StringDedup Table Weak         Min:  0.0, Avg:  0.0, Max:  0.0, Diff:  0.0, Sum:  0.0, Workers: 4
[1091.780s][debug][gc,phases      ] GC(61)     Dead                           Min: 0, Avg:  0.0, Max: 0, Diff: 0, Sum: 0, Workers: 4
[1091.780s][debug][gc,phases      ] GC(61)     Total                          Min: 0, Avg:  0.0, Max: 0, Diff: 0, Sum: 0, Workers: 4
[1091.780s][debug][gc,phases      ] GC(61)   StringDedup Requests0 Weak     Min:  0.0, Avg:  0.0, Max:  0.0, Diff:  0.0, Sum:  0.0, Workers: 4
[1091.780s][debug][gc,phases      ] GC(61)     Dead                           Min: 0, Avg:  0.0, Max: 0, Diff: 0, Sum: 0, Workers: 4
[1091.780s][debug][gc,phases      ] GC(61)     Total                          Min: 0, Avg:  0.0, Max: 0, Diff: 0, Sum: 0, Workers: 4
[1091.780s][debug][gc,phases      ] GC(61)   StringDedup Requests1 Weak     Min:  0.0, Avg:  0.0, Max:  0.0, Diff:  0.0, Sum:  0.0, Workers: 4
[1091.780s][debug][gc,phases      ] GC(61)     Dead                           Min: 0, Avg:  0.0, Max: 0, Diff: 0, Sum: 0, Workers: 4
[1091.780s][debug][gc,phases      ] GC(61)     Total                          Min: 0, Avg:  0.0, Max: 0, Diff: 0, Sum: 0, Workers: 4
[1091.780s][debug][gc,phases      ] GC(61)   Weak JFR Old Object Samples    Min:  0.0, Avg:  0.0, Max:  0.0, Diff:  0.0, Sum:  0.0, Workers: 4
[1091.780s][debug][gc,phases      ] GC(61)     Dead                           Min: 0, Avg:  0.0, Max: 0, Diff: 0, Sum: 0, Workers: 4
[1091.780s][debug][gc,phases      ] GC(61)     Total                          Min: 0, Avg:  0.0, Max: 0, Diff: 0, Sum: 0, Workers: 4
[1091.780s][debug][gc,phases      ] GC(61) Weak Processing 0.516ms
[1091.780s][debug][gc,age         ] GC(61) Desired survivor size 120586240 bytes, new threshold 15 (max threshold 15)
[1091.780s][info ][gc,heap        ] GC(61) PSYoungGen: 1908637K(1968128K)->64397K(1979392K) Eden: 1844224K(1844224K)->0K(1858560K) From: 64413K(123904K)->64397K(120832K)
[1091.780s][info ][gc,heap        ] GC(61) ParOldGen: 561068K(662528K)->561212K(662528K)
[1091.780s][info ][gc,metaspace   ] GC(61) Metaspace: 83428K(84544K)->83428K(84544K) NonClass: 71522K(72128K)->71522K(72128K) Class: 11905K(12416K)->11905K(12416K)
[1091.780s][info ][gc             ] GC(61) Pause Young (Allocation Failure) 2411M->610M(2580M) 21.306ms
[1091.780s][info ][gc,cpu         ] GC(61) User=0.06s Sys=0.00s Real=0.02s
[1091.780s][info ][safepoint      ] Safepoint "ParallelGCFailedAllocation", Time since last: 2827667463 ns, Reaching safepoint: 62905 ns, At safepoint: 21382223 ns, Total: 21445128 ns
[1092.780s][info ][safepoint      ] Safepoint "Cleanup", Time since last: 1000097855 ns, Reaching safepoint: 56904 ns, At safepoint: 4100 ns, Total: 61004 ns
[1093.781s][info ][safepoint      ] Safepoint "Cleanup", Time since last: 1000127156 ns, Reaching safepoint: 69105 ns, At safepoint: 9001 ns, Total: 78106 ns
[1097.781s][info ][safepoint      ] Safepoint "Cleanup", Time since last: 4000343012 ns, Reaching safepoint: 44403 ns, At safepoint: 2800 ns, Total: 47203 ns
[1098.781s][info ][safepoint      ] Safepoint "Cleanup", Time since last: 1000077552 ns, Reaching safepoint: 50304 ns, At safepoint: 4000 ns, Total: 54304 ns
[1099.781s][info ][safepoint      ] Safepoint "Cleanup", Time since last: 1000119155 ns, Reaching safepoint: 37803 ns, At safepoint: 2700 ns, Total: 40503 ns
[1101.781s][info ][safepoint      ] Safepoint "Cleanup", Time since last: 2000173806 ns, Reaching safepoint: 48503 ns, At safepoint: 5100 ns, Total: 53603 ns
[1103.782s][info ][safepoint      ] Safepoint "Cleanup", Time since last: 2000131003 ns, Reaching safepoint: 41002 ns, At safepoint: 3401 ns, Total: 44403 ns
[1104.782s][info ][safepoint      ] Safepoint "Cleanup", Time since last: 1000122255 ns, Reaching safepoint: 63904 ns, At safepoint: 3100 ns, Total: 67004 ns
[1105.782s][info ][safepoint      ] Safepoint "Cleanup", Time since last: 1000100654 ns, Reaching safepoint: 57404 ns, At safepoint: 4300 ns, Total: 61704 ns
[1106.782s][info ][safepoint      ] Safepoint "Cleanup", Time since last: 1000129956 ns, Reaching safepoint: 51503 ns, At safepoint: 3101 ns, Total: 54604 ns
[1114.783s][info ][safepoint      ] Safepoint "Cleanup", Time since last: 8000539705 ns, Reaching safepoint: 58404 ns, At safepoint: 3600 ns, Total: 62004 ns
[1117.783s][info ][safepoint      ] Safepoint "Cleanup", Time since last: 3000234153 ns, Reaching safepoint: 58204 ns, At safepoint: 3200 ns, Total: 61404 ns
[1118.783s][info ][safepoint      ] Safepoint "Cleanup", Time since last: 1000109253 ns, Reaching safepoint: 59605 ns, At safepoint: 6800 ns, Total: 66405 ns
[1119.783s][info ][safepoint      ] Safepoint "Cleanup", Time since last: 1000104253 ns, Reaching safepoint: 72805 ns, At safepoint: 6000 ns, Total: 78805 ns
[1120.784s][info ][safepoint      ] Safepoint "Cleanup", Time since last: 1000108253 ns, Reaching safepoint: 46904 ns, At safepoint: 7900 ns, Total: 54804 ns
[1121.508s][info ][gc,start       ] GC(62) Pause Young (Allocation Failure)
[1121.528s][debug][gc,phases      ] GC(62) Scavenge 20.335ms
[1121.528s][debug][gc,ref         ] GC(62) Skipped phase 1 of Reference Processing: no references
[1121.528s][debug][gc,ref         ] GC(62) ReferenceProcessor::execute queues: 1, RefProcThreadModel::Single, marks_oops_alive: false
[1121.528s][debug][gc,ref         ] GC(62) Skipped phase 3 of Reference Processing: no references
[1121.528s][debug][gc,ref         ] GC(62) ReferenceProcessor::execute queues: 1, RefProcThreadModel::Single, marks_oops_alive: false
[1121.528s][debug][gc,phases      ] GC(62) Reference Processing 0.114ms
[1121.529s][debug][gc,phases      ] GC(62)   VM Weak                        Min:  0.0, Avg:  0.0, Max:  0.0, Diff:  0.0, Sum:  0.0, Workers: 4
[1121.529s][debug][gc,phases      ] GC(62)     Dead                           Min: 0, Avg:  0.0, Max: 0, Diff: 0, Sum: 0, Workers: 4
[1121.529s][debug][gc,phases      ] GC(62)     Total                          Min: 0, Avg: 229.5, Max: 768, Diff: 768, Sum: 918, Workers: 4
[1121.529s][debug][gc,phases      ] GC(62)   ObjectSynchronizer Weak        Min:  0.0, Avg:  0.0, Max:  0.0, Diff:  0.0, Sum:  0.0, Workers: 4
[1121.529s][debug][gc,phases      ] GC(62)     Dead                           Min: 0, Avg:  0.0, Max: 0, Diff: 0, Sum: 0, Workers: 4
[1121.529s][debug][gc,phases      ] GC(62)     Total                          Min: 0, Avg: 25.2, Max: 64, Diff: 64, Sum: 101, Workers: 4
[1121.529s][debug][gc,phases      ] GC(62)   JVMTI Tag Weak OopStorage      Min:  0.0, Avg:  0.0, Max:  0.0, Diff:  0.0, Sum:  0.0, Workers: 4
[1121.529s][debug][gc,phases      ] GC(62)     Dead                           Min: 0, Avg:  0.0, Max: 0, Diff: 0, Sum: 0, Workers: 4
[1121.529s][debug][gc,phases      ] GC(62)     Total                          Min: 0, Avg:  0.0, Max: 0, Diff: 0, Sum: 0, Workers: 4
[1121.529s][debug][gc,phases      ] GC(62)   StringTable Weak               Min:  0.1, Avg:  0.1, Max:  0.1, Diff:  0.0, Sum:  0.4, Workers: 4
[1121.529s][debug][gc,phases      ] GC(62)     Dead                           Min: 0, Avg:  0.8, Max: 2, Diff: 2, Sum: 3, Workers: 4
[1121.529s][debug][gc,phases      ] GC(62)     Total                          Min: 10264, Avg: 10981.8, Max: 11648, Diff: 1384, Sum: 43927, Workers: 4
[1121.529s][debug][gc,phases      ] GC(62)   ResolvedMethodTable Weak       Min:  0.0, Avg:  0.0, Max:  0.0, Diff:  0.0, Sum:  0.1, Workers: 4
[1121.529s][debug][gc,phases      ] GC(62)     Dead                           Min: 0, Avg:  0.0, Max: 0, Diff: 0, Sum: 0, Workers: 4
[1121.529s][debug][gc,phases      ] GC(62)     Total                          Min: 2240, Avg: 2503.8, Max: 2975, Diff: 735, Sum: 10015, Workers: 4
[1121.529s][debug][gc,phases      ] GC(62)   JNI Weak                       Min:  0.0, Avg:  0.0, Max:  0.0, Diff:  0.0, Sum:  0.0, Workers: 4
[1121.529s][debug][gc,phases      ] GC(62)     Dead                           Min: 0, Avg:  0.0, Max: 0, Diff: 0, Sum: 0, Workers: 4
[1121.529s][debug][gc,phases      ] GC(62)     Total                          Min: 0, Avg: 11.2, Max: 45, Diff: 45, Sum: 45, Workers: 4
[1121.529s][debug][gc,phases      ] GC(62)   StringDedup Table Weak         Min:  0.0, Avg:  0.0, Max:  0.0, Diff:  0.0, Sum:  0.0, Workers: 4
[1121.529s][debug][gc,phases      ] GC(62)     Dead                           Min: 0, Avg:  0.0, Max: 0, Diff: 0, Sum: 0, Workers: 4
[1121.529s][debug][gc,phases      ] GC(62)     Total                          Min: 0, Avg:  0.0, Max: 0, Diff: 0, Sum: 0, Workers: 4
[1121.529s][debug][gc,phases      ] GC(62)   StringDedup Requests0 Weak     Min:  0.0, Avg:  0.0, Max:  0.0, Diff:  0.0, Sum:  0.0, Workers: 4
[1121.529s][debug][gc,phases      ] GC(62)     Dead                           Min: 0, Avg:  0.0, Max: 0, Diff: 0, Sum: 0, Workers: 4
[1121.529s][debug][gc,phases      ] GC(62)     Total                          Min: 0, Avg:  0.0, Max: 0, Diff: 0, Sum: 0, Workers: 4
[1121.529s][debug][gc,phases      ] GC(62)   StringDedup Requests1 Weak     Min:  0.0, Avg:  0.0, Max:  0.0, Diff:  0.0, Sum:  0.0, Workers: 4
[1121.529s][debug][gc,phases      ] GC(62)     Dead                           Min: 0, Avg:  0.0, Max: 0, Diff: 0, Sum: 0, Workers: 4
[1121.529s][debug][gc,phases      ] GC(62)     Total                          Min: 0, Avg:  0.0, Max: 0, Diff: 0, Sum: 0, Workers: 4
[1121.529s][debug][gc,phases      ] GC(62)   Weak JFR Old Object Samples    Min:  0.0, Avg:  0.0, Max:  0.0, Diff:  0.0, Sum:  0.0, Workers: 4
[1121.529s][debug][gc,phases      ] GC(62)     Dead                           Min: 0, Avg:  0.0, Max: 0, Diff: 0, Sum: 0, Workers: 4
[1121.529s][debug][gc,phases      ] GC(62)     Total                          Min: 0, Avg:  0.0, Max: 0, Diff: 0, Sum: 0, Workers: 4
[1121.529s][debug][gc,phases      ] GC(62) Weak Processing 0.336ms
[1121.529s][debug][gc,age         ] GC(62) Desired survivor size 117440512 bytes, new threshold 15 (max threshold 15)
[1121.529s][info ][gc,heap        ] GC(62) PSYoungGen: 1922957K(1979392K)->64685K(1976320K) Eden: 1858560K(1858560K)->0K(1858560K) From: 64397K(120832K)->64685K(117760K)
[1121.529s][info ][gc,heap        ] GC(62) ParOldGen: 561212K(662528K)->561252K(662528K)
[1121.529s][info ][gc,metaspace   ] GC(62) Metaspace: 83598K(84672K)->83598K(84672K) NonClass: 71664K(72256K)->71664K(72256K) Class: 11934K(12416K)->11934K(12416K)
[1121.529s][info ][gc             ] GC(62) Pause Young (Allocation Failure) 2425M->611M(2577M) 20.935ms
[1121.529s][info ][gc,cpu         ] GC(62) User=0.06s Sys=0.01s Real=0.02s
[1121.529s][info ][safepoint      ] Safepoint "ParallelGCFailedAllocation", Time since last: 724241999 ns, Reaching safepoint: 49704 ns, At safepoint: 21007896 ns, Total: 21057600 ns
[1122.529s][info ][safepoint      ] Safepoint "Cleanup", Time since last: 1000094652 ns, Reaching safepoint: 54904 ns, At safepoint: 3400 ns, Total: 58304 ns
[1123.538s][info ][safepoint      ] Safepoint "Cleanup", Time since last: 1000116853 ns, Reaching safepoint: 9096149 ns, At safepoint: 12000 ns, Total: 9108149 ns
[1124.538s][info ][safepoint      ] Safepoint "Cleanup", Time since last: 1000108153 ns, Reaching safepoint: 43403 ns, At safepoint: 2800 ns, Total: 46203 ns
[1125.539s][info ][safepoint      ] Safepoint "Cleanup", Time since last: 1000111453 ns, Reaching safepoint: 44603 ns, At safepoint: 3200 ns, Total: 47803 ns
[1127.539s][info ][safepoint      ] Safepoint "Cleanup", Time since last: 2000169202 ns, Reaching safepoint: 44203 ns, At safepoint: 4600 ns, Total: 48803 ns
[1137.540s][info ][safepoint      ] Safepoint "Cleanup", Time since last: 10000851004 ns, Reaching safepoint: 63405 ns, At safepoint: 3000 ns, Total: 66405 ns
[1141.540s][info ][safepoint      ] Safepoint "Cleanup", Time since last: 4000322698 ns, Reaching safepoint: 46604 ns, At safepoint: 4200 ns, Total: 50804 ns
[1142.540s][info ][safepoint      ] Safepoint "Cleanup", Time since last: 1000124152 ns, Reaching safepoint: 60105 ns, At safepoint: 3300 ns, Total: 63405 ns
[1145.541s][info ][safepoint      ] Safepoint "Cleanup", Time since last: 3000276950 ns, Reaching safepoint: 51604 ns, At safepoint: 7301 ns, Total: 58905 ns
[1146.541s][info ][safepoint      ] Safepoint "Cleanup", Time since last: 1000111351 ns, Reaching safepoint: 50003 ns, At safepoint: 5001 ns, Total: 55004 ns
[1147.541s][info ][safepoint      ] Safepoint "Cleanup", Time since last: 1000117551 ns, Reaching safepoint: 51004 ns, At safepoint: 6901 ns, Total: 57905 ns
[1151.450s][info ][gc,start       ] GC(63) Pause Young (Allocation Failure)
[1151.473s][debug][gc,phases      ] GC(63) Scavenge 22.759ms
[1151.473s][debug][gc,ref         ] GC(63) Skipped phase 1 of Reference Processing: no references
[1151.473s][debug][gc,ref         ] GC(63) ReferenceProcessor::execute queues: 1, RefProcThreadModel::Single, marks_oops_alive: false
[1151.473s][debug][gc,ref         ] GC(63) ReferenceProcessor::execute queues: 4, RefProcThreadModel::Multi, marks_oops_alive: true
[1151.473s][debug][gc,ref         ] GC(63) ReferenceProcessor::execute queues: 1, RefProcThreadModel::Single, marks_oops_alive: false
[1151.473s][debug][gc,phases      ] GC(63) Reference Processing 0.191ms
[1151.474s][debug][gc,phases      ] GC(63)   VM Weak                        Min:  0.0, Avg:  0.0, Max:  0.0, Diff:  0.0, Sum:  0.0, Workers: 4
[1151.474s][debug][gc,phases      ] GC(63)     Dead                           Min: 0, Avg:  0.0, Max: 0, Diff: 0, Sum: 0, Workers: 4
[1151.474s][debug][gc,phases      ] GC(63)     Total                          Min: 0, Avg: 229.5, Max: 726, Diff: 726, Sum: 918, Workers: 4
[1151.474s][debug][gc,phases      ] GC(63)   ObjectSynchronizer Weak        Min:  0.0, Avg:  0.0, Max:  0.0, Diff:  0.0, Sum:  0.0, Workers: 4
[1151.474s][debug][gc,phases      ] GC(63)     Dead                           Min: 0, Avg:  0.0, Max: 0, Diff: 0, Sum: 0, Workers: 4
[1151.474s][debug][gc,phases      ] GC(63)     Total                          Min: 0, Avg: 25.2, Max: 64, Diff: 64, Sum: 101, Workers: 4
[1151.474s][debug][gc,phases      ] GC(63)   JVMTI Tag Weak OopStorage      Min:  0.0, Avg:  0.0, Max:  0.0, Diff:  0.0, Sum:  0.0, Workers: 4
[1151.474s][debug][gc,phases      ] GC(63)     Dead                           Min: 0, Avg:  0.0, Max: 0, Diff: 0, Sum: 0, Workers: 4
[1151.474s][debug][gc,phases      ] GC(63)     Total                          Min: 0, Avg:  0.0, Max: 0, Diff: 0, Sum: 0, Workers: 4
[1151.474s][debug][gc,phases      ] GC(63)   StringTable Weak               Min:  0.0, Avg:  0.1, Max:  0.1, Diff:  0.1, Sum:  0.4, Workers: 4
[1151.474s][debug][gc,phases      ] GC(63)     Dead                           Min: 0, Avg:  0.0, Max: 0, Diff: 0, Sum: 0, Workers: 4
[1151.474s][debug][gc,phases      ] GC(63)     Total                          Min: 0, Avg: 10984.8, Max: 15616, Diff: 15616, Sum: 43939, Workers: 4
[1151.474s][debug][gc,phases      ] GC(63)   ResolvedMethodTable Weak       Min:  0.0, Avg:  0.0, Max:  0.0, Diff:  0.0, Sum:  0.1, Workers: 4
[1151.474s][debug][gc,phases      ] GC(63)     Dead                           Min: 0, Avg:  0.0, Max: 0, Diff: 0, Sum: 0, Workers: 4
[1151.474s][debug][gc,phases      ] GC(63)     Total                          Min: 0, Avg: 2503.8, Max: 3712, Diff: 3712, Sum: 10015, Workers: 4
[1151.474s][debug][gc,phases      ] GC(63)   JNI Weak                       Min:  0.0, Avg:  0.0, Max:  0.0, Diff:  0.0, Sum:  0.0, Workers: 4
[1151.474s][debug][gc,phases      ] GC(63)     Dead                           Min: 0, Avg:  0.0, Max: 0, Diff: 0, Sum: 0, Workers: 4
[1151.474s][debug][gc,phases      ] GC(63)     Total                          Min: 0, Avg: 11.2, Max: 45, Diff: 45, Sum: 45, Workers: 4
[1151.474s][debug][gc,phases      ] GC(63)   StringDedup Table Weak         Min:  0.0, Avg:  0.0, Max:  0.0, Diff:  0.0, Sum:  0.0, Workers: 4
[1151.474s][debug][gc,phases      ] GC(63)     Dead                           Min: 0, Avg:  0.0, Max: 0, Diff: 0, Sum: 0, Workers: 4
[1151.474s][debug][gc,phases      ] GC(63)     Total                          Min: 0, Avg:  0.0, Max: 0, Diff: 0, Sum: 0, Workers: 4
[1151.474s][debug][gc,phases      ] GC(63)   StringDedup Requests0 Weak     Min:  0.0, Avg:  0.0, Max:  0.0, Diff:  0.0, Sum:  0.0, Workers: 4
[1151.474s][debug][gc,phases      ] GC(63)     Dead                           Min: 0, Avg:  0.0, Max: 0, Diff: 0, Sum: 0, Workers: 4
[1151.474s][debug][gc,phases      ] GC(63)     Total                          Min: 0, Avg:  0.0, Max: 0, Diff: 0, Sum: 0, Workers: 4
[1151.474s][debug][gc,phases      ] GC(63)   StringDedup Requests1 Weak     Min:  0.0, Avg:  0.0, Max:  0.0, Diff:  0.0, Sum:  0.0, Workers: 4
[1151.474s][debug][gc,phases      ] GC(63)     Dead                           Min: 0, Avg:  0.0, Max: 0, Diff: 0, Sum: 0, Workers: 4
[1151.474s][debug][gc,phases      ] GC(63)     Total                          Min: 0, Avg:  0.0, Max: 0, Diff: 0, Sum: 0, Workers: 4
[1151.474s][debug][gc,phases      ] GC(63)   Weak JFR Old Object Samples    Min:  0.0, Avg:  0.0, Max:  0.0, Diff:  0.0, Sum:  0.0, Workers: 4
[1151.474s][debug][gc,phases      ] GC(63)     Dead                           Min: 0, Avg:  0.0, Max: 0, Diff: 0, Sum: 0, Workers: 4
[1151.474s][debug][gc,phases      ] GC(63)     Total                          Min: 0, Avg:  0.0, Max: 0, Diff: 0, Sum: 0, Workers: 4
[1151.474s][debug][gc,phases      ] GC(63) Weak Processing 0.383ms
[1151.474s][debug][gc,age         ] GC(63) Desired survivor size 114819072 bytes, new threshold 15 (max threshold 15)
[1151.474s][info ][gc,heap        ] GC(63) PSYoungGen: 1923245K(1976320K)->64877K(1985024K) Eden: 1858560K(1858560K)->0K(1870336K) From: 64685K(117760K)->64877K(114688K)
[1151.474s][info ][gc,heap        ] GC(63) ParOldGen: 561252K(662528K)->561380K(662528K)
[1151.474s][info ][gc,metaspace   ] GC(63) Metaspace: 83614K(84736K)->83614K(84736K) NonClass: 71680K(72320K)->71680K(72320K) Class: 11934K(12416K)->11934K(12416K)
[1151.474s][info ][gc             ] GC(63) Pause Young (Allocation Failure) 2426M->611M(2585M) 23.475ms
[1151.474s][info ][gc,cpu         ] GC(63) User=0.07s Sys=0.00s Real=0.02s
[1151.474s][info ][safepoint      ] Safepoint "ParallelGCFailedAllocation", Time since last: 3909244607 ns, Reaching safepoint: 93606 ns, At safepoint: 23558779 ns, Total: 23652385 ns
[1154.474s][info ][safepoint      ] Safepoint "Cleanup", Time since last: 3000233145 ns, Reaching safepoint: 47604 ns, At safepoint: 4400 ns, Total: 52004 ns
[1158.475s][info ][safepoint      ] Safepoint "Cleanup", Time since last: 4000329094 ns, Reaching safepoint: 50104 ns, At safepoint: 8300 ns, Total: 58404 ns
[1159.475s][info ][safepoint      ] Safepoint "Cleanup", Time since last: 1000100150 ns, Reaching safepoint: 51104 ns, At safepoint: 9400 ns, Total: 60504 ns
[1161.475s][info ][safepoint      ] Safepoint "Cleanup", Time since last: 2000192699 ns, Reaching safepoint: 41503 ns, At safepoint: 3400 ns, Total: 44903 ns
[1167.475s][info ][safepoint      ] Safepoint "Cleanup", Time since last: 6000444685 ns, Reaching safepoint: 47704 ns, At safepoint: 8100 ns, Total: 55804 ns
[1172.476s][info ][safepoint      ] Safepoint "Cleanup", Time since last: 5000383037 ns, Reaching safepoint: 45703 ns, At safepoint: 2800 ns, Total: 48503 ns
[1174.476s][info ][safepoint      ] Safepoint "Cleanup", Time since last: 2000190597 ns, Reaching safepoint: 49404 ns, At safepoint: 2500 ns, Total: 51904 ns
[1176.476s][info ][safepoint      ] Safepoint "Cleanup", Time since last: 2000180896 ns, Reaching safepoint: 55604 ns, At safepoint: 3700 ns, Total: 59304 ns
[1177.476s][info ][safepoint      ] Safepoint "Cleanup", Time since last: 1000118350 ns, Reaching safepoint: 46103 ns, At safepoint: 5401 ns, Total: 51504 ns
[1183.103s][info ][gc,start       ] GC(64) Pause Young (Allocation Failure)
[1183.126s][debug][gc,phases      ] GC(64) Scavenge 22.629ms
[1183.126s][debug][gc,ref         ] GC(64) Skipped phase 1 of Reference Processing: no references
[1183.126s][debug][gc,ref         ] GC(64) ReferenceProcessor::execute queues: 1, RefProcThreadModel::Single, marks_oops_alive: false
[1183.126s][debug][gc,ref         ] GC(64) Skipped phase 3 of Reference Processing: no references
[1183.126s][debug][gc,ref         ] GC(64) ReferenceProcessor::execute queues: 1, RefProcThreadModel::Single, marks_oops_alive: false
[1183.126s][debug][gc,phases      ] GC(64) Reference Processing 0.121ms
[1183.126s][debug][gc,phases      ] GC(64)   VM Weak                        Min:  0.0, Avg:  0.0, Max:  0.0, Diff:  0.0, Sum:  0.0, Workers: 4
[1183.126s][debug][gc,phases      ] GC(64)     Dead                           Min: 0, Avg:  0.0, Max: 0, Diff: 0, Sum: 0, Workers: 4
[1183.126s][debug][gc,phases      ] GC(64)     Total                          Min: 22, Avg: 229.5, Max: 768, Diff: 746, Sum: 918, Workers: 4
[1183.126s][debug][gc,phases      ] GC(64)   ObjectSynchronizer Weak        Min:  0.0, Avg:  0.0, Max:  0.0, Diff:  0.0, Sum:  0.0, Workers: 4
[1183.126s][debug][gc,phases      ] GC(64)     Dead                           Min: 0, Avg:  0.0, Max: 0, Diff: 0, Sum: 0, Workers: 4
[1183.126s][debug][gc,phases      ] GC(64)     Total                          Min: 0, Avg: 25.2, Max: 64, Diff: 64, Sum: 101, Workers: 4
[1183.126s][debug][gc,phases      ] GC(64)   JVMTI Tag Weak OopStorage      Min:  0.0, Avg:  0.0, Max:  0.0, Diff:  0.0, Sum:  0.0, Workers: 4
[1183.126s][debug][gc,phases      ] GC(64)     Dead                           Min: 0, Avg:  0.0, Max: 0, Diff: 0, Sum: 0, Workers: 4
[1183.126s][debug][gc,phases      ] GC(64)     Total                          Min: 0, Avg:  0.0, Max: 0, Diff: 0, Sum: 0, Workers: 4
[1183.126s][debug][gc,phases      ] GC(64)   StringTable Weak               Min:  0.1, Avg:  0.1, Max:  0.1, Diff:  0.0, Sum:  0.4, Workers: 4
[1183.126s][debug][gc,phases      ] GC(64)     Dead                           Min: 0, Avg:  0.0, Max: 0, Diff: 0, Sum: 0, Workers: 4
[1183.126s][debug][gc,phases      ] GC(64)     Total                          Min: 9344, Avg: 10984.8, Max: 11967, Diff: 2623, Sum: 43939, Workers: 4
[1183.126s][debug][gc,phases      ] GC(64)   ResolvedMethodTable Weak       Min:  0.0, Avg:  0.0, Max:  0.0, Diff:  0.0, Sum:  0.1, Workers: 4
[1183.126s][debug][gc,phases      ] GC(64)     Dead                           Min: 0, Avg:  0.0, Max: 0, Diff: 0, Sum: 0, Workers: 4
[1183.126s][debug][gc,phases      ] GC(64)     Total                          Min: 2432, Avg: 2503.8, Max: 2719, Diff: 287, Sum: 10015, Workers: 4
[1183.126s][debug][gc,phases      ] GC(64)   JNI Weak                       Min:  0.0, Avg:  0.0, Max:  0.0, Diff:  0.0, Sum:  0.0, Workers: 4
[1183.126s][debug][gc,phases      ] GC(64)     Dead                           Min: 0, Avg:  0.0, Max: 0, Diff: 0, Sum: 0, Workers: 4
[1183.126s][debug][gc,phases      ] GC(64)     Total                          Min: 0, Avg: 11.2, Max: 45, Diff: 45, Sum: 45, Workers: 4
[1183.126s][debug][gc,phases      ] GC(64)   StringDedup Table Weak         Min:  0.0, Avg:  0.0, Max:  0.0, Diff:  0.0, Sum:  0.0, Workers: 4
[1183.126s][debug][gc,phases      ] GC(64)     Dead                           Min: 0, Avg:  0.0, Max: 0, Diff: 0, Sum: 0, Workers: 4
[1183.126s][debug][gc,phases      ] GC(64)     Total                          Min: 0, Avg:  0.0, Max: 0, Diff: 0, Sum: 0, Workers: 4
[1183.126s][debug][gc,phases      ] GC(64)   StringDedup Requests0 Weak     Min:  0.0, Avg:  0.0, Max:  0.0, Diff:  0.0, Sum:  0.0, Workers: 4
[1183.126s][debug][gc,phases      ] GC(64)     Dead                           Min: 0, Avg:  0.0, Max: 0, Diff: 0, Sum: 0, Workers: 4
[1183.126s][debug][gc,phases      ] GC(64)     Total                          Min: 0, Avg:  0.0, Max: 0, Diff: 0, Sum: 0, Workers: 4
[1183.126s][debug][gc,phases      ] GC(64)   StringDedup Requests1 Weak     Min:  0.0, Avg:  0.0, Max:  0.0, Diff:  0.0, Sum:  0.0, Workers: 4
[1183.126s][debug][gc,phases      ] GC(64)     Dead                           Min: 0, Avg:  0.0, Max: 0, Diff: 0, Sum: 0, Workers: 4
[1183.126s][debug][gc,phases      ] GC(64)     Total                          Min: 0, Avg:  0.0, Max: 0, Diff: 0, Sum: 0, Workers: 4
[1183.126s][debug][gc,phases      ] GC(64)   Weak JFR Old Object Samples    Min:  0.0, Avg:  0.0, Max:  0.0, Diff:  0.0, Sum:  0.0, Workers: 4
[1183.126s][debug][gc,phases      ] GC(64)     Dead                           Min: 0, Avg:  0.0, Max: 0, Diff: 0, Sum: 0, Workers: 4
[1183.126s][debug][gc,phases      ] GC(64)     Total                          Min: 0, Avg:  0.0, Max: 0, Diff: 0, Sum: 0, Workers: 4
[1183.126s][debug][gc,phases      ] GC(64) Weak Processing 0.346ms
[1183.126s][debug][gc,age         ] GC(64) Desired survivor size 111673344 bytes, new threshold 15 (max threshold 15)
[1183.126s][info ][gc,heap        ] GC(64) PSYoungGen: 1935213K(1985024K)->64525K(1982464K) Eden: 1870336K(1870336K)->0K(1870336K) From: 64877K(114688K)->64525K(112128K)
[1183.126s][info ][gc,heap        ] GC(64) ParOldGen: 561380K(662528K)->561452K(662528K)
[1183.126s][info ][gc,metaspace   ] GC(64) Metaspace: 83617K(84736K)->83617K(84736K) NonClass: 71683K(72320K)->71683K(72320K) Class: 11934K(12416K)->11934K(12416K)
[1183.126s][info ][gc             ] GC(64) Pause Young (Allocation Failure) 2438M->611M(2583M) 23.247ms
[1183.126s][info ][gc,cpu         ] GC(64) User=0.06s Sys=0.00s Real=0.02s
[1183.126s][info ][safepoint      ] Safepoint "ParallelGCFailedAllocation", Time since last: 5626541341 ns, Reaching safepoint: 37703 ns, At safepoint: 23323361 ns, Total: 23361064 ns
[1184.127s][info ][safepoint      ] Safepoint "Cleanup", Time since last: 1000084948 ns, Reaching safepoint: 59104 ns, At safepoint: 3200 ns, Total: 62304 ns
[1185.127s][info ][safepoint      ] Safepoint "Cleanup", Time since last: 1000110849 ns, Reaching safepoint: 39103 ns, At safepoint: 4200 ns, Total: 43303 ns
[1187.127s][info ][safepoint      ] Safepoint "Cleanup", Time since last: 2000176294 ns, Reaching safepoint: 56204 ns, At safepoint: 8701 ns, Total: 64905 ns
[1190.984s][info ][safepoint      ] Safepoint "Cleanup", Time since last: 3856872066 ns, Reaching safepoint: 46103 ns, At safepoint: 8701 ns, Total: 54804 ns
[1191.984s][info ][safepoint      ] Safepoint "Cleanup", Time since last: 1000110048 ns, Reaching safepoint: 100207 ns, At safepoint: 2901 ns, Total: 103108 ns
[1192.984s][info ][safepoint      ] Safepoint "Cleanup", Time since last: 1000118349 ns, Reaching safepoint: 52903 ns, At safepoint: 6201 ns, Total: 59104 ns
[1194.897s][info ][safepoint      ] Safepoint "Cleanup", Time since last: 1912209526 ns, Reaching safepoint: 108708 ns, At safepoint: 9501 ns, Total: 118209 ns
[1196.459s][info ][safepoint      ] Safepoint "Cleanup", Time since last: 1561830165 ns, Reaching safepoint: 609843 ns, At safepoint: 12701 ns, Total: 622544 ns
[1197.459s][info ][safepoint      ] Safepoint "Cleanup", Time since last: 1000103848 ns, Reaching safepoint: 51504 ns, At safepoint: 3600 ns, Total: 55104 ns
[1201.460s][info ][safepoint      ] Safepoint "Cleanup", Time since last: 4000320283 ns, Reaching safepoint: 69105 ns, At safepoint: 3200 ns, Total: 72305 ns
[1203.460s][info ][safepoint      ] Safepoint "Cleanup", Time since last: 2000192793 ns, Reaching safepoint: 113009 ns, At safepoint: 9500 ns, Total: 122509 ns
[1204.460s][info ][safepoint      ] Safepoint "Cleanup", Time since last: 1000118848 ns, Reaching safepoint: 48304 ns, At safepoint: 3900 ns, Total: 52204 ns
[1206.460s][info ][safepoint      ] Safepoint "Cleanup", Time since last: 2000174692 ns, Reaching safepoint: 45303 ns, At safepoint: 2900 ns, Total: 48203 ns
[1210.461s][info ][safepoint      ] Safepoint "Cleanup", Time since last: 4000329182 ns, Reaching safepoint: 123809 ns, At safepoint: 7400 ns, Total: 131209 ns
[1212.263s][info ][gc,start       ] GC(65) Pause Young (Allocation Failure)
[1212.295s][debug][gc,phases      ] GC(65) Scavenge 31.865ms
[1212.295s][debug][gc,ref         ] GC(65) Skipped phase 1 of Reference Processing: no references
[1212.295s][debug][gc,ref         ] GC(65) ReferenceProcessor::execute queues: 1, RefProcThreadModel::Single, marks_oops_alive: false
[1212.296s][debug][gc,ref         ] GC(65) Skipped phase 3 of Reference Processing: no references
[1212.296s][debug][gc,ref         ] GC(65) ReferenceProcessor::execute queues: 1, RefProcThreadModel::Single, marks_oops_alive: false
[1212.296s][debug][gc,phases      ] GC(65) Reference Processing 0.110ms
[1212.296s][debug][gc,phases      ] GC(65)   VM Weak                        Min:  0.0, Avg:  0.0, Max:  0.0, Diff:  0.0, Sum:  0.0, Workers: 4
[1212.296s][debug][gc,phases      ] GC(65)     Dead                           Min: 0, Avg:  0.0, Max: 0, Diff: 0, Sum: 0, Workers: 4
[1212.296s][debug][gc,phases      ] GC(65)     Total                          Min: 0, Avg: 229.5, Max: 448, Diff: 448, Sum: 918, Workers: 4
[1212.296s][debug][gc,phases      ] GC(65)   ObjectSynchronizer Weak        Min:  0.0, Avg:  0.0, Max:  0.0, Diff:  0.0, Sum:  0.0, Workers: 4
[1212.296s][debug][gc,phases      ] GC(65)     Dead                           Min: 0, Avg:  0.0, Max: 0, Diff: 0, Sum: 0, Workers: 4
[1212.296s][debug][gc,phases      ] GC(65)     Total                          Min: 0, Avg: 25.2, Max: 64, Diff: 64, Sum: 101, Workers: 4
[1212.296s][debug][gc,phases      ] GC(65)   JVMTI Tag Weak OopStorage      Min:  0.0, Avg:  0.0, Max:  0.0, Diff:  0.0, Sum:  0.0, Workers: 4
[1212.296s][debug][gc,phases      ] GC(65)     Dead                           Min: 0, Avg:  0.0, Max: 0, Diff: 0, Sum: 0, Workers: 4
[1212.296s][debug][gc,phases      ] GC(65)     Total                          Min: 0, Avg:  0.0, Max: 0, Diff: 0, Sum: 0, Workers: 4
[1212.296s][debug][gc,phases      ] GC(65)   StringTable Weak               Min:  0.0, Avg:  0.1, Max:  0.1, Diff:  0.1, Sum:  0.4, Workers: 4
[1212.296s][debug][gc,phases      ] GC(65)     Dead                           Min: 0, Avg:  0.0, Max: 0, Diff: 0, Sum: 0, Workers: 4
[1212.296s][debug][gc,phases      ] GC(65)     Total                          Min: 0, Avg: 10985.8, Max: 15144, Diff: 15144, Sum: 43943, Workers: 4
[1212.296s][debug][gc,phases      ] GC(65)   ResolvedMethodTable Weak       Min:  0.0, Avg:  0.0, Max:  0.0, Diff:  0.0, Sum:  0.1, Workers: 4
[1212.296s][debug][gc,phases      ] GC(65)     Dead                           Min: 0, Avg:  0.0, Max: 0, Diff: 0, Sum: 0, Workers: 4
[1212.296s][debug][gc,phases      ] GC(65)     Total                          Min: 0, Avg: 2506.0, Max: 3624, Diff: 3624, Sum: 10024, Workers: 4
[1212.296s][debug][gc,phases      ] GC(65)   JNI Weak                       Min:  0.0, Avg:  0.0, Max:  0.0, Diff:  0.0, Sum:  0.0, Workers: 4
[1212.296s][debug][gc,phases      ] GC(65)     Dead                           Min: 0, Avg:  0.0, Max: 0, Diff: 0, Sum: 0, Workers: 4
[1212.296s][debug][gc,phases      ] GC(65)     Total                          Min: 0, Avg: 11.2, Max: 45, Diff: 45, Sum: 45, Workers: 4
[1212.296s][debug][gc,phases      ] GC(65)   StringDedup Table Weak         Min:  0.0, Avg:  0.0, Max:  0.0, Diff:  0.0, Sum:  0.0, Workers: 4
[1212.296s][debug][gc,phases      ] GC(65)     Dead                           Min: 0, Avg:  0.0, Max: 0, Diff: 0, Sum: 0, Workers: 4
[1212.296s][debug][gc,phases      ] GC(65)     Total                          Min: 0, Avg:  0.0, Max: 0, Diff: 0, Sum: 0, Workers: 4
[1212.296s][debug][gc,phases      ] GC(65)   StringDedup Requests0 Weak     Min:  0.0, Avg:  0.0, Max:  0.0, Diff:  0.0, Sum:  0.0, Workers: 4
[1212.296s][debug][gc,phases      ] GC(65)     Dead                           Min: 0, Avg:  0.0, Max: 0, Diff: 0, Sum: 0, Workers: 4
[1212.296s][debug][gc,phases      ] GC(65)     Total                          Min: 0, Avg:  0.0, Max: 0, Diff: 0, Sum: 0, Workers: 4
[1212.296s][debug][gc,phases      ] GC(65)   StringDedup Requests1 Weak     Min:  0.0, Avg:  0.0, Max:  0.0, Diff:  0.0, Sum:  0.0, Workers: 4
[1212.296s][debug][gc,phases      ] GC(65)     Dead                           Min: 0, Avg:  0.0, Max: 0, Diff: 0, Sum: 0, Workers: 4
[1212.296s][debug][gc,phases      ] GC(65)     Total                          Min: 0, Avg:  0.0, Max: 0, Diff: 0, Sum: 0, Workers: 4
[1212.296s][debug][gc,phases      ] GC(65)   Weak JFR Old Object Samples    Min:  0.0, Avg:  0.0, Max:  0.0, Diff:  0.0, Sum:  0.0, Workers: 4
[1212.296s][debug][gc,phases      ] GC(65)     Dead                           Min: 0, Avg:  0.0, Max: 0, Diff: 0, Sum: 0, Workers: 4
[1212.296s][debug][gc,phases      ] GC(65)     Total                          Min: 0, Avg:  0.0, Max: 0, Diff: 0, Sum: 0, Workers: 4
[1212.296s][debug][gc,phases      ] GC(65) Weak Processing 0.367ms
[1212.296s][debug][gc,age         ] GC(65) Desired survivor size 109051904 bytes, new threshold 15 (max threshold 15)
[1212.296s][info ][gc,heap        ] GC(65) PSYoungGen: 1934861K(1982464K)->64525K(1990656K) Eden: 1870336K(1870336K)->0K(1881600K) From: 64525K(112128K)->64525K(109056K)
[1212.296s][info ][gc,heap        ] GC(65) ParOldGen: 561452K(662528K)->561516K(662528K)
[1212.296s][info ][gc,metaspace   ] GC(65) Metaspace: 83633K(84736K)->83633K(84736K) NonClass: 71695K(72320K)->71695K(72320K) Class: 11938K(12416K)->11938K(12416K)
[1212.296s][info ][gc             ] GC(65) Pause Young (Allocation Failure) 2437M->611M(2591M) 32.488ms
[1212.296s][info ][gc,cpu         ] GC(65) User=0.07s Sys=0.00s Real=0.03s
[1212.296s][info ][safepoint      ] Safepoint "ParallelGCFailedAllocation", Time since last: 1802622418 ns, Reaching safepoint: 39103 ns, At safepoint: 32564620 ns, Total: 32603723 ns
[1216.301s][info ][safepoint      ] Safepoint "Cleanup", Time since last: 4000539595 ns, Reaching safepoint: 3998185 ns, At safepoint: 14801 ns, Total: 4012986 ns
[1218.301s][info ][safepoint      ] Safepoint "Cleanup", Time since last: 2000211793 ns, Reaching safepoint: 131809 ns, At safepoint: 11701 ns, Total: 143510 ns
[1221.301s][info ][safepoint      ] Safepoint "Cleanup", Time since last: 3000274736 ns, Reaching safepoint: 114708 ns, At safepoint: 11901 ns, Total: 126609 ns
[1223.302s][info ][safepoint      ] Safepoint "Cleanup", Time since last: 2000209493 ns, Reaching safepoint: 175312 ns, At safepoint: 7401 ns, Total: 182713 ns
[1228.302s][info ][safepoint      ] Safepoint "Cleanup", Time since last: 5000453625 ns, Reaching safepoint: 155411 ns, At safepoint: 8500 ns, Total: 163911 ns
[1232.303s][info ][safepoint      ] Safepoint "Cleanup", Time since last: 4000371180 ns, Reaching safepoint: 129309 ns, At safepoint: 7401 ns, Total: 136710 ns
[1233.303s][info ][safepoint      ] Safepoint "Cleanup", Time since last: 1000131447 ns, Reaching safepoint: 124909 ns, At safepoint: 6000 ns, Total: 130909 ns
[1234.155s][info ][gc,start       ] GC(66) Pause Young (Allocation Failure)
[1234.175s][debug][gc,phases      ] GC(66) Scavenge 20.142ms
[1234.176s][debug][gc,ref         ] GC(66) Skipped phase 1 of Reference Processing: no references
[1234.176s][debug][gc,ref         ] GC(66) ReferenceProcessor::execute queues: 1, RefProcThreadModel::Single, marks_oops_alive: false
[1234.176s][debug][gc,ref         ] GC(66) Skipped phase 3 of Reference Processing: no references
[1234.176s][debug][gc,ref         ] GC(66) ReferenceProcessor::execute queues: 1, RefProcThreadModel::Single, marks_oops_alive: false
[1234.176s][debug][gc,phases      ] GC(66) Reference Processing 0.112ms
[1234.176s][debug][gc,phases      ] GC(66)   VM Weak                        Min:  0.0, Avg:  0.0, Max:  0.0, Diff:  0.0, Sum:  0.0, Workers: 4
[1234.176s][debug][gc,phases      ] GC(66)     Dead                           Min: 0, Avg:  0.0, Max: 0, Diff: 0, Sum: 0, Workers: 4
[1234.176s][debug][gc,phases      ] GC(66)     Total                          Min: 0, Avg: 229.5, Max: 598, Diff: 598, Sum: 918, Workers: 4
[1234.176s][debug][gc,phases      ] GC(66)   ObjectSynchronizer Weak        Min:  0.0, Avg:  0.0, Max:  0.0, Diff:  0.0, Sum:  0.0, Workers: 4
[1234.176s][debug][gc,phases      ] GC(66)     Dead                           Min: 0, Avg:  0.0, Max: 0, Diff: 0, Sum: 0, Workers: 4
[1234.176s][debug][gc,phases      ] GC(66)     Total                          Min: 0, Avg: 25.2, Max: 64, Diff: 64, Sum: 101, Workers: 4
[1234.176s][debug][gc,phases      ] GC(66)   JVMTI Tag Weak OopStorage      Min:  0.0, Avg:  0.0, Max:  0.0, Diff:  0.0, Sum:  0.0, Workers: 4
[1234.176s][debug][gc,phases      ] GC(66)     Dead                           Min: 0, Avg:  0.0, Max: 0, Diff: 0, Sum: 0, Workers: 4
[1234.176s][debug][gc,phases      ] GC(66)     Total                          Min: 0, Avg:  0.0, Max: 0, Diff: 0, Sum: 0, Workers: 4
[1234.176s][debug][gc,phases      ] GC(66)   StringTable Weak               Min:  0.1, Avg:  0.1, Max:  0.1, Diff:  0.0, Sum:  0.5, Workers: 4
[1234.176s][debug][gc,phases      ] GC(66)     Dead                           Min: 0, Avg:  0.0, Max: 0, Diff: 0, Sum: 0, Workers: 4
[1234.176s][debug][gc,phases      ] GC(66)     Total                          Min: 10240, Avg: 10990.0, Max: 11776, Diff: 1536, Sum: 43960, Workers: 4
[1234.176s][debug][gc,phases      ] GC(66)   ResolvedMethodTable Weak       Min:  0.0, Avg:  0.0, Max:  0.0, Diff:  0.0, Sum:  0.1, Workers: 4
[1234.176s][debug][gc,phases      ] GC(66)     Dead                           Min: 0, Avg:  0.0, Max: 0, Diff: 0, Sum: 0, Workers: 4
[1234.176s][debug][gc,phases      ] GC(66)     Total                          Min: 1920, Avg: 2506.0, Max: 2856, Diff: 936, Sum: 10024, Workers: 4
[1234.176s][debug][gc,phases      ] GC(66)   JNI Weak                       Min:  0.0, Avg:  0.0, Max:  0.0, Diff:  0.0, Sum:  0.0, Workers: 4
[1234.176s][debug][gc,phases      ] GC(66)     Dead                           Min: 0, Avg:  0.0, Max: 0, Diff: 0, Sum: 0, Workers: 4
[1234.176s][debug][gc,phases      ] GC(66)     Total                          Min: 0, Avg: 11.2, Max: 45, Diff: 45, Sum: 45, Workers: 4
[1234.176s][debug][gc,phases      ] GC(66)   StringDedup Table Weak         Min:  0.0, Avg:  0.0, Max:  0.0, Diff:  0.0, Sum:  0.0, Workers: 4
[1234.176s][debug][gc,phases      ] GC(66)     Dead                           Min: 0, Avg:  0.0, Max: 0, Diff: 0, Sum: 0, Workers: 4
[1234.176s][debug][gc,phases      ] GC(66)     Total                          Min: 0, Avg:  0.0, Max: 0, Diff: 0, Sum: 0, Workers: 4
[1234.176s][debug][gc,phases      ] GC(66)   StringDedup Requests0 Weak     Min:  0.0, Avg:  0.0, Max:  0.0, Diff:  0.0, Sum:  0.0, Workers: 4
[1234.176s][debug][gc,phases      ] GC(66)     Dead                           Min: 0, Avg:  0.0, Max: 0, Diff: 0, Sum: 0, Workers: 4
[1234.176s][debug][gc,phases      ] GC(66)     Total                          Min: 0, Avg:  0.0, Max: 0, Diff: 0, Sum: 0, Workers: 4
[1234.176s][debug][gc,phases      ] GC(66)   StringDedup Requests1 Weak     Min:  0.0, Avg:  0.0, Max:  0.0, Diff:  0.0, Sum:  0.0, Workers: 4
[1234.176s][debug][gc,phases      ] GC(66)     Dead                           Min: 0, Avg:  0.0, Max: 0, Diff: 0, Sum: 0, Workers: 4
[1234.176s][debug][gc,phases      ] GC(66)     Total                          Min: 0, Avg:  0.0, Max: 0, Diff: 0, Sum: 0, Workers: 4
[1234.176s][debug][gc,phases      ] GC(66)   Weak JFR Old Object Samples    Min:  0.0, Avg:  0.0, Max:  0.0, Diff:  0.0, Sum:  0.0, Workers: 4
[1234.176s][debug][gc,phases      ] GC(66)     Dead                           Min: 0, Avg:  0.0, Max: 0, Diff: 0, Sum: 0, Workers: 4
[1234.176s][debug][gc,phases      ] GC(66)     Total                          Min: 0, Avg:  0.0, Max: 0, Diff: 0, Sum: 0, Workers: 4
[1234.176s][debug][gc,phases      ] GC(66) Weak Processing 0.344ms
[1234.176s][debug][gc,age         ] GC(66) Desired survivor size 106954752 bytes, new threshold 15 (max threshold 15)
[1234.176s][info ][gc,heap        ] GC(66) PSYoungGen: 1946125K(1990656K)->65901K(1988096K) Eden: 1881600K(1881600K)->0K(1881600K) From: 64525K(109056K)->65901K(106496K)
[1234.176s][info ][gc,heap        ] GC(66) ParOldGen: 561516K(662528K)->561580K(662528K)
[1234.176s][info ][gc,metaspace   ] GC(66) Metaspace: 83661K(84800K)->83661K(84800K) NonClass: 71722K(72384K)->71722K(72384K) Class: 11938K(12416K)->11938K(12416K)
[1234.176s][info ][gc             ] GC(66) Pause Young (Allocation Failure) 2448M->612M(2588M) 20.734ms
[1234.176s][info ][gc,cpu         ] GC(66) User=0.07s Sys=0.00s Real=0.02s
[1234.176s][info ][safepoint      ] Safepoint "ParallelGCFailedAllocation", Time since last: 852141305 ns, Reaching safepoint: 28702 ns, At safepoint: 20809083 ns, Total: 20837785 ns
[1236.176s][info ][safepoint      ] Safepoint "Cleanup", Time since last: 2000124385 ns, Reaching safepoint: 38002 ns, At safepoint: 4801 ns, Total: 42803 ns
[1240.177s][info ][safepoint      ] Safepoint "Cleanup", Time since last: 4000310673 ns, Reaching safepoint: 46403 ns, At safepoint: 10101 ns, Total: 56504 ns
[1249.177s][info ][safepoint      ] Safepoint "Cleanup", Time since last: 9000611781 ns, Reaching safepoint: 58404 ns, At safepoint: 2800 ns, Total: 61204 ns
[1251.177s][info ][safepoint      ] Safepoint "Cleanup", Time since last: 2000156186 ns, Reaching safepoint: 29302 ns, At safepoint: 2800 ns, Total: 32102 ns
[1260.181s][info ][safepoint      ] Safepoint "Cleanup", Time since last: 9003711596 ns, Reaching safepoint: 43003 ns, At safepoint: 7501 ns, Total: 50504 ns
[1260.502s][info ][gc,start       ] GC(67) Pause Young (Allocation Failure)
[1260.551s][debug][gc,phases      ] GC(67) Scavenge 49.156ms
[1260.551s][debug][gc,ref         ] GC(67) Skipped phase 1 of Reference Processing: no references
[1260.551s][debug][gc,ref         ] GC(67) ReferenceProcessor::execute queues: 1, RefProcThreadModel::Single, marks_oops_alive: false
[1260.551s][debug][gc,ref         ] GC(67) Skipped phase 3 of Reference Processing: no references
[1260.551s][debug][gc,ref         ] GC(67) ReferenceProcessor::execute queues: 1, RefProcThreadModel::Single, marks_oops_alive: false
[1260.551s][debug][gc,phases      ] GC(67) Reference Processing 0.176ms
[1260.552s][debug][gc,phases      ] GC(67)   VM Weak                        Min:  0.0, Avg:  0.0, Max:  0.0, Diff:  0.0, Sum:  0.0, Workers: 4
[1260.552s][debug][gc,phases      ] GC(67)     Dead                           Min: 0, Avg:  0.0, Max: 0, Diff: 0, Sum: 0, Workers: 4
[1260.552s][debug][gc,phases      ] GC(67)     Total                          Min: 0, Avg: 229.5, Max: 534, Diff: 534, Sum: 918, Workers: 4
[1260.552s][debug][gc,phases      ] GC(67)   ObjectSynchronizer Weak        Min:  0.0, Avg:  0.0, Max:  0.0, Diff:  0.0, Sum:  0.0, Workers: 4
[1260.552s][debug][gc,phases      ] GC(67)     Dead                           Min: 0, Avg:  0.0, Max: 0, Diff: 0, Sum: 0, Workers: 4
[1260.552s][debug][gc,phases      ] GC(67)     Total                          Min: 0, Avg: 25.2, Max: 64, Diff: 64, Sum: 101, Workers: 4
[1260.552s][debug][gc,phases      ] GC(67)   JVMTI Tag Weak OopStorage      Min:  0.0, Avg:  0.0, Max:  0.0, Diff:  0.0, Sum:  0.0, Workers: 4
[1260.552s][debug][gc,phases      ] GC(67)     Dead                           Min: 0, Avg:  0.0, Max: 0, Diff: 0, Sum: 0, Workers: 4
[1260.552s][debug][gc,phases      ] GC(67)     Total                          Min: 0, Avg:  0.0, Max: 0, Diff: 0, Sum: 0, Workers: 4
[1260.552s][debug][gc,phases      ] GC(67)   StringTable Weak               Min:  0.0, Avg:  0.1, Max:  0.3, Diff:  0.3, Sum:  0.6, Workers: 4
[1260.552s][debug][gc,phases      ] GC(67)     Dead                           Min: 0, Avg:  0.0, Max: 0, Diff: 0, Sum: 0, Workers: 4
[1260.552s][debug][gc,phases      ] GC(67)     Total                          Min: 0, Avg: 10990.5, Max: 25728, Diff: 25728, Sum: 43962, Workers: 4
[1260.552s][debug][gc,phases      ] GC(67)   ResolvedMethodTable Weak       Min:  0.0, Avg:  0.0, Max:  0.1, Diff:  0.1, Sum:  0.1, Workers: 4
[1260.552s][debug][gc,phases      ] GC(67)     Dead                           Min: 0, Avg:  0.0, Max: 0, Diff: 0, Sum: 0, Workers: 4
[1260.552s][debug][gc,phases      ] GC(67)     Total                          Min: 0, Avg: 2506.5, Max: 5098, Diff: 5098, Sum: 10026, Workers: 4
[1260.552s][debug][gc,phases      ] GC(67)   JNI Weak                       Min:  0.0, Avg:  0.0, Max:  0.0, Diff:  0.0, Sum:  0.0, Workers: 4
[1260.552s][debug][gc,phases      ] GC(67)     Dead                           Min: 0, Avg:  0.0, Max: 0, Diff: 0, Sum: 0, Workers: 4
[1260.552s][debug][gc,phases      ] GC(67)     Total                          Min: 0, Avg: 11.2, Max: 45, Diff: 45, Sum: 45, Workers: 4
[1260.552s][debug][gc,phases      ] GC(67)   StringDedup Table Weak         Min:  0.0, Avg:  0.0, Max:  0.0, Diff:  0.0, Sum:  0.0, Workers: 4
[1260.552s][debug][gc,phases      ] GC(67)     Dead                           Min: 0, Avg:  0.0, Max: 0, Diff: 0, Sum: 0, Workers: 4
[1260.552s][debug][gc,phases      ] GC(67)     Total                          Min: 0, Avg:  0.0, Max: 0, Diff: 0, Sum: 0, Workers: 4
[1260.552s][debug][gc,phases      ] GC(67)   StringDedup Requests0 Weak     Min:  0.0, Avg:  0.0, Max:  0.0, Diff:  0.0, Sum:  0.0, Workers: 4
[1260.552s][debug][gc,phases      ] GC(67)     Dead                           Min: 0, Avg:  0.0, Max: 0, Diff: 0, Sum: 0, Workers: 4
[1260.552s][debug][gc,phases      ] GC(67)     Total                          Min: 0, Avg:  0.0, Max: 0, Diff: 0, Sum: 0, Workers: 4
[1260.552s][debug][gc,phases      ] GC(67)   StringDedup Requests1 Weak     Min:  0.0, Avg:  0.0, Max:  0.0, Diff:  0.0, Sum:  0.0, Workers: 4
[1260.552s][debug][gc,phases      ] GC(67)     Dead                           Min: 0, Avg:  0.0, Max: 0, Diff: 0, Sum: 0, Workers: 4
[1260.552s][debug][gc,phases      ] GC(67)     Total                          Min: 0, Avg:  0.0, Max: 0, Diff: 0, Sum: 0, Workers: 4
[1260.552s][debug][gc,phases      ] GC(67)   Weak JFR Old Object Samples    Min:  0.0, Avg:  0.0, Max:  0.0, Diff:  0.0, Sum:  0.0, Workers: 4
[1260.552s][debug][gc,phases      ] GC(67)     Dead                           Min: 0, Avg:  0.0, Max: 0, Diff: 0, Sum: 0, Workers: 4
[1260.552s][debug][gc,phases      ] GC(67)     Total                          Min: 0, Avg:  0.0, Max: 0, Diff: 0, Sum: 0, Workers: 4
[1260.552s][debug][gc,phases      ] GC(67) Weak Processing 0.599ms
[1260.552s][debug][gc,age         ] GC(67) Desired survivor size 102760448 bytes, new threshold 15 (max threshold 15)
[1260.552s][info ][gc,heap        ] GC(67) PSYoungGen: 1947501K(1988096K)->55917K(1996800K) Eden: 1881600K(1881600K)->0K(1892352K) From: 65901K(106496K)->55917K(104448K)
[1260.552s][info ][gc,heap        ] GC(67) ParOldGen: 561580K(662528K)->572516K(662528K)
[1260.552s][info ][gc,metaspace   ] GC(67) Metaspace: 83673K(84800K)->83673K(84800K) NonClass: 71733K(72384K)->71733K(72384K) Class: 11940K(12416K)->11940K(12416K)
[1260.552s][info ][gc             ] GC(67) Pause Young (Allocation Failure) 2450M->613M(2597M) 50.110ms
[1260.552s][info ][gc,cpu         ] GC(67) User=0.07s Sys=0.00s Real=0.05s
[1260.552s][info ][safepoint      ] Safepoint "ParallelGCFailedAllocation", Time since last: 320456428 ns, Reaching safepoint: 43203 ns, At safepoint: 50198776 ns, Total: 50241979 ns
[1275.553s][info ][safepoint      ] Safepoint "Cleanup", Time since last: 15001156726 ns, Reaching safepoint: 128809 ns, At safepoint: 9801 ns, Total: 138610 ns
[1279.554s][info ][safepoint      ] Safepoint "Cleanup", Time since last: 4000351568 ns, Reaching safepoint: 113008 ns, At safepoint: 5401 ns, Total: 118409 ns
[1280.554s][info ][safepoint      ] Safepoint "Cleanup", Time since last: 1000136845 ns, Reaching safepoint: 138210 ns, At safepoint: 4400 ns, Total: 142610 ns
[1282.554s][info ][safepoint      ] Safepoint "Cleanup", Time since last: 2000205086 ns, Reaching safepoint: 128309 ns, At safepoint: 7400 ns, Total: 135709 ns
[1285.555s][info ][safepoint      ] Safepoint "Cleanup", Time since last: 3000283027 ns, Reaching safepoint: 128409 ns, At safepoint: 8200 ns, Total: 136609 ns
[1288.555s][info ][safepoint      ] Safepoint "Cleanup", Time since last: 3000268625 ns, Reaching safepoint: 118109 ns, At safepoint: 8600 ns, Total: 126709 ns
[1288.564s][info ][gc,start       ] GC(68) Pause Young (Allocation Failure)
[1288.584s][debug][gc,phases      ] GC(68) Scavenge 20.788ms
[1288.584s][debug][gc,ref         ] GC(68) Skipped phase 1 of Reference Processing: no references
[1288.584s][debug][gc,ref         ] GC(68) ReferenceProcessor::execute queues: 1, RefProcThreadModel::Single, marks_oops_alive: false
[1288.584s][debug][gc,ref         ] GC(68) Skipped phase 3 of Reference Processing: no references
[1288.584s][debug][gc,ref         ] GC(68) ReferenceProcessor::execute queues: 1, RefProcThreadModel::Single, marks_oops_alive: false
[1288.585s][debug][gc,phases      ] GC(68) Reference Processing 0.114ms
[1288.585s][debug][gc,phases      ] GC(68)   VM Weak                        Min:  0.0, Avg:  0.0, Max:  0.0, Diff:  0.0, Sum:  0.0, Workers: 4
[1288.585s][debug][gc,phases      ] GC(68)     Dead                           Min: 0, Avg:  0.0, Max: 0, Diff: 0, Sum: 0, Workers: 4
[1288.585s][debug][gc,phases      ] GC(68)     Total                          Min: 0, Avg: 229.5, Max: 662, Diff: 662, Sum: 918, Workers: 4
[1288.585s][debug][gc,phases      ] GC(68)   ObjectSynchronizer Weak        Min:  0.0, Avg:  0.0, Max:  0.0, Diff:  0.0, Sum:  0.0, Workers: 4
[1288.585s][debug][gc,phases      ] GC(68)     Dead                           Min: 0, Avg:  0.0, Max: 0, Diff: 0, Sum: 0, Workers: 4
[1288.585s][debug][gc,phases      ] GC(68)     Total                          Min: 0, Avg: 25.2, Max: 64, Diff: 64, Sum: 101, Workers: 4
[1288.585s][debug][gc,phases      ] GC(68)   JVMTI Tag Weak OopStorage      Min:  0.0, Avg:  0.0, Max:  0.0, Diff:  0.0, Sum:  0.0, Workers: 4
[1288.585s][debug][gc,phases      ] GC(68)     Dead                           Min: 0, Avg:  0.0, Max: 0, Diff: 0, Sum: 0, Workers: 4
[1288.585s][debug][gc,phases      ] GC(68)     Total                          Min: 0, Avg:  0.0, Max: 0, Diff: 0, Sum: 0, Workers: 4
[1288.585s][debug][gc,phases      ] GC(68)   StringTable Weak               Min:  0.0, Avg:  0.1, Max:  0.1, Diff:  0.1, Sum:  0.4, Workers: 4
[1288.585s][debug][gc,phases      ] GC(68)     Dead                           Min: 0, Avg:  0.0, Max: 0, Diff: 0, Sum: 0, Workers: 4
[1288.585s][debug][gc,phases      ] GC(68)     Total                          Min: 0, Avg: 10991.0, Max: 15935, Diff: 15935, Sum: 43964, Workers: 4
[1288.585s][debug][gc,phases      ] GC(68)   ResolvedMethodTable Weak       Min:  0.0, Avg:  0.0, Max:  0.0, Diff:  0.0, Sum:  0.1, Workers: 4
[1288.585s][debug][gc,phases      ] GC(68)     Dead                           Min: 0, Avg:  0.0, Max: 0, Diff: 0, Sum: 0, Workers: 4
[1288.585s][debug][gc,phases      ] GC(68)     Total                          Min: 0, Avg: 2506.5, Max: 3584, Diff: 3584, Sum: 10026, Workers: 4
[1288.585s][debug][gc,phases      ] GC(68)   JNI Weak                       Min:  0.0, Avg:  0.0, Max:  0.0, Diff:  0.0, Sum:  0.0, Workers: 4
[1288.585s][debug][gc,phases      ] GC(68)     Dead                           Min: 0, Avg:  0.0, Max: 0, Diff: 0, Sum: 0, Workers: 4
[1288.585s][debug][gc,phases      ] GC(68)     Total                          Min: 0, Avg: 11.2, Max: 45, Diff: 45, Sum: 45, Workers: 4
[1288.585s][debug][gc,phases      ] GC(68)   StringDedup Table Weak         Min:  0.0, Avg:  0.0, Max:  0.0, Diff:  0.0, Sum:  0.0, Workers: 4
[1288.585s][debug][gc,phases      ] GC(68)     Dead                           Min: 0, Avg:  0.0, Max: 0, Diff: 0, Sum: 0, Workers: 4
[1288.585s][debug][gc,phases      ] GC(68)     Total                          Min: 0, Avg:  0.0, Max: 0, Diff: 0, Sum: 0, Workers: 4
[1288.585s][debug][gc,phases      ] GC(68)   StringDedup Requests0 Weak     Min:  0.0, Avg:  0.0, Max:  0.0, Diff:  0.0, Sum:  0.0, Workers: 4
[1288.585s][debug][gc,phases      ] GC(68)     Dead                           Min: 0, Avg:  0.0, Max: 0, Diff: 0, Sum: 0, Workers: 4
[1288.585s][debug][gc,phases      ] GC(68)     Total                          Min: 0, Avg:  0.0, Max: 0, Diff: 0, Sum: 0, Workers: 4
[1288.585s][debug][gc,phases      ] GC(68)   StringDedup Requests1 Weak     Min:  0.0, Avg:  0.0, Max:  0.0, Diff:  0.0, Sum:  0.0, Workers: 4
[1288.585s][debug][gc,phases      ] GC(68)     Dead                           Min: 0, Avg:  0.0, Max: 0, Diff: 0, Sum: 0, Workers: 4
[1288.585s][debug][gc,phases      ] GC(68)     Total                          Min: 0, Avg:  0.0, Max: 0, Diff: 0, Sum: 0, Workers: 4
[1288.585s][debug][gc,phases      ] GC(68)   Weak JFR Old Object Samples    Min:  0.0, Avg:  0.0, Max:  0.0, Diff:  0.0, Sum:  0.0, Workers: 4
[1288.585s][debug][gc,phases      ] GC(68)     Dead                           Min: 0, Avg:  0.0, Max: 0, Diff: 0, Sum: 0, Workers: 4
[1288.585s][debug][gc,phases      ] GC(68)     Total                          Min: 0, Avg:  0.0, Max: 0, Diff: 0, Sum: 0, Workers: 4
[1288.585s][debug][gc,phases      ] GC(68) Weak Processing 0.384ms
[1288.585s][debug][gc,age         ] GC(68) Desired survivor size 106954752 bytes, new threshold 15 (max threshold 15)
[1288.585s][info ][gc,heap        ] GC(68) PSYoungGen: 1948269K(1996800K)->12733K(1992704K) Eden: 1892352K(1892352K)->0K(1892352K) From: 55917K(104448K)->12733K(100352K)
[1288.585s][info ][gc,heap        ] GC(68) ParOldGen: 572516K(662528K)->618641K(662528K)
[1288.585s][info ][gc,metaspace   ] GC(68) Metaspace: 83698K(84800K)->83698K(84800K) NonClass: 71757K(72384K)->71757K(72384K) Class: 11940K(12416K)->11940K(12416K)
[1288.585s][info ][gc             ] GC(68) Pause Young (Allocation Failure) 2461M->616M(2593M) 21.421ms
[1288.585s][info ][gc,cpu         ] GC(68) User=0.06s Sys=0.02s Real=0.02s
[1288.585s][info ][safepoint      ] Safepoint "ParallelGCFailedAllocation", Time since last: 8282090 ns, Reaching safepoint: 105408 ns, At safepoint: 21507632 ns, Total: 21613040 ns
[1300.586s][info ][safepoint      ] Safepoint "Cleanup", Time since last: 12000776274 ns, Reaching safepoint: 51004 ns, At safepoint: 3000 ns, Total: 54004 ns
[1303.586s][info ][safepoint      ] Safepoint "Cleanup", Time since last: 3000255922 ns, Reaching safepoint: 50203 ns, At safepoint: 3800 ns, Total: 54003 ns
[1304.586s][info ][safepoint      ] Safepoint "Cleanup", Time since last: 1000108142 ns, Reaching safepoint: 43904 ns, At safepoint: 13301 ns, Total: 57205 ns
[1310.587s][info ][safepoint      ] Safepoint "Cleanup", Time since last: 6000448737 ns, Reaching safepoint: 39503 ns, At safepoint: 3400 ns, Total: 42903 ns
[1312.587s][info ][safepoint      ] Safepoint "Cleanup", Time since last: 2000178781 ns, Reaching safepoint: 42203 ns, At safepoint: 4400 ns, Total: 46603 ns
[1314.547s][info ][gc,start       ] GC(69) Pause Young (Allocation Failure)
[1314.557s][debug][gc,phases      ] GC(69) Scavenge 9.462ms
[1314.557s][debug][gc,ref         ] GC(69) Skipped phase 1 of Reference Processing: no references
[1314.557s][debug][gc,ref         ] GC(69) ReferenceProcessor::execute queues: 1, RefProcThreadModel::Single, marks_oops_alive: false
[1314.557s][debug][gc,ref         ] GC(69) Skipped phase 3 of Reference Processing: no references
[1314.557s][debug][gc,ref         ] GC(69) ReferenceProcessor::execute queues: 1, RefProcThreadModel::Single, marks_oops_alive: false
[1314.557s][debug][gc,phases      ] GC(69) Reference Processing 0.132ms
[1314.557s][debug][gc,phases      ] GC(69)   VM Weak                        Min:  0.0, Avg:  0.0, Max:  0.0, Diff:  0.0, Sum:  0.0, Workers: 4
[1314.557s][debug][gc,phases      ] GC(69)     Dead                           Min: 0, Avg:  0.0, Max: 0, Diff: 0, Sum: 0, Workers: 4
[1314.557s][debug][gc,phases      ] GC(69)     Total                          Min: 0, Avg: 229.5, Max: 512, Diff: 512, Sum: 918, Workers: 4
[1314.557s][debug][gc,phases      ] GC(69)   ObjectSynchronizer Weak        Min:  0.0, Avg:  0.0, Max:  0.0, Diff:  0.0, Sum:  0.0, Workers: 4
[1314.557s][debug][gc,phases      ] GC(69)     Dead                           Min: 0, Avg:  0.0, Max: 0, Diff: 0, Sum: 0, Workers: 4
[1314.557s][debug][gc,phases      ] GC(69)     Total                          Min: 0, Avg: 25.2, Max: 64, Diff: 64, Sum: 101, Workers: 4
[1314.557s][debug][gc,phases      ] GC(69)   JVMTI Tag Weak OopStorage      Min:  0.0, Avg:  0.0, Max:  0.0, Diff:  0.0, Sum:  0.0, Workers: 4
[1314.557s][debug][gc,phases      ] GC(69)     Dead                           Min: 0, Avg:  0.0, Max: 0, Diff: 0, Sum: 0, Workers: 4
[1314.557s][debug][gc,phases      ] GC(69)     Total                          Min: 0, Avg:  0.0, Max: 0, Diff: 0, Sum: 0, Workers: 4
[1314.557s][debug][gc,phases      ] GC(69)   StringTable Weak               Min:  0.0, Avg:  0.1, Max:  0.1, Diff:  0.1, Sum:  0.4, Workers: 4
[1314.557s][debug][gc,phases      ] GC(69)     Dead                           Min: 0, Avg:  0.0, Max: 0, Diff: 0, Sum: 0, Workers: 4
[1314.557s][debug][gc,phases      ] GC(69)     Total                          Min: 0, Avg: 10991.0, Max: 14909, Diff: 14909, Sum: 43964, Workers: 4
[1314.557s][debug][gc,phases      ] GC(69)   ResolvedMethodTable Weak       Min:  0.0, Avg:  0.0, Max:  0.0, Diff:  0.0, Sum:  0.1, Workers: 4
[1314.557s][debug][gc,phases      ] GC(69)     Dead                           Min: 0, Avg:  0.0, Max: 0, Diff: 0, Sum: 0, Workers: 4
[1314.557s][debug][gc,phases      ] GC(69)     Total                          Min: 0, Avg: 2506.5, Max: 3562, Diff: 3562, Sum: 10026, Workers: 4
[1314.557s][debug][gc,phases      ] GC(69)   JNI Weak                       Min:  0.0, Avg:  0.0, Max:  0.0, Diff:  0.0, Sum:  0.0, Workers: 4
[1314.557s][debug][gc,phases      ] GC(69)     Dead                           Min: 0, Avg:  0.0, Max: 0, Diff: 0, Sum: 0, Workers: 4
[1314.557s][debug][gc,phases      ] GC(69)     Total                          Min: 0, Avg: 11.2, Max: 45, Diff: 45, Sum: 45, Workers: 4
[1314.557s][debug][gc,phases      ] GC(69)   StringDedup Table Weak         Min:  0.0, Avg:  0.0, Max:  0.0, Diff:  0.0, Sum:  0.0, Workers: 4
[1314.557s][debug][gc,phases      ] GC(69)     Dead                           Min: 0, Avg:  0.0, Max: 0, Diff: 0, Sum: 0, Workers: 4
[1314.557s][debug][gc,phases      ] GC(69)     Total                          Min: 0, Avg:  0.0, Max: 0, Diff: 0, Sum: 0, Workers: 4
[1314.557s][debug][gc,phases      ] GC(69)   StringDedup Requests0 Weak     Min:  0.0, Avg:  0.0, Max:  0.0, Diff:  0.0, Sum:  0.0, Workers: 4
[1314.557s][debug][gc,phases      ] GC(69)     Dead                           Min: 0, Avg:  0.0, Max: 0, Diff: 0, Sum: 0, Workers: 4
[1314.557s][debug][gc,phases      ] GC(69)     Total                          Min: 0, Avg:  0.0, Max: 0, Diff: 0, Sum: 0, Workers: 4
[1314.557s][debug][gc,phases      ] GC(69)   StringDedup Requests1 Weak     Min:  0.0, Avg:  0.0, Max:  0.0, Diff:  0.0, Sum:  0.0, Workers: 4
[1314.557s][debug][gc,phases      ] GC(69)     Dead                           Min: 0, Avg:  0.0, Max: 0, Diff: 0, Sum: 0, Workers: 4
[1314.557s][debug][gc,phases      ] GC(69)     Total                          Min: 0, Avg:  0.0, Max: 0, Diff: 0, Sum: 0, Workers: 4
[1314.557s][debug][gc,phases      ] GC(69)   Weak JFR Old Object Samples    Min:  0.0, Avg:  0.0, Max:  0.0, Diff:  0.0, Sum:  0.0, Workers: 4
[1314.557s][debug][gc,phases      ] GC(69)     Dead                           Min: 0, Avg:  0.0, Max: 0, Diff: 0, Sum: 0, Workers: 4
[1314.557s][debug][gc,phases      ] GC(69)     Total                          Min: 0, Avg:  0.0, Max: 0, Diff: 0, Sum: 0, Workers: 4
[1314.557s][debug][gc,phases      ] GC(69) Weak Processing 0.362ms
[1314.557s][debug][gc,age         ] GC(69) Desired survivor size 109051904 bytes, new threshold 15 (max threshold 15)
[1314.557s][info ][gc,heap        ] GC(69) PSYoungGen: 1905085K(1992704K)->11277K(1988608K) Eden: 1892352K(1892352K)->0K(1884160K) From: 12733K(100352K)->11277K(104448K)
[1314.557s][info ][gc,heap        ] GC(69) ParOldGen: 618641K(662528K)->618805K(662528K)
[1314.557s][info ][gc,metaspace   ] GC(69) Metaspace: 83708K(84800K)->83708K(84800K) NonClass: 71768K(72384K)->71768K(72384K) Class: 11940K(12416K)->11940K(12416K)
[1314.557s][info ][gc             ] GC(69) Pause Young (Allocation Failure) 2464M->615M(2589M) 10.102ms
[1314.557s][info ][gc,cpu         ] GC(69) User=0.03s Sys=0.00s Real=0.01s
[1314.557s][info ][safepoint      ] Safepoint "ParallelGCFailedAllocation", Time since last: 1959976117 ns, Reaching safepoint: 33502 ns, At safepoint: 10179726 ns, Total: 10213228 ns
[1323.558s][info ][safepoint      ] Safepoint "Cleanup", Time since last: 9000682852 ns, Reaching safepoint: 124408 ns, At safepoint: 6901 ns, Total: 131309 ns
[1324.558s][info ][safepoint      ] Safepoint "Cleanup", Time since last: 1000152644 ns, Reaching safepoint: 119709 ns, At safepoint: 6900 ns, Total: 126609 ns
[1330.559s][info ][safepoint      ] Safepoint "Cleanup", Time since last: 6000494435 ns, Reaching safepoint: 123809 ns, At safepoint: 11001 ns, Total: 134810 ns
[1334.559s][info ][safepoint      ] Safepoint "Cleanup", Time since last: 4000342557 ns, Reaching safepoint: 46303 ns, At safepoint: 4700 ns, Total: 51003 ns
[1335.560s][info ][safepoint      ] Safepoint "Cleanup", Time since last: 1000116241 ns, Reaching safepoint: 113309 ns, At safepoint: 4300 ns, Total: 117609 ns
[1338.560s][info ][safepoint      ] Safepoint "Cleanup", Time since last: 3000213214 ns, Reaching safepoint: 41903 ns, At safepoint: 3200 ns, Total: 45103 ns
[1342.560s][info ][safepoint      ] Safepoint "Cleanup", Time since last: 4000333154 ns, Reaching safepoint: 112408 ns, At safepoint: 7701 ns, Total: 120109 ns
[1342.697s][info ][gc,start       ] GC(70) Pause Young (Allocation Failure)
[1342.706s][debug][gc,phases      ] GC(70) Scavenge 8.385ms
[1342.706s][debug][gc,ref         ] GC(70) Skipped phase 1 of Reference Processing: no references
[1342.706s][debug][gc,ref         ] GC(70) ReferenceProcessor::execute queues: 1, RefProcThreadModel::Single, marks_oops_alive: false
[1342.706s][debug][gc,ref         ] GC(70) Skipped phase 3 of Reference Processing: no references
[1342.706s][debug][gc,ref         ] GC(70) ReferenceProcessor::execute queues: 1, RefProcThreadModel::Single, marks_oops_alive: false
[1342.706s][debug][gc,phases      ] GC(70) Reference Processing 0.263ms
[1342.706s][debug][gc,phases      ] GC(70)   VM Weak                        Min:  0.0, Avg:  0.0, Max:  0.0, Diff:  0.0, Sum:  0.0, Workers: 4
[1342.706s][debug][gc,phases      ] GC(70)     Dead                           Min: 0, Avg:  0.0, Max: 0, Diff: 0, Sum: 0, Workers: 4
[1342.706s][debug][gc,phases      ] GC(70)     Total                          Min: 0, Avg: 229.5, Max: 726, Diff: 726, Sum: 918, Workers: 4
[1342.706s][debug][gc,phases      ] GC(70)   ObjectSynchronizer Weak        Min:  0.0, Avg:  0.0, Max:  0.0, Diff:  0.0, Sum:  0.0, Workers: 4
[1342.706s][debug][gc,phases      ] GC(70)     Dead                           Min: 0, Avg:  0.0, Max: 0, Diff: 0, Sum: 0, Workers: 4
[1342.706s][debug][gc,phases      ] GC(70)     Total                          Min: 0, Avg: 25.2, Max: 64, Diff: 64, Sum: 101, Workers: 4
[1342.706s][debug][gc,phases      ] GC(70)   JVMTI Tag Weak OopStorage      Min:  0.0, Avg:  0.0, Max:  0.0, Diff:  0.0, Sum:  0.0, Workers: 4
[1342.706s][debug][gc,phases      ] GC(70)     Dead                           Min: 0, Avg:  0.0, Max: 0, Diff: 0, Sum: 0, Workers: 4
[1342.706s][debug][gc,phases      ] GC(70)     Total                          Min: 0, Avg:  0.0, Max: 0, Diff: 0, Sum: 0, Workers: 4
[1342.706s][debug][gc,phases      ] GC(70)   StringTable Weak               Min:  0.0, Avg:  0.1, Max:  0.2, Diff:  0.2, Sum:  0.4, Workers: 4
[1342.706s][debug][gc,phases      ] GC(70)     Dead                           Min: 0, Avg:  0.0, Max: 0, Diff: 0, Sum: 0, Workers: 4
[1342.706s][debug][gc,phases      ] GC(70)     Total                          Min: 0, Avg: 10991.2, Max: 22909, Diff: 22909, Sum: 43965, Workers: 4
[1342.706s][debug][gc,phases      ] GC(70)   ResolvedMethodTable Weak       Min:  0.0, Avg:  0.0, Max:  0.0, Diff:  0.0, Sum:  0.1, Workers: 4
[1342.706s][debug][gc,phases      ] GC(70)     Dead                           Min: 0, Avg:  0.0, Max: 0, Diff: 0, Sum: 0, Workers: 4
[1342.706s][debug][gc,phases      ] GC(70)     Total                          Min: 0, Avg: 2506.5, Max: 5098, Diff: 5098, Sum: 10026, Workers: 4
[1342.706s][debug][gc,phases      ] GC(70)   JNI Weak                       Min:  0.0, Avg:  0.0, Max:  0.0, Diff:  0.0, Sum:  0.0, Workers: 4
[1342.706s][debug][gc,phases      ] GC(70)     Dead                           Min: 0, Avg:  0.0, Max: 0, Diff: 0, Sum: 0, Workers: 4
[1342.706s][debug][gc,phases      ] GC(70)     Total                          Min: 0, Avg: 11.2, Max: 45, Diff: 45, Sum: 45, Workers: 4
[1342.706s][debug][gc,phases      ] GC(70)   StringDedup Table Weak         Min:  0.0, Avg:  0.0, Max:  0.0, Diff:  0.0, Sum:  0.0, Workers: 4
[1342.706s][debug][gc,phases      ] GC(70)     Dead                           Min: 0, Avg:  0.0, Max: 0, Diff: 0, Sum: 0, Workers: 4
[1342.706s][debug][gc,phases      ] GC(70)     Total                          Min: 0, Avg:  0.0, Max: 0, Diff: 0, Sum: 0, Workers: 4
[1342.706s][debug][gc,phases      ] GC(70)   StringDedup Requests0 Weak     Min:  0.0, Avg:  0.0, Max:  0.0, Diff:  0.0, Sum:  0.0, Workers: 4
[1342.706s][debug][gc,phases      ] GC(70)     Dead                           Min: 0, Avg:  0.0, Max: 0, Diff: 0, Sum: 0, Workers: 4
[1342.706s][debug][gc,phases      ] GC(70)     Total                          Min: 0, Avg:  0.0, Max: 0, Diff: 0, Sum: 0, Workers: 4
[1342.706s][debug][gc,phases      ] GC(70)   StringDedup Requests1 Weak     Min:  0.0, Avg:  0.0, Max:  0.0, Diff:  0.0, Sum:  0.0, Workers: 4
[1342.706s][debug][gc,phases      ] GC(70)     Dead                           Min: 0, Avg:  0.0, Max: 0, Diff: 0, Sum: 0, Workers: 4
[1342.706s][debug][gc,phases      ] GC(70)     Total                          Min: 0, Avg:  0.0, Max: 0, Diff: 0, Sum: 0, Workers: 4
[1342.706s][debug][gc,phases      ] GC(70)   Weak JFR Old Object Samples    Min:  0.0, Avg:  0.0, Max:  0.0, Diff:  0.0, Sum:  0.0, Workers: 4
[1342.706s][debug][gc,phases      ] GC(70)     Dead                           Min: 0, Avg:  0.0, Max: 0, Diff: 0, Sum: 0, Workers: 4
[1342.706s][debug][gc,phases      ] GC(70)     Total                          Min: 0, Avg:  0.0, Max: 0, Diff: 0, Sum: 0, Workers: 4
[1342.706s][debug][gc,phases      ] GC(70) Weak Processing 0.459ms
[1342.706s][debug][gc,age         ] GC(70) Desired survivor size 110100480 bytes, new threshold 15 (max threshold 15)
[1342.706s][info ][gc,heap        ] GC(70) PSYoungGen: 1895437K(1988608K)->11389K(1895936K) Eden: 1884160K(1884160K)->0K(1884160K) From: 11277K(104448K)->11389K(11776K)
[1342.706s][info ][gc,heap        ] GC(70) ParOldGen: 618805K(662528K)->618973K(662528K)
[1342.706s][info ][gc,metaspace   ] GC(70) Metaspace: 83712K(84800K)->83712K(84800K) NonClass: 71772K(72384K)->71772K(72384K) Class: 11940K(12416K)->11940K(12416K)
[1342.706s][info ][gc             ] GC(70) Pause Young (Allocation Failure) 2455M->615M(2498M) 9.246ms
[1342.706s][info ][gc,cpu         ] GC(70) User=0.01s Sys=0.00s Real=0.01s
[1342.706s][info ][safepoint      ] Safepoint "ParallelGCFailedAllocation", Time since last: 136647434 ns, Reaching safepoint: 110908 ns, At safepoint: 9328264 ns, Total: 9439172 ns
[1344.707s][info ][safepoint      ] Safepoint "Cleanup", Time since last: 2000195579 ns, Reaching safepoint: 125409 ns, At safepoint: 8801 ns, Total: 134210 ns
[1348.707s][info ][safepoint      ] Safepoint "Cleanup", Time since last: 4000370756 ns, Reaching safepoint: 124009 ns, At safepoint: 4400 ns, Total: 128409 ns
[1351.708s][info ][safepoint      ] Safepoint "Cleanup", Time since last: 3000276916 ns, Reaching safepoint: 125909 ns, At safepoint: 7401 ns, Total: 133310 ns
[1353.708s][info ][safepoint      ] Safepoint "Cleanup", Time since last: 2000210879 ns, Reaching safepoint: 115009 ns, At safepoint: 7200 ns, Total: 122209 ns
[1354.579s][info ][gc,start       ] GC(71) Pause Young (Allocation Failure)
[1354.615s][debug][gc,phases      ] GC(71) Scavenge 36.534ms
[1354.615s][debug][gc,ref         ] GC(71) Skipped phase 1 of Reference Processing: no references
[1354.615s][debug][gc,ref         ] GC(71) ReferenceProcessor::execute queues: 1, RefProcThreadModel::Single, marks_oops_alive: false
[1354.615s][debug][gc,ref         ] GC(71) Skipped phase 3 of Reference Processing: no references
[1354.615s][debug][gc,ref         ] GC(71) ReferenceProcessor::execute queues: 1, RefProcThreadModel::Single, marks_oops_alive: false
[1354.615s][debug][gc,phases      ] GC(71) Reference Processing 0.138ms
[1354.616s][debug][gc,phases      ] GC(71)   VM Weak                        Min:  0.0, Avg:  0.0, Max:  0.0, Diff:  0.0, Sum:  0.0, Workers: 4
[1354.616s][debug][gc,phases      ] GC(71)     Dead                           Min: 0, Avg:  0.0, Max: 0, Diff: 0, Sum: 0, Workers: 4
[1354.616s][debug][gc,phases      ] GC(71)     Total                          Min: 0, Avg: 229.5, Max: 470, Diff: 470, Sum: 918, Workers: 4
[1354.616s][debug][gc,phases      ] GC(71)   ObjectSynchronizer Weak        Min:  0.0, Avg:  0.0, Max:  0.0, Diff:  0.0, Sum:  0.0, Workers: 4
[1354.616s][debug][gc,phases      ] GC(71)     Dead                           Min: 0, Avg:  0.0, Max: 0, Diff: 0, Sum: 0, Workers: 4
[1354.616s][debug][gc,phases      ] GC(71)     Total                          Min: 0, Avg: 25.2, Max: 64, Diff: 64, Sum: 101, Workers: 4
[1354.616s][debug][gc,phases      ] GC(71)   JVMTI Tag Weak OopStorage      Min:  0.0, Avg:  0.0, Max:  0.0, Diff:  0.0, Sum:  0.0, Workers: 4
[1354.616s][debug][gc,phases      ] GC(71)     Dead                           Min: 0, Avg:  0.0, Max: 0, Diff: 0, Sum: 0, Workers: 4
[1354.616s][debug][gc,phases      ] GC(71)     Total                          Min: 0, Avg:  0.0, Max: 0, Diff: 0, Sum: 0, Workers: 4
[1354.616s][debug][gc,phases      ] GC(71)   StringTable Weak               Min:  0.0, Avg:  0.1, Max:  0.1, Diff:  0.1, Sum:  0.4, Workers: 4
[1354.616s][debug][gc,phases      ] GC(71)     Dead                           Min: 0, Avg:  0.0, Max: 0, Diff: 0, Sum: 0, Workers: 4
[1354.616s][debug][gc,phases      ] GC(71)     Total                          Min: 0, Avg: 10991.2, Max: 14848, Diff: 14848, Sum: 43965, Workers: 4
[1354.616s][debug][gc,phases      ] GC(71)   ResolvedMethodTable Weak       Min:  0.0, Avg:  0.0, Max:  0.0, Diff:  0.0, Sum:  0.1, Workers: 4
[1354.616s][debug][gc,phases      ] GC(71)     Dead                           Min: 0, Avg:  0.0, Max: 0, Diff: 0, Sum: 0, Workers: 4
[1354.616s][debug][gc,phases      ] GC(71)     Total                          Min: 0, Avg: 2506.5, Max: 3456, Diff: 3456, Sum: 10026, Workers: 4
[1354.616s][debug][gc,phases      ] GC(71)   JNI Weak                       Min:  0.0, Avg:  0.0, Max:  0.0, Diff:  0.0, Sum:  0.0, Workers: 4
[1354.616s][debug][gc,phases      ] GC(71)     Dead                           Min: 0, Avg:  0.0, Max: 0, Diff: 0, Sum: 0, Workers: 4
[1354.616s][debug][gc,phases      ] GC(71)     Total                          Min: 0, Avg: 11.2, Max: 45, Diff: 45, Sum: 45, Workers: 4
[1354.616s][debug][gc,phases      ] GC(71)   StringDedup Table Weak         Min:  0.0, Avg:  0.0, Max:  0.0, Diff:  0.0, Sum:  0.0, Workers: 4
[1354.616s][debug][gc,phases      ] GC(71)     Dead                           Min: 0, Avg:  0.0, Max: 0, Diff: 0, Sum: 0, Workers: 4
[1354.616s][debug][gc,phases      ] GC(71)     Total                          Min: 0, Avg:  0.0, Max: 0, Diff: 0, Sum: 0, Workers: 4
[1354.616s][debug][gc,phases      ] GC(71)   StringDedup Requests0 Weak     Min:  0.0, Avg:  0.0, Max:  0.0, Diff:  0.0, Sum:  0.0, Workers: 4
[1354.616s][debug][gc,phases      ] GC(71)     Dead                           Min: 0, Avg:  0.0, Max: 0, Diff: 0, Sum: 0, Workers: 4
[1354.616s][debug][gc,phases      ] GC(71)     Total                          Min: 0, Avg:  0.0, Max: 0, Diff: 0, Sum: 0, Workers: 4
[1354.616s][debug][gc,phases      ] GC(71)   StringDedup Requests1 Weak     Min:  0.0, Avg:  0.0, Max:  0.0, Diff:  0.0, Sum:  0.0, Workers: 4
[1354.616s][debug][gc,phases      ] GC(71)     Dead                           Min: 0, Avg:  0.0, Max: 0, Diff: 0, Sum: 0, Workers: 4
[1354.616s][debug][gc,phases      ] GC(71)     Total                          Min: 0, Avg:  0.0, Max: 0, Diff: 0, Sum: 0, Workers: 4
[1354.616s][debug][gc,phases      ] GC(71)   Weak JFR Old Object Samples    Min:  0.0, Avg:  0.0, Max:  0.0, Diff:  0.0, Sum:  0.0, Workers: 4
[1354.616s][debug][gc,phases      ] GC(71)     Dead                           Min: 0, Avg:  0.0, Max: 0, Diff: 0, Sum: 0, Workers: 4
[1354.616s][debug][gc,phases      ] GC(71)     Total                          Min: 0, Avg:  0.0, Max: 0, Diff: 0, Sum: 0, Workers: 4
[1354.616s][debug][gc,phases      ] GC(71) Weak Processing 0.384ms
[1354.616s][debug][gc,age         ] GC(71) Desired survivor size 112721920 bytes, new threshold 15 (max threshold 15)
[1354.616s][info ][gc,heap        ] GC(71) PSYoungGen: 1895549K(1895936K)->69565K(1984512K) Eden: 1884160K(1884160K)->0K(1876992K) From: 11389K(11776K)->69565K(107520K)
[1354.616s][info ][gc,heap        ] GC(71) ParOldGen: 618973K(662528K)->619037K(662528K)
[1354.616s][info ][gc,metaspace   ] GC(71) Metaspace: 83719K(84800K)->83719K(84800K) NonClass: 71778K(72384K)->71778K(72384K) Class: 11940K(12416K)->11940K(12416K)
[1354.616s][info ][gc             ] GC(71) Pause Young (Allocation Failure) 2455M->672M(2585M) 37.185ms
[1354.616s][info ][gc,cpu         ] GC(71) User=0.12s Sys=0.00s Real=0.03s
[1354.616s][info ][safepoint      ] Safepoint "ParallelGCFailedAllocation", Time since last: 870445804 ns, Reaching safepoint: 117308 ns, At safepoint: 37262154 ns, Total: 37379462 ns
[1355.616s][info ][safepoint      ] Safepoint "Cleanup", Time since last: 1000092439 ns, Reaching safepoint: 87706 ns, At safepoint: 10101 ns, Total: 97807 ns
[1356.616s][info ][safepoint      ] Safepoint "Cleanup", Time since last: 1000120041 ns, Reaching safepoint: 154010 ns, At safepoint: 11901 ns, Total: 165911 ns
[1357.616s][info ][safepoint      ] Safepoint "Cleanup", Time since last: 1000118441 ns, Reaching safepoint: 54604 ns, At safepoint: 4800 ns, Total: 59404 ns
[1358.617s][info ][safepoint      ] Safepoint "Cleanup", Time since last: 1000088638 ns, Reaching safepoint: 82006 ns, At safepoint: 4000 ns, Total: 86006 ns
[1359.617s][info ][safepoint      ] Safepoint "Cleanup", Time since last: 1000130241 ns, Reaching safepoint: 52904 ns, At safepoint: 2900 ns, Total: 55804 ns
[1360.617s][info ][safepoint      ] Safepoint "Cleanup", Time since last: 1000104240 ns, Reaching safepoint: 42603 ns, At safepoint: 4600 ns, Total: 47203 ns
[1363.617s][info ][safepoint      ] Safepoint "Cleanup", Time since last: 3000262714 ns, Reaching safepoint: 138510 ns, At safepoint: 6700 ns, Total: 145210 ns
[1366.115s][info ][gc,start       ] GC(72) Pause Young (Allocation Failure)
[1366.162s][debug][gc,phases      ] GC(72) Scavenge 47.349ms
[1366.162s][debug][gc,ref         ] GC(72) Skipped phase 1 of Reference Processing: no references
[1366.162s][debug][gc,ref         ] GC(72) ReferenceProcessor::execute queues: 1, RefProcThreadModel::Single, marks_oops_alive: false
[1366.162s][debug][gc,ref         ] GC(72) Skipped phase 3 of Reference Processing: no references
[1366.162s][debug][gc,ref         ] GC(72) ReferenceProcessor::execute queues: 1, RefProcThreadModel::Single, marks_oops_alive: false
[1366.162s][debug][gc,phases      ] GC(72) Reference Processing 0.124ms
[1366.163s][debug][gc,phases      ] GC(72)   VM Weak                        Min:  0.0, Avg:  0.0, Max:  0.0, Diff:  0.0, Sum:  0.0, Workers: 4
[1366.163s][debug][gc,phases      ] GC(72)     Dead                           Min: 0, Avg:  0.0, Max: 0, Diff: 0, Sum: 0, Workers: 4
[1366.163s][debug][gc,phases      ] GC(72)     Total                          Min: 0, Avg: 229.5, Max: 918, Diff: 918, Sum: 918, Workers: 4
[1366.163s][debug][gc,phases      ] GC(72)   ObjectSynchronizer Weak        Min:  0.0, Avg:  0.0, Max:  0.0, Diff:  0.0, Sum:  0.0, Workers: 4
[1366.163s][debug][gc,phases      ] GC(72)     Dead                           Min: 0, Avg:  0.0, Max: 0, Diff: 0, Sum: 0, Workers: 4
[1366.163s][debug][gc,phases      ] GC(72)     Total                          Min: 0, Avg: 25.2, Max: 101, Diff: 101, Sum: 101, Workers: 4
[1366.163s][debug][gc,phases      ] GC(72)   JVMTI Tag Weak OopStorage      Min:  0.0, Avg:  0.0, Max:  0.0, Diff:  0.0, Sum:  0.0, Workers: 4
[1366.163s][debug][gc,phases      ] GC(72)     Dead                           Min: 0, Avg:  0.0, Max: 0, Diff: 0, Sum: 0, Workers: 4
[1366.163s][debug][gc,phases      ] GC(72)     Total                          Min: 0, Avg:  0.0, Max: 0, Diff: 0, Sum: 0, Workers: 4
[1366.163s][debug][gc,phases      ] GC(72)   StringTable Weak               Min:  0.0, Avg:  0.1, Max:  0.4, Diff:  0.4, Sum:  0.4, Workers: 4
[1366.163s][debug][gc,phases      ] GC(72)     Dead                           Min: 0, Avg:  0.0, Max: 0, Diff: 0, Sum: 0, Workers: 4
[1366.163s][debug][gc,phases      ] GC(72)     Total                          Min: 0, Avg: 10991.2, Max: 43965, Diff: 43965, Sum: 43965, Workers: 4
[1366.163s][debug][gc,phases      ] GC(72)   ResolvedMethodTable Weak       Min:  0.0, Avg:  0.0, Max:  0.1, Diff:  0.1, Sum:  0.1, Workers: 4
[1366.163s][debug][gc,phases      ] GC(72)     Dead                           Min: 0, Avg:  0.0, Max: 0, Diff: 0, Sum: 0, Workers: 4
[1366.163s][debug][gc,phases      ] GC(72)     Total                          Min: 0, Avg: 2506.5, Max: 10026, Diff: 10026, Sum: 10026, Workers: 4
[1366.163s][debug][gc,phases      ] GC(72)   JNI Weak                       Min:  0.0, Avg:  0.0, Max:  0.0, Diff:  0.0, Sum:  0.0, Workers: 4
[1366.163s][debug][gc,phases      ] GC(72)     Dead                           Min: 0, Avg:  0.0, Max: 0, Diff: 0, Sum: 0, Workers: 4
[1366.163s][debug][gc,phases      ] GC(72)     Total                          Min: 0, Avg: 11.2, Max: 45, Diff: 45, Sum: 45, Workers: 4
[1366.163s][debug][gc,phases      ] GC(72)   StringDedup Table Weak         Min:  0.0, Avg:  0.0, Max:  0.0, Diff:  0.0, Sum:  0.0, Workers: 4
[1366.163s][debug][gc,phases      ] GC(72)     Dead                           Min: 0, Avg:  0.0, Max: 0, Diff: 0, Sum: 0, Workers: 4
[1366.163s][debug][gc,phases      ] GC(72)     Total                          Min: 0, Avg:  0.0, Max: 0, Diff: 0, Sum: 0, Workers: 4
[1366.163s][debug][gc,phases      ] GC(72)   StringDedup Requests0 Weak     Min:  0.0, Avg:  0.0, Max:  0.0, Diff:  0.0, Sum:  0.0, Workers: 4
[1366.163s][debug][gc,phases      ] GC(72)     Dead                           Min: 0, Avg:  0.0, Max: 0, Diff: 0, Sum: 0, Workers: 4
[1366.163s][debug][gc,phases      ] GC(72)     Total                          Min: 0, Avg:  0.0, Max: 0, Diff: 0, Sum: 0, Workers: 4
[1366.163s][debug][gc,phases      ] GC(72)   StringDedup Requests1 Weak     Min:  0.0, Avg:  0.0, Max:  0.0, Diff:  0.0, Sum:  0.0, Workers: 4
[1366.163s][debug][gc,phases      ] GC(72)     Dead                           Min: 0, Avg:  0.0, Max: 0, Diff: 0, Sum: 0, Workers: 4
[1366.163s][debug][gc,phases      ] GC(72)     Total                          Min: 0, Avg:  0.0, Max: 0, Diff: 0, Sum: 0, Workers: 4
[1366.163s][debug][gc,phases      ] GC(72)   Weak JFR Old Object Samples    Min:  0.0, Avg:  0.0, Max:  0.0, Diff:  0.0, Sum:  0.0, Workers: 4
[1366.163s][debug][gc,phases      ] GC(72)     Dead                           Min: 0, Avg:  0.0, Max: 0, Diff: 0, Sum: 0, Workers: 4
[1366.163s][debug][gc,phases      ] GC(72)     Total                          Min: 0, Avg:  0.0, Max: 0, Diff: 0, Sum: 0, Workers: 4
[1366.163s][debug][gc,phases      ] GC(72) Weak Processing 0.741ms
[1366.163s][debug][gc,age         ] GC(72) Desired survivor size 107479040 bytes, new threshold 15 (max threshold 15)
[1366.163s][info ][gc,heap        ] GC(72) PSYoungGen: 1946557K(1984512K)->51133K(1987072K) Eden: 1876992K(1876992K)->0K(1876992K) From: 69565K(107520K)->51133K(110080K)
[1366.163s][info ][gc,heap        ] GC(72) ParOldGen: 619037K(662528K)->619093K(662528K)
[1366.163s][info ][gc,metaspace   ] GC(72) Metaspace: 83721K(84800K)->83721K(84800K) NonClass: 71781K(72384K)->71781K(72384K) Class: 11940K(12416K)->11940K(12416K)
[1366.163s][info ][gc             ] GC(72) Pause Young (Allocation Failure) 2505M->654M(2587M) 48.356ms
[1366.163s][info ][gc,cpu         ] GC(72) User=0.08s Sys=0.00s Real=0.05s
[1366.163s][info ][safepoint      ] Safepoint "ParallelGCFailedAllocation", Time since last: 2497383093 ns, Reaching safepoint: 133510 ns, At safepoint: 48444050 ns, Total: 48577560 ns
[1369.166s][info ][safepoint      ] Safepoint "Cleanup", Time since last: 3002955905 ns, Reaching safepoint: 185614 ns, At safepoint: 4800 ns, Total: 190414 ns
[1370.167s][info ][safepoint      ] Safepoint "Cleanup", Time since last: 1000075037 ns, Reaching safepoint: 71005 ns, At safepoint: 3200 ns, Total: 74205 ns
[1371.167s][info ][safepoint      ] Safepoint "Cleanup", Time since last: 1000115540 ns, Reaching safepoint: 130109 ns, At safepoint: 4200 ns, Total: 134309 ns
[1372.167s][info ][safepoint      ] Safepoint "Cleanup", Time since last: 1000109339 ns, Reaching safepoint: 118009 ns, At safepoint: 10601 ns, Total: 128610 ns
[1373.167s][info ][safepoint      ] Safepoint "Cleanup", Time since last: 1000103638 ns, Reaching safepoint: 43203 ns, At safepoint: 3701 ns, Total: 46904 ns
[1374.178s][info ][safepoint      ] Safepoint "Cleanup", Time since last: 1002460506 ns, Reaching safepoint: 8359496 ns, At safepoint: 21301 ns, Total: 8380797 ns
[1375.178s][info ][safepoint      ] Safepoint "Cleanup", Time since last: 1000130541 ns, Reaching safepoint: 64304 ns, At safepoint: 8701 ns, Total: 73005 ns
[1376.947s][info ][gc,start       ] GC(73) Pause Young (Allocation Failure)
[1376.978s][debug][gc,phases      ] GC(73) Scavenge 30.856ms
[1376.978s][debug][gc,ref         ] GC(73) Skipped phase 1 of Reference Processing: no references
[1376.978s][debug][gc,ref         ] GC(73) ReferenceProcessor::execute queues: 1, RefProcThreadModel::Single, marks_oops_alive: false
[1376.978s][debug][gc,ref         ] GC(73) Skipped phase 3 of Reference Processing: no references
[1376.978s][debug][gc,ref         ] GC(73) ReferenceProcessor::execute queues: 1, RefProcThreadModel::Single, marks_oops_alive: false
[1376.978s][debug][gc,phases      ] GC(73) Reference Processing 0.120ms
[1376.979s][debug][gc,phases      ] GC(73)   VM Weak                        Min:  0.0, Avg:  0.0, Max:  0.0, Diff:  0.0, Sum:  0.0, Workers: 4
[1376.979s][debug][gc,phases      ] GC(73)     Dead                           Min: 0, Avg:  0.0, Max: 0, Diff: 0, Sum: 0, Workers: 4
[1376.979s][debug][gc,phases      ] GC(73)     Total                          Min: 0, Avg: 229.5, Max: 726, Diff: 726, Sum: 918, Workers: 4
[1376.979s][debug][gc,phases      ] GC(73)   ObjectSynchronizer Weak        Min:  0.0, Avg:  0.0, Max:  0.0, Diff:  0.0, Sum:  0.0, Workers: 4
[1376.979s][debug][gc,phases      ] GC(73)     Dead                           Min: 0, Avg:  0.0, Max: 0, Diff: 0, Sum: 0, Workers: 4
[1376.979s][debug][gc,phases      ] GC(73)     Total                          Min: 0, Avg: 25.2, Max: 64, Diff: 64, Sum: 101, Workers: 4
[1376.979s][debug][gc,phases      ] GC(73)   JVMTI Tag Weak OopStorage      Min:  0.0, Avg:  0.0, Max:  0.0, Diff:  0.0, Sum:  0.0, Workers: 4
[1376.979s][debug][gc,phases      ] GC(73)     Dead                           Min: 0, Avg:  0.0, Max: 0, Diff: 0, Sum: 0, Workers: 4
[1376.979s][debug][gc,phases      ] GC(73)     Total                          Min: 0, Avg:  0.0, Max: 0, Diff: 0, Sum: 0, Workers: 4
[1376.979s][debug][gc,phases      ] GC(73)   StringTable Weak               Min:  0.0, Avg:  0.1, Max:  0.1, Diff:  0.1, Sum:  0.4, Workers: 4
[1376.979s][debug][gc,phases      ] GC(73)     Dead                           Min: 0, Avg:  0.0, Max: 0, Diff: 0, Sum: 0, Workers: 4
[1376.979s][debug][gc,phases      ] GC(73)     Total                          Min: 0, Avg: 10991.8, Max: 15808, Diff: 15808, Sum: 43967, Workers: 4
[1376.979s][debug][gc,phases      ] GC(73)   ResolvedMethodTable Weak       Min:  0.0, Avg:  0.0, Max:  0.0, Diff:  0.0, Sum:  0.1, Workers: 4
[1376.979s][debug][gc,phases      ] GC(73)     Dead                           Min: 0, Avg:  0.0, Max: 0, Diff: 0, Sum: 0, Workers: 4
[1376.979s][debug][gc,phases      ] GC(73)     Total                          Min: 0, Avg: 2507.0, Max: 3456, Diff: 3456, Sum: 10028, Workers: 4
[1376.979s][debug][gc,phases      ] GC(73)   JNI Weak                       Min:  0.0, Avg:  0.0, Max:  0.0, Diff:  0.0, Sum:  0.0, Workers: 4
[1376.979s][debug][gc,phases      ] GC(73)     Dead                           Min: 0, Avg:  0.0, Max: 0, Diff: 0, Sum: 0, Workers: 4
[1376.979s][debug][gc,phases      ] GC(73)     Total                          Min: 0, Avg: 11.2, Max: 45, Diff: 45, Sum: 45, Workers: 4
[1376.979s][debug][gc,phases      ] GC(73)   StringDedup Table Weak         Min:  0.0, Avg:  0.0, Max:  0.0, Diff:  0.0, Sum:  0.0, Workers: 4
[1376.979s][debug][gc,phases      ] GC(73)     Dead                           Min: 0, Avg:  0.0, Max: 0, Diff: 0, Sum: 0, Workers: 4
[1376.979s][debug][gc,phases      ] GC(73)     Total                          Min: 0, Avg:  0.0, Max: 0, Diff: 0, Sum: 0, Workers: 4
[1376.979s][debug][gc,phases      ] GC(73)   StringDedup Requests0 Weak     Min:  0.0, Avg:  0.0, Max:  0.0, Diff:  0.0, Sum:  0.0, Workers: 4
[1376.979s][debug][gc,phases      ] GC(73)     Dead                           Min: 0, Avg:  0.0, Max: 0, Diff: 0, Sum: 0, Workers: 4
[1376.979s][debug][gc,phases      ] GC(73)     Total                          Min: 0, Avg:  0.0, Max: 0, Diff: 0, Sum: 0, Workers: 4
[1376.979s][debug][gc,phases      ] GC(73)   StringDedup Requests1 Weak     Min:  0.0, Avg:  0.0, Max:  0.0, Diff:  0.0, Sum:  0.0, Workers: 4
[1376.979s][debug][gc,phases      ] GC(73)     Dead                           Min: 0, Avg:  0.0, Max: 0, Diff: 0, Sum: 0, Workers: 4
[1376.979s][debug][gc,phases      ] GC(73)     Total                          Min: 0, Avg:  0.0, Max: 0, Diff: 0, Sum: 0, Workers: 4
[1376.979s][debug][gc,phases      ] GC(73)   Weak JFR Old Object Samples    Min:  0.0, Avg:  0.0, Max:  0.0, Diff:  0.0, Sum:  0.0, Workers: 4
[1376.979s][debug][gc,phases      ] GC(73)     Dead                           Min: 0, Avg:  0.0, Max: 0, Diff: 0, Sum: 0, Workers: 4
[1376.979s][debug][gc,phases      ] GC(73)     Total                          Min: 0, Avg:  0.0, Max: 0, Diff: 0, Sum: 0, Workers: 4
[1376.979s][debug][gc,phases      ] GC(73) Weak Processing 0.363ms
[1376.979s][debug][gc,age         ] GC(73) Desired survivor size 114819072 bytes, new threshold 15 (max threshold 15)
[1376.979s][info ][gc,heap        ] GC(73) PSYoungGen: 1928125K(1987072K)->83613K(1977856K) Eden: 1876992K(1876992K)->0K(1872896K) From: 51133K(110080K)->83613K(104960K)
[1376.979s][info ][gc,heap        ] GC(73) ParOldGen: 619093K(662528K)->619173K(662528K)
[1376.979s][info ][gc,metaspace   ] GC(73) Metaspace: 83753K(84928K)->83753K(84928K) NonClass: 71811K(72448K)->71811K(72448K) Class: 11941K(12480K)->11941K(12480K)
[1376.979s][info ][gc             ] GC(73) Pause Young (Allocation Failure) 2487M->686M(2578M) 31.474ms
[1376.979s][info ][gc,cpu         ] GC(73) User=0.10s Sys=0.01s Real=0.04s
[1376.979s][info ][safepoint      ] Safepoint "ParallelGCFailedAllocation", Time since last: 1769012909 ns, Reaching safepoint: 32702 ns, At safepoint: 31557348 ns, Total: 31590050 ns
[1377.979s][info ][safepoint      ] Safepoint "Cleanup", Time since last: 1000091137 ns, Reaching safepoint: 32503 ns, At safepoint: 3300 ns, Total: 35803 ns
[1378.979s][info ][safepoint      ] Safepoint "Cleanup", Time since last: 1000109539 ns, Reaching safepoint: 28302 ns, At safepoint: 3000 ns, Total: 31302 ns
[1379.979s][info ][safepoint      ] Safepoint "Cleanup", Time since last: 1000114239 ns, Reaching safepoint: 34703 ns, At safepoint: 2800 ns, Total: 37503 ns
[1381.614s][info ][safepoint      ] Safepoint "Cleanup", Time since last: 1634386319 ns, Reaching safepoint: 107307 ns, At safepoint: 7201 ns, Total: 114508 ns
[1382.614s][info ][safepoint      ] Safepoint "Cleanup", Time since last: 1000117339 ns, Reaching safepoint: 149311 ns, At safepoint: 9700 ns, Total: 159011 ns
[1384.614s][info ][safepoint      ] Safepoint "Cleanup", Time since last: 2000198576 ns, Reaching safepoint: 142810 ns, At safepoint: 9501 ns, Total: 152311 ns
[1388.620s][info ][safepoint      ] Safepoint "Cleanup", Time since last: 4005933946 ns, Reaching safepoint: 62204 ns, At safepoint: 5901 ns, Total: 68105 ns
[1389.621s][info ][safepoint      ] Safepoint "Cleanup", Time since last: 1000118639 ns, Reaching safepoint: 65004 ns, At safepoint: 2800 ns, Total: 67804 ns
[1391.408s][info ][gc,start       ] GC(74) Pause Young (Allocation Failure)
[1391.433s][debug][gc,phases      ] GC(74) Scavenge 24.812ms
[1391.433s][debug][gc,ref         ] GC(74) Skipped phase 1 of Reference Processing: no references
[1391.433s][debug][gc,ref         ] GC(74) ReferenceProcessor::execute queues: 1, RefProcThreadModel::Single, marks_oops_alive: false
[1391.433s][debug][gc,ref         ] GC(74) Skipped phase 3 of Reference Processing: no references
[1391.433s][debug][gc,ref         ] GC(74) ReferenceProcessor::execute queues: 1, RefProcThreadModel::Single, marks_oops_alive: false
[1391.433s][debug][gc,phases      ] GC(74) Reference Processing 0.108ms
[1391.433s][debug][gc,phases      ] GC(74)   VM Weak                        Min:  0.0, Avg:  0.0, Max:  0.0, Diff:  0.0, Sum:  0.0, Workers: 4
[1391.433s][debug][gc,phases      ] GC(74)     Dead                           Min: 0, Avg:  0.0, Max: 0, Diff: 0, Sum: 0, Workers: 4
[1391.433s][debug][gc,phases      ] GC(74)     Total                          Min: 0, Avg: 229.5, Max: 512, Diff: 512, Sum: 918, Workers: 4
[1391.433s][debug][gc,phases      ] GC(74)   ObjectSynchronizer Weak        Min:  0.0, Avg:  0.0, Max:  0.0, Diff:  0.0, Sum:  0.0, Workers: 4
[1391.433s][debug][gc,phases      ] GC(74)     Dead                           Min: 0, Avg:  0.0, Max: 0, Diff: 0, Sum: 0, Workers: 4
[1391.433s][debug][gc,phases      ] GC(74)     Total                          Min: 0, Avg: 25.2, Max: 64, Diff: 64, Sum: 101, Workers: 4
[1391.433s][debug][gc,phases      ] GC(74)   JVMTI Tag Weak OopStorage      Min:  0.0, Avg:  0.0, Max:  0.0, Diff:  0.0, Sum:  0.0, Workers: 4
[1391.433s][debug][gc,phases      ] GC(74)     Dead                           Min: 0, Avg:  0.0, Max: 0, Diff: 0, Sum: 0, Workers: 4
[1391.433s][debug][gc,phases      ] GC(74)     Total                          Min: 0, Avg:  0.0, Max: 0, Diff: 0, Sum: 0, Workers: 4
[1391.433s][debug][gc,phases      ] GC(74)   StringTable Weak               Min:  0.0, Avg:  0.1, Max:  0.1, Diff:  0.1, Sum:  0.4, Workers: 4
[1391.433s][debug][gc,phases      ] GC(74)     Dead                           Min: 0, Avg:  0.0, Max: 0, Diff: 0, Sum: 0, Workers: 4
[1391.433s][debug][gc,phases      ] GC(74)     Total                          Min: 0, Avg: 10991.8, Max: 15168, Diff: 15168, Sum: 43967, Workers: 4
[1391.433s][debug][gc,phases      ] GC(74)   ResolvedMethodTable Weak       Min:  0.0, Avg:  0.0, Max:  0.0, Diff:  0.0, Sum:  0.1, Workers: 4
[1391.433s][debug][gc,phases      ] GC(74)     Dead                           Min: 0, Avg:  0.0, Max: 0, Diff: 0, Sum: 0, Workers: 4
[1391.433s][debug][gc,phases      ] GC(74)     Total                          Min: 0, Avg: 2507.0, Max: 4160, Diff: 4160, Sum: 10028, Workers: 4
[1391.433s][debug][gc,phases      ] GC(74)   JNI Weak                       Min:  0.0, Avg:  0.0, Max:  0.0, Diff:  0.0, Sum:  0.0, Workers: 4
[1391.433s][debug][gc,phases      ] GC(74)     Dead                           Min: 0, Avg:  0.0, Max: 0, Diff: 0, Sum: 0, Workers: 4
[1391.433s][debug][gc,phases      ] GC(74)     Total                          Min: 0, Avg: 11.2, Max: 45, Diff: 45, Sum: 45, Workers: 4
[1391.433s][debug][gc,phases      ] GC(74)   StringDedup Table Weak         Min:  0.0, Avg:  0.0, Max:  0.0, Diff:  0.0, Sum:  0.0, Workers: 4
[1391.433s][debug][gc,phases      ] GC(74)     Dead                           Min: 0, Avg:  0.0, Max: 0, Diff: 0, Sum: 0, Workers: 4
[1391.433s][debug][gc,phases      ] GC(74)     Total                          Min: 0, Avg:  0.0, Max: 0, Diff: 0, Sum: 0, Workers: 4
[1391.433s][debug][gc,phases      ] GC(74)   StringDedup Requests0 Weak     Min:  0.0, Avg:  0.0, Max:  0.0, Diff:  0.0, Sum:  0.0, Workers: 4
[1391.433s][debug][gc,phases      ] GC(74)     Dead                           Min: 0, Avg:  0.0, Max: 0, Diff: 0, Sum: 0, Workers: 4
[1391.433s][debug][gc,phases      ] GC(74)     Total                          Min: 0, Avg:  0.0, Max: 0, Diff: 0, Sum: 0, Workers: 4
[1391.433s][debug][gc,phases      ] GC(74)   StringDedup Requests1 Weak     Min:  0.0, Avg:  0.0, Max:  0.0, Diff:  0.0, Sum:  0.0, Workers: 4
[1391.433s][debug][gc,phases      ] GC(74)     Dead                           Min: 0, Avg:  0.0, Max: 0, Diff: 0, Sum: 0, Workers: 4
[1391.433s][debug][gc,phases      ] GC(74)     Total                          Min: 0, Avg:  0.0, Max: 0, Diff: 0, Sum: 0, Workers: 4
[1391.433s][debug][gc,phases      ] GC(74)   Weak JFR Old Object Samples    Min:  0.0, Avg:  0.0, Max:  0.0, Diff:  0.0, Sum:  0.0, Workers: 4
[1391.433s][debug][gc,phases      ] GC(74)     Dead                           Min: 0, Avg:  0.0, Max: 0, Diff: 0, Sum: 0, Workers: 4
[1391.433s][debug][gc,phases      ] GC(74)     Total                          Min: 0, Avg:  0.0, Max: 0, Diff: 0, Sum: 0, Workers: 4
[1391.433s][debug][gc,phases      ] GC(74) Weak Processing 0.393ms
[1391.433s][debug][gc,age         ] GC(74) Desired survivor size 121634816 bytes, new threshold 15 (max threshold 15)
[1391.433s][info ][gc,heap        ] GC(74) PSYoungGen: 1956509K(1977856K)->85805K(1958912K) Eden: 1872896K(1872896K)->0K(1872896K) From: 83613K(104960K)->85805K(86016K)
[1391.433s][info ][gc,heap        ] GC(74) ParOldGen: 619173K(662528K)->619237K(662528K)
[1391.433s][info ][gc,metaspace   ] GC(74) Metaspace: 83758K(84928K)->83758K(84928K) NonClass: 71816K(72448K)->71816K(72448K) Class: 11941K(12480K)->11941K(12480K)
[1391.433s][info ][gc             ] GC(74) Pause Young (Allocation Failure) 2515M->688M(2560M) 25.449ms
[1391.433s][info ][gc,cpu         ] GC(74) User=0.10s Sys=0.00s Real=0.03s
[1391.433s][info ][safepoint      ] Safepoint "ParallelGCFailedAllocation", Time since last: 1787194503 ns, Reaching safepoint: 118009 ns, At safepoint: 25530318 ns, Total: 25648327 ns
[1392.434s][info ][safepoint      ] Safepoint "Cleanup", Time since last: 1000086737 ns, Reaching safepoint: 50703 ns, At safepoint: 2901 ns, Total: 53604 ns
[1401.434s][info ][safepoint      ] Safepoint "Cleanup", Time since last: 9000509409 ns, Reaching safepoint: 36402 ns, At safepoint: 2900 ns, Total: 39302 ns
[1402.434s][info ][safepoint      ] Safepoint "Cleanup", Time since last: 1000116839 ns, Reaching safepoint: 49403 ns, At safepoint: 3301 ns, Total: 52704 ns
[1403.438s][info ][safepoint      ] Safepoint "Cleanup", Time since last: 1003379770 ns, Reaching safepoint: 45604 ns, At safepoint: 11600 ns, Total: 57204 ns
[1404.438s][info ][safepoint      ] Safepoint "Cleanup", Time since last: 1000122139 ns, Reaching safepoint: 57304 ns, At safepoint: 3600 ns, Total: 60904 ns
[1406.438s][info ][safepoint      ] Safepoint "Cleanup", Time since last: 2000186574 ns, Reaching safepoint: 121708 ns, At safepoint: 7501 ns, Total: 129209 ns
[1409.439s][info ][safepoint      ] Safepoint "Cleanup", Time since last: 3000210604 ns, Reaching safepoint: 55804 ns, At safepoint: 4901 ns, Total: 60705 ns
[1412.439s][info ][safepoint      ] Safepoint "Cleanup", Time since last: 3000231705 ns, Reaching safepoint: 51604 ns, At safepoint: 3400 ns, Total: 55004 ns
[1413.897s][info ][gc,start       ] GC(75) Pause Young (Allocation Failure)
[1413.969s][debug][gc,phases      ] GC(75) Scavenge 71.634ms
[1413.969s][debug][gc,ref         ] GC(75) Skipped phase 1 of Reference Processing: no references
[1413.969s][debug][gc,ref         ] GC(75) ReferenceProcessor::execute queues: 1, RefProcThreadModel::Single, marks_oops_alive: false
[1413.969s][debug][gc,ref         ] GC(75) Skipped phase 3 of Reference Processing: no references
[1413.969s][debug][gc,ref         ] GC(75) ReferenceProcessor::execute queues: 1, RefProcThreadModel::Single, marks_oops_alive: false
[1413.969s][debug][gc,phases      ] GC(75) Reference Processing 0.121ms
[1413.970s][debug][gc,phases      ] GC(75)   VM Weak                        Min:  0.0, Avg:  0.0, Max:  0.0, Diff:  0.0, Sum:  0.0, Workers: 4
[1413.970s][debug][gc,phases      ] GC(75)     Dead                           Min: 0, Avg:  0.0, Max: 0, Diff: 0, Sum: 0, Workers: 4
[1413.970s][debug][gc,phases      ] GC(75)     Total                          Min: 0, Avg: 229.5, Max: 918, Diff: 918, Sum: 918, Workers: 4
[1413.970s][debug][gc,phases      ] GC(75)   ObjectSynchronizer Weak        Min:  0.0, Avg:  0.0, Max:  0.0, Diff:  0.0, Sum:  0.0, Workers: 4
[1413.970s][debug][gc,phases      ] GC(75)     Dead                           Min: 0, Avg:  0.0, Max: 0, Diff: 0, Sum: 0, Workers: 4
[1413.970s][debug][gc,phases      ] GC(75)     Total                          Min: 0, Avg: 25.2, Max: 101, Diff: 101, Sum: 101, Workers: 4
[1413.970s][debug][gc,phases      ] GC(75)   JVMTI Tag Weak OopStorage      Min:  0.0, Avg:  0.0, Max:  0.0, Diff:  0.0, Sum:  0.0, Workers: 4
[1413.970s][debug][gc,phases      ] GC(75)     Dead                           Min: 0, Avg:  0.0, Max: 0, Diff: 0, Sum: 0, Workers: 4
[1413.970s][debug][gc,phases      ] GC(75)     Total                          Min: 0, Avg:  0.0, Max: 0, Diff: 0, Sum: 0, Workers: 4
[1413.970s][debug][gc,phases      ] GC(75)   StringTable Weak               Min:  0.0, Avg:  0.1, Max:  0.5, Diff:  0.5, Sum:  0.5, Workers: 4
[1413.970s][debug][gc,phases      ] GC(75)     Dead                           Min: 0, Avg:  0.0, Max: 0, Diff: 0, Sum: 0, Workers: 4
[1413.970s][debug][gc,phases      ] GC(75)     Total                          Min: 0, Avg: 10992.0, Max: 43968, Diff: 43968, Sum: 43968, Workers: 4
[1413.970s][debug][gc,phases      ] GC(75)   ResolvedMethodTable Weak       Min:  0.0, Avg:  0.0, Max:  0.1, Diff:  0.1, Sum:  0.1, Workers: 4
[1413.970s][debug][gc,phases      ] GC(75)     Dead                           Min: 0, Avg:  0.0, Max: 0, Diff: 0, Sum: 0, Workers: 4
[1413.970s][debug][gc,phases      ] GC(75)     Total                          Min: 0, Avg: 2507.0, Max: 10028, Diff: 10028, Sum: 10028, Workers: 4
[1413.970s][debug][gc,phases      ] GC(75)   JNI Weak                       Min:  0.0, Avg:  0.0, Max:  0.0, Diff:  0.0, Sum:  0.0, Workers: 4
[1413.970s][debug][gc,phases      ] GC(75)     Dead                           Min: 0, Avg:  0.0, Max: 0, Diff: 0, Sum: 0, Workers: 4
[1413.970s][debug][gc,phases      ] GC(75)     Total                          Min: 0, Avg: 11.2, Max: 45, Diff: 45, Sum: 45, Workers: 4
[1413.970s][debug][gc,phases      ] GC(75)   StringDedup Table Weak         Min:  0.0, Avg:  0.0, Max:  0.0, Diff:  0.0, Sum:  0.0, Workers: 4
[1413.970s][debug][gc,phases      ] GC(75)     Dead                           Min: 0, Avg:  0.0, Max: 0, Diff: 0, Sum: 0, Workers: 4
[1413.970s][debug][gc,phases      ] GC(75)     Total                          Min: 0, Avg:  0.0, Max: 0, Diff: 0, Sum: 0, Workers: 4
[1413.970s][debug][gc,phases      ] GC(75)   StringDedup Requests0 Weak     Min:  0.0, Avg:  0.0, Max:  0.0, Diff:  0.0, Sum:  0.0, Workers: 4
[1413.970s][debug][gc,phases      ] GC(75)     Dead                           Min: 0, Avg:  0.0, Max: 0, Diff: 0, Sum: 0, Workers: 4
[1413.970s][debug][gc,phases      ] GC(75)     Total                          Min: 0, Avg:  0.0, Max: 0, Diff: 0, Sum: 0, Workers: 4
[1413.970s][debug][gc,phases      ] GC(75)   StringDedup Requests1 Weak     Min:  0.0, Avg:  0.0, Max:  0.0, Diff:  0.0, Sum:  0.0, Workers: 4
[1413.970s][debug][gc,phases      ] GC(75)     Dead                           Min: 0, Avg:  0.0, Max: 0, Diff: 0, Sum: 0, Workers: 4
[1413.970s][debug][gc,phases      ] GC(75)     Total                          Min: 0, Avg:  0.0, Max: 0, Diff: 0, Sum: 0, Workers: 4
[1413.970s][debug][gc,phases      ] GC(75)   Weak JFR Old Object Samples    Min:  0.0, Avg:  0.0, Max:  0.0, Diff:  0.0, Sum:  0.0, Workers: 4
[1413.970s][debug][gc,phases      ] GC(75)     Dead                           Min: 0, Avg:  0.0, Max: 0, Diff: 0, Sum: 0, Workers: 4
[1413.970s][debug][gc,phases      ] GC(75)     Total                          Min: 0, Avg:  0.0, Max: 0, Diff: 0, Sum: 0, Workers: 4
[1413.970s][debug][gc,phases      ] GC(75) Weak Processing 0.813ms
[1413.970s][debug][gc,age         ] GC(75) Desired survivor size 124256256 bytes, new threshold 15 (max threshold 15)
[1413.970s][info ][gc,heap        ] GC(75) PSYoungGen: 1958701K(1958912K)->79648K(1973248K) Eden: 1872896K(1872896K)->0K(1854464K) From: 85805K(86016K)->79648K(118784K)
[1413.970s][info ][gc,heap        ] GC(75) ParOldGen: 619237K(662528K)->624670K(662528K)
[1413.970s][info ][gc,metaspace   ] GC(75) Metaspace: 83766K(84928K)->83766K(84928K) NonClass: 71824K(72448K)->71824K(72448K) Class: 11941K(12480K)->11941K(12480K)
[1413.970s][info ][gc             ] GC(75) Pause Young (Allocation Failure) 2517M->687M(2574M) 72.723ms
[1413.970s][info ][gc,cpu         ] GC(75) User=0.10s Sys=0.00s Real=0.07s
[1413.970s][info ][safepoint      ] Safepoint "ParallelGCFailedAllocation", Time since last: 1458325976 ns, Reaching safepoint: 26902 ns, At safepoint: 72817087 ns, Total: 72843989 ns
[1416.970s][info ][safepoint      ] Safepoint "Cleanup", Time since last: 3000226905 ns, Reaching safepoint: 45303 ns, At safepoint: 3400 ns, Total: 48703 ns
[1417.970s][info ][safepoint      ] Safepoint "Cleanup", Time since last: 1000121438 ns, Reaching safepoint: 46404 ns, At safepoint: 8100 ns, Total: 54504 ns
[1420.971s][info ][safepoint      ] Safepoint "Cleanup", Time since last: 3000221704 ns, Reaching safepoint: 37803 ns, At safepoint: 3600 ns, Total: 41403 ns
[1422.971s][info ][safepoint      ] Safepoint "Cleanup", Time since last: 2000185572 ns, Reaching safepoint: 266319 ns, At safepoint: 9601 ns, Total: 275920 ns
[1423.971s][info ][safepoint      ] Safepoint "Cleanup", Time since last: 1000105937 ns, Reaching safepoint: 53003 ns, At safepoint: 4901 ns, Total: 57904 ns
[1424.972s][info ][safepoint      ] Safepoint "Cleanup", Time since last: 1000135439 ns, Reaching safepoint: 54303 ns, At safepoint: 3601 ns, Total: 57904 ns
[1425.282s][info ][gc,start       ] GC(76) Pause Young (Allocation Failure)
[1425.338s][debug][gc,phases      ] GC(76) Scavenge 55.908ms
[1425.338s][debug][gc,ref         ] GC(76) Skipped phase 1 of Reference Processing: no references
[1425.338s][debug][gc,ref         ] GC(76) ReferenceProcessor::execute queues: 1, RefProcThreadModel::Single, marks_oops_alive: false
[1425.338s][debug][gc,ref         ] GC(76) Skipped phase 3 of Reference Processing: no references
[1425.338s][debug][gc,ref         ] GC(76) ReferenceProcessor::execute queues: 1, RefProcThreadModel::Single, marks_oops_alive: false
[1425.338s][debug][gc,phases      ] GC(76) Reference Processing 0.118ms
[1425.339s][debug][gc,phases      ] GC(76)   VM Weak                        Min:  0.0, Avg:  0.0, Max:  0.0, Diff:  0.0, Sum:  0.0, Workers: 4
[1425.339s][debug][gc,phases      ] GC(76)     Dead                           Min: 0, Avg:  0.0, Max: 0, Diff: 0, Sum: 0, Workers: 4
[1425.339s][debug][gc,phases      ] GC(76)     Total                          Min: 0, Avg: 229.5, Max: 470, Diff: 470, Sum: 918, Workers: 4
[1425.339s][debug][gc,phases      ] GC(76)   ObjectSynchronizer Weak        Min:  0.0, Avg:  0.0, Max:  0.0, Diff:  0.0, Sum:  0.0, Workers: 4
[1425.339s][debug][gc,phases      ] GC(76)     Dead                           Min: 0, Avg:  0.0, Max: 0, Diff: 0, Sum: 0, Workers: 4
[1425.339s][debug][gc,phases      ] GC(76)     Total                          Min: 0, Avg: 25.2, Max: 64, Diff: 64, Sum: 101, Workers: 4
[1425.339s][debug][gc,phases      ] GC(76)   JVMTI Tag Weak OopStorage      Min:  0.0, Avg:  0.0, Max:  0.0, Diff:  0.0, Sum:  0.0, Workers: 4
[1425.339s][debug][gc,phases      ] GC(76)     Dead                           Min: 0, Avg:  0.0, Max: 0, Diff: 0, Sum: 0, Workers: 4
[1425.339s][debug][gc,phases      ] GC(76)     Total                          Min: 0, Avg:  0.0, Max: 0, Diff: 0, Sum: 0, Workers: 4
[1425.339s][debug][gc,phases      ] GC(76)   StringTable Weak               Min:  0.0, Avg:  0.1, Max:  0.2, Diff:  0.2, Sum:  0.4, Workers: 4
[1425.339s][debug][gc,phases      ] GC(76)     Dead                           Min: 0, Avg:  0.0, Max: 0, Diff: 0, Sum: 0, Workers: 4
[1425.339s][debug][gc,phases      ] GC(76)     Total                          Min: 0, Avg: 10992.0, Max: 22464, Diff: 22464, Sum: 43968, Workers: 4
[1425.339s][debug][gc,phases      ] GC(76)   ResolvedMethodTable Weak       Min:  0.0, Avg:  0.0, Max:  0.1, Diff:  0.1, Sum:  0.1, Workers: 4
[1425.339s][debug][gc,phases      ] GC(76)     Dead                           Min: 0, Avg:  0.0, Max: 0, Diff: 0, Sum: 0, Workers: 4
[1425.339s][debug][gc,phases      ] GC(76)     Total                          Min: 0, Avg: 2507.0, Max: 5164, Diff: 5164, Sum: 10028, Workers: 4
[1425.339s][debug][gc,phases      ] GC(76)   JNI Weak                       Min:  0.0, Avg:  0.0, Max:  0.0, Diff:  0.0, Sum:  0.0, Workers: 4
[1425.339s][debug][gc,phases      ] GC(76)     Dead                           Min: 0, Avg:  0.0, Max: 0, Diff: 0, Sum: 0, Workers: 4
[1425.339s][debug][gc,phases      ] GC(76)     Total                          Min: 0, Avg: 11.2, Max: 45, Diff: 45, Sum: 45, Workers: 4
[1425.339s][debug][gc,phases      ] GC(76)   StringDedup Table Weak         Min:  0.0, Avg:  0.0, Max:  0.0, Diff:  0.0, Sum:  0.0, Workers: 4
[1425.339s][debug][gc,phases      ] GC(76)     Dead                           Min: 0, Avg:  0.0, Max: 0, Diff: 0, Sum: 0, Workers: 4
[1425.339s][debug][gc,phases      ] GC(76)     Total                          Min: 0, Avg:  0.0, Max: 0, Diff: 0, Sum: 0, Workers: 4
[1425.339s][debug][gc,phases      ] GC(76)   StringDedup Requests0 Weak     Min:  0.0, Avg:  0.0, Max:  0.0, Diff:  0.0, Sum:  0.0, Workers: 4
[1425.339s][debug][gc,phases      ] GC(76)     Dead                           Min: 0, Avg:  0.0, Max: 0, Diff: 0, Sum: 0, Workers: 4
[1425.339s][debug][gc,phases      ] GC(76)     Total                          Min: 0, Avg:  0.0, Max: 0, Diff: 0, Sum: 0, Workers: 4
[1425.339s][debug][gc,phases      ] GC(76)   StringDedup Requests1 Weak     Min:  0.0, Avg:  0.0, Max:  0.0, Diff:  0.0, Sum:  0.0, Workers: 4
[1425.339s][debug][gc,phases      ] GC(76)     Dead                           Min: 0, Avg:  0.0, Max: 0, Diff: 0, Sum: 0, Workers: 4
[1425.339s][debug][gc,phases      ] GC(76)     Total                          Min: 0, Avg:  0.0, Max: 0, Diff: 0, Sum: 0, Workers: 4
[1425.339s][debug][gc,phases      ] GC(76)   Weak JFR Old Object Samples    Min:  0.0, Avg:  0.0, Max:  0.0, Diff:  0.0, Sum:  0.0, Workers: 4
[1425.339s][debug][gc,phases      ] GC(76)     Dead                           Min: 0, Avg:  0.0, Max: 0, Diff: 0, Sum: 0, Workers: 4
[1425.339s][debug][gc,phases      ] GC(76)     Total                          Min: 0, Avg:  0.0, Max: 0, Diff: 0, Sum: 0, Workers: 4
[1425.339s][debug][gc,phases      ] GC(76) Weak Processing 0.514ms
[1425.339s][debug][gc,age         ] GC(76) Desired survivor size 136314880 bytes, new threshold 15 (max threshold 15)
[1425.339s][info ][gc,heap        ] GC(76) PSYoungGen: 1934112K(1973248K)->107248K(1961984K) Eden: 1854464K(1854464K)->0K(1854464K) From: 79648K(118784K)->107248K(107520K)
[1425.339s][info ][gc,heap        ] GC(76) ParOldGen: 624670K(662528K)->624710K(662528K)
[1425.339s][info ][gc,metaspace   ] GC(76) Metaspace: 83767K(84928K)->83767K(84928K) NonClass: 71826K(72448K)->71826K(72448K) Class: 11941K(12480K)->11941K(12480K)
[1425.339s][info ][gc             ] GC(76) Pause Young (Allocation Failure) 2498M->714M(2563M) 56.689ms
[1425.339s][info ][gc,cpu         ] GC(76) User=0.12s Sys=0.00s Real=0.06s
[1425.339s][info ][safepoint      ] Safepoint "ParallelGCFailedAllocation", Time since last: 310687230 ns, Reaching safepoint: 66604 ns, At safepoint: 56786045 ns, Total: 56852649 ns
[1427.339s][info ][safepoint      ] Safepoint "Cleanup", Time since last: 2000160870 ns, Reaching safepoint: 59804 ns, At safepoint: 3500 ns, Total: 63304 ns
[1428.339s][info ][safepoint      ] Safepoint "Cleanup", Time since last: 1000130339 ns, Reaching safepoint: 50203 ns, At safepoint: 3001 ns, Total: 53204 ns
[1429.340s][info ][safepoint      ] Safepoint "Cleanup", Time since last: 1000121737 ns, Reaching safepoint: 43603 ns, At safepoint: 2801 ns, Total: 46404 ns
[1430.351s][info ][safepoint      ] Safepoint "Cleanup", Time since last: 1006632201 ns, Reaching safepoint: 4280505 ns, At safepoint: 18901 ns, Total: 4299406 ns
[1431.352s][info ][safepoint      ] Safepoint "Cleanup", Time since last: 1001253219 ns, Reaching safepoint: 144710 ns, At safepoint: 8600 ns, Total: 153310 ns
[1431.761s][info ][gc,start       ] GC(77) Pause Young (Allocation Failure)
[1431.855s][debug][gc,phases      ] GC(77) Scavenge 94.768ms
[1431.855s][debug][gc,ref         ] GC(77) Skipped phase 1 of Reference Processing: no references
[1431.856s][debug][gc,ref         ] GC(77) ReferenceProcessor::execute queues: 1, RefProcThreadModel::Single, marks_oops_alive: false
[1431.856s][debug][gc,ref         ] GC(77) Skipped phase 3 of Reference Processing: no references
[1431.856s][debug][gc,ref         ] GC(77) ReferenceProcessor::execute queues: 1, RefProcThreadModel::Single, marks_oops_alive: false
[1431.856s][debug][gc,phases      ] GC(77) Reference Processing 0.114ms
[1431.856s][debug][gc,phases      ] GC(77)   VM Weak                        Min:  0.0, Avg:  0.0, Max:  0.0, Diff:  0.0, Sum:  0.0, Workers: 4
[1431.856s][debug][gc,phases      ] GC(77)     Dead                           Min: 0, Avg:  0.0, Max: 0, Diff: 0, Sum: 0, Workers: 4
[1431.856s][debug][gc,phases      ] GC(77)     Total                          Min: 0, Avg: 229.5, Max: 726, Diff: 726, Sum: 918, Workers: 4
[1431.856s][debug][gc,phases      ] GC(77)   ObjectSynchronizer Weak        Min:  0.0, Avg:  0.0, Max:  0.0, Diff:  0.0, Sum:  0.0, Workers: 4
[1431.856s][debug][gc,phases      ] GC(77)     Dead                           Min: 0, Avg:  0.0, Max: 0, Diff: 0, Sum: 0, Workers: 4
[1431.856s][debug][gc,phases      ] GC(77)     Total                          Min: 0, Avg: 25.2, Max: 64, Diff: 64, Sum: 101, Workers: 4
[1431.856s][debug][gc,phases      ] GC(77)   JVMTI Tag Weak OopStorage      Min:  0.0, Avg:  0.0, Max:  0.0, Diff:  0.0, Sum:  0.0, Workers: 4
[1431.856s][debug][gc,phases      ] GC(77)     Dead                           Min: 0, Avg:  0.0, Max: 0, Diff: 0, Sum: 0, Workers: 4
[1431.856s][debug][gc,phases      ] GC(77)     Total                          Min: 0, Avg:  0.0, Max: 0, Diff: 0, Sum: 0, Workers: 4
[1431.856s][debug][gc,phases      ] GC(77)   StringTable Weak               Min:  0.0, Avg:  0.1, Max:  0.2, Diff:  0.2, Sum:  0.4, Workers: 4
[1431.856s][debug][gc,phases      ] GC(77)     Dead                           Min: 0, Avg:  0.0, Max: 0, Diff: 0, Sum: 0, Workers: 4
[1431.856s][debug][gc,phases      ] GC(77)     Total                          Min: 0, Avg: 10993.8, Max: 22023, Diff: 22023, Sum: 43975, Workers: 4
[1431.856s][debug][gc,phases      ] GC(77)   ResolvedMethodTable Weak       Min:  0.0, Avg:  0.0, Max:  0.0, Diff:  0.0, Sum:  0.1, Workers: 4
[1431.856s][debug][gc,phases      ] GC(77)     Dead                           Min: 0, Avg:  0.0, Max: 0, Diff: 0, Sum: 0, Workers: 4
[1431.856s][debug][gc,phases      ] GC(77)     Total                          Min: 0, Avg: 2507.2, Max: 5101, Diff: 5101, Sum: 10029, Workers: 4
[1431.856s][debug][gc,phases      ] GC(77)   JNI Weak                       Min:  0.0, Avg:  0.0, Max:  0.0, Diff:  0.0, Sum:  0.0, Workers: 4
[1431.856s][debug][gc,phases      ] GC(77)     Dead                           Min: 0, Avg:  0.0, Max: 0, Diff: 0, Sum: 0, Workers: 4
[1431.856s][debug][gc,phases      ] GC(77)     Total                          Min: 0, Avg: 11.2, Max: 45, Diff: 45, Sum: 45, Workers: 4
[1431.856s][debug][gc,phases      ] GC(77)   StringDedup Table Weak         Min:  0.0, Avg:  0.0, Max:  0.0, Diff:  0.0, Sum:  0.0, Workers: 4
[1431.856s][debug][gc,phases      ] GC(77)     Dead                           Min: 0, Avg:  0.0, Max: 0, Diff: 0, Sum: 0, Workers: 4
[1431.856s][debug][gc,phases      ] GC(77)     Total                          Min: 0, Avg:  0.0, Max: 0, Diff: 0, Sum: 0, Workers: 4
[1431.856s][debug][gc,phases      ] GC(77)   StringDedup Requests0 Weak     Min:  0.0, Avg:  0.0, Max:  0.0, Diff:  0.0, Sum:  0.0, Workers: 4
[1431.856s][debug][gc,phases      ] GC(77)     Dead                           Min: 0, Avg:  0.0, Max: 0, Diff: 0, Sum: 0, Workers: 4
[1431.856s][debug][gc,phases      ] GC(77)     Total                          Min: 0, Avg:  0.0, Max: 0, Diff: 0, Sum: 0, Workers: 4
[1431.856s][debug][gc,phases      ] GC(77)   StringDedup Requests1 Weak     Min:  0.0, Avg:  0.0, Max:  0.0, Diff:  0.0, Sum:  0.0, Workers: 4
[1431.856s][debug][gc,phases      ] GC(77)     Dead                           Min: 0, Avg:  0.0, Max: 0, Diff: 0, Sum: 0, Workers: 4
[1431.856s][debug][gc,phases      ] GC(77)     Total                          Min: 0, Avg:  0.0, Max: 0, Diff: 0, Sum: 0, Workers: 4
[1431.856s][debug][gc,phases      ] GC(77)   Weak JFR Old Object Samples    Min:  0.0, Avg:  0.0, Max:  0.0, Diff:  0.0, Sum:  0.0, Workers: 4
[1431.856s][debug][gc,phases      ] GC(77)     Dead                           Min: 0, Avg:  0.0, Max: 0, Diff: 0, Sum: 0, Workers: 4
[1431.856s][debug][gc,phases      ] GC(77)     Total                          Min: 0, Avg:  0.0, Max: 0, Diff: 0, Sum: 0, Workers: 4
[1431.856s][debug][gc,phases      ] GC(77) Weak Processing 0.508ms
[1431.856s][debug][gc,age         ] GC(77) Desired survivor size 156762112 bytes, new threshold 14 (max threshold 15)
[1431.856s][info ][gc,heap        ] GC(77) PSYoungGen: 1961712K(1961984K)->133104K(1924096K) Eden: 1854464K(1854464K)->0K(1790976K) From: 107248K(107520K)->133104K(133120K)
[1431.856s][info ][gc,heap        ] GC(77) ParOldGen: 624710K(662528K)->627666K(662528K)
[1431.856s][info ][gc,metaspace   ] GC(77) Metaspace: 83773K(84928K)->83773K(84928K) NonClass: 71831K(72448K)->71831K(72448K) Class: 11942K(12480K)->11942K(12480K)
[1431.856s][info ][gc             ] GC(77) Pause Young (Allocation Failure) 2525M->742M(2526M) 95.532ms
[1431.856s][info ][gc,cpu         ] GC(77) User=0.15s Sys=0.01s Real=0.09s
[1431.856s][info ][safepoint      ] Safepoint "ParallelGCFailedAllocation", Time since last: 408463395 ns, Reaching safepoint: 144310 ns, At safepoint: 95635512 ns, Total: 95779822 ns
[1432.862s][info ][safepoint      ] Safepoint "Cleanup", Time since last: 1000533667 ns, Reaching safepoint: 5545995 ns, At safepoint: 6401 ns, Total: 5552396 ns
[1440.863s][info ][safepoint      ] Safepoint "Cleanup", Time since last: 8000628474 ns, Reaching safepoint: 113508 ns, At safepoint: 7801 ns, Total: 121309 ns
[1442.863s][info ][safepoint      ] Safepoint "Cleanup", Time since last: 2000182070 ns, Reaching safepoint: 116608 ns, At safepoint: 11701 ns, Total: 128309 ns
[1443.864s][info ][safepoint      ] Safepoint "Cleanup", Time since last: 1000133338 ns, Reaching safepoint: 138810 ns, At safepoint: 5200 ns, Total: 144010 ns
[1444.866s][info ][safepoint      ] Safepoint "Cleanup", Time since last: 1002619115 ns, Reaching safepoint: 114308 ns, At safepoint: 8201 ns, Total: 122509 ns
[1445.599s][info ][safepoint      ] Safepoint "ParallelGCFailedAllocation", Time since last: 729021827 ns, Reaching safepoint: 3951982 ns, At safepoint: 24901 ns, Total: 3976883 ns
[1445.600s][info ][gc,start       ] GC(78) Pause Young (GCLocker Initiated GC)
[1445.671s][debug][gc,phases      ] GC(78) Scavenge 70.985ms
[1445.671s][debug][gc,ref         ] GC(78) Skipped phase 1 of Reference Processing: no references
[1445.671s][debug][gc,ref         ] GC(78) ReferenceProcessor::execute queues: 1, RefProcThreadModel::Single, marks_oops_alive: false
[1445.671s][debug][gc,ref         ] GC(78) Skipped phase 3 of Reference Processing: no references
[1445.671s][debug][gc,ref         ] GC(78) ReferenceProcessor::execute queues: 1, RefProcThreadModel::Single, marks_oops_alive: false
[1445.671s][debug][gc,phases      ] GC(78) Reference Processing 0.099ms
[1445.671s][debug][gc,phases      ] GC(78)   VM Weak                        Min:  0.0, Avg:  0.0, Max:  0.0, Diff:  0.0, Sum:  0.0, Workers: 4
[1445.671s][debug][gc,phases      ] GC(78)     Dead                           Min: 0, Avg:  0.0, Max: 0, Diff: 0, Sum: 0, Workers: 4
[1445.671s][debug][gc,phases      ] GC(78)     Total                          Min: 0, Avg: 229.5, Max: 576, Diff: 576, Sum: 918, Workers: 4
[1445.671s][debug][gc,phases      ] GC(78)   ObjectSynchronizer Weak        Min:  0.0, Avg:  0.0, Max:  0.0, Diff:  0.0, Sum:  0.0, Workers: 4
[1445.671s][debug][gc,phases      ] GC(78)     Dead                           Min: 0, Avg:  0.0, Max: 0, Diff: 0, Sum: 0, Workers: 4
[1445.671s][debug][gc,phases      ] GC(78)     Total                          Min: 0, Avg: 25.2, Max: 64, Diff: 64, Sum: 101, Workers: 4
[1445.671s][debug][gc,phases      ] GC(78)   JVMTI Tag Weak OopStorage      Min:  0.0, Avg:  0.0, Max:  0.0, Diff:  0.0, Sum:  0.0, Workers: 4
[1445.671s][debug][gc,phases      ] GC(78)     Dead                           Min: 0, Avg:  0.0, Max: 0, Diff: 0, Sum: 0, Workers: 4
[1445.671s][debug][gc,phases      ] GC(78)     Total                          Min: 0, Avg:  0.0, Max: 0, Diff: 0, Sum: 0, Workers: 4
[1445.671s][debug][gc,phases      ] GC(78)   StringTable Weak               Min:  0.0, Avg:  0.1, Max:  0.2, Diff:  0.2, Sum:  0.4, Workers: 4
[1445.671s][debug][gc,phases      ] GC(78)     Dead                           Min: 0, Avg:  0.0, Max: 0, Diff: 0, Sum: 0, Workers: 4
[1445.671s][debug][gc,phases      ] GC(78)     Total                          Min: 0, Avg: 10994.2, Max: 22528, Diff: 22528, Sum: 43977, Workers: 4
[1445.671s][debug][gc,phases      ] GC(78)   ResolvedMethodTable Weak       Min:  0.0, Avg:  0.0, Max:  0.0, Diff:  0.0, Sum:  0.1, Workers: 4
[1445.671s][debug][gc,phases      ] GC(78)     Dead                           Min: 0, Avg:  0.0, Max: 0, Diff: 0, Sum: 0, Workers: 4
[1445.671s][debug][gc,phases      ] GC(78)     Total                          Min: 0, Avg: 2507.2, Max: 5376, Diff: 5376, Sum: 10029, Workers: 4
[1445.671s][debug][gc,phases      ] GC(78)   JNI Weak                       Min:  0.0, Avg:  0.0, Max:  0.0, Diff:  0.0, Sum:  0.0, Workers: 4
[1445.671s][debug][gc,phases      ] GC(78)     Dead                           Min: 0, Avg:  0.0, Max: 0, Diff: 0, Sum: 0, Workers: 4
[1445.671s][debug][gc,phases      ] GC(78)     Total                          Min: 0, Avg: 11.2, Max: 45, Diff: 45, Sum: 45, Workers: 4
[1445.671s][debug][gc,phases      ] GC(78)   StringDedup Table Weak         Min:  0.0, Avg:  0.0, Max:  0.0, Diff:  0.0, Sum:  0.0, Workers: 4
[1445.671s][debug][gc,phases      ] GC(78)     Dead                           Min: 0, Avg:  0.0, Max: 0, Diff: 0, Sum: 0, Workers: 4
[1445.671s][debug][gc,phases      ] GC(78)     Total                          Min: 0, Avg:  0.0, Max: 0, Diff: 0, Sum: 0, Workers: 4
[1445.671s][debug][gc,phases      ] GC(78)   StringDedup Requests0 Weak     Min:  0.0, Avg:  0.0, Max:  0.0, Diff:  0.0, Sum:  0.0, Workers: 4
[1445.671s][debug][gc,phases      ] GC(78)     Dead                           Min: 0, Avg:  0.0, Max: 0, Diff: 0, Sum: 0, Workers: 4
[1445.671s][debug][gc,phases      ] GC(78)     Total                          Min: 0, Avg:  0.0, Max: 0, Diff: 0, Sum: 0, Workers: 4
[1445.671s][debug][gc,phases      ] GC(78)   StringDedup Requests1 Weak     Min:  0.0, Avg:  0.0, Max:  0.0, Diff:  0.0, Sum:  0.0, Workers: 4
[1445.671s][debug][gc,phases      ] GC(78)     Dead                           Min: 0, Avg:  0.0, Max: 0, Diff: 0, Sum: 0, Workers: 4
[1445.671s][debug][gc,phases      ] GC(78)     Total                          Min: 0, Avg:  0.0, Max: 0, Diff: 0, Sum: 0, Workers: 4
[1445.671s][debug][gc,phases      ] GC(78)   Weak JFR Old Object Samples    Min:  0.0, Avg:  0.0, Max:  0.0, Diff:  0.0, Sum:  0.0, Workers: 4
[1445.671s][debug][gc,phases      ] GC(78)     Dead                           Min: 0, Avg:  0.0, Max: 0, Diff: 0, Sum: 0, Workers: 4
[1445.671s][debug][gc,phases      ] GC(78)     Total                          Min: 0, Avg:  0.0, Max: 0, Diff: 0, Sum: 0, Workers: 4
[1445.671s][debug][gc,phases      ] GC(78) Weak Processing 0.433ms
[1445.671s][debug][gc,age         ] GC(78) Desired survivor size 172490752 bytes, new threshold 15 (max threshold 15)
[1445.671s][info ][gc,heap        ] GC(78) PSYoungGen: 1924080K(1924096K)->133580K(1924608K) Eden: 1790976K(1790976K)->0K(1790976K) From: 133104K(133120K)->133580K(133632K)
[1445.671s][info ][gc,heap        ] GC(78) ParOldGen: 628178K(662528K)->628334K(662528K)
[1445.671s][info ][gc,metaspace   ] GC(78) Metaspace: 83784K(84928K)->83784K(84928K) NonClass: 71841K(72448K)->71841K(72448K) Class: 11942K(12480K)->11942K(12480K)
[1445.671s][info ][gc             ] GC(78) Pause Young (GCLocker Initiated GC) 2492M->744M(2526M) 71.632ms
[1445.671s][info ][gc,cpu         ] GC(78) User=0.13s Sys=0.00s Real=0.07s
[1445.671s][info ][safepoint      ] Safepoint "ParallelGCSystemGC", Time since last: 81906 ns, Reaching safepoint: 85006 ns, At safepoint: 71722409 ns, Total: 71807415 ns
[1447.413s][info ][safepoint      ] Safepoint "Cleanup", Time since last: 1741707859 ns, Reaching safepoint: 49704 ns, At safepoint: 5900 ns, Total: 55604 ns
[1448.413s][info ][safepoint      ] Safepoint "Cleanup", Time since last: 1000115136 ns, Reaching safepoint: 87707 ns, At safepoint: 4700 ns, Total: 92407 ns
[1449.414s][info ][safepoint      ] Safepoint "Cleanup", Time since last: 1000127737 ns, Reaching safepoint: 149211 ns, At safepoint: 8301 ns, Total: 157512 ns
[1451.418s][info ][safepoint      ] Safepoint "Cleanup", Time since last: 2004806198 ns, Reaching safepoint: 55704 ns, At safepoint: 5001 ns, Total: 60705 ns
[1452.419s][info ][safepoint      ] Safepoint "Cleanup", Time since last: 1000134238 ns, Reaching safepoint: 45803 ns, At safepoint: 3900 ns, Total: 49703 ns
[1453.419s][info ][safepoint      ] Safepoint "Cleanup", Time since last: 1000104236 ns, Reaching safepoint: 50203 ns, At safepoint: 3000 ns, Total: 53203 ns
[1454.419s][info ][safepoint      ] Safepoint "Cleanup", Time since last: 1000111836 ns, Reaching safepoint: 33903 ns, At safepoint: 3200 ns, Total: 37103 ns
[1457.419s][info ][safepoint      ] Safepoint "Cleanup", Time since last: 3000218300 ns, Reaching safepoint: 34702 ns, At safepoint: 3400 ns, Total: 38102 ns
[1458.419s][info ][safepoint      ] Safepoint "Cleanup", Time since last: 1000132738 ns, Reaching safepoint: 57504 ns, At safepoint: 11001 ns, Total: 68505 ns
[1459.420s][info ][safepoint      ] Safepoint "Cleanup", Time since last: 1000129537 ns, Reaching safepoint: 47703 ns, At safepoint: 4901 ns, Total: 52604 ns
[1460.420s][info ][safepoint      ] Safepoint "Cleanup", Time since last: 1000118636 ns, Reaching safepoint: 63705 ns, At safepoint: 3500 ns, Total: 67205 ns
[1461.420s][info ][safepoint      ] Safepoint "Cleanup", Time since last: 1000114836 ns, Reaching safepoint: 52004 ns, At safepoint: 5600 ns, Total: 57604 ns
[1463.420s][info ][safepoint      ] Safepoint "Cleanup", Time since last: 2000183369 ns, Reaching safepoint: 48303 ns, At safepoint: 4100 ns, Total: 52403 ns
[1463.997s][info ][gc,start       ] GC(79) Pause Young (Allocation Failure)
[1464.043s][debug][gc,phases      ] GC(79) Scavenge 45.850ms
[1464.043s][debug][gc,ref         ] GC(79) Skipped phase 1 of Reference Processing: no references
[1464.043s][debug][gc,ref         ] GC(79) ReferenceProcessor::execute queues: 1, RefProcThreadModel::Single, marks_oops_alive: false
[1464.043s][debug][gc,ref         ] GC(79) Skipped phase 3 of Reference Processing: no references
[1464.043s][debug][gc,ref         ] GC(79) ReferenceProcessor::execute queues: 1, RefProcThreadModel::Single, marks_oops_alive: false
[1464.043s][debug][gc,phases      ] GC(79) Reference Processing 0.121ms
[1464.043s][debug][gc,phases      ] GC(79)   VM Weak                        Min:  0.0, Avg:  0.0, Max:  0.0, Diff:  0.0, Sum:  0.0, Workers: 4
[1464.043s][debug][gc,phases      ] GC(79)     Dead                           Min: 0, Avg:  0.0, Max: 0, Diff: 0, Sum: 0, Workers: 4
[1464.043s][debug][gc,phases      ] GC(79)     Total                          Min: 0, Avg: 229.5, Max: 598, Diff: 598, Sum: 918, Workers: 4
[1464.043s][debug][gc,phases      ] GC(79)   ObjectSynchronizer Weak        Min:  0.0, Avg:  0.0, Max:  0.0, Diff:  0.0, Sum:  0.0, Workers: 4
[1464.043s][debug][gc,phases      ] GC(79)     Dead                           Min: 0, Avg:  0.0, Max: 0, Diff: 0, Sum: 0, Workers: 4
[1464.043s][debug][gc,phases      ] GC(79)     Total                          Min: 0, Avg: 25.2, Max: 64, Diff: 64, Sum: 101, Workers: 4
[1464.043s][debug][gc,phases      ] GC(79)   JVMTI Tag Weak OopStorage      Min:  0.0, Avg:  0.0, Max:  0.0, Diff:  0.0, Sum:  0.0, Workers: 4
[1464.043s][debug][gc,phases      ] GC(79)     Dead                           Min: 0, Avg:  0.0, Max: 0, Diff: 0, Sum: 0, Workers: 4
[1464.043s][debug][gc,phases      ] GC(79)     Total                          Min: 0, Avg:  0.0, Max: 0, Diff: 0, Sum: 0, Workers: 4
[1464.043s][debug][gc,phases      ] GC(79)   StringTable Weak               Min:  0.0, Avg:  0.1, Max:  0.1, Diff:  0.1, Sum:  0.4, Workers: 4
[1464.043s][debug][gc,phases      ] GC(79)     Dead                           Min: 0, Avg:  0.0, Max: 0, Diff: 0, Sum: 0, Workers: 4
[1464.043s][debug][gc,phases      ] GC(79)     Total                          Min: 0, Avg: 10995.8, Max: 15104, Diff: 15104, Sum: 43983, Workers: 4
[1464.043s][debug][gc,phases      ] GC(79)   ResolvedMethodTable Weak       Min:  0.0, Avg:  0.0, Max:  0.0, Diff:  0.0, Sum:  0.1, Workers: 4
[1464.043s][debug][gc,phases      ] GC(79)     Dead                           Min: 0, Avg:  4.2, Max: 17, Diff: 17, Sum: 17, Workers: 4
[1464.043s][debug][gc,phases      ] GC(79)     Total                          Min: 0, Avg: 2508.2, Max: 3516, Diff: 3516, Sum: 10033, Workers: 4
[1464.043s][debug][gc,phases      ] GC(79)   JNI Weak                       Min:  0.0, Avg:  0.0, Max:  0.0, Diff:  0.0, Sum:  0.0, Workers: 4
[1464.043s][debug][gc,phases      ] GC(79)     Dead                           Min: 0, Avg:  0.0, Max: 0, Diff: 0, Sum: 0, Workers: 4
[1464.043s][debug][gc,phases      ] GC(79)     Total                          Min: 0, Avg: 11.2, Max: 45, Diff: 45, Sum: 45, Workers: 4
[1464.043s][debug][gc,phases      ] GC(79)   StringDedup Table Weak         Min:  0.0, Avg:  0.0, Max:  0.0, Diff:  0.0, Sum:  0.0, Workers: 4
[1464.043s][debug][gc,phases      ] GC(79)     Dead                           Min: 0, Avg:  0.0, Max: 0, Diff: 0, Sum: 0, Workers: 4
[1464.043s][debug][gc,phases      ] GC(79)     Total                          Min: 0, Avg:  0.0, Max: 0, Diff: 0, Sum: 0, Workers: 4
[1464.043s][debug][gc,phases      ] GC(79)   StringDedup Requests0 Weak     Min:  0.0, Avg:  0.0, Max:  0.0, Diff:  0.0, Sum:  0.0, Workers: 4
[1464.043s][debug][gc,phases      ] GC(79)     Dead                           Min: 0, Avg:  0.0, Max: 0, Diff: 0, Sum: 0, Workers: 4
[1464.043s][debug][gc,phases      ] GC(79)     Total                          Min: 0, Avg:  0.0, Max: 0, Diff: 0, Sum: 0, Workers: 4
[1464.043s][debug][gc,phases      ] GC(79)   StringDedup Requests1 Weak     Min:  0.0, Avg:  0.0, Max:  0.0, Diff:  0.0, Sum:  0.0, Workers: 4
[1464.043s][debug][gc,phases      ] GC(79)     Dead                           Min: 0, Avg:  0.0, Max: 0, Diff: 0, Sum: 0, Workers: 4
[1464.043s][debug][gc,phases      ] GC(79)     Total                          Min: 0, Avg:  0.0, Max: 0, Diff: 0, Sum: 0, Workers: 4
[1464.043s][debug][gc,phases      ] GC(79)   Weak JFR Old Object Samples    Min:  0.0, Avg:  0.0, Max:  0.0, Diff:  0.0, Sum:  0.0, Workers: 4
[1464.043s][debug][gc,phases      ] GC(79)     Dead                           Min: 0, Avg:  0.0, Max: 0, Diff: 0, Sum: 0, Workers: 4
[1464.043s][debug][gc,phases      ] GC(79)     Total                          Min: 0, Avg:  0.0, Max: 0, Diff: 0, Sum: 0, Workers: 4
[1464.043s][debug][gc,phases      ] GC(79) Weak Processing 0.414ms
[1464.044s][debug][gc,age         ] GC(79) Desired survivor size 184549376 bytes, new threshold 15 (max threshold 15)
[1464.044s][info ][gc,heap        ] GC(79) PSYoungGen: 1924556K(1924608K)->133904K(1905152K) Eden: 1790976K(1790976K)->0K(1736704K) From: 133580K(133632K)->133904K(168448K)
[1464.044s][info ][gc,heap        ] GC(79) ParOldGen: 628337K(662528K)->628337K(662528K)
[1464.044s][info ][gc,metaspace   ] GC(79) Metaspace: 83819K(84992K)->83819K(84992K) NonClass: 71876K(72512K)->71876K(72512K) Class: 11942K(12480K)->11942K(12480K)
[1464.044s][info ][gc             ] GC(79) Pause Young (Allocation Failure) 2493M->744M(2507M) 46.542ms
[1464.044s][info ][gc,cpu         ] GC(79) User=0.12s Sys=0.02s Real=0.05s
[1464.044s][info ][safepoint      ] Safepoint "ParallelGCFailedAllocation", Time since last: 576832687 ns, Reaching safepoint: 34502 ns, At safepoint: 46636622 ns, Total: 46671124 ns
[1467.044s][info ][safepoint      ] Safepoint "Cleanup", Time since last: 3000231200 ns, Reaching safepoint: 54004 ns, At safepoint: 3400 ns, Total: 57404 ns
[1470.044s][info ][safepoint      ] Safepoint "Cleanup", Time since last: 3000262601 ns, Reaching safepoint: 49704 ns, At safepoint: 7800 ns, Total: 57504 ns
[1471.045s][info ][safepoint      ] Safepoint "Cleanup", Time since last: 1000123537 ns, Reaching safepoint: 178912 ns, At safepoint: 10201 ns, Total: 189113 ns
[1471.606s][info ][gc,start       ] GC(80) Pause Young (Allocation Failure)
[1471.665s][debug][gc,phases      ] GC(80) Scavenge 59.459ms
[1471.665s][debug][gc,ref         ] GC(80) Skipped phase 1 of Reference Processing: no references
[1471.665s][debug][gc,ref         ] GC(80) ReferenceProcessor::execute queues: 1, RefProcThreadModel::Single, marks_oops_alive: false
[1471.665s][debug][gc,ref         ] GC(80) Skipped phase 3 of Reference Processing: no references
[1471.665s][debug][gc,ref         ] GC(80) ReferenceProcessor::execute queues: 1, RefProcThreadModel::Single, marks_oops_alive: false
[1471.666s][debug][gc,phases      ] GC(80) Reference Processing 0.099ms
[1471.666s][debug][gc,phases      ] GC(80)   VM Weak                        Min:  0.0, Avg:  0.0, Max:  0.0, Diff:  0.0, Sum:  0.0, Workers: 4
[1471.666s][debug][gc,phases      ] GC(80)     Dead                           Min: 0, Avg:  0.0, Max: 0, Diff: 0, Sum: 0, Workers: 4
[1471.666s][debug][gc,phases      ] GC(80)     Total                          Min: 0, Avg: 229.5, Max: 576, Diff: 576, Sum: 918, Workers: 4
[1471.666s][debug][gc,phases      ] GC(80)   ObjectSynchronizer Weak        Min:  0.0, Avg:  0.0, Max:  0.0, Diff:  0.0, Sum:  0.0, Workers: 4
[1471.666s][debug][gc,phases      ] GC(80)     Dead                           Min: 0, Avg:  0.0, Max: 0, Diff: 0, Sum: 0, Workers: 4
[1471.666s][debug][gc,phases      ] GC(80)     Total                          Min: 0, Avg: 25.2, Max: 64, Diff: 64, Sum: 101, Workers: 4
[1471.666s][debug][gc,phases      ] GC(80)   JVMTI Tag Weak OopStorage      Min:  0.0, Avg:  0.0, Max:  0.0, Diff:  0.0, Sum:  0.0, Workers: 4
[1471.666s][debug][gc,phases      ] GC(80)     Dead                           Min: 0, Avg:  0.0, Max: 0, Diff: 0, Sum: 0, Workers: 4
[1471.666s][debug][gc,phases      ] GC(80)     Total                          Min: 0, Avg:  0.0, Max: 0, Diff: 0, Sum: 0, Workers: 4
[1471.666s][debug][gc,phases      ] GC(80)   StringTable Weak               Min:  0.0, Avg:  0.1, Max:  0.1, Diff:  0.1, Sum:  0.4, Workers: 4
[1471.666s][debug][gc,phases      ] GC(80)     Dead                           Min: 0, Avg:  0.0, Max: 0, Diff: 0, Sum: 0, Workers: 4
[1471.666s][debug][gc,phases      ] GC(80)     Total                          Min: 0, Avg: 10996.5, Max: 16064, Diff: 16064, Sum: 43986, Workers: 4
[1471.666s][debug][gc,phases      ] GC(80)   ResolvedMethodTable Weak       Min:  0.0, Avg:  0.0, Max:  0.0, Diff:  0.0, Sum:  0.1, Workers: 4
[1471.666s][debug][gc,phases      ] GC(80)     Dead                           Min: 0, Avg:  0.0, Max: 0, Diff: 0, Sum: 0, Workers: 4
[1471.666s][debug][gc,phases      ] GC(80)     Total                          Min: 0, Avg: 2508.2, Max: 3827, Diff: 3827, Sum: 10033, Workers: 4
[1471.666s][debug][gc,phases      ] GC(80)   JNI Weak                       Min:  0.0, Avg:  0.0, Max:  0.0, Diff:  0.0, Sum:  0.0, Workers: 4
[1471.666s][debug][gc,phases      ] GC(80)     Dead                           Min: 0, Avg:  0.0, Max: 0, Diff: 0, Sum: 0, Workers: 4
[1471.666s][debug][gc,phases      ] GC(80)     Total                          Min: 0, Avg: 11.2, Max: 45, Diff: 45, Sum: 45, Workers: 4
[1471.666s][debug][gc,phases      ] GC(80)   StringDedup Table Weak         Min:  0.0, Avg:  0.0, Max:  0.0, Diff:  0.0, Sum:  0.0, Workers: 4
[1471.666s][debug][gc,phases      ] GC(80)     Dead                           Min: 0, Avg:  0.0, Max: 0, Diff: 0, Sum: 0, Workers: 4
[1471.666s][debug][gc,phases      ] GC(80)     Total                          Min: 0, Avg:  0.0, Max: 0, Diff: 0, Sum: 0, Workers: 4
[1471.666s][debug][gc,phases      ] GC(80)   StringDedup Requests0 Weak     Min:  0.0, Avg:  0.0, Max:  0.0, Diff:  0.0, Sum:  0.0, Workers: 4
[1471.666s][debug][gc,phases      ] GC(80)     Dead                           Min: 0, Avg:  0.0, Max: 0, Diff: 0, Sum: 0, Workers: 4
[1471.666s][debug][gc,phases      ] GC(80)     Total                          Min: 0, Avg:  0.0, Max: 0, Diff: 0, Sum: 0, Workers: 4
[1471.666s][debug][gc,phases      ] GC(80)   StringDedup Requests1 Weak     Min:  0.0, Avg:  0.0, Max:  0.0, Diff:  0.0, Sum:  0.0, Workers: 4
[1471.666s][debug][gc,phases      ] GC(80)     Dead                           Min: 0, Avg:  0.0, Max: 0, Diff: 0, Sum: 0, Workers: 4
[1471.666s][debug][gc,phases      ] GC(80)     Total                          Min: 0, Avg:  0.0, Max: 0, Diff: 0, Sum: 0, Workers: 4
[1471.666s][debug][gc,phases      ] GC(80)   Weak JFR Old Object Samples    Min:  0.0, Avg:  0.0, Max:  0.0, Diff:  0.0, Sum:  0.0, Workers: 4
[1471.666s][debug][gc,phases      ] GC(80)     Dead                           Min: 0, Avg:  0.0, Max: 0, Diff: 0, Sum: 0, Workers: 4
[1471.666s][debug][gc,phases      ] GC(80)     Total                          Min: 0, Avg:  0.0, Max: 0, Diff: 0, Sum: 0, Workers: 4
[1471.666s][debug][gc,phases      ] GC(80) Weak Processing 0.357ms
[1471.666s][debug][gc,age         ] GC(80) Desired survivor size 209190912 bytes, new threshold 15 (max threshold 15)
[1471.666s][info ][gc,heap        ] GC(80) PSYoungGen: 1870608K(1905152K)->173616K(1910784K) Eden: 1736704K(1736704K)->0K(1736704K) From: 133904K(168448K)->173616K(174080K)
[1471.666s][info ][gc,heap        ] GC(80) ParOldGen: 628337K(662528K)->628401K(662528K)
[1471.666s][info ][gc,metaspace   ] GC(80) Metaspace: 83825K(84992K)->83825K(84992K) NonClass: 71882K(72512K)->71882K(72512K) Class: 11942K(12480K)->11942K(12480K)
[1471.666s][info ][gc             ] GC(80) Pause Young (Allocation Failure) 2440M->783M(2513M) 60.059ms
[1471.666s][info ][gc,cpu         ] GC(80) User=0.17s Sys=0.00s Real=0.06s
[1471.666s][info ][safepoint      ] Safepoint "ParallelGCFailedAllocation", Time since last: 561171171 ns, Reaching safepoint: 115908 ns, At safepoint: 60152085 ns, Total: 60267993 ns
[1472.666s][info ][safepoint      ] Safepoint "Cleanup", Time since last: 1000087733 ns, Reaching safepoint: 66305 ns, At safepoint: 5300 ns, Total: 71605 ns
[1473.666s][info ][safepoint      ] Safepoint "Cleanup", Time since last: 1000127337 ns, Reaching safepoint: 49804 ns, At safepoint: 2800 ns, Total: 52604 ns
[1474.670s][info ][safepoint      ] Safepoint "Cleanup", Time since last: 1000112035 ns, Reaching safepoint: 3846674 ns, At safepoint: 8601 ns, Total: 3855275 ns
[1475.674s][info ][safepoint      ] Safepoint "Cleanup", Time since last: 1004021713 ns, Reaching safepoint: 122109 ns, At safepoint: 4801 ns, Total: 126910 ns
[1476.784s][info ][safepoint      ] Safepoint "Cleanup", Time since last: 1109330514 ns, Reaching safepoint: 76006 ns, At safepoint: 4100 ns, Total: 80106 ns
[1477.784s][info ][safepoint      ] Safepoint "Cleanup", Time since last: 1000112235 ns, Reaching safepoint: 50004 ns, At safepoint: 7200 ns, Total: 57204 ns
[1480.784s][info ][safepoint      ] Safepoint "Cleanup", Time since last: 3000248300 ns, Reaching safepoint: 31602 ns, At safepoint: 3200 ns, Total: 34802 ns
[1481.350s][info ][gc,start       ] GC(81) Pause Young (Allocation Failure)
[1481.416s][debug][gc,phases      ] GC(81) Scavenge 65.869ms
[1481.416s][debug][gc,ref         ] GC(81) Skipped phase 1 of Reference Processing: no references
[1481.417s][debug][gc,ref         ] GC(81) ReferenceProcessor::execute queues: 1, RefProcThreadModel::Single, marks_oops_alive: false
[1481.417s][debug][gc,ref         ] GC(81) Skipped phase 3 of Reference Processing: no references
[1481.417s][debug][gc,ref         ] GC(81) ReferenceProcessor::execute queues: 1, RefProcThreadModel::Single, marks_oops_alive: false
[1481.417s][debug][gc,phases      ] GC(81) Reference Processing 0.125ms
[1481.417s][debug][gc,phases      ] GC(81)   VM Weak                        Min:  0.0, Avg:  0.0, Max:  0.0, Diff:  0.0, Sum:  0.0, Workers: 4
[1481.417s][debug][gc,phases      ] GC(81)     Dead                           Min: 0, Avg:  0.0, Max: 0, Diff: 0, Sum: 0, Workers: 4
[1481.417s][debug][gc,phases      ] GC(81)     Total                          Min: 0, Avg: 229.5, Max: 726, Diff: 726, Sum: 918, Workers: 4
[1481.417s][debug][gc,phases      ] GC(81)   ObjectSynchronizer Weak        Min:  0.0, Avg:  0.0, Max:  0.0, Diff:  0.0, Sum:  0.0, Workers: 4
[1481.417s][debug][gc,phases      ] GC(81)     Dead                           Min: 0, Avg:  0.0, Max: 0, Diff: 0, Sum: 0, Workers: 4
[1481.417s][debug][gc,phases      ] GC(81)     Total                          Min: 0, Avg: 25.2, Max: 64, Diff: 64, Sum: 101, Workers: 4
[1481.417s][debug][gc,phases      ] GC(81)   JVMTI Tag Weak OopStorage      Min:  0.0, Avg:  0.0, Max:  0.0, Diff:  0.0, Sum:  0.0, Workers: 4
[1481.417s][debug][gc,phases      ] GC(81)     Dead                           Min: 0, Avg:  0.0, Max: 0, Diff: 0, Sum: 0, Workers: 4
[1481.417s][debug][gc,phases      ] GC(81)     Total                          Min: 0, Avg:  0.0, Max: 0, Diff: 0, Sum: 0, Workers: 4
[1481.417s][debug][gc,phases      ] GC(81)   StringTable Weak               Min:  0.0, Avg:  0.1, Max:  0.1, Diff:  0.1, Sum:  0.4, Workers: 4
[1481.417s][debug][gc,phases      ] GC(81)     Dead                           Min: 0, Avg:  0.0, Max: 0, Diff: 0, Sum: 0, Workers: 4
[1481.417s][debug][gc,phases      ] GC(81)     Total                          Min: 0, Avg: 10998.2, Max: 15641, Diff: 15641, Sum: 43993, Workers: 4
[1481.417s][debug][gc,phases      ] GC(81)   ResolvedMethodTable Weak       Min:  0.0, Avg:  0.0, Max:  0.0, Diff:  0.0, Sum:  0.1, Workers: 4
[1481.417s][debug][gc,phases      ] GC(81)     Dead                           Min: 0, Avg:  0.0, Max: 0, Diff: 0, Sum: 0, Workers: 4
[1481.417s][debug][gc,phases      ] GC(81)     Total                          Min: 0, Avg: 2508.8, Max: 3518, Diff: 3518, Sum: 10035, Workers: 4
[1481.417s][debug][gc,phases      ] GC(81)   JNI Weak                       Min:  0.0, Avg:  0.0, Max:  0.0, Diff:  0.0, Sum:  0.0, Workers: 4
[1481.417s][debug][gc,phases      ] GC(81)     Dead                           Min: 0, Avg:  0.0, Max: 0, Diff: 0, Sum: 0, Workers: 4
[1481.417s][debug][gc,phases      ] GC(81)     Total                          Min: 0, Avg: 11.2, Max: 45, Diff: 45, Sum: 45, Workers: 4
[1481.417s][debug][gc,phases      ] GC(81)   StringDedup Table Weak         Min:  0.0, Avg:  0.0, Max:  0.0, Diff:  0.0, Sum:  0.0, Workers: 4
[1481.417s][debug][gc,phases      ] GC(81)     Dead                           Min: 0, Avg:  0.0, Max: 0, Diff: 0, Sum: 0, Workers: 4
[1481.417s][debug][gc,phases      ] GC(81)     Total                          Min: 0, Avg:  0.0, Max: 0, Diff: 0, Sum: 0, Workers: 4
[1481.417s][debug][gc,phases      ] GC(81)   StringDedup Requests0 Weak     Min:  0.0, Avg:  0.0, Max:  0.0, Diff:  0.0, Sum:  0.0, Workers: 4
[1481.417s][debug][gc,phases      ] GC(81)     Dead                           Min: 0, Avg:  0.0, Max: 0, Diff: 0, Sum: 0, Workers: 4
[1481.417s][debug][gc,phases      ] GC(81)     Total                          Min: 0, Avg:  0.0, Max: 0, Diff: 0, Sum: 0, Workers: 4
[1481.417s][debug][gc,phases      ] GC(81)   StringDedup Requests1 Weak     Min:  0.0, Avg:  0.0, Max:  0.0, Diff:  0.0, Sum:  0.0, Workers: 4
[1481.417s][debug][gc,phases      ] GC(81)     Dead                           Min: 0, Avg:  0.0, Max: 0, Diff: 0, Sum: 0, Workers: 4
[1481.417s][debug][gc,phases      ] GC(81)     Total                          Min: 0, Avg:  0.0, Max: 0, Diff: 0, Sum: 0, Workers: 4
[1481.417s][debug][gc,phases      ] GC(81)   Weak JFR Old Object Samples    Min:  0.0, Avg:  0.0, Max:  0.0, Diff:  0.0, Sum:  0.0, Workers: 4
[1481.417s][debug][gc,phases      ] GC(81)     Dead                           Min: 0, Avg:  0.0, Max: 0, Diff: 0, Sum: 0, Workers: 4
[1481.417s][debug][gc,phases      ] GC(81)     Total                          Min: 0, Avg:  0.0, Max: 0, Diff: 0, Sum: 0, Workers: 4
[1481.417s][debug][gc,phases      ] GC(81) Weak Processing 0.430ms
[1481.417s][debug][gc,age         ] GC(81) Desired survivor size 230686720 bytes, new threshold 15 (max threshold 15)
[1481.417s][info ][gc,heap        ] GC(81) PSYoungGen: 1910320K(1910784K)->178800K(1832960K) Eden: 1736704K(1736704K)->0K(1646592K) From: 173616K(174080K)->178800K(186368K)
[1481.417s][info ][gc,heap        ] GC(81) ParOldGen: 628401K(662528K)->628913K(662528K)
[1481.417s][info ][gc,metaspace   ] GC(81) Metaspace: 83833K(84992K)->83833K(84992K) NonClass: 71889K(72512K)->71889K(72512K) Class: 11944K(12480K)->11944K(12480K)
[1481.417s][info ][gc             ] GC(81) Pause Young (Allocation Failure) 2479M->788M(2437M) 66.573ms
[1481.417s][info ][gc,cpu         ] GC(81) User=0.20s Sys=0.00s Real=0.06s
[1481.417s][info ][safepoint      ] Safepoint "ParallelGCFailedAllocation", Time since last: 565513780 ns, Reaching safepoint: 620044 ns, At safepoint: 66681450 ns, Total: 67301494 ns
[1482.417s][info ][safepoint      ] Safepoint "Cleanup", Time since last: 1000087933 ns, Reaching safepoint: 127209 ns, At safepoint: 11801 ns, Total: 139010 ns
[1483.417s][info ][safepoint      ] Safepoint "Cleanup", Time since last: 1000114335 ns, Reaching safepoint: 42603 ns, At safepoint: 2900 ns, Total: 45503 ns
[1484.418s][info ][safepoint      ] Safepoint "Cleanup", Time since last: 1000127637 ns, Reaching safepoint: 113908 ns, At safepoint: 11600 ns, Total: 125508 ns
[1485.418s][info ][safepoint      ] Safepoint "Cleanup", Time since last: 1000106635 ns, Reaching safepoint: 40003 ns, At safepoint: 3100 ns, Total: 43103 ns
[1487.910s][info ][gc,start       ] GC(82) Pause Young (Allocation Failure)
[1487.962s][debug][gc,phases      ] GC(82) Scavenge 52.254ms
[1487.962s][debug][gc,ref         ] GC(82) Skipped phase 1 of Reference Processing: no references
[1487.962s][debug][gc,ref         ] GC(82) ReferenceProcessor::execute queues: 1, RefProcThreadModel::Single, marks_oops_alive: false
[1487.962s][debug][gc,ref         ] GC(82) Skipped phase 3 of Reference Processing: no references
[1487.962s][debug][gc,ref         ] GC(82) ReferenceProcessor::execute queues: 1, RefProcThreadModel::Single, marks_oops_alive: false
[1487.962s][debug][gc,phases      ] GC(82) Reference Processing 0.106ms
[1487.962s][debug][gc,phases      ] GC(82)   VM Weak                        Min:  0.0, Avg:  0.0, Max:  0.0, Diff:  0.0, Sum:  0.0, Workers: 4
[1487.962s][debug][gc,phases      ] GC(82)     Dead                           Min: 0, Avg:  0.0, Max: 0, Diff: 0, Sum: 0, Workers: 4
[1487.962s][debug][gc,phases      ] GC(82)     Total                          Min: 0, Avg: 229.5, Max: 448, Diff: 448, Sum: 918, Workers: 4
[1487.962s][debug][gc,phases      ] GC(82)   ObjectSynchronizer Weak        Min:  0.0, Avg:  0.0, Max:  0.0, Diff:  0.0, Sum:  0.0, Workers: 4
[1487.962s][debug][gc,phases      ] GC(82)     Dead                           Min: 0, Avg:  0.0, Max: 0, Diff: 0, Sum: 0, Workers: 4
[1487.962s][debug][gc,phases      ] GC(82)     Total                          Min: 0, Avg: 25.2, Max: 64, Diff: 64, Sum: 101, Workers: 4
[1487.962s][debug][gc,phases      ] GC(82)   JVMTI Tag Weak OopStorage      Min:  0.0, Avg:  0.0, Max:  0.0, Diff:  0.0, Sum:  0.0, Workers: 4
[1487.962s][debug][gc,phases      ] GC(82)     Dead                           Min: 0, Avg:  0.0, Max: 0, Diff: 0, Sum: 0, Workers: 4
[1487.962s][debug][gc,phases      ] GC(82)     Total                          Min: 0, Avg:  0.0, Max: 0, Diff: 0, Sum: 0, Workers: 4
[1487.962s][debug][gc,phases      ] GC(82)   StringTable Weak               Min:  0.0, Avg:  0.1, Max:  0.2, Diff:  0.2, Sum:  0.5, Workers: 4
[1487.962s][debug][gc,phases      ] GC(82)     Dead                           Min: 0, Avg:  0.0, Max: 0, Diff: 0, Sum: 0, Workers: 4
[1487.962s][debug][gc,phases      ] GC(82)     Total                          Min: 0, Avg: 10998.8, Max: 15195, Diff: 15195, Sum: 43995, Workers: 4
[1487.962s][debug][gc,phases      ] GC(82)   ResolvedMethodTable Weak       Min:  0.0, Avg:  0.0, Max:  0.0, Diff:  0.0, Sum:  0.1, Workers: 4
[1487.962s][debug][gc,phases      ] GC(82)     Dead                           Min: 0, Avg:  0.0, Max: 0, Diff: 0, Sum: 0, Workers: 4
[1487.962s][debug][gc,phases      ] GC(82)     Total                          Min: 0, Avg: 2508.8, Max: 3700, Diff: 3700, Sum: 10035, Workers: 4
[1487.962s][debug][gc,phases      ] GC(82)   JNI Weak                       Min:  0.0, Avg:  0.0, Max:  0.0, Diff:  0.0, Sum:  0.0, Workers: 4
[1487.962s][debug][gc,phases      ] GC(82)     Dead                           Min: 0, Avg:  0.0, Max: 0, Diff: 0, Sum: 0, Workers: 4
[1487.962s][debug][gc,phases      ] GC(82)     Total                          Min: 0, Avg: 11.2, Max: 45, Diff: 45, Sum: 45, Workers: 4
[1487.962s][debug][gc,phases      ] GC(82)   StringDedup Table Weak         Min:  0.0, Avg:  0.0, Max:  0.0, Diff:  0.0, Sum:  0.0, Workers: 4
[1487.962s][debug][gc,phases      ] GC(82)     Dead                           Min: 0, Avg:  0.0, Max: 0, Diff: 0, Sum: 0, Workers: 4
[1487.962s][debug][gc,phases      ] GC(82)     Total                          Min: 0, Avg:  0.0, Max: 0, Diff: 0, Sum: 0, Workers: 4
[1487.962s][debug][gc,phases      ] GC(82)   StringDedup Requests0 Weak     Min:  0.0, Avg:  0.0, Max:  0.0, Diff:  0.0, Sum:  0.0, Workers: 4
[1487.962s][debug][gc,phases      ] GC(82)     Dead                           Min: 0, Avg:  0.0, Max: 0, Diff: 0, Sum: 0, Workers: 4
[1487.962s][debug][gc,phases      ] GC(82)     Total                          Min: 0, Avg:  0.0, Max: 0, Diff: 0, Sum: 0, Workers: 4
[1487.962s][debug][gc,phases      ] GC(82)   StringDedup Requests1 Weak     Min:  0.0, Avg:  0.0, Max:  0.0, Diff:  0.0, Sum:  0.0, Workers: 4
[1487.962s][debug][gc,phases      ] GC(82)     Dead                           Min: 0, Avg:  0.0, Max: 0, Diff: 0, Sum: 0, Workers: 4
[1487.962s][debug][gc,phases      ] GC(82)     Total                          Min: 0, Avg:  0.0, Max: 0, Diff: 0, Sum: 0, Workers: 4
[1487.962s][debug][gc,phases      ] GC(82)   Weak JFR Old Object Samples    Min:  0.0, Avg:  0.0, Max:  0.0, Diff:  0.0, Sum:  0.0, Workers: 4
[1487.962s][debug][gc,phases      ] GC(82)     Dead                           Min: 0, Avg:  0.0, Max: 0, Diff: 0, Sum: 0, Workers: 4
[1487.962s][debug][gc,phases      ] GC(82)     Total                          Min: 0, Avg:  0.0, Max: 0, Diff: 0, Sum: 0, Workers: 4
[1487.962s][debug][gc,phases      ] GC(82) Weak Processing 0.391ms
[1487.962s][debug][gc,age         ] GC(82) Desired survivor size 244842496 bytes, new threshold 15 (max threshold 15)
[1487.962s][info ][gc,heap        ] GC(82) PSYoungGen: 1825392K(1832960K)->170672K(1817600K) Eden: 1646592K(1646592K)->0K(1646592K) From: 178800K(186368K)->170672K(171008K)
[1487.962s][info ][gc,heap        ] GC(82) ParOldGen: 628913K(662528K)->628977K(662528K)
[1487.963s][info ][gc,metaspace   ] GC(82) Metaspace: 83840K(84992K)->83840K(84992K) NonClass: 71896K(72512K)->71896K(72512K) Class: 11944K(12480K)->11944K(12480K)
[1487.963s][info ][gc             ] GC(82) Pause Young (Allocation Failure) 2396M->780M(2422M) 52.893ms
[1487.963s][info ][gc,cpu         ] GC(82) User=0.17s Sys=0.00s Real=0.06s
[1487.963s][info ][safepoint      ] Safepoint "ParallelGCFailedAllocation", Time since last: 2491593569 ns, Reaching safepoint: 102307 ns, At safepoint: 52973673 ns, Total: 53075980 ns
[1498.150s][info ][safepoint      ] Safepoint "Cleanup", Time since last: 10186131325 ns, Reaching safepoint: 1600314 ns, At safepoint: 9101 ns, Total: 1609415 ns
[1499.151s][info ][safepoint      ] Safepoint "Cleanup", Time since last: 1000121235 ns, Reaching safepoint: 148211 ns, At safepoint: 7400 ns, Total: 155611 ns
[1500.631s][info ][gc,start       ] GC(83) Pause Young (Allocation Failure)
[1500.742s][debug][gc,phases      ] GC(83) Scavenge 110.585ms
[1500.742s][debug][gc,ref         ] GC(83) Skipped phase 1 of Reference Processing: no references
[1500.742s][debug][gc,ref         ] GC(83) ReferenceProcessor::execute queues: 1, RefProcThreadModel::Single, marks_oops_alive: false
[1500.742s][debug][gc,ref         ] GC(83) Skipped phase 3 of Reference Processing: no references
[1500.742s][debug][gc,ref         ] GC(83) ReferenceProcessor::execute queues: 1, RefProcThreadModel::Single, marks_oops_alive: false
[1500.742s][debug][gc,phases      ] GC(83) Reference Processing 0.102ms
[1500.742s][debug][gc,phases      ] GC(83)   VM Weak                        Min:  0.0, Avg:  0.1, Max:  0.2, Diff:  0.2, Sum:  0.2, Workers: 4
[1500.742s][debug][gc,phases      ] GC(83)     Dead                           Min: 0, Avg:  0.0, Max: 0, Diff: 0, Sum: 0, Workers: 4
[1500.742s][debug][gc,phases      ] GC(83)     Total                          Min: 150, Avg: 229.5, Max: 256, Diff: 106, Sum: 918, Workers: 4
[1500.742s][debug][gc,phases      ] GC(83)   ObjectSynchronizer Weak        Min:  0.0, Avg:  0.0, Max:  0.0, Diff:  0.0, Sum:  0.0, Workers: 4
[1500.742s][debug][gc,phases      ] GC(83)     Dead                           Min: 0, Avg:  0.0, Max: 0, Diff: 0, Sum: 0, Workers: 4
[1500.742s][debug][gc,phases      ] GC(83)     Total                          Min: 0, Avg: 25.2, Max: 64, Diff: 64, Sum: 101, Workers: 4
[1500.742s][debug][gc,phases      ] GC(83)   JVMTI Tag Weak OopStorage      Min:  0.0, Avg:  0.0, Max:  0.0, Diff:  0.0, Sum:  0.0, Workers: 4
[1500.742s][debug][gc,phases      ] GC(83)     Dead                           Min: 0, Avg:  0.0, Max: 0, Diff: 0, Sum: 0, Workers: 4
[1500.742s][debug][gc,phases      ] GC(83)     Total                          Min: 0, Avg:  0.0, Max: 0, Diff: 0, Sum: 0, Workers: 4
[1500.742s][debug][gc,phases      ] GC(83)   StringTable Weak               Min:  0.0, Avg:  0.1, Max:  0.1, Diff:  0.1, Sum:  0.4, Workers: 4
[1500.742s][debug][gc,phases      ] GC(83)     Dead                           Min: 0, Avg:  0.0, Max: 0, Diff: 0, Sum: 0, Workers: 4
[1500.742s][debug][gc,phases      ] GC(83)     Total                          Min: 0, Avg: 10999.5, Max: 15070, Diff: 15070, Sum: 43998, Workers: 4
[1500.742s][debug][gc,phases      ] GC(83)   ResolvedMethodTable Weak       Min:  0.0, Avg:  0.0, Max:  0.0, Diff:  0.0, Sum:  0.1, Workers: 4
[1500.742s][debug][gc,phases      ] GC(83)     Dead                           Min: 0, Avg:  0.0, Max: 0, Diff: 0, Sum: 0, Workers: 4
[1500.742s][debug][gc,phases      ] GC(83)     Total                          Min: 0, Avg: 2508.8, Max: 3582, Diff: 3582, Sum: 10035, Workers: 4
[1500.742s][debug][gc,phases      ] GC(83)   JNI Weak                       Min:  0.0, Avg:  0.0, Max:  0.0, Diff:  0.0, Sum:  0.0, Workers: 4
[1500.742s][debug][gc,phases      ] GC(83)     Dead                           Min: 0, Avg:  0.0, Max: 0, Diff: 0, Sum: 0, Workers: 4
[1500.742s][debug][gc,phases      ] GC(83)     Total                          Min: 0, Avg: 11.2, Max: 45, Diff: 45, Sum: 45, Workers: 4
[1500.742s][debug][gc,phases      ] GC(83)   StringDedup Table Weak         Min:  0.0, Avg:  0.0, Max:  0.0, Diff:  0.0, Sum:  0.0, Workers: 4
[1500.742s][debug][gc,phases      ] GC(83)     Dead                           Min: 0, Avg:  0.0, Max: 0, Diff: 0, Sum: 0, Workers: 4
[1500.742s][debug][gc,phases      ] GC(83)     Total                          Min: 0, Avg:  0.0, Max: 0, Diff: 0, Sum: 0, Workers: 4
[1500.742s][debug][gc,phases      ] GC(83)   StringDedup Requests0 Weak     Min:  0.0, Avg:  0.0, Max:  0.0, Diff:  0.0, Sum:  0.0, Workers: 4
[1500.742s][debug][gc,phases      ] GC(83)     Dead                           Min: 0, Avg:  0.0, Max: 0, Diff: 0, Sum: 0, Workers: 4
[1500.742s][debug][gc,phases      ] GC(83)     Total                          Min: 0, Avg:  0.0, Max: 0, Diff: 0, Sum: 0, Workers: 4
[1500.742s][debug][gc,phases      ] GC(83)   StringDedup Requests1 Weak     Min:  0.0, Avg:  0.0, Max:  0.0, Diff:  0.0, Sum:  0.0, Workers: 4
[1500.742s][debug][gc,phases      ] GC(83)     Dead                           Min: 0, Avg:  0.0, Max: 0, Diff: 0, Sum: 0, Workers: 4
[1500.742s][debug][gc,phases      ] GC(83)     Total                          Min: 0, Avg:  0.0, Max: 0, Diff: 0, Sum: 0, Workers: 4
[1500.742s][debug][gc,phases      ] GC(83)   Weak JFR Old Object Samples    Min:  0.0, Avg:  0.0, Max:  0.0, Diff:  0.0, Sum:  0.0, Workers: 4
[1500.742s][debug][gc,phases      ] GC(83)     Dead                           Min: 0, Avg:  0.0, Max: 0, Diff: 0, Sum: 0, Workers: 4
[1500.742s][debug][gc,phases      ] GC(83)     Total                          Min: 0, Avg:  0.0, Max: 0, Diff: 0, Sum: 0, Workers: 4
[1500.742s][debug][gc,phases      ] GC(83) Weak Processing 0.384ms
[1500.742s][debug][gc,age         ] GC(83) Desired survivor size 287834112 bytes, new threshold 14 (max threshold 15)
[1500.742s][info ][gc,heap        ] GC(83) PSYoungGen: 1817264K(1817600K)->239088K(1774080K) Eden: 1646592K(1646592K)->0K(1534976K) From: 170672K(171008K)->239088K(239104K)
[1500.742s][info ][gc,heap        ] GC(83) ParOldGen: 628977K(662528K)->646040K(662528K)
[1500.742s][info ][gc,metaspace   ] GC(83) Metaspace: 83848K(84992K)->83848K(84992K) NonClass: 71904K(72512K)->71904K(72512K) Class: 11944K(12480K)->11944K(12480K)
[1500.742s][info ][gc             ] GC(83) Pause Young (Allocation Failure) 2388M->864M(2379M) 111.206ms
[1500.742s][info ][gc,cpu         ] GC(83) User=0.34s Sys=0.00s Real=0.11s
[1500.742s][debug][gc,phases      ] GC(84) Pre Compact 0.009ms
[1500.742s][info ][gc,start       ] GC(84) Pause Full (Ergonomics)
[1500.742s][info ][gc,phases,start] GC(84) Marking Phase
[1500.982s][debug][gc,phases      ] GC(84) Par Mark 240.059ms
[1500.982s][debug][gc,ref         ] GC(84) Skipped phase 1 of Reference Processing: no references
[1500.983s][debug][gc,ref         ] GC(84) ReferenceProcessor::execute queues: 4, RefProcThreadModel::Multi, marks_oops_alive: false
[1500.983s][debug][gc,ref         ] GC(84) Skipped phase 3 of Reference Processing: no references
[1500.983s][debug][gc,ref         ] GC(84) ReferenceProcessor::execute queues: 1, RefProcThreadModel::Single, marks_oops_alive: false
[1500.983s][debug][gc,phases      ] GC(84) Reference Processing 0.832ms
[1500.983s][debug][gc,phases      ] GC(84)   VM Weak                        Min:  0.0, Avg:  0.0, Max:  0.0, Diff:  0.0, Sum:  0.0, Workers: 4
[1500.983s][debug][gc,phases      ] GC(84)     Dead                           Min: 0, Avg:  0.0, Max: 0, Diff: 0, Sum: 0, Workers: 4
[1500.984s][debug][gc,phases      ] GC(84)     Total                          Min: 0, Avg: 229.5, Max: 448, Diff: 448, Sum: 918, Workers: 4
[1500.984s][debug][gc,phases      ] GC(84)   ObjectSynchronizer Weak        Min:  0.0, Avg:  0.0, Max:  0.0, Diff:  0.0, Sum:  0.0, Workers: 4
[1500.984s][debug][gc,phases      ] GC(84)     Dead                           Min: 0, Avg:  0.0, Max: 0, Diff: 0, Sum: 0, Workers: 4
[1500.984s][debug][gc,phases      ] GC(84)     Total                          Min: 0, Avg: 25.2, Max: 64, Diff: 64, Sum: 101, Workers: 4
[1500.984s][debug][gc,phases      ] GC(84)   JVMTI Tag Weak OopStorage      Min:  0.0, Avg:  0.0, Max:  0.0, Diff:  0.0, Sum:  0.0, Workers: 4
[1500.984s][debug][gc,phases      ] GC(84)     Dead                           Min: 0, Avg:  0.0, Max: 0, Diff: 0, Sum: 0, Workers: 4
[1500.984s][debug][gc,phases      ] GC(84)     Total                          Min: 0, Avg:  0.0, Max: 0, Diff: 0, Sum: 0, Workers: 4
[1500.984s][debug][gc,phases      ] GC(84)   StringTable Weak               Min:  0.2, Avg:  0.2, Max:  0.2, Diff:  0.0, Sum:  0.7, Workers: 4
[1500.984s][debug][gc,phases      ] GC(84)     Dead                           Min: 0, Avg:  0.0, Max: 0, Diff: 0, Sum: 0, Workers: 4
[1500.984s][debug][gc,phases      ] GC(84)     Total                          Min: 10880, Avg: 10999.5, Max: 11200, Diff: 320, Sum: 43998, Workers: 4
[1500.984s][debug][gc,phases      ] GC(84)   ResolvedMethodTable Weak       Min:  0.0, Avg:  0.0, Max:  0.0, Diff:  0.0, Sum:  0.1, Workers: 4
[1500.984s][debug][gc,phases      ] GC(84)     Dead                           Min: 0, Avg:  0.0, Max: 0, Diff: 0, Sum: 0, Workers: 4
[1500.984s][debug][gc,phases      ] GC(84)     Total                          Min: 2368, Avg: 2508.8, Max: 2676, Diff: 308, Sum: 10035, Workers: 4
[1500.984s][debug][gc,phases      ] GC(84)   JNI Weak                       Min:  0.0, Avg:  0.0, Max:  0.0, Diff:  0.0, Sum:  0.0, Workers: 4
[1500.984s][debug][gc,phases      ] GC(84)     Dead                           Min: 0, Avg:  0.0, Max: 0, Diff: 0, Sum: 0, Workers: 4
[1500.984s][debug][gc,phases      ] GC(84)     Total                          Min: 0, Avg: 11.2, Max: 45, Diff: 45, Sum: 45, Workers: 4
[1500.984s][debug][gc,phases      ] GC(84)   StringDedup Table Weak         Min:  0.0, Avg:  0.0, Max:  0.0, Diff:  0.0, Sum:  0.0, Workers: 4
[1500.984s][debug][gc,phases      ] GC(84)     Dead                           Min: 0, Avg:  0.0, Max: 0, Diff: 0, Sum: 0, Workers: 4
[1500.984s][debug][gc,phases      ] GC(84)     Total                          Min: 0, Avg:  0.0, Max: 0, Diff: 0, Sum: 0, Workers: 4
[1500.984s][debug][gc,phases      ] GC(84)   StringDedup Requests0 Weak     Min:  0.0, Avg:  0.0, Max:  0.0, Diff:  0.0, Sum:  0.0, Workers: 4
[1500.984s][debug][gc,phases      ] GC(84)     Dead                           Min: 0, Avg:  0.0, Max: 0, Diff: 0, Sum: 0, Workers: 4
[1500.984s][debug][gc,phases      ] GC(84)     Total                          Min: 0, Avg:  0.0, Max: 0, Diff: 0, Sum: 0, Workers: 4
[1500.984s][debug][gc,phases      ] GC(84)   StringDedup Requests1 Weak     Min:  0.0, Avg:  0.0, Max:  0.0, Diff:  0.0, Sum:  0.0, Workers: 4
[1500.984s][debug][gc,phases      ] GC(84)     Dead                           Min: 0, Avg:  0.0, Max: 0, Diff: 0, Sum: 0, Workers: 4
[1500.984s][debug][gc,phases      ] GC(84)     Total                          Min: 0, Avg:  0.0, Max: 0, Diff: 0, Sum: 0, Workers: 4
[1500.984s][debug][gc,phases      ] GC(84)   Weak JFR Old Object Samples    Min:  0.0, Avg:  0.0, Max:  0.0, Diff:  0.0, Sum:  0.0, Workers: 4
[1500.984s][debug][gc,phases      ] GC(84)     Dead                           Min: 0, Avg:  0.0, Max: 0, Diff: 0, Sum: 0, Workers: 4
[1500.984s][debug][gc,phases      ] GC(84)     Total                          Min: 0, Avg:  0.0, Max: 0, Diff: 0, Sum: 0, Workers: 4
[1500.984s][debug][gc,phases      ] GC(84) Weak Processing 0.391ms
[1500.984s][debug][gc,phases      ] GC(84) ClassLoaderData 0.121ms
[1500.984s][debug][gc,phases      ] GC(84) Trigger cleanups 0.000ms
[1501.007s][debug][gc,phases      ] GC(84) Class Unloading 23.137ms
[1501.007s][info ][gc,phases      ] GC(84) Marking Phase 264.679ms
[1501.007s][info ][gc,phases,start] GC(84) Summary Phase
[1501.007s][info ][gc,phases      ] GC(84) Summary Phase 0.017ms
[1501.007s][info ][gc,phases,start] GC(84) Adjust Roots
[1501.029s][info ][gc,phases      ] GC(84) Adjust Roots 21.787ms
[1501.029s][info ][gc,phases,start] GC(84) Compaction Phase
[1501.654s][info ][gc,phases      ] GC(84) Compaction Phase 625.809ms
[1501.655s][info ][gc,phases,start] GC(84) Post Compact
[1501.657s][info ][gc,phases      ] GC(84) Post Compact 2.720ms
[1501.657s][info ][gc,heap        ] GC(84) PSYoungGen: 239088K(1774080K)->3015K(1774080K) Eden: 0K(1534976K)->0K(1534976K) From: 239088K(239104K)->3015K(239104K)
[1501.657s][info ][gc,heap        ] GC(84) ParOldGen: 646040K(662528K)->662259K(804864K)
[1501.657s][info ][gc,metaspace   ] GC(84) Metaspace: 83848K(84992K)->83848K(84992K) NonClass: 71904K(72512K)->71904K(72512K) Class: 11944K(12480K)->11944K(12480K)
[1501.657s][info ][gc             ] GC(84) Pause Full (Ergonomics) 864M->649M(2518M) 915.378ms
[1501.658s][info ][gc,cpu         ] GC(84) User=2.81s Sys=0.02s Real=0.91s
[1501.658s][info ][safepoint      ] Safepoint "ParallelGCFailedAllocation", Time since last: 1480116024 ns, Reaching safepoint: 140010 ns, At safepoint: 1026885541 ns, Total: 1027025551 ns
[1502.953s][info ][safepoint      ] Safepoint "Cleanup", Time since last: 1293862857 ns, Reaching safepoint: 1301593 ns, At safepoint: 10001 ns, Total: 1311594 ns
[1503.953s][info ][safepoint      ] Safepoint "Cleanup", Time since last: 1000110334 ns, Reaching safepoint: 159411 ns, At safepoint: 4601 ns, Total: 164012 ns
[1504.226s][info ][gc,start       ] GC(85) Pause Young (Allocation Failure)
[1504.365s][debug][gc,phases      ] GC(85) Scavenge 138.881ms
[1504.365s][debug][gc,ref         ] GC(85) Skipped phase 1 of Reference Processing: no references
[1504.365s][debug][gc,ref         ] GC(85) ReferenceProcessor::execute queues: 1, RefProcThreadModel::Single, marks_oops_alive: false
[1504.365s][debug][gc,ref         ] GC(85) Skipped phase 3 of Reference Processing: no references
[1504.365s][debug][gc,ref         ] GC(85) ReferenceProcessor::execute queues: 1, RefProcThreadModel::Single, marks_oops_alive: false
[1504.365s][debug][gc,phases      ] GC(85) Reference Processing 0.094ms
[1504.366s][debug][gc,phases      ] GC(85)   VM Weak                        Min:  0.0, Avg:  0.0, Max:  0.0, Diff:  0.0, Sum:  0.0, Workers: 4
[1504.366s][debug][gc,phases      ] GC(85)     Dead                           Min: 0, Avg:  0.0, Max: 0, Diff: 0, Sum: 0, Workers: 4
[1504.366s][debug][gc,phases      ] GC(85)     Total                          Min: 0, Avg: 229.5, Max: 896, Diff: 896, Sum: 918, Workers: 4
[1504.366s][debug][gc,phases      ] GC(85)   ObjectSynchronizer Weak        Min:  0.0, Avg:  0.0, Max:  0.0, Diff:  0.0, Sum:  0.0, Workers: 4
[1504.366s][debug][gc,phases      ] GC(85)     Dead                           Min: 0, Avg:  0.0, Max: 0, Diff: 0, Sum: 0, Workers: 4
[1504.366s][debug][gc,phases      ] GC(85)     Total                          Min: 0, Avg: 25.5, Max: 64, Diff: 64, Sum: 102, Workers: 4
[1504.366s][debug][gc,phases      ] GC(85)   JVMTI Tag Weak OopStorage      Min:  0.0, Avg:  0.0, Max:  0.0, Diff:  0.0, Sum:  0.0, Workers: 4
[1504.366s][debug][gc,phases      ] GC(85)     Dead                           Min: 0, Avg:  0.0, Max: 0, Diff: 0, Sum: 0, Workers: 4
[1504.366s][debug][gc,phases      ] GC(85)     Total                          Min: 0, Avg:  0.0, Max: 0, Diff: 0, Sum: 0, Workers: 4
[1504.366s][debug][gc,phases      ] GC(85)   StringTable Weak               Min:  0.0, Avg:  0.1, Max:  0.2, Diff:  0.2, Sum:  0.4, Workers: 4
[1504.366s][debug][gc,phases      ] GC(85)     Dead                           Min: 0, Avg:  0.0, Max: 0, Diff: 0, Sum: 0, Workers: 4
[1504.366s][debug][gc,phases      ] GC(85)     Total                          Min: 0, Avg: 10999.8, Max: 23232, Diff: 23232, Sum: 43999, Workers: 4
[1504.366s][debug][gc,phases      ] GC(85)   ResolvedMethodTable Weak       Min:  0.0, Avg:  0.0, Max:  0.0, Diff:  0.0, Sum:  0.1, Workers: 4
[1504.366s][debug][gc,phases      ] GC(85)     Dead                           Min: 0, Avg:  0.0, Max: 0, Diff: 0, Sum: 0, Workers: 4
[1504.366s][debug][gc,phases      ] GC(85)     Total                          Min: 0, Avg: 2508.8, Max: 5492, Diff: 5492, Sum: 10035, Workers: 4
[1504.366s][debug][gc,phases      ] GC(85)   JNI Weak                       Min:  0.0, Avg:  0.0, Max:  0.0, Diff:  0.0, Sum:  0.0, Workers: 4
[1504.366s][debug][gc,phases      ] GC(85)     Dead                           Min: 0, Avg:  0.0, Max: 0, Diff: 0, Sum: 0, Workers: 4
[1504.366s][debug][gc,phases      ] GC(85)     Total                          Min: 0, Avg: 11.2, Max: 45, Diff: 45, Sum: 45, Workers: 4
[1504.366s][debug][gc,phases      ] GC(85)   StringDedup Table Weak         Min:  0.0, Avg:  0.0, Max:  0.0, Diff:  0.0, Sum:  0.0, Workers: 4
[1504.366s][debug][gc,phases      ] GC(85)     Dead                           Min: 0, Avg:  0.0, Max: 0, Diff: 0, Sum: 0, Workers: 4
[1504.366s][debug][gc,phases      ] GC(85)     Total                          Min: 0, Avg:  0.0, Max: 0, Diff: 0, Sum: 0, Workers: 4
[1504.366s][debug][gc,phases      ] GC(85)   StringDedup Requests0 Weak     Min:  0.0, Avg:  0.0, Max:  0.0, Diff:  0.0, Sum:  0.0, Workers: 4
[1504.366s][debug][gc,phases      ] GC(85)     Dead                           Min: 0, Avg:  0.0, Max: 0, Diff: 0, Sum: 0, Workers: 4
[1504.366s][debug][gc,phases      ] GC(85)     Total                          Min: 0, Avg:  0.0, Max: 0, Diff: 0, Sum: 0, Workers: 4
[1504.366s][debug][gc,phases      ] GC(85)   StringDedup Requests1 Weak     Min:  0.0, Avg:  0.0, Max:  0.0, Diff:  0.0, Sum:  0.0, Workers: 4
[1504.366s][debug][gc,phases      ] GC(85)     Dead                           Min: 0, Avg:  0.0, Max: 0, Diff: 0, Sum: 0, Workers: 4
[1504.366s][debug][gc,phases      ] GC(85)     Total                          Min: 0, Avg:  0.0, Max: 0, Diff: 0, Sum: 0, Workers: 4
[1504.366s][debug][gc,phases      ] GC(85)   Weak JFR Old Object Samples    Min:  0.0, Avg:  0.0, Max:  0.0, Diff:  0.0, Sum:  0.0, Workers: 4
[1504.366s][debug][gc,phases      ] GC(85)     Dead                           Min: 0, Avg:  0.0, Max: 0, Diff: 0, Sum: 0, Workers: 4
[1504.366s][debug][gc,phases      ] GC(85)     Total                          Min: 0, Avg:  0.0, Max: 0, Diff: 0, Sum: 0, Workers: 4
[1504.366s][debug][gc,phases      ] GC(85) Weak Processing 0.424ms
[1504.366s][debug][gc,age         ] GC(85) Desired survivor size 277348352 bytes, new threshold 15 (max threshold 15)
[1504.366s][info ][gc,heap        ] GC(85) PSYoungGen: 1537991K(1774080K)->87360K(1816064K) Eden: 1534976K(1534976K)->0K(1534976K) From: 3015K(239104K)->87360K(281088K)
[1504.366s][info ][gc,heap        ] GC(85) ParOldGen: 662259K(804864K)->662259K(804864K)
[1504.366s][info ][gc,metaspace   ] GC(85) Metaspace: 83851K(84992K)->83851K(84992K) NonClass: 71906K(72512K)->71906K(72512K) Class: 11944K(12480K)->11944K(12480K)
[1504.366s][info ][gc             ] GC(85) Pause Young (Allocation Failure) 2148M->732M(2559M) 139.524ms
[1504.366s][info ][gc,cpu         ] GC(85) User=0.43s Sys=0.00s Real=0.14s
[1504.366s][info ][safepoint      ] Safepoint "ParallelGCFailedAllocation", Time since last: 273046848 ns, Reaching safepoint: 118508 ns, At safepoint: 139605244 ns, Total: 139723752 ns
[1505.366s][info ][safepoint      ] Safepoint "Cleanup", Time since last: 1000089132 ns, Reaching safepoint: 174213 ns, At safepoint: 10401 ns, Total: 184614 ns
[1506.366s][info ][safepoint      ] Safepoint "Cleanup", Time since last: 1000136336 ns, Reaching safepoint: 72905 ns, At safepoint: 9901 ns, Total: 82806 ns
[1507.367s][info ][safepoint      ] Safepoint "Cleanup", Time since last: 1000109634 ns, Reaching safepoint: 49603 ns, At safepoint: 5101 ns, Total: 54704 ns
[1507.915s][info ][safepoint      ] Safepoint "ParallelGCFailedAllocation", Time since last: 548654778 ns, Reaching safepoint: 50204 ns, At safepoint: 8900 ns, Total: 59104 ns
[1507.915s][info ][gc,start       ] GC(86) Pause Young (GCLocker Initiated GC)
[1507.957s][debug][gc,phases      ] GC(86) Scavenge 41.751ms
[1507.957s][debug][gc,ref         ] GC(86) Skipped phase 1 of Reference Processing: no references
[1507.957s][debug][gc,ref         ] GC(86) ReferenceProcessor::execute queues: 1, RefProcThreadModel::Single, marks_oops_alive: false
[1507.957s][debug][gc,ref         ] GC(86) Skipped phase 3 of Reference Processing: no references
[1507.957s][debug][gc,ref         ] GC(86) Skipped phase 4 of Reference Processing: no references
[1507.957s][debug][gc,phases      ] GC(86) Reference Processing 0.102ms
[1507.958s][debug][gc,phases      ] GC(86)   VM Weak                        Min:  0.0, Avg:  0.0, Max:  0.0, Diff:  0.0, Sum:  0.0, Workers: 4
[1507.958s][debug][gc,phases      ] GC(86)     Dead                           Min: 0, Avg:  0.0, Max: 0, Diff: 0, Sum: 0, Workers: 4
[1507.958s][debug][gc,phases      ] GC(86)     Total                          Min: 0, Avg: 229.5, Max: 576, Diff: 576, Sum: 918, Workers: 4
[1507.958s][debug][gc,phases      ] GC(86)   ObjectSynchronizer Weak        Min:  0.0, Avg:  0.0, Max:  0.0, Diff:  0.0, Sum:  0.0, Workers: 4
[1507.958s][debug][gc,phases      ] GC(86)     Dead                           Min: 0, Avg:  0.0, Max: 0, Diff: 0, Sum: 0, Workers: 4
[1507.958s][debug][gc,phases      ] GC(86)     Total                          Min: 0, Avg: 25.5, Max: 64, Diff: 64, Sum: 102, Workers: 4
[1507.958s][debug][gc,phases      ] GC(86)   JVMTI Tag Weak OopStorage      Min:  0.0, Avg:  0.0, Max:  0.0, Diff:  0.0, Sum:  0.0, Workers: 4
[1507.958s][debug][gc,phases      ] GC(86)     Dead                           Min: 0, Avg:  0.0, Max: 0, Diff: 0, Sum: 0, Workers: 4
[1507.958s][debug][gc,phases      ] GC(86)     Total                          Min: 0, Avg:  0.0, Max: 0, Diff: 0, Sum: 0, Workers: 4
[1507.958s][debug][gc,phases      ] GC(86)   StringTable Weak               Min:  0.0, Avg:  0.1, Max:  0.1, Diff:  0.1, Sum:  0.4, Workers: 4
[1507.958s][debug][gc,phases      ] GC(86)     Dead                           Min: 0, Avg:  0.0, Max: 0, Diff: 0, Sum: 0, Workers: 4
[1507.958s][debug][gc,phases      ] GC(86)     Total                          Min: 0, Avg: 10999.8, Max: 14784, Diff: 14784, Sum: 43999, Workers: 4
[1507.958s][debug][gc,phases      ] GC(86)   ResolvedMethodTable Weak       Min:  0.0, Avg:  0.0, Max:  0.0, Diff:  0.0, Sum:  0.1, Workers: 4
[1507.958s][debug][gc,phases      ] GC(86)     Dead                           Min: 0, Avg:  0.0, Max: 0, Diff: 0, Sum: 0, Workers: 4
[1507.958s][debug][gc,phases      ] GC(86)     Total                          Min: 0, Avg: 2508.8, Max: 3508, Diff: 3508, Sum: 10035, Workers: 4
[1507.958s][debug][gc,phases      ] GC(86)   JNI Weak                       Min:  0.0, Avg:  0.0, Max:  0.0, Diff:  0.0, Sum:  0.0, Workers: 4
[1507.958s][debug][gc,phases      ] GC(86)     Dead                           Min: 0, Avg:  0.0, Max: 0, Diff: 0, Sum: 0, Workers: 4
[1507.958s][debug][gc,phases      ] GC(86)     Total                          Min: 0, Avg: 11.2, Max: 45, Diff: 45, Sum: 45, Workers: 4
[1507.958s][debug][gc,phases      ] GC(86)   StringDedup Table Weak         Min:  0.0, Avg:  0.0, Max:  0.0, Diff:  0.0, Sum:  0.0, Workers: 4
[1507.958s][debug][gc,phases      ] GC(86)     Dead                           Min: 0, Avg:  0.0, Max: 0, Diff: 0, Sum: 0, Workers: 4
[1507.958s][debug][gc,phases      ] GC(86)     Total                          Min: 0, Avg:  0.0, Max: 0, Diff: 0, Sum: 0, Workers: 4
[1507.958s][debug][gc,phases      ] GC(86)   StringDedup Requests0 Weak     Min:  0.0, Avg:  0.0, Max:  0.0, Diff:  0.0, Sum:  0.0, Workers: 4
[1507.958s][debug][gc,phases      ] GC(86)     Dead                           Min: 0, Avg:  0.0, Max: 0, Diff: 0, Sum: 0, Workers: 4
[1507.958s][debug][gc,phases      ] GC(86)     Total                          Min: 0, Avg:  0.0, Max: 0, Diff: 0, Sum: 0, Workers: 4
[1507.958s][debug][gc,phases      ] GC(86)   StringDedup Requests1 Weak     Min:  0.0, Avg:  0.0, Max:  0.0, Diff:  0.0, Sum:  0.0, Workers: 4
[1507.958s][debug][gc,phases      ] GC(86)     Dead                           Min: 0, Avg:  0.0, Max: 0, Diff: 0, Sum: 0, Workers: 4
[1507.958s][debug][gc,phases      ] GC(86)     Total                          Min: 0, Avg:  0.0, Max: 0, Diff: 0, Sum: 0, Workers: 4
[1507.958s][debug][gc,phases      ] GC(86)   Weak JFR Old Object Samples    Min:  0.0, Avg:  0.0, Max:  0.0, Diff:  0.0, Sum:  0.0, Workers: 4
[1507.958s][debug][gc,phases      ] GC(86)     Dead                           Min: 0, Avg:  0.0, Max: 0, Diff: 0, Sum: 0, Workers: 4
[1507.958s][debug][gc,phases      ] GC(86)     Total                          Min: 0, Avg:  0.0, Max: 0, Diff: 0, Sum: 0, Workers: 4
[1507.958s][debug][gc,phases      ] GC(86) Weak Processing 0.380ms
[1507.958s][debug][gc,age         ] GC(86) Desired survivor size 263192576 bytes, new threshold 15 (max threshold 15)
[1507.958s][info ][gc,heap        ] GC(86) PSYoungGen: 1622336K(1816064K)->111056K(1840128K) Eden: 1534976K(1534976K)->0K(1569280K) From: 87360K(281088K)->111056K(270848K)
[1507.958s][info ][gc,heap        ] GC(86) ParOldGen: 662259K(804864K)->662259K(804864K)
[1507.958s][info ][gc,metaspace   ] GC(86) Metaspace: 83854K(84992K)->83854K(84992K) NonClass: 71909K(72512K)->71909K(72512K) Class: 11944K(12480K)->11944K(12480K)
[1507.958s][info ][gc             ] GC(86) Pause Young (GCLocker Initiated GC) 2231M->755M(2583M) 42.348ms
[1507.958s][info ][gc,cpu         ] GC(86) User=0.15s Sys=0.00s Real=0.04s
[1507.958s][info ][safepoint      ] Safepoint "ParallelGCSystemGC", Time since last: 61205 ns, Reaching safepoint: 16601 ns, At safepoint: 42413521 ns, Total: 42430122 ns
[1508.958s][info ][safepoint      ] Safepoint "Cleanup", Time since last: 1000108034 ns, Reaching safepoint: 126209 ns, At safepoint: 6300 ns, Total: 132509 ns
[1509.958s][info ][safepoint      ] Safepoint "Cleanup", Time since last: 1000124035 ns, Reaching safepoint: 131410 ns, At safepoint: 7500 ns, Total: 138910 ns
[1510.959s][info ][safepoint      ] Safepoint "Cleanup", Time since last: 1000120735 ns, Reaching safepoint: 124609 ns, At safepoint: 4300 ns, Total: 128909 ns
[1511.959s][info ][safepoint      ] Safepoint "Cleanup", Time since last: 1000127135 ns, Reaching safepoint: 124309 ns, At safepoint: 8301 ns, Total: 132610 ns
[1513.959s][info ][safepoint      ] Safepoint "Cleanup", Time since last: 2000197666 ns, Reaching safepoint: 125109 ns, At safepoint: 3700 ns, Total: 128809 ns
[1514.959s][info ][safepoint      ] Safepoint "Cleanup", Time since last: 1000122635 ns, Reaching safepoint: 144410 ns, At safepoint: 8801 ns, Total: 153211 ns
[1515.960s][info ][safepoint      ] Safepoint "Cleanup", Time since last: 1000123335 ns, Reaching safepoint: 119908 ns, At safepoint: 7301 ns, Total: 127209 ns
[1516.960s][info ][safepoint      ] Safepoint "Cleanup", Time since last: 1000134935 ns, Reaching safepoint: 121509 ns, At safepoint: 7800 ns, Total: 129309 ns
[1518.960s][info ][safepoint      ] Safepoint "Cleanup", Time since last: 2000197166 ns, Reaching safepoint: 59105 ns, At safepoint: 11200 ns, Total: 70305 ns
[1519.960s][info ][safepoint      ] Safepoint "Cleanup", Time since last: 1000120035 ns, Reaching safepoint: 132709 ns, At safepoint: 6301 ns, Total: 139010 ns
[1523.961s][info ][safepoint      ] Safepoint "Cleanup", Time since last: 4000279523 ns, Reaching safepoint: 57104 ns, At safepoint: 4000 ns, Total: 61104 ns
[1525.757s][info ][gc,start       ] GC(87) Pause Young (Allocation Failure)
[1525.799s][debug][gc,phases      ] GC(87) Scavenge 41.485ms
[1525.799s][debug][gc,ref         ] GC(87) Skipped phase 1 of Reference Processing: no references
[1525.799s][debug][gc,ref         ] GC(87) ReferenceProcessor::execute queues: 1, RefProcThreadModel::Single, marks_oops_alive: false
[1525.799s][debug][gc,ref         ] GC(87) Skipped phase 3 of Reference Processing: no references
[1525.799s][debug][gc,ref         ] GC(87) ReferenceProcessor::execute queues: 1, RefProcThreadModel::Single, marks_oops_alive: false
[1525.799s][debug][gc,phases      ] GC(87) Reference Processing 0.139ms
[1525.799s][debug][gc,phases      ] GC(87)   VM Weak                        Min:  0.0, Avg:  0.0, Max:  0.0, Diff:  0.0, Sum:  0.0, Workers: 4
[1525.799s][debug][gc,phases      ] GC(87)     Dead                           Min: 0, Avg:  0.0, Max: 0, Diff: 0, Sum: 0, Workers: 4
[1525.799s][debug][gc,phases      ] GC(87)     Total                          Min: 0, Avg: 229.5, Max: 918, Diff: 918, Sum: 918, Workers: 4
[1525.799s][debug][gc,phases      ] GC(87)   ObjectSynchronizer Weak        Min:  0.0, Avg:  0.0, Max:  0.0, Diff:  0.0, Sum:  0.0, Workers: 4
[1525.800s][debug][gc,phases      ] GC(87)     Dead                           Min: 0, Avg:  0.0, Max: 0, Diff: 0, Sum: 0, Workers: 4
[1525.800s][debug][gc,phases      ] GC(87)     Total                          Min: 0, Avg: 25.5, Max: 102, Diff: 102, Sum: 102, Workers: 4
[1525.800s][debug][gc,phases      ] GC(87)   JVMTI Tag Weak OopStorage      Min:  0.0, Avg:  0.0, Max:  0.0, Diff:  0.0, Sum:  0.0, Workers: 4
[1525.800s][debug][gc,phases      ] GC(87)     Dead                           Min: 0, Avg:  0.0, Max: 0, Diff: 0, Sum: 0, Workers: 4
[1525.800s][debug][gc,phases      ] GC(87)     Total                          Min: 0, Avg:  0.0, Max: 0, Diff: 0, Sum: 0, Workers: 4
[1525.800s][debug][gc,phases      ] GC(87)   StringTable Weak               Min:  0.0, Avg:  0.1, Max:  0.3, Diff:  0.3, Sum:  0.5, Workers: 4
[1525.800s][debug][gc,phases      ] GC(87)     Dead                           Min: 0, Avg:  0.0, Max: 0, Diff: 0, Sum: 0, Workers: 4
[1525.800s][debug][gc,phases      ] GC(87)     Total                          Min: 0, Avg: 11001.0, Max: 26368, Diff: 26368, Sum: 44004, Workers: 4
[1525.800s][debug][gc,phases      ] GC(87)   ResolvedMethodTable Weak       Min:  0.0, Avg:  0.0, Max:  0.1, Diff:  0.1, Sum:  0.1, Workers: 4
[1525.800s][debug][gc,phases      ] GC(87)     Dead                           Min: 0, Avg:  0.0, Max: 0, Diff: 0, Sum: 0, Workers: 4
[1525.800s][debug][gc,phases      ] GC(87)     Total                          Min: 0, Avg: 2509.5, Max: 5046, Diff: 5046, Sum: 10038, Workers: 4
[1525.800s][debug][gc,phases      ] GC(87)   JNI Weak                       Min:  0.0, Avg:  0.0, Max:  0.0, Diff:  0.0, Sum:  0.0, Workers: 4
[1525.800s][debug][gc,phases      ] GC(87)     Dead                           Min: 0, Avg:  0.0, Max: 0, Diff: 0, Sum: 0, Workers: 4
[1525.800s][debug][gc,phases      ] GC(87)     Total                          Min: 0, Avg: 11.2, Max: 45, Diff: 45, Sum: 45, Workers: 4
[1525.800s][debug][gc,phases      ] GC(87)   StringDedup Table Weak         Min:  0.0, Avg:  0.0, Max:  0.0, Diff:  0.0, Sum:  0.0, Workers: 4
[1525.800s][debug][gc,phases      ] GC(87)     Dead                           Min: 0, Avg:  0.0, Max: 0, Diff: 0, Sum: 0, Workers: 4
[1525.800s][debug][gc,phases      ] GC(87)     Total                          Min: 0, Avg:  0.0, Max: 0, Diff: 0, Sum: 0, Workers: 4
[1525.800s][debug][gc,phases      ] GC(87)   StringDedup Requests0 Weak     Min:  0.0, Avg:  0.0, Max:  0.0, Diff:  0.0, Sum:  0.0, Workers: 4
[1525.800s][debug][gc,phases      ] GC(87)     Dead                           Min: 0, Avg:  0.0, Max: 0, Diff: 0, Sum: 0, Workers: 4
[1525.800s][debug][gc,phases      ] GC(87)     Total                          Min: 0, Avg:  0.0, Max: 0, Diff: 0, Sum: 0, Workers: 4
[1525.800s][debug][gc,phases      ] GC(87)   StringDedup Requests1 Weak     Min:  0.0, Avg:  0.0, Max:  0.0, Diff:  0.0, Sum:  0.0, Workers: 4
[1525.800s][debug][gc,phases      ] GC(87)     Dead                           Min: 0, Avg:  0.0, Max: 0, Diff: 0, Sum: 0, Workers: 4
[1525.800s][debug][gc,phases      ] GC(87)     Total                          Min: 0, Avg:  0.0, Max: 0, Diff: 0, Sum: 0, Workers: 4
[1525.800s][debug][gc,phases      ] GC(87)   Weak JFR Old Object Samples    Min:  0.0, Avg:  0.0, Max:  0.0, Diff:  0.0, Sum:  0.0, Workers: 4
[1525.800s][debug][gc,phases      ] GC(87)     Dead                           Min: 0, Avg:  0.0, Max: 0, Diff: 0, Sum: 0, Workers: 4
[1525.800s][debug][gc,phases      ] GC(87)     Total                          Min: 0, Avg:  0.0, Max: 0, Diff: 0, Sum: 0, Workers: 4
[1525.800s][debug][gc,phases      ] GC(87) Weak Processing 0.617ms
[1525.800s][debug][gc,age         ] GC(87) Desired survivor size 254803968 bytes, new threshold 15 (max threshold 15)
[1525.800s][info ][gc,heap        ] GC(87) PSYoungGen: 1680336K(1840128K)->84208K(1826304K) Eden: 1569280K(1569280K)->0K(1569280K) From: 111056K(270848K)->84208K(257024K)
[1525.800s][info ][gc,heap        ] GC(87) ParOldGen: 662261K(804864K)->662261K(804864K)
[1525.800s][info ][gc,metaspace   ] GC(87) Metaspace: 83871K(84992K)->83871K(84992K) NonClass: 71925K(72512K)->71925K(72512K) Class: 11945K(12480K)->11945K(12480K)
[1525.800s][info ][gc             ] GC(87) Pause Young (Allocation Failure) 2287M->728M(2569M) 42.410ms
[1525.800s][info ][gc,cpu         ] GC(87) User=0.12s Sys=0.00s Real=0.05s
[1525.800s][info ][safepoint      ] Safepoint "ParallelGCFailedAllocation", Time since last: 1796437353 ns, Reaching safepoint: 51903 ns, At safepoint: 42494527 ns, Total: 42546430 ns
[1533.801s][info ][safepoint      ] Safepoint "Cleanup", Time since last: 8000691554 ns, Reaching safepoint: 166912 ns, At safepoint: 10500 ns, Total: 177412 ns
[1536.801s][info ][safepoint      ] Safepoint "Cleanup", Time since last: 3000268996 ns, Reaching safepoint: 118908 ns, At safepoint: 6601 ns, Total: 125509 ns
[1537.801s][info ][safepoint      ] Safepoint "Cleanup", Time since last: 1000124534 ns, Reaching safepoint: 112808 ns, At safepoint: 7500 ns, Total: 120308 ns
[1538.802s][info ][safepoint      ] Safepoint "Cleanup", Time since last: 1000130935 ns, Reaching safepoint: 131609 ns, At safepoint: 6301 ns, Total: 137910 ns
[1540.802s][info ][safepoint      ] Safepoint "Cleanup", Time since last: 2000213566 ns, Reaching safepoint: 125708 ns, At safepoint: 8301 ns, Total: 134009 ns
[1541.802s][info ][safepoint      ] Safepoint "Cleanup", Time since last: 1000122334 ns, Reaching safepoint: 113208 ns, At safepoint: 12801 ns, Total: 126009 ns
[1546.803s][info ][safepoint      ] Safepoint "Cleanup", Time since last: 5000405654 ns, Reaching safepoint: 120009 ns, At safepoint: 9901 ns, Total: 129910 ns
[1546.906s][info ][gc,start       ] GC(88) Pause Young (Allocation Failure)
[1546.943s][debug][gc,phases      ] GC(88) Scavenge 37.425ms
[1546.943s][debug][gc,ref         ] GC(88) Skipped phase 1 of Reference Processing: no references
[1546.944s][debug][gc,ref         ] GC(88) ReferenceProcessor::execute queues: 1, RefProcThreadModel::Single, marks_oops_alive: false
[1546.944s][debug][gc,ref         ] GC(88) Skipped phase 3 of Reference Processing: no references
[1546.944s][debug][gc,ref         ] GC(88) Skipped phase 4 of Reference Processing: no references
[1546.944s][debug][gc,phases      ] GC(88) Reference Processing 0.116ms
[1546.944s][debug][gc,phases      ] GC(88)   VM Weak                        Min:  0.0, Avg:  0.0, Max:  0.0, Diff:  0.0, Sum:  0.0, Workers: 4
[1546.944s][debug][gc,phases      ] GC(88)     Dead                           Min: 0, Avg:  0.0, Max: 0, Diff: 0, Sum: 0, Workers: 4
[1546.944s][debug][gc,phases      ] GC(88)     Total                          Min: 0, Avg: 229.5, Max: 576, Diff: 576, Sum: 918, Workers: 4
[1546.944s][debug][gc,phases      ] GC(88)   ObjectSynchronizer Weak        Min:  0.0, Avg:  0.0, Max:  0.0, Diff:  0.0, Sum:  0.0, Workers: 4
[1546.944s][debug][gc,phases      ] GC(88)     Dead                           Min: 0, Avg:  0.0, Max: 0, Diff: 0, Sum: 0, Workers: 4
[1546.944s][debug][gc,phases      ] GC(88)     Total                          Min: 0, Avg: 25.5, Max: 64, Diff: 64, Sum: 102, Workers: 4
[1546.944s][debug][gc,phases      ] GC(88)   JVMTI Tag Weak OopStorage      Min:  0.0, Avg:  0.0, Max:  0.0, Diff:  0.0, Sum:  0.0, Workers: 4
[1546.944s][debug][gc,phases      ] GC(88)     Dead                           Min: 0, Avg:  0.0, Max: 0, Diff: 0, Sum: 0, Workers: 4
[1546.944s][debug][gc,phases      ] GC(88)     Total                          Min: 0, Avg:  0.0, Max: 0, Diff: 0, Sum: 0, Workers: 4
[1546.944s][debug][gc,phases      ] GC(88)   StringTable Weak               Min:  0.0, Avg:  0.1, Max:  0.2, Diff:  0.2, Sum:  0.5, Workers: 4
[1546.944s][debug][gc,phases      ] GC(88)     Dead                           Min: 0, Avg:  0.0, Max: 0, Diff: 0, Sum: 0, Workers: 4
[1546.944s][debug][gc,phases      ] GC(88)     Total                          Min: 0, Avg: 11001.0, Max: 15616, Diff: 15616, Sum: 44004, Workers: 4
[1546.944s][debug][gc,phases      ] GC(88)   ResolvedMethodTable Weak       Min:  0.0, Avg:  0.0, Max:  0.0, Diff:  0.0, Sum:  0.1, Workers: 4
[1546.944s][debug][gc,phases      ] GC(88)     Dead                           Min: 0, Avg:  0.0, Max: 0, Diff: 0, Sum: 0, Workers: 4
[1546.944s][debug][gc,phases      ] GC(88)     Total                          Min: 0, Avg: 2509.5, Max: 3520, Diff: 3520, Sum: 10038, Workers: 4
[1546.944s][debug][gc,phases      ] GC(88)   JNI Weak                       Min:  0.0, Avg:  0.0, Max:  0.0, Diff:  0.0, Sum:  0.0, Workers: 4
[1546.944s][debug][gc,phases      ] GC(88)     Dead                           Min: 0, Avg:  0.0, Max: 0, Diff: 0, Sum: 0, Workers: 4
[1546.944s][debug][gc,phases      ] GC(88)     Total                          Min: 0, Avg: 11.2, Max: 45, Diff: 45, Sum: 45, Workers: 4
[1546.944s][debug][gc,phases      ] GC(88)   StringDedup Table Weak         Min:  0.0, Avg:  0.0, Max:  0.0, Diff:  0.0, Sum:  0.0, Workers: 4
[1546.944s][debug][gc,phases      ] GC(88)     Dead                           Min: 0, Avg:  0.0, Max: 0, Diff: 0, Sum: 0, Workers: 4
[1546.944s][debug][gc,phases      ] GC(88)     Total                          Min: 0, Avg:  0.0, Max: 0, Diff: 0, Sum: 0, Workers: 4
[1546.944s][debug][gc,phases      ] GC(88)   StringDedup Requests0 Weak     Min:  0.0, Avg:  0.0, Max:  0.0, Diff:  0.0, Sum:  0.0, Workers: 4
[1546.944s][debug][gc,phases      ] GC(88)     Dead                           Min: 0, Avg:  0.0, Max: 0, Diff: 0, Sum: 0, Workers: 4
[1546.944s][debug][gc,phases      ] GC(88)     Total                          Min: 0, Avg:  0.0, Max: 0, Diff: 0, Sum: 0, Workers: 4
[1546.944s][debug][gc,phases      ] GC(88)   StringDedup Requests1 Weak     Min:  0.0, Avg:  0.0, Max:  0.0, Diff:  0.0, Sum:  0.0, Workers: 4
[1546.944s][debug][gc,phases      ] GC(88)     Dead                           Min: 0, Avg:  0.0, Max: 0, Diff: 0, Sum: 0, Workers: 4
[1546.944s][debug][gc,phases      ] GC(88)     Total                          Min: 0, Avg:  0.0, Max: 0, Diff: 0, Sum: 0, Workers: 4
[1546.944s][debug][gc,phases      ] GC(88)   Weak JFR Old Object Samples    Min:  0.0, Avg:  0.0, Max:  0.0, Diff:  0.0, Sum:  0.0, Workers: 4
[1546.944s][debug][gc,phases      ] GC(88)     Dead                           Min: 0, Avg:  0.0, Max: 0, Diff: 0, Sum: 0, Workers: 4
[1546.944s][debug][gc,phases      ] GC(88)     Total                          Min: 0, Avg:  0.0, Max: 0, Diff: 0, Sum: 0, Workers: 4
[1546.944s][debug][gc,phases      ] GC(88) Weak Processing 0.424ms
[1546.944s][debug][gc,age         ] GC(88) Desired survivor size 246415360 bytes, new threshold 15 (max threshold 15)
[1546.944s][info ][gc,heap        ] GC(88) PSYoungGen: 1653488K(1826304K)->84928K(1856512K) Eden: 1569280K(1569280K)->0K(1607680K) From: 84208K(257024K)->84928K(248832K)
[1546.944s][info ][gc,heap        ] GC(88) ParOldGen: 662261K(804864K)->662261K(804864K)
[1546.944s][info ][gc,metaspace   ] GC(88) Metaspace: 83879K(85056K)->83879K(85056K) NonClass: 71933K(72576K)->71933K(72576K) Class: 11945K(12480K)->11945K(12480K)
[1546.944s][info ][gc             ] GC(88) Pause Young (Allocation Failure) 2261M->729M(2599M) 38.122ms
[1546.944s][info ][gc,cpu         ] GC(88) User=0.10s Sys=0.01s Real=0.04s
[1546.944s][info ][safepoint      ] Safepoint "ParallelGCFailedAllocation", Time since last: 103137546 ns, Reaching safepoint: 34602 ns, At safepoint: 38215522 ns, Total: 38250124 ns
[1548.944s][info ][safepoint      ] Safepoint "Cleanup", Time since last: 2000155861 ns, Reaching safepoint: 48904 ns, At safepoint: 3500 ns, Total: 52404 ns
[1558.945s][info ][safepoint      ] Safepoint "Cleanup", Time since last: 10000740901 ns, Reaching safepoint: 55404 ns, At safepoint: 8100 ns, Total: 63504 ns
[1560.945s][info ][safepoint      ] Safepoint "Cleanup", Time since last: 2000149760 ns, Reaching safepoint: 50704 ns, At safepoint: 3600 ns, Total: 54304 ns
[1569.350s][info ][gc,start       ] GC(89) Pause Young (Allocation Failure)
[1569.383s][debug][gc,phases      ] GC(89) Scavenge 32.442ms
[1569.383s][debug][gc,ref         ] GC(89) Skipped phase 1 of Reference Processing: no references
[1569.383s][debug][gc,ref         ] GC(89) ReferenceProcessor::execute queues: 1, RefProcThreadModel::Single, marks_oops_alive: false
[1569.383s][debug][gc,ref         ] GC(89) Skipped phase 3 of Reference Processing: no references
[1569.383s][debug][gc,ref         ] GC(89) Skipped phase 4 of Reference Processing: no references
[1569.383s][debug][gc,phases      ] GC(89) Reference Processing 0.096ms
[1569.383s][debug][gc,phases      ] GC(89)   VM Weak                        Min:  0.0, Avg:  0.0, Max:  0.0, Diff:  0.0, Sum:  0.0, Workers: 4
[1569.383s][debug][gc,phases      ] GC(89)     Dead                           Min: 0, Avg:  0.0, Max: 0, Diff: 0, Sum: 0, Workers: 4
[1569.383s][debug][gc,phases      ] GC(89)     Total                          Min: 0, Avg: 229.5, Max: 576, Diff: 576, Sum: 918, Workers: 4
[1569.383s][debug][gc,phases      ] GC(89)   ObjectSynchronizer Weak        Min:  0.0, Avg:  0.0, Max:  0.0, Diff:  0.0, Sum:  0.0, Workers: 4
[1569.383s][debug][gc,phases      ] GC(89)     Dead                           Min: 0, Avg:  0.0, Max: 0, Diff: 0, Sum: 0, Workers: 4
[1569.383s][debug][gc,phases      ] GC(89)     Total                          Min: 0, Avg: 25.5, Max: 64, Diff: 64, Sum: 102, Workers: 4
[1569.383s][debug][gc,phases      ] GC(89)   JVMTI Tag Weak OopStorage      Min:  0.0, Avg:  0.0, Max:  0.0, Diff:  0.0, Sum:  0.0, Workers: 4
[1569.383s][debug][gc,phases      ] GC(89)     Dead                           Min: 0, Avg:  0.0, Max: 0, Diff: 0, Sum: 0, Workers: 4
[1569.383s][debug][gc,phases      ] GC(89)     Total                          Min: 0, Avg:  0.0, Max: 0, Diff: 0, Sum: 0, Workers: 4
[1569.383s][debug][gc,phases      ] GC(89)   StringTable Weak               Min:  0.0, Avg:  0.1, Max:  0.1, Diff:  0.1, Sum:  0.4, Workers: 4
[1569.383s][debug][gc,phases      ] GC(89)     Dead                           Min: 0, Avg:  0.0, Max: 0, Diff: 0, Sum: 0, Workers: 4
[1569.383s][debug][gc,phases      ] GC(89)     Total                          Min: 0, Avg: 11001.2, Max: 16384, Diff: 16384, Sum: 44005, Workers: 4
[1569.383s][debug][gc,phases      ] GC(89)   ResolvedMethodTable Weak       Min:  0.0, Avg:  0.0, Max:  0.0, Diff:  0.0, Sum:  0.1, Workers: 4
[1569.383s][debug][gc,phases      ] GC(89)     Dead                           Min: 0, Avg:  0.0, Max: 0, Diff: 0, Sum: 0, Workers: 4
[1569.383s][debug][gc,phases      ] GC(89)     Total                          Min: 0, Avg: 2509.5, Max: 3520, Diff: 3520, Sum: 10038, Workers: 4
[1569.383s][debug][gc,phases      ] GC(89)   JNI Weak                       Min:  0.0, Avg:  0.0, Max:  0.0, Diff:  0.0, Sum:  0.0, Workers: 4
[1569.383s][debug][gc,phases      ] GC(89)     Dead                           Min: 0, Avg:  0.0, Max: 0, Diff: 0, Sum: 0, Workers: 4
[1569.383s][debug][gc,phases      ] GC(89)     Total                          Min: 0, Avg: 11.2, Max: 45, Diff: 45, Sum: 45, Workers: 4
[1569.383s][debug][gc,phases      ] GC(89)   StringDedup Table Weak         Min:  0.0, Avg:  0.0, Max:  0.0, Diff:  0.0, Sum:  0.0, Workers: 4
[1569.383s][debug][gc,phases      ] GC(89)     Dead                           Min: 0, Avg:  0.0, Max: 0, Diff: 0, Sum: 0, Workers: 4
[1569.383s][debug][gc,phases      ] GC(89)     Total                          Min: 0, Avg:  0.0, Max: 0, Diff: 0, Sum: 0, Workers: 4
[1569.383s][debug][gc,phases      ] GC(89)   StringDedup Requests0 Weak     Min:  0.0, Avg:  0.0, Max:  0.0, Diff:  0.0, Sum:  0.0, Workers: 4
[1569.383s][debug][gc,phases      ] GC(89)     Dead                           Min: 0, Avg:  0.0, Max: 0, Diff: 0, Sum: 0, Workers: 4
[1569.383s][debug][gc,phases      ] GC(89)     Total                          Min: 0, Avg:  0.0, Max: 0, Diff: 0, Sum: 0, Workers: 4
[1569.383s][debug][gc,phases      ] GC(89)   StringDedup Requests1 Weak     Min:  0.0, Avg:  0.0, Max:  0.0, Diff:  0.0, Sum:  0.0, Workers: 4
[1569.383s][debug][gc,phases      ] GC(89)     Dead                           Min: 0, Avg:  0.0, Max: 0, Diff: 0, Sum: 0, Workers: 4
[1569.383s][debug][gc,phases      ] GC(89)     Total                          Min: 0, Avg:  0.0, Max: 0, Diff: 0, Sum: 0, Workers: 4
[1569.383s][debug][gc,phases      ] GC(89)   Weak JFR Old Object Samples    Min:  0.0, Avg:  0.0, Max:  0.0, Diff:  0.0, Sum:  0.0, Workers: 4
[1569.383s][debug][gc,phases      ] GC(89)     Dead                           Min: 0, Avg:  0.0, Max: 0, Diff: 0, Sum: 0, Workers: 4
[1569.383s][debug][gc,phases      ] GC(89)     Total                          Min: 0, Avg:  0.0, Max: 0, Diff: 0, Sum: 0, Workers: 4
[1569.383s][debug][gc,phases      ] GC(89) Weak Processing 0.399ms
[1569.383s][debug][gc,age         ] GC(89) Desired survivor size 237502464 bytes, new threshold 15 (max threshold 15)
[1569.383s][info ][gc,heap        ] GC(89) PSYoungGen: 1692608K(1856512K)->85440K(1848320K) Eden: 1607680K(1607680K)->0K(1607680K) From: 84928K(248832K)->85440K(240640K)
[1569.383s][info ][gc,heap        ] GC(89) ParOldGen: 662261K(804864K)->662413K(804864K)
[1569.383s][info ][gc,metaspace   ] GC(89) Metaspace: 83888K(85056K)->83888K(85056K) NonClass: 71943K(72576K)->71943K(72576K) Class: 11945K(12480K)->11945K(12480K)
[1569.383s][info ][gc             ] GC(89) Pause Young (Allocation Failure) 2299M->730M(2591M) 33.080ms
[1569.383s][info ][gc,cpu         ] GC(89) User=0.11s Sys=0.00s Real=0.04s
[1569.383s][info ][safepoint      ] Safepoint "ParallelGCFailedAllocation", Time since last: 8404620915 ns, Reaching safepoint: 119308 ns, At safepoint: 33165362 ns, Total: 33284670 ns
[1571.383s][info ][safepoint      ] Safepoint "Cleanup", Time since last: 2000155560 ns, Reaching safepoint: 43303 ns, At safepoint: 4001 ns, Total: 47304 ns
[1579.384s][info ][safepoint      ] Safepoint "Cleanup", Time since last: 8000544132 ns, Reaching safepoint: 56204 ns, At safepoint: 2800 ns, Total: 59004 ns
[1583.384s][info ][safepoint      ] Safepoint "Cleanup", Time since last: 4000313218 ns, Reaching safepoint: 48904 ns, At safepoint: 7700 ns, Total: 56604 ns
[1584.385s][info ][safepoint      ] Safepoint "Cleanup", Time since last: 1000115433 ns, Reaching safepoint: 46503 ns, At safepoint: 10401 ns, Total: 56904 ns
[1590.455s][info ][gc,start       ] GC(90) Pause Young (Allocation Failure)
[1590.490s][debug][gc,phases      ] GC(90) Scavenge 34.994ms
[1590.491s][debug][gc,ref         ] GC(90) Skipped phase 1 of Reference Processing: no references
[1590.491s][debug][gc,ref         ] GC(90) ReferenceProcessor::execute queues: 1, RefProcThreadModel::Single, marks_oops_alive: false
[1590.491s][debug][gc,ref         ] GC(90) Skipped phase 3 of Reference Processing: no references
[1590.491s][debug][gc,ref         ] GC(90) Skipped phase 4 of Reference Processing: no references
[1590.491s][debug][gc,phases      ] GC(90) Reference Processing 0.102ms
[1590.491s][debug][gc,phases      ] GC(90)   VM Weak                        Min:  0.0, Avg:  0.0, Max:  0.0, Diff:  0.0, Sum:  0.0, Workers: 4
[1590.491s][debug][gc,phases      ] GC(90)     Dead                           Min: 0, Avg:  0.0, Max: 0, Diff: 0, Sum: 0, Workers: 4
[1590.491s][debug][gc,phases      ] GC(90)     Total                          Min: 0, Avg: 229.5, Max: 832, Diff: 832, Sum: 918, Workers: 4
[1590.491s][debug][gc,phases      ] GC(90)   ObjectSynchronizer Weak        Min:  0.0, Avg:  0.0, Max:  0.0, Diff:  0.0, Sum:  0.0, Workers: 4
[1590.491s][debug][gc,phases      ] GC(90)     Dead                           Min: 0, Avg:  0.0, Max: 0, Diff: 0, Sum: 0, Workers: 4
[1590.491s][debug][gc,phases      ] GC(90)     Total                          Min: 0, Avg: 25.5, Max: 64, Diff: 64, Sum: 102, Workers: 4
[1590.491s][debug][gc,phases      ] GC(90)   JVMTI Tag Weak OopStorage      Min:  0.0, Avg:  0.0, Max:  0.0, Diff:  0.0, Sum:  0.0, Workers: 4
[1590.491s][debug][gc,phases      ] GC(90)     Dead                           Min: 0, Avg:  0.0, Max: 0, Diff: 0, Sum: 0, Workers: 4
[1590.491s][debug][gc,phases      ] GC(90)     Total                          Min: 0, Avg:  0.0, Max: 0, Diff: 0, Sum: 0, Workers: 4
[1590.491s][debug][gc,phases      ] GC(90)   StringTable Weak               Min:  0.0, Avg:  0.1, Max:  0.2, Diff:  0.2, Sum:  0.4, Workers: 4
[1590.491s][debug][gc,phases      ] GC(90)     Dead                           Min: 0, Avg:  0.0, Max: 0, Diff: 0, Sum: 0, Workers: 4
[1590.491s][debug][gc,phases      ] GC(90)     Total                          Min: 0, Avg: 11001.5, Max: 22310, Diff: 22310, Sum: 44006, Workers: 4
[1590.491s][debug][gc,phases      ] GC(90)   ResolvedMethodTable Weak       Min:  0.0, Avg:  0.0, Max:  0.1, Diff:  0.1, Sum:  0.1, Workers: 4
[1590.491s][debug][gc,phases      ] GC(90)     Dead                           Min: 0, Avg:  0.0, Max: 0, Diff: 0, Sum: 0, Workers: 4
[1590.491s][debug][gc,phases      ] GC(90)     Total                          Min: 0, Avg: 2509.5, Max: 5238, Diff: 5238, Sum: 10038, Workers: 4
[1590.491s][debug][gc,phases      ] GC(90)   JNI Weak                       Min:  0.0, Avg:  0.0, Max:  0.0, Diff:  0.0, Sum:  0.0, Workers: 4
[1590.491s][debug][gc,phases      ] GC(90)     Dead                           Min: 0, Avg:  0.0, Max: 0, Diff: 0, Sum: 0, Workers: 4
[1590.491s][debug][gc,phases      ] GC(90)     Total                          Min: 0, Avg: 11.2, Max: 45, Diff: 45, Sum: 45, Workers: 4
[1590.491s][debug][gc,phases      ] GC(90)   StringDedup Table Weak         Min:  0.0, Avg:  0.0, Max:  0.0, Diff:  0.0, Sum:  0.0, Workers: 4
[1590.491s][debug][gc,phases      ] GC(90)     Dead                           Min: 0, Avg:  0.0, Max: 0, Diff: 0, Sum: 0, Workers: 4
[1590.491s][debug][gc,phases      ] GC(90)     Total                          Min: 0, Avg:  0.0, Max: 0, Diff: 0, Sum: 0, Workers: 4
[1590.491s][debug][gc,phases      ] GC(90)   StringDedup Requests0 Weak     Min:  0.0, Avg:  0.0, Max:  0.0, Diff:  0.0, Sum:  0.0, Workers: 4
[1590.491s][debug][gc,phases      ] GC(90)     Dead                           Min: 0, Avg:  0.0, Max: 0, Diff: 0, Sum: 0, Workers: 4
[1590.491s][debug][gc,phases      ] GC(90)     Total                          Min: 0, Avg:  0.0, Max: 0, Diff: 0, Sum: 0, Workers: 4
[1590.491s][debug][gc,phases      ] GC(90)   StringDedup Requests1 Weak     Min:  0.0, Avg:  0.0, Max:  0.0, Diff:  0.0, Sum:  0.0, Workers: 4
[1590.491s][debug][gc,phases      ] GC(90)     Dead                           Min: 0, Avg:  0.0, Max: 0, Diff: 0, Sum: 0, Workers: 4
[1590.491s][debug][gc,phases      ] GC(90)     Total                          Min: 0, Avg:  0.0, Max: 0, Diff: 0, Sum: 0, Workers: 4
[1590.491s][debug][gc,phases      ] GC(90)   Weak JFR Old Object Samples    Min:  0.0, Avg:  0.0, Max:  0.0, Diff:  0.0, Sum:  0.0, Workers: 4
[1590.491s][debug][gc,phases      ] GC(90)     Dead                           Min: 0, Avg:  0.0, Max: 0, Diff: 0, Sum: 0, Workers: 4
[1590.491s][debug][gc,phases      ] GC(90)     Total                          Min: 0, Avg:  0.0, Max: 0, Diff: 0, Sum: 0, Workers: 4
[1590.491s][debug][gc,phases      ] GC(90) Weak Processing 0.463ms
[1590.491s][debug][gc,age         ] GC(90) Desired survivor size 229113856 bytes, new threshold 15 (max threshold 15)
[1590.491s][info ][gc,heap        ] GC(90) PSYoungGen: 1693120K(1848320K)->85632K(1873408K) Eden: 1607680K(1607680K)->0K(1641472K) From: 85440K(240640K)->85632K(231936K)
[1590.491s][info ][gc,heap        ] GC(90) ParOldGen: 662413K(804864K)->662445K(804864K)
[1590.491s][info ][gc,metaspace   ] GC(90) Metaspace: 83891K(85056K)->83891K(85056K) NonClass: 71946K(72576K)->71946K(72576K) Class: 11945K(12480K)->11945K(12480K)
[1590.491s][info ][gc             ] GC(90) Pause Young (Allocation Failure) 2300M->730M(2615M) 35.703ms
[1590.491s][info ][gc,cpu         ] GC(90) User=0.12s Sys=0.01s Real=0.04s
[1590.491s][info ][safepoint      ] Safepoint "ParallelGCFailedAllocation", Time since last: 6070826387 ns, Reaching safepoint: 37403 ns, At safepoint: 35784549 ns, Total: 35821952 ns
[1600.492s][info ][safepoint      ] Safepoint "Cleanup", Time since last: 10000695886 ns, Reaching safepoint: 39102 ns, At safepoint: 11401 ns, Total: 50503 ns
[1601.492s][info ][safepoint      ] Safepoint "Cleanup", Time since last: 1000143434 ns, Reaching safepoint: 75405 ns, At safepoint: 3600 ns, Total: 79005 ns
[1604.492s][info ][safepoint      ] Safepoint "Cleanup", Time since last: 3000264090 ns, Reaching safepoint: 64404 ns, At safepoint: 4900 ns, Total: 69304 ns
[1608.493s][info ][safepoint      ] Safepoint "Cleanup", Time since last: 4000323117 ns, Reaching safepoint: 48603 ns, At safepoint: 3200 ns, Total: 51803 ns
[1609.493s][info ][safepoint      ] Safepoint "Cleanup", Time since last: 1000129833 ns, Reaching safepoint: 44203 ns, At safepoint: 3300 ns, Total: 47503 ns
[1611.493s][info ][safepoint      ] Safepoint "Cleanup", Time since last: 2000213262 ns, Reaching safepoint: 50204 ns, At safepoint: 3200 ns, Total: 53404 ns
[1611.951s][info ][gc,start       ] GC(91) Pause Young (Allocation Failure)
[1611.984s][debug][gc,phases      ] GC(91) Scavenge 33.224ms
[1611.984s][debug][gc,ref         ] GC(91) Skipped phase 1 of Reference Processing: no references
[1611.985s][debug][gc,ref         ] GC(91) ReferenceProcessor::execute queues: 1, RefProcThreadModel::Single, marks_oops_alive: false
[1611.985s][debug][gc,ref         ] GC(91) Skipped phase 3 of Reference Processing: no references
[1611.985s][debug][gc,ref         ] GC(91) Skipped phase 4 of Reference Processing: no references
[1611.985s][debug][gc,phases      ] GC(91) Reference Processing 0.114ms
[1611.985s][debug][gc,phases      ] GC(91)   VM Weak                        Min:  0.0, Avg:  0.0, Max:  0.0, Diff:  0.0, Sum:  0.0, Workers: 4
[1611.985s][debug][gc,phases      ] GC(91)     Dead                           Min: 0, Avg:  0.0, Max: 0, Diff: 0, Sum: 0, Workers: 4
[1611.985s][debug][gc,phases      ] GC(91)     Total                          Min: 0, Avg: 229.5, Max: 854, Diff: 854, Sum: 918, Workers: 4
[1611.985s][debug][gc,phases      ] GC(91)   ObjectSynchronizer Weak        Min:  0.0, Avg:  0.0, Max:  0.0, Diff:  0.0, Sum:  0.0, Workers: 4
[1611.985s][debug][gc,phases      ] GC(91)     Dead                           Min: 0, Avg:  0.0, Max: 0, Diff: 0, Sum: 0, Workers: 4
[1611.985s][debug][gc,phases      ] GC(91)     Total                          Min: 0, Avg: 25.5, Max: 64, Diff: 64, Sum: 102, Workers: 4
[1611.985s][debug][gc,phases      ] GC(91)   JVMTI Tag Weak OopStorage      Min:  0.0, Avg:  0.0, Max:  0.0, Diff:  0.0, Sum:  0.0, Workers: 4
[1611.985s][debug][gc,phases      ] GC(91)     Dead                           Min: 0, Avg:  0.0, Max: 0, Diff: 0, Sum: 0, Workers: 4
[1611.985s][debug][gc,phases      ] GC(91)     Total                          Min: 0, Avg:  0.0, Max: 0, Diff: 0, Sum: 0, Workers: 4
[1611.985s][debug][gc,phases      ] GC(91)   StringTable Weak               Min:  0.0, Avg:  0.1, Max:  0.2, Diff:  0.2, Sum:  0.5, Workers: 4
[1611.985s][debug][gc,phases      ] GC(91)     Dead                           Min: 0, Avg:  0.0, Max: 0, Diff: 0, Sum: 0, Workers: 4
[1611.985s][debug][gc,phases      ] GC(91)     Total                          Min: 0, Avg: 11001.5, Max: 15680, Diff: 15680, Sum: 44006, Workers: 4
[1611.985s][debug][gc,phases      ] GC(91)   ResolvedMethodTable Weak       Min:  0.0, Avg:  0.0, Max:  0.0, Diff:  0.0, Sum:  0.1, Workers: 4
[1611.985s][debug][gc,phases      ] GC(91)     Dead                           Min: 0, Avg:  0.0, Max: 0, Diff: 0, Sum: 0, Workers: 4
[1611.985s][debug][gc,phases      ] GC(91)     Total                          Min: 0, Avg: 2509.5, Max: 3510, Diff: 3510, Sum: 10038, Workers: 4
[1611.985s][debug][gc,phases      ] GC(91)   JNI Weak                       Min:  0.0, Avg:  0.0, Max:  0.0, Diff:  0.0, Sum:  0.0, Workers: 4
[1611.985s][debug][gc,phases      ] GC(91)     Dead                           Min: 0, Avg:  0.0, Max: 0, Diff: 0, Sum: 0, Workers: 4
[1611.985s][debug][gc,phases      ] GC(91)     Total                          Min: 0, Avg: 11.2, Max: 45, Diff: 45, Sum: 45, Workers: 4
[1611.985s][debug][gc,phases      ] GC(91)   StringDedup Table Weak         Min:  0.0, Avg:  0.0, Max:  0.0, Diff:  0.0, Sum:  0.0, Workers: 4
[1611.985s][debug][gc,phases      ] GC(91)     Dead                           Min: 0, Avg:  0.0, Max: 0, Diff: 0, Sum: 0, Workers: 4
[1611.985s][debug][gc,phases      ] GC(91)     Total                          Min: 0, Avg:  0.0, Max: 0, Diff: 0, Sum: 0, Workers: 4
[1611.985s][debug][gc,phases      ] GC(91)   StringDedup Requests0 Weak     Min:  0.0, Avg:  0.0, Max:  0.0, Diff:  0.0, Sum:  0.0, Workers: 4
[1611.985s][debug][gc,phases      ] GC(91)     Dead                           Min: 0, Avg:  0.0, Max: 0, Diff: 0, Sum: 0, Workers: 4
[1611.985s][debug][gc,phases      ] GC(91)     Total                          Min: 0, Avg:  0.0, Max: 0, Diff: 0, Sum: 0, Workers: 4
[1611.985s][debug][gc,phases      ] GC(91)   StringDedup Requests1 Weak     Min:  0.0, Avg:  0.0, Max:  0.0, Diff:  0.0, Sum:  0.0, Workers: 4
[1611.985s][debug][gc,phases      ] GC(91)     Dead                           Min: 0, Avg:  0.0, Max: 0, Diff: 0, Sum: 0, Workers: 4
[1611.985s][debug][gc,phases      ] GC(91)     Total                          Min: 0, Avg:  0.0, Max: 0, Diff: 0, Sum: 0, Workers: 4
[1611.985s][debug][gc,phases      ] GC(91)   Weak JFR Old Object Samples    Min:  0.0, Avg:  0.0, Max:  0.0, Diff:  0.0, Sum:  0.0, Workers: 4
[1611.985s][debug][gc,phases      ] GC(91)     Dead                           Min: 0, Avg:  0.0, Max: 0, Diff: 0, Sum: 0, Workers: 4
[1611.985s][debug][gc,phases      ] GC(91)     Total                          Min: 0, Avg:  0.0, Max: 0, Diff: 0, Sum: 0, Workers: 4
[1611.985s][debug][gc,phases      ] GC(91) Weak Processing 0.392ms
[1611.985s][debug][gc,age         ] GC(91) Desired survivor size 220725248 bytes, new threshold 15 (max threshold 15)
[1611.985s][info ][gc,heap        ] GC(91) PSYoungGen: 1727104K(1873408K)->85440K(1865216K) Eden: 1641472K(1641472K)->0K(1641472K) From: 85632K(231936K)->85440K(223744K)
[1611.985s][info ][gc,heap        ] GC(91) ParOldGen: 662445K(804864K)->662469K(804864K)
[1611.985s][info ][gc,metaspace   ] GC(91) Metaspace: 83905K(85056K)->83905K(85056K) NonClass: 71959K(72576K)->71959K(72576K) Class: 11945K(12480K)->11945K(12480K)
[1611.985s][info ][gc             ] GC(91) Pause Young (Allocation Failure) 2333M->730M(2607M) 33.869ms
[1611.985s][info ][gc,cpu         ] GC(91) User=0.11s Sys=0.00s Real=0.03s
[1611.985s][info ][safepoint      ] Safepoint "ParallelGCFailedAllocation", Time since last: 457690198 ns, Reaching safepoint: 110708 ns, At safepoint: 33956118 ns, Total: 34066826 ns
[1612.985s][info ][safepoint      ] Safepoint "Cleanup", Time since last: 1000081329 ns, Reaching safepoint: 31202 ns, At safepoint: 3101 ns, Total: 34303 ns
[1613.985s][info ][safepoint      ] Safepoint "Cleanup", Time since last: 1000057327 ns, Reaching safepoint: 49103 ns, At safepoint: 10201 ns, Total: 59304 ns
[1615.986s][info ][safepoint      ] Safepoint "Cleanup", Time since last: 2000180459 ns, Reaching safepoint: 49404 ns, At safepoint: 6000 ns, Total: 55404 ns
[1618.986s][info ][safepoint      ] Safepoint "Cleanup", Time since last: 3000193583 ns, Reaching safepoint: 41403 ns, At safepoint: 4400 ns, Total: 45803 ns
[1620.986s][info ][safepoint      ] Safepoint "Cleanup", Time since last: 2000138956 ns, Reaching safepoint: 46603 ns, At safepoint: 5801 ns, Total: 52404 ns
[1622.986s][info ][safepoint      ] Safepoint "Cleanup", Time since last: 2000177558 ns, Reaching safepoint: 55404 ns, At safepoint: 4601 ns, Total: 60005 ns
[1626.987s][info ][safepoint      ] Safepoint "Cleanup", Time since last: 4000284011 ns, Reaching safepoint: 40903 ns, At safepoint: 3800 ns, Total: 44703 ns
[1627.987s][info ][safepoint      ] Safepoint "Cleanup", Time since last: 1000113531 ns, Reaching safepoint: 52804 ns, At safepoint: 10701 ns, Total: 63505 ns
[1633.563s][info ][gc,start       ] GC(92) Pause Young (Allocation Failure)
[1633.630s][debug][gc,phases      ] GC(92) Scavenge 67.476ms
[1633.630s][debug][gc,ref         ] GC(92) Skipped phase 1 of Reference Processing: no references
[1633.630s][debug][gc,ref         ] GC(92) ReferenceProcessor::execute queues: 1, RefProcThreadModel::Single, marks_oops_alive: false
[1633.630s][debug][gc,ref         ] GC(92) Skipped phase 3 of Reference Processing: no references
[1633.630s][debug][gc,ref         ] GC(92) Skipped phase 4 of Reference Processing: no references
[1633.630s][debug][gc,phases      ] GC(92) Reference Processing 0.116ms
[1633.633s][debug][gc,phases      ] GC(92)   VM Weak                        Min:  0.0, Avg:  0.1, Max:  0.3, Diff:  0.3, Sum:  0.3, Workers: 4
[1633.633s][debug][gc,phases      ] GC(92)     Dead                           Min: 0, Avg:  0.0, Max: 0, Diff: 0, Sum: 0, Workers: 4
[1633.633s][debug][gc,phases      ] GC(92)     Total                          Min: 0, Avg: 229.5, Max: 512, Diff: 512, Sum: 918, Workers: 4
[1633.633s][debug][gc,phases      ] GC(92)   ObjectSynchronizer Weak        Min:  0.0, Avg:  0.0, Max:  0.0, Diff:  0.0, Sum:  0.0, Workers: 4
[1633.633s][debug][gc,phases      ] GC(92)     Dead                           Min: 0, Avg:  0.0, Max: 0, Diff: 0, Sum: 0, Workers: 4
[1633.633s][debug][gc,phases      ] GC(92)     Total                          Min: 0, Avg: 25.5, Max: 64, Diff: 64, Sum: 102, Workers: 4
[1633.633s][debug][gc,phases      ] GC(92)   JVMTI Tag Weak OopStorage      Min:  0.0, Avg:  0.0, Max:  0.0, Diff:  0.0, Sum:  0.0, Workers: 4
[1633.633s][debug][gc,phases      ] GC(92)     Dead                           Min: 0, Avg:  0.0, Max: 0, Diff: 0, Sum: 0, Workers: 4
[1633.633s][debug][gc,phases      ] GC(92)     Total                          Min: 0, Avg:  0.0, Max: 0, Diff: 0, Sum: 0, Workers: 4
[1633.633s][debug][gc,phases      ] GC(92)   StringTable Weak               Min:  0.0, Avg:  0.1, Max:  0.2, Diff:  0.2, Sum:  0.4, Workers: 4
[1633.633s][debug][gc,phases      ] GC(92)     Dead                           Min: 0, Avg:  0.0, Max: 0, Diff: 0, Sum: 0, Workers: 4
[1633.633s][debug][gc,phases      ] GC(92)     Total                          Min: 0, Avg: 11001.8, Max: 22400, Diff: 22400, Sum: 44007, Workers: 4
[1633.633s][debug][gc,phases      ] GC(92)   ResolvedMethodTable Weak       Min:  0.0, Avg:  0.0, Max:  0.0, Diff:  0.0, Sum:  0.1, Workers: 4
[1633.633s][debug][gc,phases      ] GC(92)     Dead                           Min: 0, Avg:  0.0, Max: 0, Diff: 0, Sum: 0, Workers: 4
[1633.633s][debug][gc,phases      ] GC(92)     Total                          Min: 0, Avg: 2509.5, Max: 5430, Diff: 5430, Sum: 10038, Workers: 4
[1633.633s][debug][gc,phases      ] GC(92)   JNI Weak                       Min:  0.0, Avg:  0.0, Max:  0.0, Diff:  0.0, Sum:  0.0, Workers: 4
[1633.633s][debug][gc,phases      ] GC(92)     Dead                           Min: 0, Avg:  0.0, Max: 0, Diff: 0, Sum: 0, Workers: 4
[1633.633s][debug][gc,phases      ] GC(92)     Total                          Min: 0, Avg: 11.2, Max: 45, Diff: 45, Sum: 45, Workers: 4
[1633.633s][debug][gc,phases      ] GC(92)   StringDedup Table Weak         Min:  0.0, Avg:  0.0, Max:  0.0, Diff:  0.0, Sum:  0.0, Workers: 4
[1633.633s][debug][gc,phases      ] GC(92)     Dead                           Min: 0, Avg:  0.0, Max: 0, Diff: 0, Sum: 0, Workers: 4
[1633.633s][debug][gc,phases      ] GC(92)     Total                          Min: 0, Avg:  0.0, Max: 0, Diff: 0, Sum: 0, Workers: 4
[1633.633s][debug][gc,phases      ] GC(92)   StringDedup Requests0 Weak     Min:  0.0, Avg:  0.0, Max:  0.0, Diff:  0.0, Sum:  0.0, Workers: 4
[1633.633s][debug][gc,phases      ] GC(92)     Dead                           Min: 0, Avg:  0.0, Max: 0, Diff: 0, Sum: 0, Workers: 4
[1633.633s][debug][gc,phases      ] GC(92)     Total                          Min: 0, Avg:  0.0, Max: 0, Diff: 0, Sum: 0, Workers: 4
[1633.633s][debug][gc,phases      ] GC(92)   StringDedup Requests1 Weak     Min:  0.0, Avg:  0.0, Max:  0.0, Diff:  0.0, Sum:  0.0, Workers: 4
[1633.633s][debug][gc,phases      ] GC(92)     Dead                           Min: 0, Avg:  0.0, Max: 0, Diff: 0, Sum: 0, Workers: 4
[1633.633s][debug][gc,phases      ] GC(92)     Total                          Min: 0, Avg:  0.0, Max: 0, Diff: 0, Sum: 0, Workers: 4
[1633.633s][debug][gc,phases      ] GC(92)   Weak JFR Old Object Samples    Min:  0.0, Avg:  0.0, Max:  0.0, Diff:  0.0, Sum:  0.0, Workers: 4
[1633.633s][debug][gc,phases      ] GC(92)     Dead                           Min: 0, Avg:  0.0, Max: 0, Diff: 0, Sum: 0, Workers: 4
[1633.633s][debug][gc,phases      ] GC(92)     Total                          Min: 0, Avg:  0.0, Max: 0, Diff: 0, Sum: 0, Workers: 4
[1633.633s][debug][gc,phases      ] GC(92) Weak Processing 3.055ms
[1633.633s][debug][gc,age         ] GC(92) Desired survivor size 212860928 bytes, new threshold 15 (max threshold 15)
[1633.634s][info ][gc,heap        ] GC(92) PSYoungGen: 1726912K(1865216K)->84848K(1889280K) Eden: 1641472K(1641472K)->0K(1673728K) From: 85440K(223744K)->84848K(215552K)
[1633.634s][info ][gc,heap        ] GC(92) ParOldGen: 662469K(804864K)->663317K(804864K)
[1633.634s][info ][gc,metaspace   ] GC(92) Metaspace: 83916K(85056K)->83916K(85056K) NonClass: 71970K(72576K)->71970K(72576K) Class: 11945K(12480K)->11945K(12480K)
[1633.634s][info ][gc             ] GC(92) Pause Young (Allocation Failure) 2333M->730M(2631M) 70.803ms
[1633.634s][info ][gc,cpu         ] GC(92) User=0.11s Sys=0.00s Real=0.07s
[1633.634s][info ][safepoint      ] Safepoint "ParallelGCFailedAllocation", Time since last: 5575949734 ns, Reaching safepoint: 32502 ns, At safepoint: 70894349 ns, Total: 70926851 ns
[1635.634s][info ][safepoint      ] Safepoint "Cleanup", Time since last: 2000149656 ns, Reaching safepoint: 37203 ns, At safepoint: 3400 ns, Total: 40603 ns
[1636.634s][info ][safepoint      ] Safepoint "Cleanup", Time since last: 1000109031 ns, Reaching safepoint: 43703 ns, At safepoint: 3000 ns, Total: 46703 ns
[1638.634s][info ][safepoint      ] Safepoint "Cleanup", Time since last: 2000193459 ns, Reaching safepoint: 50003 ns, At safepoint: 2800 ns, Total: 52803 ns
[1651.635s][info ][safepoint      ] Safepoint "Cleanup", Time since last: 13000919956 ns, Reaching safepoint: 52504 ns, At safepoint: 3500 ns, Total: 56004 ns
[1653.635s][info ][safepoint      ] Safepoint "Cleanup", Time since last: 2000161156 ns, Reaching safepoint: 47803 ns, At safepoint: 4201 ns, Total: 52004 ns
[1655.636s][info ][safepoint      ] Safepoint "Cleanup", Time since last: 2000185757 ns, Reaching safepoint: 42603 ns, At safepoint: 3900 ns, Total: 46503 ns
[1657.601s][info ][gc,start       ] GC(93) Pause Young (Allocation Failure)
[1657.635s][debug][gc,phases      ] GC(93) Scavenge 33.594ms
[1657.635s][debug][gc,ref         ] GC(93) Skipped phase 1 of Reference Processing: no references
[1657.635s][debug][gc,ref         ] GC(93) ReferenceProcessor::execute queues: 1, RefProcThreadModel::Single, marks_oops_alive: false
[1657.635s][debug][gc,ref         ] GC(93) Skipped phase 3 of Reference Processing: no references
[1657.635s][debug][gc,ref         ] GC(93) ReferenceProcessor::execute queues: 1, RefProcThreadModel::Single, marks_oops_alive: false
[1657.635s][debug][gc,phases      ] GC(93) Reference Processing 0.100ms
[1657.635s][debug][gc,phases      ] GC(93)   VM Weak                        Min:  0.0, Avg:  0.0, Max:  0.0, Diff:  0.0, Sum:  0.0, Workers: 4
[1657.635s][debug][gc,phases      ] GC(93)     Dead                           Min: 0, Avg:  0.0, Max: 0, Diff: 0, Sum: 0, Workers: 4
[1657.635s][debug][gc,phases      ] GC(93)     Total                          Min: 0, Avg: 229.5, Max: 576, Diff: 576, Sum: 918, Workers: 4
[1657.635s][debug][gc,phases      ] GC(93)   ObjectSynchronizer Weak        Min:  0.0, Avg:  0.0, Max:  0.0, Diff:  0.0, Sum:  0.0, Workers: 4
[1657.635s][debug][gc,phases      ] GC(93)     Dead                           Min: 0, Avg:  0.0, Max: 0, Diff: 0, Sum: 0, Workers: 4
[1657.635s][debug][gc,phases      ] GC(93)     Total                          Min: 0, Avg: 25.5, Max: 64, Diff: 64, Sum: 102, Workers: 4
[1657.635s][debug][gc,phases      ] GC(93)   JVMTI Tag Weak OopStorage      Min:  0.0, Avg:  0.0, Max:  0.0, Diff:  0.0, Sum:  0.0, Workers: 4
[1657.635s][debug][gc,phases      ] GC(93)     Dead                           Min: 0, Avg:  0.0, Max: 0, Diff: 0, Sum: 0, Workers: 4
[1657.635s][debug][gc,phases      ] GC(93)     Total                          Min: 0, Avg:  0.0, Max: 0, Diff: 0, Sum: 0, Workers: 4
[1657.635s][debug][gc,phases      ] GC(93)   StringTable Weak               Min:  0.0, Avg:  0.1, Max:  0.1, Diff:  0.1, Sum:  0.4, Workers: 4
[1657.635s][debug][gc,phases      ] GC(93)     Dead                           Min: 0, Avg:  0.0, Max: 0, Diff: 0, Sum: 0, Workers: 4
[1657.635s][debug][gc,phases      ] GC(93)     Total                          Min: 0, Avg: 11002.5, Max: 16384, Diff: 16384, Sum: 44010, Workers: 4
[1657.635s][debug][gc,phases      ] GC(93)   ResolvedMethodTable Weak       Min:  0.0, Avg:  0.0, Max:  0.0, Diff:  0.0, Sum:  0.1, Workers: 4
[1657.635s][debug][gc,phases      ] GC(93)     Dead                           Min: 0, Avg:  4.0, Max: 8, Diff: 8, Sum: 16, Workers: 4
[1657.635s][debug][gc,phases      ] GC(93)     Total                          Min: 0, Avg: 2511.5, Max: 3774, Diff: 3774, Sum: 10046, Workers: 4
[1657.635s][debug][gc,phases      ] GC(93)   JNI Weak                       Min:  0.0, Avg:  0.0, Max:  0.0, Diff:  0.0, Sum:  0.0, Workers: 4
[1657.635s][debug][gc,phases      ] GC(93)     Dead                           Min: 0, Avg:  0.0, Max: 0, Diff: 0, Sum: 0, Workers: 4
[1657.635s][debug][gc,phases      ] GC(93)     Total                          Min: 0, Avg: 11.2, Max: 45, Diff: 45, Sum: 45, Workers: 4
[1657.635s][debug][gc,phases      ] GC(93)   StringDedup Table Weak         Min:  0.0, Avg:  0.0, Max:  0.0, Diff:  0.0, Sum:  0.0, Workers: 4
[1657.635s][debug][gc,phases      ] GC(93)     Dead                           Min: 0, Avg:  0.0, Max: 0, Diff: 0, Sum: 0, Workers: 4
[1657.635s][debug][gc,phases      ] GC(93)     Total                          Min: 0, Avg:  0.0, Max: 0, Diff: 0, Sum: 0, Workers: 4
[1657.635s][debug][gc,phases      ] GC(93)   StringDedup Requests0 Weak     Min:  0.0, Avg:  0.0, Max:  0.0, Diff:  0.0, Sum:  0.0, Workers: 4
[1657.635s][debug][gc,phases      ] GC(93)     Dead                           Min: 0, Avg:  0.0, Max: 0, Diff: 0, Sum: 0, Workers: 4
[1657.635s][debug][gc,phases      ] GC(93)     Total                          Min: 0, Avg:  0.0, Max: 0, Diff: 0, Sum: 0, Workers: 4
[1657.635s][debug][gc,phases      ] GC(93)   StringDedup Requests1 Weak     Min:  0.0, Avg:  0.0, Max:  0.0, Diff:  0.0, Sum:  0.0, Workers: 4
[1657.635s][debug][gc,phases      ] GC(93)     Dead                           Min: 0, Avg:  0.0, Max: 0, Diff: 0, Sum: 0, Workers: 4
[1657.635s][debug][gc,phases      ] GC(93)     Total                          Min: 0, Avg:  0.0, Max: 0, Diff: 0, Sum: 0, Workers: 4
[1657.635s][debug][gc,phases      ] GC(93)   Weak JFR Old Object Samples    Min:  0.0, Avg:  0.0, Max:  0.0, Diff:  0.0, Sum:  0.0, Workers: 4
[1657.635s][debug][gc,phases      ] GC(93)     Dead                           Min: 0, Avg:  0.0, Max: 0, Diff: 0, Sum: 0, Workers: 4
[1657.635s][debug][gc,phases      ] GC(93)     Total                          Min: 0, Avg:  0.0, Max: 0, Diff: 0, Sum: 0, Workers: 4
[1657.635s][debug][gc,phases      ] GC(93) Weak Processing 0.387ms
[1657.635s][debug][gc,age         ] GC(93) Desired survivor size 205520896 bytes, new threshold 15 (max threshold 15)
[1657.635s][info ][gc,heap        ] GC(93) PSYoungGen: 1758576K(1889280K)->83952K(1881600K) Eden: 1673728K(1673728K)->0K(1673728K) From: 84848K(215552K)->83952K(207872K)
[1657.635s][info ][gc,heap        ] GC(93) ParOldGen: 663317K(804864K)->664029K(804864K)
[1657.635s][info ][gc,metaspace   ] GC(93) Metaspace: 83939K(85056K)->83939K(85056K) NonClass: 71992K(72576K)->71992K(72576K) Class: 11947K(12480K)->11947K(12480K)
[1657.635s][info ][gc             ] GC(93) Pause Young (Allocation Failure) 2365M->730M(2623M) 34.224ms
[1657.635s][info ][gc,cpu         ] GC(93) User=0.10s Sys=0.00s Real=0.03s
[1657.635s][info ][safepoint      ] Safepoint "ParallelGCFailedAllocation", Time since last: 1965364278 ns, Reaching safepoint: 102307 ns, At safepoint: 34322144 ns, Total: 34424451 ns
[1669.636s][info ][safepoint      ] Safepoint "Cleanup", Time since last: 12000800120 ns, Reaching safepoint: 38503 ns, At safepoint: 3000 ns, Total: 41503 ns
[1674.637s][info ][safepoint      ] Safepoint "Cleanup", Time since last: 5000393236 ns, Reaching safepoint: 44903 ns, At safepoint: 3501 ns, Total: 48404 ns
[1675.637s][info ][safepoint      ] Safepoint "Cleanup", Time since last: 1000123430 ns, Reaching safepoint: 49504 ns, At safepoint: 2800 ns, Total: 52304 ns
[1680.637s][info ][safepoint      ] Safepoint "Cleanup", Time since last: 5000375934 ns, Reaching safepoint: 58304 ns, At safepoint: 2500 ns, Total: 60804 ns
[1682.458s][info ][gc,start       ] GC(94) Pause Young (Allocation Failure)
[1682.492s][debug][gc,phases      ] GC(94) Scavenge 33.882ms
[1682.492s][debug][gc,ref         ] GC(94) Skipped phase 1 of Reference Processing: no references
[1682.492s][debug][gc,ref         ] GC(94) ReferenceProcessor::execute queues: 1, RefProcThreadModel::Single, marks_oops_alive: false
[1682.492s][debug][gc,ref         ] GC(94) Skipped phase 3 of Reference Processing: no references
[1682.492s][debug][gc,ref         ] GC(94) ReferenceProcessor::execute queues: 1, RefProcThreadModel::Single, marks_oops_alive: false
[1682.492s][debug][gc,phases      ] GC(94) Reference Processing 0.104ms
[1682.492s][debug][gc,phases      ] GC(94)   VM Weak                        Min:  0.0, Avg:  0.0, Max:  0.0, Diff:  0.0, Sum:  0.0, Workers: 4
[1682.492s][debug][gc,phases      ] GC(94)     Dead                           Min: 0, Avg:  0.0, Max: 0, Diff: 0, Sum: 0, Workers: 4
[1682.492s][debug][gc,phases      ] GC(94)     Total                          Min: 0, Avg: 229.5, Max: 448, Diff: 448, Sum: 918, Workers: 4
[1682.492s][debug][gc,phases      ] GC(94)   ObjectSynchronizer Weak        Min:  0.0, Avg:  0.0, Max:  0.0, Diff:  0.0, Sum:  0.0, Workers: 4
[1682.493s][debug][gc,phases      ] GC(94)     Dead                           Min: 0, Avg:  0.0, Max: 0, Diff: 0, Sum: 0, Workers: 4
[1682.493s][debug][gc,phases      ] GC(94)     Total                          Min: 0, Avg: 25.5, Max: 64, Diff: 64, Sum: 102, Workers: 4
[1682.493s][debug][gc,phases      ] GC(94)   JVMTI Tag Weak OopStorage      Min:  0.0, Avg:  0.0, Max:  0.0, Diff:  0.0, Sum:  0.0, Workers: 4
[1682.493s][debug][gc,phases      ] GC(94)     Dead                           Min: 0, Avg:  0.0, Max: 0, Diff: 0, Sum: 0, Workers: 4
[1682.493s][debug][gc,phases      ] GC(94)     Total                          Min: 0, Avg:  0.0, Max: 0, Diff: 0, Sum: 0, Workers: 4
[1682.493s][debug][gc,phases      ] GC(94)   StringTable Weak               Min:  0.0, Avg:  0.1, Max:  0.1, Diff:  0.1, Sum:  0.4, Workers: 4
[1682.493s][debug][gc,phases      ] GC(94)     Dead                           Min: 0, Avg:  0.2, Max: 1, Diff: 1, Sum: 1, Workers: 4
[1682.493s][debug][gc,phases      ] GC(94)     Total                          Min: 0, Avg: 11002.8, Max: 15040, Diff: 15040, Sum: 44011, Workers: 4
[1682.493s][debug][gc,phases      ] GC(94)   ResolvedMethodTable Weak       Min:  0.0, Avg:  0.0, Max:  0.0, Diff:  0.0, Sum:  0.1, Workers: 4
[1682.493s][debug][gc,phases      ] GC(94)     Dead                           Min: 0, Avg:  0.0, Max: 0, Diff: 0, Sum: 0, Workers: 4
[1682.493s][debug][gc,phases      ] GC(94)     Total                          Min: 0, Avg: 2511.5, Max: 3520, Diff: 3520, Sum: 10046, Workers: 4
[1682.493s][debug][gc,phases      ] GC(94)   JNI Weak                       Min:  0.0, Avg:  0.0, Max:  0.0, Diff:  0.0, Sum:  0.0, Workers: 4
[1682.493s][debug][gc,phases      ] GC(94)     Dead                           Min: 0, Avg:  0.0, Max: 0, Diff: 0, Sum: 0, Workers: 4
[1682.493s][debug][gc,phases      ] GC(94)     Total                          Min: 0, Avg: 11.2, Max: 45, Diff: 45, Sum: 45, Workers: 4
[1682.493s][debug][gc,phases      ] GC(94)   StringDedup Table Weak         Min:  0.0, Avg:  0.0, Max:  0.0, Diff:  0.0, Sum:  0.0, Workers: 4
[1682.493s][debug][gc,phases      ] GC(94)     Dead                           Min: 0, Avg:  0.0, Max: 0, Diff: 0, Sum: 0, Workers: 4
[1682.493s][debug][gc,phases      ] GC(94)     Total                          Min: 0, Avg:  0.0, Max: 0, Diff: 0, Sum: 0, Workers: 4
[1682.493s][debug][gc,phases      ] GC(94)   StringDedup Requests0 Weak     Min:  0.0, Avg:  0.0, Max:  0.0, Diff:  0.0, Sum:  0.0, Workers: 4
[1682.493s][debug][gc,phases      ] GC(94)     Dead                           Min: 0, Avg:  0.0, Max: 0, Diff: 0, Sum: 0, Workers: 4
[1682.493s][debug][gc,phases      ] GC(94)     Total                          Min: 0, Avg:  0.0, Max: 0, Diff: 0, Sum: 0, Workers: 4
[1682.493s][debug][gc,phases      ] GC(94)   StringDedup Requests1 Weak     Min:  0.0, Avg:  0.0, Max:  0.0, Diff:  0.0, Sum:  0.0, Workers: 4
[1682.493s][debug][gc,phases      ] GC(94)     Dead                           Min: 0, Avg:  0.0, Max: 0, Diff: 0, Sum: 0, Workers: 4
[1682.493s][debug][gc,phases      ] GC(94)     Total                          Min: 0, Avg:  0.0, Max: 0, Diff: 0, Sum: 0, Workers: 4
[1682.493s][debug][gc,phases      ] GC(94)   Weak JFR Old Object Samples    Min:  0.0, Avg:  0.0, Max:  0.0, Diff:  0.0, Sum:  0.0, Workers: 4
[1682.493s][debug][gc,phases      ] GC(94)     Dead                           Min: 0, Avg:  0.0, Max: 0, Diff: 0, Sum: 0, Workers: 4
[1682.493s][debug][gc,phases      ] GC(94)     Total                          Min: 0, Avg:  0.0, Max: 0, Diff: 0, Sum: 0, Workers: 4
[1682.493s][debug][gc,phases      ] GC(94) Weak Processing 0.374ms
[1682.493s][debug][gc,age         ] GC(94) Desired survivor size 198180864 bytes, new threshold 15 (max threshold 15)
[1682.493s][info ][gc,heap        ] GC(94) PSYoungGen: 1757680K(1881600K)->84736K(1903616K) Eden: 1673728K(1673728K)->0K(1702912K) From: 83952K(207872K)->84736K(200704K)
[1682.493s][info ][gc,heap        ] GC(94) ParOldGen: 664029K(804864K)->664061K(804864K)
[1682.493s][info ][gc,metaspace   ] GC(94) Metaspace: 83952K(85120K)->83952K(85120K) NonClass: 72003K(72640K)->72003K(72640K) Class: 11948K(12480K)->11948K(12480K)
[1682.493s][info ][gc             ] GC(94) Pause Young (Allocation Failure) 2364M->731M(2645M) 34.503ms
[1682.493s][info ][gc,cpu         ] GC(94) User=0.12s Sys=0.00s Real=0.04s
[1682.493s][info ][safepoint      ] Safepoint "ParallelGCFailedAllocation", Time since last: 1820812281 ns, Reaching safepoint: 29302 ns, At safepoint: 34582763 ns, Total: 34612065 ns
[1683.493s][info ][safepoint      ] Safepoint "Cleanup", Time since last: 1000094529 ns, Reaching safepoint: 44703 ns, At safepoint: 8400 ns, Total: 53103 ns
[1687.493s][info ][safepoint      ] Safepoint "Cleanup", Time since last: 4000307108 ns, Reaching safepoint: 42503 ns, At safepoint: 33802 ns, Total: 76305 ns
[1690.079s][info ][safepoint      ] Safepoint "Cleanup", Time since last: 2585399236 ns, Reaching safepoint: 99207 ns, At safepoint: 3900 ns, Total: 103107 ns
[1691.079s][info ][safepoint      ] Safepoint "Cleanup", Time since last: 1000135031 ns, Reaching safepoint: 62604 ns, At safepoint: 3000 ns, Total: 65604 ns
[1693.079s][info ][safepoint      ] Safepoint "Cleanup", Time since last: 2000173255 ns, Reaching safepoint: 48904 ns, At safepoint: 3300 ns, Total: 52204 ns
[1695.079s][info ][safepoint      ] Safepoint "Cleanup", Time since last: 2000197456 ns, Reaching safepoint: 44804 ns, At safepoint: 3900 ns, Total: 48704 ns
[1696.080s][info ][safepoint      ] Safepoint "Cleanup", Time since last: 1000106629 ns, Reaching safepoint: 44303 ns, At safepoint: 2800 ns, Total: 47103 ns
[1698.080s][info ][safepoint      ] Safepoint "Cleanup", Time since last: 2000121251 ns, Reaching safepoint: 51203 ns, At safepoint: 3001 ns, Total: 54204 ns
[1699.080s][info ][safepoint      ] Safepoint "Cleanup", Time since last: 1000115029 ns, Reaching safepoint: 44003 ns, At safepoint: 3900 ns, Total: 47903 ns
[1700.080s][info ][safepoint      ] Safepoint "Cleanup", Time since last: 1000103729 ns, Reaching safepoint: 44003 ns, At safepoint: 3000 ns, Total: 47003 ns
[1702.080s][info ][safepoint      ] Safepoint "Cleanup", Time since last: 2000164754 ns, Reaching safepoint: 36102 ns, At safepoint: 7201 ns, Total: 43303 ns
[1704.080s][info ][safepoint      ] Safepoint "Cleanup", Time since last: 2000175354 ns, Reaching safepoint: 42903 ns, At safepoint: 5901 ns, Total: 48804 ns
[1706.006s][info ][gc,start       ] GC(95) Pause Young (Allocation Failure)
[1706.044s][debug][gc,phases      ] GC(95) Scavenge 38.156ms
[1706.044s][debug][gc,ref         ] GC(95) Skipped phase 1 of Reference Processing: no references
[1706.044s][debug][gc,ref         ] GC(95) ReferenceProcessor::execute queues: 1, RefProcThreadModel::Single, marks_oops_alive: false
[1706.044s][debug][gc,ref         ] GC(95) Skipped phase 3 of Reference Processing: no references
[1706.044s][debug][gc,ref         ] GC(95) ReferenceProcessor::execute queues: 1, RefProcThreadModel::Single, marks_oops_alive: false
[1706.044s][debug][gc,phases      ] GC(95) Reference Processing 0.104ms
[1706.045s][debug][gc,phases      ] GC(95)   VM Weak                        Min:  0.0, Avg:  0.0, Max:  0.0, Diff:  0.0, Sum:  0.0, Workers: 4
[1706.045s][debug][gc,phases      ] GC(95)     Dead                           Min: 0, Avg:  0.0, Max: 0, Diff: 0, Sum: 0, Workers: 4
[1706.045s][debug][gc,phases      ] GC(95)     Total                          Min: 0, Avg: 229.5, Max: 598, Diff: 598, Sum: 918, Workers: 4
[1706.045s][debug][gc,phases      ] GC(95)   ObjectSynchronizer Weak        Min:  0.0, Avg:  0.0, Max:  0.0, Diff:  0.0, Sum:  0.0, Workers: 4
[1706.045s][debug][gc,phases      ] GC(95)     Dead                           Min: 0, Avg:  0.0, Max: 0, Diff: 0, Sum: 0, Workers: 4
[1706.045s][debug][gc,phases      ] GC(95)     Total                          Min: 0, Avg: 25.5, Max: 64, Diff: 64, Sum: 102, Workers: 4
[1706.045s][debug][gc,phases      ] GC(95)   JVMTI Tag Weak OopStorage      Min:  0.0, Avg:  0.0, Max:  0.0, Diff:  0.0, Sum:  0.0, Workers: 4
[1706.045s][debug][gc,phases      ] GC(95)     Dead                           Min: 0, Avg:  0.0, Max: 0, Diff: 0, Sum: 0, Workers: 4
[1706.045s][debug][gc,phases      ] GC(95)     Total                          Min: 0, Avg:  0.0, Max: 0, Diff: 0, Sum: 0, Workers: 4
[1706.045s][debug][gc,phases      ] GC(95)   StringTable Weak               Min:  0.0, Avg:  0.1, Max:  0.1, Diff:  0.1, Sum:  0.4, Workers: 4
[1706.045s][debug][gc,phases      ] GC(95)     Dead                           Min: 0, Avg:  0.2, Max: 1, Diff: 1, Sum: 1, Workers: 4
[1706.045s][debug][gc,phases      ] GC(95)     Total                          Min: 0, Avg: 11003.8, Max: 14848, Diff: 14848, Sum: 44015, Workers: 4
[1706.045s][debug][gc,phases      ] GC(95)   ResolvedMethodTable Weak       Min:  0.0, Avg:  0.0, Max:  0.0, Diff:  0.0, Sum:  0.1, Workers: 4
[1706.045s][debug][gc,phases      ] GC(95)     Dead                           Min: 0, Avg:  0.0, Max: 0, Diff: 0, Sum: 0, Workers: 4
[1706.045s][debug][gc,phases      ] GC(95)     Total                          Min: 0, Avg: 2512.8, Max: 3459, Diff: 3459, Sum: 10051, Workers: 4
[1706.045s][debug][gc,phases      ] GC(95)   JNI Weak                       Min:  0.0, Avg:  0.0, Max:  0.0, Diff:  0.0, Sum:  0.0, Workers: 4
[1706.045s][debug][gc,phases      ] GC(95)     Dead                           Min: 0, Avg:  0.0, Max: 0, Diff: 0, Sum: 0, Workers: 4
[1706.045s][debug][gc,phases      ] GC(95)     Total                          Min: 0, Avg: 11.2, Max: 45, Diff: 45, Sum: 45, Workers: 4
[1706.045s][debug][gc,phases      ] GC(95)   StringDedup Table Weak         Min:  0.0, Avg:  0.0, Max:  0.0, Diff:  0.0, Sum:  0.0, Workers: 4
[1706.045s][debug][gc,phases      ] GC(95)     Dead                           Min: 0, Avg:  0.0, Max: 0, Diff: 0, Sum: 0, Workers: 4
[1706.045s][debug][gc,phases      ] GC(95)     Total                          Min: 0, Avg:  0.0, Max: 0, Diff: 0, Sum: 0, Workers: 4
[1706.045s][debug][gc,phases      ] GC(95)   StringDedup Requests0 Weak     Min:  0.0, Avg:  0.0, Max:  0.0, Diff:  0.0, Sum:  0.0, Workers: 4
[1706.045s][debug][gc,phases      ] GC(95)     Dead                           Min: 0, Avg:  0.0, Max: 0, Diff: 0, Sum: 0, Workers: 4
[1706.045s][debug][gc,phases      ] GC(95)     Total                          Min: 0, Avg:  0.0, Max: 0, Diff: 0, Sum: 0, Workers: 4
[1706.045s][debug][gc,phases      ] GC(95)   StringDedup Requests1 Weak     Min:  0.0, Avg:  0.0, Max:  0.0, Diff:  0.0, Sum:  0.0, Workers: 4
[1706.045s][debug][gc,phases      ] GC(95)     Dead                           Min: 0, Avg:  0.0, Max: 0, Diff: 0, Sum: 0, Workers: 4
[1706.045s][debug][gc,phases      ] GC(95)     Total                          Min: 0, Avg:  0.0, Max: 0, Diff: 0, Sum: 0, Workers: 4
[1706.045s][debug][gc,phases      ] GC(95)   Weak JFR Old Object Samples    Min:  0.0, Avg:  0.0, Max:  0.0, Diff:  0.0, Sum:  0.0, Workers: 4
[1706.045s][debug][gc,phases      ] GC(95)     Dead                           Min: 0, Avg:  0.0, Max: 0, Diff: 0, Sum: 0, Workers: 4
[1706.045s][debug][gc,phases      ] GC(95)     Total                          Min: 0, Avg:  0.0, Max: 0, Diff: 0, Sum: 0, Workers: 4
[1706.045s][debug][gc,phases      ] GC(95) Weak Processing 0.402ms
[1706.045s][debug][gc,age         ] GC(95) Desired survivor size 190840832 bytes, new threshold 15 (max threshold 15)
[1706.045s][info ][gc,heap        ] GC(95) PSYoungGen: 1787648K(1903616K)->84816K(1896448K) Eden: 1702912K(1702912K)->0K(1702912K) From: 84736K(200704K)->84816K(193536K)
[1706.045s][info ][gc,heap        ] GC(95) ParOldGen: 664061K(804864K)->664085K(804864K)
[1706.045s][info ][gc,metaspace   ] GC(95) Metaspace: 83995K(85120K)->83995K(85120K) NonClass: 72045K(72640K)->72045K(72640K) Class: 11950K(12480K)->11950K(12480K)
[1706.045s][info ][gc             ] GC(95) Pause Young (Allocation Failure) 2394M->731M(2638M) 38.829ms
[1706.045s][info ][gc,cpu         ] GC(95) User=0.11s Sys=0.01s Real=0.04s
[1706.045s][info ][safepoint      ] Safepoint "ParallelGCFailedAllocation", Time since last: 1925294421 ns, Reaching safepoint: 135010 ns, At safepoint: 38912371 ns, Total: 39047381 ns
[1707.045s][info ][safepoint      ] Safepoint "Cleanup", Time since last: 1000091427 ns, Reaching safepoint: 54204 ns, At safepoint: 9001 ns, Total: 63205 ns
[1717.046s][info ][safepoint      ] Safepoint "Cleanup", Time since last: 10001144889 ns, Reaching safepoint: 38603 ns, At safepoint: 3200 ns, Total: 41803 ns
[1719.047s][info ][safepoint      ] Safepoint "Cleanup", Time since last: 2000183154 ns, Reaching safepoint: 113808 ns, At safepoint: 32103 ns, Total: 145911 ns
[1719.658s][info ][gc,start       ] GC(96) Pause Young (Allocation Failure)
[1719.711s][debug][gc,phases      ] GC(96) Scavenge 53.235ms
[1719.711s][debug][gc,ref         ] GC(96) Skipped phase 1 of Reference Processing: no references
[1719.711s][debug][gc,ref         ] GC(96) ReferenceProcessor::execute queues: 1, RefProcThreadModel::Single, marks_oops_alive: false
[1719.711s][debug][gc,ref         ] GC(96) Skipped phase 3 of Reference Processing: no references
[1719.711s][debug][gc,ref         ] GC(96) ReferenceProcessor::execute queues: 1, RefProcThreadModel::Single, marks_oops_alive: false
[1719.711s][debug][gc,phases      ] GC(96) Reference Processing 0.109ms
[1719.711s][debug][gc,phases      ] GC(96)   VM Weak                        Min:  0.0, Avg:  0.0, Max:  0.0, Diff:  0.0, Sum:  0.0, Workers: 4
[1719.711s][debug][gc,phases      ] GC(96)     Dead                           Min: 0, Avg:  0.0, Max: 0, Diff: 0, Sum: 0, Workers: 4
[1719.711s][debug][gc,phases      ] GC(96)     Total                          Min: 0, Avg: 229.5, Max: 790, Diff: 790, Sum: 918, Workers: 4
[1719.712s][debug][gc,phases      ] GC(96)   ObjectSynchronizer Weak        Min:  0.0, Avg:  0.0, Max:  0.0, Diff:  0.0, Sum:  0.0, Workers: 4
[1719.712s][debug][gc,phases      ] GC(96)     Dead                           Min: 0, Avg:  0.0, Max: 0, Diff: 0, Sum: 0, Workers: 4
[1719.712s][debug][gc,phases      ] GC(96)     Total                          Min: 0, Avg: 25.5, Max: 64, Diff: 64, Sum: 102, Workers: 4
[1719.712s][debug][gc,phases      ] GC(96)   JVMTI Tag Weak OopStorage      Min:  0.0, Avg:  0.0, Max:  0.0, Diff:  0.0, Sum:  0.0, Workers: 4
[1719.712s][debug][gc,phases      ] GC(96)     Dead                           Min: 0, Avg:  0.0, Max: 0, Diff: 0, Sum: 0, Workers: 4
[1719.712s][debug][gc,phases      ] GC(96)     Total                          Min: 0, Avg:  0.0, Max: 0, Diff: 0, Sum: 0, Workers: 4
[1719.712s][debug][gc,phases      ] GC(96)   StringTable Weak               Min:  0.0, Avg:  0.1, Max:  0.2, Diff:  0.2, Sum:  0.5, Workers: 4
[1719.712s][debug][gc,phases      ] GC(96)     Dead                           Min: 0, Avg:  0.0, Max: 0, Diff: 0, Sum: 0, Workers: 4
[1719.712s][debug][gc,phases      ] GC(96)     Total                          Min: 0, Avg: 11004.0, Max: 17408, Diff: 17408, Sum: 44016, Workers: 4
[1719.712s][debug][gc,phases      ] GC(96)   ResolvedMethodTable Weak       Min:  0.0, Avg:  0.0, Max:  0.0, Diff:  0.0, Sum:  0.1, Workers: 4
[1719.712s][debug][gc,phases      ] GC(96)     Dead                           Min: 0, Avg:  0.0, Max: 0, Diff: 0, Sum: 0, Workers: 4
[1719.712s][debug][gc,phases      ] GC(96)     Total                          Min: 0, Avg: 2512.8, Max: 3715, Diff: 3715, Sum: 10051, Workers: 4
[1719.712s][debug][gc,phases      ] GC(96)   JNI Weak                       Min:  0.0, Avg:  0.0, Max:  0.0, Diff:  0.0, Sum:  0.0, Workers: 4
[1719.712s][debug][gc,phases      ] GC(96)     Dead                           Min: 0, Avg:  0.0, Max: 0, Diff: 0, Sum: 0, Workers: 4
[1719.712s][debug][gc,phases      ] GC(96)     Total                          Min: 0, Avg: 11.2, Max: 45, Diff: 45, Sum: 45, Workers: 4
[1719.712s][debug][gc,phases      ] GC(96)   StringDedup Table Weak         Min:  0.0, Avg:  0.0, Max:  0.0, Diff:  0.0, Sum:  0.0, Workers: 4
[1719.712s][debug][gc,phases      ] GC(96)     Dead                           Min: 0, Avg:  0.0, Max: 0, Diff: 0, Sum: 0, Workers: 4
[1719.712s][debug][gc,phases      ] GC(96)     Total                          Min: 0, Avg:  0.0, Max: 0, Diff: 0, Sum: 0, Workers: 4
[1719.712s][debug][gc,phases      ] GC(96)   StringDedup Requests0 Weak     Min:  0.0, Avg:  0.0, Max:  0.0, Diff:  0.0, Sum:  0.0, Workers: 4
[1719.712s][debug][gc,phases      ] GC(96)     Dead                           Min: 0, Avg:  0.0, Max: 0, Diff: 0, Sum: 0, Workers: 4
[1719.712s][debug][gc,phases      ] GC(96)     Total                          Min: 0, Avg:  0.0, Max: 0, Diff: 0, Sum: 0, Workers: 4
[1719.712s][debug][gc,phases      ] GC(96)   StringDedup Requests1 Weak     Min:  0.0, Avg:  0.0, Max:  0.0, Diff:  0.0, Sum:  0.0, Workers: 4
[1719.712s][debug][gc,phases      ] GC(96)     Dead                           Min: 0, Avg:  0.0, Max: 0, Diff: 0, Sum: 0, Workers: 4
[1719.712s][debug][gc,phases      ] GC(96)     Total                          Min: 0, Avg:  0.0, Max: 0, Diff: 0, Sum: 0, Workers: 4
[1719.712s][debug][gc,phases      ] GC(96)   Weak JFR Old Object Samples    Min:  0.0, Avg:  0.0, Max:  0.0, Diff:  0.0, Sum:  0.0, Workers: 4
[1719.712s][debug][gc,phases      ] GC(96)     Dead                           Min: 0, Avg:  0.0, Max: 0, Diff: 0, Sum: 0, Workers: 4
[1719.712s][debug][gc,phases      ] GC(96)     Total                          Min: 0, Avg:  0.0, Max: 0, Diff: 0, Sum: 0, Workers: 4
[1719.712s][debug][gc,phases      ] GC(96) Weak Processing 0.432ms
[1719.712s][debug][gc,age         ] GC(96) Desired survivor size 185073664 bytes, new threshold 15 (max threshold 15)
[1719.712s][info ][gc,heap        ] GC(96) PSYoungGen: 1787728K(1896448K)->106912K(1916416K) Eden: 1702912K(1702912K)->0K(1730048K) From: 84816K(193536K)->106912K(186368K)
[1719.712s][info ][gc,heap        ] GC(96) ParOldGen: 664085K(804864K)->664821K(804864K)
[1719.712s][info ][gc,metaspace   ] GC(96) Metaspace: 84003K(85120K)->84003K(85120K) NonClass: 72053K(72640K)->72053K(72640K) Class: 11950K(12480K)->11950K(12480K)
[1719.712s][info ][gc             ] GC(96) Pause Young (Allocation Failure) 2394M->753M(2657M) 53.896ms
[1719.712s][info ][gc,cpu         ] GC(96) User=0.14s Sys=0.00s Real=0.06s
[1719.712s][info ][safepoint      ] Safepoint "ParallelGCFailedAllocation", Time since last: 611176928 ns, Reaching safepoint: 48203 ns, At safepoint: 53985145 ns, Total: 54033348 ns
[1721.712s][info ][safepoint      ] Safepoint "Cleanup", Time since last: 2000158853 ns, Reaching safepoint: 128409 ns, At safepoint: 7500 ns, Total: 135909 ns
[1726.712s][info ][safepoint      ] Safepoint "Cleanup", Time since last: 5000339427 ns, Reaching safepoint: 45703 ns, At safepoint: 3601 ns, Total: 49304 ns
[1730.713s][info ][safepoint      ] Safepoint "Cleanup", Time since last: 4000320604 ns, Reaching safepoint: 46003 ns, At safepoint: 5901 ns, Total: 51904 ns
[1740.962s][info ][gc,start       ] GC(97) Pause Young (Allocation Failure)
[1741.002s][debug][gc,phases      ] GC(97) Scavenge 39.226ms
[1741.002s][debug][gc,ref         ] GC(97) Skipped phase 1 of Reference Processing: no references
[1741.002s][debug][gc,ref         ] GC(97) ReferenceProcessor::execute queues: 1, RefProcThreadModel::Single, marks_oops_alive: false
[1741.002s][debug][gc,ref         ] GC(97) Skipped phase 3 of Reference Processing: no references
[1741.002s][debug][gc,ref         ] GC(97) ReferenceProcessor::execute queues: 1, RefProcThreadModel::Single, marks_oops_alive: false
[1741.002s][debug][gc,phases      ] GC(97) Reference Processing 0.102ms
[1741.002s][debug][gc,phases      ] GC(97)   VM Weak                        Min:  0.0, Avg:  0.0, Max:  0.0, Diff:  0.0, Sum:  0.0, Workers: 4
[1741.002s][debug][gc,phases      ] GC(97)     Dead                           Min: 0, Avg:  0.0, Max: 0, Diff: 0, Sum: 0, Workers: 4
[1741.002s][debug][gc,phases      ] GC(97)     Total                          Min: 0, Avg: 229.5, Max: 662, Diff: 662, Sum: 918, Workers: 4
[1741.002s][debug][gc,phases      ] GC(97)   ObjectSynchronizer Weak        Min:  0.0, Avg:  0.0, Max:  0.0, Diff:  0.0, Sum:  0.0, Workers: 4
[1741.002s][debug][gc,phases      ] GC(97)     Dead                           Min: 0, Avg:  0.0, Max: 0, Diff: 0, Sum: 0, Workers: 4
[1741.002s][debug][gc,phases      ] GC(97)     Total                          Min: 0, Avg: 25.5, Max: 64, Diff: 64, Sum: 102, Workers: 4
[1741.002s][debug][gc,phases      ] GC(97)   JVMTI Tag Weak OopStorage      Min:  0.0, Avg:  0.0, Max:  0.0, Diff:  0.0, Sum:  0.0, Workers: 4
[1741.002s][debug][gc,phases      ] GC(97)     Dead                           Min: 0, Avg:  0.0, Max: 0, Diff: 0, Sum: 0, Workers: 4
[1741.002s][debug][gc,phases      ] GC(97)     Total                          Min: 0, Avg:  0.0, Max: 0, Diff: 0, Sum: 0, Workers: 4
[1741.002s][debug][gc,phases      ] GC(97)   StringTable Weak               Min:  0.0, Avg:  0.1, Max:  0.2, Diff:  0.2, Sum:  0.5, Workers: 4
[1741.002s][debug][gc,phases      ] GC(97)     Dead                           Min: 0, Avg:  0.0, Max: 0, Diff: 0, Sum: 0, Workers: 4
[1741.002s][debug][gc,phases      ] GC(97)     Total                          Min: 0, Avg: 11004.0, Max: 15410, Diff: 15410, Sum: 44016, Workers: 4
[1741.002s][debug][gc,phases      ] GC(97)   ResolvedMethodTable Weak       Min:  0.0, Avg:  0.0, Max:  0.0, Diff:  0.0, Sum:  0.1, Workers: 4
[1741.002s][debug][gc,phases      ] GC(97)     Dead                           Min: 0, Avg:  0.0, Max: 0, Diff: 0, Sum: 0, Workers: 4
[1741.002s][debug][gc,phases      ] GC(97)     Total                          Min: 0, Avg: 2512.8, Max: 3587, Diff: 3587, Sum: 10051, Workers: 4
[1741.002s][debug][gc,phases      ] GC(97)   JNI Weak                       Min:  0.0, Avg:  0.0, Max:  0.0, Diff:  0.0, Sum:  0.0, Workers: 4
[1741.002s][debug][gc,phases      ] GC(97)     Dead                           Min: 0, Avg:  0.0, Max: 0, Diff: 0, Sum: 0, Workers: 4
[1741.002s][debug][gc,phases      ] GC(97)     Total                          Min: 0, Avg: 11.2, Max: 45, Diff: 45, Sum: 45, Workers: 4
[1741.002s][debug][gc,phases      ] GC(97)   StringDedup Table Weak         Min:  0.0, Avg:  0.0, Max:  0.0, Diff:  0.0, Sum:  0.0, Workers: 4
[1741.002s][debug][gc,phases      ] GC(97)     Dead                           Min: 0, Avg:  0.0, Max: 0, Diff: 0, Sum: 0, Workers: 4
[1741.002s][debug][gc,phases      ] GC(97)     Total                          Min: 0, Avg:  0.0, Max: 0, Diff: 0, Sum: 0, Workers: 4
[1741.002s][debug][gc,phases      ] GC(97)   StringDedup Requests0 Weak     Min:  0.0, Avg:  0.0, Max:  0.0, Diff:  0.0, Sum:  0.0, Workers: 4
[1741.002s][debug][gc,phases      ] GC(97)     Dead                           Min: 0, Avg:  0.0, Max: 0, Diff: 0, Sum: 0, Workers: 4
[1741.002s][debug][gc,phases      ] GC(97)     Total                          Min: 0, Avg:  0.0, Max: 0, Diff: 0, Sum: 0, Workers: 4
[1741.002s][debug][gc,phases      ] GC(97)   StringDedup Requests1 Weak     Min:  0.0, Avg:  0.0, Max:  0.0, Diff:  0.0, Sum:  0.0, Workers: 4
[1741.002s][debug][gc,phases      ] GC(97)     Dead                           Min: 0, Avg:  0.0, Max: 0, Diff: 0, Sum: 0, Workers: 4
[1741.002s][debug][gc,phases      ] GC(97)     Total                          Min: 0, Avg:  0.0, Max: 0, Diff: 0, Sum: 0, Workers: 4
[1741.002s][debug][gc,phases      ] GC(97)   Weak JFR Old Object Samples    Min:  0.0, Avg:  0.0, Max:  0.0, Diff:  0.0, Sum:  0.0, Workers: 4
[1741.002s][debug][gc,phases      ] GC(97)     Dead                           Min: 0, Avg:  0.0, Max: 0, Diff: 0, Sum: 0, Workers: 4
[1741.002s][debug][gc,phases      ] GC(97)     Total                          Min: 0, Avg:  0.0, Max: 0, Diff: 0, Sum: 0, Workers: 4
[1741.002s][debug][gc,phases      ] GC(97) Weak Processing 0.372ms
[1741.002s][debug][gc,age         ] GC(97) Desired survivor size 179830784 bytes, new threshold 15 (max threshold 15)
[1741.002s][info ][gc,heap        ] GC(97) PSYoungGen: 1836960K(1916416K)->106304K(1910784K) Eden: 1730048K(1730048K)->0K(1730048K) From: 106912K(186368K)->106304K(180736K)
[1741.002s][info ][gc,heap        ] GC(97) ParOldGen: 664821K(804864K)->664845K(804864K)
[1741.002s][info ][gc,metaspace   ] GC(97) Metaspace: 84006K(85120K)->84006K(85120K) NonClass: 72056K(72640K)->72056K(72640K) Class: 11950K(12480K)->11950K(12480K)
[1741.002s][info ][gc             ] GC(97) Pause Young (Allocation Failure) 2443M->753M(2652M) 39.876ms
[1741.002s][info ][gc,cpu         ] GC(97) User=0.13s Sys=0.00s Real=0.04s
[1741.002s][info ][safepoint      ] Safepoint "ParallelGCFailedAllocation", Time since last: 10249565376 ns, Reaching safepoint: 31303 ns, At safepoint: 39961946 ns, Total: 39993249 ns
[1742.003s][info ][safepoint      ] Safepoint "Cleanup", Time since last: 1000095227 ns, Reaching safepoint: 121908 ns, At safepoint: 11801 ns, Total: 133709 ns
[1743.003s][info ][safepoint      ] Safepoint "Cleanup", Time since last: 1000122429 ns, Reaching safepoint: 121909 ns, At safepoint: 7300 ns, Total: 129209 ns
[1753.004s][info ][safepoint      ] Safepoint "Cleanup", Time since last: 10000746953 ns, Reaching safepoint: 103608 ns, At safepoint: 3800 ns, Total: 107408 ns
[1761.110s][info ][gc,start       ] GC(98) Pause Young (Allocation Failure)
[1761.151s][debug][gc,phases      ] GC(98) Scavenge 40.705ms
[1761.151s][debug][gc,ref         ] GC(98) Skipped phase 1 of Reference Processing: no references
[1761.151s][debug][gc,ref         ] GC(98) ReferenceProcessor::execute queues: 1, RefProcThreadModel::Single, marks_oops_alive: false
[1761.151s][debug][gc,ref         ] GC(98) Skipped phase 3 of Reference Processing: no references
[1761.151s][debug][gc,ref         ] GC(98) ReferenceProcessor::execute queues: 1, RefProcThreadModel::Single, marks_oops_alive: false
[1761.151s][debug][gc,phases      ] GC(98) Reference Processing 0.101ms
[1761.151s][debug][gc,phases      ] GC(98)   VM Weak                        Min:  0.0, Avg:  0.0, Max:  0.0, Diff:  0.0, Sum:  0.0, Workers: 4
[1761.151s][debug][gc,phases      ] GC(98)     Dead                           Min: 0, Avg:  0.0, Max: 0, Diff: 0, Sum: 0, Workers: 4
[1761.151s][debug][gc,phases      ] GC(98)     Total                          Min: 0, Avg: 229.5, Max: 598, Diff: 598, Sum: 918, Workers: 4
[1761.151s][debug][gc,phases      ] GC(98)   ObjectSynchronizer Weak        Min:  0.0, Avg:  0.0, Max:  0.0, Diff:  0.0, Sum:  0.0, Workers: 4
[1761.151s][debug][gc,phases      ] GC(98)     Dead                           Min: 0, Avg:  0.0, Max: 0, Diff: 0, Sum: 0, Workers: 4
[1761.151s][debug][gc,phases      ] GC(98)     Total                          Min: 0, Avg: 25.5, Max: 64, Diff: 64, Sum: 102, Workers: 4
[1761.151s][debug][gc,phases      ] GC(98)   JVMTI Tag Weak OopStorage      Min:  0.0, Avg:  0.0, Max:  0.0, Diff:  0.0, Sum:  0.0, Workers: 4
[1761.151s][debug][gc,phases      ] GC(98)     Dead                           Min: 0, Avg:  0.0, Max: 0, Diff: 0, Sum: 0, Workers: 4
[1761.151s][debug][gc,phases      ] GC(98)     Total                          Min: 0, Avg:  0.0, Max: 0, Diff: 0, Sum: 0, Workers: 4
[1761.151s][debug][gc,phases      ] GC(98)   StringTable Weak               Min:  0.0, Avg:  0.1, Max:  0.1, Diff:  0.1, Sum:  0.4, Workers: 4
[1761.151s][debug][gc,phases      ] GC(98)     Dead                           Min: 0, Avg:  0.0, Max: 0, Diff: 0, Sum: 0, Workers: 4
[1761.151s][debug][gc,phases      ] GC(98)     Total                          Min: 0, Avg: 11004.0, Max: 15422, Diff: 15422, Sum: 44016, Workers: 4
[1761.151s][debug][gc,phases      ] GC(98)   ResolvedMethodTable Weak       Min:  0.0, Avg:  0.0, Max:  0.0, Diff:  0.0, Sum:  0.1, Workers: 4
[1761.151s][debug][gc,phases      ] GC(98)     Dead                           Min: 0, Avg:  0.0, Max: 0, Diff: 0, Sum: 0, Workers: 4
[1761.151s][debug][gc,phases      ] GC(98)     Total                          Min: 0, Avg: 2512.8, Max: 3456, Diff: 3456, Sum: 10051, Workers: 4
[1761.151s][debug][gc,phases      ] GC(98)   JNI Weak                       Min:  0.0, Avg:  0.0, Max:  0.0, Diff:  0.0, Sum:  0.0, Workers: 4
[1761.151s][debug][gc,phases      ] GC(98)     Dead                           Min: 0, Avg:  0.0, Max: 0, Diff: 0, Sum: 0, Workers: 4
[1761.151s][debug][gc,phases      ] GC(98)     Total                          Min: 0, Avg: 11.2, Max: 45, Diff: 45, Sum: 45, Workers: 4
[1761.151s][debug][gc,phases      ] GC(98)   StringDedup Table Weak         Min:  0.0, Avg:  0.0, Max:  0.0, Diff:  0.0, Sum:  0.0, Workers: 4
[1761.151s][debug][gc,phases      ] GC(98)     Dead                           Min: 0, Avg:  0.0, Max: 0, Diff: 0, Sum: 0, Workers: 4
[1761.151s][debug][gc,phases      ] GC(98)     Total                          Min: 0, Avg:  0.0, Max: 0, Diff: 0, Sum: 0, Workers: 4
[1761.151s][debug][gc,phases      ] GC(98)   StringDedup Requests0 Weak     Min:  0.0, Avg:  0.0, Max:  0.0, Diff:  0.0, Sum:  0.0, Workers: 4
[1761.151s][debug][gc,phases      ] GC(98)     Dead                           Min: 0, Avg:  0.0, Max: 0, Diff: 0, Sum: 0, Workers: 4
[1761.151s][debug][gc,phases      ] GC(98)     Total                          Min: 0, Avg:  0.0, Max: 0, Diff: 0, Sum: 0, Workers: 4
[1761.151s][debug][gc,phases      ] GC(98)   StringDedup Requests1 Weak     Min:  0.0, Avg:  0.0, Max:  0.0, Diff:  0.0, Sum:  0.0, Workers: 4
[1761.151s][debug][gc,phases      ] GC(98)     Dead                           Min: 0, Avg:  0.0, Max: 0, Diff: 0, Sum: 0, Workers: 4
[1761.151s][debug][gc,phases      ] GC(98)     Total                          Min: 0, Avg:  0.0, Max: 0, Diff: 0, Sum: 0, Workers: 4
[1761.151s][debug][gc,phases      ] GC(98)   Weak JFR Old Object Samples    Min:  0.0, Avg:  0.0, Max:  0.0, Diff:  0.0, Sum:  0.0, Workers: 4
[1761.151s][debug][gc,phases      ] GC(98)     Dead                           Min: 0, Avg:  0.0, Max: 0, Diff: 0, Sum: 0, Workers: 4
[1761.151s][debug][gc,phases      ] GC(98)     Total                          Min: 0, Avg:  0.0, Max: 0, Diff: 0, Sum: 0, Workers: 4
[1761.151s][debug][gc,phases      ] GC(98) Weak Processing 0.386ms
[1761.151s][debug][gc,age         ] GC(98) Desired survivor size 175112192 bytes, new threshold 15 (max threshold 15)
[1761.151s][info ][gc,heap        ] GC(98) PSYoungGen: 1836352K(1910784K)->106880K(1926144K) Eden: 1730048K(1730048K)->0K(1750528K) From: 106304K(180736K)->106880K(175616K)
[1761.151s][info ][gc,heap        ] GC(98) ParOldGen: 664845K(804864K)->665546K(804864K)
[1761.151s][info ][gc,metaspace   ] GC(98) Metaspace: 84013K(85120K)->84013K(85120K) NonClass: 72063K(72640K)->72063K(72640K) Class: 11950K(12480K)->11950K(12480K)
[1761.151s][info ][gc             ] GC(98) Pause Young (Allocation Failure) 2442M->754M(2667M) 41.324ms
[1761.151s][info ][gc,cpu         ] GC(98) User=0.15s Sys=0.01s Real=0.05s
[1761.151s][info ][safepoint      ] Safepoint "ParallelGCFailedAllocation", Time since last: 8106381335 ns, Reaching safepoint: 29902 ns, At safepoint: 41408049 ns, Total: 41437951 ns
[1767.152s][info ][safepoint      ] Safepoint "Cleanup", Time since last: 6000460151 ns, Reaching safepoint: 125609 ns, At safepoint: 5601 ns, Total: 131210 ns
[1773.153s][info ][safepoint      ] Safepoint "Cleanup", Time since last: 6000471550 ns, Reaching safepoint: 118309 ns, At safepoint: 5900 ns, Total: 124209 ns
[1784.501s][info ][gc,start       ] GC(99) Pause Young (Allocation Failure)
[1784.547s][debug][gc,phases      ] GC(99) Scavenge 46.451ms
[1784.547s][debug][gc,ref         ] GC(99) Skipped phase 1 of Reference Processing: no references
[1784.547s][debug][gc,ref         ] GC(99) ReferenceProcessor::execute queues: 1, RefProcThreadModel::Single, marks_oops_alive: false
[1784.547s][debug][gc,ref         ] GC(99) Skipped phase 3 of Reference Processing: no references
[1784.547s][debug][gc,ref         ] GC(99) ReferenceProcessor::execute queues: 1, RefProcThreadModel::Single, marks_oops_alive: false
[1784.547s][debug][gc,phases      ] GC(99) Reference Processing 0.111ms
[1784.548s][debug][gc,phases      ] GC(99)   VM Weak                        Min:  0.0, Avg:  0.0, Max:  0.0, Diff:  0.0, Sum:  0.0, Workers: 4
[1784.548s][debug][gc,phases      ] GC(99)     Dead                           Min: 0, Avg:  0.0, Max: 0, Diff: 0, Sum: 0, Workers: 4
[1784.548s][debug][gc,phases      ] GC(99)     Total                          Min: 0, Avg: 229.5, Max: 534, Diff: 534, Sum: 918, Workers: 4
[1784.548s][debug][gc,phases      ] GC(99)   ObjectSynchronizer Weak        Min:  0.0, Avg:  0.0, Max:  0.0, Diff:  0.0, Sum:  0.0, Workers: 4
[1784.548s][debug][gc,phases      ] GC(99)     Dead                           Min: 0, Avg:  0.0, Max: 0, Diff: 0, Sum: 0, Workers: 4
[1784.548s][debug][gc,phases      ] GC(99)     Total                          Min: 0, Avg: 25.5, Max: 64, Diff: 64, Sum: 102, Workers: 4
[1784.548s][debug][gc,phases      ] GC(99)   JVMTI Tag Weak OopStorage      Min:  0.0, Avg:  0.0, Max:  0.0, Diff:  0.0, Sum:  0.0, Workers: 4
[1784.548s][debug][gc,phases      ] GC(99)     Dead                           Min: 0, Avg:  0.0, Max: 0, Diff: 0, Sum: 0, Workers: 4
[1784.548s][debug][gc,phases      ] GC(99)     Total                          Min: 0, Avg:  0.0, Max: 0, Diff: 0, Sum: 0, Workers: 4
[1784.548s][debug][gc,phases      ] GC(99)   StringTable Weak               Min:  0.0, Avg:  0.1, Max:  0.2, Diff:  0.2, Sum:  0.4, Workers: 4
[1784.548s][debug][gc,phases      ] GC(99)     Dead                           Min: 0, Avg:  0.0, Max: 0, Diff: 0, Sum: 0, Workers: 4
[1784.548s][debug][gc,phases      ] GC(99)     Total                          Min: 0, Avg: 11004.0, Max: 22192, Diff: 22192, Sum: 44016, Workers: 4
[1784.548s][debug][gc,phases      ] GC(99)   ResolvedMethodTable Weak       Min:  0.0, Avg:  0.0, Max:  0.0, Diff:  0.0, Sum:  0.1, Workers: 4
[1784.548s][debug][gc,phases      ] GC(99)     Dead                           Min: 0, Avg:  0.0, Max: 0, Diff: 0, Sum: 0, Workers: 4
[1784.548s][debug][gc,phases      ] GC(99)     Total                          Min: 0, Avg: 2512.8, Max: 5187, Diff: 5187, Sum: 10051, Workers: 4
[1784.548s][debug][gc,phases      ] GC(99)   JNI Weak                       Min:  0.0, Avg:  0.0, Max:  0.0, Diff:  0.0, Sum:  0.0, Workers: 4
[1784.548s][debug][gc,phases      ] GC(99)     Dead                           Min: 0, Avg:  0.0, Max: 0, Diff: 0, Sum: 0, Workers: 4
[1784.548s][debug][gc,phases      ] GC(99)     Total                          Min: 0, Avg: 11.2, Max: 45, Diff: 45, Sum: 45, Workers: 4
[1784.548s][debug][gc,phases      ] GC(99)   StringDedup Table Weak         Min:  0.0, Avg:  0.0, Max:  0.0, Diff:  0.0, Sum:  0.0, Workers: 4
[1784.548s][debug][gc,phases      ] GC(99)     Dead                           Min: 0, Avg:  0.0, Max: 0, Diff: 0, Sum: 0, Workers: 4
[1784.548s][debug][gc,phases      ] GC(99)     Total                          Min: 0, Avg:  0.0, Max: 0, Diff: 0, Sum: 0, Workers: 4
[1784.548s][debug][gc,phases      ] GC(99)   StringDedup Requests0 Weak     Min:  0.0, Avg:  0.0, Max:  0.0, Diff:  0.0, Sum:  0.0, Workers: 4
[1784.548s][debug][gc,phases      ] GC(99)     Dead                           Min: 0, Avg:  0.0, Max: 0, Diff: 0, Sum: 0, Workers: 4
[1784.548s][debug][gc,phases      ] GC(99)     Total                          Min: 0, Avg:  0.0, Max: 0, Diff: 0, Sum: 0, Workers: 4
[1784.548s][debug][gc,phases      ] GC(99)   StringDedup Requests1 Weak     Min:  0.0, Avg:  0.0, Max:  0.0, Diff:  0.0, Sum:  0.0, Workers: 4
[1784.548s][debug][gc,phases      ] GC(99)     Dead                           Min: 0, Avg:  0.0, Max: 0, Diff: 0, Sum: 0, Workers: 4
[1784.548s][debug][gc,phases      ] GC(99)     Total                          Min: 0, Avg:  0.0, Max: 0, Diff: 0, Sum: 0, Workers: 4
[1784.548s][debug][gc,phases      ] GC(99)   Weak JFR Old Object Samples    Min:  0.0, Avg:  0.0, Max:  0.0, Diff:  0.0, Sum:  0.0, Workers: 4
[1784.548s][debug][gc,phases      ] GC(99)     Dead                           Min: 0, Avg:  0.0, Max: 0, Diff: 0, Sum: 0, Workers: 4
[1784.548s][debug][gc,phases      ] GC(99)     Total                          Min: 0, Avg:  0.0, Max: 0, Diff: 0, Sum: 0, Workers: 4
[1784.548s][debug][gc,phases      ] GC(99) Weak Processing 0.477ms
[1784.548s][debug][gc,age         ] GC(99) Desired survivor size 170393600 bytes, new threshold 15 (max threshold 15)
[1784.548s][info ][gc,heap        ] GC(99) PSYoungGen: 1857408K(1926144K)->106992K(1921536K) Eden: 1750528K(1750528K)->0K(1750528K) From: 106880K(175616K)->106992K(171008K)
[1784.548s][info ][gc,heap        ] GC(99) ParOldGen: 665546K(804864K)->665570K(804864K)
[1784.548s][info ][gc,metaspace   ] GC(99) Metaspace: 84017K(85184K)->84017K(85184K) NonClass: 72067K(72704K)->72067K(72704K) Class: 11950K(12480K)->11950K(12480K)
[1784.548s][info ][gc             ] GC(99) Pause Young (Allocation Failure) 2463M->754M(2662M) 47.180ms
[1784.548s][info ][gc,cpu         ] GC(99) User=0.13s Sys=0.01s Real=0.04s
[1784.548s][info ][safepoint      ] Safepoint "ParallelGCFailedAllocation", Time since last: 11347734279 ns, Reaching safepoint: 118508 ns, At safepoint: 47274067 ns, Total: 47392575 ns
[1800.358s][info ][safepoint      ] Safepoint "Cleanup", Time since last: 15809763658 ns, Reaching safepoint: 71805 ns, At safepoint: 1800 ns, Total: 73605 ns
[1801.358s][info ][safepoint      ] Safepoint "Cleanup", Time since last: 1000108127 ns, Reaching safepoint: 162611 ns, At safepoint: 3901 ns, Total: 166512 ns
[1803.358s][info ][safepoint      ] Safepoint "Cleanup", Time since last: 2000163449 ns, Reaching safepoint: 282320 ns, At safepoint: 5201 ns, Total: 287521 ns
[1807.386s][info ][safepoint      ] Safepoint "Cleanup", Time since last: 4023885476 ns, Reaching safepoint: 4023587 ns, At safepoint: 5100 ns, Total: 4028687 ns
[1807.407s][info ][gc,start       ] GC(100) Pause Young (Allocation Failure)
[1807.537s][debug][gc,phases      ] GC(100) Scavenge 129.896ms
[1807.537s][debug][gc,ref         ] GC(100) Skipped phase 1 of Reference Processing: no references
[1807.537s][debug][gc,ref         ] GC(100) ReferenceProcessor::execute queues: 1, RefProcThreadModel::Single, marks_oops_alive: false
[1807.537s][debug][gc,ref         ] GC(100) Skipped phase 3 of Reference Processing: no references
[1807.537s][debug][gc,ref         ] GC(100) ReferenceProcessor::execute queues: 1, RefProcThreadModel::Single, marks_oops_alive: false
[1807.537s][debug][gc,phases      ] GC(100) Reference Processing 0.107ms
[1807.537s][debug][gc,phases      ] GC(100)   VM Weak                        Min:  0.0, Avg:  0.0, Max:  0.0, Diff:  0.0, Sum:  0.0, Workers: 4
[1807.537s][debug][gc,phases      ] GC(100)     Dead                           Min: 0, Avg:  0.0, Max: 0, Diff: 0, Sum: 0, Workers: 4
[1807.537s][debug][gc,phases      ] GC(100)     Total                          Min: 0, Avg: 229.5, Max: 918, Diff: 918, Sum: 918, Workers: 4
[1807.537s][debug][gc,phases      ] GC(100)   ObjectSynchronizer Weak        Min:  0.0, Avg:  0.0, Max:  0.0, Diff:  0.0, Sum:  0.0, Workers: 4
[1807.537s][debug][gc,phases      ] GC(100)     Dead                           Min: 0, Avg:  0.0, Max: 0, Diff: 0, Sum: 0, Workers: 4
[1807.537s][debug][gc,phases      ] GC(100)     Total                          Min: 0, Avg: 25.5, Max: 102, Diff: 102, Sum: 102, Workers: 4
[1807.537s][debug][gc,phases      ] GC(100)   JVMTI Tag Weak OopStorage      Min:  0.0, Avg:  0.0, Max:  0.0, Diff:  0.0, Sum:  0.0, Workers: 4
[1807.537s][debug][gc,phases      ] GC(100)     Dead                           Min: 0, Avg:  0.0, Max: 0, Diff: 0, Sum: 0, Workers: 4
[1807.537s][debug][gc,phases      ] GC(100)     Total                          Min: 0, Avg:  0.0, Max: 0, Diff: 0, Sum: 0, Workers: 4
[1807.537s][debug][gc,phases      ] GC(100)   StringTable Weak               Min:  0.0, Avg:  0.1, Max:  0.4, Diff:  0.4, Sum:  0.4, Workers: 4
[1807.537s][debug][gc,phases      ] GC(100)     Dead                           Min: 0, Avg:  0.5, Max: 2, Diff: 2, Sum: 2, Workers: 4
[1807.537s][debug][gc,phases      ] GC(100)     Total                          Min: 0, Avg: 11008.0, Max: 44032, Diff: 44032, Sum: 44032, Workers: 4
[1807.537s][debug][gc,phases      ] GC(100)   ResolvedMethodTable Weak       Min:  0.0, Avg:  0.0, Max:  0.1, Diff:  0.1, Sum:  0.1, Workers: 4
[1807.537s][debug][gc,phases      ] GC(100)     Dead                           Min: 0, Avg:  0.0, Max: 0, Diff: 0, Sum: 0, Workers: 4
[1807.537s][debug][gc,phases      ] GC(100)     Total                          Min: 0, Avg: 2519.2, Max: 10077, Diff: 10077, Sum: 10077, Workers: 4
[1807.537s][debug][gc,phases      ] GC(100)   JNI Weak                       Min:  0.0, Avg:  0.0, Max:  0.0, Diff:  0.0, Sum:  0.0, Workers: 4
[1807.537s][debug][gc,phases      ] GC(100)     Dead                           Min: 0, Avg:  0.0, Max: 0, Diff: 0, Sum: 0, Workers: 4
[1807.537s][debug][gc,phases      ] GC(100)     Total                          Min: 0, Avg: 11.2, Max: 45, Diff: 45, Sum: 45, Workers: 4
[1807.537s][debug][gc,phases      ] GC(100)   StringDedup Table Weak         Min:  0.0, Avg:  0.0, Max:  0.0, Diff:  0.0, Sum:  0.0, Workers: 4
[1807.537s][debug][gc,phases      ] GC(100)     Dead                           Min: 0, Avg:  0.0, Max: 0, Diff: 0, Sum: 0, Workers: 4
[1807.537s][debug][gc,phases      ] GC(100)     Total                          Min: 0, Avg:  0.0, Max: 0, Diff: 0, Sum: 0, Workers: 4
[1807.537s][debug][gc,phases      ] GC(100)   StringDedup Requests0 Weak     Min:  0.0, Avg:  0.0, Max:  0.0, Diff:  0.0, Sum:  0.0, Workers: 4
[1807.537s][debug][gc,phases      ] GC(100)     Dead                           Min: 0, Avg:  0.0, Max: 0, Diff: 0, Sum: 0, Workers: 4
[1807.537s][debug][gc,phases      ] GC(100)     Total                          Min: 0, Avg:  0.0, Max: 0, Diff: 0, Sum: 0, Workers: 4
[1807.537s][debug][gc,phases      ] GC(100)   StringDedup Requests1 Weak     Min:  0.0, Avg:  0.0, Max:  0.0, Diff:  0.0, Sum:  0.0, Workers: 4
[1807.537s][debug][gc,phases      ] GC(100)     Dead                           Min: 0, Avg:  0.0, Max: 0, Diff: 0, Sum: 0, Workers: 4
[1807.537s][debug][gc,phases      ] GC(100)     Total                          Min: 0, Avg:  0.0, Max: 0, Diff: 0, Sum: 0, Workers: 4
[1807.537s][debug][gc,phases      ] GC(100)   Weak JFR Old Object Samples    Min:  0.0, Avg:  0.0, Max:  0.0, Diff:  0.0, Sum:  0.0, Workers: 4
[1807.537s][debug][gc,phases      ] GC(100)     Dead                           Min: 0, Avg:  0.0, Max: 0, Diff: 0, Sum: 0, Workers: 4
[1807.537s][debug][gc,phases      ] GC(100)     Total                          Min: 0, Avg:  0.0, Max: 0, Diff: 0, Sum: 0, Workers: 4
[1807.537s][debug][gc,phases      ] GC(100) Weak Processing 0.741ms
[1807.538s][debug][gc,age         ] GC(100) Desired survivor size 167772160 bytes, new threshold 15 (max threshold 15)
[1807.538s][info ][gc,heap        ] GC(100) PSYoungGen: 1857520K(1921536K)->75616K(1933312K) Eden: 1750528K(1750528K)->0K(1766912K) From: 106992K(171008K)->75616K(166400K)
[1807.538s][info ][gc,heap        ] GC(100) ParOldGen: 665570K(804864K)->698426K(804864K)
[1807.538s][info ][gc,metaspace   ] GC(100) Metaspace: 84086K(85184K)->84086K(85184K) NonClass: 72121K(72704K)->72121K(72704K) Class: 11965K(12480K)->11965K(12480K)
[1807.538s][info ][gc             ] GC(100) Pause Young (Allocation Failure) 2463M->755M(2674M) 130.878ms
[1807.538s][info ][gc,cpu         ] GC(100) User=0.15s Sys=0.00s Real=0.13s
[1807.538s][info ][safepoint      ] Safepoint "ParallelGCFailedAllocation", Time since last: 20311647 ns, Reaching safepoint: 40203 ns, At safepoint: 130968027 ns, Total: 131008230 ns
[1810.538s][info ][safepoint      ] Safepoint "Cleanup", Time since last: 3000226773 ns, Reaching safepoint: 48903 ns, At safepoint: 29902 ns, Total: 78805 ns
[1816.539s][info ][safepoint      ] Safepoint "Cleanup", Time since last: 6001110092 ns, Reaching safepoint: 53704 ns, At safepoint: 6700 ns, Total: 60404 ns
[1818.539s][info ][safepoint      ] Safepoint "Cleanup", Time since last: 2000192451 ns, Reaching safepoint: 62105 ns, At safepoint: 3400 ns, Total: 65505 ns
[1823.540s][info ][safepoint      ] Safepoint "Cleanup", Time since last: 5000383520 ns, Reaching safepoint: 60205 ns, At safepoint: 5900 ns, Total: 66105 ns
[1828.540s][info ][safepoint      ] Safepoint "Cleanup", Time since last: 5000380020 ns, Reaching safepoint: 114908 ns, At safepoint: 8401 ns, Total: 123309 ns
[1831.541s][info ][safepoint      ] Safepoint "Cleanup", Time since last: 3000260774 ns, Reaching safepoint: 42903 ns, At safepoint: 3000 ns, Total: 45903 ns
[1831.950s][info ][gc,start       ] GC(101) Pause Young (Allocation Failure)
[1831.985s][debug][gc,phases      ] GC(101) Scavenge 35.240ms
[1831.985s][debug][gc,ref         ] GC(101) Skipped phase 1 of Reference Processing: no references
[1831.985s][debug][gc,ref         ] GC(101) ReferenceProcessor::execute queues: 1, RefProcThreadModel::Single, marks_oops_alive: false
[1831.985s][debug][gc,ref         ] GC(101) Skipped phase 3 of Reference Processing: no references
[1831.985s][debug][gc,ref         ] GC(101) ReferenceProcessor::execute queues: 1, RefProcThreadModel::Single, marks_oops_alive: false
[1831.985s][debug][gc,phases      ] GC(101) Reference Processing 0.099ms
[1831.986s][debug][gc,phases      ] GC(101)   VM Weak                        Min:  0.0, Avg:  0.0, Max:  0.0, Diff:  0.0, Sum:  0.0, Workers: 4
[1831.986s][debug][gc,phases      ] GC(101)     Dead                           Min: 0, Avg:  0.0, Max: 0, Diff: 0, Sum: 0, Workers: 4
[1831.986s][debug][gc,phases      ] GC(101)     Total                          Min: 0, Avg: 229.5, Max: 384, Diff: 384, Sum: 918, Workers: 4
[1831.986s][debug][gc,phases      ] GC(101)   ObjectSynchronizer Weak        Min:  0.0, Avg:  0.0, Max:  0.0, Diff:  0.0, Sum:  0.0, Workers: 4
[1831.986s][debug][gc,phases      ] GC(101)     Dead                           Min: 0, Avg:  0.0, Max: 0, Diff: 0, Sum: 0, Workers: 4
[1831.986s][debug][gc,phases      ] GC(101)     Total                          Min: 0, Avg: 25.5, Max: 64, Diff: 64, Sum: 102, Workers: 4
[1831.986s][debug][gc,phases      ] GC(101)   JVMTI Tag Weak OopStorage      Min:  0.0, Avg:  0.0, Max:  0.0, Diff:  0.0, Sum:  0.0, Workers: 4
[1831.986s][debug][gc,phases      ] GC(101)     Dead                           Min: 0, Avg:  0.0, Max: 0, Diff: 0, Sum: 0, Workers: 4
[1831.986s][debug][gc,phases      ] GC(101)     Total                          Min: 0, Avg:  0.0, Max: 0, Diff: 0, Sum: 0, Workers: 4
[1831.986s][debug][gc,phases      ] GC(101)   StringTable Weak               Min:  0.0, Avg:  0.1, Max:  0.2, Diff:  0.2, Sum:  0.5, Workers: 4
[1831.986s][debug][gc,phases      ] GC(101)     Dead                           Min: 0, Avg:  0.0, Max: 0, Diff: 0, Sum: 0, Workers: 4
[1831.986s][debug][gc,phases      ] GC(101)     Total                          Min: 0, Avg: 11008.8, Max: 16512, Diff: 16512, Sum: 44035, Workers: 4
[1831.986s][debug][gc,phases      ] GC(101)   ResolvedMethodTable Weak       Min:  0.0, Avg:  0.0, Max:  0.0, Diff:  0.0, Sum:  0.1, Workers: 4
[1831.986s][debug][gc,phases      ] GC(101)     Dead                           Min: 0, Avg:  0.0, Max: 0, Diff: 0, Sum: 0, Workers: 4
[1831.986s][debug][gc,phases      ] GC(101)     Total                          Min: 0, Avg: 2519.2, Max: 3648, Diff: 3648, Sum: 10077, Workers: 4
[1831.986s][debug][gc,phases      ] GC(101)   JNI Weak                       Min:  0.0, Avg:  0.0, Max:  0.0, Diff:  0.0, Sum:  0.0, Workers: 4
[1831.986s][debug][gc,phases      ] GC(101)     Dead                           Min: 0, Avg:  0.0, Max: 0, Diff: 0, Sum: 0, Workers: 4
[1831.986s][debug][gc,phases      ] GC(101)     Total                          Min: 0, Avg: 11.2, Max: 45, Diff: 45, Sum: 45, Workers: 4
[1831.986s][debug][gc,phases      ] GC(101)   StringDedup Table Weak         Min:  0.0, Avg:  0.0, Max:  0.0, Diff:  0.0, Sum:  0.0, Workers: 4
[1831.986s][debug][gc,phases      ] GC(101)     Dead                           Min: 0, Avg:  0.0, Max: 0, Diff: 0, Sum: 0, Workers: 4
[1831.986s][debug][gc,phases      ] GC(101)     Total                          Min: 0, Avg:  0.0, Max: 0, Diff: 0, Sum: 0, Workers: 4
[1831.986s][debug][gc,phases      ] GC(101)   StringDedup Requests0 Weak     Min:  0.0, Avg:  0.0, Max:  0.0, Diff:  0.0, Sum:  0.0, Workers: 4
[1831.986s][debug][gc,phases      ] GC(101)     Dead                           Min: 0, Avg:  0.0, Max: 0, Diff: 0, Sum: 0, Workers: 4
[1831.986s][debug][gc,phases      ] GC(101)     Total                          Min: 0, Avg:  0.0, Max: 0, Diff: 0, Sum: 0, Workers: 4
[1831.986s][debug][gc,phases      ] GC(101)   StringDedup Requests1 Weak     Min:  0.0, Avg:  0.0, Max:  0.0, Diff:  0.0, Sum:  0.0, Workers: 4
[1831.986s][debug][gc,phases      ] GC(101)     Dead                           Min: 0, Avg:  0.0, Max: 0, Diff: 0, Sum: 0, Workers: 4
[1831.986s][debug][gc,phases      ] GC(101)     Total                          Min: 0, Avg:  0.0, Max: 0, Diff: 0, Sum: 0, Workers: 4
[1831.986s][debug][gc,phases      ] GC(101)   Weak JFR Old Object Samples    Min:  0.0, Avg:  0.0, Max:  0.0, Diff:  0.0, Sum:  0.0, Workers: 4
[1831.986s][debug][gc,phases      ] GC(101)     Dead                           Min: 0, Avg:  0.0, Max: 0, Diff: 0, Sum: 0, Workers: 4
[1831.986s][debug][gc,phases      ] GC(101)     Total                          Min: 0, Avg:  0.0, Max: 0, Diff: 0, Sum: 0, Workers: 4
[1831.986s][debug][gc,phases      ] GC(101) Weak Processing 0.402ms
[1831.986s][debug][gc,age         ] GC(101) Desired survivor size 173015040 bytes, new threshold 15 (max threshold 15)
[1831.986s][info ][gc,heap        ] GC(101) PSYoungGen: 1842528K(1933312K)->31024K(1798144K) Eden: 1766912K(1766912K)->0K(1766912K) From: 75616K(166400K)->31024K(31232K)
[1831.986s][info ][gc,heap        ] GC(101) ParOldGen: 698426K(804864K)->744547K(804864K)
[1831.986s][info ][gc,metaspace   ] GC(101) Metaspace: 84107K(85184K)->84107K(85184K) NonClass: 72142K(72704K)->72142K(72704K) Class: 11965K(12480K)->11965K(12480K)
[1831.986s][info ][gc             ] GC(101) Pause Young (Allocation Failure) 2481M->757M(2542M) 35.876ms
[1831.986s][info ][gc,cpu         ] GC(101) User=0.11s Sys=0.01s Real=0.04s
[1831.986s][info ][safepoint      ] Safepoint "ParallelGCFailedAllocation", Time since last: 409117036 ns, Reaching safepoint: 100908 ns, At safepoint: 35956660 ns, Total: 36057568 ns
[1847.987s][info ][safepoint      ] Safepoint "Cleanup", Time since last: 16001028566 ns, Reaching safepoint: 43903 ns, At safepoint: 4001 ns, Total: 47904 ns
[1855.761s][info ][gc,start       ] GC(102) Pause Young (Allocation Failure)
[1855.776s][debug][gc,phases      ] GC(102) Scavenge 14.328ms
[1855.776s][debug][gc,ref         ] GC(102) Skipped phase 1 of Reference Processing: no references
[1855.776s][debug][gc,ref         ] GC(102) ReferenceProcessor::execute queues: 1, RefProcThreadModel::Single, marks_oops_alive: false
[1855.776s][debug][gc,ref         ] GC(102) Skipped phase 3 of Reference Processing: no references
[1855.776s][debug][gc,ref         ] GC(102) ReferenceProcessor::execute queues: 1, RefProcThreadModel::Single, marks_oops_alive: false
[1855.776s][debug][gc,phases      ] GC(102) Reference Processing 0.099ms
[1855.776s][debug][gc,phases      ] GC(102)   VM Weak                        Min:  0.0, Avg:  0.0, Max:  0.0, Diff:  0.0, Sum:  0.0, Workers: 4
[1855.776s][debug][gc,phases      ] GC(102)     Dead                           Min: 0, Avg:  0.0, Max: 0, Diff: 0, Sum: 0, Workers: 4
[1855.776s][debug][gc,phases      ] GC(102)     Total                          Min: 22, Avg: 229.5, Max: 704, Diff: 682, Sum: 918, Workers: 4
[1855.776s][debug][gc,phases      ] GC(102)   ObjectSynchronizer Weak        Min:  0.0, Avg:  0.0, Max:  0.0, Diff:  0.0, Sum:  0.0, Workers: 4
[1855.776s][debug][gc,phases      ] GC(102)     Dead                           Min: 0, Avg:  0.0, Max: 0, Diff: 0, Sum: 0, Workers: 4
[1855.776s][debug][gc,phases      ] GC(102)     Total                          Min: 0, Avg: 25.5, Max: 64, Diff: 64, Sum: 102, Workers: 4
[1855.776s][debug][gc,phases      ] GC(102)   JVMTI Tag Weak OopStorage      Min:  0.0, Avg:  0.0, Max:  0.0, Diff:  0.0, Sum:  0.0, Workers: 4
[1855.776s][debug][gc,phases      ] GC(102)     Dead                           Min: 0, Avg:  0.0, Max: 0, Diff: 0, Sum: 0, Workers: 4
[1855.776s][debug][gc,phases      ] GC(102)     Total                          Min: 0, Avg:  0.0, Max: 0, Diff: 0, Sum: 0, Workers: 4
[1855.776s][debug][gc,phases      ] GC(102)   StringTable Weak               Min:  0.1, Avg:  0.1, Max:  0.1, Diff:  0.0, Sum:  0.4, Workers: 4
[1855.776s][debug][gc,phases      ] GC(102)     Dead                           Min: 0, Avg:  0.0, Max: 0, Diff: 0, Sum: 0, Workers: 4
[1855.776s][debug][gc,phases      ] GC(102)     Total                          Min: 9856, Avg: 11008.8, Max: 12480, Diff: 2624, Sum: 44035, Workers: 4
[1855.776s][debug][gc,phases      ] GC(102)   ResolvedMethodTable Weak       Min:  0.0, Avg:  0.0, Max:  0.0, Diff:  0.0, Sum:  0.1, Workers: 4
[1855.776s][debug][gc,phases      ] GC(102)     Dead                           Min: 0, Avg:  0.0, Max: 0, Diff: 0, Sum: 0, Workers: 4
[1855.776s][debug][gc,phases      ] GC(102)     Total                          Min: 1216, Avg: 2519.2, Max: 3072, Diff: 1856, Sum: 10077, Workers: 4
[1855.776s][debug][gc,phases      ] GC(102)   JNI Weak                       Min:  0.0, Avg:  0.0, Max:  0.0, Diff:  0.0, Sum:  0.0, Workers: 4
[1855.776s][debug][gc,phases      ] GC(102)     Dead                           Min: 0, Avg:  0.0, Max: 0, Diff: 0, Sum: 0, Workers: 4
[1855.776s][debug][gc,phases      ] GC(102)     Total                          Min: 0, Avg: 11.2, Max: 45, Diff: 45, Sum: 45, Workers: 4
[1855.776s][debug][gc,phases      ] GC(102)   StringDedup Table Weak         Min:  0.0, Avg:  0.0, Max:  0.0, Diff:  0.0, Sum:  0.0, Workers: 4
[1855.776s][debug][gc,phases      ] GC(102)     Dead                           Min: 0, Avg:  0.0, Max: 0, Diff: 0, Sum: 0, Workers: 4
[1855.776s][debug][gc,phases      ] GC(102)     Total                          Min: 0, Avg:  0.0, Max: 0, Diff: 0, Sum: 0, Workers: 4
[1855.776s][debug][gc,phases      ] GC(102)   StringDedup Requests0 Weak     Min:  0.0, Avg:  0.0, Max:  0.0, Diff:  0.0, Sum:  0.0, Workers: 4
[1855.776s][debug][gc,phases      ] GC(102)     Dead                           Min: 0, Avg:  0.0, Max: 0, Diff: 0, Sum: 0, Workers: 4
[1855.776s][debug][gc,phases      ] GC(102)     Total                          Min: 0, Avg:  0.0, Max: 0, Diff: 0, Sum: 0, Workers: 4
[1855.776s][debug][gc,phases      ] GC(102)   StringDedup Requests1 Weak     Min:  0.0, Avg:  0.0, Max:  0.0, Diff:  0.0, Sum:  0.0, Workers: 4
[1855.776s][debug][gc,phases      ] GC(102)     Dead                           Min: 0, Avg:  0.0, Max: 0, Diff: 0, Sum: 0, Workers: 4
[1855.776s][debug][gc,phases      ] GC(102)     Total                          Min: 0, Avg:  0.0, Max: 0, Diff: 0, Sum: 0, Workers: 4
[1855.776s][debug][gc,phases      ] GC(102)   Weak JFR Old Object Samples    Min:  0.0, Avg:  0.0, Max:  0.0, Diff:  0.0, Sum:  0.0, Workers: 4
[1855.776s][debug][gc,phases      ] GC(102)     Dead                           Min: 0, Avg:  0.0, Max: 0, Diff: 0, Sum: 0, Workers: 4
[1855.776s][debug][gc,phases      ] GC(102)     Total                          Min: 0, Avg:  0.0, Max: 0, Diff: 0, Sum: 0, Workers: 4
[1855.776s][debug][gc,phases      ] GC(102) Weak Processing 0.331ms
[1855.776s][debug][gc,age         ] GC(102) Desired survivor size 175636480 bytes, new threshold 15 (max threshold 15)
[1855.776s][info ][gc,heap        ] GC(102) PSYoungGen: 1797936K(1798144K)->29536K(1923072K) Eden: 1766912K(1766912K)->0K(1754112K) From: 31024K(31232K)->29536K(168960K)
[1855.776s][info ][gc,heap        ] GC(102) ParOldGen: 744547K(804864K)->745996K(804864K)
[1855.776s][info ][gc,metaspace   ] GC(102) Metaspace: 84109K(85184K)->84109K(85184K) NonClass: 72143K(72704K)->72143K(72704K) Class: 11965K(12480K)->11965K(12480K)
[1855.776s][info ][gc             ] GC(102) Pause Young (Allocation Failure) 2482M->757M(2664M) 14.893ms
[1855.776s][info ][gc,cpu         ] GC(102) User=0.06s Sys=0.00s Real=0.01s
[1855.776s][info ][safepoint      ] Safepoint "ParallelGCFailedAllocation", Time since last: 7774463282 ns, Reaching safepoint: 25802 ns, At safepoint: 14981267 ns, Total: 15007069 ns
[1862.777s][info ][safepoint      ] Safepoint "Cleanup", Time since last: 7000463059 ns, Reaching safepoint: 46803 ns, At safepoint: 3300 ns, Total: 50103 ns
[1869.777s][info ][safepoint      ] Safepoint "Cleanup", Time since last: 7000518162 ns, Reaching safepoint: 45303 ns, At safepoint: 3600 ns, Total: 48903 ns
[1878.963s][info ][gc,start       ] GC(103) Pause Young (Allocation Failure)
[1878.980s][debug][gc,phases      ] GC(103) Scavenge 16.626ms
[1878.980s][debug][gc,ref         ] GC(103) Skipped phase 1 of Reference Processing: no references
[1878.980s][debug][gc,ref         ] GC(103) ReferenceProcessor::execute queues: 1, RefProcThreadModel::Single, marks_oops_alive: false
[1878.980s][debug][gc,ref         ] GC(103) Skipped phase 3 of Reference Processing: no references
[1878.980s][debug][gc,ref         ] GC(103) ReferenceProcessor::execute queues: 1, RefProcThreadModel::Single, marks_oops_alive: false
[1878.980s][debug][gc,phases      ] GC(103) Reference Processing 0.107ms
[1878.980s][debug][gc,phases      ] GC(103)   VM Weak                        Min:  0.0, Avg:  0.0, Max:  0.0, Diff:  0.0, Sum:  0.0, Workers: 4
[1878.980s][debug][gc,phases      ] GC(103)     Dead                           Min: 0, Avg:  0.0, Max: 0, Diff: 0, Sum: 0, Workers: 4
[1878.980s][debug][gc,phases      ] GC(103)     Total                          Min: 0, Avg: 229.5, Max: 576, Diff: 576, Sum: 918, Workers: 4
[1878.980s][debug][gc,phases      ] GC(103)   ObjectSynchronizer Weak        Min:  0.0, Avg:  0.0, Max:  0.0, Diff:  0.0, Sum:  0.0, Workers: 4
[1878.980s][debug][gc,phases      ] GC(103)     Dead                           Min: 0, Avg:  0.0, Max: 0, Diff: 0, Sum: 0, Workers: 4
[1878.980s][debug][gc,phases      ] GC(103)     Total                          Min: 0, Avg: 25.5, Max: 64, Diff: 64, Sum: 102, Workers: 4
[1878.980s][debug][gc,phases      ] GC(103)   JVMTI Tag Weak OopStorage      Min:  0.0, Avg:  0.0, Max:  0.0, Diff:  0.0, Sum:  0.0, Workers: 4
[1878.980s][debug][gc,phases      ] GC(103)     Dead                           Min: 0, Avg:  0.0, Max: 0, Diff: 0, Sum: 0, Workers: 4
[1878.980s][debug][gc,phases      ] GC(103)     Total                          Min: 0, Avg:  0.0, Max: 0, Diff: 0, Sum: 0, Workers: 4
[1878.980s][debug][gc,phases      ] GC(103)   StringTable Weak               Min:  0.0, Avg:  0.1, Max:  0.1, Diff:  0.1, Sum:  0.4, Workers: 4
[1878.980s][debug][gc,phases      ] GC(103)     Dead                           Min: 0, Avg:  0.0, Max: 0, Diff: 0, Sum: 0, Workers: 4
[1878.980s][debug][gc,phases      ] GC(103)     Total                          Min: 0, Avg: 11008.8, Max: 15171, Diff: 15171, Sum: 44035, Workers: 4
[1878.980s][debug][gc,phases      ] GC(103)   ResolvedMethodTable Weak       Min:  0.0, Avg:  0.0, Max:  0.0, Diff:  0.0, Sum:  0.1, Workers: 4
[1878.980s][debug][gc,phases      ] GC(103)     Dead                           Min: 0, Avg:  0.0, Max: 0, Diff: 0, Sum: 0, Workers: 4
[1878.980s][debug][gc,phases      ] GC(103)     Total                          Min: 0, Avg: 2519.2, Max: 3677, Diff: 3677, Sum: 10077, Workers: 4
[1878.980s][debug][gc,phases      ] GC(103)   JNI Weak                       Min:  0.0, Avg:  0.0, Max:  0.0, Diff:  0.0, Sum:  0.0, Workers: 4
[1878.980s][debug][gc,phases      ] GC(103)     Dead                           Min: 0, Avg:  0.0, Max: 0, Diff: 0, Sum: 0, Workers: 4
[1878.980s][debug][gc,phases      ] GC(103)     Total                          Min: 0, Avg: 11.2, Max: 45, Diff: 45, Sum: 45, Workers: 4
[1878.980s][debug][gc,phases      ] GC(103)   StringDedup Table Weak         Min:  0.0, Avg:  0.0, Max:  0.0, Diff:  0.0, Sum:  0.0, Workers: 4
[1878.980s][debug][gc,phases      ] GC(103)     Dead                           Min: 0, Avg:  0.0, Max: 0, Diff: 0, Sum: 0, Workers: 4
[1878.980s][debug][gc,phases      ] GC(103)     Total                          Min: 0, Avg:  0.0, Max: 0, Diff: 0, Sum: 0, Workers: 4
[1878.980s][debug][gc,phases      ] GC(103)   StringDedup Requests0 Weak     Min:  0.0, Avg:  0.0, Max:  0.0, Diff:  0.0, Sum:  0.0, Workers: 4
[1878.980s][debug][gc,phases      ] GC(103)     Dead                           Min: 0, Avg:  0.0, Max: 0, Diff: 0, Sum: 0, Workers: 4
[1878.980s][debug][gc,phases      ] GC(103)     Total                          Min: 0, Avg:  0.0, Max: 0, Diff: 0, Sum: 0, Workers: 4
[1878.980s][debug][gc,phases      ] GC(103)   StringDedup Requests1 Weak     Min:  0.0, Avg:  0.0, Max:  0.0, Diff:  0.0, Sum:  0.0, Workers: 4
[1878.980s][debug][gc,phases      ] GC(103)     Dead                           Min: 0, Avg:  0.0, Max: 0, Diff: 0, Sum: 0, Workers: 4
[1878.980s][debug][gc,phases      ] GC(103)     Total                          Min: 0, Avg:  0.0, Max: 0, Diff: 0, Sum: 0, Workers: 4
[1878.980s][debug][gc,phases      ] GC(103)   Weak JFR Old Object Samples    Min:  0.0, Avg:  0.0, Max:  0.0, Diff:  0.0, Sum:  0.0, Workers: 4
[1878.980s][debug][gc,phases      ] GC(103)     Dead                           Min: 0, Avg:  0.0, Max: 0, Diff: 0, Sum: 0, Workers: 4
[1878.980s][debug][gc,phases      ] GC(103)     Total                          Min: 0, Avg:  0.0, Max: 0, Diff: 0, Sum: 0, Workers: 4
[1878.980s][debug][gc,phases      ] GC(103) Weak Processing 0.367ms
[1878.980s][debug][gc,age         ] GC(103) Desired survivor size 176685056 bytes, new threshold 15 (max threshold 15)
[1878.980s][info ][gc,heap        ] GC(103) PSYoungGen: 1783648K(1923072K)->29376K(1783808K) Eden: 1754112K(1754112K)->0K(1754112K) From: 29536K(168960K)->29376K(29696K)
[1878.981s][info ][gc,heap        ] GC(103) ParOldGen: 745996K(804864K)->746084K(804864K)
[1878.981s][info ][gc,metaspace   ] GC(103) Metaspace: 84118K(85248K)->84118K(85248K) NonClass: 72153K(72768K)->72153K(72768K) Class: 11965K(12480K)->11965K(12480K)
[1878.981s][info ][gc             ] GC(103) Pause Young (Allocation Failure) 2470M->757M(2528M) 17.233ms
[1878.981s][info ][gc,cpu         ] GC(103) User=0.04s Sys=0.00s Real=0.02s
[1878.981s][info ][safepoint      ] Safepoint "ParallelGCFailedAllocation", Time since last: 9185820694 ns, Reaching safepoint: 35502 ns, At safepoint: 17310333 ns, Total: 17345835 ns
[1891.981s][info ][safepoint      ] Safepoint "Cleanup", Time since last: 13000830087 ns, Reaching safepoint: 62605 ns, At safepoint: 4000 ns, Total: 66605 ns
[1892.982s][info ][safepoint      ] Safepoint "Cleanup", Time since last: 1000119526 ns, Reaching safepoint: 50103 ns, At safepoint: 7901 ns, Total: 58004 ns
[1893.982s][info ][safepoint      ] Safepoint "Cleanup", Time since last: 1000106725 ns, Reaching safepoint: 54404 ns, At safepoint: 4100 ns, Total: 58504 ns
[1894.982s][info ][safepoint      ] Safepoint "Cleanup", Time since last: 1000116026 ns, Reaching safepoint: 51403 ns, At safepoint: 3601 ns, Total: 55004 ns
[1896.982s][info ][safepoint      ] Safepoint "Cleanup", Time since last: 2000175747 ns, Reaching safepoint: 40903 ns, At safepoint: 4500 ns, Total: 45403 ns
[1898.982s][info ][safepoint      ] Safepoint "Cleanup", Time since last: 2000163147 ns, Reaching safepoint: 33902 ns, At safepoint: 3300 ns, Total: 37202 ns
[1901.983s][info ][safepoint      ] Safepoint "Cleanup", Time since last: 3000233769 ns, Reaching safepoint: 47403 ns, At safepoint: 4000 ns, Total: 51403 ns
[1903.450s][info ][gc,start       ] GC(104) Pause Young (Allocation Failure)
[1903.466s][debug][gc,phases      ] GC(104) Scavenge 16.302ms
[1903.466s][debug][gc,ref         ] GC(104) Skipped phase 1 of Reference Processing: no references
[1903.466s][debug][gc,ref         ] GC(104) ReferenceProcessor::execute queues: 1, RefProcThreadModel::Single, marks_oops_alive: false
[1903.466s][debug][gc,ref         ] GC(104) Skipped phase 3 of Reference Processing: no references
[1903.466s][debug][gc,ref         ] GC(104) ReferenceProcessor::execute queues: 1, RefProcThreadModel::Single, marks_oops_alive: false
[1903.466s][debug][gc,phases      ] GC(104) Reference Processing 0.129ms
[1903.466s][debug][gc,phases      ] GC(104)   VM Weak                        Min:  0.0, Avg:  0.0, Max:  0.0, Diff:  0.0, Sum:  0.0, Workers: 4
[1903.466s][debug][gc,phases      ] GC(104)     Dead                           Min: 0, Avg:  0.0, Max: 0, Diff: 0, Sum: 0, Workers: 4
[1903.466s][debug][gc,phases      ] GC(104)     Total                          Min: 0, Avg: 229.5, Max: 640, Diff: 640, Sum: 918, Workers: 4
[1903.466s][debug][gc,phases      ] GC(104)   ObjectSynchronizer Weak        Min:  0.0, Avg:  0.0, Max:  0.0, Diff:  0.0, Sum:  0.0, Workers: 4
[1903.466s][debug][gc,phases      ] GC(104)     Dead                           Min: 0, Avg:  0.0, Max: 0, Diff: 0, Sum: 0, Workers: 4
[1903.466s][debug][gc,phases      ] GC(104)     Total                          Min: 0, Avg: 25.5, Max: 64, Diff: 64, Sum: 102, Workers: 4
[1903.466s][debug][gc,phases      ] GC(104)   JVMTI Tag Weak OopStorage      Min:  0.0, Avg:  0.0, Max:  0.0, Diff:  0.0, Sum:  0.0, Workers: 4
[1903.466s][debug][gc,phases      ] GC(104)     Dead                           Min: 0, Avg:  0.0, Max: 0, Diff: 0, Sum: 0, Workers: 4
[1903.466s][debug][gc,phases      ] GC(104)     Total                          Min: 0, Avg:  0.0, Max: 0, Diff: 0, Sum: 0, Workers: 4
[1903.466s][debug][gc,phases      ] GC(104)   StringTable Weak               Min:  0.0, Avg:  0.1, Max:  0.1, Diff:  0.1, Sum:  0.4, Workers: 4
[1903.466s][debug][gc,phases      ] GC(104)     Dead                           Min: 0, Avg:  0.0, Max: 0, Diff: 0, Sum: 0, Workers: 4
[1903.466s][debug][gc,phases      ] GC(104)     Total                          Min: 0, Avg: 11009.5, Max: 15488, Diff: 15488, Sum: 44038, Workers: 4
[1903.467s][debug][gc,phases      ] GC(104)   ResolvedMethodTable Weak       Min:  0.0, Avg:  0.0, Max:  0.0, Diff:  0.0, Sum:  0.1, Workers: 4
[1903.467s][debug][gc,phases      ] GC(104)     Dead                           Min: 0, Avg:  0.0, Max: 0, Diff: 0, Sum: 0, Workers: 4
[1903.467s][debug][gc,phases      ] GC(104)     Total                          Min: 0, Avg: 2519.2, Max: 3520, Diff: 3520, Sum: 10077, Workers: 4
[1903.467s][debug][gc,phases      ] GC(104)   JNI Weak                       Min:  0.0, Avg:  0.0, Max:  0.0, Diff:  0.0, Sum:  0.0, Workers: 4
[1903.467s][debug][gc,phases      ] GC(104)     Dead                           Min: 0, Avg:  0.0, Max: 0, Diff: 0, Sum: 0, Workers: 4
[1903.467s][debug][gc,phases      ] GC(104)     Total                          Min: 0, Avg: 11.2, Max: 45, Diff: 45, Sum: 45, Workers: 4
[1903.467s][debug][gc,phases      ] GC(104)   StringDedup Table Weak         Min:  0.0, Avg:  0.0, Max:  0.0, Diff:  0.0, Sum:  0.0, Workers: 4
[1903.467s][debug][gc,phases      ] GC(104)     Dead                           Min: 0, Avg:  0.0, Max: 0, Diff: 0, Sum: 0, Workers: 4
[1903.467s][debug][gc,phases      ] GC(104)     Total                          Min: 0, Avg:  0.0, Max: 0, Diff: 0, Sum: 0, Workers: 4
[1903.467s][debug][gc,phases      ] GC(104)   StringDedup Requests0 Weak     Min:  0.0, Avg:  0.0, Max:  0.0, Diff:  0.0, Sum:  0.0, Workers: 4
[1903.467s][debug][gc,phases      ] GC(104)     Dead                           Min: 0, Avg:  0.0, Max: 0, Diff: 0, Sum: 0, Workers: 4
[1903.467s][debug][gc,phases      ] GC(104)     Total                          Min: 0, Avg:  0.0, Max: 0, Diff: 0, Sum: 0, Workers: 4
[1903.467s][debug][gc,phases      ] GC(104)   StringDedup Requests1 Weak     Min:  0.0, Avg:  0.0, Max:  0.0, Diff:  0.0, Sum:  0.0, Workers: 4
[1903.467s][debug][gc,phases      ] GC(104)     Dead                           Min: 0, Avg:  0.0, Max: 0, Diff: 0, Sum: 0, Workers: 4
[1903.467s][debug][gc,phases      ] GC(104)     Total                          Min: 0, Avg:  0.0, Max: 0, Diff: 0, Sum: 0, Workers: 4
[1903.467s][debug][gc,phases      ] GC(104)   Weak JFR Old Object Samples    Min:  0.0, Avg:  0.0, Max:  0.0, Diff:  0.0, Sum:  0.0, Workers: 4
[1903.467s][debug][gc,phases      ] GC(104)     Dead                           Min: 0, Avg:  0.0, Max: 0, Diff: 0, Sum: 0, Workers: 4
[1903.467s][debug][gc,phases      ] GC(104)     Total                          Min: 0, Avg:  0.0, Max: 0, Diff: 0, Sum: 0, Workers: 4
[1903.467s][debug][gc,phases      ] GC(104) Weak Processing 0.418ms
[1903.467s][debug][gc,age         ] GC(104) Desired survivor size 176160768 bytes, new threshold 15 (max threshold 15)
[1903.467s][info ][gc,heap        ] GC(104) PSYoungGen: 1783488K(1783808K)->29680K(1925120K) Eden: 1754112K(1754112K)->0K(1752576K) From: 29376K(29696K)->29680K(172544K)
[1903.467s][info ][gc,heap        ] GC(104) ParOldGen: 746084K(804864K)->746280K(804864K)
[1903.467s][info ][gc,metaspace   ] GC(104) Metaspace: 84124K(85248K)->84124K(85248K) NonClass: 72158K(72768K)->72158K(72768K) Class: 11965K(12480K)->11965K(12480K)
[1903.467s][info ][gc             ] GC(104) Pause Young (Allocation Failure) 2470M->757M(2666M) 16.986ms
[1903.467s][info ][gc,cpu         ] GC(104) User=0.05s Sys=0.00s Real=0.02s
[1903.467s][info ][safepoint      ] Safepoint "ParallelGCFailedAllocation", Time since last: 1466802162 ns, Reaching safepoint: 115208 ns, At safepoint: 17096118 ns, Total: 17211326 ns
[1904.467s][info ][safepoint      ] Safepoint "Cleanup", Time since last: 1000084223 ns, Reaching safepoint: 48604 ns, At safepoint: 6100 ns, Total: 54704 ns
[1905.467s][info ][safepoint      ] Safepoint "Cleanup", Time since last: 1000107325 ns, Reaching safepoint: 48203 ns, At safepoint: 4401 ns, Total: 52604 ns
[1909.467s][info ][safepoint      ] Safepoint "Cleanup", Time since last: 4000298590 ns, Reaching safepoint: 44503 ns, At safepoint: 2900 ns, Total: 47403 ns
[1910.468s][info ][safepoint      ] Safepoint "Cleanup", Time since last: 1000114725 ns, Reaching safepoint: 123109 ns, At safepoint: 7001 ns, Total: 130110 ns
[1916.468s][info ][safepoint      ] Safepoint "Cleanup", Time since last: 6000400331 ns, Reaching safepoint: 45203 ns, At safepoint: 4200 ns, Total: 49403 ns
[1926.469s][info ][safepoint      ] Safepoint "Cleanup", Time since last: 10000606214 ns, Reaching safepoint: 39602 ns, At safepoint: 3301 ns, Total: 42903 ns
[1929.309s][info ][gc,start       ] GC(105) Pause Young (Allocation Failure)
[1929.323s][debug][gc,phases      ] GC(105) Scavenge 14.391ms
[1929.323s][debug][gc,ref         ] GC(105) Skipped phase 1 of Reference Processing: no references
[1929.323s][debug][gc,ref         ] GC(105) ReferenceProcessor::execute queues: 1, RefProcThreadModel::Single, marks_oops_alive: false
[1929.323s][debug][gc,ref         ] GC(105) Skipped phase 3 of Reference Processing: no references
[1929.323s][debug][gc,ref         ] GC(105) ReferenceProcessor::execute queues: 1, RefProcThreadModel::Single, marks_oops_alive: false
[1929.323s][debug][gc,phases      ] GC(105) Reference Processing 0.109ms
[1929.324s][debug][gc,phases      ] GC(105)   VM Weak                        Min:  0.0, Avg:  0.0, Max:  0.0, Diff:  0.0, Sum:  0.0, Workers: 4
[1929.324s][debug][gc,phases      ] GC(105)     Dead                           Min: 0, Avg:  0.0, Max: 0, Diff: 0, Sum: 0, Workers: 4
[1929.324s][debug][gc,phases      ] GC(105)     Total                          Min: 0, Avg: 229.5, Max: 854, Diff: 854, Sum: 918, Workers: 4
[1929.324s][debug][gc,phases      ] GC(105)   ObjectSynchronizer Weak        Min:  0.0, Avg:  0.0, Max:  0.0, Diff:  0.0, Sum:  0.0, Workers: 4
[1929.324s][debug][gc,phases      ] GC(105)     Dead                           Min: 0, Avg:  0.0, Max: 0, Diff: 0, Sum: 0, Workers: 4
[1929.324s][debug][gc,phases      ] GC(105)     Total                          Min: 0, Avg: 25.5, Max: 64, Diff: 64, Sum: 102, Workers: 4
[1929.324s][debug][gc,phases      ] GC(105)   JVMTI Tag Weak OopStorage      Min:  0.0, Avg:  0.0, Max:  0.0, Diff:  0.0, Sum:  0.0, Workers: 4
[1929.324s][debug][gc,phases      ] GC(105)     Dead                           Min: 0, Avg:  0.0, Max: 0, Diff: 0, Sum: 0, Workers: 4
[1929.324s][debug][gc,phases      ] GC(105)     Total                          Min: 0, Avg:  0.0, Max: 0, Diff: 0, Sum: 0, Workers: 4
[1929.324s][debug][gc,phases      ] GC(105)   StringTable Weak               Min:  0.0, Avg:  0.1, Max:  0.1, Diff:  0.1, Sum:  0.4, Workers: 4
[1929.324s][debug][gc,phases      ] GC(105)     Dead                           Min: 0, Avg:  0.0, Max: 0, Diff: 0, Sum: 0, Workers: 4
[1929.324s][debug][gc,phases      ] GC(105)     Total                          Min: 0, Avg: 11009.5, Max: 15558, Diff: 15558, Sum: 44038, Workers: 4
[1929.324s][debug][gc,phases      ] GC(105)   ResolvedMethodTable Weak       Min:  0.0, Avg:  0.0, Max:  0.0, Diff:  0.0, Sum:  0.1, Workers: 4
[1929.324s][debug][gc,phases      ] GC(105)     Dead                           Min: 0, Avg:  0.0, Max: 0, Diff: 0, Sum: 0, Workers: 4
[1929.324s][debug][gc,phases      ] GC(105)     Total                          Min: 0, Avg: 2519.2, Max: 3520, Diff: 3520, Sum: 10077, Workers: 4
[1929.324s][debug][gc,phases      ] GC(105)   JNI Weak                       Min:  0.0, Avg:  0.0, Max:  0.0, Diff:  0.0, Sum:  0.0, Workers: 4
[1929.324s][debug][gc,phases      ] GC(105)     Dead                           Min: 0, Avg:  0.0, Max: 0, Diff: 0, Sum: 0, Workers: 4
[1929.324s][debug][gc,phases      ] GC(105)     Total                          Min: 0, Avg: 11.2, Max: 45, Diff: 45, Sum: 45, Workers: 4
[1929.324s][debug][gc,phases      ] GC(105)   StringDedup Table Weak         Min:  0.0, Avg:  0.0, Max:  0.0, Diff:  0.0, Sum:  0.0, Workers: 4
[1929.324s][debug][gc,phases      ] GC(105)     Dead                           Min: 0, Avg:  0.0, Max: 0, Diff: 0, Sum: 0, Workers: 4
[1929.324s][debug][gc,phases      ] GC(105)     Total                          Min: 0, Avg:  0.0, Max: 0, Diff: 0, Sum: 0, Workers: 4
[1929.324s][debug][gc,phases      ] GC(105)   StringDedup Requests0 Weak     Min:  0.0, Avg:  0.0, Max:  0.0, Diff:  0.0, Sum:  0.0, Workers: 4
[1929.324s][debug][gc,phases      ] GC(105)     Dead                           Min: 0, Avg:  0.0, Max: 0, Diff: 0, Sum: 0, Workers: 4
[1929.324s][debug][gc,phases      ] GC(105)     Total                          Min: 0, Avg:  0.0, Max: 0, Diff: 0, Sum: 0, Workers: 4
[1929.324s][debug][gc,phases      ] GC(105)   StringDedup Requests1 Weak     Min:  0.0, Avg:  0.0, Max:  0.0, Diff:  0.0, Sum:  0.0, Workers: 4
[1929.324s][debug][gc,phases      ] GC(105)     Dead                           Min: 0, Avg:  0.0, Max: 0, Diff: 0, Sum: 0, Workers: 4
[1929.324s][debug][gc,phases      ] GC(105)     Total                          Min: 0, Avg:  0.0, Max: 0, Diff: 0, Sum: 0, Workers: 4
[1929.324s][debug][gc,phases      ] GC(105)   Weak JFR Old Object Samples    Min:  0.0, Avg:  0.0, Max:  0.0, Diff:  0.0, Sum:  0.0, Workers: 4
[1929.324s][debug][gc,phases      ] GC(105)     Dead                           Min: 0, Avg:  0.0, Max: 0, Diff: 0, Sum: 0, Workers: 4
[1929.324s][debug][gc,phases      ] GC(105)     Total                          Min: 0, Avg:  0.0, Max: 0, Diff: 0, Sum: 0, Workers: 4
[1929.324s][debug][gc,phases      ] GC(105) Weak Processing 0.371ms
[1929.324s][debug][gc,age         ] GC(105) Desired survivor size 174063616 bytes, new threshold 15 (max threshold 15)
[1929.324s][info ][gc,heap        ] GC(105) PSYoungGen: 1782256K(1925120K)->29280K(1924608K) Eden: 1752576K(1752576K)->0K(1752576K) From: 29680K(172544K)->29280K(172032K)
[1929.324s][info ][gc,heap        ] GC(105) ParOldGen: 746280K(804864K)->746528K(804864K)
[1929.324s][info ][gc,metaspace   ] GC(105) Metaspace: 84128K(85248K)->84128K(85248K) NonClass: 72163K(72768K)->72163K(72768K) Class: 11965K(12480K)->11965K(12480K)
[1929.324s][info ][gc             ] GC(105) Pause Young (Allocation Failure) 2469M->757M(2665M) 15.009ms
[1929.324s][info ][gc,cpu         ] GC(105) User=0.04s Sys=0.00s Real=0.02s
[1929.324s][info ][safepoint      ] Safepoint "ParallelGCFailedAllocation", Time since last: 2840106563 ns, Reaching safepoint: 29402 ns, At safepoint: 15079474 ns, Total: 15108876 ns
[1935.324s][info ][safepoint      ] Safepoint "Cleanup", Time since last: 6000413031 ns, Reaching safepoint: 47603 ns, At safepoint: 26402 ns, Total: 74005 ns
[1953.326s][info ][safepoint      ] Safepoint "Cleanup", Time since last: 18001197286 ns, Reaching safepoint: 36302 ns, At safepoint: 2900 ns, Total: 39202 ns
[1954.901s][info ][gc,start       ] GC(106) Pause Young (Allocation Failure)
[1954.913s][debug][gc,phases      ] GC(106) Scavenge 11.925ms
[1954.913s][debug][gc,ref         ] GC(106) Skipped phase 1 of Reference Processing: no references
[1954.913s][debug][gc,ref         ] GC(106) ReferenceProcessor::execute queues: 1, RefProcThreadModel::Single, marks_oops_alive: false
[1954.913s][debug][gc,ref         ] GC(106) Skipped phase 3 of Reference Processing: no references
[1954.913s][debug][gc,ref         ] GC(106) ReferenceProcessor::execute queues: 1, RefProcThreadModel::Single, marks_oops_alive: false
[1954.913s][debug][gc,phases      ] GC(106) Reference Processing 0.105ms
[1954.913s][debug][gc,phases      ] GC(106)   VM Weak                        Min:  0.0, Avg:  0.0, Max:  0.0, Diff:  0.0, Sum:  0.0, Workers: 4
[1954.913s][debug][gc,phases      ] GC(106)     Dead                           Min: 0, Avg:  0.0, Max: 0, Diff: 0, Sum: 0, Workers: 4
[1954.913s][debug][gc,phases      ] GC(106)     Total                          Min: 0, Avg: 229.5, Max: 832, Diff: 832, Sum: 918, Workers: 4
[1954.913s][debug][gc,phases      ] GC(106)   ObjectSynchronizer Weak        Min:  0.0, Avg:  0.0, Max:  0.0, Diff:  0.0, Sum:  0.0, Workers: 4
[1954.913s][debug][gc,phases      ] GC(106)     Dead                           Min: 0, Avg:  0.0, Max: 0, Diff: 0, Sum: 0, Workers: 4
[1954.913s][debug][gc,phases      ] GC(106)     Total                          Min: 0, Avg: 25.5, Max: 64, Diff: 64, Sum: 102, Workers: 4
[1954.913s][debug][gc,phases      ] GC(106)   JVMTI Tag Weak OopStorage      Min:  0.0, Avg:  0.0, Max:  0.0, Diff:  0.0, Sum:  0.0, Workers: 4
[1954.913s][debug][gc,phases      ] GC(106)     Dead                           Min: 0, Avg:  0.0, Max: 0, Diff: 0, Sum: 0, Workers: 4
[1954.913s][debug][gc,phases      ] GC(106)     Total                          Min: 0, Avg:  0.0, Max: 0, Diff: 0, Sum: 0, Workers: 4
[1954.913s][debug][gc,phases      ] GC(106)   StringTable Weak               Min:  0.1, Avg:  0.1, Max:  0.1, Diff:  0.0, Sum:  0.4, Workers: 4
[1954.913s][debug][gc,phases      ] GC(106)     Dead                           Min: 0, Avg:  0.0, Max: 0, Diff: 0, Sum: 0, Workers: 4
[1954.913s][debug][gc,phases      ] GC(106)     Total                          Min: 9542, Avg: 11009.5, Max: 11904, Diff: 2362, Sum: 44038, Workers: 4
[1954.913s][debug][gc,phases      ] GC(106)   ResolvedMethodTable Weak       Min:  0.0, Avg:  0.0, Max:  0.0, Diff:  0.0, Sum:  0.1, Workers: 4
[1954.913s][debug][gc,phases      ] GC(106)     Dead                           Min: 0, Avg:  0.0, Max: 0, Diff: 0, Sum: 0, Workers: 4
[1954.913s][debug][gc,phases      ] GC(106)     Total                          Min: 2397, Avg: 2519.2, Max: 2624, Diff: 227, Sum: 10077, Workers: 4
[1954.913s][debug][gc,phases      ] GC(106)   JNI Weak                       Min:  0.0, Avg:  0.0, Max:  0.0, Diff:  0.0, Sum:  0.0, Workers: 4
[1954.913s][debug][gc,phases      ] GC(106)     Dead                           Min: 0, Avg:  0.0, Max: 0, Diff: 0, Sum: 0, Workers: 4
[1954.913s][debug][gc,phases      ] GC(106)     Total                          Min: 0, Avg: 11.2, Max: 45, Diff: 45, Sum: 45, Workers: 4
[1954.913s][debug][gc,phases      ] GC(106)   StringDedup Table Weak         Min:  0.0, Avg:  0.0, Max:  0.0, Diff:  0.0, Sum:  0.0, Workers: 4
[1954.913s][debug][gc,phases      ] GC(106)     Dead                           Min: 0, Avg:  0.0, Max: 0, Diff: 0, Sum: 0, Workers: 4
[1954.913s][debug][gc,phases      ] GC(106)     Total                          Min: 0, Avg:  0.0, Max: 0, Diff: 0, Sum: 0, Workers: 4
[1954.913s][debug][gc,phases      ] GC(106)   StringDedup Requests0 Weak     Min:  0.0, Avg:  0.0, Max:  0.0, Diff:  0.0, Sum:  0.0, Workers: 4
[1954.913s][debug][gc,phases      ] GC(106)     Dead                           Min: 0, Avg:  0.0, Max: 0, Diff: 0, Sum: 0, Workers: 4
[1954.913s][debug][gc,phases      ] GC(106)     Total                          Min: 0, Avg:  0.0, Max: 0, Diff: 0, Sum: 0, Workers: 4
[1954.913s][debug][gc,phases      ] GC(106)   StringDedup Requests1 Weak     Min:  0.0, Avg:  0.0, Max:  0.0, Diff:  0.0, Sum:  0.0, Workers: 4
[1954.913s][debug][gc,phases      ] GC(106)     Dead                           Min: 0, Avg:  0.0, Max: 0, Diff: 0, Sum: 0, Workers: 4
[1954.913s][debug][gc,phases      ] GC(106)     Total                          Min: 0, Avg:  0.0, Max: 0, Diff: 0, Sum: 0, Workers: 4
[1954.913s][debug][gc,phases      ] GC(106)   Weak JFR Old Object Samples    Min:  0.0, Avg:  0.0, Max:  0.0, Diff:  0.0, Sum:  0.0, Workers: 4
[1954.913s][debug][gc,phases      ] GC(106)     Dead                           Min: 0, Avg:  0.0, Max: 0, Diff: 0, Sum: 0, Workers: 4
[1954.913s][debug][gc,phases      ] GC(106)     Total                          Min: 0, Avg:  0.0, Max: 0, Diff: 0, Sum: 0, Workers: 4
[1954.913s][debug][gc,phases      ] GC(106) Weak Processing 0.355ms
[1954.913s][debug][gc,age         ] GC(106) Desired survivor size 171442176 bytes, new threshold 15 (max threshold 15)
[1954.913s][info ][gc,heap        ] GC(106) PSYoungGen: 1781856K(1924608K)->26432K(1929728K) Eden: 1752576K(1752576K)->0K(1759744K) From: 29280K(172032K)->26432K(169984K)
[1954.913s][info ][gc,heap        ] GC(106) ParOldGen: 746528K(804864K)->746624K(804864K)
[1954.913s][info ][gc,metaspace   ] GC(106) Metaspace: 84130K(85248K)->84130K(85248K) NonClass: 72164K(72768K)->72164K(72768K) Class: 11965K(12480K)->11965K(12480K)
[1954.913s][info ][gc             ] GC(106) Pause Young (Allocation Failure) 2469M->754M(2670M) 12.515ms
[1954.913s][info ][gc,cpu         ] GC(106) User=0.04s Sys=0.00s Real=0.01s
[1954.913s][info ][safepoint      ] Safepoint "ParallelGCFailedAllocation", Time since last: 1574861157 ns, Reaching safepoint: 103107 ns, At safepoint: 12588296 ns, Total: 12691403 ns
[1955.913s][info ][safepoint      ] Safepoint "Cleanup", Time since last: 1000081623 ns, Reaching safepoint: 45703 ns, At safepoint: 3600 ns, Total: 49303 ns
[1958.914s][info ][safepoint      ] Safepoint "Cleanup", Time since last: 3000228366 ns, Reaching safepoint: 34102 ns, At safepoint: 2401 ns, Total: 36503 ns
[1961.914s][info ][safepoint      ] Safepoint "Cleanup", Time since last: 3000237266 ns, Reaching safepoint: 44203 ns, At safepoint: 4000 ns, Total: 48203 ns
[1963.914s][info ][safepoint      ] Safepoint "Cleanup", Time since last: 2000182046 ns, Reaching safepoint: 28002 ns, At safepoint: 25502 ns, Total: 53504 ns
[1968.915s][info ][safepoint      ] Safepoint "Cleanup", Time since last: 5000361007 ns, Reaching safepoint: 51804 ns, At safepoint: 3600 ns, Total: 55404 ns
[1980.846s][info ][gc,start       ] GC(107) Pause Young (Allocation Failure)
[1980.865s][debug][gc,phases      ] GC(107) Scavenge 18.935ms
[1980.865s][debug][gc,ref         ] GC(107) Skipped phase 1 of Reference Processing: no references
[1980.866s][debug][gc,ref         ] GC(107) ReferenceProcessor::execute queues: 1, RefProcThreadModel::Single, marks_oops_alive: false
[1980.866s][debug][gc,ref         ] GC(107) Skipped phase 3 of Reference Processing: no references
[1980.866s][debug][gc,ref         ] GC(107) ReferenceProcessor::execute queues: 1, RefProcThreadModel::Single, marks_oops_alive: false
[1980.866s][debug][gc,phases      ] GC(107) Reference Processing 0.118ms
[1980.866s][debug][gc,phases      ] GC(107)   VM Weak                        Min:  0.0, Avg:  0.0, Max:  0.0, Diff:  0.0, Sum:  0.0, Workers: 4
[1980.866s][debug][gc,phases      ] GC(107)     Dead                           Min: 0, Avg:  0.0, Max: 0, Diff: 0, Sum: 0, Workers: 4
[1980.866s][debug][gc,phases      ] GC(107)     Total                          Min: 0, Avg: 229.5, Max: 918, Diff: 918, Sum: 918, Workers: 4
[1980.866s][debug][gc,phases      ] GC(107)   ObjectSynchronizer Weak        Min:  0.0, Avg:  0.0, Max:  0.0, Diff:  0.0, Sum:  0.0, Workers: 4
[1980.866s][debug][gc,phases      ] GC(107)     Dead                           Min: 0, Avg:  0.0, Max: 0, Diff: 0, Sum: 0, Workers: 4
[1980.866s][debug][gc,phases      ] GC(107)     Total                          Min: 0, Avg: 25.5, Max: 102, Diff: 102, Sum: 102, Workers: 4
[1980.866s][debug][gc,phases      ] GC(107)   JVMTI Tag Weak OopStorage      Min:  0.0, Avg:  0.0, Max:  0.0, Diff:  0.0, Sum:  0.0, Workers: 4
[1980.866s][debug][gc,phases      ] GC(107)     Dead                           Min: 0, Avg:  0.0, Max: 0, Diff: 0, Sum: 0, Workers: 4
[1980.866s][debug][gc,phases      ] GC(107)     Total                          Min: 0, Avg:  0.0, Max: 0, Diff: 0, Sum: 0, Workers: 4
[1980.866s][debug][gc,phases      ] GC(107)   StringTable Weak               Min:  0.0, Avg:  0.1, Max:  0.3, Diff:  0.3, Sum:  0.5, Workers: 4
[1980.866s][debug][gc,phases      ] GC(107)     Dead                           Min: 0, Avg:  0.0, Max: 0, Diff: 0, Sum: 0, Workers: 4
[1980.866s][debug][gc,phases      ] GC(107)     Total                          Min: 0, Avg: 11009.5, Max: 31872, Diff: 31872, Sum: 44038, Workers: 4
[1980.866s][debug][gc,phases      ] GC(107)   ResolvedMethodTable Weak       Min:  0.0, Avg:  0.0, Max:  0.1, Diff:  0.1, Sum:  0.1, Workers: 4
[1980.866s][debug][gc,phases      ] GC(107)     Dead                           Min: 0, Avg:  0.0, Max: 0, Diff: 0, Sum: 0, Workers: 4
[1980.866s][debug][gc,phases      ] GC(107)     Total                          Min: 0, Avg: 2519.2, Max: 6237, Diff: 6237, Sum: 10077, Workers: 4
[1980.866s][debug][gc,phases      ] GC(107)   JNI Weak                       Min:  0.0, Avg:  0.0, Max:  0.0, Diff:  0.0, Sum:  0.0, Workers: 4
[1980.866s][debug][gc,phases      ] GC(107)     Dead                           Min: 0, Avg:  0.0, Max: 0, Diff: 0, Sum: 0, Workers: 4
[1980.866s][debug][gc,phases      ] GC(107)     Total                          Min: 0, Avg: 11.2, Max: 45, Diff: 45, Sum: 45, Workers: 4
[1980.866s][debug][gc,phases      ] GC(107)   StringDedup Table Weak         Min:  0.0, Avg:  0.0, Max:  0.0, Diff:  0.0, Sum:  0.0, Workers: 4
[1980.866s][debug][gc,phases      ] GC(107)     Dead                           Min: 0, Avg:  0.0, Max: 0, Diff: 0, Sum: 0, Workers: 4
[1980.866s][debug][gc,phases      ] GC(107)     Total                          Min: 0, Avg:  0.0, Max: 0, Diff: 0, Sum: 0, Workers: 4
[1980.866s][debug][gc,phases      ] GC(107)   StringDedup Requests0 Weak     Min:  0.0, Avg:  0.0, Max:  0.0, Diff:  0.0, Sum:  0.0, Workers: 4
[1980.866s][debug][gc,phases      ] GC(107)     Dead                           Min: 0, Avg:  0.0, Max: 0, Diff: 0, Sum: 0, Workers: 4
[1980.866s][debug][gc,phases      ] GC(107)     Total                          Min: 0, Avg:  0.0, Max: 0, Diff: 0, Sum: 0, Workers: 4
[1980.866s][debug][gc,phases      ] GC(107)   StringDedup Requests1 Weak     Min:  0.0, Avg:  0.0, Max:  0.0, Diff:  0.0, Sum:  0.0, Workers: 4
[1980.866s][debug][gc,phases      ] GC(107)     Dead                           Min: 0, Avg:  0.0, Max: 0, Diff: 0, Sum: 0, Workers: 4
[1980.866s][debug][gc,phases      ] GC(107)     Total                          Min: 0, Avg:  0.0, Max: 0, Diff: 0, Sum: 0, Workers: 4
[1980.866s][debug][gc,phases      ] GC(107)   Weak JFR Old Object Samples    Min:  0.0, Avg:  0.0, Max:  0.0, Diff:  0.0, Sum:  0.0, Workers: 4
[1980.866s][debug][gc,phases      ] GC(107)     Dead                           Min: 0, Avg:  0.0, Max: 0, Diff: 0, Sum: 0, Workers: 4
[1980.866s][debug][gc,phases      ] GC(107)     Total                          Min: 0, Avg:  0.0, Max: 0, Diff: 0, Sum: 0, Workers: 4
[1980.866s][debug][gc,phases      ] GC(107) Weak Processing 0.639ms
[1980.866s][debug][gc,age         ] GC(107) Desired survivor size 168296448 bytes, new threshold 15 (max threshold 15)
[1980.866s][info ][gc,heap        ] GC(107) PSYoungGen: 1786176K(1929728K)->25632K(1927168K) Eden: 1759744K(1759744K)->0K(1759744K) From: 26432K(169984K)->25632K(167424K)
[1980.866s][info ][gc,heap        ] GC(107) ParOldGen: 746624K(804864K)->746688K(804864K)
[1980.866s][info ][gc,metaspace   ] GC(107) Metaspace: 84131K(85248K)->84131K(85248K) NonClass: 72166K(72768K)->72166K(72768K) Class: 11965K(12480K)->11965K(12480K)
[1980.866s][info ][gc             ] GC(107) Pause Young (Allocation Failure) 2473M->754M(2668M) 19.880ms
[1980.866s][info ][gc,cpu         ] GC(107) User=0.04s Sys=0.00s Real=0.02s
[1980.866s][info ][safepoint      ] Safepoint "ParallelGCFailedAllocation", Time since last: 11931735134 ns, Reaching safepoint: 111308 ns, At safepoint: 19965322 ns, Total: 20076630 ns
[1989.867s][info ][safepoint      ] Safepoint "Cleanup", Time since last: 9000595487 ns, Reaching safepoint: 33303 ns, At safepoint: 3200 ns, Total: 36503 ns
[1997.868s][info ][safepoint      ] Safepoint "Cleanup", Time since last: 8000556268 ns, Reaching safepoint: 48303 ns, At safepoint: 3100 ns, Total: 51403 ns
[2000.721s][info ][safepoint      ] Safepoint "Cleanup", Time since last: 2853613523 ns, Reaching safepoint: 64705 ns, At safepoint: 3200 ns, Total: 67905 ns
[2002.721s][info ][safepoint      ] Safepoint "Cleanup", Time since last: 2000172344 ns, Reaching safepoint: 48304 ns, At safepoint: 3100 ns, Total: 51404 ns
[2003.722s][info ][safepoint      ] Safepoint "Cleanup", Time since last: 1000118124 ns, Reaching safepoint: 41003 ns, At safepoint: 2700 ns, Total: 43703 ns
[2004.801s][info ][gc,start       ] GC(108) Pause Young (Allocation Failure)
[2004.819s][debug][gc,phases      ] GC(108) Scavenge 18.011ms
[2004.819s][debug][gc,ref         ] GC(108) Skipped phase 1 of Reference Processing: no references
[2004.819s][debug][gc,ref         ] GC(108) ReferenceProcessor::execute queues: 1, RefProcThreadModel::Single, marks_oops_alive: false
[2004.819s][debug][gc,ref         ] GC(108) Skipped phase 3 of Reference Processing: no references
[2004.819s][debug][gc,ref         ] GC(108) ReferenceProcessor::execute queues: 1, RefProcThreadModel::Single, marks_oops_alive: false
[2004.819s][debug][gc,phases      ] GC(108) Reference Processing 0.104ms
[2004.819s][debug][gc,phases      ] GC(108)   VM Weak                        Min:  0.0, Avg:  0.0, Max:  0.0, Diff:  0.0, Sum:  0.0, Workers: 4
[2004.819s][debug][gc,phases      ] GC(108)     Dead                           Min: 0, Avg:  0.0, Max: 0, Diff: 0, Sum: 0, Workers: 4
[2004.819s][debug][gc,phases      ] GC(108)     Total                          Min: 0, Avg: 229.5, Max: 576, Diff: 576, Sum: 918, Workers: 4
[2004.819s][debug][gc,phases      ] GC(108)   ObjectSynchronizer Weak        Min:  0.0, Avg:  0.0, Max:  0.0, Diff:  0.0, Sum:  0.0, Workers: 4
[2004.819s][debug][gc,phases      ] GC(108)     Dead                           Min: 0, Avg:  0.0, Max: 0, Diff: 0, Sum: 0, Workers: 4
[2004.819s][debug][gc,phases      ] GC(108)     Total                          Min: 0, Avg: 25.5, Max: 64, Diff: 64, Sum: 102, Workers: 4
[2004.819s][debug][gc,phases      ] GC(108)   JVMTI Tag Weak OopStorage      Min:  0.0, Avg:  0.0, Max:  0.0, Diff:  0.0, Sum:  0.0, Workers: 4
[2004.819s][debug][gc,phases      ] GC(108)     Dead                           Min: 0, Avg:  0.0, Max: 0, Diff: 0, Sum: 0, Workers: 4
[2004.819s][debug][gc,phases      ] GC(108)     Total                          Min: 0, Avg:  0.0, Max: 0, Diff: 0, Sum: 0, Workers: 4
[2004.819s][debug][gc,phases      ] GC(108)   StringTable Weak               Min:  0.0, Avg:  0.1, Max:  0.2, Diff:  0.2, Sum:  0.4, Workers: 4
[2004.819s][debug][gc,phases      ] GC(108)     Dead                           Min: 0, Avg:  0.0, Max: 0, Diff: 0, Sum: 0, Workers: 4
[2004.819s][debug][gc,phases      ] GC(108)     Total                          Min: 0, Avg: 11010.5, Max: 16064, Diff: 16064, Sum: 44042, Workers: 4
[2004.819s][debug][gc,phases      ] GC(108)   ResolvedMethodTable Weak       Min:  0.0, Avg:  0.0, Max:  0.0, Diff:  0.0, Sum:  0.1, Workers: 4
[2004.819s][debug][gc,phases      ] GC(108)     Dead                           Min: 0, Avg:  0.0, Max: 0, Diff: 0, Sum: 0, Workers: 4
[2004.819s][debug][gc,phases      ] GC(108)     Total                          Min: 0, Avg: 2519.8, Max: 3743, Diff: 3743, Sum: 10079, Workers: 4
[2004.819s][debug][gc,phases      ] GC(108)   JNI Weak                       Min:  0.0, Avg:  0.0, Max:  0.0, Diff:  0.0, Sum:  0.0, Workers: 4
[2004.819s][debug][gc,phases      ] GC(108)     Dead                           Min: 0, Avg:  0.0, Max: 0, Diff: 0, Sum: 0, Workers: 4
[2004.819s][debug][gc,phases      ] GC(108)     Total                          Min: 0, Avg: 11.2, Max: 45, Diff: 45, Sum: 45, Workers: 4
[2004.819s][debug][gc,phases      ] GC(108)   StringDedup Table Weak         Min:  0.0, Avg:  0.0, Max:  0.0, Diff:  0.0, Sum:  0.0, Workers: 4
[2004.819s][debug][gc,phases      ] GC(108)     Dead                           Min: 0, Avg:  0.0, Max: 0, Diff: 0, Sum: 0, Workers: 4
[2004.819s][debug][gc,phases      ] GC(108)     Total                          Min: 0, Avg:  0.0, Max: 0, Diff: 0, Sum: 0, Workers: 4
[2004.819s][debug][gc,phases      ] GC(108)   StringDedup Requests0 Weak     Min:  0.0, Avg:  0.0, Max:  0.0, Diff:  0.0, Sum:  0.0, Workers: 4
[2004.820s][debug][gc,phases      ] GC(108)     Dead                           Min: 0, Avg:  0.0, Max: 0, Diff: 0, Sum: 0, Workers: 4
[2004.820s][debug][gc,phases      ] GC(108)     Total                          Min: 0, Avg:  0.0, Max: 0, Diff: 0, Sum: 0, Workers: 4
[2004.820s][debug][gc,phases      ] GC(108)   StringDedup Requests1 Weak     Min:  0.0, Avg:  0.0, Max:  0.0, Diff:  0.0, Sum:  0.0, Workers: 4
[2004.820s][debug][gc,phases      ] GC(108)     Dead                           Min: 0, Avg:  0.0, Max: 0, Diff: 0, Sum: 0, Workers: 4
[2004.820s][debug][gc,phases      ] GC(108)     Total                          Min: 0, Avg:  0.0, Max: 0, Diff: 0, Sum: 0, Workers: 4
[2004.820s][debug][gc,phases      ] GC(108)   Weak JFR Old Object Samples    Min:  0.0, Avg:  0.0, Max:  0.0, Diff:  0.0, Sum:  0.0, Workers: 4
[2004.820s][debug][gc,phases      ] GC(108)     Dead                           Min: 0, Avg:  0.0, Max: 0, Diff: 0, Sum: 0, Workers: 4
[2004.820s][debug][gc,phases      ] GC(108)     Total                          Min: 0, Avg:  0.0, Max: 0, Diff: 0, Sum: 0, Workers: 4
[2004.820s][debug][gc,phases      ] GC(108) Weak Processing 0.448ms
[2004.820s][debug][gc,age         ] GC(108) Desired survivor size 163577856 bytes, new threshold 15 (max threshold 15)
[2004.820s][info ][gc,heap        ] GC(108) PSYoungGen: 1785376K(1927168K)->26144K(1937408K) Eden: 1759744K(1759744K)->0K(1773056K) From: 25632K(167424K)->26144K(164352K)
[2004.820s][info ][gc,heap        ] GC(108) ParOldGen: 746688K(804864K)->746784K(804864K)
[2004.820s][info ][gc,metaspace   ] GC(108) Metaspace: 84170K(85248K)->84170K(85248K) NonClass: 72202K(72768K)->72202K(72768K) Class: 11967K(12480K)->11967K(12480K)
[2004.820s][info ][gc             ] GC(108) Pause Young (Allocation Failure) 2472M->754M(2678M) 18.686ms
[2004.820s][info ][gc,cpu         ] GC(108) User=0.05s Sys=0.01s Real=0.02s
[2004.820s][info ][safepoint      ] Safepoint "ParallelGCFailedAllocation", Time since last: 1079145453 ns, Reaching safepoint: 103907 ns, At safepoint: 18777437 ns, Total: 18881344 ns
[2026.821s][info ][safepoint      ] Safepoint "Cleanup", Time since last: 22001474059 ns, Reaching safepoint: 48303 ns, At safepoint: 3500 ns, Total: 51803 ns
[2028.250s][info ][gc,start       ] GC(109) Pause Young (Allocation Failure)
[2028.268s][debug][gc,phases      ] GC(109) Scavenge 18.542ms
[2028.268s][debug][gc,ref         ] GC(109) Skipped phase 1 of Reference Processing: no references
[2028.268s][debug][gc,ref         ] GC(109) ReferenceProcessor::execute queues: 1, RefProcThreadModel::Single, marks_oops_alive: false
[2028.268s][debug][gc,ref         ] GC(109) Skipped phase 3 of Reference Processing: no references
[2028.268s][debug][gc,ref         ] GC(109) ReferenceProcessor::execute queues: 1, RefProcThreadModel::Single, marks_oops_alive: false
[2028.268s][debug][gc,phases      ] GC(109) Reference Processing 0.117ms
[2028.269s][debug][gc,phases      ] GC(109)   VM Weak                        Min:  0.0, Avg:  0.0, Max:  0.0, Diff:  0.0, Sum:  0.0, Workers: 4
[2028.269s][debug][gc,phases      ] GC(109)     Dead                           Min: 0, Avg:  0.0, Max: 0, Diff: 0, Sum: 0, Workers: 4
[2028.269s][debug][gc,phases      ] GC(109)     Total                          Min: 0, Avg: 229.5, Max: 512, Diff: 512, Sum: 918, Workers: 4
[2028.269s][debug][gc,phases      ] GC(109)   ObjectSynchronizer Weak        Min:  0.0, Avg:  0.0, Max:  0.0, Diff:  0.0, Sum:  0.0, Workers: 4
[2028.269s][debug][gc,phases      ] GC(109)     Dead                           Min: 0, Avg:  0.0, Max: 0, Diff: 0, Sum: 0, Workers: 4
[2028.269s][debug][gc,phases      ] GC(109)     Total                          Min: 0, Avg: 25.5, Max: 64, Diff: 64, Sum: 102, Workers: 4
[2028.269s][debug][gc,phases      ] GC(109)   JVMTI Tag Weak OopStorage      Min:  0.0, Avg:  0.0, Max:  0.0, Diff:  0.0, Sum:  0.0, Workers: 4
[2028.269s][debug][gc,phases      ] GC(109)     Dead                           Min: 0, Avg:  0.0, Max: 0, Diff: 0, Sum: 0, Workers: 4
[2028.269s][debug][gc,phases      ] GC(109)     Total                          Min: 0, Avg:  0.0, Max: 0, Diff: 0, Sum: 0, Workers: 4
[2028.269s][debug][gc,phases      ] GC(109)   StringTable Weak               Min:  0.0, Avg:  0.1, Max:  0.1, Diff:  0.1, Sum:  0.4, Workers: 4
[2028.269s][debug][gc,phases      ] GC(109)     Dead                           Min: 0, Avg:  0.0, Max: 0, Diff: 0, Sum: 0, Workers: 4
[2028.269s][debug][gc,phases      ] GC(109)     Total                          Min: 0, Avg: 11010.5, Max: 15552, Diff: 15552, Sum: 44042, Workers: 4
[2028.269s][debug][gc,phases      ] GC(109)   ResolvedMethodTable Weak       Min:  0.0, Avg:  0.0, Max:  0.0, Diff:  0.0, Sum:  0.1, Workers: 4
[2028.269s][debug][gc,phases      ] GC(109)     Dead                           Min: 0, Avg:  0.0, Max: 0, Diff: 0, Sum: 0, Workers: 4
[2028.269s][debug][gc,phases      ] GC(109)     Total                          Min: 0, Avg: 2519.8, Max: 3743, Diff: 3743, Sum: 10079, Workers: 4
[2028.269s][debug][gc,phases      ] GC(109)   JNI Weak                       Min:  0.0, Avg:  0.0, Max:  0.0, Diff:  0.0, Sum:  0.0, Workers: 4
[2028.269s][debug][gc,phases      ] GC(109)     Dead                           Min: 0, Avg:  0.0, Max: 0, Diff: 0, Sum: 0, Workers: 4
[2028.269s][debug][gc,phases      ] GC(109)     Total                          Min: 0, Avg: 11.2, Max: 45, Diff: 45, Sum: 45, Workers: 4
[2028.269s][debug][gc,phases      ] GC(109)   StringDedup Table Weak         Min:  0.0, Avg:  0.0, Max:  0.0, Diff:  0.0, Sum:  0.0, Workers: 4
[2028.269s][debug][gc,phases      ] GC(109)     Dead                           Min: 0, Avg:  0.0, Max: 0, Diff: 0, Sum: 0, Workers: 4
[2028.269s][debug][gc,phases      ] GC(109)     Total                          Min: 0, Avg:  0.0, Max: 0, Diff: 0, Sum: 0, Workers: 4
[2028.269s][debug][gc,phases      ] GC(109)   StringDedup Requests0 Weak     Min:  0.0, Avg:  0.0, Max:  0.0, Diff:  0.0, Sum:  0.0, Workers: 4
[2028.269s][debug][gc,phases      ] GC(109)     Dead                           Min: 0, Avg:  0.0, Max: 0, Diff: 0, Sum: 0, Workers: 4
[2028.269s][debug][gc,phases      ] GC(109)     Total                          Min: 0, Avg:  0.0, Max: 0, Diff: 0, Sum: 0, Workers: 4
[2028.269s][debug][gc,phases      ] GC(109)   StringDedup Requests1 Weak     Min:  0.0, Avg:  0.0, Max:  0.0, Diff:  0.0, Sum:  0.0, Workers: 4
[2028.269s][debug][gc,phases      ] GC(109)     Dead                           Min: 0, Avg:  0.0, Max: 0, Diff: 0, Sum: 0, Workers: 4
[2028.269s][debug][gc,phases      ] GC(109)     Total                          Min: 0, Avg:  0.0, Max: 0, Diff: 0, Sum: 0, Workers: 4
[2028.269s][debug][gc,phases      ] GC(109)   Weak JFR Old Object Samples    Min:  0.0, Avg:  0.0, Max:  0.0, Diff:  0.0, Sum:  0.0, Workers: 4
[2028.269s][debug][gc,phases      ] GC(109)     Dead                           Min: 0, Avg:  0.0, Max: 0, Diff: 0, Sum: 0, Workers: 4
[2028.269s][debug][gc,phases      ] GC(109)     Total                          Min: 0, Avg:  0.0, Max: 0, Diff: 0, Sum: 0, Workers: 4
[2028.269s][debug][gc,phases      ] GC(109) Weak Processing 0.377ms
[2028.269s][debug][gc,age         ] GC(109) Desired survivor size 158859264 bytes, new threshold 15 (max threshold 15)
[2028.269s][info ][gc,heap        ] GC(109) PSYoungGen: 1799200K(1937408K)->26368K(1932800K) Eden: 1773056K(1773056K)->0K(1773056K) From: 26144K(164352K)->26368K(159744K)
[2028.269s][info ][gc,heap        ] GC(109) ParOldGen: 746784K(804864K)->746888K(804864K)
[2028.269s][info ][gc,metaspace   ] GC(109) Metaspace: 84174K(85248K)->84174K(85248K) NonClass: 72206K(72768K)->72206K(72768K) Class: 11967K(12480K)->11967K(12480K)
[2028.269s][info ][gc             ] GC(109) Pause Young (Allocation Failure) 2486M->755M(2673M) 19.182ms
[2028.269s][info ][gc,cpu         ] GC(109) User=0.05s Sys=0.01s Real=0.02s
[2028.269s][info ][safepoint      ] Safepoint "ParallelGCFailedAllocation", Time since last: 1428208372 ns, Reaching safepoint: 109308 ns, At safepoint: 19271462 ns, Total: 19380770 ns
[2037.269s][info ][safepoint      ] Safepoint "Cleanup", Time since last: 9000595665 ns, Reaching safepoint: 36003 ns, At safepoint: 3000 ns, Total: 39003 ns
[2041.270s][info ][safepoint      ] Safepoint "Cleanup", Time since last: 4000253751 ns, Reaching safepoint: 45003 ns, At safepoint: 2900 ns, Total: 47903 ns
[2046.270s][info ][safepoint      ] Safepoint "Cleanup", Time since last: 5000316683 ns, Reaching safepoint: 56604 ns, At safepoint: 3501 ns, Total: 60105 ns
[2050.758s][info ][safepoint      ] Safepoint "Cleanup", Time since last: 4487913067 ns, Reaching safepoint: 132210 ns, At safepoint: 6700 ns, Total: 138910 ns
[2052.758s][info ][safepoint      ] Safepoint "Cleanup", Time since last: 2000114146 ns, Reaching safepoint: 112908 ns, At safepoint: 8401 ns, Total: 121309 ns
[2053.647s][info ][gc,start       ] GC(110) Pause Young (Allocation Failure)
[2053.664s][debug][gc,phases      ] GC(110) Scavenge 17.239ms
[2053.664s][debug][gc,ref         ] GC(110) Skipped phase 1 of Reference Processing: no references
[2053.665s][debug][gc,ref         ] GC(110) ReferenceProcessor::execute queues: 1, RefProcThreadModel::Single, marks_oops_alive: false
[2053.665s][debug][gc,ref         ] GC(110) Skipped phase 3 of Reference Processing: no references
[2053.665s][debug][gc,ref         ] GC(110) ReferenceProcessor::execute queues: 1, RefProcThreadModel::Single, marks_oops_alive: false
[2053.665s][debug][gc,phases      ] GC(110) Reference Processing 0.106ms
[2053.665s][debug][gc,phases      ] GC(110)   VM Weak                        Min:  0.0, Avg:  0.0, Max:  0.0, Diff:  0.0, Sum:  0.0, Workers: 4
[2053.665s][debug][gc,phases      ] GC(110)     Dead                           Min: 0, Avg:  0.0, Max: 0, Diff: 0, Sum: 0, Workers: 4
[2053.665s][debug][gc,phases      ] GC(110)     Total                          Min: 0, Avg: 229.5, Max: 598, Diff: 598, Sum: 918, Workers: 4
[2053.665s][debug][gc,phases      ] GC(110)   ObjectSynchronizer Weak        Min:  0.0, Avg:  0.0, Max:  0.0, Diff:  0.0, Sum:  0.0, Workers: 4
[2053.665s][debug][gc,phases      ] GC(110)     Dead                           Min: 0, Avg:  0.0, Max: 0, Diff: 0, Sum: 0, Workers: 4
[2053.665s][debug][gc,phases      ] GC(110)     Total                          Min: 0, Avg: 25.5, Max: 64, Diff: 64, Sum: 102, Workers: 4
[2053.665s][debug][gc,phases      ] GC(110)   JVMTI Tag Weak OopStorage      Min:  0.0, Avg:  0.0, Max:  0.0, Diff:  0.0, Sum:  0.0, Workers: 4
[2053.665s][debug][gc,phases      ] GC(110)     Dead                           Min: 0, Avg:  0.0, Max: 0, Diff: 0, Sum: 0, Workers: 4
[2053.665s][debug][gc,phases      ] GC(110)     Total                          Min: 0, Avg:  0.0, Max: 0, Diff: 0, Sum: 0, Workers: 4
[2053.665s][debug][gc,phases      ] GC(110)   StringTable Weak               Min:  0.0, Avg:  0.1, Max:  0.1, Diff:  0.1, Sum:  0.4, Workers: 4
[2053.665s][debug][gc,phases      ] GC(110)     Dead                           Min: 0, Avg:  0.0, Max: 0, Diff: 0, Sum: 0, Workers: 4
[2053.665s][debug][gc,phases      ] GC(110)     Total                          Min: 0, Avg: 11010.8, Max: 14976, Diff: 14976, Sum: 44043, Workers: 4
[2053.665s][debug][gc,phases      ] GC(110)   ResolvedMethodTable Weak       Min:  0.0, Avg:  0.0, Max:  0.0, Diff:  0.0, Sum:  0.1, Workers: 4
[2053.665s][debug][gc,phases      ] GC(110)     Dead                           Min: 0, Avg:  0.0, Max: 0, Diff: 0, Sum: 0, Workers: 4
[2053.665s][debug][gc,phases      ] GC(110)     Total                          Min: 0, Avg: 2520.2, Max: 3681, Diff: 3681, Sum: 10081, Workers: 4
[2053.665s][debug][gc,phases      ] GC(110)   JNI Weak                       Min:  0.0, Avg:  0.0, Max:  0.0, Diff:  0.0, Sum:  0.0, Workers: 4
[2053.665s][debug][gc,phases      ] GC(110)     Dead                           Min: 0, Avg:  0.0, Max: 0, Diff: 0, Sum: 0, Workers: 4
[2053.665s][debug][gc,phases      ] GC(110)     Total                          Min: 0, Avg: 11.2, Max: 45, Diff: 45, Sum: 45, Workers: 4
[2053.665s][debug][gc,phases      ] GC(110)   StringDedup Table Weak         Min:  0.0, Avg:  0.0, Max:  0.0, Diff:  0.0, Sum:  0.0, Workers: 4
[2053.665s][debug][gc,phases      ] GC(110)     Dead                           Min: 0, Avg:  0.0, Max: 0, Diff: 0, Sum: 0, Workers: 4
[2053.665s][debug][gc,phases      ] GC(110)     Total                          Min: 0, Avg:  0.0, Max: 0, Diff: 0, Sum: 0, Workers: 4
[2053.665s][debug][gc,phases      ] GC(110)   StringDedup Requests0 Weak     Min:  0.0, Avg:  0.0, Max:  0.0, Diff:  0.0, Sum:  0.0, Workers: 4
[2053.665s][debug][gc,phases      ] GC(110)     Dead                           Min: 0, Avg:  0.0, Max: 0, Diff: 0, Sum: 0, Workers: 4
[2053.665s][debug][gc,phases      ] GC(110)     Total                          Min: 0, Avg:  0.0, Max: 0, Diff: 0, Sum: 0, Workers: 4
[2053.665s][debug][gc,phases      ] GC(110)   StringDedup Requests1 Weak     Min:  0.0, Avg:  0.0, Max:  0.0, Diff:  0.0, Sum:  0.0, Workers: 4
[2053.665s][debug][gc,phases      ] GC(110)     Dead                           Min: 0, Avg:  0.0, Max: 0, Diff: 0, Sum: 0, Workers: 4
[2053.665s][debug][gc,phases      ] GC(110)     Total                          Min: 0, Avg:  0.0, Max: 0, Diff: 0, Sum: 0, Workers: 4
[2053.665s][debug][gc,phases      ] GC(110)   Weak JFR Old Object Samples    Min:  0.0, Avg:  0.0, Max:  0.0, Diff:  0.0, Sum:  0.0, Workers: 4
[2053.665s][debug][gc,phases      ] GC(110)     Dead                           Min: 0, Avg:  0.0, Max: 0, Diff: 0, Sum: 0, Workers: 4
[2053.665s][debug][gc,phases      ] GC(110)     Total                          Min: 0, Avg:  0.0, Max: 0, Diff: 0, Sum: 0, Workers: 4
[2053.665s][debug][gc,phases      ] GC(110) Weak Processing 0.376ms
[2053.665s][debug][gc,age         ] GC(110) Desired survivor size 153616384 bytes, new threshold 15 (max threshold 15)
[2053.665s][info ][gc,heap        ] GC(110) PSYoungGen: 1799424K(1932800K)->26592K(1947136K) Eden: 1773056K(1773056K)->0K(1792000K) From: 26368K(159744K)->26592K(155136K)
[2053.665s][info ][gc,heap        ] GC(110) ParOldGen: 746888K(804864K)->747160K(804864K)
[2053.665s][info ][gc,metaspace   ] GC(110) Metaspace: 84179K(85248K)->84179K(85248K) NonClass: 72211K(72768K)->72211K(72768K) Class: 11968K(12480K)->11968K(12480K)
[2053.665s][info ][gc             ] GC(110) Pause Young (Allocation Failure) 2486M->755M(2687M) 17.856ms
[2053.665s][info ][gc,cpu         ] GC(110) User=0.05s Sys=0.00s Real=0.02s
[2053.665s][info ][safepoint      ] Safepoint "ParallelGCFailedAllocation", Time since last: 888614943 ns, Reaching safepoint: 130209 ns, At safepoint: 17935168 ns, Total: 18065377 ns
[2054.813s][info ][safepoint      ] Safepoint "Cleanup", Time since last: 1147388245 ns, Reaching safepoint: 241917 ns, At safepoint: 5700 ns, Total: 247617 ns
[2055.813s][info ][safepoint      ] Safepoint "Cleanup", Time since last: 1000104530 ns, Reaching safepoint: 120408 ns, At safepoint: 6601 ns, Total: 127009 ns
[2056.813s][info ][safepoint      ] Safepoint "Cleanup", Time since last: 1000105530 ns, Reaching safepoint: 58004 ns, At safepoint: 6900 ns, Total: 64904 ns
[2057.813s][info ][safepoint      ] Safepoint "Cleanup", Time since last: 1000115032 ns, Reaching safepoint: 53204 ns, At safepoint: 3100 ns, Total: 56304 ns
[2072.814s][info ][safepoint      ] Safepoint "Cleanup", Time since last: 15000997723 ns, Reaching safepoint: 52604 ns, At safepoint: 4500 ns, Total: 57104 ns
[2077.751s][info ][gc,start       ] GC(111) Pause Young (Allocation Failure)
[2077.767s][debug][gc,phases      ] GC(111) Scavenge 15.939ms
[2077.767s][debug][gc,ref         ] GC(111) Skipped phase 1 of Reference Processing: no references
[2077.768s][debug][gc,ref         ] GC(111) ReferenceProcessor::execute queues: 1, RefProcThreadModel::Single, marks_oops_alive: false
[2077.768s][debug][gc,ref         ] GC(111) Skipped phase 3 of Reference Processing: no references
[2077.768s][debug][gc,ref         ] GC(111) ReferenceProcessor::execute queues: 1, RefProcThreadModel::Single, marks_oops_alive: false
[2077.768s][debug][gc,phases      ] GC(111) Reference Processing 0.110ms
[2077.768s][debug][gc,phases      ] GC(111)   VM Weak                        Min:  0.0, Avg:  0.0, Max:  0.0, Diff:  0.0, Sum:  0.0, Workers: 4
[2077.768s][debug][gc,phases      ] GC(111)     Dead                           Min: 0, Avg:  0.0, Max: 0, Diff: 0, Sum: 0, Workers: 4
[2077.768s][debug][gc,phases      ] GC(111)     Total                          Min: 0, Avg: 229.5, Max: 598, Diff: 598, Sum: 918, Workers: 4
[2077.768s][debug][gc,phases      ] GC(111)   ObjectSynchronizer Weak        Min:  0.0, Avg:  0.0, Max:  0.0, Diff:  0.0, Sum:  0.0, Workers: 4
[2077.768s][debug][gc,phases      ] GC(111)     Dead                           Min: 0, Avg:  0.0, Max: 0, Diff: 0, Sum: 0, Workers: 4
[2077.768s][debug][gc,phases      ] GC(111)     Total                          Min: 0, Avg: 25.5, Max: 64, Diff: 64, Sum: 102, Workers: 4
[2077.768s][debug][gc,phases      ] GC(111)   JVMTI Tag Weak OopStorage      Min:  0.0, Avg:  0.0, Max:  0.0, Diff:  0.0, Sum:  0.0, Workers: 4
[2077.768s][debug][gc,phases      ] GC(111)     Dead                           Min: 0, Avg:  0.0, Max: 0, Diff: 0, Sum: 0, Workers: 4
[2077.768s][debug][gc,phases      ] GC(111)     Total                          Min: 0, Avg:  0.0, Max: 0, Diff: 0, Sum: 0, Workers: 4
[2077.768s][debug][gc,phases      ] GC(111)   StringTable Weak               Min:  0.1, Avg:  0.2, Max:  0.2, Diff:  0.0, Sum:  0.6, Workers: 4
[2077.768s][debug][gc,phases      ] GC(111)     Dead                           Min: 0, Avg:  0.0, Max: 0, Diff: 0, Sum: 0, Workers: 4
[2077.768s][debug][gc,phases      ] GC(111)     Total                          Min: 6480, Avg: 11012.0, Max: 14976, Diff: 8496, Sum: 44048, Workers: 4
[2077.768s][debug][gc,phases      ] GC(111)   ResolvedMethodTable Weak       Min:  0.0, Avg:  0.0, Max:  0.0, Diff:  0.0, Sum:  0.1, Workers: 4
[2077.768s][debug][gc,phases      ] GC(111)     Dead                           Min: 0, Avg:  0.0, Max: 0, Diff: 0, Sum: 0, Workers: 4
[2077.768s][debug][gc,phases      ] GC(111)     Total                          Min: 2432, Avg: 2520.8, Max: 2595, Diff: 163, Sum: 10083, Workers: 4
[2077.768s][debug][gc,phases      ] GC(111)   JNI Weak                       Min:  0.0, Avg:  0.0, Max:  0.0, Diff:  0.0, Sum:  0.0, Workers: 4
[2077.768s][debug][gc,phases      ] GC(111)     Dead                           Min: 0, Avg:  0.0, Max: 0, Diff: 0, Sum: 0, Workers: 4
[2077.768s][debug][gc,phases      ] GC(111)     Total                          Min: 0, Avg: 11.2, Max: 45, Diff: 45, Sum: 45, Workers: 4
[2077.768s][debug][gc,phases      ] GC(111)   StringDedup Table Weak         Min:  0.0, Avg:  0.0, Max:  0.0, Diff:  0.0, Sum:  0.0, Workers: 4
[2077.768s][debug][gc,phases      ] GC(111)     Dead                           Min: 0, Avg:  0.0, Max: 0, Diff: 0, Sum: 0, Workers: 4
[2077.768s][debug][gc,phases      ] GC(111)     Total                          Min: 0, Avg:  0.0, Max: 0, Diff: 0, Sum: 0, Workers: 4
[2077.768s][debug][gc,phases      ] GC(111)   StringDedup Requests0 Weak     Min:  0.0, Avg:  0.0, Max:  0.0, Diff:  0.0, Sum:  0.0, Workers: 4
[2077.768s][debug][gc,phases      ] GC(111)     Dead                           Min: 0, Avg:  0.0, Max: 0, Diff: 0, Sum: 0, Workers: 4
[2077.768s][debug][gc,phases      ] GC(111)     Total                          Min: 0, Avg:  0.0, Max: 0, Diff: 0, Sum: 0, Workers: 4
[2077.768s][debug][gc,phases      ] GC(111)   StringDedup Requests1 Weak     Min:  0.0, Avg:  0.0, Max:  0.0, Diff:  0.0, Sum:  0.0, Workers: 4
[2077.768s][debug][gc,phases      ] GC(111)     Dead                           Min: 0, Avg:  0.0, Max: 0, Diff: 0, Sum: 0, Workers: 4
[2077.768s][debug][gc,phases      ] GC(111)     Total                          Min: 0, Avg:  0.0, Max: 0, Diff: 0, Sum: 0, Workers: 4
[2077.768s][debug][gc,phases      ] GC(111)   Weak JFR Old Object Samples    Min:  0.0, Avg:  0.0, Max:  0.0, Diff:  0.0, Sum:  0.0, Workers: 4
[2077.768s][debug][gc,phases      ] GC(111)     Dead                           Min: 0, Avg:  0.0, Max: 0, Diff: 0, Sum: 0, Workers: 4
[2077.768s][debug][gc,phases      ] GC(111)     Total                          Min: 0, Avg:  0.0, Max: 0, Diff: 0, Sum: 0, Workers: 4
[2077.768s][debug][gc,phases      ] GC(111) Weak Processing 0.390ms
[2077.768s][debug][gc,age         ] GC(111) Desired survivor size 151519232 bytes, new threshold 15 (max threshold 15)
[2077.768s][info ][gc,heap        ] GC(111) PSYoungGen: 1818592K(1947136K)->7296K(1942016K) Eden: 1792000K(1792000K)->0K(1792000K) From: 26592K(155136K)->7296K(150016K)
[2077.768s][info ][gc,heap        ] GC(111) ParOldGen: 747160K(804864K)->767728K(804864K)
[2077.768s][info ][gc,metaspace   ] GC(111) Metaspace: 84188K(85312K)->84188K(85312K) NonClass: 72218K(72832K)->72218K(72832K) Class: 11970K(12480K)->11970K(12480K)
[2077.768s][info ][gc             ] GC(111) Pause Young (Allocation Failure) 2505M->756M(2682M) 16.580ms
[2077.768s][info ][gc,cpu         ] GC(111) User=0.05s Sys=0.00s Real=0.01s
[2077.768s][info ][safepoint      ] Safepoint "ParallelGCFailedAllocation", Time since last: 4937002536 ns, Reaching safepoint: 97707 ns, At safepoint: 16658378 ns, Total: 16756085 ns
[2083.769s][info ][safepoint      ] Safepoint "Cleanup", Time since last: 6000430787 ns, Reaching safepoint: 38402 ns, At safepoint: 6201 ns, Total: 44603 ns
[2085.769s][info ][safepoint      ] Safepoint "Cleanup", Time since last: 2000179904 ns, Reaching safepoint: 43804 ns, At safepoint: 4300 ns, Total: 48104 ns
[2095.769s][info ][safepoint      ] Safepoint "Cleanup", Time since last: 10000657952 ns, Reaching safepoint: 56904 ns, At safepoint: 2601 ns, Total: 59505 ns
[2099.770s][info ][safepoint      ] Safepoint "Cleanup", Time since last: 4000303245 ns, Reaching safepoint: 87606 ns, At safepoint: 4201 ns, Total: 91807 ns
[2100.106s][info ][gc,start       ] GC(112) Pause Young (Allocation Failure)
[2100.116s][debug][gc,phases      ] GC(112) Scavenge 10.035ms
[2100.116s][debug][gc,ref         ] GC(112) Skipped phase 1 of Reference Processing: no references
[2100.116s][debug][gc,ref         ] GC(112) ReferenceProcessor::execute queues: 1, RefProcThreadModel::Single, marks_oops_alive: false
[2100.116s][debug][gc,ref         ] GC(112) Skipped phase 3 of Reference Processing: no references
[2100.116s][debug][gc,ref         ] GC(112) ReferenceProcessor::execute queues: 1, RefProcThreadModel::Single, marks_oops_alive: false
[2100.116s][debug][gc,phases      ] GC(112) Reference Processing 0.094ms
[2100.116s][debug][gc,phases      ] GC(112)   VM Weak                        Min:  0.0, Avg:  0.0, Max:  0.0, Diff:  0.0, Sum:  0.0, Workers: 4
[2100.116s][debug][gc,phases      ] GC(112)     Dead                           Min: 0, Avg:  0.0, Max: 0, Diff: 0, Sum: 0, Workers: 4
[2100.116s][debug][gc,phases      ] GC(112)     Total                          Min: 0, Avg: 229.5, Max: 534, Diff: 534, Sum: 918, Workers: 4
[2100.116s][debug][gc,phases      ] GC(112)   ObjectSynchronizer Weak        Min:  0.0, Avg:  0.0, Max:  0.0, Diff:  0.0, Sum:  0.0, Workers: 4
[2100.116s][debug][gc,phases      ] GC(112)     Dead                           Min: 0, Avg:  0.0, Max: 0, Diff: 0, Sum: 0, Workers: 4
[2100.116s][debug][gc,phases      ] GC(112)     Total                          Min: 0, Avg: 25.5, Max: 64, Diff: 64, Sum: 102, Workers: 4
[2100.116s][debug][gc,phases      ] GC(112)   JVMTI Tag Weak OopStorage      Min:  0.0, Avg:  0.0, Max:  0.0, Diff:  0.0, Sum:  0.0, Workers: 4
[2100.116s][debug][gc,phases      ] GC(112)     Dead                           Min: 0, Avg:  0.0, Max: 0, Diff: 0, Sum: 0, Workers: 4
[2100.116s][debug][gc,phases      ] GC(112)     Total                          Min: 0, Avg:  0.0, Max: 0, Diff: 0, Sum: 0, Workers: 4
[2100.116s][debug][gc,phases      ] GC(112)   StringTable Weak               Min:  0.0, Avg:  0.1, Max:  0.1, Diff:  0.1, Sum:  0.4, Workers: 4
[2100.116s][debug][gc,phases      ] GC(112)     Dead                           Min: 0, Avg:  0.0, Max: 0, Diff: 0, Sum: 0, Workers: 4
[2100.116s][debug][gc,phases      ] GC(112)     Total                          Min: 0, Avg: 11012.0, Max: 15616, Diff: 15616, Sum: 44048, Workers: 4
[2100.116s][debug][gc,phases      ] GC(112)   ResolvedMethodTable Weak       Min:  0.0, Avg:  0.0, Max:  0.0, Diff:  0.0, Sum:  0.1, Workers: 4
[2100.116s][debug][gc,phases      ] GC(112)     Dead                           Min: 0, Avg:  0.0, Max: 0, Diff: 0, Sum: 0, Workers: 4
[2100.116s][debug][gc,phases      ] GC(112)     Total                          Min: 0, Avg: 2520.8, Max: 3520, Diff: 3520, Sum: 10083, Workers: 4
[2100.116s][debug][gc,phases      ] GC(112)   JNI Weak                       Min:  0.0, Avg:  0.0, Max:  0.0, Diff:  0.0, Sum:  0.0, Workers: 4
[2100.116s][debug][gc,phases      ] GC(112)     Dead                           Min: 0, Avg:  0.0, Max: 0, Diff: 0, Sum: 0, Workers: 4
[2100.116s][debug][gc,phases      ] GC(112)     Total                          Min: 0, Avg: 11.2, Max: 45, Diff: 45, Sum: 45, Workers: 4
[2100.116s][debug][gc,phases      ] GC(112)   StringDedup Table Weak         Min:  0.0, Avg:  0.0, Max:  0.0, Diff:  0.0, Sum:  0.0, Workers: 4
[2100.116s][debug][gc,phases      ] GC(112)     Dead                           Min: 0, Avg:  0.0, Max: 0, Diff: 0, Sum: 0, Workers: 4
[2100.116s][debug][gc,phases      ] GC(112)     Total                          Min: 0, Avg:  0.0, Max: 0, Diff: 0, Sum: 0, Workers: 4
[2100.116s][debug][gc,phases      ] GC(112)   StringDedup Requests0 Weak     Min:  0.0, Avg:  0.0, Max:  0.0, Diff:  0.0, Sum:  0.0, Workers: 4
[2100.116s][debug][gc,phases      ] GC(112)     Dead                           Min: 0, Avg:  0.0, Max: 0, Diff: 0, Sum: 0, Workers: 4
[2100.116s][debug][gc,phases      ] GC(112)     Total                          Min: 0, Avg:  0.0, Max: 0, Diff: 0, Sum: 0, Workers: 4
[2100.116s][debug][gc,phases      ] GC(112)   StringDedup Requests1 Weak     Min:  0.0, Avg:  0.0, Max:  0.0, Diff:  0.0, Sum:  0.0, Workers: 4
[2100.116s][debug][gc,phases      ] GC(112)     Dead                           Min: 0, Avg:  0.0, Max: 0, Diff: 0, Sum: 0, Workers: 4
[2100.116s][debug][gc,phases      ] GC(112)     Total                          Min: 0, Avg:  0.0, Max: 0, Diff: 0, Sum: 0, Workers: 4
[2100.116s][debug][gc,phases      ] GC(112)   Weak JFR Old Object Samples    Min:  0.0, Avg:  0.0, Max:  0.0, Diff:  0.0, Sum:  0.0, Workers: 4
[2100.116s][debug][gc,phases      ] GC(112)     Dead                           Min: 0, Avg:  0.0, Max: 0, Diff: 0, Sum: 0, Workers: 4
[2100.116s][debug][gc,phases      ] GC(112)     Total                          Min: 0, Avg:  0.0, Max: 0, Diff: 0, Sum: 0, Workers: 4
[2100.116s][debug][gc,phases      ] GC(112) Weak Processing 0.376ms
[2100.116s][debug][gc,age         ] GC(112) Desired survivor size 148373504 bytes, new threshold 15 (max threshold 15)
[2100.116s][info ][gc,heap        ] GC(112) PSYoungGen: 1799296K(1942016K)->6848K(1952256K) Eden: 1792000K(1792000K)->0K(1804288K) From: 7296K(150016K)->6848K(147968K)
[2100.116s][info ][gc,heap        ] GC(112) ParOldGen: 767728K(804864K)->767828K(804864K)
[2100.116s][info ][gc,metaspace   ] GC(112) Metaspace: 84191K(85312K)->84191K(85312K) NonClass: 72221K(72832K)->72221K(72832K) Class: 11970K(12480K)->11970K(12480K)
[2100.116s][info ][gc             ] GC(112) Pause Young (Allocation Failure) 2506M->756M(2692M) 10.646ms
[2100.116s][info ][gc,cpu         ] GC(112) User=0.03s Sys=0.00s Real=0.01s
[2100.116s][info ][safepoint      ] Safepoint "ParallelGCFailedAllocation", Time since last: 335602046 ns, Reaching safepoint: 48604 ns, At safepoint: 10731759 ns, Total: 10780363 ns
[2103.117s][info ][safepoint      ] Safepoint "Cleanup", Time since last: 3000192691 ns, Reaching safepoint: 112108 ns, At safepoint: 8100 ns, Total: 120208 ns
[2106.117s][info ][safepoint      ] Safepoint "Cleanup", Time since last: 3000232601 ns, Reaching safepoint: 51703 ns, At safepoint: 4301 ns, Total: 56004 ns
[2108.117s][info ][safepoint      ] Safepoint "Cleanup", Time since last: 2000177638 ns, Reaching safepoint: 47204 ns, At safepoint: 4200 ns, Total: 51404 ns
[2110.117s][info ][safepoint      ] Safepoint "Cleanup", Time since last: 2000175542 ns, Reaching safepoint: 49003 ns, At safepoint: 3201 ns, Total: 52204 ns
[2113.118s][info ][safepoint      ] Safepoint "Cleanup", Time since last: 3000242717 ns, Reaching safepoint: 54503 ns, At safepoint: 3201 ns, Total: 57704 ns
[2118.118s][info ][safepoint      ] Safepoint "Cleanup", Time since last: 5000375774 ns, Reaching safepoint: 57504 ns, At safepoint: 26002 ns, Total: 83506 ns
[2120.118s][info ][safepoint      ] Safepoint "Cleanup", Time since last: 2000159756 ns, Reaching safepoint: 55504 ns, At safepoint: 2800 ns, Total: 58304 ns
[2123.119s][info ][safepoint      ] Safepoint "Cleanup", Time since last: 3000216537 ns, Reaching safepoint: 50804 ns, At safepoint: 11001 ns, Total: 61805 ns
[2124.010s][info ][gc,start       ] GC(113) Pause Young (Allocation Failure)
[2124.017s][debug][gc,phases      ] GC(113) Scavenge 7.114ms
[2124.017s][debug][gc,ref         ] GC(113) Skipped phase 1 of Reference Processing: no references
[2124.018s][debug][gc,ref         ] GC(113) ReferenceProcessor::execute queues: 1, RefProcThreadModel::Single, marks_oops_alive: false
[2124.018s][debug][gc,ref         ] GC(113) Skipped phase 3 of Reference Processing: no references
[2124.018s][debug][gc,ref         ] GC(113) ReferenceProcessor::execute queues: 1, RefProcThreadModel::Single, marks_oops_alive: false
[2124.018s][debug][gc,phases      ] GC(113) Reference Processing 0.095ms
[2124.018s][debug][gc,phases      ] GC(113)   VM Weak                        Min:  0.0, Avg:  0.0, Max:  0.0, Diff:  0.0, Sum:  0.0, Workers: 4
[2124.018s][debug][gc,phases      ] GC(113)     Dead                           Min: 0, Avg:  0.0, Max: 0, Diff: 0, Sum: 0, Workers: 4
[2124.018s][debug][gc,phases      ] GC(113)     Total                          Min: 0, Avg: 229.5, Max: 832, Diff: 832, Sum: 918, Workers: 4
[2124.018s][debug][gc,phases      ] GC(113)   ObjectSynchronizer Weak        Min:  0.0, Avg:  0.0, Max:  0.0, Diff:  0.0, Sum:  0.0, Workers: 4
[2124.018s][debug][gc,phases      ] GC(113)     Dead                           Min: 0, Avg:  0.0, Max: 0, Diff: 0, Sum: 0, Workers: 4
[2124.018s][debug][gc,phases      ] GC(113)     Total                          Min: 0, Avg: 25.5, Max: 64, Diff: 64, Sum: 102, Workers: 4
[2124.018s][debug][gc,phases      ] GC(113)   JVMTI Tag Weak OopStorage      Min:  0.0, Avg:  0.0, Max:  0.0, Diff:  0.0, Sum:  0.0, Workers: 4
[2124.018s][debug][gc,phases      ] GC(113)     Dead                           Min: 0, Avg:  0.0, Max: 0, Diff: 0, Sum: 0, Workers: 4
[2124.018s][debug][gc,phases      ] GC(113)     Total                          Min: 0, Avg:  0.0, Max: 0, Diff: 0, Sum: 0, Workers: 4
[2124.018s][debug][gc,phases      ] GC(113)   StringTable Weak               Min:  0.0, Avg:  0.1, Max:  0.1, Diff:  0.1, Sum:  0.4, Workers: 4
[2124.018s][debug][gc,phases      ] GC(113)     Dead                           Min: 0, Avg:  0.0, Max: 0, Diff: 0, Sum: 0, Workers: 4
[2124.018s][debug][gc,phases      ] GC(113)     Total                          Min: 0, Avg: 11012.0, Max: 15504, Diff: 15504, Sum: 44048, Workers: 4
[2124.018s][debug][gc,phases      ] GC(113)   ResolvedMethodTable Weak       Min:  0.0, Avg:  0.0, Max:  0.0, Diff:  0.0, Sum:  0.1, Workers: 4
[2124.018s][debug][gc,phases      ] GC(113)     Dead                           Min: 0, Avg:  0.0, Max: 0, Diff: 0, Sum: 0, Workers: 4
[2124.018s][debug][gc,phases      ] GC(113)     Total                          Min: 0, Avg: 2520.8, Max: 3456, Diff: 3456, Sum: 10083, Workers: 4
[2124.018s][debug][gc,phases      ] GC(113)   JNI Weak                       Min:  0.0, Avg:  0.0, Max:  0.0, Diff:  0.0, Sum:  0.0, Workers: 4
[2124.018s][debug][gc,phases      ] GC(113)     Dead                           Min: 0, Avg:  0.0, Max: 0, Diff: 0, Sum: 0, Workers: 4
[2124.018s][debug][gc,phases      ] GC(113)     Total                          Min: 0, Avg: 11.2, Max: 45, Diff: 45, Sum: 45, Workers: 4
[2124.018s][debug][gc,phases      ] GC(113)   StringDedup Table Weak         Min:  0.0, Avg:  0.0, Max:  0.0, Diff:  0.0, Sum:  0.0, Workers: 4
[2124.018s][debug][gc,phases      ] GC(113)     Dead                           Min: 0, Avg:  0.0, Max: 0, Diff: 0, Sum: 0, Workers: 4
[2124.018s][debug][gc,phases      ] GC(113)     Total                          Min: 0, Avg:  0.0, Max: 0, Diff: 0, Sum: 0, Workers: 4
[2124.018s][debug][gc,phases      ] GC(113)   StringDedup Requests0 Weak     Min:  0.0, Avg:  0.0, Max:  0.0, Diff:  0.0, Sum:  0.0, Workers: 4
[2124.018s][debug][gc,phases      ] GC(113)     Dead                           Min: 0, Avg:  0.0, Max: 0, Diff: 0, Sum: 0, Workers: 4
[2124.018s][debug][gc,phases      ] GC(113)     Total                          Min: 0, Avg:  0.0, Max: 0, Diff: 0, Sum: 0, Workers: 4
[2124.018s][debug][gc,phases      ] GC(113)   StringDedup Requests1 Weak     Min:  0.0, Avg:  0.0, Max:  0.0, Diff:  0.0, Sum:  0.0, Workers: 4
[2124.018s][debug][gc,phases      ] GC(113)     Dead                           Min: 0, Avg:  0.0, Max: 0, Diff: 0, Sum: 0, Workers: 4
[2124.018s][debug][gc,phases      ] GC(113)     Total                          Min: 0, Avg:  0.0, Max: 0, Diff: 0, Sum: 0, Workers: 4
[2124.018s][debug][gc,phases      ] GC(113)   Weak JFR Old Object Samples    Min:  0.0, Avg:  0.0, Max:  0.0, Diff:  0.0, Sum:  0.0, Workers: 4
[2124.018s][debug][gc,phases      ] GC(113)     Dead                           Min: 0, Avg:  0.0, Max: 0, Diff: 0, Sum: 0, Workers: 4
[2124.018s][debug][gc,phases      ] GC(113)     Total                          Min: 0, Avg:  0.0, Max: 0, Diff: 0, Sum: 0, Workers: 4
[2124.018s][debug][gc,phases      ] GC(113) Weak Processing 0.369ms
[2124.018s][debug][gc,age         ] GC(113) Desired survivor size 144703488 bytes, new threshold 15 (max threshold 15)
[2124.018s][info ][gc,heap        ] GC(113) PSYoungGen: 1811136K(1952256K)->6688K(1949184K) Eden: 1804288K(1804288K)->0K(1804288K) From: 6848K(147968K)->6688K(144896K)
[2124.018s][info ][gc,heap        ] GC(113) ParOldGen: 767828K(804864K)->767980K(804864K)
[2124.018s][info ][gc,metaspace   ] GC(113) Metaspace: 84199K(85312K)->84199K(85312K) NonClass: 72229K(72832K)->72229K(72832K) Class: 11970K(12480K)->11970K(12480K)
[2124.018s][info ][gc             ] GC(113) Pause Young (Allocation Failure) 2518M->756M(2689M) 7.705ms
[2124.018s][info ][gc,cpu         ] GC(113) User=0.03s Sys=0.00s Real=0.00s
[2124.018s][info ][safepoint      ] Safepoint "ParallelGCFailedAllocation", Time since last: 891624805 ns, Reaching safepoint: 45703 ns, At safepoint: 7785551 ns, Total: 7831254 ns
[2125.018s][info ][safepoint      ] Safepoint "Cleanup", Time since last: 1000082982 ns, Reaching safepoint: 43203 ns, At safepoint: 3100 ns, Total: 46303 ns
[2126.018s][info ][safepoint      ] Safepoint "Cleanup", Time since last: 1000125586 ns, Reaching safepoint: 30902 ns, At safepoint: 3401 ns, Total: 34303 ns
[2128.019s][info ][safepoint      ] Safepoint "Cleanup", Time since last: 2000171268 ns, Reaching safepoint: 34602 ns, At safepoint: 5801 ns, Total: 40403 ns
[2133.019s][info ][safepoint      ] Safepoint "Cleanup", Time since last: 5000368828 ns, Reaching safepoint: 35603 ns, At safepoint: 3600 ns, Total: 39203 ns
[2136.019s][info ][safepoint      ] Safepoint "Cleanup", Time since last: 3000238867 ns, Reaching safepoint: 37903 ns, At safepoint: 2700 ns, Total: 40603 ns
[2139.020s][info ][safepoint      ] Safepoint "Cleanup", Time since last: 3000248474 ns, Reaching safepoint: 46004 ns, At safepoint: 6700 ns, Total: 52704 ns
[2144.020s][info ][safepoint      ] Safepoint "Cleanup", Time since last: 5000388570 ns, Reaching safepoint: 26001 ns, At safepoint: 3301 ns, Total: 29302 ns
[2145.020s][info ][safepoint      ] Safepoint "Cleanup", Time since last: 1000127599 ns, Reaching safepoint: 55304 ns, At safepoint: 4000 ns, Total: 59304 ns
[2148.020s][info ][safepoint      ] Safepoint "Cleanup", Time since last: 3000195590 ns, Reaching safepoint: 63705 ns, At safepoint: 7400 ns, Total: 71105 ns
[2149.021s][info ][safepoint      ] Safepoint "Cleanup", Time since last: 1000116902 ns, Reaching safepoint: 43103 ns, At safepoint: 7700 ns, Total: 50803 ns
[2149.204s][info ][gc,start       ] GC(114) Pause Young (Allocation Failure)
[2149.215s][debug][gc,phases      ] GC(114) Scavenge 10.619ms
[2149.215s][debug][gc,ref         ] GC(114) Skipped phase 1 of Reference Processing: no references
[2149.215s][debug][gc,ref         ] GC(114) ReferenceProcessor::execute queues: 1, RefProcThreadModel::Single, marks_oops_alive: false
[2149.215s][debug][gc,ref         ] GC(114) Skipped phase 3 of Reference Processing: no references
[2149.215s][debug][gc,ref         ] GC(114) ReferenceProcessor::execute queues: 1, RefProcThreadModel::Single, marks_oops_alive: false
[2149.215s][debug][gc,phases      ] GC(114) Reference Processing 0.104ms
[2149.215s][debug][gc,phases      ] GC(114)   VM Weak                        Min:  0.0, Avg:  0.0, Max:  0.0, Diff:  0.0, Sum:  0.0, Workers: 4
[2149.215s][debug][gc,phases      ] GC(114)     Dead                           Min: 0, Avg:  0.0, Max: 0, Diff: 0, Sum: 0, Workers: 4
[2149.215s][debug][gc,phases      ] GC(114)     Total                          Min: 0, Avg: 229.5, Max: 512, Diff: 512, Sum: 918, Workers: 4
[2149.215s][debug][gc,phases      ] GC(114)   ObjectSynchronizer Weak        Min:  0.0, Avg:  0.0, Max:  0.0, Diff:  0.0, Sum:  0.0, Workers: 4
[2149.215s][debug][gc,phases      ] GC(114)     Dead                           Min: 0, Avg:  0.0, Max: 0, Diff: 0, Sum: 0, Workers: 4
[2149.215s][debug][gc,phases      ] GC(114)     Total                          Min: 0, Avg: 25.5, Max: 64, Diff: 64, Sum: 102, Workers: 4
[2149.215s][debug][gc,phases      ] GC(114)   JVMTI Tag Weak OopStorage      Min:  0.0, Avg:  0.0, Max:  0.0, Diff:  0.0, Sum:  0.0, Workers: 4
[2149.215s][debug][gc,phases      ] GC(114)     Dead                           Min: 0, Avg:  0.0, Max: 0, Diff: 0, Sum: 0, Workers: 4
[2149.215s][debug][gc,phases      ] GC(114)     Total                          Min: 0, Avg:  0.0, Max: 0, Diff: 0, Sum: 0, Workers: 4
[2149.215s][debug][gc,phases      ] GC(114)   StringTable Weak               Min:  0.0, Avg:  0.1, Max:  0.1, Diff:  0.1, Sum:  0.4, Workers: 4
[2149.215s][debug][gc,phases      ] GC(114)     Dead                           Min: 0, Avg:  0.0, Max: 0, Diff: 0, Sum: 0, Workers: 4
[2149.215s][debug][gc,phases      ] GC(114)     Total                          Min: 0, Avg: 11012.0, Max: 15104, Diff: 15104, Sum: 44048, Workers: 4
[2149.215s][debug][gc,phases      ] GC(114)   ResolvedMethodTable Weak       Min:  0.0, Avg:  0.0, Max:  0.0, Diff:  0.0, Sum:  0.1, Workers: 4
[2149.215s][debug][gc,phases      ] GC(114)     Dead                           Min: 0, Avg:  0.0, Max: 0, Diff: 0, Sum: 0, Workers: 4
[2149.215s][debug][gc,phases      ] GC(114)     Total                          Min: 0, Avg: 2520.8, Max: 3712, Diff: 3712, Sum: 10083, Workers: 4
[2149.215s][debug][gc,phases      ] GC(114)   JNI Weak                       Min:  0.0, Avg:  0.0, Max:  0.0, Diff:  0.0, Sum:  0.0, Workers: 4
[2149.215s][debug][gc,phases      ] GC(114)     Dead                           Min: 0, Avg:  0.0, Max: 0, Diff: 0, Sum: 0, Workers: 4
[2149.215s][debug][gc,phases      ] GC(114)     Total                          Min: 0, Avg: 11.2, Max: 45, Diff: 45, Sum: 45, Workers: 4
[2149.215s][debug][gc,phases      ] GC(114)   StringDedup Table Weak         Min:  0.0, Avg:  0.0, Max:  0.0, Diff:  0.0, Sum:  0.0, Workers: 4
[2149.215s][debug][gc,phases      ] GC(114)     Dead                           Min: 0, Avg:  0.0, Max: 0, Diff: 0, Sum: 0, Workers: 4
[2149.215s][debug][gc,phases      ] GC(114)     Total                          Min: 0, Avg:  0.0, Max: 0, Diff: 0, Sum: 0, Workers: 4
[2149.215s][debug][gc,phases      ] GC(114)   StringDedup Requests0 Weak     Min:  0.0, Avg:  0.0, Max:  0.0, Diff:  0.0, Sum:  0.0, Workers: 4
[2149.215s][debug][gc,phases      ] GC(114)     Dead                           Min: 0, Avg:  0.0, Max: 0, Diff: 0, Sum: 0, Workers: 4
[2149.215s][debug][gc,phases      ] GC(114)     Total                          Min: 0, Avg:  0.0, Max: 0, Diff: 0, Sum: 0, Workers: 4
[2149.215s][debug][gc,phases      ] GC(114)   StringDedup Requests1 Weak     Min:  0.0, Avg:  0.0, Max:  0.0, Diff:  0.0, Sum:  0.0, Workers: 4
[2149.215s][debug][gc,phases      ] GC(114)     Dead                           Min: 0, Avg:  0.0, Max: 0, Diff: 0, Sum: 0, Workers: 4
[2149.215s][debug][gc,phases      ] GC(114)     Total                          Min: 0, Avg:  0.0, Max: 0, Diff: 0, Sum: 0, Workers: 4
[2149.215s][debug][gc,phases      ] GC(114)   Weak JFR Old Object Samples    Min:  0.0, Avg:  0.0, Max:  0.0, Diff:  0.0, Sum:  0.0, Workers: 4
[2149.215s][debug][gc,phases      ] GC(114)     Dead                           Min: 0, Avg:  0.0, Max: 0, Diff: 0, Sum: 0, Workers: 4
[2149.215s][debug][gc,phases      ] GC(114)     Total                          Min: 0, Avg:  0.0, Max: 0, Diff: 0, Sum: 0, Workers: 4
[2149.215s][debug][gc,phases      ] GC(114) Weak Processing 0.369ms
[2149.215s][debug][gc,age         ] GC(114) Desired survivor size 139984896 bytes, new threshold 15 (max threshold 15)
[2149.215s][info ][gc,heap        ] GC(114) PSYoungGen: 1810976K(1949184K)->6336K(1960448K) Eden: 1804288K(1804288K)->0K(1819136K) From: 6688K(144896K)->6336K(141312K)
[2149.215s][info ][gc,heap        ] GC(114) ParOldGen: 767980K(804864K)->768048K(804864K)
[2149.215s][info ][gc,metaspace   ] GC(114) Metaspace: 84208K(85312K)->84208K(85312K) NonClass: 72238K(72832K)->72238K(72832K) Class: 11970K(12480K)->11970K(12480K)
[2149.215s][info ][gc             ] GC(114) Pause Young (Allocation Failure) 2518M->756M(2700M) 11.230ms
[2149.215s][info ][gc,cpu         ] GC(114) User=0.03s Sys=0.00s Real=0.01s
[2149.215s][info ][safepoint      ] Safepoint "ParallelGCFailedAllocation", Time since last: 183480890 ns, Reaching safepoint: 43003 ns, At safepoint: 11302200 ns, Total: 11345203 ns
[2153.216s][info ][safepoint      ] Safepoint "Cleanup", Time since last: 4000284901 ns, Reaching safepoint: 49103 ns, At safepoint: 8801 ns, Total: 57904 ns
[2156.216s][info ][safepoint      ] Safepoint "Cleanup", Time since last: 3000245610 ns, Reaching safepoint: 49004 ns, At safepoint: 4500 ns, Total: 53504 ns
[2157.216s][info ][safepoint      ] Safepoint "Cleanup", Time since last: 1000131208 ns, Reaching safepoint: 36003 ns, At safepoint: 3500 ns, Total: 39503 ns
[2159.216s][info ][safepoint      ] Safepoint "Cleanup", Time since last: 2000152011 ns, Reaching safepoint: 27602 ns, At safepoint: 3400 ns, Total: 31002 ns
[2161.217s][info ][safepoint      ] Safepoint "Cleanup", Time since last: 2000175215 ns, Reaching safepoint: 53004 ns, At safepoint: 3200 ns, Total: 56204 ns
[2169.217s][info ][safepoint      ] Safepoint "Cleanup", Time since last: 8000454171 ns, Reaching safepoint: 47903 ns, At safepoint: 4500 ns, Total: 52403 ns
[2171.217s][info ][safepoint      ] Safepoint "Cleanup", Time since last: 2000168929 ns, Reaching safepoint: 58604 ns, At safepoint: 3800 ns, Total: 62404 ns
[2173.218s][info ][safepoint      ] Safepoint "Cleanup", Time since last: 2000152330 ns, Reaching safepoint: 58504 ns, At safepoint: 3500 ns, Total: 62004 ns
[2175.048s][info ][safepoint      ] Safepoint "Cleanup", Time since last: 1829958281 ns, Reaching safepoint: 120309 ns, At safepoint: 14101 ns, Total: 134410 ns
[2177.309s][info ][gc,start       ] GC(115) Pause Young (Allocation Failure)
[2177.321s][debug][gc,phases      ] GC(115) Scavenge 11.696ms
[2177.321s][debug][gc,ref         ] GC(115) Skipped phase 1 of Reference Processing: no references
[2177.321s][debug][gc,ref         ] GC(115) ReferenceProcessor::execute queues: 1, RefProcThreadModel::Single, marks_oops_alive: false
[2177.321s][debug][gc,ref         ] GC(115) Skipped phase 3 of Reference Processing: no references
[2177.321s][debug][gc,ref         ] GC(115) ReferenceProcessor::execute queues: 1, RefProcThreadModel::Single, marks_oops_alive: false
[2177.321s][debug][gc,phases      ] GC(115) Reference Processing 0.094ms
[2177.321s][debug][gc,phases      ] GC(115)   VM Weak                        Min:  0.0, Avg:  0.0, Max:  0.0, Diff:  0.0, Sum:  0.0, Workers: 4
[2177.321s][debug][gc,phases      ] GC(115)     Dead                           Min: 0, Avg:  0.0, Max: 0, Diff: 0, Sum: 0, Workers: 4
[2177.321s][debug][gc,phases      ] GC(115)     Total                          Min: 0, Avg: 229.5, Max: 598, Diff: 598, Sum: 918, Workers: 4
[2177.321s][debug][gc,phases      ] GC(115)   ObjectSynchronizer Weak        Min:  0.0, Avg:  0.0, Max:  0.0, Diff:  0.0, Sum:  0.0, Workers: 4
[2177.321s][debug][gc,phases      ] GC(115)     Dead                           Min: 0, Avg:  0.0, Max: 0, Diff: 0, Sum: 0, Workers: 4
[2177.321s][debug][gc,phases      ] GC(115)     Total                          Min: 0, Avg: 25.5, Max: 64, Diff: 64, Sum: 102, Workers: 4
[2177.321s][debug][gc,phases      ] GC(115)   JVMTI Tag Weak OopStorage      Min:  0.0, Avg:  0.0, Max:  0.0, Diff:  0.0, Sum:  0.0, Workers: 4
[2177.321s][debug][gc,phases      ] GC(115)     Dead                           Min: 0, Avg:  0.0, Max: 0, Diff: 0, Sum: 0, Workers: 4
[2177.321s][debug][gc,phases      ] GC(115)     Total                          Min: 0, Avg:  0.0, Max: 0, Diff: 0, Sum: 0, Workers: 4
[2177.321s][debug][gc,phases      ] GC(115)   StringTable Weak               Min:  0.0, Avg:  0.1, Max:  0.1, Diff:  0.1, Sum:  0.4, Workers: 4
[2177.321s][debug][gc,phases      ] GC(115)     Dead                           Min: 0, Avg:  0.2, Max: 1, Diff: 1, Sum: 1, Workers: 4
[2177.321s][debug][gc,phases      ] GC(115)     Total                          Min: 0, Avg: 11013.2, Max: 15360, Diff: 15360, Sum: 44053, Workers: 4
[2177.321s][debug][gc,phases      ] GC(115)   ResolvedMethodTable Weak       Min:  0.0, Avg:  0.0, Max:  0.0, Diff:  0.0, Sum:  0.1, Workers: 4
[2177.321s][debug][gc,phases      ] GC(115)     Dead                           Min: 0, Avg:  0.0, Max: 0, Diff: 0, Sum: 0, Workers: 4
[2177.321s][debug][gc,phases      ] GC(115)     Total                          Min: 0, Avg: 2521.8, Max: 3520, Diff: 3520, Sum: 10087, Workers: 4
[2177.321s][debug][gc,phases      ] GC(115)   JNI Weak                       Min:  0.0, Avg:  0.0, Max:  0.0, Diff:  0.0, Sum:  0.0, Workers: 4
[2177.321s][debug][gc,phases      ] GC(115)     Dead                           Min: 0, Avg:  0.0, Max: 0, Diff: 0, Sum: 0, Workers: 4
[2177.321s][debug][gc,phases      ] GC(115)     Total                          Min: 0, Avg: 11.2, Max: 45, Diff: 45, Sum: 45, Workers: 4
[2177.321s][debug][gc,phases      ] GC(115)   StringDedup Table Weak         Min:  0.0, Avg:  0.0, Max:  0.0, Diff:  0.0, Sum:  0.0, Workers: 4
[2177.321s][debug][gc,phases      ] GC(115)     Dead                           Min: 0, Avg:  0.0, Max: 0, Diff: 0, Sum: 0, Workers: 4
[2177.321s][debug][gc,phases      ] GC(115)     Total                          Min: 0, Avg:  0.0, Max: 0, Diff: 0, Sum: 0, Workers: 4
[2177.321s][debug][gc,phases      ] GC(115)   StringDedup Requests0 Weak     Min:  0.0, Avg:  0.0, Max:  0.0, Diff:  0.0, Sum:  0.0, Workers: 4
[2177.321s][debug][gc,phases      ] GC(115)     Dead                           Min: 0, Avg:  0.0, Max: 0, Diff: 0, Sum: 0, Workers: 4
[2177.321s][debug][gc,phases      ] GC(115)     Total                          Min: 0, Avg:  0.0, Max: 0, Diff: 0, Sum: 0, Workers: 4
[2177.321s][debug][gc,phases      ] GC(115)   StringDedup Requests1 Weak     Min:  0.0, Avg:  0.0, Max:  0.0, Diff:  0.0, Sum:  0.0, Workers: 4
[2177.321s][debug][gc,phases      ] GC(115)     Dead                           Min: 0, Avg:  0.0, Max: 0, Diff: 0, Sum: 0, Workers: 4
[2177.321s][debug][gc,phases      ] GC(115)     Total                          Min: 0, Avg:  0.0, Max: 0, Diff: 0, Sum: 0, Workers: 4
[2177.321s][debug][gc,phases      ] GC(115)   Weak JFR Old Object Samples    Min:  0.0, Avg:  0.0, Max:  0.0, Diff:  0.0, Sum:  0.0, Workers: 4
[2177.321s][debug][gc,phases      ] GC(115)     Dead                           Min: 0, Avg:  0.0, Max: 0, Diff: 0, Sum: 0, Workers: 4
[2177.321s][debug][gc,phases      ] GC(115)     Total                          Min: 0, Avg:  0.0, Max: 0, Diff: 0, Sum: 0, Workers: 4
[2177.321s][debug][gc,phases      ] GC(115) Weak Processing 0.362ms
[2177.321s][debug][gc,age         ] GC(115) Desired survivor size 135266304 bytes, new threshold 15 (max threshold 15)
[2177.321s][info ][gc,heap        ] GC(115) PSYoungGen: 1825472K(1960448K)->5648K(1955840K) Eden: 1819136K(1819136K)->0K(1819136K) From: 6336K(141312K)->5648K(136704K)
[2177.321s][info ][gc,heap        ] GC(115) ParOldGen: 768048K(804864K)->768140K(804864K)
[2177.321s][info ][gc,metaspace   ] GC(115) Metaspace: 84226K(85312K)->84226K(85312K) NonClass: 72255K(72832K)->72255K(72832K) Class: 11971K(12480K)->11971K(12480K)
[2177.321s][info ][gc             ] GC(115) Pause Young (Allocation Failure) 2532M->755M(2696M) 12.304ms
[2177.321s][info ][gc,cpu         ] GC(115) User=0.03s Sys=0.00s Real=0.02s
[2177.321s][info ][safepoint      ] Safepoint "ParallelGCFailedAllocation", Time since last: 2261378333 ns, Reaching safepoint: 26601 ns, At safepoint: 12393578 ns, Total: 12420179 ns
[2182.322s][info ][safepoint      ] Safepoint "Cleanup", Time since last: 5000333796 ns, Reaching safepoint: 42803 ns, At safepoint: 3501 ns, Total: 46304 ns
[2183.322s][info ][safepoint      ] Safepoint "Cleanup", Time since last: 1000128425 ns, Reaching safepoint: 69105 ns, At safepoint: 2900 ns, Total: 72005 ns
[2184.322s][info ][safepoint      ] Safepoint "Cleanup", Time since last: 1000108425 ns, Reaching safepoint: 43003 ns, At safepoint: 5601 ns, Total: 48604 ns
[2186.322s][info ][safepoint      ] Safepoint "Cleanup", Time since last: 2000178649 ns, Reaching safepoint: 63404 ns, At safepoint: 6201 ns, Total: 69605 ns
[2187.323s][info ][safepoint      ] Safepoint "Cleanup", Time since last: 1000103326 ns, Reaching safepoint: 98507 ns, At safepoint: 6700 ns, Total: 105207 ns
[2188.323s][info ][safepoint      ] Safepoint "Cleanup", Time since last: 1000113828 ns, Reaching safepoint: 38103 ns, At safepoint: 3500 ns, Total: 41603 ns
[2189.323s][info ][safepoint      ] Safepoint "Cleanup", Time since last: 1000103928 ns, Reaching safepoint: 47703 ns, At safepoint: 3201 ns, Total: 50904 ns
[2191.323s][info ][safepoint      ] Safepoint "Cleanup", Time since last: 2000139852 ns, Reaching safepoint: 29702 ns, At safepoint: 2900 ns, Total: 32602 ns
[2192.323s][info ][safepoint      ] Safepoint "Cleanup", Time since last: 1000104130 ns, Reaching safepoint: 44403 ns, At safepoint: 4101 ns, Total: 48504 ns
[2193.323s][info ][safepoint      ] Safepoint "Cleanup", Time since last: 1000125231 ns, Reaching safepoint: 49304 ns, At safepoint: 4200 ns, Total: 53504 ns
[2197.324s][info ][safepoint      ] Safepoint "Cleanup", Time since last: 4000307620 ns, Reaching safepoint: 71505 ns, At safepoint: 6901 ns, Total: 78406 ns
[2198.324s][info ][safepoint      ] Safepoint "Cleanup", Time since last: 1000113534 ns, Reaching safepoint: 48504 ns, At safepoint: 15801 ns, Total: 64305 ns
[2203.324s][info ][safepoint      ] Safepoint "Cleanup", Time since last: 5000361166 ns, Reaching safepoint: 54203 ns, At safepoint: 7601 ns, Total: 61804 ns
[2204.150s][info ][gc,start       ] GC(116) Pause Young (Allocation Failure)
[2204.158s][debug][gc,phases      ] GC(116) Scavenge 7.867ms
[2204.158s][debug][gc,ref         ] GC(116) Skipped phase 1 of Reference Processing: no references
[2204.158s][debug][gc,ref         ] GC(116) ReferenceProcessor::execute queues: 1, RefProcThreadModel::Single, marks_oops_alive: false
[2204.158s][debug][gc,ref         ] GC(116) ReferenceProcessor::execute queues: 4, RefProcThreadModel::Multi, marks_oops_alive: true
[2204.158s][debug][gc,ref         ] GC(116) ReferenceProcessor::execute queues: 1, RefProcThreadModel::Single, marks_oops_alive: false
[2204.158s][debug][gc,phases      ] GC(116) Reference Processing 0.201ms
[2204.158s][debug][gc,phases      ] GC(116)   VM Weak                        Min:  0.0, Avg:  0.0, Max:  0.0, Diff:  0.0, Sum:  0.0, Workers: 4
[2204.158s][debug][gc,phases      ] GC(116)     Dead                           Min: 0, Avg:  0.0, Max: 0, Diff: 0, Sum: 0, Workers: 4
[2204.158s][debug][gc,phases      ] GC(116)     Total                          Min: 0, Avg: 229.5, Max: 790, Diff: 790, Sum: 918, Workers: 4
[2204.158s][debug][gc,phases      ] GC(116)   ObjectSynchronizer Weak        Min:  0.0, Avg:  0.0, Max:  0.0, Diff:  0.0, Sum:  0.0, Workers: 4
[2204.158s][debug][gc,phases      ] GC(116)     Dead                           Min: 0, Avg:  0.0, Max: 0, Diff: 0, Sum: 0, Workers: 4
[2204.158s][debug][gc,phases      ] GC(116)     Total                          Min: 0, Avg: 25.5, Max: 64, Diff: 64, Sum: 102, Workers: 4
[2204.158s][debug][gc,phases      ] GC(116)   JVMTI Tag Weak OopStorage      Min:  0.0, Avg:  0.0, Max:  0.0, Diff:  0.0, Sum:  0.0, Workers: 4
[2204.158s][debug][gc,phases      ] GC(116)     Dead                           Min: 0, Avg:  0.0, Max: 0, Diff: 0, Sum: 0, Workers: 4
[2204.158s][debug][gc,phases      ] GC(116)     Total                          Min: 0, Avg:  0.0, Max: 0, Diff: 0, Sum: 0, Workers: 4
[2204.158s][debug][gc,phases      ] GC(116)   StringTable Weak               Min:  0.0, Avg:  0.1, Max:  0.1, Diff:  0.1, Sum:  0.4, Workers: 4
[2204.158s][debug][gc,phases      ] GC(116)     Dead                           Min: 0, Avg:  0.5, Max: 2, Diff: 2, Sum: 2, Workers: 4
[2204.158s][debug][gc,phases      ] GC(116)     Total                          Min: 0, Avg: 11015.5, Max: 14816, Diff: 14816, Sum: 44062, Workers: 4
[2204.158s][debug][gc,phases      ] GC(116)   ResolvedMethodTable Weak       Min:  0.0, Avg:  0.0, Max:  0.0, Diff:  0.0, Sum:  0.1, Workers: 4
[2204.158s][debug][gc,phases      ] GC(116)     Dead                           Min: 0, Avg:  0.0, Max: 0, Diff: 0, Sum: 0, Workers: 4
[2204.158s][debug][gc,phases      ] GC(116)     Total                          Min: 0, Avg: 2523.8, Max: 3584, Diff: 3584, Sum: 10095, Workers: 4
[2204.158s][debug][gc,phases      ] GC(116)   JNI Weak                       Min:  0.0, Avg:  0.0, Max:  0.0, Diff:  0.0, Sum:  0.0, Workers: 4
[2204.158s][debug][gc,phases      ] GC(116)     Dead                           Min: 0, Avg:  0.0, Max: 0, Diff: 0, Sum: 0, Workers: 4
[2204.158s][debug][gc,phases      ] GC(116)     Total                          Min: 0, Avg: 11.2, Max: 45, Diff: 45, Sum: 45, Workers: 4
[2204.158s][debug][gc,phases      ] GC(116)   StringDedup Table Weak         Min:  0.0, Avg:  0.0, Max:  0.0, Diff:  0.0, Sum:  0.0, Workers: 4
[2204.158s][debug][gc,phases      ] GC(116)     Dead                           Min: 0, Avg:  0.0, Max: 0, Diff: 0, Sum: 0, Workers: 4
[2204.158s][debug][gc,phases      ] GC(116)     Total                          Min: 0, Avg:  0.0, Max: 0, Diff: 0, Sum: 0, Workers: 4
[2204.158s][debug][gc,phases      ] GC(116)   StringDedup Requests0 Weak     Min:  0.0, Avg:  0.0, Max:  0.0, Diff:  0.0, Sum:  0.0, Workers: 4
[2204.158s][debug][gc,phases      ] GC(116)     Dead                           Min: 0, Avg:  0.0, Max: 0, Diff: 0, Sum: 0, Workers: 4
[2204.158s][debug][gc,phases      ] GC(116)     Total                          Min: 0, Avg:  0.0, Max: 0, Diff: 0, Sum: 0, Workers: 4
[2204.158s][debug][gc,phases      ] GC(116)   StringDedup Requests1 Weak     Min:  0.0, Avg:  0.0, Max:  0.0, Diff:  0.0, Sum:  0.0, Workers: 4
[2204.158s][debug][gc,phases      ] GC(116)     Dead                           Min: 0, Avg:  0.0, Max: 0, Diff: 0, Sum: 0, Workers: 4
[2204.158s][debug][gc,phases      ] GC(116)     Total                          Min: 0, Avg:  0.0, Max: 0, Diff: 0, Sum: 0, Workers: 4
[2204.158s][debug][gc,phases      ] GC(116)   Weak JFR Old Object Samples    Min:  0.0, Avg:  0.0, Max:  0.0, Diff:  0.0, Sum:  0.0, Workers: 4
[2204.158s][debug][gc,phases      ] GC(116)     Dead                           Min: 0, Avg:  0.0, Max: 0, Diff: 0, Sum: 0, Workers: 4
[2204.158s][debug][gc,phases      ] GC(116)     Total                          Min: 0, Avg:  0.0, Max: 0, Diff: 0, Sum: 0, Workers: 4
[2204.158s][debug][gc,phases      ] GC(116) Weak Processing 0.373ms
[2204.158s][debug][gc,age         ] GC(116) Desired survivor size 130023424 bytes, new threshold 15 (max threshold 15)
[2204.158s][info ][gc,heap        ] GC(116) PSYoungGen: 1824784K(1955840K)->6608K(1970176K) Eden: 1819136K(1819136K)->0K(1838080K) From: 5648K(136704K)->6608K(132096K)
[2204.158s][info ][gc,heap        ] GC(116) ParOldGen: 768140K(804864K)->768176K(804864K)
[2204.158s][info ][gc,metaspace   ] GC(116) Metaspace: 84277K(85376K)->84277K(85376K) NonClass: 72300K(72896K)->72300K(72896K) Class: 11976K(12480K)->11976K(12480K)
[2204.158s][info ][gc             ] GC(116) Pause Young (Allocation Failure) 2532M->756M(2710M) 8.579ms
[2204.158s][info ][gc,cpu         ] GC(116) User=0.04s Sys=0.00s Real=0.02s
[2204.158s][info ][safepoint      ] Safepoint "ParallelGCFailedAllocation", Time since last: 825261553 ns, Reaching safepoint: 107308 ns, At safepoint: 8670714 ns, Total: 8778022 ns
[2208.159s][info ][safepoint      ] Safepoint "Cleanup", Time since last: 4000302947 ns, Reaching safepoint: 118108 ns, At safepoint: 8301 ns, Total: 126409 ns
[2215.160s][info ][safepoint      ] Safepoint "Cleanup", Time since last: 7000479978 ns, Reaching safepoint: 116008 ns, At safepoint: 10001 ns, Total: 126009 ns
[2216.160s][info ][safepoint      ] Safepoint "Cleanup", Time since last: 1000116745 ns, Reaching safepoint: 111508 ns, At safepoint: 4800 ns, Total: 116308 ns
[2229.613s][info ][gc,start       ] GC(117) Pause Young (Allocation Failure)
[2229.620s][debug][gc,phases      ] GC(117) Scavenge 6.916ms
[2229.620s][debug][gc,ref         ] GC(117) Skipped phase 1 of Reference Processing: no references
[2229.620s][debug][gc,ref         ] GC(117) ReferenceProcessor::execute queues: 1, RefProcThreadModel::Single, marks_oops_alive: false
[2229.620s][debug][gc,ref         ] GC(117) ReferenceProcessor::execute queues: 4, RefProcThreadModel::Multi, marks_oops_alive: true
[2229.620s][debug][gc,ref         ] GC(117) ReferenceProcessor::execute queues: 1, RefProcThreadModel::Single, marks_oops_alive: false
[2229.620s][debug][gc,phases      ] GC(117) Reference Processing 0.161ms
[2229.620s][debug][gc,phases      ] GC(117)   VM Weak                        Min:  0.0, Avg:  0.0, Max:  0.0, Diff:  0.0, Sum:  0.0, Workers: 4
[2229.620s][debug][gc,phases      ] GC(117)     Dead                           Min: 0, Avg:  0.0, Max: 0, Diff: 0, Sum: 0, Workers: 4
[2229.620s][debug][gc,phases      ] GC(117)     Total                          Min: 0, Avg: 229.8, Max: 640, Diff: 640, Sum: 919, Workers: 4
[2229.620s][debug][gc,phases      ] GC(117)   ObjectSynchronizer Weak        Min:  0.0, Avg:  0.0, Max:  0.0, Diff:  0.0, Sum:  0.0, Workers: 4
[2229.620s][debug][gc,phases      ] GC(117)     Dead                           Min: 0, Avg:  0.0, Max: 0, Diff: 0, Sum: 0, Workers: 4
[2229.620s][debug][gc,phases      ] GC(117)     Total                          Min: 0, Avg: 25.5, Max: 64, Diff: 64, Sum: 102, Workers: 4
[2229.620s][debug][gc,phases      ] GC(117)   JVMTI Tag Weak OopStorage      Min:  0.0, Avg:  0.0, Max:  0.0, Diff:  0.0, Sum:  0.0, Workers: 4
[2229.620s][debug][gc,phases      ] GC(117)     Dead                           Min: 0, Avg:  0.0, Max: 0, Diff: 0, Sum: 0, Workers: 4
[2229.620s][debug][gc,phases      ] GC(117)     Total                          Min: 0, Avg:  0.0, Max: 0, Diff: 0, Sum: 0, Workers: 4
[2229.620s][debug][gc,phases      ] GC(117)   StringTable Weak               Min:  0.0, Avg:  0.1, Max:  0.1, Diff:  0.1, Sum:  0.4, Workers: 4
[2229.620s][debug][gc,phases      ] GC(117)     Dead                           Min: 0, Avg:  0.0, Max: 0, Diff: 0, Sum: 0, Workers: 4
[2229.620s][debug][gc,phases      ] GC(117)     Total                          Min: 0, Avg: 11015.8, Max: 15936, Diff: 15936, Sum: 44063, Workers: 4
[2229.620s][debug][gc,phases      ] GC(117)   ResolvedMethodTable Weak       Min:  0.0, Avg:  0.0, Max:  0.0, Diff:  0.0, Sum:  0.1, Workers: 4
[2229.620s][debug][gc,phases      ] GC(117)     Dead                           Min: 0, Avg:  0.0, Max: 0, Diff: 0, Sum: 0, Workers: 4
[2229.620s][debug][gc,phases      ] GC(117)     Total                          Min: 0, Avg: 2524.2, Max: 3392, Diff: 3392, Sum: 10097, Workers: 4
[2229.620s][debug][gc,phases      ] GC(117)   JNI Weak                       Min:  0.0, Avg:  0.0, Max:  0.0, Diff:  0.0, Sum:  0.0, Workers: 4
[2229.620s][debug][gc,phases      ] GC(117)     Dead                           Min: 0, Avg:  0.0, Max: 0, Diff: 0, Sum: 0, Workers: 4
[2229.620s][debug][gc,phases      ] GC(117)     Total                          Min: 0, Avg: 11.2, Max: 45, Diff: 45, Sum: 45, Workers: 4
[2229.620s][debug][gc,phases      ] GC(117)   StringDedup Table Weak         Min:  0.0, Avg:  0.0, Max:  0.0, Diff:  0.0, Sum:  0.0, Workers: 4
[2229.620s][debug][gc,phases      ] GC(117)     Dead                           Min: 0, Avg:  0.0, Max: 0, Diff: 0, Sum: 0, Workers: 4
[2229.620s][debug][gc,phases      ] GC(117)     Total                          Min: 0, Avg:  0.0, Max: 0, Diff: 0, Sum: 0, Workers: 4
[2229.620s][debug][gc,phases      ] GC(117)   StringDedup Requests0 Weak     Min:  0.0, Avg:  0.0, Max:  0.0, Diff:  0.0, Sum:  0.0, Workers: 4
[2229.620s][debug][gc,phases      ] GC(117)     Dead                           Min: 0, Avg:  0.0, Max: 0, Diff: 0, Sum: 0, Workers: 4
[2229.620s][debug][gc,phases      ] GC(117)     Total                          Min: 0, Avg:  0.0, Max: 0, Diff: 0, Sum: 0, Workers: 4
[2229.620s][debug][gc,phases      ] GC(117)   StringDedup Requests1 Weak     Min:  0.0, Avg:  0.0, Max:  0.0, Diff:  0.0, Sum:  0.0, Workers: 4
[2229.620s][debug][gc,phases      ] GC(117)     Dead                           Min: 0, Avg:  0.0, Max: 0, Diff: 0, Sum: 0, Workers: 4
[2229.620s][debug][gc,phases      ] GC(117)     Total                          Min: 0, Avg:  0.0, Max: 0, Diff: 0, Sum: 0, Workers: 4
[2229.620s][debug][gc,phases      ] GC(117)   Weak JFR Old Object Samples    Min:  0.0, Avg:  0.0, Max:  0.0, Diff:  0.0, Sum:  0.0, Workers: 4
[2229.620s][debug][gc,phases      ] GC(117)     Dead                           Min: 0, Avg:  0.0, Max: 0, Diff: 0, Sum: 0, Workers: 4
[2229.620s][debug][gc,phases      ] GC(117)     Total                          Min: 0, Avg:  0.0, Max: 0, Diff: 0, Sum: 0, Workers: 4
[2229.620s][debug][gc,phases      ] GC(117) Weak Processing 0.378ms
[2229.620s][debug][gc,age         ] GC(117) Desired survivor size 124256256 bytes, new threshold 15 (max threshold 15)
[2229.620s][info ][gc,heap        ] GC(117) PSYoungGen: 1844688K(1970176K)->7280K(1965056K) Eden: 1838080K(1838080K)->0K(1838080K) From: 6608K(132096K)->7280K(126976K)
[2229.620s][info ][gc,heap        ] GC(117) ParOldGen: 768176K(804864K)->768216K(804864K)
[2229.620s][info ][gc,metaspace   ] GC(117) Metaspace: 84288K(85376K)->84288K(85376K) NonClass: 72310K(72896K)->72310K(72896K) Class: 11977K(12480K)->11977K(12480K)
[2229.620s][info ][gc             ] GC(117) Pause Young (Allocation Failure) 2551M->757M(2705M) 7.588ms
[2229.620s][info ][gc,cpu         ] GC(117) User=0.03s Sys=0.00s Real=0.01s
[2229.620s][info ][safepoint      ] Safepoint "ParallelGCFailedAllocation", Time since last: 13452787218 ns, Reaching safepoint: 41503 ns, At safepoint: 7668343 ns, Total: 7709846 ns
[2231.620s][info ][safepoint      ] Safepoint "Cleanup", Time since last: 2000158204 ns, Reaching safepoint: 46704 ns, At safepoint: 3500 ns, Total: 50204 ns
[2236.621s][info ][safepoint      ] Safepoint "Cleanup", Time since last: 5000340966 ns, Reaching safepoint: 38203 ns, At safepoint: 2800 ns, Total: 41003 ns
[2237.621s][info ][safepoint      ] Safepoint "Cleanup", Time since last: 1000111658 ns, Reaching safepoint: 41403 ns, At safepoint: 7700 ns, Total: 49103 ns
[2238.621s][info ][safepoint      ] Safepoint "Cleanup", Time since last: 1000110459 ns, Reaching safepoint: 43803 ns, At safepoint: 14401 ns, Total: 58204 ns
[2241.621s][info ][safepoint      ] Safepoint "Cleanup", Time since last: 3000221472 ns, Reaching safepoint: 51403 ns, At safepoint: 25102 ns, Total: 76505 ns
[2248.622s][info ][safepoint      ] Safepoint "Cleanup", Time since last: 7000449916 ns, Reaching safepoint: 28402 ns, At safepoint: 2800 ns, Total: 31202 ns
[2249.622s][info ][safepoint      ] Safepoint "Cleanup", Time since last: 1000100664 ns, Reaching safepoint: 48303 ns, At safepoint: 3801 ns, Total: 52104 ns
[2253.622s][info ][safepoint      ] Safepoint "Cleanup", Time since last: 4000314856 ns, Reaching safepoint: 46104 ns, At safepoint: 4400 ns, Total: 50504 ns
[2254.096s][info ][gc,start       ] GC(118) Pause Young (Allocation Failure)
[2254.107s][debug][gc,phases      ] GC(118) Scavenge 10.901ms
[2254.107s][debug][gc,ref         ] GC(118) Skipped phase 1 of Reference Processing: no references
[2254.107s][debug][gc,ref         ] GC(118) ReferenceProcessor::execute queues: 1, RefProcThreadModel::Single, marks_oops_alive: false
[2254.107s][debug][gc,ref         ] GC(118) ReferenceProcessor::execute queues: 4, RefProcThreadModel::Multi, marks_oops_alive: true
[2254.108s][debug][gc,ref         ] GC(118) ReferenceProcessor::execute queues: 1, RefProcThreadModel::Single, marks_oops_alive: false
[2254.108s][debug][gc,phases      ] GC(118) Reference Processing 0.186ms
[2254.108s][debug][gc,phases      ] GC(118)   VM Weak                        Min:  0.0, Avg:  0.0, Max:  0.0, Diff:  0.0, Sum:  0.0, Workers: 4
[2254.108s][debug][gc,phases      ] GC(118)     Dead                           Min: 0, Avg:  0.0, Max: 0, Diff: 0, Sum: 0, Workers: 4
[2254.108s][debug][gc,phases      ] GC(118)     Total                          Min: 0, Avg: 229.8, Max: 663, Diff: 663, Sum: 919, Workers: 4
[2254.108s][debug][gc,phases      ] GC(118)   ObjectSynchronizer Weak        Min:  0.0, Avg:  0.0, Max:  0.0, Diff:  0.0, Sum:  0.0, Workers: 4
[2254.108s][debug][gc,phases      ] GC(118)     Dead                           Min: 0, Avg:  0.0, Max: 0, Diff: 0, Sum: 0, Workers: 4
[2254.108s][debug][gc,phases      ] GC(118)     Total                          Min: 0, Avg: 25.5, Max: 64, Diff: 64, Sum: 102, Workers: 4
[2254.108s][debug][gc,phases      ] GC(118)   JVMTI Tag Weak OopStorage      Min:  0.0, Avg:  0.0, Max:  0.0, Diff:  0.0, Sum:  0.0, Workers: 4
[2254.108s][debug][gc,phases      ] GC(118)     Dead                           Min: 0, Avg:  0.0, Max: 0, Diff: 0, Sum: 0, Workers: 4
[2254.108s][debug][gc,phases      ] GC(118)     Total                          Min: 0, Avg:  0.0, Max: 0, Diff: 0, Sum: 0, Workers: 4
[2254.108s][debug][gc,phases      ] GC(118)   StringTable Weak               Min:  0.1, Avg:  0.1, Max:  0.1, Diff:  0.0, Sum:  0.4, Workers: 4
[2254.108s][debug][gc,phases      ] GC(118)     Dead                           Min: 0, Avg:  0.0, Max: 0, Diff: 0, Sum: 0, Workers: 4
[2254.108s][debug][gc,phases      ] GC(118)     Total                          Min: 10816, Avg: 11016.8, Max: 11365, Diff: 549, Sum: 44067, Workers: 4
[2254.108s][debug][gc,phases      ] GC(118)   ResolvedMethodTable Weak       Min:  0.0, Avg:  0.0, Max:  0.0, Diff:  0.0, Sum:  0.1, Workers: 4
[2254.108s][debug][gc,phases      ] GC(118)     Dead                           Min: 0, Avg:  0.0, Max: 0, Diff: 0, Sum: 0, Workers: 4
[2254.108s][debug][gc,phases      ] GC(118)     Total                          Min: 2226, Avg: 2524.2, Max: 2816, Diff: 590, Sum: 10097, Workers: 4
[2254.108s][debug][gc,phases      ] GC(118)   JNI Weak                       Min:  0.0, Avg:  0.0, Max:  0.0, Diff:  0.0, Sum:  0.0, Workers: 4
[2254.108s][debug][gc,phases      ] GC(118)     Dead                           Min: 0, Avg:  0.0, Max: 0, Diff: 0, Sum: 0, Workers: 4
[2254.108s][debug][gc,phases      ] GC(118)     Total                          Min: 0, Avg: 11.2, Max: 45, Diff: 45, Sum: 45, Workers: 4
[2254.108s][debug][gc,phases      ] GC(118)   StringDedup Table Weak         Min:  0.0, Avg:  0.0, Max:  0.0, Diff:  0.0, Sum:  0.0, Workers: 4
[2254.108s][debug][gc,phases      ] GC(118)     Dead                           Min: 0, Avg:  0.0, Max: 0, Diff: 0, Sum: 0, Workers: 4
[2254.108s][debug][gc,phases      ] GC(118)     Total                          Min: 0, Avg:  0.0, Max: 0, Diff: 0, Sum: 0, Workers: 4
[2254.108s][debug][gc,phases      ] GC(118)   StringDedup Requests0 Weak     Min:  0.0, Avg:  0.0, Max:  0.0, Diff:  0.0, Sum:  0.0, Workers: 4
[2254.108s][debug][gc,phases      ] GC(118)     Dead                           Min: 0, Avg:  0.0, Max: 0, Diff: 0, Sum: 0, Workers: 4
[2254.108s][debug][gc,phases      ] GC(118)     Total                          Min: 0, Avg:  0.0, Max: 0, Diff: 0, Sum: 0, Workers: 4
[2254.108s][debug][gc,phases      ] GC(118)   StringDedup Requests1 Weak     Min:  0.0, Avg:  0.0, Max:  0.0, Diff:  0.0, Sum:  0.0, Workers: 4
[2254.108s][debug][gc,phases      ] GC(118)     Dead                           Min: 0, Avg:  0.0, Max: 0, Diff: 0, Sum: 0, Workers: 4
[2254.108s][debug][gc,phases      ] GC(118)     Total                          Min: 0, Avg:  0.0, Max: 0, Diff: 0, Sum: 0, Workers: 4
[2254.108s][debug][gc,phases      ] GC(118)   Weak JFR Old Object Samples    Min:  0.0, Avg:  0.0, Max:  0.0, Diff:  0.0, Sum:  0.0, Workers: 4
[2254.108s][debug][gc,phases      ] GC(118)     Dead                           Min: 0, Avg:  0.0, Max: 0, Diff: 0, Sum: 0, Workers: 4
[2254.108s][debug][gc,phases      ] GC(118)     Total                          Min: 0, Avg:  0.0, Max: 0, Diff: 0, Sum: 0, Workers: 4
[2254.108s][debug][gc,phases      ] GC(118) Weak Processing 0.324ms
[2254.108s][debug][gc,age         ] GC(118) Desired survivor size 118489088 bytes, new threshold 15 (max threshold 15)
[2254.108s][info ][gc,heap        ] GC(118) PSYoungGen: 1845360K(1965056K)->7024K(1981440K) Eden: 1838080K(1838080K)->0K(1860096K) From: 7280K(126976K)->7024K(121344K)
[2254.108s][info ][gc,heap        ] GC(118) ParOldGen: 768216K(804864K)->768256K(804864K)
[2254.108s][info ][gc,metaspace   ] GC(118) Metaspace: 84295K(85440K)->84295K(85440K) NonClass: 72317K(72960K)->72317K(72960K) Class: 11977K(12480K)->11977K(12480K)
[2254.108s][info ][gc             ] GC(118) Pause Young (Allocation Failure) 2552M->757M(2721M) 11.540ms
[2254.108s][info ][gc,cpu         ] GC(118) User=0.03s Sys=0.00s Real=0.01s
[2254.108s][info ][safepoint      ] Safepoint "ParallelGCFailedAllocation", Time since last: 473870078 ns, Reaching safepoint: 28702 ns, At safepoint: 11620624 ns, Total: 11649326 ns
[2256.108s][info ][safepoint      ] Safepoint "Cleanup", Time since last: 2000154032 ns, Reaching safepoint: 119808 ns, At safepoint: 7201 ns, Total: 127009 ns
[2270.110s][info ][safepoint      ] Safepoint "Cleanup", Time since last: 14001039284 ns, Reaching safepoint: 685048 ns, At safepoint: 102408 ns, Total: 787456 ns
[2275.111s][info ][safepoint      ] Safepoint "Cleanup", Time since last: 5000929817 ns, Reaching safepoint: 50804 ns, At safepoint: 9200 ns, Total: 60004 ns
[2279.800s][info ][gc,start       ] GC(119) Pause Young (Allocation Failure)
[2279.808s][debug][gc,phases      ] GC(119) Scavenge 8.439ms
[2279.808s][debug][gc,ref         ] GC(119) Skipped phase 1 of Reference Processing: no references
[2279.808s][debug][gc,ref         ] GC(119) ReferenceProcessor::execute queues: 1, RefProcThreadModel::Single, marks_oops_alive: false
[2279.808s][debug][gc,ref         ] GC(119) Skipped phase 3 of Reference Processing: no references
[2279.808s][debug][gc,ref         ] GC(119) ReferenceProcessor::execute queues: 1, RefProcThreadModel::Single, marks_oops_alive: false
[2279.808s][debug][gc,phases      ] GC(119) Reference Processing 0.098ms
[2279.809s][debug][gc,phases      ] GC(119)   VM Weak                        Min:  0.0, Avg:  0.0, Max:  0.0, Diff:  0.0, Sum:  0.0, Workers: 4
[2279.809s][debug][gc,phases      ] GC(119)     Dead                           Min: 0, Avg:  0.0, Max: 0, Diff: 0, Sum: 0, Workers: 4
[2279.809s][debug][gc,phases      ] GC(119)     Total                          Min: 0, Avg: 229.8, Max: 768, Diff: 768, Sum: 919, Workers: 4
[2279.809s][debug][gc,phases      ] GC(119)   ObjectSynchronizer Weak        Min:  0.0, Avg:  0.0, Max:  0.0, Diff:  0.0, Sum:  0.0, Workers: 4
[2279.809s][debug][gc,phases      ] GC(119)     Dead                           Min: 0, Avg:  0.0, Max: 0, Diff: 0, Sum: 0, Workers: 4
[2279.809s][debug][gc,phases      ] GC(119)     Total                          Min: 0, Avg: 25.5, Max: 64, Diff: 64, Sum: 102, Workers: 4
[2279.809s][debug][gc,phases      ] GC(119)   JVMTI Tag Weak OopStorage      Min:  0.0, Avg:  0.0, Max:  0.0, Diff:  0.0, Sum:  0.0, Workers: 4
[2279.809s][debug][gc,phases      ] GC(119)     Dead                           Min: 0, Avg:  0.0, Max: 0, Diff: 0, Sum: 0, Workers: 4
[2279.809s][debug][gc,phases      ] GC(119)     Total                          Min: 0, Avg:  0.0, Max: 0, Diff: 0, Sum: 0, Workers: 4
[2279.809s][debug][gc,phases      ] GC(119)   StringTable Weak               Min:  0.1, Avg:  0.1, Max:  0.1, Diff:  0.0, Sum:  0.4, Workers: 4
[2279.809s][debug][gc,phases      ] GC(119)     Dead                           Min: 0, Avg:  0.0, Max: 0, Diff: 0, Sum: 0, Workers: 4
[2279.809s][debug][gc,phases      ] GC(119)     Total                          Min: 10495, Avg: 11016.8, Max: 11455, Diff: 960, Sum: 44067, Workers: 4
[2279.809s][debug][gc,phases      ] GC(119)   ResolvedMethodTable Weak       Min:  0.0, Avg:  0.0, Max:  0.0, Diff:  0.0, Sum:  0.1, Workers: 4
[2279.809s][debug][gc,phases      ] GC(119)     Dead                           Min: 0, Avg:  0.0, Max: 0, Diff: 0, Sum: 0, Workers: 4
[2279.809s][debug][gc,phases      ] GC(119)     Total                          Min: 2496, Avg: 2524.2, Max: 2560, Diff: 64, Sum: 10097, Workers: 4
[2279.809s][debug][gc,phases      ] GC(119)   JNI Weak                       Min:  0.0, Avg:  0.0, Max:  0.0, Diff:  0.0, Sum:  0.0, Workers: 4
[2279.809s][debug][gc,phases      ] GC(119)     Dead                           Min: 0, Avg:  0.0, Max: 0, Diff: 0, Sum: 0, Workers: 4
[2279.809s][debug][gc,phases      ] GC(119)     Total                          Min: 0, Avg: 11.2, Max: 45, Diff: 45, Sum: 45, Workers: 4
[2279.809s][debug][gc,phases      ] GC(119)   StringDedup Table Weak         Min:  0.0, Avg:  0.0, Max:  0.0, Diff:  0.0, Sum:  0.0, Workers: 4
[2279.809s][debug][gc,phases      ] GC(119)     Dead                           Min: 0, Avg:  0.0, Max: 0, Diff: 0, Sum: 0, Workers: 4
[2279.809s][debug][gc,phases      ] GC(119)     Total                          Min: 0, Avg:  0.0, Max: 0, Diff: 0, Sum: 0, Workers: 4
[2279.809s][debug][gc,phases      ] GC(119)   StringDedup Requests0 Weak     Min:  0.0, Avg:  0.0, Max:  0.0, Diff:  0.0, Sum:  0.0, Workers: 4
[2279.809s][debug][gc,phases      ] GC(119)     Dead                           Min: 0, Avg:  0.0, Max: 0, Diff: 0, Sum: 0, Workers: 4
[2279.809s][debug][gc,phases      ] GC(119)     Total                          Min: 0, Avg:  0.0, Max: 0, Diff: 0, Sum: 0, Workers: 4
[2279.809s][debug][gc,phases      ] GC(119)   StringDedup Requests1 Weak     Min:  0.0, Avg:  0.0, Max:  0.0, Diff:  0.0, Sum:  0.0, Workers: 4
[2279.809s][debug][gc,phases      ] GC(119)     Dead                           Min: 0, Avg:  0.0, Max: 0, Diff: 0, Sum: 0, Workers: 4
[2279.809s][debug][gc,phases      ] GC(119)     Total                          Min: 0, Avg:  0.0, Max: 0, Diff: 0, Sum: 0, Workers: 4
[2279.809s][debug][gc,phases      ] GC(119)   Weak JFR Old Object Samples    Min:  0.0, Avg:  0.0, Max:  0.0, Diff:  0.0, Sum:  0.0, Workers: 4
[2279.809s][debug][gc,phases      ] GC(119)     Dead                           Min: 0, Avg:  0.0, Max: 0, Diff: 0, Sum: 0, Workers: 4
[2279.809s][debug][gc,phases      ] GC(119)     Total                          Min: 0, Avg:  0.0, Max: 0, Diff: 0, Sum: 0, Workers: 4
[2279.809s][debug][gc,phases      ] GC(119) Weak Processing 0.323ms
[2279.809s][debug][gc,age         ] GC(119) Desired survivor size 112721920 bytes, new threshold 15 (max threshold 15)
[2279.809s][info ][gc,heap        ] GC(119) PSYoungGen: 1867120K(1981440K)->7040K(1975808K) Eden: 1860096K(1860096K)->0K(1860096K) From: 7024K(121344K)->7040K(115712K)
[2279.809s][info ][gc,heap        ] GC(119) ParOldGen: 768256K(804864K)->768304K(804864K)
[2279.809s][info ][gc,metaspace   ] GC(119) Metaspace: 84297K(85440K)->84297K(85440K) NonClass: 72319K(72960K)->72319K(72960K) Class: 11977K(12480K)->11977K(12480K)
[2279.809s][info ][gc             ] GC(119) Pause Young (Allocation Failure) 2573M->757M(2715M) 8.993ms
[2279.809s][info ][gc,cpu         ] GC(119) User=0.02s Sys=0.00s Real=0.00s
[2279.809s][info ][safepoint      ] Safepoint "ParallelGCFailedAllocation", Time since last: 4688521590 ns, Reaching safepoint: 96007 ns, At safepoint: 9074343 ns, Total: 9170350 ns
[2302.811s][info ][safepoint      ] Safepoint "Cleanup", Time since last: 23001638464 ns, Reaching safepoint: 53103 ns, At safepoint: 24502 ns, Total: 77605 ns
[2304.597s][info ][gc,start       ] GC(120) Pause Young (Allocation Failure)
[2304.605s][debug][gc,phases      ] GC(120) Scavenge 7.872ms
[2304.605s][debug][gc,ref         ] GC(120) Skipped phase 1 of Reference Processing: no references
[2304.605s][debug][gc,ref         ] GC(120) ReferenceProcessor::execute queues: 1, RefProcThreadModel::Single, marks_oops_alive: false
[2304.605s][debug][gc,ref         ] GC(120) Skipped phase 3 of Reference Processing: no references
[2304.605s][debug][gc,ref         ] GC(120) ReferenceProcessor::execute queues: 1, RefProcThreadModel::Single, marks_oops_alive: false
[2304.605s][debug][gc,phases      ] GC(120) Reference Processing 0.104ms
[2304.605s][debug][gc,phases      ] GC(120)   VM Weak                        Min:  0.0, Avg:  0.0, Max:  0.0, Diff:  0.0, Sum:  0.0, Workers: 4
[2304.605s][debug][gc,phases      ] GC(120)     Dead                           Min: 0, Avg:  0.0, Max: 0, Diff: 0, Sum: 0, Workers: 4
[2304.605s][debug][gc,phases      ] GC(120)     Total                          Min: 0, Avg: 229.8, Max: 832, Diff: 832, Sum: 919, Workers: 4
[2304.605s][debug][gc,phases      ] GC(120)   ObjectSynchronizer Weak        Min:  0.0, Avg:  0.0, Max:  0.0, Diff:  0.0, Sum:  0.0, Workers: 4
[2304.605s][debug][gc,phases      ] GC(120)     Dead                           Min: 0, Avg:  0.0, Max: 0, Diff: 0, Sum: 0, Workers: 4
[2304.605s][debug][gc,phases      ] GC(120)     Total                          Min: 0, Avg: 25.5, Max: 64, Diff: 64, Sum: 102, Workers: 4
[2304.605s][debug][gc,phases      ] GC(120)   JVMTI Tag Weak OopStorage      Min:  0.0, Avg:  0.0, Max:  0.0, Diff:  0.0, Sum:  0.0, Workers: 4
[2304.605s][debug][gc,phases      ] GC(120)     Dead                           Min: 0, Avg:  0.0, Max: 0, Diff: 0, Sum: 0, Workers: 4
[2304.605s][debug][gc,phases      ] GC(120)     Total                          Min: 0, Avg:  0.0, Max: 0, Diff: 0, Sum: 0, Workers: 4
[2304.605s][debug][gc,phases      ] GC(120)   StringTable Weak               Min:  0.1, Avg:  0.1, Max:  0.1, Diff:  0.0, Sum:  0.4, Workers: 4
[2304.605s][debug][gc,phases      ] GC(120)     Dead                           Min: 0, Avg:  0.0, Max: 0, Diff: 0, Sum: 0, Workers: 4
[2304.605s][debug][gc,phases      ] GC(120)     Total                          Min: 10687, Avg: 11017.0, Max: 11583, Diff: 896, Sum: 44068, Workers: 4
[2304.605s][debug][gc,phases      ] GC(120)   ResolvedMethodTable Weak       Min:  0.0, Avg:  0.0, Max:  0.0, Diff:  0.0, Sum:  0.1, Workers: 4
[2304.605s][debug][gc,phases      ] GC(120)     Dead                           Min: 0, Avg:  0.0, Max: 0, Diff: 0, Sum: 0, Workers: 4
[2304.605s][debug][gc,phases      ] GC(120)     Total                          Min: 2367, Avg: 2524.5, Max: 2611, Diff: 244, Sum: 10098, Workers: 4
[2304.605s][debug][gc,phases      ] GC(120)   JNI Weak                       Min:  0.0, Avg:  0.0, Max:  0.0, Diff:  0.0, Sum:  0.0, Workers: 4
[2304.605s][debug][gc,phases      ] GC(120)     Dead                           Min: 0, Avg:  0.0, Max: 0, Diff: 0, Sum: 0, Workers: 4
[2304.605s][debug][gc,phases      ] GC(120)     Total                          Min: 0, Avg: 11.2, Max: 45, Diff: 45, Sum: 45, Workers: 4
[2304.605s][debug][gc,phases      ] GC(120)   StringDedup Table Weak         Min:  0.0, Avg:  0.0, Max:  0.0, Diff:  0.0, Sum:  0.0, Workers: 4
[2304.605s][debug][gc,phases      ] GC(120)     Dead                           Min: 0, Avg:  0.0, Max: 0, Diff: 0, Sum: 0, Workers: 4
[2304.605s][debug][gc,phases      ] GC(120)     Total                          Min: 0, Avg:  0.0, Max: 0, Diff: 0, Sum: 0, Workers: 4
[2304.605s][debug][gc,phases      ] GC(120)   StringDedup Requests0 Weak     Min:  0.0, Avg:  0.0, Max:  0.0, Diff:  0.0, Sum:  0.0, Workers: 4
[2304.605s][debug][gc,phases      ] GC(120)     Dead                           Min: 0, Avg:  0.0, Max: 0, Diff: 0, Sum: 0, Workers: 4
[2304.605s][debug][gc,phases      ] GC(120)     Total                          Min: 0, Avg:  0.0, Max: 0, Diff: 0, Sum: 0, Workers: 4
[2304.605s][debug][gc,phases      ] GC(120)   StringDedup Requests1 Weak     Min:  0.0, Avg:  0.0, Max:  0.0, Diff:  0.0, Sum:  0.0, Workers: 4
[2304.605s][debug][gc,phases      ] GC(120)     Dead                           Min: 0, Avg:  0.0, Max: 0, Diff: 0, Sum: 0, Workers: 4
[2304.605s][debug][gc,phases      ] GC(120)     Total                          Min: 0, Avg:  0.0, Max: 0, Diff: 0, Sum: 0, Workers: 4
[2304.605s][debug][gc,phases      ] GC(120)   Weak JFR Old Object Samples    Min:  0.0, Avg:  0.0, Max:  0.0, Diff:  0.0, Sum:  0.0, Workers: 4
[2304.605s][debug][gc,phases      ] GC(120)     Dead                           Min: 0, Avg:  0.0, Max: 0, Diff: 0, Sum: 0, Workers: 4
[2304.605s][debug][gc,phases      ] GC(120)     Total                          Min: 0, Avg:  0.0, Max: 0, Diff: 0, Sum: 0, Workers: 4
[2304.605s][debug][gc,phases      ] GC(120) Weak Processing 0.340ms
[2304.605s][debug][gc,age         ] GC(120) Desired survivor size 106954752 bytes, new threshold 15 (max threshold 15)
[2304.605s][info ][gc,heap        ] GC(120) PSYoungGen: 1867136K(1975808K)->6688K(1992704K) Eden: 1860096K(1860096K)->0K(1882624K) From: 7040K(115712K)->6688K(110080K)
[2304.605s][info ][gc,heap        ] GC(120) ParOldGen: 768304K(804864K)->768360K(804864K)
[2304.605s][info ][gc,metaspace   ] GC(120) Metaspace: 84299K(85440K)->84299K(85440K) NonClass: 72321K(72960K)->72321K(72960K) Class: 11978K(12480K)->11978K(12480K)
[2304.605s][info ][gc             ] GC(120) Pause Young (Allocation Failure) 2573M->756M(2732M) 8.443ms
[2304.605s][info ][gc,cpu         ] GC(120) User=0.03s Sys=0.00s Real=0.01s
[2304.605s][info ][safepoint      ] Safepoint "ParallelGCFailedAllocation", Time since last: 1786341328 ns, Reaching safepoint: 96807 ns, At safepoint: 8519604 ns, Total: 8616411 ns
[2310.606s][info ][safepoint      ] Safepoint "Cleanup", Time since last: 6000407562 ns, Reaching safepoint: 118308 ns, At safepoint: 9501 ns, Total: 127809 ns
[2312.606s][info ][safepoint      ] Safepoint "Cleanup", Time since last: 2000189295 ns, Reaching safepoint: 119809 ns, At safepoint: 6000 ns, Total: 125809 ns
[2321.607s][info ][safepoint      ] Safepoint "Cleanup", Time since last: 9000628888 ns, Reaching safepoint: 123308 ns, At safepoint: 9201 ns, Total: 132509 ns
[2322.607s][info ][safepoint      ] Safepoint "Cleanup", Time since last: 1000155607 ns, Reaching safepoint: 116909 ns, At safepoint: 7300 ns, Total: 124209 ns
[2323.608s][info ][safepoint      ] Safepoint "Cleanup", Time since last: 1000121305 ns, Reaching safepoint: 104808 ns, At safepoint: 7200 ns, Total: 112008 ns
[2324.608s][info ][safepoint      ] Safepoint "Cleanup", Time since last: 1000179710 ns, Reaching safepoint: 124209 ns, At safepoint: 6400 ns, Total: 130609 ns
[2325.608s][info ][safepoint      ] Safepoint "Cleanup", Time since last: 1000118407 ns, Reaching safepoint: 132809 ns, At safepoint: 8101 ns, Total: 140910 ns
[2327.609s][info ][safepoint      ] Safepoint "Cleanup", Time since last: 2000203711 ns, Reaching safepoint: 130009 ns, At safepoint: 9501 ns, Total: 139510 ns
[2328.609s][info ][safepoint      ] Safepoint "Cleanup", Time since last: 1000115507 ns, Reaching safepoint: 128209 ns, At safepoint: 6100 ns, Total: 134309 ns
[2330.402s][info ][gc,start       ] GC(121) Pause Young (Allocation Failure)
[2330.412s][debug][gc,phases      ] GC(121) Scavenge 9.510ms
[2330.412s][debug][gc,ref         ] GC(121) Skipped phase 1 of Reference Processing: no references
[2330.412s][debug][gc,ref         ] GC(121) ReferenceProcessor::execute queues: 1, RefProcThreadModel::Single, marks_oops_alive: false
[2330.412s][debug][gc,ref         ] GC(121) Skipped phase 3 of Reference Processing: no references
[2330.412s][debug][gc,ref         ] GC(121) ReferenceProcessor::execute queues: 1, RefProcThreadModel::Single, marks_oops_alive: false
[2330.412s][debug][gc,phases      ] GC(121) Reference Processing 0.126ms
[2330.412s][debug][gc,phases      ] GC(121)   VM Weak                        Min:  0.0, Avg:  0.0, Max:  0.0, Diff:  0.0, Sum:  0.0, Workers: 4
[2330.412s][debug][gc,phases      ] GC(121)     Dead                           Min: 0, Avg:  0.0, Max: 0, Diff: 0, Sum: 0, Workers: 4
[2330.412s][debug][gc,phases      ] GC(121)     Total                          Min: 0, Avg: 229.8, Max: 919, Diff: 919, Sum: 919, Workers: 4
[2330.412s][debug][gc,phases      ] GC(121)   ObjectSynchronizer Weak        Min:  0.0, Avg:  0.0, Max:  0.0, Diff:  0.0, Sum:  0.0, Workers: 4
[2330.412s][debug][gc,phases      ] GC(121)     Dead                           Min: 0, Avg:  0.0, Max: 0, Diff: 0, Sum: 0, Workers: 4
[2330.412s][debug][gc,phases      ] GC(121)     Total                          Min: 0, Avg: 25.5, Max: 64, Diff: 64, Sum: 102, Workers: 4
[2330.412s][debug][gc,phases      ] GC(121)   JVMTI Tag Weak OopStorage      Min:  0.0, Avg:  0.0, Max:  0.0, Diff:  0.0, Sum:  0.0, Workers: 4
[2330.412s][debug][gc,phases      ] GC(121)     Dead                           Min: 0, Avg:  0.0, Max: 0, Diff: 0, Sum: 0, Workers: 4
[2330.412s][debug][gc,phases      ] GC(121)     Total                          Min: 0, Avg:  0.0, Max: 0, Diff: 0, Sum: 0, Workers: 4
[2330.412s][debug][gc,phases      ] GC(121)   StringTable Weak               Min:  0.1, Avg:  0.1, Max:  0.1, Diff:  0.0, Sum:  0.4, Workers: 4
[2330.412s][debug][gc,phases      ] GC(121)     Dead                           Min: 0, Avg:  0.0, Max: 0, Diff: 0, Sum: 0, Workers: 4
[2330.412s][debug][gc,phases      ] GC(121)     Total                          Min: 8870, Avg: 11017.0, Max: 12671, Diff: 3801, Sum: 44068, Workers: 4
[2330.412s][debug][gc,phases      ] GC(121)   ResolvedMethodTable Weak       Min:  0.0, Avg:  0.0, Max:  0.0, Diff:  0.0, Sum:  0.1, Workers: 4
[2330.412s][debug][gc,phases      ] GC(121)     Dead                           Min: 0, Avg:  0.0, Max: 0, Diff: 0, Sum: 0, Workers: 4
[2330.412s][debug][gc,phases      ] GC(121)     Total                          Min: 2163, Avg: 2524.5, Max: 2815, Diff: 652, Sum: 10098, Workers: 4
[2330.412s][debug][gc,phases      ] GC(121)   JNI Weak                       Min:  0.0, Avg:  0.0, Max:  0.0, Diff:  0.0, Sum:  0.0, Workers: 4
[2330.412s][debug][gc,phases      ] GC(121)     Dead                           Min: 0, Avg:  0.0, Max: 0, Diff: 0, Sum: 0, Workers: 4
[2330.412s][debug][gc,phases      ] GC(121)     Total                          Min: 0, Avg: 11.2, Max: 45, Diff: 45, Sum: 45, Workers: 4
[2330.412s][debug][gc,phases      ] GC(121)   StringDedup Table Weak         Min:  0.0, Avg:  0.0, Max:  0.0, Diff:  0.0, Sum:  0.0, Workers: 4
[2330.412s][debug][gc,phases      ] GC(121)     Dead                           Min: 0, Avg:  0.0, Max: 0, Diff: 0, Sum: 0, Workers: 4
[2330.412s][debug][gc,phases      ] GC(121)     Total                          Min: 0, Avg:  0.0, Max: 0, Diff: 0, Sum: 0, Workers: 4
[2330.412s][debug][gc,phases      ] GC(121)   StringDedup Requests0 Weak     Min:  0.0, Avg:  0.0, Max:  0.0, Diff:  0.0, Sum:  0.0, Workers: 4
[2330.412s][debug][gc,phases      ] GC(121)     Dead                           Min: 0, Avg:  0.0, Max: 0, Diff: 0, Sum: 0, Workers: 4
[2330.412s][debug][gc,phases      ] GC(121)     Total                          Min: 0, Avg:  0.0, Max: 0, Diff: 0, Sum: 0, Workers: 4
[2330.412s][debug][gc,phases      ] GC(121)   StringDedup Requests1 Weak     Min:  0.0, Avg:  0.0, Max:  0.0, Diff:  0.0, Sum:  0.0, Workers: 4
[2330.412s][debug][gc,phases      ] GC(121)     Dead                           Min: 0, Avg:  0.0, Max: 0, Diff: 0, Sum: 0, Workers: 4
[2330.412s][debug][gc,phases      ] GC(121)     Total                          Min: 0, Avg:  0.0, Max: 0, Diff: 0, Sum: 0, Workers: 4
[2330.412s][debug][gc,phases      ] GC(121)   Weak JFR Old Object Samples    Min:  0.0, Avg:  0.0, Max:  0.0, Diff:  0.0, Sum:  0.0, Workers: 4
[2330.412s][debug][gc,phases      ] GC(121)     Dead                           Min: 0, Avg:  0.0, Max: 0, Diff: 0, Sum: 0, Workers: 4
[2330.412s][debug][gc,phases      ] GC(121)     Total                          Min: 0, Avg:  0.0, Max: 0, Diff: 0, Sum: 0, Workers: 4
[2330.412s][debug][gc,phases      ] GC(121) Weak Processing 0.321ms
[2330.412s][debug][gc,age         ] GC(121) Desired survivor size 101187584 bytes, new threshold 15 (max threshold 15)
[2330.412s][info ][gc,heap        ] GC(121) PSYoungGen: 1889312K(1992704K)->6720K(1987072K) Eden: 1882624K(1882624K)->0K(1882624K) From: 6688K(110080K)->6720K(104448K)
[2330.412s][info ][gc,heap        ] GC(121) ParOldGen: 768360K(804864K)->768436K(804864K)
[2330.412s][info ][gc,metaspace   ] GC(121) Metaspace: 84311K(85440K)->84311K(85440K) NonClass: 72332K(72960K)->72332K(72960K) Class: 11978K(12480K)->11978K(12480K)
[2330.412s][info ][gc             ] GC(121) Pause Young (Allocation Failure) 2595M->756M(2726M) 10.086ms
[2330.412s][info ][gc,cpu         ] GC(121) User=0.03s Sys=0.00s Real=0.01s
[2330.412s][info ][safepoint      ] Safepoint "ParallelGCFailedAllocation", Time since last: 1793189337 ns, Reaching safepoint: 30402 ns, At safepoint: 10173722 ns, Total: 10204124 ns
[2333.413s][info ][safepoint      ] Safepoint "Cleanup", Time since last: 3000206217 ns, Reaching safepoint: 165912 ns, At safepoint: 17301 ns, Total: 183213 ns
[2334.177s][info ][safepoint      ] Safepoint "ParallelGCFailedAllocation", Time since last: 763919264 ns, Reaching safepoint: 154211 ns, At safepoint: 20701 ns, Total: 174912 ns
[2334.177s][info ][gc,start       ] GC(122) Pause Young (GCLocker Initiated GC)
[2334.217s][debug][gc,phases      ] GC(122) Scavenge 40.445ms
[2334.217s][debug][gc,ref         ] GC(122) Skipped phase 1 of Reference Processing: no references
[2334.217s][debug][gc,ref         ] GC(122) ReferenceProcessor::execute queues: 1, RefProcThreadModel::Single, marks_oops_alive: false
[2334.217s][debug][gc,ref         ] GC(122) Skipped phase 3 of Reference Processing: no references
[2334.217s][debug][gc,ref         ] GC(122) ReferenceProcessor::execute queues: 1, RefProcThreadModel::Single, marks_oops_alive: false
[2334.217s][debug][gc,phases      ] GC(122) Reference Processing 0.105ms
[2334.218s][debug][gc,phases      ] GC(122)   VM Weak                        Min:  0.0, Avg:  0.0, Max:  0.0, Diff:  0.0, Sum:  0.0, Workers: 4
[2334.218s][debug][gc,phases      ] GC(122)     Dead                           Min: 0, Avg:  0.0, Max: 0, Diff: 0, Sum: 0, Workers: 4
[2334.218s][debug][gc,phases      ] GC(122)     Total                          Min: 0, Avg: 229.8, Max: 512, Diff: 512, Sum: 919, Workers: 4
[2334.218s][debug][gc,phases      ] GC(122)   ObjectSynchronizer Weak        Min:  0.0, Avg:  0.0, Max:  0.0, Diff:  0.0, Sum:  0.0, Workers: 4
[2334.218s][debug][gc,phases      ] GC(122)     Dead                           Min: 0, Avg:  0.0, Max: 0, Diff: 0, Sum: 0, Workers: 4
[2334.218s][debug][gc,phases      ] GC(122)     Total                          Min: 0, Avg: 25.5, Max: 102, Diff: 102, Sum: 102, Workers: 4
[2334.218s][debug][gc,phases      ] GC(122)   JVMTI Tag Weak OopStorage      Min:  0.0, Avg:  0.0, Max:  0.0, Diff:  0.0, Sum:  0.0, Workers: 4
[2334.218s][debug][gc,phases      ] GC(122)     Dead                           Min: 0, Avg:  0.0, Max: 0, Diff: 0, Sum: 0, Workers: 4
[2334.218s][debug][gc,phases      ] GC(122)     Total                          Min: 0, Avg:  0.0, Max: 0, Diff: 0, Sum: 0, Workers: 4
[2334.218s][debug][gc,phases      ] GC(122)   StringTable Weak               Min:  0.0, Avg:  0.1, Max:  0.1, Diff:  0.1, Sum:  0.4, Workers: 4
[2334.218s][debug][gc,phases      ] GC(122)     Dead                           Min: 0, Avg:  0.0, Max: 0, Diff: 0, Sum: 0, Workers: 4
[2334.218s][debug][gc,phases      ] GC(122)     Total                          Min: 0, Avg: 11017.5, Max: 15079, Diff: 15079, Sum: 44070, Workers: 4
[2334.218s][debug][gc,phases      ] GC(122)   ResolvedMethodTable Weak       Min:  0.0, Avg:  0.0, Max:  0.0, Diff:  0.0, Sum:  0.1, Workers: 4
[2334.218s][debug][gc,phases      ] GC(122)     Dead                           Min: 0, Avg:  0.0, Max: 0, Diff: 0, Sum: 0, Workers: 4
[2334.218s][debug][gc,phases      ] GC(122)     Total                          Min: 0, Avg: 2524.5, Max: 3507, Diff: 3507, Sum: 10098, Workers: 4
[2334.218s][debug][gc,phases      ] GC(122)   JNI Weak                       Min:  0.0, Avg:  0.0, Max:  0.0, Diff:  0.0, Sum:  0.0, Workers: 4
[2334.218s][debug][gc,phases      ] GC(122)     Dead                           Min: 0, Avg:  0.0, Max: 0, Diff: 0, Sum: 0, Workers: 4
[2334.218s][debug][gc,phases      ] GC(122)     Total                          Min: 0, Avg: 11.2, Max: 45, Diff: 45, Sum: 45, Workers: 4
[2334.218s][debug][gc,phases      ] GC(122)   StringDedup Table Weak         Min:  0.0, Avg:  0.0, Max:  0.0, Diff:  0.0, Sum:  0.0, Workers: 4
[2334.218s][debug][gc,phases      ] GC(122)     Dead                           Min: 0, Avg:  0.0, Max: 0, Diff: 0, Sum: 0, Workers: 4
[2334.218s][debug][gc,phases      ] GC(122)     Total                          Min: 0, Avg:  0.0, Max: 0, Diff: 0, Sum: 0, Workers: 4
[2334.218s][debug][gc,phases      ] GC(122)   StringDedup Requests0 Weak     Min:  0.0, Avg:  0.0, Max:  0.0, Diff:  0.0, Sum:  0.0, Workers: 4
[2334.218s][debug][gc,phases      ] GC(122)     Dead                           Min: 0, Avg:  0.0, Max: 0, Diff: 0, Sum: 0, Workers: 4
[2334.218s][debug][gc,phases      ] GC(122)     Total                          Min: 0, Avg:  0.0, Max: 0, Diff: 0, Sum: 0, Workers: 4
[2334.218s][debug][gc,phases      ] GC(122)   StringDedup Requests1 Weak     Min:  0.0, Avg:  0.0, Max:  0.0, Diff:  0.0, Sum:  0.0, Workers: 4
[2334.218s][debug][gc,phases      ] GC(122)     Dead                           Min: 0, Avg:  0.0, Max: 0, Diff: 0, Sum: 0, Workers: 4
[2334.218s][debug][gc,phases      ] GC(122)     Total                          Min: 0, Avg:  0.0, Max: 0, Diff: 0, Sum: 0, Workers: 4
[2334.218s][debug][gc,phases      ] GC(122)   Weak JFR Old Object Samples    Min:  0.0, Avg:  0.0, Max:  0.0, Diff:  0.0, Sum:  0.0, Workers: 4
[2334.218s][debug][gc,phases      ] GC(122)     Dead                           Min: 0, Avg:  0.0, Max: 0, Diff: 0, Sum: 0, Workers: 4
[2334.218s][debug][gc,phases      ] GC(122)     Total                          Min: 0, Avg:  0.0, Max: 0, Diff: 0, Sum: 0, Workers: 4
[2334.218s][debug][gc,phases      ] GC(122) Weak Processing 0.394ms
[2334.218s][debug][gc,age         ] GC(122) Desired survivor size 125829120 bytes, new threshold 14 (max threshold 15)
[2334.218s][info ][gc,heap        ] GC(122) PSYoungGen: 1889344K(1987072K)->98800K(1950208K) Eden: 1882624K(1882624K)->0K(1851392K) From: 6720K(104448K)->98800K(98816K)
[2334.218s][info ][gc,heap        ] GC(122) ParOldGen: 768437K(804864K)->776429K(804864K)
[2334.218s][info ][gc,metaspace   ] GC(122) Metaspace: 84327K(85440K)->84327K(85440K) NonClass: 72348K(72960K)->72348K(72960K) Class: 11978K(12480K)->11978K(12480K)
[2334.218s][info ][gc             ] GC(122) Pause Young (GCLocker Initiated GC) 2595M->854M(2690M) 41.066ms
[2334.218s][info ][gc,cpu         ] GC(122) User=0.14s Sys=0.00s Real=0.04s
[2334.218s][info ][safepoint      ] Safepoint "ParallelGCSystemGC", Time since last: 118709 ns, Reaching safepoint: 92606 ns, At safepoint: 41149818 ns, Total: 41242424 ns
[2335.218s][info ][safepoint      ] Safepoint "Cleanup", Time since last: 1000076808 ns, Reaching safepoint: 162511 ns, At safepoint: 12001 ns, Total: 174512 ns
[2336.218s][info ][safepoint      ] Safepoint "Cleanup", Time since last: 1000097510 ns, Reaching safepoint: 75705 ns, At safepoint: 4300 ns, Total: 80005 ns
[2337.219s][info ][safepoint      ] Safepoint "Cleanup", Time since last: 1000105611 ns, Reaching safepoint: 56704 ns, At safepoint: 3100 ns, Total: 59804 ns
[2338.219s][info ][safepoint      ] Safepoint "Cleanup", Time since last: 1000114312 ns, Reaching safepoint: 52204 ns, At safepoint: 3100 ns, Total: 55304 ns
[2339.219s][info ][safepoint      ] Safepoint "Cleanup", Time since last: 1000122613 ns, Reaching safepoint: 38103 ns, At safepoint: 3000 ns, Total: 41103 ns
[2340.219s][info ][safepoint      ] Safepoint "Cleanup", Time since last: 1000103712 ns, Reaching safepoint: 65805 ns, At safepoint: 3300 ns, Total: 69105 ns
[2341.219s][info ][safepoint      ] Safepoint "Cleanup", Time since last: 1000109113 ns, Reaching safepoint: 47003 ns, At safepoint: 7101 ns, Total: 54104 ns
[2341.752s][info ][gc,start       ] GC(123) Pause Young (Allocation Failure)
[2341.806s][debug][gc,phases      ] GC(123) Scavenge 53.402ms
[2341.806s][debug][gc,ref         ] GC(123) Skipped phase 1 of Reference Processing: no references
[2341.806s][debug][gc,ref         ] GC(123) ReferenceProcessor::execute queues: 1, RefProcThreadModel::Single, marks_oops_alive: false
[2341.806s][debug][gc,ref         ] GC(123) Skipped phase 3 of Reference Processing: no references
[2341.806s][debug][gc,ref         ] GC(123) ReferenceProcessor::execute queues: 1, RefProcThreadModel::Single, marks_oops_alive: false
[2341.806s][debug][gc,phases      ] GC(123) Reference Processing 0.128ms
[2341.806s][debug][gc,phases      ] GC(123)   VM Weak                        Min:  0.0, Avg:  0.0, Max:  0.0, Diff:  0.0, Sum:  0.0, Workers: 4
[2341.806s][debug][gc,phases      ] GC(123)     Dead                           Min: 0, Avg:  0.0, Max: 0, Diff: 0, Sum: 0, Workers: 4
[2341.806s][debug][gc,phases      ] GC(123)     Total                          Min: 0, Avg: 233.0, Max: 548, Diff: 548, Sum: 932, Workers: 4
[2341.806s][debug][gc,phases      ] GC(123)   ObjectSynchronizer Weak        Min:  0.0, Avg:  0.0, Max:  0.0, Diff:  0.0, Sum:  0.0, Workers: 4
[2341.806s][debug][gc,phases      ] GC(123)     Dead                           Min: 0, Avg:  0.0, Max: 0, Diff: 0, Sum: 0, Workers: 4
[2341.806s][debug][gc,phases      ] GC(123)     Total                          Min: 0, Avg: 25.5, Max: 64, Diff: 64, Sum: 102, Workers: 4
[2341.806s][debug][gc,phases      ] GC(123)   JVMTI Tag Weak OopStorage      Min:  0.0, Avg:  0.0, Max:  0.0, Diff:  0.0, Sum:  0.0, Workers: 4
[2341.806s][debug][gc,phases      ] GC(123)     Dead                           Min: 0, Avg:  0.0, Max: 0, Diff: 0, Sum: 0, Workers: 4
[2341.806s][debug][gc,phases      ] GC(123)     Total                          Min: 0, Avg:  0.0, Max: 0, Diff: 0, Sum: 0, Workers: 4
[2341.806s][debug][gc,phases      ] GC(123)   StringTable Weak               Min:  0.0, Avg:  0.1, Max:  0.1, Diff:  0.1, Sum:  0.4, Workers: 4
[2341.806s][debug][gc,phases      ] GC(123)     Dead                           Min: 0, Avg:  0.2, Max: 1, Diff: 1, Sum: 1, Workers: 4
[2341.806s][debug][gc,phases      ] GC(123)     Total                          Min: 0, Avg: 11025.5, Max: 14982, Diff: 14982, Sum: 44102, Workers: 4
[2341.806s][debug][gc,phases      ] GC(123)   ResolvedMethodTable Weak       Min:  0.0, Avg:  0.0, Max:  0.0, Diff:  0.0, Sum:  0.1, Workers: 4
[2341.806s][debug][gc,phases      ] GC(123)     Dead                           Min: 0, Avg:  0.0, Max: 0, Diff: 0, Sum: 0, Workers: 4
[2341.806s][debug][gc,phases      ] GC(123)     Total                          Min: 0, Avg: 2541.0, Max: 3775, Diff: 3775, Sum: 10164, Workers: 4
[2341.806s][debug][gc,phases      ] GC(123)   JNI Weak                       Min:  0.0, Avg:  0.0, Max:  0.0, Diff:  0.0, Sum:  0.0, Workers: 4
[2341.806s][debug][gc,phases      ] GC(123)     Dead                           Min: 0, Avg:  0.0, Max: 0, Diff: 0, Sum: 0, Workers: 4
[2341.806s][debug][gc,phases      ] GC(123)     Total                          Min: 0, Avg: 11.2, Max: 45, Diff: 45, Sum: 45, Workers: 4
[2341.806s][debug][gc,phases      ] GC(123)   StringDedup Table Weak         Min:  0.0, Avg:  0.0, Max:  0.0, Diff:  0.0, Sum:  0.0, Workers: 4
[2341.806s][debug][gc,phases      ] GC(123)     Dead                           Min: 0, Avg:  0.0, Max: 0, Diff: 0, Sum: 0, Workers: 4
[2341.806s][debug][gc,phases      ] GC(123)     Total                          Min: 0, Avg:  0.0, Max: 0, Diff: 0, Sum: 0, Workers: 4
[2341.806s][debug][gc,phases      ] GC(123)   StringDedup Requests0 Weak     Min:  0.0, Avg:  0.0, Max:  0.0, Diff:  0.0, Sum:  0.0, Workers: 4
[2341.806s][debug][gc,phases      ] GC(123)     Dead                           Min: 0, Avg:  0.0, Max: 0, Diff: 0, Sum: 0, Workers: 4
[2341.806s][debug][gc,phases      ] GC(123)     Total                          Min: 0, Avg:  0.0, Max: 0, Diff: 0, Sum: 0, Workers: 4
[2341.806s][debug][gc,phases      ] GC(123)   StringDedup Requests1 Weak     Min:  0.0, Avg:  0.0, Max:  0.0, Diff:  0.0, Sum:  0.0, Workers: 4
[2341.806s][debug][gc,phases      ] GC(123)     Dead                           Min: 0, Avg:  0.0, Max: 0, Diff: 0, Sum: 0, Workers: 4
[2341.806s][debug][gc,phases      ] GC(123)     Total                          Min: 0, Avg:  0.0, Max: 0, Diff: 0, Sum: 0, Workers: 4
[2341.806s][debug][gc,phases      ] GC(123)   Weak JFR Old Object Samples    Min:  0.0, Avg:  0.0, Max:  0.0, Diff:  0.0, Sum:  0.0, Workers: 4
[2341.806s][debug][gc,phases      ] GC(123)     Dead                           Min: 0, Avg:  0.0, Max: 0, Diff: 0, Sum: 0, Workers: 4
[2341.806s][debug][gc,phases      ] GC(123)     Total                          Min: 0, Avg:  0.0, Max: 0, Diff: 0, Sum: 0, Workers: 4
[2341.806s][debug][gc,phases      ] GC(123) Weak Processing 0.382ms
[2341.806s][debug][gc,age         ] GC(123) Desired survivor size 163053568 bytes, new threshold 13 (max threshold 15)
[2341.806s][info ][gc,heap        ] GC(123) PSYoungGen: 1950192K(1950208K)->122858K(1974272K) Eden: 1851392K(1851392K)->0K(1851392K) From: 98800K(98816K)->122858K(122880K)
[2341.806s][info ][gc,heap        ] GC(123) ParOldGen: 776430K(804864K)->806358K(806400K)
[2341.806s][info ][gc,metaspace   ] GC(123) Metaspace: 84457K(85632K)->84457K(85632K) NonClass: 72453K(73088K)->72453K(73088K) Class: 12003K(12544K)->12003K(12544K)
[2341.806s][info ][gc             ] GC(123) Pause Young (Allocation Failure) 2662M->907M(2715M) 54.044ms
[2341.806s][info ][gc,cpu         ] GC(123) User=0.19s Sys=0.01s Real=0.05s
[2341.806s][debug][gc,phases      ] GC(124) Pre Compact 0.043ms
[2341.806s][info ][gc,start       ] GC(124) Pause Full (Ergonomics)
[2341.806s][info ][gc,phases,start] GC(124) Marking Phase
[2341.978s][debug][gc,phases      ] GC(124) Par Mark 171.211ms
[2341.978s][debug][gc,ref         ] GC(124) Skipped phase 1 of Reference Processing: no references
[2341.978s][debug][gc,ref         ] GC(124) ReferenceProcessor::execute queues: 4, RefProcThreadModel::Multi, marks_oops_alive: false
[2341.978s][debug][gc,ref         ] GC(124) Skipped phase 3 of Reference Processing: no references
[2341.978s][debug][gc,ref         ] GC(124) ReferenceProcessor::execute queues: 1, RefProcThreadModel::Single, marks_oops_alive: false
[2341.978s][debug][gc,phases      ] GC(124) Reference Processing 0.804ms
[2341.979s][debug][gc,phases      ] GC(124)   VM Weak                        Min:  0.0, Avg:  0.0, Max:  0.0, Diff:  0.0, Sum:  0.0, Workers: 4
[2341.979s][debug][gc,phases      ] GC(124)     Dead                           Min: 0, Avg:  0.0, Max: 0, Diff: 0, Sum: 0, Workers: 4
[2341.979s][debug][gc,phases      ] GC(124)     Total                          Min: 0, Avg: 233.0, Max: 448, Diff: 448, Sum: 932, Workers: 4
[2341.979s][debug][gc,phases      ] GC(124)   ObjectSynchronizer Weak        Min:  0.0, Avg:  0.0, Max:  0.0, Diff:  0.0, Sum:  0.0, Workers: 4
[2341.979s][debug][gc,phases      ] GC(124)     Dead                           Min: 0, Avg:  0.0, Max: 0, Diff: 0, Sum: 0, Workers: 4
[2341.979s][debug][gc,phases      ] GC(124)     Total                          Min: 0, Avg: 25.5, Max: 64, Diff: 64, Sum: 102, Workers: 4
[2341.979s][debug][gc,phases      ] GC(124)   JVMTI Tag Weak OopStorage      Min:  0.0, Avg:  0.0, Max:  0.0, Diff:  0.0, Sum:  0.0, Workers: 4
[2341.979s][debug][gc,phases      ] GC(124)     Dead                           Min: 0, Avg:  0.0, Max: 0, Diff: 0, Sum: 0, Workers: 4
[2341.979s][debug][gc,phases      ] GC(124)     Total                          Min: 0, Avg:  0.0, Max: 0, Diff: 0, Sum: 0, Workers: 4
[2341.979s][debug][gc,phases      ] GC(124)   StringTable Weak               Min:  0.0, Avg:  0.2, Max:  0.2, Diff:  0.2, Sum:  0.6, Workers: 4
[2341.979s][debug][gc,phases      ] GC(124)     Dead                           Min: 0, Avg:  0.0, Max: 0, Diff: 0, Sum: 0, Workers: 4
[2341.979s][debug][gc,phases      ] GC(124)     Total                          Min: 0, Avg: 11025.5, Max: 16646, Diff: 16646, Sum: 44102, Workers: 4
[2341.979s][debug][gc,phases      ] GC(124)   ResolvedMethodTable Weak       Min:  0.0, Avg:  0.0, Max:  0.0, Diff:  0.0, Sum:  0.1, Workers: 4
[2341.979s][debug][gc,phases      ] GC(124)     Dead                           Min: 0, Avg:  0.0, Max: 0, Diff: 0, Sum: 0, Workers: 4
[2341.979s][debug][gc,phases      ] GC(124)     Total                          Min: 0, Avg: 2541.0, Max: 3712, Diff: 3712, Sum: 10164, Workers: 4
[2341.979s][debug][gc,phases      ] GC(124)   JNI Weak                       Min:  0.0, Avg:  0.0, Max:  0.0, Diff:  0.0, Sum:  0.0, Workers: 4
[2341.979s][debug][gc,phases      ] GC(124)     Dead                           Min: 0, Avg:  0.0, Max: 0, Diff: 0, Sum: 0, Workers: 4
[2341.979s][debug][gc,phases      ] GC(124)     Total                          Min: 0, Avg: 11.2, Max: 45, Diff: 45, Sum: 45, Workers: 4
[2341.979s][debug][gc,phases      ] GC(124)   StringDedup Table Weak         Min:  0.0, Avg:  0.0, Max:  0.0, Diff:  0.0, Sum:  0.0, Workers: 4
[2341.979s][debug][gc,phases      ] GC(124)     Dead                           Min: 0, Avg:  0.0, Max: 0, Diff: 0, Sum: 0, Workers: 4
[2341.979s][debug][gc,phases      ] GC(124)     Total                          Min: 0, Avg:  0.0, Max: 0, Diff: 0, Sum: 0, Workers: 4
[2341.979s][debug][gc,phases      ] GC(124)   StringDedup Requests0 Weak     Min:  0.0, Avg:  0.0, Max:  0.0, Diff:  0.0, Sum:  0.0, Workers: 4
[2341.979s][debug][gc,phases      ] GC(124)     Dead                           Min: 0, Avg:  0.0, Max: 0, Diff: 0, Sum: 0, Workers: 4
[2341.979s][debug][gc,phases      ] GC(124)     Total                          Min: 0, Avg:  0.0, Max: 0, Diff: 0, Sum: 0, Workers: 4
[2341.979s][debug][gc,phases      ] GC(124)   StringDedup Requests1 Weak     Min:  0.0, Avg:  0.0, Max:  0.0, Diff:  0.0, Sum:  0.0, Workers: 4
[2341.979s][debug][gc,phases      ] GC(124)     Dead                           Min: 0, Avg:  0.0, Max: 0, Diff: 0, Sum: 0, Workers: 4
[2341.979s][debug][gc,phases      ] GC(124)     Total                          Min: 0, Avg:  0.0, Max: 0, Diff: 0, Sum: 0, Workers: 4
[2341.979s][debug][gc,phases      ] GC(124)   Weak JFR Old Object Samples    Min:  0.0, Avg:  0.0, Max:  0.0, Diff:  0.0, Sum:  0.0, Workers: 4
[2341.979s][debug][gc,phases      ] GC(124)     Dead                           Min: 0, Avg:  0.0, Max: 0, Diff: 0, Sum: 0, Workers: 4
[2341.979s][debug][gc,phases      ] GC(124)     Total                          Min: 0, Avg:  0.0, Max: 0, Diff: 0, Sum: 0, Workers: 4
[2341.979s][debug][gc,phases      ] GC(124) Weak Processing 0.445ms
[2341.979s][debug][gc,phases      ] GC(124) ClassLoaderData 0.119ms
[2341.979s][debug][gc,phases      ] GC(124) Trigger cleanups 0.000ms
[2342.002s][debug][gc,phases      ] GC(124) Class Unloading 23.048ms
[2342.002s][info ][gc,phases      ] GC(124) Marking Phase 195.730ms
[2342.002s][info ][gc,phases,start] GC(124) Summary Phase
[2342.002s][info ][gc,phases      ] GC(124) Summary Phase 0.025ms
[2342.002s][info ][gc,phases,start] GC(124) Adjust Roots
[2342.017s][info ][gc,phases      ] GC(124) Adjust Roots 15.306ms
[2342.017s][info ][gc,phases,start] GC(124) Compaction Phase
[2342.209s][info ][gc,phases      ] GC(124) Compaction Phase 191.320ms
[2342.209s][info ][gc,phases,start] GC(124) Post Compact
[2342.211s][info ][gc,phases      ] GC(124) Post Compact 2.535ms
[2342.212s][info ][gc,heap        ] GC(124) PSYoungGen: 122858K(1974272K)->0K(1901568K) Eden: 0K(1851392K)->0K(1778688K) From: 122858K(122880K)->0K(122880K)
[2342.212s][info ][gc,heap        ] GC(124) ParOldGen: 806358K(806400K)->580208K(764416K)
[2342.212s][info ][gc,metaspace   ] GC(124) Metaspace: 84457K(85632K)->84457K(85632K) NonClass: 72453K(73088K)->72453K(73088K) Class: 12003K(12544K)->12003K(12544K)
[2342.212s][info ][gc             ] GC(124) Pause Full (Ergonomics) 907M->566M(2603M) 405.392ms
[2342.212s][info ][gc,cpu         ] GC(124) User=1.40s Sys=0.01s Real=0.41s
[2342.212s][info ][safepoint      ] Safepoint "ParallelGCFailedAllocation", Time since last: 532764076 ns, Reaching safepoint: 84006 ns, At safepoint: 459623890 ns, Total: 459707896 ns
[2343.212s][info ][safepoint      ] Safepoint "Cleanup", Time since last: 1000103313 ns, Reaching safepoint: 131810 ns, At safepoint: 8100 ns, Total: 139910 ns
[2344.212s][info ][safepoint      ] Safepoint "Cleanup", Time since last: 1000105115 ns, Reaching safepoint: 123608 ns, At safepoint: 7801 ns, Total: 131409 ns
[2345.212s][info ][safepoint      ] Safepoint "Cleanup", Time since last: 1000126716 ns, Reaching safepoint: 121309 ns, At safepoint: 6600 ns, Total: 127909 ns
[2346.213s][info ][safepoint      ] Safepoint "Cleanup", Time since last: 1000121516 ns, Reaching safepoint: 122009 ns, At safepoint: 6400 ns, Total: 128409 ns
[2347.213s][info ][safepoint      ] Safepoint "Cleanup", Time since last: 1000111116 ns, Reaching safepoint: 119009 ns, At safepoint: 10501 ns, Total: 129510 ns
[2348.213s][info ][safepoint      ] Safepoint "Cleanup", Time since last: 1000114216 ns, Reaching safepoint: 130910 ns, At safepoint: 7600 ns, Total: 138510 ns
[2349.213s][info ][safepoint      ] Safepoint "Cleanup", Time since last: 1000109117 ns, Reaching safepoint: 112208 ns, At safepoint: 12801 ns, Total: 125009 ns
[2350.214s][info ][safepoint      ] Safepoint "Cleanup", Time since last: 1000096816 ns, Reaching safepoint: 125209 ns, At safepoint: 5800 ns, Total: 131009 ns
[2351.214s][info ][safepoint      ] Safepoint "Cleanup", Time since last: 1000098017 ns, Reaching safepoint: 49204 ns, At safepoint: 3500 ns, Total: 52704 ns
[2352.214s][info ][safepoint      ] Safepoint "Cleanup", Time since last: 1000109318 ns, Reaching safepoint: 260319 ns, At safepoint: 10101 ns, Total: 270420 ns
[2352.814s][info ][gc,start       ] GC(125) Pause Young (Allocation Failure)
[2352.836s][debug][gc,phases      ] GC(125) Scavenge 21.937ms
[2352.836s][debug][gc,ref         ] GC(125) Skipped phase 1 of Reference Processing: no references
[2352.836s][debug][gc,ref         ] GC(125) ReferenceProcessor::execute queues: 1, RefProcThreadModel::Single, marks_oops_alive: false
[2352.836s][debug][gc,ref         ] GC(125) Skipped phase 3 of Reference Processing: no references
[2352.836s][debug][gc,ref         ] GC(125) ReferenceProcessor::execute queues: 1, RefProcThreadModel::Single, marks_oops_alive: false
[2352.836s][debug][gc,phases      ] GC(125) Reference Processing 0.109ms
[2352.836s][debug][gc,phases      ] GC(125)   VM Weak                        Min:  0.0, Avg:  0.0, Max:  0.2, Diff:  0.2, Sum:  0.2, Workers: 4
[2352.836s][debug][gc,phases      ] GC(125)     Dead                           Min: 0, Avg:  0.0, Max: 0, Diff: 0, Sum: 0, Workers: 4
[2352.836s][debug][gc,phases      ] GC(125)     Total                          Min: 0, Avg: 233.0, Max: 704, Diff: 704, Sum: 932, Workers: 4
[2352.836s][debug][gc,phases      ] GC(125)   ObjectSynchronizer Weak        Min:  0.0, Avg:  0.0, Max:  0.0, Diff:  0.0, Sum:  0.0, Workers: 4
[2352.836s][debug][gc,phases      ] GC(125)     Dead                           Min: 0, Avg:  0.0, Max: 0, Diff: 0, Sum: 0, Workers: 4
[2352.836s][debug][gc,phases      ] GC(125)     Total                          Min: 0, Avg: 25.5, Max: 64, Diff: 64, Sum: 102, Workers: 4
[2352.836s][debug][gc,phases      ] GC(125)   JVMTI Tag Weak OopStorage      Min:  0.0, Avg:  0.0, Max:  0.0, Diff:  0.0, Sum:  0.0, Workers: 4
[2352.836s][debug][gc,phases      ] GC(125)     Dead                           Min: 0, Avg:  0.0, Max: 0, Diff: 0, Sum: 0, Workers: 4
[2352.836s][debug][gc,phases      ] GC(125)     Total                          Min: 0, Avg:  0.0, Max: 0, Diff: 0, Sum: 0, Workers: 4
[2352.836s][debug][gc,phases      ] GC(125)   StringTable Weak               Min:  0.0, Avg:  0.1, Max:  0.1, Diff:  0.1, Sum:  0.4, Workers: 4
[2352.836s][debug][gc,phases      ] GC(125)     Dead                           Min: 0, Avg:  0.2, Max: 1, Diff: 1, Sum: 1, Workers: 4
[2352.836s][debug][gc,phases      ] GC(125)     Total                          Min: 0, Avg: 11027.5, Max: 16191, Diff: 16191, Sum: 44110, Workers: 4
[2352.836s][debug][gc,phases      ] GC(125)   ResolvedMethodTable Weak       Min:  0.0, Avg:  0.0, Max:  0.0, Diff:  0.0, Sum:  0.1, Workers: 4
[2352.836s][debug][gc,phases      ] GC(125)     Dead                           Min: 0, Avg:  0.0, Max: 0, Diff: 0, Sum: 0, Workers: 4
[2352.836s][debug][gc,phases      ] GC(125)     Total                          Min: 0, Avg: 2543.5, Max: 3584, Diff: 3584, Sum: 10174, Workers: 4
[2352.836s][debug][gc,phases      ] GC(125)   JNI Weak                       Min:  0.0, Avg:  0.0, Max:  0.0, Diff:  0.0, Sum:  0.0, Workers: 4
[2352.836s][debug][gc,phases      ] GC(125)     Dead                           Min: 0, Avg:  0.0, Max: 0, Diff: 0, Sum: 0, Workers: 4
[2352.836s][debug][gc,phases      ] GC(125)     Total                          Min: 0, Avg: 11.2, Max: 45, Diff: 45, Sum: 45, Workers: 4
[2352.836s][debug][gc,phases      ] GC(125)   StringDedup Table Weak         Min:  0.0, Avg:  0.0, Max:  0.0, Diff:  0.0, Sum:  0.0, Workers: 4
[2352.836s][debug][gc,phases      ] GC(125)     Dead                           Min: 0, Avg:  0.0, Max: 0, Diff: 0, Sum: 0, Workers: 4
[2352.836s][debug][gc,phases      ] GC(125)     Total                          Min: 0, Avg:  0.0, Max: 0, Diff: 0, Sum: 0, Workers: 4
[2352.836s][debug][gc,phases      ] GC(125)   StringDedup Requests0 Weak     Min:  0.0, Avg:  0.0, Max:  0.0, Diff:  0.0, Sum:  0.0, Workers: 4
[2352.836s][debug][gc,phases      ] GC(125)     Dead                           Min: 0, Avg:  0.0, Max: 0, Diff: 0, Sum: 0, Workers: 4
[2352.836s][debug][gc,phases      ] GC(125)     Total                          Min: 0, Avg:  0.0, Max: 0, Diff: 0, Sum: 0, Workers: 4
[2352.836s][debug][gc,phases      ] GC(125)   StringDedup Requests1 Weak     Min:  0.0, Avg:  0.0, Max:  0.0, Diff:  0.0, Sum:  0.0, Workers: 4
[2352.836s][debug][gc,phases      ] GC(125)     Dead                           Min: 0, Avg:  0.0, Max: 0, Diff: 0, Sum: 0, Workers: 4
[2352.836s][debug][gc,phases      ] GC(125)     Total                          Min: 0, Avg:  0.0, Max: 0, Diff: 0, Sum: 0, Workers: 4
[2352.836s][debug][gc,phases      ] GC(125)   Weak JFR Old Object Samples    Min:  0.0, Avg:  0.0, Max:  0.0, Diff:  0.0, Sum:  0.0, Workers: 4
[2352.836s][debug][gc,phases      ] GC(125)     Dead                           Min: 0, Avg:  0.0, Max: 0, Diff: 0, Sum: 0, Workers: 4
[2352.836s][debug][gc,phases      ] GC(125)     Total                          Min: 0, Avg:  0.0, Max: 0, Diff: 0, Sum: 0, Workers: 4
[2352.836s][debug][gc,phases      ] GC(125) Weak Processing 0.373ms
[2352.836s][debug][gc,age         ] GC(125) Desired survivor size 152567808 bytes, new threshold 14 (max threshold 15)
[2352.836s][info ][gc,heap        ] GC(125) PSYoungGen: 1778688K(1901568K)->33584K(1937920K) Eden: 1778688K(1778688K)->0K(1778688K) From: 0K(122880K)->33584K(159232K)
[2352.836s][info ][gc,heap        ] GC(125) ParOldGen: 580208K(764416K)->580208K(764416K)
[2352.836s][info ][gc,metaspace   ] GC(125) Metaspace: 84514K(85696K)->84514K(85696K) NonClass: 72506K(73152K)->72506K(73152K) Class: 12008K(12544K)->12008K(12544K)
[2352.836s][info ][gc             ] GC(125) Pause Young (Allocation Failure) 2303M->599M(2639M) 22.550ms
[2352.836s][info ][gc,cpu         ] GC(125) User=0.06s Sys=0.00s Real=0.02s
[2352.836s][info ][safepoint      ] Safepoint "ParallelGCFailedAllocation", Time since last: 599494410 ns, Reaching safepoint: 109708 ns, At safepoint: 22630605 ns, Total: 22740313 ns
[2353.837s][info ][safepoint      ] Safepoint "Cleanup", Time since last: 1000082417 ns, Reaching safepoint: 53504 ns, At safepoint: 3600 ns, Total: 57104 ns
[2354.837s][info ][safepoint      ] Safepoint "Cleanup", Time since last: 1000100219 ns, Reaching safepoint: 70505 ns, At safepoint: 2700 ns, Total: 73205 ns
[2355.837s][info ][safepoint      ] Safepoint "Cleanup", Time since last: 1000134222 ns, Reaching safepoint: 53603 ns, At safepoint: 2301 ns, Total: 55904 ns
[2356.837s][info ][safepoint      ] Safepoint "Cleanup", Time since last: 1000083618 ns, Reaching safepoint: 49904 ns, At safepoint: 6500 ns, Total: 56404 ns
[2357.837s][info ][safepoint      ] Safepoint "Cleanup", Time since last: 1000097520 ns, Reaching safepoint: 56504 ns, At safepoint: 3000 ns, Total: 59504 ns
[2358.837s][info ][safepoint      ] Safepoint "Cleanup", Time since last: 1000125323 ns, Reaching safepoint: 28802 ns, At safepoint: 2400 ns, Total: 31202 ns
[2359.838s][info ][safepoint      ] Safepoint "Cleanup", Time since last: 1000115922 ns, Reaching safepoint: 123209 ns, At safepoint: 16901 ns, Total: 140110 ns
[2359.956s][info ][gc,start       ] GC(126) Pause Young (Allocation Failure)
[2360.000s][debug][gc,phases      ] GC(126) Scavenge 44.238ms
[2360.000s][debug][gc,ref         ] GC(126) Skipped phase 1 of Reference Processing: no references
[2360.000s][debug][gc,ref         ] GC(126) ReferenceProcessor::execute queues: 1, RefProcThreadModel::Single, marks_oops_alive: false
[2360.000s][debug][gc,ref         ] GC(126) Skipped phase 3 of Reference Processing: no references
[2360.000s][debug][gc,ref         ] GC(126) ReferenceProcessor::execute queues: 1, RefProcThreadModel::Single, marks_oops_alive: false
[2360.000s][debug][gc,phases      ] GC(126) Reference Processing 0.125ms
[2360.000s][debug][gc,phases      ] GC(126)   VM Weak                        Min:  0.0, Avg:  0.0, Max:  0.0, Diff:  0.0, Sum:  0.0, Workers: 4
[2360.000s][debug][gc,phases      ] GC(126)     Dead                           Min: 0, Avg:  0.0, Max: 0, Diff: 0, Sum: 0, Workers: 4
[2360.000s][debug][gc,phases      ] GC(126)     Total                          Min: 0, Avg: 233.0, Max: 484, Diff: 484, Sum: 932, Workers: 4
[2360.001s][debug][gc,phases      ] GC(126)   ObjectSynchronizer Weak        Min:  0.0, Avg:  0.0, Max:  0.0, Diff:  0.0, Sum:  0.0, Workers: 4
[2360.001s][debug][gc,phases      ] GC(126)     Dead                           Min: 0, Avg:  0.0, Max: 0, Diff: 0, Sum: 0, Workers: 4
[2360.001s][debug][gc,phases      ] GC(126)     Total                          Min: 0, Avg: 25.5, Max: 64, Diff: 64, Sum: 102, Workers: 4
[2360.001s][debug][gc,phases      ] GC(126)   JVMTI Tag Weak OopStorage      Min:  0.0, Avg:  0.0, Max:  0.0, Diff:  0.0, Sum:  0.0, Workers: 4
[2360.001s][debug][gc,phases      ] GC(126)     Dead                           Min: 0, Avg:  0.0, Max: 0, Diff: 0, Sum: 0, Workers: 4
[2360.001s][debug][gc,phases      ] GC(126)     Total                          Min: 0, Avg:  0.0, Max: 0, Diff: 0, Sum: 0, Workers: 4
[2360.001s][debug][gc,phases      ] GC(126)   StringTable Weak               Min:  0.0, Avg:  0.1, Max:  0.1, Diff:  0.1, Sum:  0.4, Workers: 4
[2360.001s][debug][gc,phases      ] GC(126)     Dead                           Min: 0, Avg:  0.0, Max: 0, Diff: 0, Sum: 0, Workers: 4
[2360.001s][debug][gc,phases      ] GC(126)     Total                          Min: 0, Avg: 11031.2, Max: 15326, Diff: 15326, Sum: 44125, Workers: 4
[2360.001s][debug][gc,phases      ] GC(126)   ResolvedMethodTable Weak       Min:  0.0, Avg:  0.0, Max:  0.0, Diff:  0.0, Sum:  0.1, Workers: 4
[2360.001s][debug][gc,phases      ] GC(126)     Dead                           Min: 0, Avg:  0.0, Max: 0, Diff: 0, Sum: 0, Workers: 4
[2360.001s][debug][gc,phases      ] GC(126)     Total                          Min: 0, Avg: 2544.0, Max: 3584, Diff: 3584, Sum: 10176, Workers: 4
[2360.001s][debug][gc,phases      ] GC(126)   JNI Weak                       Min:  0.0, Avg:  0.0, Max:  0.0, Diff:  0.0, Sum:  0.0, Workers: 4
[2360.001s][debug][gc,phases      ] GC(126)     Dead                           Min: 0, Avg:  0.0, Max: 0, Diff: 0, Sum: 0, Workers: 4
[2360.001s][debug][gc,phases      ] GC(126)     Total                          Min: 0, Avg: 11.2, Max: 45, Diff: 45, Sum: 45, Workers: 4
[2360.001s][debug][gc,phases      ] GC(126)   StringDedup Table Weak         Min:  0.0, Avg:  0.0, Max:  0.0, Diff:  0.0, Sum:  0.0, Workers: 4
[2360.001s][debug][gc,phases      ] GC(126)     Dead                           Min: 0, Avg:  0.0, Max: 0, Diff: 0, Sum: 0, Workers: 4
[2360.001s][debug][gc,phases      ] GC(126)     Total                          Min: 0, Avg:  0.0, Max: 0, Diff: 0, Sum: 0, Workers: 4
[2360.001s][debug][gc,phases      ] GC(126)   StringDedup Requests0 Weak     Min:  0.0, Avg:  0.0, Max:  0.0, Diff:  0.0, Sum:  0.0, Workers: 4
[2360.001s][debug][gc,phases      ] GC(126)     Dead                           Min: 0, Avg:  0.0, Max: 0, Diff: 0, Sum: 0, Workers: 4
[2360.001s][debug][gc,phases      ] GC(126)     Total                          Min: 0, Avg:  0.0, Max: 0, Diff: 0, Sum: 0, Workers: 4
[2360.001s][debug][gc,phases      ] GC(126)   StringDedup Requests1 Weak     Min:  0.0, Avg:  0.0, Max:  0.0, Diff:  0.0, Sum:  0.0, Workers: 4
[2360.001s][debug][gc,phases      ] GC(126)     Dead                           Min: 0, Avg:  0.0, Max: 0, Diff: 0, Sum: 0, Workers: 4
[2360.001s][debug][gc,phases      ] GC(126)     Total                          Min: 0, Avg:  0.0, Max: 0, Diff: 0, Sum: 0, Workers: 4
[2360.001s][debug][gc,phases      ] GC(126)   Weak JFR Old Object Samples    Min:  0.0, Avg:  0.0, Max:  0.0, Diff:  0.0, Sum:  0.0, Workers: 4
[2360.001s][debug][gc,phases      ] GC(126)     Dead                           Min: 0, Avg:  0.0, Max: 0, Diff: 0, Sum: 0, Workers: 4
[2360.001s][debug][gc,phases      ] GC(126)     Total                          Min: 0, Avg:  0.0, Max: 0, Diff: 0, Sum: 0, Workers: 4
[2360.001s][debug][gc,phases      ] GC(126) Weak Processing 0.395ms
[2360.001s][debug][gc,age         ] GC(126) Desired survivor size 169345024 bytes, new threshold 15 (max threshold 15)
[2360.001s][info ][gc,heap        ] GC(126) PSYoungGen: 1812272K(1937920K)->114961K(1915392K) Eden: 1778688K(1778688K)->0K(1766400K) From: 33584K(159232K)->114961K(148992K)
[2360.001s][info ][gc,heap        ] GC(126) ParOldGen: 580208K(764416K)->580208K(764416K)
[2360.001s][info ][gc,metaspace   ] GC(126) Metaspace: 84533K(85696K)->84533K(85696K) NonClass: 72523K(73152K)->72523K(73152K) Class: 12010K(12544K)->12010K(12544K)
[2360.001s][info ][gc             ] GC(126) Pause Young (Allocation Failure) 2336M->678M(2617M) 44.893ms
[2360.001s][info ][gc,cpu         ] GC(126) User=0.17s Sys=0.00s Real=0.05s
[2360.001s][info ][safepoint      ] Safepoint "ParallelGCFailedAllocation", Time since last: 118009069 ns, Reaching safepoint: 111008 ns, At safepoint: 44975889 ns, Total: 45086897 ns
[2361.001s][info ][safepoint      ] Safepoint "Cleanup", Time since last: 1000084121 ns, Reaching safepoint: 117108 ns, At safepoint: 14101 ns, Total: 131209 ns
[2361.436s][info ][gc,start       ] GC(127) Pause Young (Allocation Failure)
[2361.473s][debug][gc,phases      ] GC(127) Scavenge 36.739ms
[2361.473s][debug][gc,ref         ] GC(127) Skipped phase 1 of Reference Processing: no references
[2361.473s][debug][gc,ref         ] GC(127) ReferenceProcessor::execute queues: 1, RefProcThreadModel::Single, marks_oops_alive: false
[2361.473s][debug][gc,ref         ] GC(127) Skipped phase 3 of Reference Processing: no references
[2361.473s][debug][gc,ref         ] GC(127) ReferenceProcessor::execute queues: 1, RefProcThreadModel::Single, marks_oops_alive: false
[2361.473s][debug][gc,phases      ] GC(127) Reference Processing 0.104ms
[2361.474s][debug][gc,phases      ] GC(127)   VM Weak                        Min:  0.0, Avg:  0.0, Max:  0.0, Diff:  0.0, Sum:  0.0, Workers: 4
[2361.474s][debug][gc,phases      ] GC(127)     Dead                           Min: 0, Avg:  0.0, Max: 0, Diff: 0, Sum: 0, Workers: 4
[2361.474s][debug][gc,phases      ] GC(127)     Total                          Min: 0, Avg: 233.0, Max: 576, Diff: 576, Sum: 932, Workers: 4
[2361.474s][debug][gc,phases      ] GC(127)   ObjectSynchronizer Weak        Min:  0.0, Avg:  0.0, Max:  0.0, Diff:  0.0, Sum:  0.0, Workers: 4
[2361.474s][debug][gc,phases      ] GC(127)     Dead                           Min: 0, Avg:  0.0, Max: 0, Diff: 0, Sum: 0, Workers: 4
[2361.474s][debug][gc,phases      ] GC(127)     Total                          Min: 0, Avg: 25.5, Max: 64, Diff: 64, Sum: 102, Workers: 4
[2361.474s][debug][gc,phases      ] GC(127)   JVMTI Tag Weak OopStorage      Min:  0.0, Avg:  0.0, Max:  0.0, Diff:  0.0, Sum:  0.0, Workers: 4
[2361.474s][debug][gc,phases      ] GC(127)     Dead                           Min: 0, Avg:  0.0, Max: 0, Diff: 0, Sum: 0, Workers: 4
[2361.474s][debug][gc,phases      ] GC(127)     Total                          Min: 0, Avg:  0.0, Max: 0, Diff: 0, Sum: 0, Workers: 4
[2361.474s][debug][gc,phases      ] GC(127)   StringTable Weak               Min:  0.1, Avg:  0.1, Max:  0.1, Diff:  0.0, Sum:  0.4, Workers: 4
[2361.474s][debug][gc,phases      ] GC(127)     Dead                           Min: 0, Avg:  0.0, Max: 0, Diff: 0, Sum: 0, Workers: 4
[2361.474s][debug][gc,phases      ] GC(127)     Total                          Min: 10816, Avg: 11032.2, Max: 11263, Diff: 447, Sum: 44129, Workers: 4
[2361.474s][debug][gc,phases      ] GC(127)   ResolvedMethodTable Weak       Min:  0.0, Avg:  0.0, Max:  0.0, Diff:  0.0, Sum:  0.1, Workers: 4
[2361.474s][debug][gc,phases      ] GC(127)     Dead                           Min: 0, Avg:  0.0, Max: 0, Diff: 0, Sum: 0, Workers: 4
[2361.474s][debug][gc,phases      ] GC(127)     Total                          Min: 2371, Avg: 2544.8, Max: 2688, Diff: 317, Sum: 10179, Workers: 4
[2361.474s][debug][gc,phases      ] GC(127)   JNI Weak                       Min:  0.0, Avg:  0.0, Max:  0.0, Diff:  0.0, Sum:  0.0, Workers: 4
[2361.474s][debug][gc,phases      ] GC(127)     Dead                           Min: 0, Avg:  0.0, Max: 0, Diff: 0, Sum: 0, Workers: 4
[2361.474s][debug][gc,phases      ] GC(127)     Total                          Min: 0, Avg: 11.2, Max: 45, Diff: 45, Sum: 45, Workers: 4
[2361.474s][debug][gc,phases      ] GC(127)   StringDedup Table Weak         Min:  0.0, Avg:  0.0, Max:  0.0, Diff:  0.0, Sum:  0.0, Workers: 4
[2361.474s][debug][gc,phases      ] GC(127)     Dead                           Min: 0, Avg:  0.0, Max: 0, Diff: 0, Sum: 0, Workers: 4
[2361.474s][debug][gc,phases      ] GC(127)     Total                          Min: 0, Avg:  0.0, Max: 0, Diff: 0, Sum: 0, Workers: 4
[2361.474s][debug][gc,phases      ] GC(127)   StringDedup Requests0 Weak     Min:  0.0, Avg:  0.0, Max:  0.0, Diff:  0.0, Sum:  0.0, Workers: 4
[2361.474s][debug][gc,phases      ] GC(127)     Dead                           Min: 0, Avg:  0.0, Max: 0, Diff: 0, Sum: 0, Workers: 4
[2361.474s][debug][gc,phases      ] GC(127)     Total                          Min: 0, Avg:  0.0, Max: 0, Diff: 0, Sum: 0, Workers: 4
[2361.474s][debug][gc,phases      ] GC(127)   StringDedup Requests1 Weak     Min:  0.0, Avg:  0.0, Max:  0.0, Diff:  0.0, Sum:  0.0, Workers: 4
[2361.474s][debug][gc,phases      ] GC(127)     Dead                           Min: 0, Avg:  0.0, Max: 0, Diff: 0, Sum: 0, Workers: 4
[2361.474s][debug][gc,phases      ] GC(127)     Total                          Min: 0, Avg:  0.0, Max: 0, Diff: 0, Sum: 0, Workers: 4
[2361.474s][debug][gc,phases      ] GC(127)   Weak JFR Old Object Samples    Min:  0.0, Avg:  0.0, Max:  0.0, Diff:  0.0, Sum:  0.0, Workers: 4
[2361.474s][debug][gc,phases      ] GC(127)     Dead                           Min: 0, Avg:  0.0, Max: 0, Diff: 0, Sum: 0, Workers: 4
[2361.474s][debug][gc,phases      ] GC(127)     Total                          Min: 0, Avg:  0.0, Max: 0, Diff: 0, Sum: 0, Workers: 4
[2361.474s][debug][gc,phases      ] GC(127) Weak Processing 0.331ms
[2361.474s][debug][gc,age         ] GC(127) Desired survivor size 179306496 bytes, new threshold 15 (max threshold 15)
[2361.474s][info ][gc,heap        ] GC(127) PSYoungGen: 1881361K(1915392K)->105345K(1871872K) Eden: 1766400K(1766400K)->0K(1766400K) From: 114961K(148992K)->105345K(105472K)
[2361.474s][info ][gc,heap        ] GC(127) ParOldGen: 580208K(764416K)->580208K(764416K)
[2361.474s][info ][gc,metaspace   ] GC(127) Metaspace: 84542K(85696K)->84542K(85696K) NonClass: 72529K(73152K)->72529K(73152K) Class: 12012K(12544K)->12012K(12544K)
[2361.474s][info ][gc             ] GC(127) Pause Young (Allocation Failure) 2403M->669M(2574M) 37.297ms
[2361.474s][info ][gc,cpu         ] GC(127) User=0.13s Sys=0.00s Real=0.04s
[2361.474s][info ][safepoint      ] Safepoint "ParallelGCFailedAllocation", Time since last: 435367274 ns, Reaching safepoint: 128109 ns, At safepoint: 37392952 ns, Total: 37521061 ns
[2362.474s][info ][safepoint      ] Safepoint "Cleanup", Time since last: 1000092422 ns, Reaching safepoint: 139609 ns, At safepoint: 9101 ns, Total: 148710 ns
[2362.735s][info ][gc,start       ] GC(128) Pause Young (Allocation Failure)
[2362.794s][debug][gc,phases      ] GC(128) Scavenge 59.283ms
[2362.794s][debug][gc,ref         ] GC(128) Skipped phase 1 of Reference Processing: no references
[2362.795s][debug][gc,ref         ] GC(128) ReferenceProcessor::execute queues: 1, RefProcThreadModel::Single, marks_oops_alive: false
[2362.795s][debug][gc,ref         ] GC(128) Skipped phase 3 of Reference Processing: no references
[2362.795s][debug][gc,ref         ] GC(128) ReferenceProcessor::execute queues: 1, RefProcThreadModel::Single, marks_oops_alive: false
[2362.795s][debug][gc,phases      ] GC(128) Reference Processing 0.104ms
[2362.795s][debug][gc,phases      ] GC(128)   VM Weak                        Min:  0.0, Avg:  0.0, Max:  0.0, Diff:  0.0, Sum:  0.0, Workers: 4
[2362.795s][debug][gc,phases      ] GC(128)     Dead                           Min: 0, Avg:  0.0, Max: 0, Diff: 0, Sum: 0, Workers: 4
[2362.795s][debug][gc,phases      ] GC(128)     Total                          Min: 0, Avg: 233.0, Max: 576, Diff: 576, Sum: 932, Workers: 4
[2362.795s][debug][gc,phases      ] GC(128)   ObjectSynchronizer Weak        Min:  0.0, Avg:  0.0, Max:  0.0, Diff:  0.0, Sum:  0.0, Workers: 4
[2362.795s][debug][gc,phases      ] GC(128)     Dead                           Min: 0, Avg:  0.0, Max: 0, Diff: 0, Sum: 0, Workers: 4
[2362.795s][debug][gc,phases      ] GC(128)     Total                          Min: 0, Avg: 25.5, Max: 64, Diff: 64, Sum: 102, Workers: 4
[2362.795s][debug][gc,phases      ] GC(128)   JVMTI Tag Weak OopStorage      Min:  0.0, Avg:  0.0, Max:  0.0, Diff:  0.0, Sum:  0.0, Workers: 4
[2362.795s][debug][gc,phases      ] GC(128)     Dead                           Min: 0, Avg:  0.0, Max: 0, Diff: 0, Sum: 0, Workers: 4
[2362.795s][debug][gc,phases      ] GC(128)     Total                          Min: 0, Avg:  0.0, Max: 0, Diff: 0, Sum: 0, Workers: 4
[2362.795s][debug][gc,phases      ] GC(128)   StringTable Weak               Min:  0.1, Avg:  0.1, Max:  0.1, Diff:  0.0, Sum:  0.5, Workers: 4
[2362.795s][debug][gc,phases      ] GC(128)     Dead                           Min: 0, Avg:  0.0, Max: 0, Diff: 0, Sum: 0, Workers: 4
[2362.795s][debug][gc,phases      ] GC(128)     Total                          Min: 10176, Avg: 11032.5, Max: 12864, Diff: 2688, Sum: 44130, Workers: 4
[2362.795s][debug][gc,phases      ] GC(128)   ResolvedMethodTable Weak       Min:  0.0, Avg:  0.0, Max:  0.0, Diff:  0.0, Sum:  0.1, Workers: 4
[2362.795s][debug][gc,phases      ] GC(128)     Dead                           Min: 0, Avg:  0.0, Max: 0, Diff: 0, Sum: 0, Workers: 4
[2362.795s][debug][gc,phases      ] GC(128)     Total                          Min: 2240, Avg: 2544.8, Max: 2883, Diff: 643, Sum: 10179, Workers: 4
[2362.795s][debug][gc,phases      ] GC(128)   JNI Weak                       Min:  0.0, Avg:  0.0, Max:  0.0, Diff:  0.0, Sum:  0.0, Workers: 4
[2362.795s][debug][gc,phases      ] GC(128)     Dead                           Min: 0, Avg:  0.0, Max: 0, Diff: 0, Sum: 0, Workers: 4
[2362.795s][debug][gc,phases      ] GC(128)     Total                          Min: 0, Avg: 11.2, Max: 45, Diff: 45, Sum: 45, Workers: 4
[2362.795s][debug][gc,phases      ] GC(128)   StringDedup Table Weak         Min:  0.0, Avg:  0.0, Max:  0.0, Diff:  0.0, Sum:  0.0, Workers: 4
[2362.795s][debug][gc,phases      ] GC(128)     Dead                           Min: 0, Avg:  0.0, Max: 0, Diff: 0, Sum: 0, Workers: 4
[2362.795s][debug][gc,phases      ] GC(128)     Total                          Min: 0, Avg:  0.0, Max: 0, Diff: 0, Sum: 0, Workers: 4
[2362.795s][debug][gc,phases      ] GC(128)   StringDedup Requests0 Weak     Min:  0.0, Avg:  0.0, Max:  0.0, Diff:  0.0, Sum:  0.0, Workers: 4
[2362.795s][debug][gc,phases      ] GC(128)     Dead                           Min: 0, Avg:  0.0, Max: 0, Diff: 0, Sum: 0, Workers: 4
[2362.795s][debug][gc,phases      ] GC(128)     Total                          Min: 0, Avg:  0.0, Max: 0, Diff: 0, Sum: 0, Workers: 4
[2362.795s][debug][gc,phases      ] GC(128)   StringDedup Requests1 Weak     Min:  0.0, Avg:  0.0, Max:  0.0, Diff:  0.0, Sum:  0.0, Workers: 4
[2362.795s][debug][gc,phases      ] GC(128)     Dead                           Min: 0, Avg:  0.0, Max: 0, Diff: 0, Sum: 0, Workers: 4
[2362.795s][debug][gc,phases      ] GC(128)     Total                          Min: 0, Avg:  0.0, Max: 0, Diff: 0, Sum: 0, Workers: 4
[2362.795s][debug][gc,phases      ] GC(128)   Weak JFR Old Object Samples    Min:  0.0, Avg:  0.0, Max:  0.0, Diff:  0.0, Sum:  0.0, Workers: 4
[2362.795s][debug][gc,phases      ] GC(128)     Dead                           Min: 0, Avg:  0.0, Max: 0, Diff: 0, Sum: 0, Workers: 4
[2362.795s][debug][gc,phases      ] GC(128)     Total                          Min: 0, Avg:  0.0, Max: 0, Diff: 0, Sum: 0, Workers: 4
[2362.795s][debug][gc,phases      ] GC(128) Weak Processing 0.332ms
[2362.795s][debug][gc,age         ] GC(128) Desired survivor size 206569472 bytes, new threshold 15 (max threshold 15)
[2362.795s][info ][gc,heap        ] GC(128) PSYoungGen: 1871745K(1871872K)->158705K(1868800K) Eden: 1766400K(1766400K)->0K(1693696K) From: 105345K(105472K)->158705K(175104K)
[2362.795s][info ][gc,heap        ] GC(128) ParOldGen: 580208K(764416K)->580216K(764416K)
[2362.795s][info ][gc,metaspace   ] GC(128) Metaspace: 84550K(85696K)->84550K(85696K) NonClass: 72538K(73152K)->72538K(73152K) Class: 12012K(12544K)->12012K(12544K)
[2362.795s][info ][gc             ] GC(128) Pause Young (Allocation Failure) 2394M->721M(2571M) 59.853ms
[2362.795s][info ][gc,cpu         ] GC(128) User=0.21s Sys=0.00s Real=0.06s
[2362.795s][info ][safepoint      ] Safepoint "ParallelGCFailedAllocation", Time since last: 260880201 ns, Reaching safepoint: 122008 ns, At safepoint: 59939451 ns, Total: 60061459 ns
[2363.795s][info ][safepoint      ] Safepoint "Cleanup", Time since last: 1000080121 ns, Reaching safepoint: 157012 ns, At safepoint: 13000 ns, Total: 170012 ns
[2364.445s][info ][gc,start       ] GC(129) Pause Young (Allocation Failure)
[2364.493s][debug][gc,phases      ] GC(129) Scavenge 48.719ms
[2364.493s][debug][gc,ref         ] GC(129) Skipped phase 1 of Reference Processing: no references
[2364.494s][debug][gc,ref         ] GC(129) ReferenceProcessor::execute queues: 1, RefProcThreadModel::Single, marks_oops_alive: false
[2364.494s][debug][gc,ref         ] GC(129) Skipped phase 3 of Reference Processing: no references
[2364.494s][debug][gc,ref         ] GC(129) ReferenceProcessor::execute queues: 1, RefProcThreadModel::Single, marks_oops_alive: false
[2364.494s][debug][gc,phases      ] GC(129) Reference Processing 0.116ms
[2364.494s][debug][gc,phases      ] GC(129)   VM Weak                        Min:  0.0, Avg:  0.0, Max:  0.0, Diff:  0.0, Sum:  0.0, Workers: 4
[2364.494s][debug][gc,phases      ] GC(129)     Dead                           Min: 0, Avg:  0.0, Max: 0, Diff: 0, Sum: 0, Workers: 4
[2364.494s][debug][gc,phases      ] GC(129)     Total                          Min: 0, Avg: 233.0, Max: 576, Diff: 576, Sum: 932, Workers: 4
[2364.494s][debug][gc,phases      ] GC(129)   ObjectSynchronizer Weak        Min:  0.0, Avg:  0.0, Max:  0.0, Diff:  0.0, Sum:  0.0, Workers: 4
[2364.494s][debug][gc,phases      ] GC(129)     Dead                           Min: 0, Avg:  0.0, Max: 0, Diff: 0, Sum: 0, Workers: 4
[2364.494s][debug][gc,phases      ] GC(129)     Total                          Min: 0, Avg: 26.0, Max: 64, Diff: 64, Sum: 104, Workers: 4
[2364.494s][debug][gc,phases      ] GC(129)   JVMTI Tag Weak OopStorage      Min:  0.0, Avg:  0.0, Max:  0.0, Diff:  0.0, Sum:  0.0, Workers: 4
[2364.494s][debug][gc,phases      ] GC(129)     Dead                           Min: 0, Avg:  0.0, Max: 0, Diff: 0, Sum: 0, Workers: 4
[2364.494s][debug][gc,phases      ] GC(129)     Total                          Min: 0, Avg:  0.0, Max: 0, Diff: 0, Sum: 0, Workers: 4
[2364.494s][debug][gc,phases      ] GC(129)   StringTable Weak               Min:  0.1, Avg:  0.1, Max:  0.1, Diff:  0.0, Sum:  0.5, Workers: 4
[2364.494s][debug][gc,phases      ] GC(129)     Dead                           Min: 0, Avg:  0.0, Max: 0, Diff: 0, Sum: 0, Workers: 4
[2364.494s][debug][gc,phases      ] GC(129)     Total                          Min: 10112, Avg: 11035.0, Max: 11584, Diff: 1472, Sum: 44140, Workers: 4
[2364.494s][debug][gc,phases      ] GC(129)   ResolvedMethodTable Weak       Min:  0.0, Avg:  0.0, Max:  0.0, Diff:  0.0, Sum:  0.1, Workers: 4
[2364.494s][debug][gc,phases      ] GC(129)     Dead                           Min: 0, Avg:  3.5, Max: 14, Diff: 14, Sum: 14, Workers: 4
[2364.494s][debug][gc,phases      ] GC(129)     Total                          Min: 2360, Avg: 2545.5, Max: 2816, Diff: 456, Sum: 10182, Workers: 4
[2364.494s][debug][gc,phases      ] GC(129)   JNI Weak                       Min:  0.0, Avg:  0.0, Max:  0.0, Diff:  0.0, Sum:  0.0, Workers: 4
[2364.494s][debug][gc,phases      ] GC(129)     Dead                           Min: 0, Avg:  0.0, Max: 0, Diff: 0, Sum: 0, Workers: 4
[2364.494s][debug][gc,phases      ] GC(129)     Total                          Min: 0, Avg: 11.2, Max: 45, Diff: 45, Sum: 45, Workers: 4
[2364.494s][debug][gc,phases      ] GC(129)   StringDedup Table Weak         Min:  0.0, Avg:  0.0, Max:  0.0, Diff:  0.0, Sum:  0.0, Workers: 4
[2364.494s][debug][gc,phases      ] GC(129)     Dead                           Min: 0, Avg:  0.0, Max: 0, Diff: 0, Sum: 0, Workers: 4
[2364.494s][debug][gc,phases      ] GC(129)     Total                          Min: 0, Avg:  0.0, Max: 0, Diff: 0, Sum: 0, Workers: 4
[2364.494s][debug][gc,phases      ] GC(129)   StringDedup Requests0 Weak     Min:  0.0, Avg:  0.0, Max:  0.0, Diff:  0.0, Sum:  0.0, Workers: 4
[2364.494s][debug][gc,phases      ] GC(129)     Dead                           Min: 0, Avg:  0.0, Max: 0, Diff: 0, Sum: 0, Workers: 4
[2364.494s][debug][gc,phases      ] GC(129)     Total                          Min: 0, Avg:  0.0, Max: 0, Diff: 0, Sum: 0, Workers: 4
[2364.494s][debug][gc,phases      ] GC(129)   StringDedup Requests1 Weak     Min:  0.0, Avg:  0.0, Max:  0.0, Diff:  0.0, Sum:  0.0, Workers: 4
[2364.494s][debug][gc,phases      ] GC(129)     Dead                           Min: 0, Avg:  0.0, Max: 0, Diff: 0, Sum: 0, Workers: 4
[2364.494s][debug][gc,phases      ] GC(129)     Total                          Min: 0, Avg:  0.0, Max: 0, Diff: 0, Sum: 0, Workers: 4
[2364.494s][debug][gc,phases      ] GC(129)   Weak JFR Old Object Samples    Min:  0.0, Avg:  0.0, Max:  0.0, Diff:  0.0, Sum:  0.0, Workers: 4
[2364.494s][debug][gc,phases      ] GC(129)     Dead                           Min: 0, Avg:  0.0, Max: 0, Diff: 0, Sum: 0, Workers: 4
[2364.494s][debug][gc,phases      ] GC(129)     Total                          Min: 0, Avg:  0.0, Max: 0, Diff: 0, Sum: 0, Workers: 4
[2364.494s][debug][gc,phases      ] GC(129) Weak Processing 0.352ms
[2364.494s][debug][gc,age         ] GC(129) Desired survivor size 220725248 bytes, new threshold 15 (max threshold 15)
[2364.494s][info ][gc,heap        ] GC(129) PSYoungGen: 1852401K(1868800K)->139586K(1833472K) Eden: 1693696K(1693696K)->0K(1693696K) From: 158705K(175104K)->139586K(139776K)
[2364.494s][info ][gc,heap        ] GC(129) ParOldGen: 580216K(764416K)->580216K(764416K)
[2364.494s][info ][gc,metaspace   ] GC(129) Metaspace: 84564K(85760K)->84564K(85760K) NonClass: 72550K(73216K)->72550K(73216K) Class: 12013K(12544K)->12013K(12544K)
[2364.494s][info ][gc             ] GC(129) Pause Young (Allocation Failure) 2375M->702M(2537M) 49.321ms
[2364.494s][info ][gc,cpu         ] GC(129) User=0.18s Sys=0.00s Real=0.05s
[2364.494s][info ][safepoint      ] Safepoint "ParallelGCFailedAllocation", Time since last: 649146735 ns, Reaching safepoint: 183813 ns, At safepoint: 49412005 ns, Total: 49595818 ns
[2366.412s][info ][safepoint      ] Safepoint "Cleanup", Time since last: 1918274038 ns, Reaching safepoint: 90706 ns, At safepoint: 4200 ns, Total: 94906 ns
[2367.413s][info ][safepoint      ] Safepoint "Cleanup", Time since last: 1000108726 ns, Reaching safepoint: 61604 ns, At safepoint: 3100 ns, Total: 64704 ns
[2369.123s][info ][safepoint      ] Safepoint "Cleanup", Time since last: 1710325693 ns, Reaching safepoint: 108608 ns, At safepoint: 10501 ns, Total: 119109 ns
[2370.123s][info ][safepoint      ] Safepoint "Cleanup", Time since last: 1000108626 ns, Reaching safepoint: 80306 ns, At safepoint: 6600 ns, Total: 86906 ns
[2371.123s][info ][safepoint      ] Safepoint "Cleanup", Time since last: 1000116428 ns, Reaching safepoint: 55404 ns, At safepoint: 3000 ns, Total: 58404 ns
[2372.124s][info ][safepoint      ] Safepoint "Cleanup", Time since last: 1000104427 ns, Reaching safepoint: 73905 ns, At safepoint: 4500 ns, Total: 78405 ns
[2373.124s][info ][safepoint      ] Safepoint "Cleanup", Time since last: 1000109128 ns, Reaching safepoint: 137510 ns, At safepoint: 6000 ns, Total: 143510 ns
[2374.124s][info ][safepoint      ] Safepoint "Cleanup", Time since last: 1000117029 ns, Reaching safepoint: 41403 ns, At safepoint: 2900 ns, Total: 44303 ns
[2375.124s][info ][safepoint      ] Safepoint "Cleanup", Time since last: 1000107929 ns, Reaching safepoint: 111608 ns, At safepoint: 7001 ns, Total: 118609 ns
[2375.200s][info ][gc,start       ] GC(130) Pause Young (Allocation Failure)
[2375.238s][debug][gc,phases      ] GC(130) Scavenge 37.498ms
[2375.238s][debug][gc,ref         ] GC(130) Skipped phase 1 of Reference Processing: no references
[2375.238s][debug][gc,ref         ] GC(130) ReferenceProcessor::execute queues: 1, RefProcThreadModel::Single, marks_oops_alive: false
[2375.238s][debug][gc,ref         ] GC(130) Skipped phase 3 of Reference Processing: no references
[2375.238s][debug][gc,ref         ] GC(130) ReferenceProcessor::execute queues: 1, RefProcThreadModel::Single, marks_oops_alive: false
[2375.238s][debug][gc,phases      ] GC(130) Reference Processing 0.107ms
[2375.238s][debug][gc,phases      ] GC(130)   VM Weak                        Min:  0.0, Avg:  0.0, Max:  0.0, Diff:  0.0, Sum:  0.0, Workers: 4
[2375.238s][debug][gc,phases      ] GC(130)     Dead                           Min: 0, Avg:  0.0, Max: 0, Diff: 0, Sum: 0, Workers: 4
[2375.238s][debug][gc,phases      ] GC(130)     Total                          Min: 0, Avg: 233.0, Max: 576, Diff: 576, Sum: 932, Workers: 4
[2375.238s][debug][gc,phases      ] GC(130)   ObjectSynchronizer Weak        Min:  0.0, Avg:  0.0, Max:  0.0, Diff:  0.0, Sum:  0.0, Workers: 4
[2375.238s][debug][gc,phases      ] GC(130)     Dead                           Min: 0, Avg:  0.0, Max: 0, Diff: 0, Sum: 0, Workers: 4
[2375.238s][debug][gc,phases      ] GC(130)     Total                          Min: 0, Avg: 26.0, Max: 64, Diff: 64, Sum: 104, Workers: 4
[2375.238s][debug][gc,phases      ] GC(130)   JVMTI Tag Weak OopStorage      Min:  0.0, Avg:  0.0, Max:  0.0, Diff:  0.0, Sum:  0.0, Workers: 4
[2375.238s][debug][gc,phases      ] GC(130)     Dead                           Min: 0, Avg:  0.0, Max: 0, Diff: 0, Sum: 0, Workers: 4
[2375.238s][debug][gc,phases      ] GC(130)     Total                          Min: 0, Avg:  0.0, Max: 0, Diff: 0, Sum: 0, Workers: 4
[2375.238s][debug][gc,phases      ] GC(130)   StringTable Weak               Min:  0.0, Avg:  0.1, Max:  0.2, Diff:  0.2, Sum:  0.5, Workers: 4
[2375.238s][debug][gc,phases      ] GC(130)     Dead                           Min: 0, Avg:  0.0, Max: 0, Diff: 0, Sum: 0, Workers: 4
[2375.238s][debug][gc,phases      ] GC(130)     Total                          Min: 0, Avg: 11035.2, Max: 17006, Diff: 17006, Sum: 44141, Workers: 4
[2375.238s][debug][gc,phases      ] GC(130)   ResolvedMethodTable Weak       Min:  0.0, Avg:  0.0, Max:  0.0, Diff:  0.0, Sum:  0.1, Workers: 4
[2375.238s][debug][gc,phases      ] GC(130)     Dead                           Min: 0, Avg:  0.0, Max: 0, Diff: 0, Sum: 0, Workers: 4
[2375.238s][debug][gc,phases      ] GC(130)     Total                          Min: 0, Avg: 2545.5, Max: 3411, Diff: 3411, Sum: 10182, Workers: 4
[2375.238s][debug][gc,phases      ] GC(130)   JNI Weak                       Min:  0.0, Avg:  0.0, Max:  0.0, Diff:  0.0, Sum:  0.0, Workers: 4
[2375.238s][debug][gc,phases      ] GC(130)     Dead                           Min: 0, Avg:  0.0, Max: 0, Diff: 0, Sum: 0, Workers: 4
[2375.238s][debug][gc,phases      ] GC(130)     Total                          Min: 0, Avg: 11.2, Max: 45, Diff: 45, Sum: 45, Workers: 4
[2375.238s][debug][gc,phases      ] GC(130)   StringDedup Table Weak         Min:  0.0, Avg:  0.0, Max:  0.0, Diff:  0.0, Sum:  0.0, Workers: 4
[2375.238s][debug][gc,phases      ] GC(130)     Dead                           Min: 0, Avg:  0.0, Max: 0, Diff: 0, Sum: 0, Workers: 4
[2375.238s][debug][gc,phases      ] GC(130)     Total                          Min: 0, Avg:  0.0, Max: 0, Diff: 0, Sum: 0, Workers: 4
[2375.238s][debug][gc,phases      ] GC(130)   StringDedup Requests0 Weak     Min:  0.0, Avg:  0.0, Max:  0.0, Diff:  0.0, Sum:  0.0, Workers: 4
[2375.238s][debug][gc,phases      ] GC(130)     Dead                           Min: 0, Avg:  0.0, Max: 0, Diff: 0, Sum: 0, Workers: 4
[2375.238s][debug][gc,phases      ] GC(130)     Total                          Min: 0, Avg:  0.0, Max: 0, Diff: 0, Sum: 0, Workers: 4
[2375.238s][debug][gc,phases      ] GC(130)   StringDedup Requests1 Weak     Min:  0.0, Avg:  0.0, Max:  0.0, Diff:  0.0, Sum:  0.0, Workers: 4
[2375.238s][debug][gc,phases      ] GC(130)     Dead                           Min: 0, Avg:  0.0, Max: 0, Diff: 0, Sum: 0, Workers: 4
[2375.238s][debug][gc,phases      ] GC(130)     Total                          Min: 0, Avg:  0.0, Max: 0, Diff: 0, Sum: 0, Workers: 4
[2375.238s][debug][gc,phases      ] GC(130)   Weak JFR Old Object Samples    Min:  0.0, Avg:  0.0, Max:  0.0, Diff:  0.0, Sum:  0.0, Workers: 4
[2375.238s][debug][gc,phases      ] GC(130)     Dead                           Min: 0, Avg:  0.0, Max: 0, Diff: 0, Sum: 0, Workers: 4
[2375.238s][debug][gc,phases      ] GC(130)     Total                          Min: 0, Avg:  0.0, Max: 0, Diff: 0, Sum: 0, Workers: 4
[2375.238s][debug][gc,phases      ] GC(130) Weak Processing 0.427ms
[2375.238s][debug][gc,age         ] GC(130) Desired survivor size 212860928 bytes, new threshold 15 (max threshold 15)
[2375.238s][info ][gc,heap        ] GC(130) PSYoungGen: 1833282K(1833472K)->90179K(1889280K) Eden: 1693695K(1693696K)->0K(1673728K) From: 139586K(139776K)->90179K(215552K)
[2375.238s][info ][gc,heap        ] GC(130) ParOldGen: 580216K(764416K)->580224K(764416K)
[2375.238s][info ][gc,metaspace   ] GC(130) Metaspace: 84575K(85760K)->84575K(85760K) NonClass: 72561K(73216K)->72561K(73216K) Class: 12013K(12544K)->12013K(12544K)
[2375.238s][info ][gc             ] GC(130) Pause Young (Allocation Failure) 2356M->654M(2591M) 38.184ms
[2375.238s][info ][gc,cpu         ] GC(130) User=0.11s Sys=0.00s Real=0.04s
[2375.238s][info ][safepoint      ] Safepoint "ParallelGCFailedAllocation", Time since last: 75840978 ns, Reaching safepoint: 124809 ns, At safepoint: 38273014 ns, Total: 38397823 ns
[2376.239s][info ][safepoint      ] Safepoint "Cleanup", Time since last: 1000088928 ns, Reaching safepoint: 43303 ns, At safepoint: 2901 ns, Total: 46204 ns
[2377.239s][info ][safepoint      ] Safepoint "Cleanup", Time since last: 1000113030 ns, Reaching safepoint: 45003 ns, At safepoint: 3300 ns, Total: 48303 ns
[2378.239s][info ][safepoint      ] Safepoint "Cleanup", Time since last: 1000111530 ns, Reaching safepoint: 54104 ns, At safepoint: 5100 ns, Total: 59204 ns
[2380.239s][info ][safepoint      ] Safepoint "Cleanup", Time since last: 2000181759 ns, Reaching safepoint: 46004 ns, At safepoint: 3900 ns, Total: 49904 ns
[2381.239s][info ][safepoint      ] Safepoint "Cleanup", Time since last: 1000089530 ns, Reaching safepoint: 61204 ns, At safepoint: 4101 ns, Total: 65305 ns
[2382.239s][info ][safepoint      ] Safepoint "Cleanup", Time since last: 1000113632 ns, Reaching safepoint: 67005 ns, At safepoint: 9200 ns, Total: 76205 ns
[2383.240s][info ][safepoint      ] Safepoint "Cleanup", Time since last: 1000128034 ns, Reaching safepoint: 67005 ns, At safepoint: 7500 ns, Total: 74505 ns
[2384.240s][info ][safepoint      ] Safepoint "Cleanup", Time since last: 1000120734 ns, Reaching safepoint: 56904 ns, At safepoint: 3400 ns, Total: 60304 ns
[2386.240s][info ][safepoint      ] Safepoint "Cleanup", Time since last: 2000183565 ns, Reaching safepoint: 45203 ns, At safepoint: 3300 ns, Total: 48503 ns
[2387.240s][info ][safepoint      ] Safepoint "Cleanup", Time since last: 1000069731 ns, Reaching safepoint: 48904 ns, At safepoint: 4200 ns, Total: 53104 ns
[2392.241s][info ][safepoint      ] Safepoint "Cleanup", Time since last: 5000361664 ns, Reaching safepoint: 45804 ns, At safepoint: 2900 ns, Total: 48704 ns
[2392.800s][info ][gc,start       ] GC(131) Pause Young (Allocation Failure)
[2392.829s][debug][gc,phases      ] GC(131) Scavenge 29.710ms
[2392.829s][debug][gc,ref         ] GC(131) Skipped phase 1 of Reference Processing: no references
[2392.829s][debug][gc,ref         ] GC(131) ReferenceProcessor::execute queues: 1, RefProcThreadModel::Single, marks_oops_alive: false
[2392.829s][debug][gc,ref         ] GC(131) Skipped phase 3 of Reference Processing: no references
[2392.830s][debug][gc,ref         ] GC(131) ReferenceProcessor::execute queues: 1, RefProcThreadModel::Single, marks_oops_alive: false
[2392.830s][debug][gc,phases      ] GC(131) Reference Processing 0.120ms
[2392.830s][debug][gc,phases      ] GC(131)   VM Weak                        Min:  0.0, Avg:  0.0, Max:  0.0, Diff:  0.0, Sum:  0.0, Workers: 4
[2392.830s][debug][gc,phases      ] GC(131)     Dead                           Min: 0, Avg:  0.0, Max: 0, Diff: 0, Sum: 0, Workers: 4
[2392.830s][debug][gc,phases      ] GC(131)     Total                          Min: 0, Avg: 233.0, Max: 804, Diff: 804, Sum: 932, Workers: 4
[2392.830s][debug][gc,phases      ] GC(131)   ObjectSynchronizer Weak        Min:  0.0, Avg:  0.0, Max:  0.0, Diff:  0.0, Sum:  0.0, Workers: 4
[2392.830s][debug][gc,phases      ] GC(131)     Dead                           Min: 0, Avg:  0.0, Max: 0, Diff: 0, Sum: 0, Workers: 4
[2392.830s][debug][gc,phases      ] GC(131)     Total                          Min: 0, Avg: 26.0, Max: 64, Diff: 64, Sum: 104, Workers: 4
[2392.830s][debug][gc,phases      ] GC(131)   JVMTI Tag Weak OopStorage      Min:  0.0, Avg:  0.0, Max:  0.0, Diff:  0.0, Sum:  0.0, Workers: 4
[2392.830s][debug][gc,phases      ] GC(131)     Dead                           Min: 0, Avg:  0.0, Max: 0, Diff: 0, Sum: 0, Workers: 4
[2392.830s][debug][gc,phases      ] GC(131)     Total                          Min: 0, Avg:  0.0, Max: 0, Diff: 0, Sum: 0, Workers: 4
[2392.830s][debug][gc,phases      ] GC(131)   StringTable Weak               Min:  0.1, Avg:  0.1, Max:  0.1, Diff:  0.0, Sum:  0.5, Workers: 4
[2392.830s][debug][gc,phases      ] GC(131)     Dead                           Min: 0, Avg:  0.0, Max: 0, Diff: 0, Sum: 0, Workers: 4
[2392.830s][debug][gc,phases      ] GC(131)     Total                          Min: 10240, Avg: 11035.5, Max: 11503, Diff: 1263, Sum: 44142, Workers: 4
[2392.830s][debug][gc,phases      ] GC(131)   ResolvedMethodTable Weak       Min:  0.0, Avg:  0.0, Max:  0.0, Diff:  0.0, Sum:  0.1, Workers: 4
[2392.830s][debug][gc,phases      ] GC(131)     Dead                           Min: 0, Avg:  0.0, Max: 0, Diff: 0, Sum: 0, Workers: 4
[2392.830s][debug][gc,phases      ] GC(131)     Total                          Min: 2368, Avg: 2546.0, Max: 2752, Diff: 384, Sum: 10184, Workers: 4
[2392.830s][debug][gc,phases      ] GC(131)   JNI Weak                       Min:  0.0, Avg:  0.0, Max:  0.0, Diff:  0.0, Sum:  0.0, Workers: 4
[2392.830s][debug][gc,phases      ] GC(131)     Dead                           Min: 0, Avg:  0.0, Max: 0, Diff: 0, Sum: 0, Workers: 4
[2392.830s][debug][gc,phases      ] GC(131)     Total                          Min: 0, Avg: 11.2, Max: 45, Diff: 45, Sum: 45, Workers: 4
[2392.830s][debug][gc,phases      ] GC(131)   StringDedup Table Weak         Min:  0.0, Avg:  0.0, Max:  0.0, Diff:  0.0, Sum:  0.0, Workers: 4
[2392.830s][debug][gc,phases      ] GC(131)     Dead                           Min: 0, Avg:  0.0, Max: 0, Diff: 0, Sum: 0, Workers: 4
[2392.830s][debug][gc,phases      ] GC(131)     Total                          Min: 0, Avg:  0.0, Max: 0, Diff: 0, Sum: 0, Workers: 4
[2392.830s][debug][gc,phases      ] GC(131)   StringDedup Requests0 Weak     Min:  0.0, Avg:  0.0, Max:  0.0, Diff:  0.0, Sum:  0.0, Workers: 4
[2392.830s][debug][gc,phases      ] GC(131)     Dead                           Min: 0, Avg:  0.0, Max: 0, Diff: 0, Sum: 0, Workers: 4
[2392.830s][debug][gc,phases      ] GC(131)     Total                          Min: 0, Avg:  0.0, Max: 0, Diff: 0, Sum: 0, Workers: 4
[2392.830s][debug][gc,phases      ] GC(131)   StringDedup Requests1 Weak     Min:  0.0, Avg:  0.0, Max:  0.0, Diff:  0.0, Sum:  0.0, Workers: 4
[2392.830s][debug][gc,phases      ] GC(131)     Dead                           Min: 0, Avg:  0.0, Max: 0, Diff: 0, Sum: 0, Workers: 4
[2392.830s][debug][gc,phases      ] GC(131)     Total                          Min: 0, Avg:  0.0, Max: 0, Diff: 0, Sum: 0, Workers: 4
[2392.830s][debug][gc,phases      ] GC(131)   Weak JFR Old Object Samples    Min:  0.0, Avg:  0.0, Max:  0.0, Diff:  0.0, Sum:  0.0, Workers: 4
[2392.830s][debug][gc,phases      ] GC(131)     Dead                           Min: 0, Avg:  0.0, Max: 0, Diff: 0, Sum: 0, Workers: 4
[2392.830s][debug][gc,phases      ] GC(131)     Total                          Min: 0, Avg:  0.0, Max: 0, Diff: 0, Sum: 0, Workers: 4
[2392.830s][debug][gc,phases      ] GC(131) Weak Processing 0.358ms
[2392.830s][debug][gc,age         ] GC(131) Desired survivor size 207618048 bytes, new threshold 15 (max threshold 15)
[2392.830s][info ][gc,heap        ] GC(131) PSYoungGen: 1763907K(1889280K)->95461K(1881600K) Eden: 1673728K(1673728K)->0K(1673728K) From: 90179K(215552K)->95461K(207872K)
[2392.830s][info ][gc,heap        ] GC(131) ParOldGen: 580224K(764416K)->580224K(764416K)
[2392.830s][info ][gc,metaspace   ] GC(131) Metaspace: 84592K(85760K)->84592K(85760K) NonClass: 72578K(73216K)->72578K(73216K) Class: 12014K(12544K)->12014K(12544K)
[2392.830s][info ][gc             ] GC(131) Pause Young (Allocation Failure) 2289M->659M(2584M) 30.325ms
[2392.830s][info ][gc,cpu         ] GC(131) User=0.12s Sys=0.00s Real=0.02s
[2392.830s][info ][safepoint      ] Safepoint "ParallelGCFailedAllocation", Time since last: 558839638 ns, Reaching safepoint: 102207 ns, At safepoint: 30411057 ns, Total: 30513264 ns
[2397.830s][info ][safepoint      ] Safepoint "Cleanup", Time since last: 5000346775 ns, Reaching safepoint: 44803 ns, At safepoint: 3400 ns, Total: 48203 ns
[2398.831s][info ][safepoint      ] Safepoint "Cleanup", Time since last: 1000117640 ns, Reaching safepoint: 47204 ns, At safepoint: 3300 ns, Total: 50504 ns
[2399.831s][info ][safepoint      ] Safepoint "Cleanup", Time since last: 1000112040 ns, Reaching safepoint: 49303 ns, At safepoint: 4300 ns, Total: 53603 ns
[2400.831s][info ][safepoint      ] Safepoint "Cleanup", Time since last: 1000104340 ns, Reaching safepoint: 41503 ns, At safepoint: 5000 ns, Total: 46503 ns
[2402.831s][info ][safepoint      ] Safepoint "Cleanup", Time since last: 2000159477 ns, Reaching safepoint: 46804 ns, At safepoint: 6400 ns, Total: 53204 ns
[2403.831s][info ][safepoint      ] Safepoint "Cleanup", Time since last: 1000108641 ns, Reaching safepoint: 47904 ns, At safepoint: 4200 ns, Total: 52104 ns
[2404.831s][info ][safepoint      ] Safepoint "Cleanup", Time since last: 1000115642 ns, Reaching safepoint: 38203 ns, At safepoint: 3100 ns, Total: 41303 ns
[2405.832s][info ][safepoint      ] Safepoint "Cleanup", Time since last: 1000108742 ns, Reaching safepoint: 44703 ns, At safepoint: 5301 ns, Total: 50004 ns
[2406.832s][info ][safepoint      ] Safepoint "Cleanup", Time since last: 1000124143 ns, Reaching safepoint: 48304 ns, At safepoint: 7900 ns, Total: 56204 ns
[2407.832s][info ][safepoint      ] Safepoint "Cleanup", Time since last: 1000106643 ns, Reaching safepoint: 48004 ns, At safepoint: 12600 ns, Total: 60604 ns
[2411.697s][info ][gc,start       ] GC(132) Pause Young (Allocation Failure)
[2411.726s][debug][gc,phases      ] GC(132) Scavenge 29.509ms
[2411.726s][debug][gc,ref         ] GC(132) Skipped phase 1 of Reference Processing: no references
[2411.727s][debug][gc,ref         ] GC(132) ReferenceProcessor::execute queues: 1, RefProcThreadModel::Single, marks_oops_alive: false
[2411.727s][debug][gc,ref         ] GC(132) Skipped phase 3 of Reference Processing: no references
[2411.727s][debug][gc,ref         ] GC(132) ReferenceProcessor::execute queues: 1, RefProcThreadModel::Single, marks_oops_alive: false
[2411.727s][debug][gc,phases      ] GC(132) Reference Processing 0.122ms
[2411.727s][debug][gc,phases      ] GC(132)   VM Weak                        Min:  0.0, Avg:  0.0, Max:  0.0, Diff:  0.0, Sum:  0.0, Workers: 4
[2411.727s][debug][gc,phases      ] GC(132)     Dead                           Min: 0, Avg:  0.0, Max: 0, Diff: 0, Sum: 0, Workers: 4
[2411.727s][debug][gc,phases      ] GC(132)     Total                          Min: 0, Avg: 233.0, Max: 576, Diff: 576, Sum: 932, Workers: 4
[2411.727s][debug][gc,phases      ] GC(132)   ObjectSynchronizer Weak        Min:  0.0, Avg:  0.0, Max:  0.0, Diff:  0.0, Sum:  0.0, Workers: 4
[2411.727s][debug][gc,phases      ] GC(132)     Dead                           Min: 0, Avg:  0.0, Max: 0, Diff: 0, Sum: 0, Workers: 4
[2411.727s][debug][gc,phases      ] GC(132)     Total                          Min: 0, Avg: 26.0, Max: 64, Diff: 64, Sum: 104, Workers: 4
[2411.727s][debug][gc,phases      ] GC(132)   JVMTI Tag Weak OopStorage      Min:  0.0, Avg:  0.0, Max:  0.0, Diff:  0.0, Sum:  0.0, Workers: 4
[2411.727s][debug][gc,phases      ] GC(132)     Dead                           Min: 0, Avg:  0.0, Max: 0, Diff: 0, Sum: 0, Workers: 4
[2411.727s][debug][gc,phases      ] GC(132)     Total                          Min: 0, Avg:  0.0, Max: 0, Diff: 0, Sum: 0, Workers: 4
[2411.727s][debug][gc,phases      ] GC(132)   StringTable Weak               Min:  0.0, Avg:  0.1, Max:  0.1, Diff:  0.1, Sum:  0.4, Workers: 4
[2411.727s][debug][gc,phases      ] GC(132)     Dead                           Min: 0, Avg:  0.0, Max: 0, Diff: 0, Sum: 0, Workers: 4
[2411.727s][debug][gc,phases      ] GC(132)     Total                          Min: 0, Avg: 11035.5, Max: 15663, Diff: 15663, Sum: 44142, Workers: 4
[2411.727s][debug][gc,phases      ] GC(132)   ResolvedMethodTable Weak       Min:  0.0, Avg:  0.0, Max:  0.0, Diff:  0.0, Sum:  0.1, Workers: 4
[2411.727s][debug][gc,phases      ] GC(132)     Dead                           Min: 0, Avg:  0.0, Max: 0, Diff: 0, Sum: 0, Workers: 4
[2411.727s][debug][gc,phases      ] GC(132)     Total                          Min: 0, Avg: 2546.0, Max: 3477, Diff: 3477, Sum: 10184, Workers: 4
[2411.727s][debug][gc,phases      ] GC(132)   JNI Weak                       Min:  0.0, Avg:  0.0, Max:  0.0, Diff:  0.0, Sum:  0.0, Workers: 4
[2411.727s][debug][gc,phases      ] GC(132)     Dead                           Min: 0, Avg:  0.0, Max: 0, Diff: 0, Sum: 0, Workers: 4
[2411.727s][debug][gc,phases      ] GC(132)     Total                          Min: 0, Avg: 11.2, Max: 45, Diff: 45, Sum: 45, Workers: 4
[2411.727s][debug][gc,phases      ] GC(132)   StringDedup Table Weak         Min:  0.0, Avg:  0.0, Max:  0.0, Diff:  0.0, Sum:  0.0, Workers: 4
[2411.727s][debug][gc,phases      ] GC(132)     Dead                           Min: 0, Avg:  0.0, Max: 0, Diff: 0, Sum: 0, Workers: 4
[2411.727s][debug][gc,phases      ] GC(132)     Total                          Min: 0, Avg:  0.0, Max: 0, Diff: 0, Sum: 0, Workers: 4
[2411.727s][debug][gc,phases      ] GC(132)   StringDedup Requests0 Weak     Min:  0.0, Avg:  0.0, Max:  0.0, Diff:  0.0, Sum:  0.0, Workers: 4
[2411.727s][debug][gc,phases      ] GC(132)     Dead                           Min: 0, Avg:  0.0, Max: 0, Diff: 0, Sum: 0, Workers: 4
[2411.727s][debug][gc,phases      ] GC(132)     Total                          Min: 0, Avg:  0.0, Max: 0, Diff: 0, Sum: 0, Workers: 4
[2411.727s][debug][gc,phases      ] GC(132)   StringDedup Requests1 Weak     Min:  0.0, Avg:  0.0, Max:  0.0, Diff:  0.0, Sum:  0.0, Workers: 4
[2411.727s][debug][gc,phases      ] GC(132)     Dead                           Min: 0, Avg:  0.0, Max: 0, Diff: 0, Sum: 0, Workers: 4
[2411.727s][debug][gc,phases      ] GC(132)     Total                          Min: 0, Avg:  0.0, Max: 0, Diff: 0, Sum: 0, Workers: 4
[2411.727s][debug][gc,phases      ] GC(132)   Weak JFR Old Object Samples    Min:  0.0, Avg:  0.0, Max:  0.0, Diff:  0.0, Sum:  0.0, Workers: 4
[2411.727s][debug][gc,phases      ] GC(132)     Dead                           Min: 0, Avg:  0.0, Max: 0, Diff: 0, Sum: 0, Workers: 4
[2411.727s][debug][gc,phases      ] GC(132)     Total                          Min: 0, Avg:  0.0, Max: 0, Diff: 0, Sum: 0, Workers: 4
[2411.727s][debug][gc,phases      ] GC(132) Weak Processing 0.389ms
[2411.727s][debug][gc,age         ] GC(132) Desired survivor size 201326592 bytes, new threshold 15 (max threshold 15)
[2411.727s][info ][gc,heap        ] GC(132) PSYoungGen: 1769189K(1881600K)->93477K(1900544K) Eden: 1673728K(1673728K)->0K(1697792K) From: 95461K(207872K)->93477K(202752K)
[2411.727s][info ][gc,heap        ] GC(132) ParOldGen: 580224K(764416K)->580224K(764416K)
[2411.727s][info ][gc,metaspace   ] GC(132) Metaspace: 84599K(85760K)->84599K(85760K) NonClass: 72585K(73216K)->72585K(73216K) Class: 12014K(12544K)->12014K(12544K)
[2411.727s][info ][gc             ] GC(132) Pause Young (Allocation Failure) 2294M->657M(2602M) 30.165ms
[2411.727s][info ][gc,cpu         ] GC(132) User=0.11s Sys=0.00s Real=0.03s
[2411.727s][info ][safepoint      ] Safepoint "ParallelGCFailedAllocation", Time since last: 3864854459 ns, Reaching safepoint: 30402 ns, At safepoint: 30246145 ns, Total: 30276547 ns
[2413.727s][info ][safepoint      ] Safepoint "Cleanup", Time since last: 2000146086 ns, Reaching safepoint: 50203 ns, At safepoint: 3601 ns, Total: 53804 ns
[2414.727s][info ][safepoint      ] Safepoint "Cleanup", Time since last: 1000061042 ns, Reaching safepoint: 52104 ns, At safepoint: 2900 ns, Total: 55004 ns
[2416.728s][info ][safepoint      ] Safepoint "Cleanup", Time since last: 2000161289 ns, Reaching safepoint: 40503 ns, At safepoint: 4000 ns, Total: 44503 ns
[2423.728s][info ][safepoint      ] Safepoint "Cleanup", Time since last: 7000453816 ns, Reaching safepoint: 56304 ns, At safepoint: 4001 ns, Total: 60305 ns
[2428.397s][info ][gc,start       ] GC(133) Pause Young (Allocation Failure)
[2428.428s][debug][gc,phases      ] GC(133) Scavenge 30.599ms
[2428.428s][debug][gc,ref         ] GC(133) Skipped phase 1 of Reference Processing: no references
[2428.428s][debug][gc,ref         ] GC(133) ReferenceProcessor::execute queues: 1, RefProcThreadModel::Single, marks_oops_alive: false
[2428.428s][debug][gc,ref         ] GC(133) Skipped phase 3 of Reference Processing: no references
[2428.428s][debug][gc,ref         ] GC(133) ReferenceProcessor::execute queues: 1, RefProcThreadModel::Single, marks_oops_alive: false
[2428.428s][debug][gc,phases      ] GC(133) Reference Processing 0.115ms
[2428.428s][debug][gc,phases      ] GC(133)   VM Weak                        Min:  0.0, Avg:  0.0, Max:  0.0, Diff:  0.0, Sum:  0.0, Workers: 4
[2428.428s][debug][gc,phases      ] GC(133)     Dead                           Min: 0, Avg:  0.0, Max: 0, Diff: 0, Sum: 0, Workers: 4
[2428.428s][debug][gc,phases      ] GC(133)     Total                          Min: 0, Avg: 233.0, Max: 612, Diff: 612, Sum: 932, Workers: 4
[2428.428s][debug][gc,phases      ] GC(133)   ObjectSynchronizer Weak        Min:  0.0, Avg:  0.0, Max:  0.0, Diff:  0.0, Sum:  0.0, Workers: 4
[2428.428s][debug][gc,phases      ] GC(133)     Dead                           Min: 0, Avg:  0.0, Max: 0, Diff: 0, Sum: 0, Workers: 4
[2428.428s][debug][gc,phases      ] GC(133)     Total                          Min: 0, Avg: 26.0, Max: 64, Diff: 64, Sum: 104, Workers: 4
[2428.428s][debug][gc,phases      ] GC(133)   JVMTI Tag Weak OopStorage      Min:  0.0, Avg:  0.0, Max:  0.0, Diff:  0.0, Sum:  0.0, Workers: 4
[2428.428s][debug][gc,phases      ] GC(133)     Dead                           Min: 0, Avg:  0.0, Max: 0, Diff: 0, Sum: 0, Workers: 4
[2428.428s][debug][gc,phases      ] GC(133)     Total                          Min: 0, Avg:  0.0, Max: 0, Diff: 0, Sum: 0, Workers: 4
[2428.428s][debug][gc,phases      ] GC(133)   StringTable Weak               Min:  0.1, Avg:  0.1, Max:  0.1, Diff:  0.0, Sum:  0.5, Workers: 4
[2428.428s][debug][gc,phases      ] GC(133)     Dead                           Min: 0, Avg:  0.0, Max: 0, Diff: 0, Sum: 0, Workers: 4
[2428.428s][debug][gc,phases      ] GC(133)     Total                          Min: 9967, Avg: 11035.5, Max: 11904, Diff: 1937, Sum: 44142, Workers: 4
[2428.428s][debug][gc,phases      ] GC(133)   ResolvedMethodTable Weak       Min:  0.0, Avg:  0.0, Max:  0.0, Diff:  0.0, Sum:  0.1, Workers: 4
[2428.428s][debug][gc,phases      ] GC(133)     Dead                           Min: 0, Avg:  0.0, Max: 0, Diff: 0, Sum: 0, Workers: 4
[2428.428s][debug][gc,phases      ] GC(133)     Total                          Min: 2382, Avg: 2546.2, Max: 2752, Diff: 370, Sum: 10185, Workers: 4
[2428.428s][debug][gc,phases      ] GC(133)   JNI Weak                       Min:  0.0, Avg:  0.0, Max:  0.0, Diff:  0.0, Sum:  0.0, Workers: 4
[2428.428s][debug][gc,phases      ] GC(133)     Dead                           Min: 0, Avg:  0.0, Max: 0, Diff: 0, Sum: 0, Workers: 4
[2428.428s][debug][gc,phases      ] GC(133)     Total                          Min: 0, Avg: 11.2, Max: 45, Diff: 45, Sum: 45, Workers: 4
[2428.428s][debug][gc,phases      ] GC(133)   StringDedup Table Weak         Min:  0.0, Avg:  0.0, Max:  0.0, Diff:  0.0, Sum:  0.0, Workers: 4
[2428.428s][debug][gc,phases      ] GC(133)     Dead                           Min: 0, Avg:  0.0, Max: 0, Diff: 0, Sum: 0, Workers: 4
[2428.428s][debug][gc,phases      ] GC(133)     Total                          Min: 0, Avg:  0.0, Max: 0, Diff: 0, Sum: 0, Workers: 4
[2428.428s][debug][gc,phases      ] GC(133)   StringDedup Requests0 Weak     Min:  0.0, Avg:  0.0, Max:  0.0, Diff:  0.0, Sum:  0.0, Workers: 4
[2428.428s][debug][gc,phases      ] GC(133)     Dead                           Min: 0, Avg:  0.0, Max: 0, Diff: 0, Sum: 0, Workers: 4
[2428.428s][debug][gc,phases      ] GC(133)     Total                          Min: 0, Avg:  0.0, Max: 0, Diff: 0, Sum: 0, Workers: 4
[2428.428s][debug][gc,phases      ] GC(133)   StringDedup Requests1 Weak     Min:  0.0, Avg:  0.0, Max:  0.0, Diff:  0.0, Sum:  0.0, Workers: 4
[2428.428s][debug][gc,phases      ] GC(133)     Dead                           Min: 0, Avg:  0.0, Max: 0, Diff: 0, Sum: 0, Workers: 4
[2428.428s][debug][gc,phases      ] GC(133)     Total                          Min: 0, Avg:  0.0, Max: 0, Diff: 0, Sum: 0, Workers: 4
[2428.428s][debug][gc,phases      ] GC(133)   Weak JFR Old Object Samples    Min:  0.0, Avg:  0.0, Max:  0.0, Diff:  0.0, Sum:  0.0, Workers: 4
[2428.428s][debug][gc,phases      ] GC(133)     Dead                           Min: 0, Avg:  0.0, Max: 0, Diff: 0, Sum: 0, Workers: 4
[2428.428s][debug][gc,phases      ] GC(133)     Total                          Min: 0, Avg:  0.0, Max: 0, Diff: 0, Sum: 0, Workers: 4
[2428.428s][debug][gc,phases      ] GC(133) Weak Processing 0.358ms
[2428.428s][debug][gc,age         ] GC(133) Desired survivor size 194510848 bytes, new threshold 15 (max threshold 15)
[2428.428s][info ][gc,heap        ] GC(133) PSYoungGen: 1791269K(1900544K)->93060K(1894400K) Eden: 1697792K(1697792K)->0K(1697792K) From: 93477K(202752K)->93060K(196608K)
[2428.428s][info ][gc,heap        ] GC(133) ParOldGen: 580224K(764416K)->580224K(764416K)
[2428.428s][info ][gc,metaspace   ] GC(133) Metaspace: 84620K(85760K)->84620K(85760K) NonClass: 72605K(73216K)->72605K(73216K) Class: 12014K(12544K)->12014K(12544K)
[2428.428s][info ][gc             ] GC(133) Pause Young (Allocation Failure) 2315M->657M(2596M) 31.213ms
[2428.428s][info ][gc,cpu         ] GC(133) User=0.11s Sys=0.01s Real=0.03s
[2428.428s][info ][safepoint      ] Safepoint "ParallelGCFailedAllocation", Time since last: 4668939628 ns, Reaching safepoint: 95707 ns, At safepoint: 31299120 ns, Total: 31394827 ns
[2430.429s][info ][safepoint      ] Safepoint "Cleanup", Time since last: 2000134699 ns, Reaching safepoint: 41402 ns, At safepoint: 3601 ns, Total: 45003 ns
[2432.063s][info ][safepoint      ] Safepoint "Cleanup", Time since last: 1633792309 ns, Reaching safepoint: 128409 ns, At safepoint: 6001 ns, Total: 134410 ns
[2434.063s][info ][safepoint      ] Safepoint "Cleanup", Time since last: 2000177004 ns, Reaching safepoint: 128009 ns, At safepoint: 6100 ns, Total: 134109 ns
[2436.063s][info ][safepoint      ] Safepoint "Cleanup", Time since last: 2000185907 ns, Reaching safepoint: 37202 ns, At safepoint: 3501 ns, Total: 40703 ns
[2440.064s][info ][safepoint      ] Safepoint "Cleanup", Time since last: 4000327014 ns, Reaching safepoint: 124509 ns, At safepoint: 6400 ns, Total: 130909 ns
[2442.064s][info ][safepoint      ] Safepoint "Cleanup", Time since last: 2000184811 ns, Reaching safepoint: 127309 ns, At safepoint: 16502 ns, Total: 143811 ns
[2444.211s][info ][gc,start       ] GC(134) Pause Young (Allocation Failure)
[2444.249s][debug][gc,phases      ] GC(134) Scavenge 37.799ms
[2444.249s][debug][gc,ref         ] GC(134) Skipped phase 1 of Reference Processing: no references
[2444.249s][debug][gc,ref         ] GC(134) ReferenceProcessor::execute queues: 1, RefProcThreadModel::Single, marks_oops_alive: false
[2444.249s][debug][gc,ref         ] GC(134) Skipped phase 3 of Reference Processing: no references
[2444.249s][debug][gc,ref         ] GC(134) ReferenceProcessor::execute queues: 1, RefProcThreadModel::Single, marks_oops_alive: false
[2444.249s][debug][gc,phases      ] GC(134) Reference Processing 0.106ms
[2444.249s][debug][gc,phases      ] GC(134)   VM Weak                        Min:  0.0, Avg:  0.0, Max:  0.0, Diff:  0.0, Sum:  0.0, Workers: 4
[2444.249s][debug][gc,phases      ] GC(134)     Dead                           Min: 0, Avg:  0.0, Max: 0, Diff: 0, Sum: 0, Workers: 4
[2444.249s][debug][gc,phases      ] GC(134)     Total                          Min: 0, Avg: 233.0, Max: 640, Diff: 640, Sum: 932, Workers: 4
[2444.249s][debug][gc,phases      ] GC(134)   ObjectSynchronizer Weak        Min:  0.0, Avg:  0.0, Max:  0.0, Diff:  0.0, Sum:  0.0, Workers: 4
[2444.249s][debug][gc,phases      ] GC(134)     Dead                           Min: 0, Avg:  0.0, Max: 0, Diff: 0, Sum: 0, Workers: 4
[2444.249s][debug][gc,phases      ] GC(134)     Total                          Min: 0, Avg: 26.0, Max: 64, Diff: 64, Sum: 104, Workers: 4
[2444.249s][debug][gc,phases      ] GC(134)   JVMTI Tag Weak OopStorage      Min:  0.0, Avg:  0.0, Max:  0.0, Diff:  0.0, Sum:  0.0, Workers: 4
[2444.249s][debug][gc,phases      ] GC(134)     Dead                           Min: 0, Avg:  0.0, Max: 0, Diff: 0, Sum: 0, Workers: 4
[2444.249s][debug][gc,phases      ] GC(134)     Total                          Min: 0, Avg:  0.0, Max: 0, Diff: 0, Sum: 0, Workers: 4
[2444.249s][debug][gc,phases      ] GC(134)   StringTable Weak               Min:  0.1, Avg:  0.1, Max:  0.1, Diff:  0.0, Sum:  0.5, Workers: 4
[2444.249s][debug][gc,phases      ] GC(134)     Dead                           Min: 0, Avg:  0.0, Max: 0, Diff: 0, Sum: 0, Workers: 4
[2444.249s][debug][gc,phases      ] GC(134)     Total                          Min: 9792, Avg: 11036.5, Max: 11840, Diff: 2048, Sum: 44146, Workers: 4
[2444.249s][debug][gc,phases      ] GC(134)   ResolvedMethodTable Weak       Min:  0.0, Avg:  0.0, Max:  0.0, Diff:  0.0, Sum:  0.1, Workers: 4
[2444.249s][debug][gc,phases      ] GC(134)     Dead                           Min: 0, Avg:  0.0, Max: 0, Diff: 0, Sum: 0, Workers: 4
[2444.249s][debug][gc,phases      ] GC(134)     Total                          Min: 2326, Avg: 2546.2, Max: 2752, Diff: 426, Sum: 10185, Workers: 4
[2444.249s][debug][gc,phases      ] GC(134)   JNI Weak                       Min:  0.0, Avg:  0.0, Max:  0.0, Diff:  0.0, Sum:  0.0, Workers: 4
[2444.249s][debug][gc,phases      ] GC(134)     Dead                           Min: 0, Avg:  0.0, Max: 0, Diff: 0, Sum: 0, Workers: 4
[2444.249s][debug][gc,phases      ] GC(134)     Total                          Min: 0, Avg: 11.2, Max: 45, Diff: 45, Sum: 45, Workers: 4
[2444.249s][debug][gc,phases      ] GC(134)   StringDedup Table Weak         Min:  0.0, Avg:  0.0, Max:  0.0, Diff:  0.0, Sum:  0.0, Workers: 4
[2444.249s][debug][gc,phases      ] GC(134)     Dead                           Min: 0, Avg:  0.0, Max: 0, Diff: 0, Sum: 0, Workers: 4
[2444.249s][debug][gc,phases      ] GC(134)     Total                          Min: 0, Avg:  0.0, Max: 0, Diff: 0, Sum: 0, Workers: 4
[2444.249s][debug][gc,phases      ] GC(134)   StringDedup Requests0 Weak     Min:  0.0, Avg:  0.0, Max:  0.0, Diff:  0.0, Sum:  0.0, Workers: 4
[2444.249s][debug][gc,phases      ] GC(134)     Dead                           Min: 0, Avg:  0.0, Max: 0, Diff: 0, Sum: 0, Workers: 4
[2444.249s][debug][gc,phases      ] GC(134)     Total                          Min: 0, Avg:  0.0, Max: 0, Diff: 0, Sum: 0, Workers: 4
[2444.249s][debug][gc,phases      ] GC(134)   StringDedup Requests1 Weak     Min:  0.0, Avg:  0.0, Max:  0.0, Diff:  0.0, Sum:  0.0, Workers: 4
[2444.249s][debug][gc,phases      ] GC(134)     Dead                           Min: 0, Avg:  0.0, Max: 0, Diff: 0, Sum: 0, Workers: 4
[2444.249s][debug][gc,phases      ] GC(134)     Total                          Min: 0, Avg:  0.0, Max: 0, Diff: 0, Sum: 0, Workers: 4
[2444.249s][debug][gc,phases      ] GC(134)   Weak JFR Old Object Samples    Min:  0.0, Avg:  0.0, Max:  0.0, Diff:  0.0, Sum:  0.0, Workers: 4
[2444.249s][debug][gc,phases      ] GC(134)     Dead                           Min: 0, Avg:  0.0, Max: 0, Diff: 0, Sum: 0, Workers: 4
[2444.249s][debug][gc,phases      ] GC(134)     Total                          Min: 0, Avg:  0.0, Max: 0, Diff: 0, Sum: 0, Workers: 4
[2444.249s][debug][gc,phases      ] GC(134) Weak Processing 0.356ms
[2444.249s][debug][gc,age         ] GC(134) Desired survivor size 189267968 bytes, new threshold 15 (max threshold 15)
[2444.249s][info ][gc,heap        ] GC(134) PSYoungGen: 1790852K(1894400K)->95317K(1912320K) Eden: 1697792K(1697792K)->0K(1722368K) From: 93060K(196608K)->95317K(189952K)
[2444.249s][info ][gc,heap        ] GC(134) ParOldGen: 580224K(764416K)->580224K(764416K)
[2444.249s][info ][gc,metaspace   ] GC(134) Metaspace: 84647K(85824K)->84647K(85824K) NonClass: 72632K(73280K)->72632K(73280K) Class: 12014K(12544K)->12014K(12544K)
[2444.249s][info ][gc             ] GC(134) Pause Young (Allocation Failure) 2315M->659M(2614M) 38.415ms
[2444.249s][info ][gc,cpu         ] GC(134) User=0.11s Sys=0.00s Real=0.03s
[2444.249s][info ][safepoint      ] Safepoint "ParallelGCFailedAllocation", Time since last: 2146810515 ns, Reaching safepoint: 35203 ns, At safepoint: 38499331 ns, Total: 38534534 ns
[2447.250s][info ][safepoint      ] Safepoint "Cleanup", Time since last: 3000228369 ns, Reaching safepoint: 123609 ns, At safepoint: 9000 ns, Total: 132609 ns
[2448.250s][info ][safepoint      ] Safepoint "Cleanup", Time since last: 1000131561 ns, Reaching safepoint: 118309 ns, At safepoint: 10801 ns, Total: 129110 ns
[2452.250s][info ][safepoint      ] Safepoint "Cleanup", Time since last: 4000298431 ns, Reaching safepoint: 134810 ns, At safepoint: 6300 ns, Total: 141110 ns
[2453.250s][info ][safepoint      ] Safepoint "Cleanup", Time since last: 1000121462 ns, Reaching safepoint: 112408 ns, At safepoint: 7201 ns, Total: 119609 ns
[2457.251s][info ][safepoint      ] Safepoint "Cleanup", Time since last: 4000322440 ns, Reaching safepoint: 112208 ns, At safepoint: 6901 ns, Total: 119109 ns
[2459.251s][info ][safepoint      ] Safepoint "Cleanup", Time since last: 2000202626 ns, Reaching safepoint: 112108 ns, At safepoint: 8800 ns, Total: 120908 ns
[2461.053s][info ][gc,start       ] GC(135) Pause Young (Allocation Failure)
[2461.083s][debug][gc,phases      ] GC(135) Scavenge 29.519ms
[2461.083s][debug][gc,ref         ] GC(135) Skipped phase 1 of Reference Processing: no references
[2461.083s][debug][gc,ref         ] GC(135) ReferenceProcessor::execute queues: 1, RefProcThreadModel::Single, marks_oops_alive: false
[2461.083s][debug][gc,ref         ] GC(135) Skipped phase 3 of Reference Processing: no references
[2461.083s][debug][gc,ref         ] GC(135) ReferenceProcessor::execute queues: 1, RefProcThreadModel::Single, marks_oops_alive: false
[2461.083s][debug][gc,phases      ] GC(135) Reference Processing 0.130ms
[2461.083s][debug][gc,phases      ] GC(135)   VM Weak                        Min:  0.0, Avg:  0.0, Max:  0.0, Diff:  0.0, Sum:  0.0, Workers: 4
[2461.083s][debug][gc,phases      ] GC(135)     Dead                           Min: 0, Avg:  0.0, Max: 0, Diff: 0, Sum: 0, Workers: 4
[2461.083s][debug][gc,phases      ] GC(135)     Total                          Min: 0, Avg: 233.0, Max: 576, Diff: 576, Sum: 932, Workers: 4
[2461.083s][debug][gc,phases      ] GC(135)   ObjectSynchronizer Weak        Min:  0.0, Avg:  0.0, Max:  0.0, Diff:  0.0, Sum:  0.0, Workers: 4
[2461.083s][debug][gc,phases      ] GC(135)     Dead                           Min: 0, Avg:  0.0, Max: 0, Diff: 0, Sum: 0, Workers: 4
[2461.083s][debug][gc,phases      ] GC(135)     Total                          Min: 0, Avg: 26.0, Max: 64, Diff: 64, Sum: 104, Workers: 4
[2461.083s][debug][gc,phases      ] GC(135)   JVMTI Tag Weak OopStorage      Min:  0.0, Avg:  0.0, Max:  0.0, Diff:  0.0, Sum:  0.0, Workers: 4
[2461.083s][debug][gc,phases      ] GC(135)     Dead                           Min: 0, Avg:  0.0, Max: 0, Diff: 0, Sum: 0, Workers: 4
[2461.083s][debug][gc,phases      ] GC(135)     Total                          Min: 0, Avg:  0.0, Max: 0, Diff: 0, Sum: 0, Workers: 4
[2461.083s][debug][gc,phases      ] GC(135)   StringTable Weak               Min:  0.1, Avg:  0.1, Max:  0.1, Diff:  0.0, Sum:  0.5, Workers: 4
[2461.083s][debug][gc,phases      ] GC(135)     Dead                           Min: 0, Avg:  0.0, Max: 0, Diff: 0, Sum: 0, Workers: 4
[2461.083s][debug][gc,phases      ] GC(135)     Total                          Min: 8127, Avg: 11036.5, Max: 12288, Diff: 4161, Sum: 44146, Workers: 4
[2461.083s][debug][gc,phases      ] GC(135)   ResolvedMethodTable Weak       Min:  0.0, Avg:  0.0, Max:  0.0, Diff:  0.0, Sum:  0.1, Workers: 4
[2461.083s][debug][gc,phases      ] GC(135)     Dead                           Min: 0, Avg:  0.0, Max: 0, Diff: 0, Sum: 0, Workers: 4
[2461.083s][debug][gc,phases      ] GC(135)     Total                          Min: 1920, Avg: 2546.2, Max: 2803, Diff: 883, Sum: 10185, Workers: 4
[2461.083s][debug][gc,phases      ] GC(135)   JNI Weak                       Min:  0.0, Avg:  0.0, Max:  0.0, Diff:  0.0, Sum:  0.0, Workers: 4
[2461.083s][debug][gc,phases      ] GC(135)     Dead                           Min: 0, Avg:  0.0, Max: 0, Diff: 0, Sum: 0, Workers: 4
[2461.083s][debug][gc,phases      ] GC(135)     Total                          Min: 0, Avg: 11.2, Max: 45, Diff: 45, Sum: 45, Workers: 4
[2461.083s][debug][gc,phases      ] GC(135)   StringDedup Table Weak         Min:  0.0, Avg:  0.0, Max:  0.0, Diff:  0.0, Sum:  0.0, Workers: 4
[2461.083s][debug][gc,phases      ] GC(135)     Dead                           Min: 0, Avg:  0.0, Max: 0, Diff: 0, Sum: 0, Workers: 4
[2461.083s][debug][gc,phases      ] GC(135)     Total                          Min: 0, Avg:  0.0, Max: 0, Diff: 0, Sum: 0, Workers: 4
[2461.083s][debug][gc,phases      ] GC(135)   StringDedup Requests0 Weak     Min:  0.0, Avg:  0.0, Max:  0.0, Diff:  0.0, Sum:  0.0, Workers: 4
[2461.083s][debug][gc,phases      ] GC(135)     Dead                           Min: 0, Avg:  0.0, Max: 0, Diff: 0, Sum: 0, Workers: 4
[2461.083s][debug][gc,phases      ] GC(135)     Total                          Min: 0, Avg:  0.0, Max: 0, Diff: 0, Sum: 0, Workers: 4
[2461.083s][debug][gc,phases      ] GC(135)   StringDedup Requests1 Weak     Min:  0.0, Avg:  0.0, Max:  0.0, Diff:  0.0, Sum:  0.0, Workers: 4
[2461.083s][debug][gc,phases      ] GC(135)     Dead                           Min: 0, Avg:  0.0, Max: 0, Diff: 0, Sum: 0, Workers: 4
[2461.083s][debug][gc,phases      ] GC(135)     Total                          Min: 0, Avg:  0.0, Max: 0, Diff: 0, Sum: 0, Workers: 4
[2461.083s][debug][gc,phases      ] GC(135)   Weak JFR Old Object Samples    Min:  0.0, Avg:  0.0, Max:  0.0, Diff:  0.0, Sum:  0.0, Workers: 4
[2461.083s][debug][gc,phases      ] GC(135)     Dead                           Min: 0, Avg:  0.0, Max: 0, Diff: 0, Sum: 0, Workers: 4
[2461.083s][debug][gc,phases      ] GC(135)     Total                          Min: 0, Avg:  0.0, Max: 0, Diff: 0, Sum: 0, Workers: 4
[2461.083s][debug][gc,phases      ] GC(135) Weak Processing 0.357ms
[2461.083s][debug][gc,age         ] GC(135) Desired survivor size 183500800 bytes, new threshold 15 (max threshold 15)
[2461.083s][info ][gc,heap        ] GC(135) PSYoungGen: 1817685K(1912320K)->92628K(1907200K) Eden: 1722368K(1722368K)->0K(1722368K) From: 95317K(189952K)->92628K(184832K)
[2461.083s][info ][gc,heap        ] GC(135) ParOldGen: 580224K(764416K)->580224K(764416K)
[2461.083s][info ][gc,metaspace   ] GC(135) Metaspace: 84667K(85824K)->84667K(85824K) NonClass: 72652K(73280K)->72652K(73280K) Class: 12014K(12544K)->12014K(12544K)
[2461.083s][info ][gc             ] GC(135) Pause Young (Allocation Failure) 2341M->657M(2609M) 30.166ms
[2461.083s][info ][gc,cpu         ] GC(135) User=0.12s Sys=0.00s Real=0.03s
[2461.083s][info ][safepoint      ] Safepoint "ParallelGCFailedAllocation", Time since last: 1801701842 ns, Reaching safepoint: 31503 ns, At safepoint: 30248046 ns, Total: 30279549 ns
[2463.083s][info ][safepoint      ] Safepoint "Cleanup", Time since last: 2000150425 ns, Reaching safepoint: 52804 ns, At safepoint: 4200 ns, Total: 57004 ns
[2467.084s][info ][safepoint      ] Safepoint "Cleanup", Time since last: 4000426463 ns, Reaching safepoint: 50704 ns, At safepoint: 2700 ns, Total: 53404 ns
[2477.200s][info ][gc,start       ] GC(136) Pause Young (Allocation Failure)
[2477.236s][debug][gc,phases      ] GC(136) Scavenge 35.840ms
[2477.236s][debug][gc,ref         ] GC(136) Skipped phase 1 of Reference Processing: no references
[2477.236s][debug][gc,ref         ] GC(136) ReferenceProcessor::execute queues: 1, RefProcThreadModel::Single, marks_oops_alive: false
[2477.236s][debug][gc,ref         ] GC(136) Skipped phase 3 of Reference Processing: no references
[2477.236s][debug][gc,ref         ] GC(136) ReferenceProcessor::execute queues: 1, RefProcThreadModel::Single, marks_oops_alive: false
[2477.236s][debug][gc,phases      ] GC(136) Reference Processing 0.132ms
[2477.236s][debug][gc,phases      ] GC(136)   VM Weak                        Min:  0.0, Avg:  0.0, Max:  0.0, Diff:  0.0, Sum:  0.0, Workers: 4
[2477.236s][debug][gc,phases      ] GC(136)     Dead                           Min: 0, Avg:  0.0, Max: 0, Diff: 0, Sum: 0, Workers: 4
[2477.236s][debug][gc,phases      ] GC(136)     Total                          Min: 64, Avg: 233.0, Max: 576, Diff: 512, Sum: 932, Workers: 4
[2477.236s][debug][gc,phases      ] GC(136)   ObjectSynchronizer Weak        Min:  0.0, Avg:  0.0, Max:  0.0, Diff:  0.0, Sum:  0.0, Workers: 4
[2477.236s][debug][gc,phases      ] GC(136)     Dead                           Min: 0, Avg:  0.0, Max: 0, Diff: 0, Sum: 0, Workers: 4
[2477.236s][debug][gc,phases      ] GC(136)     Total                          Min: 0, Avg: 26.0, Max: 64, Diff: 64, Sum: 104, Workers: 4
[2477.236s][debug][gc,phases      ] GC(136)   JVMTI Tag Weak OopStorage      Min:  0.0, Avg:  0.0, Max:  0.0, Diff:  0.0, Sum:  0.0, Workers: 4
[2477.236s][debug][gc,phases      ] GC(136)     Dead                           Min: 0, Avg:  0.0, Max: 0, Diff: 0, Sum: 0, Workers: 4
[2477.236s][debug][gc,phases      ] GC(136)     Total                          Min: 0, Avg:  0.0, Max: 0, Diff: 0, Sum: 0, Workers: 4
[2477.236s][debug][gc,phases      ] GC(136)   StringTable Weak               Min:  0.1, Avg:  0.1, Max:  0.1, Diff:  0.0, Sum:  0.5, Workers: 4
[2477.236s][debug][gc,phases      ] GC(136)     Dead                           Min: 0, Avg:  0.0, Max: 0, Diff: 0, Sum: 0, Workers: 4
[2477.236s][debug][gc,phases      ] GC(136)     Total                          Min: 9907, Avg: 11036.5, Max: 11712, Diff: 1805, Sum: 44146, Workers: 4
[2477.236s][debug][gc,phases      ] GC(136)   ResolvedMethodTable Weak       Min:  0.0, Avg:  0.0, Max:  0.0, Diff:  0.0, Sum:  0.1, Workers: 4
[2477.236s][debug][gc,phases      ] GC(136)     Dead                           Min: 0, Avg:  0.0, Max: 0, Diff: 0, Sum: 0, Workers: 4
[2477.236s][debug][gc,phases      ] GC(136)     Total                          Min: 2368, Avg: 2546.2, Max: 2872, Diff: 504, Sum: 10185, Workers: 4
[2477.236s][debug][gc,phases      ] GC(136)   JNI Weak                       Min:  0.0, Avg:  0.0, Max:  0.0, Diff:  0.0, Sum:  0.0, Workers: 4
[2477.236s][debug][gc,phases      ] GC(136)     Dead                           Min: 0, Avg:  0.0, Max: 0, Diff: 0, Sum: 0, Workers: 4
[2477.236s][debug][gc,phases      ] GC(136)     Total                          Min: 0, Avg: 11.2, Max: 45, Diff: 45, Sum: 45, Workers: 4
[2477.236s][debug][gc,phases      ] GC(136)   StringDedup Table Weak         Min:  0.0, Avg:  0.0, Max:  0.0, Diff:  0.0, Sum:  0.0, Workers: 4
[2477.236s][debug][gc,phases      ] GC(136)     Dead                           Min: 0, Avg:  0.0, Max: 0, Diff: 0, Sum: 0, Workers: 4
[2477.236s][debug][gc,phases      ] GC(136)     Total                          Min: 0, Avg:  0.0, Max: 0, Diff: 0, Sum: 0, Workers: 4
[2477.236s][debug][gc,phases      ] GC(136)   StringDedup Requests0 Weak     Min:  0.0, Avg:  0.0, Max:  0.0, Diff:  0.0, Sum:  0.0, Workers: 4
[2477.236s][debug][gc,phases      ] GC(136)     Dead                           Min: 0, Avg:  0.0, Max: 0, Diff: 0, Sum: 0, Workers: 4
[2477.236s][debug][gc,phases      ] GC(136)     Total                          Min: 0, Avg:  0.0, Max: 0, Diff: 0, Sum: 0, Workers: 4
[2477.236s][debug][gc,phases      ] GC(136)   StringDedup Requests1 Weak     Min:  0.0, Avg:  0.0, Max:  0.0, Diff:  0.0, Sum:  0.0, Workers: 4
[2477.236s][debug][gc,phases      ] GC(136)     Dead                           Min: 0, Avg:  0.0, Max: 0, Diff: 0, Sum: 0, Workers: 4
[2477.236s][debug][gc,phases      ] GC(136)     Total                          Min: 0, Avg:  0.0, Max: 0, Diff: 0, Sum: 0, Workers: 4
[2477.236s][debug][gc,phases      ] GC(136)   Weak JFR Old Object Samples    Min:  0.0, Avg:  0.0, Max:  0.0, Diff:  0.0, Sum:  0.0, Workers: 4
[2477.236s][debug][gc,phases      ] GC(136)     Dead                           Min: 0, Avg:  0.0, Max: 0, Diff: 0, Sum: 0, Workers: 4
[2477.236s][debug][gc,phases      ] GC(136)     Total                          Min: 0, Avg:  0.0, Max: 0, Diff: 0, Sum: 0, Workers: 4
[2477.236s][debug][gc,phases      ] GC(136) Weak Processing 0.366ms
[2477.236s][debug][gc,age         ] GC(136) Desired survivor size 177733632 bytes, new threshold 15 (max threshold 15)
[2477.236s][info ][gc,heap        ] GC(136) PSYoungGen: 1814996K(1907200K)->94261K(1923584K) Eden: 1722368K(1722368K)->0K(1744384K) From: 92628K(184832K)->94261K(179200K)
[2477.236s][info ][gc,heap        ] GC(136) ParOldGen: 580224K(764416K)->580224K(764416K)
[2477.236s][info ][gc,metaspace   ] GC(136) Metaspace: 84678K(85824K)->84678K(85824K) NonClass: 72663K(73280K)->72663K(73280K) Class: 12014K(12544K)->12014K(12544K)
[2477.236s][info ][gc             ] GC(136) Pause Young (Allocation Failure) 2339M->658M(2625M) 36.476ms
[2477.236s][info ][gc,cpu         ] GC(136) User=0.11s Sys=0.00s Real=0.03s
[2477.236s][info ][safepoint      ] Safepoint "ParallelGCFailedAllocation", Time since last: 10115624013 ns, Reaching safepoint: 51704 ns, At safepoint: 36560494 ns, Total: 36612198 ns
[2479.236s][info ][safepoint      ] Safepoint "Cleanup", Time since last: 2000156238 ns, Reaching safepoint: 43403 ns, At safepoint: 4000 ns, Total: 47403 ns
[2485.237s][info ][safepoint      ] Safepoint "Cleanup", Time since last: 6000422817 ns, Reaching safepoint: 47604 ns, At safepoint: 4900 ns, Total: 52504 ns
[2486.237s][info ][safepoint      ] Safepoint "Cleanup", Time since last: 1000114474 ns, Reaching safepoint: 67105 ns, At safepoint: 34002 ns, Total: 101107 ns
[2487.237s][info ][safepoint      ] Safepoint "Cleanup", Time since last: 1000099174 ns, Reaching safepoint: 42002 ns, At safepoint: 4501 ns, Total: 46503 ns
[2492.238s][info ][safepoint      ] Safepoint "Cleanup", Time since last: 5000353361 ns, Reaching safepoint: 30602 ns, At safepoint: 3201 ns, Total: 33803 ns
[2494.238s][info ][safepoint      ] Safepoint "Cleanup", Time since last: 2000190150 ns, Reaching safepoint: 42803 ns, At safepoint: 3001 ns, Total: 45804 ns
[2494.816s][info ][gc,start       ] GC(137) Pause Young (Allocation Failure)
[2494.862s][debug][gc,phases      ] GC(137) Scavenge 46.591ms
[2494.862s][debug][gc,ref         ] GC(137) Skipped phase 1 of Reference Processing: no references
[2494.863s][debug][gc,ref         ] GC(137) ReferenceProcessor::execute queues: 1, RefProcThreadModel::Single, marks_oops_alive: false
[2494.863s][debug][gc,ref         ] GC(137) Skipped phase 3 of Reference Processing: no references
[2494.863s][debug][gc,ref         ] GC(137) ReferenceProcessor::execute queues: 1, RefProcThreadModel::Single, marks_oops_alive: false
[2494.863s][debug][gc,phases      ] GC(137) Reference Processing 0.107ms
[2494.863s][debug][gc,phases      ] GC(137)   VM Weak                        Min:  0.0, Avg:  0.0, Max:  0.0, Diff:  0.0, Sum:  0.0, Workers: 4
[2494.863s][debug][gc,phases      ] GC(137)     Dead                           Min: 0, Avg:  0.0, Max: 0, Diff: 0, Sum: 0, Workers: 4
[2494.863s][debug][gc,phases      ] GC(137)     Total                          Min: 0, Avg: 233.0, Max: 576, Diff: 576, Sum: 932, Workers: 4
[2494.863s][debug][gc,phases      ] GC(137)   ObjectSynchronizer Weak        Min:  0.0, Avg:  0.0, Max:  0.0, Diff:  0.0, Sum:  0.0, Workers: 4
[2494.863s][debug][gc,phases      ] GC(137)     Dead                           Min: 0, Avg:  0.0, Max: 0, Diff: 0, Sum: 0, Workers: 4
[2494.863s][debug][gc,phases      ] GC(137)     Total                          Min: 0, Avg: 26.0, Max: 64, Diff: 64, Sum: 104, Workers: 4
[2494.863s][debug][gc,phases      ] GC(137)   JVMTI Tag Weak OopStorage      Min:  0.0, Avg:  0.0, Max:  0.0, Diff:  0.0, Sum:  0.0, Workers: 4
[2494.863s][debug][gc,phases      ] GC(137)     Dead                           Min: 0, Avg:  0.0, Max: 0, Diff: 0, Sum: 0, Workers: 4
[2494.863s][debug][gc,phases      ] GC(137)     Total                          Min: 0, Avg:  0.0, Max: 0, Diff: 0, Sum: 0, Workers: 4
[2494.863s][debug][gc,phases      ] GC(137)   StringTable Weak               Min:  0.0, Avg:  0.1, Max:  0.2, Diff:  0.2, Sum:  0.5, Workers: 4
[2494.863s][debug][gc,phases      ] GC(137)     Dead                           Min: 0, Avg:  0.0, Max: 0, Diff: 0, Sum: 0, Workers: 4
[2494.863s][debug][gc,phases      ] GC(137)     Total                          Min: 0, Avg: 11036.5, Max: 14912, Diff: 14912, Sum: 44146, Workers: 4
[2494.863s][debug][gc,phases      ] GC(137)   ResolvedMethodTable Weak       Min:  0.0, Avg:  0.0, Max:  0.0, Diff:  0.0, Sum:  0.1, Workers: 4
[2494.863s][debug][gc,phases      ] GC(137)     Dead                           Min: 0, Avg:  0.0, Max: 0, Diff: 0, Sum: 0, Workers: 4
[2494.863s][debug][gc,phases      ] GC(137)     Total                          Min: 0, Avg: 2546.2, Max: 3704, Diff: 3704, Sum: 10185, Workers: 4
[2494.863s][debug][gc,phases      ] GC(137)   JNI Weak                       Min:  0.0, Avg:  0.0, Max:  0.0, Diff:  0.0, Sum:  0.0, Workers: 4
[2494.863s][debug][gc,phases      ] GC(137)     Dead                           Min: 0, Avg:  0.0, Max: 0, Diff: 0, Sum: 0, Workers: 4
[2494.863s][debug][gc,phases      ] GC(137)     Total                          Min: 0, Avg: 11.2, Max: 45, Diff: 45, Sum: 45, Workers: 4
[2494.863s][debug][gc,phases      ] GC(137)   StringDedup Table Weak         Min:  0.0, Avg:  0.0, Max:  0.0, Diff:  0.0, Sum:  0.0, Workers: 4
[2494.863s][debug][gc,phases      ] GC(137)     Dead                           Min: 0, Avg:  0.0, Max: 0, Diff: 0, Sum: 0, Workers: 4
[2494.863s][debug][gc,phases      ] GC(137)     Total                          Min: 0, Avg:  0.0, Max: 0, Diff: 0, Sum: 0, Workers: 4
[2494.863s][debug][gc,phases      ] GC(137)   StringDedup Requests0 Weak     Min:  0.0, Avg:  0.0, Max:  0.0, Diff:  0.0, Sum:  0.0, Workers: 4
[2494.863s][debug][gc,phases      ] GC(137)     Dead                           Min: 0, Avg:  0.0, Max: 0, Diff: 0, Sum: 0, Workers: 4
[2494.863s][debug][gc,phases      ] GC(137)     Total                          Min: 0, Avg:  0.0, Max: 0, Diff: 0, Sum: 0, Workers: 4
[2494.863s][debug][gc,phases      ] GC(137)   StringDedup Requests1 Weak     Min:  0.0, Avg:  0.0, Max:  0.0, Diff:  0.0, Sum:  0.0, Workers: 4
[2494.863s][debug][gc,phases      ] GC(137)     Dead                           Min: 0, Avg:  0.0, Max: 0, Diff: 0, Sum: 0, Workers: 4
[2494.863s][debug][gc,phases      ] GC(137)     Total                          Min: 0, Avg:  0.0, Max: 0, Diff: 0, Sum: 0, Workers: 4
[2494.863s][debug][gc,phases      ] GC(137)   Weak JFR Old Object Samples    Min:  0.0, Avg:  0.0, Max:  0.0, Diff:  0.0, Sum:  0.0, Workers: 4
[2494.863s][debug][gc,phases      ] GC(137)     Dead                           Min: 0, Avg:  0.0, Max: 0, Diff: 0, Sum: 0, Workers: 4
[2494.863s][debug][gc,phases      ] GC(137)     Total                          Min: 0, Avg:  0.0, Max: 0, Diff: 0, Sum: 0, Workers: 4
[2494.863s][debug][gc,phases      ] GC(137) Weak Processing 0.376ms
[2494.863s][debug][gc,age         ] GC(137) Desired survivor size 179306496 bytes, new threshold 15 (max threshold 15)
[2494.863s][info ][gc,heap        ] GC(137) PSYoungGen: 1838645K(1923584K)->111797K(1917952K) Eden: 1744384K(1744384K)->0K(1744384K) From: 94261K(179200K)->111797K(173568K)
[2494.863s][info ][gc,heap        ] GC(137) ParOldGen: 580224K(764416K)->580224K(764416K)
[2494.863s][info ][gc,metaspace   ] GC(137) Metaspace: 84687K(85824K)->84687K(85824K) NonClass: 72672K(73280K)->72672K(73280K) Class: 12014K(12544K)->12014K(12544K)
[2494.863s][info ][gc             ] GC(137) Pause Young (Allocation Failure) 2362M->675M(2619M) 47.204ms
[2494.863s][info ][gc,cpu         ] GC(137) User=0.13s Sys=0.00s Real=0.05s
[2494.863s][info ][safepoint      ] Safepoint "ParallelGCFailedAllocation", Time since last: 577782204 ns, Reaching safepoint: 132109 ns, At safepoint: 47278056 ns, Total: 47410165 ns
[2495.863s][info ][safepoint      ] Safepoint "Cleanup", Time since last: 1000086975 ns, Reaching safepoint: 121009 ns, At safepoint: 9500 ns, Total: 130509 ns
[2501.864s][info ][safepoint      ] Safepoint "Cleanup", Time since last: 6000387951 ns, Reaching safepoint: 48604 ns, At safepoint: 5600 ns, Total: 54204 ns
[2502.864s][info ][safepoint      ] Safepoint "Cleanup", Time since last: 1000126081 ns, Reaching safepoint: 43703 ns, At safepoint: 4100 ns, Total: 47803 ns
[2503.864s][info ][safepoint      ] Safepoint "Cleanup", Time since last: 1000117781 ns, Reaching safepoint: 45603 ns, At safepoint: 8000 ns, Total: 53603 ns
[2507.864s][info ][safepoint      ] Safepoint "Cleanup", Time since last: 4000278612 ns, Reaching safepoint: 67705 ns, At safepoint: 4500 ns, Total: 72205 ns
[2508.865s][info ][safepoint      ] Safepoint "Cleanup", Time since last: 1000124583 ns, Reaching safepoint: 135509 ns, At safepoint: 8701 ns, Total: 144210 ns
[2518.450s][info ][gc,start       ] GC(138) Pause Young (Allocation Failure)
[2518.480s][debug][gc,phases      ] GC(138) Scavenge 29.224ms
[2518.480s][debug][gc,ref         ] GC(138) Skipped phase 1 of Reference Processing: no references
[2518.480s][debug][gc,ref         ] GC(138) ReferenceProcessor::execute queues: 1, RefProcThreadModel::Single, marks_oops_alive: false
[2518.480s][debug][gc,ref         ] GC(138) Skipped phase 3 of Reference Processing: no references
[2518.480s][debug][gc,ref         ] GC(138) ReferenceProcessor::execute queues: 1, RefProcThreadModel::Single, marks_oops_alive: false
[2518.480s][debug][gc,phases      ] GC(138) Reference Processing 0.095ms
[2518.480s][debug][gc,phases      ] GC(138)   VM Weak                        Min:  0.0, Avg:  0.0, Max:  0.0, Diff:  0.0, Sum:  0.0, Workers: 4
[2518.480s][debug][gc,phases      ] GC(138)     Dead                           Min: 0, Avg:  0.0, Max: 0, Diff: 0, Sum: 0, Workers: 4
[2518.480s][debug][gc,phases      ] GC(138)     Total                          Min: 0, Avg: 233.0, Max: 832, Diff: 832, Sum: 932, Workers: 4
[2518.480s][debug][gc,phases      ] GC(138)   ObjectSynchronizer Weak        Min:  0.0, Avg:  0.0, Max:  0.0, Diff:  0.0, Sum:  0.0, Workers: 4
[2518.480s][debug][gc,phases      ] GC(138)     Dead                           Min: 0, Avg:  0.0, Max: 0, Diff: 0, Sum: 0, Workers: 4
[2518.480s][debug][gc,phases      ] GC(138)     Total                          Min: 0, Avg: 26.0, Max: 64, Diff: 64, Sum: 104, Workers: 4
[2518.480s][debug][gc,phases      ] GC(138)   JVMTI Tag Weak OopStorage      Min:  0.0, Avg:  0.0, Max:  0.0, Diff:  0.0, Sum:  0.0, Workers: 4
[2518.480s][debug][gc,phases      ] GC(138)     Dead                           Min: 0, Avg:  0.0, Max: 0, Diff: 0, Sum: 0, Workers: 4
[2518.480s][debug][gc,phases      ] GC(138)     Total                          Min: 0, Avg:  0.0, Max: 0, Diff: 0, Sum: 0, Workers: 4
[2518.480s][debug][gc,phases      ] GC(138)   StringTable Weak               Min:  0.0, Avg:  0.1, Max:  0.1, Diff:  0.1, Sum:  0.4, Workers: 4
[2518.480s][debug][gc,phases      ] GC(138)     Dead                           Min: 0, Avg:  0.0, Max: 0, Diff: 0, Sum: 0, Workers: 4
[2518.480s][debug][gc,phases      ] GC(138)     Total                          Min: 0, Avg: 11036.5, Max: 16499, Diff: 16499, Sum: 44146, Workers: 4
[2518.480s][debug][gc,phases      ] GC(138)   ResolvedMethodTable Weak       Min:  0.0, Avg:  0.0, Max:  0.0, Diff:  0.0, Sum:  0.1, Workers: 4
[2518.480s][debug][gc,phases      ] GC(138)     Dead                           Min: 0, Avg:  0.0, Max: 0, Diff: 0, Sum: 0, Workers: 4
[2518.480s][debug][gc,phases      ] GC(138)     Total                          Min: 0, Avg: 2546.2, Max: 3515, Diff: 3515, Sum: 10185, Workers: 4
[2518.480s][debug][gc,phases      ] GC(138)   JNI Weak                       Min:  0.0, Avg:  0.0, Max:  0.0, Diff:  0.0, Sum:  0.0, Workers: 4
[2518.480s][debug][gc,phases      ] GC(138)     Dead                           Min: 0, Avg:  0.0, Max: 0, Diff: 0, Sum: 0, Workers: 4
[2518.480s][debug][gc,phases      ] GC(138)     Total                          Min: 0, Avg: 11.2, Max: 45, Diff: 45, Sum: 45, Workers: 4
[2518.480s][debug][gc,phases      ] GC(138)   StringDedup Table Weak         Min:  0.0, Avg:  0.0, Max:  0.0, Diff:  0.0, Sum:  0.0, Workers: 4
[2518.480s][debug][gc,phases      ] GC(138)     Dead                           Min: 0, Avg:  0.0, Max: 0, Diff: 0, Sum: 0, Workers: 4
[2518.480s][debug][gc,phases      ] GC(138)     Total                          Min: 0, Avg:  0.0, Max: 0, Diff: 0, Sum: 0, Workers: 4
[2518.480s][debug][gc,phases      ] GC(138)   StringDedup Requests0 Weak     Min:  0.0, Avg:  0.0, Max:  0.0, Diff:  0.0, Sum:  0.0, Workers: 4
[2518.480s][debug][gc,phases      ] GC(138)     Dead                           Min: 0, Avg:  0.0, Max: 0, Diff: 0, Sum: 0, Workers: 4
[2518.480s][debug][gc,phases      ] GC(138)     Total                          Min: 0, Avg:  0.0, Max: 0, Diff: 0, Sum: 0, Workers: 4
[2518.480s][debug][gc,phases      ] GC(138)   StringDedup Requests1 Weak     Min:  0.0, Avg:  0.0, Max:  0.0, Diff:  0.0, Sum:  0.0, Workers: 4
[2518.480s][debug][gc,phases      ] GC(138)     Dead                           Min: 0, Avg:  0.0, Max: 0, Diff: 0, Sum: 0, Workers: 4
[2518.480s][debug][gc,phases      ] GC(138)     Total                          Min: 0, Avg:  0.0, Max: 0, Diff: 0, Sum: 0, Workers: 4
[2518.480s][debug][gc,phases      ] GC(138)   Weak JFR Old Object Samples    Min:  0.0, Avg:  0.0, Max:  0.0, Diff:  0.0, Sum:  0.0, Workers: 4
[2518.480s][debug][gc,phases      ] GC(138)     Dead                           Min: 0, Avg:  0.0, Max: 0, Diff: 0, Sum: 0, Workers: 4
[2518.480s][debug][gc,phases      ] GC(138)     Total                          Min: 0, Avg:  0.0, Max: 0, Diff: 0, Sum: 0, Workers: 4
[2518.480s][debug][gc,phases      ] GC(138) Weak Processing 0.374ms
[2518.480s][debug][gc,age         ] GC(138) Desired survivor size 173539328 bytes, new threshold 15 (max threshold 15)
[2518.480s][info ][gc,heap        ] GC(138) PSYoungGen: 1856181K(1917952K)->69157K(1927680K) Eden: 1744384K(1744384K)->0K(1752576K) From: 111797K(173568K)->69157K(175104K)
[2518.480s][info ][gc,heap        ] GC(138) ParOldGen: 580224K(764416K)->580224K(764416K)
[2518.480s][info ][gc,metaspace   ] GC(138) Metaspace: 84691K(85824K)->84691K(85824K) NonClass: 72676K(73280K)->72676K(73280K) Class: 12014K(12544K)->12014K(12544K)
[2518.480s][info ][gc             ] GC(138) Pause Young (Allocation Failure) 2379M->634M(2629M) 29.814ms
[2518.480s][info ][gc,cpu         ] GC(138) User=0.07s Sys=0.00s Real=0.03s
[2518.480s][info ][safepoint      ] Safepoint "ParallelGCFailedAllocation", Time since last: 9585578443 ns, Reaching safepoint: 49603 ns, At safepoint: 29908623 ns, Total: 29958226 ns
[2524.481s][info ][safepoint      ] Safepoint "Cleanup", Time since last: 6000416200 ns, Reaching safepoint: 58104 ns, At safepoint: 4900 ns, Total: 63004 ns
[2525.481s][info ][safepoint      ] Safepoint "Cleanup", Time since last: 1000120288 ns, Reaching safepoint: 40703 ns, At safepoint: 4100 ns, Total: 44803 ns
[2531.481s][info ][safepoint      ] Safepoint "Cleanup", Time since last: 6000339808 ns, Reaching safepoint: 46404 ns, At safepoint: 7300 ns, Total: 53704 ns
[2532.481s][info ][safepoint      ] Safepoint "Cleanup", Time since last: 1000111190 ns, Reaching safepoint: 47803 ns, At safepoint: 3801 ns, Total: 51604 ns
[2535.482s][info ][safepoint      ] Safepoint "Cleanup", Time since last: 3000236164 ns, Reaching safepoint: 61104 ns, At safepoint: 4400 ns, Total: 65504 ns
[2537.482s][info ][safepoint      ] Safepoint "Cleanup", Time since last: 2000182980 ns, Reaching safepoint: 58204 ns, At safepoint: 5901 ns, Total: 64105 ns
[2539.482s][info ][safepoint      ] Safepoint "Cleanup", Time since last: 2000175780 ns, Reaching safepoint: 54304 ns, At safepoint: 2900 ns, Total: 57204 ns
[2543.397s][info ][gc,start       ] GC(139) Pause Young (Allocation Failure)
[2543.421s][debug][gc,phases      ] GC(139) Scavenge 24.140ms
[2543.421s][debug][gc,ref         ] GC(139) Skipped phase 1 of Reference Processing: no references
[2543.421s][debug][gc,ref         ] GC(139) ReferenceProcessor::execute queues: 1, RefProcThreadModel::Single, marks_oops_alive: false
[2543.421s][debug][gc,ref         ] GC(139) Skipped phase 3 of Reference Processing: no references
[2543.421s][debug][gc,ref         ] GC(139) ReferenceProcessor::execute queues: 1, RefProcThreadModel::Single, marks_oops_alive: false
[2543.421s][debug][gc,phases      ] GC(139) Reference Processing 0.113ms
[2543.422s][debug][gc,phases      ] GC(139)   VM Weak                        Min:  0.0, Avg:  0.0, Max:  0.0, Diff:  0.0, Sum:  0.0, Workers: 4
[2543.422s][debug][gc,phases      ] GC(139)     Dead                           Min: 0, Avg:  0.0, Max: 0, Diff: 0, Sum: 0, Workers: 4
[2543.422s][debug][gc,phases      ] GC(139)     Total                          Min: 0, Avg: 233.0, Max: 768, Diff: 768, Sum: 932, Workers: 4
[2543.422s][debug][gc,phases      ] GC(139)   ObjectSynchronizer Weak        Min:  0.0, Avg:  0.0, Max:  0.0, Diff:  0.0, Sum:  0.0, Workers: 4
[2543.422s][debug][gc,phases      ] GC(139)     Dead                           Min: 0, Avg:  0.0, Max: 0, Diff: 0, Sum: 0, Workers: 4
[2543.422s][debug][gc,phases      ] GC(139)     Total                          Min: 0, Avg: 26.0, Max: 64, Diff: 64, Sum: 104, Workers: 4
[2543.422s][debug][gc,phases      ] GC(139)   JVMTI Tag Weak OopStorage      Min:  0.0, Avg:  0.0, Max:  0.0, Diff:  0.0, Sum:  0.0, Workers: 4
[2543.422s][debug][gc,phases      ] GC(139)     Dead                           Min: 0, Avg:  0.0, Max: 0, Diff: 0, Sum: 0, Workers: 4
[2543.422s][debug][gc,phases      ] GC(139)     Total                          Min: 0, Avg:  0.0, Max: 0, Diff: 0, Sum: 0, Workers: 4
[2543.422s][debug][gc,phases      ] GC(139)   StringTable Weak               Min:  0.1, Avg:  0.1, Max:  0.1, Diff:  0.0, Sum:  0.5, Workers: 4
[2543.422s][debug][gc,phases      ] GC(139)     Dead                           Min: 0, Avg:  0.0, Max: 0, Diff: 0, Sum: 0, Workers: 4
[2543.422s][debug][gc,phases      ] GC(139)     Total                          Min: 10240, Avg: 11036.8, Max: 11891, Diff: 1651, Sum: 44147, Workers: 4
[2543.422s][debug][gc,phases      ] GC(139)   ResolvedMethodTable Weak       Min:  0.0, Avg:  0.0, Max:  0.0, Diff:  0.0, Sum:  0.1, Workers: 4
[2543.422s][debug][gc,phases      ] GC(139)     Dead                           Min: 0, Avg:  0.0, Max: 0, Diff: 0, Sum: 0, Workers: 4
[2543.422s][debug][gc,phases      ] GC(139)     Total                          Min: 1971, Avg: 2546.2, Max: 2816, Diff: 845, Sum: 10185, Workers: 4
[2543.422s][debug][gc,phases      ] GC(139)   JNI Weak                       Min:  0.0, Avg:  0.0, Max:  0.0, Diff:  0.0, Sum:  0.0, Workers: 4
[2543.422s][debug][gc,phases      ] GC(139)     Dead                           Min: 0, Avg:  0.0, Max: 0, Diff: 0, Sum: 0, Workers: 4
[2543.422s][debug][gc,phases      ] GC(139)     Total                          Min: 0, Avg: 11.2, Max: 45, Diff: 45, Sum: 45, Workers: 4
[2543.422s][debug][gc,phases      ] GC(139)   StringDedup Table Weak         Min:  0.0, Avg:  0.0, Max:  0.0, Diff:  0.0, Sum:  0.0, Workers: 4
[2543.422s][debug][gc,phases      ] GC(139)     Dead                           Min: 0, Avg:  0.0, Max: 0, Diff: 0, Sum: 0, Workers: 4
[2543.422s][debug][gc,phases      ] GC(139)     Total                          Min: 0, Avg:  0.0, Max: 0, Diff: 0, Sum: 0, Workers: 4
[2543.422s][debug][gc,phases      ] GC(139)   StringDedup Requests0 Weak     Min:  0.0, Avg:  0.0, Max:  0.0, Diff:  0.0, Sum:  0.0, Workers: 4
[2543.422s][debug][gc,phases      ] GC(139)     Dead                           Min: 0, Avg:  0.0, Max: 0, Diff: 0, Sum: 0, Workers: 4
[2543.422s][debug][gc,phases      ] GC(139)     Total                          Min: 0, Avg:  0.0, Max: 0, Diff: 0, Sum: 0, Workers: 4
[2543.422s][debug][gc,phases      ] GC(139)   StringDedup Requests1 Weak     Min:  0.0, Avg:  0.0, Max:  0.0, Diff:  0.0, Sum:  0.0, Workers: 4
[2543.422s][debug][gc,phases      ] GC(139)     Dead                           Min: 0, Avg:  0.0, Max: 0, Diff: 0, Sum: 0, Workers: 4
[2543.422s][debug][gc,phases      ] GC(139)     Total                          Min: 0, Avg:  0.0, Max: 0, Diff: 0, Sum: 0, Workers: 4
[2543.422s][debug][gc,phases      ] GC(139)   Weak JFR Old Object Samples    Min:  0.0, Avg:  0.0, Max:  0.0, Diff:  0.0, Sum:  0.0, Workers: 4
[2543.422s][debug][gc,phases      ] GC(139)     Dead                           Min: 0, Avg:  0.0, Max: 0, Diff: 0, Sum: 0, Workers: 4
[2543.422s][debug][gc,phases      ] GC(139)     Total                          Min: 0, Avg:  0.0, Max: 0, Diff: 0, Sum: 0, Workers: 4
[2543.422s][debug][gc,phases      ] GC(139) Weak Processing 0.367ms
[2543.422s][debug][gc,age         ] GC(139) Desired survivor size 167247872 bytes, new threshold 15 (max threshold 15)
[2543.422s][info ][gc,heap        ] GC(139) PSYoungGen: 1821733K(1927680K)->68949K(1922048K) Eden: 1752576K(1752576K)->0K(1752576K) From: 69157K(175104K)->68949K(169472K)
[2543.422s][info ][gc,heap        ] GC(139) ParOldGen: 580224K(764416K)->580224K(764416K)
[2543.422s][info ][gc,metaspace   ] GC(139) Metaspace: 84694K(85824K)->84694K(85824K) NonClass: 72679K(73280K)->72679K(73280K) Class: 12014K(12544K)->12014K(12544K)
[2543.422s][info ][gc             ] GC(139) Pause Young (Allocation Failure) 2345M->633M(2623M) 24.757ms
[2543.422s][info ][gc,cpu         ] GC(139) User=0.08s Sys=0.00s Real=0.03s
[2543.422s][info ][safepoint      ] Safepoint "ParallelGCFailedAllocation", Time since last: 3914809092 ns, Reaching safepoint: 110708 ns, At safepoint: 24834263 ns, Total: 24944971 ns
[2545.422s][info ][safepoint      ] Safepoint "Cleanup", Time since last: 2000158283 ns, Reaching safepoint: 59804 ns, At safepoint: 3001 ns, Total: 62805 ns
[2546.422s][info ][safepoint      ] Safepoint "Cleanup", Time since last: 1000111894 ns, Reaching safepoint: 27602 ns, At safepoint: 2800 ns, Total: 30402 ns
[2547.422s][info ][safepoint      ] Safepoint "Cleanup", Time since last: 1000107594 ns, Reaching safepoint: 68605 ns, At safepoint: 6301 ns, Total: 74906 ns
[2548.423s][info ][safepoint      ] Safepoint "Cleanup", Time since last: 1000112595 ns, Reaching safepoint: 128109 ns, At safepoint: 6600 ns, Total: 134709 ns
[2549.423s][info ][safepoint      ] Safepoint "Cleanup", Time since last: 1000108695 ns, Reaching safepoint: 58804 ns, At safepoint: 3401 ns, Total: 62205 ns
[2550.423s][info ][safepoint      ] Safepoint "Cleanup", Time since last: 1000120896 ns, Reaching safepoint: 47303 ns, At safepoint: 3701 ns, Total: 51004 ns
[2553.423s][info ][safepoint      ] Safepoint "Cleanup", Time since last: 3000237181 ns, Reaching safepoint: 50704 ns, At safepoint: 5500 ns, Total: 56204 ns
[2554.423s][info ][safepoint      ] Safepoint "Cleanup", Time since last: 1000104196 ns, Reaching safepoint: 44404 ns, At safepoint: 4500 ns, Total: 48904 ns
[2555.424s][info ][safepoint      ] Safepoint "Cleanup", Time since last: 1000120098 ns, Reaching safepoint: 46703 ns, At safepoint: 3700 ns, Total: 50403 ns
[2557.424s][info ][safepoint      ] Safepoint "Cleanup", Time since last: 2000213595 ns, Reaching safepoint: 47503 ns, At safepoint: 3700 ns, Total: 51203 ns
[2562.424s][info ][safepoint      ] Safepoint "Cleanup", Time since last: 5000365980 ns, Reaching safepoint: 66005 ns, At safepoint: 2700 ns, Total: 68705 ns
[2563.425s][info ][safepoint      ] Safepoint "Cleanup", Time since last: 1000114900 ns, Reaching safepoint: 59704 ns, At safepoint: 3001 ns, Total: 62705 ns
[2564.425s][info ][safepoint      ] Safepoint "Cleanup", Time since last: 1000102099 ns, Reaching safepoint: 48603 ns, At safepoint: 3001 ns, Total: 51604 ns
[2568.401s][info ][gc,start       ] GC(140) Pause Young (Allocation Failure)
[2568.430s][debug][gc,phases      ] GC(140) Scavenge 29.011ms
[2568.430s][debug][gc,ref         ] GC(140) Skipped phase 1 of Reference Processing: no references
[2568.431s][debug][gc,ref         ] GC(140) ReferenceProcessor::execute queues: 1, RefProcThreadModel::Single, marks_oops_alive: false
[2568.431s][debug][gc,ref         ] GC(140) ReferenceProcessor::execute queues: 4, RefProcThreadModel::Multi, marks_oops_alive: true
[2568.431s][debug][gc,ref         ] GC(140) ReferenceProcessor::execute queues: 1, RefProcThreadModel::Single, marks_oops_alive: false
[2568.431s][debug][gc,phases      ] GC(140) Reference Processing 0.231ms
[2568.431s][debug][gc,phases      ] GC(140)   VM Weak                        Min:  0.0, Avg:  0.0, Max:  0.0, Diff:  0.0, Sum:  0.0, Workers: 4
[2568.431s][debug][gc,phases      ] GC(140)     Dead                           Min: 0, Avg:  0.0, Max: 0, Diff: 0, Sum: 0, Workers: 4
[2568.431s][debug][gc,phases      ] GC(140)     Total                          Min: 0, Avg: 233.2, Max: 576, Diff: 576, Sum: 933, Workers: 4
[2568.431s][debug][gc,phases      ] GC(140)   ObjectSynchronizer Weak        Min:  0.0, Avg:  0.0, Max:  0.0, Diff:  0.0, Sum:  0.0, Workers: 4
[2568.431s][debug][gc,phases      ] GC(140)     Dead                           Min: 0, Avg:  0.0, Max: 0, Diff: 0, Sum: 0, Workers: 4
[2568.431s][debug][gc,phases      ] GC(140)     Total                          Min: 0, Avg: 26.0, Max: 64, Diff: 64, Sum: 104, Workers: 4
[2568.431s][debug][gc,phases      ] GC(140)   JVMTI Tag Weak OopStorage      Min:  0.0, Avg:  0.0, Max:  0.0, Diff:  0.0, Sum:  0.0, Workers: 4
[2568.431s][debug][gc,phases      ] GC(140)     Dead                           Min: 0, Avg:  0.0, Max: 0, Diff: 0, Sum: 0, Workers: 4
[2568.431s][debug][gc,phases      ] GC(140)     Total                          Min: 0, Avg:  0.0, Max: 0, Diff: 0, Sum: 0, Workers: 4
[2568.431s][debug][gc,phases      ] GC(140)   StringTable Weak               Min:  0.1, Avg:  0.1, Max:  0.1, Diff:  0.0, Sum:  0.4, Workers: 4
[2568.431s][debug][gc,phases      ] GC(140)     Dead                           Min: 0, Avg:  0.0, Max: 0, Diff: 0, Sum: 0, Workers: 4
[2568.431s][debug][gc,phases      ] GC(140)     Total                          Min: 9600, Avg: 11047.2, Max: 13056, Diff: 3456, Sum: 44189, Workers: 4
[2568.431s][debug][gc,phases      ] GC(140)   ResolvedMethodTable Weak       Min:  0.0, Avg:  0.0, Max:  0.0, Diff:  0.0, Sum:  0.1, Workers: 4
[2568.431s][debug][gc,phases      ] GC(140)     Dead                           Min: 0, Avg:  0.0, Max: 0, Diff: 0, Sum: 0, Workers: 4
[2568.431s][debug][gc,phases      ] GC(140)     Total                          Min: 2432, Avg: 2546.2, Max: 2624, Diff: 192, Sum: 10185, Workers: 4
[2568.431s][debug][gc,phases      ] GC(140)   JNI Weak                       Min:  0.0, Avg:  0.0, Max:  0.0, Diff:  0.0, Sum:  0.0, Workers: 4
[2568.431s][debug][gc,phases      ] GC(140)     Dead                           Min: 0, Avg:  0.0, Max: 0, Diff: 0, Sum: 0, Workers: 4
[2568.431s][debug][gc,phases      ] GC(140)     Total                          Min: 0, Avg: 11.2, Max: 45, Diff: 45, Sum: 45, Workers: 4
[2568.431s][debug][gc,phases      ] GC(140)   StringDedup Table Weak         Min:  0.0, Avg:  0.0, Max:  0.0, Diff:  0.0, Sum:  0.0, Workers: 4
[2568.431s][debug][gc,phases      ] GC(140)     Dead                           Min: 0, Avg:  0.0, Max: 0, Diff: 0, Sum: 0, Workers: 4
[2568.431s][debug][gc,phases      ] GC(140)     Total                          Min: 0, Avg:  0.0, Max: 0, Diff: 0, Sum: 0, Workers: 4
[2568.431s][debug][gc,phases      ] GC(140)   StringDedup Requests0 Weak     Min:  0.0, Avg:  0.0, Max:  0.0, Diff:  0.0, Sum:  0.0, Workers: 4
[2568.431s][debug][gc,phases      ] GC(140)     Dead                           Min: 0, Avg:  0.0, Max: 0, Diff: 0, Sum: 0, Workers: 4
[2568.431s][debug][gc,phases      ] GC(140)     Total                          Min: 0, Avg:  0.0, Max: 0, Diff: 0, Sum: 0, Workers: 4
[2568.431s][debug][gc,phases      ] GC(140)   StringDedup Requests1 Weak     Min:  0.0, Avg:  0.0, Max:  0.0, Diff:  0.0, Sum:  0.0, Workers: 4
[2568.431s][debug][gc,phases      ] GC(140)     Dead                           Min: 0, Avg:  0.0, Max: 0, Diff: 0, Sum: 0, Workers: 4
[2568.431s][debug][gc,phases      ] GC(140)     Total                          Min: 0, Avg:  0.0, Max: 0, Diff: 0, Sum: 0, Workers: 4
[2568.431s][debug][gc,phases      ] GC(140)   Weak JFR Old Object Samples    Min:  0.0, Avg:  0.0, Max:  0.0, Diff:  0.0, Sum:  0.0, Workers: 4
[2568.431s][debug][gc,phases      ] GC(140)     Dead                           Min: 0, Avg:  0.0, Max: 0, Diff: 0, Sum: 0, Workers: 4
[2568.431s][debug][gc,phases      ] GC(140)     Total                          Min: 0, Avg:  0.0, Max: 0, Diff: 0, Sum: 0, Workers: 4
[2568.431s][debug][gc,phases      ] GC(140) Weak Processing 0.328ms
[2568.431s][debug][gc,age         ] GC(140) Desired survivor size 163053568 bytes, new threshold 15 (max threshold 15)
[2568.431s][info ][gc,heap        ] GC(140) PSYoungGen: 1821525K(1922048K)->60291K(1937920K) Eden: 1752576K(1752576K)->0K(1774592K) From: 68949K(169472K)->60291K(163328K)
[2568.431s][info ][gc,heap        ] GC(140) ParOldGen: 580224K(764416K)->595417K(764416K)
[2568.431s][info ][gc,metaspace   ] GC(140) Metaspace: 84780K(85888K)->84780K(85888K) NonClass: 72760K(73344K)->72760K(73344K) Class: 12019K(12544K)->12019K(12544K)
[2568.431s][info ][gc             ] GC(140) Pause Young (Allocation Failure) 2345M->640M(2639M) 29.730ms
[2568.431s][info ][gc,cpu         ] GC(140) User=0.09s Sys=0.00s Real=0.03s
[2568.431s][info ][safepoint      ] Safepoint "ParallelGCFailedAllocation", Time since last: 3976475801 ns, Reaching safepoint: 117008 ns, At safepoint: 29821917 ns, Total: 29938925 ns
[2578.432s][info ][safepoint      ] Safepoint "Cleanup", Time since last: 10000644096 ns, Reaching safepoint: 65504 ns, At safepoint: 31903 ns, Total: 97407 ns
[2587.433s][info ][safepoint      ] Safepoint "Cleanup", Time since last: 9000632725 ns, Reaching safepoint: 45203 ns, At safepoint: 4800 ns, Total: 50003 ns
[2589.433s][info ][safepoint      ] Safepoint "Cleanup", Time since last: 2000196113 ns, Reaching safepoint: 47904 ns, At safepoint: 4400 ns, Total: 52304 ns
[2593.149s][info ][gc,start       ] GC(141) Pause Young (Allocation Failure)
[2593.169s][debug][gc,phases      ] GC(141) Scavenge 20.573ms
[2593.169s][debug][gc,ref         ] GC(141) Skipped phase 1 of Reference Processing: no references
[2593.169s][debug][gc,ref         ] GC(141) ReferenceProcessor::execute queues: 1, RefProcThreadModel::Single, marks_oops_alive: false
[2593.169s][debug][gc,ref         ] GC(141) Skipped phase 3 of Reference Processing: no references
[2593.169s][debug][gc,ref         ] GC(141) ReferenceProcessor::execute queues: 1, RefProcThreadModel::Single, marks_oops_alive: false
[2593.169s][debug][gc,phases      ] GC(141) Reference Processing 0.129ms
[2593.169s][debug][gc,phases      ] GC(141)   VM Weak                        Min:  0.0, Avg:  0.0, Max:  0.0, Diff:  0.0, Sum:  0.0, Workers: 4
[2593.169s][debug][gc,phases      ] GC(141)     Dead                           Min: 0, Avg:  0.0, Max: 0, Diff: 0, Sum: 0, Workers: 4
[2593.169s][debug][gc,phases      ] GC(141)     Total                          Min: 0, Avg: 233.2, Max: 576, Diff: 576, Sum: 933, Workers: 4
[2593.170s][debug][gc,phases      ] GC(141)   ObjectSynchronizer Weak        Min:  0.0, Avg:  0.0, Max:  0.0, Diff:  0.0, Sum:  0.0, Workers: 4
[2593.170s][debug][gc,phases      ] GC(141)     Dead                           Min: 0, Avg:  0.0, Max: 0, Diff: 0, Sum: 0, Workers: 4
[2593.170s][debug][gc,phases      ] GC(141)     Total                          Min: 0, Avg: 26.0, Max: 64, Diff: 64, Sum: 104, Workers: 4
[2593.170s][debug][gc,phases      ] GC(141)   JVMTI Tag Weak OopStorage      Min:  0.0, Avg:  0.0, Max:  0.0, Diff:  0.0, Sum:  0.0, Workers: 4
[2593.170s][debug][gc,phases      ] GC(141)     Dead                           Min: 0, Avg:  0.0, Max: 0, Diff: 0, Sum: 0, Workers: 4
[2593.170s][debug][gc,phases      ] GC(141)     Total                          Min: 0, Avg:  0.0, Max: 0, Diff: 0, Sum: 0, Workers: 4
[2593.170s][debug][gc,phases      ] GC(141)   StringTable Weak               Min:  0.1, Avg:  0.1, Max:  0.1, Diff:  0.0, Sum:  0.5, Workers: 4
[2593.170s][debug][gc,phases      ] GC(141)     Dead                           Min: 0, Avg:  0.0, Max: 0, Diff: 0, Sum: 0, Workers: 4
[2593.170s][debug][gc,phases      ] GC(141)     Total                          Min: 10496, Avg: 11047.2, Max: 11712, Diff: 1216, Sum: 44189, Workers: 4
[2593.170s][debug][gc,phases      ] GC(141)   ResolvedMethodTable Weak       Min:  0.0, Avg:  0.0, Max:  0.0, Diff:  0.0, Sum:  0.1, Workers: 4
[2593.170s][debug][gc,phases      ] GC(141)     Dead                           Min: 0, Avg:  0.0, Max: 0, Diff: 0, Sum: 0, Workers: 4
[2593.170s][debug][gc,phases      ] GC(141)     Total                          Min: 1088, Avg: 2546.2, Max: 3067, Diff: 1979, Sum: 10185, Workers: 4
[2593.170s][debug][gc,phases      ] GC(141)   JNI Weak                       Min:  0.0, Avg:  0.0, Max:  0.0, Diff:  0.0, Sum:  0.0, Workers: 4
[2593.170s][debug][gc,phases      ] GC(141)     Dead                           Min: 0, Avg:  0.0, Max: 0, Diff: 0, Sum: 0, Workers: 4
[2593.170s][debug][gc,phases      ] GC(141)     Total                          Min: 0, Avg: 11.2, Max: 45, Diff: 45, Sum: 45, Workers: 4
[2593.170s][debug][gc,phases      ] GC(141)   StringDedup Table Weak         Min:  0.0, Avg:  0.0, Max:  0.0, Diff:  0.0, Sum:  0.0, Workers: 4
[2593.170s][debug][gc,phases      ] GC(141)     Dead                           Min: 0, Avg:  0.0, Max: 0, Diff: 0, Sum: 0, Workers: 4
[2593.170s][debug][gc,phases      ] GC(141)     Total                          Min: 0, Avg:  0.0, Max: 0, Diff: 0, Sum: 0, Workers: 4
[2593.170s][debug][gc,phases      ] GC(141)   StringDedup Requests0 Weak     Min:  0.0, Avg:  0.0, Max:  0.0, Diff:  0.0, Sum:  0.0, Workers: 4
[2593.170s][debug][gc,phases      ] GC(141)     Dead                           Min: 0, Avg:  0.0, Max: 0, Diff: 0, Sum: 0, Workers: 4
[2593.170s][debug][gc,phases      ] GC(141)     Total                          Min: 0, Avg:  0.0, Max: 0, Diff: 0, Sum: 0, Workers: 4
[2593.170s][debug][gc,phases      ] GC(141)   StringDedup Requests1 Weak     Min:  0.0, Avg:  0.0, Max:  0.0, Diff:  0.0, Sum:  0.0, Workers: 4
[2593.170s][debug][gc,phases      ] GC(141)     Dead                           Min: 0, Avg:  0.0, Max: 0, Diff: 0, Sum: 0, Workers: 4
[2593.170s][debug][gc,phases      ] GC(141)     Total                          Min: 0, Avg:  0.0, Max: 0, Diff: 0, Sum: 0, Workers: 4
[2593.170s][debug][gc,phases      ] GC(141)   Weak JFR Old Object Samples    Min:  0.0, Avg:  0.0, Max:  0.0, Diff:  0.0, Sum:  0.0, Workers: 4
[2593.170s][debug][gc,phases      ] GC(141)     Dead                           Min: 0, Avg:  0.0, Max: 0, Diff: 0, Sum: 0, Workers: 4
[2593.170s][debug][gc,phases      ] GC(141)     Total                          Min: 0, Avg:  0.0, Max: 0, Diff: 0, Sum: 0, Workers: 4
[2593.170s][debug][gc,phases      ] GC(141) Weak Processing 0.333ms
[2593.170s][debug][gc,age         ] GC(141) Desired survivor size 160432128 bytes, new threshold 15 (max threshold 15)
[2593.170s][info ][gc,heap        ] GC(141) PSYoungGen: 1834883K(1937920K)->49698K(1933824K) Eden: 1774592K(1774592K)->0K(1774592K) From: 60291K(163328K)->49698K(159232K)
[2593.170s][info ][gc,heap        ] GC(141) ParOldGen: 595417K(764416K)->606311K(764416K)
[2593.170s][info ][gc,metaspace   ] GC(141) Metaspace: 84781K(85888K)->84781K(85888K) NonClass: 72761K(73344K)->72761K(73344K) Class: 12019K(12544K)->12019K(12544K)
[2593.170s][info ][gc             ] GC(141) Pause Young (Allocation Failure) 2373M->640M(2635M) 21.172ms
[2593.170s][info ][gc,cpu         ] GC(141) User=0.06s Sys=0.00s Real=0.02s
[2593.170s][info ][safepoint      ] Safepoint "ParallelGCFailedAllocation", Time since last: 3715668414 ns, Reaching safepoint: 26702 ns, At safepoint: 21246608 ns, Total: 21273310 ns
[2601.170s][info ][safepoint      ] Safepoint "Cleanup", Time since last: 8000473450 ns, Reaching safepoint: 64504 ns, At safepoint: 4701 ns, Total: 69205 ns
[2602.170s][info ][safepoint      ] Safepoint "Cleanup", Time since last: 1000117211 ns, Reaching safepoint: 48204 ns, At safepoint: 4100 ns, Total: 52304 ns
[2604.171s][info ][safepoint      ] Safepoint "Cleanup", Time since last: 2000149118 ns, Reaching safepoint: 45103 ns, At safepoint: 10101 ns, Total: 55204 ns
[2606.171s][info ][safepoint      ] Safepoint "Cleanup", Time since last: 2000172321 ns, Reaching safepoint: 45503 ns, At safepoint: 7601 ns, Total: 53104 ns
[2608.171s][info ][safepoint      ] Safepoint "Cleanup", Time since last: 2000175422 ns, Reaching safepoint: 48404 ns, At safepoint: 8900 ns, Total: 57304 ns
[2609.171s][info ][safepoint      ] Safepoint "Cleanup", Time since last: 1000088712 ns, Reaching safepoint: 49603 ns, At safepoint: 25102 ns, Total: 74705 ns
[2613.172s][info ][safepoint      ] Safepoint "Cleanup", Time since last: 4000259343 ns, Reaching safepoint: 53903 ns, At safepoint: 4501 ns, Total: 58404 ns
[2615.172s][info ][safepoint      ] Safepoint "Cleanup", Time since last: 2000184827 ns, Reaching safepoint: 52603 ns, At safepoint: 7401 ns, Total: 60004 ns
[2616.292s][info ][gc,start       ] GC(142) Pause Young (Allocation Failure)
[2616.341s][debug][gc,phases      ] GC(142) Scavenge 49.097ms
[2616.341s][debug][gc,ref         ] GC(142) Skipped phase 1 of Reference Processing: no references
[2616.341s][debug][gc,ref         ] GC(142) ReferenceProcessor::execute queues: 1, RefProcThreadModel::Single, marks_oops_alive: false
[2616.341s][debug][gc,ref         ] GC(142) Skipped phase 3 of Reference Processing: no references
[2616.341s][debug][gc,ref         ] GC(142) ReferenceProcessor::execute queues: 1, RefProcThreadModel::Single, marks_oops_alive: false
[2616.341s][debug][gc,phases      ] GC(142) Reference Processing 0.126ms
[2616.341s][debug][gc,phases      ] GC(142)   VM Weak                        Min:  0.0, Avg:  0.0, Max:  0.0, Diff:  0.0, Sum:  0.0, Workers: 4
[2616.341s][debug][gc,phases      ] GC(142)     Dead                           Min: 0, Avg:  0.0, Max: 0, Diff: 0, Sum: 0, Workers: 4
[2616.341s][debug][gc,phases      ] GC(142)     Total                          Min: 0, Avg: 234.2, Max: 448, Diff: 448, Sum: 937, Workers: 4
[2616.341s][debug][gc,phases      ] GC(142)   ObjectSynchronizer Weak        Min:  0.0, Avg:  0.0, Max:  0.0, Diff:  0.0, Sum:  0.0, Workers: 4
[2616.341s][debug][gc,phases      ] GC(142)     Dead                           Min: 0, Avg:  0.0, Max: 0, Diff: 0, Sum: 0, Workers: 4
[2616.341s][debug][gc,phases      ] GC(142)     Total                          Min: 0, Avg: 26.0, Max: 64, Diff: 64, Sum: 104, Workers: 4
[2616.341s][debug][gc,phases      ] GC(142)   JVMTI Tag Weak OopStorage      Min:  0.0, Avg:  0.0, Max:  0.0, Diff:  0.0, Sum:  0.0, Workers: 4
[2616.341s][debug][gc,phases      ] GC(142)     Dead                           Min: 0, Avg:  0.0, Max: 0, Diff: 0, Sum: 0, Workers: 4
[2616.341s][debug][gc,phases      ] GC(142)     Total                          Min: 0, Avg:  0.0, Max: 0, Diff: 0, Sum: 0, Workers: 4
[2616.341s][debug][gc,phases      ] GC(142)   StringTable Weak               Min:  0.0, Avg:  0.1, Max:  0.2, Diff:  0.2, Sum:  0.5, Workers: 4
[2616.341s][debug][gc,phases      ] GC(142)     Dead                           Min: 0, Avg:  0.2, Max: 1, Diff: 1, Sum: 1, Workers: 4
[2616.341s][debug][gc,phases      ] GC(142)     Total                          Min: 0, Avg: 11050.2, Max: 15104, Diff: 15104, Sum: 44201, Workers: 4
[2616.342s][debug][gc,phases      ] GC(142)   ResolvedMethodTable Weak       Min:  0.0, Avg:  0.0, Max:  0.0, Diff:  0.0, Sum:  0.1, Workers: 4
[2616.342s][debug][gc,phases      ] GC(142)     Dead                           Min: 0, Avg:  0.0, Max: 0, Diff: 0, Sum: 0, Workers: 4
[2616.342s][debug][gc,phases      ] GC(142)     Total                          Min: 0, Avg: 2551.2, Max: 3554, Diff: 3554, Sum: 10205, Workers: 4
[2616.342s][debug][gc,phases      ] GC(142)   JNI Weak                       Min:  0.0, Avg:  0.0, Max:  0.0, Diff:  0.0, Sum:  0.0, Workers: 4
[2616.342s][debug][gc,phases      ] GC(142)     Dead                           Min: 0, Avg:  0.0, Max: 0, Diff: 0, Sum: 0, Workers: 4
[2616.342s][debug][gc,phases      ] GC(142)     Total                          Min: 0, Avg: 11.2, Max: 45, Diff: 45, Sum: 45, Workers: 4
[2616.342s][debug][gc,phases      ] GC(142)   StringDedup Table Weak         Min:  0.0, Avg:  0.0, Max:  0.0, Diff:  0.0, Sum:  0.0, Workers: 4
[2616.342s][debug][gc,phases      ] GC(142)     Dead                           Min: 0, Avg:  0.0, Max: 0, Diff: 0, Sum: 0, Workers: 4
[2616.342s][debug][gc,phases      ] GC(142)     Total                          Min: 0, Avg:  0.0, Max: 0, Diff: 0, Sum: 0, Workers: 4
[2616.342s][debug][gc,phases      ] GC(142)   StringDedup Requests0 Weak     Min:  0.0, Avg:  0.0, Max:  0.0, Diff:  0.0, Sum:  0.0, Workers: 4
[2616.342s][debug][gc,phases      ] GC(142)     Dead                           Min: 0, Avg:  0.0, Max: 0, Diff: 0, Sum: 0, Workers: 4
[2616.342s][debug][gc,phases      ] GC(142)     Total                          Min: 0, Avg:  0.0, Max: 0, Diff: 0, Sum: 0, Workers: 4
[2616.342s][debug][gc,phases      ] GC(142)   StringDedup Requests1 Weak     Min:  0.0, Avg:  0.0, Max:  0.0, Diff:  0.0, Sum:  0.0, Workers: 4
[2616.342s][debug][gc,phases      ] GC(142)     Dead                           Min: 0, Avg:  0.0, Max: 0, Diff: 0, Sum: 0, Workers: 4
[2616.342s][debug][gc,phases      ] GC(142)     Total                          Min: 0, Avg:  0.0, Max: 0, Diff: 0, Sum: 0, Workers: 4
[2616.342s][debug][gc,phases      ] GC(142)   Weak JFR Old Object Samples    Min:  0.0, Avg:  0.0, Max:  0.0, Diff:  0.0, Sum:  0.0, Workers: 4
[2616.342s][debug][gc,phases      ] GC(142)     Dead                           Min: 0, Avg:  0.0, Max: 0, Diff: 0, Sum: 0, Workers: 4
[2616.342s][debug][gc,phases      ] GC(142)     Total                          Min: 0, Avg:  0.0, Max: 0, Diff: 0, Sum: 0, Workers: 4
[2616.342s][debug][gc,phases      ] GC(142) Weak Processing 0.396ms
[2616.342s][debug][gc,age         ] GC(142) Desired survivor size 158859264 bytes, new threshold 15 (max threshold 15)
[2616.342s][info ][gc,heap        ] GC(142) PSYoungGen: 1824290K(1933824K)->94946K(1942016K) Eden: 1774592K(1774592K)->0K(1785344K) From: 49698K(159232K)->94946K(156672K)
[2616.342s][info ][gc,heap        ] GC(142) ParOldGen: 606311K(764416K)->609739K(764416K)
[2616.342s][info ][gc,metaspace   ] GC(142) Metaspace: 84823K(85952K)->84823K(85952K) NonClass: 72796K(73408K)->72796K(73408K) Class: 12026K(12544K)->12026K(12544K)
[2616.342s][info ][gc             ] GC(142) Pause Young (Allocation Failure) 2373M->688M(2643M) 49.765ms
[2616.342s][info ][gc,cpu         ] GC(142) User=0.17s Sys=0.00s Real=0.05s
[2616.342s][info ][safepoint      ] Safepoint "ParallelGCFailedAllocation", Time since last: 1119886920 ns, Reaching safepoint: 123509 ns, At safepoint: 49850140 ns, Total: 49973649 ns
[2617.342s][info ][safepoint      ] Safepoint "Cleanup", Time since last: 1000094414 ns, Reaching safepoint: 62104 ns, At safepoint: 3101 ns, Total: 65205 ns
[2619.342s][info ][safepoint      ] Safepoint "Cleanup", Time since last: 2000205130 ns, Reaching safepoint: 41703 ns, At safepoint: 6801 ns, Total: 48504 ns
[2620.342s][info ][safepoint      ] Safepoint "Cleanup", Time since last: 1000116316 ns, Reaching safepoint: 47104 ns, At safepoint: 7900 ns, Total: 55004 ns
[2621.342s][info ][safepoint      ] Safepoint "Cleanup", Time since last: 1000115817 ns, Reaching safepoint: 39603 ns, At safepoint: 3100 ns, Total: 42703 ns
[2624.343s][info ][safepoint      ] Safepoint "Cleanup", Time since last: 3000252846 ns, Reaching safepoint: 47304 ns, At safepoint: 3200 ns, Total: 50504 ns
[2626.838s][info ][gc,start       ] GC(143) Pause Young (Allocation Failure)
[2626.877s][debug][gc,phases      ] GC(143) Scavenge 39.008ms
[2626.877s][debug][gc,ref         ] GC(143) Skipped phase 1 of Reference Processing: no references
[2626.877s][debug][gc,ref         ] GC(143) ReferenceProcessor::execute queues: 1, RefProcThreadModel::Single, marks_oops_alive: false
[2626.877s][debug][gc,ref         ] GC(143) Skipped phase 3 of Reference Processing: no references
[2626.877s][debug][gc,ref         ] GC(143) ReferenceProcessor::execute queues: 1, RefProcThreadModel::Single, marks_oops_alive: false
[2626.877s][debug][gc,phases      ] GC(143) Reference Processing 0.108ms
[2626.878s][debug][gc,phases      ] GC(143)   VM Weak                        Min:  0.0, Avg:  0.0, Max:  0.0, Diff:  0.0, Sum:  0.0, Workers: 4
[2626.878s][debug][gc,phases      ] GC(143)     Dead                           Min: 0, Avg:  0.0, Max: 0, Diff: 0, Sum: 0, Workers: 4
[2626.878s][debug][gc,phases      ] GC(143)     Total                          Min: 0, Avg: 234.2, Max: 512, Diff: 512, Sum: 937, Workers: 4
[2626.878s][debug][gc,phases      ] GC(143)   ObjectSynchronizer Weak        Min:  0.0, Avg:  0.0, Max:  0.0, Diff:  0.0, Sum:  0.0, Workers: 4
[2626.878s][debug][gc,phases      ] GC(143)     Dead                           Min: 0, Avg:  0.0, Max: 0, Diff: 0, Sum: 0, Workers: 4
[2626.878s][debug][gc,phases      ] GC(143)     Total                          Min: 0, Avg: 26.0, Max: 64, Diff: 64, Sum: 104, Workers: 4
[2626.878s][debug][gc,phases      ] GC(143)   JVMTI Tag Weak OopStorage      Min:  0.0, Avg:  0.0, Max:  0.0, Diff:  0.0, Sum:  0.0, Workers: 4
[2626.878s][debug][gc,phases      ] GC(143)     Dead                           Min: 0, Avg:  0.0, Max: 0, Diff: 0, Sum: 0, Workers: 4
[2626.878s][debug][gc,phases      ] GC(143)     Total                          Min: 0, Avg:  0.0, Max: 0, Diff: 0, Sum: 0, Workers: 4
[2626.878s][debug][gc,phases      ] GC(143)   StringTable Weak               Min:  0.0, Avg:  0.1, Max:  0.1, Diff:  0.1, Sum:  0.4, Workers: 4
[2626.878s][debug][gc,phases      ] GC(143)     Dead                           Min: 0, Avg:  0.0, Max: 0, Diff: 0, Sum: 0, Workers: 4
[2626.878s][debug][gc,phases      ] GC(143)     Total                          Min: 0, Avg: 11053.8, Max: 15616, Diff: 15616, Sum: 44215, Workers: 4
[2626.878s][debug][gc,phases      ] GC(143)   ResolvedMethodTable Weak       Min:  0.0, Avg:  0.0, Max:  0.0, Diff:  0.0, Sum:  0.1, Workers: 4
[2626.878s][debug][gc,phases      ] GC(143)     Dead                           Min: 0, Avg:  0.0, Max: 0, Diff: 0, Sum: 0, Workers: 4
[2626.878s][debug][gc,phases      ] GC(143)     Total                          Min: 0, Avg: 2551.2, Max: 3456, Diff: 3456, Sum: 10205, Workers: 4
[2626.878s][debug][gc,phases      ] GC(143)   JNI Weak                       Min:  0.0, Avg:  0.0, Max:  0.0, Diff:  0.0, Sum:  0.0, Workers: 4
[2626.878s][debug][gc,phases      ] GC(143)     Dead                           Min: 0, Avg:  0.0, Max: 0, Diff: 0, Sum: 0, Workers: 4
[2626.878s][debug][gc,phases      ] GC(143)     Total                          Min: 0, Avg: 11.2, Max: 45, Diff: 45, Sum: 45, Workers: 4
[2626.878s][debug][gc,phases      ] GC(143)   StringDedup Table Weak         Min:  0.0, Avg:  0.0, Max:  0.0, Diff:  0.0, Sum:  0.0, Workers: 4
[2626.878s][debug][gc,phases      ] GC(143)     Dead                           Min: 0, Avg:  0.0, Max: 0, Diff: 0, Sum: 0, Workers: 4
[2626.878s][debug][gc,phases      ] GC(143)     Total                          Min: 0, Avg:  0.0, Max: 0, Diff: 0, Sum: 0, Workers: 4
[2626.878s][debug][gc,phases      ] GC(143)   StringDedup Requests0 Weak     Min:  0.0, Avg:  0.0, Max:  0.0, Diff:  0.0, Sum:  0.0, Workers: 4
[2626.878s][debug][gc,phases      ] GC(143)     Dead                           Min: 0, Avg:  0.0, Max: 0, Diff: 0, Sum: 0, Workers: 4
[2626.878s][debug][gc,phases      ] GC(143)     Total                          Min: 0, Avg:  0.0, Max: 0, Diff: 0, Sum: 0, Workers: 4
[2626.878s][debug][gc,phases      ] GC(143)   StringDedup Requests1 Weak     Min:  0.0, Avg:  0.0, Max:  0.0, Diff:  0.0, Sum:  0.0, Workers: 4
[2626.878s][debug][gc,phases      ] GC(143)     Dead                           Min: 0, Avg:  0.0, Max: 0, Diff: 0, Sum: 0, Workers: 4
[2626.878s][debug][gc,phases      ] GC(143)     Total                          Min: 0, Avg:  0.0, Max: 0, Diff: 0, Sum: 0, Workers: 4
[2626.878s][debug][gc,phases      ] GC(143)   Weak JFR Old Object Samples    Min:  0.0, Avg:  0.0, Max:  0.0, Diff:  0.0, Sum:  0.0, Workers: 4
[2626.878s][debug][gc,phases      ] GC(143)     Dead                           Min: 0, Avg:  0.0, Max: 0, Diff: 0, Sum: 0, Workers: 4
[2626.878s][debug][gc,phases      ] GC(143)     Total                          Min: 0, Avg:  0.0, Max: 0, Diff: 0, Sum: 0, Workers: 4
[2626.878s][debug][gc,phases      ] GC(143) Weak Processing 0.377ms
[2626.878s][debug][gc,age         ] GC(143) Desired survivor size 152043520 bytes, new threshold 15 (max threshold 15)
[2626.878s][info ][gc,heap        ] GC(143) PSYoungGen: 1880290K(1942016K)->81328K(1940480K) Eden: 1785344K(1785344K)->0K(1785344K) From: 94946K(156672K)->81328K(155136K)
[2626.878s][info ][gc,heap        ] GC(143) ParOldGen: 609739K(764416K)->615547K(764416K)
[2626.878s][info ][gc,metaspace   ] GC(143) Metaspace: 84826K(85952K)->84826K(85952K) NonClass: 72799K(73408K)->72799K(73408K) Class: 12026K(12544K)->12026K(12544K)
[2626.878s][info ][gc             ] GC(143) Pause Young (Allocation Failure) 2431M->680M(2641M) 39.621ms
[2626.878s][info ][gc,cpu         ] GC(143) User=0.13s Sys=0.00s Real=0.04s
[2626.878s][info ][safepoint      ] Safepoint "ParallelGCFailedAllocation", Time since last: 2495334494 ns, Reaching safepoint: 26402 ns, At safepoint: 39694218 ns, Total: 39720620 ns
[2629.878s][info ][safepoint      ] Safepoint "Cleanup", Time since last: 3000278652 ns, Reaching safepoint: 37803 ns, At safepoint: 3500 ns, Total: 41303 ns
[2630.878s][info ][safepoint      ] Safepoint "Cleanup", Time since last: 1000109020 ns, Reaching safepoint: 41202 ns, At safepoint: 3701 ns, Total: 44903 ns
[2635.879s][info ][safepoint      ] Safepoint "Cleanup", Time since last: 5000339285 ns, Reaching safepoint: 58504 ns, At safepoint: 3700 ns, Total: 62204 ns
[2636.879s][info ][safepoint      ] Safepoint "Cleanup", Time since last: 1000115721 ns, Reaching safepoint: 42203 ns, At safepoint: 7001 ns, Total: 49204 ns
[2638.193s][info ][safepoint      ] Safepoint "Cleanup", Time since last: 1314062816 ns, Reaching safepoint: 167612 ns, At safepoint: 7200 ns, Total: 174812 ns
[2640.193s][info ][safepoint      ] Safepoint "Cleanup", Time since last: 2000193941 ns, Reaching safepoint: 42904 ns, At safepoint: 3300 ns, Total: 46204 ns
[2641.193s][info ][safepoint      ] Safepoint "Cleanup", Time since last: 1000138824 ns, Reaching safepoint: 44103 ns, At safepoint: 3700 ns, Total: 47803 ns
[2644.194s][info ][safepoint      ] Safepoint "Cleanup", Time since last: 3000274964 ns, Reaching safepoint: 54504 ns, At safepoint: 4800 ns, Total: 59304 ns
[2645.951s][info ][gc,start       ] GC(144) Pause Young (Allocation Failure)
[2645.973s][debug][gc,phases      ] GC(144) Scavenge 21.560ms
[2645.973s][debug][gc,ref         ] GC(144) Skipped phase 1 of Reference Processing: no references
[2645.973s][debug][gc,ref         ] GC(144) ReferenceProcessor::execute queues: 1, RefProcThreadModel::Single, marks_oops_alive: false
[2645.973s][debug][gc,ref         ] GC(144) ReferenceProcessor::execute queues: 4, RefProcThreadModel::Multi, marks_oops_alive: true
[2645.973s][debug][gc,ref         ] GC(144) ReferenceProcessor::execute queues: 1, RefProcThreadModel::Single, marks_oops_alive: false
[2645.973s][debug][gc,phases      ] GC(144) Reference Processing 0.496ms
[2645.974s][debug][gc,phases      ] GC(144)   VM Weak                        Min:  0.0, Avg:  0.0, Max:  0.0, Diff:  0.0, Sum:  0.0, Workers: 4
[2645.974s][debug][gc,phases      ] GC(144)     Dead                           Min: 0, Avg:  0.0, Max: 0, Diff: 0, Sum: 0, Workers: 4
[2645.974s][debug][gc,phases      ] GC(144)     Total                          Min: 45, Avg: 235.2, Max: 512, Diff: 467, Sum: 941, Workers: 4
[2645.974s][debug][gc,phases      ] GC(144)   ObjectSynchronizer Weak        Min:  0.0, Avg:  0.0, Max:  0.0, Diff:  0.0, Sum:  0.0, Workers: 4
[2645.974s][debug][gc,phases      ] GC(144)     Dead                           Min: 0, Avg:  0.0, Max: 0, Diff: 0, Sum: 0, Workers: 4
[2645.974s][debug][gc,phases      ] GC(144)     Total                          Min: 0, Avg: 26.0, Max: 64, Diff: 64, Sum: 104, Workers: 4
[2645.974s][debug][gc,phases      ] GC(144)   JVMTI Tag Weak OopStorage      Min:  0.0, Avg:  0.0, Max:  0.0, Diff:  0.0, Sum:  0.0, Workers: 4
[2645.974s][debug][gc,phases      ] GC(144)     Dead                           Min: 0, Avg:  0.0, Max: 0, Diff: 0, Sum: 0, Workers: 4
[2645.974s][debug][gc,phases      ] GC(144)     Total                          Min: 0, Avg:  0.0, Max: 0, Diff: 0, Sum: 0, Workers: 4
[2645.974s][debug][gc,phases      ] GC(144)   StringTable Weak               Min:  0.1, Avg:  0.1, Max:  0.1, Diff:  0.0, Sum:  0.5, Workers: 4
[2645.974s][debug][gc,phases      ] GC(144)     Dead                           Min: 0, Avg:  0.0, Max: 0, Diff: 0, Sum: 0, Workers: 4
[2645.974s][debug][gc,phases      ] GC(144)     Total                          Min: 10067, Avg: 11060.8, Max: 12480, Diff: 2413, Sum: 44243, Workers: 4
[2645.974s][debug][gc,phases      ] GC(144)   ResolvedMethodTable Weak       Min:  0.0, Avg:  0.0, Max:  0.0, Diff:  0.0, Sum:  0.1, Workers: 4
[2645.974s][debug][gc,phases      ] GC(144)     Dead                           Min: 0, Avg:  0.0, Max: 0, Diff: 0, Sum: 0, Workers: 4
[2645.974s][debug][gc,phases      ] GC(144)     Total                          Min: 2304, Avg: 2551.2, Max: 2816, Diff: 512, Sum: 10205, Workers: 4
[2645.974s][debug][gc,phases      ] GC(144)   JNI Weak                       Min:  0.0, Avg:  0.0, Max:  0.0, Diff:  0.0, Sum:  0.0, Workers: 4
[2645.974s][debug][gc,phases      ] GC(144)     Dead                           Min: 0, Avg:  0.0, Max: 0, Diff: 0, Sum: 0, Workers: 4
[2645.974s][debug][gc,phases      ] GC(144)     Total                          Min: 0, Avg: 11.2, Max: 45, Diff: 45, Sum: 45, Workers: 4
[2645.974s][debug][gc,phases      ] GC(144)   StringDedup Table Weak         Min:  0.0, Avg:  0.0, Max:  0.0, Diff:  0.0, Sum:  0.0, Workers: 4
[2645.974s][debug][gc,phases      ] GC(144)     Dead                           Min: 0, Avg:  0.0, Max: 0, Diff: 0, Sum: 0, Workers: 4
[2645.974s][debug][gc,phases      ] GC(144)     Total                          Min: 0, Avg:  0.0, Max: 0, Diff: 0, Sum: 0, Workers: 4
[2645.974s][debug][gc,phases      ] GC(144)   StringDedup Requests0 Weak     Min:  0.0, Avg:  0.0, Max:  0.0, Diff:  0.0, Sum:  0.0, Workers: 4
[2645.974s][debug][gc,phases      ] GC(144)     Dead                           Min: 0, Avg:  0.0, Max: 0, Diff: 0, Sum: 0, Workers: 4
[2645.974s][debug][gc,phases      ] GC(144)     Total                          Min: 0, Avg:  0.0, Max: 0, Diff: 0, Sum: 0, Workers: 4
[2645.974s][debug][gc,phases      ] GC(144)   StringDedup Requests1 Weak     Min:  0.0, Avg:  0.0, Max:  0.0, Diff:  0.0, Sum:  0.0, Workers: 4
[2645.974s][debug][gc,phases      ] GC(144)     Dead                           Min: 0, Avg:  0.0, Max: 0, Diff: 0, Sum: 0, Workers: 4
[2645.974s][debug][gc,phases      ] GC(144)     Total                          Min: 0, Avg:  0.0, Max: 0, Diff: 0, Sum: 0, Workers: 4
[2645.974s][debug][gc,phases      ] GC(144)   Weak JFR Old Object Samples    Min:  0.0, Avg:  0.0, Max:  0.0, Diff:  0.0, Sum:  0.0, Workers: 4
[2645.974s][debug][gc,phases      ] GC(144)     Dead                           Min: 0, Avg:  0.0, Max: 0, Diff: 0, Sum: 0, Workers: 4
[2645.974s][debug][gc,phases      ] GC(144)     Total                          Min: 0, Avg:  0.0, Max: 0, Diff: 0, Sum: 0, Workers: 4
[2645.974s][debug][gc,phases      ] GC(144) Weak Processing 0.333ms
[2645.974s][debug][gc,age         ] GC(144) Desired survivor size 154664960 bytes, new threshold 15 (max threshold 15)
[2645.974s][info ][gc,heap        ] GC(144) PSYoungGen: 1866672K(1940480K)->25264K(1943552K) Eden: 1785344K(1785344K)->0K(1795072K) From: 81328K(155136K)->25264K(148480K)
[2645.974s][info ][gc,heap        ] GC(144) ParOldGen: 615547K(764416K)->632700K(764416K)
[2645.974s][info ][gc,metaspace   ] GC(144) Metaspace: 84896K(86016K)->84896K(86016K) NonClass: 72867K(73472K)->72867K(73472K) Class: 12029K(12544K)->12029K(12544K)
[2645.974s][info ][gc             ] GC(144) Pause Young (Allocation Failure) 2424M->642M(2644M) 22.526ms
[2645.974s][info ][gc,cpu         ] GC(144) User=0.07s Sys=0.00s Real=0.02s
[2645.974s][info ][safepoint      ] Safepoint "ParallelGCFailedAllocation", Time since last: 1757423904 ns, Reaching safepoint: 36603 ns, At safepoint: 22612705 ns, Total: 22649308 ns
[2656.975s][info ][safepoint      ] Safepoint "Cleanup", Time since last: 11000691236 ns, Reaching safepoint: 45904 ns, At safepoint: 3800 ns, Total: 49704 ns
[2659.975s][info ][safepoint      ] Safepoint "Cleanup", Time since last: 3000233373 ns, Reaching safepoint: 41003 ns, At safepoint: 4500 ns, Total: 45503 ns
[2660.975s][info ][safepoint      ] Safepoint "Cleanup", Time since last: 1000132729 ns, Reaching safepoint: 46903 ns, At safepoint: 3801 ns, Total: 50704 ns
[2662.975s][info ][safepoint      ] Safepoint "Cleanup", Time since last: 2000177652 ns, Reaching safepoint: 46603 ns, At safepoint: 3600 ns, Total: 50203 ns
[2663.975s][info ][safepoint      ] Safepoint "Cleanup", Time since last: 1000111428 ns, Reaching safepoint: 32603 ns, At safepoint: 3000 ns, Total: 35603 ns
[2666.976s][info ][safepoint      ] Safepoint "Cleanup", Time since last: 3000238679 ns, Reaching safepoint: 40702 ns, At safepoint: 3201 ns, Total: 43903 ns
[2670.976s][info ][safepoint      ] Safepoint "Cleanup", Time since last: 4000286306 ns, Reaching safepoint: 53204 ns, At safepoint: 3400 ns, Total: 56604 ns
[2672.650s][info ][gc,start       ] GC(145) Pause Young (Allocation Failure)
[2672.661s][debug][gc,phases      ] GC(145) Scavenge 10.772ms
[2672.661s][debug][gc,ref         ] GC(145) Skipped phase 1 of Reference Processing: no references
[2672.661s][debug][gc,ref         ] GC(145) ReferenceProcessor::execute queues: 1, RefProcThreadModel::Single, marks_oops_alive: false
[2672.661s][debug][gc,ref         ] GC(145) Skipped phase 3 of Reference Processing: no references
[2672.661s][debug][gc,ref         ] GC(145) ReferenceProcessor::execute queues: 1, RefProcThreadModel::Single, marks_oops_alive: false
[2672.661s][debug][gc,phases      ] GC(145) Reference Processing 0.101ms
[2672.661s][debug][gc,phases      ] GC(145)   VM Weak                        Min:  0.0, Avg:  0.0, Max:  0.0, Diff:  0.0, Sum:  0.0, Workers: 4
[2672.661s][debug][gc,phases      ] GC(145)     Dead                           Min: 0, Avg:  0.0, Max: 0, Diff: 0, Sum: 0, Workers: 4
[2672.661s][debug][gc,phases      ] GC(145)     Total                          Min: 0, Avg: 235.2, Max: 896, Diff: 896, Sum: 941, Workers: 4
[2672.661s][debug][gc,phases      ] GC(145)   ObjectSynchronizer Weak        Min:  0.0, Avg:  0.0, Max:  0.0, Diff:  0.0, Sum:  0.0, Workers: 4
[2672.661s][debug][gc,phases      ] GC(145)     Dead                           Min: 0, Avg:  0.0, Max: 0, Diff: 0, Sum: 0, Workers: 4
[2672.661s][debug][gc,phases      ] GC(145)     Total                          Min: 0, Avg: 26.0, Max: 64, Diff: 64, Sum: 104, Workers: 4
[2672.661s][debug][gc,phases      ] GC(145)   JVMTI Tag Weak OopStorage      Min:  0.0, Avg:  0.0, Max:  0.0, Diff:  0.0, Sum:  0.0, Workers: 4
[2672.661s][debug][gc,phases      ] GC(145)     Dead                           Min: 0, Avg:  0.0, Max: 0, Diff: 0, Sum: 0, Workers: 4
[2672.661s][debug][gc,phases      ] GC(145)     Total                          Min: 0, Avg:  0.0, Max: 0, Diff: 0, Sum: 0, Workers: 4
[2672.661s][debug][gc,phases      ] GC(145)   StringTable Weak               Min:  0.1, Avg:  0.1, Max:  0.1, Diff:  0.0, Sum:  0.4, Workers: 4
[2672.661s][debug][gc,phases      ] GC(145)     Dead                           Min: 0, Avg:  0.0, Max: 0, Diff: 0, Sum: 0, Workers: 4
[2672.661s][debug][gc,phases      ] GC(145)     Total                          Min: 9984, Avg: 11061.8, Max: 12631, Diff: 2647, Sum: 44247, Workers: 4
[2672.661s][debug][gc,phases      ] GC(145)   ResolvedMethodTable Weak       Min:  0.0, Avg:  0.0, Max:  0.0, Diff:  0.0, Sum:  0.1, Workers: 4
[2672.661s][debug][gc,phases      ] GC(145)     Dead                           Min: 0, Avg:  0.0, Max: 0, Diff: 0, Sum: 0, Workers: 4
[2672.661s][debug][gc,phases      ] GC(145)     Total                          Min: 2304, Avg: 2551.8, Max: 2936, Diff: 632, Sum: 10207, Workers: 4
[2672.661s][debug][gc,phases      ] GC(145)   JNI Weak                       Min:  0.0, Avg:  0.0, Max:  0.0, Diff:  0.0, Sum:  0.0, Workers: 4
[2672.661s][debug][gc,phases      ] GC(145)     Dead                           Min: 0, Avg:  0.0, Max: 0, Diff: 0, Sum: 0, Workers: 4
[2672.661s][debug][gc,phases      ] GC(145)     Total                          Min: 0, Avg: 11.2, Max: 45, Diff: 45, Sum: 45, Workers: 4
[2672.661s][debug][gc,phases      ] GC(145)   StringDedup Table Weak         Min:  0.0, Avg:  0.0, Max:  0.0, Diff:  0.0, Sum:  0.0, Workers: 4
[2672.661s][debug][gc,phases      ] GC(145)     Dead                           Min: 0, Avg:  0.0, Max: 0, Diff: 0, Sum: 0, Workers: 4
[2672.661s][debug][gc,phases      ] GC(145)     Total                          Min: 0, Avg:  0.0, Max: 0, Diff: 0, Sum: 0, Workers: 4
[2672.661s][debug][gc,phases      ] GC(145)   StringDedup Requests0 Weak     Min:  0.0, Avg:  0.0, Max:  0.0, Diff:  0.0, Sum:  0.0, Workers: 4
[2672.661s][debug][gc,phases      ] GC(145)     Dead                           Min: 0, Avg:  0.0, Max: 0, Diff: 0, Sum: 0, Workers: 4
[2672.661s][debug][gc,phases      ] GC(145)     Total                          Min: 0, Avg:  0.0, Max: 0, Diff: 0, Sum: 0, Workers: 4
[2672.661s][debug][gc,phases      ] GC(145)   StringDedup Requests1 Weak     Min:  0.0, Avg:  0.0, Max:  0.0, Diff:  0.0, Sum:  0.0, Workers: 4
[2672.661s][debug][gc,phases      ] GC(145)     Dead                           Min: 0, Avg:  0.0, Max: 0, Diff: 0, Sum: 0, Workers: 4
[2672.661s][debug][gc,phases      ] GC(145)     Total                          Min: 0, Avg:  0.0, Max: 0, Diff: 0, Sum: 0, Workers: 4
[2672.661s][debug][gc,phases      ] GC(145)   Weak JFR Old Object Samples    Min:  0.0, Avg:  0.0, Max:  0.0, Diff:  0.0, Sum:  0.0, Workers: 4
[2672.661s][debug][gc,phases      ] GC(145)     Dead                           Min: 0, Avg:  0.0, Max: 0, Diff: 0, Sum: 0, Workers: 4
[2672.661s][debug][gc,phases      ] GC(145)     Total                          Min: 0, Avg:  0.0, Max: 0, Diff: 0, Sum: 0, Workers: 4
[2672.661s][debug][gc,phases      ] GC(145) Weak Processing 0.331ms
[2672.661s][debug][gc,age         ] GC(145) Desired survivor size 155189248 bytes, new threshold 15 (max threshold 15)
[2672.661s][info ][gc,heap        ] GC(145) PSYoungGen: 1820336K(1943552K)->23328K(1818624K) Eden: 1795072K(1795072K)->0K(1795072K) From: 25264K(148480K)->23328K(23552K)
[2672.661s][info ][gc,heap        ] GC(145) ParOldGen: 632700K(764416K)->634956K(764416K)
[2672.661s][info ][gc,metaspace   ] GC(145) Metaspace: 84907K(86080K)->84907K(86080K) NonClass: 72878K(73536K)->72878K(73536K) Class: 12029K(12544K)->12029K(12544K)
[2672.661s][info ][gc             ] GC(145) Pause Young (Allocation Failure) 2395M->642M(2522M) 11.336ms
[2672.661s][info ][gc,cpu         ] GC(145) User=0.03s Sys=0.00s Real=0.02s
[2672.661s][info ][safepoint      ] Safepoint "ParallelGCFailedAllocation", Time since last: 1673528558 ns, Reaching safepoint: 117008 ns, At safepoint: 11426711 ns, Total: 11543719 ns
[2675.662s][info ][safepoint      ] Safepoint "Cleanup", Time since last: 3000221885 ns, Reaching safepoint: 119608 ns, At safepoint: 7301 ns, Total: 126909 ns
[2677.662s][info ][safepoint      ] Safepoint "Cleanup", Time since last: 2000352672 ns, Reaching safepoint: 115208 ns, At safepoint: 6400 ns, Total: 121608 ns
[2678.662s][info ][safepoint      ] Safepoint "Cleanup", Time since last: 1000118232 ns, Reaching safepoint: 136410 ns, At safepoint: 6701 ns, Total: 143111 ns
[2683.251s][info ][gc,start       ] GC(146) Pause Young (Allocation Failure)
[2683.285s][debug][gc,phases      ] GC(146) Scavenge 34.564ms
[2683.285s][debug][gc,ref         ] GC(146) Skipped phase 1 of Reference Processing: no references
[2683.286s][debug][gc,ref         ] GC(146) ReferenceProcessor::execute queues: 1, RefProcThreadModel::Single, marks_oops_alive: false
[2683.286s][debug][gc,ref         ] GC(146) Skipped phase 3 of Reference Processing: no references
[2683.286s][debug][gc,ref         ] GC(146) ReferenceProcessor::execute queues: 1, RefProcThreadModel::Single, marks_oops_alive: false
[2683.286s][debug][gc,phases      ] GC(146) Reference Processing 0.109ms
[2683.286s][debug][gc,phases      ] GC(146)   VM Weak                        Min:  0.0, Avg:  0.0, Max:  0.0, Diff:  0.0, Sum:  0.0, Workers: 4
[2683.286s][debug][gc,phases      ] GC(146)     Dead                           Min: 0, Avg:  0.0, Max: 0, Diff: 0, Sum: 0, Workers: 4
[2683.286s][debug][gc,phases      ] GC(146)     Total                          Min: 0, Avg: 235.2, Max: 621, Diff: 621, Sum: 941, Workers: 4
[2683.286s][debug][gc,phases      ] GC(146)   ObjectSynchronizer Weak        Min:  0.0, Avg:  0.0, Max:  0.0, Diff:  0.0, Sum:  0.0, Workers: 4
[2683.286s][debug][gc,phases      ] GC(146)     Dead                           Min: 0, Avg:  0.0, Max: 0, Diff: 0, Sum: 0, Workers: 4
[2683.286s][debug][gc,phases      ] GC(146)     Total                          Min: 0, Avg: 26.0, Max: 64, Diff: 64, Sum: 104, Workers: 4
[2683.286s][debug][gc,phases      ] GC(146)   JVMTI Tag Weak OopStorage      Min:  0.0, Avg:  0.0, Max:  0.0, Diff:  0.0, Sum:  0.0, Workers: 4
[2683.286s][debug][gc,phases      ] GC(146)     Dead                           Min: 0, Avg:  0.0, Max: 0, Diff: 0, Sum: 0, Workers: 4
[2683.286s][debug][gc,phases      ] GC(146)     Total                          Min: 0, Avg:  0.0, Max: 0, Diff: 0, Sum: 0, Workers: 4
[2683.286s][debug][gc,phases      ] GC(146)   StringTable Weak               Min:  0.0, Avg:  0.1, Max:  0.1, Diff:  0.1, Sum:  0.4, Workers: 4
[2683.286s][debug][gc,phases      ] GC(146)     Dead                           Min: 0, Avg:  0.0, Max: 0, Diff: 0, Sum: 0, Workers: 4
[2683.286s][debug][gc,phases      ] GC(146)     Total                          Min: 0, Avg: 11061.8, Max: 15575, Diff: 15575, Sum: 44247, Workers: 4
[2683.286s][debug][gc,phases      ] GC(146)   ResolvedMethodTable Weak       Min:  0.0, Avg:  0.0, Max:  0.0, Diff:  0.0, Sum:  0.1, Workers: 4
[2683.286s][debug][gc,phases      ] GC(146)     Dead                           Min: 0, Avg:  0.0, Max: 0, Diff: 0, Sum: 0, Workers: 4
[2683.286s][debug][gc,phases      ] GC(146)     Total                          Min: 0, Avg: 2551.8, Max: 3640, Diff: 3640, Sum: 10207, Workers: 4
[2683.286s][debug][gc,phases      ] GC(146)   JNI Weak                       Min:  0.0, Avg:  0.0, Max:  0.0, Diff:  0.0, Sum:  0.0, Workers: 4
[2683.286s][debug][gc,phases      ] GC(146)     Dead                           Min: 0, Avg:  0.0, Max: 0, Diff: 0, Sum: 0, Workers: 4
[2683.286s][debug][gc,phases      ] GC(146)     Total                          Min: 0, Avg: 11.2, Max: 45, Diff: 45, Sum: 45, Workers: 4
[2683.286s][debug][gc,phases      ] GC(146)   StringDedup Table Weak         Min:  0.0, Avg:  0.0, Max:  0.0, Diff:  0.0, Sum:  0.0, Workers: 4
[2683.286s][debug][gc,phases      ] GC(146)     Dead                           Min: 0, Avg:  0.0, Max: 0, Diff: 0, Sum: 0, Workers: 4
[2683.286s][debug][gc,phases      ] GC(146)     Total                          Min: 0, Avg:  0.0, Max: 0, Diff: 0, Sum: 0, Workers: 4
[2683.286s][debug][gc,phases      ] GC(146)   StringDedup Requests0 Weak     Min:  0.0, Avg:  0.0, Max:  0.0, Diff:  0.0, Sum:  0.0, Workers: 4
[2683.286s][debug][gc,phases      ] GC(146)     Dead                           Min: 0, Avg:  0.0, Max: 0, Diff: 0, Sum: 0, Workers: 4
[2683.286s][debug][gc,phases      ] GC(146)     Total                          Min: 0, Avg:  0.0, Max: 0, Diff: 0, Sum: 0, Workers: 4
[2683.286s][debug][gc,phases      ] GC(146)   StringDedup Requests1 Weak     Min:  0.0, Avg:  0.0, Max:  0.0, Diff:  0.0, Sum:  0.0, Workers: 4
[2683.286s][debug][gc,phases      ] GC(146)     Dead                           Min: 0, Avg:  0.0, Max: 0, Diff: 0, Sum: 0, Workers: 4
[2683.286s][debug][gc,phases      ] GC(146)     Total                          Min: 0, Avg:  0.0, Max: 0, Diff: 0, Sum: 0, Workers: 4
[2683.286s][debug][gc,phases      ] GC(146)   Weak JFR Old Object Samples    Min:  0.0, Avg:  0.0, Max:  0.0, Diff:  0.0, Sum:  0.0, Workers: 4
[2683.286s][debug][gc,phases      ] GC(146)     Dead                           Min: 0, Avg:  0.0, Max: 0, Diff: 0, Sum: 0, Workers: 4
[2683.286s][debug][gc,phases      ] GC(146)     Total                          Min: 0, Avg:  0.0, Max: 0, Diff: 0, Sum: 0, Workers: 4
[2683.286s][debug][gc,phases      ] GC(146) Weak Processing 0.380ms
[2683.286s][debug][gc,age         ] GC(146) Desired survivor size 147324928 bytes, new threshold 15 (max threshold 15)
[2683.286s][info ][gc,heap        ] GC(146) PSYoungGen: 1818400K(1818624K)->66464K(1953280K) Eden: 1795072K(1795072K)->0K(1801728K) From: 23328K(23552K)->66464K(151552K)
[2683.286s][info ][gc,heap        ] GC(146) ParOldGen: 634956K(764416K)->635020K(764416K)
[2683.286s][info ][gc,metaspace   ] GC(146) Metaspace: 84908K(86080K)->84908K(86080K) NonClass: 72879K(73536K)->72879K(73536K) Class: 12029K(12544K)->12029K(12544K)
[2683.286s][info ][gc             ] GC(146) Pause Young (Allocation Failure) 2395M->685M(2654M) 35.206ms
[2683.286s][info ][gc,cpu         ] GC(146) User=0.10s Sys=0.00s Real=0.03s
[2683.286s][info ][safepoint      ] Safepoint "ParallelGCFailedAllocation", Time since last: 4588399588 ns, Reaching safepoint: 100307 ns, At safepoint: 35294107 ns, Total: 35394414 ns
[2685.286s][info ][safepoint      ] Safepoint "Cleanup", Time since last: 2000154462 ns, Reaching safepoint: 64004 ns, At safepoint: 3501 ns, Total: 67505 ns
[2686.286s][info ][safepoint      ] Safepoint "Cleanup", Time since last: 1000109033 ns, Reaching safepoint: 52804 ns, At safepoint: 6700 ns, Total: 59504 ns
[2688.287s][info ][safepoint      ] Safepoint "Cleanup", Time since last: 2000125561 ns, Reaching safepoint: 45703 ns, At safepoint: 3201 ns, Total: 48904 ns
[2693.287s][info ][safepoint      ] Safepoint "Cleanup", Time since last: 5000376461 ns, Reaching safepoint: 44603 ns, At safepoint: 4400 ns, Total: 49003 ns
[2702.651s][info ][gc,start       ] GC(147) Pause Young (Allocation Failure)
[2702.678s][debug][gc,phases      ] GC(147) Scavenge 27.237ms
[2702.678s][debug][gc,ref         ] GC(147) Skipped phase 1 of Reference Processing: no references
[2702.678s][debug][gc,ref         ] GC(147) ReferenceProcessor::execute queues: 1, RefProcThreadModel::Single, marks_oops_alive: false
[2702.678s][debug][gc,ref         ] GC(147) Skipped phase 3 of Reference Processing: no references
[2702.678s][debug][gc,ref         ] GC(147) ReferenceProcessor::execute queues: 1, RefProcThreadModel::Single, marks_oops_alive: false
[2702.678s][debug][gc,phases      ] GC(147) Reference Processing 0.138ms
[2702.679s][debug][gc,phases      ] GC(147)   VM Weak                        Min:  0.0, Avg:  0.0, Max:  0.0, Diff:  0.0, Sum:  0.0, Workers: 4
[2702.679s][debug][gc,phases      ] GC(147)     Dead                           Min: 0, Avg:  0.0, Max: 0, Diff: 0, Sum: 0, Workers: 4
[2702.679s][debug][gc,phases      ] GC(147)     Total                          Min: 0, Avg: 235.2, Max: 621, Diff: 621, Sum: 941, Workers: 4
[2702.679s][debug][gc,phases      ] GC(147)   ObjectSynchronizer Weak        Min:  0.0, Avg:  0.0, Max:  0.0, Diff:  0.0, Sum:  0.0, Workers: 4
[2702.679s][debug][gc,phases      ] GC(147)     Dead                           Min: 0, Avg:  0.0, Max: 0, Diff: 0, Sum: 0, Workers: 4
[2702.679s][debug][gc,phases      ] GC(147)     Total                          Min: 0, Avg: 26.0, Max: 64, Diff: 64, Sum: 104, Workers: 4
[2702.679s][debug][gc,phases      ] GC(147)   JVMTI Tag Weak OopStorage      Min:  0.0, Avg:  0.0, Max:  0.0, Diff:  0.0, Sum:  0.0, Workers: 4
[2702.679s][debug][gc,phases      ] GC(147)     Dead                           Min: 0, Avg:  0.0, Max: 0, Diff: 0, Sum: 0, Workers: 4
[2702.679s][debug][gc,phases      ] GC(147)     Total                          Min: 0, Avg:  0.0, Max: 0, Diff: 0, Sum: 0, Workers: 4
[2702.679s][debug][gc,phases      ] GC(147)   StringTable Weak               Min:  0.0, Avg:  0.1, Max:  0.1, Diff:  0.1, Sum:  0.4, Workers: 4
[2702.679s][debug][gc,phases      ] GC(147)     Dead                           Min: 0, Avg:  0.0, Max: 0, Diff: 0, Sum: 0, Workers: 4
[2702.679s][debug][gc,phases      ] GC(147)     Total                          Min: 0, Avg: 11061.8, Max: 15488, Diff: 15488, Sum: 44247, Workers: 4
[2702.679s][debug][gc,phases      ] GC(147)   ResolvedMethodTable Weak       Min:  0.0, Avg:  0.0, Max:  0.0, Diff:  0.0, Sum:  0.1, Workers: 4
[2702.679s][debug][gc,phases      ] GC(147)     Dead                           Min: 0, Avg:  0.0, Max: 0, Diff: 0, Sum: 0, Workers: 4
[2702.679s][debug][gc,phases      ] GC(147)     Total                          Min: 0, Avg: 2551.8, Max: 3500, Diff: 3500, Sum: 10207, Workers: 4
[2702.679s][debug][gc,phases      ] GC(147)   JNI Weak                       Min:  0.0, Avg:  0.0, Max:  0.0, Diff:  0.0, Sum:  0.0, Workers: 4
[2702.679s][debug][gc,phases      ] GC(147)     Dead                           Min: 0, Avg:  0.0, Max: 0, Diff: 0, Sum: 0, Workers: 4
[2702.679s][debug][gc,phases      ] GC(147)     Total                          Min: 0, Avg: 11.2, Max: 45, Diff: 45, Sum: 45, Workers: 4
[2702.679s][debug][gc,phases      ] GC(147)   StringDedup Table Weak         Min:  0.0, Avg:  0.0, Max:  0.0, Diff:  0.0, Sum:  0.0, Workers: 4
[2702.679s][debug][gc,phases      ] GC(147)     Dead                           Min: 0, Avg:  0.0, Max: 0, Diff: 0, Sum: 0, Workers: 4
[2702.679s][debug][gc,phases      ] GC(147)     Total                          Min: 0, Avg:  0.0, Max: 0, Diff: 0, Sum: 0, Workers: 4
[2702.679s][debug][gc,phases      ] GC(147)   StringDedup Requests0 Weak     Min:  0.0, Avg:  0.0, Max:  0.0, Diff:  0.0, Sum:  0.0, Workers: 4
[2702.679s][debug][gc,phases      ] GC(147)     Dead                           Min: 0, Avg:  0.0, Max: 0, Diff: 0, Sum: 0, Workers: 4
[2702.679s][debug][gc,phases      ] GC(147)     Total                          Min: 0, Avg:  0.0, Max: 0, Diff: 0, Sum: 0, Workers: 4
[2702.679s][debug][gc,phases      ] GC(147)   StringDedup Requests1 Weak     Min:  0.0, Avg:  0.0, Max:  0.0, Diff:  0.0, Sum:  0.0, Workers: 4
[2702.679s][debug][gc,phases      ] GC(147)     Dead                           Min: 0, Avg:  0.0, Max: 0, Diff: 0, Sum: 0, Workers: 4
[2702.679s][debug][gc,phases      ] GC(147)     Total                          Min: 0, Avg:  0.0, Max: 0, Diff: 0, Sum: 0, Workers: 4
[2702.679s][debug][gc,phases      ] GC(147)   Weak JFR Old Object Samples    Min:  0.0, Avg:  0.0, Max:  0.0, Diff:  0.0, Sum:  0.0, Workers: 4
[2702.679s][debug][gc,phases      ] GC(147)     Dead                           Min: 0, Avg:  0.0, Max: 0, Diff: 0, Sum: 0, Workers: 4
[2702.679s][debug][gc,phases      ] GC(147)     Total                          Min: 0, Avg:  0.0, Max: 0, Diff: 0, Sum: 0, Workers: 4
[2702.679s][debug][gc,phases      ] GC(147) Weak Processing 0.385ms
[2702.679s][debug][gc,age         ] GC(147) Desired survivor size 139984896 bytes, new threshold 15 (max threshold 15)
[2702.679s][info ][gc,heap        ] GC(147) PSYoungGen: 1868192K(1953280K)->68577K(1945600K) Eden: 1801728K(1801728K)->0K(1801728K) From: 66464K(151552K)->68577K(143872K)
[2702.679s][info ][gc,heap        ] GC(147) ParOldGen: 635020K(764416K)->635100K(764416K)
[2702.679s][info ][gc,metaspace   ] GC(147) Metaspace: 84911K(86080K)->84911K(86080K) NonClass: 72882K(73536K)->72882K(73536K) Class: 12029K(12544K)->12029K(12544K)
[2702.679s][info ][gc             ] GC(147) Pause Young (Allocation Failure) 2444M->687M(2646M) 27.922ms
[2702.679s][info ][gc,cpu         ] GC(147) User=0.08s Sys=0.00s Real=0.03s
[2702.679s][info ][safepoint      ] Safepoint "ParallelGCFailedAllocation", Time since last: 9363633086 ns, Reaching safepoint: 97307 ns, At safepoint: 28007089 ns, Total: 28104396 ns
[2706.679s][info ][safepoint      ] Safepoint "Cleanup", Time since last: 4000278241 ns, Reaching safepoint: 48303 ns, At safepoint: 3101 ns, Total: 51404 ns
[2712.680s][info ][safepoint      ] Safepoint "Cleanup", Time since last: 6000446120 ns, Reaching safepoint: 52703 ns, At safepoint: 3501 ns, Total: 56204 ns
[2713.680s][info ][safepoint      ] Safepoint "Cleanup", Time since last: 1000120640 ns, Reaching safepoint: 51304 ns, At safepoint: 6500 ns, Total: 57804 ns
[2714.680s][info ][safepoint      ] Safepoint "Cleanup", Time since last: 1000115541 ns, Reaching safepoint: 42203 ns, At safepoint: 4800 ns, Total: 47003 ns
[2716.680s][info ][safepoint      ] Safepoint "Cleanup", Time since last: 2000181679 ns, Reaching safepoint: 50303 ns, At safepoint: 4501 ns, Total: 54804 ns
[2722.449s][info ][gc,start       ] GC(148) Pause Young (Allocation Failure)
[2722.474s][debug][gc,phases      ] GC(148) Scavenge 24.567ms
[2722.474s][debug][gc,ref         ] GC(148) Skipped phase 1 of Reference Processing: no references
[2722.474s][debug][gc,ref         ] GC(148) ReferenceProcessor::execute queues: 1, RefProcThreadModel::Single, marks_oops_alive: false
[2722.474s][debug][gc,ref         ] GC(148) Skipped phase 3 of Reference Processing: no references
[2722.474s][debug][gc,ref         ] GC(148) ReferenceProcessor::execute queues: 1, RefProcThreadModel::Single, marks_oops_alive: false
[2722.474s][debug][gc,phases      ] GC(148) Reference Processing 0.121ms
[2722.474s][debug][gc,phases      ] GC(148)   VM Weak                        Min:  0.0, Avg:  0.0, Max:  0.0, Diff:  0.0, Sum:  0.0, Workers: 4
[2722.474s][debug][gc,phases      ] GC(148)     Dead                           Min: 0, Avg:  0.0, Max: 0, Diff: 0, Sum: 0, Workers: 4
[2722.474s][debug][gc,phases      ] GC(148)     Total                          Min: 0, Avg: 235.2, Max: 557, Diff: 557, Sum: 941, Workers: 4
[2722.474s][debug][gc,phases      ] GC(148)   ObjectSynchronizer Weak        Min:  0.0, Avg:  0.0, Max:  0.0, Diff:  0.0, Sum:  0.0, Workers: 4
[2722.474s][debug][gc,phases      ] GC(148)     Dead                           Min: 0, Avg:  0.0, Max: 0, Diff: 0, Sum: 0, Workers: 4
[2722.474s][debug][gc,phases      ] GC(148)     Total                          Min: 0, Avg: 26.0, Max: 64, Diff: 64, Sum: 104, Workers: 4
[2722.474s][debug][gc,phases      ] GC(148)   JVMTI Tag Weak OopStorage      Min:  0.0, Avg:  0.0, Max:  0.0, Diff:  0.0, Sum:  0.0, Workers: 4
[2722.474s][debug][gc,phases      ] GC(148)     Dead                           Min: 0, Avg:  0.0, Max: 0, Diff: 0, Sum: 0, Workers: 4
[2722.474s][debug][gc,phases      ] GC(148)     Total                          Min: 0, Avg:  0.0, Max: 0, Diff: 0, Sum: 0, Workers: 4
[2722.474s][debug][gc,phases      ] GC(148)   StringTable Weak               Min:  0.1, Avg:  0.1, Max:  0.1, Diff:  0.0, Sum:  0.5, Workers: 4
[2722.474s][debug][gc,phases      ] GC(148)     Dead                           Min: 0, Avg:  0.0, Max: 0, Diff: 0, Sum: 0, Workers: 4
[2722.474s][debug][gc,phases      ] GC(148)     Total                          Min: 10880, Avg: 11061.8, Max: 11223, Diff: 343, Sum: 44247, Workers: 4
[2722.474s][debug][gc,phases      ] GC(148)   ResolvedMethodTable Weak       Min:  0.0, Avg:  0.0, Max:  0.0, Diff:  0.0, Sum:  0.1, Workers: 4
[2722.474s][debug][gc,phases      ] GC(148)     Dead                           Min: 0, Avg:  0.0, Max: 0, Diff: 0, Sum: 0, Workers: 4
[2722.474s][debug][gc,phases      ] GC(148)     Total                          Min: 2404, Avg: 2551.8, Max: 2688, Diff: 284, Sum: 10207, Workers: 4
[2722.474s][debug][gc,phases      ] GC(148)   JNI Weak                       Min:  0.0, Avg:  0.0, Max:  0.0, Diff:  0.0, Sum:  0.0, Workers: 4
[2722.474s][debug][gc,phases      ] GC(148)     Dead                           Min: 0, Avg:  0.0, Max: 0, Diff: 0, Sum: 0, Workers: 4
[2722.474s][debug][gc,phases      ] GC(148)     Total                          Min: 0, Avg: 11.2, Max: 45, Diff: 45, Sum: 45, Workers: 4
[2722.474s][debug][gc,phases      ] GC(148)   StringDedup Table Weak         Min:  0.0, Avg:  0.0, Max:  0.0, Diff:  0.0, Sum:  0.0, Workers: 4
[2722.474s][debug][gc,phases      ] GC(148)     Dead                           Min: 0, Avg:  0.0, Max: 0, Diff: 0, Sum: 0, Workers: 4
[2722.474s][debug][gc,phases      ] GC(148)     Total                          Min: 0, Avg:  0.0, Max: 0, Diff: 0, Sum: 0, Workers: 4
[2722.474s][debug][gc,phases      ] GC(148)   StringDedup Requests0 Weak     Min:  0.0, Avg:  0.0, Max:  0.0, Diff:  0.0, Sum:  0.0, Workers: 4
[2722.474s][debug][gc,phases      ] GC(148)     Dead                           Min: 0, Avg:  0.0, Max: 0, Diff: 0, Sum: 0, Workers: 4
[2722.474s][debug][gc,phases      ] GC(148)     Total                          Min: 0, Avg:  0.0, Max: 0, Diff: 0, Sum: 0, Workers: 4
[2722.474s][debug][gc,phases      ] GC(148)   StringDedup Requests1 Weak     Min:  0.0, Avg:  0.0, Max:  0.0, Diff:  0.0, Sum:  0.0, Workers: 4
[2722.474s][debug][gc,phases      ] GC(148)     Dead                           Min: 0, Avg:  0.0, Max: 0, Diff: 0, Sum: 0, Workers: 4
[2722.474s][debug][gc,phases      ] GC(148)     Total                          Min: 0, Avg:  0.0, Max: 0, Diff: 0, Sum: 0, Workers: 4
[2722.474s][debug][gc,phases      ] GC(148)   Weak JFR Old Object Samples    Min:  0.0, Avg:  0.0, Max:  0.0, Diff:  0.0, Sum:  0.0, Workers: 4
[2722.474s][debug][gc,phases      ] GC(148)     Dead                           Min: 0, Avg:  0.0, Max: 0, Diff: 0, Sum: 0, Workers: 4
[2722.474s][debug][gc,phases      ] GC(148)     Total                          Min: 0, Avg:  0.0, Max: 0, Diff: 0, Sum: 0, Workers: 4
[2722.475s][debug][gc,phases      ] GC(148) Weak Processing 0.352ms
[2722.475s][debug][gc,age         ] GC(148) Desired survivor size 133169152 bytes, new threshold 15 (max threshold 15)
[2722.475s][info ][gc,heap        ] GC(148) PSYoungGen: 1870305K(1945600K)->69744K(1967104K) Eden: 1801728K(1801728K)->0K(1830400K) From: 68577K(143872K)->69744K(136704K)
[2722.475s][info ][gc,heap        ] GC(148) ParOldGen: 635100K(764416K)->635164K(764416K)
[2722.475s][info ][gc,metaspace   ] GC(148) Metaspace: 84913K(86080K)->84913K(86080K) NonClass: 72884K(73536K)->72884K(73536K) Class: 12029K(12544K)->12029K(12544K)
[2722.475s][info ][gc             ] GC(148) Pause Young (Allocation Failure) 2446M->688M(2667M) 25.178ms
[2722.475s][info ][gc,cpu         ] GC(148) User=0.10s Sys=0.00s Real=0.03s
[2722.475s][info ][safepoint      ] Safepoint "ParallelGCFailedAllocation", Time since last: 5769041596 ns, Reaching safepoint: 122108 ns, At safepoint: 25264595 ns, Total: 25386703 ns
[2724.108s][info ][safepoint      ] Safepoint "Cleanup", Time since last: 1633127909 ns, Reaching safepoint: 141410 ns, At safepoint: 6200 ns, Total: 147610 ns
[2737.109s][info ][safepoint      ] Safepoint "Cleanup", Time since last: 13000930536 ns, Reaching safepoint: 122009 ns, At safepoint: 8200 ns, Total: 130209 ns
[2739.109s][info ][safepoint      ] Safepoint "Cleanup", Time since last: 2000195590 ns, Reaching safepoint: 71205 ns, At safepoint: 12301 ns, Total: 83506 ns
[2741.797s][info ][gc,start       ] GC(149) Pause Young (Allocation Failure)
[2741.824s][debug][gc,phases      ] GC(149) Scavenge 26.320ms
[2741.824s][debug][gc,ref         ] GC(149) Skipped phase 1 of Reference Processing: no references
[2741.824s][debug][gc,ref         ] GC(149) ReferenceProcessor::execute queues: 1, RefProcThreadModel::Single, marks_oops_alive: false
[2741.824s][debug][gc,ref         ] GC(149) Skipped phase 3 of Reference Processing: no references
[2741.824s][debug][gc,ref         ] GC(149) ReferenceProcessor::execute queues: 1, RefProcThreadModel::Single, marks_oops_alive: false
[2741.824s][debug][gc,phases      ] GC(149) Reference Processing 0.129ms
[2741.824s][debug][gc,phases      ] GC(149)   VM Weak                        Min:  0.0, Avg:  0.0, Max:  0.0, Diff:  0.0, Sum:  0.0, Workers: 4
[2741.824s][debug][gc,phases      ] GC(149)     Dead                           Min: 0, Avg:  0.0, Max: 0, Diff: 0, Sum: 0, Workers: 4
[2741.824s][debug][gc,phases      ] GC(149)     Total                          Min: 0, Avg: 235.2, Max: 704, Diff: 704, Sum: 941, Workers: 4
[2741.824s][debug][gc,phases      ] GC(149)   ObjectSynchronizer Weak        Min:  0.0, Avg:  0.0, Max:  0.0, Diff:  0.0, Sum:  0.0, Workers: 4
[2741.824s][debug][gc,phases      ] GC(149)     Dead                           Min: 0, Avg:  0.0, Max: 0, Diff: 0, Sum: 0, Workers: 4
[2741.824s][debug][gc,phases      ] GC(149)     Total                          Min: 0, Avg: 26.0, Max: 64, Diff: 64, Sum: 104, Workers: 4
[2741.824s][debug][gc,phases      ] GC(149)   JVMTI Tag Weak OopStorage      Min:  0.0, Avg:  0.0, Max:  0.0, Diff:  0.0, Sum:  0.0, Workers: 4
[2741.824s][debug][gc,phases      ] GC(149)     Dead                           Min: 0, Avg:  0.0, Max: 0, Diff: 0, Sum: 0, Workers: 4
[2741.824s][debug][gc,phases      ] GC(149)     Total                          Min: 0, Avg:  0.0, Max: 0, Diff: 0, Sum: 0, Workers: 4
[2741.824s][debug][gc,phases      ] GC(149)   StringTable Weak               Min:  0.1, Avg:  0.1, Max:  0.1, Diff:  0.0, Sum:  0.5, Workers: 4
[2741.824s][debug][gc,phases      ] GC(149)     Dead                           Min: 0, Avg:  0.0, Max: 0, Diff: 0, Sum: 0, Workers: 4
[2741.824s][debug][gc,phases      ] GC(149)     Total                          Min: 9664, Avg: 11062.2, Max: 11609, Diff: 1945, Sum: 44249, Workers: 4
[2741.824s][debug][gc,phases      ] GC(149)   ResolvedMethodTable Weak       Min:  0.0, Avg:  0.0, Max:  0.0, Diff:  0.0, Sum:  0.1, Workers: 4
[2741.824s][debug][gc,phases      ] GC(149)     Dead                           Min: 0, Avg:  0.0, Max: 0, Diff: 0, Sum: 0, Workers: 4
[2741.824s][debug][gc,phases      ] GC(149)     Total                          Min: 2412, Avg: 2551.8, Max: 2752, Diff: 340, Sum: 10207, Workers: 4
[2741.824s][debug][gc,phases      ] GC(149)   JNI Weak                       Min:  0.0, Avg:  0.0, Max:  0.0, Diff:  0.0, Sum:  0.0, Workers: 4
[2741.824s][debug][gc,phases      ] GC(149)     Dead                           Min: 0, Avg:  0.0, Max: 0, Diff: 0, Sum: 0, Workers: 4
[2741.824s][debug][gc,phases      ] GC(149)     Total                          Min: 0, Avg: 11.2, Max: 45, Diff: 45, Sum: 45, Workers: 4
[2741.824s][debug][gc,phases      ] GC(149)   StringDedup Table Weak         Min:  0.0, Avg:  0.0, Max:  0.0, Diff:  0.0, Sum:  0.0, Workers: 4
[2741.824s][debug][gc,phases      ] GC(149)     Dead                           Min: 0, Avg:  0.0, Max: 0, Diff: 0, Sum: 0, Workers: 4
[2741.824s][debug][gc,phases      ] GC(149)     Total                          Min: 0, Avg:  0.0, Max: 0, Diff: 0, Sum: 0, Workers: 4
[2741.824s][debug][gc,phases      ] GC(149)   StringDedup Requests0 Weak     Min:  0.0, Avg:  0.0, Max:  0.0, Diff:  0.0, Sum:  0.0, Workers: 4
[2741.824s][debug][gc,phases      ] GC(149)     Dead                           Min: 0, Avg:  0.0, Max: 0, Diff: 0, Sum: 0, Workers: 4
[2741.824s][debug][gc,phases      ] GC(149)     Total                          Min: 0, Avg:  0.0, Max: 0, Diff: 0, Sum: 0, Workers: 4
[2741.824s][debug][gc,phases      ] GC(149)   StringDedup Requests1 Weak     Min:  0.0, Avg:  0.0, Max:  0.0, Diff:  0.0, Sum:  0.0, Workers: 4
[2741.824s][debug][gc,phases      ] GC(149)     Dead                           Min: 0, Avg:  0.0, Max: 0, Diff: 0, Sum: 0, Workers: 4
[2741.824s][debug][gc,phases      ] GC(149)     Total                          Min: 0, Avg:  0.0, Max: 0, Diff: 0, Sum: 0, Workers: 4
[2741.824s][debug][gc,phases      ] GC(149)   Weak JFR Old Object Samples    Min:  0.0, Avg:  0.0, Max:  0.0, Diff:  0.0, Sum:  0.0, Workers: 4
[2741.824s][debug][gc,phases      ] GC(149)     Dead                           Min: 0, Avg:  0.0, Max: 0, Diff: 0, Sum: 0, Workers: 4
[2741.824s][debug][gc,phases      ] GC(149)     Total                          Min: 0, Avg:  0.0, Max: 0, Diff: 0, Sum: 0, Workers: 4
[2741.824s][debug][gc,phases      ] GC(149) Weak Processing 0.338ms
[2741.824s][debug][gc,age         ] GC(149) Desired survivor size 127401984 bytes, new threshold 15 (max threshold 15)
[2741.824s][info ][gc,heap        ] GC(149) PSYoungGen: 1900144K(1967104K)->70129K(1960448K) Eden: 1830400K(1830400K)->0K(1830400K) From: 69744K(136704K)->70129K(130048K)
[2741.824s][info ][gc,heap        ] GC(149) ParOldGen: 635164K(764416K)->635204K(764416K)
[2741.824s][info ][gc,metaspace   ] GC(149) Metaspace: 84922K(86080K)->84922K(86080K) NonClass: 72892K(73536K)->72892K(73536K) Class: 12029K(12544K)->12029K(12544K)
[2741.824s][info ][gc             ] GC(149) Pause Young (Allocation Failure) 2475M->688M(2661M) 26.923ms
[2741.824s][info ][gc,cpu         ] GC(149) User=0.09s Sys=0.00s Real=0.03s
[2741.824s][info ][safepoint      ] Safepoint "ParallelGCFailedAllocation", Time since last: 2687800237 ns, Reaching safepoint: 102307 ns, At safepoint: 27006719 ns, Total: 27109026 ns
[2745.824s][info ][safepoint      ] Safepoint "Cleanup", Time since last: 4000277176 ns, Reaching safepoint: 58104 ns, At safepoint: 14101 ns, Total: 72205 ns
[2746.825s][info ][safepoint      ] Safepoint "Cleanup", Time since last: 1000096246 ns, Reaching safepoint: 44103 ns, At safepoint: 3201 ns, Total: 47304 ns
[2747.825s][info ][safepoint      ] Safepoint "Cleanup", Time since last: 1000106547 ns, Reaching safepoint: 48503 ns, At safepoint: 5801 ns, Total: 54304 ns
[2749.229s][info ][safepoint      ] Safepoint "Cleanup", Time since last: 1404262559 ns, Reaching safepoint: 57304 ns, At safepoint: 3500 ns, Total: 60804 ns
[2750.229s][info ][safepoint      ] Safepoint "Cleanup", Time since last: 1000102148 ns, Reaching safepoint: 91706 ns, At safepoint: 5601 ns, Total: 97307 ns
[2751.229s][info ][safepoint      ] Safepoint "Cleanup", Time since last: 1000103448 ns, Reaching safepoint: 55403 ns, At safepoint: 3701 ns, Total: 59104 ns
[2757.230s][info ][safepoint      ] Safepoint "Cleanup", Time since last: 6000410177 ns, Reaching safepoint: 43703 ns, At safepoint: 3200 ns, Total: 46903 ns
[2758.230s][info ][safepoint      ] Safepoint "Cleanup", Time since last: 1000106650 ns, Reaching safepoint: 35102 ns, At safepoint: 2901 ns, Total: 38003 ns
[2760.230s][info ][safepoint      ] Safepoint "Cleanup", Time since last: 2000178197 ns, Reaching safepoint: 42703 ns, At safepoint: 3900 ns, Total: 46603 ns
[2760.805s][info ][gc,start       ] GC(150) Pause Young (Allocation Failure)
[2760.816s][debug][gc,phases      ] GC(150) Scavenge 10.997ms
[2760.816s][debug][gc,ref         ] GC(150) Skipped phase 1 of Reference Processing: no references
[2760.816s][debug][gc,ref         ] GC(150) ReferenceProcessor::execute queues: 1, RefProcThreadModel::Single, marks_oops_alive: false
[2760.816s][debug][gc,ref         ] GC(150) ReferenceProcessor::execute queues: 4, RefProcThreadModel::Multi, marks_oops_alive: true
[2760.817s][debug][gc,ref         ] GC(150) ReferenceProcessor::execute queues: 1, RefProcThreadModel::Single, marks_oops_alive: false
[2760.817s][debug][gc,phases      ] GC(150) Reference Processing 0.486ms
[2760.817s][debug][gc,phases      ] GC(150)   VM Weak                        Min:  0.0, Avg:  0.0, Max:  0.0, Diff:  0.0, Sum:  0.0, Workers: 4
[2760.817s][debug][gc,phases      ] GC(150)     Dead                           Min: 0, Avg:  0.0, Max: 0, Diff: 0, Sum: 0, Workers: 4
[2760.817s][debug][gc,phases      ] GC(150)     Total                          Min: 0, Avg: 235.2, Max: 576, Diff: 576, Sum: 941, Workers: 4
[2760.817s][debug][gc,phases      ] GC(150)   ObjectSynchronizer Weak        Min:  0.0, Avg:  0.0, Max:  0.0, Diff:  0.0, Sum:  0.0, Workers: 4
[2760.817s][debug][gc,phases      ] GC(150)     Dead                           Min: 0, Avg:  0.0, Max: 0, Diff: 0, Sum: 0, Workers: 4
[2760.817s][debug][gc,phases      ] GC(150)     Total                          Min: 0, Avg: 26.0, Max: 64, Diff: 64, Sum: 104, Workers: 4
[2760.817s][debug][gc,phases      ] GC(150)   JVMTI Tag Weak OopStorage      Min:  0.0, Avg:  0.0, Max:  0.0, Diff:  0.0, Sum:  0.0, Workers: 4
[2760.817s][debug][gc,phases      ] GC(150)     Dead                           Min: 0, Avg:  0.0, Max: 0, Diff: 0, Sum: 0, Workers: 4
[2760.817s][debug][gc,phases      ] GC(150)     Total                          Min: 0, Avg:  0.0, Max: 0, Diff: 0, Sum: 0, Workers: 4
[2760.817s][debug][gc,phases      ] GC(150)   StringTable Weak               Min:  0.1, Avg:  0.1, Max:  0.1, Diff:  0.0, Sum:  0.4, Workers: 4
[2760.817s][debug][gc,phases      ] GC(150)     Dead                           Min: 0, Avg:  0.0, Max: 0, Diff: 0, Sum: 0, Workers: 4
[2760.817s][debug][gc,phases      ] GC(150)     Total                          Min: 10524, Avg: 11063.0, Max: 11456, Diff: 932, Sum: 44252, Workers: 4
[2760.817s][debug][gc,phases      ] GC(150)   ResolvedMethodTable Weak       Min:  0.0, Avg:  0.0, Max:  0.0, Diff:  0.0, Sum:  0.1, Workers: 4
[2760.817s][debug][gc,phases      ] GC(150)     Dead                           Min: 0, Avg:  0.0, Max: 0, Diff: 0, Sum: 0, Workers: 4
[2760.817s][debug][gc,phases      ] GC(150)     Total                          Min: 1280, Avg: 2551.8, Max: 3072, Diff: 1792, Sum: 10207, Workers: 4
[2760.817s][debug][gc,phases      ] GC(150)   JNI Weak                       Min:  0.0, Avg:  0.0, Max:  0.0, Diff:  0.0, Sum:  0.0, Workers: 4
[2760.817s][debug][gc,phases      ] GC(150)     Dead                           Min: 0, Avg:  0.0, Max: 0, Diff: 0, Sum: 0, Workers: 4
[2760.817s][debug][gc,phases      ] GC(150)     Total                          Min: 0, Avg: 11.2, Max: 45, Diff: 45, Sum: 45, Workers: 4
[2760.817s][debug][gc,phases      ] GC(150)   StringDedup Table Weak         Min:  0.0, Avg:  0.0, Max:  0.0, Diff:  0.0, Sum:  0.0, Workers: 4
[2760.817s][debug][gc,phases      ] GC(150)     Dead                           Min: 0, Avg:  0.0, Max: 0, Diff: 0, Sum: 0, Workers: 4
[2760.817s][debug][gc,phases      ] GC(150)     Total                          Min: 0, Avg:  0.0, Max: 0, Diff: 0, Sum: 0, Workers: 4
[2760.817s][debug][gc,phases      ] GC(150)   StringDedup Requests0 Weak     Min:  0.0, Avg:  0.0, Max:  0.0, Diff:  0.0, Sum:  0.0, Workers: 4
[2760.817s][debug][gc,phases      ] GC(150)     Dead                           Min: 0, Avg:  0.0, Max: 0, Diff: 0, Sum: 0, Workers: 4
[2760.817s][debug][gc,phases      ] GC(150)     Total                          Min: 0, Avg:  0.0, Max: 0, Diff: 0, Sum: 0, Workers: 4
[2760.817s][debug][gc,phases      ] GC(150)   StringDedup Requests1 Weak     Min:  0.0, Avg:  0.0, Max:  0.0, Diff:  0.0, Sum:  0.0, Workers: 4
[2760.817s][debug][gc,phases      ] GC(150)     Dead                           Min: 0, Avg:  0.0, Max: 0, Diff: 0, Sum: 0, Workers: 4
[2760.817s][debug][gc,phases      ] GC(150)     Total                          Min: 0, Avg:  0.0, Max: 0, Diff: 0, Sum: 0, Workers: 4
[2760.817s][debug][gc,phases      ] GC(150)   Weak JFR Old Object Samples    Min:  0.0, Avg:  0.0, Max:  0.0, Diff:  0.0, Sum:  0.0, Workers: 4
[2760.817s][debug][gc,phases      ] GC(150)     Dead                           Min: 0, Avg:  0.0, Max: 0, Diff: 0, Sum: 0, Workers: 4
[2760.817s][debug][gc,phases      ] GC(150)     Total                          Min: 0, Avg:  0.0, Max: 0, Diff: 0, Sum: 0, Workers: 4
[2760.817s][debug][gc,phases      ] GC(150) Weak Processing 0.347ms
[2760.817s][debug][gc,age         ] GC(150) Desired survivor size 127926272 bytes, new threshold 15 (max threshold 15)
[2760.817s][info ][gc,heap        ] GC(150) PSYoungGen: 1900529K(1960448K)->32881K(1971712K) Eden: 1830400K(1830400K)->0K(1847296K) From: 70129K(130048K)->32881K(124416K)
[2760.817s][info ][gc,heap        ] GC(150) ParOldGen: 635204K(764416K)->635244K(764416K)
[2760.817s][info ][gc,metaspace   ] GC(150) Metaspace: 84949K(86080K)->84949K(86080K) NonClass: 72919K(73536K)->72919K(73536K) Class: 12029K(12544K)->12029K(12544K)
[2760.817s][info ][gc             ] GC(150) Pause Young (Allocation Failure) 2476M->652M(2672M) 11.973ms
[2760.817s][info ][gc,cpu         ] GC(150) User=0.05s Sys=0.00s Real=0.01s
[2760.817s][info ][safepoint      ] Safepoint "ParallelGCFailedAllocation", Time since last: 574721230 ns, Reaching safepoint: 40403 ns, At safepoint: 12049456 ns, Total: 12089859 ns
[2766.818s][info ][safepoint      ] Safepoint "Cleanup", Time since last: 6000367686 ns, Reaching safepoint: 38203 ns, At safepoint: 3100 ns, Total: 41303 ns
[2767.818s][info ][safepoint      ] Safepoint "Cleanup", Time since last: 1000103752 ns, Reaching safepoint: 48903 ns, At safepoint: 3300 ns, Total: 52203 ns
[2773.818s][info ][safepoint      ] Safepoint "Cleanup", Time since last: 6000439300 ns, Reaching safepoint: 46804 ns, At safepoint: 2900 ns, Total: 49704 ns
[2775.818s][info ][safepoint      ] Safepoint "Cleanup", Time since last: 2000200305 ns, Reaching safepoint: 27502 ns, At safepoint: 3001 ns, Total: 30503 ns
[2776.819s][info ][safepoint      ] Safepoint "Cleanup", Time since last: 1000107653 ns, Reaching safepoint: 56304 ns, At safepoint: 2700 ns, Total: 59004 ns
[2778.819s][info ][safepoint      ] Safepoint "Cleanup", Time since last: 2000172805 ns, Reaching safepoint: 57604 ns, At safepoint: 5101 ns, Total: 62705 ns
[2779.819s][info ][safepoint      ] Safepoint "Cleanup", Time since last: 1000111154 ns, Reaching safepoint: 39603 ns, At safepoint: 4200 ns, Total: 43803 ns
[2782.433s][info ][gc,start       ] GC(151) Pause Young (Allocation Failure)
[2782.472s][debug][gc,phases      ] GC(151) Scavenge 38.758ms
[2782.472s][debug][gc,ref         ] GC(151) Skipped phase 1 of Reference Processing: no references
[2782.472s][debug][gc,ref         ] GC(151) ReferenceProcessor::execute queues: 1, RefProcThreadModel::Single, marks_oops_alive: false
[2782.472s][debug][gc,ref         ] GC(151) Skipped phase 3 of Reference Processing: no references
[2782.472s][debug][gc,ref         ] GC(151) ReferenceProcessor::execute queues: 1, RefProcThreadModel::Single, marks_oops_alive: false
[2782.472s][debug][gc,phases      ] GC(151) Reference Processing 0.108ms
[2782.472s][debug][gc,phases      ] GC(151)   VM Weak                        Min:  0.0, Avg:  0.0, Max:  0.0, Diff:  0.0, Sum:  0.0, Workers: 4
[2782.472s][debug][gc,phases      ] GC(151)     Dead                           Min: 0, Avg:  0.0, Max: 0, Diff: 0, Sum: 0, Workers: 4
[2782.472s][debug][gc,phases      ] GC(151)     Total                          Min: 0, Avg: 235.2, Max: 512, Diff: 512, Sum: 941, Workers: 4
[2782.472s][debug][gc,phases      ] GC(151)   ObjectSynchronizer Weak        Min:  0.0, Avg:  0.0, Max:  0.0, Diff:  0.0, Sum:  0.0, Workers: 4
[2782.472s][debug][gc,phases      ] GC(151)     Dead                           Min: 0, Avg:  0.0, Max: 0, Diff: 0, Sum: 0, Workers: 4
[2782.472s][debug][gc,phases      ] GC(151)     Total                          Min: 0, Avg: 26.0, Max: 104, Diff: 104, Sum: 104, Workers: 4
[2782.472s][debug][gc,phases      ] GC(151)   JVMTI Tag Weak OopStorage      Min:  0.0, Avg:  0.0, Max:  0.0, Diff:  0.0, Sum:  0.0, Workers: 4
[2782.472s][debug][gc,phases      ] GC(151)     Dead                           Min: 0, Avg:  0.0, Max: 0, Diff: 0, Sum: 0, Workers: 4
[2782.472s][debug][gc,phases      ] GC(151)     Total                          Min: 0, Avg:  0.0, Max: 0, Diff: 0, Sum: 0, Workers: 4
[2782.472s][debug][gc,phases      ] GC(151)   StringTable Weak               Min:  0.0, Avg:  0.1, Max:  0.1, Diff:  0.1, Sum:  0.4, Workers: 4
[2782.472s][debug][gc,phases      ] GC(151)     Dead                           Min: 0, Avg:  0.5, Max: 2, Diff: 2, Sum: 2, Workers: 4
[2782.472s][debug][gc,phases      ] GC(151)     Total                          Min: 0, Avg: 11064.5, Max: 16611, Diff: 16611, Sum: 44258, Workers: 4
[2782.472s][debug][gc,phases      ] GC(151)   ResolvedMethodTable Weak       Min:  0.0, Avg:  0.0, Max:  0.0, Diff:  0.0, Sum:  0.1, Workers: 4
[2782.472s][debug][gc,phases      ] GC(151)     Dead                           Min: 0, Avg:  0.0, Max: 0, Diff: 0, Sum: 0, Workers: 4
[2782.473s][debug][gc,phases      ] GC(151)     Total                          Min: 0, Avg: 2554.2, Max: 3520, Diff: 3520, Sum: 10217, Workers: 4
[2782.473s][debug][gc,phases      ] GC(151)   JNI Weak                       Min:  0.0, Avg:  0.0, Max:  0.0, Diff:  0.0, Sum:  0.0, Workers: 4
[2782.473s][debug][gc,phases      ] GC(151)     Dead                           Min: 0, Avg:  0.0, Max: 0, Diff: 0, Sum: 0, Workers: 4
[2782.473s][debug][gc,phases      ] GC(151)     Total                          Min: 0, Avg: 11.2, Max: 45, Diff: 45, Sum: 45, Workers: 4
[2782.473s][debug][gc,phases      ] GC(151)   StringDedup Table Weak         Min:  0.0, Avg:  0.0, Max:  0.0, Diff:  0.0, Sum:  0.0, Workers: 4
[2782.473s][debug][gc,phases      ] GC(151)     Dead                           Min: 0, Avg:  0.0, Max: 0, Diff: 0, Sum: 0, Workers: 4
[2782.473s][debug][gc,phases      ] GC(151)     Total                          Min: 0, Avg:  0.0, Max: 0, Diff: 0, Sum: 0, Workers: 4
[2782.473s][debug][gc,phases      ] GC(151)   StringDedup Requests0 Weak     Min:  0.0, Avg:  0.0, Max:  0.0, Diff:  0.0, Sum:  0.0, Workers: 4
[2782.473s][debug][gc,phases      ] GC(151)     Dead                           Min: 0, Avg:  0.0, Max: 0, Diff: 0, Sum: 0, Workers: 4
[2782.473s][debug][gc,phases      ] GC(151)     Total                          Min: 0, Avg:  0.0, Max: 0, Diff: 0, Sum: 0, Workers: 4
[2782.473s][debug][gc,phases      ] GC(151)   StringDedup Requests1 Weak     Min:  0.0, Avg:  0.0, Max:  0.0, Diff:  0.0, Sum:  0.0, Workers: 4
[2782.473s][debug][gc,phases      ] GC(151)     Dead                           Min: 0, Avg:  0.0, Max: 0, Diff: 0, Sum: 0, Workers: 4
[2782.473s][debug][gc,phases      ] GC(151)     Total                          Min: 0, Avg:  0.0, Max: 0, Diff: 0, Sum: 0, Workers: 4
[2782.473s][debug][gc,phases      ] GC(151)   Weak JFR Old Object Samples    Min:  0.0, Avg:  0.0, Max:  0.0, Diff:  0.0, Sum:  0.0, Workers: 4
[2782.473s][debug][gc,phases      ] GC(151)     Dead                           Min: 0, Avg:  0.0, Max: 0, Diff: 0, Sum: 0, Workers: 4
[2782.473s][debug][gc,phases      ] GC(151)     Total                          Min: 0, Avg:  0.0, Max: 0, Diff: 0, Sum: 0, Workers: 4
[2782.473s][debug][gc,phases      ] GC(151) Weak Processing 0.395ms
[2782.473s][debug][gc,age         ] GC(151) Desired survivor size 125829120 bytes, new threshold 15 (max threshold 15)
[2782.473s][info ][gc,heap        ] GC(151) PSYoungGen: 1880177K(1971712K)->75343K(1972224K) Eden: 1847295K(1847296K)->0K(1847296K) From: 32881K(124416K)->75343K(124928K)
[2782.473s][info ][gc,heap        ] GC(151) ParOldGen: 635244K(764416K)->635420K(764416K)
[2782.473s][info ][gc,metaspace   ] GC(151) Metaspace: 84972K(86080K)->84972K(86080K) NonClass: 72937K(73536K)->72937K(73536K) Class: 12035K(12544K)->12035K(12544K)
[2782.473s][info ][gc             ] GC(151) Pause Young (Allocation Failure) 2456M->694M(2672M) 39.394ms
[2782.473s][info ][gc,cpu         ] GC(151) User=0.13s Sys=0.01s Real=0.04s
[2782.473s][info ][safepoint      ] Safepoint "ParallelGCFailedAllocation", Time since last: 2614129826 ns, Reaching safepoint: 130009 ns, At safepoint: 39481305 ns, Total: 39611314 ns
[2783.473s][info ][safepoint      ] Safepoint "Cleanup", Time since last: 1000078953 ns, Reaching safepoint: 36103 ns, At safepoint: 3200 ns, Total: 39303 ns
[2784.473s][info ][safepoint      ] Safepoint "Cleanup", Time since last: 1000089354 ns, Reaching safepoint: 27902 ns, At safepoint: 3000 ns, Total: 30902 ns
[2788.473s][info ][safepoint      ] Safepoint "Cleanup", Time since last: 4000294913 ns, Reaching safepoint: 37503 ns, At safepoint: 3100 ns, Total: 40603 ns
[2796.200s][info ][gc,start       ] GC(152) Pause Young (Allocation Failure)
[2796.233s][debug][gc,phases      ] GC(152) Scavenge 32.491ms
[2796.233s][debug][gc,ref         ] GC(152) Skipped phase 1 of Reference Processing: no references
[2796.233s][debug][gc,ref         ] GC(152) ReferenceProcessor::execute queues: 1, RefProcThreadModel::Single, marks_oops_alive: false
[2796.233s][debug][gc,ref         ] GC(152) Skipped phase 3 of Reference Processing: no references
[2796.233s][debug][gc,ref         ] GC(152) ReferenceProcessor::execute queues: 1, RefProcThreadModel::Single, marks_oops_alive: false
[2796.233s][debug][gc,phases      ] GC(152) Reference Processing 0.134ms
[2796.233s][debug][gc,phases      ] GC(152)   VM Weak                        Min:  0.0, Avg:  0.0, Max:  0.0, Diff:  0.0, Sum:  0.0, Workers: 4
[2796.233s][debug][gc,phases      ] GC(152)     Dead                           Min: 0, Avg:  0.0, Max: 0, Diff: 0, Sum: 0, Workers: 4
[2796.233s][debug][gc,phases      ] GC(152)     Total                          Min: 0, Avg: 235.2, Max: 576, Diff: 576, Sum: 941, Workers: 4
[2796.233s][debug][gc,phases      ] GC(152)   ObjectSynchronizer Weak        Min:  0.0, Avg:  0.0, Max:  0.0, Diff:  0.0, Sum:  0.0, Workers: 4
[2796.233s][debug][gc,phases      ] GC(152)     Dead                           Min: 0, Avg:  0.0, Max: 0, Diff: 0, Sum: 0, Workers: 4
[2796.233s][debug][gc,phases      ] GC(152)     Total                          Min: 0, Avg: 26.0, Max: 64, Diff: 64, Sum: 104, Workers: 4
[2796.233s][debug][gc,phases      ] GC(152)   JVMTI Tag Weak OopStorage      Min:  0.0, Avg:  0.0, Max:  0.0, Diff:  0.0, Sum:  0.0, Workers: 4
[2796.233s][debug][gc,phases      ] GC(152)     Dead                           Min: 0, Avg:  0.0, Max: 0, Diff: 0, Sum: 0, Workers: 4
[2796.233s][debug][gc,phases      ] GC(152)     Total                          Min: 0, Avg:  0.0, Max: 0, Diff: 0, Sum: 0, Workers: 4
[2796.233s][debug][gc,phases      ] GC(152)   StringTable Weak               Min:  0.1, Avg:  0.1, Max:  0.1, Diff:  0.0, Sum:  0.5, Workers: 4
[2796.233s][debug][gc,phases      ] GC(152)     Dead                           Min: 0, Avg:  0.0, Max: 0, Diff: 0, Sum: 0, Workers: 4
[2796.233s][debug][gc,phases      ] GC(152)     Total                          Min: 9919, Avg: 11064.5, Max: 11903, Diff: 1984, Sum: 44258, Workers: 4
[2796.233s][debug][gc,phases      ] GC(152)   ResolvedMethodTable Weak       Min:  0.0, Avg:  0.0, Max:  0.0, Diff:  0.0, Sum:  0.1, Workers: 4
[2796.233s][debug][gc,phases      ] GC(152)     Dead                           Min: 0, Avg:  0.0, Max: 0, Diff: 0, Sum: 0, Workers: 4
[2796.233s][debug][gc,phases      ] GC(152)     Total                          Min: 2424, Avg: 2554.2, Max: 2688, Diff: 264, Sum: 10217, Workers: 4
[2796.233s][debug][gc,phases      ] GC(152)   JNI Weak                       Min:  0.0, Avg:  0.0, Max:  0.0, Diff:  0.0, Sum:  0.0, Workers: 4
[2796.233s][debug][gc,phases      ] GC(152)     Dead                           Min: 0, Avg:  0.0, Max: 0, Diff: 0, Sum: 0, Workers: 4
[2796.233s][debug][gc,phases      ] GC(152)     Total                          Min: 0, Avg: 11.2, Max: 45, Diff: 45, Sum: 45, Workers: 4
[2796.233s][debug][gc,phases      ] GC(152)   StringDedup Table Weak         Min:  0.0, Avg:  0.0, Max:  0.0, Diff:  0.0, Sum:  0.0, Workers: 4
[2796.233s][debug][gc,phases      ] GC(152)     Dead                           Min: 0, Avg:  0.0, Max: 0, Diff: 0, Sum: 0, Workers: 4
[2796.233s][debug][gc,phases      ] GC(152)     Total                          Min: 0, Avg:  0.0, Max: 0, Diff: 0, Sum: 0, Workers: 4
[2796.233s][debug][gc,phases      ] GC(152)   StringDedup Requests0 Weak     Min:  0.0, Avg:  0.0, Max:  0.0, Diff:  0.0, Sum:  0.0, Workers: 4
[2796.233s][debug][gc,phases      ] GC(152)     Dead                           Min: 0, Avg:  0.0, Max: 0, Diff: 0, Sum: 0, Workers: 4
[2796.233s][debug][gc,phases      ] GC(152)     Total                          Min: 0, Avg:  0.0, Max: 0, Diff: 0, Sum: 0, Workers: 4
[2796.233s][debug][gc,phases      ] GC(152)   StringDedup Requests1 Weak     Min:  0.0, Avg:  0.0, Max:  0.0, Diff:  0.0, Sum:  0.0, Workers: 4
[2796.233s][debug][gc,phases      ] GC(152)     Dead                           Min: 0, Avg:  0.0, Max: 0, Diff: 0, Sum: 0, Workers: 4
[2796.233s][debug][gc,phases      ] GC(152)     Total                          Min: 0, Avg:  0.0, Max: 0, Diff: 0, Sum: 0, Workers: 4
[2796.233s][debug][gc,phases      ] GC(152)   Weak JFR Old Object Samples    Min:  0.0, Avg:  0.0, Max:  0.0, Diff:  0.0, Sum:  0.0, Workers: 4
[2796.233s][debug][gc,phases      ] GC(152)     Dead                           Min: 0, Avg:  0.0, Max: 0, Diff: 0, Sum: 0, Workers: 4
[2796.233s][debug][gc,phases      ] GC(152)     Total                          Min: 0, Avg:  0.0, Max: 0, Diff: 0, Sum: 0, Workers: 4
[2796.233s][debug][gc,phases      ] GC(152) Weak Processing 0.328ms
[2796.233s][debug][gc,age         ] GC(152) Desired survivor size 122683392 bytes, new threshold 15 (max threshold 15)
[2796.233s][info ][gc,heap        ] GC(152) PSYoungGen: 1922639K(1972224K)->73393K(1977344K) Eden: 1847296K(1847296K)->0K(1854464K) From: 75343K(124928K)->73393K(122880K)
[2796.233s][info ][gc,heap        ] GC(152) ParOldGen: 635420K(764416K)->635476K(764416K)
[2796.233s][info ][gc,metaspace   ] GC(152) Metaspace: 84973K(86080K)->84973K(86080K) NonClass: 72938K(73536K)->72938K(73536K) Class: 12035K(12544K)->12035K(12544K)
[2796.233s][info ][gc             ] GC(152) Pause Young (Allocation Failure) 2498M->692M(2677M) 33.103ms
[2796.233s][info ][gc,cpu         ] GC(152) User=0.10s Sys=0.00s Real=0.03s
[2796.233s][info ][safepoint      ] Safepoint "ParallelGCFailedAllocation", Time since last: 7726817484 ns, Reaching safepoint: 117308 ns, At safepoint: 33194259 ns, Total: 33311567 ns
[2808.234s][info ][safepoint      ] Safepoint "Cleanup", Time since last: 12000732965 ns, Reaching safepoint: 48804 ns, At safepoint: 3400 ns, Total: 52204 ns
[2817.749s][info ][gc,start       ] GC(153) Pause Young (Allocation Failure)
[2817.777s][debug][gc,phases      ] GC(153) Scavenge 27.826ms
[2817.777s][debug][gc,ref         ] GC(153) Skipped phase 1 of Reference Processing: no references
[2817.777s][debug][gc,ref         ] GC(153) ReferenceProcessor::execute queues: 1, RefProcThreadModel::Single, marks_oops_alive: false
[2817.777s][debug][gc,ref         ] GC(153) Skipped phase 3 of Reference Processing: no references
[2817.777s][debug][gc,ref         ] GC(153) ReferenceProcessor::execute queues: 1, RefProcThreadModel::Single, marks_oops_alive: false
[2817.777s][debug][gc,phases      ] GC(153) Reference Processing 0.114ms
[2817.778s][debug][gc,phases      ] GC(153)   VM Weak                        Min:  0.0, Avg:  0.0, Max:  0.0, Diff:  0.0, Sum:  0.0, Workers: 4
[2817.778s][debug][gc,phases      ] GC(153)     Dead                           Min: 0, Avg:  0.0, Max: 0, Diff: 0, Sum: 0, Workers: 4
[2817.778s][debug][gc,phases      ] GC(153)     Total                          Min: 64, Avg: 235.2, Max: 448, Diff: 384, Sum: 941, Workers: 4
[2817.778s][debug][gc,phases      ] GC(153)   ObjectSynchronizer Weak        Min:  0.0, Avg:  0.0, Max:  0.0, Diff:  0.0, Sum:  0.0, Workers: 4
[2817.778s][debug][gc,phases      ] GC(153)     Dead                           Min: 0, Avg:  0.0, Max: 0, Diff: 0, Sum: 0, Workers: 4
[2817.778s][debug][gc,phases      ] GC(153)     Total                          Min: 0, Avg: 26.0, Max: 64, Diff: 64, Sum: 104, Workers: 4
[2817.778s][debug][gc,phases      ] GC(153)   JVMTI Tag Weak OopStorage      Min:  0.0, Avg:  0.0, Max:  0.0, Diff:  0.0, Sum:  0.0, Workers: 4
[2817.778s][debug][gc,phases      ] GC(153)     Dead                           Min: 0, Avg:  0.0, Max: 0, Diff: 0, Sum: 0, Workers: 4
[2817.778s][debug][gc,phases      ] GC(153)     Total                          Min: 0, Avg:  0.0, Max: 0, Diff: 0, Sum: 0, Workers: 4
[2817.778s][debug][gc,phases      ] GC(153)   StringTable Weak               Min:  0.1, Avg:  0.1, Max:  0.1, Diff:  0.0, Sum:  0.5, Workers: 4
[2817.778s][debug][gc,phases      ] GC(153)     Dead                           Min: 0, Avg:  0.0, Max: 0, Diff: 0, Sum: 0, Workers: 4
[2817.778s][debug][gc,phases      ] GC(153)     Total                          Min: 10368, Avg: 11065.0, Max: 11839, Diff: 1471, Sum: 44260, Workers: 4
[2817.778s][debug][gc,phases      ] GC(153)   ResolvedMethodTable Weak       Min:  0.0, Avg:  0.0, Max:  0.0, Diff:  0.0, Sum:  0.1, Workers: 4
[2817.778s][debug][gc,phases      ] GC(153)     Dead                           Min: 0, Avg:  0.0, Max: 0, Diff: 0, Sum: 0, Workers: 4
[2817.778s][debug][gc,phases      ] GC(153)     Total                          Min: 1974, Avg: 2554.2, Max: 2752, Diff: 778, Sum: 10217, Workers: 4
[2817.778s][debug][gc,phases      ] GC(153)   JNI Weak                       Min:  0.0, Avg:  0.0, Max:  0.0, Diff:  0.0, Sum:  0.0, Workers: 4
[2817.778s][debug][gc,phases      ] GC(153)     Dead                           Min: 0, Avg:  0.0, Max: 0, Diff: 0, Sum: 0, Workers: 4
[2817.778s][debug][gc,phases      ] GC(153)     Total                          Min: 0, Avg: 11.2, Max: 45, Diff: 45, Sum: 45, Workers: 4
[2817.778s][debug][gc,phases      ] GC(153)   StringDedup Table Weak         Min:  0.0, Avg:  0.0, Max:  0.0, Diff:  0.0, Sum:  0.0, Workers: 4
[2817.778s][debug][gc,phases      ] GC(153)     Dead                           Min: 0, Avg:  0.0, Max: 0, Diff: 0, Sum: 0, Workers: 4
[2817.778s][debug][gc,phases      ] GC(153)     Total                          Min: 0, Avg:  0.0, Max: 0, Diff: 0, Sum: 0, Workers: 4
[2817.778s][debug][gc,phases      ] GC(153)   StringDedup Requests0 Weak     Min:  0.0, Avg:  0.0, Max:  0.0, Diff:  0.0, Sum:  0.0, Workers: 4
[2817.778s][debug][gc,phases      ] GC(153)     Dead                           Min: 0, Avg:  0.0, Max: 0, Diff: 0, Sum: 0, Workers: 4
[2817.778s][debug][gc,phases      ] GC(153)     Total                          Min: 0, Avg:  0.0, Max: 0, Diff: 0, Sum: 0, Workers: 4
[2817.778s][debug][gc,phases      ] GC(153)   StringDedup Requests1 Weak     Min:  0.0, Avg:  0.0, Max:  0.0, Diff:  0.0, Sum:  0.0, Workers: 4
[2817.778s][debug][gc,phases      ] GC(153)     Dead                           Min: 0, Avg:  0.0, Max: 0, Diff: 0, Sum: 0, Workers: 4
[2817.778s][debug][gc,phases      ] GC(153)     Total                          Min: 0, Avg:  0.0, Max: 0, Diff: 0, Sum: 0, Workers: 4
[2817.778s][debug][gc,phases      ] GC(153)   Weak JFR Old Object Samples    Min:  0.0, Avg:  0.0, Max:  0.0, Diff:  0.0, Sum:  0.0, Workers: 4
[2817.778s][debug][gc,phases      ] GC(153)     Dead                           Min: 0, Avg:  0.0, Max: 0, Diff: 0, Sum: 0, Workers: 4
[2817.778s][debug][gc,phases      ] GC(153)     Total                          Min: 0, Avg:  0.0, Max: 0, Diff: 0, Sum: 0, Workers: 4
[2817.778s][debug][gc,phases      ] GC(153) Weak Processing 0.358ms
[2817.778s][debug][gc,age         ] GC(153) Desired survivor size 119537664 bytes, new threshold 15 (max threshold 15)
[2817.778s][info ][gc,heap        ] GC(153) PSYoungGen: 1927857K(1977344K)->72608K(1974272K) Eden: 1854464K(1854464K)->0K(1854464K) From: 73393K(122880K)->72608K(119808K)
[2817.778s][info ][gc,heap        ] GC(153) ParOldGen: 635476K(764416K)->635588K(764416K)
[2817.778s][info ][gc,metaspace   ] GC(153) Metaspace: 84982K(86080K)->84982K(86080K) NonClass: 72947K(73536K)->72947K(73536K) Class: 12035K(12544K)->12035K(12544K)
[2817.778s][info ][gc             ] GC(153) Pause Young (Allocation Failure) 2503M->691M(2674M) 28.454ms
[2817.778s][info ][gc,cpu         ] GC(153) User=0.08s Sys=0.00s Real=0.03s
[2817.778s][info ][safepoint      ] Safepoint "ParallelGCFailedAllocation", Time since last: 9514882663 ns, Reaching safepoint: 140710 ns, At safepoint: 28548928 ns, Total: 28689638 ns
[2832.779s][info ][safepoint      ] Safepoint "Cleanup", Time since last: 15000926799 ns, Reaching safepoint: 64004 ns, At safepoint: 6701 ns, Total: 70705 ns
[2834.779s][info ][safepoint      ] Safepoint "Cleanup", Time since last: 2000174526 ns, Reaching safepoint: 45903 ns, At safepoint: 7601 ns, Total: 53504 ns
[2836.252s][info ][gc,start       ] GC(154) Pause Young (Allocation Failure)
[2836.263s][debug][gc,phases      ] GC(154) Scavenge 10.793ms
[2836.263s][debug][gc,ref         ] GC(154) Skipped phase 1 of Reference Processing: no references
[2836.263s][debug][gc,ref         ] GC(154) ReferenceProcessor::execute queues: 1, RefProcThreadModel::Single, marks_oops_alive: false
[2836.263s][debug][gc,ref         ] GC(154) Skipped phase 3 of Reference Processing: no references
[2836.263s][debug][gc,ref         ] GC(154) ReferenceProcessor::execute queues: 1, RefProcThreadModel::Single, marks_oops_alive: false
[2836.263s][debug][gc,phases      ] GC(154) Reference Processing 0.117ms
[2836.264s][debug][gc,phases      ] GC(154)   VM Weak                        Min:  0.0, Avg:  0.0, Max:  0.0, Diff:  0.0, Sum:  0.0, Workers: 4
[2836.264s][debug][gc,phases      ] GC(154)     Dead                           Min: 0, Avg:  0.0, Max: 0, Diff: 0, Sum: 0, Workers: 4
[2836.264s][debug][gc,phases      ] GC(154)     Total                          Min: 64, Avg: 235.5, Max: 558, Diff: 494, Sum: 942, Workers: 4
[2836.264s][debug][gc,phases      ] GC(154)   ObjectSynchronizer Weak        Min:  0.0, Avg:  0.0, Max:  0.0, Diff:  0.0, Sum:  0.0, Workers: 4
[2836.264s][debug][gc,phases      ] GC(154)     Dead                           Min: 0, Avg:  0.0, Max: 0, Diff: 0, Sum: 0, Workers: 4
[2836.264s][debug][gc,phases      ] GC(154)     Total                          Min: 0, Avg: 26.0, Max: 64, Diff: 64, Sum: 104, Workers: 4
[2836.264s][debug][gc,phases      ] GC(154)   JVMTI Tag Weak OopStorage      Min:  0.0, Avg:  0.0, Max:  0.0, Diff:  0.0, Sum:  0.0, Workers: 4
[2836.264s][debug][gc,phases      ] GC(154)     Dead                           Min: 0, Avg:  0.0, Max: 0, Diff: 0, Sum: 0, Workers: 4
[2836.264s][debug][gc,phases      ] GC(154)     Total                          Min: 0, Avg:  0.0, Max: 0, Diff: 0, Sum: 0, Workers: 4
[2836.264s][debug][gc,phases      ] GC(154)   StringTable Weak               Min:  0.1, Avg:  0.1, Max:  0.1, Diff:  0.0, Sum:  0.5, Workers: 4
[2836.264s][debug][gc,phases      ] GC(154)     Dead                           Min: 0, Avg:  0.0, Max: 0, Diff: 0, Sum: 0, Workers: 4
[2836.264s][debug][gc,phases      ] GC(154)     Total                          Min: 10687, Avg: 11066.2, Max: 11455, Diff: 768, Sum: 44265, Workers: 4
[2836.264s][debug][gc,phases      ] GC(154)   ResolvedMethodTable Weak       Min:  0.0, Avg:  0.0, Max:  0.0, Diff:  0.0, Sum:  0.1, Workers: 4
[2836.264s][debug][gc,phases      ] GC(154)     Dead                           Min: 0, Avg:  0.0, Max: 0, Diff: 0, Sum: 0, Workers: 4
[2836.264s][debug][gc,phases      ] GC(154)     Total                          Min: 2432, Avg: 2554.2, Max: 2678, Diff: 246, Sum: 10217, Workers: 4
[2836.264s][debug][gc,phases      ] GC(154)   JNI Weak                       Min:  0.0, Avg:  0.0, Max:  0.0, Diff:  0.0, Sum:  0.0, Workers: 4
[2836.264s][debug][gc,phases      ] GC(154)     Dead                           Min: 0, Avg:  0.0, Max: 0, Diff: 0, Sum: 0, Workers: 4
[2836.264s][debug][gc,phases      ] GC(154)     Total                          Min: 0, Avg: 11.2, Max: 45, Diff: 45, Sum: 45, Workers: 4
[2836.264s][debug][gc,phases      ] GC(154)   StringDedup Table Weak         Min:  0.0, Avg:  0.0, Max:  0.0, Diff:  0.0, Sum:  0.0, Workers: 4
[2836.264s][debug][gc,phases      ] GC(154)     Dead                           Min: 0, Avg:  0.0, Max: 0, Diff: 0, Sum: 0, Workers: 4
[2836.264s][debug][gc,phases      ] GC(154)     Total                          Min: 0, Avg:  0.0, Max: 0, Diff: 0, Sum: 0, Workers: 4
[2836.264s][debug][gc,phases      ] GC(154)   StringDedup Requests0 Weak     Min:  0.0, Avg:  0.0, Max:  0.0, Diff:  0.0, Sum:  0.0, Workers: 4
[2836.264s][debug][gc,phases      ] GC(154)     Dead                           Min: 0, Avg:  0.0, Max: 0, Diff: 0, Sum: 0, Workers: 4
[2836.264s][debug][gc,phases      ] GC(154)     Total                          Min: 0, Avg:  0.0, Max: 0, Diff: 0, Sum: 0, Workers: 4
[2836.264s][debug][gc,phases      ] GC(154)   StringDedup Requests1 Weak     Min:  0.0, Avg:  0.0, Max:  0.0, Diff:  0.0, Sum:  0.0, Workers: 4
[2836.264s][debug][gc,phases      ] GC(154)     Dead                           Min: 0, Avg:  0.0, Max: 0, Diff: 0, Sum: 0, Workers: 4
[2836.264s][debug][gc,phases      ] GC(154)     Total                          Min: 0, Avg:  0.0, Max: 0, Diff: 0, Sum: 0, Workers: 4
[2836.264s][debug][gc,phases      ] GC(154)   Weak JFR Old Object Samples    Min:  0.0, Avg:  0.0, Max:  0.0, Diff:  0.0, Sum:  0.0, Workers: 4
[2836.264s][debug][gc,phases      ] GC(154)     Dead                           Min: 0, Avg:  0.0, Max: 0, Diff: 0, Sum: 0, Workers: 4
[2836.264s][debug][gc,phases      ] GC(154)     Total                          Min: 0, Avg:  0.0, Max: 0, Diff: 0, Sum: 0, Workers: 4
[2836.264s][debug][gc,phases      ] GC(154) Weak Processing 0.343ms
[2836.264s][debug][gc,age         ] GC(154) Desired survivor size 121110528 bytes, new threshold 15 (max threshold 15)
[2836.264s][info ][gc,heap        ] GC(154) PSYoungGen: 1927072K(1974272K)->28562K(1977344K) Eden: 1854464K(1854464K)->0K(1860608K) From: 72608K(119808K)->28562K(116736K)
[2836.264s][info ][gc,heap        ] GC(154) ParOldGen: 635588K(764416K)->635764K(764416K)
[2836.264s][info ][gc,metaspace   ] GC(154) Metaspace: 85001K(86144K)->85001K(86144K) NonClass: 72965K(73600K)->72965K(73600K) Class: 12035K(12544K)->12035K(12544K)
[2836.264s][info ][gc             ] GC(154) Pause Young (Allocation Failure) 2502M->648M(2677M) 11.397ms
[2836.264s][info ][gc,cpu         ] GC(154) User=0.03s Sys=0.00s Real=0.01s
[2836.264s][info ][safepoint      ] Safepoint "ParallelGCFailedAllocation", Time since last: 1473304389 ns, Reaching safepoint: 34003 ns, At safepoint: 11480715 ns, Total: 11514718 ns
[2837.264s][info ][safepoint      ] Safepoint "Cleanup", Time since last: 1000099865 ns, Reaching safepoint: 114808 ns, At safepoint: 14001 ns, Total: 128809 ns
[2841.264s][info ][safepoint      ] Safepoint "Cleanup", Time since last: 4000294854 ns, Reaching safepoint: 32802 ns, At safepoint: 3100 ns, Total: 35902 ns
[2842.265s][info ][safepoint      ] Safepoint "Cleanup", Time since last: 1000113367 ns, Reaching safepoint: 50803 ns, At safepoint: 3100 ns, Total: 53903 ns
[2843.265s][info ][safepoint      ] Safepoint "Cleanup", Time since last: 1000109667 ns, Reaching safepoint: 49203 ns, At safepoint: 4601 ns, Total: 53804 ns
[2844.265s][info ][safepoint      ] Safepoint "Cleanup", Time since last: 1000098466 ns, Reaching safepoint: 49003 ns, At safepoint: 3300 ns, Total: 52303 ns
[2849.265s][info ][safepoint      ] Safepoint "Cleanup", Time since last: 5000306719 ns, Reaching safepoint: 37303 ns, At safepoint: 2900 ns, Total: 40203 ns
[2853.266s][info ][safepoint      ] Safepoint "Cleanup", Time since last: 4000309563 ns, Reaching safepoint: 49704 ns, At safepoint: 18601 ns, Total: 68305 ns
[2856.266s][info ][safepoint      ] Safepoint "Cleanup", Time since last: 3000240600 ns, Reaching safepoint: 47803 ns, At safepoint: 28902 ns, Total: 76705 ns
[2857.266s][info ][safepoint      ] Safepoint "Cleanup", Time since last: 1000069666 ns, Reaching safepoint: 38103 ns, At safepoint: 3900 ns, Total: 42003 ns
[2859.266s][info ][safepoint      ] Safepoint "Cleanup", Time since last: 2000172835 ns, Reaching safepoint: 44503 ns, At safepoint: 3901 ns, Total: 48404 ns
[2860.266s][info ][safepoint      ] Safepoint "Cleanup", Time since last: 1000127871 ns, Reaching safepoint: 34302 ns, At safepoint: 3400 ns, Total: 37702 ns
[2860.800s][info ][gc,start       ] GC(155) Pause Young (Allocation Failure)
[2860.813s][debug][gc,phases      ] GC(155) Scavenge 12.723ms
[2860.813s][debug][gc,ref         ] GC(155) Skipped phase 1 of Reference Processing: no references
[2860.813s][debug][gc,ref         ] GC(155) ReferenceProcessor::execute queues: 1, RefProcThreadModel::Single, marks_oops_alive: false
[2860.813s][debug][gc,ref         ] GC(155) ReferenceProcessor::execute queues: 4, RefProcThreadModel::Multi, marks_oops_alive: true
[2860.814s][debug][gc,ref         ] GC(155) ReferenceProcessor::execute queues: 1, RefProcThreadModel::Single, marks_oops_alive: false
[2860.814s][debug][gc,phases      ] GC(155) Reference Processing 0.505ms
[2860.814s][debug][gc,phases      ] GC(155)   VM Weak                        Min:  0.0, Avg:  0.0, Max:  0.0, Diff:  0.0, Sum:  0.0, Workers: 4
[2860.814s][debug][gc,phases      ] GC(155)     Dead                           Min: 0, Avg:  0.0, Max: 0, Diff: 0, Sum: 0, Workers: 4
[2860.814s][debug][gc,phases      ] GC(155)     Total                          Min: 0, Avg: 235.5, Max: 494, Diff: 494, Sum: 942, Workers: 4
[2860.814s][debug][gc,phases      ] GC(155)   ObjectSynchronizer Weak        Min:  0.0, Avg:  0.0, Max:  0.0, Diff:  0.0, Sum:  0.0, Workers: 4
[2860.814s][debug][gc,phases      ] GC(155)     Dead                           Min: 0, Avg:  0.0, Max: 0, Diff: 0, Sum: 0, Workers: 4
[2860.814s][debug][gc,phases      ] GC(155)     Total                          Min: 0, Avg: 26.0, Max: 64, Diff: 64, Sum: 104, Workers: 4
[2860.814s][debug][gc,phases      ] GC(155)   JVMTI Tag Weak OopStorage      Min:  0.0, Avg:  0.0, Max:  0.0, Diff:  0.0, Sum:  0.0, Workers: 4
[2860.814s][debug][gc,phases      ] GC(155)     Dead                           Min: 0, Avg:  0.0, Max: 0, Diff: 0, Sum: 0, Workers: 4
[2860.814s][debug][gc,phases      ] GC(155)     Total                          Min: 0, Avg:  0.0, Max: 0, Diff: 0, Sum: 0, Workers: 4
[2860.814s][debug][gc,phases      ] GC(155)   StringTable Weak               Min:  0.0, Avg:  0.1, Max:  0.1, Diff:  0.1, Sum:  0.4, Workers: 4
[2860.814s][debug][gc,phases      ] GC(155)     Dead                           Min: 0, Avg:  0.0, Max: 0, Diff: 0, Sum: 0, Workers: 4
[2860.814s][debug][gc,phases      ] GC(155)     Total                          Min: 0, Avg: 11070.0, Max: 16318, Diff: 16318, Sum: 44280, Workers: 4
[2860.814s][debug][gc,phases      ] GC(155)   ResolvedMethodTable Weak       Min:  0.0, Avg:  0.0, Max:  0.0, Diff:  0.0, Sum:  0.1, Workers: 4
[2860.814s][debug][gc,phases      ] GC(155)     Dead                           Min: 0, Avg:  0.0, Max: 0, Diff: 0, Sum: 0, Workers: 4
[2860.814s][debug][gc,phases      ] GC(155)     Total                          Min: 0, Avg: 2554.2, Max: 3950, Diff: 3950, Sum: 10217, Workers: 4
[2860.814s][debug][gc,phases      ] GC(155)   JNI Weak                       Min:  0.0, Avg:  0.0, Max:  0.0, Diff:  0.0, Sum:  0.0, Workers: 4
[2860.814s][debug][gc,phases      ] GC(155)     Dead                           Min: 0, Avg:  0.0, Max: 0, Diff: 0, Sum: 0, Workers: 4
[2860.814s][debug][gc,phases      ] GC(155)     Total                          Min: 0, Avg: 11.2, Max: 45, Diff: 45, Sum: 45, Workers: 4
[2860.814s][debug][gc,phases      ] GC(155)   StringDedup Table Weak         Min:  0.0, Avg:  0.0, Max:  0.0, Diff:  0.0, Sum:  0.0, Workers: 4
[2860.814s][debug][gc,phases      ] GC(155)     Dead                           Min: 0, Avg:  0.0, Max: 0, Diff: 0, Sum: 0, Workers: 4
[2860.814s][debug][gc,phases      ] GC(155)     Total                          Min: 0, Avg:  0.0, Max: 0, Diff: 0, Sum: 0, Workers: 4
[2860.814s][debug][gc,phases      ] GC(155)   StringDedup Requests0 Weak     Min:  0.0, Avg:  0.0, Max:  0.0, Diff:  0.0, Sum:  0.0, Workers: 4
[2860.814s][debug][gc,phases      ] GC(155)     Dead                           Min: 0, Avg:  0.0, Max: 0, Diff: 0, Sum: 0, Workers: 4
[2860.814s][debug][gc,phases      ] GC(155)     Total                          Min: 0, Avg:  0.0, Max: 0, Diff: 0, Sum: 0, Workers: 4
[2860.814s][debug][gc,phases      ] GC(155)   StringDedup Requests1 Weak     Min:  0.0, Avg:  0.0, Max:  0.0, Diff:  0.0, Sum:  0.0, Workers: 4
[2860.814s][debug][gc,phases      ] GC(155)     Dead                           Min: 0, Avg:  0.0, Max: 0, Diff: 0, Sum: 0, Workers: 4
[2860.814s][debug][gc,phases      ] GC(155)     Total                          Min: 0, Avg:  0.0, Max: 0, Diff: 0, Sum: 0, Workers: 4
[2860.814s][debug][gc,phases      ] GC(155)   Weak JFR Old Object Samples    Min:  0.0, Avg:  0.0, Max:  0.0, Diff:  0.0, Sum:  0.0, Workers: 4
[2860.814s][debug][gc,phases      ] GC(155)     Dead                           Min: 0, Avg:  0.0, Max: 0, Diff: 0, Sum: 0, Workers: 4
[2860.814s][debug][gc,phases      ] GC(155)     Total                          Min: 0, Avg:  0.0, Max: 0, Diff: 0, Sum: 0, Workers: 4
[2860.814s][debug][gc,phases      ] GC(155) Weak Processing 0.384ms
[2860.814s][debug][gc,age         ] GC(155) Desired survivor size 121634816 bytes, new threshold 15 (max threshold 15)
[2860.814s][info ][gc,heap        ] GC(155) PSYoungGen: 1889170K(1977344K)->29632K(1890304K) Eden: 1860608K(1860608K)->0K(1860608K) From: 28562K(116736K)->29632K(29696K)
[2860.814s][info ][gc,heap        ] GC(155) ParOldGen: 635764K(764416K)->640996K(764416K)
[2860.814s][info ][gc,metaspace   ] GC(155) Metaspace: 85023K(86144K)->85023K(86144K) NonClass: 72987K(73600K)->72987K(73600K) Class: 12035K(12544K)->12035K(12544K)
[2860.814s][info ][gc             ] GC(155) Pause Young (Allocation Failure) 2465M->654M(2592M) 13.755ms
[2860.814s][info ][gc,cpu         ] GC(155) User=0.05s Sys=0.00s Real=0.01s
[2860.814s][info ][safepoint      ] Safepoint "ParallelGCFailedAllocation", Time since last: 533776931 ns, Reaching safepoint: 39903 ns, At safepoint: 13833283 ns, Total: 13873186 ns
[2861.814s][info ][safepoint      ] Safepoint "Cleanup", Time since last: 1000047966 ns, Reaching safepoint: 46003 ns, At safepoint: 3600 ns, Total: 49603 ns
[2877.815s][info ][safepoint      ] Safepoint "Cleanup", Time since last: 16001017187 ns, Reaching safepoint: 50804 ns, At safepoint: 6200 ns, Total: 57004 ns
[2882.816s][info ][safepoint      ] Safepoint "Cleanup", Time since last: 5000382854 ns, Reaching safepoint: 58204 ns, At safepoint: 3000 ns, Total: 61204 ns
[2886.550s][info ][gc,start       ] GC(156) Pause Young (Allocation Failure)
[2886.560s][debug][gc,phases      ] GC(156) Scavenge 9.619ms
[2886.560s][debug][gc,ref         ] GC(156) Skipped phase 1 of Reference Processing: no references
[2886.560s][debug][gc,ref         ] GC(156) ReferenceProcessor::execute queues: 1, RefProcThreadModel::Single, marks_oops_alive: false
[2886.560s][debug][gc,ref         ] GC(156) Skipped phase 3 of Reference Processing: no references
[2886.560s][debug][gc,ref         ] GC(156) ReferenceProcessor::execute queues: 1, RefProcThreadModel::Single, marks_oops_alive: false
[2886.560s][debug][gc,phases      ] GC(156) Reference Processing 0.105ms
[2886.560s][debug][gc,phases      ] GC(156)   VM Weak                        Min:  0.0, Avg:  0.0, Max:  0.0, Diff:  0.0, Sum:  0.0, Workers: 4
[2886.560s][debug][gc,phases      ] GC(156)     Dead                           Min: 0, Avg:  0.0, Max: 0, Diff: 0, Sum: 0, Workers: 4
[2886.560s][debug][gc,phases      ] GC(156)     Total                          Min: 64, Avg: 235.5, Max: 622, Diff: 558, Sum: 942, Workers: 4
[2886.560s][debug][gc,phases      ] GC(156)   ObjectSynchronizer Weak        Min:  0.0, Avg:  0.0, Max:  0.0, Diff:  0.0, Sum:  0.0, Workers: 4
[2886.560s][debug][gc,phases      ] GC(156)     Dead                           Min: 0, Avg:  0.0, Max: 0, Diff: 0, Sum: 0, Workers: 4
[2886.560s][debug][gc,phases      ] GC(156)     Total                          Min: 0, Avg: 26.0, Max: 64, Diff: 64, Sum: 104, Workers: 4
[2886.560s][debug][gc,phases      ] GC(156)   JVMTI Tag Weak OopStorage      Min:  0.0, Avg:  0.0, Max:  0.0, Diff:  0.0, Sum:  0.0, Workers: 4
[2886.560s][debug][gc,phases      ] GC(156)     Dead                           Min: 0, Avg:  0.0, Max: 0, Diff: 0, Sum: 0, Workers: 4
[2886.560s][debug][gc,phases      ] GC(156)     Total                          Min: 0, Avg:  0.0, Max: 0, Diff: 0, Sum: 0, Workers: 4
[2886.560s][debug][gc,phases      ] GC(156)   StringTable Weak               Min:  0.1, Avg:  0.1, Max:  0.1, Diff:  0.0, Sum:  0.4, Workers: 4
[2886.560s][debug][gc,phases      ] GC(156)     Dead                           Min: 0, Avg:  0.0, Max: 0, Diff: 0, Sum: 0, Workers: 4
[2886.560s][debug][gc,phases      ] GC(156)     Total                          Min: 10368, Avg: 11070.0, Max: 11897, Diff: 1529, Sum: 44280, Workers: 4
[2886.560s][debug][gc,phases      ] GC(156)   ResolvedMethodTable Weak       Min:  0.0, Avg:  0.0, Max:  0.0, Diff:  0.0, Sum:  0.1, Workers: 4
[2886.560s][debug][gc,phases      ] GC(156)     Dead                           Min: 0, Avg:  0.0, Max: 0, Diff: 0, Sum: 0, Workers: 4
[2886.560s][debug][gc,phases      ] GC(156)     Total                          Min: 2304, Avg: 2554.2, Max: 2936, Diff: 632, Sum: 10217, Workers: 4
[2886.560s][debug][gc,phases      ] GC(156)   JNI Weak                       Min:  0.0, Avg:  0.0, Max:  0.0, Diff:  0.0, Sum:  0.0, Workers: 4
[2886.560s][debug][gc,phases      ] GC(156)     Dead                           Min: 0, Avg:  0.0, Max: 0, Diff: 0, Sum: 0, Workers: 4
[2886.560s][debug][gc,phases      ] GC(156)     Total                          Min: 0, Avg: 11.2, Max: 45, Diff: 45, Sum: 45, Workers: 4
[2886.560s][debug][gc,phases      ] GC(156)   StringDedup Table Weak         Min:  0.0, Avg:  0.0, Max:  0.0, Diff:  0.0, Sum:  0.0, Workers: 4
[2886.560s][debug][gc,phases      ] GC(156)     Dead                           Min: 0, Avg:  0.0, Max: 0, Diff: 0, Sum: 0, Workers: 4
[2886.560s][debug][gc,phases      ] GC(156)     Total                          Min: 0, Avg:  0.0, Max: 0, Diff: 0, Sum: 0, Workers: 4
[2886.560s][debug][gc,phases      ] GC(156)   StringDedup Requests0 Weak     Min:  0.0, Avg:  0.0, Max:  0.0, Diff:  0.0, Sum:  0.0, Workers: 4
[2886.560s][debug][gc,phases      ] GC(156)     Dead                           Min: 0, Avg:  0.0, Max: 0, Diff: 0, Sum: 0, Workers: 4
[2886.560s][debug][gc,phases      ] GC(156)     Total                          Min: 0, Avg:  0.0, Max: 0, Diff: 0, Sum: 0, Workers: 4
[2886.560s][debug][gc,phases      ] GC(156)   StringDedup Requests1 Weak     Min:  0.0, Avg:  0.0, Max:  0.0, Diff:  0.0, Sum:  0.0, Workers: 4
[2886.560s][debug][gc,phases      ] GC(156)     Dead                           Min: 0, Avg:  0.0, Max: 0, Diff: 0, Sum: 0, Workers: 4
[2886.560s][debug][gc,phases      ] GC(156)     Total                          Min: 0, Avg:  0.0, Max: 0, Diff: 0, Sum: 0, Workers: 4
[2886.560s][debug][gc,phases      ] GC(156)   Weak JFR Old Object Samples    Min:  0.0, Avg:  0.0, Max:  0.0, Diff:  0.0, Sum:  0.0, Workers: 4
[2886.560s][debug][gc,phases      ] GC(156)     Dead                           Min: 0, Avg:  0.0, Max: 0, Diff: 0, Sum: 0, Workers: 4
[2886.560s][debug][gc,phases      ] GC(156)     Total                          Min: 0, Avg:  0.0, Max: 0, Diff: 0, Sum: 0, Workers: 4
[2886.560s][debug][gc,phases      ] GC(156) Weak Processing 0.357ms
[2886.560s][debug][gc,age         ] GC(156) Desired survivor size 121110528 bytes, new threshold 15 (max threshold 15)
[2886.560s][info ][gc,heap        ] GC(156) PSYoungGen: 1890240K(1890304K)->27984K(1978880K) Eden: 1860608K(1860608K)->0K(1860096K) From: 29632K(29696K)->27984K(118784K)
[2886.560s][info ][gc,heap        ] GC(156) ParOldGen: 640996K(764416K)->641100K(764416K)
[2886.560s][info ][gc,metaspace   ] GC(156) Metaspace: 85041K(86144K)->85041K(86144K) NonClass: 73005K(73600K)->73005K(73600K) Class: 12035K(12544K)->12035K(12544K)
[2886.560s][info ][gc             ] GC(156) Pause Young (Allocation Failure) 2471M->653M(2679M) 10.208ms
[2886.560s][info ][gc,cpu         ] GC(156) User=0.03s Sys=0.00s Real=0.02s
[2886.560s][info ][safepoint      ] Safepoint "ParallelGCFailedAllocation", Time since last: 3734075266 ns, Reaching safepoint: 129809 ns, At safepoint: 10320033 ns, Total: 10449842 ns
[2899.561s][info ][safepoint      ] Safepoint "Cleanup", Time since last: 13000831335 ns, Reaching safepoint: 56904 ns, At safepoint: 3100 ns, Total: 60004 ns
[2917.209s][info ][gc,start       ] GC(157) Pause Young (Allocation Failure)
[2917.218s][debug][gc,phases      ] GC(157) Scavenge 9.164ms
[2917.218s][debug][gc,ref         ] GC(157) Skipped phase 1 of Reference Processing: no references
[2917.218s][debug][gc,ref         ] GC(157) ReferenceProcessor::execute queues: 1, RefProcThreadModel::Single, marks_oops_alive: false
[2917.218s][debug][gc,ref         ] GC(157) Skipped phase 3 of Reference Processing: no references
[2917.218s][debug][gc,ref         ] GC(157) ReferenceProcessor::execute queues: 1, RefProcThreadModel::Single, marks_oops_alive: false
[2917.218s][debug][gc,phases      ] GC(157) Reference Processing 0.100ms
[2917.218s][debug][gc,phases      ] GC(157)   VM Weak                        Min:  0.0, Avg:  0.0, Max:  0.0, Diff:  0.0, Sum:  0.0, Workers: 4
[2917.218s][debug][gc,phases      ] GC(157)     Dead                           Min: 0, Avg:  0.0, Max: 0, Diff: 0, Sum: 0, Workers: 4
[2917.218s][debug][gc,phases      ] GC(157)     Total                          Min: 46, Avg: 235.5, Max: 768, Diff: 722, Sum: 942, Workers: 4
[2917.218s][debug][gc,phases      ] GC(157)   ObjectSynchronizer Weak        Min:  0.0, Avg:  0.0, Max:  0.0, Diff:  0.0, Sum:  0.0, Workers: 4
[2917.218s][debug][gc,phases      ] GC(157)     Dead                           Min: 0, Avg:  0.0, Max: 0, Diff: 0, Sum: 0, Workers: 4
[2917.218s][debug][gc,phases      ] GC(157)     Total                          Min: 0, Avg: 26.0, Max: 64, Diff: 64, Sum: 104, Workers: 4
[2917.218s][debug][gc,phases      ] GC(157)   JVMTI Tag Weak OopStorage      Min:  0.0, Avg:  0.0, Max:  0.0, Diff:  0.0, Sum:  0.0, Workers: 4
[2917.218s][debug][gc,phases      ] GC(157)     Dead                           Min: 0, Avg:  0.0, Max: 0, Diff: 0, Sum: 0, Workers: 4
[2917.218s][debug][gc,phases      ] GC(157)     Total                          Min: 0, Avg:  0.0, Max: 0, Diff: 0, Sum: 0, Workers: 4
[2917.218s][debug][gc,phases      ] GC(157)   StringTable Weak               Min:  0.1, Avg:  0.1, Max:  0.1, Diff:  0.0, Sum:  0.5, Workers: 4
[2917.218s][debug][gc,phases      ] GC(157)     Dead                           Min: 0, Avg:  0.0, Max: 0, Diff: 0, Sum: 0, Workers: 4
[2917.218s][debug][gc,phases      ] GC(157)     Total                          Min: 9983, Avg: 11070.0, Max: 11897, Diff: 1914, Sum: 44280, Workers: 4
[2917.218s][debug][gc,phases      ] GC(157)   ResolvedMethodTable Weak       Min:  0.0, Avg:  0.0, Max:  0.0, Diff:  0.0, Sum:  0.1, Workers: 4
[2917.218s][debug][gc,phases      ] GC(157)     Dead                           Min: 0, Avg:  0.0, Max: 0, Diff: 0, Sum: 0, Workers: 4
[2917.218s][debug][gc,phases      ] GC(157)     Total                          Min: 2496, Avg: 2554.2, Max: 2680, Diff: 184, Sum: 10217, Workers: 4
[2917.218s][debug][gc,phases      ] GC(157)   JNI Weak                       Min:  0.0, Avg:  0.0, Max:  0.0, Diff:  0.0, Sum:  0.0, Workers: 4
[2917.218s][debug][gc,phases      ] GC(157)     Dead                           Min: 0, Avg:  0.0, Max: 0, Diff: 0, Sum: 0, Workers: 4
[2917.218s][debug][gc,phases      ] GC(157)     Total                          Min: 0, Avg: 11.2, Max: 45, Diff: 45, Sum: 45, Workers: 4
[2917.218s][debug][gc,phases      ] GC(157)   StringDedup Table Weak         Min:  0.0, Avg:  0.0, Max:  0.0, Diff:  0.0, Sum:  0.0, Workers: 4
[2917.218s][debug][gc,phases      ] GC(157)     Dead                           Min: 0, Avg:  0.0, Max: 0, Diff: 0, Sum: 0, Workers: 4
[2917.218s][debug][gc,phases      ] GC(157)     Total                          Min: 0, Avg:  0.0, Max: 0, Diff: 0, Sum: 0, Workers: 4
[2917.218s][debug][gc,phases      ] GC(157)   StringDedup Requests0 Weak     Min:  0.0, Avg:  0.0, Max:  0.0, Diff:  0.0, Sum:  0.0, Workers: 4
[2917.218s][debug][gc,phases      ] GC(157)     Dead                           Min: 0, Avg:  0.0, Max: 0, Diff: 0, Sum: 0, Workers: 4
[2917.218s][debug][gc,phases      ] GC(157)     Total                          Min: 0, Avg:  0.0, Max: 0, Diff: 0, Sum: 0, Workers: 4
[2917.218s][debug][gc,phases      ] GC(157)   StringDedup Requests1 Weak     Min:  0.0, Avg:  0.0, Max:  0.0, Diff:  0.0, Sum:  0.0, Workers: 4
[2917.218s][debug][gc,phases      ] GC(157)     Dead                           Min: 0, Avg:  0.0, Max: 0, Diff: 0, Sum: 0, Workers: 4
[2917.218s][debug][gc,phases      ] GC(157)     Total                          Min: 0, Avg:  0.0, Max: 0, Diff: 0, Sum: 0, Workers: 4
[2917.218s][debug][gc,phases      ] GC(157)   Weak JFR Old Object Samples    Min:  0.0, Avg:  0.0, Max:  0.0, Diff:  0.0, Sum:  0.0, Workers: 4
[2917.218s][debug][gc,phases      ] GC(157)     Dead                           Min: 0, Avg:  0.0, Max: 0, Diff: 0, Sum: 0, Workers: 4
[2917.218s][debug][gc,phases      ] GC(157)     Total                          Min: 0, Avg:  0.0, Max: 0, Diff: 0, Sum: 0, Workers: 4
[2917.218s][debug][gc,phases      ] GC(157) Weak Processing 0.354ms
[2917.218s][debug][gc,age         ] GC(157) Desired survivor size 120061952 bytes, new threshold 15 (max threshold 15)
[2917.219s][info ][gc,heap        ] GC(157) PSYoungGen: 1888080K(1978880K)->28272K(1978368K) Eden: 1860096K(1860096K)->0K(1860096K) From: 27984K(118784K)->28272K(118272K)
[2917.219s][info ][gc,heap        ] GC(157) ParOldGen: 641100K(764416K)->641172K(764416K)
[2917.219s][info ][gc,metaspace   ] GC(157) Metaspace: 85052K(86144K)->85052K(86144K) NonClass: 73017K(73600K)->73017K(73600K) Class: 12035K(12544K)->12035K(12544K)
[2917.219s][info ][gc             ] GC(157) Pause Young (Allocation Failure) 2469M->653M(2678M) 9.746ms
[2917.219s][info ][gc,cpu         ] GC(157) User=0.03s Sys=0.00s Real=0.02s
[2917.219s][info ][safepoint      ] Safepoint "ParallelGCFailedAllocation", Time since last: 17647611112 ns, Reaching safepoint: 40902 ns, At safepoint: 9854201 ns, Total: 9895103 ns
[2929.219s][info ][safepoint      ] Safepoint "Cleanup", Time since last: 12000738217 ns, Reaching safepoint: 38103 ns, At safepoint: 2900 ns, Total: 41003 ns
[2940.220s][info ][safepoint      ] Safepoint "Cleanup", Time since last: 11000645358 ns, Reaching safepoint: 55304 ns, At safepoint: 4601 ns, Total: 59905 ns
[2945.220s][info ][safepoint      ] Safepoint "Cleanup", Time since last: 5000333598 ns, Reaching safepoint: 55304 ns, At safepoint: 4001 ns, Total: 59305 ns
[2946.701s][info ][gc,start       ] GC(158) Pause Young (Allocation Failure)
[2946.710s][debug][gc,phases      ] GC(158) Scavenge 8.197ms
[2946.710s][debug][gc,ref         ] GC(158) Skipped phase 1 of Reference Processing: no references
[2946.710s][debug][gc,ref         ] GC(158) ReferenceProcessor::execute queues: 1, RefProcThreadModel::Single, marks_oops_alive: false
[2946.710s][debug][gc,ref         ] GC(158) Skipped phase 3 of Reference Processing: no references
[2946.710s][debug][gc,ref         ] GC(158) ReferenceProcessor::execute queues: 1, RefProcThreadModel::Single, marks_oops_alive: false
[2946.710s][debug][gc,phases      ] GC(158) Reference Processing 0.114ms
[2946.710s][debug][gc,phases      ] GC(158)   VM Weak                        Min:  0.0, Avg:  0.0, Max:  0.0, Diff:  0.0, Sum:  0.0, Workers: 4
[2946.710s][debug][gc,phases      ] GC(158)     Dead                           Min: 0, Avg:  0.0, Max: 0, Diff: 0, Sum: 0, Workers: 4
[2946.710s][debug][gc,phases      ] GC(158)     Total                          Min: 0, Avg: 235.5, Max: 576, Diff: 576, Sum: 942, Workers: 4
[2946.710s][debug][gc,phases      ] GC(158)   ObjectSynchronizer Weak        Min:  0.0, Avg:  0.0, Max:  0.0, Diff:  0.0, Sum:  0.0, Workers: 4
[2946.710s][debug][gc,phases      ] GC(158)     Dead                           Min: 0, Avg:  0.0, Max: 0, Diff: 0, Sum: 0, Workers: 4
[2946.710s][debug][gc,phases      ] GC(158)     Total                          Min: 0, Avg: 26.0, Max: 64, Diff: 64, Sum: 104, Workers: 4
[2946.710s][debug][gc,phases      ] GC(158)   JVMTI Tag Weak OopStorage      Min:  0.0, Avg:  0.0, Max:  0.0, Diff:  0.0, Sum:  0.0, Workers: 4
[2946.710s][debug][gc,phases      ] GC(158)     Dead                           Min: 0, Avg:  0.0, Max: 0, Diff: 0, Sum: 0, Workers: 4
[2946.710s][debug][gc,phases      ] GC(158)     Total                          Min: 0, Avg:  0.0, Max: 0, Diff: 0, Sum: 0, Workers: 4
[2946.710s][debug][gc,phases      ] GC(158)   StringTable Weak               Min:  0.1, Avg:  0.1, Max:  0.1, Diff:  0.0, Sum:  0.4, Workers: 4
[2946.710s][debug][gc,phases      ] GC(158)     Dead                           Min: 0, Avg:  0.0, Max: 0, Diff: 0, Sum: 0, Workers: 4
[2946.710s][debug][gc,phases      ] GC(158)     Total                          Min: 10176, Avg: 11070.0, Max: 11968, Diff: 1792, Sum: 44280, Workers: 4
[2946.710s][debug][gc,phases      ] GC(158)   ResolvedMethodTable Weak       Min:  0.0, Avg:  0.0, Max:  0.0, Diff:  0.0, Sum:  0.1, Workers: 4
[2946.710s][debug][gc,phases      ] GC(158)     Dead                           Min: 0, Avg:  0.0, Max: 0, Diff: 0, Sum: 0, Workers: 4
[2946.710s][debug][gc,phases      ] GC(158)     Total                          Min: 2368, Avg: 2554.2, Max: 2752, Diff: 384, Sum: 10217, Workers: 4
[2946.710s][debug][gc,phases      ] GC(158)   JNI Weak                       Min:  0.0, Avg:  0.0, Max:  0.0, Diff:  0.0, Sum:  0.0, Workers: 4
[2946.710s][debug][gc,phases      ] GC(158)     Dead                           Min: 0, Avg:  0.0, Max: 0, Diff: 0, Sum: 0, Workers: 4
[2946.710s][debug][gc,phases      ] GC(158)     Total                          Min: 0, Avg: 11.2, Max: 45, Diff: 45, Sum: 45, Workers: 4
[2946.710s][debug][gc,phases      ] GC(158)   StringDedup Table Weak         Min:  0.0, Avg:  0.0, Max:  0.0, Diff:  0.0, Sum:  0.0, Workers: 4
[2946.710s][debug][gc,phases      ] GC(158)     Dead                           Min: 0, Avg:  0.0, Max: 0, Diff: 0, Sum: 0, Workers: 4
[2946.710s][debug][gc,phases      ] GC(158)     Total                          Min: 0, Avg:  0.0, Max: 0, Diff: 0, Sum: 0, Workers: 4
[2946.710s][debug][gc,phases      ] GC(158)   StringDedup Requests0 Weak     Min:  0.0, Avg:  0.0, Max:  0.0, Diff:  0.0, Sum:  0.0, Workers: 4
[2946.710s][debug][gc,phases      ] GC(158)     Dead                           Min: 0, Avg:  0.0, Max: 0, Diff: 0, Sum: 0, Workers: 4
[2946.710s][debug][gc,phases      ] GC(158)     Total                          Min: 0, Avg:  0.0, Max: 0, Diff: 0, Sum: 0, Workers: 4
[2946.710s][debug][gc,phases      ] GC(158)   StringDedup Requests1 Weak     Min:  0.0, Avg:  0.0, Max:  0.0, Diff:  0.0, Sum:  0.0, Workers: 4
[2946.710s][debug][gc,phases      ] GC(158)     Dead                           Min: 0, Avg:  0.0, Max: 0, Diff: 0, Sum: 0, Workers: 4
[2946.710s][debug][gc,phases      ] GC(158)     Total                          Min: 0, Avg:  0.0, Max: 0, Diff: 0, Sum: 0, Workers: 4
[2946.710s][debug][gc,phases      ] GC(158)   Weak JFR Old Object Samples    Min:  0.0, Avg:  0.0, Max:  0.0, Diff:  0.0, Sum:  0.0, Workers: 4
[2946.710s][debug][gc,phases      ] GC(158)     Dead                           Min: 0, Avg:  0.0, Max: 0, Diff: 0, Sum: 0, Workers: 4
[2946.710s][debug][gc,phases      ] GC(158)     Total                          Min: 0, Avg:  0.0, Max: 0, Diff: 0, Sum: 0, Workers: 4
[2946.710s][debug][gc,phases      ] GC(158) Weak Processing 0.331ms
[2946.710s][debug][gc,age         ] GC(158) Desired survivor size 117964800 bytes, new threshold 15 (max threshold 15)
[2946.710s][info ][gc,heap        ] GC(158) PSYoungGen: 1888368K(1978368K)->29040K(1981952K) Eden: 1860096K(1860096K)->0K(1864704K) From: 28272K(118272K)->29040K(117248K)
[2946.710s][info ][gc,heap        ] GC(158) ParOldGen: 641172K(764416K)->641288K(764416K)
[2946.710s][info ][gc,metaspace   ] GC(158) Metaspace: 85074K(86144K)->85074K(86144K) NonClass: 73038K(73600K)->73038K(73600K) Class: 12035K(12544K)->12035K(12544K)
[2946.710s][info ][gc             ] GC(158) Pause Young (Allocation Failure) 2470M->654M(2682M) 8.802ms
[2946.710s][info ][gc,cpu         ] GC(158) User=0.03s Sys=0.00s Real=0.01s
[2946.710s][info ][safepoint      ] Safepoint "ParallelGCFailedAllocation", Time since last: 1480849152 ns, Reaching safepoint: 107307 ns, At safepoint: 8885932 ns, Total: 8993239 ns
[2947.710s][info ][safepoint      ] Safepoint "Cleanup", Time since last: 1000093182 ns, Reaching safepoint: 39803 ns, At safepoint: 25602 ns, Total: 65405 ns
[2948.711s][info ][safepoint      ] Safepoint "Cleanup", Time since last: 1000110284 ns, Reaching safepoint: 31802 ns, At safepoint: 3500 ns, Total: 35302 ns
[2957.711s][info ][safepoint      ] Safepoint "Cleanup", Time since last: 9000648535 ns, Reaching safepoint: 56604 ns, At safepoint: 4001 ns, Total: 60605 ns
[2961.712s][info ][safepoint      ] Safepoint "Cleanup", Time since last: 4000290030 ns, Reaching safepoint: 53304 ns, At safepoint: 7100 ns, Total: 60404 ns
[2972.712s][info ][safepoint      ] Safepoint "Cleanup", Time since last: 11000734417 ns, Reaching safepoint: 53404 ns, At safepoint: 3200 ns, Total: 56604 ns
[2977.148s][info ][gc,start       ] GC(159) Pause Young (Allocation Failure)
[2977.156s][debug][gc,phases      ] GC(159) Scavenge 8.370ms
[2977.156s][debug][gc,ref         ] GC(159) Skipped phase 1 of Reference Processing: no references
[2977.156s][debug][gc,ref         ] GC(159) ReferenceProcessor::execute queues: 1, RefProcThreadModel::Single, marks_oops_alive: false
[2977.156s][debug][gc,ref         ] GC(159) Skipped phase 3 of Reference Processing: no references
[2977.156s][debug][gc,ref         ] GC(159) ReferenceProcessor::execute queues: 1, RefProcThreadModel::Single, marks_oops_alive: false
[2977.156s][debug][gc,phases      ] GC(159) Reference Processing 0.114ms
[2977.156s][debug][gc,phases      ] GC(159)   VM Weak                        Min:  0.0, Avg:  0.0, Max:  0.0, Diff:  0.0, Sum:  0.0, Workers: 4
[2977.156s][debug][gc,phases      ] GC(159)     Dead                           Min: 0, Avg:  0.0, Max: 0, Diff: 0, Sum: 0, Workers: 4
[2977.156s][debug][gc,phases      ] GC(159)     Total                          Min: 0, Avg: 235.5, Max: 878, Diff: 878, Sum: 942, Workers: 4
[2977.156s][debug][gc,phases      ] GC(159)   ObjectSynchronizer Weak        Min:  0.0, Avg:  0.0, Max:  0.0, Diff:  0.0, Sum:  0.0, Workers: 4
[2977.156s][debug][gc,phases      ] GC(159)     Dead                           Min: 0, Avg:  0.0, Max: 0, Diff: 0, Sum: 0, Workers: 4
[2977.156s][debug][gc,phases      ] GC(159)     Total                          Min: 0, Avg: 26.0, Max: 64, Diff: 64, Sum: 104, Workers: 4
[2977.156s][debug][gc,phases      ] GC(159)   JVMTI Tag Weak OopStorage      Min:  0.0, Avg:  0.0, Max:  0.0, Diff:  0.0, Sum:  0.0, Workers: 4
[2977.156s][debug][gc,phases      ] GC(159)     Dead                           Min: 0, Avg:  0.0, Max: 0, Diff: 0, Sum: 0, Workers: 4
[2977.156s][debug][gc,phases      ] GC(159)     Total                          Min: 0, Avg:  0.0, Max: 0, Diff: 0, Sum: 0, Workers: 4
[2977.156s][debug][gc,phases      ] GC(159)   StringTable Weak               Min:  0.1, Avg:  0.1, Max:  0.1, Diff:  0.0, Sum:  0.4, Workers: 4
[2977.156s][debug][gc,phases      ] GC(159)     Dead                           Min: 0, Avg:  0.0, Max: 0, Diff: 0, Sum: 0, Workers: 4
[2977.156s][debug][gc,phases      ] GC(159)     Total                          Min: 10367, Avg: 11070.8, Max: 11901, Diff: 1534, Sum: 44283, Workers: 4
[2977.156s][debug][gc,phases      ] GC(159)   ResolvedMethodTable Weak       Min:  0.0, Avg:  0.0, Max:  0.0, Diff:  0.0, Sum:  0.1, Workers: 4
[2977.156s][debug][gc,phases      ] GC(159)     Dead                           Min: 0, Avg:  0.0, Max: 0, Diff: 0, Sum: 0, Workers: 4
[2977.156s][debug][gc,phases      ] GC(159)     Total                          Min: 1211, Avg: 2554.2, Max: 3192, Diff: 1981, Sum: 10217, Workers: 4
[2977.156s][debug][gc,phases      ] GC(159)   JNI Weak                       Min:  0.0, Avg:  0.0, Max:  0.0, Diff:  0.0, Sum:  0.0, Workers: 4
[2977.156s][debug][gc,phases      ] GC(159)     Dead                           Min: 0, Avg:  0.0, Max: 0, Diff: 0, Sum: 0, Workers: 4
[2977.156s][debug][gc,phases      ] GC(159)     Total                          Min: 0, Avg: 11.2, Max: 45, Diff: 45, Sum: 45, Workers: 4
[2977.156s][debug][gc,phases      ] GC(159)   StringDedup Table Weak         Min:  0.0, Avg:  0.0, Max:  0.0, Diff:  0.0, Sum:  0.0, Workers: 4
[2977.156s][debug][gc,phases      ] GC(159)     Dead                           Min: 0, Avg:  0.0, Max: 0, Diff: 0, Sum: 0, Workers: 4
[2977.156s][debug][gc,phases      ] GC(159)     Total                          Min: 0, Avg:  0.0, Max: 0, Diff: 0, Sum: 0, Workers: 4
[2977.156s][debug][gc,phases      ] GC(159)   StringDedup Requests0 Weak     Min:  0.0, Avg:  0.0, Max:  0.0, Diff:  0.0, Sum:  0.0, Workers: 4
[2977.156s][debug][gc,phases      ] GC(159)     Dead                           Min: 0, Avg:  0.0, Max: 0, Diff: 0, Sum: 0, Workers: 4
[2977.156s][debug][gc,phases      ] GC(159)     Total                          Min: 0, Avg:  0.0, Max: 0, Diff: 0, Sum: 0, Workers: 4
[2977.156s][debug][gc,phases      ] GC(159)   StringDedup Requests1 Weak     Min:  0.0, Avg:  0.0, Max:  0.0, Diff:  0.0, Sum:  0.0, Workers: 4
[2977.156s][debug][gc,phases      ] GC(159)     Dead                           Min: 0, Avg:  0.0, Max: 0, Diff: 0, Sum: 0, Workers: 4
[2977.156s][debug][gc,phases      ] GC(159)     Total                          Min: 0, Avg:  0.0, Max: 0, Diff: 0, Sum: 0, Workers: 4
[2977.156s][debug][gc,phases      ] GC(159)   Weak JFR Old Object Samples    Min:  0.0, Avg:  0.0, Max:  0.0, Diff:  0.0, Sum:  0.0, Workers: 4
[2977.156s][debug][gc,phases      ] GC(159)     Dead                           Min: 0, Avg:  0.0, Max: 0, Diff: 0, Sum: 0, Workers: 4
[2977.156s][debug][gc,phases      ] GC(159)     Total                          Min: 0, Avg:  0.0, Max: 0, Diff: 0, Sum: 0, Workers: 4
[2977.156s][debug][gc,phases      ] GC(159) Weak Processing 0.321ms
[2977.156s][debug][gc,age         ] GC(159) Desired survivor size 116391936 bytes, new threshold 15 (max threshold 15)
[2977.156s][info ][gc,heap        ] GC(159) PSYoungGen: 1893744K(1981952K)->23168K(1979904K) Eden: 1864704K(1864704K)->0K(1864704K) From: 29040K(117248K)->23168K(115200K)
[2977.156s][info ][gc,heap        ] GC(159) ParOldGen: 641288K(764416K)->646473K(764416K)
[2977.156s][info ][gc,metaspace   ] GC(159) Metaspace: 85083K(86208K)->85083K(86208K) NonClass: 73048K(73664K)->73048K(73664K) Class: 12035K(12544K)->12035K(12544K)
[2977.156s][info ][gc             ] GC(159) Pause Young (Allocation Failure) 2475M->653M(2680M) 8.948ms
[2977.156s][info ][gc,cpu         ] GC(159) User=0.03s Sys=0.00s Real=0.01s
[2977.157s][info ][safepoint      ] Safepoint "ParallelGCFailedAllocation", Time since last: 4435002938 ns, Reaching safepoint: 41603 ns, At safepoint: 9030342 ns, Total: 9071945 ns
[2980.157s][info ][safepoint      ] Safepoint "Cleanup", Time since last: 3000225057 ns, Reaching safepoint: 131209 ns, At safepoint: 5700 ns, Total: 136909 ns
[2986.157s][info ][safepoint      ] Safepoint "Cleanup", Time since last: 6000449617 ns, Reaching safepoint: 121709 ns, At safepoint: 5900 ns, Total: 127609 ns
[2988.158s][info ][safepoint      ] Safepoint "Cleanup", Time since last: 2000186376 ns, Reaching safepoint: 131209 ns, At safepoint: 5501 ns, Total: 136710 ns
[3001.159s][info ][safepoint      ] Safepoint "Cleanup", Time since last: 13000885633 ns, Reaching safepoint: 110408 ns, At safepoint: 7800 ns, Total: 118208 ns
[3002.159s][info ][safepoint      ] Safepoint "Cleanup", Time since last: 1000113492 ns, Reaching safepoint: 50403 ns, At safepoint: 5201 ns, Total: 55604 ns
[3003.159s][info ][safepoint      ] Safepoint "Cleanup", Time since last: 1000115091 ns, Reaching safepoint: 30803 ns, At safepoint: 3000 ns, Total: 33803 ns
[3006.159s][info ][safepoint      ] Safepoint "Cleanup", Time since last: 3000238368 ns, Reaching safepoint: 43303 ns, At safepoint: 9100 ns, Total: 52403 ns
[3007.147s][info ][gc,start       ] GC(160) Pause Young (Allocation Failure)
[3007.156s][debug][gc,phases      ] GC(160) Scavenge 8.994ms
[3007.156s][debug][gc,ref         ] GC(160) Skipped phase 1 of Reference Processing: no references
[3007.156s][debug][gc,ref         ] GC(160) ReferenceProcessor::execute queues: 1, RefProcThreadModel::Single, marks_oops_alive: false
[3007.156s][debug][gc,ref         ] GC(160) Skipped phase 3 of Reference Processing: no references
[3007.156s][debug][gc,ref         ] GC(160) ReferenceProcessor::execute queues: 1, RefProcThreadModel::Single, marks_oops_alive: false
[3007.156s][debug][gc,phases      ] GC(160) Reference Processing 0.098ms
[3007.156s][debug][gc,phases      ] GC(160)   VM Weak                        Min:  0.0, Avg:  0.0, Max:  0.0, Diff:  0.0, Sum:  0.0, Workers: 4
[3007.156s][debug][gc,phases      ] GC(160)     Dead                           Min: 0, Avg:  0.0, Max: 0, Diff: 0, Sum: 0, Workers: 4
[3007.156s][debug][gc,phases      ] GC(160)     Total                          Min: 0, Avg: 235.5, Max: 558, Diff: 558, Sum: 942, Workers: 4
[3007.156s][debug][gc,phases      ] GC(160)   ObjectSynchronizer Weak        Min:  0.0, Avg:  0.0, Max:  0.0, Diff:  0.0, Sum:  0.0, Workers: 4
[3007.156s][debug][gc,phases      ] GC(160)     Dead                           Min: 0, Avg:  0.0, Max: 0, Diff: 0, Sum: 0, Workers: 4
[3007.156s][debug][gc,phases      ] GC(160)     Total                          Min: 0, Avg: 26.0, Max: 64, Diff: 64, Sum: 104, Workers: 4
[3007.156s][debug][gc,phases      ] GC(160)   JVMTI Tag Weak OopStorage      Min:  0.0, Avg:  0.0, Max:  0.0, Diff:  0.0, Sum:  0.0, Workers: 4
[3007.156s][debug][gc,phases      ] GC(160)     Dead                           Min: 0, Avg:  0.0, Max: 0, Diff: 0, Sum: 0, Workers: 4
[3007.156s][debug][gc,phases      ] GC(160)     Total                          Min: 0, Avg:  0.0, Max: 0, Diff: 0, Sum: 0, Workers: 4
[3007.156s][debug][gc,phases      ] GC(160)   StringTable Weak               Min:  0.0, Avg:  0.1, Max:  0.1, Diff:  0.1, Sum:  0.4, Workers: 4
[3007.156s][debug][gc,phases      ] GC(160)     Dead                           Min: 0, Avg:  0.0, Max: 0, Diff: 0, Sum: 0, Workers: 4
[3007.156s][debug][gc,phases      ] GC(160)     Total                          Min: 0, Avg: 11070.8, Max: 15743, Diff: 15743, Sum: 44283, Workers: 4
[3007.156s][debug][gc,phases      ] GC(160)   ResolvedMethodTable Weak       Min:  0.0, Avg:  0.0, Max:  0.0, Diff:  0.0, Sum:  0.1, Workers: 4
[3007.156s][debug][gc,phases      ] GC(160)     Dead                           Min: 0, Avg:  0.0, Max: 0, Diff: 0, Sum: 0, Workers: 4
[3007.156s][debug][gc,phases      ] GC(160)     Total                          Min: 0, Avg: 2554.2, Max: 3766, Diff: 3766, Sum: 10217, Workers: 4
[3007.156s][debug][gc,phases      ] GC(160)   JNI Weak                       Min:  0.0, Avg:  0.0, Max:  0.0, Diff:  0.0, Sum:  0.0, Workers: 4
[3007.156s][debug][gc,phases      ] GC(160)     Dead                           Min: 0, Avg:  0.0, Max: 0, Diff: 0, Sum: 0, Workers: 4
[3007.156s][debug][gc,phases      ] GC(160)     Total                          Min: 0, Avg: 11.2, Max: 45, Diff: 45, Sum: 45, Workers: 4
[3007.156s][debug][gc,phases      ] GC(160)   StringDedup Table Weak         Min:  0.0, Avg:  0.0, Max:  0.0, Diff:  0.0, Sum:  0.0, Workers: 4
[3007.156s][debug][gc,phases      ] GC(160)     Dead                           Min: 0, Avg:  0.0, Max: 0, Diff: 0, Sum: 0, Workers: 4
[3007.156s][debug][gc,phases      ] GC(160)     Total                          Min: 0, Avg:  0.0, Max: 0, Diff: 0, Sum: 0, Workers: 4
[3007.156s][debug][gc,phases      ] GC(160)   StringDedup Requests0 Weak     Min:  0.0, Avg:  0.0, Max:  0.0, Diff:  0.0, Sum:  0.0, Workers: 4
[3007.156s][debug][gc,phases      ] GC(160)     Dead                           Min: 0, Avg:  0.0, Max: 0, Diff: 0, Sum: 0, Workers: 4
[3007.156s][debug][gc,phases      ] GC(160)     Total                          Min: 0, Avg:  0.0, Max: 0, Diff: 0, Sum: 0, Workers: 4
[3007.156s][debug][gc,phases      ] GC(160)   StringDedup Requests1 Weak     Min:  0.0, Avg:  0.0, Max:  0.0, Diff:  0.0, Sum:  0.0, Workers: 4
[3007.156s][debug][gc,phases      ] GC(160)     Dead                           Min: 0, Avg:  0.0, Max: 0, Diff: 0, Sum: 0, Workers: 4
[3007.156s][debug][gc,phases      ] GC(160)     Total                          Min: 0, Avg:  0.0, Max: 0, Diff: 0, Sum: 0, Workers: 4
[3007.156s][debug][gc,phases      ] GC(160)   Weak JFR Old Object Samples    Min:  0.0, Avg:  0.0, Max:  0.0, Diff:  0.0, Sum:  0.0, Workers: 4
[3007.156s][debug][gc,phases      ] GC(160)     Dead                           Min: 0, Avg:  0.0, Max: 0, Diff: 0, Sum: 0, Workers: 4
[3007.156s][debug][gc,phases      ] GC(160)     Total                          Min: 0, Avg:  0.0, Max: 0, Diff: 0, Sum: 0, Workers: 4
[3007.156s][debug][gc,phases      ] GC(160) Weak Processing 0.409ms
[3007.156s][debug][gc,age         ] GC(160) Desired survivor size 114294784 bytes, new threshold 15 (max threshold 15)
[3007.156s][info ][gc,heap        ] GC(160) PSYoungGen: 1887872K(1979904K)->23088K(1985536K) Eden: 1864704K(1864704K)->0K(1871872K) From: 23168K(115200K)->23088K(113664K)
[3007.157s][info ][gc,heap        ] GC(160) ParOldGen: 646473K(764416K)->646625K(764416K)
[3007.157s][info ][gc,metaspace   ] GC(160) Metaspace: 85085K(86208K)->85085K(86208K) NonClass: 73050K(73664K)->73050K(73664K) Class: 12035K(12544K)->12035K(12544K)
[3007.157s][info ][gc             ] GC(160) Pause Young (Allocation Failure) 2474M->654M(2685M) 9.692ms
[3007.157s][info ][gc,cpu         ] GC(160) User=0.03s Sys=0.00s Real=0.01s
[3007.157s][info ][safepoint      ] Safepoint "ParallelGCFailedAllocation", Time since last: 987366186 ns, Reaching safepoint: 34103 ns, At safepoint: 9769494 ns, Total: 9803597 ns
[3013.157s][info ][safepoint      ] Safepoint "Cleanup", Time since last: 6000434437 ns, Reaching safepoint: 120609 ns, At safepoint: 9400 ns, Total: 130009 ns
[3021.158s][info ][safepoint      ] Safepoint "Cleanup", Time since last: 8000566923 ns, Reaching safepoint: 116008 ns, At safepoint: 7301 ns, Total: 123309 ns
[3022.158s][info ][safepoint      ] Safepoint "Cleanup", Time since last: 1000134195 ns, Reaching safepoint: 117308 ns, At safepoint: 7401 ns, Total: 124709 ns
[3023.158s][info ][safepoint      ] Safepoint "Cleanup", Time since last: 1000126295 ns, Reaching safepoint: 138610 ns, At safepoint: 6800 ns, Total: 145410 ns
[3025.159s][info ][safepoint      ] Safepoint "Cleanup", Time since last: 2000194986 ns, Reaching safepoint: 141811 ns, At safepoint: 5900 ns, Total: 147711 ns
[3030.159s][info ][safepoint      ] Safepoint "Cleanup", Time since last: 5000381860 ns, Reaching safepoint: 48604 ns, At safepoint: 4100 ns, Total: 52704 ns
[3031.159s][info ][safepoint      ] Safepoint "Cleanup", Time since last: 1000111195 ns, Reaching safepoint: 41003 ns, At safepoint: 3500 ns, Total: 44503 ns
[3034.460s][info ][gc,start       ] GC(161) Pause Young (Allocation Failure)
[3034.472s][debug][gc,phases      ] GC(161) Scavenge 11.802ms
[3034.472s][debug][gc,ref         ] GC(161) Skipped phase 1 of Reference Processing: no references
[3034.472s][debug][gc,ref         ] GC(161) ReferenceProcessor::execute queues: 1, RefProcThreadModel::Single, marks_oops_alive: false
[3034.472s][debug][gc,ref         ] GC(161) Skipped phase 3 of Reference Processing: no references
[3034.472s][debug][gc,ref         ] GC(161) ReferenceProcessor::execute queues: 1, RefProcThreadModel::Single, marks_oops_alive: false
[3034.472s][debug][gc,phases      ] GC(161) Reference Processing 0.101ms
[3034.472s][debug][gc,phases      ] GC(161)   VM Weak                        Min:  0.0, Avg:  0.0, Max:  0.0, Diff:  0.0, Sum:  0.0, Workers: 4
[3034.472s][debug][gc,phases      ] GC(161)     Dead                           Min: 0, Avg:  0.0, Max: 0, Diff: 0, Sum: 0, Workers: 4
[3034.472s][debug][gc,phases      ] GC(161)     Total                          Min: 0, Avg: 235.8, Max: 768, Diff: 768, Sum: 943, Workers: 4
[3034.472s][debug][gc,phases      ] GC(161)   ObjectSynchronizer Weak        Min:  0.0, Avg:  0.0, Max:  0.0, Diff:  0.0, Sum:  0.0, Workers: 4
[3034.472s][debug][gc,phases      ] GC(161)     Dead                           Min: 0, Avg:  0.2, Max: 1, Diff: 1, Sum: 1, Workers: 4
[3034.472s][debug][gc,phases      ] GC(161)     Total                          Min: 0, Avg: 26.2, Max: 64, Diff: 64, Sum: 105, Workers: 4
[3034.472s][debug][gc,phases      ] GC(161)   JVMTI Tag Weak OopStorage      Min:  0.0, Avg:  0.0, Max:  0.0, Diff:  0.0, Sum:  0.0, Workers: 4
[3034.472s][debug][gc,phases      ] GC(161)     Dead                           Min: 0, Avg:  0.0, Max: 0, Diff: 0, Sum: 0, Workers: 4
[3034.472s][debug][gc,phases      ] GC(161)     Total                          Min: 0, Avg:  0.0, Max: 0, Diff: 0, Sum: 0, Workers: 4
[3034.472s][debug][gc,phases      ] GC(161)   StringTable Weak               Min:  0.1, Avg:  0.1, Max:  0.1, Diff:  0.0, Sum:  0.4, Workers: 4
[3034.472s][debug][gc,phases      ] GC(161)     Dead                           Min: 0, Avg:  0.0, Max: 0, Diff: 0, Sum: 0, Workers: 4
[3034.472s][debug][gc,phases      ] GC(161)     Total                          Min: 9600, Avg: 11079.0, Max: 12480, Diff: 2880, Sum: 44316, Workers: 4
[3034.472s][debug][gc,phases      ] GC(161)   ResolvedMethodTable Weak       Min:  0.0, Avg:  0.0, Max:  0.0, Diff:  0.0, Sum:  0.1, Workers: 4
[3034.472s][debug][gc,phases      ] GC(161)     Dead                           Min: 0, Avg:  0.0, Max: 0, Diff: 0, Sum: 0, Workers: 4
[3034.472s][debug][gc,phases      ] GC(161)     Total                          Min: 2424, Avg: 2554.5, Max: 2880, Diff: 456, Sum: 10218, Workers: 4
[3034.472s][debug][gc,phases      ] GC(161)   JNI Weak                       Min:  0.0, Avg:  0.0, Max:  0.0, Diff:  0.0, Sum:  0.0, Workers: 4
[3034.472s][debug][gc,phases      ] GC(161)     Dead                           Min: 0, Avg:  0.0, Max: 0, Diff: 0, Sum: 0, Workers: 4
[3034.472s][debug][gc,phases      ] GC(161)     Total                          Min: 0, Avg: 11.2, Max: 45, Diff: 45, Sum: 45, Workers: 4
[3034.472s][debug][gc,phases      ] GC(161)   StringDedup Table Weak         Min:  0.0, Avg:  0.0, Max:  0.0, Diff:  0.0, Sum:  0.0, Workers: 4
[3034.472s][debug][gc,phases      ] GC(161)     Dead                           Min: 0, Avg:  0.0, Max: 0, Diff: 0, Sum: 0, Workers: 4
[3034.472s][debug][gc,phases      ] GC(161)     Total                          Min: 0, Avg:  0.0, Max: 0, Diff: 0, Sum: 0, Workers: 4
[3034.472s][debug][gc,phases      ] GC(161)   StringDedup Requests0 Weak     Min:  0.0, Avg:  0.0, Max:  0.0, Diff:  0.0, Sum:  0.0, Workers: 4
[3034.472s][debug][gc,phases      ] GC(161)     Dead                           Min: 0, Avg:  0.0, Max: 0, Diff: 0, Sum: 0, Workers: 4
[3034.472s][debug][gc,phases      ] GC(161)     Total                          Min: 0, Avg:  0.0, Max: 0, Diff: 0, Sum: 0, Workers: 4
[3034.472s][debug][gc,phases      ] GC(161)   StringDedup Requests1 Weak     Min:  0.0, Avg:  0.0, Max:  0.0, Diff:  0.0, Sum:  0.0, Workers: 4
[3034.472s][debug][gc,phases      ] GC(161)     Dead                           Min: 0, Avg:  0.0, Max: 0, Diff: 0, Sum: 0, Workers: 4
[3034.472s][debug][gc,phases      ] GC(161)     Total                          Min: 0, Avg:  0.0, Max: 0, Diff: 0, Sum: 0, Workers: 4
[3034.472s][debug][gc,phases      ] GC(161)   Weak JFR Old Object Samples    Min:  0.0, Avg:  0.0, Max:  0.0, Diff:  0.0, Sum:  0.0, Workers: 4
[3034.472s][debug][gc,phases      ] GC(161)     Dead                           Min: 0, Avg:  0.0, Max: 0, Diff: 0, Sum: 0, Workers: 4
[3034.472s][debug][gc,phases      ] GC(161)     Total                          Min: 0, Avg:  0.0, Max: 0, Diff: 0, Sum: 0, Workers: 4
[3034.472s][debug][gc,phases      ] GC(161) Weak Processing 0.322ms
[3034.472s][debug][gc,age         ] GC(161) Desired survivor size 108003328 bytes, new threshold 15 (max threshold 15)
[3034.472s][info ][gc,heap        ] GC(161) PSYoungGen: 1894960K(1985536K)->43099K(1983488K) Eden: 1871872K(1871872K)->0K(1871872K) From: 23088K(113664K)->43099K(111616K)
[3034.472s][info ][gc,heap        ] GC(161) ParOldGen: 646625K(764416K)->646705K(764416K)
[3034.472s][info ][gc,metaspace   ] GC(161) Metaspace: 85125K(86272K)->85125K(86272K) NonClass: 73087K(73728K)->73087K(73728K) Class: 12038K(12544K)->12038K(12544K)
[3034.472s][info ][gc             ] GC(161) Pause Young (Allocation Failure) 2482M->673M(2683M) 12.351ms
[3034.472s][info ][gc,cpu         ] GC(161) User=0.04s Sys=0.00s Real=0.01s
[3034.473s][info ][safepoint      ] Safepoint "ParallelGCFailedAllocation", Time since last: 3300706338 ns, Reaching safepoint: 106708 ns, At safepoint: 12435684 ns, Total: 12542392 ns
[3036.473s][info ][safepoint      ] Safepoint "Cleanup", Time since last: 2000148485 ns, Reaching safepoint: 55504 ns, At safepoint: 3301 ns, Total: 58805 ns
[3038.473s][info ][safepoint      ] Safepoint "Cleanup", Time since last: 2000130984 ns, Reaching safepoint: 43604 ns, At safepoint: 3600 ns, Total: 47204 ns
[3041.473s][info ][safepoint      ] Safepoint "Cleanup", Time since last: 3000282584 ns, Reaching safepoint: 52504 ns, At safepoint: 6601 ns, Total: 59105 ns
[3044.474s][info ][safepoint      ] Safepoint "Cleanup", Time since last: 3000245582 ns, Reaching safepoint: 44904 ns, At safepoint: 5100 ns, Total: 50004 ns
[3057.474s][info ][safepoint      ] Safepoint "Cleanup", Time since last: 13000799120 ns, Reaching safepoint: 44103 ns, At safepoint: 4500 ns, Total: 48603 ns
[3060.475s][info ][safepoint      ] Safepoint "Cleanup", Time since last: 3000221487 ns, Reaching safepoint: 60905 ns, At safepoint: 5200 ns, Total: 66105 ns
[3061.447s][info ][gc,start       ] GC(162) Pause Young (Allocation Failure)
[3061.457s][debug][gc,phases      ] GC(162) Scavenge 10.393ms
[3061.457s][debug][gc,ref         ] GC(162) Skipped phase 1 of Reference Processing: no references
[3061.457s][debug][gc,ref         ] GC(162) ReferenceProcessor::execute queues: 1, RefProcThreadModel::Single, marks_oops_alive: false
[3061.457s][debug][gc,ref         ] GC(162) ReferenceProcessor::execute queues: 4, RefProcThreadModel::Multi, marks_oops_alive: true
[3061.458s][debug][gc,ref         ] GC(162) ReferenceProcessor::execute queues: 1, RefProcThreadModel::Single, marks_oops_alive: false
[3061.458s][debug][gc,phases      ] GC(162) Reference Processing 0.211ms
[3061.458s][debug][gc,phases      ] GC(162)   VM Weak                        Min:  0.0, Avg:  0.0, Max:  0.0, Diff:  0.0, Sum:  0.0, Workers: 4
[3061.458s][debug][gc,phases      ] GC(162)     Dead                           Min: 0, Avg:  0.0, Max: 0, Diff: 0, Sum: 0, Workers: 4
[3061.458s][debug][gc,phases      ] GC(162)     Total                          Min: 0, Avg: 235.8, Max: 768, Diff: 768, Sum: 943, Workers: 4
[3061.458s][debug][gc,phases      ] GC(162)   ObjectSynchronizer Weak        Min:  0.0, Avg:  0.0, Max:  0.0, Diff:  0.0, Sum:  0.0, Workers: 4
[3061.458s][debug][gc,phases      ] GC(162)     Dead                           Min: 0, Avg:  0.0, Max: 0, Diff: 0, Sum: 0, Workers: 4
[3061.458s][debug][gc,phases      ] GC(162)     Total                          Min: 0, Avg: 26.2, Max: 64, Diff: 64, Sum: 105, Workers: 4
[3061.458s][debug][gc,phases      ] GC(162)   JVMTI Tag Weak OopStorage      Min:  0.0, Avg:  0.0, Max:  0.0, Diff:  0.0, Sum:  0.0, Workers: 4
[3061.458s][debug][gc,phases      ] GC(162)     Dead                           Min: 0, Avg:  0.0, Max: 0, Diff: 0, Sum: 0, Workers: 4
[3061.458s][debug][gc,phases      ] GC(162)     Total                          Min: 0, Avg:  0.0, Max: 0, Diff: 0, Sum: 0, Workers: 4
[3061.458s][debug][gc,phases      ] GC(162)   StringTable Weak               Min:  0.1, Avg:  0.1, Max:  0.1, Diff:  0.0, Sum:  0.5, Workers: 4
[3061.458s][debug][gc,phases      ] GC(162)     Dead                           Min: 0, Avg:  0.0, Max: 0, Diff: 0, Sum: 0, Workers: 4
[3061.458s][debug][gc,phases      ] GC(162)     Total                          Min: 10240, Avg: 11079.8, Max: 11712, Diff: 1472, Sum: 44319, Workers: 4
[3061.458s][debug][gc,phases      ] GC(162)   ResolvedMethodTable Weak       Min:  0.0, Avg:  0.0, Max:  0.0, Diff:  0.0, Sum:  0.1, Workers: 4
[3061.458s][debug][gc,phases      ] GC(162)     Dead                           Min: 0, Avg:  0.0, Max: 0, Diff: 0, Sum: 0, Workers: 4
[3061.458s][debug][gc,phases      ] GC(162)     Total                          Min: 2496, Avg: 2554.5, Max: 2679, Diff: 183, Sum: 10218, Workers: 4
[3061.458s][debug][gc,phases      ] GC(162)   JNI Weak                       Min:  0.0, Avg:  0.0, Max:  0.0, Diff:  0.0, Sum:  0.0, Workers: 4
[3061.458s][debug][gc,phases      ] GC(162)     Dead                           Min: 0, Avg:  0.0, Max: 0, Diff: 0, Sum: 0, Workers: 4
[3061.458s][debug][gc,phases      ] GC(162)     Total                          Min: 0, Avg: 11.2, Max: 45, Diff: 45, Sum: 45, Workers: 4
[3061.458s][debug][gc,phases      ] GC(162)   StringDedup Table Weak         Min:  0.0, Avg:  0.0, Max:  0.0, Diff:  0.0, Sum:  0.0, Workers: 4
[3061.458s][debug][gc,phases      ] GC(162)     Dead                           Min: 0, Avg:  0.0, Max: 0, Diff: 0, Sum: 0, Workers: 4
[3061.458s][debug][gc,phases      ] GC(162)     Total                          Min: 0, Avg:  0.0, Max: 0, Diff: 0, Sum: 0, Workers: 4
[3061.458s][debug][gc,phases      ] GC(162)   StringDedup Requests0 Weak     Min:  0.0, Avg:  0.0, Max:  0.0, Diff:  0.0, Sum:  0.0, Workers: 4
[3061.458s][debug][gc,phases      ] GC(162)     Dead                           Min: 0, Avg:  0.0, Max: 0, Diff: 0, Sum: 0, Workers: 4
[3061.458s][debug][gc,phases      ] GC(162)     Total                          Min: 0, Avg:  0.0, Max: 0, Diff: 0, Sum: 0, Workers: 4
[3061.458s][debug][gc,phases      ] GC(162)   StringDedup Requests1 Weak     Min:  0.0, Avg:  0.0, Max:  0.0, Diff:  0.0, Sum:  0.0, Workers: 4
[3061.458s][debug][gc,phases      ] GC(162)     Dead                           Min: 0, Avg:  0.0, Max: 0, Diff: 0, Sum: 0, Workers: 4
[3061.458s][debug][gc,phases      ] GC(162)     Total                          Min: 0, Avg:  0.0, Max: 0, Diff: 0, Sum: 0, Workers: 4
[3061.458s][debug][gc,phases      ] GC(162)   Weak JFR Old Object Samples    Min:  0.0, Avg:  0.0, Max:  0.0, Diff:  0.0, Sum:  0.0, Workers: 4
[3061.458s][debug][gc,phases      ] GC(162)     Dead                           Min: 0, Avg:  0.0, Max: 0, Diff: 0, Sum: 0, Workers: 4
[3061.458s][debug][gc,phases      ] GC(162)     Total                          Min: 0, Avg:  0.0, Max: 0, Diff: 0, Sum: 0, Workers: 4
[3061.458s][debug][gc,phases      ] GC(162) Weak Processing 0.329ms
[3061.458s][debug][gc,age         ] GC(162) Desired survivor size 104857600 bytes, new threshold 15 (max threshold 15)
[3061.458s][info ][gc,heap        ] GC(162) PSYoungGen: 1914971K(1983488K)->28680K(1994752K) Eden: 1871872K(1871872K)->0K(1889280K) From: 43099K(111616K)->28680K(105472K)
[3061.458s][info ][gc,heap        ] GC(162) ParOldGen: 646705K(764416K)->646921K(764416K)
[3061.458s][info ][gc,metaspace   ] GC(162) Metaspace: 85158K(86272K)->85158K(86272K) NonClass: 73120K(73728K)->73120K(73728K) Class: 12038K(12544K)->12038K(12544K)
[3061.458s][info ][gc             ] GC(162) Pause Young (Allocation Failure) 2501M->659M(2694M) 11.070ms
[3061.458s][info ][gc,cpu         ] GC(162) User=0.03s Sys=0.00s Real=0.01s
[3061.458s][info ][safepoint      ] Safepoint "ParallelGCFailedAllocation", Time since last: 972071705 ns, Reaching safepoint: 48103 ns, At safepoint: 11154593 ns, Total: 11202696 ns
[3077.459s][info ][safepoint      ] Safepoint "Cleanup", Time since last: 16001284258 ns, Reaching safepoint: 131309 ns, At safepoint: 6501 ns, Total: 137810 ns
[3078.460s][info ][safepoint      ] Safepoint "Cleanup", Time since last: 1000111600 ns, Reaching safepoint: 121209 ns, At safepoint: 9200 ns, Total: 130409 ns
[3081.460s][info ][safepoint      ] Safepoint "Cleanup", Time since last: 3000194793 ns, Reaching safepoint: 44603 ns, At safepoint: 5000 ns, Total: 49603 ns
[3083.460s][info ][safepoint      ] Safepoint "Cleanup", Time since last: 2000186000 ns, Reaching safepoint: 47103 ns, At safepoint: 2900 ns, Total: 50003 ns
[3085.460s][info ][safepoint      ] Safepoint "Cleanup", Time since last: 2000170299 ns, Reaching safepoint: 64405 ns, At safepoint: 4400 ns, Total: 68805 ns
[3086.752s][info ][gc,start       ] GC(163) Pause Young (Allocation Failure)
[3086.763s][debug][gc,phases      ] GC(163) Scavenge 10.422ms
[3086.763s][debug][gc,ref         ] GC(163) Skipped phase 1 of Reference Processing: no references
[3086.763s][debug][gc,ref         ] GC(163) ReferenceProcessor::execute queues: 1, RefProcThreadModel::Single, marks_oops_alive: false
[3086.763s][debug][gc,ref         ] GC(163) Skipped phase 3 of Reference Processing: no references
[3086.763s][debug][gc,ref         ] GC(163) ReferenceProcessor::execute queues: 1, RefProcThreadModel::Single, marks_oops_alive: false
[3086.763s][debug][gc,phases      ] GC(163) Reference Processing 0.102ms
[3086.763s][debug][gc,phases      ] GC(163)   VM Weak                        Min:  0.0, Avg:  0.0, Max:  0.0, Diff:  0.0, Sum:  0.0, Workers: 4
[3086.763s][debug][gc,phases      ] GC(163)     Dead                           Min: 0, Avg:  0.0, Max: 0, Diff: 0, Sum: 0, Workers: 4
[3086.763s][debug][gc,phases      ] GC(163)     Total                          Min: 47, Avg: 235.8, Max: 512, Diff: 465, Sum: 943, Workers: 4
[3086.763s][debug][gc,phases      ] GC(163)   ObjectSynchronizer Weak        Min:  0.0, Avg:  0.0, Max:  0.0, Diff:  0.0, Sum:  0.0, Workers: 4
[3086.763s][debug][gc,phases      ] GC(163)     Dead                           Min: 0, Avg:  0.0, Max: 0, Diff: 0, Sum: 0, Workers: 4
[3086.763s][debug][gc,phases      ] GC(163)     Total                          Min: 0, Avg: 26.2, Max: 64, Diff: 64, Sum: 105, Workers: 4
[3086.763s][debug][gc,phases      ] GC(163)   JVMTI Tag Weak OopStorage      Min:  0.0, Avg:  0.0, Max:  0.0, Diff:  0.0, Sum:  0.0, Workers: 4
[3086.763s][debug][gc,phases      ] GC(163)     Dead                           Min: 0, Avg:  0.0, Max: 0, Diff: 0, Sum: 0, Workers: 4
[3086.763s][debug][gc,phases      ] GC(163)     Total                          Min: 0, Avg:  0.0, Max: 0, Diff: 0, Sum: 0, Workers: 4
[3086.763s][debug][gc,phases      ] GC(163)   StringTable Weak               Min:  0.1, Avg:  0.1, Max:  0.1, Diff:  0.0, Sum:  0.4, Workers: 4
[3086.763s][debug][gc,phases      ] GC(163)     Dead                           Min: 0, Avg:  0.0, Max: 0, Diff: 0, Sum: 0, Workers: 4
[3086.763s][debug][gc,phases      ] GC(163)     Total                          Min: 8960, Avg: 11079.8, Max: 12608, Diff: 3648, Sum: 44319, Workers: 4
[3086.763s][debug][gc,phases      ] GC(163)   ResolvedMethodTable Weak       Min:  0.0, Avg:  0.0, Max:  0.0, Diff:  0.0, Sum:  0.1, Workers: 4
[3086.763s][debug][gc,phases      ] GC(163)     Dead                           Min: 0, Avg:  0.0, Max: 0, Diff: 0, Sum: 0, Workers: 4
[3086.763s][debug][gc,phases      ] GC(163)     Total                          Min: 1984, Avg: 2554.5, Max: 3072, Diff: 1088, Sum: 10218, Workers: 4
[3086.763s][debug][gc,phases      ] GC(163)   JNI Weak                       Min:  0.0, Avg:  0.0, Max:  0.0, Diff:  0.0, Sum:  0.0, Workers: 4
[3086.763s][debug][gc,phases      ] GC(163)     Dead                           Min: 0, Avg:  0.0, Max: 0, Diff: 0, Sum: 0, Workers: 4
[3086.763s][debug][gc,phases      ] GC(163)     Total                          Min: 0, Avg: 11.2, Max: 45, Diff: 45, Sum: 45, Workers: 4
[3086.763s][debug][gc,phases      ] GC(163)   StringDedup Table Weak         Min:  0.0, Avg:  0.0, Max:  0.0, Diff:  0.0, Sum:  0.0, Workers: 4
[3086.763s][debug][gc,phases      ] GC(163)     Dead                           Min: 0, Avg:  0.0, Max: 0, Diff: 0, Sum: 0, Workers: 4
[3086.763s][debug][gc,phases      ] GC(163)     Total                          Min: 0, Avg:  0.0, Max: 0, Diff: 0, Sum: 0, Workers: 4
[3086.763s][debug][gc,phases      ] GC(163)   StringDedup Requests0 Weak     Min:  0.0, Avg:  0.0, Max:  0.0, Diff:  0.0, Sum:  0.0, Workers: 4
[3086.763s][debug][gc,phases      ] GC(163)     Dead                           Min: 0, Avg:  0.0, Max: 0, Diff: 0, Sum: 0, Workers: 4
[3086.763s][debug][gc,phases      ] GC(163)     Total                          Min: 0, Avg:  0.0, Max: 0, Diff: 0, Sum: 0, Workers: 4
[3086.763s][debug][gc,phases      ] GC(163)   StringDedup Requests1 Weak     Min:  0.0, Avg:  0.0, Max:  0.0, Diff:  0.0, Sum:  0.0, Workers: 4
[3086.763s][debug][gc,phases      ] GC(163)     Dead                           Min: 0, Avg:  0.0, Max: 0, Diff: 0, Sum: 0, Workers: 4
[3086.763s][debug][gc,phases      ] GC(163)     Total                          Min: 0, Avg:  0.0, Max: 0, Diff: 0, Sum: 0, Workers: 4
[3086.763s][debug][gc,phases      ] GC(163)   Weak JFR Old Object Samples    Min:  0.0, Avg:  0.0, Max:  0.0, Diff:  0.0, Sum:  0.0, Workers: 4
[3086.763s][debug][gc,phases      ] GC(163)     Dead                           Min: 0, Avg:  0.0, Max: 0, Diff: 0, Sum: 0, Workers: 4
[3086.763s][debug][gc,phases      ] GC(163)     Total                          Min: 0, Avg:  0.0, Max: 0, Diff: 0, Sum: 0, Workers: 4
[3086.763s][debug][gc,phases      ] GC(163) Weak Processing 0.325ms
[3086.763s][debug][gc,age         ] GC(163) Desired survivor size 101711872 bytes, new threshold 15 (max threshold 15)
[3086.763s][info ][gc,heap        ] GC(163) PSYoungGen: 1917960K(1994752K)->28676K(1991680K) Eden: 1889280K(1889280K)->0K(1889280K) From: 28680K(105472K)->28676K(102400K)
[3086.763s][info ][gc,heap        ] GC(163) ParOldGen: 646921K(764416K)->647121K(764416K)
[3086.763s][info ][gc,metaspace   ] GC(163) Metaspace: 85160K(86272K)->85160K(86272K) NonClass: 73122K(73728K)->73122K(73728K) Class: 12038K(12544K)->12038K(12544K)
[3086.763s][info ][gc             ] GC(163) Pause Young (Allocation Failure) 2504M->659M(2691M) 10.977ms
[3086.763s][info ][gc,cpu         ] GC(163) User=0.04s Sys=0.00s Real=0.01s
[3086.763s][info ][safepoint      ] Safepoint "ParallelGCFailedAllocation", Time since last: 1291876944 ns, Reaching safepoint: 99907 ns, At safepoint: 11054186 ns, Total: 11154093 ns
[3087.763s][info ][safepoint      ] Safepoint "Cleanup", Time since last: 1000082900 ns, Reaching safepoint: 30402 ns, At safepoint: 2700 ns, Total: 33102 ns
[3089.764s][info ][safepoint      ] Safepoint "Cleanup", Time since last: 2000183701 ns, Reaching safepoint: 42403 ns, At safepoint: 3500 ns, Total: 45903 ns
[3092.764s][info ][safepoint      ] Safepoint "Cleanup", Time since last: 3000212197 ns, Reaching safepoint: 116109 ns, At safepoint: 6500 ns, Total: 122609 ns
[3093.764s][info ][safepoint      ] Safepoint "Cleanup", Time since last: 1000110602 ns, Reaching safepoint: 40403 ns, At safepoint: 3200 ns, Total: 43603 ns
[3095.765s][info ][safepoint      ] Safepoint "Cleanup", Time since last: 2000173202 ns, Reaching safepoint: 113908 ns, At safepoint: 8200 ns, Total: 122108 ns
[3096.765s][info ][safepoint      ] Safepoint "Cleanup", Time since last: 1000104202 ns, Reaching safepoint: 47004 ns, At safepoint: 2900 ns, Total: 49904 ns
[3099.765s][info ][safepoint      ] Safepoint "Cleanup", Time since last: 3000229901 ns, Reaching safepoint: 55104 ns, At safepoint: 3200 ns, Total: 58304 ns
[3101.765s][info ][safepoint      ] Safepoint "Cleanup", Time since last: 2000180903 ns, Reaching safepoint: 50804 ns, At safepoint: 29202 ns, Total: 80006 ns
[3104.765s][info ][safepoint      ] Safepoint "Cleanup", Time since last: 3000195200 ns, Reaching safepoint: 46503 ns, At safepoint: 2900 ns, Total: 49403 ns
[3111.527s][info ][gc,start       ] GC(164) Pause Young (Allocation Failure)
[3111.539s][debug][gc,phases      ] GC(164) Scavenge 11.996ms
[3111.539s][debug][gc,ref         ] GC(164) Skipped phase 1 of Reference Processing: no references
[3111.539s][debug][gc,ref         ] GC(164) ReferenceProcessor::execute queues: 1, RefProcThreadModel::Single, marks_oops_alive: false
[3111.539s][debug][gc,ref         ] GC(164) Skipped phase 3 of Reference Processing: no references
[3111.539s][debug][gc,ref         ] GC(164) ReferenceProcessor::execute queues: 1, RefProcThreadModel::Single, marks_oops_alive: false
[3111.539s][debug][gc,phases      ] GC(164) Reference Processing 0.109ms
[3111.540s][debug][gc,phases      ] GC(164)   VM Weak                        Min:  0.0, Avg:  0.0, Max:  0.0, Diff:  0.0, Sum:  0.0, Workers: 4
[3111.540s][debug][gc,phases      ] GC(164)     Dead                           Min: 0, Avg:  0.0, Max: 0, Diff: 0, Sum: 0, Workers: 4
[3111.540s][debug][gc,phases      ] GC(164)     Total                          Min: 0, Avg: 235.8, Max: 431, Diff: 431, Sum: 943, Workers: 4
[3111.540s][debug][gc,phases      ] GC(164)   ObjectSynchronizer Weak        Min:  0.0, Avg:  0.0, Max:  0.0, Diff:  0.0, Sum:  0.0, Workers: 4
[3111.540s][debug][gc,phases      ] GC(164)     Dead                           Min: 0, Avg:  0.0, Max: 0, Diff: 0, Sum: 0, Workers: 4
[3111.540s][debug][gc,phases      ] GC(164)     Total                          Min: 0, Avg: 26.2, Max: 64, Diff: 64, Sum: 105, Workers: 4
[3111.540s][debug][gc,phases      ] GC(164)   JVMTI Tag Weak OopStorage      Min:  0.0, Avg:  0.0, Max:  0.0, Diff:  0.0, Sum:  0.0, Workers: 4
[3111.540s][debug][gc,phases      ] GC(164)     Dead                           Min: 0, Avg:  0.0, Max: 0, Diff: 0, Sum: 0, Workers: 4
[3111.540s][debug][gc,phases      ] GC(164)     Total                          Min: 0, Avg:  0.0, Max: 0, Diff: 0, Sum: 0, Workers: 4
[3111.540s][debug][gc,phases      ] GC(164)   StringTable Weak               Min:  0.0, Avg:  0.1, Max:  0.2, Diff:  0.2, Sum:  0.5, Workers: 4
[3111.540s][debug][gc,phases      ] GC(164)     Dead                           Min: 0, Avg:  0.0, Max: 0, Diff: 0, Sum: 0, Workers: 4
[3111.540s][debug][gc,phases      ] GC(164)     Total                          Min: 0, Avg: 11080.5, Max: 15552, Diff: 15552, Sum: 44322, Workers: 4
[3111.540s][debug][gc,phases      ] GC(164)   ResolvedMethodTable Weak       Min:  0.0, Avg:  0.0, Max:  0.0, Diff:  0.0, Sum:  0.1, Workers: 4
[3111.540s][debug][gc,phases      ] GC(164)     Dead                           Min: 0, Avg:  0.0, Max: 0, Diff: 0, Sum: 0, Workers: 4
[3111.540s][debug][gc,phases      ] GC(164)     Total                          Min: 0, Avg: 2555.2, Max: 3456, Diff: 3456, Sum: 10221, Workers: 4
[3111.540s][debug][gc,phases      ] GC(164)   JNI Weak                       Min:  0.0, Avg:  0.0, Max:  0.0, Diff:  0.0, Sum:  0.0, Workers: 4
[3111.540s][debug][gc,phases      ] GC(164)     Dead                           Min: 0, Avg:  0.0, Max: 0, Diff: 0, Sum: 0, Workers: 4
[3111.540s][debug][gc,phases      ] GC(164)     Total                          Min: 0, Avg: 11.2, Max: 45, Diff: 45, Sum: 45, Workers: 4
[3111.540s][debug][gc,phases      ] GC(164)   StringDedup Table Weak         Min:  0.0, Avg:  0.0, Max:  0.0, Diff:  0.0, Sum:  0.0, Workers: 4
[3111.540s][debug][gc,phases      ] GC(164)     Dead                           Min: 0, Avg:  0.0, Max: 0, Diff: 0, Sum: 0, Workers: 4
[3111.540s][debug][gc,phases      ] GC(164)     Total                          Min: 0, Avg:  0.0, Max: 0, Diff: 0, Sum: 0, Workers: 4
[3111.540s][debug][gc,phases      ] GC(164)   StringDedup Requests0 Weak     Min:  0.0, Avg:  0.0, Max:  0.0, Diff:  0.0, Sum:  0.0, Workers: 4
[3111.540s][debug][gc,phases      ] GC(164)     Dead                           Min: 0, Avg:  0.0, Max: 0, Diff: 0, Sum: 0, Workers: 4
[3111.540s][debug][gc,phases      ] GC(164)     Total                          Min: 0, Avg:  0.0, Max: 0, Diff: 0, Sum: 0, Workers: 4
[3111.540s][debug][gc,phases      ] GC(164)   StringDedup Requests1 Weak     Min:  0.0, Avg:  0.0, Max:  0.0, Diff:  0.0, Sum:  0.0, Workers: 4
[3111.540s][debug][gc,phases      ] GC(164)     Dead                           Min: 0, Avg:  0.0, Max: 0, Diff: 0, Sum: 0, Workers: 4
[3111.540s][debug][gc,phases      ] GC(164)     Total                          Min: 0, Avg:  0.0, Max: 0, Diff: 0, Sum: 0, Workers: 4
[3111.540s][debug][gc,phases      ] GC(164)   Weak JFR Old Object Samples    Min:  0.0, Avg:  0.0, Max:  0.0, Diff:  0.0, Sum:  0.0, Workers: 4
[3111.540s][debug][gc,phases      ] GC(164)     Dead                           Min: 0, Avg:  0.0, Max: 0, Diff: 0, Sum: 0, Workers: 4
[3111.540s][debug][gc,phases      ] GC(164)     Total                          Min: 0, Avg:  0.0, Max: 0, Diff: 0, Sum: 0, Workers: 4
[3111.540s][debug][gc,phases      ] GC(164) Weak Processing 0.379ms
[3111.540s][debug][gc,age         ] GC(164) Desired survivor size 98566144 bytes, new threshold 15 (max threshold 15)
[3111.540s][info ][gc,heap        ] GC(164) PSYoungGen: 1917956K(1991680K)->28084K(2000896K) Eden: 1889280K(1889280K)->0K(1901568K) From: 28676K(102400K)->28084K(99328K)
[3111.540s][info ][gc,heap        ] GC(164) ParOldGen: 647121K(764416K)->647233K(764416K)
[3111.540s][info ][gc,metaspace   ] GC(164) Metaspace: 85188K(86336K)->85188K(86336K) NonClass: 73148K(73792K)->73148K(73792K) Class: 12039K(12544K)->12039K(12544K)
[3111.540s][info ][gc             ] GC(164) Pause Young (Allocation Failure) 2504M->659M(2700M) 12.627ms
[3111.540s][info ][gc,cpu         ] GC(164) User=0.04s Sys=0.00s Real=0.02s
[3111.540s][info ][safepoint      ] Safepoint "ParallelGCFailedAllocation", Time since last: 6761693829 ns, Reaching safepoint: 27802 ns, At safepoint: 12705004 ns, Total: 12732806 ns
[3112.810s][info ][safepoint      ] Safepoint "Cleanup", Time since last: 1269978290 ns, Reaching safepoint: 26002 ns, At safepoint: 5901 ns, Total: 31903 ns
[3113.810s][info ][safepoint      ] Safepoint "Cleanup", Time since last: 1000113004 ns, Reaching safepoint: 62505 ns, At safepoint: 2800 ns, Total: 65305 ns
[3118.810s][info ][safepoint      ] Safepoint "Cleanup", Time since last: 5000370410 ns, Reaching safepoint: 44203 ns, At safepoint: 2500 ns, Total: 46703 ns
[3122.811s][info ][safepoint      ] Safepoint "Cleanup", Time since last: 4000319612 ns, Reaching safepoint: 109608 ns, At safepoint: 7401 ns, Total: 117009 ns
[3123.811s][info ][safepoint      ] Safepoint "Cleanup", Time since last: 1000107005 ns, Reaching safepoint: 50703 ns, At safepoint: 3301 ns, Total: 54004 ns
[3138.657s][info ][gc,start       ] GC(165) Pause Young (Allocation Failure)
[3138.666s][debug][gc,phases      ] GC(165) Scavenge 8.779ms
[3138.666s][debug][gc,ref         ] GC(165) Skipped phase 1 of Reference Processing: no references
[3138.666s][debug][gc,ref         ] GC(165) ReferenceProcessor::execute queues: 1, RefProcThreadModel::Single, marks_oops_alive: false
[3138.666s][debug][gc,ref         ] GC(165) Skipped phase 3 of Reference Processing: no references
[3138.666s][debug][gc,ref         ] GC(165) ReferenceProcessor::execute queues: 1, RefProcThreadModel::Single, marks_oops_alive: false
[3138.666s][debug][gc,phases      ] GC(165) Reference Processing 0.117ms
[3138.666s][debug][gc,phases      ] GC(165)   VM Weak                        Min:  0.0, Avg:  0.0, Max:  0.0, Diff:  0.0, Sum:  0.0, Workers: 4
[3138.666s][debug][gc,phases      ] GC(165)     Dead                           Min: 0, Avg:  0.0, Max: 0, Diff: 0, Sum: 0, Workers: 4
[3138.666s][debug][gc,phases      ] GC(165)     Total                          Min: 0, Avg: 235.8, Max: 879, Diff: 879, Sum: 943, Workers: 4
[3138.666s][debug][gc,phases      ] GC(165)   ObjectSynchronizer Weak        Min:  0.0, Avg:  0.0, Max:  0.0, Diff:  0.0, Sum:  0.0, Workers: 4
[3138.666s][debug][gc,phases      ] GC(165)     Dead                           Min: 0, Avg:  0.0, Max: 0, Diff: 0, Sum: 0, Workers: 4
[3138.666s][debug][gc,phases      ] GC(165)     Total                          Min: 0, Avg: 26.2, Max: 64, Diff: 64, Sum: 105, Workers: 4
[3138.666s][debug][gc,phases      ] GC(165)   JVMTI Tag Weak OopStorage      Min:  0.0, Avg:  0.0, Max:  0.0, Diff:  0.0, Sum:  0.0, Workers: 4
[3138.666s][debug][gc,phases      ] GC(165)     Dead                           Min: 0, Avg:  0.0, Max: 0, Diff: 0, Sum: 0, Workers: 4
[3138.666s][debug][gc,phases      ] GC(165)     Total                          Min: 0, Avg:  0.0, Max: 0, Diff: 0, Sum: 0, Workers: 4
[3138.666s][debug][gc,phases      ] GC(165)   StringTable Weak               Min:  0.1, Avg:  0.1, Max:  0.1, Diff:  0.0, Sum:  0.4, Workers: 4
[3138.666s][debug][gc,phases      ] GC(165)     Dead                           Min: 0, Avg:  0.0, Max: 0, Diff: 0, Sum: 0, Workers: 4
[3138.666s][debug][gc,phases      ] GC(165)     Total                          Min: 9728, Avg: 11081.0, Max: 12480, Diff: 2752, Sum: 44324, Workers: 4
[3138.666s][debug][gc,phases      ] GC(165)   ResolvedMethodTable Weak       Min:  0.0, Avg:  0.0, Max:  0.0, Diff:  0.0, Sum:  0.1, Workers: 4
[3138.666s][debug][gc,phases      ] GC(165)     Dead                           Min: 0, Avg:  0.0, Max: 0, Diff: 0, Sum: 0, Workers: 4
[3138.666s][debug][gc,phases      ] GC(165)     Total                          Min: 2432, Avg: 2555.2, Max: 2738, Diff: 306, Sum: 10221, Workers: 4
[3138.666s][debug][gc,phases      ] GC(165)   JNI Weak                       Min:  0.0, Avg:  0.0, Max:  0.0, Diff:  0.0, Sum:  0.0, Workers: 4
[3138.666s][debug][gc,phases      ] GC(165)     Dead                           Min: 0, Avg:  0.0, Max: 0, Diff: 0, Sum: 0, Workers: 4
[3138.666s][debug][gc,phases      ] GC(165)     Total                          Min: 0, Avg: 11.2, Max: 45, Diff: 45, Sum: 45, Workers: 4
[3138.666s][debug][gc,phases      ] GC(165)   StringDedup Table Weak         Min:  0.0, Avg:  0.0, Max:  0.0, Diff:  0.0, Sum:  0.0, Workers: 4
[3138.666s][debug][gc,phases      ] GC(165)     Dead                           Min: 0, Avg:  0.0, Max: 0, Diff: 0, Sum: 0, Workers: 4
[3138.666s][debug][gc,phases      ] GC(165)     Total                          Min: 0, Avg:  0.0, Max: 0, Diff: 0, Sum: 0, Workers: 4
[3138.666s][debug][gc,phases      ] GC(165)   StringDedup Requests0 Weak     Min:  0.0, Avg:  0.0, Max:  0.0, Diff:  0.0, Sum:  0.0, Workers: 4
[3138.666s][debug][gc,phases      ] GC(165)     Dead                           Min: 0, Avg:  0.0, Max: 0, Diff: 0, Sum: 0, Workers: 4
[3138.666s][debug][gc,phases      ] GC(165)     Total                          Min: 0, Avg:  0.0, Max: 0, Diff: 0, Sum: 0, Workers: 4
[3138.666s][debug][gc,phases      ] GC(165)   StringDedup Requests1 Weak     Min:  0.0, Avg:  0.0, Max:  0.0, Diff:  0.0, Sum:  0.0, Workers: 4
[3138.666s][debug][gc,phases      ] GC(165)     Dead                           Min: 0, Avg:  0.0, Max: 0, Diff: 0, Sum: 0, Workers: 4
[3138.666s][debug][gc,phases      ] GC(165)     Total                          Min: 0, Avg:  0.0, Max: 0, Diff: 0, Sum: 0, Workers: 4
[3138.666s][debug][gc,phases      ] GC(165)   Weak JFR Old Object Samples    Min:  0.0, Avg:  0.0, Max:  0.0, Diff:  0.0, Sum:  0.0, Workers: 4
[3138.666s][debug][gc,phases      ] GC(165)     Dead                           Min: 0, Avg:  0.0, Max: 0, Diff: 0, Sum: 0, Workers: 4
[3138.666s][debug][gc,phases      ] GC(165)     Total                          Min: 0, Avg:  0.0, Max: 0, Diff: 0, Sum: 0, Workers: 4
[3138.666s][debug][gc,phases      ] GC(165) Weak Processing 0.518ms
[3138.666s][debug][gc,age         ] GC(165) Desired survivor size 95944704 bytes, new threshold 15 (max threshold 15)
[3138.666s][info ][gc,heap        ] GC(165) PSYoungGen: 1929652K(2000896K)->23816K(1997824K) Eden: 1901568K(1901568K)->0K(1901568K) From: 28084K(99328K)->23816K(96256K)
[3138.666s][info ][gc,heap        ] GC(165) ParOldGen: 647233K(764416K)->652301K(764416K)
[3138.666s][info ][gc,metaspace   ] GC(165) Metaspace: 85189K(86336K)->85189K(86336K) NonClass: 73149K(73792K)->73149K(73792K) Class: 12039K(12544K)->12039K(12544K)
[3138.666s][info ][gc             ] GC(165) Pause Young (Allocation Failure) 2516M->660M(2697M) 9.551ms
[3138.666s][info ][gc,cpu         ] GC(165) User=0.03s Sys=0.00s Real=0.01s
[3138.666s][info ][safepoint      ] Safepoint "ParallelGCFailedAllocation", Time since last: 14845690304 ns, Reaching safepoint: 40502 ns, At safepoint: 9627585 ns, Total: 9668087 ns
[3140.667s][info ][safepoint      ] Safepoint "Cleanup", Time since last: 2000154209 ns, Reaching safepoint: 38803 ns, At safepoint: 4200 ns, Total: 43003 ns
[3141.667s][info ][safepoint      ] Safepoint "Cleanup", Time since last: 1000111808 ns, Reaching safepoint: 64604 ns, At safepoint: 8701 ns, Total: 73305 ns
[3145.667s][info ][safepoint      ] Safepoint "Cleanup", Time since last: 4000486033 ns, Reaching safepoint: 51204 ns, At safepoint: 3900 ns, Total: 55104 ns
[3146.668s][info ][safepoint      ] Safepoint "Cleanup", Time since last: 1000134509 ns, Reaching safepoint: 133810 ns, At safepoint: 10901 ns, Total: 144711 ns
[3147.647s][info ][safepoint      ] Safepoint "ParallelGCFailedAllocation", Time since last: 979690355 ns, Reaching safepoint: 114609 ns, At safepoint: 14201 ns, Total: 128810 ns
[3147.648s][info ][gc,start       ] GC(166) Pause Young (GCLocker Initiated GC)
[3147.672s][debug][gc,phases      ] GC(166) Scavenge 24.318ms
[3147.672s][debug][gc,ref         ] GC(166) Skipped phase 1 of Reference Processing: no references
[3147.672s][debug][gc,ref         ] GC(166) ReferenceProcessor::execute queues: 1, RefProcThreadModel::Single, marks_oops_alive: false
[3147.673s][debug][gc,ref         ] GC(166) Skipped phase 3 of Reference Processing: no references
[3147.673s][debug][gc,ref         ] GC(166) ReferenceProcessor::execute queues: 1, RefProcThreadModel::Single, marks_oops_alive: false
[3147.673s][debug][gc,phases      ] GC(166) Reference Processing 0.131ms
[3147.673s][debug][gc,phases      ] GC(166)   VM Weak                        Min:  0.0, Avg:  0.0, Max:  0.0, Diff:  0.0, Sum:  0.0, Workers: 4
[3147.673s][debug][gc,phases      ] GC(166)     Dead                           Min: 0, Avg:  0.0, Max: 0, Diff: 0, Sum: 0, Workers: 4
[3147.673s][debug][gc,phases      ] GC(166)     Total                          Min: 0, Avg: 235.8, Max: 896, Diff: 896, Sum: 943, Workers: 4
[3147.673s][debug][gc,phases      ] GC(166)   ObjectSynchronizer Weak        Min:  0.0, Avg:  0.0, Max:  0.0, Diff:  0.0, Sum:  0.0, Workers: 4
[3147.673s][debug][gc,phases      ] GC(166)     Dead                           Min: 0, Avg:  0.0, Max: 0, Diff: 0, Sum: 0, Workers: 4
[3147.673s][debug][gc,phases      ] GC(166)     Total                          Min: 0, Avg: 26.2, Max: 64, Diff: 64, Sum: 105, Workers: 4
[3147.673s][debug][gc,phases      ] GC(166)   JVMTI Tag Weak OopStorage      Min:  0.0, Avg:  0.0, Max:  0.0, Diff:  0.0, Sum:  0.0, Workers: 4
[3147.673s][debug][gc,phases      ] GC(166)     Dead                           Min: 0, Avg:  0.0, Max: 0, Diff: 0, Sum: 0, Workers: 4
[3147.673s][debug][gc,phases      ] GC(166)     Total                          Min: 0, Avg:  0.0, Max: 0, Diff: 0, Sum: 0, Workers: 4
[3147.673s][debug][gc,phases      ] GC(166)   StringTable Weak               Min:  0.0, Avg:  0.1, Max:  0.1, Diff:  0.1, Sum:  0.4, Workers: 4
[3147.673s][debug][gc,phases      ] GC(166)     Dead                           Min: 0, Avg:  0.0, Max: 0, Diff: 0, Sum: 0, Workers: 4
[3147.673s][debug][gc,phases      ] GC(166)     Total                          Min: 0, Avg: 11081.0, Max: 15140, Diff: 15140, Sum: 44324, Workers: 4
[3147.673s][debug][gc,phases      ] GC(166)   ResolvedMethodTable Weak       Min:  0.0, Avg:  0.0, Max:  0.0, Diff:  0.0, Sum:  0.1, Workers: 4
[3147.673s][debug][gc,phases      ] GC(166)     Dead                           Min: 0, Avg:  0.0, Max: 0, Diff: 0, Sum: 0, Workers: 4
[3147.673s][debug][gc,phases      ] GC(166)     Total                          Min: 0, Avg: 2555.2, Max: 3698, Diff: 3698, Sum: 10221, Workers: 4
[3147.673s][debug][gc,phases      ] GC(166)   JNI Weak                       Min:  0.0, Avg:  0.0, Max:  0.0, Diff:  0.0, Sum:  0.0, Workers: 4
[3147.673s][debug][gc,phases      ] GC(166)     Dead                           Min: 0, Avg:  0.0, Max: 0, Diff: 0, Sum: 0, Workers: 4
[3147.673s][debug][gc,phases      ] GC(166)     Total                          Min: 0, Avg: 11.2, Max: 45, Diff: 45, Sum: 45, Workers: 4
[3147.673s][debug][gc,phases      ] GC(166)   StringDedup Table Weak         Min:  0.0, Avg:  0.0, Max:  0.0, Diff:  0.0, Sum:  0.0, Workers: 4
[3147.673s][debug][gc,phases      ] GC(166)     Dead                           Min: 0, Avg:  0.0, Max: 0, Diff: 0, Sum: 0, Workers: 4
[3147.673s][debug][gc,phases      ] GC(166)     Total                          Min: 0, Avg:  0.0, Max: 0, Diff: 0, Sum: 0, Workers: 4
[3147.673s][debug][gc,phases      ] GC(166)   StringDedup Requests0 Weak     Min:  0.0, Avg:  0.0, Max:  0.0, Diff:  0.0, Sum:  0.0, Workers: 4
[3147.673s][debug][gc,phases      ] GC(166)     Dead                           Min: 0, Avg:  0.0, Max: 0, Diff: 0, Sum: 0, Workers: 4
[3147.673s][debug][gc,phases      ] GC(166)     Total                          Min: 0, Avg:  0.0, Max: 0, Diff: 0, Sum: 0, Workers: 4
[3147.673s][debug][gc,phases      ] GC(166)   StringDedup Requests1 Weak     Min:  0.0, Avg:  0.0, Max:  0.0, Diff:  0.0, Sum:  0.0, Workers: 4
[3147.673s][debug][gc,phases      ] GC(166)     Dead                           Min: 0, Avg:  0.0, Max: 0, Diff: 0, Sum: 0, Workers: 4
[3147.673s][debug][gc,phases      ] GC(166)     Total                          Min: 0, Avg:  0.0, Max: 0, Diff: 0, Sum: 0, Workers: 4
[3147.673s][debug][gc,phases      ] GC(166)   Weak JFR Old Object Samples    Min:  0.0, Avg:  0.0, Max:  0.0, Diff:  0.0, Sum:  0.0, Workers: 4
[3147.673s][debug][gc,phases      ] GC(166)     Dead                           Min: 0, Avg:  0.0, Max: 0, Diff: 0, Sum: 0, Workers: 4
[3147.673s][debug][gc,phases      ] GC(166)     Total                          Min: 0, Avg:  0.0, Max: 0, Diff: 0, Sum: 0, Workers: 4
[3147.673s][debug][gc,phases      ] GC(166) Weak Processing 0.397ms
[3147.673s][debug][gc,age         ] GC(166) Desired survivor size 98041856 bytes, new threshold 15 (max threshold 15)
[3147.673s][info ][gc,heap        ] GC(166) PSYoungGen: 1925335K(1997824K)->59330K(1999360K) Eden: 1901519K(1901568K)->0K(1905664K) From: 23816K(96256K)->59330K(93696K)
[3147.673s][info ][gc,heap        ] GC(166) ParOldGen: 652813K(764416K)->653237K(764416K)
[3147.673s][info ][gc,metaspace   ] GC(166) Metaspace: 85190K(86336K)->85190K(86336K) NonClass: 73150K(73792K)->73150K(73792K) Class: 12039K(12544K)->12039K(12544K)
[3147.673s][info ][gc             ] GC(166) Pause Young (GCLocker Initiated GC) 2517M->695M(2699M) 24.974ms
[3147.673s][info ][gc,cpu         ] GC(166) User=0.07s Sys=0.00s Real=0.03s
[3147.673s][info ][safepoint      ] Safepoint "ParallelGCSystemGC", Time since last: 410129 ns, Reaching safepoint: 94507 ns, At safepoint: 25066382 ns, Total: 25160889 ns
[3148.673s][info ][safepoint      ] Safepoint "Cleanup", Time since last: 1000080406 ns, Reaching safepoint: 52703 ns, At safepoint: 5501 ns, Total: 58204 ns
[3150.673s][info ][safepoint      ] Safepoint "Cleanup", Time since last: 2000137310 ns, Reaching safepoint: 47303 ns, At safepoint: 9601 ns, Total: 56904 ns
[3151.674s][info ][safepoint      ] Safepoint "Cleanup", Time since last: 1000105508 ns, Reaching safepoint: 137009 ns, At safepoint: 8801 ns, Total: 145810 ns
[3152.151s][info ][gc,start       ] GC(167) Pause Young (Allocation Failure)
[3152.197s][debug][gc,phases      ] GC(167) Scavenge 45.799ms
[3152.197s][debug][gc,ref         ] GC(167) Skipped phase 1 of Reference Processing: no references
[3152.197s][debug][gc,ref         ] GC(167) ReferenceProcessor::execute queues: 1, RefProcThreadModel::Single, marks_oops_alive: false
[3152.197s][debug][gc,ref         ] GC(167) Skipped phase 3 of Reference Processing: no references
[3152.197s][debug][gc,ref         ] GC(167) ReferenceProcessor::execute queues: 1, RefProcThreadModel::Single, marks_oops_alive: false
[3152.197s][debug][gc,phases      ] GC(167) Reference Processing 0.134ms
[3152.198s][debug][gc,phases      ] GC(167)   VM Weak                        Min:  0.0, Avg:  0.0, Max:  0.0, Diff:  0.0, Sum:  0.0, Workers: 4
[3152.198s][debug][gc,phases      ] GC(167)     Dead                           Min: 0, Avg:  0.0, Max: 0, Diff: 0, Sum: 0, Workers: 4
[3152.198s][debug][gc,phases      ] GC(167)     Total                          Min: 0, Avg: 235.8, Max: 559, Diff: 559, Sum: 943, Workers: 4
[3152.198s][debug][gc,phases      ] GC(167)   ObjectSynchronizer Weak        Min:  0.0, Avg:  0.0, Max:  0.0, Diff:  0.0, Sum:  0.0, Workers: 4
[3152.198s][debug][gc,phases      ] GC(167)     Dead                           Min: 0, Avg:  0.0, Max: 0, Diff: 0, Sum: 0, Workers: 4
[3152.198s][debug][gc,phases      ] GC(167)     Total                          Min: 0, Avg: 26.2, Max: 64, Diff: 64, Sum: 105, Workers: 4
[3152.198s][debug][gc,phases      ] GC(167)   JVMTI Tag Weak OopStorage      Min:  0.0, Avg:  0.0, Max:  0.0, Diff:  0.0, Sum:  0.0, Workers: 4
[3152.198s][debug][gc,phases      ] GC(167)     Dead                           Min: 0, Avg:  0.0, Max: 0, Diff: 0, Sum: 0, Workers: 4
[3152.198s][debug][gc,phases      ] GC(167)     Total                          Min: 0, Avg:  0.0, Max: 0, Diff: 0, Sum: 0, Workers: 4
[3152.198s][debug][gc,phases      ] GC(167)   StringTable Weak               Min:  0.0, Avg:  0.1, Max:  0.2, Diff:  0.2, Sum:  0.4, Workers: 4
[3152.198s][debug][gc,phases      ] GC(167)     Dead                           Min: 0, Avg:  0.0, Max: 0, Diff: 0, Sum: 0, Workers: 4
[3152.198s][debug][gc,phases      ] GC(167)     Total                          Min: 0, Avg: 11081.0, Max: 22720, Diff: 22720, Sum: 44324, Workers: 4
[3152.198s][debug][gc,phases      ] GC(167)   ResolvedMethodTable Weak       Min:  0.0, Avg:  0.0, Max:  0.1, Diff:  0.1, Sum:  0.2, Workers: 4
[3152.198s][debug][gc,phases      ] GC(167)     Dead                           Min: 0, Avg:  0.0, Max: 0, Diff: 0, Sum: 0, Workers: 4
[3152.198s][debug][gc,phases      ] GC(167)     Total                          Min: 0, Avg: 2555.2, Max: 7021, Diff: 7021, Sum: 10221, Workers: 4
[3152.198s][debug][gc,phases      ] GC(167)   JNI Weak                       Min:  0.0, Avg:  0.0, Max:  0.0, Diff:  0.0, Sum:  0.0, Workers: 4
[3152.198s][debug][gc,phases      ] GC(167)     Dead                           Min: 0, Avg:  0.0, Max: 0, Diff: 0, Sum: 0, Workers: 4
[3152.198s][debug][gc,phases      ] GC(167)     Total                          Min: 0, Avg: 11.5, Max: 46, Diff: 46, Sum: 46, Workers: 4
[3152.198s][debug][gc,phases      ] GC(167)   StringDedup Table Weak         Min:  0.0, Avg:  0.0, Max:  0.0, Diff:  0.0, Sum:  0.0, Workers: 4
[3152.198s][debug][gc,phases      ] GC(167)     Dead                           Min: 0, Avg:  0.0, Max: 0, Diff: 0, Sum: 0, Workers: 4
[3152.198s][debug][gc,phases      ] GC(167)     Total                          Min: 0, Avg:  0.0, Max: 0, Diff: 0, Sum: 0, Workers: 4
[3152.198s][debug][gc,phases      ] GC(167)   StringDedup Requests0 Weak     Min:  0.0, Avg:  0.0, Max:  0.0, Diff:  0.0, Sum:  0.0, Workers: 4
[3152.198s][debug][gc,phases      ] GC(167)     Dead                           Min: 0, Avg:  0.0, Max: 0, Diff: 0, Sum: 0, Workers: 4
[3152.198s][debug][gc,phases      ] GC(167)     Total                          Min: 0, Avg:  0.0, Max: 0, Diff: 0, Sum: 0, Workers: 4
[3152.198s][debug][gc,phases      ] GC(167)   StringDedup Requests1 Weak     Min:  0.0, Avg:  0.0, Max:  0.0, Diff:  0.0, Sum:  0.0, Workers: 4
[3152.198s][debug][gc,phases      ] GC(167)     Dead                           Min: 0, Avg:  0.0, Max: 0, Diff: 0, Sum: 0, Workers: 4
[3152.198s][debug][gc,phases      ] GC(167)     Total                          Min: 0, Avg:  0.0, Max: 0, Diff: 0, Sum: 0, Workers: 4
[3152.198s][debug][gc,phases      ] GC(167)   Weak JFR Old Object Samples    Min:  0.0, Avg:  0.0, Max:  0.0, Diff:  0.0, Sum:  0.0, Workers: 4
[3152.198s][debug][gc,phases      ] GC(167)     Dead                           Min: 0, Avg:  0.0, Max: 0, Diff: 0, Sum: 0, Workers: 4
[3152.198s][debug][gc,phases      ] GC(167)     Total                          Min: 0, Avg:  0.0, Max: 0, Diff: 0, Sum: 0, Workers: 4
[3152.198s][debug][gc,phases      ] GC(167) Weak Processing 0.576ms
[3152.198s][debug][gc,age         ] GC(167) Desired survivor size 111673344 bytes, new threshold 15 (max threshold 15)
[3152.198s][info ][gc,heap        ] GC(167) PSYoungGen: 1964994K(1999360K)->92280K(1998336K) Eden: 1905664K(1905664K)->0K(1905664K) From: 59330K(93696K)->92280K(92672K)
[3152.198s][info ][gc,heap        ] GC(167) ParOldGen: 653239K(764416K)->653923K(764416K)
[3152.198s][info ][gc,metaspace   ] GC(167) Metaspace: 85193K(86336K)->85193K(86336K) NonClass: 73154K(73792K)->73154K(73792K) Class: 12039K(12544K)->12039K(12544K)
[3152.198s][info ][gc             ] GC(167) Pause Young (Allocation Failure) 2556M->728M(2698M) 46.671ms
[3152.198s][info ][gc,cpu         ] GC(167) User=0.14s Sys=0.01s Real=0.04s
[3152.198s][info ][safepoint      ] Safepoint "ParallelGCFailedAllocation", Time since last: 477367241 ns, Reaching safepoint: 145610 ns, At safepoint: 46786027 ns, Total: 46931637 ns
[3153.198s][info ][safepoint      ] Safepoint "Cleanup", Time since last: 1000097207 ns, Reaching safepoint: 133110 ns, At safepoint: 6700 ns, Total: 139810 ns
[3154.198s][info ][safepoint      ] Safepoint "Cleanup", Time since last: 1000116409 ns, Reaching safepoint: 165112 ns, At safepoint: 6600 ns, Total: 171712 ns
[3155.199s][info ][safepoint      ] Safepoint "Cleanup", Time since last: 1000117009 ns, Reaching safepoint: 114809 ns, At safepoint: 7500 ns, Total: 122309 ns
[3156.199s][info ][safepoint      ] Safepoint "Cleanup", Time since last: 1000125610 ns, Reaching safepoint: 110308 ns, At safepoint: 13201 ns, Total: 123509 ns
[3157.199s][info ][safepoint      ] Safepoint "Cleanup", Time since last: 1000120809 ns, Reaching safepoint: 134910 ns, At safepoint: 11500 ns, Total: 146410 ns
[3157.392s][info ][gc,start       ] GC(168) Pause Young (Allocation Failure)
[3157.460s][debug][gc,phases      ] GC(168) Scavenge 67.887ms
[3157.460s][debug][gc,ref         ] GC(168) Skipped phase 1 of Reference Processing: no references
[3157.460s][debug][gc,ref         ] GC(168) ReferenceProcessor::execute queues: 1, RefProcThreadModel::Single, marks_oops_alive: false
[3157.460s][debug][gc,ref         ] GC(168) Skipped phase 3 of Reference Processing: no references
[3157.460s][debug][gc,ref         ] GC(168) ReferenceProcessor::execute queues: 1, RefProcThreadModel::Single, marks_oops_alive: false
[3157.460s][debug][gc,phases      ] GC(168) Reference Processing 0.102ms
[3157.460s][debug][gc,phases      ] GC(168)   VM Weak                        Min:  0.0, Avg:  0.0, Max:  0.0, Diff:  0.0, Sum:  0.0, Workers: 4
[3157.460s][debug][gc,phases      ] GC(168)     Dead                           Min: 0, Avg:  0.0, Max: 0, Diff: 0, Sum: 0, Workers: 4
[3157.460s][debug][gc,phases      ] GC(168)     Total                          Min: 0, Avg: 235.8, Max: 623, Diff: 623, Sum: 943, Workers: 4
[3157.460s][debug][gc,phases      ] GC(168)   ObjectSynchronizer Weak        Min:  0.0, Avg:  0.0, Max:  0.0, Diff:  0.0, Sum:  0.0, Workers: 4
[3157.460s][debug][gc,phases      ] GC(168)     Dead                           Min: 0, Avg:  0.0, Max: 0, Diff: 0, Sum: 0, Workers: 4
[3157.460s][debug][gc,phases      ] GC(168)     Total                          Min: 0, Avg: 26.2, Max: 64, Diff: 64, Sum: 105, Workers: 4
[3157.460s][debug][gc,phases      ] GC(168)   JVMTI Tag Weak OopStorage      Min:  0.0, Avg:  0.0, Max:  0.0, Diff:  0.0, Sum:  0.0, Workers: 4
[3157.460s][debug][gc,phases      ] GC(168)     Dead                           Min: 0, Avg:  0.0, Max: 0, Diff: 0, Sum: 0, Workers: 4
[3157.460s][debug][gc,phases      ] GC(168)     Total                          Min: 0, Avg:  0.0, Max: 0, Diff: 0, Sum: 0, Workers: 4
[3157.460s][debug][gc,phases      ] GC(168)   StringTable Weak               Min:  0.0, Avg:  0.1, Max:  0.1, Diff:  0.1, Sum:  0.4, Workers: 4
[3157.460s][debug][gc,phases      ] GC(168)     Dead                           Min: 0, Avg:  0.0, Max: 0, Diff: 0, Sum: 0, Workers: 4
[3157.460s][debug][gc,phases      ] GC(168)     Total                          Min: 0, Avg: 11081.0, Max: 16128, Diff: 16128, Sum: 44324, Workers: 4
[3157.460s][debug][gc,phases      ] GC(168)   ResolvedMethodTable Weak       Min:  0.0, Avg:  0.0, Max:  0.0, Diff:  0.0, Sum:  0.1, Workers: 4
[3157.460s][debug][gc,phases      ] GC(168)     Dead                           Min: 0, Avg:  0.0, Max: 0, Diff: 0, Sum: 0, Workers: 4
[3157.460s][debug][gc,phases      ] GC(168)     Total                          Min: 0, Avg: 2555.2, Max: 3698, Diff: 3698, Sum: 10221, Workers: 4
[3157.460s][debug][gc,phases      ] GC(168)   JNI Weak                       Min:  0.0, Avg:  0.0, Max:  0.0, Diff:  0.0, Sum:  0.0, Workers: 4
[3157.460s][debug][gc,phases      ] GC(168)     Dead                           Min: 0, Avg:  0.0, Max: 0, Diff: 0, Sum: 0, Workers: 4
[3157.460s][debug][gc,phases      ] GC(168)     Total                          Min: 0, Avg: 11.2, Max: 45, Diff: 45, Sum: 45, Workers: 4
[3157.460s][debug][gc,phases      ] GC(168)   StringDedup Table Weak         Min:  0.0, Avg:  0.0, Max:  0.0, Diff:  0.0, Sum:  0.0, Workers: 4
[3157.460s][debug][gc,phases      ] GC(168)     Dead                           Min: 0, Avg:  0.0, Max: 0, Diff: 0, Sum: 0, Workers: 4
[3157.460s][debug][gc,phases      ] GC(168)     Total                          Min: 0, Avg:  0.0, Max: 0, Diff: 0, Sum: 0, Workers: 4
[3157.460s][debug][gc,phases      ] GC(168)   StringDedup Requests0 Weak     Min:  0.0, Avg:  0.0, Max:  0.0, Diff:  0.0, Sum:  0.0, Workers: 4
[3157.460s][debug][gc,phases      ] GC(168)     Dead                           Min: 0, Avg:  0.0, Max: 0, Diff: 0, Sum: 0, Workers: 4
[3157.460s][debug][gc,phases      ] GC(168)     Total                          Min: 0, Avg:  0.0, Max: 0, Diff: 0, Sum: 0, Workers: 4
[3157.460s][debug][gc,phases      ] GC(168)   StringDedup Requests1 Weak     Min:  0.0, Avg:  0.0, Max:  0.0, Diff:  0.0, Sum:  0.0, Workers: 4
[3157.460s][debug][gc,phases      ] GC(168)     Dead                           Min: 0, Avg:  0.0, Max: 0, Diff: 0, Sum: 0, Workers: 4
[3157.460s][debug][gc,phases      ] GC(168)     Total                          Min: 0, Avg:  0.0, Max: 0, Diff: 0, Sum: 0, Workers: 4
[3157.460s][debug][gc,phases      ] GC(168)   Weak JFR Old Object Samples    Min:  0.0, Avg:  0.0, Max:  0.0, Diff:  0.0, Sum:  0.0, Workers: 4
[3157.460s][debug][gc,phases      ] GC(168)     Dead                           Min: 0, Avg:  0.0, Max: 0, Diff: 0, Sum: 0, Workers: 4
[3157.460s][debug][gc,phases      ] GC(168)     Total                          Min: 0, Avg:  0.0, Max: 0, Diff: 0, Sum: 0, Workers: 4
[3157.460s][debug][gc,phases      ] GC(168) Weak Processing 0.373ms
[3157.460s][debug][gc,age         ] GC(168) Desired survivor size 144179200 bytes, new threshold 14 (max threshold 15)
[3157.460s][info ][gc,heap        ] GC(168) PSYoungGen: 1997944K(1998336K)->98807K(1914368K) Eden: 1905664K(1905664K)->0K(1815552K) From: 92280K(92672K)->98807K(98816K)
[3157.460s][info ][gc,heap        ] GC(168) ParOldGen: 653923K(764416K)->704318K(764416K)
[3157.460s][info ][gc,metaspace   ] GC(168) Metaspace: 85198K(86336K)->85198K(86336K) NonClass: 73159K(73792K)->73159K(73792K) Class: 12039K(12544K)->12039K(12544K)
[3157.460s][info ][gc             ] GC(168) Pause Young (Allocation Failure) 2589M->784M(2616M) 68.491ms
[3157.460s][info ][gc,cpu         ] GC(168) User=0.21s Sys=0.01s Real=0.07s
[3157.460s][info ][safepoint      ] Safepoint "ParallelGCFailedAllocation", Time since last: 192236369 ns, Reaching safepoint: 102507 ns, At safepoint: 68577076 ns, Total: 68679583 ns
[3159.460s][info ][safepoint      ] Safepoint "Cleanup", Time since last: 2000160513 ns, Reaching safepoint: 111808 ns, At safepoint: 8101 ns, Total: 119909 ns
[3160.461s][info ][safepoint      ] Safepoint "Cleanup", Time since last: 1000092108 ns, Reaching safepoint: 130709 ns, At safepoint: 9001 ns, Total: 139710 ns
[3161.461s][info ][safepoint      ] Safepoint "Cleanup", Time since last: 1000102108 ns, Reaching safepoint: 127409 ns, At safepoint: 8601 ns, Total: 136010 ns
[3162.461s][info ][safepoint      ] Safepoint "Cleanup", Time since last: 1000114409 ns, Reaching safepoint: 113708 ns, At safepoint: 7401 ns, Total: 121109 ns
[3163.461s][info ][safepoint      ] Safepoint "Cleanup", Time since last: 1000109309 ns, Reaching safepoint: 132310 ns, At safepoint: 6300 ns, Total: 138610 ns
[3165.462s][info ][safepoint      ] Safepoint "Cleanup", Time since last: 2000182616 ns, Reaching safepoint: 122409 ns, At safepoint: 8101 ns, Total: 130510 ns
[3166.856s][info ][gc,start       ] GC(169) Pause Young (Allocation Failure)
[3166.879s][debug][gc,phases      ] GC(169) Scavenge 23.350ms
[3166.879s][debug][gc,ref         ] GC(169) Skipped phase 1 of Reference Processing: no references
[3166.879s][debug][gc,ref         ] GC(169) ReferenceProcessor::execute queues: 1, RefProcThreadModel::Single, marks_oops_alive: false
[3166.879s][debug][gc,ref         ] GC(169) Skipped phase 3 of Reference Processing: no references
[3166.879s][debug][gc,ref         ] GC(169) ReferenceProcessor::execute queues: 1, RefProcThreadModel::Single, marks_oops_alive: false
[3166.879s][debug][gc,phases      ] GC(169) Reference Processing 0.106ms
[3166.880s][debug][gc,phases      ] GC(169)   VM Weak                        Min:  0.0, Avg:  0.0, Max:  0.0, Diff:  0.0, Sum:  0.0, Workers: 4
[3166.880s][debug][gc,phases      ] GC(169)     Dead                           Min: 0, Avg:  0.0, Max: 0, Diff: 0, Sum: 0, Workers: 4
[3166.880s][debug][gc,phases      ] GC(169)     Total                          Min: 0, Avg: 235.8, Max: 751, Diff: 751, Sum: 943, Workers: 4
[3166.880s][debug][gc,phases      ] GC(169)   ObjectSynchronizer Weak        Min:  0.0, Avg:  0.0, Max:  0.0, Diff:  0.0, Sum:  0.0, Workers: 4
[3166.880s][debug][gc,phases      ] GC(169)     Dead                           Min: 0, Avg:  0.0, Max: 0, Diff: 0, Sum: 0, Workers: 4
[3166.880s][debug][gc,phases      ] GC(169)     Total                          Min: 0, Avg: 26.2, Max: 64, Diff: 64, Sum: 105, Workers: 4
[3166.880s][debug][gc,phases      ] GC(169)   JVMTI Tag Weak OopStorage      Min:  0.0, Avg:  0.0, Max:  0.0, Diff:  0.0, Sum:  0.0, Workers: 4
[3166.880s][debug][gc,phases      ] GC(169)     Dead                           Min: 0, Avg:  0.0, Max: 0, Diff: 0, Sum: 0, Workers: 4
[3166.880s][debug][gc,phases      ] GC(169)     Total                          Min: 0, Avg:  0.0, Max: 0, Diff: 0, Sum: 0, Workers: 4
[3166.880s][debug][gc,phases      ] GC(169)   StringTable Weak               Min:  0.1, Avg:  0.1, Max:  0.1, Diff:  0.0, Sum:  0.4, Workers: 4
[3166.880s][debug][gc,phases      ] GC(169)     Dead                           Min: 0, Avg:  0.0, Max: 0, Diff: 0, Sum: 0, Workers: 4
[3166.880s][debug][gc,phases      ] GC(169)     Total                          Min: 10604, Avg: 11083.0, Max: 11520, Diff: 916, Sum: 44332, Workers: 4
[3166.880s][debug][gc,phases      ] GC(169)   ResolvedMethodTable Weak       Min:  0.0, Avg:  0.0, Max:  0.0, Diff:  0.0, Sum:  0.1, Workers: 4
[3166.880s][debug][gc,phases      ] GC(169)     Dead                           Min: 0, Avg:  0.0, Max: 0, Diff: 0, Sum: 0, Workers: 4
[3166.880s][debug][gc,phases      ] GC(169)     Total                          Min: 2368, Avg: 2557.8, Max: 3008, Diff: 640, Sum: 10231, Workers: 4
[3166.880s][debug][gc,phases      ] GC(169)   JNI Weak                       Min:  0.0, Avg:  0.0, Max:  0.0, Diff:  0.0, Sum:  0.0, Workers: 4
[3166.880s][debug][gc,phases      ] GC(169)     Dead                           Min: 0, Avg:  0.0, Max: 0, Diff: 0, Sum: 0, Workers: 4
[3166.880s][debug][gc,phases      ] GC(169)     Total                          Min: 0, Avg: 11.2, Max: 45, Diff: 45, Sum: 45, Workers: 4
[3166.880s][debug][gc,phases      ] GC(169)   StringDedup Table Weak         Min:  0.0, Avg:  0.0, Max:  0.0, Diff:  0.0, Sum:  0.0, Workers: 4
[3166.880s][debug][gc,phases      ] GC(169)     Dead                           Min: 0, Avg:  0.0, Max: 0, Diff: 0, Sum: 0, Workers: 4
[3166.880s][debug][gc,phases      ] GC(169)     Total                          Min: 0, Avg:  0.0, Max: 0, Diff: 0, Sum: 0, Workers: 4
[3166.880s][debug][gc,phases      ] GC(169)   StringDedup Requests0 Weak     Min:  0.0, Avg:  0.0, Max:  0.0, Diff:  0.0, Sum:  0.0, Workers: 4
[3166.880s][debug][gc,phases      ] GC(169)     Dead                           Min: 0, Avg:  0.0, Max: 0, Diff: 0, Sum: 0, Workers: 4
[3166.880s][debug][gc,phases      ] GC(169)     Total                          Min: 0, Avg:  0.0, Max: 0, Diff: 0, Sum: 0, Workers: 4
[3166.880s][debug][gc,phases      ] GC(169)   StringDedup Requests1 Weak     Min:  0.0, Avg:  0.0, Max:  0.0, Diff:  0.0, Sum:  0.0, Workers: 4
[3166.880s][debug][gc,phases      ] GC(169)     Dead                           Min: 0, Avg:  0.0, Max: 0, Diff: 0, Sum: 0, Workers: 4
[3166.880s][debug][gc,phases      ] GC(169)     Total                          Min: 0, Avg:  0.0, Max: 0, Diff: 0, Sum: 0, Workers: 4
[3166.880s][debug][gc,phases      ] GC(169)   Weak JFR Old Object Samples    Min:  0.0, Avg:  0.0, Max:  0.0, Diff:  0.0, Sum:  0.0, Workers: 4
[3166.880s][debug][gc,phases      ] GC(169)     Dead                           Min: 0, Avg:  0.0, Max: 0, Diff: 0, Sum: 0, Workers: 4
[3166.880s][debug][gc,phases      ] GC(169)     Total                          Min: 0, Avg:  0.0, Max: 0, Diff: 0, Sum: 0, Workers: 4
[3166.880s][debug][gc,phases      ] GC(169) Weak Processing 0.343ms
[3166.880s][debug][gc,age         ] GC(169) Desired survivor size 141557760 bytes, new threshold 15 (max threshold 15)
[3166.880s][info ][gc,heap        ] GC(169) PSYoungGen: 1914359K(1914368K)->71668K(1956352K) Eden: 1815552K(1815552K)->0K(1815552K) From: 98807K(98816K)->71668K(140800K)
[3166.880s][info ][gc,heap        ] GC(169) ParOldGen: 704318K(764416K)->715340K(764416K)
[3166.880s][info ][gc,metaspace   ] GC(169) Metaspace: 85236K(86336K)->85236K(86336K) NonClass: 73192K(73792K)->73192K(73792K) Class: 12043K(12544K)->12043K(12544K)
[3166.880s][info ][gc             ] GC(169) Pause Young (Allocation Failure) 2557M->768M(2657M) 23.978ms
[3166.880s][info ][gc,cpu         ] GC(169) User=0.08s Sys=0.01s Real=0.03s
[3166.880s][info ][safepoint      ] Safepoint "ParallelGCFailedAllocation", Time since last: 1394039318 ns, Reaching safepoint: 99107 ns, At safepoint: 24065812 ns, Total: 24164919 ns
[3168.880s][info ][safepoint      ] Safepoint "Cleanup", Time since last: 2000164515 ns, Reaching safepoint: 37003 ns, At safepoint: 3400 ns, Total: 40403 ns
[3169.880s][info ][safepoint      ] Safepoint "Cleanup", Time since last: 1000103710 ns, Reaching safepoint: 93206 ns, At safepoint: 6801 ns, Total: 100007 ns
[3170.880s][info ][safepoint      ] Safepoint "Cleanup", Time since last: 1000111910 ns, Reaching safepoint: 48503 ns, At safepoint: 7401 ns, Total: 55904 ns
[3172.881s][info ][safepoint      ] Safepoint "Cleanup", Time since last: 2000174717 ns, Reaching safepoint: 38803 ns, At safepoint: 4600 ns, Total: 43403 ns
[3180.881s][info ][safepoint      ] Safepoint "Cleanup", Time since last: 8000555062 ns, Reaching safepoint: 43703 ns, At safepoint: 7001 ns, Total: 50704 ns
[3181.881s][info ][safepoint      ] Safepoint "Cleanup", Time since last: 1000108310 ns, Reaching safepoint: 45004 ns, At safepoint: 2700 ns, Total: 47704 ns
[3182.882s][info ][safepoint      ] Safepoint "Cleanup", Time since last: 1000123012 ns, Reaching safepoint: 48603 ns, At safepoint: 4401 ns, Total: 53004 ns
[3184.882s][info ][safepoint      ] Safepoint "Cleanup", Time since last: 2000175419 ns, Reaching safepoint: 58404 ns, At safepoint: 2800 ns, Total: 61204 ns
[3185.882s][info ][safepoint      ] Safepoint "Cleanup", Time since last: 1000102411 ns, Reaching safepoint: 41803 ns, At safepoint: 3001 ns, Total: 44804 ns
[3185.947s][info ][gc,start       ] GC(170) Pause Young (Allocation Failure)
[3185.971s][debug][gc,phases      ] GC(170) Scavenge 23.429ms
[3185.971s][debug][gc,ref         ] GC(170) Skipped phase 1 of Reference Processing: no references
[3185.971s][debug][gc,ref         ] GC(170) ReferenceProcessor::execute queues: 1, RefProcThreadModel::Single, marks_oops_alive: false
[3185.971s][debug][gc,ref         ] GC(170) Skipped phase 3 of Reference Processing: no references
[3185.971s][debug][gc,ref         ] GC(170) ReferenceProcessor::execute queues: 1, RefProcThreadModel::Single, marks_oops_alive: false
[3185.971s][debug][gc,phases      ] GC(170) Reference Processing 0.105ms
[3185.971s][debug][gc,phases      ] GC(170)   VM Weak                        Min:  0.0, Avg:  0.0, Max:  0.0, Diff:  0.0, Sum:  0.0, Workers: 4
[3185.971s][debug][gc,phases      ] GC(170)     Dead                           Min: 0, Avg:  0.0, Max: 0, Diff: 0, Sum: 0, Workers: 4
[3185.971s][debug][gc,phases      ] GC(170)     Total                          Min: 0, Avg: 235.8, Max: 576, Diff: 576, Sum: 943, Workers: 4
[3185.971s][debug][gc,phases      ] GC(170)   ObjectSynchronizer Weak        Min:  0.0, Avg:  0.0, Max:  0.0, Diff:  0.0, Sum:  0.0, Workers: 4
[3185.971s][debug][gc,phases      ] GC(170)     Dead                           Min: 0, Avg:  0.0, Max: 0, Diff: 0, Sum: 0, Workers: 4
[3185.971s][debug][gc,phases      ] GC(170)     Total                          Min: 0, Avg: 26.2, Max: 64, Diff: 64, Sum: 105, Workers: 4
[3185.971s][debug][gc,phases      ] GC(170)   JVMTI Tag Weak OopStorage      Min:  0.0, Avg:  0.0, Max:  0.0, Diff:  0.0, Sum:  0.0, Workers: 4
[3185.971s][debug][gc,phases      ] GC(170)     Dead                           Min: 0, Avg:  0.0, Max: 0, Diff: 0, Sum: 0, Workers: 4
[3185.971s][debug][gc,phases      ] GC(170)     Total                          Min: 0, Avg:  0.0, Max: 0, Diff: 0, Sum: 0, Workers: 4
[3185.971s][debug][gc,phases      ] GC(170)   StringTable Weak               Min:  0.1, Avg:  0.1, Max:  0.1, Diff:  0.0, Sum:  0.5, Workers: 4
[3185.971s][debug][gc,phases      ] GC(170)     Dead                           Min: 0, Avg:  0.0, Max: 0, Diff: 0, Sum: 0, Workers: 4
[3185.971s][debug][gc,phases      ] GC(170)     Total                          Min: 10624, Avg: 11083.0, Max: 11584, Diff: 960, Sum: 44332, Workers: 4
[3185.971s][debug][gc,phases      ] GC(170)   ResolvedMethodTable Weak       Min:  0.0, Avg:  0.0, Max:  0.0, Diff:  0.0, Sum:  0.1, Workers: 4
[3185.971s][debug][gc,phases      ] GC(170)     Dead                           Min: 0, Avg:  0.0, Max: 0, Diff: 0, Sum: 0, Workers: 4
[3185.971s][debug][gc,phases      ] GC(170)     Total                          Min: 2496, Avg: 2557.8, Max: 2680, Diff: 184, Sum: 10231, Workers: 4
[3185.971s][debug][gc,phases      ] GC(170)   JNI Weak                       Min:  0.0, Avg:  0.0, Max:  0.0, Diff:  0.0, Sum:  0.0, Workers: 4
[3185.971s][debug][gc,phases      ] GC(170)     Dead                           Min: 0, Avg:  0.0, Max: 0, Diff: 0, Sum: 0, Workers: 4
[3185.971s][debug][gc,phases      ] GC(170)     Total                          Min: 0, Avg: 11.2, Max: 45, Diff: 45, Sum: 45, Workers: 4
[3185.971s][debug][gc,phases      ] GC(170)   StringDedup Table Weak         Min:  0.0, Avg:  0.0, Max:  0.0, Diff:  0.0, Sum:  0.0, Workers: 4
[3185.971s][debug][gc,phases      ] GC(170)     Dead                           Min: 0, Avg:  0.0, Max: 0, Diff: 0, Sum: 0, Workers: 4
[3185.971s][debug][gc,phases      ] GC(170)     Total                          Min: 0, Avg:  0.0, Max: 0, Diff: 0, Sum: 0, Workers: 4
[3185.971s][debug][gc,phases      ] GC(170)   StringDedup Requests0 Weak     Min:  0.0, Avg:  0.0, Max:  0.0, Diff:  0.0, Sum:  0.0, Workers: 4
[3185.971s][debug][gc,phases      ] GC(170)     Dead                           Min: 0, Avg:  0.0, Max: 0, Diff: 0, Sum: 0, Workers: 4
[3185.971s][debug][gc,phases      ] GC(170)     Total                          Min: 0, Avg:  0.0, Max: 0, Diff: 0, Sum: 0, Workers: 4
[3185.971s][debug][gc,phases      ] GC(170)   StringDedup Requests1 Weak     Min:  0.0, Avg:  0.0, Max:  0.0, Diff:  0.0, Sum:  0.0, Workers: 4
[3185.971s][debug][gc,phases      ] GC(170)     Dead                           Min: 0, Avg:  0.0, Max: 0, Diff: 0, Sum: 0, Workers: 4
[3185.971s][debug][gc,phases      ] GC(170)     Total                          Min: 0, Avg:  0.0, Max: 0, Diff: 0, Sum: 0, Workers: 4
[3185.971s][debug][gc,phases      ] GC(170)   Weak JFR Old Object Samples    Min:  0.0, Avg:  0.0, Max:  0.0, Diff:  0.0, Sum:  0.0, Workers: 4
[3185.971s][debug][gc,phases      ] GC(170)     Dead                           Min: 0, Avg:  0.0, Max: 0, Diff: 0, Sum: 0, Workers: 4
[3185.971s][debug][gc,phases      ] GC(170)     Total                          Min: 0, Avg:  0.0, Max: 0, Diff: 0, Sum: 0, Workers: 4
[3185.971s][debug][gc,phases      ] GC(170) Weak Processing 0.359ms
[3185.971s][debug][gc,age         ] GC(170) Desired survivor size 137363456 bytes, new threshold 15 (max threshold 15)
[3185.971s][info ][gc,heap        ] GC(170) PSYoungGen: 1887220K(1956352K)->69703K(1963008K) Eden: 1815552K(1815552K)->0K(1824768K) From: 71668K(140800K)->69703K(138240K)
[3185.971s][info ][gc,heap        ] GC(170) ParOldGen: 715340K(764416K)->715340K(764416K)
[3185.971s][info ][gc,metaspace   ] GC(170) Metaspace: 85246K(86400K)->85246K(86400K) NonClass: 73202K(73856K)->73202K(73856K) Class: 12043K(12544K)->12043K(12544K)
[3185.971s][info ][gc             ] GC(170) Pause Young (Allocation Failure) 2541M->766M(2663M) 24.030ms
[3185.971s][info ][gc,cpu         ] GC(170) User=0.08s Sys=0.01s Real=0.03s
[3185.971s][info ][safepoint      ] Safepoint "ParallelGCFailedAllocation", Time since last: 64984320 ns, Reaching safepoint: 120809 ns, At safepoint: 24124915 ns, Total: 24245724 ns
[3186.971s][info ][safepoint      ] Safepoint "Cleanup", Time since last: 1000070809 ns, Reaching safepoint: 39003 ns, At safepoint: 3100 ns, Total: 42103 ns
[3193.972s][info ][safepoint      ] Safepoint "Cleanup", Time since last: 7000479962 ns, Reaching safepoint: 59505 ns, At safepoint: 3400 ns, Total: 62905 ns
[3194.826s][info ][gc,start       ] GC(171) Pause Young (Allocation Failure)
[3194.861s][debug][gc,phases      ] GC(171) Scavenge 35.228ms
[3194.861s][debug][gc,ref         ] GC(171) Skipped phase 1 of Reference Processing: no references
[3194.861s][debug][gc,ref         ] GC(171) ReferenceProcessor::execute queues: 1, RefProcThreadModel::Single, marks_oops_alive: false
[3194.861s][debug][gc,ref         ] GC(171) Skipped phase 3 of Reference Processing: no references
[3194.861s][debug][gc,ref         ] GC(171) ReferenceProcessor::execute queues: 1, RefProcThreadModel::Single, marks_oops_alive: false
[3194.861s][debug][gc,phases      ] GC(171) Reference Processing 0.106ms
[3194.862s][debug][gc,phases      ] GC(171)   VM Weak                        Min:  0.0, Avg:  0.0, Max:  0.0, Diff:  0.0, Sum:  0.0, Workers: 4
[3194.862s][debug][gc,phases      ] GC(171)     Dead                           Min: 0, Avg:  0.0, Max: 0, Diff: 0, Sum: 0, Workers: 4
[3194.862s][debug][gc,phases      ] GC(171)     Total                          Min: 0, Avg: 235.8, Max: 448, Diff: 448, Sum: 943, Workers: 4
[3194.862s][debug][gc,phases      ] GC(171)   ObjectSynchronizer Weak        Min:  0.0, Avg:  0.0, Max:  0.0, Diff:  0.0, Sum:  0.0, Workers: 4
[3194.862s][debug][gc,phases      ] GC(171)     Dead                           Min: 0, Avg:  0.0, Max: 0, Diff: 0, Sum: 0, Workers: 4
[3194.862s][debug][gc,phases      ] GC(171)     Total                          Min: 0, Avg: 26.2, Max: 64, Diff: 64, Sum: 105, Workers: 4
[3194.862s][debug][gc,phases      ] GC(171)   JVMTI Tag Weak OopStorage      Min:  0.0, Avg:  0.0, Max:  0.0, Diff:  0.0, Sum:  0.0, Workers: 4
[3194.862s][debug][gc,phases      ] GC(171)     Dead                           Min: 0, Avg:  0.0, Max: 0, Diff: 0, Sum: 0, Workers: 4
[3194.862s][debug][gc,phases      ] GC(171)     Total                          Min: 0, Avg:  0.0, Max: 0, Diff: 0, Sum: 0, Workers: 4
[3194.862s][debug][gc,phases      ] GC(171)   StringTable Weak               Min:  0.0, Avg:  0.1, Max:  0.1, Diff:  0.1, Sum:  0.4, Workers: 4
[3194.862s][debug][gc,phases      ] GC(171)     Dead                           Min: 0, Avg:  0.0, Max: 0, Diff: 0, Sum: 0, Workers: 4
[3194.862s][debug][gc,phases      ] GC(171)     Total                          Min: 0, Avg: 11083.0, Max: 15788, Diff: 15788, Sum: 44332, Workers: 4
[3194.862s][debug][gc,phases      ] GC(171)   ResolvedMethodTable Weak       Min:  0.0, Avg:  0.0, Max:  0.0, Diff:  0.0, Sum:  0.1, Workers: 4
[3194.862s][debug][gc,phases      ] GC(171)     Dead                           Min: 0, Avg:  0.0, Max: 0, Diff: 0, Sum: 0, Workers: 4
[3194.862s][debug][gc,phases      ] GC(171)     Total                          Min: 0, Avg: 2557.8, Max: 3456, Diff: 3456, Sum: 10231, Workers: 4
[3194.862s][debug][gc,phases      ] GC(171)   JNI Weak                       Min:  0.0, Avg:  0.0, Max:  0.0, Diff:  0.0, Sum:  0.0, Workers: 4
[3194.862s][debug][gc,phases      ] GC(171)     Dead                           Min: 0, Avg:  0.0, Max: 0, Diff: 0, Sum: 0, Workers: 4
[3194.862s][debug][gc,phases      ] GC(171)     Total                          Min: 0, Avg: 11.2, Max: 45, Diff: 45, Sum: 45, Workers: 4
[3194.862s][debug][gc,phases      ] GC(171)   StringDedup Table Weak         Min:  0.0, Avg:  0.0, Max:  0.0, Diff:  0.0, Sum:  0.0, Workers: 4
[3194.862s][debug][gc,phases      ] GC(171)     Dead                           Min: 0, Avg:  0.0, Max: 0, Diff: 0, Sum: 0, Workers: 4
[3194.862s][debug][gc,phases      ] GC(171)     Total                          Min: 0, Avg:  0.0, Max: 0, Diff: 0, Sum: 0, Workers: 4
[3194.862s][debug][gc,phases      ] GC(171)   StringDedup Requests0 Weak     Min:  0.0, Avg:  0.0, Max:  0.0, Diff:  0.0, Sum:  0.0, Workers: 4
[3194.862s][debug][gc,phases      ] GC(171)     Dead                           Min: 0, Avg:  0.0, Max: 0, Diff: 0, Sum: 0, Workers: 4
[3194.862s][debug][gc,phases      ] GC(171)     Total                          Min: 0, Avg:  0.0, Max: 0, Diff: 0, Sum: 0, Workers: 4
[3194.862s][debug][gc,phases      ] GC(171)   StringDedup Requests1 Weak     Min:  0.0, Avg:  0.0, Max:  0.0, Diff:  0.0, Sum:  0.0, Workers: 4
[3194.862s][debug][gc,phases      ] GC(171)     Dead                           Min: 0, Avg:  0.0, Max: 0, Diff: 0, Sum: 0, Workers: 4
[3194.862s][debug][gc,phases      ] GC(171)     Total                          Min: 0, Avg:  0.0, Max: 0, Diff: 0, Sum: 0, Workers: 4
[3194.862s][debug][gc,phases      ] GC(171)   Weak JFR Old Object Samples    Min:  0.0, Avg:  0.0, Max:  0.0, Diff:  0.0, Sum:  0.0, Workers: 4
[3194.862s][debug][gc,phases      ] GC(171)     Dead                           Min: 0, Avg:  0.0, Max: 0, Diff: 0, Sum: 0, Workers: 4
[3194.862s][debug][gc,phases      ] GC(171)     Total                          Min: 0, Avg:  0.0, Max: 0, Diff: 0, Sum: 0, Workers: 4
[3194.862s][debug][gc,phases      ] GC(171) Weak Processing 0.365ms
[3194.862s][debug][gc,age         ] GC(171) Desired survivor size 143654912 bytes, new threshold 15 (max threshold 15)
[3194.862s][info ][gc,heap        ] GC(171) PSYoungGen: 1894471K(1963008K)->95652K(1920512K) Eden: 1824768K(1824768K)->0K(1824768K) From: 69703K(138240K)->95652K(95744K)
[3194.862s][info ][gc,heap        ] GC(171) ParOldGen: 715340K(764416K)->715424K(764416K)
[3194.862s][info ][gc,metaspace   ] GC(171) Metaspace: 85254K(86400K)->85254K(86400K) NonClass: 73210K(73856K)->73210K(73856K) Class: 12043K(12544K)->12043K(12544K)
[3194.862s][info ][gc             ] GC(171) Pause Young (Allocation Failure) 2548M->792M(2622M) 35.833ms
[3194.862s][info ][gc,cpu         ] GC(171) User=0.11s Sys=0.00s Real=0.04s
[3194.862s][info ][safepoint      ] Safepoint "ParallelGCFailedAllocation", Time since last: 853963221 ns, Reaching safepoint: 128309 ns, At safepoint: 35921954 ns, Total: 36050263 ns
[3195.862s][info ][safepoint      ] Safepoint "Cleanup", Time since last: 1000264723 ns, Reaching safepoint: 199814 ns, At safepoint: 8601 ns, Total: 208415 ns
[3196.863s][info ][safepoint      ] Safepoint "Cleanup", Time since last: 1000123013 ns, Reaching safepoint: 130910 ns, At safepoint: 6500 ns, Total: 137410 ns
[3197.863s][info ][safepoint      ] Safepoint "Cleanup", Time since last: 1000097512 ns, Reaching safepoint: 163811 ns, At safepoint: 7901 ns, Total: 171712 ns
[3198.863s][info ][safepoint      ] Safepoint "Cleanup", Time since last: 1000117713 ns, Reaching safepoint: 119709 ns, At safepoint: 7100 ns, Total: 126809 ns
[3199.863s][info ][safepoint      ] Safepoint "Cleanup", Time since last: 1000113013 ns, Reaching safepoint: 123009 ns, At safepoint: 8200 ns, Total: 131209 ns
[3200.864s][info ][safepoint      ] Safepoint "Cleanup", Time since last: 1000130415 ns, Reaching safepoint: 128209 ns, At safepoint: 9800 ns, Total: 138009 ns
[3204.864s][info ][safepoint      ] Safepoint "Cleanup", Time since last: 4000316244 ns, Reaching safepoint: 45603 ns, At safepoint: 4400 ns, Total: 50003 ns
[3206.852s][info ][gc,start       ] GC(172) Pause Young (Allocation Failure)
[3206.891s][debug][gc,phases      ] GC(172) Scavenge 39.180ms
[3206.891s][debug][gc,ref         ] GC(172) Skipped phase 1 of Reference Processing: no references
[3206.891s][debug][gc,ref         ] GC(172) ReferenceProcessor::execute queues: 1, RefProcThreadModel::Single, marks_oops_alive: false
[3206.891s][debug][gc,ref         ] GC(172) Skipped phase 3 of Reference Processing: no references
[3206.891s][debug][gc,ref         ] GC(172) ReferenceProcessor::execute queues: 1, RefProcThreadModel::Single, marks_oops_alive: false
[3206.891s][debug][gc,phases      ] GC(172) Reference Processing 0.150ms
[3206.892s][debug][gc,phases      ] GC(172)   VM Weak                        Min:  0.0, Avg:  0.0, Max:  0.0, Diff:  0.0, Sum:  0.0, Workers: 4
[3206.892s][debug][gc,phases      ] GC(172)     Dead                           Min: 0, Avg:  0.0, Max: 0, Diff: 0, Sum: 0, Workers: 4
[3206.892s][debug][gc,phases      ] GC(172)     Total                          Min: 0, Avg: 236.8, Max: 384, Diff: 384, Sum: 947, Workers: 4
[3206.892s][debug][gc,phases      ] GC(172)   ObjectSynchronizer Weak        Min:  0.0, Avg:  0.0, Max:  0.0, Diff:  0.0, Sum:  0.0, Workers: 4
[3206.892s][debug][gc,phases      ] GC(172)     Dead                           Min: 0, Avg:  0.0, Max: 0, Diff: 0, Sum: 0, Workers: 4
[3206.892s][debug][gc,phases      ] GC(172)     Total                          Min: 0, Avg: 26.2, Max: 64, Diff: 64, Sum: 105, Workers: 4
[3206.892s][debug][gc,phases      ] GC(172)   JVMTI Tag Weak OopStorage      Min:  0.0, Avg:  0.0, Max:  0.0, Diff:  0.0, Sum:  0.0, Workers: 4
[3206.892s][debug][gc,phases      ] GC(172)     Dead                           Min: 0, Avg:  0.0, Max: 0, Diff: 0, Sum: 0, Workers: 4
[3206.892s][debug][gc,phases      ] GC(172)     Total                          Min: 0, Avg:  0.0, Max: 0, Diff: 0, Sum: 0, Workers: 4
[3206.892s][debug][gc,phases      ] GC(172)   StringTable Weak               Min:  0.0, Avg:  0.1, Max:  0.2, Diff:  0.2, Sum:  0.5, Workers: 4
[3206.892s][debug][gc,phases      ] GC(172)     Dead                           Min: 0, Avg:  0.2, Max: 1, Diff: 1, Sum: 1, Workers: 4
[3206.892s][debug][gc,phases      ] GC(172)     Total                          Min: 0, Avg: 11086.8, Max: 15100, Diff: 15100, Sum: 44347, Workers: 4
[3206.892s][debug][gc,phases      ] GC(172)   ResolvedMethodTable Weak       Min:  0.0, Avg:  0.0, Max:  0.0, Diff:  0.0, Sum:  0.1, Workers: 4
[3206.892s][debug][gc,phases      ] GC(172)     Dead                           Min: 0, Avg:  0.0, Max: 0, Diff: 0, Sum: 0, Workers: 4
[3206.892s][debug][gc,phases      ] GC(172)     Total                          Min: 0, Avg: 2562.5, Max: 3466, Diff: 3466, Sum: 10250, Workers: 4
[3206.892s][debug][gc,phases      ] GC(172)   JNI Weak                       Min:  0.0, Avg:  0.0, Max:  0.0, Diff:  0.0, Sum:  0.0, Workers: 4
[3206.892s][debug][gc,phases      ] GC(172)     Dead                           Min: 0, Avg:  0.0, Max: 0, Diff: 0, Sum: 0, Workers: 4
[3206.892s][debug][gc,phases      ] GC(172)     Total                          Min: 0, Avg: 11.2, Max: 45, Diff: 45, Sum: 45, Workers: 4
[3206.892s][debug][gc,phases      ] GC(172)   StringDedup Table Weak         Min:  0.0, Avg:  0.0, Max:  0.0, Diff:  0.0, Sum:  0.0, Workers: 4
[3206.892s][debug][gc,phases      ] GC(172)     Dead                           Min: 0, Avg:  0.0, Max: 0, Diff: 0, Sum: 0, Workers: 4
[3206.892s][debug][gc,phases      ] GC(172)     Total                          Min: 0, Avg:  0.0, Max: 0, Diff: 0, Sum: 0, Workers: 4
[3206.892s][debug][gc,phases      ] GC(172)   StringDedup Requests0 Weak     Min:  0.0, Avg:  0.0, Max:  0.0, Diff:  0.0, Sum:  0.0, Workers: 4
[3206.892s][debug][gc,phases      ] GC(172)     Dead                           Min: 0, Avg:  0.0, Max: 0, Diff: 0, Sum: 0, Workers: 4
[3206.892s][debug][gc,phases      ] GC(172)     Total                          Min: 0, Avg:  0.0, Max: 0, Diff: 0, Sum: 0, Workers: 4
[3206.892s][debug][gc,phases      ] GC(172)   StringDedup Requests1 Weak     Min:  0.0, Avg:  0.0, Max:  0.0, Diff:  0.0, Sum:  0.0, Workers: 4
[3206.892s][debug][gc,phases      ] GC(172)     Dead                           Min: 0, Avg:  0.0, Max: 0, Diff: 0, Sum: 0, Workers: 4
[3206.892s][debug][gc,phases      ] GC(172)     Total                          Min: 0, Avg:  0.0, Max: 0, Diff: 0, Sum: 0, Workers: 4
[3206.892s][debug][gc,phases      ] GC(172)   Weak JFR Old Object Samples    Min:  0.0, Avg:  0.0, Max:  0.0, Diff:  0.0, Sum:  0.0, Workers: 4
[3206.892s][debug][gc,phases      ] GC(172)     Dead                           Min: 0, Avg:  0.0, Max: 0, Diff: 0, Sum: 0, Workers: 4
[3206.892s][debug][gc,phases      ] GC(172)     Total                          Min: 0, Avg:  0.0, Max: 0, Diff: 0, Sum: 0, Workers: 4
[3206.892s][debug][gc,phases      ] GC(172) Weak Processing 0.378ms
[3206.892s][debug][gc,age         ] GC(172) Desired survivor size 151519232 bytes, new threshold 15 (max threshold 15)
[3206.892s][info ][gc,heap        ] GC(172) PSYoungGen: 1920420K(1920512K)->105048K(1941504K) Eden: 1824768K(1824768K)->0K(1801216K) From: 95652K(95744K)->105048K(140288K)
[3206.892s][info ][gc,heap        ] GC(172) ParOldGen: 715424K(764416K)->715472K(764416K)
[3206.892s][info ][gc,metaspace   ] GC(172) Metaspace: 85321K(86464K)->85321K(86464K) NonClass: 73269K(73920K)->73269K(73920K) Class: 12051K(12544K)->12051K(12544K)
[3206.892s][info ][gc             ] GC(172) Pause Young (Allocation Failure) 2574M->801M(2642M) 39.852ms
[3206.892s][info ][gc,cpu         ] GC(172) User=0.12s Sys=0.00s Real=0.04s
[3206.892s][info ][safepoint      ] Safepoint "ParallelGCFailedAllocation", Time since last: 1987796243 ns, Reaching safepoint: 114309 ns, At safepoint: 39958341 ns, Total: 40072650 ns
[3208.892s][info ][safepoint      ] Safepoint "Cleanup", Time since last: 2000168923 ns, Reaching safepoint: 62705 ns, At safepoint: 9300 ns, Total: 72005 ns
[3210.892s][info ][safepoint      ] Safepoint "Cleanup", Time since last: 2000206026 ns, Reaching safepoint: 54004 ns, At safepoint: 8301 ns, Total: 62305 ns
[3211.893s][info ][safepoint      ] Safepoint "Cleanup", Time since last: 1000116214 ns, Reaching safepoint: 118508 ns, At safepoint: 9101 ns, Total: 127609 ns
[3214.893s][info ][safepoint      ] Safepoint "Cleanup", Time since last: 3000249436 ns, Reaching safepoint: 37603 ns, At safepoint: 7300 ns, Total: 44903 ns
[3216.893s][info ][safepoint      ] Safepoint "Cleanup", Time since last: 2000194627 ns, Reaching safepoint: 59204 ns, At safepoint: 8101 ns, Total: 67305 ns
[3217.893s][info ][safepoint      ] Safepoint "Cleanup", Time since last: 1000116714 ns, Reaching safepoint: 40703 ns, At safepoint: 3001 ns, Total: 43704 ns
[3223.147s][info ][gc,start       ] GC(173) Pause Young (Allocation Failure)
[3223.181s][debug][gc,phases      ] GC(173) Scavenge 33.288ms
[3223.181s][debug][gc,ref         ] GC(173) Skipped phase 1 of Reference Processing: no references
[3223.181s][debug][gc,ref         ] GC(173) ReferenceProcessor::execute queues: 1, RefProcThreadModel::Single, marks_oops_alive: false
[3223.181s][debug][gc,ref         ] GC(173) Skipped phase 3 of Reference Processing: no references
[3223.181s][debug][gc,ref         ] GC(173) ReferenceProcessor::execute queues: 1, RefProcThreadModel::Single, marks_oops_alive: false
[3223.181s][debug][gc,phases      ] GC(173) Reference Processing 0.123ms
[3223.181s][debug][gc,phases      ] GC(173)   VM Weak                        Min:  0.0, Avg:  0.0, Max:  0.0, Diff:  0.0, Sum:  0.0, Workers: 4
[3223.181s][debug][gc,phases      ] GC(173)     Dead                           Min: 0, Avg:  0.0, Max: 0, Diff: 0, Sum: 0, Workers: 4
[3223.181s][debug][gc,phases      ] GC(173)     Total                          Min: 0, Avg: 236.8, Max: 832, Diff: 832, Sum: 947, Workers: 4
[3223.181s][debug][gc,phases      ] GC(173)   ObjectSynchronizer Weak        Min:  0.0, Avg:  0.0, Max:  0.0, Diff:  0.0, Sum:  0.0, Workers: 4
[3223.181s][debug][gc,phases      ] GC(173)     Dead                           Min: 0, Avg:  0.0, Max: 0, Diff: 0, Sum: 0, Workers: 4
[3223.181s][debug][gc,phases      ] GC(173)     Total                          Min: 0, Avg: 26.2, Max: 64, Diff: 64, Sum: 105, Workers: 4
[3223.181s][debug][gc,phases      ] GC(173)   JVMTI Tag Weak OopStorage      Min:  0.0, Avg:  0.0, Max:  0.0, Diff:  0.0, Sum:  0.0, Workers: 4
[3223.181s][debug][gc,phases      ] GC(173)     Dead                           Min: 0, Avg:  0.0, Max: 0, Diff: 0, Sum: 0, Workers: 4
[3223.181s][debug][gc,phases      ] GC(173)     Total                          Min: 0, Avg:  0.0, Max: 0, Diff: 0, Sum: 0, Workers: 4
[3223.181s][debug][gc,phases      ] GC(173)   StringTable Weak               Min:  0.1, Avg:  0.1, Max:  0.1, Diff:  0.0, Sum:  0.4, Workers: 4
[3223.181s][debug][gc,phases      ] GC(173)     Dead                           Min: 0, Avg:  0.0, Max: 0, Diff: 0, Sum: 0, Workers: 4
[3223.181s][debug][gc,phases      ] GC(173)     Total                          Min: 9792, Avg: 11089.0, Max: 12416, Diff: 2624, Sum: 44356, Workers: 4
[3223.181s][debug][gc,phases      ] GC(173)   ResolvedMethodTable Weak       Min:  0.0, Avg:  0.0, Max:  0.0, Diff:  0.0, Sum:  0.1, Workers: 4
[3223.181s][debug][gc,phases      ] GC(173)     Dead                           Min: 0, Avg:  0.0, Max: 0, Diff: 0, Sum: 0, Workers: 4
[3223.181s][debug][gc,phases      ] GC(173)     Total                          Min: 2496, Avg: 2562.5, Max: 2688, Diff: 192, Sum: 10250, Workers: 4
[3223.181s][debug][gc,phases      ] GC(173)   JNI Weak                       Min:  0.0, Avg:  0.0, Max:  0.0, Diff:  0.0, Sum:  0.0, Workers: 4
[3223.181s][debug][gc,phases      ] GC(173)     Dead                           Min: 0, Avg:  0.0, Max: 0, Diff: 0, Sum: 0, Workers: 4
[3223.181s][debug][gc,phases      ] GC(173)     Total                          Min: 0, Avg: 11.2, Max: 45, Diff: 45, Sum: 45, Workers: 4
[3223.181s][debug][gc,phases      ] GC(173)   StringDedup Table Weak         Min:  0.0, Avg:  0.0, Max:  0.0, Diff:  0.0, Sum:  0.0, Workers: 4
[3223.181s][debug][gc,phases      ] GC(173)     Dead                           Min: 0, Avg:  0.0, Max: 0, Diff: 0, Sum: 0, Workers: 4
[3223.181s][debug][gc,phases      ] GC(173)     Total                          Min: 0, Avg:  0.0, Max: 0, Diff: 0, Sum: 0, Workers: 4
[3223.181s][debug][gc,phases      ] GC(173)   StringDedup Requests0 Weak     Min:  0.0, Avg:  0.0, Max:  0.0, Diff:  0.0, Sum:  0.0, Workers: 4
[3223.181s][debug][gc,phases      ] GC(173)     Dead                           Min: 0, Avg:  0.0, Max: 0, Diff: 0, Sum: 0, Workers: 4
[3223.181s][debug][gc,phases      ] GC(173)     Total                          Min: 0, Avg:  0.0, Max: 0, Diff: 0, Sum: 0, Workers: 4
[3223.181s][debug][gc,phases      ] GC(173)   StringDedup Requests1 Weak     Min:  0.0, Avg:  0.0, Max:  0.0, Diff:  0.0, Sum:  0.0, Workers: 4
[3223.181s][debug][gc,phases      ] GC(173)     Dead                           Min: 0, Avg:  0.0, Max: 0, Diff: 0, Sum: 0, Workers: 4
[3223.181s][debug][gc,phases      ] GC(173)     Total                          Min: 0, Avg:  0.0, Max: 0, Diff: 0, Sum: 0, Workers: 4
[3223.181s][debug][gc,phases      ] GC(173)   Weak JFR Old Object Samples    Min:  0.0, Avg:  0.0, Max:  0.0, Diff:  0.0, Sum:  0.0, Workers: 4
[3223.181s][debug][gc,phases      ] GC(173)     Dead                           Min: 0, Avg:  0.0, Max: 0, Diff: 0, Sum: 0, Workers: 4
[3223.181s][debug][gc,phases      ] GC(173)     Total                          Min: 0, Avg:  0.0, Max: 0, Diff: 0, Sum: 0, Workers: 4
[3223.181s][debug][gc,phases      ] GC(173) Weak Processing 0.328ms
[3223.181s][debug][gc,age         ] GC(173) Desired survivor size 159907840 bytes, new threshold 15 (max threshold 15)
[3223.181s][info ][gc,heap        ] GC(173) PSYoungGen: 1906264K(1941504K)->110260K(1911808K) Eden: 1801216K(1801216K)->0K(1801216K) From: 105048K(140288K)->110260K(110592K)
[3223.181s][info ][gc,heap        ] GC(173) ParOldGen: 715472K(764416K)->715608K(764416K)
[3223.181s][info ][gc,metaspace   ] GC(173) Metaspace: 85323K(86464K)->85323K(86464K) NonClass: 73271K(73920K)->73271K(73920K) Class: 12051K(12544K)->12051K(12544K)
[3223.181s][info ][gc             ] GC(173) Pause Young (Allocation Failure) 2560M->806M(2613M) 33.873ms
[3223.181s][info ][gc,cpu         ] GC(173) User=0.11s Sys=0.00s Real=0.04s
[3223.181s][info ][safepoint      ] Safepoint "ParallelGCFailedAllocation", Time since last: 5253981193 ns, Reaching safepoint: 109608 ns, At safepoint: 33957814 ns, Total: 34067422 ns
[3224.181s][info ][safepoint      ] Safepoint "Cleanup", Time since last: 1000054111 ns, Reaching safepoint: 45103 ns, At safepoint: 3001 ns, Total: 48104 ns
[3226.181s][info ][safepoint      ] Safepoint "Cleanup", Time since last: 1998970241 ns, Reaching safepoint: 115108 ns, At safepoint: 13401 ns, Total: 128509 ns
[3227.181s][info ][safepoint      ] Safepoint "Cleanup", Time since last: 1000103314 ns, Reaching safepoint: 90007 ns, At safepoint: 7000 ns, Total: 97007 ns
[3229.181s][info ][safepoint      ] Safepoint "Cleanup", Time since last: 2000173527 ns, Reaching safepoint: 37703 ns, At safepoint: 3300 ns, Total: 41003 ns
[3230.181s][info ][safepoint      ] Safepoint "Cleanup", Time since last: 1000106015 ns, Reaching safepoint: 29703 ns, At safepoint: 3100 ns, Total: 32803 ns
[3231.181s][info ][safepoint      ] Safepoint "Cleanup", Time since last: 1000109415 ns, Reaching safepoint: 46703 ns, At safepoint: 3201 ns, Total: 49904 ns
[3234.182s][info ][safepoint      ] Safepoint "Cleanup", Time since last: 3000242640 ns, Reaching safepoint: 48104 ns, At safepoint: 16201 ns, Total: 64305 ns
[3242.802s][info ][gc,start       ] GC(174) Pause Young (Allocation Failure)
[3242.839s][debug][gc,phases      ] GC(174) Scavenge 37.026ms
[3242.839s][debug][gc,ref         ] GC(174) Skipped phase 1 of Reference Processing: no references
[3242.839s][debug][gc,ref         ] GC(174) ReferenceProcessor::execute queues: 1, RefProcThreadModel::Single, marks_oops_alive: false
[3242.839s][debug][gc,ref         ] GC(174) Skipped phase 3 of Reference Processing: no references
[3242.839s][debug][gc,ref         ] GC(174) ReferenceProcessor::execute queues: 1, RefProcThreadModel::Single, marks_oops_alive: false
[3242.839s][debug][gc,phases      ] GC(174) Reference Processing 0.110ms
[3242.839s][debug][gc,phases      ] GC(174)   VM Weak                        Min:  0.0, Avg:  0.0, Max:  0.0, Diff:  0.0, Sum:  0.0, Workers: 4
[3242.839s][debug][gc,phases      ] GC(174)     Dead                           Min: 0, Avg:  0.0, Max: 0, Diff: 0, Sum: 0, Workers: 4
[3242.839s][debug][gc,phases      ] GC(174)     Total                          Min: 0, Avg: 237.8, Max: 503, Diff: 503, Sum: 951, Workers: 4
[3242.839s][debug][gc,phases      ] GC(174)   ObjectSynchronizer Weak        Min:  0.0, Avg:  0.0, Max:  0.0, Diff:  0.0, Sum:  0.0, Workers: 4
[3242.839s][debug][gc,phases      ] GC(174)     Dead                           Min: 0, Avg:  0.0, Max: 0, Diff: 0, Sum: 0, Workers: 4
[3242.839s][debug][gc,phases      ] GC(174)     Total                          Min: 0, Avg: 26.2, Max: 64, Diff: 64, Sum: 105, Workers: 4
[3242.839s][debug][gc,phases      ] GC(174)   JVMTI Tag Weak OopStorage      Min:  0.0, Avg:  0.0, Max:  0.0, Diff:  0.0, Sum:  0.0, Workers: 4
[3242.839s][debug][gc,phases      ] GC(174)     Dead                           Min: 0, Avg:  0.0, Max: 0, Diff: 0, Sum: 0, Workers: 4
[3242.839s][debug][gc,phases      ] GC(174)     Total                          Min: 0, Avg:  0.0, Max: 0, Diff: 0, Sum: 0, Workers: 4
[3242.839s][debug][gc,phases      ] GC(174)   StringTable Weak               Min:  0.0, Avg:  0.1, Max:  0.2, Diff:  0.2, Sum:  0.4, Workers: 4
[3242.839s][debug][gc,phases      ] GC(174)     Dead                           Min: 0, Avg:  0.2, Max: 1, Diff: 1, Sum: 1, Workers: 4
[3242.839s][debug][gc,phases      ] GC(174)     Total                          Min: 0, Avg: 11090.8, Max: 22988, Diff: 22988, Sum: 44363, Workers: 4
[3242.839s][debug][gc,phases      ] GC(174)   ResolvedMethodTable Weak       Min:  0.0, Avg:  0.0, Max:  0.1, Diff:  0.1, Sum:  0.1, Workers: 4
[3242.839s][debug][gc,phases      ] GC(174)     Dead                           Min: 0, Avg:  0.0, Max: 0, Diff: 0, Sum: 0, Workers: 4
[3242.839s][debug][gc,phases      ] GC(174)     Total                          Min: 0, Avg: 2565.8, Max: 5312, Diff: 5312, Sum: 10263, Workers: 4
[3242.839s][debug][gc,phases      ] GC(174)   JNI Weak                       Min:  0.0, Avg:  0.0, Max:  0.0, Diff:  0.0, Sum:  0.0, Workers: 4
[3242.839s][debug][gc,phases      ] GC(174)     Dead                           Min: 0, Avg:  0.0, Max: 0, Diff: 0, Sum: 0, Workers: 4
[3242.839s][debug][gc,phases      ] GC(174)     Total                          Min: 0, Avg: 11.2, Max: 45, Diff: 45, Sum: 45, Workers: 4
[3242.839s][debug][gc,phases      ] GC(174)   StringDedup Table Weak         Min:  0.0, Avg:  0.0, Max:  0.0, Diff:  0.0, Sum:  0.0, Workers: 4
[3242.839s][debug][gc,phases      ] GC(174)     Dead                           Min: 0, Avg:  0.0, Max: 0, Diff: 0, Sum: 0, Workers: 4
[3242.839s][debug][gc,phases      ] GC(174)     Total                          Min: 0, Avg:  0.0, Max: 0, Diff: 0, Sum: 0, Workers: 4
[3242.839s][debug][gc,phases      ] GC(174)   StringDedup Requests0 Weak     Min:  0.0, Avg:  0.0, Max:  0.0, Diff:  0.0, Sum:  0.0, Workers: 4
[3242.839s][debug][gc,phases      ] GC(174)     Dead                           Min: 0, Avg:  0.0, Max: 0, Diff: 0, Sum: 0, Workers: 4
[3242.839s][debug][gc,phases      ] GC(174)     Total                          Min: 0, Avg:  0.0, Max: 0, Diff: 0, Sum: 0, Workers: 4
[3242.839s][debug][gc,phases      ] GC(174)   StringDedup Requests1 Weak     Min:  0.0, Avg:  0.0, Max:  0.0, Diff:  0.0, Sum:  0.0, Workers: 4
[3242.839s][debug][gc,phases      ] GC(174)     Dead                           Min: 0, Avg:  0.0, Max: 0, Diff: 0, Sum: 0, Workers: 4
[3242.839s][debug][gc,phases      ] GC(174)     Total                          Min: 0, Avg:  0.0, Max: 0, Diff: 0, Sum: 0, Workers: 4
[3242.839s][debug][gc,phases      ] GC(174)   Weak JFR Old Object Samples    Min:  0.0, Avg:  0.0, Max:  0.0, Diff:  0.0, Sum:  0.0, Workers: 4
[3242.839s][debug][gc,phases      ] GC(174)     Dead                           Min: 0, Avg:  0.0, Max: 0, Diff: 0, Sum: 0, Workers: 4
[3242.839s][debug][gc,phases      ] GC(174)     Total                          Min: 0, Avg:  0.0, Max: 0, Diff: 0, Sum: 0, Workers: 4
[3242.839s][debug][gc,phases      ] GC(174) Weak Processing 0.463ms
[3242.839s][debug][gc,age         ] GC(174) Desired survivor size 166199296 bytes, new threshold 15 (max threshold 15)
[3242.839s][info ][gc,heap        ] GC(174) PSYoungGen: 1911476K(1911808K)->111412K(1928704K) Eden: 1801216K(1801216K)->0K(1772544K) From: 110260K(110592K)->111412K(156160K)
[3242.839s][info ][gc,heap        ] GC(174) ParOldGen: 715608K(764416K)->715656K(764416K)
[3242.839s][info ][gc,metaspace   ] GC(174) Metaspace: 85394K(86592K)->85394K(86592K) NonClass: 73337K(73984K)->73337K(73984K) Class: 12056K(12608K)->12056K(12608K)
[3242.840s][info ][gc             ] GC(174) Pause Young (Allocation Failure) 2565M->807M(2630M) 37.736ms
[3242.840s][info ][gc,cpu         ] GC(174) User=0.11s Sys=0.00s Real=0.04s
[3242.840s][info ][safepoint      ] Safepoint "ParallelGCFailedAllocation", Time since last: 8620016154 ns, Reaching safepoint: 104207 ns, At safepoint: 37823690 ns, Total: 37927897 ns
[3244.840s][info ][safepoint      ] Safepoint "Cleanup", Time since last: 2000162629 ns, Reaching safepoint: 60304 ns, At safepoint: 3200 ns, Total: 63504 ns
[3245.840s][info ][safepoint      ] Safepoint "Cleanup", Time since last: 1000117918 ns, Reaching safepoint: 77805 ns, At safepoint: 2800 ns, Total: 80605 ns
[3246.840s][info ][safepoint      ] Safepoint "Cleanup", Time since last: 1000108717 ns, Reaching safepoint: 53804 ns, At safepoint: 3900 ns, Total: 57704 ns
[3247.840s][info ][safepoint      ] Safepoint "Cleanup", Time since last: 1000110817 ns, Reaching safepoint: 45603 ns, At safepoint: 3400 ns, Total: 49003 ns
[3248.840s][info ][safepoint      ] Safepoint "Cleanup", Time since last: 1000086816 ns, Reaching safepoint: 50103 ns, At safepoint: 2700 ns, Total: 52803 ns
[3249.841s][info ][safepoint      ] Safepoint "Cleanup", Time since last: 1000111217 ns, Reaching safepoint: 42103 ns, At safepoint: 6101 ns, Total: 48204 ns
[3254.841s][info ][safepoint      ] Safepoint "Cleanup", Time since last: 5000488082 ns, Reaching safepoint: 59004 ns, At safepoint: 30302 ns, Total: 89306 ns
[3260.842s][info ][safepoint      ] Safepoint "Cleanup", Time since last: 6000499394 ns, Reaching safepoint: 42503 ns, At safepoint: 4701 ns, Total: 47204 ns
[3262.842s][info ][safepoint      ] Safepoint "Cleanup", Time since last: 2000207635 ns, Reaching safepoint: 63204 ns, At safepoint: 4000 ns, Total: 67204 ns
[3262.864s][info ][gc,start       ] GC(175) Pause Young (Allocation Failure)
[3262.896s][debug][gc,phases      ] GC(175) Scavenge 31.825ms
[3262.896s][debug][gc,ref         ] GC(175) Skipped phase 1 of Reference Processing: no references
[3262.896s][debug][gc,ref         ] GC(175) ReferenceProcessor::execute queues: 1, RefProcThreadModel::Single, marks_oops_alive: false
[3262.896s][debug][gc,ref         ] GC(175) Skipped phase 3 of Reference Processing: no references
[3262.896s][debug][gc,ref         ] GC(175) ReferenceProcessor::execute queues: 1, RefProcThreadModel::Single, marks_oops_alive: false
[3262.896s][debug][gc,phases      ] GC(175) Reference Processing 0.145ms
[3262.897s][debug][gc,phases      ] GC(175)   VM Weak                        Min:  0.0, Avg:  0.0, Max:  0.0, Diff:  0.0, Sum:  0.0, Workers: 4
[3262.897s][debug][gc,phases      ] GC(175)     Dead                           Min: 0, Avg:  0.0, Max: 0, Diff: 0, Sum: 0, Workers: 4
[3262.897s][debug][gc,phases      ] GC(175)     Total                          Min: 0, Avg: 237.8, Max: 631, Diff: 631, Sum: 951, Workers: 4
[3262.897s][debug][gc,phases      ] GC(175)   ObjectSynchronizer Weak        Min:  0.0, Avg:  0.0, Max:  0.0, Diff:  0.0, Sum:  0.0, Workers: 4
[3262.897s][debug][gc,phases      ] GC(175)     Dead                           Min: 0, Avg:  0.0, Max: 0, Diff: 0, Sum: 0, Workers: 4
[3262.897s][debug][gc,phases      ] GC(175)     Total                          Min: 0, Avg: 26.2, Max: 64, Diff: 64, Sum: 105, Workers: 4
[3262.897s][debug][gc,phases      ] GC(175)   JVMTI Tag Weak OopStorage      Min:  0.0, Avg:  0.0, Max:  0.0, Diff:  0.0, Sum:  0.0, Workers: 4
[3262.897s][debug][gc,phases      ] GC(175)     Dead                           Min: 0, Avg:  0.0, Max: 0, Diff: 0, Sum: 0, Workers: 4
[3262.897s][debug][gc,phases      ] GC(175)     Total                          Min: 0, Avg:  0.0, Max: 0, Diff: 0, Sum: 0, Workers: 4
[3262.897s][debug][gc,phases      ] GC(175)   StringTable Weak               Min:  0.1, Avg:  0.4, Max:  0.9, Diff:  0.8, Sum:  1.6, Workers: 4
[3262.897s][debug][gc,phases      ] GC(175)     Dead                           Min: 0, Avg:  0.0, Max: 0, Diff: 0, Sum: 0, Workers: 4
[3262.897s][debug][gc,phases      ] GC(175)     Total                          Min: 4480, Avg: 11090.8, Max: 25675, Diff: 21195, Sum: 44363, Workers: 4
[3262.897s][debug][gc,phases      ] GC(175)   ResolvedMethodTable Weak       Min:  0.0, Avg:  0.0, Max:  0.1, Diff:  0.1, Sum:  0.2, Workers: 4
[3262.897s][debug][gc,phases      ] GC(175)     Dead                           Min: 0, Avg:  0.0, Max: 0, Diff: 0, Sum: 0, Workers: 4
[3262.897s][debug][gc,phases      ] GC(175)     Total                          Min: 0, Avg: 2565.8, Max: 7063, Diff: 7063, Sum: 10263, Workers: 4
[3262.897s][debug][gc,phases      ] GC(175)   JNI Weak                       Min:  0.0, Avg:  0.0, Max:  0.0, Diff:  0.0, Sum:  0.0, Workers: 4
[3262.897s][debug][gc,phases      ] GC(175)     Dead                           Min: 0, Avg:  0.0, Max: 0, Diff: 0, Sum: 0, Workers: 4
[3262.897s][debug][gc,phases      ] GC(175)     Total                          Min: 0, Avg: 11.2, Max: 45, Diff: 45, Sum: 45, Workers: 4
[3262.897s][debug][gc,phases      ] GC(175)   StringDedup Table Weak         Min:  0.0, Avg:  0.0, Max:  0.0, Diff:  0.0, Sum:  0.0, Workers: 4
[3262.897s][debug][gc,phases      ] GC(175)     Dead                           Min: 0, Avg:  0.0, Max: 0, Diff: 0, Sum: 0, Workers: 4
[3262.897s][debug][gc,phases      ] GC(175)     Total                          Min: 0, Avg:  0.0, Max: 0, Diff: 0, Sum: 0, Workers: 4
[3262.897s][debug][gc,phases      ] GC(175)   StringDedup Requests0 Weak     Min:  0.0, Avg:  0.0, Max:  0.0, Diff:  0.0, Sum:  0.0, Workers: 4
[3262.897s][debug][gc,phases      ] GC(175)     Dead                           Min: 0, Avg:  0.0, Max: 0, Diff: 0, Sum: 0, Workers: 4
[3262.897s][debug][gc,phases      ] GC(175)     Total                          Min: 0, Avg:  0.0, Max: 0, Diff: 0, Sum: 0, Workers: 4
[3262.897s][debug][gc,phases      ] GC(175)   StringDedup Requests1 Weak     Min:  0.0, Avg:  0.0, Max:  0.0, Diff:  0.0, Sum:  0.0, Workers: 4
[3262.897s][debug][gc,phases      ] GC(175)     Dead                           Min: 0, Avg:  0.0, Max: 0, Diff: 0, Sum: 0, Workers: 4
[3262.897s][debug][gc,phases      ] GC(175)     Total                          Min: 0, Avg:  0.0, Max: 0, Diff: 0, Sum: 0, Workers: 4
[3262.897s][debug][gc,phases      ] GC(175)   Weak JFR Old Object Samples    Min:  0.0, Avg:  0.0, Max:  0.0, Diff:  0.0, Sum:  0.0, Workers: 4
[3262.897s][debug][gc,phases      ] GC(175)     Dead                           Min: 0, Avg:  0.0, Max: 0, Diff: 0, Sum: 0, Workers: 4
[3262.897s][debug][gc,phases      ] GC(175)     Total                          Min: 0, Avg:  0.0, Max: 0, Diff: 0, Sum: 0, Workers: 4
[3262.897s][debug][gc,phases      ] GC(175) Weak Processing 1.168ms
[3262.897s][debug][gc,age         ] GC(175) Desired survivor size 170917888 bytes, new threshold 15 (max threshold 15)
[3262.897s][info ][gc,heap        ] GC(175) PSYoungGen: 1883956K(1928704K)->111876K(1884672K) Eden: 1772544K(1772544K)->0K(1772544K) From: 111412K(156160K)->111876K(112128K)
[3262.897s][info ][gc,heap        ] GC(175) ParOldGen: 715656K(764416K)->715712K(764416K)
[3262.897s][info ][gc,metaspace   ] GC(175) Metaspace: 85402K(86592K)->85402K(86592K) NonClass: 73345K(73984K)->73345K(73984K) Class: 12056K(12608K)->12056K(12608K)
[3262.897s][info ][gc             ] GC(175) Pause Young (Allocation Failure) 2538M->808M(2587M) 33.281ms
[3262.897s][info ][gc,cpu         ] GC(175) User=0.11s Sys=0.00s Real=0.03s
[3262.897s][info ][safepoint      ] Safepoint "ParallelGCFailedAllocation", Time since last: 21861755 ns, Reaching safepoint: 32602 ns, At safepoint: 33372874 ns, Total: 33405476 ns
[3263.898s][info ][safepoint      ] Safepoint "Cleanup", Time since last: 1000105517 ns, Reaching safepoint: 115709 ns, At safepoint: 7700 ns, Total: 123409 ns
[3268.898s][info ][safepoint      ] Safepoint "Cleanup", Time since last: 5000421983 ns, Reaching safepoint: 135609 ns, At safepoint: 7401 ns, Total: 143010 ns
[3273.899s][info ][safepoint      ] Safepoint "Cleanup", Time since last: 5000385382 ns, Reaching safepoint: 116508 ns, At safepoint: 11401 ns, Total: 127909 ns
[3281.571s][info ][safepoint      ] Safepoint "Cleanup", Time since last: 7672226182 ns, Reaching safepoint: 47904 ns, At safepoint: 2800 ns, Total: 50704 ns
[3284.903s][info ][gc,start       ] GC(176) Pause Young (Allocation Failure)
[3284.934s][debug][gc,phases      ] GC(176) Scavenge 31.376ms
[3284.934s][debug][gc,ref         ] GC(176) Skipped phase 1 of Reference Processing: no references
[3284.934s][debug][gc,ref         ] GC(176) ReferenceProcessor::execute queues: 1, RefProcThreadModel::Single, marks_oops_alive: false
[3284.934s][debug][gc,ref         ] GC(176) Skipped phase 3 of Reference Processing: no references
[3284.934s][debug][gc,ref         ] GC(176) ReferenceProcessor::execute queues: 1, RefProcThreadModel::Single, marks_oops_alive: false
[3284.934s][debug][gc,phases      ] GC(176) Reference Processing 0.108ms
[3284.935s][debug][gc,phases      ] GC(176)   VM Weak                        Min:  0.0, Avg:  0.0, Max:  0.0, Diff:  0.0, Sum:  0.0, Workers: 4
[3284.935s][debug][gc,phases      ] GC(176)     Dead                           Min: 0, Avg:  0.0, Max: 0, Diff: 0, Sum: 0, Workers: 4
[3284.935s][debug][gc,phases      ] GC(176)     Total                          Min: 0, Avg: 237.8, Max: 567, Diff: 567, Sum: 951, Workers: 4
[3284.935s][debug][gc,phases      ] GC(176)   ObjectSynchronizer Weak        Min:  0.0, Avg:  0.0, Max:  0.0, Diff:  0.0, Sum:  0.0, Workers: 4
[3284.935s][debug][gc,phases      ] GC(176)     Dead                           Min: 0, Avg:  0.0, Max: 0, Diff: 0, Sum: 0, Workers: 4
[3284.935s][debug][gc,phases      ] GC(176)     Total                          Min: 0, Avg: 26.2, Max: 64, Diff: 64, Sum: 105, Workers: 4
[3284.935s][debug][gc,phases      ] GC(176)   JVMTI Tag Weak OopStorage      Min:  0.0, Avg:  0.0, Max:  0.0, Diff:  0.0, Sum:  0.0, Workers: 4
[3284.935s][debug][gc,phases      ] GC(176)     Dead                           Min: 0, Avg:  0.0, Max: 0, Diff: 0, Sum: 0, Workers: 4
[3284.935s][debug][gc,phases      ] GC(176)     Total                          Min: 0, Avg:  0.0, Max: 0, Diff: 0, Sum: 0, Workers: 4
[3284.935s][debug][gc,phases      ] GC(176)   StringTable Weak               Min:  0.0, Avg:  0.1, Max:  0.2, Diff:  0.2, Sum:  0.4, Workers: 4
[3284.935s][debug][gc,phases      ] GC(176)     Dead                           Min: 0, Avg:  0.0, Max: 0, Diff: 0, Sum: 0, Workers: 4
[3284.935s][debug][gc,phases      ] GC(176)     Total                          Min: 0, Avg: 11090.8, Max: 22348, Diff: 22348, Sum: 44363, Workers: 4
[3284.935s][debug][gc,phases      ] GC(176)   ResolvedMethodTable Weak       Min:  0.0, Avg:  0.0, Max:  0.0, Diff:  0.0, Sum:  0.1, Workers: 4
[3284.935s][debug][gc,phases      ] GC(176)     Dead                           Min: 0, Avg:  0.0, Max: 0, Diff: 0, Sum: 0, Workers: 4
[3284.935s][debug][gc,phases      ] GC(176)     Total                          Min: 0, Avg: 2565.8, Max: 5399, Diff: 5399, Sum: 10263, Workers: 4
[3284.935s][debug][gc,phases      ] GC(176)   JNI Weak                       Min:  0.0, Avg:  0.0, Max:  0.0, Diff:  0.0, Sum:  0.0, Workers: 4
[3284.935s][debug][gc,phases      ] GC(176)     Dead                           Min: 0, Avg:  0.0, Max: 0, Diff: 0, Sum: 0, Workers: 4
[3284.935s][debug][gc,phases      ] GC(176)     Total                          Min: 0, Avg: 11.2, Max: 45, Diff: 45, Sum: 45, Workers: 4
[3284.935s][debug][gc,phases      ] GC(176)   StringDedup Table Weak         Min:  0.0, Avg:  0.0, Max:  0.0, Diff:  0.0, Sum:  0.0, Workers: 4
[3284.935s][debug][gc,phases      ] GC(176)     Dead                           Min: 0, Avg:  0.0, Max: 0, Diff: 0, Sum: 0, Workers: 4
[3284.935s][debug][gc,phases      ] GC(176)     Total                          Min: 0, Avg:  0.0, Max: 0, Diff: 0, Sum: 0, Workers: 4
[3284.935s][debug][gc,phases      ] GC(176)   StringDedup Requests0 Weak     Min:  0.0, Avg:  0.0, Max:  0.0, Diff:  0.0, Sum:  0.0, Workers: 4
[3284.935s][debug][gc,phases      ] GC(176)     Dead                           Min: 0, Avg:  0.0, Max: 0, Diff: 0, Sum: 0, Workers: 4
[3284.935s][debug][gc,phases      ] GC(176)     Total                          Min: 0, Avg:  0.0, Max: 0, Diff: 0, Sum: 0, Workers: 4
[3284.935s][debug][gc,phases      ] GC(176)   StringDedup Requests1 Weak     Min:  0.0, Avg:  0.0, Max:  0.0, Diff:  0.0, Sum:  0.0, Workers: 4
[3284.935s][debug][gc,phases      ] GC(176)     Dead                           Min: 0, Avg:  0.0, Max: 0, Diff: 0, Sum: 0, Workers: 4
[3284.935s][debug][gc,phases      ] GC(176)     Total                          Min: 0, Avg:  0.0, Max: 0, Diff: 0, Sum: 0, Workers: 4
[3284.935s][debug][gc,phases      ] GC(176)   Weak JFR Old Object Samples    Min:  0.0, Avg:  0.0, Max:  0.0, Diff:  0.0, Sum:  0.0, Workers: 4
[3284.935s][debug][gc,phases      ] GC(176)     Dead                           Min: 0, Avg:  0.0, Max: 0, Diff: 0, Sum: 0, Workers: 4
[3284.935s][debug][gc,phases      ] GC(176)     Total                          Min: 0, Avg:  0.0, Max: 0, Diff: 0, Sum: 0, Workers: 4
[3284.935s][debug][gc,phases      ] GC(176) Weak Processing 0.493ms
[3284.935s][debug][gc,age         ] GC(176) Desired survivor size 172490752 bytes, new threshold 15 (max threshold 15)
[3284.935s][info ][gc,heap        ] GC(176) PSYoungGen: 1884420K(1884672K)->106912K(1927168K) Eden: 1772544K(1772544K)->0K(1760256K) From: 111876K(112128K)->106912K(166912K)
[3284.935s][info ][gc,heap        ] GC(176) ParOldGen: 715712K(764416K)->721116K(764416K)
[3284.935s][info ][gc,metaspace   ] GC(176) Metaspace: 85418K(86592K)->85418K(86592K) NonClass: 73362K(73984K)->73362K(73984K) Class: 12056K(12608K)->12056K(12608K)
[3284.935s][info ][gc             ] GC(176) Pause Young (Allocation Failure) 2539M->808M(2628M) 32.112ms
[3284.935s][info ][gc,cpu         ] GC(176) User=0.11s Sys=0.00s Real=0.03s
[3284.935s][info ][safepoint      ] Safepoint "ParallelGCFailedAllocation", Time since last: 3331620517 ns, Reaching safepoint: 117109 ns, At safepoint: 32200090 ns, Total: 32317199 ns
[3286.935s][info ][safepoint      ] Safepoint "Cleanup", Time since last: 2000150934 ns, Reaching safepoint: 43003 ns, At safepoint: 4101 ns, Total: 47104 ns
[3293.936s][info ][safepoint      ] Safepoint "Cleanup", Time since last: 7000470920 ns, Reaching safepoint: 43103 ns, At safepoint: 10100 ns, Total: 53203 ns
[3295.936s][info ][safepoint      ] Safepoint "Cleanup", Time since last: 2000163037 ns, Reaching safepoint: 39703 ns, At safepoint: 3500 ns, Total: 43203 ns
[3296.872s][info ][gc,start       ] GC(177) Pause Young (Allocation Failure)
[3296.917s][debug][gc,phases      ] GC(177) Scavenge 45.177ms
[3296.917s][debug][gc,ref         ] GC(177) Skipped phase 1 of Reference Processing: no references
[3296.917s][debug][gc,ref         ] GC(177) ReferenceProcessor::execute queues: 1, RefProcThreadModel::Single, marks_oops_alive: false
[3296.917s][debug][gc,ref         ] GC(177) Skipped phase 3 of Reference Processing: no references
[3296.917s][debug][gc,ref         ] GC(177) ReferenceProcessor::execute queues: 1, RefProcThreadModel::Single, marks_oops_alive: false
[3296.917s][debug][gc,phases      ] GC(177) Reference Processing 0.110ms
[3296.917s][debug][gc,phases      ] GC(177)   VM Weak                        Min:  0.0, Avg:  0.0, Max:  0.0, Diff:  0.0, Sum:  0.0, Workers: 4
[3296.917s][debug][gc,phases      ] GC(177)     Dead                           Min: 0, Avg:  0.0, Max: 0, Diff: 0, Sum: 0, Workers: 4
[3296.917s][debug][gc,phases      ] GC(177)     Total                          Min: 0, Avg: 237.8, Max: 640, Diff: 640, Sum: 951, Workers: 4
[3296.917s][debug][gc,phases      ] GC(177)   ObjectSynchronizer Weak        Min:  0.0, Avg:  0.0, Max:  0.0, Diff:  0.0, Sum:  0.0, Workers: 4
[3296.917s][debug][gc,phases      ] GC(177)     Dead                           Min: 0, Avg:  0.0, Max: 0, Diff: 0, Sum: 0, Workers: 4
[3296.917s][debug][gc,phases      ] GC(177)     Total                          Min: 0, Avg: 26.2, Max: 64, Diff: 64, Sum: 105, Workers: 4
[3296.917s][debug][gc,phases      ] GC(177)   JVMTI Tag Weak OopStorage      Min:  0.0, Avg:  0.0, Max:  0.0, Diff:  0.0, Sum:  0.0, Workers: 4
[3296.917s][debug][gc,phases      ] GC(177)     Dead                           Min: 0, Avg:  0.0, Max: 0, Diff: 0, Sum: 0, Workers: 4
[3296.917s][debug][gc,phases      ] GC(177)     Total                          Min: 0, Avg:  0.0, Max: 0, Diff: 0, Sum: 0, Workers: 4
[3296.917s][debug][gc,phases      ] GC(177)   StringTable Weak               Min:  0.1, Avg:  0.1, Max:  0.1, Diff:  0.0, Sum:  0.4, Workers: 4
[3296.917s][debug][gc,phases      ] GC(177)     Dead                           Min: 0, Avg:  0.5, Max: 2, Diff: 2, Sum: 2, Workers: 4
[3296.917s][debug][gc,phases      ] GC(177)     Total                          Min: 9088, Avg: 11091.2, Max: 12495, Diff: 3407, Sum: 44365, Workers: 4
[3296.917s][debug][gc,phases      ] GC(177)   ResolvedMethodTable Weak       Min:  0.0, Avg:  0.0, Max:  0.0, Diff:  0.0, Sum:  0.1, Workers: 4
[3296.917s][debug][gc,phases      ] GC(177)     Dead                           Min: 0, Avg:  0.0, Max: 0, Diff: 0, Sum: 0, Workers: 4
[3296.917s][debug][gc,phases      ] GC(177)     Total                          Min: 2368, Avg: 2567.0, Max: 2752, Diff: 384, Sum: 10268, Workers: 4
[3296.917s][debug][gc,phases      ] GC(177)   JNI Weak                       Min:  0.0, Avg:  0.0, Max:  0.0, Diff:  0.0, Sum:  0.0, Workers: 4
[3296.917s][debug][gc,phases      ] GC(177)     Dead                           Min: 0, Avg:  0.0, Max: 0, Diff: 0, Sum: 0, Workers: 4
[3296.917s][debug][gc,phases      ] GC(177)     Total                          Min: 0, Avg: 11.2, Max: 45, Diff: 45, Sum: 45, Workers: 4
[3296.917s][debug][gc,phases      ] GC(177)   StringDedup Table Weak         Min:  0.0, Avg:  0.0, Max:  0.0, Diff:  0.0, Sum:  0.0, Workers: 4
[3296.917s][debug][gc,phases      ] GC(177)     Dead                           Min: 0, Avg:  0.0, Max: 0, Diff: 0, Sum: 0, Workers: 4
[3296.917s][debug][gc,phases      ] GC(177)     Total                          Min: 0, Avg:  0.0, Max: 0, Diff: 0, Sum: 0, Workers: 4
[3296.917s][debug][gc,phases      ] GC(177)   StringDedup Requests0 Weak     Min:  0.0, Avg:  0.0, Max:  0.0, Diff:  0.0, Sum:  0.0, Workers: 4
[3296.917s][debug][gc,phases      ] GC(177)     Dead                           Min: 0, Avg:  0.0, Max: 0, Diff: 0, Sum: 0, Workers: 4
[3296.917s][debug][gc,phases      ] GC(177)     Total                          Min: 0, Avg:  0.0, Max: 0, Diff: 0, Sum: 0, Workers: 4
[3296.918s][debug][gc,phases      ] GC(177)   StringDedup Requests1 Weak     Min:  0.0, Avg:  0.0, Max:  0.0, Diff:  0.0, Sum:  0.0, Workers: 4
[3296.918s][debug][gc,phases      ] GC(177)     Dead                           Min: 0, Avg:  0.0, Max: 0, Diff: 0, Sum: 0, Workers: 4
[3296.918s][debug][gc,phases      ] GC(177)     Total                          Min: 0, Avg:  0.0, Max: 0, Diff: 0, Sum: 0, Workers: 4
[3296.918s][debug][gc,phases      ] GC(177)   Weak JFR Old Object Samples    Min:  0.0, Avg:  0.0, Max:  0.0, Diff:  0.0, Sum:  0.0, Workers: 4
[3296.918s][debug][gc,phases      ] GC(177)     Dead                           Min: 0, Avg:  0.0, Max: 0, Diff: 0, Sum: 0, Workers: 4
[3296.918s][debug][gc,phases      ] GC(177)     Total                          Min: 0, Avg:  0.0, Max: 0, Diff: 0, Sum: 0, Workers: 4
[3296.918s][debug][gc,phases      ] GC(177) Weak Processing 0.328ms
[3296.918s][debug][gc,age         ] GC(177) Desired survivor size 182452224 bytes, new threshold 15 (max threshold 15)
[3296.918s][info ][gc,heap        ] GC(177) PSYoungGen: 1867168K(1927168K)->131632K(1892352K) Eden: 1760256K(1760256K)->0K(1760256K) From: 106912K(166912K)->131632K(132096K)
[3296.918s][info ][gc,heap        ] GC(177) ParOldGen: 721116K(764416K)->721264K(764416K)
[3296.918s][info ][gc,metaspace   ] GC(177) Metaspace: 85427K(86592K)->85427K(86592K) NonClass: 73368K(73984K)->73368K(73984K) Class: 12058K(12608K)->12058K(12608K)
[3296.918s][info ][gc             ] GC(177) Pause Young (Allocation Failure) 2527M->832M(2594M) 45.750ms
[3296.918s][info ][gc,cpu         ] GC(177) User=0.14s Sys=0.00s Real=0.04s
[3296.918s][info ][safepoint      ] Safepoint "ParallelGCFailedAllocation", Time since last: 935955759 ns, Reaching safepoint: 105907 ns, At safepoint: 45833760 ns, Total: 45939667 ns
[3297.918s][info ][safepoint      ] Safepoint "Cleanup", Time since last: 1000094319 ns, Reaching safepoint: 120209 ns, At safepoint: 17701 ns, Total: 137910 ns
[3298.918s][info ][safepoint      ] Safepoint "Cleanup", Time since last: 1000129022 ns, Reaching safepoint: 113808 ns, At safepoint: 9601 ns, Total: 123409 ns
[3299.918s][info ][safepoint      ] Safepoint "Cleanup", Time since last: 1000105020 ns, Reaching safepoint: 142311 ns, At safepoint: 12300 ns, Total: 154611 ns
[3300.919s][info ][safepoint      ] Safepoint "Cleanup", Time since last: 1000117822 ns, Reaching safepoint: 105107 ns, At safepoint: 7101 ns, Total: 112208 ns
[3301.391s][info ][gc,start       ] GC(178) Pause Young (Allocation Failure)
[3301.458s][debug][gc,phases      ] GC(178) Scavenge 67.070ms
[3301.458s][debug][gc,ref         ] GC(178) Skipped phase 1 of Reference Processing: no references
[3301.459s][debug][gc,ref         ] GC(178) ReferenceProcessor::execute queues: 1, RefProcThreadModel::Single, marks_oops_alive: false
[3301.459s][debug][gc,ref         ] GC(178) Skipped phase 3 of Reference Processing: no references
[3301.459s][debug][gc,ref         ] GC(178) ReferenceProcessor::execute queues: 1, RefProcThreadModel::Single, marks_oops_alive: false
[3301.459s][debug][gc,phases      ] GC(178) Reference Processing 0.110ms
[3301.459s][debug][gc,phases      ] GC(178)   VM Weak                        Min:  0.0, Avg:  0.0, Max:  0.0, Diff:  0.0, Sum:  0.0, Workers: 4
[3301.459s][debug][gc,phases      ] GC(178)     Dead                           Min: 0, Avg:  0.0, Max: 0, Diff: 0, Sum: 0, Workers: 4
[3301.459s][debug][gc,phases      ] GC(178)     Total                          Min: 0, Avg: 237.8, Max: 576, Diff: 576, Sum: 951, Workers: 4
[3301.459s][debug][gc,phases      ] GC(178)   ObjectSynchronizer Weak        Min:  0.0, Avg:  0.0, Max:  0.0, Diff:  0.0, Sum:  0.0, Workers: 4
[3301.459s][debug][gc,phases      ] GC(178)     Dead                           Min: 0, Avg:  0.0, Max: 0, Diff: 0, Sum: 0, Workers: 4
[3301.459s][debug][gc,phases      ] GC(178)     Total                          Min: 0, Avg: 26.2, Max: 64, Diff: 64, Sum: 105, Workers: 4
[3301.459s][debug][gc,phases      ] GC(178)   JVMTI Tag Weak OopStorage      Min:  0.0, Avg:  0.0, Max:  0.0, Diff:  0.0, Sum:  0.0, Workers: 4
[3301.459s][debug][gc,phases      ] GC(178)     Dead                           Min: 0, Avg:  0.0, Max: 0, Diff: 0, Sum: 0, Workers: 4
[3301.459s][debug][gc,phases      ] GC(178)     Total                          Min: 0, Avg:  0.0, Max: 0, Diff: 0, Sum: 0, Workers: 4
[3301.459s][debug][gc,phases      ] GC(178)   StringTable Weak               Min:  0.0, Avg:  0.1, Max:  0.1, Diff:  0.1, Sum:  0.4, Workers: 4
[3301.459s][debug][gc,phases      ] GC(178)     Dead                           Min: 0, Avg:  0.0, Max: 0, Diff: 0, Sum: 0, Workers: 4
[3301.459s][debug][gc,phases      ] GC(178)     Total                          Min: 0, Avg: 11091.2, Max: 15424, Diff: 15424, Sum: 44365, Workers: 4
[3301.459s][debug][gc,phases      ] GC(178)   ResolvedMethodTable Weak       Min:  0.0, Avg:  0.0, Max:  0.0, Diff:  0.0, Sum:  0.1, Workers: 4
[3301.459s][debug][gc,phases      ] GC(178)     Dead                           Min: 0, Avg:  0.0, Max: 0, Diff: 0, Sum: 0, Workers: 4
[3301.459s][debug][gc,phases      ] GC(178)     Total                          Min: 0, Avg: 2567.0, Max: 3584, Diff: 3584, Sum: 10268, Workers: 4
[3301.459s][debug][gc,phases      ] GC(178)   JNI Weak                       Min:  0.0, Avg:  0.0, Max:  0.0, Diff:  0.0, Sum:  0.0, Workers: 4
[3301.459s][debug][gc,phases      ] GC(178)     Dead                           Min: 0, Avg:  0.0, Max: 0, Diff: 0, Sum: 0, Workers: 4
[3301.459s][debug][gc,phases      ] GC(178)     Total                          Min: 0, Avg: 11.2, Max: 45, Diff: 45, Sum: 45, Workers: 4
[3301.459s][debug][gc,phases      ] GC(178)   StringDedup Table Weak         Min:  0.0, Avg:  0.0, Max:  0.0, Diff:  0.0, Sum:  0.0, Workers: 4
[3301.459s][debug][gc,phases      ] GC(178)     Dead                           Min: 0, Avg:  0.0, Max: 0, Diff: 0, Sum: 0, Workers: 4
[3301.459s][debug][gc,phases      ] GC(178)     Total                          Min: 0, Avg:  0.0, Max: 0, Diff: 0, Sum: 0, Workers: 4
[3301.459s][debug][gc,phases      ] GC(178)   StringDedup Requests0 Weak     Min:  0.0, Avg:  0.0, Max:  0.0, Diff:  0.0, Sum:  0.0, Workers: 4
[3301.459s][debug][gc,phases      ] GC(178)     Dead                           Min: 0, Avg:  0.0, Max: 0, Diff: 0, Sum: 0, Workers: 4
[3301.459s][debug][gc,phases      ] GC(178)     Total                          Min: 0, Avg:  0.0, Max: 0, Diff: 0, Sum: 0, Workers: 4
[3301.459s][debug][gc,phases      ] GC(178)   StringDedup Requests1 Weak     Min:  0.0, Avg:  0.0, Max:  0.0, Diff:  0.0, Sum:  0.0, Workers: 4
[3301.459s][debug][gc,phases      ] GC(178)     Dead                           Min: 0, Avg:  0.0, Max: 0, Diff: 0, Sum: 0, Workers: 4
[3301.459s][debug][gc,phases      ] GC(178)     Total                          Min: 0, Avg:  0.0, Max: 0, Diff: 0, Sum: 0, Workers: 4
[3301.459s][debug][gc,phases      ] GC(178)   Weak JFR Old Object Samples    Min:  0.0, Avg:  0.0, Max:  0.0, Diff:  0.0, Sum:  0.0, Workers: 4
[3301.459s][debug][gc,phases      ] GC(178)     Dead                           Min: 0, Avg:  0.0, Max: 0, Diff: 0, Sum: 0, Workers: 4
[3301.459s][debug][gc,phases      ] GC(178)     Total                          Min: 0, Avg:  0.0, Max: 0, Diff: 0, Sum: 0, Workers: 4
[3301.459s][debug][gc,phases      ] GC(178) Weak Processing 0.370ms
[3301.459s][debug][gc,age         ] GC(178) Desired survivor size 204996608 bytes, new threshold 15 (max threshold 15)
[3301.459s][info ][gc,heap        ] GC(178) PSYoungGen: 1891888K(1892352K)->171184K(1874944K) Eden: 1760256K(1760256K)->0K(1696768K) From: 131632K(132096K)->171184K(178176K)
[3301.459s][info ][gc,heap        ] GC(178) ParOldGen: 721264K(764416K)->721372K(764416K)
[3301.459s][info ][gc,metaspace   ] GC(178) Metaspace: 85429K(86592K)->85429K(86592K) NonClass: 73370K(73984K)->73370K(73984K) Class: 12058K(12608K)->12058K(12608K)
[3301.459s][info ][gc             ] GC(178) Pause Young (Allocation Failure) 2551M->871M(2577M) 67.684ms
[3301.459s][info ][gc,cpu         ] GC(178) User=0.19s Sys=0.01s Real=0.07s
[3301.459s][info ][safepoint      ] Safepoint "ParallelGCFailedAllocation", Time since last: 472587307 ns, Reaching safepoint: 114608 ns, At safepoint: 67781120 ns, Total: 67895728 ns
[3302.459s][info ][safepoint      ] Safepoint "Cleanup", Time since last: 1000087320 ns, Reaching safepoint: 110708 ns, At safepoint: 7100 ns, Total: 117808 ns
[3305.460s][info ][safepoint      ] Safepoint "Cleanup", Time since last: 3000265059 ns, Reaching safepoint: 121509 ns, At safepoint: 6600 ns, Total: 128109 ns
[3305.914s][info ][safepoint      ] Safepoint "ParallelGCFailedAllocation", Time since last: 453879077 ns, Reaching safepoint: 25902 ns, At safepoint: 9301 ns, Total: 35203 ns
[3305.914s][info ][gc,start       ] GC(179) Pause Young (GCLocker Initiated GC)
[3305.967s][debug][gc,phases      ] GC(179) Scavenge 53.164ms
[3305.967s][debug][gc,ref         ] GC(179) Skipped phase 1 of Reference Processing: no references
[3305.967s][debug][gc,ref         ] GC(179) ReferenceProcessor::execute queues: 1, RefProcThreadModel::Single, marks_oops_alive: false
[3305.967s][debug][gc,ref         ] GC(179) Skipped phase 3 of Reference Processing: no references
[3305.967s][debug][gc,ref         ] GC(179) ReferenceProcessor::execute queues: 1, RefProcThreadModel::Single, marks_oops_alive: false
[3305.967s][debug][gc,phases      ] GC(179) Reference Processing 0.119ms
[3305.967s][debug][gc,phases      ] GC(179)   VM Weak                        Min:  0.0, Avg:  0.0, Max:  0.0, Diff:  0.0, Sum:  0.0, Workers: 4
[3305.967s][debug][gc,phases      ] GC(179)     Dead                           Min: 0, Avg:  0.0, Max: 0, Diff: 0, Sum: 0, Workers: 4
[3305.967s][debug][gc,phases      ] GC(179)     Total                          Min: 0, Avg: 237.8, Max: 823, Diff: 823, Sum: 951, Workers: 4
[3305.967s][debug][gc,phases      ] GC(179)   ObjectSynchronizer Weak        Min:  0.0, Avg:  0.0, Max:  0.0, Diff:  0.0, Sum:  0.0, Workers: 4
[3305.967s][debug][gc,phases      ] GC(179)     Dead                           Min: 0, Avg:  0.0, Max: 0, Diff: 0, Sum: 0, Workers: 4
[3305.967s][debug][gc,phases      ] GC(179)     Total                          Min: 0, Avg: 26.2, Max: 64, Diff: 64, Sum: 105, Workers: 4
[3305.967s][debug][gc,phases      ] GC(179)   JVMTI Tag Weak OopStorage      Min:  0.0, Avg:  0.0, Max:  0.0, Diff:  0.0, Sum:  0.0, Workers: 4
[3305.967s][debug][gc,phases      ] GC(179)     Dead                           Min: 0, Avg:  0.0, Max: 0, Diff: 0, Sum: 0, Workers: 4
[3305.967s][debug][gc,phases      ] GC(179)     Total                          Min: 0, Avg:  0.0, Max: 0, Diff: 0, Sum: 0, Workers: 4
[3305.967s][debug][gc,phases      ] GC(179)   StringTable Weak               Min:  0.0, Avg:  0.1, Max:  0.1, Diff:  0.1, Sum:  0.4, Workers: 4
[3305.967s][debug][gc,phases      ] GC(179)     Dead                           Min: 0, Avg:  0.0, Max: 0, Diff: 0, Sum: 0, Workers: 4
[3305.967s][debug][gc,phases      ] GC(179)     Total                          Min: 0, Avg: 11091.5, Max: 15871, Diff: 15871, Sum: 44366, Workers: 4
[3305.967s][debug][gc,phases      ] GC(179)   ResolvedMethodTable Weak       Min:  0.0, Avg:  0.0, Max:  0.0, Diff:  0.0, Sum:  0.1, Workers: 4
[3305.967s][debug][gc,phases      ] GC(179)     Dead                           Min: 0, Avg:  0.0, Max: 0, Diff: 0, Sum: 0, Workers: 4
[3305.967s][debug][gc,phases      ] GC(179)     Total                          Min: 0, Avg: 2567.0, Max: 3740, Diff: 3740, Sum: 10268, Workers: 4
[3305.967s][debug][gc,phases      ] GC(179)   JNI Weak                       Min:  0.0, Avg:  0.0, Max:  0.0, Diff:  0.0, Sum:  0.0, Workers: 4
[3305.967s][debug][gc,phases      ] GC(179)     Dead                           Min: 0, Avg:  0.0, Max: 0, Diff: 0, Sum: 0, Workers: 4
[3305.967s][debug][gc,phases      ] GC(179)     Total                          Min: 0, Avg: 11.2, Max: 45, Diff: 45, Sum: 45, Workers: 4
[3305.967s][debug][gc,phases      ] GC(179)   StringDedup Table Weak         Min:  0.0, Avg:  0.0, Max:  0.0, Diff:  0.0, Sum:  0.0, Workers: 4
[3305.967s][debug][gc,phases      ] GC(179)     Dead                           Min: 0, Avg:  0.0, Max: 0, Diff: 0, Sum: 0, Workers: 4
[3305.967s][debug][gc,phases      ] GC(179)     Total                          Min: 0, Avg:  0.0, Max: 0, Diff: 0, Sum: 0, Workers: 4
[3305.967s][debug][gc,phases      ] GC(179)   StringDedup Requests0 Weak     Min:  0.0, Avg:  0.0, Max:  0.0, Diff:  0.0, Sum:  0.0, Workers: 4
[3305.967s][debug][gc,phases      ] GC(179)     Dead                           Min: 0, Avg:  0.0, Max: 0, Diff: 0, Sum: 0, Workers: 4
[3305.967s][debug][gc,phases      ] GC(179)     Total                          Min: 0, Avg:  0.0, Max: 0, Diff: 0, Sum: 0, Workers: 4
[3305.967s][debug][gc,phases      ] GC(179)   StringDedup Requests1 Weak     Min:  0.0, Avg:  0.0, Max:  0.0, Diff:  0.0, Sum:  0.0, Workers: 4
[3305.967s][debug][gc,phases      ] GC(179)     Dead                           Min: 0, Avg:  0.0, Max: 0, Diff: 0, Sum: 0, Workers: 4
[3305.967s][debug][gc,phases      ] GC(179)     Total                          Min: 0, Avg:  0.0, Max: 0, Diff: 0, Sum: 0, Workers: 4
[3305.967s][debug][gc,phases      ] GC(179)   Weak JFR Old Object Samples    Min:  0.0, Avg:  0.0, Max:  0.0, Diff:  0.0, Sum:  0.0, Workers: 4
[3305.967s][debug][gc,phases      ] GC(179)     Dead                           Min: 0, Avg:  0.0, Max: 0, Diff: 0, Sum: 0, Workers: 4
[3305.967s][debug][gc,phases      ] GC(179)     Total                          Min: 0, Avg:  0.0, Max: 0, Diff: 0, Sum: 0, Workers: 4
[3305.967s][debug][gc,phases      ] GC(179) Weak Processing 0.375ms
[3305.968s][debug][gc,age         ] GC(179) Desired survivor size 224919552 bytes, new threshold 15 (max threshold 15)
[3305.968s][info ][gc,heap        ] GC(179) PSYoungGen: 1867952K(1874944K)->175089K(1871872K) Eden: 1696768K(1696768K)->0K(1696768K) From: 171184K(178176K)->175089K(175104K)
[3305.968s][info ][gc,heap        ] GC(179) ParOldGen: 721377K(764416K)->721617K(764416K)
[3305.968s][info ][gc,metaspace   ] GC(179) Metaspace: 85434K(86592K)->85434K(86592K) NonClass: 73375K(73984K)->73375K(73984K) Class: 12058K(12608K)->12058K(12608K)
[3305.968s][info ][gc             ] GC(179) Pause Young (GCLocker Initiated GC) 2528M->875M(2574M) 53.768ms
[3305.968s][info ][gc,cpu         ] GC(179) User=0.18s Sys=0.01s Real=0.05s
[3305.968s][info ][safepoint      ] Safepoint "ParallelGCSystemGC", Time since last: 132309 ns, Reaching safepoint: 17301 ns, At safepoint: 53844729 ns, Total: 53862030 ns
[3309.968s][info ][safepoint      ] Safepoint "Cleanup", Time since last: 4000293176 ns, Reaching safepoint: 86806 ns, At safepoint: 12301 ns, Total: 99107 ns
[3310.103s][info ][gc,start       ] GC(180) Pause Young (Allocation Failure)
[3310.166s][debug][gc,phases      ] GC(180) Scavenge 62.924ms
[3310.166s][debug][gc,ref         ] GC(180) Skipped phase 1 of Reference Processing: no references
[3310.167s][debug][gc,ref         ] GC(180) ReferenceProcessor::execute queues: 1, RefProcThreadModel::Single, marks_oops_alive: false
[3310.167s][debug][gc,ref         ] GC(180) Skipped phase 3 of Reference Processing: no references
[3310.167s][debug][gc,ref         ] GC(180) ReferenceProcessor::execute queues: 1, RefProcThreadModel::Single, marks_oops_alive: false
[3310.167s][debug][gc,phases      ] GC(180) Reference Processing 0.121ms
[3310.167s][debug][gc,phases      ] GC(180)   VM Weak                        Min:  0.0, Avg:  0.0, Max:  0.0, Diff:  0.0, Sum:  0.0, Workers: 4
[3310.167s][debug][gc,phases      ] GC(180)     Dead                           Min: 0, Avg:  0.0, Max: 0, Diff: 0, Sum: 0, Workers: 4
[3310.167s][debug][gc,phases      ] GC(180)     Total                          Min: 0, Avg: 237.8, Max: 951, Diff: 951, Sum: 951, Workers: 4
[3310.167s][debug][gc,phases      ] GC(180)   ObjectSynchronizer Weak        Min:  0.0, Avg:  0.0, Max:  0.0, Diff:  0.0, Sum:  0.0, Workers: 4
[3310.167s][debug][gc,phases      ] GC(180)     Dead                           Min: 0, Avg:  0.0, Max: 0, Diff: 0, Sum: 0, Workers: 4
[3310.167s][debug][gc,phases      ] GC(180)     Total                          Min: 0, Avg: 26.2, Max: 64, Diff: 64, Sum: 105, Workers: 4
[3310.167s][debug][gc,phases      ] GC(180)   JVMTI Tag Weak OopStorage      Min:  0.0, Avg:  0.0, Max:  0.0, Diff:  0.0, Sum:  0.0, Workers: 4
[3310.167s][debug][gc,phases      ] GC(180)     Dead                           Min: 0, Avg:  0.0, Max: 0, Diff: 0, Sum: 0, Workers: 4
[3310.167s][debug][gc,phases      ] GC(180)     Total                          Min: 0, Avg:  0.0, Max: 0, Diff: 0, Sum: 0, Workers: 4
[3310.167s][debug][gc,phases      ] GC(180)   StringTable Weak               Min:  0.0, Avg:  0.1, Max:  0.2, Diff:  0.2, Sum:  0.4, Workers: 4
[3310.167s][debug][gc,phases      ] GC(180)     Dead                           Min: 0, Avg:  0.0, Max: 0, Diff: 0, Sum: 0, Workers: 4
[3310.167s][debug][gc,phases      ] GC(180)     Total                          Min: 0, Avg: 11092.0, Max: 24274, Diff: 24274, Sum: 44368, Workers: 4
[3310.167s][debug][gc,phases      ] GC(180)   ResolvedMethodTable Weak       Min:  0.0, Avg:  0.0, Max:  0.0, Diff:  0.0, Sum:  0.1, Workers: 4
[3310.167s][debug][gc,phases      ] GC(180)     Dead                           Min: 0, Avg:  0.0, Max: 0, Diff: 0, Sum: 0, Workers: 4
[3310.167s][debug][gc,phases      ] GC(180)     Total                          Min: 0, Avg: 2567.0, Max: 5404, Diff: 5404, Sum: 10268, Workers: 4
[3310.167s][debug][gc,phases      ] GC(180)   JNI Weak                       Min:  0.0, Avg:  0.0, Max:  0.0, Diff:  0.0, Sum:  0.0, Workers: 4
[3310.167s][debug][gc,phases      ] GC(180)     Dead                           Min: 0, Avg:  0.0, Max: 0, Diff: 0, Sum: 0, Workers: 4
[3310.167s][debug][gc,phases      ] GC(180)     Total                          Min: 0, Avg: 11.2, Max: 45, Diff: 45, Sum: 45, Workers: 4
[3310.167s][debug][gc,phases      ] GC(180)   StringDedup Table Weak         Min:  0.0, Avg:  0.0, Max:  0.0, Diff:  0.0, Sum:  0.0, Workers: 4
[3310.167s][debug][gc,phases      ] GC(180)     Dead                           Min: 0, Avg:  0.0, Max: 0, Diff: 0, Sum: 0, Workers: 4
[3310.167s][debug][gc,phases      ] GC(180)     Total                          Min: 0, Avg:  0.0, Max: 0, Diff: 0, Sum: 0, Workers: 4
[3310.167s][debug][gc,phases      ] GC(180)   StringDedup Requests0 Weak     Min:  0.0, Avg:  0.0, Max:  0.0, Diff:  0.0, Sum:  0.0, Workers: 4
[3310.167s][debug][gc,phases      ] GC(180)     Dead                           Min: 0, Avg:  0.0, Max: 0, Diff: 0, Sum: 0, Workers: 4
[3310.167s][debug][gc,phases      ] GC(180)     Total                          Min: 0, Avg:  0.0, Max: 0, Diff: 0, Sum: 0, Workers: 4
[3310.167s][debug][gc,phases      ] GC(180)   StringDedup Requests1 Weak     Min:  0.0, Avg:  0.0, Max:  0.0, Diff:  0.0, Sum:  0.0, Workers: 4
[3310.167s][debug][gc,phases      ] GC(180)     Dead                           Min: 0, Avg:  0.0, Max: 0, Diff: 0, Sum: 0, Workers: 4
[3310.167s][debug][gc,phases      ] GC(180)     Total                          Min: 0, Avg:  0.0, Max: 0, Diff: 0, Sum: 0, Workers: 4
[3310.167s][debug][gc,phases      ] GC(180)   Weak JFR Old Object Samples    Min:  0.0, Avg:  0.0, Max:  0.0, Diff:  0.0, Sum:  0.0, Workers: 4
[3310.167s][debug][gc,phases      ] GC(180)     Dead                           Min: 0, Avg:  0.0, Max: 0, Diff: 0, Sum: 0, Workers: 4
[3310.167s][debug][gc,phases      ] GC(180)     Total                          Min: 0, Avg:  0.0, Max: 0, Diff: 0, Sum: 0, Workers: 4
[3310.167s][debug][gc,phases      ] GC(180) Weak Processing 0.440ms
[3310.167s][debug][gc,age         ] GC(180) Desired survivor size 243269632 bytes, new threshold 15 (max threshold 15)
[3310.167s][info ][gc,heap        ] GC(180) PSYoungGen: 1871857K(1871872K)->183808K(1841664K) Eden: 1696768K(1696768K)->0K(1622016K) From: 175089K(175104K)->183808K(219648K)
[3310.167s][info ][gc,heap        ] GC(180) ParOldGen: 721618K(764416K)->722022K(764416K)
[3310.167s][info ][gc,metaspace   ] GC(180) Metaspace: 85453K(86656K)->85453K(86656K) NonClass: 73394K(74048K)->73394K(74048K) Class: 12058K(12608K)->12058K(12608K)
[3310.167s][info ][gc             ] GC(180) Pause Young (Allocation Failure) 2532M->884M(2545M) 63.613ms
[3310.167s][info ][gc,cpu         ] GC(180) User=0.20s Sys=0.00s Real=0.06s
[3310.167s][info ][safepoint      ] Safepoint "ParallelGCFailedAllocation", Time since last: 135342724 ns, Reaching safepoint: 117909 ns, At safepoint: 63704030 ns, Total: 63821939 ns
[3311.167s][info ][safepoint      ] Safepoint "Cleanup", Time since last: 1000084920 ns, Reaching safepoint: 121709 ns, At safepoint: 15301 ns, Total: 137010 ns
[3312.168s][info ][safepoint      ] Safepoint "Cleanup", Time since last: 1000104821 ns, Reaching safepoint: 101707 ns, At safepoint: 7201 ns, Total: 108908 ns
[3313.168s][info ][safepoint      ] Safepoint "Cleanup", Time since last: 1000102721 ns, Reaching safepoint: 115208 ns, At safepoint: 10001 ns, Total: 125209 ns
[3318.123s][info ][gc,start       ] GC(181) Pause Young (Allocation Failure)
[3318.179s][debug][gc,phases      ] GC(181) Scavenge 55.683ms
[3318.179s][debug][gc,ref         ] GC(181) Skipped phase 1 of Reference Processing: no references
[3318.179s][debug][gc,ref         ] GC(181) ReferenceProcessor::execute queues: 1, RefProcThreadModel::Single, marks_oops_alive: false
[3318.179s][debug][gc,ref         ] GC(181) Skipped phase 3 of Reference Processing: no references
[3318.179s][debug][gc,ref         ] GC(181) ReferenceProcessor::execute queues: 1, RefProcThreadModel::Single, marks_oops_alive: false
[3318.179s][debug][gc,phases      ] GC(181) Reference Processing 0.109ms
[3318.179s][debug][gc,phases      ] GC(181)   VM Weak                        Min:  0.0, Avg:  0.0, Max:  0.0, Diff:  0.0, Sum:  0.0, Workers: 4
[3318.179s][debug][gc,phases      ] GC(181)     Dead                           Min: 0, Avg:  0.0, Max: 0, Diff: 0, Sum: 0, Workers: 4
[3318.179s][debug][gc,phases      ] GC(181)     Total                          Min: 0, Avg: 237.8, Max: 576, Diff: 576, Sum: 951, Workers: 4
[3318.179s][debug][gc,phases      ] GC(181)   ObjectSynchronizer Weak        Min:  0.0, Avg:  0.0, Max:  0.0, Diff:  0.0, Sum:  0.0, Workers: 4
[3318.179s][debug][gc,phases      ] GC(181)     Dead                           Min: 0, Avg:  0.0, Max: 0, Diff: 0, Sum: 0, Workers: 4
[3318.179s][debug][gc,phases      ] GC(181)     Total                          Min: 0, Avg: 26.2, Max: 64, Diff: 64, Sum: 105, Workers: 4
[3318.179s][debug][gc,phases      ] GC(181)   JVMTI Tag Weak OopStorage      Min:  0.0, Avg:  0.0, Max:  0.0, Diff:  0.0, Sum:  0.0, Workers: 4
[3318.179s][debug][gc,phases      ] GC(181)     Dead                           Min: 0, Avg:  0.0, Max: 0, Diff: 0, Sum: 0, Workers: 4
[3318.179s][debug][gc,phases      ] GC(181)     Total                          Min: 0, Avg:  0.0, Max: 0, Diff: 0, Sum: 0, Workers: 4
[3318.179s][debug][gc,phases      ] GC(181)   StringTable Weak               Min:  0.0, Avg:  0.1, Max:  0.1, Diff:  0.1, Sum:  0.4, Workers: 4
[3318.179s][debug][gc,phases      ] GC(181)     Dead                           Min: 0, Avg:  0.2, Max: 1, Diff: 1, Sum: 1, Workers: 4
[3318.179s][debug][gc,phases      ] GC(181)     Total                          Min: 0, Avg: 11092.2, Max: 16255, Diff: 16255, Sum: 44369, Workers: 4
[3318.179s][debug][gc,phases      ] GC(181)   ResolvedMethodTable Weak       Min:  0.0, Avg:  0.0, Max:  0.0, Diff:  0.0, Sum:  0.1, Workers: 4
[3318.179s][debug][gc,phases      ] GC(181)     Dead                           Min: 0, Avg:  0.0, Max: 0, Diff: 0, Sum: 0, Workers: 4
[3318.179s][debug][gc,phases      ] GC(181)     Total                          Min: 0, Avg: 2567.5, Max: 3678, Diff: 3678, Sum: 10270, Workers: 4
[3318.179s][debug][gc,phases      ] GC(181)   JNI Weak                       Min:  0.0, Avg:  0.0, Max:  0.0, Diff:  0.0, Sum:  0.0, Workers: 4
[3318.179s][debug][gc,phases      ] GC(181)     Dead                           Min: 0, Avg:  0.0, Max: 0, Diff: 0, Sum: 0, Workers: 4
[3318.179s][debug][gc,phases      ] GC(181)     Total                          Min: 0, Avg: 11.2, Max: 45, Diff: 45, Sum: 45, Workers: 4
[3318.179s][debug][gc,phases      ] GC(181)   StringDedup Table Weak         Min:  0.0, Avg:  0.0, Max:  0.0, Diff:  0.0, Sum:  0.0, Workers: 4
[3318.179s][debug][gc,phases      ] GC(181)     Dead                           Min: 0, Avg:  0.0, Max: 0, Diff: 0, Sum: 0, Workers: 4
[3318.179s][debug][gc,phases      ] GC(181)     Total                          Min: 0, Avg:  0.0, Max: 0, Diff: 0, Sum: 0, Workers: 4
[3318.179s][debug][gc,phases      ] GC(181)   StringDedup Requests0 Weak     Min:  0.0, Avg:  0.0, Max:  0.0, Diff:  0.0, Sum:  0.0, Workers: 4
[3318.179s][debug][gc,phases      ] GC(181)     Dead                           Min: 0, Avg:  0.0, Max: 0, Diff: 0, Sum: 0, Workers: 4
[3318.179s][debug][gc,phases      ] GC(181)     Total                          Min: 0, Avg:  0.0, Max: 0, Diff: 0, Sum: 0, Workers: 4
[3318.179s][debug][gc,phases      ] GC(181)   StringDedup Requests1 Weak     Min:  0.0, Avg:  0.0, Max:  0.0, Diff:  0.0, Sum:  0.0, Workers: 4
[3318.179s][debug][gc,phases      ] GC(181)     Dead                           Min: 0, Avg:  0.0, Max: 0, Diff: 0, Sum: 0, Workers: 4
[3318.179s][debug][gc,phases      ] GC(181)     Total                          Min: 0, Avg:  0.0, Max: 0, Diff: 0, Sum: 0, Workers: 4
[3318.179s][debug][gc,phases      ] GC(181)   Weak JFR Old Object Samples    Min:  0.0, Avg:  0.0, Max:  0.0, Diff:  0.0, Sum:  0.0, Workers: 4
[3318.179s][debug][gc,phases      ] GC(181)     Dead                           Min: 0, Avg:  0.0, Max: 0, Diff: 0, Sum: 0, Workers: 4
[3318.179s][debug][gc,phases      ] GC(181)     Total                          Min: 0, Avg:  0.0, Max: 0, Diff: 0, Sum: 0, Workers: 4
[3318.179s][debug][gc,phases      ] GC(181) Weak Processing 0.375ms
[3318.179s][debug][gc,age         ] GC(181) Desired survivor size 249036800 bytes, new threshold 15 (max threshold 15)
[3318.179s][info ][gc,heap        ] GC(181) PSYoungGen: 1805824K(1841664K)->160353K(1782784K) Eden: 1622016K(1622016K)->0K(1622016K) From: 183808K(219648K)->160353K(160768K)
[3318.179s][info ][gc,heap        ] GC(181) ParOldGen: 722022K(764416K)->738227K(764416K)
[3318.179s][info ][gc,metaspace   ] GC(181) Metaspace: 85458K(86656K)->85458K(86656K) NonClass: 73398K(74048K)->73398K(74048K) Class: 12059K(12608K)->12059K(12608K)
[3318.179s][info ][gc             ] GC(181) Pause Young (Allocation Failure) 2468M->877M(2487M) 56.319ms
[3318.179s][info ][gc,cpu         ] GC(181) User=0.19s Sys=0.00s Real=0.06s
[3318.179s][info ][safepoint      ] Safepoint "ParallelGCFailedAllocation", Time since last: 4955055175 ns, Reaching safepoint: 108707 ns, At safepoint: 56406012 ns, Total: 56514719 ns
[3319.180s][info ][safepoint      ] Safepoint "Cleanup", Time since last: 1000087020 ns, Reaching safepoint: 44003 ns, At safepoint: 3401 ns, Total: 47404 ns
[3321.180s][info ][safepoint      ] Safepoint "Cleanup", Time since last: 2000169941 ns, Reaching safepoint: 35902 ns, At safepoint: 2900 ns, Total: 38802 ns
[3322.180s][info ][safepoint      ] Safepoint "Cleanup", Time since last: 1000113723 ns, Reaching safepoint: 58904 ns, At safepoint: 5701 ns, Total: 64605 ns
[3327.180s][info ][safepoint      ] Safepoint "Cleanup", Time since last: 5000373400 ns, Reaching safepoint: 116309 ns, At safepoint: 11701 ns, Total: 128010 ns
[3327.421s][info ][gc,start       ] GC(182) Pause Young (Allocation Failure)
[3327.484s][debug][gc,phases      ] GC(182) Scavenge 63.013ms
[3327.484s][debug][gc,ref         ] GC(182) Skipped phase 1 of Reference Processing: no references
[3327.484s][debug][gc,ref         ] GC(182) ReferenceProcessor::execute queues: 1, RefProcThreadModel::Single, marks_oops_alive: false
[3327.484s][debug][gc,ref         ] GC(182) Skipped phase 3 of Reference Processing: no references
[3327.484s][debug][gc,ref         ] GC(182) ReferenceProcessor::execute queues: 1, RefProcThreadModel::Single, marks_oops_alive: false
[3327.484s][debug][gc,phases      ] GC(182) Reference Processing 0.112ms
[3327.484s][debug][gc,phases      ] GC(182)   VM Weak                        Min:  0.0, Avg:  0.0, Max:  0.0, Diff:  0.0, Sum:  0.0, Workers: 4
[3327.485s][debug][gc,phases      ] GC(182)     Dead                           Min: 0, Avg:  0.0, Max: 0, Diff: 0, Sum: 0, Workers: 4
[3327.485s][debug][gc,phases      ] GC(182)     Total                          Min: 0, Avg: 237.8, Max: 832, Diff: 832, Sum: 951, Workers: 4
[3327.485s][debug][gc,phases      ] GC(182)   ObjectSynchronizer Weak        Min:  0.0, Avg:  0.0, Max:  0.0, Diff:  0.0, Sum:  0.0, Workers: 4
[3327.485s][debug][gc,phases      ] GC(182)     Dead                           Min: 0, Avg:  0.2, Max: 1, Diff: 1, Sum: 1, Workers: 4
[3327.485s][debug][gc,phases      ] GC(182)     Total                          Min: 0, Avg: 26.5, Max: 64, Diff: 64, Sum: 106, Workers: 4
[3327.485s][debug][gc,phases      ] GC(182)   JVMTI Tag Weak OopStorage      Min:  0.0, Avg:  0.0, Max:  0.0, Diff:  0.0, Sum:  0.0, Workers: 4
[3327.485s][debug][gc,phases      ] GC(182)     Dead                           Min: 0, Avg:  0.0, Max: 0, Diff: 0, Sum: 0, Workers: 4
[3327.485s][debug][gc,phases      ] GC(182)     Total                          Min: 0, Avg:  0.0, Max: 0, Diff: 0, Sum: 0, Workers: 4
[3327.485s][debug][gc,phases      ] GC(182)   StringTable Weak               Min:  0.0, Avg:  0.1, Max:  0.2, Diff:  0.2, Sum:  0.4, Workers: 4
[3327.485s][debug][gc,phases      ] GC(182)     Dead                           Min: 0, Avg:  0.0, Max: 0, Diff: 0, Sum: 0, Workers: 4
[3327.485s][debug][gc,phases      ] GC(182)     Total                          Min: 0, Avg: 11092.2, Max: 17471, Diff: 17471, Sum: 44369, Workers: 4
[3327.485s][debug][gc,phases      ] GC(182)   ResolvedMethodTable Weak       Min:  0.0, Avg:  0.0, Max:  0.0, Diff:  0.0, Sum:  0.1, Workers: 4
[3327.485s][debug][gc,phases      ] GC(182)     Dead                           Min: 0, Avg:  0.0, Max: 0, Diff: 0, Sum: 0, Workers: 4
[3327.485s][debug][gc,phases      ] GC(182)     Total                          Min: 0, Avg: 2567.5, Max: 3520, Diff: 3520, Sum: 10270, Workers: 4
[3327.485s][debug][gc,phases      ] GC(182)   JNI Weak                       Min:  0.0, Avg:  0.0, Max:  0.0, Diff:  0.0, Sum:  0.0, Workers: 4
[3327.485s][debug][gc,phases      ] GC(182)     Dead                           Min: 0, Avg:  0.0, Max: 0, Diff: 0, Sum: 0, Workers: 4
[3327.485s][debug][gc,phases      ] GC(182)     Total                          Min: 0, Avg: 11.2, Max: 45, Diff: 45, Sum: 45, Workers: 4
[3327.485s][debug][gc,phases      ] GC(182)   StringDedup Table Weak         Min:  0.0, Avg:  0.0, Max:  0.0, Diff:  0.0, Sum:  0.0, Workers: 4
[3327.485s][debug][gc,phases      ] GC(182)     Dead                           Min: 0, Avg:  0.0, Max: 0, Diff: 0, Sum: 0, Workers: 4
[3327.485s][debug][gc,phases      ] GC(182)     Total                          Min: 0, Avg:  0.0, Max: 0, Diff: 0, Sum: 0, Workers: 4
[3327.485s][debug][gc,phases      ] GC(182)   StringDedup Requests0 Weak     Min:  0.0, Avg:  0.0, Max:  0.0, Diff:  0.0, Sum:  0.0, Workers: 4
[3327.485s][debug][gc,phases      ] GC(182)     Dead                           Min: 0, Avg:  0.0, Max: 0, Diff: 0, Sum: 0, Workers: 4
[3327.485s][debug][gc,phases      ] GC(182)     Total                          Min: 0, Avg:  0.0, Max: 0, Diff: 0, Sum: 0, Workers: 4
[3327.485s][debug][gc,phases      ] GC(182)   StringDedup Requests1 Weak     Min:  0.0, Avg:  0.0, Max:  0.0, Diff:  0.0, Sum:  0.0, Workers: 4
[3327.485s][debug][gc,phases      ] GC(182)     Dead                           Min: 0, Avg:  0.0, Max: 0, Diff: 0, Sum: 0, Workers: 4
[3327.485s][debug][gc,phases      ] GC(182)     Total                          Min: 0, Avg:  0.0, Max: 0, Diff: 0, Sum: 0, Workers: 4
[3327.485s][debug][gc,phases      ] GC(182)   Weak JFR Old Object Samples    Min:  0.0, Avg:  0.0, Max:  0.0, Diff:  0.0, Sum:  0.0, Workers: 4
[3327.485s][debug][gc,phases      ] GC(182)     Dead                           Min: 0, Avg:  0.0, Max: 0, Diff: 0, Sum: 0, Workers: 4
[3327.485s][debug][gc,phases      ] GC(182)     Total                          Min: 0, Avg:  0.0, Max: 0, Diff: 0, Sum: 0, Workers: 4
[3327.485s][debug][gc,phases      ] GC(182) Weak Processing 0.401ms
[3327.485s][debug][gc,age         ] GC(182) Desired survivor size 264241152 bytes, new threshold 15 (max threshold 15)
[3327.485s][info ][gc,heap        ] GC(182) PSYoungGen: 1782369K(1782784K)->190625K(1824256K) Eden: 1622016K(1622016K)->0K(1581056K) From: 160353K(160768K)->190625K(243200K)
[3327.485s][info ][gc,heap        ] GC(182) ParOldGen: 738227K(764416K)->747715K(764416K)
[3327.485s][info ][gc,metaspace   ] GC(182) Metaspace: 85458K(86656K)->85458K(86656K) NonClass: 73399K(74048K)->73399K(74048K) Class: 12059K(12608K)->12059K(12608K)
[3327.485s][info ][gc             ] GC(182) Pause Young (Allocation Failure) 2461M->916M(2528M) 63.672ms
[3327.485s][info ][gc,cpu         ] GC(182) User=0.22s Sys=0.00s Real=0.06s
[3327.485s][debug][gc,phases      ] GC(183) Pre Compact 0.010ms
[3327.485s][info ][gc,start       ] GC(183) Pause Full (Ergonomics)
[3327.485s][info ][gc,phases,start] GC(183) Marking Phase
[3327.682s][debug][gc,phases      ] GC(183) Par Mark 197.389ms
[3327.683s][debug][gc,ref         ] GC(183) ReferenceProcessor::execute queues: 4, RefProcThreadModel::Multi, marks_oops_alive: true
[3327.683s][debug][gc,ref         ] GC(183) ReferenceProcessor::execute queues: 4, RefProcThreadModel::Multi, marks_oops_alive: false
[3327.684s][debug][gc,ref         ] GC(183) Skipped phase 3 of Reference Processing: no references
[3327.684s][debug][gc,ref         ] GC(183) ReferenceProcessor::execute queues: 1, RefProcThreadModel::Single, marks_oops_alive: false
[3327.684s][debug][gc,phases      ] GC(183) Reference Processing 1.443ms
[3327.684s][debug][gc,phases      ] GC(183)   VM Weak                        Min:  0.0, Avg:  0.0, Max:  0.0, Diff:  0.0, Sum:  0.0, Workers: 4
[3327.684s][debug][gc,phases      ] GC(183)     Dead                           Min: 0, Avg: 38.0, Max: 67, Diff: 67, Sum: 152, Workers: 4
[3327.684s][debug][gc,phases      ] GC(183)     Total                          Min: 0, Avg: 237.8, Max: 439, Diff: 439, Sum: 951, Workers: 4
[3327.684s][debug][gc,phases      ] GC(183)   ObjectSynchronizer Weak        Min:  0.0, Avg:  0.0, Max:  0.0, Diff:  0.0, Sum:  0.0, Workers: 4
[3327.684s][debug][gc,phases      ] GC(183)     Dead                           Min: 0, Avg:  0.0, Max: 0, Diff: 0, Sum: 0, Workers: 4
[3327.684s][debug][gc,phases      ] GC(183)     Total                          Min: 0, Avg: 26.5, Max: 64, Diff: 64, Sum: 106, Workers: 4
[3327.684s][debug][gc,phases      ] GC(183)   JVMTI Tag Weak OopStorage      Min:  0.0, Avg:  0.0, Max:  0.0, Diff:  0.0, Sum:  0.0, Workers: 4
[3327.684s][debug][gc,phases      ] GC(183)     Dead                           Min: 0, Avg:  0.0, Max: 0, Diff: 0, Sum: 0, Workers: 4
[3327.684s][debug][gc,phases      ] GC(183)     Total                          Min: 0, Avg:  0.0, Max: 0, Diff: 0, Sum: 0, Workers: 4
[3327.684s][debug][gc,phases      ] GC(183)   StringTable Weak               Min:  0.0, Avg:  0.1, Max:  0.2, Diff:  0.2, Sum:  0.6, Workers: 4
[3327.684s][debug][gc,phases      ] GC(183)     Dead                           Min: 0, Avg: 299.2, Max: 424, Diff: 424, Sum: 1197, Workers: 4
[3327.684s][debug][gc,phases      ] GC(183)     Total                          Min: 0, Avg: 11092.2, Max: 16979, Diff: 16979, Sum: 44369, Workers: 4
[3327.684s][debug][gc,phases      ] GC(183)   ResolvedMethodTable Weak       Min:  0.0, Avg:  0.0, Max:  0.0, Diff:  0.0, Sum:  0.1, Workers: 4
[3327.684s][debug][gc,phases      ] GC(183)     Dead                           Min: 0, Avg: 39.0, Max: 79, Diff: 79, Sum: 156, Workers: 4
[3327.684s][debug][gc,phases      ] GC(183)     Total                          Min: 0, Avg: 2567.5, Max: 3840, Diff: 3840, Sum: 10270, Workers: 4
[3327.684s][debug][gc,phases      ] GC(183)   JNI Weak                       Min:  0.0, Avg:  0.0, Max:  0.0, Diff:  0.0, Sum:  0.0, Workers: 4
[3327.684s][debug][gc,phases      ] GC(183)     Dead                           Min: 0, Avg:  0.0, Max: 0, Diff: 0, Sum: 0, Workers: 4
[3327.684s][debug][gc,phases      ] GC(183)     Total                          Min: 0, Avg: 11.2, Max: 45, Diff: 45, Sum: 45, Workers: 4
[3327.684s][debug][gc,phases      ] GC(183)   StringDedup Table Weak         Min:  0.0, Avg:  0.0, Max:  0.0, Diff:  0.0, Sum:  0.0, Workers: 4
[3327.684s][debug][gc,phases      ] GC(183)     Dead                           Min: 0, Avg:  0.0, Max: 0, Diff: 0, Sum: 0, Workers: 4
[3327.684s][debug][gc,phases      ] GC(183)     Total                          Min: 0, Avg:  0.0, Max: 0, Diff: 0, Sum: 0, Workers: 4
[3327.684s][debug][gc,phases      ] GC(183)   StringDedup Requests0 Weak     Min:  0.0, Avg:  0.0, Max:  0.0, Diff:  0.0, Sum:  0.0, Workers: 4
[3327.684s][debug][gc,phases      ] GC(183)     Dead                           Min: 0, Avg:  0.0, Max: 0, Diff: 0, Sum: 0, Workers: 4
[3327.684s][debug][gc,phases      ] GC(183)     Total                          Min: 0, Avg:  0.0, Max: 0, Diff: 0, Sum: 0, Workers: 4
[3327.684s][debug][gc,phases      ] GC(183)   StringDedup Requests1 Weak     Min:  0.0, Avg:  0.0, Max:  0.0, Diff:  0.0, Sum:  0.0, Workers: 4
[3327.684s][debug][gc,phases      ] GC(183)     Dead                           Min: 0, Avg:  0.0, Max: 0, Diff: 0, Sum: 0, Workers: 4
[3327.684s][debug][gc,phases      ] GC(183)     Total                          Min: 0, Avg:  0.0, Max: 0, Diff: 0, Sum: 0, Workers: 4
[3327.684s][debug][gc,phases      ] GC(183)   Weak JFR Old Object Samples    Min:  0.0, Avg:  0.0, Max:  0.0, Diff:  0.0, Sum:  0.0, Workers: 4
[3327.684s][debug][gc,phases      ] GC(183)     Dead                           Min: 0, Avg:  0.0, Max: 0, Diff: 0, Sum: 0, Workers: 4
[3327.684s][debug][gc,phases      ] GC(183)     Total                          Min: 0, Avg:  0.0, Max: 0, Diff: 0, Sum: 0, Workers: 4
[3327.684s][debug][gc,phases      ] GC(183) Weak Processing 0.451ms
[3327.685s][debug][gc,phases      ] GC(183) ClassLoaderData 0.841ms
[3327.685s][debug][gc,phases      ] GC(183) Trigger cleanups 0.007ms
[3327.723s][debug][gc,phases      ] GC(183) Class Unloading 39.251ms
[3327.724s][info ][gc,phases      ] GC(183) Marking Phase 238.770ms
[3327.724s][info ][gc,phases,start] GC(183) Summary Phase
[3327.724s][info ][gc,phases      ] GC(183) Summary Phase 0.029ms
[3327.724s][info ][gc,phases,start] GC(183) Adjust Roots
[3327.740s][info ][gc,phases      ] GC(183) Adjust Roots 16.884ms
[3327.740s][info ][gc,phases,start] GC(183) Compaction Phase
[3327.978s][info ][gc,phases      ] GC(183) Compaction Phase 237.079ms
[3327.978s][info ][gc,phases,start] GC(183) Post Compact
[3327.981s][info ][gc,phases      ] GC(183) Post Compact 2.979ms
[3327.981s][info ][gc,heap        ] GC(183) PSYoungGen: 190625K(1824256K)->0K(1839104K) Eden: 0K(1581056K)->0K(1581056K) From: 190625K(243200K)->0K(258048K)
[3327.981s][info ][gc,heap        ] GC(183) ParOldGen: 747715K(764416K)->662792K(877056K)
[3327.981s][info ][gc,metaspace   ] GC(183) Metaspace: 85458K(86656K)->85135K(86656K) NonClass: 73399K(74048K)->73153K(74048K) Class: 12059K(12608K)->11982K(12608K)
[3327.981s][info ][gc             ] GC(183) Pause Full (Ergonomics) 916M->647M(2652M) 496.158ms
[3327.981s][info ][gc,cpu         ] GC(183) User=1.50s Sys=0.04s Real=0.50s
[3327.986s][info ][safepoint      ] Safepoint "ParallelGCFailedAllocation", Time since last: 240508503 ns, Reaching safepoint: 83706 ns, At safepoint: 565137590 ns, Total: 565221296 ns
[3328.986s][info ][safepoint      ] Safepoint "Cleanup", Time since last: 1000113123 ns, Reaching safepoint: 134310 ns, At safepoint: 8200 ns, Total: 142510 ns
[3329.987s][info ][safepoint      ] Safepoint "Cleanup", Time since last: 1000102823 ns, Reaching safepoint: 141010 ns, At safepoint: 15301 ns, Total: 156311 ns
[3330.168s][info ][gc,start       ] GC(184) Pause Young (Allocation Failure)
[3330.210s][debug][gc,phases      ] GC(184) Scavenge 41.928ms
[3330.210s][debug][gc,ref         ] GC(184) Skipped phase 1 of Reference Processing: no references
[3330.210s][debug][gc,ref         ] GC(184) ReferenceProcessor::execute queues: 1, RefProcThreadModel::Single, marks_oops_alive: false
[3330.210s][debug][gc,ref         ] GC(184) Skipped phase 3 of Reference Processing: no references
[3330.210s][debug][gc,ref         ] GC(184) ReferenceProcessor::execute queues: 1, RefProcThreadModel::Single, marks_oops_alive: false
[3330.210s][debug][gc,phases      ] GC(184) Reference Processing 0.106ms
[3330.210s][debug][gc,phases      ] GC(184)   VM Weak                        Min:  0.0, Avg:  0.0, Max:  0.0, Diff:  0.0, Sum:  0.0, Workers: 4
[3330.210s][debug][gc,phases      ] GC(184)     Dead                           Min: 0, Avg:  0.0, Max: 0, Diff: 0, Sum: 0, Workers: 4
[3330.210s][debug][gc,phases      ] GC(184)     Total                          Min: 0, Avg: 199.8, Max: 679, Diff: 679, Sum: 799, Workers: 4
[3330.210s][debug][gc,phases      ] GC(184)   ObjectSynchronizer Weak        Min:  0.0, Avg:  0.0, Max:  0.0, Diff:  0.0, Sum:  0.0, Workers: 4
[3330.210s][debug][gc,phases      ] GC(184)     Dead                           Min: 0, Avg:  0.0, Max: 0, Diff: 0, Sum: 0, Workers: 4
[3330.210s][debug][gc,phases      ] GC(184)     Total                          Min: 0, Avg: 26.5, Max: 64, Diff: 64, Sum: 106, Workers: 4
[3330.210s][debug][gc,phases      ] GC(184)   JVMTI Tag Weak OopStorage      Min:  0.0, Avg:  0.0, Max:  0.0, Diff:  0.0, Sum:  0.0, Workers: 4
[3330.210s][debug][gc,phases      ] GC(184)     Dead                           Min: 0, Avg:  0.0, Max: 0, Diff: 0, Sum: 0, Workers: 4
[3330.210s][debug][gc,phases      ] GC(184)     Total                          Min: 0, Avg:  0.0, Max: 0, Diff: 0, Sum: 0, Workers: 4
[3330.210s][debug][gc,phases      ] GC(184)   StringTable Weak               Min:  0.0, Avg:  0.1, Max:  0.2, Diff:  0.2, Sum:  0.5, Workers: 4
[3330.210s][debug][gc,phases      ] GC(184)     Dead                           Min: 0, Avg:  0.0, Max: 0, Diff: 0, Sum: 0, Workers: 4
[3330.210s][debug][gc,phases      ] GC(184)     Total                          Min: 0, Avg: 11092.5, Max: 15168, Diff: 15168, Sum: 44370, Workers: 4
[3330.210s][debug][gc,phases      ] GC(184)   ResolvedMethodTable Weak       Min:  0.0, Avg:  0.0, Max:  0.0, Diff:  0.0, Sum:  0.1, Workers: 4
[3330.210s][debug][gc,phases      ] GC(184)     Dead                           Min: 0, Avg:  0.0, Max: 0, Diff: 0, Sum: 0, Workers: 4
[3330.210s][debug][gc,phases      ] GC(184)     Total                          Min: 0, Avg: 2568.0, Max: 3712, Diff: 3712, Sum: 10272, Workers: 4
[3330.210s][debug][gc,phases      ] GC(184)   JNI Weak                       Min:  0.0, Avg:  0.0, Max:  0.0, Diff:  0.0, Sum:  0.0, Workers: 4
[3330.210s][debug][gc,phases      ] GC(184)     Dead                           Min: 0, Avg:  0.0, Max: 0, Diff: 0, Sum: 0, Workers: 4
[3330.210s][debug][gc,phases      ] GC(184)     Total                          Min: 0, Avg: 11.2, Max: 45, Diff: 45, Sum: 45, Workers: 4
[3330.210s][debug][gc,phases      ] GC(184)   StringDedup Table Weak         Min:  0.0, Avg:  0.0, Max:  0.0, Diff:  0.0, Sum:  0.0, Workers: 4
[3330.210s][debug][gc,phases      ] GC(184)     Dead                           Min: 0, Avg:  0.0, Max: 0, Diff: 0, Sum: 0, Workers: 4
[3330.210s][debug][gc,phases      ] GC(184)     Total                          Min: 0, Avg:  0.0, Max: 0, Diff: 0, Sum: 0, Workers: 4
[3330.210s][debug][gc,phases      ] GC(184)   StringDedup Requests0 Weak     Min:  0.0, Avg:  0.0, Max:  0.0, Diff:  0.0, Sum:  0.0, Workers: 4
[3330.211s][debug][gc,phases      ] GC(184)     Dead                           Min: 0, Avg:  0.0, Max: 0, Diff: 0, Sum: 0, Workers: 4
[3330.211s][debug][gc,phases      ] GC(184)     Total                          Min: 0, Avg:  0.0, Max: 0, Diff: 0, Sum: 0, Workers: 4
[3330.211s][debug][gc,phases      ] GC(184)   StringDedup Requests1 Weak     Min:  0.0, Avg:  0.0, Max:  0.0, Diff:  0.0, Sum:  0.0, Workers: 4
[3330.211s][debug][gc,phases      ] GC(184)     Dead                           Min: 0, Avg:  0.0, Max: 0, Diff: 0, Sum: 0, Workers: 4
[3330.211s][debug][gc,phases      ] GC(184)     Total                          Min: 0, Avg:  0.0, Max: 0, Diff: 0, Sum: 0, Workers: 4
[3330.211s][debug][gc,phases      ] GC(184)   Weak JFR Old Object Samples    Min:  0.0, Avg:  0.0, Max:  0.0, Diff:  0.0, Sum:  0.0, Workers: 4
[3330.211s][debug][gc,phases      ] GC(184)     Dead                           Min: 0, Avg:  0.0, Max: 0, Diff: 0, Sum: 0, Workers: 4
[3330.211s][debug][gc,phases      ] GC(184)     Total                          Min: 0, Avg:  0.0, Max: 0, Diff: 0, Sum: 0, Workers: 4
[3330.211s][debug][gc,phases      ] GC(184) Weak Processing 0.437ms
[3330.211s][debug][gc,age         ] GC(184) Desired survivor size 258473984 bytes, new threshold 15 (max threshold 15)
[3330.211s][info ][gc,heap        ] GC(184) PSYoungGen: 1581056K(1839104K)->77024K(1844736K) Eden: 1581056K(1581056K)->0K(1586688K) From: 0K(258048K)->77024K(258048K)
[3330.211s][info ][gc,heap        ] GC(184) ParOldGen: 662792K(877056K)->662792K(877056K)
[3330.211s][info ][gc,metaspace   ] GC(184) Metaspace: 85149K(86656K)->85149K(86656K) NonClass: 73166K(74048K)->73166K(74048K) Class: 11982K(12608K)->11982K(12608K)
[3330.211s][info ][gc             ] GC(184) Pause Young (Allocation Failure) 2191M->722M(2658M) 42.625ms
[3330.211s][info ][gc,cpu         ] GC(184) User=0.13s Sys=0.01s Real=0.05s
[3330.211s][info ][safepoint      ] Safepoint "ParallelGCFailedAllocation", Time since last: 181157883 ns, Reaching safepoint: 128709 ns, At safepoint: 42722938 ns, Total: 42851647 ns
[3331.211s][info ][safepoint      ] Safepoint "Cleanup", Time since last: 1000091322 ns, Reaching safepoint: 130909 ns, At safepoint: 12001 ns, Total: 142910 ns
[3332.211s][info ][safepoint      ] Safepoint "Cleanup", Time since last: 1000178728 ns, Reaching safepoint: 134010 ns, At safepoint: 8900 ns, Total: 142910 ns
[3333.211s][info ][safepoint      ] Safepoint "Cleanup", Time since last: 1000133925 ns, Reaching safepoint: 110108 ns, At safepoint: 9001 ns, Total: 119109 ns
[3334.212s][info ][safepoint      ] Safepoint "Cleanup", Time since last: 1000080521 ns, Reaching safepoint: 122309 ns, At safepoint: 8400 ns, Total: 130709 ns
[3337.212s][info ][safepoint      ] Safepoint "Cleanup", Time since last: 3000263766 ns, Reaching safepoint: 105707 ns, At safepoint: 17102 ns, Total: 122809 ns
[3339.300s][info ][gc,start       ] GC(185) Pause Young (Allocation Failure)
[3339.331s][debug][gc,phases      ] GC(185) Scavenge 30.531ms
[3339.331s][debug][gc,ref         ] GC(185) Skipped phase 1 of Reference Processing: no references
[3339.331s][debug][gc,ref         ] GC(185) ReferenceProcessor::execute queues: 1, RefProcThreadModel::Single, marks_oops_alive: false
[3339.331s][debug][gc,ref         ] GC(185) Skipped phase 3 of Reference Processing: no references
[3339.331s][debug][gc,ref         ] GC(185) Skipped phase 4 of Reference Processing: no references
[3339.331s][debug][gc,phases      ] GC(185) Reference Processing 0.105ms
[3339.331s][debug][gc,phases      ] GC(185)   VM Weak                        Min:  0.0, Avg:  0.0, Max:  0.0, Diff:  0.0, Sum:  0.0, Workers: 4
[3339.331s][debug][gc,phases      ] GC(185)     Dead                           Min: 0, Avg:  0.0, Max: 0, Diff: 0, Sum: 0, Workers: 4
[3339.331s][debug][gc,phases      ] GC(185)     Total                          Min: 0, Avg: 199.8, Max: 566, Diff: 566, Sum: 799, Workers: 4
[3339.331s][debug][gc,phases      ] GC(185)   ObjectSynchronizer Weak        Min:  0.0, Avg:  0.0, Max:  0.0, Diff:  0.0, Sum:  0.0, Workers: 4
[3339.331s][debug][gc,phases      ] GC(185)     Dead                           Min: 0, Avg:  0.0, Max: 0, Diff: 0, Sum: 0, Workers: 4
[3339.331s][debug][gc,phases      ] GC(185)     Total                          Min: 0, Avg: 26.5, Max: 64, Diff: 64, Sum: 106, Workers: 4
[3339.331s][debug][gc,phases      ] GC(185)   JVMTI Tag Weak OopStorage      Min:  0.0, Avg:  0.0, Max:  0.0, Diff:  0.0, Sum:  0.0, Workers: 4
[3339.331s][debug][gc,phases      ] GC(185)     Dead                           Min: 0, Avg:  0.0, Max: 0, Diff: 0, Sum: 0, Workers: 4
[3339.331s][debug][gc,phases      ] GC(185)     Total                          Min: 0, Avg:  0.0, Max: 0, Diff: 0, Sum: 0, Workers: 4
[3339.331s][debug][gc,phases      ] GC(185)   StringTable Weak               Min:  0.1, Avg:  0.1, Max:  0.1, Diff:  0.0, Sum:  0.5, Workers: 4
[3339.331s][debug][gc,phases      ] GC(185)     Dead                           Min: 0, Avg:  0.0, Max: 0, Diff: 0, Sum: 0, Workers: 4
[3339.331s][debug][gc,phases      ] GC(185)     Total                          Min: 9791, Avg: 11093.2, Max: 12311, Diff: 2520, Sum: 44373, Workers: 4
[3339.331s][debug][gc,phases      ] GC(185)   ResolvedMethodTable Weak       Min:  0.0, Avg:  0.0, Max:  0.0, Diff:  0.0, Sum:  0.1, Workers: 4
[3339.331s][debug][gc,phases      ] GC(185)     Dead                           Min: 0, Avg:  0.0, Max: 0, Diff: 0, Sum: 0, Workers: 4
[3339.331s][debug][gc,phases      ] GC(185)     Total                          Min: 2400, Avg: 2568.0, Max: 2752, Diff: 352, Sum: 10272, Workers: 4
[3339.331s][debug][gc,phases      ] GC(185)   JNI Weak                       Min:  0.0, Avg:  0.0, Max:  0.0, Diff:  0.0, Sum:  0.0, Workers: 4
[3339.331s][debug][gc,phases      ] GC(185)     Dead                           Min: 0, Avg:  0.0, Max: 0, Diff: 0, Sum: 0, Workers: 4
[3339.331s][debug][gc,phases      ] GC(185)     Total                          Min: 0, Avg: 11.2, Max: 45, Diff: 45, Sum: 45, Workers: 4
[3339.331s][debug][gc,phases      ] GC(185)   StringDedup Table Weak         Min:  0.0, Avg:  0.0, Max:  0.0, Diff:  0.0, Sum:  0.0, Workers: 4
[3339.331s][debug][gc,phases      ] GC(185)     Dead                           Min: 0, Avg:  0.0, Max: 0, Diff: 0, Sum: 0, Workers: 4
[3339.331s][debug][gc,phases      ] GC(185)     Total                          Min: 0, Avg:  0.0, Max: 0, Diff: 0, Sum: 0, Workers: 4
[3339.331s][debug][gc,phases      ] GC(185)   StringDedup Requests0 Weak     Min:  0.0, Avg:  0.0, Max:  0.0, Diff:  0.0, Sum:  0.0, Workers: 4
[3339.331s][debug][gc,phases      ] GC(185)     Dead                           Min: 0, Avg:  0.0, Max: 0, Diff: 0, Sum: 0, Workers: 4
[3339.331s][debug][gc,phases      ] GC(185)     Total                          Min: 0, Avg:  0.0, Max: 0, Diff: 0, Sum: 0, Workers: 4
[3339.331s][debug][gc,phases      ] GC(185)   StringDedup Requests1 Weak     Min:  0.0, Avg:  0.0, Max:  0.0, Diff:  0.0, Sum:  0.0, Workers: 4
[3339.331s][debug][gc,phases      ] GC(185)     Dead                           Min: 0, Avg:  0.0, Max: 0, Diff: 0, Sum: 0, Workers: 4
[3339.331s][debug][gc,phases      ] GC(185)     Total                          Min: 0, Avg:  0.0, Max: 0, Diff: 0, Sum: 0, Workers: 4
[3339.331s][debug][gc,phases      ] GC(185)   Weak JFR Old Object Samples    Min:  0.0, Avg:  0.0, Max:  0.0, Diff:  0.0, Sum:  0.0, Workers: 4
[3339.331s][debug][gc,phases      ] GC(185)     Dead                           Min: 0, Avg:  0.0, Max: 0, Diff: 0, Sum: 0, Workers: 4
[3339.331s][debug][gc,phases      ] GC(185)     Total                          Min: 0, Avg:  0.0, Max: 0, Diff: 0, Sum: 0, Workers: 4
[3339.331s][debug][gc,phases      ] GC(185) Weak Processing 0.324ms
[3339.331s][debug][gc,age         ] GC(185) Desired survivor size 250085376 bytes, new threshold 15 (max threshold 15)
[3339.331s][info ][gc,heap        ] GC(185) PSYoungGen: 1663712K(1844736K)->87936K(1839104K) Eden: 1586688K(1586688K)->0K(1586688K) From: 77024K(258048K)->87936K(252416K)
[3339.331s][info ][gc,heap        ] GC(185) ParOldGen: 662792K(877056K)->662792K(877056K)
[3339.331s][info ][gc,metaspace   ] GC(185) Metaspace: 85164K(86656K)->85164K(86656K) NonClass: 73180K(74048K)->73180K(74048K) Class: 11984K(12608K)->11984K(12608K)
[3339.331s][info ][gc             ] GC(185) Pause Young (Allocation Failure) 2271M->733M(2652M) 31.099ms
[3339.331s][info ][gc,cpu         ] GC(185) User=0.09s Sys=0.00s Real=0.03s
[3339.331s][info ][safepoint      ] Safepoint "ParallelGCFailedAllocation", Time since last: 2087832477 ns, Reaching safepoint: 125709 ns, At safepoint: 31190218 ns, Total: 31315927 ns
[3340.331s][info ][safepoint      ] Safepoint "Cleanup", Time since last: 1000079822 ns, Reaching safepoint: 46203 ns, At safepoint: 3401 ns, Total: 49604 ns
[3344.332s][info ][safepoint      ] Safepoint "Cleanup", Time since last: 4000346588 ns, Reaching safepoint: 68605 ns, At safepoint: 6401 ns, Total: 75006 ns
[3346.332s][info ][safepoint      ] Safepoint "Cleanup", Time since last: 2000170444 ns, Reaching safepoint: 60705 ns, At safepoint: 7900 ns, Total: 68605 ns
[3350.332s][info ][safepoint      ] Safepoint "Cleanup", Time since last: 4000310288 ns, Reaching safepoint: 36903 ns, At safepoint: 36602 ns, Total: 73505 ns
[3353.333s][info ][safepoint      ] Safepoint "Cleanup", Time since last: 3000223666 ns, Reaching safepoint: 46303 ns, At safepoint: 3001 ns, Total: 49304 ns
[3356.950s][info ][gc,start       ] GC(186) Pause Young (Allocation Failure)
[3356.976s][debug][gc,phases      ] GC(186) Scavenge 25.990ms
[3356.976s][debug][gc,ref         ] GC(186) Skipped phase 1 of Reference Processing: no references
[3356.977s][debug][gc,ref         ] GC(186) ReferenceProcessor::execute queues: 1, RefProcThreadModel::Single, marks_oops_alive: false
[3356.977s][debug][gc,ref         ] GC(186) ReferenceProcessor::execute queues: 4, RefProcThreadModel::Multi, marks_oops_alive: true
[3356.977s][debug][gc,ref         ] GC(186) Skipped phase 4 of Reference Processing: no references
[3356.977s][debug][gc,phases      ] GC(186) Reference Processing 0.218ms
[3356.977s][debug][gc,phases      ] GC(186)   VM Weak                        Min:  0.0, Avg:  0.0, Max:  0.0, Diff:  0.0, Sum:  0.0, Workers: 4
[3356.977s][debug][gc,phases      ] GC(186)     Dead                           Min: 0, Avg:  0.0, Max: 0, Diff: 0, Sum: 0, Workers: 4
[3356.977s][debug][gc,phases      ] GC(186)     Total                          Min: 0, Avg: 200.0, Max: 566, Diff: 566, Sum: 800, Workers: 4
[3356.977s][debug][gc,phases      ] GC(186)   ObjectSynchronizer Weak        Min:  0.0, Avg:  0.0, Max:  0.0, Diff:  0.0, Sum:  0.0, Workers: 4
[3356.977s][debug][gc,phases      ] GC(186)     Dead                           Min: 0, Avg:  0.0, Max: 0, Diff: 0, Sum: 0, Workers: 4
[3356.977s][debug][gc,phases      ] GC(186)     Total                          Min: 0, Avg: 26.5, Max: 64, Diff: 64, Sum: 106, Workers: 4
[3356.977s][debug][gc,phases      ] GC(186)   JVMTI Tag Weak OopStorage      Min:  0.0, Avg:  0.0, Max:  0.0, Diff:  0.0, Sum:  0.0, Workers: 4
[3356.977s][debug][gc,phases      ] GC(186)     Dead                           Min: 0, Avg:  0.0, Max: 0, Diff: 0, Sum: 0, Workers: 4
[3356.977s][debug][gc,phases      ] GC(186)     Total                          Min: 0, Avg:  0.0, Max: 0, Diff: 0, Sum: 0, Workers: 4
[3356.977s][debug][gc,phases      ] GC(186)   StringTable Weak               Min:  0.1, Avg:  0.1, Max:  0.1, Diff:  0.0, Sum:  0.5, Workers: 4
[3356.977s][debug][gc,phases      ] GC(186)     Dead                           Min: 0, Avg:  0.0, Max: 0, Diff: 0, Sum: 0, Workers: 4
[3356.977s][debug][gc,phases      ] GC(186)     Total                          Min: 10432, Avg: 11093.5, Max: 11518, Diff: 1086, Sum: 44374, Workers: 4
[3356.977s][debug][gc,phases      ] GC(186)   ResolvedMethodTable Weak       Min:  0.0, Avg:  0.0, Max:  0.0, Diff:  0.0, Sum:  0.1, Workers: 4
[3356.977s][debug][gc,phases      ] GC(186)     Dead                           Min: 0, Avg:  0.0, Max: 0, Diff: 0, Sum: 0, Workers: 4
[3356.977s][debug][gc,phases      ] GC(186)     Total                          Min: 2560, Avg: 2568.0, Max: 2592, Diff: 32, Sum: 10272, Workers: 4
[3356.977s][debug][gc,phases      ] GC(186)   JNI Weak                       Min:  0.0, Avg:  0.0, Max:  0.0, Diff:  0.0, Sum:  0.0, Workers: 4
[3356.977s][debug][gc,phases      ] GC(186)     Dead                           Min: 0, Avg:  0.0, Max: 0, Diff: 0, Sum: 0, Workers: 4
[3356.977s][debug][gc,phases      ] GC(186)     Total                          Min: 0, Avg: 11.2, Max: 45, Diff: 45, Sum: 45, Workers: 4
[3356.977s][debug][gc,phases      ] GC(186)   StringDedup Table Weak         Min:  0.0, Avg:  0.0, Max:  0.0, Diff:  0.0, Sum:  0.0, Workers: 4
[3356.977s][debug][gc,phases      ] GC(186)     Dead                           Min: 0, Avg:  0.0, Max: 0, Diff: 0, Sum: 0, Workers: 4
[3356.977s][debug][gc,phases      ] GC(186)     Total                          Min: 0, Avg:  0.0, Max: 0, Diff: 0, Sum: 0, Workers: 4
[3356.977s][debug][gc,phases      ] GC(186)   StringDedup Requests0 Weak     Min:  0.0, Avg:  0.0, Max:  0.0, Diff:  0.0, Sum:  0.0, Workers: 4
[3356.977s][debug][gc,phases      ] GC(186)     Dead                           Min: 0, Avg:  0.0, Max: 0, Diff: 0, Sum: 0, Workers: 4
[3356.977s][debug][gc,phases      ] GC(186)     Total                          Min: 0, Avg:  0.0, Max: 0, Diff: 0, Sum: 0, Workers: 4
[3356.977s][debug][gc,phases      ] GC(186)   StringDedup Requests1 Weak     Min:  0.0, Avg:  0.0, Max:  0.0, Diff:  0.0, Sum:  0.0, Workers: 4
[3356.977s][debug][gc,phases      ] GC(186)     Dead                           Min: 0, Avg:  0.0, Max: 0, Diff: 0, Sum: 0, Workers: 4
[3356.977s][debug][gc,phases      ] GC(186)     Total                          Min: 0, Avg:  0.0, Max: 0, Diff: 0, Sum: 0, Workers: 4
[3356.977s][debug][gc,phases      ] GC(186)   Weak JFR Old Object Samples    Min:  0.0, Avg:  0.0, Max:  0.0, Diff:  0.0, Sum:  0.0, Workers: 4
[3356.977s][debug][gc,phases      ] GC(186)     Dead                           Min: 0, Avg:  0.0, Max: 0, Diff: 0, Sum: 0, Workers: 4
[3356.977s][debug][gc,phases      ] GC(186)     Total                          Min: 0, Avg:  0.0, Max: 0, Diff: 0, Sum: 0, Workers: 4
[3356.977s][debug][gc,phases      ] GC(186) Weak Processing 0.343ms
[3356.977s][debug][gc,age         ] GC(186) Desired survivor size 241696768 bytes, new threshold 15 (max threshold 15)
[3356.977s][info ][gc,heap        ] GC(186) PSYoungGen: 1674624K(1839104K)->88944K(1861120K) Eden: 1586688K(1586688K)->0K(1616896K) From: 87936K(252416K)->88944K(244224K)
[3356.977s][info ][gc,heap        ] GC(186) ParOldGen: 662792K(877056K)->662800K(877056K)
[3356.977s][info ][gc,metaspace   ] GC(186) Metaspace: 85184K(86656K)->85184K(86656K) NonClass: 73199K(74048K)->73199K(74048K) Class: 11984K(12608K)->11984K(12608K)
[3356.977s][info ][gc             ] GC(186) Pause Young (Allocation Failure) 2282M->734M(2674M) 26.700ms
[3356.977s][info ][gc,cpu         ] GC(186) User=0.09s Sys=0.00s Real=0.02s
[3356.977s][info ][safepoint      ] Safepoint "ParallelGCFailedAllocation", Time since last: 3617539668 ns, Reaching safepoint: 76305 ns, At safepoint: 26797706 ns, Total: 26874011 ns
[3357.977s][info ][safepoint      ] Safepoint "Cleanup", Time since last: 1000083223 ns, Reaching safepoint: 41903 ns, At safepoint: 3600 ns, Total: 45503 ns
[3360.977s][info ][safepoint      ] Safepoint "Cleanup", Time since last: 3000235369 ns, Reaching safepoint: 37302 ns, At safepoint: 3300 ns, Total: 40602 ns
[3368.978s][info ][safepoint      ] Safepoint "Cleanup", Time since last: 8000567981 ns, Reaching safepoint: 51504 ns, At safepoint: 3900 ns, Total: 55404 ns
[3369.978s][info ][safepoint      ] Safepoint "Cleanup", Time since last: 1000102125 ns, Reaching safepoint: 37303 ns, At safepoint: 2900 ns, Total: 40203 ns
[3370.707s][info ][gc,start       ] GC(187) Pause Young (Allocation Failure)
[3370.732s][debug][gc,phases      ] GC(187) Scavenge 24.404ms
[3370.732s][debug][gc,ref         ] GC(187) Skipped phase 1 of Reference Processing: no references
[3370.732s][debug][gc,ref         ] GC(187) ReferenceProcessor::execute queues: 1, RefProcThreadModel::Single, marks_oops_alive: false
[3370.732s][debug][gc,ref         ] GC(187) Skipped phase 3 of Reference Processing: no references
[3370.732s][debug][gc,ref         ] GC(187) Skipped phase 4 of Reference Processing: no references
[3370.732s][debug][gc,phases      ] GC(187) Reference Processing 0.103ms
[3370.732s][debug][gc,phases      ] GC(187)   VM Weak                        Min:  0.0, Avg:  0.0, Max:  0.0, Diff:  0.0, Sum:  0.0, Workers: 4
[3370.732s][debug][gc,phases      ] GC(187)     Dead                           Min: 0, Avg:  0.0, Max: 0, Diff: 0, Sum: 0, Workers: 4
[3370.732s][debug][gc,phases      ] GC(187)     Total                          Min: 0, Avg: 200.0, Max: 484, Diff: 484, Sum: 800, Workers: 4
[3370.732s][debug][gc,phases      ] GC(187)   ObjectSynchronizer Weak        Min:  0.0, Avg:  0.0, Max:  0.0, Diff:  0.0, Sum:  0.0, Workers: 4
[3370.732s][debug][gc,phases      ] GC(187)     Dead                           Min: 0, Avg:  0.0, Max: 0, Diff: 0, Sum: 0, Workers: 4
[3370.732s][debug][gc,phases      ] GC(187)     Total                          Min: 0, Avg: 26.5, Max: 64, Diff: 64, Sum: 106, Workers: 4
[3370.732s][debug][gc,phases      ] GC(187)   JVMTI Tag Weak OopStorage      Min:  0.0, Avg:  0.0, Max:  0.0, Diff:  0.0, Sum:  0.0, Workers: 4
[3370.732s][debug][gc,phases      ] GC(187)     Dead                           Min: 0, Avg:  0.0, Max: 0, Diff: 0, Sum: 0, Workers: 4
[3370.732s][debug][gc,phases      ] GC(187)     Total                          Min: 0, Avg:  0.0, Max: 0, Diff: 0, Sum: 0, Workers: 4
[3370.732s][debug][gc,phases      ] GC(187)   StringTable Weak               Min:  0.1, Avg:  0.1, Max:  0.1, Diff:  0.0, Sum:  0.5, Workers: 4
[3370.732s][debug][gc,phases      ] GC(187)     Dead                           Min: 0, Avg:  0.0, Max: 0, Diff: 0, Sum: 0, Workers: 4
[3370.732s][debug][gc,phases      ] GC(187)     Total                          Min: 9470, Avg: 11093.5, Max: 11904, Diff: 2434, Sum: 44374, Workers: 4
[3370.732s][debug][gc,phases      ] GC(187)   ResolvedMethodTable Weak       Min:  0.0, Avg:  0.0, Max:  0.0, Diff:  0.0, Sum:  0.1, Workers: 4
[3370.732s][debug][gc,phases      ] GC(187)     Dead                           Min: 0, Avg:  0.0, Max: 0, Diff: 0, Sum: 0, Workers: 4
[3370.732s][debug][gc,phases      ] GC(187)     Total                          Min: 2304, Avg: 2568.0, Max: 2752, Diff: 448, Sum: 10272, Workers: 4
[3370.732s][debug][gc,phases      ] GC(187)   JNI Weak                       Min:  0.0, Avg:  0.0, Max:  0.0, Diff:  0.0, Sum:  0.0, Workers: 4
[3370.732s][debug][gc,phases      ] GC(187)     Dead                           Min: 0, Avg:  0.0, Max: 0, Diff: 0, Sum: 0, Workers: 4
[3370.732s][debug][gc,phases      ] GC(187)     Total                          Min: 0, Avg: 11.2, Max: 45, Diff: 45, Sum: 45, Workers: 4
[3370.732s][debug][gc,phases      ] GC(187)   StringDedup Table Weak         Min:  0.0, Avg:  0.0, Max:  0.0, Diff:  0.0, Sum:  0.0, Workers: 4
[3370.732s][debug][gc,phases      ] GC(187)     Dead                           Min: 0, Avg:  0.0, Max: 0, Diff: 0, Sum: 0, Workers: 4
[3370.732s][debug][gc,phases      ] GC(187)     Total                          Min: 0, Avg:  0.0, Max: 0, Diff: 0, Sum: 0, Workers: 4
[3370.732s][debug][gc,phases      ] GC(187)   StringDedup Requests0 Weak     Min:  0.0, Avg:  0.0, Max:  0.0, Diff:  0.0, Sum:  0.0, Workers: 4
[3370.732s][debug][gc,phases      ] GC(187)     Dead                           Min: 0, Avg:  0.0, Max: 0, Diff: 0, Sum: 0, Workers: 4
[3370.732s][debug][gc,phases      ] GC(187)     Total                          Min: 0, Avg:  0.0, Max: 0, Diff: 0, Sum: 0, Workers: 4
[3370.732s][debug][gc,phases      ] GC(187)   StringDedup Requests1 Weak     Min:  0.0, Avg:  0.0, Max:  0.0, Diff:  0.0, Sum:  0.0, Workers: 4
[3370.732s][debug][gc,phases      ] GC(187)     Dead                           Min: 0, Avg:  0.0, Max: 0, Diff: 0, Sum: 0, Workers: 4
[3370.732s][debug][gc,phases      ] GC(187)     Total                          Min: 0, Avg:  0.0, Max: 0, Diff: 0, Sum: 0, Workers: 4
[3370.732s][debug][gc,phases      ] GC(187)   Weak JFR Old Object Samples    Min:  0.0, Avg:  0.0, Max:  0.0, Diff:  0.0, Sum:  0.0, Workers: 4
[3370.732s][debug][gc,phases      ] GC(187)     Dead                           Min: 0, Avg:  0.0, Max: 0, Diff: 0, Sum: 0, Workers: 4
[3370.732s][debug][gc,phases      ] GC(187)     Total                          Min: 0, Avg:  0.0, Max: 0, Diff: 0, Sum: 0, Workers: 4
[3370.732s][debug][gc,phases      ] GC(187) Weak Processing 0.355ms
[3370.732s][debug][gc,age         ] GC(187) Desired survivor size 232783872 bytes, new threshold 15 (max threshold 15)
[3370.732s][info ][gc,heap        ] GC(187) PSYoungGen: 1705840K(1861120K)->92080K(1852928K) Eden: 1616896K(1616896K)->0K(1616896K) From: 88944K(244224K)->92080K(236032K)
[3370.732s][info ][gc,heap        ] GC(187) ParOldGen: 662800K(877056K)->662800K(877056K)
[3370.732s][info ][gc,metaspace   ] GC(187) Metaspace: 85192K(86656K)->85192K(86656K) NonClass: 73207K(74048K)->73207K(74048K) Class: 11984K(12608K)->11984K(12608K)
[3370.732s][info ][gc             ] GC(187) Pause Young (Allocation Failure) 2313M->737M(2666M) 25.000ms
[3370.732s][info ][gc,cpu         ] GC(187) User=0.10s Sys=0.00s Real=0.03s
[3370.732s][info ][safepoint      ] Safepoint "ParallelGCFailedAllocation", Time since last: 728845934 ns, Reaching safepoint: 38003 ns, At safepoint: 25094584 ns, Total: 25132587 ns
[3371.732s][info ][safepoint      ] Safepoint "Cleanup", Time since last: 1000082724 ns, Reaching safepoint: 46604 ns, At safepoint: 3400 ns, Total: 50004 ns
[3376.733s][info ][safepoint      ] Safepoint "Cleanup", Time since last: 5000379418 ns, Reaching safepoint: 49403 ns, At safepoint: 8001 ns, Total: 57404 ns
[3388.062s][info ][gc,start       ] GC(188) Pause Young (Allocation Failure)
[3388.089s][debug][gc,phases      ] GC(188) Scavenge 26.672ms
[3388.089s][debug][gc,ref         ] GC(188) Skipped phase 1 of Reference Processing: no references
[3388.089s][debug][gc,ref         ] GC(188) ReferenceProcessor::execute queues: 1, RefProcThreadModel::Single, marks_oops_alive: false
[3388.089s][debug][gc,ref         ] GC(188) Skipped phase 3 of Reference Processing: no references
[3388.089s][debug][gc,ref         ] GC(188) Skipped phase 4 of Reference Processing: no references
[3388.089s][debug][gc,phases      ] GC(188) Reference Processing 0.103ms
[3388.089s][debug][gc,phases      ] GC(188)   VM Weak                        Min:  0.0, Avg:  0.0, Max:  0.0, Diff:  0.0, Sum:  0.0, Workers: 4
[3388.089s][debug][gc,phases      ] GC(188)     Dead                           Min: 0, Avg:  0.0, Max: 0, Diff: 0, Sum: 0, Workers: 4
[3388.089s][debug][gc,phases      ] GC(188)     Total                          Min: 0, Avg: 200.0, Max: 444, Diff: 444, Sum: 800, Workers: 4
[3388.089s][debug][gc,phases      ] GC(188)   ObjectSynchronizer Weak        Min:  0.0, Avg:  0.0, Max:  0.0, Diff:  0.0, Sum:  0.0, Workers: 4
[3388.089s][debug][gc,phases      ] GC(188)     Dead                           Min: 0, Avg:  0.0, Max: 0, Diff: 0, Sum: 0, Workers: 4
[3388.089s][debug][gc,phases      ] GC(188)     Total                          Min: 0, Avg: 26.5, Max: 64, Diff: 64, Sum: 106, Workers: 4
[3388.089s][debug][gc,phases      ] GC(188)   JVMTI Tag Weak OopStorage      Min:  0.0, Avg:  0.0, Max:  0.0, Diff:  0.0, Sum:  0.0, Workers: 4
[3388.089s][debug][gc,phases      ] GC(188)     Dead                           Min: 0, Avg:  0.0, Max: 0, Diff: 0, Sum: 0, Workers: 4
[3388.089s][debug][gc,phases      ] GC(188)     Total                          Min: 0, Avg:  0.0, Max: 0, Diff: 0, Sum: 0, Workers: 4
[3388.089s][debug][gc,phases      ] GC(188)   StringTable Weak               Min:  0.0, Avg:  0.1, Max:  0.2, Diff:  0.2, Sum:  0.5, Workers: 4
[3388.089s][debug][gc,phases      ] GC(188)     Dead                           Min: 0, Avg:  0.0, Max: 0, Diff: 0, Sum: 0, Workers: 4
[3388.089s][debug][gc,phases      ] GC(188)     Total                          Min: 0, Avg: 11093.5, Max: 22487, Diff: 22487, Sum: 44374, Workers: 4
[3388.089s][debug][gc,phases      ] GC(188)   ResolvedMethodTable Weak       Min:  0.0, Avg:  0.0, Max:  0.0, Diff:  0.0, Sum:  0.1, Workers: 4
[3388.089s][debug][gc,phases      ] GC(188)     Dead                           Min: 0, Avg:  0.0, Max: 0, Diff: 0, Sum: 0, Workers: 4
[3388.089s][debug][gc,phases      ] GC(188)     Total                          Min: 0, Avg: 2568.0, Max: 5472, Diff: 5472, Sum: 10272, Workers: 4
[3388.089s][debug][gc,phases      ] GC(188)   JNI Weak                       Min:  0.0, Avg:  0.0, Max:  0.0, Diff:  0.0, Sum:  0.0, Workers: 4
[3388.089s][debug][gc,phases      ] GC(188)     Dead                           Min: 0, Avg:  0.0, Max: 0, Diff: 0, Sum: 0, Workers: 4
[3388.089s][debug][gc,phases      ] GC(188)     Total                          Min: 0, Avg: 11.2, Max: 45, Diff: 45, Sum: 45, Workers: 4
[3388.089s][debug][gc,phases      ] GC(188)   StringDedup Table Weak         Min:  0.0, Avg:  0.0, Max:  0.0, Diff:  0.0, Sum:  0.0, Workers: 4
[3388.089s][debug][gc,phases      ] GC(188)     Dead                           Min: 0, Avg:  0.0, Max: 0, Diff: 0, Sum: 0, Workers: 4
[3388.089s][debug][gc,phases      ] GC(188)     Total                          Min: 0, Avg:  0.0, Max: 0, Diff: 0, Sum: 0, Workers: 4
[3388.089s][debug][gc,phases      ] GC(188)   StringDedup Requests0 Weak     Min:  0.0, Avg:  0.0, Max:  0.0, Diff:  0.0, Sum:  0.0, Workers: 4
[3388.089s][debug][gc,phases      ] GC(188)     Dead                           Min: 0, Avg:  0.0, Max: 0, Diff: 0, Sum: 0, Workers: 4
[3388.089s][debug][gc,phases      ] GC(188)     Total                          Min: 0, Avg:  0.0, Max: 0, Diff: 0, Sum: 0, Workers: 4
[3388.089s][debug][gc,phases      ] GC(188)   StringDedup Requests1 Weak     Min:  0.0, Avg:  0.0, Max:  0.0, Diff:  0.0, Sum:  0.0, Workers: 4
[3388.089s][debug][gc,phases      ] GC(188)     Dead                           Min: 0, Avg:  0.0, Max: 0, Diff: 0, Sum: 0, Workers: 4
[3388.089s][debug][gc,phases      ] GC(188)     Total                          Min: 0, Avg:  0.0, Max: 0, Diff: 0, Sum: 0, Workers: 4
[3388.089s][debug][gc,phases      ] GC(188)   Weak JFR Old Object Samples    Min:  0.0, Avg:  0.0, Max:  0.0, Diff:  0.0, Sum:  0.0, Workers: 4
[3388.089s][debug][gc,phases      ] GC(188)     Dead                           Min: 0, Avg:  0.0, Max: 0, Diff: 0, Sum: 0, Workers: 4
[3388.089s][debug][gc,phases      ] GC(188)     Total                          Min: 0, Avg:  0.0, Max: 0, Diff: 0, Sum: 0, Workers: 4
[3388.089s][debug][gc,phases      ] GC(188) Weak Processing 0.483ms
[3388.089s][debug][gc,age         ] GC(188) Desired survivor size 224395264 bytes, new threshold 15 (max threshold 15)
[3388.090s][info ][gc,heap        ] GC(188) PSYoungGen: 1708976K(1852928K)->92497K(1878016K) Eden: 1616896K(1616896K)->0K(1650688K) From: 92080K(236032K)->92497K(227328K)
[3388.090s][info ][gc,heap        ] GC(188) ParOldGen: 662800K(877056K)->662800K(877056K)
[3388.090s][info ][gc,metaspace   ] GC(188) Metaspace: 85194K(86656K)->85194K(86656K) NonClass: 73209K(74048K)->73209K(74048K) Class: 11984K(12608K)->11984K(12608K)
[3388.090s][info ][gc             ] GC(188) Pause Young (Allocation Failure) 2316M->737M(2690M) 27.411ms
[3388.090s][info ][gc,cpu         ] GC(188) User=0.10s Sys=0.00s Real=0.02s
[3388.090s][info ][safepoint      ] Safepoint "ParallelGCFailedAllocation", Time since last: 11329164414 ns, Reaching safepoint: 112308 ns, At safepoint: 27547660 ns, Total: 27659968 ns
[3389.090s][info ][safepoint      ] Safepoint "Cleanup", Time since last: 1000090825 ns, Reaching safepoint: 47103 ns, At safepoint: 4001 ns, Total: 51104 ns
[3393.090s][info ][safepoint      ] Safepoint "Cleanup", Time since last: 4000320399 ns, Reaching safepoint: 37803 ns, At safepoint: 3900 ns, Total: 41703 ns
[3394.090s][info ][safepoint      ] Safepoint "Cleanup", Time since last: 1000129729 ns, Reaching safepoint: 52104 ns, At safepoint: 4500 ns, Total: 56604 ns
[3398.091s][info ][safepoint      ] Safepoint "Cleanup", Time since last: 4000278298 ns, Reaching safepoint: 58704 ns, At safepoint: 4400 ns, Total: 63104 ns
[3400.091s][info ][safepoint      ] Safepoint "Cleanup", Time since last: 2000166051 ns, Reaching safepoint: 43003 ns, At safepoint: 3401 ns, Total: 46404 ns
[3406.052s][info ][gc,start       ] GC(189) Pause Young (Allocation Failure)
[3406.075s][debug][gc,phases      ] GC(189) Scavenge 23.326ms
[3406.075s][debug][gc,ref         ] GC(189) Skipped phase 1 of Reference Processing: no references
[3406.075s][debug][gc,ref         ] GC(189) ReferenceProcessor::execute queues: 1, RefProcThreadModel::Single, marks_oops_alive: false
[3406.075s][debug][gc,ref         ] GC(189) Skipped phase 3 of Reference Processing: no references
[3406.075s][debug][gc,ref         ] GC(189) Skipped phase 4 of Reference Processing: no references
[3406.075s][debug][gc,phases      ] GC(189) Reference Processing 0.098ms
[3406.075s][debug][gc,phases      ] GC(189)   VM Weak                        Min:  0.0, Avg:  0.0, Max:  0.0, Diff:  0.0, Sum:  0.0, Workers: 4
[3406.075s][debug][gc,phases      ] GC(189)     Dead                           Min: 0, Avg:  0.0, Max: 0, Diff: 0, Sum: 0, Workers: 4
[3406.075s][debug][gc,phases      ] GC(189)     Total                          Min: 0, Avg: 200.0, Max: 433, Diff: 433, Sum: 800, Workers: 4
[3406.075s][debug][gc,phases      ] GC(189)   ObjectSynchronizer Weak        Min:  0.0, Avg:  0.0, Max:  0.0, Diff:  0.0, Sum:  0.0, Workers: 4
[3406.075s][debug][gc,phases      ] GC(189)     Dead                           Min: 0, Avg:  0.0, Max: 0, Diff: 0, Sum: 0, Workers: 4
[3406.075s][debug][gc,phases      ] GC(189)     Total                          Min: 0, Avg: 26.5, Max: 64, Diff: 64, Sum: 106, Workers: 4
[3406.075s][debug][gc,phases      ] GC(189)   JVMTI Tag Weak OopStorage      Min:  0.0, Avg:  0.0, Max:  0.0, Diff:  0.0, Sum:  0.0, Workers: 4
[3406.075s][debug][gc,phases      ] GC(189)     Dead                           Min: 0, Avg:  0.0, Max: 0, Diff: 0, Sum: 0, Workers: 4
[3406.075s][debug][gc,phases      ] GC(189)     Total                          Min: 0, Avg:  0.0, Max: 0, Diff: 0, Sum: 0, Workers: 4
[3406.075s][debug][gc,phases      ] GC(189)   StringTable Weak               Min:  0.1, Avg:  0.1, Max:  0.1, Diff:  0.0, Sum:  0.5, Workers: 4
[3406.075s][debug][gc,phases      ] GC(189)     Dead                           Min: 0, Avg:  0.0, Max: 0, Diff: 0, Sum: 0, Workers: 4
[3406.075s][debug][gc,phases      ] GC(189)     Total                          Min: 10815, Avg: 11093.8, Max: 11263, Diff: 448, Sum: 44375, Workers: 4
[3406.075s][debug][gc,phases      ] GC(189)   ResolvedMethodTable Weak       Min:  0.0, Avg:  0.0, Max:  0.0, Diff:  0.0, Sum:  0.1, Workers: 4
[3406.075s][debug][gc,phases      ] GC(189)     Dead                           Min: 0, Avg:  0.0, Max: 0, Diff: 0, Sum: 0, Workers: 4
[3406.075s][debug][gc,phases      ] GC(189)     Total                          Min: 2432, Avg: 2568.0, Max: 2688, Diff: 256, Sum: 10272, Workers: 4
[3406.075s][debug][gc,phases      ] GC(189)   JNI Weak                       Min:  0.0, Avg:  0.0, Max:  0.0, Diff:  0.0, Sum:  0.0, Workers: 4
[3406.075s][debug][gc,phases      ] GC(189)     Dead                           Min: 0, Avg:  0.0, Max: 0, Diff: 0, Sum: 0, Workers: 4
[3406.075s][debug][gc,phases      ] GC(189)     Total                          Min: 0, Avg: 11.2, Max: 45, Diff: 45, Sum: 45, Workers: 4
[3406.075s][debug][gc,phases      ] GC(189)   StringDedup Table Weak         Min:  0.0, Avg:  0.0, Max:  0.0, Diff:  0.0, Sum:  0.0, Workers: 4
[3406.075s][debug][gc,phases      ] GC(189)     Dead                           Min: 0, Avg:  0.0, Max: 0, Diff: 0, Sum: 0, Workers: 4
[3406.075s][debug][gc,phases      ] GC(189)     Total                          Min: 0, Avg:  0.0, Max: 0, Diff: 0, Sum: 0, Workers: 4
[3406.075s][debug][gc,phases      ] GC(189)   StringDedup Requests0 Weak     Min:  0.0, Avg:  0.0, Max:  0.0, Diff:  0.0, Sum:  0.0, Workers: 4
[3406.075s][debug][gc,phases      ] GC(189)     Dead                           Min: 0, Avg:  0.0, Max: 0, Diff: 0, Sum: 0, Workers: 4
[3406.075s][debug][gc,phases      ] GC(189)     Total                          Min: 0, Avg:  0.0, Max: 0, Diff: 0, Sum: 0, Workers: 4
[3406.075s][debug][gc,phases      ] GC(189)   StringDedup Requests1 Weak     Min:  0.0, Avg:  0.0, Max:  0.0, Diff:  0.0, Sum:  0.0, Workers: 4
[3406.075s][debug][gc,phases      ] GC(189)     Dead                           Min: 0, Avg:  0.0, Max: 0, Diff: 0, Sum: 0, Workers: 4
[3406.075s][debug][gc,phases      ] GC(189)     Total                          Min: 0, Avg:  0.0, Max: 0, Diff: 0, Sum: 0, Workers: 4
[3406.075s][debug][gc,phases      ] GC(189)   Weak JFR Old Object Samples    Min:  0.0, Avg:  0.0, Max:  0.0, Diff:  0.0, Sum:  0.0, Workers: 4
[3406.075s][debug][gc,phases      ] GC(189)     Dead                           Min: 0, Avg:  0.0, Max: 0, Diff: 0, Sum: 0, Workers: 4
[3406.075s][debug][gc,phases      ] GC(189)     Total                          Min: 0, Avg:  0.0, Max: 0, Diff: 0, Sum: 0, Workers: 4
[3406.075s][debug][gc,phases      ] GC(189) Weak Processing 0.348ms
[3406.075s][debug][gc,age         ] GC(189) Desired survivor size 216006656 bytes, new threshold 15 (max threshold 15)
[3406.075s][info ][gc,heap        ] GC(189) PSYoungGen: 1743185K(1878016K)->93392K(1869824K) Eden: 1650688K(1650688K)->0K(1650688K) From: 92497K(227328K)->93392K(219136K)
[3406.075s][info ][gc,heap        ] GC(189) ParOldGen: 662800K(877056K)->662800K(877056K)
[3406.075s][info ][gc,metaspace   ] GC(189) Metaspace: 85210K(86656K)->85210K(86656K) NonClass: 73225K(74048K)->73225K(74048K) Class: 11984K(12608K)->11984K(12608K)
[3406.075s][info ][gc             ] GC(189) Pause Young (Allocation Failure) 2349M->738M(2682M) 23.907ms
[3406.076s][info ][gc,cpu         ] GC(189) User=0.09s Sys=0.00s Real=0.02s
[3406.076s][info ][safepoint      ] Safepoint "ParallelGCFailedAllocation", Time since last: 5960660921 ns, Reaching safepoint: 35103 ns, At safepoint: 23990406 ns, Total: 24025509 ns
[3408.076s][info ][safepoint      ] Safepoint "Cleanup", Time since last: 2000150051 ns, Reaching safepoint: 49904 ns, At safepoint: 28102 ns, Total: 78006 ns
[3409.076s][info ][safepoint      ] Safepoint "Cleanup", Time since last: 1000103927 ns, Reaching safepoint: 54204 ns, At safepoint: 3300 ns, Total: 57504 ns
[3412.076s][info ][safepoint      ] Safepoint "Cleanup", Time since last: 3000238078 ns, Reaching safepoint: 49304 ns, At safepoint: 3200 ns, Total: 52504 ns
[3420.077s][info ][safepoint      ] Safepoint "Cleanup", Time since last: 8000573206 ns, Reaching safepoint: 55104 ns, At safepoint: 6101 ns, Total: 61205 ns
[3424.096s][info ][gc,start       ] GC(190) Pause Young (Allocation Failure)
[3424.128s][debug][gc,phases      ] GC(190) Scavenge 31.624ms
[3424.128s][debug][gc,ref         ] GC(190) Skipped phase 1 of Reference Processing: no references
[3424.128s][debug][gc,ref         ] GC(190) ReferenceProcessor::execute queues: 1, RefProcThreadModel::Single, marks_oops_alive: false
[3424.128s][debug][gc,ref         ] GC(190) Skipped phase 3 of Reference Processing: no references
[3424.128s][debug][gc,ref         ] GC(190) ReferenceProcessor::execute queues: 1, RefProcThreadModel::Single, marks_oops_alive: false
[3424.128s][debug][gc,phases      ] GC(190) Reference Processing 0.102ms
[3424.128s][debug][gc,phases      ] GC(190)   VM Weak                        Min:  0.0, Avg:  0.0, Max:  0.0, Diff:  0.0, Sum:  0.0, Workers: 4
[3424.128s][debug][gc,phases      ] GC(190)     Dead                           Min: 0, Avg:  0.0, Max: 0, Diff: 0, Sum: 0, Workers: 4
[3424.129s][debug][gc,phases      ] GC(190)     Total                          Min: 0, Avg: 200.0, Max: 370, Diff: 370, Sum: 800, Workers: 4
[3424.129s][debug][gc,phases      ] GC(190)   ObjectSynchronizer Weak        Min:  0.0, Avg:  0.0, Max:  0.0, Diff:  0.0, Sum:  0.0, Workers: 4
[3424.129s][debug][gc,phases      ] GC(190)     Dead                           Min: 0, Avg:  0.0, Max: 0, Diff: 0, Sum: 0, Workers: 4
[3424.129s][debug][gc,phases      ] GC(190)     Total                          Min: 0, Avg: 26.5, Max: 64, Diff: 64, Sum: 106, Workers: 4
[3424.129s][debug][gc,phases      ] GC(190)   JVMTI Tag Weak OopStorage      Min:  0.0, Avg:  0.0, Max:  0.0, Diff:  0.0, Sum:  0.0, Workers: 4
[3424.129s][debug][gc,phases      ] GC(190)     Dead                           Min: 0, Avg:  0.0, Max: 0, Diff: 0, Sum: 0, Workers: 4
[3424.129s][debug][gc,phases      ] GC(190)     Total                          Min: 0, Avg:  0.0, Max: 0, Diff: 0, Sum: 0, Workers: 4
[3424.129s][debug][gc,phases      ] GC(190)   StringTable Weak               Min:  0.0, Avg:  0.1, Max:  0.1, Diff:  0.1, Sum:  0.4, Workers: 4
[3424.129s][debug][gc,phases      ] GC(190)     Dead                           Min: 0, Avg:  0.0, Max: 0, Diff: 0, Sum: 0, Workers: 4
[3424.129s][debug][gc,phases      ] GC(190)     Total                          Min: 0, Avg: 11094.2, Max: 16537, Diff: 16537, Sum: 44377, Workers: 4
[3424.129s][debug][gc,phases      ] GC(190)   ResolvedMethodTable Weak       Min:  0.0, Avg:  0.0, Max:  0.0, Diff:  0.0, Sum:  0.1, Workers: 4
[3424.129s][debug][gc,phases      ] GC(190)     Dead                           Min: 0, Avg:  0.0, Max: 0, Diff: 0, Sum: 0, Workers: 4
[3424.129s][debug][gc,phases      ] GC(190)     Total                          Min: 0, Avg: 2568.5, Max: 3648, Diff: 3648, Sum: 10274, Workers: 4
[3424.129s][debug][gc,phases      ] GC(190)   JNI Weak                       Min:  0.0, Avg:  0.0, Max:  0.0, Diff:  0.0, Sum:  0.0, Workers: 4
[3424.129s][debug][gc,phases      ] GC(190)     Dead                           Min: 0, Avg:  0.0, Max: 0, Diff: 0, Sum: 0, Workers: 4
[3424.129s][debug][gc,phases      ] GC(190)     Total                          Min: 0, Avg: 11.2, Max: 45, Diff: 45, Sum: 45, Workers: 4
[3424.129s][debug][gc,phases      ] GC(190)   StringDedup Table Weak         Min:  0.0, Avg:  0.0, Max:  0.0, Diff:  0.0, Sum:  0.0, Workers: 4
[3424.129s][debug][gc,phases      ] GC(190)     Dead                           Min: 0, Avg:  0.0, Max: 0, Diff: 0, Sum: 0, Workers: 4
[3424.129s][debug][gc,phases      ] GC(190)     Total                          Min: 0, Avg:  0.0, Max: 0, Diff: 0, Sum: 0, Workers: 4
[3424.129s][debug][gc,phases      ] GC(190)   StringDedup Requests0 Weak     Min:  0.0, Avg:  0.0, Max:  0.0, Diff:  0.0, Sum:  0.0, Workers: 4
[3424.129s][debug][gc,phases      ] GC(190)     Dead                           Min: 0, Avg:  0.0, Max: 0, Diff: 0, Sum: 0, Workers: 4
[3424.129s][debug][gc,phases      ] GC(190)     Total                          Min: 0, Avg:  0.0, Max: 0, Diff: 0, Sum: 0, Workers: 4
[3424.129s][debug][gc,phases      ] GC(190)   StringDedup Requests1 Weak     Min:  0.0, Avg:  0.0, Max:  0.0, Diff:  0.0, Sum:  0.0, Workers: 4
[3424.129s][debug][gc,phases      ] GC(190)     Dead                           Min: 0, Avg:  0.0, Max: 0, Diff: 0, Sum: 0, Workers: 4
[3424.129s][debug][gc,phases      ] GC(190)     Total                          Min: 0, Avg:  0.0, Max: 0, Diff: 0, Sum: 0, Workers: 4
[3424.129s][debug][gc,phases      ] GC(190)   Weak JFR Old Object Samples    Min:  0.0, Avg:  0.0, Max:  0.0, Diff:  0.0, Sum:  0.0, Workers: 4
[3424.129s][debug][gc,phases      ] GC(190)     Dead                           Min: 0, Avg:  0.0, Max: 0, Diff: 0, Sum: 0, Workers: 4
[3424.129s][debug][gc,phases      ] GC(190)     Total                          Min: 0, Avg:  0.0, Max: 0, Diff: 0, Sum: 0, Workers: 4
[3424.129s][debug][gc,phases      ] GC(190) Weak Processing 0.396ms
[3424.129s][debug][gc,age         ] GC(190) Desired survivor size 208666624 bytes, new threshold 15 (max threshold 15)
[3424.129s][info ][gc,heap        ] GC(190) PSYoungGen: 1744080K(1869824K)->88001K(1893376K) Eden: 1650688K(1650688K)->0K(1682432K) From: 93392K(219136K)->88001K(210944K)
[3424.129s][info ][gc,heap        ] GC(190) ParOldGen: 662800K(877056K)->662800K(877056K)
[3424.129s][info ][gc,metaspace   ] GC(190) Metaspace: 85216K(86656K)->85216K(86656K) NonClass: 73231K(74048K)->73231K(74048K) Class: 11985K(12608K)->11985K(12608K)
[3424.129s][info ][gc             ] GC(190) Pause Young (Allocation Failure) 2350M->733M(2705M) 32.268ms
[3424.129s][info ][gc,cpu         ] GC(190) User=0.09s Sys=0.00s Real=0.03s
[3424.129s][info ][safepoint      ] Safepoint "ParallelGCFailedAllocation", Time since last: 4019507771 ns, Reaching safepoint: 27802 ns, At safepoint: 32354201 ns, Total: 32382003 ns
[3436.130s][info ][safepoint      ] Safepoint "Cleanup", Time since last: 12000804116 ns, Reaching safepoint: 52603 ns, At safepoint: 3301 ns, Total: 55904 ns
[3441.334s][info ][gc,start       ] GC(191) Pause Young (Allocation Failure)
[3441.378s][debug][gc,phases      ] GC(191) Scavenge 44.398ms
[3441.378s][debug][gc,ref         ] GC(191) Skipped phase 1 of Reference Processing: no references
[3441.378s][debug][gc,ref         ] GC(191) ReferenceProcessor::execute queues: 1, RefProcThreadModel::Single, marks_oops_alive: false
[3441.378s][debug][gc,ref         ] GC(191) Skipped phase 3 of Reference Processing: no references
[3441.378s][debug][gc,ref         ] GC(191) ReferenceProcessor::execute queues: 1, RefProcThreadModel::Single, marks_oops_alive: false
[3441.378s][debug][gc,phases      ] GC(191) Reference Processing 0.104ms
[3441.379s][debug][gc,phases      ] GC(191)   VM Weak                        Min:  0.0, Avg:  0.0, Max:  0.0, Diff:  0.0, Sum:  0.0, Workers: 4
[3441.379s][debug][gc,phases      ] GC(191)     Dead                           Min: 0, Avg:  0.0, Max: 0, Diff: 0, Sum: 0, Workers: 4
[3441.379s][debug][gc,phases      ] GC(191)     Total                          Min: 0, Avg: 200.0, Max: 800, Diff: 800, Sum: 800, Workers: 4
[3441.379s][debug][gc,phases      ] GC(191)   ObjectSynchronizer Weak        Min:  0.0, Avg:  0.0, Max:  0.0, Diff:  0.0, Sum:  0.0, Workers: 4
[3441.379s][debug][gc,phases      ] GC(191)     Dead                           Min: 0, Avg:  0.0, Max: 0, Diff: 0, Sum: 0, Workers: 4
[3441.379s][debug][gc,phases      ] GC(191)     Total                          Min: 0, Avg: 26.5, Max: 106, Diff: 106, Sum: 106, Workers: 4
[3441.379s][debug][gc,phases      ] GC(191)   JVMTI Tag Weak OopStorage      Min:  0.0, Avg:  0.0, Max:  0.0, Diff:  0.0, Sum:  0.0, Workers: 4
[3441.379s][debug][gc,phases      ] GC(191)     Dead                           Min: 0, Avg:  0.0, Max: 0, Diff: 0, Sum: 0, Workers: 4
[3441.379s][debug][gc,phases      ] GC(191)     Total                          Min: 0, Avg:  0.0, Max: 0, Diff: 0, Sum: 0, Workers: 4
[3441.379s][debug][gc,phases      ] GC(191)   StringTable Weak               Min:  0.0, Avg:  0.1, Max:  0.2, Diff:  0.2, Sum:  0.4, Workers: 4
[3441.379s][debug][gc,phases      ] GC(191)     Dead                           Min: 0, Avg:  0.0, Max: 0, Diff: 0, Sum: 0, Workers: 4
[3441.379s][debug][gc,phases      ] GC(191)     Total                          Min: 0, Avg: 11094.2, Max: 26010, Diff: 26010, Sum: 44377, Workers: 4
[3441.379s][debug][gc,phases      ] GC(191)   ResolvedMethodTable Weak       Min:  0.0, Avg:  0.0, Max:  0.0, Diff:  0.0, Sum:  0.1, Workers: 4
[3441.379s][debug][gc,phases      ] GC(191)     Dead                           Min: 0, Avg:  0.0, Max: 0, Diff: 0, Sum: 0, Workers: 4
[3441.379s][debug][gc,phases      ] GC(191)     Total                          Min: 0, Avg: 2568.5, Max: 5184, Diff: 5184, Sum: 10274, Workers: 4
[3441.379s][debug][gc,phases      ] GC(191)   JNI Weak                       Min:  0.0, Avg:  0.0, Max:  0.0, Diff:  0.0, Sum:  0.0, Workers: 4
[3441.379s][debug][gc,phases      ] GC(191)     Dead                           Min: 0, Avg:  0.0, Max: 0, Diff: 0, Sum: 0, Workers: 4
[3441.379s][debug][gc,phases      ] GC(191)     Total                          Min: 0, Avg: 11.2, Max: 45, Diff: 45, Sum: 45, Workers: 4
[3441.379s][debug][gc,phases      ] GC(191)   StringDedup Table Weak         Min:  0.0, Avg:  0.0, Max:  0.0, Diff:  0.0, Sum:  0.0, Workers: 4
[3441.379s][debug][gc,phases      ] GC(191)     Dead                           Min: 0, Avg:  0.0, Max: 0, Diff: 0, Sum: 0, Workers: 4
[3441.379s][debug][gc,phases      ] GC(191)     Total                          Min: 0, Avg:  0.0, Max: 0, Diff: 0, Sum: 0, Workers: 4
[3441.379s][debug][gc,phases      ] GC(191)   StringDedup Requests0 Weak     Min:  0.0, Avg:  0.0, Max:  0.0, Diff:  0.0, Sum:  0.0, Workers: 4
[3441.379s][debug][gc,phases      ] GC(191)     Dead                           Min: 0, Avg:  0.0, Max: 0, Diff: 0, Sum: 0, Workers: 4
[3441.379s][debug][gc,phases      ] GC(191)     Total                          Min: 0, Avg:  0.0, Max: 0, Diff: 0, Sum: 0, Workers: 4
[3441.379s][debug][gc,phases      ] GC(191)   StringDedup Requests1 Weak     Min:  0.0, Avg:  0.0, Max:  0.0, Diff:  0.0, Sum:  0.0, Workers: 4
[3441.379s][debug][gc,phases      ] GC(191)     Dead                           Min: 0, Avg:  0.0, Max: 0, Diff: 0, Sum: 0, Workers: 4
[3441.379s][debug][gc,phases      ] GC(191)     Total                          Min: 0, Avg:  0.0, Max: 0, Diff: 0, Sum: 0, Workers: 4
[3441.379s][debug][gc,phases      ] GC(191)   Weak JFR Old Object Samples    Min:  0.0, Avg:  0.0, Max:  0.0, Diff:  0.0, Sum:  0.0, Workers: 4
[3441.379s][debug][gc,phases      ] GC(191)     Dead                           Min: 0, Avg:  0.0, Max: 0, Diff: 0, Sum: 0, Workers: 4
[3441.379s][debug][gc,phases      ] GC(191)     Total                          Min: 0, Avg:  0.0, Max: 0, Diff: 0, Sum: 0, Workers: 4
[3441.379s][debug][gc,phases      ] GC(191) Weak Processing 0.492ms
[3441.379s][debug][gc,age         ] GC(191) Desired survivor size 201326592 bytes, new threshold 15 (max threshold 15)
[3441.379s][info ][gc,heap        ] GC(191) PSYoungGen: 1770433K(1893376K)->91057K(1886208K) Eden: 1682432K(1682432K)->0K(1682432K) From: 88001K(210944K)->91057K(203776K)
[3441.379s][info ][gc,heap        ] GC(191) ParOldGen: 662800K(877056K)->662800K(877056K)
[3441.379s][info ][gc,metaspace   ] GC(191) Metaspace: 85225K(86656K)->85225K(86656K) NonClass: 73239K(74048K)->73239K(74048K) Class: 11985K(12608K)->11985K(12608K)
[3441.379s][info ][gc             ] GC(191) Pause Young (Allocation Failure) 2376M->736M(2698M) 45.131ms
[3441.379s][info ][gc,cpu         ] GC(191) User=0.10s Sys=0.00s Real=0.05s
[3441.379s][info ][safepoint      ] Safepoint "ParallelGCFailedAllocation", Time since last: 5204053922 ns, Reaching safepoint: 107308 ns, At safepoint: 45227216 ns, Total: 45334524 ns
[3442.379s][info ][safepoint      ] Safepoint "Cleanup", Time since last: 1000085129 ns, Reaching safepoint: 40803 ns, At safepoint: 4600 ns, Total: 45403 ns
[3451.380s][info ][safepoint      ] Safepoint "Cleanup", Time since last: 9000576043 ns, Reaching safepoint: 51604 ns, At safepoint: 4500 ns, Total: 56104 ns
[3452.380s][info ][safepoint      ] Safepoint "Cleanup", Time since last: 1000123131 ns, Reaching safepoint: 51404 ns, At safepoint: 7601 ns, Total: 59005 ns
[3455.380s][info ][safepoint      ] Safepoint "Cleanup", Time since last: 3000224784 ns, Reaching safepoint: 40103 ns, At safepoint: 4400 ns, Total: 44503 ns
[3456.380s][info ][safepoint      ] Safepoint "Cleanup", Time since last: 1000107231 ns, Reaching safepoint: 44703 ns, At safepoint: 16101 ns, Total: 60804 ns
[3457.325s][info ][safepoint      ] Safepoint "ParallelGCFailedAllocation", Time since last: 944828899 ns, Reaching safepoint: 33903 ns, At safepoint: 9800 ns, Total: 43703 ns
[3457.325s][info ][gc,start       ] GC(192) Pause Young (GCLocker Initiated GC)
[3457.359s][debug][gc,phases      ] GC(192) Scavenge 33.651ms
[3457.359s][debug][gc,ref         ] GC(192) Skipped phase 1 of Reference Processing: no references
[3457.359s][debug][gc,ref         ] GC(192) ReferenceProcessor::execute queues: 1, RefProcThreadModel::Single, marks_oops_alive: false
[3457.359s][debug][gc,ref         ] GC(192) Skipped phase 3 of Reference Processing: no references
[3457.359s][debug][gc,ref         ] GC(192) ReferenceProcessor::execute queues: 1, RefProcThreadModel::Single, marks_oops_alive: false
[3457.359s][debug][gc,phases      ] GC(192) Reference Processing 0.113ms
[3457.360s][debug][gc,phases      ] GC(192)   VM Weak                        Min:  0.0, Avg:  0.0, Max:  0.0, Diff:  0.0, Sum:  0.0, Workers: 4
[3457.360s][debug][gc,phases      ] GC(192)     Dead                           Min: 0, Avg:  0.0, Max: 0, Diff: 0, Sum: 0, Workers: 4
[3457.360s][debug][gc,phases      ] GC(192)     Total                          Min: 0, Avg: 200.0, Max: 506, Diff: 506, Sum: 800, Workers: 4
[3457.360s][debug][gc,phases      ] GC(192)   ObjectSynchronizer Weak        Min:  0.0, Avg:  0.0, Max:  0.0, Diff:  0.0, Sum:  0.0, Workers: 4
[3457.360s][debug][gc,phases      ] GC(192)     Dead                           Min: 0, Avg:  0.0, Max: 0, Diff: 0, Sum: 0, Workers: 4
[3457.360s][debug][gc,phases      ] GC(192)     Total                          Min: 0, Avg: 26.5, Max: 64, Diff: 64, Sum: 106, Workers: 4
[3457.360s][debug][gc,phases      ] GC(192)   JVMTI Tag Weak OopStorage      Min:  0.0, Avg:  0.0, Max:  0.0, Diff:  0.0, Sum:  0.0, Workers: 4
[3457.360s][debug][gc,phases      ] GC(192)     Dead                           Min: 0, Avg:  0.0, Max: 0, Diff: 0, Sum: 0, Workers: 4
[3457.360s][debug][gc,phases      ] GC(192)     Total                          Min: 0, Avg:  0.0, Max: 0, Diff: 0, Sum: 0, Workers: 4
[3457.360s][debug][gc,phases      ] GC(192)   StringTable Weak               Min:  0.0, Avg:  0.1, Max:  0.1, Diff:  0.1, Sum:  0.4, Workers: 4
[3457.360s][debug][gc,phases      ] GC(192)     Dead                           Min: 0, Avg:  0.0, Max: 0, Diff: 0, Sum: 0, Workers: 4
[3457.360s][debug][gc,phases      ] GC(192)     Total                          Min: 0, Avg: 11094.2, Max: 14975, Diff: 14975, Sum: 44377, Workers: 4
[3457.360s][debug][gc,phases      ] GC(192)   ResolvedMethodTable Weak       Min:  0.0, Avg:  0.0, Max:  0.0, Diff:  0.0, Sum:  0.1, Workers: 4
[3457.360s][debug][gc,phases      ] GC(192)     Dead                           Min: 0, Avg:  0.0, Max: 0, Diff: 0, Sum: 0, Workers: 4
[3457.360s][debug][gc,phases      ] GC(192)     Total                          Min: 0, Avg: 2568.5, Max: 3520, Diff: 3520, Sum: 10274, Workers: 4
[3457.360s][debug][gc,phases      ] GC(192)   JNI Weak                       Min:  0.0, Avg:  0.0, Max:  0.0, Diff:  0.0, Sum:  0.0, Workers: 4
[3457.360s][debug][gc,phases      ] GC(192)     Dead                           Min: 0, Avg:  0.0, Max: 0, Diff: 0, Sum: 0, Workers: 4
[3457.360s][debug][gc,phases      ] GC(192)     Total                          Min: 0, Avg: 11.2, Max: 45, Diff: 45, Sum: 45, Workers: 4
[3457.360s][debug][gc,phases      ] GC(192)   StringDedup Table Weak         Min:  0.0, Avg:  0.0, Max:  0.0, Diff:  0.0, Sum:  0.0, Workers: 4
[3457.360s][debug][gc,phases      ] GC(192)     Dead                           Min: 0, Avg:  0.0, Max: 0, Diff: 0, Sum: 0, Workers: 4
[3457.360s][debug][gc,phases      ] GC(192)     Total                          Min: 0, Avg:  0.0, Max: 0, Diff: 0, Sum: 0, Workers: 4
[3457.360s][debug][gc,phases      ] GC(192)   StringDedup Requests0 Weak     Min:  0.0, Avg:  0.0, Max:  0.0, Diff:  0.0, Sum:  0.0, Workers: 4
[3457.360s][debug][gc,phases      ] GC(192)     Dead                           Min: 0, Avg:  0.0, Max: 0, Diff: 0, Sum: 0, Workers: 4
[3457.360s][debug][gc,phases      ] GC(192)     Total                          Min: 0, Avg:  0.0, Max: 0, Diff: 0, Sum: 0, Workers: 4
[3457.360s][debug][gc,phases      ] GC(192)   StringDedup Requests1 Weak     Min:  0.0, Avg:  0.0, Max:  0.0, Diff:  0.0, Sum:  0.0, Workers: 4
[3457.360s][debug][gc,phases      ] GC(192)     Dead                           Min: 0, Avg:  0.0, Max: 0, Diff: 0, Sum: 0, Workers: 4
[3457.360s][debug][gc,phases      ] GC(192)     Total                          Min: 0, Avg:  0.0, Max: 0, Diff: 0, Sum: 0, Workers: 4
[3457.360s][debug][gc,phases      ] GC(192)   Weak JFR Old Object Samples    Min:  0.0, Avg:  0.0, Max:  0.0, Diff:  0.0, Sum:  0.0, Workers: 4
[3457.360s][debug][gc,phases      ] GC(192)     Dead                           Min: 0, Avg:  0.0, Max: 0, Diff: 0, Sum: 0, Workers: 4
[3457.360s][debug][gc,phases      ] GC(192)     Total                          Min: 0, Avg:  0.0, Max: 0, Diff: 0, Sum: 0, Workers: 4
[3457.360s][debug][gc,phases      ] GC(192) Weak Processing 0.355ms
[3457.360s][debug][gc,age         ] GC(192) Desired survivor size 193986560 bytes, new threshold 15 (max threshold 15)
[3457.360s][info ][gc,heap        ] GC(192) PSYoungGen: 1773193K(1886208K)->92163K(1907712K) Eden: 1682136K(1682432K)->0K(1711104K) From: 91057K(203776K)->92163K(196608K)
[3457.360s][info ][gc,heap        ] GC(192) ParOldGen: 663824K(877056K)->663824K(877056K)
[3457.360s][info ][gc,metaspace   ] GC(192) Metaspace: 85228K(86656K)->85228K(86656K) NonClass: 73243K(74048K)->73243K(74048K) Class: 11985K(12608K)->11985K(12608K)
[3457.360s][info ][gc             ] GC(192) Pause Young (GCLocker Initiated GC) 2379M->738M(2719M) 34.230ms
[3457.360s][info ][gc,cpu         ] GC(192) User=0.10s Sys=0.01s Real=0.04s
[3457.360s][info ][safepoint      ] Safepoint "ParallelGCSystemGC", Time since last: 120209 ns, Reaching safepoint: 88106 ns, At safepoint: 34309840 ns, Total: 34397946 ns
[3459.360s][info ][safepoint      ] Safepoint "Cleanup", Time since last: 2000169358 ns, Reaching safepoint: 134110 ns, At safepoint: 6900 ns, Total: 141010 ns
[3460.360s][info ][safepoint      ] Safepoint "Cleanup", Time since last: 1000113132 ns, Reaching safepoint: 106307 ns, At safepoint: 4101 ns, Total: 110408 ns
[3464.361s][info ][safepoint      ] Safepoint "Cleanup", Time since last: 4000320015 ns, Reaching safepoint: 143111 ns, At safepoint: 8300 ns, Total: 151411 ns
[3465.361s][info ][safepoint      ] Safepoint "Cleanup", Time since last: 1000120932 ns, Reaching safepoint: 313122 ns, At safepoint: 8301 ns, Total: 321423 ns
[3467.362s][info ][safepoint      ] Safepoint "Cleanup", Time since last: 2000178860 ns, Reaching safepoint: 103707 ns, At safepoint: 4400 ns, Total: 108107 ns
[3470.362s][info ][safepoint      ] Safepoint "Cleanup", Time since last: 3000254489 ns, Reaching safepoint: 116809 ns, At safepoint: 7800 ns, Total: 124609 ns
[3471.362s][info ][safepoint      ] Safepoint "Cleanup", Time since last: 1000122133 ns, Reaching safepoint: 124309 ns, At safepoint: 9600 ns, Total: 133909 ns
[3471.732s][info ][gc,start       ] GC(193) Pause Young (Allocation Failure)
[3471.772s][debug][gc,phases      ] GC(193) Scavenge 39.744ms
[3471.772s][debug][gc,ref         ] GC(193) Skipped phase 1 of Reference Processing: no references
[3471.772s][debug][gc,ref         ] GC(193) ReferenceProcessor::execute queues: 1, RefProcThreadModel::Single, marks_oops_alive: false
[3471.772s][debug][gc,ref         ] GC(193) Skipped phase 3 of Reference Processing: no references
[3471.772s][debug][gc,ref         ] GC(193) ReferenceProcessor::execute queues: 1, RefProcThreadModel::Single, marks_oops_alive: false
[3471.772s][debug][gc,phases      ] GC(193) Reference Processing 0.100ms
[3471.772s][debug][gc,phases      ] GC(193)   VM Weak                        Min:  0.0, Avg:  0.0, Max:  0.0, Diff:  0.0, Sum:  0.0, Workers: 4
[3471.772s][debug][gc,phases      ] GC(193)     Dead                           Min: 0, Avg:  0.0, Max: 0, Diff: 0, Sum: 0, Workers: 4
[3471.772s][debug][gc,phases      ] GC(193)     Total                          Min: 0, Avg: 200.0, Max: 513, Diff: 513, Sum: 800, Workers: 4
[3471.772s][debug][gc,phases      ] GC(193)   ObjectSynchronizer Weak        Min:  0.0, Avg:  0.0, Max:  0.0, Diff:  0.0, Sum:  0.0, Workers: 4
[3471.772s][debug][gc,phases      ] GC(193)     Dead                           Min: 0, Avg:  0.0, Max: 0, Diff: 0, Sum: 0, Workers: 4
[3471.772s][debug][gc,phases      ] GC(193)     Total                          Min: 0, Avg: 26.5, Max: 64, Diff: 64, Sum: 106, Workers: 4
[3471.773s][debug][gc,phases      ] GC(193)   JVMTI Tag Weak OopStorage      Min:  0.0, Avg:  0.0, Max:  0.0, Diff:  0.0, Sum:  0.0, Workers: 4
[3471.773s][debug][gc,phases      ] GC(193)     Dead                           Min: 0, Avg:  0.0, Max: 0, Diff: 0, Sum: 0, Workers: 4
[3471.773s][debug][gc,phases      ] GC(193)     Total                          Min: 0, Avg:  0.0, Max: 0, Diff: 0, Sum: 0, Workers: 4
[3471.773s][debug][gc,phases      ] GC(193)   StringTable Weak               Min:  0.1, Avg:  0.1, Max:  0.1, Diff:  0.0, Sum:  0.4, Workers: 4
[3471.773s][debug][gc,phases      ] GC(193)     Dead                           Min: 0, Avg:  0.0, Max: 0, Diff: 0, Sum: 0, Workers: 4
[3471.773s][debug][gc,phases      ] GC(193)     Total                          Min: 9984, Avg: 11094.5, Max: 12123, Diff: 2139, Sum: 44378, Workers: 4
[3471.773s][debug][gc,phases      ] GC(193)   ResolvedMethodTable Weak       Min:  0.0, Avg:  0.0, Max:  0.0, Diff:  0.0, Sum:  0.1, Workers: 4
[3471.773s][debug][gc,phases      ] GC(193)     Dead                           Min: 0, Avg:  0.0, Max: 0, Diff: 0, Sum: 0, Workers: 4
[3471.773s][debug][gc,phases      ] GC(193)     Total                          Min: 2432, Avg: 2569.0, Max: 2944, Diff: 512, Sum: 10276, Workers: 4
[3471.773s][debug][gc,phases      ] GC(193)   JNI Weak                       Min:  0.0, Avg:  0.0, Max:  0.0, Diff:  0.0, Sum:  0.0, Workers: 4
[3471.773s][debug][gc,phases      ] GC(193)     Dead                           Min: 0, Avg:  0.0, Max: 0, Diff: 0, Sum: 0, Workers: 4
[3471.773s][debug][gc,phases      ] GC(193)     Total                          Min: 0, Avg: 11.2, Max: 45, Diff: 45, Sum: 45, Workers: 4
[3471.773s][debug][gc,phases      ] GC(193)   StringDedup Table Weak         Min:  0.0, Avg:  0.0, Max:  0.0, Diff:  0.0, Sum:  0.0, Workers: 4
[3471.773s][debug][gc,phases      ] GC(193)     Dead                           Min: 0, Avg:  0.0, Max: 0, Diff: 0, Sum: 0, Workers: 4
[3471.773s][debug][gc,phases      ] GC(193)     Total                          Min: 0, Avg:  0.0, Max: 0, Diff: 0, Sum: 0, Workers: 4
[3471.773s][debug][gc,phases      ] GC(193)   StringDedup Requests0 Weak     Min:  0.0, Avg:  0.0, Max:  0.0, Diff:  0.0, Sum:  0.0, Workers: 4
[3471.773s][debug][gc,phases      ] GC(193)     Dead                           Min: 0, Avg:  0.0, Max: 0, Diff: 0, Sum: 0, Workers: 4
[3471.773s][debug][gc,phases      ] GC(193)     Total                          Min: 0, Avg:  0.0, Max: 0, Diff: 0, Sum: 0, Workers: 4
[3471.773s][debug][gc,phases      ] GC(193)   StringDedup Requests1 Weak     Min:  0.0, Avg:  0.0, Max:  0.0, Diff:  0.0, Sum:  0.0, Workers: 4
[3471.773s][debug][gc,phases      ] GC(193)     Dead                           Min: 0, Avg:  0.0, Max: 0, Diff: 0, Sum: 0, Workers: 4
[3471.773s][debug][gc,phases      ] GC(193)     Total                          Min: 0, Avg:  0.0, Max: 0, Diff: 0, Sum: 0, Workers: 4
[3471.773s][debug][gc,phases      ] GC(193)   Weak JFR Old Object Samples    Min:  0.0, Avg:  0.0, Max:  0.0, Diff:  0.0, Sum:  0.0, Workers: 4
[3471.773s][debug][gc,phases      ] GC(193)     Dead                           Min: 0, Avg:  0.0, Max: 0, Diff: 0, Sum: 0, Workers: 4
[3471.773s][debug][gc,phases      ] GC(193)     Total                          Min: 0, Avg:  0.0, Max: 0, Diff: 0, Sum: 0, Workers: 4
[3471.773s][debug][gc,phases      ] GC(193) Weak Processing 0.333ms
[3471.773s][debug][gc,age         ] GC(193) Desired survivor size 188219392 bytes, new threshold 15 (max threshold 15)
[3471.773s][info ][gc,heap        ] GC(193) PSYoungGen: 1803267K(1907712K)->111329K(1900544K) Eden: 1711104K(1711104K)->0K(1711104K) From: 92163K(196608K)->111329K(189440K)
[3471.773s][info ][gc,heap        ] GC(193) ParOldGen: 663825K(877056K)->663825K(877056K)
[3471.773s][info ][gc,metaspace   ] GC(193) Metaspace: 85242K(86656K)->85242K(86656K) NonClass: 73255K(74048K)->73255K(74048K) Class: 11986K(12608K)->11986K(12608K)
[3471.773s][info ][gc             ] GC(193) Pause Young (Allocation Failure) 2409M->756M(2712M) 40.316ms
[3471.773s][info ][gc,cpu         ] GC(193) User=0.13s Sys=0.00s Real=0.04s
[3471.773s][info ][safepoint      ] Safepoint "ParallelGCFailedAllocation", Time since last: 370142626 ns, Reaching safepoint: 29102 ns, At safepoint: 40408074 ns, Total: 40437176 ns
[3472.773s][info ][safepoint      ] Safepoint "Cleanup", Time since last: 1000086730 ns, Reaching safepoint: 50104 ns, At safepoint: 3100 ns, Total: 53204 ns
[3476.773s][info ][safepoint      ] Safepoint "Cleanup", Time since last: 4000322219 ns, Reaching safepoint: 46503 ns, At safepoint: 5400 ns, Total: 51903 ns
[3477.773s][info ][safepoint      ] Safepoint "Cleanup", Time since last: 1000109832 ns, Reaching safepoint: 51804 ns, At safepoint: 8101 ns, Total: 59905 ns
[3481.774s][info ][safepoint      ] Safepoint "Cleanup", Time since last: 4000304318 ns, Reaching safepoint: 49704 ns, At safepoint: 3100 ns, Total: 52804 ns
[3482.774s][info ][safepoint      ] Safepoint "Cleanup", Time since last: 1000113632 ns, Reaching safepoint: 116808 ns, At safepoint: 14902 ns, Total: 131710 ns
[3484.454s][info ][gc,start       ] GC(194) Pause Young (Allocation Failure)
[3484.490s][debug][gc,phases      ] GC(194) Scavenge 35.873ms
[3484.490s][debug][gc,ref         ] GC(194) Skipped phase 1 of Reference Processing: no references
[3484.490s][debug][gc,ref         ] GC(194) ReferenceProcessor::execute queues: 1, RefProcThreadModel::Single, marks_oops_alive: false
[3484.490s][debug][gc,ref         ] GC(194) Skipped phase 3 of Reference Processing: no references
[3484.490s][debug][gc,ref         ] GC(194) ReferenceProcessor::execute queues: 1, RefProcThreadModel::Single, marks_oops_alive: false
[3484.490s][debug][gc,phases      ] GC(194) Reference Processing 0.111ms
[3484.490s][debug][gc,phases      ] GC(194)   VM Weak                        Min:  0.0, Avg:  0.0, Max:  0.0, Diff:  0.0, Sum:  0.0, Workers: 4
[3484.490s][debug][gc,phases      ] GC(194)     Dead                           Min: 0, Avg:  0.0, Max: 0, Diff: 0, Sum: 0, Workers: 4
[3484.490s][debug][gc,phases      ] GC(194)     Total                          Min: 0, Avg: 200.0, Max: 433, Diff: 433, Sum: 800, Workers: 4
[3484.490s][debug][gc,phases      ] GC(194)   ObjectSynchronizer Weak        Min:  0.0, Avg:  0.0, Max:  0.0, Diff:  0.0, Sum:  0.0, Workers: 4
[3484.490s][debug][gc,phases      ] GC(194)     Dead                           Min: 0, Avg:  0.0, Max: 0, Diff: 0, Sum: 0, Workers: 4
[3484.490s][debug][gc,phases      ] GC(194)     Total                          Min: 0, Avg: 26.5, Max: 64, Diff: 64, Sum: 106, Workers: 4
[3484.490s][debug][gc,phases      ] GC(194)   JVMTI Tag Weak OopStorage      Min:  0.0, Avg:  0.0, Max:  0.0, Diff:  0.0, Sum:  0.0, Workers: 4
[3484.490s][debug][gc,phases      ] GC(194)     Dead                           Min: 0, Avg:  0.0, Max: 0, Diff: 0, Sum: 0, Workers: 4
[3484.490s][debug][gc,phases      ] GC(194)     Total                          Min: 0, Avg:  0.0, Max: 0, Diff: 0, Sum: 0, Workers: 4
[3484.490s][debug][gc,phases      ] GC(194)   StringTable Weak               Min:  0.0, Avg:  0.1, Max:  0.2, Diff:  0.2, Sum:  0.6, Workers: 4
[3484.490s][debug][gc,phases      ] GC(194)     Dead                           Min: 0, Avg:  0.0, Max: 0, Diff: 0, Sum: 0, Workers: 4
[3484.490s][debug][gc,phases      ] GC(194)     Total                          Min: 4507, Avg: 11094.5, Max: 17407, Diff: 12900, Sum: 44378, Workers: 4
[3484.490s][debug][gc,phases      ] GC(194)   ResolvedMethodTable Weak       Min:  0.0, Avg:  0.0, Max:  0.0, Diff:  0.0, Sum:  0.1, Workers: 4
[3484.490s][debug][gc,phases      ] GC(194)     Dead                           Min: 0, Avg:  0.0, Max: 0, Diff: 0, Sum: 0, Workers: 4
[3484.490s][debug][gc,phases      ] GC(194)     Total                          Min: 0, Avg: 2569.0, Max: 3584, Diff: 3584, Sum: 10276, Workers: 4
[3484.490s][debug][gc,phases      ] GC(194)   JNI Weak                       Min:  0.0, Avg:  0.0, Max:  0.0, Diff:  0.0, Sum:  0.0, Workers: 4
[3484.490s][debug][gc,phases      ] GC(194)     Dead                           Min: 0, Avg:  0.0, Max: 0, Diff: 0, Sum: 0, Workers: 4
[3484.490s][debug][gc,phases      ] GC(194)     Total                          Min: 0, Avg: 11.2, Max: 45, Diff: 45, Sum: 45, Workers: 4
[3484.490s][debug][gc,phases      ] GC(194)   StringDedup Table Weak         Min:  0.0, Avg:  0.0, Max:  0.0, Diff:  0.0, Sum:  0.0, Workers: 4
[3484.490s][debug][gc,phases      ] GC(194)     Dead                           Min: 0, Avg:  0.0, Max: 0, Diff: 0, Sum: 0, Workers: 4
[3484.490s][debug][gc,phases      ] GC(194)     Total                          Min: 0, Avg:  0.0, Max: 0, Diff: 0, Sum: 0, Workers: 4
[3484.490s][debug][gc,phases      ] GC(194)   StringDedup Requests0 Weak     Min:  0.0, Avg:  0.0, Max:  0.0, Diff:  0.0, Sum:  0.0, Workers: 4
[3484.490s][debug][gc,phases      ] GC(194)     Dead                           Min: 0, Avg:  0.0, Max: 0, Diff: 0, Sum: 0, Workers: 4
[3484.490s][debug][gc,phases      ] GC(194)     Total                          Min: 0, Avg:  0.0, Max: 0, Diff: 0, Sum: 0, Workers: 4
[3484.490s][debug][gc,phases      ] GC(194)   StringDedup Requests1 Weak     Min:  0.0, Avg:  0.0, Max:  0.0, Diff:  0.0, Sum:  0.0, Workers: 4
[3484.490s][debug][gc,phases      ] GC(194)     Dead                           Min: 0, Avg:  0.0, Max: 0, Diff: 0, Sum: 0, Workers: 4
[3484.490s][debug][gc,phases      ] GC(194)     Total                          Min: 0, Avg:  0.0, Max: 0, Diff: 0, Sum: 0, Workers: 4
[3484.490s][debug][gc,phases      ] GC(194)   Weak JFR Old Object Samples    Min:  0.0, Avg:  0.0, Max:  0.0, Diff:  0.0, Sum:  0.0, Workers: 4
[3484.490s][debug][gc,phases      ] GC(194)     Dead                           Min: 0, Avg:  0.0, Max: 0, Diff: 0, Sum: 0, Workers: 4
[3484.490s][debug][gc,phases      ] GC(194)     Total                          Min: 0, Avg:  0.0, Max: 0, Diff: 0, Sum: 0, Workers: 4
[3484.490s][debug][gc,phases      ] GC(194) Weak Processing 0.435ms
[3484.490s][debug][gc,age         ] GC(194) Desired survivor size 185073664 bytes, new threshold 15 (max threshold 15)
[3484.490s][info ][gc,heap        ] GC(194) PSYoungGen: 1822433K(1900544K)->116961K(1916416K) Eden: 1711104K(1711104K)->0K(1732608K) From: 111329K(189440K)->116961K(183808K)
[3484.490s][info ][gc,heap        ] GC(194) ParOldGen: 663825K(877056K)->663825K(877056K)
[3484.490s][info ][gc,metaspace   ] GC(194) Metaspace: 85252K(86656K)->85252K(86656K) NonClass: 73266K(74048K)->73266K(74048K) Class: 11986K(12608K)->11986K(12608K)
[3484.490s][info ][gc             ] GC(194) Pause Young (Allocation Failure) 2427M->762M(2728M) 36.555ms
[3484.490s][info ][gc,cpu         ] GC(194) User=0.13s Sys=0.00s Real=0.04s
[3484.490s][info ][safepoint      ] Safepoint "ParallelGCFailedAllocation", Time since last: 1679736370 ns, Reaching safepoint: 57404 ns, At safepoint: 36640606 ns, Total: 36698010 ns
[3485.491s][info ][safepoint      ] Safepoint "Cleanup", Time since last: 1000090031 ns, Reaching safepoint: 45303 ns, At safepoint: 5200 ns, Total: 50503 ns
[3487.491s][info ][safepoint      ] Safepoint "Cleanup", Time since last: 2000145960 ns, Reaching safepoint: 54604 ns, At safepoint: 4600 ns, Total: 59204 ns
[3488.491s][info ][safepoint      ] Safepoint "Cleanup", Time since last: 1000116533 ns, Reaching safepoint: 62804 ns, At safepoint: 4401 ns, Total: 67205 ns
[3491.491s][info ][safepoint      ] Safepoint "Cleanup", Time since last: 3000233391 ns, Reaching safepoint: 60504 ns, At safepoint: 7700 ns, Total: 68204 ns
[3492.491s][info ][safepoint      ] Safepoint "Cleanup", Time since last: 1000116534 ns, Reaching safepoint: 48403 ns, At safepoint: 4000 ns, Total: 52403 ns
[3493.492s][info ][safepoint      ] Safepoint "Cleanup", Time since last: 1000111433 ns, Reaching safepoint: 66605 ns, At safepoint: 3300 ns, Total: 69905 ns
[3494.492s][info ][safepoint      ] Safepoint "Cleanup", Time since last: 1000110133 ns, Reaching safepoint: 63704 ns, At safepoint: 3001 ns, Total: 66705 ns
[3495.492s][info ][safepoint      ] Safepoint "Cleanup", Time since last: 1000113133 ns, Reaching safepoint: 57404 ns, At safepoint: 3300 ns, Total: 60704 ns
[3497.492s][info ][safepoint      ] Safepoint "Cleanup", Time since last: 2000189563 ns, Reaching safepoint: 57605 ns, At safepoint: 10400 ns, Total: 68005 ns
[3500.493s][info ][safepoint      ] Safepoint "Cleanup", Time since last: 3000629221 ns, Reaching safepoint: 86206 ns, At safepoint: 3200 ns, Total: 89406 ns
[3501.261s][info ][gc,start       ] GC(195) Pause Young (Allocation Failure)
[3501.295s][debug][gc,phases      ] GC(195) Scavenge 33.000ms
[3501.295s][debug][gc,ref         ] GC(195) Skipped phase 1 of Reference Processing: no references
[3501.295s][debug][gc,ref         ] GC(195) ReferenceProcessor::execute queues: 1, RefProcThreadModel::Single, marks_oops_alive: false
[3501.295s][debug][gc,ref         ] GC(195) Skipped phase 3 of Reference Processing: no references
[3501.295s][debug][gc,ref         ] GC(195) ReferenceProcessor::execute queues: 1, RefProcThreadModel::Single, marks_oops_alive: false
[3501.295s][debug][gc,phases      ] GC(195) Reference Processing 0.106ms
[3501.295s][debug][gc,phases      ] GC(195)   VM Weak                        Min:  0.0, Avg:  0.0, Max:  0.0, Diff:  0.0, Sum:  0.0, Workers: 4
[3501.295s][debug][gc,phases      ] GC(195)     Dead                           Min: 0, Avg:  0.0, Max: 0, Diff: 0, Sum: 0, Workers: 4
[3501.295s][debug][gc,phases      ] GC(195)     Total                          Min: 0, Avg: 200.0, Max: 450, Diff: 450, Sum: 800, Workers: 4
[3501.295s][debug][gc,phases      ] GC(195)   ObjectSynchronizer Weak        Min:  0.0, Avg:  0.0, Max:  0.0, Diff:  0.0, Sum:  0.0, Workers: 4
[3501.295s][debug][gc,phases      ] GC(195)     Dead                           Min: 0, Avg:  0.0, Max: 0, Diff: 0, Sum: 0, Workers: 4
[3501.295s][debug][gc,phases      ] GC(195)     Total                          Min: 0, Avg: 26.5, Max: 64, Diff: 64, Sum: 106, Workers: 4
[3501.295s][debug][gc,phases      ] GC(195)   JVMTI Tag Weak OopStorage      Min:  0.0, Avg:  0.0, Max:  0.0, Diff:  0.0, Sum:  0.0, Workers: 4
[3501.295s][debug][gc,phases      ] GC(195)     Dead                           Min: 0, Avg:  0.0, Max: 0, Diff: 0, Sum: 0, Workers: 4
[3501.295s][debug][gc,phases      ] GC(195)     Total                          Min: 0, Avg:  0.0, Max: 0, Diff: 0, Sum: 0, Workers: 4
[3501.295s][debug][gc,phases      ] GC(195)   StringTable Weak               Min:  0.0, Avg:  0.1, Max:  0.1, Diff:  0.1, Sum:  0.4, Workers: 4
[3501.295s][debug][gc,phases      ] GC(195)     Dead                           Min: 0, Avg:  0.2, Max: 1, Diff: 1, Sum: 1, Workers: 4
[3501.295s][debug][gc,phases      ] GC(195)     Total                          Min: 0, Avg: 11096.5, Max: 16228, Diff: 16228, Sum: 44386, Workers: 4
[3501.295s][debug][gc,phases      ] GC(195)   ResolvedMethodTable Weak       Min:  0.0, Avg:  0.0, Max:  0.0, Diff:  0.0, Sum:  0.1, Workers: 4
[3501.295s][debug][gc,phases      ] GC(195)     Dead                           Min: 0, Avg:  0.0, Max: 0, Diff: 0, Sum: 0, Workers: 4
[3501.295s][debug][gc,phases      ] GC(195)     Total                          Min: 0, Avg: 2571.5, Max: 3712, Diff: 3712, Sum: 10286, Workers: 4
[3501.295s][debug][gc,phases      ] GC(195)   JNI Weak                       Min:  0.0, Avg:  0.0, Max:  0.0, Diff:  0.0, Sum:  0.0, Workers: 4
[3501.295s][debug][gc,phases      ] GC(195)     Dead                           Min: 0, Avg:  0.0, Max: 0, Diff: 0, Sum: 0, Workers: 4
[3501.295s][debug][gc,phases      ] GC(195)     Total                          Min: 0, Avg: 11.2, Max: 45, Diff: 45, Sum: 45, Workers: 4
[3501.295s][debug][gc,phases      ] GC(195)   StringDedup Table Weak         Min:  0.0, Avg:  0.0, Max:  0.0, Diff:  0.0, Sum:  0.0, Workers: 4
[3501.295s][debug][gc,phases      ] GC(195)     Dead                           Min: 0, Avg:  0.0, Max: 0, Diff: 0, Sum: 0, Workers: 4
[3501.295s][debug][gc,phases      ] GC(195)     Total                          Min: 0, Avg:  0.0, Max: 0, Diff: 0, Sum: 0, Workers: 4
[3501.295s][debug][gc,phases      ] GC(195)   StringDedup Requests0 Weak     Min:  0.0, Avg:  0.0, Max:  0.0, Diff:  0.0, Sum:  0.0, Workers: 4
[3501.295s][debug][gc,phases      ] GC(195)     Dead                           Min: 0, Avg:  0.0, Max: 0, Diff: 0, Sum: 0, Workers: 4
[3501.295s][debug][gc,phases      ] GC(195)     Total                          Min: 0, Avg:  0.0, Max: 0, Diff: 0, Sum: 0, Workers: 4
[3501.295s][debug][gc,phases      ] GC(195)   StringDedup Requests1 Weak     Min:  0.0, Avg:  0.0, Max:  0.0, Diff:  0.0, Sum:  0.0, Workers: 4
[3501.295s][debug][gc,phases      ] GC(195)     Dead                           Min: 0, Avg:  0.0, Max: 0, Diff: 0, Sum: 0, Workers: 4
[3501.295s][debug][gc,phases      ] GC(195)     Total                          Min: 0, Avg:  0.0, Max: 0, Diff: 0, Sum: 0, Workers: 4
[3501.295s][debug][gc,phases      ] GC(195)   Weak JFR Old Object Samples    Min:  0.0, Avg:  0.0, Max:  0.0, Diff:  0.0, Sum:  0.0, Workers: 4
[3501.295s][debug][gc,phases      ] GC(195)     Dead                           Min: 0, Avg:  0.0, Max: 0, Diff: 0, Sum: 0, Workers: 4
[3501.295s][debug][gc,phases      ] GC(195)     Total                          Min: 0, Avg:  0.0, Max: 0, Diff: 0, Sum: 0, Workers: 4
[3501.295s][debug][gc,phases      ] GC(195) Weak Processing 0.371ms
[3501.295s][debug][gc,age         ] GC(195) Desired survivor size 181927936 bytes, new threshold 15 (max threshold 15)
[3501.295s][info ][gc,heap        ] GC(195) PSYoungGen: 1849569K(1916416K)->117617K(1913344K) Eden: 1732608K(1732608K)->0K(1732608K) From: 116961K(183808K)->117617K(180736K)
[3501.295s][info ][gc,heap        ] GC(195) ParOldGen: 663825K(877056K)->663825K(877056K)
[3501.295s][info ][gc,metaspace   ] GC(195) Metaspace: 85274K(86656K)->85274K(86656K) NonClass: 73285K(74048K)->73285K(74048K) Class: 11989K(12608K)->11989K(12608K)
[3501.295s][info ][gc             ] GC(195) Pause Young (Allocation Failure) 2454M->763M(2725M) 33.638ms
[3501.295s][info ][gc,cpu         ] GC(195) User=0.12s Sys=0.01s Real=0.03s
[3501.295s][info ][safepoint      ] Safepoint "ParallelGCFailedAllocation", Time since last: 768394852 ns, Reaching safepoint: 56104 ns, At safepoint: 33726099 ns, Total: 33782203 ns
[3503.296s][info ][safepoint      ] Safepoint "Cleanup", Time since last: 2000650397 ns, Reaching safepoint: 65805 ns, At safepoint: 8000 ns, Total: 73805 ns
[3504.296s][info ][safepoint      ] Safepoint "Cleanup", Time since last: 1000131935 ns, Reaching safepoint: 42103 ns, At safepoint: 3600 ns, Total: 45703 ns
[3505.296s][info ][safepoint      ] Safepoint "Cleanup", Time since last: 1000113034 ns, Reaching safepoint: 60004 ns, At safepoint: 8001 ns, Total: 68005 ns
[3506.296s][info ][safepoint      ] Safepoint "Cleanup", Time since last: 1000126134 ns, Reaching safepoint: 120109 ns, At safepoint: 8300 ns, Total: 128409 ns
[3509.297s][info ][safepoint      ] Safepoint "Cleanup", Time since last: 3000291698 ns, Reaching safepoint: 53304 ns, At safepoint: 7800 ns, Total: 61104 ns
[3510.297s][info ][safepoint      ] Safepoint "Cleanup", Time since last: 1000132935 ns, Reaching safepoint: 127709 ns, At safepoint: 11501 ns, Total: 139210 ns
[3514.298s][info ][safepoint      ] Safepoint "Cleanup", Time since last: 4000353129 ns, Reaching safepoint: 135809 ns, At safepoint: 7701 ns, Total: 143510 ns
[3515.298s][info ][safepoint      ] Safepoint "Cleanup", Time since last: 1000158437 ns, Reaching safepoint: 129409 ns, At safepoint: 10201 ns, Total: 139610 ns
[3515.846s][info ][gc,start       ] GC(196) Pause Young (Allocation Failure)
[3515.906s][debug][gc,phases      ] GC(196) Scavenge 59.205ms
[3515.906s][debug][gc,ref         ] GC(196) Skipped phase 1 of Reference Processing: no references
[3515.906s][debug][gc,ref         ] GC(196) ReferenceProcessor::execute queues: 1, RefProcThreadModel::Single, marks_oops_alive: false
[3515.906s][debug][gc,ref         ] GC(196) Skipped phase 3 of Reference Processing: no references
[3515.906s][debug][gc,ref         ] GC(196) ReferenceProcessor::execute queues: 1, RefProcThreadModel::Single, marks_oops_alive: false
[3515.906s][debug][gc,phases      ] GC(196) Reference Processing 0.108ms
[3515.906s][debug][gc,phases      ] GC(196)   VM Weak                        Min:  0.0, Avg:  0.0, Max:  0.0, Diff:  0.0, Sum:  0.0, Workers: 4
[3515.906s][debug][gc,phases      ] GC(196)     Dead                           Min: 0, Avg:  0.0, Max: 0, Diff: 0, Sum: 0, Workers: 4
[3515.906s][debug][gc,phases      ] GC(196)     Total                          Min: 0, Avg: 200.0, Max: 370, Diff: 370, Sum: 800, Workers: 4
[3515.906s][debug][gc,phases      ] GC(196)   ObjectSynchronizer Weak        Min:  0.0, Avg:  0.0, Max:  0.0, Diff:  0.0, Sum:  0.0, Workers: 4
[3515.906s][debug][gc,phases      ] GC(196)     Dead                           Min: 0, Avg:  0.0, Max: 0, Diff: 0, Sum: 0, Workers: 4
[3515.906s][debug][gc,phases      ] GC(196)     Total                          Min: 0, Avg: 26.5, Max: 64, Diff: 64, Sum: 106, Workers: 4
[3515.906s][debug][gc,phases      ] GC(196)   JVMTI Tag Weak OopStorage      Min:  0.0, Avg:  0.0, Max:  0.0, Diff:  0.0, Sum:  0.0, Workers: 4
[3515.906s][debug][gc,phases      ] GC(196)     Dead                           Min: 0, Avg:  0.0, Max: 0, Diff: 0, Sum: 0, Workers: 4
[3515.906s][debug][gc,phases      ] GC(196)     Total                          Min: 0, Avg:  0.0, Max: 0, Diff: 0, Sum: 0, Workers: 4
[3515.906s][debug][gc,phases      ] GC(196)   StringTable Weak               Min:  0.0, Avg:  0.1, Max:  0.1, Diff:  0.1, Sum:  0.4, Workers: 4
[3515.906s][debug][gc,phases      ] GC(196)     Dead                           Min: 0, Avg:  0.0, Max: 0, Diff: 0, Sum: 0, Workers: 4
[3515.906s][debug][gc,phases      ] GC(196)     Total                          Min: 0, Avg: 11096.5, Max: 15295, Diff: 15295, Sum: 44386, Workers: 4
[3515.906s][debug][gc,phases      ] GC(196)   ResolvedMethodTable Weak       Min:  0.0, Avg:  0.0, Max:  0.0, Diff:  0.0, Sum:  0.1, Workers: 4
[3515.906s][debug][gc,phases      ] GC(196)     Dead                           Min: 0, Avg:  0.0, Max: 0, Diff: 0, Sum: 0, Workers: 4
[3515.906s][debug][gc,phases      ] GC(196)     Total                          Min: 0, Avg: 2571.5, Max: 3648, Diff: 3648, Sum: 10286, Workers: 4
[3515.906s][debug][gc,phases      ] GC(196)   JNI Weak                       Min:  0.0, Avg:  0.0, Max:  0.0, Diff:  0.0, Sum:  0.0, Workers: 4
[3515.906s][debug][gc,phases      ] GC(196)     Dead                           Min: 0, Avg:  0.0, Max: 0, Diff: 0, Sum: 0, Workers: 4
[3515.906s][debug][gc,phases      ] GC(196)     Total                          Min: 0, Avg: 11.2, Max: 45, Diff: 45, Sum: 45, Workers: 4
[3515.906s][debug][gc,phases      ] GC(196)   StringDedup Table Weak         Min:  0.0, Avg:  0.0, Max:  0.0, Diff:  0.0, Sum:  0.0, Workers: 4
[3515.906s][debug][gc,phases      ] GC(196)     Dead                           Min: 0, Avg:  0.0, Max: 0, Diff: 0, Sum: 0, Workers: 4
[3515.906s][debug][gc,phases      ] GC(196)     Total                          Min: 0, Avg:  0.0, Max: 0, Diff: 0, Sum: 0, Workers: 4
[3515.906s][debug][gc,phases      ] GC(196)   StringDedup Requests0 Weak     Min:  0.0, Avg:  0.0, Max:  0.0, Diff:  0.0, Sum:  0.0, Workers: 4
[3515.906s][debug][gc,phases      ] GC(196)     Dead                           Min: 0, Avg:  0.0, Max: 0, Diff: 0, Sum: 0, Workers: 4
[3515.906s][debug][gc,phases      ] GC(196)     Total                          Min: 0, Avg:  0.0, Max: 0, Diff: 0, Sum: 0, Workers: 4
[3515.906s][debug][gc,phases      ] GC(196)   StringDedup Requests1 Weak     Min:  0.0, Avg:  0.0, Max:  0.0, Diff:  0.0, Sum:  0.0, Workers: 4
[3515.906s][debug][gc,phases      ] GC(196)     Dead                           Min: 0, Avg:  0.0, Max: 0, Diff: 0, Sum: 0, Workers: 4
[3515.906s][debug][gc,phases      ] GC(196)     Total                          Min: 0, Avg:  0.0, Max: 0, Diff: 0, Sum: 0, Workers: 4
[3515.906s][debug][gc,phases      ] GC(196)   Weak JFR Old Object Samples    Min:  0.0, Avg:  0.0, Max:  0.0, Diff:  0.0, Sum:  0.0, Workers: 4
[3515.906s][debug][gc,phases      ] GC(196)     Dead                           Min: 0, Avg:  0.0, Max: 0, Diff: 0, Sum: 0, Workers: 4
[3515.906s][debug][gc,phases      ] GC(196)     Total                          Min: 0, Avg:  0.0, Max: 0, Diff: 0, Sum: 0, Workers: 4
[3515.906s][debug][gc,phases      ] GC(196) Weak Processing 0.438ms
[3515.906s][debug][gc,age         ] GC(196) Desired survivor size 195559424 bytes, new threshold 15 (max threshold 15)
[3515.906s][info ][gc,heap        ] GC(196) PSYoungGen: 1850225K(1913344K)->160785K(1892864K) Eden: 1732608K(1732608K)->0K(1715200K) From: 117617K(180736K)->160785K(177664K)
[3515.906s][info ][gc,heap        ] GC(196) ParOldGen: 663825K(877056K)->663825K(877056K)
[3515.906s][info ][gc,metaspace   ] GC(196) Metaspace: 85281K(86656K)->85281K(86656K) NonClass: 73292K(74048K)->73292K(74048K) Class: 11989K(12608K)->11989K(12608K)
[3515.906s][info ][gc             ] GC(196) Pause Young (Allocation Failure) 2455M->805M(2705M) 59.938ms
[3515.906s][info ][gc,cpu         ] GC(196) User=0.20s Sys=0.01s Real=0.06s
[3515.906s][info ][safepoint      ] Safepoint "ParallelGCFailedAllocation", Time since last: 548385204 ns, Reaching safepoint: 53204 ns, At safepoint: 60032170 ns, Total: 60085374 ns
[3516.907s][info ][safepoint      ] Safepoint "Cleanup", Time since last: 1000099833 ns, Reaching safepoint: 122709 ns, At safepoint: 8901 ns, Total: 131610 ns
[3527.907s][info ][safepoint      ] Safepoint "Cleanup", Time since last: 11000732441 ns, Reaching safepoint: 122909 ns, At safepoint: 18601 ns, Total: 141510 ns
[3531.097s][info ][gc,start       ] GC(197) Pause Young (Allocation Failure)
[3531.133s][debug][gc,phases      ] GC(197) Scavenge 35.604ms
[3531.133s][debug][gc,ref         ] GC(197) Skipped phase 1 of Reference Processing: no references
[3531.133s][debug][gc,ref         ] GC(197) ReferenceProcessor::execute queues: 1, RefProcThreadModel::Single, marks_oops_alive: false
[3531.133s][debug][gc,ref         ] GC(197) Skipped phase 3 of Reference Processing: no references
[3531.133s][debug][gc,ref         ] GC(197) ReferenceProcessor::execute queues: 1, RefProcThreadModel::Single, marks_oops_alive: false
[3531.133s][debug][gc,phases      ] GC(197) Reference Processing 0.104ms
[3531.133s][debug][gc,phases      ] GC(197)   VM Weak                        Min:  0.0, Avg:  0.0, Max:  0.0, Diff:  0.0, Sum:  0.0, Workers: 4
[3531.133s][debug][gc,phases      ] GC(197)     Dead                           Min: 0, Avg:  0.0, Max: 0, Diff: 0, Sum: 0, Workers: 4
[3531.133s][debug][gc,phases      ] GC(197)     Total                          Min: 0, Avg: 200.0, Max: 503, Diff: 503, Sum: 800, Workers: 4
[3531.133s][debug][gc,phases      ] GC(197)   ObjectSynchronizer Weak        Min:  0.0, Avg:  0.0, Max:  0.0, Diff:  0.0, Sum:  0.0, Workers: 4
[3531.133s][debug][gc,phases      ] GC(197)     Dead                           Min: 0, Avg:  0.0, Max: 0, Diff: 0, Sum: 0, Workers: 4
[3531.133s][debug][gc,phases      ] GC(197)     Total                          Min: 0, Avg: 26.5, Max: 64, Diff: 64, Sum: 106, Workers: 4
[3531.133s][debug][gc,phases      ] GC(197)   JVMTI Tag Weak OopStorage      Min:  0.0, Avg:  0.0, Max:  0.0, Diff:  0.0, Sum:  0.0, Workers: 4
[3531.133s][debug][gc,phases      ] GC(197)     Dead                           Min: 0, Avg:  0.0, Max: 0, Diff: 0, Sum: 0, Workers: 4
[3531.133s][debug][gc,phases      ] GC(197)     Total                          Min: 0, Avg:  0.0, Max: 0, Diff: 0, Sum: 0, Workers: 4
[3531.133s][debug][gc,phases      ] GC(197)   StringTable Weak               Min:  0.1, Avg:  0.1, Max:  0.1, Diff:  0.0, Sum:  0.5, Workers: 4
[3531.133s][debug][gc,phases      ] GC(197)     Dead                           Min: 0, Avg:  0.0, Max: 0, Diff: 0, Sum: 0, Workers: 4
[3531.133s][debug][gc,phases      ] GC(197)     Total                          Min: 8806, Avg: 11097.0, Max: 13183, Diff: 4377, Sum: 44388, Workers: 4
[3531.133s][debug][gc,phases      ] GC(197)   ResolvedMethodTable Weak       Min:  0.0, Avg:  0.0, Max:  0.0, Diff:  0.0, Sum:  0.1, Workers: 4
[3531.133s][debug][gc,phases      ] GC(197)     Dead                           Min: 0, Avg:  0.0, Max: 0, Diff: 0, Sum: 0, Workers: 4
[3531.133s][debug][gc,phases      ] GC(197)     Total                          Min: 2368, Avg: 2571.5, Max: 3008, Diff: 640, Sum: 10286, Workers: 4
[3531.133s][debug][gc,phases      ] GC(197)   JNI Weak                       Min:  0.0, Avg:  0.0, Max:  0.0, Diff:  0.0, Sum:  0.0, Workers: 4
[3531.133s][debug][gc,phases      ] GC(197)     Dead                           Min: 0, Avg:  0.0, Max: 0, Diff: 0, Sum: 0, Workers: 4
[3531.133s][debug][gc,phases      ] GC(197)     Total                          Min: 0, Avg: 11.2, Max: 45, Diff: 45, Sum: 45, Workers: 4
[3531.133s][debug][gc,phases      ] GC(197)   StringDedup Table Weak         Min:  0.0, Avg:  0.0, Max:  0.0, Diff:  0.0, Sum:  0.0, Workers: 4
[3531.133s][debug][gc,phases      ] GC(197)     Dead                           Min: 0, Avg:  0.0, Max: 0, Diff: 0, Sum: 0, Workers: 4
[3531.133s][debug][gc,phases      ] GC(197)     Total                          Min: 0, Avg:  0.0, Max: 0, Diff: 0, Sum: 0, Workers: 4
[3531.133s][debug][gc,phases      ] GC(197)   StringDedup Requests0 Weak     Min:  0.0, Avg:  0.0, Max:  0.0, Diff:  0.0, Sum:  0.0, Workers: 4
[3531.133s][debug][gc,phases      ] GC(197)     Dead                           Min: 0, Avg:  0.0, Max: 0, Diff: 0, Sum: 0, Workers: 4
[3531.133s][debug][gc,phases      ] GC(197)     Total                          Min: 0, Avg:  0.0, Max: 0, Diff: 0, Sum: 0, Workers: 4
[3531.133s][debug][gc,phases      ] GC(197)   StringDedup Requests1 Weak     Min:  0.0, Avg:  0.0, Max:  0.0, Diff:  0.0, Sum:  0.0, Workers: 4
[3531.133s][debug][gc,phases      ] GC(197)     Dead                           Min: 0, Avg:  0.0, Max: 0, Diff: 0, Sum: 0, Workers: 4
[3531.133s][debug][gc,phases      ] GC(197)     Total                          Min: 0, Avg:  0.0, Max: 0, Diff: 0, Sum: 0, Workers: 4
[3531.133s][debug][gc,phases      ] GC(197)   Weak JFR Old Object Samples    Min:  0.0, Avg:  0.0, Max:  0.0, Diff:  0.0, Sum:  0.0, Workers: 4
[3531.133s][debug][gc,phases      ] GC(197)     Dead                           Min: 0, Avg:  0.0, Max: 0, Diff: 0, Sum: 0, Workers: 4
[3531.133s][debug][gc,phases      ] GC(197)     Total                          Min: 0, Avg:  0.0, Max: 0, Diff: 0, Sum: 0, Workers: 4
[3531.133s][debug][gc,phases      ] GC(197) Weak Processing 0.343ms
[3531.133s][debug][gc,age         ] GC(197) Desired survivor size 193462272 bytes, new threshold 15 (max threshold 15)
[3531.133s][info ][gc,heap        ] GC(197) PSYoungGen: 1875985K(1892864K)->127825K(1906176K) Eden: 1715200K(1715200K)->0K(1715200K) From: 160785K(177664K)->127825K(190976K)
[3531.133s][info ][gc,heap        ] GC(197) ParOldGen: 663825K(877056K)->663825K(877056K)
[3531.133s][info ][gc,metaspace   ] GC(197) Metaspace: 85283K(86656K)->85283K(86656K) NonClass: 73294K(74048K)->73294K(74048K) Class: 11989K(12608K)->11989K(12608K)
[3531.133s][info ][gc             ] GC(197) Pause Young (Allocation Failure) 2480M->773M(2718M) 36.189ms
[3531.133s][info ][gc,cpu         ] GC(197) User=0.13s Sys=0.00s Real=0.04s
[3531.133s][info ][safepoint      ] Safepoint "ParallelGCFailedAllocation", Time since last: 3189404352 ns, Reaching safepoint: 31102 ns, At safepoint: 36300782 ns, Total: 36331884 ns
[3533.877s][info ][safepoint      ] Safepoint "Cleanup", Time since last: 2744127781 ns, Reaching safepoint: 47403 ns, At safepoint: 2901 ns, Total: 50304 ns
[3534.878s][info ][safepoint      ] Safepoint "Cleanup", Time since last: 1000105934 ns, Reaching safepoint: 61404 ns, At safepoint: 7101 ns, Total: 68505 ns
[3535.878s][info ][safepoint      ] Safepoint "Cleanup", Time since last: 1000102634 ns, Reaching safepoint: 34503 ns, At safepoint: 3500 ns, Total: 38003 ns
[3540.878s][info ][safepoint      ] Safepoint "Cleanup", Time since last: 5000353960 ns, Reaching safepoint: 123409 ns, At safepoint: 5801 ns, Total: 129210 ns
[3544.879s][info ][safepoint      ] Safepoint "Cleanup", Time since last: 4000292429 ns, Reaching safepoint: 49004 ns, At safepoint: 4300 ns, Total: 53304 ns
[3545.053s][info ][gc,start       ] GC(198) Pause Young (Allocation Failure)
[3545.090s][debug][gc,phases      ] GC(198) Scavenge 36.937ms
[3545.090s][debug][gc,ref         ] GC(198) Skipped phase 1 of Reference Processing: no references
[3545.090s][debug][gc,ref         ] GC(198) ReferenceProcessor::execute queues: 1, RefProcThreadModel::Single, marks_oops_alive: false
[3545.090s][debug][gc,ref         ] GC(198) Skipped phase 3 of Reference Processing: no references
[3545.090s][debug][gc,ref         ] GC(198) ReferenceProcessor::execute queues: 1, RefProcThreadModel::Single, marks_oops_alive: false
[3545.090s][debug][gc,phases      ] GC(198) Reference Processing 0.106ms
[3545.091s][debug][gc,phases      ] GC(198)   VM Weak                        Min:  0.0, Avg:  0.0, Max:  0.0, Diff:  0.0, Sum:  0.0, Workers: 4
[3545.091s][debug][gc,phases      ] GC(198)     Dead                           Min: 0, Avg:  0.0, Max: 0, Diff: 0, Sum: 0, Workers: 4
[3545.091s][debug][gc,phases      ] GC(198)     Total                          Min: 0, Avg: 200.0, Max: 380, Diff: 380, Sum: 800, Workers: 4
[3545.091s][debug][gc,phases      ] GC(198)   ObjectSynchronizer Weak        Min:  0.0, Avg:  0.0, Max:  0.0, Diff:  0.0, Sum:  0.0, Workers: 4
[3545.091s][debug][gc,phases      ] GC(198)     Dead                           Min: 0, Avg:  0.0, Max: 0, Diff: 0, Sum: 0, Workers: 4
[3545.091s][debug][gc,phases      ] GC(198)     Total                          Min: 0, Avg: 26.5, Max: 64, Diff: 64, Sum: 106, Workers: 4
[3545.091s][debug][gc,phases      ] GC(198)   JVMTI Tag Weak OopStorage      Min:  0.0, Avg:  0.0, Max:  0.0, Diff:  0.0, Sum:  0.0, Workers: 4
[3545.091s][debug][gc,phases      ] GC(198)     Dead                           Min: 0, Avg:  0.0, Max: 0, Diff: 0, Sum: 0, Workers: 4
[3545.091s][debug][gc,phases      ] GC(198)     Total                          Min: 0, Avg:  0.0, Max: 0, Diff: 0, Sum: 0, Workers: 4
[3545.091s][debug][gc,phases      ] GC(198)   StringTable Weak               Min:  0.0, Avg:  0.1, Max:  0.2, Diff:  0.2, Sum:  0.4, Workers: 4
[3545.091s][debug][gc,phases      ] GC(198)     Dead                           Min: 0, Avg:  0.2, Max: 1, Diff: 1, Sum: 1, Workers: 4
[3545.091s][debug][gc,phases      ] GC(198)     Total                          Min: 0, Avg: 11097.8, Max: 14976, Diff: 14976, Sum: 44391, Workers: 4
[3545.091s][debug][gc,phases      ] GC(198)   ResolvedMethodTable Weak       Min:  0.0, Avg:  0.0, Max:  0.0, Diff:  0.0, Sum:  0.1, Workers: 4
[3545.091s][debug][gc,phases      ] GC(198)     Dead                           Min: 0, Avg:  0.0, Max: 0, Diff: 0, Sum: 0, Workers: 4
[3545.091s][debug][gc,phases      ] GC(198)     Total                          Min: 0, Avg: 2572.0, Max: 3568, Diff: 3568, Sum: 10288, Workers: 4
[3545.091s][debug][gc,phases      ] GC(198)   JNI Weak                       Min:  0.0, Avg:  0.0, Max:  0.0, Diff:  0.0, Sum:  0.0, Workers: 4
[3545.091s][debug][gc,phases      ] GC(198)     Dead                           Min: 0, Avg:  0.0, Max: 0, Diff: 0, Sum: 0, Workers: 4
[3545.091s][debug][gc,phases      ] GC(198)     Total                          Min: 0, Avg: 11.2, Max: 45, Diff: 45, Sum: 45, Workers: 4
[3545.091s][debug][gc,phases      ] GC(198)   StringDedup Table Weak         Min:  0.0, Avg:  0.0, Max:  0.0, Diff:  0.0, Sum:  0.0, Workers: 4
[3545.091s][debug][gc,phases      ] GC(198)     Dead                           Min: 0, Avg:  0.0, Max: 0, Diff: 0, Sum: 0, Workers: 4
[3545.091s][debug][gc,phases      ] GC(198)     Total                          Min: 0, Avg:  0.0, Max: 0, Diff: 0, Sum: 0, Workers: 4
[3545.091s][debug][gc,phases      ] GC(198)   StringDedup Requests0 Weak     Min:  0.0, Avg:  0.0, Max:  0.0, Diff:  0.0, Sum:  0.0, Workers: 4
[3545.091s][debug][gc,phases      ] GC(198)     Dead                           Min: 0, Avg:  0.0, Max: 0, Diff: 0, Sum: 0, Workers: 4
[3545.091s][debug][gc,phases      ] GC(198)     Total                          Min: 0, Avg:  0.0, Max: 0, Diff: 0, Sum: 0, Workers: 4
[3545.091s][debug][gc,phases      ] GC(198)   StringDedup Requests1 Weak     Min:  0.0, Avg:  0.0, Max:  0.0, Diff:  0.0, Sum:  0.0, Workers: 4
[3545.091s][debug][gc,phases      ] GC(198)     Dead                           Min: 0, Avg:  0.0, Max: 0, Diff: 0, Sum: 0, Workers: 4
[3545.091s][debug][gc,phases      ] GC(198)     Total                          Min: 0, Avg:  0.0, Max: 0, Diff: 0, Sum: 0, Workers: 4
[3545.091s][debug][gc,phases      ] GC(198)   Weak JFR Old Object Samples    Min:  0.0, Avg:  0.0, Max:  0.0, Diff:  0.0, Sum:  0.0, Workers: 4
[3545.091s][debug][gc,phases      ] GC(198)     Dead                           Min: 0, Avg:  0.0, Max: 0, Diff: 0, Sum: 0, Workers: 4
[3545.091s][debug][gc,phases      ] GC(198)     Total                          Min: 0, Avg:  0.0, Max: 0, Diff: 0, Sum: 0, Workers: 4
[3545.091s][debug][gc,phases      ] GC(198) Weak Processing 0.378ms
[3545.091s][debug][gc,age         ] GC(198) Desired survivor size 189267968 bytes, new threshold 15 (max threshold 15)
[3545.091s][info ][gc,heap        ] GC(198) PSYoungGen: 1843025K(1906176K)->123489K(1912320K) Eden: 1715200K(1715200K)->0K(1723392K) From: 127825K(190976K)->123489K(188928K)
[3545.091s][info ][gc,heap        ] GC(198) ParOldGen: 663825K(877056K)->663825K(877056K)
[3545.091s][info ][gc,metaspace   ] GC(198) Metaspace: 85294K(86656K)->85294K(86656K) NonClass: 73304K(74048K)->73304K(74048K) Class: 11990K(12608K)->11990K(12608K)
[3545.091s][info ][gc             ] GC(198) Pause Young (Allocation Failure) 2448M->768M(2724M) 37.575ms
[3545.091s][info ][gc,cpu         ] GC(198) User=0.14s Sys=0.00s Real=0.04s
[3545.091s][info ][safepoint      ] Safepoint "ParallelGCFailedAllocation", Time since last: 174612020 ns, Reaching safepoint: 93307 ns, At safepoint: 37665279 ns, Total: 37758586 ns
[3546.091s][info ][safepoint      ] Safepoint "Cleanup", Time since last: 1000084733 ns, Reaching safepoint: 59304 ns, At safepoint: 3101 ns, Total: 62405 ns
[3548.091s][info ][safepoint      ] Safepoint "Cleanup", Time since last: 2000157266 ns, Reaching safepoint: 37802 ns, At safepoint: 3401 ns, Total: 41203 ns
[3552.092s][info ][safepoint      ] Safepoint "Cleanup", Time since last: 4000307332 ns, Reaching safepoint: 44903 ns, At safepoint: 4300 ns, Total: 49203 ns
[3556.147s][info ][gc,start       ] GC(199) Pause Young (Allocation Failure)
[3556.195s][debug][gc,phases      ] GC(199) Scavenge 48.595ms
[3556.195s][debug][gc,ref         ] GC(199) Skipped phase 1 of Reference Processing: no references
[3556.195s][debug][gc,ref         ] GC(199) ReferenceProcessor::execute queues: 1, RefProcThreadModel::Single, marks_oops_alive: false
[3556.195s][debug][gc,ref         ] GC(199) Skipped phase 3 of Reference Processing: no references
[3556.195s][debug][gc,ref         ] GC(199) ReferenceProcessor::execute queues: 1, RefProcThreadModel::Single, marks_oops_alive: false
[3556.195s][debug][gc,phases      ] GC(199) Reference Processing 0.102ms
[3556.196s][debug][gc,phases      ] GC(199)   VM Weak                        Min:  0.0, Avg:  0.0, Max:  0.0, Diff:  0.0, Sum:  0.0, Workers: 4
[3556.196s][debug][gc,phases      ] GC(199)     Dead                           Min: 0, Avg:  0.0, Max: 0, Diff: 0, Sum: 0, Workers: 4
[3556.196s][debug][gc,phases      ] GC(199)     Total                          Min: 0, Avg: 200.0, Max: 503, Diff: 503, Sum: 800, Workers: 4
[3556.196s][debug][gc,phases      ] GC(199)   ObjectSynchronizer Weak        Min:  0.0, Avg:  0.0, Max:  0.0, Diff:  0.0, Sum:  0.0, Workers: 4
[3556.196s][debug][gc,phases      ] GC(199)     Dead                           Min: 0, Avg:  0.0, Max: 0, Diff: 0, Sum: 0, Workers: 4
[3556.196s][debug][gc,phases      ] GC(199)     Total                          Min: 0, Avg: 26.5, Max: 64, Diff: 64, Sum: 106, Workers: 4
[3556.196s][debug][gc,phases      ] GC(199)   JVMTI Tag Weak OopStorage      Min:  0.0, Avg:  0.0, Max:  0.0, Diff:  0.0, Sum:  0.0, Workers: 4
[3556.196s][debug][gc,phases      ] GC(199)     Dead                           Min: 0, Avg:  0.0, Max: 0, Diff: 0, Sum: 0, Workers: 4
[3556.196s][debug][gc,phases      ] GC(199)     Total                          Min: 0, Avg:  0.0, Max: 0, Diff: 0, Sum: 0, Workers: 4
[3556.196s][debug][gc,phases      ] GC(199)   StringTable Weak               Min:  0.0, Avg:  0.1, Max:  0.1, Diff:  0.1, Sum:  0.4, Workers: 4
[3556.196s][debug][gc,phases      ] GC(199)     Dead                           Min: 0, Avg:  0.0, Max: 0, Diff: 0, Sum: 0, Workers: 4
[3556.196s][debug][gc,phases      ] GC(199)     Total                          Min: 0, Avg: 11097.8, Max: 15849, Diff: 15849, Sum: 44391, Workers: 4
[3556.196s][debug][gc,phases      ] GC(199)   ResolvedMethodTable Weak       Min:  0.0, Avg:  0.0, Max:  0.0, Diff:  0.0, Sum:  0.1, Workers: 4
[3556.196s][debug][gc,phases      ] GC(199)     Dead                           Min: 0, Avg:  0.0, Max: 0, Diff: 0, Sum: 0, Workers: 4
[3556.196s][debug][gc,phases      ] GC(199)     Total                          Min: 0, Avg: 2572.0, Max: 3712, Diff: 3712, Sum: 10288, Workers: 4
[3556.196s][debug][gc,phases      ] GC(199)   JNI Weak                       Min:  0.0, Avg:  0.0, Max:  0.0, Diff:  0.0, Sum:  0.0, Workers: 4
[3556.196s][debug][gc,phases      ] GC(199)     Dead                           Min: 0, Avg:  0.0, Max: 0, Diff: 0, Sum: 0, Workers: 4
[3556.196s][debug][gc,phases      ] GC(199)     Total                          Min: 0, Avg: 11.2, Max: 45, Diff: 45, Sum: 45, Workers: 4
[3556.196s][debug][gc,phases      ] GC(199)   StringDedup Table Weak         Min:  0.0, Avg:  0.0, Max:  0.0, Diff:  0.0, Sum:  0.0, Workers: 4
[3556.196s][debug][gc,phases      ] GC(199)     Dead                           Min: 0, Avg:  0.0, Max: 0, Diff: 0, Sum: 0, Workers: 4
[3556.196s][debug][gc,phases      ] GC(199)     Total                          Min: 0, Avg:  0.0, Max: 0, Diff: 0, Sum: 0, Workers: 4
[3556.196s][debug][gc,phases      ] GC(199)   StringDedup Requests0 Weak     Min:  0.0, Avg:  0.0, Max:  0.0, Diff:  0.0, Sum:  0.0, Workers: 4
[3556.196s][debug][gc,phases      ] GC(199)     Dead                           Min: 0, Avg:  0.0, Max: 0, Diff: 0, Sum: 0, Workers: 4
[3556.196s][debug][gc,phases      ] GC(199)     Total                          Min: 0, Avg:  0.0, Max: 0, Diff: 0, Sum: 0, Workers: 4
[3556.196s][debug][gc,phases      ] GC(199)   StringDedup Requests1 Weak     Min:  0.0, Avg:  0.0, Max:  0.0, Diff:  0.0, Sum:  0.0, Workers: 4
[3556.196s][debug][gc,phases      ] GC(199)     Dead                           Min: 0, Avg:  0.0, Max: 0, Diff: 0, Sum: 0, Workers: 4
[3556.196s][debug][gc,phases      ] GC(199)     Total                          Min: 0, Avg:  0.0, Max: 0, Diff: 0, Sum: 0, Workers: 4
[3556.196s][debug][gc,phases      ] GC(199)   Weak JFR Old Object Samples    Min:  0.0, Avg:  0.0, Max:  0.0, Diff:  0.0, Sum:  0.0, Workers: 4
[3556.196s][debug][gc,phases      ] GC(199)     Dead                           Min: 0, Avg:  0.0, Max: 0, Diff: 0, Sum: 0, Workers: 4
[3556.196s][debug][gc,phases      ] GC(199)     Total                          Min: 0, Avg:  0.0, Max: 0, Diff: 0, Sum: 0, Workers: 4
[3556.196s][debug][gc,phases      ] GC(199) Weak Processing 0.371ms
[3556.196s][debug][gc,age         ] GC(199) Desired survivor size 186122240 bytes, new threshold 15 (max threshold 15)
[3556.196s][info ][gc,heap        ] GC(199) PSYoungGen: 1846881K(1912320K)->93585K(1908224K) Eden: 1723392K(1723392K)->0K(1723392K) From: 123489K(188928K)->93585K(184832K)
[3556.196s][info ][gc,heap        ] GC(199) ParOldGen: 663825K(877056K)->716326K(877056K)
[3556.196s][info ][gc,metaspace   ] GC(199) Metaspace: 85305K(86656K)->85305K(86656K) NonClass: 73315K(74048K)->73315K(74048K) Class: 11990K(12608K)->11990K(12608K)
[3556.196s][info ][gc             ] GC(199) Pause Young (Allocation Failure) 2451M->790M(2720M) 49.209ms
[3556.196s][info ][gc,cpu         ] GC(199) User=0.14s Sys=0.00s Real=0.05s
[3556.196s][info ][safepoint      ] Safepoint "ParallelGCFailedAllocation", Time since last: 4054957420 ns, Reaching safepoint: 37403 ns, At safepoint: 49298607 ns, Total: 49336010 ns
[3560.199s][info ][safepoint      ] Safepoint "Cleanup", Time since last: 4000315334 ns, Reaching safepoint: 3211028 ns, At safepoint: 21702 ns, Total: 3232730 ns
[3560.966s][info ][gc,start       ] GC(200) Pause Young (Allocation Failure)
[3561.002s][debug][gc,phases      ] GC(200) Scavenge 36.845ms
[3561.002s][debug][gc,ref         ] GC(200) Skipped phase 1 of Reference Processing: no references
[3561.003s][debug][gc,ref         ] GC(200) ReferenceProcessor::execute queues: 1, RefProcThreadModel::Single, marks_oops_alive: false
[3561.003s][debug][gc,ref         ] GC(200) Skipped phase 3 of Reference Processing: no references
[3561.003s][debug][gc,ref         ] GC(200) ReferenceProcessor::execute queues: 1, RefProcThreadModel::Single, marks_oops_alive: false
[3561.003s][debug][gc,phases      ] GC(200) Reference Processing 0.100ms
[3561.003s][debug][gc,phases      ] GC(200)   VM Weak                        Min:  0.0, Avg:  0.0, Max:  0.0, Diff:  0.0, Sum:  0.0, Workers: 4
[3561.003s][debug][gc,phases      ] GC(200)     Dead                           Min: 0, Avg:  0.0, Max: 0, Diff: 0, Sum: 0, Workers: 4
[3561.003s][debug][gc,phases      ] GC(200)     Total                          Min: 0, Avg: 200.0, Max: 617, Diff: 617, Sum: 800, Workers: 4
[3561.003s][debug][gc,phases      ] GC(200)   ObjectSynchronizer Weak        Min:  0.0, Avg:  0.0, Max:  0.0, Diff:  0.0, Sum:  0.0, Workers: 4
[3561.003s][debug][gc,phases      ] GC(200)     Dead                           Min: 0, Avg:  0.0, Max: 0, Diff: 0, Sum: 0, Workers: 4
[3561.003s][debug][gc,phases      ] GC(200)     Total                          Min: 0, Avg: 26.5, Max: 64, Diff: 64, Sum: 106, Workers: 4
[3561.003s][debug][gc,phases      ] GC(200)   JVMTI Tag Weak OopStorage      Min:  0.0, Avg:  0.0, Max:  0.0, Diff:  0.0, Sum:  0.0, Workers: 4
[3561.003s][debug][gc,phases      ] GC(200)     Dead                           Min: 0, Avg:  0.0, Max: 0, Diff: 0, Sum: 0, Workers: 4
[3561.003s][debug][gc,phases      ] GC(200)     Total                          Min: 0, Avg:  0.0, Max: 0, Diff: 0, Sum: 0, Workers: 4
[3561.003s][debug][gc,phases      ] GC(200)   StringTable Weak               Min:  0.0, Avg:  0.1, Max:  0.2, Diff:  0.2, Sum:  0.4, Workers: 4
[3561.003s][debug][gc,phases      ] GC(200)     Dead                           Min: 0, Avg:  0.2, Max: 1, Diff: 1, Sum: 1, Workers: 4
[3561.003s][debug][gc,phases      ] GC(200)     Total                          Min: 0, Avg: 11097.8, Max: 23273, Diff: 23273, Sum: 44391, Workers: 4
[3561.003s][debug][gc,phases      ] GC(200)   ResolvedMethodTable Weak       Min:  0.0, Avg:  0.0, Max:  0.0, Diff:  0.0, Sum:  0.1, Workers: 4
[3561.003s][debug][gc,phases      ] GC(200)     Dead                           Min: 0, Avg:  0.0, Max: 0, Diff: 0, Sum: 0, Workers: 4
[3561.003s][debug][gc,phases      ] GC(200)     Total                          Min: 0, Avg: 2572.2, Max: 5553, Diff: 5553, Sum: 10289, Workers: 4
[3561.003s][debug][gc,phases      ] GC(200)   JNI Weak                       Min:  0.0, Avg:  0.0, Max:  0.0, Diff:  0.0, Sum:  0.0, Workers: 4
[3561.003s][debug][gc,phases      ] GC(200)     Dead                           Min: 0, Avg:  0.0, Max: 0, Diff: 0, Sum: 0, Workers: 4
[3561.003s][debug][gc,phases      ] GC(200)     Total                          Min: 0, Avg: 11.2, Max: 45, Diff: 45, Sum: 45, Workers: 4
[3561.003s][debug][gc,phases      ] GC(200)   StringDedup Table Weak         Min:  0.0, Avg:  0.0, Max:  0.0, Diff:  0.0, Sum:  0.0, Workers: 4
[3561.003s][debug][gc,phases      ] GC(200)     Dead                           Min: 0, Avg:  0.0, Max: 0, Diff: 0, Sum: 0, Workers: 4
[3561.003s][debug][gc,phases      ] GC(200)     Total                          Min: 0, Avg:  0.0, Max: 0, Diff: 0, Sum: 0, Workers: 4
[3561.003s][debug][gc,phases      ] GC(200)   StringDedup Requests0 Weak     Min:  0.0, Avg:  0.0, Max:  0.0, Diff:  0.0, Sum:  0.0, Workers: 4
[3561.003s][debug][gc,phases      ] GC(200)     Dead                           Min: 0, Avg:  0.0, Max: 0, Diff: 0, Sum: 0, Workers: 4
[3561.003s][debug][gc,phases      ] GC(200)     Total                          Min: 0, Avg:  0.0, Max: 0, Diff: 0, Sum: 0, Workers: 4
[3561.003s][debug][gc,phases      ] GC(200)   StringDedup Requests1 Weak     Min:  0.0, Avg:  0.0, Max:  0.0, Diff:  0.0, Sum:  0.0, Workers: 4
[3561.003s][debug][gc,phases      ] GC(200)     Dead                           Min: 0, Avg:  0.0, Max: 0, Diff: 0, Sum: 0, Workers: 4
[3561.003s][debug][gc,phases      ] GC(200)     Total                          Min: 0, Avg:  0.0, Max: 0, Diff: 0, Sum: 0, Workers: 4
[3561.003s][debug][gc,phases      ] GC(200)   Weak JFR Old Object Samples    Min:  0.0, Avg:  0.0, Max:  0.0, Diff:  0.0, Sum:  0.0, Workers: 4
[3561.003s][debug][gc,phases      ] GC(200)     Dead                           Min: 0, Avg:  0.0, Max: 0, Diff: 0, Sum: 0, Workers: 4
[3561.003s][debug][gc,phases      ] GC(200)     Total                          Min: 0, Avg:  0.0, Max: 0, Diff: 0, Sum: 0, Workers: 4
[3561.003s][debug][gc,phases      ] GC(200) Weak Processing 0.448ms
[3561.003s][debug][gc,age         ] GC(200) Desired survivor size 185597952 bytes, new threshold 15 (max threshold 15)
[3561.003s][info ][gc,heap        ] GC(200) PSYoungGen: 1816977K(1908224K)->73217K(1915904K) Eden: 1723392K(1723392K)->0K(1734144K) From: 93585K(184832K)->73217K(181760K)
[3561.003s][info ][gc,heap        ] GC(200) ParOldGen: 716326K(877056K)->735310K(877056K)
[3561.003s][info ][gc,metaspace   ] GC(200) Metaspace: 85309K(86656K)->85309K(86656K) NonClass: 73319K(74048K)->73319K(74048K) Class: 11990K(12608K)->11990K(12608K)
[3561.003s][info ][gc             ] GC(200) Pause Young (Allocation Failure) 2473M->789M(2727M) 37.514ms
[3561.003s][info ][gc,cpu         ] GC(200) User=0.12s Sys=0.00s Real=0.04s
[3561.003s][info ][safepoint      ] Safepoint "ParallelGCFailedAllocation", Time since last: 765946480 ns, Reaching safepoint: 130009 ns, At safepoint: 37602375 ns, Total: 37732384 ns
[3562.003s][info ][safepoint      ] Safepoint "Cleanup", Time since last: 1000087534 ns, Reaching safepoint: 133710 ns, At safepoint: 10101 ns, Total: 143811 ns
[3562.117s][info ][gc,start       ] GC(201) Pause Young (Allocation Failure)
[3562.178s][debug][gc,phases      ] GC(201) Scavenge 61.502ms
[3562.178s][debug][gc,ref         ] GC(201) Skipped phase 1 of Reference Processing: no references
[3562.178s][debug][gc,ref         ] GC(201) ReferenceProcessor::execute queues: 1, RefProcThreadModel::Single, marks_oops_alive: false
[3562.178s][debug][gc,ref         ] GC(201) Skipped phase 3 of Reference Processing: no references
[3562.178s][debug][gc,ref         ] GC(201) ReferenceProcessor::execute queues: 1, RefProcThreadModel::Single, marks_oops_alive: false
[3562.178s][debug][gc,phases      ] GC(201) Reference Processing 0.130ms
[3562.179s][debug][gc,phases      ] GC(201)   VM Weak                        Min:  0.0, Avg:  0.0, Max:  0.0, Diff:  0.0, Sum:  0.0, Workers: 4
[3562.179s][debug][gc,phases      ] GC(201)     Dead                           Min: 0, Avg:  0.0, Max: 0, Diff: 0, Sum: 0, Workers: 4
[3562.179s][debug][gc,phases      ] GC(201)     Total                          Min: 0, Avg: 200.0, Max: 444, Diff: 444, Sum: 800, Workers: 4
[3562.179s][debug][gc,phases      ] GC(201)   ObjectSynchronizer Weak        Min:  0.0, Avg:  0.0, Max:  0.0, Diff:  0.0, Sum:  0.0, Workers: 4
[3562.179s][debug][gc,phases      ] GC(201)     Dead                           Min: 0, Avg:  0.0, Max: 0, Diff: 0, Sum: 0, Workers: 4
[3562.179s][debug][gc,phases      ] GC(201)     Total                          Min: 0, Avg: 26.5, Max: 64, Diff: 64, Sum: 106, Workers: 4
[3562.179s][debug][gc,phases      ] GC(201)   JVMTI Tag Weak OopStorage      Min:  0.0, Avg:  0.0, Max:  0.0, Diff:  0.0, Sum:  0.0, Workers: 4
[3562.179s][debug][gc,phases      ] GC(201)     Dead                           Min: 0, Avg:  0.0, Max: 0, Diff: 0, Sum: 0, Workers: 4
[3562.179s][debug][gc,phases      ] GC(201)     Total                          Min: 0, Avg:  0.0, Max: 0, Diff: 0, Sum: 0, Workers: 4
[3562.179s][debug][gc,phases      ] GC(201)   StringTable Weak               Min:  0.0, Avg:  0.1, Max:  0.1, Diff:  0.1, Sum:  0.4, Workers: 4
[3562.179s][debug][gc,phases      ] GC(201)     Dead                           Min: 0, Avg:  0.0, Max: 0, Diff: 0, Sum: 0, Workers: 4
[3562.179s][debug][gc,phases      ] GC(201)     Total                          Min: 0, Avg: 11099.5, Max: 15921, Diff: 15921, Sum: 44398, Workers: 4
[3562.179s][debug][gc,phases      ] GC(201)   ResolvedMethodTable Weak       Min:  0.0, Avg:  0.0, Max:  0.0, Diff:  0.0, Sum:  0.1, Workers: 4
[3562.179s][debug][gc,phases      ] GC(201)     Dead                           Min: 0, Avg:  0.0, Max: 0, Diff: 0, Sum: 0, Workers: 4
[3562.179s][debug][gc,phases      ] GC(201)     Total                          Min: 0, Avg: 2572.2, Max: 3712, Diff: 3712, Sum: 10289, Workers: 4
[3562.179s][debug][gc,phases      ] GC(201)   JNI Weak                       Min:  0.0, Avg:  0.0, Max:  0.0, Diff:  0.0, Sum:  0.0, Workers: 4
[3562.179s][debug][gc,phases      ] GC(201)     Dead                           Min: 0, Avg:  0.0, Max: 0, Diff: 0, Sum: 0, Workers: 4
[3562.179s][debug][gc,phases      ] GC(201)     Total                          Min: 0, Avg: 11.2, Max: 45, Diff: 45, Sum: 45, Workers: 4
[3562.179s][debug][gc,phases      ] GC(201)   StringDedup Table Weak         Min:  0.0, Avg:  0.0, Max:  0.0, Diff:  0.0, Sum:  0.0, Workers: 4
[3562.179s][debug][gc,phases      ] GC(201)     Dead                           Min: 0, Avg:  0.0, Max: 0, Diff: 0, Sum: 0, Workers: 4
[3562.179s][debug][gc,phases      ] GC(201)     Total                          Min: 0, Avg:  0.0, Max: 0, Diff: 0, Sum: 0, Workers: 4
[3562.179s][debug][gc,phases      ] GC(201)   StringDedup Requests0 Weak     Min:  0.0, Avg:  0.0, Max:  0.0, Diff:  0.0, Sum:  0.0, Workers: 4
[3562.179s][debug][gc,phases      ] GC(201)     Dead                           Min: 0, Avg:  0.0, Max: 0, Diff: 0, Sum: 0, Workers: 4
[3562.179s][debug][gc,phases      ] GC(201)     Total                          Min: 0, Avg:  0.0, Max: 0, Diff: 0, Sum: 0, Workers: 4
[3562.179s][debug][gc,phases      ] GC(201)   StringDedup Requests1 Weak     Min:  0.0, Avg:  0.0, Max:  0.0, Diff:  0.0, Sum:  0.0, Workers: 4
[3562.179s][debug][gc,phases      ] GC(201)     Dead                           Min: 0, Avg:  0.0, Max: 0, Diff: 0, Sum: 0, Workers: 4
[3562.179s][debug][gc,phases      ] GC(201)     Total                          Min: 0, Avg:  0.0, Max: 0, Diff: 0, Sum: 0, Workers: 4
[3562.179s][debug][gc,phases      ] GC(201)   Weak JFR Old Object Samples    Min:  0.0, Avg:  0.0, Max:  0.0, Diff:  0.0, Sum:  0.0, Workers: 4
[3562.179s][debug][gc,phases      ] GC(201)     Dead                           Min: 0, Avg:  0.0, Max: 0, Diff: 0, Sum: 0, Workers: 4
[3562.179s][debug][gc,phases      ] GC(201)     Total                          Min: 0, Avg:  0.0, Max: 0, Diff: 0, Sum: 0, Workers: 4
[3562.179s][debug][gc,phases      ] GC(201) Weak Processing 0.384ms
[3562.179s][debug][gc,age         ] GC(201) Desired survivor size 193986560 bytes, new threshold 15 (max threshold 15)
[3562.179s][info ][gc,heap        ] GC(201) PSYoungGen: 1807361K(1915904K)->150145K(1884672K) Eden: 1734144K(1734144K)->0K(1734144K) From: 73217K(181760K)->150145K(150528K)
[3562.179s][info ][gc,heap        ] GC(201) ParOldGen: 735310K(877056K)->735642K(877056K)
[3562.179s][info ][gc,metaspace   ] GC(201) Metaspace: 85316K(86656K)->85316K(86656K) NonClass: 73326K(74048K)->73326K(74048K) Class: 11990K(12608K)->11990K(12608K)
[3562.179s][info ][gc             ] GC(201) Pause Young (Allocation Failure) 2483M->865M(2697M) 62.155ms
[3562.179s][info ][gc,cpu         ] GC(201) User=0.18s Sys=0.01s Real=0.07s
[3562.179s][info ][safepoint      ] Safepoint "ParallelGCFailedAllocation", Time since last: 113104744 ns, Reaching safepoint: 102508 ns, At safepoint: 62241727 ns, Total: 62344235 ns
[3563.532s][info ][gc,start       ] GC(202) Pause Young (Allocation Failure)
[3563.595s][debug][gc,phases      ] GC(202) Scavenge 63.431ms
[3563.595s][debug][gc,ref         ] GC(202) Skipped phase 1 of Reference Processing: no references
[3563.595s][debug][gc,ref         ] GC(202) ReferenceProcessor::execute queues: 1, RefProcThreadModel::Single, marks_oops_alive: false
[3563.595s][debug][gc,ref         ] GC(202) Skipped phase 3 of Reference Processing: no references
[3563.595s][debug][gc,ref         ] GC(202) ReferenceProcessor::execute queues: 1, RefProcThreadModel::Single, marks_oops_alive: false
[3563.595s][debug][gc,phases      ] GC(202) Reference Processing 0.104ms
[3563.596s][debug][gc,phases      ] GC(202)   VM Weak                        Min:  0.0, Avg:  0.0, Max:  0.0, Diff:  0.0, Sum:  0.0, Workers: 4
[3563.596s][debug][gc,phases      ] GC(202)     Dead                           Min: 0, Avg:  0.0, Max: 0, Diff: 0, Sum: 0, Workers: 4
[3563.596s][debug][gc,phases      ] GC(202)     Total                          Min: 0, Avg: 200.0, Max: 680, Diff: 680, Sum: 800, Workers: 4
[3563.596s][debug][gc,phases      ] GC(202)   ObjectSynchronizer Weak        Min:  0.0, Avg:  0.0, Max:  0.0, Diff:  0.0, Sum:  0.0, Workers: 4
[3563.596s][debug][gc,phases      ] GC(202)     Dead                           Min: 0, Avg:  0.0, Max: 0, Diff: 0, Sum: 0, Workers: 4
[3563.596s][debug][gc,phases      ] GC(202)     Total                          Min: 0, Avg: 26.5, Max: 64, Diff: 64, Sum: 106, Workers: 4
[3563.596s][debug][gc,phases      ] GC(202)   JVMTI Tag Weak OopStorage      Min:  0.0, Avg:  0.0, Max:  0.0, Diff:  0.0, Sum:  0.0, Workers: 4
[3563.596s][debug][gc,phases      ] GC(202)     Dead                           Min: 0, Avg:  0.0, Max: 0, Diff: 0, Sum: 0, Workers: 4
[3563.596s][debug][gc,phases      ] GC(202)     Total                          Min: 0, Avg:  0.0, Max: 0, Diff: 0, Sum: 0, Workers: 4
[3563.596s][debug][gc,phases      ] GC(202)   StringTable Weak               Min:  0.0, Avg:  0.1, Max:  0.2, Diff:  0.2, Sum:  0.4, Workers: 4
[3563.596s][debug][gc,phases      ] GC(202)     Dead                           Min: 0, Avg:  0.0, Max: 0, Diff: 0, Sum: 0, Workers: 4
[3563.596s][debug][gc,phases      ] GC(202)     Total                          Min: 0, Avg: 11099.5, Max: 17728, Diff: 17728, Sum: 44398, Workers: 4
[3563.596s][debug][gc,phases      ] GC(202)   ResolvedMethodTable Weak       Min:  0.0, Avg:  0.0, Max:  0.0, Diff:  0.0, Sum:  0.1, Workers: 4
[3563.596s][debug][gc,phases      ] GC(202)     Dead                           Min: 0, Avg:  0.0, Max: 0, Diff: 0, Sum: 0, Workers: 4
[3563.596s][debug][gc,phases      ] GC(202)     Total                          Min: 0, Avg: 2572.2, Max: 3712, Diff: 3712, Sum: 10289, Workers: 4
[3563.596s][debug][gc,phases      ] GC(202)   JNI Weak                       Min:  0.0, Avg:  0.0, Max:  0.0, Diff:  0.0, Sum:  0.0, Workers: 4
[3563.596s][debug][gc,phases      ] GC(202)     Dead                           Min: 0, Avg:  0.0, Max: 0, Diff: 0, Sum: 0, Workers: 4
[3563.596s][debug][gc,phases      ] GC(202)     Total                          Min: 0, Avg: 11.2, Max: 45, Diff: 45, Sum: 45, Workers: 4
[3563.596s][debug][gc,phases      ] GC(202)   StringDedup Table Weak         Min:  0.0, Avg:  0.0, Max:  0.0, Diff:  0.0, Sum:  0.0, Workers: 4
[3563.596s][debug][gc,phases      ] GC(202)     Dead                           Min: 0, Avg:  0.0, Max: 0, Diff: 0, Sum: 0, Workers: 4
[3563.596s][debug][gc,phases      ] GC(202)     Total                          Min: 0, Avg:  0.0, Max: 0, Diff: 0, Sum: 0, Workers: 4
[3563.596s][debug][gc,phases      ] GC(202)   StringDedup Requests0 Weak     Min:  0.0, Avg:  0.0, Max:  0.0, Diff:  0.0, Sum:  0.0, Workers: 4
[3563.596s][debug][gc,phases      ] GC(202)     Dead                           Min: 0, Avg:  0.0, Max: 0, Diff: 0, Sum: 0, Workers: 4
[3563.596s][debug][gc,phases      ] GC(202)     Total                          Min: 0, Avg:  0.0, Max: 0, Diff: 0, Sum: 0, Workers: 4
[3563.596s][debug][gc,phases      ] GC(202)   StringDedup Requests1 Weak     Min:  0.0, Avg:  0.0, Max:  0.0, Diff:  0.0, Sum:  0.0, Workers: 4
[3563.596s][debug][gc,phases      ] GC(202)     Dead                           Min: 0, Avg:  0.0, Max: 0, Diff: 0, Sum: 0, Workers: 4
[3563.596s][debug][gc,phases      ] GC(202)     Total                          Min: 0, Avg:  0.0, Max: 0, Diff: 0, Sum: 0, Workers: 4
[3563.596s][debug][gc,phases      ] GC(202)   Weak JFR Old Object Samples    Min:  0.0, Avg:  0.0, Max:  0.0, Diff:  0.0, Sum:  0.0, Workers: 4
[3563.596s][debug][gc,phases      ] GC(202)     Dead                           Min: 0, Avg:  0.0, Max: 0, Diff: 0, Sum: 0, Workers: 4
[3563.596s][debug][gc,phases      ] GC(202)     Total                          Min: 0, Avg:  0.0, Max: 0, Diff: 0, Sum: 0, Workers: 4
[3563.596s][debug][gc,phases      ] GC(202) Weak Processing 0.445ms
[3563.596s][debug][gc,age         ] GC(202) Desired survivor size 206569472 bytes, new threshold 15 (max threshold 15)
[3563.596s][info ][gc,heap        ] GC(202) PSYoungGen: 1884289K(1884672K)->166449K(1883136K) Eden: 1734144K(1734144K)->0K(1693696K) From: 150145K(150528K)->166449K(189440K)
[3563.596s][info ][gc,heap        ] GC(202) ParOldGen: 735642K(877056K)->737063K(877056K)
[3563.596s][info ][gc,metaspace   ] GC(202) Metaspace: 85318K(86656K)->85318K(86656K) NonClass: 73327K(74048K)->73327K(74048K) Class: 11990K(12608K)->11990K(12608K)
[3563.596s][info ][gc             ] GC(202) Pause Young (Allocation Failure) 2558M->882M(2695M) 64.135ms
[3563.596s][info ][gc,cpu         ] GC(202) User=0.19s Sys=0.00s Real=0.06s
[3563.596s][info ][safepoint      ] Safepoint "ParallelGCFailedAllocation", Time since last: 1352757119 ns, Reaching safepoint: 109508 ns, At safepoint: 64243969 ns, Total: 64353477 ns
[3564.596s][info ][safepoint      ] Safepoint "Cleanup", Time since last: 1000071734 ns, Reaching safepoint: 46703 ns, At safepoint: 4200 ns, Total: 50903 ns
[3565.596s][info ][safepoint      ] Safepoint "Cleanup", Time since last: 1000120037 ns, Reaching safepoint: 113208 ns, At safepoint: 5401 ns, Total: 118609 ns
[3566.597s][info ][safepoint      ] Safepoint "Cleanup", Time since last: 1000125037 ns, Reaching safepoint: 124809 ns, At safepoint: 6800 ns, Total: 131609 ns
[3567.765s][info ][gc,start       ] GC(203) Pause Young (Allocation Failure)
[3567.822s][debug][gc,phases      ] GC(203) Scavenge 57.087ms
[3567.822s][debug][gc,ref         ] GC(203) Skipped phase 1 of Reference Processing: no references
[3567.822s][debug][gc,ref         ] GC(203) ReferenceProcessor::execute queues: 1, RefProcThreadModel::Single, marks_oops_alive: false
[3567.822s][debug][gc,ref         ] GC(203) Skipped phase 3 of Reference Processing: no references
[3567.822s][debug][gc,ref         ] GC(203) ReferenceProcessor::execute queues: 1, RefProcThreadModel::Single, marks_oops_alive: false
[3567.822s][debug][gc,phases      ] GC(203) Reference Processing 0.104ms
[3567.822s][debug][gc,phases      ] GC(203)   VM Weak                        Min:  0.0, Avg:  0.0, Max:  0.0, Diff:  0.0, Sum:  0.0, Workers: 4
[3567.822s][debug][gc,phases      ] GC(203)     Dead                           Min: 0, Avg:  0.0, Max: 0, Diff: 0, Sum: 0, Workers: 4
[3567.822s][debug][gc,phases      ] GC(203)     Total                          Min: 0, Avg: 200.0, Max: 317, Diff: 317, Sum: 800, Workers: 4
[3567.822s][debug][gc,phases      ] GC(203)   ObjectSynchronizer Weak        Min:  0.0, Avg:  0.0, Max:  0.0, Diff:  0.0, Sum:  0.0, Workers: 4
[3567.822s][debug][gc,phases      ] GC(203)     Dead                           Min: 0, Avg:  0.0, Max: 0, Diff: 0, Sum: 0, Workers: 4
[3567.822s][debug][gc,phases      ] GC(203)     Total                          Min: 0, Avg: 26.5, Max: 64, Diff: 64, Sum: 106, Workers: 4
[3567.822s][debug][gc,phases      ] GC(203)   JVMTI Tag Weak OopStorage      Min:  0.0, Avg:  0.0, Max:  0.0, Diff:  0.0, Sum:  0.0, Workers: 4
[3567.822s][debug][gc,phases      ] GC(203)     Dead                           Min: 0, Avg:  0.0, Max: 0, Diff: 0, Sum: 0, Workers: 4
[3567.822s][debug][gc,phases      ] GC(203)     Total                          Min: 0, Avg:  0.0, Max: 0, Diff: 0, Sum: 0, Workers: 4
[3567.822s][debug][gc,phases      ] GC(203)   StringTable Weak               Min:  0.0, Avg:  0.1, Max:  0.2, Diff:  0.2, Sum:  0.5, Workers: 4
[3567.822s][debug][gc,phases      ] GC(203)     Dead                           Min: 0, Avg:  0.0, Max: 0, Diff: 0, Sum: 0, Workers: 4
[3567.822s][debug][gc,phases      ] GC(203)     Total                          Min: 0, Avg: 11099.5, Max: 15536, Diff: 15536, Sum: 44398, Workers: 4
[3567.822s][debug][gc,phases      ] GC(203)   ResolvedMethodTable Weak       Min:  0.0, Avg:  0.0, Max:  0.0, Diff:  0.0, Sum:  0.1, Workers: 4
[3567.822s][debug][gc,phases      ] GC(203)     Dead                           Min: 0, Avg:  0.0, Max: 0, Diff: 0, Sum: 0, Workers: 4
[3567.822s][debug][gc,phases      ] GC(203)     Total                          Min: 0, Avg: 2572.2, Max: 3761, Diff: 3761, Sum: 10289, Workers: 4
[3567.822s][debug][gc,phases      ] GC(203)   JNI Weak                       Min:  0.0, Avg:  0.0, Max:  0.0, Diff:  0.0, Sum:  0.0, Workers: 4
[3567.822s][debug][gc,phases      ] GC(203)     Dead                           Min: 0, Avg:  0.0, Max: 0, Diff: 0, Sum: 0, Workers: 4
[3567.822s][debug][gc,phases      ] GC(203)     Total                          Min: 0, Avg: 11.2, Max: 45, Diff: 45, Sum: 45, Workers: 4
[3567.822s][debug][gc,phases      ] GC(203)   StringDedup Table Weak         Min:  0.0, Avg:  0.0, Max:  0.0, Diff:  0.0, Sum:  0.0, Workers: 4
[3567.823s][debug][gc,phases      ] GC(203)     Dead                           Min: 0, Avg:  0.0, Max: 0, Diff: 0, Sum: 0, Workers: 4
[3567.823s][debug][gc,phases      ] GC(203)     Total                          Min: 0, Avg:  0.0, Max: 0, Diff: 0, Sum: 0, Workers: 4
[3567.823s][debug][gc,phases      ] GC(203)   StringDedup Requests0 Weak     Min:  0.0, Avg:  0.0, Max:  0.0, Diff:  0.0, Sum:  0.0, Workers: 4
[3567.823s][debug][gc,phases      ] GC(203)     Dead                           Min: 0, Avg:  0.0, Max: 0, Diff: 0, Sum: 0, Workers: 4
[3567.823s][debug][gc,phases      ] GC(203)     Total                          Min: 0, Avg:  0.0, Max: 0, Diff: 0, Sum: 0, Workers: 4
[3567.823s][debug][gc,phases      ] GC(203)   StringDedup Requests1 Weak     Min:  0.0, Avg:  0.0, Max:  0.0, Diff:  0.0, Sum:  0.0, Workers: 4
[3567.823s][debug][gc,phases      ] GC(203)     Dead                           Min: 0, Avg:  0.0, Max: 0, Diff: 0, Sum: 0, Workers: 4
[3567.823s][debug][gc,phases      ] GC(203)     Total                          Min: 0, Avg:  0.0, Max: 0, Diff: 0, Sum: 0, Workers: 4
[3567.823s][debug][gc,phases      ] GC(203)   Weak JFR Old Object Samples    Min:  0.0, Avg:  0.0, Max:  0.0, Diff:  0.0, Sum:  0.0, Workers: 4
[3567.823s][debug][gc,phases      ] GC(203)     Dead                           Min: 0, Avg:  0.0, Max: 0, Diff: 0, Sum: 0, Workers: 4
[3567.823s][debug][gc,phases      ] GC(203)     Total                          Min: 0, Avg:  0.0, Max: 0, Diff: 0, Sum: 0, Workers: 4
[3567.823s][debug][gc,phases      ] GC(203) Weak Processing 0.388ms
[3567.823s][debug][gc,age         ] GC(203) Desired survivor size 207618048 bytes, new threshold 15 (max threshold 15)
[3567.823s][info ][gc,heap        ] GC(203) PSYoungGen: 1860145K(1883136K)->142993K(1837056K) Eden: 1693696K(1693696K)->0K(1693696K) From: 166449K(189440K)->142993K(143360K)
[3567.823s][info ][gc,heap        ] GC(203) ParOldGen: 737063K(877056K)->737319K(877056K)
[3567.823s][info ][gc,metaspace   ] GC(203) Metaspace: 85322K(86656K)->85322K(86656K) NonClass: 73332K(74048K)->73332K(74048K) Class: 11990K(12608K)->11990K(12608K)
[3567.823s][info ][gc             ] GC(203) Pause Young (Allocation Failure) 2536M->859M(2650M) 57.695ms
[3567.823s][info ][gc,cpu         ] GC(203) User=0.18s Sys=0.01s Real=0.06s
[3567.823s][info ][safepoint      ] Safepoint "ParallelGCFailedAllocation", Time since last: 1168257096 ns, Reaching safepoint: 93607 ns, At safepoint: 57776010 ns, Total: 57869617 ns
[3572.823s][info ][safepoint      ] Safepoint "Cleanup", Time since last: 5000342166 ns, Reaching safepoint: 52404 ns, At safepoint: 4200 ns, Total: 56604 ns
[3574.823s][info ][safepoint      ] Safepoint "Cleanup", Time since last: 2000116366 ns, Reaching safepoint: 111808 ns, At safepoint: 9001 ns, Total: 120809 ns
[3575.823s][info ][safepoint      ] Safepoint "Cleanup", Time since last: 1000099335 ns, Reaching safepoint: 43803 ns, At safepoint: 3101 ns, Total: 46904 ns
[3580.361s][info ][gc,start       ] GC(204) Pause Young (Allocation Failure)
[3580.402s][debug][gc,phases      ] GC(204) Scavenge 40.583ms
[3580.402s][debug][gc,ref         ] GC(204) Skipped phase 1 of Reference Processing: no references
[3580.402s][debug][gc,ref         ] GC(204) ReferenceProcessor::execute queues: 1, RefProcThreadModel::Single, marks_oops_alive: false
[3580.402s][debug][gc,ref         ] GC(204) Skipped phase 3 of Reference Processing: no references
[3580.402s][debug][gc,ref         ] GC(204) ReferenceProcessor::execute queues: 1, RefProcThreadModel::Single, marks_oops_alive: false
[3580.402s][debug][gc,phases      ] GC(204) Reference Processing 0.103ms
[3580.402s][debug][gc,phases      ] GC(204)   VM Weak                        Min:  0.0, Avg:  0.0, Max:  0.0, Diff:  0.0, Sum:  0.0, Workers: 4
[3580.402s][debug][gc,phases      ] GC(204)     Dead                           Min: 0, Avg:  0.0, Max: 0, Diff: 0, Sum: 0, Workers: 4
[3580.402s][debug][gc,phases      ] GC(204)     Total                          Min: 0, Avg: 200.0, Max: 564, Diff: 564, Sum: 800, Workers: 4
[3580.402s][debug][gc,phases      ] GC(204)   ObjectSynchronizer Weak        Min:  0.0, Avg:  0.0, Max:  0.0, Diff:  0.0, Sum:  0.0, Workers: 4
[3580.402s][debug][gc,phases      ] GC(204)     Dead                           Min: 0, Avg:  0.0, Max: 0, Diff: 0, Sum: 0, Workers: 4
[3580.402s][debug][gc,phases      ] GC(204)     Total                          Min: 0, Avg: 26.5, Max: 64, Diff: 64, Sum: 106, Workers: 4
[3580.402s][debug][gc,phases      ] GC(204)   JVMTI Tag Weak OopStorage      Min:  0.0, Avg:  0.0, Max:  0.0, Diff:  0.0, Sum:  0.0, Workers: 4
[3580.402s][debug][gc,phases      ] GC(204)     Dead                           Min: 0, Avg:  0.0, Max: 0, Diff: 0, Sum: 0, Workers: 4
[3580.402s][debug][gc,phases      ] GC(204)     Total                          Min: 0, Avg:  0.0, Max: 0, Diff: 0, Sum: 0, Workers: 4
[3580.402s][debug][gc,phases      ] GC(204)   StringTable Weak               Min:  0.0, Avg:  0.1, Max:  0.2, Diff:  0.2, Sum:  0.5, Workers: 4
[3580.402s][debug][gc,phases      ] GC(204)     Dead                           Min: 0, Avg:  0.0, Max: 0, Diff: 0, Sum: 0, Workers: 4
[3580.402s][debug][gc,phases      ] GC(204)     Total                          Min: 0, Avg: 11099.5, Max: 15104, Diff: 15104, Sum: 44398, Workers: 4
[3580.402s][debug][gc,phases      ] GC(204)   ResolvedMethodTable Weak       Min:  0.0, Avg:  0.0, Max:  0.0, Diff:  0.0, Sum:  0.1, Workers: 4
[3580.402s][debug][gc,phases      ] GC(204)     Dead                           Min: 0, Avg:  0.0, Max: 0, Diff: 0, Sum: 0, Workers: 4
[3580.402s][debug][gc,phases      ] GC(204)     Total                          Min: 0, Avg: 2572.2, Max: 3505, Diff: 3505, Sum: 10289, Workers: 4
[3580.402s][debug][gc,phases      ] GC(204)   JNI Weak                       Min:  0.0, Avg:  0.0, Max:  0.0, Diff:  0.0, Sum:  0.0, Workers: 4
[3580.402s][debug][gc,phases      ] GC(204)     Dead                           Min: 0, Avg:  0.0, Max: 0, Diff: 0, Sum: 0, Workers: 4
[3580.402s][debug][gc,phases      ] GC(204)     Total                          Min: 0, Avg: 11.2, Max: 45, Diff: 45, Sum: 45, Workers: 4
[3580.402s][debug][gc,phases      ] GC(204)   StringDedup Table Weak         Min:  0.0, Avg:  0.0, Max:  0.0, Diff:  0.0, Sum:  0.0, Workers: 4
[3580.402s][debug][gc,phases      ] GC(204)     Dead                           Min: 0, Avg:  0.0, Max: 0, Diff: 0, Sum: 0, Workers: 4
[3580.402s][debug][gc,phases      ] GC(204)     Total                          Min: 0, Avg:  0.0, Max: 0, Diff: 0, Sum: 0, Workers: 4
[3580.402s][debug][gc,phases      ] GC(204)   StringDedup Requests0 Weak     Min:  0.0, Avg:  0.0, Max:  0.0, Diff:  0.0, Sum:  0.0, Workers: 4
[3580.402s][debug][gc,phases      ] GC(204)     Dead                           Min: 0, Avg:  0.0, Max: 0, Diff: 0, Sum: 0, Workers: 4
[3580.402s][debug][gc,phases      ] GC(204)     Total                          Min: 0, Avg:  0.0, Max: 0, Diff: 0, Sum: 0, Workers: 4
[3580.403s][debug][gc,phases      ] GC(204)   StringDedup Requests1 Weak     Min:  0.0, Avg:  0.0, Max:  0.0, Diff:  0.0, Sum:  0.0, Workers: 4
[3580.403s][debug][gc,phases      ] GC(204)     Dead                           Min: 0, Avg:  0.0, Max: 0, Diff: 0, Sum: 0, Workers: 4
[3580.403s][debug][gc,phases      ] GC(204)     Total                          Min: 0, Avg:  0.0, Max: 0, Diff: 0, Sum: 0, Workers: 4
[3580.403s][debug][gc,phases      ] GC(204)   Weak JFR Old Object Samples    Min:  0.0, Avg:  0.0, Max:  0.0, Diff:  0.0, Sum:  0.0, Workers: 4
[3580.403s][debug][gc,phases      ] GC(204)     Dead                           Min: 0, Avg:  0.0, Max: 0, Diff: 0, Sum: 0, Workers: 4
[3580.403s][debug][gc,phases      ] GC(204)     Total                          Min: 0, Avg:  0.0, Max: 0, Diff: 0, Sum: 0, Workers: 4
[3580.403s][debug][gc,phases      ] GC(204) Weak Processing 0.388ms
[3580.403s][debug][gc,age         ] GC(204) Desired survivor size 201850880 bytes, new threshold 15 (max threshold 15)
[3580.403s][info ][gc,heap        ] GC(204) PSYoungGen: 1836689K(1837056K)->105155K(1900032K) Eden: 1693696K(1693696K)->0K(1697280K) From: 142993K(143360K)->105155K(202752K)
[3580.403s][info ][gc,heap        ] GC(204) ParOldGen: 737319K(877056K)->737592K(877056K)
[3580.403s][info ][gc,metaspace   ] GC(204) Metaspace: 85330K(86656K)->85330K(86656K) NonClass: 73339K(74048K)->73339K(74048K) Class: 11990K(12608K)->11990K(12608K)
[3580.403s][info ][gc             ] GC(204) Pause Young (Allocation Failure) 2513M->822M(2712M) 41.210ms
[3580.403s][info ][gc,cpu         ] GC(204) User=0.14s Sys=0.00s Real=0.04s
[3580.403s][info ][safepoint      ] Safepoint "ParallelGCFailedAllocation", Time since last: 4537861272 ns, Reaching safepoint: 44404 ns, At safepoint: 41295237 ns, Total: 41339641 ns
[3583.403s][info ][safepoint      ] Safepoint "Cleanup", Time since last: 3000229703 ns, Reaching safepoint: 103808 ns, At safepoint: 7800 ns, Total: 111608 ns
[3590.404s][info ][safepoint      ] Safepoint "Cleanup", Time since last: 7000536843 ns, Reaching safepoint: 123809 ns, At safepoint: 8100 ns, Total: 131909 ns
[3592.404s][info ][safepoint      ] Safepoint "Cleanup", Time since last: 2000191473 ns, Reaching safepoint: 112808 ns, At safepoint: 21901 ns, Total: 134709 ns
[3593.404s][info ][safepoint      ] Safepoint "Cleanup", Time since last: 1000097136 ns, Reaching safepoint: 114109 ns, At safepoint: 6900 ns, Total: 121009 ns
[3594.404s][info ][safepoint      ] Safepoint "Cleanup", Time since last: 1000122338 ns, Reaching safepoint: 115308 ns, At safepoint: 5801 ns, Total: 121109 ns
[3595.405s][info ][safepoint      ] Safepoint "Cleanup", Time since last: 1000121738 ns, Reaching safepoint: 114708 ns, At safepoint: 8501 ns, Total: 123209 ns
[3595.862s][info ][gc,start       ] GC(205) Pause Young (Allocation Failure)
[3595.900s][debug][gc,phases      ] GC(205) Scavenge 38.172ms
[3595.900s][debug][gc,ref         ] GC(205) Skipped phase 1 of Reference Processing: no references
[3595.900s][debug][gc,ref         ] GC(205) ReferenceProcessor::execute queues: 1, RefProcThreadModel::Single, marks_oops_alive: false
[3595.900s][debug][gc,ref         ] GC(205) Skipped phase 3 of Reference Processing: no references
[3595.900s][debug][gc,ref         ] GC(205) ReferenceProcessor::execute queues: 1, RefProcThreadModel::Single, marks_oops_alive: false
[3595.900s][debug][gc,phases      ] GC(205) Reference Processing 0.101ms
[3595.900s][debug][gc,phases      ] GC(205)   VM Weak                        Min:  0.0, Avg:  0.0, Max:  0.0, Diff:  0.0, Sum:  0.0, Workers: 4
[3595.900s][debug][gc,phases      ] GC(205)     Dead                           Min: 0, Avg:  0.0, Max: 0, Diff: 0, Sum: 0, Workers: 4
[3595.900s][debug][gc,phases      ] GC(205)     Total                          Min: 0, Avg: 200.0, Max: 370, Diff: 370, Sum: 800, Workers: 4
[3595.900s][debug][gc,phases      ] GC(205)   ObjectSynchronizer Weak        Min:  0.0, Avg:  0.0, Max:  0.0, Diff:  0.0, Sum:  0.0, Workers: 4
[3595.900s][debug][gc,phases      ] GC(205)     Dead                           Min: 0, Avg:  0.0, Max: 0, Diff: 0, Sum: 0, Workers: 4
[3595.900s][debug][gc,phases      ] GC(205)     Total                          Min: 0, Avg: 26.5, Max: 64, Diff: 64, Sum: 106, Workers: 4
[3595.900s][debug][gc,phases      ] GC(205)   JVMTI Tag Weak OopStorage      Min:  0.0, Avg:  0.0, Max:  0.0, Diff:  0.0, Sum:  0.0, Workers: 4
[3595.900s][debug][gc,phases      ] GC(205)     Dead                           Min: 0, Avg:  0.0, Max: 0, Diff: 0, Sum: 0, Workers: 4
[3595.900s][debug][gc,phases      ] GC(205)     Total                          Min: 0, Avg:  0.0, Max: 0, Diff: 0, Sum: 0, Workers: 4
[3595.900s][debug][gc,phases      ] GC(205)   StringTable Weak               Min:  0.0, Avg:  0.1, Max:  0.1, Diff:  0.1, Sum:  0.4, Workers: 4
[3595.900s][debug][gc,phases      ] GC(205)     Dead                           Min: 0, Avg:  0.0, Max: 0, Diff: 0, Sum: 0, Workers: 4
[3595.900s][debug][gc,phases      ] GC(205)     Total                          Min: 0, Avg: 11099.5, Max: 15294, Diff: 15294, Sum: 44398, Workers: 4
[3595.900s][debug][gc,phases      ] GC(205)   ResolvedMethodTable Weak       Min:  0.0, Avg:  0.0, Max:  0.0, Diff:  0.0, Sum:  0.1, Workers: 4
[3595.900s][debug][gc,phases      ] GC(205)     Dead                           Min: 0, Avg:  0.0, Max: 0, Diff: 0, Sum: 0, Workers: 4
[3595.900s][debug][gc,phases      ] GC(205)     Total                          Min: 0, Avg: 2572.2, Max: 3840, Diff: 3840, Sum: 10289, Workers: 4
[3595.900s][debug][gc,phases      ] GC(205)   JNI Weak                       Min:  0.0, Avg:  0.0, Max:  0.0, Diff:  0.0, Sum:  0.0, Workers: 4
[3595.900s][debug][gc,phases      ] GC(205)     Dead                           Min: 0, Avg:  0.0, Max: 0, Diff: 0, Sum: 0, Workers: 4
[3595.900s][debug][gc,phases      ] GC(205)     Total                          Min: 0, Avg: 11.2, Max: 45, Diff: 45, Sum: 45, Workers: 4
[3595.900s][debug][gc,phases      ] GC(205)   StringDedup Table Weak         Min:  0.0, Avg:  0.0, Max:  0.0, Diff:  0.0, Sum:  0.0, Workers: 4
[3595.900s][debug][gc,phases      ] GC(205)     Dead                           Min: 0, Avg:  0.0, Max: 0, Diff: 0, Sum: 0, Workers: 4
[3595.900s][debug][gc,phases      ] GC(205)     Total                          Min: 0, Avg:  0.0, Max: 0, Diff: 0, Sum: 0, Workers: 4
[3595.900s][debug][gc,phases      ] GC(205)   StringDedup Requests0 Weak     Min:  0.0, Avg:  0.0, Max:  0.0, Diff:  0.0, Sum:  0.0, Workers: 4
[3595.900s][debug][gc,phases      ] GC(205)     Dead                           Min: 0, Avg:  0.0, Max: 0, Diff: 0, Sum: 0, Workers: 4
[3595.900s][debug][gc,phases      ] GC(205)     Total                          Min: 0, Avg:  0.0, Max: 0, Diff: 0, Sum: 0, Workers: 4
[3595.900s][debug][gc,phases      ] GC(205)   StringDedup Requests1 Weak     Min:  0.0, Avg:  0.0, Max:  0.0, Diff:  0.0, Sum:  0.0, Workers: 4
[3595.900s][debug][gc,phases      ] GC(205)     Dead                           Min: 0, Avg:  0.0, Max: 0, Diff: 0, Sum: 0, Workers: 4
[3595.900s][debug][gc,phases      ] GC(205)     Total                          Min: 0, Avg:  0.0, Max: 0, Diff: 0, Sum: 0, Workers: 4
[3595.900s][debug][gc,phases      ] GC(205)   Weak JFR Old Object Samples    Min:  0.0, Avg:  0.0, Max:  0.0, Diff:  0.0, Sum:  0.0, Workers: 4
[3595.900s][debug][gc,phases      ] GC(205)     Dead                           Min: 0, Avg:  0.0, Max: 0, Diff: 0, Sum: 0, Workers: 4
[3595.900s][debug][gc,phases      ] GC(205)     Total                          Min: 0, Avg:  0.0, Max: 0, Diff: 0, Sum: 0, Workers: 4
[3595.900s][debug][gc,phases      ] GC(205) Weak Processing 0.355ms
[3595.900s][debug][gc,age         ] GC(205) Desired survivor size 196608000 bytes, new threshold 15 (max threshold 15)
[3595.900s][info ][gc,heap        ] GC(205) PSYoungGen: 1802435K(1900032K)->101956K(1894400K) Eden: 1697280K(1697280K)->0K(1697280K) From: 105155K(202752K)->101956K(197120K)
[3595.900s][info ][gc,heap        ] GC(205) ParOldGen: 737592K(877056K)->737748K(877056K)
[3595.900s][info ][gc,metaspace   ] GC(205) Metaspace: 85331K(86656K)->85331K(86656K) NonClass: 73340K(74048K)->73340K(74048K) Class: 11990K(12608K)->11990K(12608K)
[3595.900s][info ][gc             ] GC(205) Pause Young (Allocation Failure) 2480M->820M(2706M) 38.757ms
[3595.900s][info ][gc,cpu         ] GC(205) User=0.13s Sys=0.00s Real=0.04s
[3595.901s][info ][safepoint      ] Safepoint "ParallelGCFailedAllocation", Time since last: 456903499 ns, Reaching safepoint: 105608 ns, At safepoint: 38839262 ns, Total: 38944870 ns
[3607.901s][info ][safepoint      ] Safepoint "Cleanup", Time since last: 12000858419 ns, Reaching safepoint: 111008 ns, At safepoint: 8001 ns, Total: 119009 ns
[3610.902s][info ][safepoint      ] Safepoint "Cleanup", Time since last: 3000275210 ns, Reaching safepoint: 117508 ns, At safepoint: 3700 ns, Total: 121208 ns
[3611.697s][info ][gc,start       ] GC(206) Pause Young (Allocation Failure)
[3611.736s][debug][gc,phases      ] GC(206) Scavenge 38.301ms
[3611.736s][debug][gc,ref         ] GC(206) Skipped phase 1 of Reference Processing: no references
[3611.736s][debug][gc,ref         ] GC(206) ReferenceProcessor::execute queues: 1, RefProcThreadModel::Single, marks_oops_alive: false
[3611.736s][debug][gc,ref         ] GC(206) Skipped phase 3 of Reference Processing: no references
[3611.736s][debug][gc,ref         ] GC(206) ReferenceProcessor::execute queues: 1, RefProcThreadModel::Single, marks_oops_alive: false
[3611.736s][debug][gc,phases      ] GC(206) Reference Processing 0.136ms
[3611.736s][debug][gc,phases      ] GC(206)   VM Weak                        Min:  0.0, Avg:  0.0, Max:  0.0, Diff:  0.0, Sum:  0.0, Workers: 4
[3611.736s][debug][gc,phases      ] GC(206)     Dead                           Min: 0, Avg:  0.0, Max: 0, Diff: 0, Sum: 0, Workers: 4
[3611.736s][debug][gc,phases      ] GC(206)     Total                          Min: 0, Avg: 200.0, Max: 737, Diff: 737, Sum: 800, Workers: 4
[3611.736s][debug][gc,phases      ] GC(206)   ObjectSynchronizer Weak        Min:  0.0, Avg:  0.0, Max:  0.0, Diff:  0.0, Sum:  0.0, Workers: 4
[3611.736s][debug][gc,phases      ] GC(206)     Dead                           Min: 0, Avg:  0.0, Max: 0, Diff: 0, Sum: 0, Workers: 4
[3611.736s][debug][gc,phases      ] GC(206)     Total                          Min: 0, Avg: 26.5, Max: 64, Diff: 64, Sum: 106, Workers: 4
[3611.736s][debug][gc,phases      ] GC(206)   JVMTI Tag Weak OopStorage      Min:  0.0, Avg:  0.0, Max:  0.0, Diff:  0.0, Sum:  0.0, Workers: 4
[3611.736s][debug][gc,phases      ] GC(206)     Dead                           Min: 0, Avg:  0.0, Max: 0, Diff: 0, Sum: 0, Workers: 4
[3611.736s][debug][gc,phases      ] GC(206)     Total                          Min: 0, Avg:  0.0, Max: 0, Diff: 0, Sum: 0, Workers: 4
[3611.736s][debug][gc,phases      ] GC(206)   StringTable Weak               Min:  0.1, Avg:  0.1, Max:  0.1, Diff:  0.0, Sum:  0.5, Workers: 4
[3611.736s][debug][gc,phases      ] GC(206)     Dead                           Min: 0, Avg:  0.0, Max: 0, Diff: 0, Sum: 0, Workers: 4
[3611.736s][debug][gc,phases      ] GC(206)     Total                          Min: 10175, Avg: 11099.5, Max: 11889, Diff: 1714, Sum: 44398, Workers: 4
[3611.736s][debug][gc,phases      ] GC(206)   ResolvedMethodTable Weak       Min:  0.0, Avg:  0.0, Max:  0.0, Diff:  0.0, Sum:  0.1, Workers: 4
[3611.736s][debug][gc,phases      ] GC(206)     Dead                           Min: 0, Avg:  0.0, Max: 0, Diff: 0, Sum: 0, Workers: 4
[3611.736s][debug][gc,phases      ] GC(206)     Total                          Min: 2304, Avg: 2572.2, Max: 3057, Diff: 753, Sum: 10289, Workers: 4
[3611.736s][debug][gc,phases      ] GC(206)   JNI Weak                       Min:  0.0, Avg:  0.0, Max:  0.0, Diff:  0.0, Sum:  0.0, Workers: 4
[3611.736s][debug][gc,phases      ] GC(206)     Dead                           Min: 0, Avg:  0.0, Max: 0, Diff: 0, Sum: 0, Workers: 4
[3611.736s][debug][gc,phases      ] GC(206)     Total                          Min: 0, Avg: 11.2, Max: 45, Diff: 45, Sum: 45, Workers: 4
[3611.736s][debug][gc,phases      ] GC(206)   StringDedup Table Weak         Min:  0.0, Avg:  0.0, Max:  0.0, Diff:  0.0, Sum:  0.0, Workers: 4
[3611.736s][debug][gc,phases      ] GC(206)     Dead                           Min: 0, Avg:  0.0, Max: 0, Diff: 0, Sum: 0, Workers: 4
[3611.736s][debug][gc,phases      ] GC(206)     Total                          Min: 0, Avg:  0.0, Max: 0, Diff: 0, Sum: 0, Workers: 4
[3611.736s][debug][gc,phases      ] GC(206)   StringDedup Requests0 Weak     Min:  0.0, Avg:  0.0, Max:  0.0, Diff:  0.0, Sum:  0.0, Workers: 4
[3611.736s][debug][gc,phases      ] GC(206)     Dead                           Min: 0, Avg:  0.0, Max: 0, Diff: 0, Sum: 0, Workers: 4
[3611.736s][debug][gc,phases      ] GC(206)     Total                          Min: 0, Avg:  0.0, Max: 0, Diff: 0, Sum: 0, Workers: 4
[3611.736s][debug][gc,phases      ] GC(206)   StringDedup Requests1 Weak     Min:  0.0, Avg:  0.0, Max:  0.0, Diff:  0.0, Sum:  0.0, Workers: 4
[3611.736s][debug][gc,phases      ] GC(206)     Dead                           Min: 0, Avg:  0.0, Max: 0, Diff: 0, Sum: 0, Workers: 4
[3611.736s][debug][gc,phases      ] GC(206)     Total                          Min: 0, Avg:  0.0, Max: 0, Diff: 0, Sum: 0, Workers: 4
[3611.736s][debug][gc,phases      ] GC(206)   Weak JFR Old Object Samples    Min:  0.0, Avg:  0.0, Max:  0.0, Diff:  0.0, Sum:  0.0, Workers: 4
[3611.736s][debug][gc,phases      ] GC(206)     Dead                           Min: 0, Avg:  0.0, Max: 0, Diff: 0, Sum: 0, Workers: 4
[3611.736s][debug][gc,phases      ] GC(206)     Total                          Min: 0, Avg:  0.0, Max: 0, Diff: 0, Sum: 0, Workers: 4
[3611.736s][debug][gc,phases      ] GC(206) Weak Processing 0.324ms
[3611.736s][debug][gc,age         ] GC(206) Desired survivor size 191889408 bytes, new threshold 15 (max threshold 15)
[3611.736s][info ][gc,heap        ] GC(206) PSYoungGen: 1799236K(1894400K)->102964K(1909760K) Eden: 1697280K(1697280K)->0K(1717760K) From: 101956K(197120K)->102964K(192000K)
[3611.736s][info ][gc,heap        ] GC(206) ParOldGen: 737748K(877056K)->738108K(877056K)
[3611.736s][info ][gc,metaspace   ] GC(206) Metaspace: 85333K(86656K)->85333K(86656K) NonClass: 73342K(74048K)->73342K(74048K) Class: 11990K(12608K)->11990K(12608K)
[3611.736s][info ][gc             ] GC(206) Pause Young (Allocation Failure) 2477M->821M(2721M) 38.896ms
[3611.736s][info ][gc,cpu         ] GC(206) User=0.14s Sys=0.00s Real=0.04s
[3611.736s][info ][safepoint      ] Safepoint "ParallelGCFailedAllocation", Time since last: 795304170 ns, Reaching safepoint: 109108 ns, At safepoint: 38981273 ns, Total: 39090381 ns
[3617.737s][info ][safepoint      ] Safepoint "Cleanup", Time since last: 6000382109 ns, Reaching safepoint: 36703 ns, At safepoint: 3300 ns, Total: 40003 ns
[3620.737s][info ][safepoint      ] Safepoint "Cleanup", Time since last: 3000257910 ns, Reaching safepoint: 74205 ns, At safepoint: 4901 ns, Total: 79106 ns
[3627.938s][info ][gc,start       ] GC(207) Pause Young (Allocation Failure)
[3628.054s][debug][gc,phases      ] GC(207) Scavenge 116.098ms
[3628.054s][debug][gc,ref         ] GC(207) Skipped phase 1 of Reference Processing: no references
[3628.054s][debug][gc,ref         ] GC(207) ReferenceProcessor::execute queues: 1, RefProcThreadModel::Single, marks_oops_alive: false
[3628.054s][debug][gc,ref         ] GC(207) Skipped phase 3 of Reference Processing: no references
[3628.054s][debug][gc,ref         ] GC(207) ReferenceProcessor::execute queues: 1, RefProcThreadModel::Single, marks_oops_alive: false
[3628.054s][debug][gc,phases      ] GC(207) Reference Processing 0.122ms
[3628.055s][debug][gc,phases      ] GC(207)   VM Weak                        Min:  0.0, Avg:  0.0, Max:  0.0, Diff:  0.0, Sum:  0.0, Workers: 4
[3628.055s][debug][gc,phases      ] GC(207)     Dead                           Min: 0, Avg:  0.0, Max: 0, Diff: 0, Sum: 0, Workers: 4
[3628.055s][debug][gc,phases      ] GC(207)     Total                          Min: 0, Avg: 200.0, Max: 513, Diff: 513, Sum: 800, Workers: 4
[3628.055s][debug][gc,phases      ] GC(207)   ObjectSynchronizer Weak        Min:  0.0, Avg:  0.0, Max:  0.0, Diff:  0.0, Sum:  0.0, Workers: 4
[3628.055s][debug][gc,phases      ] GC(207)     Dead                           Min: 0, Avg:  0.0, Max: 0, Diff: 0, Sum: 0, Workers: 4
[3628.055s][debug][gc,phases      ] GC(207)     Total                          Min: 0, Avg: 26.5, Max: 64, Diff: 64, Sum: 106, Workers: 4
[3628.055s][debug][gc,phases      ] GC(207)   JVMTI Tag Weak OopStorage      Min:  0.0, Avg:  0.0, Max:  0.0, Diff:  0.0, Sum:  0.0, Workers: 4
[3628.055s][debug][gc,phases      ] GC(207)     Dead                           Min: 0, Avg:  0.0, Max: 0, Diff: 0, Sum: 0, Workers: 4
[3628.055s][debug][gc,phases      ] GC(207)     Total                          Min: 0, Avg:  0.0, Max: 0, Diff: 0, Sum: 0, Workers: 4
[3628.055s][debug][gc,phases      ] GC(207)   StringTable Weak               Min:  0.0, Avg:  0.1, Max:  0.2, Diff:  0.2, Sum:  0.4, Workers: 4
[3628.055s][debug][gc,phases      ] GC(207)     Dead                           Min: 0, Avg:  0.2, Max: 1, Diff: 1, Sum: 1, Workers: 4
[3628.055s][debug][gc,phases      ] GC(207)     Total                          Min: 0, Avg: 11099.8, Max: 22704, Diff: 22704, Sum: 44399, Workers: 4
[3628.055s][debug][gc,phases      ] GC(207)   ResolvedMethodTable Weak       Min:  0.0, Avg:  0.0, Max:  0.0, Diff:  0.0, Sum:  0.1, Workers: 4
[3628.055s][debug][gc,phases      ] GC(207)     Dead                           Min: 0, Avg:  0.0, Max: 0, Diff: 0, Sum: 0, Workers: 4
[3628.055s][debug][gc,phases      ] GC(207)     Total                          Min: 0, Avg: 2572.8, Max: 5555, Diff: 5555, Sum: 10291, Workers: 4
[3628.055s][debug][gc,phases      ] GC(207)   JNI Weak                       Min:  0.0, Avg:  0.0, Max:  0.0, Diff:  0.0, Sum:  0.0, Workers: 4
[3628.055s][debug][gc,phases      ] GC(207)     Dead                           Min: 0, Avg:  0.0, Max: 0, Diff: 0, Sum: 0, Workers: 4
[3628.055s][debug][gc,phases      ] GC(207)     Total                          Min: 0, Avg: 11.2, Max: 45, Diff: 45, Sum: 45, Workers: 4
[3628.055s][debug][gc,phases      ] GC(207)   StringDedup Table Weak         Min:  0.0, Avg:  0.0, Max:  0.0, Diff:  0.0, Sum:  0.0, Workers: 4
[3628.055s][debug][gc,phases      ] GC(207)     Dead                           Min: 0, Avg:  0.0, Max: 0, Diff: 0, Sum: 0, Workers: 4
[3628.055s][debug][gc,phases      ] GC(207)     Total                          Min: 0, Avg:  0.0, Max: 0, Diff: 0, Sum: 0, Workers: 4
[3628.055s][debug][gc,phases      ] GC(207)   StringDedup Requests0 Weak     Min:  0.0, Avg:  0.0, Max:  0.0, Diff:  0.0, Sum:  0.0, Workers: 4
[3628.055s][debug][gc,phases      ] GC(207)     Dead                           Min: 0, Avg:  0.0, Max: 0, Diff: 0, Sum: 0, Workers: 4
[3628.055s][debug][gc,phases      ] GC(207)     Total                          Min: 0, Avg:  0.0, Max: 0, Diff: 0, Sum: 0, Workers: 4
[3628.055s][debug][gc,phases      ] GC(207)   StringDedup Requests1 Weak     Min:  0.0, Avg:  0.0, Max:  0.0, Diff:  0.0, Sum:  0.0, Workers: 4
[3628.055s][debug][gc,phases      ] GC(207)     Dead                           Min: 0, Avg:  0.0, Max: 0, Diff: 0, Sum: 0, Workers: 4
[3628.055s][debug][gc,phases      ] GC(207)     Total                          Min: 0, Avg:  0.0, Max: 0, Diff: 0, Sum: 0, Workers: 4
[3628.055s][debug][gc,phases      ] GC(207)   Weak JFR Old Object Samples    Min:  0.0, Avg:  0.0, Max:  0.0, Diff:  0.0, Sum:  0.0, Workers: 4
[3628.055s][debug][gc,phases      ] GC(207)     Dead                           Min: 0, Avg:  0.0, Max: 0, Diff: 0, Sum: 0, Workers: 4
[3628.055s][debug][gc,phases      ] GC(207)     Total                          Min: 0, Avg:  0.0, Max: 0, Diff: 0, Sum: 0, Workers: 4
[3628.055s][debug][gc,phases      ] GC(207) Weak Processing 0.487ms
[3628.055s][debug][gc,age         ] GC(207) Desired survivor size 186646528 bytes, new threshold 15 (max threshold 15)
[3628.055s][info ][gc,heap        ] GC(207) PSYoungGen: 1820724K(1909760K)->102405K(1905152K) Eden: 1717760K(1717760K)->0K(1717760K) From: 102964K(192000K)->102405K(187392K)
[3628.055s][info ][gc,heap        ] GC(207) ParOldGen: 738108K(877056K)->738364K(877056K)
[3628.055s][info ][gc,metaspace   ] GC(207) Metaspace: 85365K(86656K)->85365K(86656K) NonClass: 73374K(74048K)->73374K(74048K) Class: 11991K(12608K)->11991K(12608K)
[3628.055s][info ][gc             ] GC(207) Pause Young (Allocation Failure) 2498M->821M(2717M) 116.854ms
[3628.055s][info ][gc,cpu         ] GC(207) User=0.13s Sys=0.00s Real=0.12s
[3628.055s][info ][safepoint      ] Safepoint "ParallelGCFailedAllocation", Time since last: 7201059616 ns, Reaching safepoint: 38203 ns, At safepoint: 116941618 ns, Total: 116979821 ns
[3632.056s][info ][safepoint      ] Safepoint "Cleanup", Time since last: 4000303345 ns, Reaching safepoint: 118109 ns, At safepoint: 7400 ns, Total: 125509 ns
[3636.056s][info ][safepoint      ] Safepoint "Cleanup", Time since last: 4000332748 ns, Reaching safepoint: 125209 ns, At safepoint: 7901 ns, Total: 133110 ns
[3646.047s][info ][gc,start       ] GC(208) Pause Young (Allocation Failure)
[3646.085s][debug][gc,phases      ] GC(208) Scavenge 38.103ms
[3646.086s][debug][gc,ref         ] GC(208) Skipped phase 1 of Reference Processing: no references
[3646.086s][debug][gc,ref         ] GC(208) ReferenceProcessor::execute queues: 1, RefProcThreadModel::Single, marks_oops_alive: false
[3646.086s][debug][gc,ref         ] GC(208) Skipped phase 3 of Reference Processing: no references
[3646.086s][debug][gc,ref         ] GC(208) ReferenceProcessor::execute queues: 1, RefProcThreadModel::Single, marks_oops_alive: false
[3646.086s][debug][gc,phases      ] GC(208) Reference Processing 0.130ms
[3646.086s][debug][gc,phases      ] GC(208)   VM Weak                        Min:  0.0, Avg:  0.0, Max:  0.0, Diff:  0.0, Sum:  0.0, Workers: 4
[3646.086s][debug][gc,phases      ] GC(208)     Dead                           Min: 0, Avg:  0.0, Max: 0, Diff: 0, Sum: 0, Workers: 4
[3646.086s][debug][gc,phases      ] GC(208)     Total                          Min: 0, Avg: 200.0, Max: 375, Diff: 375, Sum: 800, Workers: 4
[3646.086s][debug][gc,phases      ] GC(208)   ObjectSynchronizer Weak        Min:  0.0, Avg:  0.0, Max:  0.0, Diff:  0.0, Sum:  0.0, Workers: 4
[3646.086s][debug][gc,phases      ] GC(208)     Dead                           Min: 0, Avg:  0.0, Max: 0, Diff: 0, Sum: 0, Workers: 4
[3646.086s][debug][gc,phases      ] GC(208)     Total                          Min: 0, Avg: 26.5, Max: 64, Diff: 64, Sum: 106, Workers: 4
[3646.086s][debug][gc,phases      ] GC(208)   JVMTI Tag Weak OopStorage      Min:  0.0, Avg:  0.0, Max:  0.0, Diff:  0.0, Sum:  0.0, Workers: 4
[3646.086s][debug][gc,phases      ] GC(208)     Dead                           Min: 0, Avg:  0.0, Max: 0, Diff: 0, Sum: 0, Workers: 4
[3646.086s][debug][gc,phases      ] GC(208)     Total                          Min: 0, Avg:  0.0, Max: 0, Diff: 0, Sum: 0, Workers: 4
[3646.086s][debug][gc,phases      ] GC(208)   StringTable Weak               Min:  0.1, Avg:  0.1, Max:  0.1, Diff:  0.0, Sum:  0.5, Workers: 4
[3646.086s][debug][gc,phases      ] GC(208)     Dead                           Min: 0, Avg:  0.0, Max: 0, Diff: 0, Sum: 0, Workers: 4
[3646.086s][debug][gc,phases      ] GC(208)     Total                          Min: 5312, Avg: 11099.8, Max: 13553, Diff: 8241, Sum: 44399, Workers: 4
[3646.086s][debug][gc,phases      ] GC(208)   ResolvedMethodTable Weak       Min:  0.0, Avg:  0.0, Max:  0.0, Diff:  0.0, Sum:  0.1, Workers: 4
[3646.086s][debug][gc,phases      ] GC(208)     Dead                           Min: 0, Avg:  0.0, Max: 0, Diff: 0, Sum: 0, Workers: 4
[3646.086s][debug][gc,phases      ] GC(208)     Total                          Min: 2368, Avg: 2572.8, Max: 2803, Diff: 435, Sum: 10291, Workers: 4
[3646.086s][debug][gc,phases      ] GC(208)   JNI Weak                       Min:  0.0, Avg:  0.0, Max:  0.0, Diff:  0.0, Sum:  0.0, Workers: 4
[3646.086s][debug][gc,phases      ] GC(208)     Dead                           Min: 0, Avg:  0.0, Max: 0, Diff: 0, Sum: 0, Workers: 4
[3646.086s][debug][gc,phases      ] GC(208)     Total                          Min: 0, Avg: 11.2, Max: 45, Diff: 45, Sum: 45, Workers: 4
[3646.086s][debug][gc,phases      ] GC(208)   StringDedup Table Weak         Min:  0.0, Avg:  0.0, Max:  0.0, Diff:  0.0, Sum:  0.0, Workers: 4
[3646.086s][debug][gc,phases      ] GC(208)     Dead                           Min: 0, Avg:  0.0, Max: 0, Diff: 0, Sum: 0, Workers: 4
[3646.086s][debug][gc,phases      ] GC(208)     Total                          Min: 0, Avg:  0.0, Max: 0, Diff: 0, Sum: 0, Workers: 4
[3646.086s][debug][gc,phases      ] GC(208)   StringDedup Requests0 Weak     Min:  0.0, Avg:  0.0, Max:  0.0, Diff:  0.0, Sum:  0.0, Workers: 4
[3646.086s][debug][gc,phases      ] GC(208)     Dead                           Min: 0, Avg:  0.0, Max: 0, Diff: 0, Sum: 0, Workers: 4
[3646.086s][debug][gc,phases      ] GC(208)     Total                          Min: 0, Avg:  0.0, Max: 0, Diff: 0, Sum: 0, Workers: 4
[3646.086s][debug][gc,phases      ] GC(208)   StringDedup Requests1 Weak     Min:  0.0, Avg:  0.0, Max:  0.0, Diff:  0.0, Sum:  0.0, Workers: 4
[3646.086s][debug][gc,phases      ] GC(208)     Dead                           Min: 0, Avg:  0.0, Max: 0, Diff: 0, Sum: 0, Workers: 4
[3646.086s][debug][gc,phases      ] GC(208)     Total                          Min: 0, Avg:  0.0, Max: 0, Diff: 0, Sum: 0, Workers: 4
[3646.086s][debug][gc,phases      ] GC(208)   Weak JFR Old Object Samples    Min:  0.0, Avg:  0.0, Max:  0.0, Diff:  0.0, Sum:  0.0, Workers: 4
[3646.086s][debug][gc,phases      ] GC(208)     Dead                           Min: 0, Avg:  0.0, Max: 0, Diff: 0, Sum: 0, Workers: 4
[3646.086s][debug][gc,phases      ] GC(208)     Total                          Min: 0, Avg:  0.0, Max: 0, Diff: 0, Sum: 0, Workers: 4
[3646.086s][debug][gc,phases      ] GC(208) Weak Processing 0.349ms
[3646.086s][debug][gc,age         ] GC(208) Desired survivor size 181927936 bytes, new threshold 15 (max threshold 15)
[3646.086s][info ][gc,heap        ] GC(208) PSYoungGen: 1820165K(1905152K)->102085K(1919488K) Eden: 1717760K(1717760K)->0K(1737216K) From: 102405K(187392K)->102085K(182272K)
[3646.086s][info ][gc,heap        ] GC(208) ParOldGen: 738364K(877056K)->739400K(877056K)
[3646.086s][info ][gc,metaspace   ] GC(208) Metaspace: 85366K(86656K)->85366K(86656K) NonClass: 73375K(74048K)->73375K(74048K) Class: 11991K(12608K)->11991K(12608K)
[3646.086s][info ][gc             ] GC(208) Pause Young (Allocation Failure) 2498M->821M(2731M) 38.719ms
[3646.086s][info ][gc,cpu         ] GC(208) User=0.12s Sys=0.00s Real=0.04s
[3646.086s][info ][safepoint      ] Safepoint "ParallelGCFailedAllocation", Time since last: 9991284993 ns, Reaching safepoint: 33403 ns, At safepoint: 38807860 ns, Total: 38841263 ns
[3665.087s][info ][safepoint      ] Safepoint "Cleanup", Time since last: 19001233394 ns, Reaching safepoint: 38503 ns, At safepoint: 2700 ns, Total: 41203 ns
[3665.157s][info ][gc,start       ] GC(209) Pause Young (Allocation Failure)
[3665.195s][debug][gc,phases      ] GC(209) Scavenge 37.479ms
[3665.195s][debug][gc,ref         ] GC(209) Skipped phase 1 of Reference Processing: no references
[3665.195s][debug][gc,ref         ] GC(209) ReferenceProcessor::execute queues: 1, RefProcThreadModel::Single, marks_oops_alive: false
[3665.195s][debug][gc,ref         ] GC(209) Skipped phase 3 of Reference Processing: no references
[3665.195s][debug][gc,ref         ] GC(209) ReferenceProcessor::execute queues: 1, RefProcThreadModel::Single, marks_oops_alive: false
[3665.195s][debug][gc,phases      ] GC(209) Reference Processing 0.104ms
[3665.196s][debug][gc,phases      ] GC(209)   VM Weak                        Min:  0.0, Avg:  0.0, Max:  0.0, Diff:  0.0, Sum:  0.0, Workers: 4
[3665.196s][debug][gc,phases      ] GC(209)     Dead                           Min: 0, Avg:  0.0, Max: 0, Diff: 0, Sum: 0, Workers: 4
[3665.196s][debug][gc,phases      ] GC(209)     Total                          Min: 0, Avg: 200.0, Max: 420, Diff: 420, Sum: 800, Workers: 4
[3665.196s][debug][gc,phases      ] GC(209)   ObjectSynchronizer Weak        Min:  0.0, Avg:  0.0, Max:  0.0, Diff:  0.0, Sum:  0.0, Workers: 4
[3665.196s][debug][gc,phases      ] GC(209)     Dead                           Min: 0, Avg:  0.0, Max: 0, Diff: 0, Sum: 0, Workers: 4
[3665.196s][debug][gc,phases      ] GC(209)     Total                          Min: 0, Avg: 26.5, Max: 64, Diff: 64, Sum: 106, Workers: 4
[3665.196s][debug][gc,phases      ] GC(209)   JVMTI Tag Weak OopStorage      Min:  0.0, Avg:  0.0, Max:  0.0, Diff:  0.0, Sum:  0.0, Workers: 4
[3665.196s][debug][gc,phases      ] GC(209)     Dead                           Min: 0, Avg:  0.0, Max: 0, Diff: 0, Sum: 0, Workers: 4
[3665.196s][debug][gc,phases      ] GC(209)     Total                          Min: 0, Avg:  0.0, Max: 0, Diff: 0, Sum: 0, Workers: 4
[3665.196s][debug][gc,phases      ] GC(209)   StringTable Weak               Min:  0.0, Avg:  0.1, Max:  0.2, Diff:  0.2, Sum:  0.4, Workers: 4
[3665.196s][debug][gc,phases      ] GC(209)     Dead                           Min: 0, Avg:  0.0, Max: 0, Diff: 0, Sum: 0, Workers: 4
[3665.196s][debug][gc,phases      ] GC(209)     Total                          Min: 0, Avg: 11099.8, Max: 22641, Diff: 22641, Sum: 44399, Workers: 4
[3665.196s][debug][gc,phases      ] GC(209)   ResolvedMethodTable Weak       Min:  0.0, Avg:  0.0, Max:  0.1, Diff:  0.1, Sum:  0.1, Workers: 4
[3665.196s][debug][gc,phases      ] GC(209)     Dead                           Min: 0, Avg:  0.0, Max: 0, Diff: 0, Sum: 0, Workers: 4
[3665.196s][debug][gc,phases      ] GC(209)     Total                          Min: 0, Avg: 2572.8, Max: 5427, Diff: 5427, Sum: 10291, Workers: 4
[3665.196s][debug][gc,phases      ] GC(209)   JNI Weak                       Min:  0.0, Avg:  0.0, Max:  0.0, Diff:  0.0, Sum:  0.0, Workers: 4
[3665.196s][debug][gc,phases      ] GC(209)     Dead                           Min: 0, Avg:  0.0, Max: 0, Diff: 0, Sum: 0, Workers: 4
[3665.196s][debug][gc,phases      ] GC(209)     Total                          Min: 0, Avg: 11.2, Max: 45, Diff: 45, Sum: 45, Workers: 4
[3665.196s][debug][gc,phases      ] GC(209)   StringDedup Table Weak         Min:  0.0, Avg:  0.0, Max:  0.0, Diff:  0.0, Sum:  0.0, Workers: 4
[3665.196s][debug][gc,phases      ] GC(209)     Dead                           Min: 0, Avg:  0.0, Max: 0, Diff: 0, Sum: 0, Workers: 4
[3665.196s][debug][gc,phases      ] GC(209)     Total                          Min: 0, Avg:  0.0, Max: 0, Diff: 0, Sum: 0, Workers: 4
[3665.196s][debug][gc,phases      ] GC(209)   StringDedup Requests0 Weak     Min:  0.0, Avg:  0.0, Max:  0.0, Diff:  0.0, Sum:  0.0, Workers: 4
[3665.196s][debug][gc,phases      ] GC(209)     Dead                           Min: 0, Avg:  0.0, Max: 0, Diff: 0, Sum: 0, Workers: 4
[3665.196s][debug][gc,phases      ] GC(209)     Total                          Min: 0, Avg:  0.0, Max: 0, Diff: 0, Sum: 0, Workers: 4
[3665.196s][debug][gc,phases      ] GC(209)   StringDedup Requests1 Weak     Min:  0.0, Avg:  0.0, Max:  0.0, Diff:  0.0, Sum:  0.0, Workers: 4
[3665.196s][debug][gc,phases      ] GC(209)     Dead                           Min: 0, Avg:  0.0, Max: 0, Diff: 0, Sum: 0, Workers: 4
[3665.196s][debug][gc,phases      ] GC(209)     Total                          Min: 0, Avg:  0.0, Max: 0, Diff: 0, Sum: 0, Workers: 4
[3665.196s][debug][gc,phases      ] GC(209)   Weak JFR Old Object Samples    Min:  0.0, Avg:  0.0, Max:  0.0, Diff:  0.0, Sum:  0.0, Workers: 4
[3665.196s][debug][gc,phases      ] GC(209)     Dead                           Min: 0, Avg:  0.0, Max: 0, Diff: 0, Sum: 0, Workers: 4
[3665.196s][debug][gc,phases      ] GC(209)     Total                          Min: 0, Avg:  0.0, Max: 0, Diff: 0, Sum: 0, Workers: 4
[3665.196s][debug][gc,phases      ] GC(209) Weak Processing 1.200ms
[3665.196s][debug][gc,age         ] GC(209) Desired survivor size 179830784 bytes, new threshold 15 (max threshold 15)
[3665.196s][info ][gc,heap        ] GC(209) PSYoungGen: 1839301K(1919488K)->88433K(1914880K) Eden: 1737216K(1737216K)->0K(1737216K) From: 102085K(182272K)->88433K(177664K)
[3665.196s][info ][gc,heap        ] GC(209) ParOldGen: 739400K(877056K)->740136K(877056K)
[3665.196s][info ][gc,metaspace   ] GC(209) Metaspace: 85366K(86656K)->85366K(86656K) NonClass: 73375K(74048K)->73375K(74048K) Class: 11991K(12608K)->11991K(12608K)
[3665.196s][info ][gc             ] GC(209) Pause Young (Allocation Failure) 2518M->809M(2726M) 38.931ms
[3665.196s][info ][gc,cpu         ] GC(209) User=0.11s Sys=0.00s Real=0.04s
[3665.196s][info ][safepoint      ] Safepoint "ParallelGCFailedAllocation", Time since last: 70026881 ns, Reaching safepoint: 34403 ns, At safepoint: 39022075 ns, Total: 39056478 ns
[3667.197s][info ][safepoint      ] Safepoint "Cleanup", Time since last: 2000163777 ns, Reaching safepoint: 125309 ns, At safepoint: 8400 ns, Total: 133709 ns
[3672.197s][info ][safepoint      ] Safepoint "Cleanup", Time since last: 5000415792 ns, Reaching safepoint: 130409 ns, At safepoint: 14201 ns, Total: 144610 ns
[3672.855s][info ][safepoint      ] Safepoint "ICBufferFull", Time since last: 657380861 ns, Reaching safepoint: 253718 ns, At safepoint: 19302 ns, Total: 273020 ns
[3673.563s][info ][safepoint      ] Safepoint "ICBufferFull", Time since last: 707603433 ns, Reaching safepoint: 248218 ns, At safepoint: 19001 ns, Total: 267219 ns
[3674.583s][info ][safepoint      ] Safepoint "Cleanup", Time since last: 1019656331 ns, Reaching safepoint: 115608 ns, At safepoint: 9501 ns, Total: 125109 ns
[3676.583s][info ][safepoint      ] Safepoint "Cleanup", Time since last: 2000187879 ns, Reaching safepoint: 52803 ns, At safepoint: 3001 ns, Total: 55804 ns
[3677.583s][info ][safepoint      ] Safepoint "Cleanup", Time since last: 1000123641 ns, Reaching safepoint: 42503 ns, At safepoint: 3900 ns, Total: 46403 ns
[3678.556s][info ][gc,start       ] GC(210) Pause Young (Allocation Failure)
[3678.594s][debug][gc,phases      ] GC(210) Scavenge 38.188ms
[3678.594s][debug][gc,ref         ] GC(210) Skipped phase 1 of Reference Processing: no references
[3678.594s][debug][gc,ref         ] GC(210) ReferenceProcessor::execute queues: 1, RefProcThreadModel::Single, marks_oops_alive: false
[3678.595s][debug][gc,ref         ] GC(210) Skipped phase 3 of Reference Processing: no references
[3678.595s][debug][gc,ref         ] GC(210) ReferenceProcessor::execute queues: 1, RefProcThreadModel::Single, marks_oops_alive: false
[3678.595s][debug][gc,phases      ] GC(210) Reference Processing 0.161ms
[3678.595s][debug][gc,phases      ] GC(210)   VM Weak                        Min:  0.0, Avg:  0.0, Max:  0.0, Diff:  0.0, Sum:  0.0, Workers: 4
[3678.595s][debug][gc,phases      ] GC(210)     Dead                           Min: 0, Avg:  0.0, Max: 0, Diff: 0, Sum: 0, Workers: 4
[3678.595s][debug][gc,phases      ] GC(210)     Total                          Min: 0, Avg: 204.5, Max: 631, Diff: 631, Sum: 818, Workers: 4
[3678.595s][debug][gc,phases      ] GC(210)   ObjectSynchronizer Weak        Min:  0.0, Avg:  0.0, Max:  0.0, Diff:  0.0, Sum:  0.0, Workers: 4
[3678.595s][debug][gc,phases      ] GC(210)     Dead                           Min: 0, Avg:  0.2, Max: 1, Diff: 1, Sum: 1, Workers: 4
[3678.595s][debug][gc,phases      ] GC(210)     Total                          Min: 0, Avg: 27.0, Max: 64, Diff: 64, Sum: 108, Workers: 4
[3678.595s][debug][gc,phases      ] GC(210)   JVMTI Tag Weak OopStorage      Min:  0.0, Avg:  0.0, Max:  0.0, Diff:  0.0, Sum:  0.0, Workers: 4
[3678.595s][debug][gc,phases      ] GC(210)     Dead                           Min: 0, Avg:  0.0, Max: 0, Diff: 0, Sum: 0, Workers: 4
[3678.595s][debug][gc,phases      ] GC(210)     Total                          Min: 0, Avg:  0.0, Max: 0, Diff: 0, Sum: 0, Workers: 4
[3678.595s][debug][gc,phases      ] GC(210)   StringTable Weak               Min:  0.0, Avg:  0.1, Max:  0.2, Diff:  0.2, Sum:  0.5, Workers: 4
[3678.595s][debug][gc,phases      ] GC(210)     Dead                           Min: 0, Avg:  1.5, Max: 4, Diff: 4, Sum: 6, Workers: 4
[3678.595s][debug][gc,phases      ] GC(210)     Total                          Min: 0, Avg: 11134.8, Max: 15360, Diff: 15360, Sum: 44539, Workers: 4
[3678.595s][debug][gc,phases      ] GC(210)   ResolvedMethodTable Weak       Min:  0.0, Avg:  0.0, Max:  0.0, Diff:  0.0, Sum:  0.1, Workers: 4
[3678.595s][debug][gc,phases      ] GC(210)     Dead                           Min: 0, Avg:  4.5, Max: 9, Diff: 9, Sum: 18, Workers: 4
[3678.595s][debug][gc,phases      ] GC(210)     Total                          Min: 0, Avg: 2610.8, Max: 3596, Diff: 3596, Sum: 10443, Workers: 4
[3678.595s][debug][gc,phases      ] GC(210)   JNI Weak                       Min:  0.0, Avg:  0.0, Max:  0.0, Diff:  0.0, Sum:  0.0, Workers: 4
[3678.595s][debug][gc,phases      ] GC(210)     Dead                           Min: 0, Avg:  0.0, Max: 0, Diff: 0, Sum: 0, Workers: 4
[3678.595s][debug][gc,phases      ] GC(210)     Total                          Min: 0, Avg: 11.2, Max: 45, Diff: 45, Sum: 45, Workers: 4
[3678.595s][debug][gc,phases      ] GC(210)   StringDedup Table Weak         Min:  0.0, Avg:  0.0, Max:  0.0, Diff:  0.0, Sum:  0.0, Workers: 4
[3678.595s][debug][gc,phases      ] GC(210)     Dead                           Min: 0, Avg:  0.0, Max: 0, Diff: 0, Sum: 0, Workers: 4
[3678.595s][debug][gc,phases      ] GC(210)     Total                          Min: 0, Avg:  0.0, Max: 0, Diff: 0, Sum: 0, Workers: 4
[3678.595s][debug][gc,phases      ] GC(210)   StringDedup Requests0 Weak     Min:  0.0, Avg:  0.0, Max:  0.0, Diff:  0.0, Sum:  0.0, Workers: 4
[3678.595s][debug][gc,phases      ] GC(210)     Dead                           Min: 0, Avg:  0.0, Max: 0, Diff: 0, Sum: 0, Workers: 4
[3678.595s][debug][gc,phases      ] GC(210)     Total                          Min: 0, Avg:  0.0, Max: 0, Diff: 0, Sum: 0, Workers: 4
[3678.595s][debug][gc,phases      ] GC(210)   StringDedup Requests1 Weak     Min:  0.0, Avg:  0.0, Max:  0.0, Diff:  0.0, Sum:  0.0, Workers: 4
[3678.595s][debug][gc,phases      ] GC(210)     Dead                           Min: 0, Avg:  0.0, Max: 0, Diff: 0, Sum: 0, Workers: 4
[3678.595s][debug][gc,phases      ] GC(210)     Total                          Min: 0, Avg:  0.0, Max: 0, Diff: 0, Sum: 0, Workers: 4
[3678.595s][debug][gc,phases      ] GC(210)   Weak JFR Old Object Samples    Min:  0.0, Avg:  0.0, Max:  0.0, Diff:  0.0, Sum:  0.0, Workers: 4
[3678.595s][debug][gc,phases      ] GC(210)     Dead                           Min: 0, Avg:  0.0, Max: 0, Diff: 0, Sum: 0, Workers: 4
[3678.595s][debug][gc,phases      ] GC(210)     Total                          Min: 0, Avg:  0.0, Max: 0, Diff: 0, Sum: 0, Workers: 4
[3678.595s][debug][gc,phases      ] GC(210) Weak Processing 0.402ms
[3678.595s][debug][gc,age         ] GC(210) Desired survivor size 175112192 bytes, new threshold 15 (max threshold 15)
[3678.595s][info ][gc,heap        ] GC(210) PSYoungGen: 1825649K(1914880K)->98728K(1926144K) Eden: 1737216K(1737216K)->0K(1750528K) From: 88433K(177664K)->98728K(175616K)
[3678.595s][info ][gc,heap        ] GC(210) ParOldGen: 740136K(877056K)->740352K(877056K)
[3678.595s][info ][gc,metaspace   ] GC(210) Metaspace: 85943K(87040K)->85943K(87040K) NonClass: 73856K(74432K)->73856K(74432K) Class: 12086K(12608K)->12086K(12608K)
[3678.595s][info ][gc             ] GC(210) Pause Young (Allocation Failure) 2505M->819M(2737M) 38.901ms
[3678.595s][info ][gc,cpu         ] GC(210) User=0.13s Sys=0.01s Real=0.04s
[3678.595s][info ][safepoint      ] Safepoint "ParallelGCFailedAllocation", Time since last: 972981511 ns, Reaching safepoint: 49504 ns, At safepoint: 38985373 ns, Total: 39034877 ns
[3681.595s][info ][safepoint      ] Safepoint "Cleanup", Time since last: 3000215813 ns, Reaching safepoint: 48104 ns, At safepoint: 3300 ns, Total: 51404 ns
[3697.998s][info ][safepoint      ] Safepoint "Cleanup", Time since last: 16402913490 ns, Reaching safepoint: 128710 ns, At safepoint: 8200 ns, Total: 136910 ns
[3700.752s][info ][gc,start       ] GC(211) Pause Young (Allocation Failure)
[3700.792s][debug][gc,phases      ] GC(211) Scavenge 39.830ms
[3700.792s][debug][gc,ref         ] GC(211) Skipped phase 1 of Reference Processing: no references
[3700.792s][debug][gc,ref         ] GC(211) ReferenceProcessor::execute queues: 1, RefProcThreadModel::Single, marks_oops_alive: false
[3700.792s][debug][gc,ref         ] GC(211) Skipped phase 3 of Reference Processing: no references
[3700.792s][debug][gc,ref         ] GC(211) ReferenceProcessor::execute queues: 1, RefProcThreadModel::Single, marks_oops_alive: false
[3700.792s][debug][gc,phases      ] GC(211) Reference Processing 0.116ms
[3700.792s][debug][gc,phases      ] GC(211)   VM Weak                        Min:  0.0, Avg:  0.0, Max:  0.0, Diff:  0.0, Sum:  0.0, Workers: 4
[3700.792s][debug][gc,phases      ] GC(211)     Dead                           Min: 0, Avg:  0.0, Max: 0, Diff: 0, Sum: 0, Workers: 4
[3700.792s][debug][gc,phases      ] GC(211)     Total                          Min: 0, Avg: 204.5, Max: 631, Diff: 631, Sum: 818, Workers: 4
[3700.792s][debug][gc,phases      ] GC(211)   ObjectSynchronizer Weak        Min:  0.0, Avg:  0.0, Max:  0.0, Diff:  0.0, Sum:  0.0, Workers: 4
[3700.792s][debug][gc,phases      ] GC(211)     Dead                           Min: 0, Avg:  0.0, Max: 0, Diff: 0, Sum: 0, Workers: 4
[3700.792s][debug][gc,phases      ] GC(211)     Total                          Min: 0, Avg: 27.0, Max: 64, Diff: 64, Sum: 108, Workers: 4
[3700.792s][debug][gc,phases      ] GC(211)   JVMTI Tag Weak OopStorage      Min:  0.0, Avg:  0.0, Max:  0.0, Diff:  0.0, Sum:  0.0, Workers: 4
[3700.792s][debug][gc,phases      ] GC(211)     Dead                           Min: 0, Avg:  0.0, Max: 0, Diff: 0, Sum: 0, Workers: 4
[3700.792s][debug][gc,phases      ] GC(211)     Total                          Min: 0, Avg:  0.0, Max: 0, Diff: 0, Sum: 0, Workers: 4
[3700.792s][debug][gc,phases      ] GC(211)   StringTable Weak               Min:  0.0, Avg:  0.1, Max:  0.2, Diff:  0.2, Sum:  0.5, Workers: 4
[3700.792s][debug][gc,phases      ] GC(211)     Dead                           Min: 0, Avg:  0.0, Max: 0, Diff: 0, Sum: 0, Workers: 4
[3700.792s][debug][gc,phases      ] GC(211)     Total                          Min: 0, Avg: 11135.8, Max: 16191, Diff: 16191, Sum: 44543, Workers: 4
[3700.792s][debug][gc,phases      ] GC(211)   ResolvedMethodTable Weak       Min:  0.0, Avg:  0.0, Max:  0.0, Diff:  0.0, Sum:  0.1, Workers: 4
[3700.792s][debug][gc,phases      ] GC(211)     Dead                           Min: 0, Avg:  0.0, Max: 0, Diff: 0, Sum: 0, Workers: 4
[3700.792s][debug][gc,phases      ] GC(211)     Total                          Min: 0, Avg: 2610.8, Max: 3776, Diff: 3776, Sum: 10443, Workers: 4
[3700.792s][debug][gc,phases      ] GC(211)   JNI Weak                       Min:  0.0, Avg:  0.0, Max:  0.0, Diff:  0.0, Sum:  0.0, Workers: 4
[3700.792s][debug][gc,phases      ] GC(211)     Dead                           Min: 0, Avg:  0.0, Max: 0, Diff: 0, Sum: 0, Workers: 4
[3700.792s][debug][gc,phases      ] GC(211)     Total                          Min: 0, Avg: 11.2, Max: 45, Diff: 45, Sum: 45, Workers: 4
[3700.792s][debug][gc,phases      ] GC(211)   StringDedup Table Weak         Min:  0.0, Avg:  0.0, Max:  0.0, Diff:  0.0, Sum:  0.0, Workers: 4
[3700.792s][debug][gc,phases      ] GC(211)     Dead                           Min: 0, Avg:  0.0, Max: 0, Diff: 0, Sum: 0, Workers: 4
[3700.792s][debug][gc,phases      ] GC(211)     Total                          Min: 0, Avg:  0.0, Max: 0, Diff: 0, Sum: 0, Workers: 4
[3700.792s][debug][gc,phases      ] GC(211)   StringDedup Requests0 Weak     Min:  0.0, Avg:  0.0, Max:  0.0, Diff:  0.0, Sum:  0.0, Workers: 4
[3700.792s][debug][gc,phases      ] GC(211)     Dead                           Min: 0, Avg:  0.0, Max: 0, Diff: 0, Sum: 0, Workers: 4
[3700.792s][debug][gc,phases      ] GC(211)     Total                          Min: 0, Avg:  0.0, Max: 0, Diff: 0, Sum: 0, Workers: 4
[3700.792s][debug][gc,phases      ] GC(211)   StringDedup Requests1 Weak     Min:  0.0, Avg:  0.0, Max:  0.0, Diff:  0.0, Sum:  0.0, Workers: 4
[3700.792s][debug][gc,phases      ] GC(211)     Dead                           Min: 0, Avg:  0.0, Max: 0, Diff: 0, Sum: 0, Workers: 4
[3700.792s][debug][gc,phases      ] GC(211)     Total                          Min: 0, Avg:  0.0, Max: 0, Diff: 0, Sum: 0, Workers: 4
[3700.792s][debug][gc,phases      ] GC(211)   Weak JFR Old Object Samples    Min:  0.0, Avg:  0.0, Max:  0.0, Diff:  0.0, Sum:  0.0, Workers: 4
[3700.792s][debug][gc,phases      ] GC(211)     Dead                           Min: 0, Avg:  0.0, Max: 0, Diff: 0, Sum: 0, Workers: 4
[3700.792s][debug][gc,phases      ] GC(211)     Total                          Min: 0, Avg:  0.0, Max: 0, Diff: 0, Sum: 0, Workers: 4
[3700.792s][debug][gc,phases      ] GC(211) Weak Processing 0.443ms
[3700.792s][debug][gc,age         ] GC(211) Desired survivor size 172490752 bytes, new threshold 15 (max threshold 15)
[3700.792s][info ][gc,heap        ] GC(211) PSYoungGen: 1849256K(1926144K)->89128K(1921536K) Eden: 1750528K(1750528K)->0K(1750528K) From: 98728K(175616K)->89128K(171008K)
[3700.792s][info ][gc,heap        ] GC(211) ParOldGen: 740352K(877056K)->750796K(877056K)
[3700.792s][info ][gc,metaspace   ] GC(211) Metaspace: 85946K(87040K)->85946K(87040K) NonClass: 73859K(74432K)->73859K(74432K) Class: 12086K(12608K)->12086K(12608K)
[3700.792s][info ][gc             ] GC(211) Pause Young (Allocation Failure) 2528M->820M(2733M) 40.521ms
[3700.792s][info ][gc,cpu         ] GC(211) User=0.13s Sys=0.00s Real=0.04s
[3700.792s][info ][safepoint      ] Safepoint "ParallelGCFailedAllocation", Time since last: 2753377457 ns, Reaching safepoint: 50604 ns, At safepoint: 40615689 ns, Total: 40666293 ns
[3702.793s][info ][safepoint      ] Safepoint "Cleanup", Time since last: 2000408096 ns, Reaching safepoint: 52204 ns, At safepoint: 2800 ns, Total: 55004 ns
[3721.794s][info ][safepoint      ] Safepoint "Cleanup", Time since last: 19001312337 ns, Reaching safepoint: 57804 ns, At safepoint: 7001 ns, Total: 64805 ns
[3722.202s][info ][gc,start       ] GC(212) Pause Young (Allocation Failure)
[3722.235s][debug][gc,phases      ] GC(212) Scavenge 32.745ms
[3722.235s][debug][gc,ref         ] GC(212) Skipped phase 1 of Reference Processing: no references
[3722.235s][debug][gc,ref         ] GC(212) ReferenceProcessor::execute queues: 1, RefProcThreadModel::Single, marks_oops_alive: false
[3722.235s][debug][gc,ref         ] GC(212) Skipped phase 3 of Reference Processing: no references
[3722.235s][debug][gc,ref         ] GC(212) ReferenceProcessor::execute queues: 1, RefProcThreadModel::Single, marks_oops_alive: false
[3722.235s][debug][gc,phases      ] GC(212) Reference Processing 0.121ms
[3722.235s][debug][gc,phases      ] GC(212)   VM Weak                        Min:  0.0, Avg:  0.0, Max:  0.0, Diff:  0.0, Sum:  0.0, Workers: 4
[3722.235s][debug][gc,phases      ] GC(212)     Dead                           Min: 0, Avg:  0.0, Max: 0, Diff: 0, Sum: 0, Workers: 4
[3722.235s][debug][gc,phases      ] GC(212)     Total                          Min: 0, Avg: 204.5, Max: 754, Diff: 754, Sum: 818, Workers: 4
[3722.235s][debug][gc,phases      ] GC(212)   ObjectSynchronizer Weak        Min:  0.0, Avg:  0.0, Max:  0.0, Diff:  0.0, Sum:  0.0, Workers: 4
[3722.235s][debug][gc,phases      ] GC(212)     Dead                           Min: 0, Avg:  0.0, Max: 0, Diff: 0, Sum: 0, Workers: 4
[3722.235s][debug][gc,phases      ] GC(212)     Total                          Min: 0, Avg: 27.0, Max: 64, Diff: 64, Sum: 108, Workers: 4
[3722.235s][debug][gc,phases      ] GC(212)   JVMTI Tag Weak OopStorage      Min:  0.0, Avg:  0.0, Max:  0.0, Diff:  0.0, Sum:  0.0, Workers: 4
[3722.235s][debug][gc,phases      ] GC(212)     Dead                           Min: 0, Avg:  0.0, Max: 0, Diff: 0, Sum: 0, Workers: 4
[3722.235s][debug][gc,phases      ] GC(212)     Total                          Min: 0, Avg:  0.0, Max: 0, Diff: 0, Sum: 0, Workers: 4
[3722.235s][debug][gc,phases      ] GC(212)   StringTable Weak               Min:  0.0, Avg:  0.1, Max:  0.1, Diff:  0.1, Sum:  0.4, Workers: 4
[3722.235s][debug][gc,phases      ] GC(212)     Dead                           Min: 0, Avg:  0.0, Max: 0, Diff: 0, Sum: 0, Workers: 4
[3722.235s][debug][gc,phases      ] GC(212)     Total                          Min: 0, Avg: 11135.8, Max: 15488, Diff: 15488, Sum: 44543, Workers: 4
[3722.235s][debug][gc,phases      ] GC(212)   ResolvedMethodTable Weak       Min:  0.0, Avg:  0.0, Max:  0.0, Diff:  0.0, Sum:  0.1, Workers: 4
[3722.235s][debug][gc,phases      ] GC(212)     Dead                           Min: 0, Avg:  0.0, Max: 0, Diff: 0, Sum: 0, Workers: 4
[3722.235s][debug][gc,phases      ] GC(212)     Total                          Min: 0, Avg: 2610.8, Max: 3903, Diff: 3903, Sum: 10443, Workers: 4
[3722.235s][debug][gc,phases      ] GC(212)   JNI Weak                       Min:  0.0, Avg:  0.0, Max:  0.0, Diff:  0.0, Sum:  0.0, Workers: 4
[3722.235s][debug][gc,phases      ] GC(212)     Dead                           Min: 0, Avg:  0.0, Max: 0, Diff: 0, Sum: 0, Workers: 4
[3722.235s][debug][gc,phases      ] GC(212)     Total                          Min: 0, Avg: 11.2, Max: 45, Diff: 45, Sum: 45, Workers: 4
[3722.235s][debug][gc,phases      ] GC(212)   StringDedup Table Weak         Min:  0.0, Avg:  0.0, Max:  0.0, Diff:  0.0, Sum:  0.0, Workers: 4
[3722.235s][debug][gc,phases      ] GC(212)     Dead                           Min: 0, Avg:  0.0, Max: 0, Diff: 0, Sum: 0, Workers: 4
[3722.235s][debug][gc,phases      ] GC(212)     Total                          Min: 0, Avg:  0.0, Max: 0, Diff: 0, Sum: 0, Workers: 4
[3722.235s][debug][gc,phases      ] GC(212)   StringDedup Requests0 Weak     Min:  0.0, Avg:  0.0, Max:  0.0, Diff:  0.0, Sum:  0.0, Workers: 4
[3722.235s][debug][gc,phases      ] GC(212)     Dead                           Min: 0, Avg:  0.0, Max: 0, Diff: 0, Sum: 0, Workers: 4
[3722.235s][debug][gc,phases      ] GC(212)     Total                          Min: 0, Avg:  0.0, Max: 0, Diff: 0, Sum: 0, Workers: 4
[3722.235s][debug][gc,phases      ] GC(212)   StringDedup Requests1 Weak     Min:  0.0, Avg:  0.0, Max:  0.0, Diff:  0.0, Sum:  0.0, Workers: 4
[3722.235s][debug][gc,phases      ] GC(212)     Dead                           Min: 0, Avg:  0.0, Max: 0, Diff: 0, Sum: 0, Workers: 4
[3722.235s][debug][gc,phases      ] GC(212)     Total                          Min: 0, Avg:  0.0, Max: 0, Diff: 0, Sum: 0, Workers: 4
[3722.235s][debug][gc,phases      ] GC(212)   Weak JFR Old Object Samples    Min:  0.0, Avg:  0.0, Max:  0.0, Diff:  0.0, Sum:  0.0, Workers: 4
[3722.235s][debug][gc,phases      ] GC(212)     Dead                           Min: 0, Avg:  0.0, Max: 0, Diff: 0, Sum: 0, Workers: 4
[3722.235s][debug][gc,phases      ] GC(212)     Total                          Min: 0, Avg:  0.0, Max: 0, Diff: 0, Sum: 0, Workers: 4
[3722.235s][debug][gc,phases      ] GC(212) Weak Processing 0.392ms
[3722.235s][debug][gc,age         ] GC(212) Desired survivor size 169869312 bytes, new threshold 15 (max threshold 15)
[3722.235s][info ][gc,heap        ] GC(212) PSYoungGen: 1839656K(1921536K)->87736K(1931264K) Eden: 1750528K(1750528K)->0K(1762816K) From: 89128K(171008K)->87736K(168448K)
[3722.235s][info ][gc,heap        ] GC(212) ParOldGen: 750796K(877056K)->752472K(877056K)
[3722.235s][info ][gc,metaspace   ] GC(212) Metaspace: 85955K(87040K)->85955K(87040K) NonClass: 73869K(74432K)->73869K(74432K) Class: 12086K(12608K)->12086K(12608K)
[3722.235s][info ][gc             ] GC(212) Pause Young (Allocation Failure) 2529M->820M(2742M) 33.395ms
[3722.235s][info ][gc,cpu         ] GC(212) User=0.12s Sys=0.00s Real=0.03s
[3722.235s][info ][safepoint      ] Safepoint "ParallelGCFailedAllocation", Time since last: 407494186 ns, Reaching safepoint: 110308 ns, At safepoint: 33487982 ns, Total: 33598290 ns
[3724.236s][info ][safepoint      ] Safepoint "Cleanup", Time since last: 2000154680 ns, Reaching safepoint: 45503 ns, At safepoint: 4500 ns, Total: 50003 ns
[3727.236s][info ][safepoint      ] Safepoint "Cleanup", Time since last: 3000181216 ns, Reaching safepoint: 51904 ns, At safepoint: 4800 ns, Total: 56704 ns
[3728.236s][info ][safepoint      ] Safepoint "Cleanup", Time since last: 1000109342 ns, Reaching safepoint: 59905 ns, At safepoint: 7200 ns, Total: 67105 ns
[3732.236s][info ][safepoint      ] Safepoint "Cleanup", Time since last: 4000302460 ns, Reaching safepoint: 46803 ns, At safepoint: 9601 ns, Total: 56404 ns
[3742.237s][info ][safepoint      ] Safepoint "Cleanup", Time since last: 10000646692 ns, Reaching safepoint: 46404 ns, At safepoint: 2900 ns, Total: 49304 ns
[3743.851s][info ][gc,start       ] GC(213) Pause Young (Allocation Failure)
[3743.884s][debug][gc,phases      ] GC(213) Scavenge 32.477ms
[3743.884s][debug][gc,ref         ] GC(213) Skipped phase 1 of Reference Processing: no references
[3743.884s][debug][gc,ref         ] GC(213) ReferenceProcessor::execute queues: 1, RefProcThreadModel::Single, marks_oops_alive: false
[3743.884s][debug][gc,ref         ] GC(213) Skipped phase 3 of Reference Processing: no references
[3743.884s][debug][gc,ref         ] GC(213) ReferenceProcessor::execute queues: 1, RefProcThreadModel::Single, marks_oops_alive: false
[3743.884s][debug][gc,phases      ] GC(213) Reference Processing 0.113ms
[3743.884s][debug][gc,phases      ] GC(213)   VM Weak                        Min:  0.0, Avg:  0.0, Max:  0.0, Diff:  0.0, Sum:  0.0, Workers: 4
[3743.884s][debug][gc,phases      ] GC(213)     Dead                           Min: 0, Avg:  0.0, Max: 0, Diff: 0, Sum: 0, Workers: 4
[3743.884s][debug][gc,phases      ] GC(213)     Total                          Min: 0, Avg: 204.5, Max: 818, Diff: 818, Sum: 818, Workers: 4
[3743.884s][debug][gc,phases      ] GC(213)   ObjectSynchronizer Weak        Min:  0.0, Avg:  0.0, Max:  0.0, Diff:  0.0, Sum:  0.0, Workers: 4
[3743.884s][debug][gc,phases      ] GC(213)     Dead                           Min: 0, Avg:  0.0, Max: 0, Diff: 0, Sum: 0, Workers: 4
[3743.884s][debug][gc,phases      ] GC(213)     Total                          Min: 0, Avg: 27.0, Max: 64, Diff: 64, Sum: 108, Workers: 4
[3743.884s][debug][gc,phases      ] GC(213)   JVMTI Tag Weak OopStorage      Min:  0.0, Avg:  0.0, Max:  0.0, Diff:  0.0, Sum:  0.0, Workers: 4
[3743.884s][debug][gc,phases      ] GC(213)     Dead                           Min: 0, Avg:  0.0, Max: 0, Diff: 0, Sum: 0, Workers: 4
[3743.884s][debug][gc,phases      ] GC(213)     Total                          Min: 0, Avg:  0.0, Max: 0, Diff: 0, Sum: 0, Workers: 4
[3743.884s][debug][gc,phases      ] GC(213)   StringTable Weak               Min:  0.1, Avg:  0.1, Max:  0.1, Diff:  0.0, Sum:  0.5, Workers: 4
[3743.884s][debug][gc,phases      ] GC(213)     Dead                           Min: 0, Avg:  0.0, Max: 0, Diff: 0, Sum: 0, Workers: 4
[3743.884s][debug][gc,phases      ] GC(213)     Total                          Min: 10112, Avg: 11135.8, Max: 11775, Diff: 1663, Sum: 44543, Workers: 4
[3743.884s][debug][gc,phases      ] GC(213)   ResolvedMethodTable Weak       Min:  0.0, Avg:  0.0, Max:  0.0, Diff:  0.0, Sum:  0.1, Workers: 4
[3743.884s][debug][gc,phases      ] GC(213)     Dead                           Min: 0, Avg:  0.0, Max: 0, Diff: 0, Sum: 0, Workers: 4
[3743.884s][debug][gc,phases      ] GC(213)     Total                          Min: 2495, Avg: 2610.8, Max: 2752, Diff: 257, Sum: 10443, Workers: 4
[3743.884s][debug][gc,phases      ] GC(213)   JNI Weak                       Min:  0.0, Avg:  0.0, Max:  0.0, Diff:  0.0, Sum:  0.0, Workers: 4
[3743.884s][debug][gc,phases      ] GC(213)     Dead                           Min: 0, Avg:  0.0, Max: 0, Diff: 0, Sum: 0, Workers: 4
[3743.884s][debug][gc,phases      ] GC(213)     Total                          Min: 0, Avg: 11.2, Max: 45, Diff: 45, Sum: 45, Workers: 4
[3743.884s][debug][gc,phases      ] GC(213)   StringDedup Table Weak         Min:  0.0, Avg:  0.0, Max:  0.0, Diff:  0.0, Sum:  0.0, Workers: 4
[3743.884s][debug][gc,phases      ] GC(213)     Dead                           Min: 0, Avg:  0.0, Max: 0, Diff: 0, Sum: 0, Workers: 4
[3743.884s][debug][gc,phases      ] GC(213)     Total                          Min: 0, Avg:  0.0, Max: 0, Diff: 0, Sum: 0, Workers: 4
[3743.884s][debug][gc,phases      ] GC(213)   StringDedup Requests0 Weak     Min:  0.0, Avg:  0.0, Max:  0.0, Diff:  0.0, Sum:  0.0, Workers: 4
[3743.884s][debug][gc,phases      ] GC(213)     Dead                           Min: 0, Avg:  0.0, Max: 0, Diff: 0, Sum: 0, Workers: 4
[3743.884s][debug][gc,phases      ] GC(213)     Total                          Min: 0, Avg:  0.0, Max: 0, Diff: 0, Sum: 0, Workers: 4
[3743.884s][debug][gc,phases      ] GC(213)   StringDedup Requests1 Weak     Min:  0.0, Avg:  0.0, Max:  0.0, Diff:  0.0, Sum:  0.0, Workers: 4
[3743.884s][debug][gc,phases      ] GC(213)     Dead                           Min: 0, Avg:  0.0, Max: 0, Diff: 0, Sum: 0, Workers: 4
[3743.884s][debug][gc,phases      ] GC(213)     Total                          Min: 0, Avg:  0.0, Max: 0, Diff: 0, Sum: 0, Workers: 4
[3743.884s][debug][gc,phases      ] GC(213)   Weak JFR Old Object Samples    Min:  0.0, Avg:  0.0, Max:  0.0, Diff:  0.0, Sum:  0.0, Workers: 4
[3743.884s][debug][gc,phases      ] GC(213)     Dead                           Min: 0, Avg:  0.0, Max: 0, Diff: 0, Sum: 0, Workers: 4
[3743.884s][debug][gc,phases      ] GC(213)     Total                          Min: 0, Avg:  0.0, Max: 0, Diff: 0, Sum: 0, Workers: 4
[3743.884s][debug][gc,phases      ] GC(213) Weak Processing 0.377ms
[3743.884s][debug][gc,age         ] GC(213) Desired survivor size 167247872 bytes, new threshold 15 (max threshold 15)
[3743.884s][info ][gc,heap        ] GC(213) PSYoungGen: 1850552K(1931264K)->85112K(1928704K) Eden: 1762816K(1762816K)->0K(1762816K) From: 87736K(168448K)->85112K(165888K)
[3743.884s][info ][gc,heap        ] GC(213) ParOldGen: 752472K(877056K)->755512K(877056K)
[3743.884s][info ][gc,metaspace   ] GC(213) Metaspace: 85958K(87040K)->85958K(87040K) NonClass: 73871K(74432K)->73871K(74432K) Class: 12086K(12608K)->12086K(12608K)
[3743.884s][info ][gc             ] GC(213) Pause Young (Allocation Failure) 2542M->820M(2740M) 33.127ms
[3743.884s][info ][gc,cpu         ] GC(213) User=0.13s Sys=0.00s Real=0.03s
[3743.884s][info ][safepoint      ] Safepoint "ParallelGCFailedAllocation", Time since last: 1614055015 ns, Reaching safepoint: 121109 ns, At safepoint: 33215963 ns, Total: 33337072 ns
[3749.885s][info ][safepoint      ] Safepoint "Cleanup", Time since last: 6000380237 ns, Reaching safepoint: 48503 ns, At safepoint: 4600 ns, Total: 53103 ns
[3752.885s][info ][safepoint      ] Safepoint "Cleanup", Time since last: 3000245123 ns, Reaching safepoint: 57604 ns, At safepoint: 4901 ns, Total: 62505 ns
[3765.757s][info ][gc,start       ] GC(214) Pause Young (Allocation Failure)
[3765.789s][debug][gc,phases      ] GC(214) Scavenge 32.094ms
[3765.789s][debug][gc,ref         ] GC(214) Skipped phase 1 of Reference Processing: no references
[3765.789s][debug][gc,ref         ] GC(214) ReferenceProcessor::execute queues: 1, RefProcThreadModel::Single, marks_oops_alive: false
[3765.789s][debug][gc,ref         ] GC(214) Skipped phase 3 of Reference Processing: no references
[3765.789s][debug][gc,ref         ] GC(214) ReferenceProcessor::execute queues: 1, RefProcThreadModel::Single, marks_oops_alive: false
[3765.789s][debug][gc,phases      ] GC(214) Reference Processing 0.141ms
[3765.789s][debug][gc,phases      ] GC(214)   VM Weak                        Min:  0.0, Avg:  0.0, Max:  0.0, Diff:  0.0, Sum:  0.0, Workers: 4
[3765.789s][debug][gc,phases      ] GC(214)     Dead                           Min: 0, Avg:  0.0, Max: 0, Diff: 0, Sum: 0, Workers: 4
[3765.789s][debug][gc,phases      ] GC(214)     Total                          Min: 0, Avg: 204.5, Max: 458, Diff: 458, Sum: 818, Workers: 4
[3765.789s][debug][gc,phases      ] GC(214)   ObjectSynchronizer Weak        Min:  0.0, Avg:  0.0, Max:  0.0, Diff:  0.0, Sum:  0.0, Workers: 4
[3765.789s][debug][gc,phases      ] GC(214)     Dead                           Min: 0, Avg:  0.0, Max: 0, Diff: 0, Sum: 0, Workers: 4
[3765.789s][debug][gc,phases      ] GC(214)     Total                          Min: 0, Avg: 27.0, Max: 64, Diff: 64, Sum: 108, Workers: 4
[3765.789s][debug][gc,phases      ] GC(214)   JVMTI Tag Weak OopStorage      Min:  0.0, Avg:  0.0, Max:  0.0, Diff:  0.0, Sum:  0.0, Workers: 4
[3765.789s][debug][gc,phases      ] GC(214)     Dead                           Min: 0, Avg:  0.0, Max: 0, Diff: 0, Sum: 0, Workers: 4
[3765.789s][debug][gc,phases      ] GC(214)     Total                          Min: 0, Avg:  0.0, Max: 0, Diff: 0, Sum: 0, Workers: 4
[3765.789s][debug][gc,phases      ] GC(214)   StringTable Weak               Min:  0.0, Avg:  0.1, Max:  0.2, Diff:  0.2, Sum:  0.5, Workers: 4
[3765.789s][debug][gc,phases      ] GC(214)     Dead                           Min: 0, Avg:  0.0, Max: 0, Diff: 0, Sum: 0, Workers: 4
[3765.789s][debug][gc,phases      ] GC(214)     Total                          Min: 0, Avg: 11135.8, Max: 15231, Diff: 15231, Sum: 44543, Workers: 4
[3765.789s][debug][gc,phases      ] GC(214)   ResolvedMethodTable Weak       Min:  0.0, Avg:  0.0, Max:  0.0, Diff:  0.0, Sum:  0.1, Workers: 4
[3765.789s][debug][gc,phases      ] GC(214)     Dead                           Min: 0, Avg:  0.0, Max: 0, Diff: 0, Sum: 0, Workers: 4
[3765.789s][debug][gc,phases      ] GC(214)     Total                          Min: 0, Avg: 2610.8, Max: 3584, Diff: 3584, Sum: 10443, Workers: 4
[3765.789s][debug][gc,phases      ] GC(214)   JNI Weak                       Min:  0.0, Avg:  0.0, Max:  0.0, Diff:  0.0, Sum:  0.0, Workers: 4
[3765.789s][debug][gc,phases      ] GC(214)     Dead                           Min: 0, Avg:  0.0, Max: 0, Diff: 0, Sum: 0, Workers: 4
[3765.789s][debug][gc,phases      ] GC(214)     Total                          Min: 0, Avg: 11.2, Max: 45, Diff: 45, Sum: 45, Workers: 4
[3765.789s][debug][gc,phases      ] GC(214)   StringDedup Table Weak         Min:  0.0, Avg:  0.0, Max:  0.0, Diff:  0.0, Sum:  0.0, Workers: 4
[3765.789s][debug][gc,phases      ] GC(214)     Dead                           Min: 0, Avg:  0.0, Max: 0, Diff: 0, Sum: 0, Workers: 4
[3765.789s][debug][gc,phases      ] GC(214)     Total                          Min: 0, Avg:  0.0, Max: 0, Diff: 0, Sum: 0, Workers: 4
[3765.789s][debug][gc,phases      ] GC(214)   StringDedup Requests0 Weak     Min:  0.0, Avg:  0.0, Max:  0.0, Diff:  0.0, Sum:  0.0, Workers: 4
[3765.790s][debug][gc,phases      ] GC(214)     Dead                           Min: 0, Avg:  0.0, Max: 0, Diff: 0, Sum: 0, Workers: 4
[3765.790s][debug][gc,phases      ] GC(214)     Total                          Min: 0, Avg:  0.0, Max: 0, Diff: 0, Sum: 0, Workers: 4
[3765.790s][debug][gc,phases      ] GC(214)   StringDedup Requests1 Weak     Min:  0.0, Avg:  0.0, Max:  0.0, Diff:  0.0, Sum:  0.0, Workers: 4
[3765.790s][debug][gc,phases      ] GC(214)     Dead                           Min: 0, Avg:  0.0, Max: 0, Diff: 0, Sum: 0, Workers: 4
[3765.790s][debug][gc,phases      ] GC(214)     Total                          Min: 0, Avg:  0.0, Max: 0, Diff: 0, Sum: 0, Workers: 4
[3765.790s][debug][gc,phases      ] GC(214)   Weak JFR Old Object Samples    Min:  0.0, Avg:  0.0, Max:  0.0, Diff:  0.0, Sum:  0.0, Workers: 4
[3765.790s][debug][gc,phases      ] GC(214)     Dead                           Min: 0, Avg:  0.0, Max: 0, Diff: 0, Sum: 0, Workers: 4
[3765.790s][debug][gc,phases      ] GC(214)     Total                          Min: 0, Avg:  0.0, Max: 0, Diff: 0, Sum: 0, Workers: 4
[3765.790s][debug][gc,phases      ] GC(214) Weak Processing 0.442ms
[3765.790s][debug][gc,age         ] GC(214) Desired survivor size 165675008 bytes, new threshold 15 (max threshold 15)
[3765.790s][info ][gc,heap        ] GC(214) PSYoungGen: 1847928K(1928704K)->75911K(1935360K) Eden: 1762816K(1762816K)->0K(1772032K) From: 85112K(165888K)->75911K(163328K)
[3765.790s][info ][gc,heap        ] GC(214) ParOldGen: 755512K(877056K)->764925K(877056K)
[3765.790s][info ][gc,metaspace   ] GC(214) Metaspace: 85960K(87040K)->85960K(87040K) NonClass: 73873K(74432K)->73873K(74432K) Class: 12086K(12608K)->12086K(12608K)
[3765.790s][info ][gc             ] GC(214) Pause Young (Allocation Failure) 2542M->821M(2746M) 32.829ms
[3765.790s][info ][gc,cpu         ] GC(214) User=0.12s Sys=0.00s Real=0.03s
[3765.790s][info ][safepoint      ] Safepoint "ParallelGCFailedAllocation", Time since last: 12871532821 ns, Reaching safepoint: 42603 ns, At safepoint: 32909341 ns, Total: 32951944 ns
[3788.651s][info ][gc,start       ] GC(215) Pause Young (Allocation Failure)
[3788.680s][debug][gc,phases      ] GC(215) Scavenge 28.781ms
[3788.680s][debug][gc,ref         ] GC(215) Skipped phase 1 of Reference Processing: no references
[3788.680s][debug][gc,ref         ] GC(215) ReferenceProcessor::execute queues: 1, RefProcThreadModel::Single, marks_oops_alive: false
[3788.680s][debug][gc,ref         ] GC(215) Skipped phase 3 of Reference Processing: no references
[3788.680s][debug][gc,ref         ] GC(215) ReferenceProcessor::execute queues: 1, RefProcThreadModel::Single, marks_oops_alive: false
[3788.680s][debug][gc,phases      ] GC(215) Reference Processing 0.115ms
[3788.680s][debug][gc,phases      ] GC(215)   VM Weak                        Min:  0.0, Avg:  0.0, Max:  0.0, Diff:  0.0, Sum:  0.0, Workers: 4
[3788.680s][debug][gc,phases      ] GC(215)     Dead                           Min: 0, Avg:  0.0, Max: 0, Diff: 0, Sum: 0, Workers: 4
[3788.680s][debug][gc,phases      ] GC(215)     Total                          Min: 0, Avg: 204.5, Max: 453, Diff: 453, Sum: 818, Workers: 4
[3788.680s][debug][gc,phases      ] GC(215)   ObjectSynchronizer Weak        Min:  0.0, Avg:  0.0, Max:  0.0, Diff:  0.0, Sum:  0.0, Workers: 4
[3788.680s][debug][gc,phases      ] GC(215)     Dead                           Min: 0, Avg:  0.0, Max: 0, Diff: 0, Sum: 0, Workers: 4
[3788.680s][debug][gc,phases      ] GC(215)     Total                          Min: 0, Avg: 27.0, Max: 64, Diff: 64, Sum: 108, Workers: 4
[3788.681s][debug][gc,phases      ] GC(215)   JVMTI Tag Weak OopStorage      Min:  0.0, Avg:  0.0, Max:  0.0, Diff:  0.0, Sum:  0.0, Workers: 4
[3788.681s][debug][gc,phases      ] GC(215)     Dead                           Min: 0, Avg:  0.0, Max: 0, Diff: 0, Sum: 0, Workers: 4
[3788.681s][debug][gc,phases      ] GC(215)     Total                          Min: 0, Avg:  0.0, Max: 0, Diff: 0, Sum: 0, Workers: 4
[3788.681s][debug][gc,phases      ] GC(215)   StringTable Weak               Min:  0.1, Avg:  0.1, Max:  0.1, Diff:  0.0, Sum:  0.5, Workers: 4
[3788.681s][debug][gc,phases      ] GC(215)     Dead                           Min: 0, Avg:  0.0, Max: 0, Diff: 0, Sum: 0, Workers: 4
[3788.681s][debug][gc,phases      ] GC(215)     Total                          Min: 10624, Avg: 11135.8, Max: 11776, Diff: 1152, Sum: 44543, Workers: 4
[3788.681s][debug][gc,phases      ] GC(215)   ResolvedMethodTable Weak       Min:  0.0, Avg:  0.0, Max:  0.0, Diff:  0.0, Sum:  0.1, Workers: 4
[3788.681s][debug][gc,phases      ] GC(215)     Dead                           Min: 0, Avg:  0.0, Max: 0, Diff: 0, Sum: 0, Workers: 4
[3788.681s][debug][gc,phases      ] GC(215)     Total                          Min: 2496, Avg: 2610.8, Max: 2816, Diff: 320, Sum: 10443, Workers: 4
[3788.681s][debug][gc,phases      ] GC(215)   JNI Weak                       Min:  0.0, Avg:  0.0, Max:  0.0, Diff:  0.0, Sum:  0.0, Workers: 4
[3788.681s][debug][gc,phases      ] GC(215)     Dead                           Min: 0, Avg:  0.0, Max: 0, Diff: 0, Sum: 0, Workers: 4
[3788.681s][debug][gc,phases      ] GC(215)     Total                          Min: 0, Avg: 11.2, Max: 45, Diff: 45, Sum: 45, Workers: 4
[3788.681s][debug][gc,phases      ] GC(215)   StringDedup Table Weak         Min:  0.0, Avg:  0.0, Max:  0.0, Diff:  0.0, Sum:  0.0, Workers: 4
[3788.681s][debug][gc,phases      ] GC(215)     Dead                           Min: 0, Avg:  0.0, Max: 0, Diff: 0, Sum: 0, Workers: 4
[3788.681s][debug][gc,phases      ] GC(215)     Total                          Min: 0, Avg:  0.0, Max: 0, Diff: 0, Sum: 0, Workers: 4
[3788.681s][debug][gc,phases      ] GC(215)   StringDedup Requests0 Weak     Min:  0.0, Avg:  0.0, Max:  0.0, Diff:  0.0, Sum:  0.0, Workers: 4
[3788.681s][debug][gc,phases      ] GC(215)     Dead                           Min: 0, Avg:  0.0, Max: 0, Diff: 0, Sum: 0, Workers: 4
[3788.681s][debug][gc,phases      ] GC(215)     Total                          Min: 0, Avg:  0.0, Max: 0, Diff: 0, Sum: 0, Workers: 4
[3788.681s][debug][gc,phases      ] GC(215)   StringDedup Requests1 Weak     Min:  0.0, Avg:  0.0, Max:  0.0, Diff:  0.0, Sum:  0.0, Workers: 4
[3788.681s][debug][gc,phases      ] GC(215)     Dead                           Min: 0, Avg:  0.0, Max: 0, Diff: 0, Sum: 0, Workers: 4
[3788.681s][debug][gc,phases      ] GC(215)     Total                          Min: 0, Avg:  0.0, Max: 0, Diff: 0, Sum: 0, Workers: 4
[3788.681s][debug][gc,phases      ] GC(215)   Weak JFR Old Object Samples    Min:  0.0, Avg:  0.0, Max:  0.0, Diff:  0.0, Sum:  0.0, Workers: 4
[3788.681s][debug][gc,phases      ] GC(215)     Dead                           Min: 0, Avg:  0.0, Max: 0, Diff: 0, Sum: 0, Workers: 4
[3788.681s][debug][gc,phases      ] GC(215)     Total                          Min: 0, Avg:  0.0, Max: 0, Diff: 0, Sum: 0, Workers: 4
[3788.681s][debug][gc,phases      ] GC(215) Weak Processing 0.352ms
[3788.681s][debug][gc,age         ] GC(215) Desired survivor size 164626432 bytes, new threshold 15 (max threshold 15)
[3788.681s][info ][gc,heap        ] GC(215) PSYoungGen: 1847943K(1935360K)->71222K(1933824K) Eden: 1772032K(1772032K)->0K(1772032K) From: 75911K(163328K)->71222K(161792K)
[3788.681s][info ][gc,heap        ] GC(215) ParOldGen: 764925K(877056K)->769698K(877056K)
[3788.681s][info ][gc,metaspace   ] GC(215) Metaspace: 85960K(87040K)->85960K(87040K) NonClass: 73873K(74432K)->73873K(74432K) Class: 12086K(12608K)->12086K(12608K)
[3788.681s][info ][gc             ] GC(215) Pause Young (Allocation Failure) 2551M->821M(2745M) 29.386ms
[3788.681s][info ][gc,cpu         ] GC(215) User=0.11s Sys=0.00s Real=0.03s
[3788.681s][info ][safepoint      ] Safepoint "ParallelGCFailedAllocation", Time since last: 22861531875 ns, Reaching safepoint: 68805 ns, At safepoint: 29478597 ns, Total: 29547402 ns
[3792.681s][info ][safepoint      ] Safepoint "Cleanup", Time since last: 4000271064 ns, Reaching safepoint: 44603 ns, At safepoint: 3000 ns, Total: 47603 ns
[3793.681s][info ][safepoint      ] Safepoint "Cleanup", Time since last: 1000115745 ns, Reaching safepoint: 33102 ns, At safepoint: 3000 ns, Total: 36102 ns
[3795.681s][info ][safepoint      ] Safepoint "Cleanup", Time since last: 2000182986 ns, Reaching safepoint: 59104 ns, At safepoint: 4301 ns, Total: 63405 ns
[3797.682s][info ][safepoint      ] Safepoint "Cleanup", Time since last: 2000182785 ns, Reaching safepoint: 46404 ns, At safepoint: 2900 ns, Total: 49304 ns
[3798.682s][info ][safepoint      ] Safepoint "Cleanup", Time since last: 1000089443 ns, Reaching safepoint: 70305 ns, At safepoint: 2900 ns, Total: 73205 ns
[3799.682s][info ][safepoint      ] Safepoint "Cleanup", Time since last: 1000107844 ns, Reaching safepoint: 45703 ns, At safepoint: 5401 ns, Total: 51104 ns
[3801.682s][info ][safepoint      ] Safepoint "Cleanup", Time since last: 2000167585 ns, Reaching safepoint: 78705 ns, At safepoint: 11301 ns, Total: 90006 ns
[3803.682s][info ][safepoint      ] Safepoint "Cleanup", Time since last: 2000173286 ns, Reaching safepoint: 45303 ns, At safepoint: 8201 ns, Total: 53504 ns
[3806.683s][info ][safepoint      ] Safepoint "Cleanup", Time since last: 3000215725 ns, Reaching safepoint: 47303 ns, At safepoint: 5201 ns, Total: 52504 ns
[3809.151s][info ][gc,start       ] GC(216) Pause Young (Allocation Failure)
[3809.179s][debug][gc,phases      ] GC(216) Scavenge 28.035ms
[3809.179s][debug][gc,ref         ] GC(216) Skipped phase 1 of Reference Processing: no references
[3809.180s][debug][gc,ref         ] GC(216) ReferenceProcessor::execute queues: 1, RefProcThreadModel::Single, marks_oops_alive: false
[3809.180s][debug][gc,ref         ] GC(216) Skipped phase 3 of Reference Processing: no references
[3809.180s][debug][gc,ref         ] GC(216) ReferenceProcessor::execute queues: 1, RefProcThreadModel::Single, marks_oops_alive: false
[3809.180s][debug][gc,phases      ] GC(216) Reference Processing 0.113ms
[3809.180s][debug][gc,phases      ] GC(216)   VM Weak                        Min:  0.0, Avg:  0.0, Max:  0.0, Diff:  0.0, Sum:  0.0, Workers: 4
[3809.180s][debug][gc,phases      ] GC(216)     Dead                           Min: 0, Avg:  0.0, Max: 0, Diff: 0, Sum: 0, Workers: 4
[3809.180s][debug][gc,phases      ] GC(216)     Total                          Min: 0, Avg: 204.5, Max: 690, Diff: 690, Sum: 818, Workers: 4
[3809.180s][debug][gc,phases      ] GC(216)   ObjectSynchronizer Weak        Min:  0.0, Avg:  0.0, Max:  0.0, Diff:  0.0, Sum:  0.0, Workers: 4
[3809.180s][debug][gc,phases      ] GC(216)     Dead                           Min: 0, Avg:  0.0, Max: 0, Diff: 0, Sum: 0, Workers: 4
[3809.180s][debug][gc,phases      ] GC(216)     Total                          Min: 0, Avg: 27.0, Max: 64, Diff: 64, Sum: 108, Workers: 4
[3809.180s][debug][gc,phases      ] GC(216)   JVMTI Tag Weak OopStorage      Min:  0.0, Avg:  0.0, Max:  0.0, Diff:  0.0, Sum:  0.0, Workers: 4
[3809.180s][debug][gc,phases      ] GC(216)     Dead                           Min: 0, Avg:  0.0, Max: 0, Diff: 0, Sum: 0, Workers: 4
[3809.180s][debug][gc,phases      ] GC(216)     Total                          Min: 0, Avg:  0.0, Max: 0, Diff: 0, Sum: 0, Workers: 4
[3809.180s][debug][gc,phases      ] GC(216)   StringTable Weak               Min:  0.0, Avg:  0.1, Max:  0.1, Diff:  0.1, Sum:  0.4, Workers: 4
[3809.180s][debug][gc,phases      ] GC(216)     Dead                           Min: 0, Avg:  0.0, Max: 0, Diff: 0, Sum: 0, Workers: 4
[3809.180s][debug][gc,phases      ] GC(216)     Total                          Min: 0, Avg: 11135.8, Max: 16191, Diff: 16191, Sum: 44543, Workers: 4
[3809.180s][debug][gc,phases      ] GC(216)   ResolvedMethodTable Weak       Min:  0.0, Avg:  0.0, Max:  0.0, Diff:  0.0, Sum:  0.1, Workers: 4
[3809.180s][debug][gc,phases      ] GC(216)     Dead                           Min: 0, Avg:  0.0, Max: 0, Diff: 0, Sum: 0, Workers: 4
[3809.180s][debug][gc,phases      ] GC(216)     Total                          Min: 0, Avg: 2610.8, Max: 3660, Diff: 3660, Sum: 10443, Workers: 4
[3809.180s][debug][gc,phases      ] GC(216)   JNI Weak                       Min:  0.0, Avg:  0.0, Max:  0.0, Diff:  0.0, Sum:  0.0, Workers: 4
[3809.180s][debug][gc,phases      ] GC(216)     Dead                           Min: 0, Avg:  0.0, Max: 0, Diff: 0, Sum: 0, Workers: 4
[3809.180s][debug][gc,phases      ] GC(216)     Total                          Min: 0, Avg: 11.2, Max: 45, Diff: 45, Sum: 45, Workers: 4
[3809.180s][debug][gc,phases      ] GC(216)   StringDedup Table Weak         Min:  0.0, Avg:  0.0, Max:  0.0, Diff:  0.0, Sum:  0.0, Workers: 4
[3809.180s][debug][gc,phases      ] GC(216)     Dead                           Min: 0, Avg:  0.0, Max: 0, Diff: 0, Sum: 0, Workers: 4
[3809.180s][debug][gc,phases      ] GC(216)     Total                          Min: 0, Avg:  0.0, Max: 0, Diff: 0, Sum: 0, Workers: 4
[3809.180s][debug][gc,phases      ] GC(216)   StringDedup Requests0 Weak     Min:  0.0, Avg:  0.0, Max:  0.0, Diff:  0.0, Sum:  0.0, Workers: 4
[3809.180s][debug][gc,phases      ] GC(216)     Dead                           Min: 0, Avg:  0.0, Max: 0, Diff: 0, Sum: 0, Workers: 4
[3809.180s][debug][gc,phases      ] GC(216)     Total                          Min: 0, Avg:  0.0, Max: 0, Diff: 0, Sum: 0, Workers: 4
[3809.180s][debug][gc,phases      ] GC(216)   StringDedup Requests1 Weak     Min:  0.0, Avg:  0.0, Max:  0.0, Diff:  0.0, Sum:  0.0, Workers: 4
[3809.180s][debug][gc,phases      ] GC(216)     Dead                           Min: 0, Avg:  0.0, Max: 0, Diff: 0, Sum: 0, Workers: 4
[3809.180s][debug][gc,phases      ] GC(216)     Total                          Min: 0, Avg:  0.0, Max: 0, Diff: 0, Sum: 0, Workers: 4
[3809.180s][debug][gc,phases      ] GC(216)   Weak JFR Old Object Samples    Min:  0.0, Avg:  0.0, Max:  0.0, Diff:  0.0, Sum:  0.0, Workers: 4
[3809.180s][debug][gc,phases      ] GC(216)     Dead                           Min: 0, Avg:  0.0, Max: 0, Diff: 0, Sum: 0, Workers: 4
[3809.180s][debug][gc,phases      ] GC(216)     Total                          Min: 0, Avg:  0.0, Max: 0, Diff: 0, Sum: 0, Workers: 4
[3809.180s][debug][gc,phases      ] GC(216) Weak Processing 0.404ms
[3809.180s][debug][gc,age         ] GC(216) Desired survivor size 165675008 bytes, new threshold 15 (max threshold 15)
[3809.180s][info ][gc,heap        ] GC(216) PSYoungGen: 1843254K(1933824K)->54694K(1934336K) Eden: 1772032K(1772032K)->0K(1773568K) From: 71222K(161792K)->54694K(160768K)
[3809.180s][info ][gc,heap        ] GC(216) ParOldGen: 769698K(877056K)->770594K(877056K)
[3809.180s][info ][gc,metaspace   ] GC(216) Metaspace: 85962K(87040K)->85962K(87040K) NonClass: 73875K(74432K)->73875K(74432K) Class: 12086K(12608K)->12086K(12608K)
[3809.180s][info ][gc             ] GC(216) Pause Young (Allocation Failure) 2551M->805M(2745M) 28.692ms
[3809.180s][info ][gc,cpu         ] GC(216) User=0.09s Sys=0.00s Real=0.03s
[3809.180s][info ][safepoint      ] Safepoint "ParallelGCFailedAllocation", Time since last: 2468434196 ns, Reaching safepoint: 115708 ns, At safepoint: 28784248 ns, Total: 28899956 ns
[3815.180s][info ][safepoint      ] Safepoint "Cleanup", Time since last: 6000374348 ns, Reaching safepoint: 42103 ns, At safepoint: 3000 ns, Total: 45103 ns
[3818.181s][info ][safepoint      ] Safepoint "Cleanup", Time since last: 3000227927 ns, Reaching safepoint: 51804 ns, At safepoint: 27702 ns, Total: 79506 ns
[3825.181s][info ][safepoint      ] Safepoint "Cleanup", Time since last: 7000505895 ns, Reaching safepoint: 49504 ns, At safepoint: 3500 ns, Total: 53004 ns
[3828.182s][info ][safepoint      ] Safepoint "Cleanup", Time since last: 3000191225 ns, Reaching safepoint: 50504 ns, At safepoint: 4300 ns, Total: 54804 ns
[3834.182s][info ][safepoint      ] Safepoint "Cleanup", Time since last: 6000433955 ns, Reaching safepoint: 47004 ns, At safepoint: 5200 ns, Total: 52204 ns
[3835.501s][info ][gc,start       ] GC(217) Pause Young (Allocation Failure)
[3835.526s][debug][gc,phases      ] GC(217) Scavenge 25.051ms
[3835.526s][debug][gc,ref         ] GC(217) Skipped phase 1 of Reference Processing: no references
[3835.526s][debug][gc,ref         ] GC(217) ReferenceProcessor::execute queues: 1, RefProcThreadModel::Single, marks_oops_alive: false
[3835.526s][debug][gc,ref         ] GC(217) ReferenceProcessor::execute queues: 4, RefProcThreadModel::Multi, marks_oops_alive: true
[3835.526s][debug][gc,ref         ] GC(217) ReferenceProcessor::execute queues: 1, RefProcThreadModel::Single, marks_oops_alive: false
[3835.526s][debug][gc,phases      ] GC(217) Reference Processing 0.504ms
[3835.527s][debug][gc,phases      ] GC(217)   VM Weak                        Min:  0.0, Avg:  0.0, Max:  0.0, Diff:  0.0, Sum:  0.0, Workers: 4
[3835.527s][debug][gc,phases      ] GC(217)     Dead                           Min: 0, Avg:  0.0, Max: 0, Diff: 0, Sum: 0, Workers: 4
[3835.527s][debug][gc,phases      ] GC(217)     Total                          Min: 0, Avg: 204.5, Max: 517, Diff: 517, Sum: 818, Workers: 4
[3835.527s][debug][gc,phases      ] GC(217)   ObjectSynchronizer Weak        Min:  0.0, Avg:  0.0, Max:  0.0, Diff:  0.0, Sum:  0.0, Workers: 4
[3835.527s][debug][gc,phases      ] GC(217)     Dead                           Min: 0, Avg:  0.0, Max: 0, Diff: 0, Sum: 0, Workers: 4
[3835.527s][debug][gc,phases      ] GC(217)     Total                          Min: 0, Avg: 27.0, Max: 64, Diff: 64, Sum: 108, Workers: 4
[3835.527s][debug][gc,phases      ] GC(217)   JVMTI Tag Weak OopStorage      Min:  0.0, Avg:  0.0, Max:  0.0, Diff:  0.0, Sum:  0.0, Workers: 4
[3835.527s][debug][gc,phases      ] GC(217)     Dead                           Min: 0, Avg:  0.0, Max: 0, Diff: 0, Sum: 0, Workers: 4
[3835.527s][debug][gc,phases      ] GC(217)     Total                          Min: 0, Avg:  0.0, Max: 0, Diff: 0, Sum: 0, Workers: 4
[3835.527s][debug][gc,phases      ] GC(217)   StringTable Weak               Min:  0.2, Avg:  0.2, Max:  0.2, Diff:  0.0, Sum:  0.6, Workers: 4
[3835.527s][debug][gc,phases      ] GC(217)     Dead                           Min: 0, Avg:  0.0, Max: 0, Diff: 0, Sum: 0, Workers: 4
[3835.527s][debug][gc,phases      ] GC(217)     Total                          Min: 6593, Avg: 11136.2, Max: 14976, Diff: 8383, Sum: 44545, Workers: 4
[3835.527s][debug][gc,phases      ] GC(217)   ResolvedMethodTable Weak       Min:  0.0, Avg:  0.1, Max:  0.4, Diff:  0.3, Sum:  0.5, Workers: 4
[3835.527s][debug][gc,phases      ] GC(217)     Dead                           Min: 0, Avg:  0.0, Max: 0, Diff: 0, Sum: 0, Workers: 4
[3835.527s][debug][gc,phases      ] GC(217)     Total                          Min: 640, Avg: 2610.8, Max: 4160, Diff: 3520, Sum: 10443, Workers: 4
[3835.527s][debug][gc,phases      ] GC(217)   JNI Weak                       Min:  0.0, Avg:  0.0, Max:  0.0, Diff:  0.0, Sum:  0.0, Workers: 4
[3835.527s][debug][gc,phases      ] GC(217)     Dead                           Min: 0, Avg:  0.0, Max: 0, Diff: 0, Sum: 0, Workers: 4
[3835.527s][debug][gc,phases      ] GC(217)     Total                          Min: 0, Avg: 11.2, Max: 45, Diff: 45, Sum: 45, Workers: 4
[3835.527s][debug][gc,phases      ] GC(217)   StringDedup Table Weak         Min:  0.0, Avg:  0.0, Max:  0.0, Diff:  0.0, Sum:  0.0, Workers: 4
[3835.527s][debug][gc,phases      ] GC(217)     Dead                           Min: 0, Avg:  0.0, Max: 0, Diff: 0, Sum: 0, Workers: 4
[3835.527s][debug][gc,phases      ] GC(217)     Total                          Min: 0, Avg:  0.0, Max: 0, Diff: 0, Sum: 0, Workers: 4
[3835.527s][debug][gc,phases      ] GC(217)   StringDedup Requests0 Weak     Min:  0.0, Avg:  0.0, Max:  0.0, Diff:  0.0, Sum:  0.0, Workers: 4
[3835.527s][debug][gc,phases      ] GC(217)     Dead                           Min: 0, Avg:  0.0, Max: 0, Diff: 0, Sum: 0, Workers: 4
[3835.527s][debug][gc,phases      ] GC(217)     Total                          Min: 0, Avg:  0.0, Max: 0, Diff: 0, Sum: 0, Workers: 4
[3835.527s][debug][gc,phases      ] GC(217)   StringDedup Requests1 Weak     Min:  0.0, Avg:  0.0, Max:  0.0, Diff:  0.0, Sum:  0.0, Workers: 4
[3835.527s][debug][gc,phases      ] GC(217)     Dead                           Min: 0, Avg:  0.0, Max: 0, Diff: 0, Sum: 0, Workers: 4
[3835.527s][debug][gc,phases      ] GC(217)     Total                          Min: 0, Avg:  0.0, Max: 0, Diff: 0, Sum: 0, Workers: 4
[3835.527s][debug][gc,phases      ] GC(217)   Weak JFR Old Object Samples    Min:  0.0, Avg:  0.0, Max:  0.0, Diff:  0.0, Sum:  0.0, Workers: 4
[3835.527s][debug][gc,phases      ] GC(217)     Dead                           Min: 0, Avg:  0.0, Max: 0, Diff: 0, Sum: 0, Workers: 4
[3835.527s][debug][gc,phases      ] GC(217)     Total                          Min: 0, Avg:  0.0, Max: 0, Diff: 0, Sum: 0, Workers: 4
[3835.527s][debug][gc,phases      ] GC(217) Weak Processing 0.690ms
[3835.527s][debug][gc,age         ] GC(217) Desired survivor size 165675008 bytes, new threshold 15 (max threshold 15)
[3835.527s][info ][gc,heap        ] GC(217) PSYoungGen: 1828262K(1934336K)->54262K(1935360K) Eden: 1773568K(1773568K)->0K(1773568K) From: 54694K(160768K)->54262K(161792K)
[3835.527s][info ][gc,heap        ] GC(217) ParOldGen: 770594K(877056K)->771126K(877056K)
[3835.527s][info ][gc,metaspace   ] GC(217) Metaspace: 85966K(87040K)->85966K(87040K) NonClass: 73879K(74432K)->73879K(74432K) Class: 12086K(12608K)->12086K(12608K)
[3835.527s][info ][gc             ] GC(217) Pause Young (Allocation Failure) 2537M->806M(2746M) 26.391ms
[3835.527s][info ][gc,cpu         ] GC(217) User=0.08s Sys=0.00s Real=0.02s
[3835.527s][info ][safepoint      ] Safepoint "ParallelGCFailedAllocation", Time since last: 1318476993 ns, Reaching safepoint: 109708 ns, At safepoint: 26478183 ns, Total: 26587891 ns
[3841.528s][info ][safepoint      ] Safepoint "Cleanup", Time since last: 6000414955 ns, Reaching safepoint: 44403 ns, At safepoint: 4001 ns, Total: 48404 ns
[3842.528s][info ][safepoint      ] Safepoint "Cleanup", Time since last: 1000066842 ns, Reaching safepoint: 52704 ns, At safepoint: 5100 ns, Total: 57804 ns
[3843.528s][info ][safepoint      ] Safepoint "Cleanup", Time since last: 1000094345 ns, Reaching safepoint: 48403 ns, At safepoint: 4100 ns, Total: 52503 ns
[3845.528s][info ][safepoint      ] Safepoint "Cleanup", Time since last: 2000179289 ns, Reaching safepoint: 52303 ns, At safepoint: 3200 ns, Total: 55503 ns
[3860.351s][info ][gc,start       ] GC(218) Pause Young (Allocation Failure)
[3860.388s][debug][gc,phases      ] GC(218) Scavenge 37.023ms
[3860.388s][debug][gc,ref         ] GC(218) Skipped phase 1 of Reference Processing: no references
[3860.388s][debug][gc,ref         ] GC(218) ReferenceProcessor::execute queues: 1, RefProcThreadModel::Single, marks_oops_alive: false
[3860.388s][debug][gc,ref         ] GC(218) Skipped phase 3 of Reference Processing: no references
[3860.388s][debug][gc,ref         ] GC(218) ReferenceProcessor::execute queues: 1, RefProcThreadModel::Single, marks_oops_alive: false
[3860.388s][debug][gc,phases      ] GC(218) Reference Processing 0.111ms
[3860.388s][debug][gc,phases      ] GC(218)   VM Weak                        Min:  0.0, Avg:  0.0, Max:  0.0, Diff:  0.0, Sum:  0.0, Workers: 4
[3860.388s][debug][gc,phases      ] GC(218)     Dead                           Min: 0, Avg:  0.0, Max: 0, Diff: 0, Sum: 0, Workers: 4
[3860.388s][debug][gc,phases      ] GC(218)     Total                          Min: 0, Avg: 204.5, Max: 488, Diff: 488, Sum: 818, Workers: 4
[3860.388s][debug][gc,phases      ] GC(218)   ObjectSynchronizer Weak        Min:  0.0, Avg:  0.0, Max:  0.0, Diff:  0.0, Sum:  0.0, Workers: 4
[3860.388s][debug][gc,phases      ] GC(218)     Dead                           Min: 0, Avg:  0.0, Max: 0, Diff: 0, Sum: 0, Workers: 4
[3860.388s][debug][gc,phases      ] GC(218)     Total                          Min: 0, Avg: 27.0, Max: 108, Diff: 108, Sum: 108, Workers: 4
[3860.388s][debug][gc,phases      ] GC(218)   JVMTI Tag Weak OopStorage      Min:  0.0, Avg:  0.0, Max:  0.0, Diff:  0.0, Sum:  0.0, Workers: 4
[3860.388s][debug][gc,phases      ] GC(218)     Dead                           Min: 0, Avg:  0.0, Max: 0, Diff: 0, Sum: 0, Workers: 4
[3860.388s][debug][gc,phases      ] GC(218)     Total                          Min: 0, Avg:  0.0, Max: 0, Diff: 0, Sum: 0, Workers: 4
[3860.388s][debug][gc,phases      ] GC(218)   StringTable Weak               Min:  0.0, Avg:  0.1, Max:  0.1, Diff:  0.1, Sum:  0.4, Workers: 4
[3860.388s][debug][gc,phases      ] GC(218)     Dead                           Min: 0, Avg:  0.0, Max: 0, Diff: 0, Sum: 0, Workers: 4
[3860.388s][debug][gc,phases      ] GC(218)     Total                          Min: 0, Avg: 11136.2, Max: 16129, Diff: 16129, Sum: 44545, Workers: 4
[3860.388s][debug][gc,phases      ] GC(218)   ResolvedMethodTable Weak       Min:  0.0, Avg:  0.0, Max:  0.0, Diff:  0.0, Sum:  0.1, Workers: 4
[3860.388s][debug][gc,phases      ] GC(218)     Dead                           Min: 0, Avg:  0.0, Max: 0, Diff: 0, Sum: 0, Workers: 4
[3860.388s][debug][gc,phases      ] GC(218)     Total                          Min: 0, Avg: 2610.8, Max: 3787, Diff: 3787, Sum: 10443, Workers: 4
[3860.388s][debug][gc,phases      ] GC(218)   JNI Weak                       Min:  0.0, Avg:  0.0, Max:  0.0, Diff:  0.0, Sum:  0.0, Workers: 4
[3860.388s][debug][gc,phases      ] GC(218)     Dead                           Min: 0, Avg:  0.0, Max: 0, Diff: 0, Sum: 0, Workers: 4
[3860.388s][debug][gc,phases      ] GC(218)     Total                          Min: 0, Avg: 11.2, Max: 45, Diff: 45, Sum: 45, Workers: 4
[3860.388s][debug][gc,phases      ] GC(218)   StringDedup Table Weak         Min:  0.0, Avg:  0.0, Max:  0.0, Diff:  0.0, Sum:  0.0, Workers: 4
[3860.388s][debug][gc,phases      ] GC(218)     Dead                           Min: 0, Avg:  0.0, Max: 0, Diff: 0, Sum: 0, Workers: 4
[3860.388s][debug][gc,phases      ] GC(218)     Total                          Min: 0, Avg:  0.0, Max: 0, Diff: 0, Sum: 0, Workers: 4
[3860.388s][debug][gc,phases      ] GC(218)   StringDedup Requests0 Weak     Min:  0.0, Avg:  0.0, Max:  0.0, Diff:  0.0, Sum:  0.0, Workers: 4
[3860.388s][debug][gc,phases      ] GC(218)     Dead                           Min: 0, Avg:  0.0, Max: 0, Diff: 0, Sum: 0, Workers: 4
[3860.388s][debug][gc,phases      ] GC(218)     Total                          Min: 0, Avg:  0.0, Max: 0, Diff: 0, Sum: 0, Workers: 4
[3860.388s][debug][gc,phases      ] GC(218)   StringDedup Requests1 Weak     Min:  0.0, Avg:  0.0, Max:  0.0, Diff:  0.0, Sum:  0.0, Workers: 4
[3860.388s][debug][gc,phases      ] GC(218)     Dead                           Min: 0, Avg:  0.0, Max: 0, Diff: 0, Sum: 0, Workers: 4
[3860.388s][debug][gc,phases      ] GC(218)     Total                          Min: 0, Avg:  0.0, Max: 0, Diff: 0, Sum: 0, Workers: 4
[3860.388s][debug][gc,phases      ] GC(218)   Weak JFR Old Object Samples    Min:  0.0, Avg:  0.0, Max:  0.0, Diff:  0.0, Sum:  0.0, Workers: 4
[3860.388s][debug][gc,phases      ] GC(218)     Dead                           Min: 0, Avg:  0.0, Max: 0, Diff: 0, Sum: 0, Workers: 4
[3860.388s][debug][gc,phases      ] GC(218)     Total                          Min: 0, Avg:  0.0, Max: 0, Diff: 0, Sum: 0, Workers: 4
[3860.388s][debug][gc,phases      ] GC(218) Weak Processing 0.399ms
[3860.388s][debug][gc,age         ] GC(218) Desired survivor size 171966464 bytes, new threshold 15 (max threshold 15)
[3860.388s][info ][gc,heap        ] GC(218) PSYoungGen: 1827830K(1935360K)->11526K(1923072K) Eden: 1773568K(1773568K)->0K(1761280K) From: 54262K(161792K)->11526K(161792K)
[3860.388s][info ][gc,heap        ] GC(218) ParOldGen: 771126K(877056K)->814202K(877056K)
[3860.388s][info ][gc,metaspace   ] GC(218) Metaspace: 85973K(87040K)->85973K(87040K) NonClass: 73887K(74432K)->73887K(74432K) Class: 12086K(12608K)->12086K(12608K)
[3860.388s][info ][gc             ] GC(218) Pause Young (Allocation Failure) 2538M->806M(2734M) 37.683ms
[3860.388s][info ][gc,cpu         ] GC(218) User=0.13s Sys=0.01s Real=0.03s
[3860.388s][info ][safepoint      ] Safepoint "ParallelGCFailedAllocation", Time since last: 14822316429 ns, Reaching safepoint: 111808 ns, At safepoint: 37773787 ns, Total: 37885595 ns
[3882.097s][info ][gc,start       ] GC(219) Pause Young (Allocation Failure)
[3882.110s][debug][gc,phases      ] GC(219) Scavenge 12.761ms
[3882.110s][debug][gc,ref         ] GC(219) Skipped phase 1 of Reference Processing: no references
[3882.110s][debug][gc,ref         ] GC(219) ReferenceProcessor::execute queues: 1, RefProcThreadModel::Single, marks_oops_alive: false
[3882.110s][debug][gc,ref         ] GC(219) Skipped phase 3 of Reference Processing: no references
[3882.110s][debug][gc,ref         ] GC(219) ReferenceProcessor::execute queues: 1, RefProcThreadModel::Single, marks_oops_alive: false
[3882.110s][debug][gc,phases      ] GC(219) Reference Processing 0.113ms
[3882.111s][debug][gc,phases      ] GC(219)   VM Weak                        Min:  0.0, Avg:  0.0, Max:  0.0, Diff:  0.0, Sum:  0.0, Workers: 4
[3882.111s][debug][gc,phases      ] GC(219)     Dead                           Min: 0, Avg:  0.0, Max: 0, Diff: 0, Sum: 0, Workers: 4
[3882.111s][debug][gc,phases      ] GC(219)     Total                          Min: 0, Avg: 204.5, Max: 754, Diff: 754, Sum: 818, Workers: 4
[3882.111s][debug][gc,phases      ] GC(219)   ObjectSynchronizer Weak        Min:  0.0, Avg:  0.0, Max:  0.0, Diff:  0.0, Sum:  0.0, Workers: 4
[3882.111s][debug][gc,phases      ] GC(219)     Dead                           Min: 0, Avg:  0.0, Max: 0, Diff: 0, Sum: 0, Workers: 4
[3882.111s][debug][gc,phases      ] GC(219)     Total                          Min: 0, Avg: 27.0, Max: 64, Diff: 64, Sum: 108, Workers: 4
[3882.111s][debug][gc,phases      ] GC(219)   JVMTI Tag Weak OopStorage      Min:  0.0, Avg:  0.0, Max:  0.0, Diff:  0.0, Sum:  0.0, Workers: 4
[3882.111s][debug][gc,phases      ] GC(219)     Dead                           Min: 0, Avg:  0.0, Max: 0, Diff: 0, Sum: 0, Workers: 4
[3882.111s][debug][gc,phases      ] GC(219)     Total                          Min: 0, Avg:  0.0, Max: 0, Diff: 0, Sum: 0, Workers: 4
[3882.111s][debug][gc,phases      ] GC(219)   StringTable Weak               Min:  0.1, Avg:  0.1, Max:  0.1, Diff:  0.0, Sum:  0.4, Workers: 4
[3882.111s][debug][gc,phases      ] GC(219)     Dead                           Min: 0, Avg:  0.0, Max: 0, Diff: 0, Sum: 0, Workers: 4
[3882.111s][debug][gc,phases      ] GC(219)     Total                          Min: 10304, Avg: 11136.2, Max: 11968, Diff: 1664, Sum: 44545, Workers: 4
[3882.111s][debug][gc,phases      ] GC(219)   ResolvedMethodTable Weak       Min:  0.0, Avg:  0.0, Max:  0.0, Diff:  0.0, Sum:  0.1, Workers: 4
[3882.111s][debug][gc,phases      ] GC(219)     Dead                           Min: 0, Avg:  0.0, Max: 0, Diff: 0, Sum: 0, Workers: 4
[3882.111s][debug][gc,phases      ] GC(219)     Total                          Min: 2432, Avg: 2610.8, Max: 2956, Diff: 524, Sum: 10443, Workers: 4
[3882.111s][debug][gc,phases      ] GC(219)   JNI Weak                       Min:  0.0, Avg:  0.0, Max:  0.0, Diff:  0.0, Sum:  0.0, Workers: 4
[3882.111s][debug][gc,phases      ] GC(219)     Dead                           Min: 0, Avg:  0.0, Max: 0, Diff: 0, Sum: 0, Workers: 4
[3882.111s][debug][gc,phases      ] GC(219)     Total                          Min: 0, Avg: 11.2, Max: 45, Diff: 45, Sum: 45, Workers: 4
[3882.111s][debug][gc,phases      ] GC(219)   StringDedup Table Weak         Min:  0.0, Avg:  0.0, Max:  0.0, Diff:  0.0, Sum:  0.0, Workers: 4
[3882.111s][debug][gc,phases      ] GC(219)     Dead                           Min: 0, Avg:  0.0, Max: 0, Diff: 0, Sum: 0, Workers: 4
[3882.111s][debug][gc,phases      ] GC(219)     Total                          Min: 0, Avg:  0.0, Max: 0, Diff: 0, Sum: 0, Workers: 4
[3882.111s][debug][gc,phases      ] GC(219)   StringDedup Requests0 Weak     Min:  0.0, Avg:  0.0, Max:  0.0, Diff:  0.0, Sum:  0.0, Workers: 4
[3882.111s][debug][gc,phases      ] GC(219)     Dead                           Min: 0, Avg:  0.0, Max: 0, Diff: 0, Sum: 0, Workers: 4
[3882.111s][debug][gc,phases      ] GC(219)     Total                          Min: 0, Avg:  0.0, Max: 0, Diff: 0, Sum: 0, Workers: 4
[3882.111s][debug][gc,phases      ] GC(219)   StringDedup Requests1 Weak     Min:  0.0, Avg:  0.0, Max:  0.0, Diff:  0.0, Sum:  0.0, Workers: 4
[3882.111s][debug][gc,phases      ] GC(219)     Dead                           Min: 0, Avg:  0.0, Max: 0, Diff: 0, Sum: 0, Workers: 4
[3882.111s][debug][gc,phases      ] GC(219)     Total                          Min: 0, Avg:  0.0, Max: 0, Diff: 0, Sum: 0, Workers: 4
[3882.111s][debug][gc,phases      ] GC(219)   Weak JFR Old Object Samples    Min:  0.0, Avg:  0.0, Max:  0.0, Diff:  0.0, Sum:  0.0, Workers: 4
[3882.111s][debug][gc,phases      ] GC(219)     Dead                           Min: 0, Avg:  0.0, Max: 0, Diff: 0, Sum: 0, Workers: 4
[3882.111s][debug][gc,phases      ] GC(219)     Total                          Min: 0, Avg:  0.0, Max: 0, Diff: 0, Sum: 0, Workers: 4
[3882.111s][debug][gc,phases      ] GC(219) Weak Processing 0.336ms
[3882.111s][debug][gc,age         ] GC(219) Desired survivor size 175112192 bytes, new threshold 15 (max threshold 15)
[3882.111s][info ][gc,heap        ] GC(219) PSYoungGen: 1772806K(1923072K)->11446K(1773056K) Eden: 1761280K(1761280K)->0K(1761280K) From: 11526K(161792K)->11446K(11776K)
[3882.111s][info ][gc,heap        ] GC(219) ParOldGen: 814202K(877056K)->816803K(877056K)
[3882.111s][info ][gc,metaspace   ] GC(219) Metaspace: 85979K(87040K)->85979K(87040K) NonClass: 73892K(74432K)->73892K(74432K) Class: 12086K(12608K)->12086K(12608K)
[3882.111s][info ][gc             ] GC(219) Pause Young (Allocation Failure) 2526M->808M(2588M) 13.343ms
[3882.111s][info ][gc,cpu         ] GC(219) User=0.03s Sys=0.01s Real=0.02s
[3882.111s][info ][safepoint      ] Safepoint "ParallelGCFailedAllocation", Time since last: 21708995042 ns, Reaching safepoint: 105808 ns, At safepoint: 13423255 ns, Total: 13529063 ns
[3897.112s][info ][safepoint      ] Safepoint "Cleanup", Time since last: 15001043656 ns, Reaching safepoint: 57804 ns, At safepoint: 3800 ns, Total: 61604 ns
[3903.048s][info ][gc,start       ] GC(220) Pause Young (Allocation Failure)
[3903.059s][debug][gc,phases      ] GC(220) Scavenge 10.829ms
[3903.059s][debug][gc,ref         ] GC(220) Skipped phase 1 of Reference Processing: no references
[3903.059s][debug][gc,ref         ] GC(220) ReferenceProcessor::execute queues: 1, RefProcThreadModel::Single, marks_oops_alive: false
[3903.059s][debug][gc,ref         ] GC(220) Skipped phase 3 of Reference Processing: no references
[3903.059s][debug][gc,ref         ] GC(220) ReferenceProcessor::execute queues: 1, RefProcThreadModel::Single, marks_oops_alive: false
[3903.059s][debug][gc,phases      ] GC(220) Reference Processing 0.105ms
[3903.059s][debug][gc,phases      ] GC(220)   VM Weak                        Min:  0.0, Avg:  0.0, Max:  0.0, Diff:  0.0, Sum:  0.0, Workers: 4
[3903.059s][debug][gc,phases      ] GC(220)     Dead                           Min: 0, Avg:  0.0, Max: 0, Diff: 0, Sum: 0, Workers: 4
[3903.059s][debug][gc,phases      ] GC(220)     Total                          Min: 0, Avg: 204.5, Max: 818, Diff: 818, Sum: 818, Workers: 4
[3903.059s][debug][gc,phases      ] GC(220)   ObjectSynchronizer Weak        Min:  0.0, Avg:  0.0, Max:  0.0, Diff:  0.0, Sum:  0.0, Workers: 4
[3903.059s][debug][gc,phases      ] GC(220)     Dead                           Min: 0, Avg:  0.0, Max: 0, Diff: 0, Sum: 0, Workers: 4
[3903.059s][debug][gc,phases      ] GC(220)     Total                          Min: 0, Avg: 27.0, Max: 64, Diff: 64, Sum: 108, Workers: 4
[3903.059s][debug][gc,phases      ] GC(220)   JVMTI Tag Weak OopStorage      Min:  0.0, Avg:  0.0, Max:  0.0, Diff:  0.0, Sum:  0.0, Workers: 4
[3903.059s][debug][gc,phases      ] GC(220)     Dead                           Min: 0, Avg:  0.0, Max: 0, Diff: 0, Sum: 0, Workers: 4
[3903.059s][debug][gc,phases      ] GC(220)     Total                          Min: 0, Avg:  0.0, Max: 0, Diff: 0, Sum: 0, Workers: 4
[3903.059s][debug][gc,phases      ] GC(220)   StringTable Weak               Min:  0.1, Avg:  0.1, Max:  0.1, Diff:  0.0, Sum:  0.4, Workers: 4
[3903.059s][debug][gc,phases      ] GC(220)     Dead                           Min: 0, Avg:  0.0, Max: 0, Diff: 0, Sum: 0, Workers: 4
[3903.059s][debug][gc,phases      ] GC(220)     Total                          Min: 10496, Avg: 11136.2, Max: 11456, Diff: 960, Sum: 44545, Workers: 4
[3903.059s][debug][gc,phases      ] GC(220)   ResolvedMethodTable Weak       Min:  0.0, Avg:  0.0, Max:  0.0, Diff:  0.0, Sum:  0.1, Workers: 4
[3903.059s][debug][gc,phases      ] GC(220)     Dead                           Min: 0, Avg:  0.0, Max: 0, Diff: 0, Sum: 0, Workers: 4
[3903.059s][debug][gc,phases      ] GC(220)     Total                          Min: 2431, Avg: 2610.8, Max: 2700, Diff: 269, Sum: 10443, Workers: 4
[3903.059s][debug][gc,phases      ] GC(220)   JNI Weak                       Min:  0.0, Avg:  0.0, Max:  0.0, Diff:  0.0, Sum:  0.0, Workers: 4
[3903.059s][debug][gc,phases      ] GC(220)     Dead                           Min: 0, Avg:  0.0, Max: 0, Diff: 0, Sum: 0, Workers: 4
[3903.059s][debug][gc,phases      ] GC(220)     Total                          Min: 0, Avg: 11.2, Max: 45, Diff: 45, Sum: 45, Workers: 4
[3903.059s][debug][gc,phases      ] GC(220)   StringDedup Table Weak         Min:  0.0, Avg:  0.0, Max:  0.0, Diff:  0.0, Sum:  0.0, Workers: 4
[3903.059s][debug][gc,phases      ] GC(220)     Dead                           Min: 0, Avg:  0.0, Max: 0, Diff: 0, Sum: 0, Workers: 4
[3903.059s][debug][gc,phases      ] GC(220)     Total                          Min: 0, Avg:  0.0, Max: 0, Diff: 0, Sum: 0, Workers: 4
[3903.059s][debug][gc,phases      ] GC(220)   StringDedup Requests0 Weak     Min:  0.0, Avg:  0.0, Max:  0.0, Diff:  0.0, Sum:  0.0, Workers: 4
[3903.059s][debug][gc,phases      ] GC(220)     Dead                           Min: 0, Avg:  0.0, Max: 0, Diff: 0, Sum: 0, Workers: 4
[3903.059s][debug][gc,phases      ] GC(220)     Total                          Min: 0, Avg:  0.0, Max: 0, Diff: 0, Sum: 0, Workers: 4
[3903.059s][debug][gc,phases      ] GC(220)   StringDedup Requests1 Weak     Min:  0.0, Avg:  0.0, Max:  0.0, Diff:  0.0, Sum:  0.0, Workers: 4
[3903.059s][debug][gc,phases      ] GC(220)     Dead                           Min: 0, Avg:  0.0, Max: 0, Diff: 0, Sum: 0, Workers: 4
[3903.059s][debug][gc,phases      ] GC(220)     Total                          Min: 0, Avg:  0.0, Max: 0, Diff: 0, Sum: 0, Workers: 4
[3903.059s][debug][gc,phases      ] GC(220)   Weak JFR Old Object Samples    Min:  0.0, Avg:  0.0, Max:  0.0, Diff:  0.0, Sum:  0.0, Workers: 4
[3903.059s][debug][gc,phases      ] GC(220)     Dead                           Min: 0, Avg:  0.0, Max: 0, Diff: 0, Sum: 0, Workers: 4
[3903.059s][debug][gc,phases      ] GC(220)     Total                          Min: 0, Avg:  0.0, Max: 0, Diff: 0, Sum: 0, Workers: 4
[3903.059s][debug][gc,phases      ] GC(220) Weak Processing 0.329ms
[3903.059s][debug][gc,age         ] GC(220) Desired survivor size 176685056 bytes, new threshold 15 (max threshold 15)
[3903.059s][info ][gc,heap        ] GC(220) PSYoungGen: 1772726K(1773056K)->11526K(1923072K) Eden: 1761280K(1761280K)->0K(1752064K) From: 11446K(11776K)->11526K(171008K)
[3903.059s][info ][gc,heap        ] GC(220) ParOldGen: 816803K(877056K)->816835K(877056K)
[3903.059s][info ][gc,metaspace   ] GC(220) Metaspace: 85979K(87040K)->85979K(87040K) NonClass: 73892K(74432K)->73892K(74432K) Class: 12086K(12608K)->12086K(12608K)
[3903.059s][info ][gc             ] GC(220) Pause Young (Allocation Failure) 2528M->808M(2734M) 11.380ms
[3903.059s][info ][gc,cpu         ] GC(220) User=0.02s Sys=0.00s Real=0.02s
[3903.059s][info ][safepoint      ] Safepoint "ParallelGCFailedAllocation", Time since last: 5935694060 ns, Reaching safepoint: 115508 ns, At safepoint: 11457415 ns, Total: 11572923 ns
[3904.059s][info ][safepoint      ] Safepoint "Cleanup", Time since last: 1000099146 ns, Reaching safepoint: 121909 ns, At safepoint: 8901 ns, Total: 130810 ns
[3922.061s][info ][safepoint      ] Safepoint "Cleanup", Time since last: 18001384006 ns, Reaching safepoint: 126309 ns, At safepoint: 9101 ns, Total: 135410 ns
[3924.061s][info ][safepoint      ] Safepoint "Cleanup", Time since last: 2000193293 ns, Reaching safepoint: 125308 ns, At safepoint: 8301 ns, Total: 133609 ns
[3924.163s][info ][gc,start       ] GC(221) Pause Young (Allocation Failure)
[3924.173s][debug][gc,phases      ] GC(221) Scavenge 10.852ms
[3924.173s][debug][gc,ref         ] GC(221) Skipped phase 1 of Reference Processing: no references
[3924.174s][debug][gc,ref         ] GC(221) ReferenceProcessor::execute queues: 1, RefProcThreadModel::Single, marks_oops_alive: false
[3924.174s][debug][gc,ref         ] GC(221) Skipped phase 3 of Reference Processing: no references
[3924.174s][debug][gc,ref         ] GC(221) ReferenceProcessor::execute queues: 1, RefProcThreadModel::Single, marks_oops_alive: false
[3924.174s][debug][gc,phases      ] GC(221) Reference Processing 0.114ms
[3924.174s][debug][gc,phases      ] GC(221)   VM Weak                        Min:  0.0, Avg:  0.0, Max:  0.0, Diff:  0.0, Sum:  0.0, Workers: 4
[3924.174s][debug][gc,phases      ] GC(221)     Dead                           Min: 0, Avg:  0.0, Max: 0, Diff: 0, Sum: 0, Workers: 4
[3924.174s][debug][gc,phases      ] GC(221)     Total                          Min: 0, Avg: 204.5, Max: 690, Diff: 690, Sum: 818, Workers: 4
[3924.174s][debug][gc,phases      ] GC(221)   ObjectSynchronizer Weak        Min:  0.0, Avg:  0.0, Max:  0.0, Diff:  0.0, Sum:  0.0, Workers: 4
[3924.174s][debug][gc,phases      ] GC(221)     Dead                           Min: 0, Avg:  0.0, Max: 0, Diff: 0, Sum: 0, Workers: 4
[3924.174s][debug][gc,phases      ] GC(221)     Total                          Min: 0, Avg: 27.0, Max: 64, Diff: 64, Sum: 108, Workers: 4
[3924.174s][debug][gc,phases      ] GC(221)   JVMTI Tag Weak OopStorage      Min:  0.0, Avg:  0.0, Max:  0.0, Diff:  0.0, Sum:  0.0, Workers: 4
[3924.174s][debug][gc,phases      ] GC(221)     Dead                           Min: 0, Avg:  0.0, Max: 0, Diff: 0, Sum: 0, Workers: 4
[3924.174s][debug][gc,phases      ] GC(221)     Total                          Min: 0, Avg:  0.0, Max: 0, Diff: 0, Sum: 0, Workers: 4
[3924.174s][debug][gc,phases      ] GC(221)   StringTable Weak               Min:  0.1, Avg:  0.1, Max:  0.1, Diff:  0.0, Sum:  0.4, Workers: 4
[3924.174s][debug][gc,phases      ] GC(221)     Dead                           Min: 0, Avg:  0.0, Max: 0, Diff: 0, Sum: 0, Workers: 4
[3924.174s][debug][gc,phases      ] GC(221)     Total                          Min: 9984, Avg: 11137.2, Max: 12160, Diff: 2176, Sum: 44549, Workers: 4
[3924.174s][debug][gc,phases      ] GC(221)   ResolvedMethodTable Weak       Min:  0.0, Avg:  0.0, Max:  0.0, Diff:  0.0, Sum:  0.1, Workers: 4
[3924.174s][debug][gc,phases      ] GC(221)     Dead                           Min: 0, Avg:  0.0, Max: 0, Diff: 0, Sum: 0, Workers: 4
[3924.174s][debug][gc,phases      ] GC(221)     Total                          Min: 2380, Avg: 2610.8, Max: 2880, Diff: 500, Sum: 10443, Workers: 4
[3924.174s][debug][gc,phases      ] GC(221)   JNI Weak                       Min:  0.0, Avg:  0.0, Max:  0.0, Diff:  0.0, Sum:  0.0, Workers: 4
[3924.174s][debug][gc,phases      ] GC(221)     Dead                           Min: 0, Avg:  0.0, Max: 0, Diff: 0, Sum: 0, Workers: 4
[3924.174s][debug][gc,phases      ] GC(221)     Total                          Min: 0, Avg: 11.2, Max: 45, Diff: 45, Sum: 45, Workers: 4
[3924.174s][debug][gc,phases      ] GC(221)   StringDedup Table Weak         Min:  0.0, Avg:  0.0, Max:  0.0, Diff:  0.0, Sum:  0.0, Workers: 4
[3924.174s][debug][gc,phases      ] GC(221)     Dead                           Min: 0, Avg:  0.0, Max: 0, Diff: 0, Sum: 0, Workers: 4
[3924.174s][debug][gc,phases      ] GC(221)     Total                          Min: 0, Avg:  0.0, Max: 0, Diff: 0, Sum: 0, Workers: 4
[3924.174s][debug][gc,phases      ] GC(221)   StringDedup Requests0 Weak     Min:  0.0, Avg:  0.0, Max:  0.0, Diff:  0.0, Sum:  0.0, Workers: 4
[3924.174s][debug][gc,phases      ] GC(221)     Dead                           Min: 0, Avg:  0.0, Max: 0, Diff: 0, Sum: 0, Workers: 4
[3924.174s][debug][gc,phases      ] GC(221)     Total                          Min: 0, Avg:  0.0, Max: 0, Diff: 0, Sum: 0, Workers: 4
[3924.174s][debug][gc,phases      ] GC(221)   StringDedup Requests1 Weak     Min:  0.0, Avg:  0.0, Max:  0.0, Diff:  0.0, Sum:  0.0, Workers: 4
[3924.174s][debug][gc,phases      ] GC(221)     Dead                           Min: 0, Avg:  0.0, Max: 0, Diff: 0, Sum: 0, Workers: 4
[3924.174s][debug][gc,phases      ] GC(221)     Total                          Min: 0, Avg:  0.0, Max: 0, Diff: 0, Sum: 0, Workers: 4
[3924.174s][debug][gc,phases      ] GC(221)   Weak JFR Old Object Samples    Min:  0.0, Avg:  0.0, Max:  0.0, Diff:  0.0, Sum:  0.0, Workers: 4
[3924.174s][debug][gc,phases      ] GC(221)     Dead                           Min: 0, Avg:  0.0, Max: 0, Diff: 0, Sum: 0, Workers: 4
[3924.174s][debug][gc,phases      ] GC(221)     Total                          Min: 0, Avg:  0.0, Max: 0, Diff: 0, Sum: 0, Workers: 4
[3924.174s][debug][gc,phases      ] GC(221) Weak Processing 0.335ms
[3924.174s][debug][gc,age         ] GC(221) Desired survivor size 175636480 bytes, new threshold 15 (max threshold 15)
[3924.174s][info ][gc,heap        ] GC(221) PSYoungGen: 1763590K(1923072K)->10726K(1924608K) Eden: 1752064K(1752064K)->0K(1752064K) From: 11526K(171008K)->10726K(172544K)
[3924.174s][info ][gc,heap        ] GC(221) ParOldGen: 816835K(877056K)->816891K(877056K)
[3924.174s][info ][gc,metaspace   ] GC(221) Metaspace: 85984K(87040K)->85984K(87040K) NonClass: 73898K(74432K)->73898K(74432K) Class: 12086K(12608K)->12086K(12608K)
[3924.174s][info ][gc             ] GC(221) Pause Young (Allocation Failure) 2519M->808M(2736M) 11.433ms
[3924.174s][info ][gc,cpu         ] GC(221) User=0.03s Sys=0.00s Real=0.01s
[3924.174s][info ][safepoint      ] Safepoint "ParallelGCFailedAllocation", Time since last: 101159796 ns, Reaching safepoint: 30403 ns, At safepoint: 11510518 ns, Total: 11540921 ns
[3932.175s][info ][safepoint      ] Safepoint "Cleanup", Time since last: 8000542256 ns, Reaching safepoint: 59405 ns, At safepoint: 3900 ns, Total: 63305 ns
[3936.175s][info ][safepoint      ] Safepoint "Cleanup", Time since last: 4000308881 ns, Reaching safepoint: 39203 ns, At safepoint: 3700 ns, Total: 42903 ns
[3945.176s][info ][safepoint      ] Safepoint "Cleanup", Time since last: 9000561799 ns, Reaching safepoint: 119109 ns, At safepoint: 6100 ns, Total: 125209 ns
[3945.547s][info ][gc,start       ] GC(222) Pause Young (Allocation Failure)
[3945.558s][debug][gc,phases      ] GC(222) Scavenge 11.317ms
[3945.558s][debug][gc,ref         ] GC(222) Skipped phase 1 of Reference Processing: no references
[3945.559s][debug][gc,ref         ] GC(222) ReferenceProcessor::execute queues: 1, RefProcThreadModel::Single, marks_oops_alive: false
[3945.559s][debug][gc,ref         ] GC(222) Skipped phase 3 of Reference Processing: no references
[3945.559s][debug][gc,ref         ] GC(222) ReferenceProcessor::execute queues: 1, RefProcThreadModel::Single, marks_oops_alive: false
[3945.559s][debug][gc,phases      ] GC(222) Reference Processing 0.104ms
[3945.559s][debug][gc,phases      ] GC(222)   VM Weak                        Min:  0.0, Avg:  0.0, Max:  0.0, Diff:  0.0, Sum:  0.0, Workers: 4
[3945.559s][debug][gc,phases      ] GC(222)     Dead                           Min: 0, Avg:  0.0, Max: 0, Diff: 0, Sum: 0, Workers: 4
[3945.559s][debug][gc,phases      ] GC(222)     Total                          Min: 0, Avg: 204.5, Max: 517, Diff: 517, Sum: 818, Workers: 4
[3945.559s][debug][gc,phases      ] GC(222)   ObjectSynchronizer Weak        Min:  0.0, Avg:  0.0, Max:  0.0, Diff:  0.0, Sum:  0.0, Workers: 4
[3945.559s][debug][gc,phases      ] GC(222)     Dead                           Min: 0, Avg:  0.0, Max: 0, Diff: 0, Sum: 0, Workers: 4
[3945.559s][debug][gc,phases      ] GC(222)     Total                          Min: 0, Avg: 27.0, Max: 64, Diff: 64, Sum: 108, Workers: 4
[3945.559s][debug][gc,phases      ] GC(222)   JVMTI Tag Weak OopStorage      Min:  0.0, Avg:  0.0, Max:  0.0, Diff:  0.0, Sum:  0.0, Workers: 4
[3945.559s][debug][gc,phases      ] GC(222)     Dead                           Min: 0, Avg:  0.0, Max: 0, Diff: 0, Sum: 0, Workers: 4
[3945.559s][debug][gc,phases      ] GC(222)     Total                          Min: 0, Avg:  0.0, Max: 0, Diff: 0, Sum: 0, Workers: 4
[3945.559s][debug][gc,phases      ] GC(222)   StringTable Weak               Min:  0.0, Avg:  0.1, Max:  0.1, Diff:  0.1, Sum:  0.4, Workers: 4
[3945.559s][debug][gc,phases      ] GC(222)     Dead                           Min: 0, Avg:  0.0, Max: 0, Diff: 0, Sum: 0, Workers: 4
[3945.559s][debug][gc,phases      ] GC(222)     Total                          Min: 0, Avg: 11137.2, Max: 15744, Diff: 15744, Sum: 44549, Workers: 4
[3945.559s][debug][gc,phases      ] GC(222)   ResolvedMethodTable Weak       Min:  0.0, Avg:  0.0, Max:  0.0, Diff:  0.0, Sum:  0.1, Workers: 4
[3945.559s][debug][gc,phases      ] GC(222)     Dead                           Min: 0, Avg:  0.0, Max: 0, Diff: 0, Sum: 0, Workers: 4
[3945.559s][debug][gc,phases      ] GC(222)     Total                          Min: 0, Avg: 2610.8, Max: 3776, Diff: 3776, Sum: 10443, Workers: 4
[3945.559s][debug][gc,phases      ] GC(222)   JNI Weak                       Min:  0.0, Avg:  0.0, Max:  0.0, Diff:  0.0, Sum:  0.0, Workers: 4
[3945.559s][debug][gc,phases      ] GC(222)     Dead                           Min: 0, Avg:  0.0, Max: 0, Diff: 0, Sum: 0, Workers: 4
[3945.559s][debug][gc,phases      ] GC(222)     Total                          Min: 0, Avg: 11.2, Max: 45, Diff: 45, Sum: 45, Workers: 4
[3945.559s][debug][gc,phases      ] GC(222)   StringDedup Table Weak         Min:  0.0, Avg:  0.0, Max:  0.0, Diff:  0.0, Sum:  0.0, Workers: 4
[3945.559s][debug][gc,phases      ] GC(222)     Dead                           Min: 0, Avg:  0.0, Max: 0, Diff: 0, Sum: 0, Workers: 4
[3945.559s][debug][gc,phases      ] GC(222)     Total                          Min: 0, Avg:  0.0, Max: 0, Diff: 0, Sum: 0, Workers: 4
[3945.559s][debug][gc,phases      ] GC(222)   StringDedup Requests0 Weak     Min:  0.0, Avg:  0.0, Max:  0.0, Diff:  0.0, Sum:  0.0, Workers: 4
[3945.559s][debug][gc,phases      ] GC(222)     Dead                           Min: 0, Avg:  0.0, Max: 0, Diff: 0, Sum: 0, Workers: 4
[3945.559s][debug][gc,phases      ] GC(222)     Total                          Min: 0, Avg:  0.0, Max: 0, Diff: 0, Sum: 0, Workers: 4
[3945.559s][debug][gc,phases      ] GC(222)   StringDedup Requests1 Weak     Min:  0.0, Avg:  0.0, Max:  0.0, Diff:  0.0, Sum:  0.0, Workers: 4
[3945.559s][debug][gc,phases      ] GC(222)     Dead                           Min: 0, Avg:  0.0, Max: 0, Diff: 0, Sum: 0, Workers: 4
[3945.559s][debug][gc,phases      ] GC(222)     Total                          Min: 0, Avg:  0.0, Max: 0, Diff: 0, Sum: 0, Workers: 4
[3945.559s][debug][gc,phases      ] GC(222)   Weak JFR Old Object Samples    Min:  0.0, Avg:  0.0, Max:  0.0, Diff:  0.0, Sum:  0.0, Workers: 4
[3945.559s][debug][gc,phases      ] GC(222)     Dead                           Min: 0, Avg:  0.0, Max: 0, Diff: 0, Sum: 0, Workers: 4
[3945.559s][debug][gc,phases      ] GC(222)     Total                          Min: 0, Avg:  0.0, Max: 0, Diff: 0, Sum: 0, Workers: 4
[3945.559s][debug][gc,phases      ] GC(222) Weak Processing 0.357ms
[3945.559s][debug][gc,age         ] GC(222) Desired survivor size 173539328 bytes, new threshold 15 (max threshold 15)
[3945.559s][info ][gc,heap        ] GC(222) PSYoungGen: 1762790K(1924608K)->12230K(1927680K) Eden: 1752064K(1752064K)->0K(1756160K) From: 10726K(172544K)->12230K(171520K)
[3945.559s][info ][gc,heap        ] GC(222) ParOldGen: 816891K(877056K)->817123K(877056K)
[3945.559s][info ][gc,metaspace   ] GC(222) Metaspace: 85988K(87040K)->85988K(87040K) NonClass: 73901K(74432K)->73901K(74432K) Class: 12086K(12608K)->12086K(12608K)
[3945.559s][info ][gc             ] GC(222) Pause Young (Allocation Failure) 2519M->809M(2739M) 11.910ms
[3945.559s][info ][gc,cpu         ] GC(222) User=0.03s Sys=0.00s Real=0.02s
[3945.559s][info ][safepoint      ] Safepoint "ParallelGCFailedAllocation", Time since last: 371252211 ns, Reaching safepoint: 101907 ns, At safepoint: 11998854 ns, Total: 12100761 ns
[3949.559s][info ][safepoint      ] Safepoint "Cleanup", Time since last: 4000305082 ns, Reaching safepoint: 126709 ns, At safepoint: 9301 ns, Total: 136010 ns
[3967.347s][info ][gc,start       ] GC(223) Pause Young (Allocation Failure)
[3967.357s][debug][gc,phases      ] GC(223) Scavenge 10.489ms
[3967.357s][debug][gc,ref         ] GC(223) Skipped phase 1 of Reference Processing: no references
[3967.357s][debug][gc,ref         ] GC(223) ReferenceProcessor::execute queues: 1, RefProcThreadModel::Single, marks_oops_alive: false
[3967.357s][debug][gc,ref         ] GC(223) Skipped phase 3 of Reference Processing: no references
[3967.357s][debug][gc,ref         ] GC(223) ReferenceProcessor::execute queues: 1, RefProcThreadModel::Single, marks_oops_alive: false
[3967.357s][debug][gc,phases      ] GC(223) Reference Processing 0.114ms
[3967.358s][debug][gc,phases      ] GC(223)   VM Weak                        Min:  0.0, Avg:  0.0, Max:  0.0, Diff:  0.0, Sum:  0.0, Workers: 4
[3967.358s][debug][gc,phases      ] GC(223)     Dead                           Min: 0, Avg:  0.0, Max: 0, Diff: 0, Sum: 0, Workers: 4
[3967.358s][debug][gc,phases      ] GC(223)     Total                          Min: 0, Avg: 204.5, Max: 567, Diff: 567, Sum: 818, Workers: 4
[3967.358s][debug][gc,phases      ] GC(223)   ObjectSynchronizer Weak        Min:  0.0, Avg:  0.0, Max:  0.0, Diff:  0.0, Sum:  0.0, Workers: 4
[3967.358s][debug][gc,phases      ] GC(223)     Dead                           Min: 0, Avg:  0.0, Max: 0, Diff: 0, Sum: 0, Workers: 4
[3967.358s][debug][gc,phases      ] GC(223)     Total                          Min: 0, Avg: 27.0, Max: 64, Diff: 64, Sum: 108, Workers: 4
[3967.358s][debug][gc,phases      ] GC(223)   JVMTI Tag Weak OopStorage      Min:  0.0, Avg:  0.0, Max:  0.0, Diff:  0.0, Sum:  0.0, Workers: 4
[3967.358s][debug][gc,phases      ] GC(223)     Dead                           Min: 0, Avg:  0.0, Max: 0, Diff: 0, Sum: 0, Workers: 4
[3967.358s][debug][gc,phases      ] GC(223)     Total                          Min: 0, Avg:  0.0, Max: 0, Diff: 0, Sum: 0, Workers: 4
[3967.358s][debug][gc,phases      ] GC(223)   StringTable Weak               Min:  0.1, Avg:  0.1, Max:  0.1, Diff:  0.0, Sum:  0.5, Workers: 4
[3967.358s][debug][gc,phases      ] GC(223)     Dead                           Min: 0, Avg:  0.0, Max: 0, Diff: 0, Sum: 0, Workers: 4
[3967.358s][debug][gc,phases      ] GC(223)     Total                          Min: 9728, Avg: 11137.2, Max: 11776, Diff: 2048, Sum: 44549, Workers: 4
[3967.358s][debug][gc,phases      ] GC(223)   ResolvedMethodTable Weak       Min:  0.0, Avg:  0.0, Max:  0.0, Diff:  0.0, Sum:  0.1, Workers: 4
[3967.358s][debug][gc,phases      ] GC(223)     Dead                           Min: 0, Avg:  0.0, Max: 0, Diff: 0, Sum: 0, Workers: 4
[3967.358s][debug][gc,phases      ] GC(223)     Total                          Min: 2507, Avg: 2610.8, Max: 2752, Diff: 245, Sum: 10443, Workers: 4
[3967.358s][debug][gc,phases      ] GC(223)   JNI Weak                       Min:  0.0, Avg:  0.0, Max:  0.0, Diff:  0.0, Sum:  0.0, Workers: 4
[3967.358s][debug][gc,phases      ] GC(223)     Dead                           Min: 0, Avg:  0.0, Max: 0, Diff: 0, Sum: 0, Workers: 4
[3967.358s][debug][gc,phases      ] GC(223)     Total                          Min: 0, Avg: 11.2, Max: 45, Diff: 45, Sum: 45, Workers: 4
[3967.358s][debug][gc,phases      ] GC(223)   StringDedup Table Weak         Min:  0.0, Avg:  0.0, Max:  0.0, Diff:  0.0, Sum:  0.0, Workers: 4
[3967.358s][debug][gc,phases      ] GC(223)     Dead                           Min: 0, Avg:  0.0, Max: 0, Diff: 0, Sum: 0, Workers: 4
[3967.358s][debug][gc,phases      ] GC(223)     Total                          Min: 0, Avg:  0.0, Max: 0, Diff: 0, Sum: 0, Workers: 4
[3967.358s][debug][gc,phases      ] GC(223)   StringDedup Requests0 Weak     Min:  0.0, Avg:  0.0, Max:  0.0, Diff:  0.0, Sum:  0.0, Workers: 4
[3967.358s][debug][gc,phases      ] GC(223)     Dead                           Min: 0, Avg:  0.0, Max: 0, Diff: 0, Sum: 0, Workers: 4
[3967.358s][debug][gc,phases      ] GC(223)     Total                          Min: 0, Avg:  0.0, Max: 0, Diff: 0, Sum: 0, Workers: 4
[3967.358s][debug][gc,phases      ] GC(223)   StringDedup Requests1 Weak     Min:  0.0, Avg:  0.0, Max:  0.0, Diff:  0.0, Sum:  0.0, Workers: 4
[3967.358s][debug][gc,phases      ] GC(223)     Dead                           Min: 0, Avg:  0.0, Max: 0, Diff: 0, Sum: 0, Workers: 4
[3967.358s][debug][gc,phases      ] GC(223)     Total                          Min: 0, Avg:  0.0, Max: 0, Diff: 0, Sum: 0, Workers: 4
[3967.358s][debug][gc,phases      ] GC(223)   Weak JFR Old Object Samples    Min:  0.0, Avg:  0.0, Max:  0.0, Diff:  0.0, Sum:  0.0, Workers: 4
[3967.358s][debug][gc,phases      ] GC(223)     Dead                           Min: 0, Avg:  0.0, Max: 0, Diff: 0, Sum: 0, Workers: 4
[3967.358s][debug][gc,phases      ] GC(223)     Total                          Min: 0, Avg:  0.0, Max: 0, Diff: 0, Sum: 0, Workers: 4
[3967.358s][debug][gc,phases      ] GC(223) Weak Processing 0.342ms
[3967.358s][debug][gc,age         ] GC(223) Desired survivor size 169869312 bytes, new threshold 15 (max threshold 15)
[3967.358s][info ][gc,heap        ] GC(223) PSYoungGen: 1768390K(1927680K)->12230K(1925632K) Eden: 1756160K(1756160K)->0K(1756160K) From: 12230K(171520K)->12230K(169472K)
[3967.358s][info ][gc,heap        ] GC(223) ParOldGen: 817123K(877056K)->817203K(877056K)
[3967.358s][info ][gc,metaspace   ] GC(223) Metaspace: 85998K(87104K)->85998K(87104K) NonClass: 73911K(74496K)->73911K(74496K) Class: 12086K(12608K)->12086K(12608K)
[3967.358s][info ][gc             ] GC(223) Pause Young (Allocation Failure) 2524M->809M(2737M) 11.085ms
[3967.358s][info ][gc,cpu         ] GC(223) User=0.03s Sys=0.00s Real=0.01s
[3967.358s][info ][safepoint      ] Safepoint "ParallelGCFailedAllocation", Time since last: 17787210487 ns, Reaching safepoint: 37202 ns, At safepoint: 11169895 ns, Total: 11207097 ns
[3970.358s][info ][safepoint      ] Safepoint "Cleanup", Time since last: 3000204936 ns, Reaching safepoint: 117509 ns, At safepoint: 8100 ns, Total: 125609 ns
[3972.359s][info ][safepoint      ] Safepoint "Cleanup", Time since last: 2000207396 ns, Reaching safepoint: 117508 ns, At safepoint: 30302 ns, Total: 147810 ns
[3978.359s][info ][safepoint      ] Safepoint "Cleanup", Time since last: 6000400473 ns, Reaching safepoint: 99207 ns, At safepoint: 7100 ns, Total: 106307 ns
[3980.359s][info ][safepoint      ] Safepoint "Cleanup", Time since last: 2000184095 ns, Reaching safepoint: 128709 ns, At safepoint: 10901 ns, Total: 139610 ns
[3989.850s][info ][gc,start       ] GC(224) Pause Young (Allocation Failure)
[3989.861s][debug][gc,phases      ] GC(224) Scavenge 10.343ms
[3989.861s][debug][gc,ref         ] GC(224) Skipped phase 1 of Reference Processing: no references
[3989.861s][debug][gc,ref         ] GC(224) ReferenceProcessor::execute queues: 1, RefProcThreadModel::Single, marks_oops_alive: false
[3989.861s][debug][gc,ref         ] GC(224) Skipped phase 3 of Reference Processing: no references
[3989.861s][debug][gc,ref         ] GC(224) ReferenceProcessor::execute queues: 1, RefProcThreadModel::Single, marks_oops_alive: false
[3989.861s][debug][gc,phases      ] GC(224) Reference Processing 0.103ms
[3989.861s][debug][gc,phases      ] GC(224)   VM Weak                        Min:  0.0, Avg:  0.0, Max:  0.0, Diff:  0.0, Sum:  0.0, Workers: 4
[3989.861s][debug][gc,phases      ] GC(224)     Dead                           Min: 0, Avg:  0.0, Max: 0, Diff: 0, Sum: 0, Workers: 4
[3989.861s][debug][gc,phases      ] GC(224)     Total                          Min: 0, Avg: 204.5, Max: 690, Diff: 690, Sum: 818, Workers: 4
[3989.861s][debug][gc,phases      ] GC(224)   ObjectSynchronizer Weak        Min:  0.0, Avg:  0.0, Max:  0.0, Diff:  0.0, Sum:  0.0, Workers: 4
[3989.861s][debug][gc,phases      ] GC(224)     Dead                           Min: 0, Avg:  0.0, Max: 0, Diff: 0, Sum: 0, Workers: 4
[3989.861s][debug][gc,phases      ] GC(224)     Total                          Min: 0, Avg: 27.0, Max: 64, Diff: 64, Sum: 108, Workers: 4
[3989.861s][debug][gc,phases      ] GC(224)   JVMTI Tag Weak OopStorage      Min:  0.0, Avg:  0.0, Max:  0.0, Diff:  0.0, Sum:  0.0, Workers: 4
[3989.861s][debug][gc,phases      ] GC(224)     Dead                           Min: 0, Avg:  0.0, Max: 0, Diff: 0, Sum: 0, Workers: 4
[3989.861s][debug][gc,phases      ] GC(224)     Total                          Min: 0, Avg:  0.0, Max: 0, Diff: 0, Sum: 0, Workers: 4
[3989.861s][debug][gc,phases      ] GC(224)   StringTable Weak               Min:  0.0, Avg:  0.1, Max:  0.1, Diff:  0.1, Sum:  0.4, Workers: 4
[3989.861s][debug][gc,phases      ] GC(224)     Dead                           Min: 0, Avg:  0.0, Max: 0, Diff: 0, Sum: 0, Workers: 4
[3989.861s][debug][gc,phases      ] GC(224)     Total                          Min: 0, Avg: 11137.2, Max: 16325, Diff: 16325, Sum: 44549, Workers: 4
[3989.861s][debug][gc,phases      ] GC(224)   ResolvedMethodTable Weak       Min:  0.0, Avg:  0.0, Max:  0.0, Diff:  0.0, Sum:  0.1, Workers: 4
[3989.861s][debug][gc,phases      ] GC(224)     Dead                           Min: 0, Avg:  0.0, Max: 0, Diff: 0, Sum: 0, Workers: 4
[3989.861s][debug][gc,phases      ] GC(224)     Total                          Min: 0, Avg: 2610.8, Max: 3839, Diff: 3839, Sum: 10443, Workers: 4
[3989.861s][debug][gc,phases      ] GC(224)   JNI Weak                       Min:  0.0, Avg:  0.0, Max:  0.0, Diff:  0.0, Sum:  0.0, Workers: 4
[3989.861s][debug][gc,phases      ] GC(224)     Dead                           Min: 0, Avg:  0.0, Max: 0, Diff: 0, Sum: 0, Workers: 4
[3989.861s][debug][gc,phases      ] GC(224)     Total                          Min: 0, Avg: 11.2, Max: 45, Diff: 45, Sum: 45, Workers: 4
[3989.861s][debug][gc,phases      ] GC(224)   StringDedup Table Weak         Min:  0.0, Avg:  0.0, Max:  0.0, Diff:  0.0, Sum:  0.0, Workers: 4
[3989.861s][debug][gc,phases      ] GC(224)     Dead                           Min: 0, Avg:  0.0, Max: 0, Diff: 0, Sum: 0, Workers: 4
[3989.861s][debug][gc,phases      ] GC(224)     Total                          Min: 0, Avg:  0.0, Max: 0, Diff: 0, Sum: 0, Workers: 4
[3989.861s][debug][gc,phases      ] GC(224)   StringDedup Requests0 Weak     Min:  0.0, Avg:  0.0, Max:  0.0, Diff:  0.0, Sum:  0.0, Workers: 4
[3989.861s][debug][gc,phases      ] GC(224)     Dead                           Min: 0, Avg:  0.0, Max: 0, Diff: 0, Sum: 0, Workers: 4
[3989.861s][debug][gc,phases      ] GC(224)     Total                          Min: 0, Avg:  0.0, Max: 0, Diff: 0, Sum: 0, Workers: 4
[3989.861s][debug][gc,phases      ] GC(224)   StringDedup Requests1 Weak     Min:  0.0, Avg:  0.0, Max:  0.0, Diff:  0.0, Sum:  0.0, Workers: 4
[3989.861s][debug][gc,phases      ] GC(224)     Dead                           Min: 0, Avg:  0.0, Max: 0, Diff: 0, Sum: 0, Workers: 4
[3989.861s][debug][gc,phases      ] GC(224)     Total                          Min: 0, Avg:  0.0, Max: 0, Diff: 0, Sum: 0, Workers: 4
[3989.861s][debug][gc,phases      ] GC(224)   Weak JFR Old Object Samples    Min:  0.0, Avg:  0.0, Max:  0.0, Diff:  0.0, Sum:  0.0, Workers: 4
[3989.861s][debug][gc,phases      ] GC(224)     Dead                           Min: 0, Avg:  0.0, Max: 0, Diff: 0, Sum: 0, Workers: 4
[3989.861s][debug][gc,phases      ] GC(224)     Total                          Min: 0, Avg:  0.0, Max: 0, Diff: 0, Sum: 0, Workers: 4
[3989.861s][debug][gc,phases      ] GC(224) Weak Processing 0.380ms
[3989.861s][debug][gc,age         ] GC(224) Desired survivor size 165675008 bytes, new threshold 15 (max threshold 15)
[3989.861s][info ][gc,heap        ] GC(224) PSYoungGen: 1768390K(1925632K)->11990K(1935360K) Eden: 1756160K(1756160K)->0K(1769472K) From: 12230K(169472K)->11990K(165888K)
[3989.861s][info ][gc,heap        ] GC(224) ParOldGen: 817203K(877056K)->817315K(877056K)
[3989.861s][info ][gc,metaspace   ] GC(224) Metaspace: 86003K(87104K)->86003K(87104K) NonClass: 73916K(74496K)->73916K(74496K) Class: 12086K(12608K)->12086K(12608K)
[3989.861s][info ][gc             ] GC(224) Pause Young (Allocation Failure) 2524M->809M(2746M) 10.965ms
[3989.861s][info ][gc,cpu         ] GC(224) User=0.03s Sys=0.00s Real=0.01s
[3989.861s][info ][safepoint      ] Safepoint "ParallelGCFailedAllocation", Time since last: 9490712277 ns, Reaching safepoint: 116508 ns, At safepoint: 11070188 ns, Total: 11186696 ns
[3992.861s][info ][safepoint      ] Safepoint "Cleanup", Time since last: 3000166534 ns, Reaching safepoint: 44103 ns, At safepoint: 5401 ns, Total: 49504 ns
[4005.863s][info ][safepoint      ] Safepoint "Cleanup", Time since last: 13000873896 ns, Reaching safepoint: 124409 ns, At safepoint: 7700 ns, Total: 132109 ns
[4015.347s][info ][gc,start       ] GC(225) Pause Young (Allocation Failure)
[4015.357s][debug][gc,phases      ] GC(225) Scavenge 9.825ms
[4015.357s][debug][gc,ref         ] GC(225) Skipped phase 1 of Reference Processing: no references
[4015.357s][debug][gc,ref         ] GC(225) ReferenceProcessor::execute queues: 1, RefProcThreadModel::Single, marks_oops_alive: false
[4015.357s][debug][gc,ref         ] GC(225) Skipped phase 3 of Reference Processing: no references
[4015.357s][debug][gc,ref         ] GC(225) ReferenceProcessor::execute queues: 1, RefProcThreadModel::Single, marks_oops_alive: false
[4015.357s][debug][gc,phases      ] GC(225) Reference Processing 0.098ms
[4015.357s][debug][gc,phases      ] GC(225)   VM Weak                        Min:  0.0, Avg:  0.0, Max:  0.0, Diff:  0.0, Sum:  0.0, Workers: 4
[4015.357s][debug][gc,phases      ] GC(225)     Dead                           Min: 0, Avg:  0.0, Max: 0, Diff: 0, Sum: 0, Workers: 4
[4015.357s][debug][gc,phases      ] GC(225)     Total                          Min: 0, Avg: 204.5, Max: 754, Diff: 754, Sum: 818, Workers: 4
[4015.357s][debug][gc,phases      ] GC(225)   ObjectSynchronizer Weak        Min:  0.0, Avg:  0.0, Max:  0.0, Diff:  0.0, Sum:  0.0, Workers: 4
[4015.357s][debug][gc,phases      ] GC(225)     Dead                           Min: 0, Avg:  0.0, Max: 0, Diff: 0, Sum: 0, Workers: 4
[4015.357s][debug][gc,phases      ] GC(225)     Total                          Min: 0, Avg: 27.0, Max: 64, Diff: 64, Sum: 108, Workers: 4
[4015.357s][debug][gc,phases      ] GC(225)   JVMTI Tag Weak OopStorage      Min:  0.0, Avg:  0.0, Max:  0.0, Diff:  0.0, Sum:  0.0, Workers: 4
[4015.357s][debug][gc,phases      ] GC(225)     Dead                           Min: 0, Avg:  0.0, Max: 0, Diff: 0, Sum: 0, Workers: 4
[4015.357s][debug][gc,phases      ] GC(225)     Total                          Min: 0, Avg:  0.0, Max: 0, Diff: 0, Sum: 0, Workers: 4
[4015.357s][debug][gc,phases      ] GC(225)   StringTable Weak               Min:  0.1, Avg:  0.1, Max:  0.1, Diff:  0.0, Sum:  0.4, Workers: 4
[4015.357s][debug][gc,phases      ] GC(225)     Dead                           Min: 0, Avg:  0.0, Max: 0, Diff: 0, Sum: 0, Workers: 4
[4015.357s][debug][gc,phases      ] GC(225)     Total                          Min: 10309, Avg: 11137.2, Max: 11776, Diff: 1467, Sum: 44549, Workers: 4
[4015.357s][debug][gc,phases      ] GC(225)   ResolvedMethodTable Weak       Min:  0.0, Avg:  0.0, Max:  0.0, Diff:  0.0, Sum:  0.1, Workers: 4
[4015.357s][debug][gc,phases      ] GC(225)     Dead                           Min: 0, Avg:  0.0, Max: 0, Diff: 0, Sum: 0, Workers: 4
[4015.357s][debug][gc,phases      ] GC(225)     Total                          Min: 2431, Avg: 2610.8, Max: 2764, Diff: 333, Sum: 10443, Workers: 4
[4015.357s][debug][gc,phases      ] GC(225)   JNI Weak                       Min:  0.0, Avg:  0.0, Max:  0.0, Diff:  0.0, Sum:  0.0, Workers: 4
[4015.357s][debug][gc,phases      ] GC(225)     Dead                           Min: 0, Avg:  0.0, Max: 0, Diff: 0, Sum: 0, Workers: 4
[4015.357s][debug][gc,phases      ] GC(225)     Total                          Min: 0, Avg: 11.2, Max: 45, Diff: 45, Sum: 45, Workers: 4
[4015.357s][debug][gc,phases      ] GC(225)   StringDedup Table Weak         Min:  0.0, Avg:  0.0, Max:  0.0, Diff:  0.0, Sum:  0.0, Workers: 4
[4015.357s][debug][gc,phases      ] GC(225)     Dead                           Min: 0, Avg:  0.0, Max: 0, Diff: 0, Sum: 0, Workers: 4
[4015.357s][debug][gc,phases      ] GC(225)     Total                          Min: 0, Avg:  0.0, Max: 0, Diff: 0, Sum: 0, Workers: 4
[4015.357s][debug][gc,phases      ] GC(225)   StringDedup Requests0 Weak     Min:  0.0, Avg:  0.0, Max:  0.0, Diff:  0.0, Sum:  0.0, Workers: 4
[4015.357s][debug][gc,phases      ] GC(225)     Dead                           Min: 0, Avg:  0.0, Max: 0, Diff: 0, Sum: 0, Workers: 4
[4015.357s][debug][gc,phases      ] GC(225)     Total                          Min: 0, Avg:  0.0, Max: 0, Diff: 0, Sum: 0, Workers: 4
[4015.357s][debug][gc,phases      ] GC(225)   StringDedup Requests1 Weak     Min:  0.0, Avg:  0.0, Max:  0.0, Diff:  0.0, Sum:  0.0, Workers: 4
[4015.357s][debug][gc,phases      ] GC(225)     Dead                           Min: 0, Avg:  0.0, Max: 0, Diff: 0, Sum: 0, Workers: 4
[4015.357s][debug][gc,phases      ] GC(225)     Total                          Min: 0, Avg:  0.0, Max: 0, Diff: 0, Sum: 0, Workers: 4
[4015.357s][debug][gc,phases      ] GC(225)   Weak JFR Old Object Samples    Min:  0.0, Avg:  0.0, Max:  0.0, Diff:  0.0, Sum:  0.0, Workers: 4
[4015.357s][debug][gc,phases      ] GC(225)     Dead                           Min: 0, Avg:  0.0, Max: 0, Diff: 0, Sum: 0, Workers: 4
[4015.357s][debug][gc,phases      ] GC(225)     Total                          Min: 0, Avg:  0.0, Max: 0, Diff: 0, Sum: 0, Workers: 4
[4015.357s][debug][gc,phases      ] GC(225) Weak Processing 0.337ms
[4015.357s][debug][gc,age         ] GC(225) Desired survivor size 160956416 bytes, new threshold 15 (max threshold 15)
[4015.357s][info ][gc,heap        ] GC(225) PSYoungGen: 1781462K(1935360K)->10240K(1931264K) Eden: 1769472K(1769472K)->0K(1769472K) From: 11990K(165888K)->10240K(161792K)
[4015.357s][info ][gc,heap        ] GC(225) ParOldGen: 817315K(877056K)->819137K(877056K)
[4015.357s][info ][gc,metaspace   ] GC(225) Metaspace: 86003K(87104K)->86003K(87104K) NonClass: 73916K(74496K)->73916K(74496K) Class: 12086K(12608K)->12086K(12608K)
[4015.357s][info ][gc             ] GC(225) Pause Young (Allocation Failure) 2537M->809M(2742M) 10.401ms
[4015.358s][info ][gc,cpu         ] GC(225) User=0.03s Sys=0.00s Real=0.01s
[4015.358s][info ][safepoint      ] Safepoint "ParallelGCFailedAllocation", Time since last: 9484510641 ns, Reaching safepoint: 36802 ns, At safepoint: 10490847 ns, Total: 10527649 ns
[4022.358s][info ][safepoint      ] Safepoint "Cleanup", Time since last: 7000524127 ns, Reaching safepoint: 118609 ns, At safepoint: 6800 ns, Total: 125409 ns
[4030.359s][info ][safepoint      ] Safepoint "Cleanup", Time since last: 8000599475 ns, Reaching safepoint: 126309 ns, At safepoint: 9901 ns, Total: 136210 ns
[4038.102s][info ][gc,start       ] GC(226) Pause Young (Allocation Failure)
[4038.108s][debug][gc,phases      ] GC(226) Scavenge 6.178ms
[4038.108s][debug][gc,ref         ] GC(226) Skipped phase 1 of Reference Processing: no references
[4038.108s][debug][gc,ref         ] GC(226) ReferenceProcessor::execute queues: 1, RefProcThreadModel::Single, marks_oops_alive: false
[4038.108s][debug][gc,ref         ] GC(226) Skipped phase 3 of Reference Processing: no references
[4038.108s][debug][gc,ref         ] GC(226) ReferenceProcessor::execute queues: 1, RefProcThreadModel::Single, marks_oops_alive: false
[4038.108s][debug][gc,phases      ] GC(226) Reference Processing 0.116ms
[4038.109s][debug][gc,phases      ] GC(226)   VM Weak                        Min:  0.0, Avg:  0.0, Max:  0.0, Diff:  0.0, Sum:  0.0, Workers: 4
[4038.109s][debug][gc,phases      ] GC(226)     Dead                           Min: 0, Avg:  0.0, Max: 0, Diff: 0, Sum: 0, Workers: 4
[4038.109s][debug][gc,phases      ] GC(226)     Total                          Min: 0, Avg: 204.5, Max: 567, Diff: 567, Sum: 818, Workers: 4
[4038.109s][debug][gc,phases      ] GC(226)   ObjectSynchronizer Weak        Min:  0.0, Avg:  0.0, Max:  0.0, Diff:  0.0, Sum:  0.0, Workers: 4
[4038.109s][debug][gc,phases      ] GC(226)     Dead                           Min: 0, Avg:  0.0, Max: 0, Diff: 0, Sum: 0, Workers: 4
[4038.109s][debug][gc,phases      ] GC(226)     Total                          Min: 0, Avg: 27.0, Max: 64, Diff: 64, Sum: 108, Workers: 4
[4038.109s][debug][gc,phases      ] GC(226)   JVMTI Tag Weak OopStorage      Min:  0.0, Avg:  0.0, Max:  0.0, Diff:  0.0, Sum:  0.0, Workers: 4
[4038.109s][debug][gc,phases      ] GC(226)     Dead                           Min: 0, Avg:  0.0, Max: 0, Diff: 0, Sum: 0, Workers: 4
[4038.109s][debug][gc,phases      ] GC(226)     Total                          Min: 0, Avg:  0.0, Max: 0, Diff: 0, Sum: 0, Workers: 4
[4038.109s][debug][gc,phases      ] GC(226)   StringTable Weak               Min:  0.0, Avg:  0.1, Max:  0.1, Diff:  0.1, Sum:  0.4, Workers: 4
[4038.109s][debug][gc,phases      ] GC(226)     Dead                           Min: 0, Avg:  0.0, Max: 0, Diff: 0, Sum: 0, Workers: 4
[4038.109s][debug][gc,phases      ] GC(226)     Total                          Min: 0, Avg: 11137.2, Max: 15296, Diff: 15296, Sum: 44549, Workers: 4
[4038.109s][debug][gc,phases      ] GC(226)   ResolvedMethodTable Weak       Min:  0.0, Avg:  0.0, Max:  0.0, Diff:  0.0, Sum:  0.1, Workers: 4
[4038.109s][debug][gc,phases      ] GC(226)     Dead                           Min: 0, Avg:  0.0, Max: 0, Diff: 0, Sum: 0, Workers: 4
[4038.109s][debug][gc,phases      ] GC(226)     Total                          Min: 0, Avg: 2610.8, Max: 3648, Diff: 3648, Sum: 10443, Workers: 4
[4038.109s][debug][gc,phases      ] GC(226)   JNI Weak                       Min:  0.0, Avg:  0.0, Max:  0.0, Diff:  0.0, Sum:  0.0, Workers: 4
[4038.109s][debug][gc,phases      ] GC(226)     Dead                           Min: 0, Avg:  0.0, Max: 0, Diff: 0, Sum: 0, Workers: 4
[4038.109s][debug][gc,phases      ] GC(226)     Total                          Min: 0, Avg: 11.2, Max: 45, Diff: 45, Sum: 45, Workers: 4
[4038.109s][debug][gc,phases      ] GC(226)   StringDedup Table Weak         Min:  0.0, Avg:  0.0, Max:  0.0, Diff:  0.0, Sum:  0.0, Workers: 4
[4038.109s][debug][gc,phases      ] GC(226)     Dead                           Min: 0, Avg:  0.0, Max: 0, Diff: 0, Sum: 0, Workers: 4
[4038.109s][debug][gc,phases      ] GC(226)     Total                          Min: 0, Avg:  0.0, Max: 0, Diff: 0, Sum: 0, Workers: 4
[4038.109s][debug][gc,phases      ] GC(226)   StringDedup Requests0 Weak     Min:  0.0, Avg:  0.0, Max:  0.0, Diff:  0.0, Sum:  0.0, Workers: 4
[4038.109s][debug][gc,phases      ] GC(226)     Dead                           Min: 0, Avg:  0.0, Max: 0, Diff: 0, Sum: 0, Workers: 4
[4038.109s][debug][gc,phases      ] GC(226)     Total                          Min: 0, Avg:  0.0, Max: 0, Diff: 0, Sum: 0, Workers: 4
[4038.109s][debug][gc,phases      ] GC(226)   StringDedup Requests1 Weak     Min:  0.0, Avg:  0.0, Max:  0.0, Diff:  0.0, Sum:  0.0, Workers: 4
[4038.109s][debug][gc,phases      ] GC(226)     Dead                           Min: 0, Avg:  0.0, Max: 0, Diff: 0, Sum: 0, Workers: 4
[4038.109s][debug][gc,phases      ] GC(226)     Total                          Min: 0, Avg:  0.0, Max: 0, Diff: 0, Sum: 0, Workers: 4
[4038.109s][debug][gc,phases      ] GC(226)   Weak JFR Old Object Samples    Min:  0.0, Avg:  0.0, Max:  0.0, Diff:  0.0, Sum:  0.0, Workers: 4
[4038.109s][debug][gc,phases      ] GC(226)     Dead                           Min: 0, Avg:  0.0, Max: 0, Diff: 0, Sum: 0, Workers: 4
[4038.109s][debug][gc,phases      ] GC(226)     Total                          Min: 0, Avg:  0.0, Max: 0, Diff: 0, Sum: 0, Workers: 4
[4038.109s][debug][gc,phases      ] GC(226) Weak Processing 0.424ms
[4038.109s][debug][gc,age         ] GC(226) Desired survivor size 155189248 bytes, new threshold 15 (max threshold 15)
[4038.109s][info ][gc,heap        ] GC(226) PSYoungGen: 1779712K(1931264K)->10288K(1945600K) Eden: 1769472K(1769472K)->0K(1788416K) From: 10240K(161792K)->10288K(157184K)
[4038.109s][info ][gc,heap        ] GC(226) ParOldGen: 819137K(877056K)->819321K(877056K)
[4038.109s][info ][gc,metaspace   ] GC(226) Metaspace: 86004K(87104K)->86004K(87104K) NonClass: 73917K(74496K)->73917K(74496K) Class: 12086K(12608K)->12086K(12608K)
[4038.109s][info ][gc             ] GC(226) Pause Young (Allocation Failure) 2537M->810M(2756M) 6.857ms
[4038.109s][info ][gc,cpu         ] GC(226) User=0.02s Sys=0.01s Real=0.00s
[4038.109s][info ][safepoint      ] Safepoint "ParallelGCFailedAllocation", Time since last: 7743021952 ns, Reaching safepoint: 104907 ns, At safepoint: 6967996 ns, Total: 7072903 ns
[4045.110s][info ][safepoint      ] Safepoint "Cleanup", Time since last: 7001193378 ns, Reaching safepoint: 136010 ns, At safepoint: 7200 ns, Total: 143210 ns
[4050.111s][info ][safepoint      ] Safepoint "Cleanup", Time since last: 5000406339 ns, Reaching safepoint: 50503 ns, At safepoint: 4901 ns, Total: 55404 ns
[4054.111s][info ][safepoint      ] Safepoint "Cleanup", Time since last: 4000314090 ns, Reaching safepoint: 123109 ns, At safepoint: 7801 ns, Total: 130910 ns
[4055.111s][info ][safepoint      ] Safepoint "Cleanup", Time since last: 1000115692 ns, Reaching safepoint: 51003 ns, At safepoint: 3301 ns, Total: 54304 ns
[4062.001s][info ][gc,start       ] GC(227) Pause Young (Allocation Failure)
[4062.010s][debug][gc,phases      ] GC(227) Scavenge 8.725ms
[4062.010s][debug][gc,ref         ] GC(227) Skipped phase 1 of Reference Processing: no references
[4062.010s][debug][gc,ref         ] GC(227) ReferenceProcessor::execute queues: 1, RefProcThreadModel::Single, marks_oops_alive: false
[4062.010s][debug][gc,ref         ] GC(227) ReferenceProcessor::execute queues: 4, RefProcThreadModel::Multi, marks_oops_alive: true
[4062.010s][debug][gc,ref         ] GC(227) ReferenceProcessor::execute queues: 1, RefProcThreadModel::Single, marks_oops_alive: false
[4062.010s][debug][gc,phases      ] GC(227) Reference Processing 0.197ms
[4062.010s][debug][gc,phases      ] GC(227)   VM Weak                        Min:  0.0, Avg:  0.0, Max:  0.0, Diff:  0.0, Sum:  0.0, Workers: 4
[4062.010s][debug][gc,phases      ] GC(227)     Dead                           Min: 0, Avg:  0.0, Max: 0, Diff: 0, Sum: 0, Workers: 4
[4062.010s][debug][gc,phases      ] GC(227)     Total                          Min: 0, Avg: 204.8, Max: 755, Diff: 755, Sum: 819, Workers: 4
[4062.010s][debug][gc,phases      ] GC(227)   ObjectSynchronizer Weak        Min:  0.0, Avg:  0.0, Max:  0.0, Diff:  0.0, Sum:  0.0, Workers: 4
[4062.010s][debug][gc,phases      ] GC(227)     Dead                           Min: 0, Avg:  0.0, Max: 0, Diff: 0, Sum: 0, Workers: 4
[4062.010s][debug][gc,phases      ] GC(227)     Total                          Min: 0, Avg: 27.0, Max: 64, Diff: 64, Sum: 108, Workers: 4
[4062.010s][debug][gc,phases      ] GC(227)   JVMTI Tag Weak OopStorage      Min:  0.0, Avg:  0.0, Max:  0.0, Diff:  0.0, Sum:  0.0, Workers: 4
[4062.010s][debug][gc,phases      ] GC(227)     Dead                           Min: 0, Avg:  0.0, Max: 0, Diff: 0, Sum: 0, Workers: 4
[4062.010s][debug][gc,phases      ] GC(227)     Total                          Min: 0, Avg:  0.0, Max: 0, Diff: 0, Sum: 0, Workers: 4
[4062.010s][debug][gc,phases      ] GC(227)   StringTable Weak               Min:  0.1, Avg:  0.1, Max:  0.1, Diff:  0.0, Sum:  0.4, Workers: 4
[4062.010s][debug][gc,phases      ] GC(227)     Dead                           Min: 0, Avg:  0.2, Max: 1, Diff: 1, Sum: 1, Workers: 4
[4062.010s][debug][gc,phases      ] GC(227)     Total                          Min: 9791, Avg: 11138.0, Max: 12224, Diff: 2433, Sum: 44552, Workers: 4
[4062.010s][debug][gc,phases      ] GC(227)   ResolvedMethodTable Weak       Min:  0.0, Avg:  0.0, Max:  0.0, Diff:  0.0, Sum:  0.1, Workers: 4
[4062.010s][debug][gc,phases      ] GC(227)     Dead                           Min: 0, Avg:  0.0, Max: 0, Diff: 0, Sum: 0, Workers: 4
[4062.010s][debug][gc,phases      ] GC(227)     Total                          Min: 2432, Avg: 2612.2, Max: 2833, Diff: 401, Sum: 10449, Workers: 4
[4062.010s][debug][gc,phases      ] GC(227)   JNI Weak                       Min:  0.0, Avg:  0.0, Max:  0.0, Diff:  0.0, Sum:  0.0, Workers: 4
[4062.010s][debug][gc,phases      ] GC(227)     Dead                           Min: 0, Avg:  0.0, Max: 0, Diff: 0, Sum: 0, Workers: 4
[4062.010s][debug][gc,phases      ] GC(227)     Total                          Min: 0, Avg: 11.2, Max: 45, Diff: 45, Sum: 45, Workers: 4
[4062.010s][debug][gc,phases      ] GC(227)   StringDedup Table Weak         Min:  0.0, Avg:  0.0, Max:  0.0, Diff:  0.0, Sum:  0.0, Workers: 4
[4062.010s][debug][gc,phases      ] GC(227)     Dead                           Min: 0, Avg:  0.0, Max: 0, Diff: 0, Sum: 0, Workers: 4
[4062.010s][debug][gc,phases      ] GC(227)     Total                          Min: 0, Avg:  0.0, Max: 0, Diff: 0, Sum: 0, Workers: 4
[4062.010s][debug][gc,phases      ] GC(227)   StringDedup Requests0 Weak     Min:  0.0, Avg:  0.0, Max:  0.0, Diff:  0.0, Sum:  0.0, Workers: 4
[4062.010s][debug][gc,phases      ] GC(227)     Dead                           Min: 0, Avg:  0.0, Max: 0, Diff: 0, Sum: 0, Workers: 4
[4062.010s][debug][gc,phases      ] GC(227)     Total                          Min: 0, Avg:  0.0, Max: 0, Diff: 0, Sum: 0, Workers: 4
[4062.010s][debug][gc,phases      ] GC(227)   StringDedup Requests1 Weak     Min:  0.0, Avg:  0.0, Max:  0.0, Diff:  0.0, Sum:  0.0, Workers: 4
[4062.010s][debug][gc,phases      ] GC(227)     Dead                           Min: 0, Avg:  0.0, Max: 0, Diff: 0, Sum: 0, Workers: 4
[4062.010s][debug][gc,phases      ] GC(227)     Total                          Min: 0, Avg:  0.0, Max: 0, Diff: 0, Sum: 0, Workers: 4
[4062.010s][debug][gc,phases      ] GC(227)   Weak JFR Old Object Samples    Min:  0.0, Avg:  0.0, Max:  0.0, Diff:  0.0, Sum:  0.0, Workers: 4
[4062.010s][debug][gc,phases      ] GC(227)     Dead                           Min: 0, Avg:  0.0, Max: 0, Diff: 0, Sum: 0, Workers: 4
[4062.010s][debug][gc,phases      ] GC(227)     Total                          Min: 0, Avg:  0.0, Max: 0, Diff: 0, Sum: 0, Workers: 4
[4062.010s][debug][gc,phases      ] GC(227) Weak Processing 0.373ms
[4062.010s][debug][gc,age         ] GC(227) Desired survivor size 149422080 bytes, new threshold 15 (max threshold 15)
[4062.010s][info ][gc,heap        ] GC(227) PSYoungGen: 1798704K(1945600K)->10144K(1939968K) Eden: 1788416K(1788416K)->0K(1788416K) From: 10288K(157184K)->10144K(151552K)
[4062.010s][info ][gc,heap        ] GC(227) ParOldGen: 819321K(877056K)->819457K(877056K)
[4062.010s][info ][gc,metaspace   ] GC(227) Metaspace: 86024K(87104K)->86024K(87104K) NonClass: 73932K(74496K)->73932K(74496K) Class: 12091K(12608K)->12091K(12608K)
[4062.010s][info ][gc             ] GC(227) Pause Young (Allocation Failure) 2556M->810M(2751M) 9.434ms
[4062.010s][info ][gc,cpu         ] GC(227) User=0.01s Sys=0.00s Real=0.01s
[4062.010s][info ][safepoint      ] Safepoint "ParallelGCFailedAllocation", Time since last: 6889426891 ns, Reaching safepoint: 29902 ns, At safepoint: 9508881 ns, Total: 9538783 ns
[4063.011s][info ][safepoint      ] Safepoint "Cleanup", Time since last: 1000090178 ns, Reaching safepoint: 48104 ns, At safepoint: 3700 ns, Total: 51804 ns
[4064.011s][info ][safepoint      ] Safepoint "Cleanup", Time since last: 1000106978 ns, Reaching safepoint: 48404 ns, At safepoint: 20601 ns, Total: 69005 ns
[4068.011s][info ][safepoint      ] Safepoint "Cleanup", Time since last: 4000293595 ns, Reaching safepoint: 106108 ns, At safepoint: 4600 ns, Total: 110708 ns
[4079.012s][info ][safepoint      ] Safepoint "Cleanup", Time since last: 11000733937 ns, Reaching safepoint: 40203 ns, At safepoint: 7800 ns, Total: 48003 ns
[4085.012s][info ][safepoint      ] Safepoint "Cleanup", Time since last: 6000369257 ns, Reaching safepoint: 70705 ns, At safepoint: 6401 ns, Total: 77106 ns
[4086.500s][info ][gc,start       ] GC(228) Pause Young (Allocation Failure)
[4086.506s][debug][gc,phases      ] GC(228) Scavenge 5.493ms
[4086.506s][debug][gc,ref         ] GC(228) Skipped phase 1 of Reference Processing: no references
[4086.506s][debug][gc,ref         ] GC(228) ReferenceProcessor::execute queues: 1, RefProcThreadModel::Single, marks_oops_alive: false
[4086.506s][debug][gc,ref         ] GC(228) Skipped phase 3 of Reference Processing: no references
[4086.506s][debug][gc,ref         ] GC(228) ReferenceProcessor::execute queues: 1, RefProcThreadModel::Single, marks_oops_alive: false
[4086.506s][debug][gc,phases      ] GC(228) Reference Processing 0.103ms
[4086.506s][debug][gc,phases      ] GC(228)   VM Weak                        Min:  0.0, Avg:  0.0, Max:  0.0, Diff:  0.0, Sum:  0.0, Workers: 4
[4086.506s][debug][gc,phases      ] GC(228)     Dead                           Min: 0, Avg:  0.0, Max: 0, Diff: 0, Sum: 0, Workers: 4
[4086.506s][debug][gc,phases      ] GC(228)     Total                          Min: 0, Avg: 204.8, Max: 819, Diff: 819, Sum: 819, Workers: 4
[4086.506s][debug][gc,phases      ] GC(228)   ObjectSynchronizer Weak        Min:  0.0, Avg:  0.0, Max:  0.0, Diff:  0.0, Sum:  0.0, Workers: 4
[4086.506s][debug][gc,phases      ] GC(228)     Dead                           Min: 0, Avg:  0.0, Max: 0, Diff: 0, Sum: 0, Workers: 4
[4086.506s][debug][gc,phases      ] GC(228)     Total                          Min: 0, Avg: 27.0, Max: 64, Diff: 64, Sum: 108, Workers: 4
[4086.506s][debug][gc,phases      ] GC(228)   JVMTI Tag Weak OopStorage      Min:  0.0, Avg:  0.0, Max:  0.0, Diff:  0.0, Sum:  0.0, Workers: 4
[4086.506s][debug][gc,phases      ] GC(228)     Dead                           Min: 0, Avg:  0.0, Max: 0, Diff: 0, Sum: 0, Workers: 4
[4086.506s][debug][gc,phases      ] GC(228)     Total                          Min: 0, Avg:  0.0, Max: 0, Diff: 0, Sum: 0, Workers: 4
[4086.506s][debug][gc,phases      ] GC(228)   StringTable Weak               Min:  0.0, Avg:  0.1, Max:  0.1, Diff:  0.1, Sum:  0.4, Workers: 4
[4086.506s][debug][gc,phases      ] GC(228)     Dead                           Min: 0, Avg:  0.0, Max: 0, Diff: 0, Sum: 0, Workers: 4
[4086.506s][debug][gc,phases      ] GC(228)     Total                          Min: 0, Avg: 11138.0, Max: 15945, Diff: 15945, Sum: 44552, Workers: 4
[4086.506s][debug][gc,phases      ] GC(228)   ResolvedMethodTable Weak       Min:  0.0, Avg:  0.0, Max:  0.0, Diff:  0.0, Sum:  0.1, Workers: 4
[4086.506s][debug][gc,phases      ] GC(228)     Dead                           Min: 0, Avg:  0.0, Max: 0, Diff: 0, Sum: 0, Workers: 4
[4086.506s][debug][gc,phases      ] GC(228)     Total                          Min: 0, Avg: 2612.2, Max: 3904, Diff: 3904, Sum: 10449, Workers: 4
[4086.506s][debug][gc,phases      ] GC(228)   JNI Weak                       Min:  0.0, Avg:  0.0, Max:  0.0, Diff:  0.0, Sum:  0.0, Workers: 4
[4086.506s][debug][gc,phases      ] GC(228)     Dead                           Min: 0, Avg:  0.0, Max: 0, Diff: 0, Sum: 0, Workers: 4
[4086.506s][debug][gc,phases      ] GC(228)     Total                          Min: 0, Avg: 11.2, Max: 45, Diff: 45, Sum: 45, Workers: 4
[4086.506s][debug][gc,phases      ] GC(228)   StringDedup Table Weak         Min:  0.0, Avg:  0.0, Max:  0.0, Diff:  0.0, Sum:  0.0, Workers: 4
[4086.506s][debug][gc,phases      ] GC(228)     Dead                           Min: 0, Avg:  0.0, Max: 0, Diff: 0, Sum: 0, Workers: 4
[4086.506s][debug][gc,phases      ] GC(228)     Total                          Min: 0, Avg:  0.0, Max: 0, Diff: 0, Sum: 0, Workers: 4
[4086.506s][debug][gc,phases      ] GC(228)   StringDedup Requests0 Weak     Min:  0.0, Avg:  0.0, Max:  0.0, Diff:  0.0, Sum:  0.0, Workers: 4
[4086.506s][debug][gc,phases      ] GC(228)     Dead                           Min: 0, Avg:  0.0, Max: 0, Diff: 0, Sum: 0, Workers: 4
[4086.506s][debug][gc,phases      ] GC(228)     Total                          Min: 0, Avg:  0.0, Max: 0, Diff: 0, Sum: 0, Workers: 4
[4086.506s][debug][gc,phases      ] GC(228)   StringDedup Requests1 Weak     Min:  0.0, Avg:  0.0, Max:  0.0, Diff:  0.0, Sum:  0.0, Workers: 4
[4086.506s][debug][gc,phases      ] GC(228)     Dead                           Min: 0, Avg:  0.0, Max: 0, Diff: 0, Sum: 0, Workers: 4
[4086.506s][debug][gc,phases      ] GC(228)     Total                          Min: 0, Avg:  0.0, Max: 0, Diff: 0, Sum: 0, Workers: 4
[4086.506s][debug][gc,phases      ] GC(228)   Weak JFR Old Object Samples    Min:  0.0, Avg:  0.0, Max:  0.0, Diff:  0.0, Sum:  0.0, Workers: 4
[4086.506s][debug][gc,phases      ] GC(228)     Dead                           Min: 0, Avg:  0.0, Max: 0, Diff: 0, Sum: 0, Workers: 4
[4086.506s][debug][gc,phases      ] GC(228)     Total                          Min: 0, Avg:  0.0, Max: 0, Diff: 0, Sum: 0, Workers: 4
[4086.506s][debug][gc,phases      ] GC(228) Weak Processing 0.392ms
[4086.506s][debug][gc,age         ] GC(228) Desired survivor size 143654912 bytes, new threshold 15 (max threshold 15)
[4086.506s][info ][gc,heap        ] GC(228) PSYoungGen: 1798560K(1939968K)->10112K(1956864K) Eden: 1788416K(1788416K)->0K(1810944K) From: 10144K(151552K)->10112K(145920K)
[4086.506s][info ][gc,heap        ] GC(228) ParOldGen: 819457K(877056K)->819633K(877056K)
[4086.506s][info ][gc,metaspace   ] GC(228) Metaspace: 86024K(87104K)->86024K(87104K) NonClass: 73932K(74496K)->73932K(74496K) Class: 12091K(12608K)->12091K(12608K)
[4086.506s][info ][gc             ] GC(228) Pause Young (Allocation Failure) 2556M->810M(2767M) 6.123ms
[4086.506s][info ][gc,cpu         ] GC(228) User=0.01s Sys=0.00s Real=0.00s
[4086.506s][info ][safepoint      ] Safepoint "ParallelGCFailedAllocation", Time since last: 1487587288 ns, Reaching safepoint: 103708 ns, At safepoint: 6233546 ns, Total: 6337254 ns
[4090.507s][info ][safepoint      ] Safepoint "Cleanup", Time since last: 4000288120 ns, Reaching safepoint: 105608 ns, At safepoint: 3700 ns, Total: 109308 ns
[4097.507s][info ][safepoint      ] Safepoint "Cleanup", Time since last: 7000516954 ns, Reaching safepoint: 115709 ns, At safepoint: 8500 ns, Total: 124209 ns
[4110.300s][info ][gc,start       ] GC(229) Pause Young (Allocation Failure)
[4110.310s][debug][gc,phases      ] GC(229) Scavenge 10.627ms
[4110.310s][debug][gc,ref         ] GC(229) Skipped phase 1 of Reference Processing: no references
[4110.310s][debug][gc,ref         ] GC(229) ReferenceProcessor::execute queues: 1, RefProcThreadModel::Single, marks_oops_alive: false
[4110.310s][debug][gc,ref         ] GC(229) ReferenceProcessor::execute queues: 4, RefProcThreadModel::Multi, marks_oops_alive: true
[4110.310s][debug][gc,ref         ] GC(229) ReferenceProcessor::execute queues: 1, RefProcThreadModel::Single, marks_oops_alive: false
[4110.310s][debug][gc,phases      ] GC(229) Reference Processing 0.168ms
[4110.311s][debug][gc,phases      ] GC(229)   VM Weak                        Min:  0.0, Avg:  0.0, Max:  0.0, Diff:  0.0, Sum:  0.0, Workers: 4
[4110.311s][debug][gc,phases      ] GC(229)     Dead                           Min: 0, Avg:  0.0, Max: 0, Diff: 0, Sum: 0, Workers: 4
[4110.311s][debug][gc,phases      ] GC(229)     Total                          Min: 0, Avg: 204.8, Max: 632, Diff: 632, Sum: 819, Workers: 4
[4110.311s][debug][gc,phases      ] GC(229)   ObjectSynchronizer Weak        Min:  0.0, Avg:  0.0, Max:  0.0, Diff:  0.0, Sum:  0.0, Workers: 4
[4110.311s][debug][gc,phases      ] GC(229)     Dead                           Min: 0, Avg:  0.0, Max: 0, Diff: 0, Sum: 0, Workers: 4
[4110.311s][debug][gc,phases      ] GC(229)     Total                          Min: 0, Avg: 27.0, Max: 64, Diff: 64, Sum: 108, Workers: 4
[4110.311s][debug][gc,phases      ] GC(229)   JVMTI Tag Weak OopStorage      Min:  0.0, Avg:  0.0, Max:  0.0, Diff:  0.0, Sum:  0.0, Workers: 4
[4110.311s][debug][gc,phases      ] GC(229)     Dead                           Min: 0, Avg:  0.0, Max: 0, Diff: 0, Sum: 0, Workers: 4
[4110.311s][debug][gc,phases      ] GC(229)     Total                          Min: 0, Avg:  0.0, Max: 0, Diff: 0, Sum: 0, Workers: 4
[4110.311s][debug][gc,phases      ] GC(229)   StringTable Weak               Min:  0.1, Avg:  0.1, Max:  0.1, Diff:  0.0, Sum:  0.4, Workers: 4
[4110.311s][debug][gc,phases      ] GC(229)     Dead                           Min: 0, Avg:  0.0, Max: 0, Diff: 0, Sum: 0, Workers: 4
[4110.311s][debug][gc,phases      ] GC(229)     Total                          Min: 10826, Avg: 11138.2, Max: 11647, Diff: 821, Sum: 44553, Workers: 4
[4110.311s][debug][gc,phases      ] GC(229)   ResolvedMethodTable Weak       Min:  0.0, Avg:  0.0, Max:  0.0, Diff:  0.0, Sum:  0.1, Workers: 4
[4110.311s][debug][gc,phases      ] GC(229)     Dead                           Min: 0, Avg:  0.0, Max: 0, Diff: 0, Sum: 0, Workers: 4
[4110.311s][debug][gc,phases      ] GC(229)     Total                          Min: 2495, Avg: 2612.2, Max: 2752, Diff: 257, Sum: 10449, Workers: 4
[4110.311s][debug][gc,phases      ] GC(229)   JNI Weak                       Min:  0.0, Avg:  0.0, Max:  0.0, Diff:  0.0, Sum:  0.0, Workers: 4
[4110.311s][debug][gc,phases      ] GC(229)     Dead                           Min: 0, Avg:  0.0, Max: 0, Diff: 0, Sum: 0, Workers: 4
[4110.311s][debug][gc,phases      ] GC(229)     Total                          Min: 0, Avg: 11.2, Max: 45, Diff: 45, Sum: 45, Workers: 4
[4110.311s][debug][gc,phases      ] GC(229)   StringDedup Table Weak         Min:  0.0, Avg:  0.0, Max:  0.0, Diff:  0.0, Sum:  0.0, Workers: 4
[4110.311s][debug][gc,phases      ] GC(229)     Dead                           Min: 0, Avg:  0.0, Max: 0, Diff: 0, Sum: 0, Workers: 4
[4110.311s][debug][gc,phases      ] GC(229)     Total                          Min: 0, Avg:  0.0, Max: 0, Diff: 0, Sum: 0, Workers: 4
[4110.311s][debug][gc,phases      ] GC(229)   StringDedup Requests0 Weak     Min:  0.0, Avg:  0.0, Max:  0.0, Diff:  0.0, Sum:  0.0, Workers: 4
[4110.311s][debug][gc,phases      ] GC(229)     Dead                           Min: 0, Avg:  0.0, Max: 0, Diff: 0, Sum: 0, Workers: 4
[4110.311s][debug][gc,phases      ] GC(229)     Total                          Min: 0, Avg:  0.0, Max: 0, Diff: 0, Sum: 0, Workers: 4
[4110.311s][debug][gc,phases      ] GC(229)   StringDedup Requests1 Weak     Min:  0.0, Avg:  0.0, Max:  0.0, Diff:  0.0, Sum:  0.0, Workers: 4
[4110.311s][debug][gc,phases      ] GC(229)     Dead                           Min: 0, Avg:  0.0, Max: 0, Diff: 0, Sum: 0, Workers: 4
[4110.311s][debug][gc,phases      ] GC(229)     Total                          Min: 0, Avg:  0.0, Max: 0, Diff: 0, Sum: 0, Workers: 4
[4110.311s][debug][gc,phases      ] GC(229)   Weak JFR Old Object Samples    Min:  0.0, Avg:  0.0, Max:  0.0, Diff:  0.0, Sum:  0.0, Workers: 4
[4110.311s][debug][gc,phases      ] GC(229)     Dead                           Min: 0, Avg:  0.0, Max: 0, Diff: 0, Sum: 0, Workers: 4
[4110.311s][debug][gc,phases      ] GC(229)     Total                          Min: 0, Avg:  0.0, Max: 0, Diff: 0, Sum: 0, Workers: 4
[4110.311s][debug][gc,phases      ] GC(229) Weak Processing 0.359ms
[4110.311s][debug][gc,age         ] GC(229) Desired survivor size 137363456 bytes, new threshold 15 (max threshold 15)
[4110.311s][info ][gc,heap        ] GC(229) PSYoungGen: 1821056K(1956864K)->8704K(1951232K) Eden: 1810944K(1810944K)->0K(1810944K) From: 10112K(145920K)->8704K(140288K)
[4110.311s][info ][gc,heap        ] GC(229) ParOldGen: 819633K(877056K)->819857K(877056K)
[4110.311s][info ][gc,metaspace   ] GC(229) Metaspace: 86030K(87104K)->86030K(87104K) NonClass: 73939K(74496K)->73939K(74496K) Class: 12091K(12608K)->12091K(12608K)
[4110.311s][info ][gc             ] GC(229) Pause Young (Allocation Failure) 2578M->809M(2762M) 11.293ms
[4110.311s][info ][gc,cpu         ] GC(229) User=0.02s Sys=0.01s Real=0.01s
[4110.311s][info ][safepoint      ] Safepoint "ParallelGCFailedAllocation", Time since last: 12792221302 ns, Reaching safepoint: 42304 ns, At safepoint: 11386115 ns, Total: 11428419 ns
[4115.311s][info ][safepoint      ] Safepoint "Cleanup", Time since last: 5000324076 ns, Reaching safepoint: 102007 ns, At safepoint: 7201 ns, Total: 109208 ns
[4121.312s][info ][safepoint      ] Safepoint "Cleanup", Time since last: 6000446989 ns, Reaching safepoint: 70205 ns, At safepoint: 3000 ns, Total: 73205 ns
[4127.312s][info ][safepoint      ] Safepoint "Cleanup", Time since last: 6000368657 ns, Reaching safepoint: 50603 ns, At safepoint: 8101 ns, Total: 58704 ns
[4128.312s][info ][safepoint      ] Safepoint "Cleanup", Time since last: 1000084825 ns, Reaching safepoint: 30002 ns, At safepoint: 2900 ns, Total: 32902 ns
[4133.313s][info ][safepoint      ] Safepoint "Cleanup", Time since last: 5000302106 ns, Reaching safepoint: 52703 ns, At safepoint: 3301 ns, Total: 56004 ns
[4134.313s][info ][safepoint      ] Safepoint "Cleanup", Time since last: 1000114222 ns, Reaching safepoint: 47304 ns, At safepoint: 2900 ns, Total: 50204 ns
[4135.313s][info ][safepoint      ] Safepoint "Cleanup", Time since last: 1000108622 ns, Reaching safepoint: 49603 ns, At safepoint: 3000 ns, Total: 52603 ns
[4136.313s][info ][safepoint      ] Safepoint "Cleanup", Time since last: 1000120322 ns, Reaching safepoint: 51204 ns, At safepoint: 5400 ns, Total: 56604 ns
[4136.950s][info ][gc,start       ] GC(230) Pause Young (Allocation Failure)
[4136.959s][debug][gc,phases      ] GC(230) Scavenge 9.116ms
[4136.959s][debug][gc,ref         ] GC(230) Skipped phase 1 of Reference Processing: no references
[4136.960s][debug][gc,ref         ] GC(230) ReferenceProcessor::execute queues: 1, RefProcThreadModel::Single, marks_oops_alive: false
[4136.960s][debug][gc,ref         ] GC(230) Skipped phase 3 of Reference Processing: no references
[4136.960s][debug][gc,ref         ] GC(230) ReferenceProcessor::execute queues: 1, RefProcThreadModel::Single, marks_oops_alive: false
[4136.960s][debug][gc,phases      ] GC(230) Reference Processing 0.098ms
[4136.960s][debug][gc,phases      ] GC(230)   VM Weak                        Min:  0.0, Avg:  0.0, Max:  0.0, Diff:  0.0, Sum:  0.0, Workers: 4
[4136.960s][debug][gc,phases      ] GC(230)     Dead                           Min: 0, Avg:  0.0, Max: 0, Diff: 0, Sum: 0, Workers: 4
[4136.960s][debug][gc,phases      ] GC(230)     Total                          Min: 0, Avg: 204.8, Max: 696, Diff: 696, Sum: 819, Workers: 4
[4136.960s][debug][gc,phases      ] GC(230)   ObjectSynchronizer Weak        Min:  0.0, Avg:  0.0, Max:  0.0, Diff:  0.0, Sum:  0.0, Workers: 4
[4136.960s][debug][gc,phases      ] GC(230)     Dead                           Min: 0, Avg:  0.0, Max: 0, Diff: 0, Sum: 0, Workers: 4
[4136.960s][debug][gc,phases      ] GC(230)     Total                          Min: 0, Avg: 27.0, Max: 64, Diff: 64, Sum: 108, Workers: 4
[4136.960s][debug][gc,phases      ] GC(230)   JVMTI Tag Weak OopStorage      Min:  0.0, Avg:  0.0, Max:  0.0, Diff:  0.0, Sum:  0.0, Workers: 4
[4136.960s][debug][gc,phases      ] GC(230)     Dead                           Min: 0, Avg:  0.0, Max: 0, Diff: 0, Sum: 0, Workers: 4
[4136.960s][debug][gc,phases      ] GC(230)     Total                          Min: 0, Avg:  0.0, Max: 0, Diff: 0, Sum: 0, Workers: 4
[4136.960s][debug][gc,phases      ] GC(230)   StringTable Weak               Min:  0.1, Avg:  0.1, Max:  0.1, Diff:  0.0, Sum:  0.4, Workers: 4
[4136.960s][debug][gc,phases      ] GC(230)     Dead                           Min: 0, Avg:  0.0, Max: 0, Diff: 0, Sum: 0, Workers: 4
[4136.960s][debug][gc,phases      ] GC(230)     Total                          Min: 10368, Avg: 11138.8, Max: 12300, Diff: 1932, Sum: 44555, Workers: 4
[4136.960s][debug][gc,phases      ] GC(230)   ResolvedMethodTable Weak       Min:  0.0, Avg:  0.0, Max:  0.0, Diff:  0.0, Sum:  0.1, Workers: 4
[4136.960s][debug][gc,phases      ] GC(230)     Dead                           Min: 0, Avg:  0.0, Max: 0, Diff: 0, Sum: 0, Workers: 4
[4136.960s][debug][gc,phases      ] GC(230)     Total                          Min: 2386, Avg: 2612.2, Max: 2816, Diff: 430, Sum: 10449, Workers: 4
[4136.960s][debug][gc,phases      ] GC(230)   JNI Weak                       Min:  0.0, Avg:  0.0, Max:  0.0, Diff:  0.0, Sum:  0.0, Workers: 4
[4136.960s][debug][gc,phases      ] GC(230)     Dead                           Min: 0, Avg:  0.0, Max: 0, Diff: 0, Sum: 0, Workers: 4
[4136.960s][debug][gc,phases      ] GC(230)     Total                          Min: 0, Avg: 11.2, Max: 45, Diff: 45, Sum: 45, Workers: 4
[4136.960s][debug][gc,phases      ] GC(230)   StringDedup Table Weak         Min:  0.0, Avg:  0.0, Max:  0.0, Diff:  0.0, Sum:  0.0, Workers: 4
[4136.960s][debug][gc,phases      ] GC(230)     Dead                           Min: 0, Avg:  0.0, Max: 0, Diff: 0, Sum: 0, Workers: 4
[4136.960s][debug][gc,phases      ] GC(230)     Total                          Min: 0, Avg:  0.0, Max: 0, Diff: 0, Sum: 0, Workers: 4
[4136.960s][debug][gc,phases      ] GC(230)   StringDedup Requests0 Weak     Min:  0.0, Avg:  0.0, Max:  0.0, Diff:  0.0, Sum:  0.0, Workers: 4
[4136.960s][debug][gc,phases      ] GC(230)     Dead                           Min: 0, Avg:  0.0, Max: 0, Diff: 0, Sum: 0, Workers: 4
[4136.960s][debug][gc,phases      ] GC(230)     Total                          Min: 0, Avg:  0.0, Max: 0, Diff: 0, Sum: 0, Workers: 4
[4136.960s][debug][gc,phases      ] GC(230)   StringDedup Requests1 Weak     Min:  0.0, Avg:  0.0, Max:  0.0, Diff:  0.0, Sum:  0.0, Workers: 4
[4136.960s][debug][gc,phases      ] GC(230)     Dead                           Min: 0, Avg:  0.0, Max: 0, Diff: 0, Sum: 0, Workers: 4
[4136.960s][debug][gc,phases      ] GC(230)     Total                          Min: 0, Avg:  0.0, Max: 0, Diff: 0, Sum: 0, Workers: 4
[4136.960s][debug][gc,phases      ] GC(230)   Weak JFR Old Object Samples    Min:  0.0, Avg:  0.0, Max:  0.0, Diff:  0.0, Sum:  0.0, Workers: 4
[4136.960s][debug][gc,phases      ] GC(230)     Dead                           Min: 0, Avg:  0.0, Max: 0, Diff: 0, Sum: 0, Workers: 4
[4136.960s][debug][gc,phases      ] GC(230)     Total                          Min: 0, Avg:  0.0, Max: 0, Diff: 0, Sum: 0, Workers: 4
[4136.960s][debug][gc,phases      ] GC(230) Weak Processing 0.335ms
[4136.960s][debug][gc,age         ] GC(230) Desired survivor size 131596288 bytes, new threshold 15 (max threshold 15)
[4136.960s][info ][gc,heap        ] GC(230) PSYoungGen: 1819648K(1951232K)->8288K(1968640K) Eden: 1810944K(1810944K)->0K(1834496K) From: 8704K(140288K)->8288K(134144K)
[4136.960s][info ][gc,heap        ] GC(230) ParOldGen: 819857K(877056K)->820345K(877056K)
[4136.960s][info ][gc,metaspace   ] GC(230) Metaspace: 86040K(87104K)->86040K(87104K) NonClass: 73945K(74496K)->73945K(74496K) Class: 12094K(12608K)->12094K(12608K)
[4136.960s][info ][gc             ] GC(230) Pause Young (Allocation Failure) 2577M->809M(2779M) 9.677ms
[4136.960s][info ][gc,cpu         ] GC(230) User=0.03s Sys=0.00s Real=0.01s
[4136.960s][info ][safepoint      ] Safepoint "ParallelGCFailedAllocation", Time since last: 636777301 ns, Reaching safepoint: 150711 ns, At safepoint: 9777000 ns, Total: 9927711 ns
[4137.960s][info ][safepoint      ] Safepoint "Cleanup", Time since last: 1000087118 ns, Reaching safepoint: 37303 ns, At safepoint: 3400 ns, Total: 40703 ns
[4138.960s][info ][safepoint      ] Safepoint "Cleanup", Time since last: 1000090218 ns, Reaching safepoint: 50503 ns, At safepoint: 4200 ns, Total: 54703 ns
[4139.961s][info ][safepoint      ] Safepoint "Cleanup", Time since last: 1000107719 ns, Reaching safepoint: 126909 ns, At safepoint: 7800 ns, Total: 134709 ns
[4142.961s][info ][safepoint      ] Safepoint "Cleanup", Time since last: 3000243044 ns, Reaching safepoint: 119909 ns, At safepoint: 8200 ns, Total: 128109 ns
[4143.961s][info ][safepoint      ] Safepoint "Cleanup", Time since last: 1000115216 ns, Reaching safepoint: 120409 ns, At safepoint: 10400 ns, Total: 130809 ns
[4147.962s][info ][safepoint      ] Safepoint "Cleanup", Time since last: 4000311945 ns, Reaching safepoint: 123009 ns, At safepoint: 10601 ns, Total: 133610 ns
[4148.962s][info ][safepoint      ] Safepoint "Cleanup", Time since last: 1000123912 ns, Reaching safepoint: 115109 ns, At safepoint: 5400 ns, Total: 120509 ns
[4150.962s][info ][safepoint      ] Safepoint "Cleanup", Time since last: 2000202820 ns, Reaching safepoint: 129109 ns, At safepoint: 3800 ns, Total: 132909 ns
[4151.963s][info ][safepoint      ] Safepoint "Cleanup", Time since last: 1000126311 ns, Reaching safepoint: 194114 ns, At safepoint: 7200 ns, Total: 201314 ns
[4153.963s][info ][safepoint      ] Safepoint "Cleanup", Time since last: 2000181914 ns, Reaching safepoint: 96807 ns, At safepoint: 7201 ns, Total: 104008 ns
[4155.963s][info ][safepoint      ] Safepoint "Cleanup", Time since last: 2000185211 ns, Reaching safepoint: 122709 ns, At safepoint: 29902 ns, Total: 152611 ns
[4156.963s][info ][safepoint      ] Safepoint "Cleanup", Time since last: 1000106006 ns, Reaching safepoint: 112708 ns, At safepoint: 7801 ns, Total: 120509 ns
[4159.454s][info ][gc,start       ] GC(231) Pause Young (Allocation Failure)
[4159.461s][debug][gc,phases      ] GC(231) Scavenge 6.810ms
[4159.461s][debug][gc,ref         ] GC(231) Skipped phase 1 of Reference Processing: no references
[4159.461s][debug][gc,ref         ] GC(231) ReferenceProcessor::execute queues: 1, RefProcThreadModel::Single, marks_oops_alive: false
[4159.461s][debug][gc,ref         ] GC(231) Skipped phase 3 of Reference Processing: no references
[4159.461s][debug][gc,ref         ] GC(231) ReferenceProcessor::execute queues: 1, RefProcThreadModel::Single, marks_oops_alive: false
[4159.461s][debug][gc,phases      ] GC(231) Reference Processing 0.120ms
[4159.461s][debug][gc,phases      ] GC(231)   VM Weak                        Min:  0.0, Avg:  0.0, Max:  0.0, Diff:  0.0, Sum:  0.0, Workers: 4
[4159.461s][debug][gc,phases      ] GC(231)     Dead                           Min: 0, Avg:  0.0, Max: 0, Diff: 0, Sum: 0, Workers: 4
[4159.461s][debug][gc,phases      ] GC(231)     Total                          Min: 0, Avg: 204.8, Max: 499, Diff: 499, Sum: 819, Workers: 4
[4159.461s][debug][gc,phases      ] GC(231)   ObjectSynchronizer Weak        Min:  0.0, Avg:  0.0, Max:  0.0, Diff:  0.0, Sum:  0.0, Workers: 4
[4159.461s][debug][gc,phases      ] GC(231)     Dead                           Min: 0, Avg:  0.0, Max: 0, Diff: 0, Sum: 0, Workers: 4
[4159.461s][debug][gc,phases      ] GC(231)     Total                          Min: 0, Avg: 27.0, Max: 64, Diff: 64, Sum: 108, Workers: 4
[4159.461s][debug][gc,phases      ] GC(231)   JVMTI Tag Weak OopStorage      Min:  0.0, Avg:  0.0, Max:  0.0, Diff:  0.0, Sum:  0.0, Workers: 4
[4159.461s][debug][gc,phases      ] GC(231)     Dead                           Min: 0, Avg:  0.0, Max: 0, Diff: 0, Sum: 0, Workers: 4
[4159.461s][debug][gc,phases      ] GC(231)     Total                          Min: 0, Avg:  0.0, Max: 0, Diff: 0, Sum: 0, Workers: 4
[4159.461s][debug][gc,phases      ] GC(231)   StringTable Weak               Min:  0.1, Avg:  0.1, Max:  0.1, Diff:  0.0, Sum:  0.4, Workers: 4
[4159.461s][debug][gc,phases      ] GC(231)     Dead                           Min: 0, Avg:  0.2, Max: 1, Diff: 1, Sum: 1, Workers: 4
[4159.461s][debug][gc,phases      ] GC(231)     Total                          Min: 7887, Avg: 11139.2, Max: 12736, Diff: 4849, Sum: 44557, Workers: 4
[4159.461s][debug][gc,phases      ] GC(231)   ResolvedMethodTable Weak       Min:  0.0, Avg:  0.0, Max:  0.0, Diff:  0.0, Sum:  0.1, Workers: 4
[4159.461s][debug][gc,phases      ] GC(231)     Dead                           Min: 0, Avg:  0.0, Max: 0, Diff: 0, Sum: 0, Workers: 4
[4159.461s][debug][gc,phases      ] GC(231)     Total                          Min: 2432, Avg: 2612.8, Max: 2879, Diff: 447, Sum: 10451, Workers: 4
[4159.461s][debug][gc,phases      ] GC(231)   JNI Weak                       Min:  0.0, Avg:  0.0, Max:  0.0, Diff:  0.0, Sum:  0.0, Workers: 4
[4159.461s][debug][gc,phases      ] GC(231)     Dead                           Min: 0, Avg:  0.0, Max: 0, Diff: 0, Sum: 0, Workers: 4
[4159.461s][debug][gc,phases      ] GC(231)     Total                          Min: 0, Avg: 11.2, Max: 45, Diff: 45, Sum: 45, Workers: 4
[4159.462s][debug][gc,phases      ] GC(231)   StringDedup Table Weak         Min:  0.0, Avg:  0.0, Max:  0.0, Diff:  0.0, Sum:  0.0, Workers: 4
[4159.462s][debug][gc,phases      ] GC(231)     Dead                           Min: 0, Avg:  0.0, Max: 0, Diff: 0, Sum: 0, Workers: 4
[4159.462s][debug][gc,phases      ] GC(231)     Total                          Min: 0, Avg:  0.0, Max: 0, Diff: 0, Sum: 0, Workers: 4
[4159.462s][debug][gc,phases      ] GC(231)   StringDedup Requests0 Weak     Min:  0.0, Avg:  0.0, Max:  0.0, Diff:  0.0, Sum:  0.0, Workers: 4
[4159.462s][debug][gc,phases      ] GC(231)     Dead                           Min: 0, Avg:  0.0, Max: 0, Diff: 0, Sum: 0, Workers: 4
[4159.462s][debug][gc,phases      ] GC(231)     Total                          Min: 0, Avg:  0.0, Max: 0, Diff: 0, Sum: 0, Workers: 4
[4159.462s][debug][gc,phases      ] GC(231)   StringDedup Requests1 Weak     Min:  0.0, Avg:  0.0, Max:  0.0, Diff:  0.0, Sum:  0.0, Workers: 4
[4159.462s][debug][gc,phases      ] GC(231)     Dead                           Min: 0, Avg:  0.0, Max: 0, Diff: 0, Sum: 0, Workers: 4
[4159.462s][debug][gc,phases      ] GC(231)     Total                          Min: 0, Avg:  0.0, Max: 0, Diff: 0, Sum: 0, Workers: 4
[4159.462s][debug][gc,phases      ] GC(231)   Weak JFR Old Object Samples    Min:  0.0, Avg:  0.0, Max:  0.0, Diff:  0.0, Sum:  0.0, Workers: 4
[4159.462s][debug][gc,phases      ] GC(231)     Dead                           Min: 0, Avg:  0.0, Max: 0, Diff: 0, Sum: 0, Workers: 4
[4159.462s][debug][gc,phases      ] GC(231)     Total                          Min: 0, Avg:  0.0, Max: 0, Diff: 0, Sum: 0, Workers: 4
[4159.462s][debug][gc,phases      ] GC(231) Weak Processing 0.329ms
[4159.462s][debug][gc,age         ] GC(231) Desired survivor size 125304832 bytes, new threshold 15 (max threshold 15)
[4159.462s][info ][gc,heap        ] GC(231) PSYoungGen: 1842784K(1968640K)->9200K(1963008K) Eden: 1834496K(1834496K)->0K(1834496K) From: 8288K(134144K)->9200K(128512K)
[4159.462s][info ][gc,heap        ] GC(231) ParOldGen: 820345K(877056K)->820925K(877056K)
[4159.462s][info ][gc,metaspace   ] GC(231) Metaspace: 86058K(87104K)->86058K(87104K) NonClass: 73963K(74496K)->73963K(74496K) Class: 12094K(12608K)->12094K(12608K)
[4159.462s][info ][gc             ] GC(231) Pause Young (Allocation Failure) 2600M->810M(2773M) 7.403ms
[4159.462s][info ][gc,cpu         ] GC(231) User=0.02s Sys=0.01s Real=0.01s
[4159.462s][info ][safepoint      ] Safepoint "ParallelGCFailedAllocation", Time since last: 2490684925 ns, Reaching safepoint: 107107 ns, At safepoint: 7495137 ns, Total: 7602244 ns
[4168.462s][info ][safepoint      ] Safepoint "Cleanup", Time since last: 9000596477 ns, Reaching safepoint: 117809 ns, At safepoint: 6400 ns, Total: 124209 ns
[4174.463s][info ][safepoint      ] Safepoint "Cleanup", Time since last: 6000450757 ns, Reaching safepoint: 107108 ns, At safepoint: 8301 ns, Total: 115409 ns
[4177.253s][info ][gc,start       ] GC(232) Pause Young (Allocation Failure)
[4177.266s][debug][gc,phases      ] GC(232) Scavenge 13.086ms
[4177.266s][debug][gc,ref         ] GC(232) Skipped phase 1 of Reference Processing: no references
[4177.266s][debug][gc,ref         ] GC(232) ReferenceProcessor::execute queues: 1, RefProcThreadModel::Single, marks_oops_alive: false
[4177.266s][debug][gc,ref         ] GC(232) ReferenceProcessor::execute queues: 4, RefProcThreadModel::Multi, marks_oops_alive: true
[4177.266s][debug][gc,ref         ] GC(232) ReferenceProcessor::execute queues: 1, RefProcThreadModel::Single, marks_oops_alive: false
[4177.266s][debug][gc,phases      ] GC(232) Reference Processing 0.176ms
[4177.266s][debug][gc,phases      ] GC(232)   VM Weak                        Min:  0.0, Avg:  0.0, Max:  0.0, Diff:  0.0, Sum:  0.0, Workers: 4
[4177.266s][debug][gc,phases      ] GC(232)     Dead                           Min: 0, Avg:  0.0, Max: 0, Diff: 0, Sum: 0, Workers: 4
[4177.266s][debug][gc,phases      ] GC(232)     Total                          Min: 0, Avg: 204.8, Max: 632, Diff: 632, Sum: 819, Workers: 4
[4177.266s][debug][gc,phases      ] GC(232)   ObjectSynchronizer Weak        Min:  0.0, Avg:  0.0, Max:  0.0, Diff:  0.0, Sum:  0.0, Workers: 4
[4177.266s][debug][gc,phases      ] GC(232)     Dead                           Min: 0, Avg:  0.0, Max: 0, Diff: 0, Sum: 0, Workers: 4
[4177.266s][debug][gc,phases      ] GC(232)     Total                          Min: 0, Avg: 27.0, Max: 64, Diff: 64, Sum: 108, Workers: 4
[4177.266s][debug][gc,phases      ] GC(232)   JVMTI Tag Weak OopStorage      Min:  0.0, Avg:  0.0, Max:  0.0, Diff:  0.0, Sum:  0.0, Workers: 4
[4177.266s][debug][gc,phases      ] GC(232)     Dead                           Min: 0, Avg:  0.0, Max: 0, Diff: 0, Sum: 0, Workers: 4
[4177.266s][debug][gc,phases      ] GC(232)     Total                          Min: 0, Avg:  0.0, Max: 0, Diff: 0, Sum: 0, Workers: 4
[4177.266s][debug][gc,phases      ] GC(232)   StringTable Weak               Min:  0.1, Avg:  0.1, Max:  0.1, Diff:  0.0, Sum:  0.4, Workers: 4
[4177.266s][debug][gc,phases      ] GC(232)     Dead                           Min: 0, Avg:  0.0, Max: 0, Diff: 0, Sum: 0, Workers: 4
[4177.266s][debug][gc,phases      ] GC(232)     Total                          Min: 10574, Avg: 11139.2, Max: 11520, Diff: 946, Sum: 44557, Workers: 4
[4177.266s][debug][gc,phases      ] GC(232)   ResolvedMethodTable Weak       Min:  0.0, Avg:  0.0, Max:  0.0, Diff:  0.0, Sum:  0.1, Workers: 4
[4177.266s][debug][gc,phases      ] GC(232)     Dead                           Min: 0, Avg:  0.0, Max: 0, Diff: 0, Sum: 0, Workers: 4
[4177.266s][debug][gc,phases      ] GC(232)     Total                          Min: 2560, Avg: 2612.8, Max: 2644, Diff: 84, Sum: 10451, Workers: 4
[4177.266s][debug][gc,phases      ] GC(232)   JNI Weak                       Min:  0.0, Avg:  0.0, Max:  0.0, Diff:  0.0, Sum:  0.0, Workers: 4
[4177.266s][debug][gc,phases      ] GC(232)     Dead                           Min: 0, Avg:  0.0, Max: 0, Diff: 0, Sum: 0, Workers: 4
[4177.266s][debug][gc,phases      ] GC(232)     Total                          Min: 0, Avg: 11.2, Max: 45, Diff: 45, Sum: 45, Workers: 4
[4177.266s][debug][gc,phases      ] GC(232)   StringDedup Table Weak         Min:  0.0, Avg:  0.0, Max:  0.0, Diff:  0.0, Sum:  0.0, Workers: 4
[4177.266s][debug][gc,phases      ] GC(232)     Dead                           Min: 0, Avg:  0.0, Max: 0, Diff: 0, Sum: 0, Workers: 4
[4177.266s][debug][gc,phases      ] GC(232)     Total                          Min: 0, Avg:  0.0, Max: 0, Diff: 0, Sum: 0, Workers: 4
[4177.266s][debug][gc,phases      ] GC(232)   StringDedup Requests0 Weak     Min:  0.0, Avg:  0.0, Max:  0.0, Diff:  0.0, Sum:  0.0, Workers: 4
[4177.266s][debug][gc,phases      ] GC(232)     Dead                           Min: 0, Avg:  0.0, Max: 0, Diff: 0, Sum: 0, Workers: 4
[4177.266s][debug][gc,phases      ] GC(232)     Total                          Min: 0, Avg:  0.0, Max: 0, Diff: 0, Sum: 0, Workers: 4
[4177.266s][debug][gc,phases      ] GC(232)   StringDedup Requests1 Weak     Min:  0.0, Avg:  0.0, Max:  0.0, Diff:  0.0, Sum:  0.0, Workers: 4
[4177.266s][debug][gc,phases      ] GC(232)     Dead                           Min: 0, Avg:  0.0, Max: 0, Diff: 0, Sum: 0, Workers: 4
[4177.266s][debug][gc,phases      ] GC(232)     Total                          Min: 0, Avg:  0.0, Max: 0, Diff: 0, Sum: 0, Workers: 4
[4177.266s][debug][gc,phases      ] GC(232)   Weak JFR Old Object Samples    Min:  0.0, Avg:  0.0, Max:  0.0, Diff:  0.0, Sum:  0.0, Workers: 4
[4177.266s][debug][gc,phases      ] GC(232)     Dead                           Min: 0, Avg:  0.0, Max: 0, Diff: 0, Sum: 0, Workers: 4
[4177.266s][debug][gc,phases      ] GC(232)     Total                          Min: 0, Avg:  0.0, Max: 0, Diff: 0, Sum: 0, Workers: 4
[4177.266s][debug][gc,phases      ] GC(232) Weak Processing 0.344ms
[4177.266s][debug][gc,age         ] GC(232) Desired survivor size 118489088 bytes, new threshold 15 (max threshold 15)
[4177.266s][info ][gc,heap        ] GC(232) PSYoungGen: 1843696K(1963008K)->12576K(1981440K) Eden: 1834496K(1834496K)->0K(1859072K) From: 9200K(128512K)->12576K(122368K)
[4177.266s][info ][gc,heap        ] GC(232) ParOldGen: 820925K(877056K)->821042K(877056K)
[4177.266s][info ][gc,metaspace   ] GC(232) Metaspace: 86060K(87104K)->86060K(87104K) NonClass: 73965K(74496K)->73965K(74496K) Class: 12094K(12608K)->12094K(12608K)
[4177.266s][info ][gc             ] GC(232) Pause Young (Allocation Failure) 2602M->814M(2791M) 13.742ms
[4177.266s][info ][gc,cpu         ] GC(232) User=0.03s Sys=0.00s Real=0.01s
[4177.266s][info ][safepoint      ] Safepoint "ParallelGCFailedAllocation", Time since last: 2789514085 ns, Reaching safepoint: 134810 ns, At safepoint: 13828290 ns, Total: 13963100 ns
[4190.267s][info ][safepoint      ] Safepoint "Cleanup", Time since last: 13000805986 ns, Reaching safepoint: 45403 ns, At safepoint: 4100 ns, Total: 49503 ns
[4192.268s][info ][safepoint      ] Safepoint "Cleanup", Time since last: 2000189262 ns, Reaching safepoint: 42603 ns, At safepoint: 3600 ns, Total: 46203 ns
[4194.268s][info ][safepoint      ] Safepoint "Cleanup", Time since last: 2000179159 ns, Reaching safepoint: 57604 ns, At safepoint: 6400 ns, Total: 64004 ns
[4195.268s][info ][safepoint      ] Safepoint "Cleanup", Time since last: 1000109580 ns, Reaching safepoint: 31602 ns, At safepoint: 3500 ns, Total: 35102 ns
[4198.268s][info ][safepoint      ] Safepoint "Cleanup", Time since last: 3000256930 ns, Reaching safepoint: 38703 ns, At safepoint: 3200 ns, Total: 41903 ns
[4198.647s][info ][gc,start       ] GC(233) Pause Young (Allocation Failure)
[4198.657s][debug][gc,phases      ] GC(233) Scavenge 9.835ms
[4198.657s][debug][gc,ref         ] GC(233) Skipped phase 1 of Reference Processing: no references
[4198.657s][debug][gc,ref         ] GC(233) ReferenceProcessor::execute queues: 1, RefProcThreadModel::Single, marks_oops_alive: false
[4198.657s][debug][gc,ref         ] GC(233) Skipped phase 3 of Reference Processing: no references
[4198.657s][debug][gc,ref         ] GC(233) ReferenceProcessor::execute queues: 1, RefProcThreadModel::Single, marks_oops_alive: false
[4198.657s][debug][gc,phases      ] GC(233) Reference Processing 0.103ms
[4198.658s][debug][gc,phases      ] GC(233)   VM Weak                        Min:  0.0, Avg:  0.0, Max:  0.0, Diff:  0.0, Sum:  0.0, Workers: 4
[4198.658s][debug][gc,phases      ] GC(233)     Dead                           Min: 0, Avg:  0.0, Max: 0, Diff: 0, Sum: 0, Workers: 4
[4198.658s][debug][gc,phases      ] GC(233)     Total                          Min: 0, Avg: 204.8, Max: 563, Diff: 563, Sum: 819, Workers: 4
[4198.658s][debug][gc,phases      ] GC(233)   ObjectSynchronizer Weak        Min:  0.0, Avg:  0.0, Max:  0.0, Diff:  0.0, Sum:  0.0, Workers: 4
[4198.658s][debug][gc,phases      ] GC(233)     Dead                           Min: 0, Avg:  0.0, Max: 0, Diff: 0, Sum: 0, Workers: 4
[4198.658s][debug][gc,phases      ] GC(233)     Total                          Min: 0, Avg: 27.0, Max: 64, Diff: 64, Sum: 108, Workers: 4
[4198.658s][debug][gc,phases      ] GC(233)   JVMTI Tag Weak OopStorage      Min:  0.0, Avg:  0.0, Max:  0.0, Diff:  0.0, Sum:  0.0, Workers: 4
[4198.658s][debug][gc,phases      ] GC(233)     Dead                           Min: 0, Avg:  0.0, Max: 0, Diff: 0, Sum: 0, Workers: 4
[4198.658s][debug][gc,phases      ] GC(233)     Total                          Min: 0, Avg:  0.0, Max: 0, Diff: 0, Sum: 0, Workers: 4
[4198.658s][debug][gc,phases      ] GC(233)   StringTable Weak               Min:  0.1, Avg:  0.1, Max:  0.1, Diff:  0.0, Sum:  0.4, Workers: 4
[4198.658s][debug][gc,phases      ] GC(233)     Dead                           Min: 0, Avg:  0.0, Max: 0, Diff: 0, Sum: 0, Workers: 4
[4198.658s][debug][gc,phases      ] GC(233)     Total                          Min: 10111, Avg: 11139.2, Max: 12239, Diff: 2128, Sum: 44557, Workers: 4
[4198.658s][debug][gc,phases      ] GC(233)   ResolvedMethodTable Weak       Min:  0.0, Avg:  0.0, Max:  0.0, Diff:  0.0, Sum:  0.1, Workers: 4
[4198.658s][debug][gc,phases      ] GC(233)     Dead                           Min: 0, Avg:  0.0, Max: 0, Diff: 0, Sum: 0, Workers: 4
[4198.658s][debug][gc,phases      ] GC(233)     Total                          Min: 1920, Avg: 2612.8, Max: 2964, Diff: 1044, Sum: 10451, Workers: 4
[4198.658s][debug][gc,phases      ] GC(233)   JNI Weak                       Min:  0.0, Avg:  0.0, Max:  0.0, Diff:  0.0, Sum:  0.0, Workers: 4
[4198.658s][debug][gc,phases      ] GC(233)     Dead                           Min: 0, Avg:  0.0, Max: 0, Diff: 0, Sum: 0, Workers: 4
[4198.658s][debug][gc,phases      ] GC(233)     Total                          Min: 0, Avg: 11.2, Max: 45, Diff: 45, Sum: 45, Workers: 4
[4198.658s][debug][gc,phases      ] GC(233)   StringDedup Table Weak         Min:  0.0, Avg:  0.0, Max:  0.0, Diff:  0.0, Sum:  0.0, Workers: 4
[4198.658s][debug][gc,phases      ] GC(233)     Dead                           Min: 0, Avg:  0.0, Max: 0, Diff: 0, Sum: 0, Workers: 4
[4198.658s][debug][gc,phases      ] GC(233)     Total                          Min: 0, Avg:  0.0, Max: 0, Diff: 0, Sum: 0, Workers: 4
[4198.658s][debug][gc,phases      ] GC(233)   StringDedup Requests0 Weak     Min:  0.0, Avg:  0.0, Max:  0.0, Diff:  0.0, Sum:  0.0, Workers: 4
[4198.658s][debug][gc,phases      ] GC(233)     Dead                           Min: 0, Avg:  0.0, Max: 0, Diff: 0, Sum: 0, Workers: 4
[4198.658s][debug][gc,phases      ] GC(233)     Total                          Min: 0, Avg:  0.0, Max: 0, Diff: 0, Sum: 0, Workers: 4
[4198.658s][debug][gc,phases      ] GC(233)   StringDedup Requests1 Weak     Min:  0.0, Avg:  0.0, Max:  0.0, Diff:  0.0, Sum:  0.0, Workers: 4
[4198.658s][debug][gc,phases      ] GC(233)     Dead                           Min: 0, Avg:  0.0, Max: 0, Diff: 0, Sum: 0, Workers: 4
[4198.658s][debug][gc,phases      ] GC(233)     Total                          Min: 0, Avg:  0.0, Max: 0, Diff: 0, Sum: 0, Workers: 4
[4198.658s][debug][gc,phases      ] GC(233)   Weak JFR Old Object Samples    Min:  0.0, Avg:  0.0, Max:  0.0, Diff:  0.0, Sum:  0.0, Workers: 4
[4198.658s][debug][gc,phases      ] GC(233)     Dead                           Min: 0, Avg:  0.0, Max: 0, Diff: 0, Sum: 0, Workers: 4
[4198.658s][debug][gc,phases      ] GC(233)     Total                          Min: 0, Avg:  0.0, Max: 0, Diff: 0, Sum: 0, Workers: 4
[4198.658s][debug][gc,phases      ] GC(233) Weak Processing 0.336ms
[4198.658s][debug][gc,age         ] GC(233) Desired survivor size 112197632 bytes, new threshold 15 (max threshold 15)
[4198.658s][info ][gc,heap        ] GC(233) PSYoungGen: 1871648K(1981440K)->11440K(1974784K) Eden: 1859072K(1859072K)->0K(1859072K) From: 12576K(122368K)->11440K(115712K)
[4198.658s][info ][gc,heap        ] GC(233) ParOldGen: 821042K(877056K)->821178K(877056K)
[4198.658s][info ][gc,metaspace   ] GC(233) Metaspace: 86062K(87104K)->86062K(87104K) NonClass: 73967K(74496K)->73967K(74496K) Class: 12094K(12608K)->12094K(12608K)
[4198.658s][info ][gc             ] GC(233) Pause Young (Allocation Failure) 2629M->813M(2785M) 10.405ms
[4198.658s][info ][gc,cpu         ] GC(233) User=0.02s Sys=0.00s Real=0.01s
[4198.658s][info ][safepoint      ] Safepoint "ParallelGCFailedAllocation", Time since last: 379026527 ns, Reaching safepoint: 105907 ns, At safepoint: 10489051 ns, Total: 10594958 ns
[4204.658s][info ][safepoint      ] Safepoint "Cleanup", Time since last: 6000449236 ns, Reaching safepoint: 118508 ns, At safepoint: 7101 ns, Total: 125609 ns
[4216.659s][info ][safepoint      ] Safepoint "Cleanup", Time since last: 12000893700 ns, Reaching safepoint: 131710 ns, At safepoint: 6200 ns, Total: 137910 ns
[4222.461s][info ][gc,start       ] GC(234) Pause Young (Allocation Failure)
[4222.478s][debug][gc,phases      ] GC(234) Scavenge 17.279ms
[4222.478s][debug][gc,ref         ] GC(234) Skipped phase 1 of Reference Processing: no references
[4222.479s][debug][gc,ref         ] GC(234) ReferenceProcessor::execute queues: 1, RefProcThreadModel::Single, marks_oops_alive: false
[4222.479s][debug][gc,ref         ] GC(234) Skipped phase 3 of Reference Processing: no references
[4222.479s][debug][gc,ref         ] GC(234) ReferenceProcessor::execute queues: 1, RefProcThreadModel::Single, marks_oops_alive: false
[4222.479s][debug][gc,phases      ] GC(234) Reference Processing 0.104ms
[4222.479s][debug][gc,phases      ] GC(234)   VM Weak                        Min:  0.0, Avg:  0.0, Max:  0.0, Diff:  0.0, Sum:  0.0, Workers: 4
[4222.479s][debug][gc,phases      ] GC(234)     Dead                           Min: 0, Avg:  0.0, Max: 0, Diff: 0, Sum: 0, Workers: 4
[4222.479s][debug][gc,phases      ] GC(234)     Total                          Min: 0, Avg: 204.8, Max: 518, Diff: 518, Sum: 819, Workers: 4
[4222.479s][debug][gc,phases      ] GC(234)   ObjectSynchronizer Weak        Min:  0.0, Avg:  0.0, Max:  0.0, Diff:  0.0, Sum:  0.0, Workers: 4
[4222.479s][debug][gc,phases      ] GC(234)     Dead                           Min: 0, Avg:  0.0, Max: 0, Diff: 0, Sum: 0, Workers: 4
[4222.479s][debug][gc,phases      ] GC(234)     Total                          Min: 0, Avg: 27.0, Max: 64, Diff: 64, Sum: 108, Workers: 4
[4222.479s][debug][gc,phases      ] GC(234)   JVMTI Tag Weak OopStorage      Min:  0.0, Avg:  0.0, Max:  0.0, Diff:  0.0, Sum:  0.0, Workers: 4
[4222.479s][debug][gc,phases      ] GC(234)     Dead                           Min: 0, Avg:  0.0, Max: 0, Diff: 0, Sum: 0, Workers: 4
[4222.479s][debug][gc,phases      ] GC(234)     Total                          Min: 0, Avg:  0.0, Max: 0, Diff: 0, Sum: 0, Workers: 4
[4222.479s][debug][gc,phases      ] GC(234)   StringTable Weak               Min:  0.0, Avg:  0.1, Max:  0.3, Diff:  0.3, Sum:  0.6, Workers: 4
[4222.479s][debug][gc,phases      ] GC(234)     Dead                           Min: 0, Avg:  0.0, Max: 0, Diff: 0, Sum: 0, Workers: 4
[4222.479s][debug][gc,phases      ] GC(234)     Total                          Min: 0, Avg: 11139.2, Max: 22527, Diff: 22527, Sum: 44557, Workers: 4
[4222.479s][debug][gc,phases      ] GC(234)   ResolvedMethodTable Weak       Min:  0.0, Avg:  0.0, Max:  0.1, Diff:  0.1, Sum:  0.1, Workers: 4
[4222.479s][debug][gc,phases      ] GC(234)     Dead                           Min: 0, Avg:  0.0, Max: 0, Diff: 0, Sum: 0, Workers: 4
[4222.479s][debug][gc,phases      ] GC(234)     Total                          Min: 0, Avg: 2612.8, Max: 5268, Diff: 5268, Sum: 10451, Workers: 4
[4222.479s][debug][gc,phases      ] GC(234)   JNI Weak                       Min:  0.0, Avg:  0.0, Max:  0.0, Diff:  0.0, Sum:  0.0, Workers: 4
[4222.479s][debug][gc,phases      ] GC(234)     Dead                           Min: 0, Avg:  0.0, Max: 0, Diff: 0, Sum: 0, Workers: 4
[4222.479s][debug][gc,phases      ] GC(234)     Total                          Min: 0, Avg: 11.2, Max: 45, Diff: 45, Sum: 45, Workers: 4
[4222.479s][debug][gc,phases      ] GC(234)   StringDedup Table Weak         Min:  0.0, Avg:  0.0, Max:  0.0, Diff:  0.0, Sum:  0.0, Workers: 4
[4222.479s][debug][gc,phases      ] GC(234)     Dead                           Min: 0, Avg:  0.0, Max: 0, Diff: 0, Sum: 0, Workers: 4
[4222.479s][debug][gc,phases      ] GC(234)     Total                          Min: 0, Avg:  0.0, Max: 0, Diff: 0, Sum: 0, Workers: 4
[4222.479s][debug][gc,phases      ] GC(234)   StringDedup Requests0 Weak     Min:  0.0, Avg:  0.0, Max:  0.0, Diff:  0.0, Sum:  0.0, Workers: 4
[4222.479s][debug][gc,phases      ] GC(234)     Dead                           Min: 0, Avg:  0.0, Max: 0, Diff: 0, Sum: 0, Workers: 4
[4222.479s][debug][gc,phases      ] GC(234)     Total                          Min: 0, Avg:  0.0, Max: 0, Diff: 0, Sum: 0, Workers: 4
[4222.479s][debug][gc,phases      ] GC(234)   StringDedup Requests1 Weak     Min:  0.0, Avg:  0.0, Max:  0.0, Diff:  0.0, Sum:  0.0, Workers: 4
[4222.479s][debug][gc,phases      ] GC(234)     Dead                           Min: 0, Avg:  0.0, Max: 0, Diff: 0, Sum: 0, Workers: 4
[4222.479s][debug][gc,phases      ] GC(234)     Total                          Min: 0, Avg:  0.0, Max: 0, Diff: 0, Sum: 0, Workers: 4
[4222.479s][debug][gc,phases      ] GC(234)   Weak JFR Old Object Samples    Min:  0.0, Avg:  0.0, Max:  0.0, Diff:  0.0, Sum:  0.0, Workers: 4
[4222.479s][debug][gc,phases      ] GC(234)     Dead                           Min: 0, Avg:  0.0, Max: 0, Diff: 0, Sum: 0, Workers: 4
[4222.479s][debug][gc,phases      ] GC(234)     Total                          Min: 0, Avg:  0.0, Max: 0, Diff: 0, Sum: 0, Workers: 4
[4222.479s][debug][gc,phases      ] GC(234) Weak Processing 0.586ms
[4222.479s][debug][gc,age         ] GC(234) Desired survivor size 105906176 bytes, new threshold 15 (max threshold 15)
[4222.479s][info ][gc,heap        ] GC(234) PSYoungGen: 1870512K(1974784K)->11168K(1993728K) Eden: 1859072K(1859072K)->0K(1884160K) From: 11440K(115712K)->11168K(109568K)
[4222.479s][info ][gc,heap        ] GC(234) ParOldGen: 821178K(877056K)->821614K(877056K)
[4222.479s][info ][gc,metaspace   ] GC(234) Metaspace: 86064K(87104K)->86064K(87104K) NonClass: 73970K(74496K)->73970K(74496K) Class: 12094K(12608K)->12094K(12608K)
[4222.479s][info ][gc             ] GC(234) Pause Young (Allocation Failure) 2628M->813M(2803M) 18.139ms
[4222.479s][info ][gc,cpu         ] GC(234) User=0.04s Sys=0.00s Real=0.02s
[4222.479s][info ][safepoint      ] Safepoint "ParallelGCFailedAllocation", Time since last: 5801600038 ns, Reaching safepoint: 36203 ns, At safepoint: 18229204 ns, Total: 18265407 ns
[4225.480s][info ][safepoint      ] Safepoint "Cleanup", Time since last: 3000220075 ns, Reaching safepoint: 41703 ns, At safepoint: 3100 ns, Total: 44803 ns
[4238.481s][info ][safepoint      ] Safepoint "Cleanup", Time since last: 13000926391 ns, Reaching safepoint: 41303 ns, At safepoint: 5000 ns, Total: 46303 ns
[4240.481s][info ][safepoint      ] Safepoint "Cleanup", Time since last: 2000171799 ns, Reaching safepoint: 49104 ns, At safepoint: 3000 ns, Total: 52104 ns
[4241.481s][info ][safepoint      ] Safepoint "Cleanup", Time since last: 1000109150 ns, Reaching safepoint: 42103 ns, At safepoint: 8601 ns, Total: 50704 ns
[4243.481s][info ][safepoint      ] Safepoint "Cleanup", Time since last: 2000172496 ns, Reaching safepoint: 57004 ns, At safepoint: 2600 ns, Total: 59604 ns
[4245.392s][info ][safepoint      ] Safepoint "Cleanup", Time since last: 1910790799 ns, Reaching safepoint: 42903 ns, At safepoint: 3700 ns, Total: 46603 ns
[4247.392s][info ][safepoint      ] Safepoint "Cleanup", Time since last: 2000185892 ns, Reaching safepoint: 52704 ns, At safepoint: 8800 ns, Total: 61504 ns
[4247.847s][info ][gc,start       ] GC(235) Pause Young (Allocation Failure)
[4247.856s][debug][gc,phases      ] GC(235) Scavenge 8.198ms
[4247.856s][debug][gc,ref         ] GC(235) Skipped phase 1 of Reference Processing: no references
[4247.856s][debug][gc,ref         ] GC(235) ReferenceProcessor::execute queues: 1, RefProcThreadModel::Single, marks_oops_alive: false
[4247.856s][debug][gc,ref         ] GC(235) Skipped phase 3 of Reference Processing: no references
[4247.856s][debug][gc,ref         ] GC(235) ReferenceProcessor::execute queues: 1, RefProcThreadModel::Single, marks_oops_alive: false
[4247.856s][debug][gc,phases      ] GC(235) Reference Processing 0.098ms
[4247.856s][debug][gc,phases      ] GC(235)   VM Weak                        Min:  0.0, Avg:  0.0, Max:  0.0, Diff:  0.0, Sum:  0.0, Workers: 4
[4247.856s][debug][gc,phases      ] GC(235)     Dead                           Min: 0, Avg:  0.0, Max: 0, Diff: 0, Sum: 0, Workers: 4
[4247.856s][debug][gc,phases      ] GC(235)     Total                          Min: 0, Avg: 204.8, Max: 632, Diff: 632, Sum: 819, Workers: 4
[4247.856s][debug][gc,phases      ] GC(235)   ObjectSynchronizer Weak        Min:  0.0, Avg:  0.0, Max:  0.0, Diff:  0.0, Sum:  0.0, Workers: 4
[4247.856s][debug][gc,phases      ] GC(235)     Dead                           Min: 0, Avg:  0.0, Max: 0, Diff: 0, Sum: 0, Workers: 4
[4247.856s][debug][gc,phases      ] GC(235)     Total                          Min: 0, Avg: 27.2, Max: 64, Diff: 64, Sum: 109, Workers: 4
[4247.856s][debug][gc,phases      ] GC(235)   JVMTI Tag Weak OopStorage      Min:  0.0, Avg:  0.0, Max:  0.0, Diff:  0.0, Sum:  0.0, Workers: 4
[4247.856s][debug][gc,phases      ] GC(235)     Dead                           Min: 0, Avg:  0.0, Max: 0, Diff: 0, Sum: 0, Workers: 4
[4247.856s][debug][gc,phases      ] GC(235)     Total                          Min: 0, Avg:  0.0, Max: 0, Diff: 0, Sum: 0, Workers: 4
[4247.856s][debug][gc,phases      ] GC(235)   StringTable Weak               Min:  0.1, Avg:  0.1, Max:  0.1, Diff:  0.0, Sum:  0.4, Workers: 4
[4247.856s][debug][gc,phases      ] GC(235)     Dead                           Min: 0, Avg:  0.0, Max: 0, Diff: 0, Sum: 0, Workers: 4
[4247.856s][debug][gc,phases      ] GC(235)     Total                          Min: 10624, Avg: 11139.2, Max: 11790, Diff: 1166, Sum: 44557, Workers: 4
[4247.856s][debug][gc,phases      ] GC(235)   ResolvedMethodTable Weak       Min:  0.0, Avg:  0.0, Max:  0.0, Diff:  0.0, Sum:  0.1, Workers: 4
[4247.856s][debug][gc,phases      ] GC(235)     Dead                           Min: 0, Avg:  0.0, Max: 0, Diff: 0, Sum: 0, Workers: 4
[4247.856s][debug][gc,phases      ] GC(235)     Total                          Min: 2368, Avg: 2612.8, Max: 2880, Diff: 512, Sum: 10451, Workers: 4
[4247.856s][debug][gc,phases      ] GC(235)   JNI Weak                       Min:  0.0, Avg:  0.0, Max:  0.0, Diff:  0.0, Sum:  0.0, Workers: 4
[4247.856s][debug][gc,phases      ] GC(235)     Dead                           Min: 0, Avg:  0.0, Max: 0, Diff: 0, Sum: 0, Workers: 4
[4247.856s][debug][gc,phases      ] GC(235)     Total                          Min: 0, Avg: 11.2, Max: 45, Diff: 45, Sum: 45, Workers: 4
[4247.856s][debug][gc,phases      ] GC(235)   StringDedup Table Weak         Min:  0.0, Avg:  0.0, Max:  0.0, Diff:  0.0, Sum:  0.0, Workers: 4
[4247.856s][debug][gc,phases      ] GC(235)     Dead                           Min: 0, Avg:  0.0, Max: 0, Diff: 0, Sum: 0, Workers: 4
[4247.856s][debug][gc,phases      ] GC(235)     Total                          Min: 0, Avg:  0.0, Max: 0, Diff: 0, Sum: 0, Workers: 4
[4247.856s][debug][gc,phases      ] GC(235)   StringDedup Requests0 Weak     Min:  0.0, Avg:  0.0, Max:  0.0, Diff:  0.0, Sum:  0.0, Workers: 4
[4247.856s][debug][gc,phases      ] GC(235)     Dead                           Min: 0, Avg:  0.0, Max: 0, Diff: 0, Sum: 0, Workers: 4
[4247.856s][debug][gc,phases      ] GC(235)     Total                          Min: 0, Avg:  0.0, Max: 0, Diff: 0, Sum: 0, Workers: 4
[4247.856s][debug][gc,phases      ] GC(235)   StringDedup Requests1 Weak     Min:  0.0, Avg:  0.0, Max:  0.0, Diff:  0.0, Sum:  0.0, Workers: 4
[4247.856s][debug][gc,phases      ] GC(235)     Dead                           Min: 0, Avg:  0.0, Max: 0, Diff: 0, Sum: 0, Workers: 4
[4247.856s][debug][gc,phases      ] GC(235)     Total                          Min: 0, Avg:  0.0, Max: 0, Diff: 0, Sum: 0, Workers: 4
[4247.856s][debug][gc,phases      ] GC(235)   Weak JFR Old Object Samples    Min:  0.0, Avg:  0.0, Max:  0.0, Diff:  0.0, Sum:  0.0, Workers: 4
[4247.856s][debug][gc,phases      ] GC(235)     Dead                           Min: 0, Avg:  0.0, Max: 0, Diff: 0, Sum: 0, Workers: 4
[4247.856s][debug][gc,phases      ] GC(235)     Total                          Min: 0, Avg:  0.0, Max: 0, Diff: 0, Sum: 0, Workers: 4
[4247.856s][debug][gc,phases      ] GC(235) Weak Processing 0.321ms
[4247.856s][debug][gc,age         ] GC(235) Desired survivor size 100139008 bytes, new threshold 15 (max threshold 15)
[4247.856s][info ][gc,heap        ] GC(235) PSYoungGen: 1895328K(1993728K)->10640K(1987584K) Eden: 1884160K(1884160K)->0K(1884160K) From: 11168K(109568K)->10640K(103424K)
[4247.856s][info ][gc,heap        ] GC(235) ParOldGen: 821614K(877056K)->821686K(877056K)
[4247.856s][info ][gc,metaspace   ] GC(235) Metaspace: 86074K(87104K)->86074K(87104K) NonClass: 73980K(74496K)->73980K(74496K) Class: 12094K(12608K)->12094K(12608K)
[4247.856s][info ][gc             ] GC(235) Pause Young (Allocation Failure) 2653M->812M(2797M) 8.743ms
[4247.856s][info ][gc,cpu         ] GC(235) User=0.02s Sys=0.00s Real=0.01s
[4247.856s][info ][safepoint      ] Safepoint "ParallelGCFailedAllocation", Time since last: 455122359 ns, Reaching safepoint: 30602 ns, At safepoint: 8839033 ns, Total: 8869635 ns
[4253.857s][info ][safepoint      ] Safepoint "Cleanup", Time since last: 6000441051 ns, Reaching safepoint: 132310 ns, At safepoint: 10900 ns, Total: 143210 ns
[4254.857s][info ][safepoint      ] Safepoint "Cleanup", Time since last: 1000123244 ns, Reaching safepoint: 124909 ns, At safepoint: 6900 ns, Total: 131809 ns
[4260.858s][info ][safepoint      ] Safepoint "Cleanup", Time since last: 6000485630 ns, Reaching safepoint: 113308 ns, At safepoint: 6801 ns, Total: 120109 ns
[4262.858s][info ][safepoint      ] Safepoint "Cleanup", Time since last: 2000186373 ns, Reaching safepoint: 122709 ns, At safepoint: 6201 ns, Total: 128910 ns
[4263.858s][info ][safepoint      ] Safepoint "Cleanup", Time since last: 1000106237 ns, Reaching safepoint: 173812 ns, At safepoint: 9601 ns, Total: 183413 ns
[4264.859s][info ][safepoint      ] Safepoint "Cleanup", Time since last: 1000121837 ns, Reaching safepoint: 145010 ns, At safepoint: 10401 ns, Total: 155411 ns
[4266.859s][info ][safepoint      ] Safepoint "Cleanup", Time since last: 2000199670 ns, Reaching safepoint: 123309 ns, At safepoint: 8901 ns, Total: 132210 ns
[4267.859s][info ][safepoint      ] Safepoint "Cleanup", Time since last: 1000122836 ns, Reaching safepoint: 121408 ns, At safepoint: 6301 ns, Total: 127709 ns
[4268.859s][info ][safepoint      ] Safepoint "Cleanup", Time since last: 1000173339 ns, Reaching safepoint: 120508 ns, At safepoint: 6401 ns, Total: 126909 ns
[4269.860s][info ][safepoint      ] Safepoint "Cleanup", Time since last: 1000138535 ns, Reaching safepoint: 113409 ns, At safepoint: 8700 ns, Total: 122109 ns
[4272.048s][info ][gc,start       ] GC(236) Pause Young (Allocation Failure)
[4272.057s][debug][gc,phases      ] GC(236) Scavenge 9.402ms
[4272.057s][debug][gc,ref         ] GC(236) Skipped phase 1 of Reference Processing: no references
[4272.057s][debug][gc,ref         ] GC(236) ReferenceProcessor::execute queues: 1, RefProcThreadModel::Single, marks_oops_alive: false
[4272.057s][debug][gc,ref         ] GC(236) Skipped phase 3 of Reference Processing: no references
[4272.057s][debug][gc,ref         ] GC(236) ReferenceProcessor::execute queues: 1, RefProcThreadModel::Single, marks_oops_alive: false
[4272.057s][debug][gc,phases      ] GC(236) Reference Processing 0.107ms
[4272.057s][debug][gc,phases      ] GC(236)   VM Weak                        Min:  0.0, Avg:  0.0, Max:  0.0, Diff:  0.0, Sum:  0.0, Workers: 4
[4272.057s][debug][gc,phases      ] GC(236)     Dead                           Min: 0, Avg:  0.0, Max: 0, Diff: 0, Sum: 0, Workers: 4
[4272.057s][debug][gc,phases      ] GC(236)     Total                          Min: 0, Avg: 204.8, Max: 326, Diff: 326, Sum: 819, Workers: 4
[4272.057s][debug][gc,phases      ] GC(236)   ObjectSynchronizer Weak        Min:  0.0, Avg:  0.0, Max:  0.0, Diff:  0.0, Sum:  0.0, Workers: 4
[4272.057s][debug][gc,phases      ] GC(236)     Dead                           Min: 0, Avg:  0.0, Max: 0, Diff: 0, Sum: 0, Workers: 4
[4272.057s][debug][gc,phases      ] GC(236)     Total                          Min: 0, Avg: 27.2, Max: 64, Diff: 64, Sum: 109, Workers: 4
[4272.057s][debug][gc,phases      ] GC(236)   JVMTI Tag Weak OopStorage      Min:  0.0, Avg:  0.0, Max:  0.0, Diff:  0.0, Sum:  0.0, Workers: 4
[4272.057s][debug][gc,phases      ] GC(236)     Dead                           Min: 0, Avg:  0.0, Max: 0, Diff: 0, Sum: 0, Workers: 4
[4272.057s][debug][gc,phases      ] GC(236)     Total                          Min: 0, Avg:  0.0, Max: 0, Diff: 0, Sum: 0, Workers: 4
[4272.057s][debug][gc,phases      ] GC(236)   StringTable Weak               Min:  0.0, Avg:  0.1, Max:  0.1, Diff:  0.1, Sum:  0.4, Workers: 4
[4272.057s][debug][gc,phases      ] GC(236)     Dead                           Min: 0, Avg:  0.0, Max: 0, Diff: 0, Sum: 0, Workers: 4
[4272.057s][debug][gc,phases      ] GC(236)     Total                          Min: 0, Avg: 11139.5, Max: 15679, Diff: 15679, Sum: 44558, Workers: 4
[4272.057s][debug][gc,phases      ] GC(236)   ResolvedMethodTable Weak       Min:  0.0, Avg:  0.0, Max:  0.0, Diff:  0.0, Sum:  0.1, Workers: 4
[4272.057s][debug][gc,phases      ] GC(236)     Dead                           Min: 0, Avg:  0.0, Max: 0, Diff: 0, Sum: 0, Workers: 4
[4272.057s][debug][gc,phases      ] GC(236)     Total                          Min: 0, Avg: 2613.2, Max: 3839, Diff: 3839, Sum: 10453, Workers: 4
[4272.057s][debug][gc,phases      ] GC(236)   JNI Weak                       Min:  0.0, Avg:  0.0, Max:  0.0, Diff:  0.0, Sum:  0.0, Workers: 4
[4272.057s][debug][gc,phases      ] GC(236)     Dead                           Min: 0, Avg:  0.0, Max: 0, Diff: 0, Sum: 0, Workers: 4
[4272.057s][debug][gc,phases      ] GC(236)     Total                          Min: 0, Avg: 11.2, Max: 45, Diff: 45, Sum: 45, Workers: 4
[4272.057s][debug][gc,phases      ] GC(236)   StringDedup Table Weak         Min:  0.0, Avg:  0.0, Max:  0.0, Diff:  0.0, Sum:  0.0, Workers: 4
[4272.057s][debug][gc,phases      ] GC(236)     Dead                           Min: 0, Avg:  0.0, Max: 0, Diff: 0, Sum: 0, Workers: 4
[4272.057s][debug][gc,phases      ] GC(236)     Total                          Min: 0, Avg:  0.0, Max: 0, Diff: 0, Sum: 0, Workers: 4
[4272.057s][debug][gc,phases      ] GC(236)   StringDedup Requests0 Weak     Min:  0.0, Avg:  0.0, Max:  0.0, Diff:  0.0, Sum:  0.0, Workers: 4
[4272.057s][debug][gc,phases      ] GC(236)     Dead                           Min: 0, Avg:  0.0, Max: 0, Diff: 0, Sum: 0, Workers: 4
[4272.057s][debug][gc,phases      ] GC(236)     Total                          Min: 0, Avg:  0.0, Max: 0, Diff: 0, Sum: 0, Workers: 4
[4272.057s][debug][gc,phases      ] GC(236)   StringDedup Requests1 Weak     Min:  0.0, Avg:  0.0, Max:  0.0, Diff:  0.0, Sum:  0.0, Workers: 4
[4272.057s][debug][gc,phases      ] GC(236)     Dead                           Min: 0, Avg:  0.0, Max: 0, Diff: 0, Sum: 0, Workers: 4
[4272.057s][debug][gc,phases      ] GC(236)     Total                          Min: 0, Avg:  0.0, Max: 0, Diff: 0, Sum: 0, Workers: 4
[4272.057s][debug][gc,phases      ] GC(236)   Weak JFR Old Object Samples    Min:  0.0, Avg:  0.0, Max:  0.0, Diff:  0.0, Sum:  0.0, Workers: 4
[4272.057s][debug][gc,phases      ] GC(236)     Dead                           Min: 0, Avg:  0.0, Max: 0, Diff: 0, Sum: 0, Workers: 4
[4272.057s][debug][gc,phases      ] GC(236)     Total                          Min: 0, Avg:  0.0, Max: 0, Diff: 0, Sum: 0, Workers: 4
[4272.057s][debug][gc,phases      ] GC(236) Weak Processing 0.376ms
[4272.058s][debug][gc,age         ] GC(236) Desired survivor size 94371840 bytes, new threshold 15 (max threshold 15)
[4272.058s][info ][gc,heap        ] GC(236) PSYoungGen: 1894800K(1987584K)->10496K(2004992K) Eden: 1884160K(1884160K)->0K(1907200K) From: 10640K(103424K)->10496K(97792K)
[4272.058s][info ][gc,heap        ] GC(236) ParOldGen: 821686K(877056K)->821806K(877056K)
[4272.058s][info ][gc,metaspace   ] GC(236) Metaspace: 86081K(87168K)->86081K(87168K) NonClass: 73986K(74560K)->73986K(74560K) Class: 12095K(12608K)->12095K(12608K)
[4272.058s][info ][gc             ] GC(236) Pause Young (Allocation Failure) 2652M->812M(2814M) 10.019ms
[4272.058s][info ][gc,cpu         ] GC(236) User=0.02s Sys=0.00s Real=0.01s
[4272.058s][info ][safepoint      ] Safepoint "ParallelGCFailedAllocation", Time since last: 2187764480 ns, Reaching safepoint: 33002 ns, At safepoint: 10106623 ns, Total: 10139625 ns
[4273.058s][info ][safepoint      ] Safepoint "Cleanup", Time since last: 1000091031 ns, Reaching safepoint: 161511 ns, At safepoint: 11701 ns, Total: 173212 ns
[4274.538s][info ][gc,start       ] GC(237) Pause Young (Allocation Failure)
[4274.584s][debug][gc,phases      ] GC(237) Scavenge 46.496ms
[4274.584s][debug][gc,ref         ] GC(237) Skipped phase 1 of Reference Processing: no references
[4274.584s][debug][gc,ref         ] GC(237) ReferenceProcessor::execute queues: 1, RefProcThreadModel::Single, marks_oops_alive: false
[4274.584s][debug][gc,ref         ] GC(237) Skipped phase 3 of Reference Processing: no references
[4274.584s][debug][gc,ref         ] GC(237) ReferenceProcessor::execute queues: 1, RefProcThreadModel::Single, marks_oops_alive: false
[4274.584s][debug][gc,phases      ] GC(237) Reference Processing 0.118ms
[4274.584s][debug][gc,phases      ] GC(237)   VM Weak                        Min:  0.0, Avg:  0.0, Max:  0.0, Diff:  0.0, Sum:  0.0, Workers: 4
[4274.584s][debug][gc,phases      ] GC(237)     Dead                           Min: 0, Avg:  0.0, Max: 0, Diff: 0, Sum: 0, Workers: 4
[4274.584s][debug][gc,phases      ] GC(237)     Total                          Min: 0, Avg: 204.8, Max: 632, Diff: 632, Sum: 819, Workers: 4
[4274.584s][debug][gc,phases      ] GC(237)   ObjectSynchronizer Weak        Min:  0.0, Avg:  0.0, Max:  0.0, Diff:  0.0, Sum:  0.0, Workers: 4
[4274.584s][debug][gc,phases      ] GC(237)     Dead                           Min: 0, Avg:  0.0, Max: 0, Diff: 0, Sum: 0, Workers: 4
[4274.585s][debug][gc,phases      ] GC(237)     Total                          Min: 0, Avg: 27.2, Max: 64, Diff: 64, Sum: 109, Workers: 4
[4274.585s][debug][gc,phases      ] GC(237)   JVMTI Tag Weak OopStorage      Min:  0.0, Avg:  0.0, Max:  0.0, Diff:  0.0, Sum:  0.0, Workers: 4
[4274.585s][debug][gc,phases      ] GC(237)     Dead                           Min: 0, Avg:  0.0, Max: 0, Diff: 0, Sum: 0, Workers: 4
[4274.585s][debug][gc,phases      ] GC(237)     Total                          Min: 0, Avg:  0.0, Max: 0, Diff: 0, Sum: 0, Workers: 4
[4274.585s][debug][gc,phases      ] GC(237)   StringTable Weak               Min:  0.0, Avg:  0.1, Max:  0.1, Diff:  0.1, Sum:  0.4, Workers: 4
[4274.585s][debug][gc,phases      ] GC(237)     Dead                           Min: 0, Avg:  0.0, Max: 0, Diff: 0, Sum: 0, Workers: 4
[4274.585s][debug][gc,phases      ] GC(237)     Total                          Min: 0, Avg: 11139.5, Max: 16511, Diff: 16511, Sum: 44558, Workers: 4
[4274.585s][debug][gc,phases      ] GC(237)   ResolvedMethodTable Weak       Min:  0.0, Avg:  0.0, Max:  0.0, Diff:  0.0, Sum:  0.1, Workers: 4
[4274.585s][debug][gc,phases      ] GC(237)     Dead                           Min: 0, Avg:  0.0, Max: 0, Diff: 0, Sum: 0, Workers: 4
[4274.585s][debug][gc,phases      ] GC(237)     Total                          Min: 0, Avg: 2613.2, Max: 3862, Diff: 3862, Sum: 10453, Workers: 4
[4274.585s][debug][gc,phases      ] GC(237)   JNI Weak                       Min:  0.0, Avg:  0.0, Max:  0.0, Diff:  0.0, Sum:  0.0, Workers: 4
[4274.585s][debug][gc,phases      ] GC(237)     Dead                           Min: 0, Avg:  0.0, Max: 0, Diff: 0, Sum: 0, Workers: 4
[4274.585s][debug][gc,phases      ] GC(237)     Total                          Min: 0, Avg: 11.2, Max: 45, Diff: 45, Sum: 45, Workers: 4
[4274.585s][debug][gc,phases      ] GC(237)   StringDedup Table Weak         Min:  0.0, Avg:  0.0, Max:  0.0, Diff:  0.0, Sum:  0.0, Workers: 4
[4274.585s][debug][gc,phases      ] GC(237)     Dead                           Min: 0, Avg:  0.0, Max: 0, Diff: 0, Sum: 0, Workers: 4
[4274.585s][debug][gc,phases      ] GC(237)     Total                          Min: 0, Avg:  0.0, Max: 0, Diff: 0, Sum: 0, Workers: 4
[4274.585s][debug][gc,phases      ] GC(237)   StringDedup Requests0 Weak     Min:  0.0, Avg:  0.0, Max:  0.0, Diff:  0.0, Sum:  0.0, Workers: 4
[4274.585s][debug][gc,phases      ] GC(237)     Dead                           Min: 0, Avg:  0.0, Max: 0, Diff: 0, Sum: 0, Workers: 4
[4274.585s][debug][gc,phases      ] GC(237)     Total                          Min: 0, Avg:  0.0, Max: 0, Diff: 0, Sum: 0, Workers: 4
[4274.585s][debug][gc,phases      ] GC(237)   StringDedup Requests1 Weak     Min:  0.0, Avg:  0.0, Max:  0.0, Diff:  0.0, Sum:  0.0, Workers: 4
[4274.585s][debug][gc,phases      ] GC(237)     Dead                           Min: 0, Avg:  0.0, Max: 0, Diff: 0, Sum: 0, Workers: 4
[4274.585s][debug][gc,phases      ] GC(237)     Total                          Min: 0, Avg:  0.0, Max: 0, Diff: 0, Sum: 0, Workers: 4
[4274.585s][debug][gc,phases      ] GC(237)   Weak JFR Old Object Samples    Min:  0.0, Avg:  0.0, Max:  0.0, Diff:  0.0, Sum:  0.0, Workers: 4
[4274.585s][debug][gc,phases      ] GC(237)     Dead                           Min: 0, Avg:  0.0, Max: 0, Diff: 0, Sum: 0, Workers: 4
[4274.585s][debug][gc,phases      ] GC(237)     Total                          Min: 0, Avg:  0.0, Max: 0, Diff: 0, Sum: 0, Workers: 4
[4274.585s][debug][gc,phases      ] GC(237) Weak Processing 0.481ms
[4274.585s][debug][gc,age         ] GC(237) Desired survivor size 124780544 bytes, new threshold 14 (max threshold 15)
[4274.585s][info ][gc,heap        ] GC(237) PSYoungGen: 1917696K(2004992K)->92128K(1999360K) Eden: 1907200K(1907200K)->0K(1907200K) From: 10496K(97792K)->92128K(92160K)
[4274.585s][info ][gc,heap        ] GC(237) ParOldGen: 821806K(877056K)->850475K(877056K)
[4274.585s][info ][gc,metaspace   ] GC(237) Metaspace: 86106K(87168K)->86106K(87168K) NonClass: 74010K(74560K)->74010K(74560K) Class: 12095K(12608K)->12095K(12608K)
[4274.585s][info ][gc             ] GC(237) Pause Young (Allocation Failure) 2675M->920M(2809M) 47.240ms
[4274.585s][info ][gc,cpu         ] GC(237) User=0.15s Sys=0.00s Real=0.05s
[4274.585s][info ][safepoint      ] Safepoint "ParallelGCFailedAllocation", Time since last: 1479530721 ns, Reaching safepoint: 104508 ns, At safepoint: 47340686 ns, Total: 47445194 ns
[4275.585s][info ][safepoint      ] Safepoint "Cleanup", Time since last: 1000079428 ns, Reaching safepoint: 172312 ns, At safepoint: 9201 ns, Total: 181513 ns
[4278.586s][info ][safepoint      ] Safepoint "Cleanup", Time since last: 3000247482 ns, Reaching safepoint: 192814 ns, At safepoint: 34202 ns, Total: 227016 ns
[4279.586s][info ][safepoint      ] Safepoint "Cleanup", Time since last: 1000132030 ns, Reaching safepoint: 44003 ns, At safepoint: 3601 ns, Total: 47604 ns
[4282.515s][info ][gc,start       ] GC(238) Pause Young (Allocation Failure)
[4282.556s][debug][gc,phases      ] GC(238) Scavenge 41.654ms
[4282.556s][debug][gc,ref         ] GC(238) Skipped phase 1 of Reference Processing: no references
[4282.556s][debug][gc,ref         ] GC(238) ReferenceProcessor::execute queues: 1, RefProcThreadModel::Single, marks_oops_alive: false
[4282.556s][debug][gc,ref         ] GC(238) Skipped phase 3 of Reference Processing: no references
[4282.556s][debug][gc,ref         ] GC(238) ReferenceProcessor::execute queues: 1, RefProcThreadModel::Single, marks_oops_alive: false
[4282.556s][debug][gc,phases      ] GC(238) Reference Processing 0.108ms
[4282.557s][debug][gc,phases      ] GC(238)   VM Weak                        Min:  0.0, Avg:  0.0, Max:  0.0, Diff:  0.0, Sum:  0.0, Workers: 4
[4282.557s][debug][gc,phases      ] GC(238)     Dead                           Min: 0, Avg:  0.0, Max: 0, Diff: 0, Sum: 0, Workers: 4
[4282.557s][debug][gc,phases      ] GC(238)     Total                          Min: 0, Avg: 204.8, Max: 454, Diff: 454, Sum: 819, Workers: 4
[4282.557s][debug][gc,phases      ] GC(238)   ObjectSynchronizer Weak        Min:  0.0, Avg:  0.0, Max:  0.0, Diff:  0.0, Sum:  0.0, Workers: 4
[4282.557s][debug][gc,phases      ] GC(238)     Dead                           Min: 0, Avg:  0.0, Max: 0, Diff: 0, Sum: 0, Workers: 4
[4282.557s][debug][gc,phases      ] GC(238)     Total                          Min: 0, Avg: 27.2, Max: 64, Diff: 64, Sum: 109, Workers: 4
[4282.557s][debug][gc,phases      ] GC(238)   JVMTI Tag Weak OopStorage      Min:  0.0, Avg:  0.0, Max:  0.0, Diff:  0.0, Sum:  0.0, Workers: 4
[4282.557s][debug][gc,phases      ] GC(238)     Dead                           Min: 0, Avg:  0.0, Max: 0, Diff: 0, Sum: 0, Workers: 4
[4282.557s][debug][gc,phases      ] GC(238)     Total                          Min: 0, Avg:  0.0, Max: 0, Diff: 0, Sum: 0, Workers: 4
[4282.557s][debug][gc,phases      ] GC(238)   StringTable Weak               Min:  0.0, Avg:  0.1, Max:  0.1, Diff:  0.1, Sum:  0.4, Workers: 4
[4282.557s][debug][gc,phases      ] GC(238)     Dead                           Min: 0, Avg:  0.0, Max: 0, Diff: 0, Sum: 0, Workers: 4
[4282.557s][debug][gc,phases      ] GC(238)     Total                          Min: 0, Avg: 11139.5, Max: 14976, Diff: 14976, Sum: 44558, Workers: 4
[4282.557s][debug][gc,phases      ] GC(238)   ResolvedMethodTable Weak       Min:  0.0, Avg:  0.0, Max:  0.0, Diff:  0.0, Sum:  0.1, Workers: 4
[4282.557s][debug][gc,phases      ] GC(238)     Dead                           Min: 0, Avg:  0.0, Max: 0, Diff: 0, Sum: 0, Workers: 4
[4282.557s][debug][gc,phases      ] GC(238)     Total                          Min: 0, Avg: 2613.2, Max: 3542, Diff: 3542, Sum: 10453, Workers: 4
[4282.557s][debug][gc,phases      ] GC(238)   JNI Weak                       Min:  0.0, Avg:  0.0, Max:  0.0, Diff:  0.0, Sum:  0.0, Workers: 4
[4282.557s][debug][gc,phases      ] GC(238)     Dead                           Min: 0, Avg:  0.0, Max: 0, Diff: 0, Sum: 0, Workers: 4
[4282.557s][debug][gc,phases      ] GC(238)     Total                          Min: 0, Avg: 11.2, Max: 45, Diff: 45, Sum: 45, Workers: 4
[4282.557s][debug][gc,phases      ] GC(238)   StringDedup Table Weak         Min:  0.0, Avg:  0.0, Max:  0.0, Diff:  0.0, Sum:  0.0, Workers: 4
[4282.557s][debug][gc,phases      ] GC(238)     Dead                           Min: 0, Avg:  0.0, Max: 0, Diff: 0, Sum: 0, Workers: 4
[4282.557s][debug][gc,phases      ] GC(238)     Total                          Min: 0, Avg:  0.0, Max: 0, Diff: 0, Sum: 0, Workers: 4
[4282.557s][debug][gc,phases      ] GC(238)   StringDedup Requests0 Weak     Min:  0.0, Avg:  0.0, Max:  0.0, Diff:  0.0, Sum:  0.0, Workers: 4
[4282.557s][debug][gc,phases      ] GC(238)     Dead                           Min: 0, Avg:  0.0, Max: 0, Diff: 0, Sum: 0, Workers: 4
[4282.557s][debug][gc,phases      ] GC(238)     Total                          Min: 0, Avg:  0.0, Max: 0, Diff: 0, Sum: 0, Workers: 4
[4282.557s][debug][gc,phases      ] GC(238)   StringDedup Requests1 Weak     Min:  0.0, Avg:  0.0, Max:  0.0, Diff:  0.0, Sum:  0.0, Workers: 4
[4282.557s][debug][gc,phases      ] GC(238)     Dead                           Min: 0, Avg:  0.0, Max: 0, Diff: 0, Sum: 0, Workers: 4
[4282.557s][debug][gc,phases      ] GC(238)     Total                          Min: 0, Avg:  0.0, Max: 0, Diff: 0, Sum: 0, Workers: 4
[4282.557s][debug][gc,phases      ] GC(238)   Weak JFR Old Object Samples    Min:  0.0, Avg:  0.0, Max:  0.0, Diff:  0.0, Sum:  0.0, Workers: 4
[4282.557s][debug][gc,phases      ] GC(238)     Dead                           Min: 0, Avg:  0.0, Max: 0, Diff: 0, Sum: 0, Workers: 4
[4282.557s][debug][gc,phases      ] GC(238)     Total                          Min: 0, Avg:  0.0, Max: 0, Diff: 0, Sum: 0, Workers: 4
[4282.557s][debug][gc,phases      ] GC(238) Weak Processing 0.408ms
[4282.557s][debug][gc,age         ] GC(238) Desired survivor size 149422080 bytes, new threshold 13 (max threshold 15)
[4282.557s][info ][gc,heap        ] GC(238) PSYoungGen: 1999328K(1999360K)->97776K(1903104K) Eden: 1907200K(1907200K)->0K(1805312K) From: 92128K(92160K)->97776K(97792K)
[4282.557s][info ][gc,heap        ] GC(238) ParOldGen: 850475K(877056K)->872599K(877056K)
[4282.557s][info ][gc,metaspace   ] GC(238) Metaspace: 86109K(87168K)->86109K(87168K) NonClass: 74014K(74560K)->74014K(74560K) Class: 12095K(12608K)->12095K(12608K)
[4282.557s][info ][gc             ] GC(238) Pause Young (Allocation Failure) 2783M->947M(2715M) 42.307ms
[4282.557s][info ][gc,cpu         ] GC(238) User=0.14s Sys=0.00s Real=0.04s
[4282.557s][debug][gc,phases      ] GC(239) Pre Compact 0.011ms
[4282.557s][info ][gc,start       ] GC(239) Pause Full (Ergonomics)
[4282.557s][info ][gc,phases,start] GC(239) Marking Phase
[4282.737s][debug][gc,phases      ] GC(239) Par Mark 179.692ms
[4282.737s][debug][gc,ref         ] GC(239) ReferenceProcessor::execute queues: 4, RefProcThreadModel::Multi, marks_oops_alive: true
[4282.737s][debug][gc,ref         ] GC(239) ReferenceProcessor::execute queues: 4, RefProcThreadModel::Multi, marks_oops_alive: false
[4282.738s][debug][gc,ref         ] GC(239) Skipped phase 3 of Reference Processing: no references
[4282.738s][debug][gc,ref         ] GC(239) ReferenceProcessor::execute queues: 1, RefProcThreadModel::Single, marks_oops_alive: false
[4282.738s][debug][gc,phases      ] GC(239) Reference Processing 0.898ms
[4282.738s][debug][gc,phases      ] GC(239)   VM Weak                        Min:  0.0, Avg:  0.0, Max:  0.0, Diff:  0.0, Sum:  0.0, Workers: 4
[4282.738s][debug][gc,phases      ] GC(239)     Dead                           Min: 0, Avg:  1.5, Max: 4, Diff: 4, Sum: 6, Workers: 4
[4282.738s][debug][gc,phases      ] GC(239)     Total                          Min: 0, Avg: 204.8, Max: 518, Diff: 518, Sum: 819, Workers: 4
[4282.738s][debug][gc,phases      ] GC(239)   ObjectSynchronizer Weak        Min:  0.0, Avg:  0.0, Max:  0.0, Diff:  0.0, Sum:  0.0, Workers: 4
[4282.738s][debug][gc,phases      ] GC(239)     Dead                           Min: 0, Avg:  0.0, Max: 0, Diff: 0, Sum: 0, Workers: 4
[4282.738s][debug][gc,phases      ] GC(239)     Total                          Min: 0, Avg: 27.2, Max: 64, Diff: 64, Sum: 109, Workers: 4
[4282.738s][debug][gc,phases      ] GC(239)   JVMTI Tag Weak OopStorage      Min:  0.0, Avg:  0.0, Max:  0.0, Diff:  0.0, Sum:  0.0, Workers: 4
[4282.738s][debug][gc,phases      ] GC(239)     Dead                           Min: 0, Avg:  0.0, Max: 0, Diff: 0, Sum: 0, Workers: 4
[4282.738s][debug][gc,phases      ] GC(239)     Total                          Min: 0, Avg:  0.0, Max: 0, Diff: 0, Sum: 0, Workers: 4
[4282.738s][debug][gc,phases      ] GC(239)   StringTable Weak               Min:  0.2, Avg:  0.2, Max:  0.2, Diff:  0.0, Sum:  0.7, Workers: 4
[4282.738s][debug][gc,phases      ] GC(239)     Dead                           Min: 0, Avg:  0.0, Max: 0, Diff: 0, Sum: 0, Workers: 4
[4282.738s][debug][gc,phases      ] GC(239)     Total                          Min: 10431, Avg: 11139.5, Max: 11712, Diff: 1281, Sum: 44558, Workers: 4
[4282.738s][debug][gc,phases      ] GC(239)   ResolvedMethodTable Weak       Min:  0.0, Avg:  0.0, Max:  0.0, Diff:  0.0, Sum:  0.1, Workers: 4
[4282.738s][debug][gc,phases      ] GC(239)     Dead                           Min: 0, Avg:  1.5, Max: 4, Diff: 4, Sum: 6, Workers: 4
[4282.738s][debug][gc,phases      ] GC(239)     Total                          Min: 2518, Avg: 2613.2, Max: 2688, Diff: 170, Sum: 10453, Workers: 4
[4282.738s][debug][gc,phases      ] GC(239)   JNI Weak                       Min:  0.0, Avg:  0.0, Max:  0.0, Diff:  0.0, Sum:  0.0, Workers: 4
[4282.738s][debug][gc,phases      ] GC(239)     Dead                           Min: 0, Avg:  0.0, Max: 0, Diff: 0, Sum: 0, Workers: 4
[4282.738s][debug][gc,phases      ] GC(239)     Total                          Min: 0, Avg: 11.2, Max: 45, Diff: 45, Sum: 45, Workers: 4
[4282.738s][debug][gc,phases      ] GC(239)   StringDedup Table Weak         Min:  0.0, Avg:  0.0, Max:  0.0, Diff:  0.0, Sum:  0.0, Workers: 4
[4282.738s][debug][gc,phases      ] GC(239)     Dead                           Min: 0, Avg:  0.0, Max: 0, Diff: 0, Sum: 0, Workers: 4
[4282.738s][debug][gc,phases      ] GC(239)     Total                          Min: 0, Avg:  0.0, Max: 0, Diff: 0, Sum: 0, Workers: 4
[4282.738s][debug][gc,phases      ] GC(239)   StringDedup Requests0 Weak     Min:  0.0, Avg:  0.0, Max:  0.0, Diff:  0.0, Sum:  0.0, Workers: 4
[4282.738s][debug][gc,phases      ] GC(239)     Dead                           Min: 0, Avg:  0.0, Max: 0, Diff: 0, Sum: 0, Workers: 4
[4282.738s][debug][gc,phases      ] GC(239)     Total                          Min: 0, Avg:  0.0, Max: 0, Diff: 0, Sum: 0, Workers: 4
[4282.738s][debug][gc,phases      ] GC(239)   StringDedup Requests1 Weak     Min:  0.0, Avg:  0.0, Max:  0.0, Diff:  0.0, Sum:  0.0, Workers: 4
[4282.738s][debug][gc,phases      ] GC(239)     Dead                           Min: 0, Avg:  0.0, Max: 0, Diff: 0, Sum: 0, Workers: 4
[4282.738s][debug][gc,phases      ] GC(239)     Total                          Min: 0, Avg:  0.0, Max: 0, Diff: 0, Sum: 0, Workers: 4
[4282.738s][debug][gc,phases      ] GC(239)   Weak JFR Old Object Samples    Min:  0.0, Avg:  0.0, Max:  0.0, Diff:  0.0, Sum:  0.0, Workers: 4
[4282.738s][debug][gc,phases      ] GC(239)     Dead                           Min: 0, Avg:  0.0, Max: 0, Diff: 0, Sum: 0, Workers: 4
[4282.738s][debug][gc,phases      ] GC(239)     Total                          Min: 0, Avg:  0.0, Max: 0, Diff: 0, Sum: 0, Workers: 4
[4282.738s][debug][gc,phases      ] GC(239) Weak Processing 0.411ms
[4282.738s][debug][gc,phases      ] GC(239) ClassLoaderData 0.242ms
[4282.738s][debug][gc,phases      ] GC(239) Trigger cleanups 0.007ms
[4282.778s][debug][gc,phases      ] GC(239) Class Unloading 40.305ms
[4282.779s][info ][gc,phases      ] GC(239) Marking Phase 221.530ms
[4282.779s][info ][gc,phases,start] GC(239) Summary Phase
[4282.779s][info ][gc,phases      ] GC(239) Summary Phase 0.026ms
[4282.779s][info ][gc,phases,start] GC(239) Adjust Roots
[4282.798s][info ][gc,phases      ] GC(239) Adjust Roots 19.471ms
[4282.798s][info ][gc,phases,start] GC(239) Compaction Phase
[4282.984s][info ][gc,phases      ] GC(239) Compaction Phase 185.604ms
[4282.984s][info ][gc,phases,start] GC(239) Post Compact
[4282.987s][info ][gc,phases      ] GC(239) Post Compact 3.064ms
[4282.987s][info ][gc,heap        ] GC(239) PSYoungGen: 97776K(1903104K)->0K(1951232K) Eden: 0K(1805312K)->0K(1805312K) From: 97776K(97792K)->0K(145920K)
[4282.987s][info ][gc,heap        ] GC(239) ParOldGen: 872599K(877056K)->607584K(870912K)
[4282.987s][info ][gc,metaspace   ] GC(239) Metaspace: 86109K(87168K)->86098K(87168K) NonClass: 74014K(74560K)->74006K(74560K) Class: 12095K(12608K)->12092K(12608K)
[4282.987s][info ][gc             ] GC(239) Pause Full (Ergonomics) 947M->593M(2756M) 429.950ms
[4282.987s][info ][gc,cpu         ] GC(239) User=1.29s Sys=0.02s Real=0.43s
[4282.988s][info ][safepoint      ] Safepoint "ParallelGCFailedAllocation", Time since last: 2928740261 ns, Reaching safepoint: 98207 ns, At safepoint: 473028430 ns, Total: 473126637 ns
[4291.988s][info ][safepoint      ] Safepoint "Cleanup", Time since last: 9000595484 ns, Reaching safepoint: 57104 ns, At safepoint: 4201 ns, Total: 61305 ns
[4298.989s][info ][safepoint      ] Safepoint "Cleanup", Time since last: 7000493714 ns, Reaching safepoint: 43403 ns, At safepoint: 3601 ns, Total: 47004 ns
[4301.352s][info ][gc,start       ] GC(240) Pause Young (Allocation Failure)
[4301.362s][debug][gc,phases      ] GC(240) Scavenge 10.646ms
[4301.362s][debug][gc,ref         ] GC(240) Skipped phase 1 of Reference Processing: no references
[4301.362s][debug][gc,ref         ] GC(240) Skipped phase 2 of Reference Processing: no references
[4301.362s][debug][gc,ref         ] GC(240) Skipped phase 3 of Reference Processing: no references
[4301.362s][debug][gc,ref         ] GC(240) Skipped phase 4 of Reference Processing: no references
[4301.362s][debug][gc,phases      ] GC(240) Reference Processing 0.025ms
[4301.363s][debug][gc,phases      ] GC(240)   VM Weak                        Min:  0.0, Avg:  0.0, Max:  0.0, Diff:  0.0, Sum:  0.0, Workers: 4
[4301.363s][debug][gc,phases      ] GC(240)     Dead                           Min: 0, Avg:  0.0, Max: 0, Diff: 0, Sum: 0, Workers: 4
[4301.363s][debug][gc,phases      ] GC(240)     Total                          Min: 0, Avg: 203.2, Max: 514, Diff: 514, Sum: 813, Workers: 4
[4301.363s][debug][gc,phases      ] GC(240)   ObjectSynchronizer Weak        Min:  0.0, Avg:  0.0, Max:  0.0, Diff:  0.0, Sum:  0.0, Workers: 4
[4301.363s][debug][gc,phases      ] GC(240)     Dead                           Min: 0, Avg:  0.0, Max: 0, Diff: 0, Sum: 0, Workers: 4
[4301.363s][debug][gc,phases      ] GC(240)     Total                          Min: 0, Avg: 27.2, Max: 64, Diff: 64, Sum: 109, Workers: 4
[4301.363s][debug][gc,phases      ] GC(240)   JVMTI Tag Weak OopStorage      Min:  0.0, Avg:  0.0, Max:  0.0, Diff:  0.0, Sum:  0.0, Workers: 4
[4301.363s][debug][gc,phases      ] GC(240)     Dead                           Min: 0, Avg:  0.0, Max: 0, Diff: 0, Sum: 0, Workers: 4
[4301.363s][debug][gc,phases      ] GC(240)     Total                          Min: 0, Avg:  0.0, Max: 0, Diff: 0, Sum: 0, Workers: 4
[4301.363s][debug][gc,phases      ] GC(240)   StringTable Weak               Min:  0.1, Avg:  0.1, Max:  0.1, Diff:  0.0, Sum:  0.4, Workers: 4
[4301.363s][debug][gc,phases      ] GC(240)     Dead                           Min: 0, Avg:  0.0, Max: 0, Diff: 0, Sum: 0, Workers: 4
[4301.363s][debug][gc,phases      ] GC(240)     Total                          Min: 9598, Avg: 11148.2, Max: 12160, Diff: 2562, Sum: 44593, Workers: 4
[4301.363s][debug][gc,phases      ] GC(240)   ResolvedMethodTable Weak       Min:  0.0, Avg:  0.0, Max:  0.0, Diff:  0.0, Sum:  0.1, Workers: 4
[4301.363s][debug][gc,phases      ] GC(240)     Dead                           Min: 0, Avg:  0.0, Max: 0, Diff: 0, Sum: 0, Workers: 4
[4301.363s][debug][gc,phases      ] GC(240)     Total                          Min: 2496, Avg: 2613.2, Max: 2709, Diff: 213, Sum: 10453, Workers: 4
[4301.363s][debug][gc,phases      ] GC(240)   JNI Weak                       Min:  0.0, Avg:  0.0, Max:  0.0, Diff:  0.0, Sum:  0.0, Workers: 4
[4301.363s][debug][gc,phases      ] GC(240)     Dead                           Min: 0, Avg:  0.0, Max: 0, Diff: 0, Sum: 0, Workers: 4
[4301.363s][debug][gc,phases      ] GC(240)     Total                          Min: 0, Avg: 11.2, Max: 45, Diff: 45, Sum: 45, Workers: 4
[4301.363s][debug][gc,phases      ] GC(240)   StringDedup Table Weak         Min:  0.0, Avg:  0.0, Max:  0.0, Diff:  0.0, Sum:  0.0, Workers: 4
[4301.363s][debug][gc,phases      ] GC(240)     Dead                           Min: 0, Avg:  0.0, Max: 0, Diff: 0, Sum: 0, Workers: 4
[4301.363s][debug][gc,phases      ] GC(240)     Total                          Min: 0, Avg:  0.0, Max: 0, Diff: 0, Sum: 0, Workers: 4
[4301.363s][debug][gc,phases      ] GC(240)   StringDedup Requests0 Weak     Min:  0.0, Avg:  0.0, Max:  0.0, Diff:  0.0, Sum:  0.0, Workers: 4
[4301.363s][debug][gc,phases      ] GC(240)     Dead                           Min: 0, Avg:  0.0, Max: 0, Diff: 0, Sum: 0, Workers: 4
[4301.363s][debug][gc,phases      ] GC(240)     Total                          Min: 0, Avg:  0.0, Max: 0, Diff: 0, Sum: 0, Workers: 4
[4301.363s][debug][gc,phases      ] GC(240)   StringDedup Requests1 Weak     Min:  0.0, Avg:  0.0, Max:  0.0, Diff:  0.0, Sum:  0.0, Workers: 4
[4301.363s][debug][gc,phases      ] GC(240)     Dead                           Min: 0, Avg:  0.0, Max: 0, Diff: 0, Sum: 0, Workers: 4
[4301.363s][debug][gc,phases      ] GC(240)     Total                          Min: 0, Avg:  0.0, Max: 0, Diff: 0, Sum: 0, Workers: 4
[4301.363s][debug][gc,phases      ] GC(240)   Weak JFR Old Object Samples    Min:  0.0, Avg:  0.0, Max:  0.0, Diff:  0.0, Sum:  0.0, Workers: 4
[4301.363s][debug][gc,phases      ] GC(240)     Dead                           Min: 0, Avg:  0.0, Max: 0, Diff: 0, Sum: 0, Workers: 4
[4301.363s][debug][gc,phases      ] GC(240)     Total                          Min: 0, Avg:  0.0, Max: 0, Diff: 0, Sum: 0, Workers: 4
[4301.363s][debug][gc,phases      ] GC(240) Weak Processing 0.332ms
[4301.363s][debug][gc,age         ] GC(240) Desired survivor size 144703488 bytes, new threshold 14 (max threshold 15)
[4301.363s][info ][gc,heap        ] GC(240) PSYoungGen: 1805312K(1951232K)->2976K(1955840K) Eden: 1805312K(1805312K)->0K(1809920K) From: 0K(145920K)->2976K(145920K)
[4301.363s][info ][gc,heap        ] GC(240) ParOldGen: 607584K(870912K)->607584K(870912K)
[4301.363s][info ][gc,metaspace   ] GC(240) Metaspace: 86104K(87168K)->86104K(87168K) NonClass: 74012K(74560K)->74012K(74560K) Class: 12092K(12608K)->12092K(12608K)
[4301.363s][info ][gc             ] GC(240) Pause Young (Allocation Failure) 2356M->596M(2760M) 11.134ms
[4301.363s][info ][gc,cpu         ] GC(240) User=0.03s Sys=0.00s Real=0.01s
[4301.363s][info ][safepoint      ] Safepoint "ParallelGCFailedAllocation", Time since last: 2362774259 ns, Reaching safepoint: 39603 ns, At safepoint: 11210501 ns, Total: 11250104 ns
[4304.264s][info ][safepoint      ] Safepoint "ParallelGCFailedAllocation", Time since last: 2901150054 ns, Reaching safepoint: 113508 ns, At safepoint: 14001 ns, Total: 127509 ns
[4304.264s][info ][gc,start       ] GC(241) Pause Young (GCLocker Initiated GC)
[4304.302s][debug][gc,phases      ] GC(241) Scavenge 38.010ms
[4304.302s][debug][gc,ref         ] GC(241) Skipped phase 1 of Reference Processing: no references
[4304.302s][debug][gc,ref         ] GC(241) Skipped phase 2 of Reference Processing: no references
[4304.302s][debug][gc,ref         ] GC(241) Skipped phase 3 of Reference Processing: no references
[4304.302s][debug][gc,ref         ] GC(241) ReferenceProcessor::execute queues: 1, RefProcThreadModel::Single, marks_oops_alive: false
[4304.302s][debug][gc,phases      ] GC(241) Reference Processing 0.098ms
[4304.303s][debug][gc,phases      ] GC(241)   VM Weak                        Min:  0.0, Avg:  0.0, Max:  0.0, Diff:  0.0, Sum:  0.0, Workers: 4
[4304.303s][debug][gc,phases      ] GC(241)     Dead                           Min: 0, Avg:  0.0, Max: 0, Diff: 0, Sum: 0, Workers: 4
[4304.303s][debug][gc,phases      ] GC(241)     Total                          Min: 0, Avg: 203.2, Max: 514, Diff: 514, Sum: 813, Workers: 4
[4304.303s][debug][gc,phases      ] GC(241)   ObjectSynchronizer Weak        Min:  0.0, Avg:  0.0, Max:  0.0, Diff:  0.0, Sum:  0.0, Workers: 4
[4304.303s][debug][gc,phases      ] GC(241)     Dead                           Min: 0, Avg:  0.0, Max: 0, Diff: 0, Sum: 0, Workers: 4
[4304.303s][debug][gc,phases      ] GC(241)     Total                          Min: 0, Avg: 27.2, Max: 64, Diff: 64, Sum: 109, Workers: 4
[4304.303s][debug][gc,phases      ] GC(241)   JVMTI Tag Weak OopStorage      Min:  0.0, Avg:  0.0, Max:  0.0, Diff:  0.0, Sum:  0.0, Workers: 4
[4304.303s][debug][gc,phases      ] GC(241)     Dead                           Min: 0, Avg:  0.0, Max: 0, Diff: 0, Sum: 0, Workers: 4
[4304.303s][debug][gc,phases      ] GC(241)     Total                          Min: 0, Avg:  0.0, Max: 0, Diff: 0, Sum: 0, Workers: 4
[4304.303s][debug][gc,phases      ] GC(241)   StringTable Weak               Min:  0.0, Avg:  0.1, Max:  0.1, Diff:  0.1, Sum:  0.4, Workers: 4
[4304.303s][debug][gc,phases      ] GC(241)     Dead                           Min: 0, Avg:  0.0, Max: 0, Diff: 0, Sum: 0, Workers: 4
[4304.303s][debug][gc,phases      ] GC(241)     Total                          Min: 0, Avg: 11148.2, Max: 15168, Diff: 15168, Sum: 44593, Workers: 4
[4304.303s][debug][gc,phases      ] GC(241)   ResolvedMethodTable Weak       Min:  0.0, Avg:  0.0, Max:  0.0, Diff:  0.0, Sum:  0.1, Workers: 4
[4304.303s][debug][gc,phases      ] GC(241)     Dead                           Min: 0, Avg:  0.0, Max: 0, Diff: 0, Sum: 0, Workers: 4
[4304.303s][debug][gc,phases      ] GC(241)     Total                          Min: 0, Avg: 2613.2, Max: 3776, Diff: 3776, Sum: 10453, Workers: 4
[4304.303s][debug][gc,phases      ] GC(241)   JNI Weak                       Min:  0.0, Avg:  0.0, Max:  0.0, Diff:  0.0, Sum:  0.0, Workers: 4
[4304.303s][debug][gc,phases      ] GC(241)     Dead                           Min: 0, Avg:  0.0, Max: 0, Diff: 0, Sum: 0, Workers: 4
[4304.303s][debug][gc,phases      ] GC(241)     Total                          Min: 0, Avg: 11.2, Max: 45, Diff: 45, Sum: 45, Workers: 4
[4304.303s][debug][gc,phases      ] GC(241)   StringDedup Table Weak         Min:  0.0, Avg:  0.0, Max:  0.0, Diff:  0.0, Sum:  0.0, Workers: 4
[4304.303s][debug][gc,phases      ] GC(241)     Dead                           Min: 0, Avg:  0.0, Max: 0, Diff: 0, Sum: 0, Workers: 4
[4304.303s][debug][gc,phases      ] GC(241)     Total                          Min: 0, Avg:  0.0, Max: 0, Diff: 0, Sum: 0, Workers: 4
[4304.303s][debug][gc,phases      ] GC(241)   StringDedup Requests0 Weak     Min:  0.0, Avg:  0.0, Max:  0.0, Diff:  0.0, Sum:  0.0, Workers: 4
[4304.303s][debug][gc,phases      ] GC(241)     Dead                           Min: 0, Avg:  0.0, Max: 0, Diff: 0, Sum: 0, Workers: 4
[4304.303s][debug][gc,phases      ] GC(241)     Total                          Min: 0, Avg:  0.0, Max: 0, Diff: 0, Sum: 0, Workers: 4
[4304.303s][debug][gc,phases      ] GC(241)   StringDedup Requests1 Weak     Min:  0.0, Avg:  0.0, Max:  0.0, Diff:  0.0, Sum:  0.0, Workers: 4
[4304.303s][debug][gc,phases      ] GC(241)     Dead                           Min: 0, Avg:  0.0, Max: 0, Diff: 0, Sum: 0, Workers: 4
[4304.303s][debug][gc,phases      ] GC(241)     Total                          Min: 0, Avg:  0.0, Max: 0, Diff: 0, Sum: 0, Workers: 4
[4304.303s][debug][gc,phases      ] GC(241)   Weak JFR Old Object Samples    Min:  0.0, Avg:  0.0, Max:  0.0, Diff:  0.0, Sum:  0.0, Workers: 4
[4304.303s][debug][gc,phases      ] GC(241)     Dead                           Min: 0, Avg:  0.0, Max: 0, Diff: 0, Sum: 0, Workers: 4
[4304.303s][debug][gc,phases      ] GC(241)     Total                          Min: 0, Avg:  0.0, Max: 0, Diff: 0, Sum: 0, Workers: 4
[4304.303s][debug][gc,phases      ] GC(241) Weak Processing 0.386ms
[4304.303s][debug][gc,age         ] GC(241) Desired survivor size 159383552 bytes, new threshold 15 (max threshold 15)
[4304.303s][info ][gc,heap        ] GC(241) PSYoungGen: 1812896K(1955840K)->103121K(1908736K) Eden: 1809920K(1809920K)->0K(1805312K) From: 2976K(145920K)->103121K(103424K)
[4304.303s][info ][gc,heap        ] GC(241) ParOldGen: 607584K(870912K)->607584K(870912K)
[4304.303s][info ][gc,metaspace   ] GC(241) Metaspace: 86108K(87168K)->86108K(87168K) NonClass: 74016K(74560K)->74016K(74560K) Class: 12092K(12608K)->12092K(12608K)
[4304.303s][info ][gc             ] GC(241) Pause Young (GCLocker Initiated GC) 2363M->694M(2714M) 38.610ms
[4304.303s][info ][gc,cpu         ] GC(241) User=0.13s Sys=0.00s Real=0.04s
[4304.303s][info ][safepoint      ] Safepoint "ParallelGCSystemGC", Time since last: 77506 ns, Reaching safepoint: 87106 ns, At safepoint: 38688366 ns, Total: 38775472 ns
[4305.303s][info ][safepoint      ] Safepoint "Cleanup", Time since last: 1000102314 ns, Reaching safepoint: 112108 ns, At safepoint: 7300 ns, Total: 119408 ns
[4310.304s][info ][safepoint      ] Safepoint "Cleanup", Time since last: 5000436855 ns, Reaching safepoint: 119109 ns, At safepoint: 8100 ns, Total: 127209 ns
[4311.304s][info ][safepoint      ] Safepoint "Cleanup", Time since last: 1000127113 ns, Reaching safepoint: 130409 ns, At safepoint: 7400 ns, Total: 137809 ns
[4313.304s][info ][safepoint      ] Safepoint "Cleanup", Time since last: 2000212620 ns, Reaching safepoint: 124309 ns, At safepoint: 7401 ns, Total: 131710 ns
[4316.305s][info ][safepoint      ] Safepoint "Cleanup", Time since last: 3000275523 ns, Reaching safepoint: 114108 ns, At safepoint: 6300 ns, Total: 120408 ns
[4316.952s][info ][gc,start       ] GC(242) Pause Young (Allocation Failure)
[4316.985s][debug][gc,phases      ] GC(242) Scavenge 33.386ms
[4316.985s][debug][gc,ref         ] GC(242) Skipped phase 1 of Reference Processing: no references
[4316.985s][debug][gc,ref         ] GC(242) Skipped phase 2 of Reference Processing: no references
[4316.985s][debug][gc,ref         ] GC(242) Skipped phase 3 of Reference Processing: no references
[4316.985s][debug][gc,ref         ] GC(242) ReferenceProcessor::execute queues: 1, RefProcThreadModel::Single, marks_oops_alive: false
[4316.985s][debug][gc,phases      ] GC(242) Reference Processing 0.145ms
[4316.986s][debug][gc,phases      ] GC(242)   VM Weak                        Min:  0.0, Avg:  0.0, Max:  0.0, Diff:  0.0, Sum:  0.0, Workers: 4
[4316.986s][debug][gc,phases      ] GC(242)     Dead                           Min: 0, Avg:  0.0, Max: 0, Diff: 0, Sum: 0, Workers: 4
[4316.986s][debug][gc,phases      ] GC(242)     Total                          Min: 0, Avg: 203.2, Max: 514, Diff: 514, Sum: 813, Workers: 4
[4316.986s][debug][gc,phases      ] GC(242)   ObjectSynchronizer Weak        Min:  0.0, Avg:  0.0, Max:  0.0, Diff:  0.0, Sum:  0.0, Workers: 4
[4316.986s][debug][gc,phases      ] GC(242)     Dead                           Min: 0, Avg:  0.0, Max: 0, Diff: 0, Sum: 0, Workers: 4
[4316.986s][debug][gc,phases      ] GC(242)     Total                          Min: 0, Avg: 27.2, Max: 64, Diff: 64, Sum: 109, Workers: 4
[4316.986s][debug][gc,phases      ] GC(242)   JVMTI Tag Weak OopStorage      Min:  0.0, Avg:  0.0, Max:  0.0, Diff:  0.0, Sum:  0.0, Workers: 4
[4316.986s][debug][gc,phases      ] GC(242)     Dead                           Min: 0, Avg:  0.0, Max: 0, Diff: 0, Sum: 0, Workers: 4
[4316.986s][debug][gc,phases      ] GC(242)     Total                          Min: 0, Avg:  0.0, Max: 0, Diff: 0, Sum: 0, Workers: 4
[4316.986s][debug][gc,phases      ] GC(242)   StringTable Weak               Min:  0.0, Avg:  0.1, Max:  0.2, Diff:  0.2, Sum:  0.5, Workers: 4
[4316.986s][debug][gc,phases      ] GC(242)     Dead                           Min: 0, Avg:  0.0, Max: 0, Diff: 0, Sum: 0, Workers: 4
[4316.986s][debug][gc,phases      ] GC(242)     Total                          Min: 0, Avg: 11148.2, Max: 17778, Diff: 17778, Sum: 44593, Workers: 4
[4316.986s][debug][gc,phases      ] GC(242)   ResolvedMethodTable Weak       Min:  0.0, Avg:  0.0, Max:  0.0, Diff:  0.0, Sum:  0.1, Workers: 4
[4316.986s][debug][gc,phases      ] GC(242)     Dead                           Min: 0, Avg:  0.0, Max: 0, Diff: 0, Sum: 0, Workers: 4
[4316.986s][debug][gc,phases      ] GC(242)     Total                          Min: 0, Avg: 2613.2, Max: 3519, Diff: 3519, Sum: 10453, Workers: 4
[4316.986s][debug][gc,phases      ] GC(242)   JNI Weak                       Min:  0.0, Avg:  0.0, Max:  0.0, Diff:  0.0, Sum:  0.0, Workers: 4
[4316.986s][debug][gc,phases      ] GC(242)     Dead                           Min: 0, Avg:  0.0, Max: 0, Diff: 0, Sum: 0, Workers: 4
[4316.986s][debug][gc,phases      ] GC(242)     Total                          Min: 0, Avg: 11.2, Max: 45, Diff: 45, Sum: 45, Workers: 4
[4316.986s][debug][gc,phases      ] GC(242)   StringDedup Table Weak         Min:  0.0, Avg:  0.0, Max:  0.0, Diff:  0.0, Sum:  0.0, Workers: 4
[4316.986s][debug][gc,phases      ] GC(242)     Dead                           Min: 0, Avg:  0.0, Max: 0, Diff: 0, Sum: 0, Workers: 4
[4316.986s][debug][gc,phases      ] GC(242)     Total                          Min: 0, Avg:  0.0, Max: 0, Diff: 0, Sum: 0, Workers: 4
[4316.986s][debug][gc,phases      ] GC(242)   StringDedup Requests0 Weak     Min:  0.0, Avg:  0.0, Max:  0.0, Diff:  0.0, Sum:  0.0, Workers: 4
[4316.986s][debug][gc,phases      ] GC(242)     Dead                           Min: 0, Avg:  0.0, Max: 0, Diff: 0, Sum: 0, Workers: 4
[4316.986s][debug][gc,phases      ] GC(242)     Total                          Min: 0, Avg:  0.0, Max: 0, Diff: 0, Sum: 0, Workers: 4
[4316.986s][debug][gc,phases      ] GC(242)   StringDedup Requests1 Weak     Min:  0.0, Avg:  0.0, Max:  0.0, Diff:  0.0, Sum:  0.0, Workers: 4
[4316.986s][debug][gc,phases      ] GC(242)     Dead                           Min: 0, Avg:  0.0, Max: 0, Diff: 0, Sum: 0, Workers: 4
[4316.986s][debug][gc,phases      ] GC(242)     Total                          Min: 0, Avg:  0.0, Max: 0, Diff: 0, Sum: 0, Workers: 4
[4316.986s][debug][gc,phases      ] GC(242)   Weak JFR Old Object Samples    Min:  0.0, Avg:  0.0, Max:  0.0, Diff:  0.0, Sum:  0.0, Workers: 4
[4316.986s][debug][gc,phases      ] GC(242)     Dead                           Min: 0, Avg:  0.0, Max: 0, Diff: 0, Sum: 0, Workers: 4
[4316.986s][debug][gc,phases      ] GC(242)     Total                          Min: 0, Avg:  0.0, Max: 0, Diff: 0, Sum: 0, Workers: 4
[4316.986s][debug][gc,phases      ] GC(242) Weak Processing 0.465ms
[4316.986s][debug][gc,age         ] GC(242) Desired survivor size 176685056 bytes, new threshold 15 (max threshold 15)
[4316.986s][info ][gc,heap        ] GC(242) PSYoungGen: 1908433K(1908736K)->119152K(1907712K) Eden: 1805312K(1805312K)->0K(1752064K) From: 103121K(103424K)->119152K(155648K)
[4316.986s][info ][gc,heap        ] GC(242) ParOldGen: 607586K(870912K)->607586K(870912K)
[4316.986s][info ][gc,metaspace   ] GC(242) Metaspace: 86108K(87168K)->86108K(87168K) NonClass: 74016K(74560K)->74016K(74560K) Class: 12092K(12608K)->12092K(12608K)
[4316.986s][info ][gc             ] GC(242) Pause Young (Allocation Failure) 2457M->709M(2713M) 34.147ms
[4316.986s][info ][gc,cpu         ] GC(242) User=0.11s Sys=0.00s Real=0.03s
[4316.986s][info ][safepoint      ] Safepoint "ParallelGCFailedAllocation", Time since last: 646703840 ns, Reaching safepoint: 109107 ns, At safepoint: 34249549 ns, Total: 34358656 ns
[4319.986s][info ][safepoint      ] Safepoint "Cleanup", Time since last: 3000152709 ns, Reaching safepoint: 114908 ns, At safepoint: 4900 ns, Total: 119808 ns
[4323.986s][info ][safepoint      ] Safepoint "Cleanup", Time since last: 4000320212 ns, Reaching safepoint: 44804 ns, At safepoint: 13301 ns, Total: 58105 ns
[4332.987s][info ][safepoint      ] Safepoint "Cleanup", Time since last: 9000598988 ns, Reaching safepoint: 66405 ns, At safepoint: 2800 ns, Total: 69205 ns
[4333.454s][info ][gc,start       ] GC(243) Pause Young (Allocation Failure)
[4333.486s][debug][gc,phases      ] GC(243) Scavenge 31.608ms
[4333.486s][debug][gc,ref         ] GC(243) Skipped phase 1 of Reference Processing: no references
[4333.486s][debug][gc,ref         ] GC(243) Skipped phase 2 of Reference Processing: no references
[4333.486s][debug][gc,ref         ] GC(243) Skipped phase 3 of Reference Processing: no references
[4333.486s][debug][gc,ref         ] GC(243) ReferenceProcessor::execute queues: 1, RefProcThreadModel::Single, marks_oops_alive: false
[4333.486s][debug][gc,phases      ] GC(243) Reference Processing 0.102ms
[4333.486s][debug][gc,phases      ] GC(243)   VM Weak                        Min:  0.0, Avg:  0.0, Max:  0.0, Diff:  0.0, Sum:  0.0, Workers: 4
[4333.486s][debug][gc,phases      ] GC(243)     Dead                           Min: 0, Avg:  0.0, Max: 0, Diff: 0, Sum: 0, Workers: 4
[4333.486s][debug][gc,phases      ] GC(243)     Total                          Min: 0, Avg: 203.2, Max: 514, Diff: 514, Sum: 813, Workers: 4
[4333.486s][debug][gc,phases      ] GC(243)   ObjectSynchronizer Weak        Min:  0.0, Avg:  0.0, Max:  0.0, Diff:  0.0, Sum:  0.0, Workers: 4
[4333.486s][debug][gc,phases      ] GC(243)     Dead                           Min: 0, Avg:  0.0, Max: 0, Diff: 0, Sum: 0, Workers: 4
[4333.486s][debug][gc,phases      ] GC(243)     Total                          Min: 0, Avg: 27.2, Max: 64, Diff: 64, Sum: 109, Workers: 4
[4333.486s][debug][gc,phases      ] GC(243)   JVMTI Tag Weak OopStorage      Min:  0.0, Avg:  0.0, Max:  0.0, Diff:  0.0, Sum:  0.0, Workers: 4
[4333.486s][debug][gc,phases      ] GC(243)     Dead                           Min: 0, Avg:  0.0, Max: 0, Diff: 0, Sum: 0, Workers: 4
[4333.486s][debug][gc,phases      ] GC(243)     Total                          Min: 0, Avg:  0.0, Max: 0, Diff: 0, Sum: 0, Workers: 4
[4333.486s][debug][gc,phases      ] GC(243)   StringTable Weak               Min:  0.1, Avg:  0.1, Max:  0.1, Diff:  0.0, Sum:  0.5, Workers: 4
[4333.486s][debug][gc,phases      ] GC(243)     Dead                           Min: 0, Avg:  0.0, Max: 0, Diff: 0, Sum: 0, Workers: 4
[4333.486s][debug][gc,phases      ] GC(243)     Total                          Min: 10814, Avg: 11148.2, Max: 11456, Diff: 642, Sum: 44593, Workers: 4
[4333.486s][debug][gc,phases      ] GC(243)   ResolvedMethodTable Weak       Min:  0.0, Avg:  0.0, Max:  0.0, Diff:  0.0, Sum:  0.1, Workers: 4
[4333.486s][debug][gc,phases      ] GC(243)     Dead                           Min: 0, Avg:  0.0, Max: 0, Diff: 0, Sum: 0, Workers: 4
[4333.486s][debug][gc,phases      ] GC(243)     Total                          Min: 2495, Avg: 2613.2, Max: 2774, Diff: 279, Sum: 10453, Workers: 4
[4333.486s][debug][gc,phases      ] GC(243)   JNI Weak                       Min:  0.0, Avg:  0.0, Max:  0.0, Diff:  0.0, Sum:  0.0, Workers: 4
[4333.487s][debug][gc,phases      ] GC(243)     Dead                           Min: 0, Avg:  0.0, Max: 0, Diff: 0, Sum: 0, Workers: 4
[4333.487s][debug][gc,phases      ] GC(243)     Total                          Min: 0, Avg: 11.2, Max: 45, Diff: 45, Sum: 45, Workers: 4
[4333.487s][debug][gc,phases      ] GC(243)   StringDedup Table Weak         Min:  0.0, Avg:  0.0, Max:  0.0, Diff:  0.0, Sum:  0.0, Workers: 4
[4333.487s][debug][gc,phases      ] GC(243)     Dead                           Min: 0, Avg:  0.0, Max: 0, Diff: 0, Sum: 0, Workers: 4
[4333.487s][debug][gc,phases      ] GC(243)     Total                          Min: 0, Avg:  0.0, Max: 0, Diff: 0, Sum: 0, Workers: 4
[4333.487s][debug][gc,phases      ] GC(243)   StringDedup Requests0 Weak     Min:  0.0, Avg:  0.0, Max:  0.0, Diff:  0.0, Sum:  0.0, Workers: 4
[4333.487s][debug][gc,phases      ] GC(243)     Dead                           Min: 0, Avg:  0.0, Max: 0, Diff: 0, Sum: 0, Workers: 4
[4333.487s][debug][gc,phases      ] GC(243)     Total                          Min: 0, Avg:  0.0, Max: 0, Diff: 0, Sum: 0, Workers: 4
[4333.487s][debug][gc,phases      ] GC(243)   StringDedup Requests1 Weak     Min:  0.0, Avg:  0.0, Max:  0.0, Diff:  0.0, Sum:  0.0, Workers: 4
[4333.487s][debug][gc,phases      ] GC(243)     Dead                           Min: 0, Avg:  0.0, Max: 0, Diff: 0, Sum: 0, Workers: 4
[4333.487s][debug][gc,phases      ] GC(243)     Total                          Min: 0, Avg:  0.0, Max: 0, Diff: 0, Sum: 0, Workers: 4
[4333.487s][debug][gc,phases      ] GC(243)   Weak JFR Old Object Samples    Min:  0.0, Avg:  0.0, Max:  0.0, Diff:  0.0, Sum:  0.0, Workers: 4
[4333.487s][debug][gc,phases      ] GC(243)     Dead                           Min: 0, Avg:  0.0, Max: 0, Diff: 0, Sum: 0, Workers: 4
[4333.487s][debug][gc,phases      ] GC(243)     Total                          Min: 0, Avg:  0.0, Max: 0, Diff: 0, Sum: 0, Workers: 4
[4333.487s][debug][gc,phases      ] GC(243) Weak Processing 0.384ms
[4333.487s][debug][gc,age         ] GC(243) Desired survivor size 190316544 bytes, new threshold 15 (max threshold 15)
[4333.487s][info ][gc,heap        ] GC(243) PSYoungGen: 1871216K(1907712K)->120032K(1872384K) Eden: 1752064K(1752064K)->0K(1752064K) From: 119152K(155648K)->120032K(120320K)
[4333.487s][info ][gc,heap        ] GC(243) ParOldGen: 607586K(870912K)->607586K(870912K)
[4333.487s][info ][gc,metaspace   ] GC(243) Metaspace: 86109K(87168K)->86109K(87168K) NonClass: 74017K(74560K)->74017K(74560K) Class: 12092K(12608K)->12092K(12608K)
[4333.487s][info ][gc             ] GC(243) Pause Young (Allocation Failure) 2420M->710M(2679M) 32.246ms
[4333.487s][info ][gc,cpu         ] GC(243) User=0.11s Sys=0.00s Real=0.03s
[4333.487s][info ][safepoint      ] Safepoint "ParallelGCFailedAllocation", Time since last: 467167699 ns, Reaching safepoint: 37703 ns, At safepoint: 32345512 ns, Total: 32383215 ns
[4352.601s][info ][gc,start       ] GC(244) Pause Young (Allocation Failure)
[4352.638s][debug][gc,phases      ] GC(244) Scavenge 36.611ms
[4352.638s][debug][gc,ref         ] GC(244) Skipped phase 1 of Reference Processing: no references
[4352.638s][debug][gc,ref         ] GC(244) Skipped phase 2 of Reference Processing: no references
[4352.638s][debug][gc,ref         ] GC(244) Skipped phase 3 of Reference Processing: no references
[4352.638s][debug][gc,ref         ] GC(244) ReferenceProcessor::execute queues: 1, RefProcThreadModel::Single, marks_oops_alive: false
[4352.638s][debug][gc,phases      ] GC(244) Reference Processing 0.100ms
[4352.638s][debug][gc,phases      ] GC(244)   VM Weak                        Min:  0.0, Avg:  0.0, Max:  0.0, Diff:  0.0, Sum:  0.0, Workers: 4
[4352.638s][debug][gc,phases      ] GC(244)     Dead                           Min: 0, Avg:  0.0, Max: 0, Diff: 0, Sum: 0, Workers: 4
[4352.638s][debug][gc,phases      ] GC(244)     Total                          Min: 64, Avg: 203.2, Max: 317, Diff: 253, Sum: 813, Workers: 4
[4352.638s][debug][gc,phases      ] GC(244)   ObjectSynchronizer Weak        Min:  0.0, Avg:  0.0, Max:  0.0, Diff:  0.0, Sum:  0.0, Workers: 4
[4352.638s][debug][gc,phases      ] GC(244)     Dead                           Min: 0, Avg:  0.0, Max: 0, Diff: 0, Sum: 0, Workers: 4
[4352.638s][debug][gc,phases      ] GC(244)     Total                          Min: 0, Avg: 27.2, Max: 64, Diff: 64, Sum: 109, Workers: 4
[4352.638s][debug][gc,phases      ] GC(244)   JVMTI Tag Weak OopStorage      Min:  0.0, Avg:  0.0, Max:  0.0, Diff:  0.0, Sum:  0.0, Workers: 4
[4352.638s][debug][gc,phases      ] GC(244)     Dead                           Min: 0, Avg:  0.0, Max: 0, Diff: 0, Sum: 0, Workers: 4
[4352.638s][debug][gc,phases      ] GC(244)     Total                          Min: 0, Avg:  0.0, Max: 0, Diff: 0, Sum: 0, Workers: 4
[4352.638s][debug][gc,phases      ] GC(244)   StringTable Weak               Min:  0.1, Avg:  0.1, Max:  0.1, Diff:  0.0, Sum:  0.5, Workers: 4
[4352.638s][debug][gc,phases      ] GC(244)     Dead                           Min: 0, Avg:  0.0, Max: 0, Diff: 0, Sum: 0, Workers: 4
[4352.638s][debug][gc,phases      ] GC(244)     Total                          Min: 10548, Avg: 11148.2, Max: 12223, Diff: 1675, Sum: 44593, Workers: 4
[4352.638s][debug][gc,phases      ] GC(244)   ResolvedMethodTable Weak       Min:  0.0, Avg:  0.0, Max:  0.0, Diff:  0.0, Sum:  0.1, Workers: 4
[4352.638s][debug][gc,phases      ] GC(244)     Dead                           Min: 0, Avg:  0.0, Max: 0, Diff: 0, Sum: 0, Workers: 4
[4352.638s][debug][gc,phases      ] GC(244)     Total                          Min: 2390, Avg: 2613.2, Max: 2880, Diff: 490, Sum: 10453, Workers: 4
[4352.638s][debug][gc,phases      ] GC(244)   JNI Weak                       Min:  0.0, Avg:  0.0, Max:  0.0, Diff:  0.0, Sum:  0.0, Workers: 4
[4352.638s][debug][gc,phases      ] GC(244)     Dead                           Min: 0, Avg:  0.0, Max: 0, Diff: 0, Sum: 0, Workers: 4
[4352.638s][debug][gc,phases      ] GC(244)     Total                          Min: 0, Avg: 11.2, Max: 45, Diff: 45, Sum: 45, Workers: 4
[4352.638s][debug][gc,phases      ] GC(244)   StringDedup Table Weak         Min:  0.0, Avg:  0.0, Max:  0.0, Diff:  0.0, Sum:  0.0, Workers: 4
[4352.638s][debug][gc,phases      ] GC(244)     Dead                           Min: 0, Avg:  0.0, Max: 0, Diff: 0, Sum: 0, Workers: 4
[4352.638s][debug][gc,phases      ] GC(244)     Total                          Min: 0, Avg:  0.0, Max: 0, Diff: 0, Sum: 0, Workers: 4
[4352.638s][debug][gc,phases      ] GC(244)   StringDedup Requests0 Weak     Min:  0.0, Avg:  0.0, Max:  0.0, Diff:  0.0, Sum:  0.0, Workers: 4
[4352.638s][debug][gc,phases      ] GC(244)     Dead                           Min: 0, Avg:  0.0, Max: 0, Diff: 0, Sum: 0, Workers: 4
[4352.638s][debug][gc,phases      ] GC(244)     Total                          Min: 0, Avg:  0.0, Max: 0, Diff: 0, Sum: 0, Workers: 4
[4352.638s][debug][gc,phases      ] GC(244)   StringDedup Requests1 Weak     Min:  0.0, Avg:  0.0, Max:  0.0, Diff:  0.0, Sum:  0.0, Workers: 4
[4352.638s][debug][gc,phases      ] GC(244)     Dead                           Min: 0, Avg:  0.0, Max: 0, Diff: 0, Sum: 0, Workers: 4
[4352.638s][debug][gc,phases      ] GC(244)     Total                          Min: 0, Avg:  0.0, Max: 0, Diff: 0, Sum: 0, Workers: 4
[4352.638s][debug][gc,phases      ] GC(244)   Weak JFR Old Object Samples    Min:  0.0, Avg:  0.0, Max:  0.0, Diff:  0.0, Sum:  0.0, Workers: 4
[4352.638s][debug][gc,phases      ] GC(244)     Dead                           Min: 0, Avg:  0.0, Max: 0, Diff: 0, Sum: 0, Workers: 4
[4352.638s][debug][gc,phases      ] GC(244)     Total                          Min: 0, Avg:  0.0, Max: 0, Diff: 0, Sum: 0, Workers: 4
[4352.638s][debug][gc,phases      ] GC(244) Weak Processing 0.379ms
[4352.638s][debug][gc,age         ] GC(244) Desired survivor size 200802304 bytes, new threshold 15 (max threshold 15)
[4352.638s][info ][gc,heap        ] GC(244) PSYoungGen: 1872096K(1872384K)->119920K(1890816K) Eden: 1752064K(1752064K)->0K(1704960K) From: 120032K(120320K)->119920K(185856K)
[4352.638s][info ][gc,heap        ] GC(244) ParOldGen: 607586K(870912K)->607586K(870912K)
[4352.638s][info ][gc,metaspace   ] GC(244) Metaspace: 86110K(87168K)->86110K(87168K) NonClass: 74017K(74560K)->74017K(74560K) Class: 12092K(12608K)->12092K(12608K)
[4352.638s][info ][gc             ] GC(244) Pause Young (Allocation Failure) 2421M->710M(2697M) 37.241ms
[4352.638s][info ][gc,cpu         ] GC(244) User=0.10s Sys=0.00s Real=0.04s
[4352.638s][info ][safepoint      ] Safepoint "ParallelGCFailedAllocation", Time since last: 19114263016 ns, Reaching safepoint: 113408 ns, At safepoint: 37332368 ns, Total: 37445776 ns
[4354.639s][info ][safepoint      ] Safepoint "Cleanup", Time since last: 2000163075 ns, Reaching safepoint: 46603 ns, At safepoint: 4001 ns, Total: 50604 ns
[4356.639s][info ][safepoint      ] Safepoint "Cleanup", Time since last: 2000180474 ns, Reaching safepoint: 44203 ns, At safepoint: 3500 ns, Total: 47703 ns
[4367.640s][info ][safepoint      ] Safepoint "Cleanup", Time since last: 11000763206 ns, Reaching safepoint: 43503 ns, At safepoint: 2801 ns, Total: 46304 ns
[4368.164s][info ][gc,start       ] GC(245) Pause Young (Allocation Failure)
[4368.196s][debug][gc,phases      ] GC(245) Scavenge 31.385ms
[4368.196s][debug][gc,ref         ] GC(245) Skipped phase 1 of Reference Processing: no references
[4368.196s][debug][gc,ref         ] GC(245) Skipped phase 2 of Reference Processing: no references
[4368.196s][debug][gc,ref         ] GC(245) Skipped phase 3 of Reference Processing: no references
[4368.196s][debug][gc,ref         ] GC(245) ReferenceProcessor::execute queues: 1, RefProcThreadModel::Single, marks_oops_alive: false
[4368.196s][debug][gc,phases      ] GC(245) Reference Processing 0.102ms
[4368.196s][debug][gc,phases      ] GC(245)   VM Weak                        Min:  0.0, Avg:  0.0, Max:  0.0, Diff:  0.0, Sum:  0.0, Workers: 4
[4368.196s][debug][gc,phases      ] GC(245)     Dead                           Min: 0, Avg:  0.0, Max: 0, Diff: 0, Sum: 0, Workers: 4
[4368.196s][debug][gc,phases      ] GC(245)     Total                          Min: 0, Avg: 203.2, Max: 450, Diff: 450, Sum: 813, Workers: 4
[4368.196s][debug][gc,phases      ] GC(245)   ObjectSynchronizer Weak        Min:  0.0, Avg:  0.0, Max:  0.0, Diff:  0.0, Sum:  0.0, Workers: 4
[4368.196s][debug][gc,phases      ] GC(245)     Dead                           Min: 0, Avg:  0.0, Max: 0, Diff: 0, Sum: 0, Workers: 4
[4368.196s][debug][gc,phases      ] GC(245)     Total                          Min: 0, Avg: 27.2, Max: 64, Diff: 64, Sum: 109, Workers: 4
[4368.196s][debug][gc,phases      ] GC(245)   JVMTI Tag Weak OopStorage      Min:  0.0, Avg:  0.0, Max:  0.0, Diff:  0.0, Sum:  0.0, Workers: 4
[4368.196s][debug][gc,phases      ] GC(245)     Dead                           Min: 0, Avg:  0.0, Max: 0, Diff: 0, Sum: 0, Workers: 4
[4368.196s][debug][gc,phases      ] GC(245)     Total                          Min: 0, Avg:  0.0, Max: 0, Diff: 0, Sum: 0, Workers: 4
[4368.196s][debug][gc,phases      ] GC(245)   StringTable Weak               Min:  0.0, Avg:  0.1, Max:  0.2, Diff:  0.2, Sum:  0.5, Workers: 4
[4368.196s][debug][gc,phases      ] GC(245)     Dead                           Min: 0, Avg:  0.0, Max: 0, Diff: 0, Sum: 0, Workers: 4
[4368.196s][debug][gc,phases      ] GC(245)     Total                          Min: 0, Avg: 11148.5, Max: 15219, Diff: 15219, Sum: 44594, Workers: 4
[4368.196s][debug][gc,phases      ] GC(245)   ResolvedMethodTable Weak       Min:  0.0, Avg:  0.0, Max:  0.0, Diff:  0.0, Sum:  0.1, Workers: 4
[4368.196s][debug][gc,phases      ] GC(245)     Dead                           Min: 0, Avg:  0.0, Max: 0, Diff: 0, Sum: 0, Workers: 4
[4368.196s][debug][gc,phases      ] GC(245)     Total                          Min: 0, Avg: 2613.2, Max: 3520, Diff: 3520, Sum: 10453, Workers: 4
[4368.196s][debug][gc,phases      ] GC(245)   JNI Weak                       Min:  0.0, Avg:  0.0, Max:  0.0, Diff:  0.0, Sum:  0.0, Workers: 4
[4368.196s][debug][gc,phases      ] GC(245)     Dead                           Min: 0, Avg:  0.0, Max: 0, Diff: 0, Sum: 0, Workers: 4
[4368.196s][debug][gc,phases      ] GC(245)     Total                          Min: 0, Avg: 11.2, Max: 45, Diff: 45, Sum: 45, Workers: 4
[4368.196s][debug][gc,phases      ] GC(245)   StringDedup Table Weak         Min:  0.0, Avg:  0.0, Max:  0.0, Diff:  0.0, Sum:  0.0, Workers: 4
[4368.196s][debug][gc,phases      ] GC(245)     Dead                           Min: 0, Avg:  0.0, Max: 0, Diff: 0, Sum: 0, Workers: 4
[4368.196s][debug][gc,phases      ] GC(245)     Total                          Min: 0, Avg:  0.0, Max: 0, Diff: 0, Sum: 0, Workers: 4
[4368.196s][debug][gc,phases      ] GC(245)   StringDedup Requests0 Weak     Min:  0.0, Avg:  0.0, Max:  0.0, Diff:  0.0, Sum:  0.0, Workers: 4
[4368.196s][debug][gc,phases      ] GC(245)     Dead                           Min: 0, Avg:  0.0, Max: 0, Diff: 0, Sum: 0, Workers: 4
[4368.196s][debug][gc,phases      ] GC(245)     Total                          Min: 0, Avg:  0.0, Max: 0, Diff: 0, Sum: 0, Workers: 4
[4368.196s][debug][gc,phases      ] GC(245)   StringDedup Requests1 Weak     Min:  0.0, Avg:  0.0, Max:  0.0, Diff:  0.0, Sum:  0.0, Workers: 4
[4368.196s][debug][gc,phases      ] GC(245)     Dead                           Min: 0, Avg:  0.0, Max: 0, Diff: 0, Sum: 0, Workers: 4
[4368.196s][debug][gc,phases      ] GC(245)     Total                          Min: 0, Avg:  0.0, Max: 0, Diff: 0, Sum: 0, Workers: 4
[4368.196s][debug][gc,phases      ] GC(245)   Weak JFR Old Object Samples    Min:  0.0, Avg:  0.0, Max:  0.0, Diff:  0.0, Sum:  0.0, Workers: 4
[4368.196s][debug][gc,phases      ] GC(245)     Dead                           Min: 0, Avg:  0.0, Max: 0, Diff: 0, Sum: 0, Workers: 4
[4368.196s][debug][gc,phases      ] GC(245)     Total                          Min: 0, Avg:  0.0, Max: 0, Diff: 0, Sum: 0, Workers: 4
[4368.196s][debug][gc,phases      ] GC(245) Weak Processing 0.384ms
[4368.196s][debug][gc,age         ] GC(245) Desired survivor size 209190912 bytes, new threshold 15 (max threshold 15)
[4368.196s][info ][gc,heap        ] GC(245) PSYoungGen: 1824880K(1890816K)->121152K(1826304K) Eden: 1704960K(1704960K)->0K(1704960K) From: 119920K(185856K)->121152K(121344K)
[4368.196s][info ][gc,heap        ] GC(245) ParOldGen: 607586K(870912K)->607594K(870912K)
[4368.196s][info ][gc,metaspace   ] GC(245) Metaspace: 86116K(87168K)->86116K(87168K) NonClass: 74024K(74560K)->74024K(74560K) Class: 12092K(12608K)->12092K(12608K)
[4368.196s][info ][gc             ] GC(245) Pause Young (Allocation Failure) 2375M->711M(2634M) 32.019ms
[4368.196s][info ][gc,cpu         ] GC(245) User=0.11s Sys=0.00s Real=0.03s
[4368.196s][info ][safepoint      ] Safepoint "ParallelGCFailedAllocation", Time since last: 524452785 ns, Reaching safepoint: 43303 ns, At safepoint: 32106295 ns, Total: 32149598 ns
[4370.202s][info ][safepoint      ] Safepoint "Cleanup", Time since last: 2005445537 ns, Reaching safepoint: 146410 ns, At safepoint: 14901 ns, Total: 161311 ns
[4375.202s][info ][safepoint      ] Safepoint "Cleanup", Time since last: 5000400891 ns, Reaching safepoint: 112208 ns, At safepoint: 7901 ns, Total: 120109 ns
[4379.203s][info ][safepoint      ] Safepoint "Cleanup", Time since last: 4000374208 ns, Reaching safepoint: 126809 ns, At safepoint: 9701 ns, Total: 136510 ns
[4380.203s][info ][safepoint      ] Safepoint "Cleanup", Time since last: 1000122978 ns, Reaching safepoint: 128909 ns, At safepoint: 6601 ns, Total: 135510 ns
[4386.702s][info ][gc,start       ] GC(246) Pause Young (Allocation Failure)
[4386.741s][debug][gc,phases      ] GC(246) Scavenge 39.003ms
[4386.741s][debug][gc,ref         ] GC(246) Skipped phase 1 of Reference Processing: no references
[4386.741s][debug][gc,ref         ] GC(246) Skipped phase 2 of Reference Processing: no references
[4386.741s][debug][gc,ref         ] GC(246) Skipped phase 3 of Reference Processing: no references
[4386.741s][debug][gc,ref         ] GC(246) ReferenceProcessor::execute queues: 1, RefProcThreadModel::Single, marks_oops_alive: false
[4386.741s][debug][gc,phases      ] GC(246) Reference Processing 0.115ms
[4386.741s][debug][gc,phases      ] GC(246)   VM Weak                        Min:  0.0, Avg:  0.0, Max:  0.0, Diff:  0.0, Sum:  0.0, Workers: 4
[4386.741s][debug][gc,phases      ] GC(246)     Dead                           Min: 0, Avg:  0.0, Max: 0, Diff: 0, Sum: 0, Workers: 4
[4386.741s][debug][gc,phases      ] GC(246)     Total                          Min: 0, Avg: 203.2, Max: 391, Diff: 391, Sum: 813, Workers: 4
[4386.741s][debug][gc,phases      ] GC(246)   ObjectSynchronizer Weak        Min:  0.0, Avg:  0.0, Max:  0.0, Diff:  0.0, Sum:  0.0, Workers: 4
[4386.741s][debug][gc,phases      ] GC(246)     Dead                           Min: 0, Avg:  0.0, Max: 0, Diff: 0, Sum: 0, Workers: 4
[4386.741s][debug][gc,phases      ] GC(246)     Total                          Min: 0, Avg: 27.2, Max: 64, Diff: 64, Sum: 109, Workers: 4
[4386.741s][debug][gc,phases      ] GC(246)   JVMTI Tag Weak OopStorage      Min:  0.0, Avg:  0.0, Max:  0.0, Diff:  0.0, Sum:  0.0, Workers: 4
[4386.741s][debug][gc,phases      ] GC(246)     Dead                           Min: 0, Avg:  0.0, Max: 0, Diff: 0, Sum: 0, Workers: 4
[4386.741s][debug][gc,phases      ] GC(246)     Total                          Min: 0, Avg:  0.0, Max: 0, Diff: 0, Sum: 0, Workers: 4
[4386.741s][debug][gc,phases      ] GC(246)   StringTable Weak               Min:  0.0, Avg:  0.1, Max:  0.2, Diff:  0.2, Sum:  0.5, Workers: 4
[4386.741s][debug][gc,phases      ] GC(246)     Dead                           Min: 0, Avg:  0.0, Max: 0, Diff: 0, Sum: 0, Workers: 4
[4386.741s][debug][gc,phases      ] GC(246)     Total                          Min: 0, Avg: 11148.5, Max: 15104, Diff: 15104, Sum: 44594, Workers: 4
[4386.741s][debug][gc,phases      ] GC(246)   ResolvedMethodTable Weak       Min:  0.0, Avg:  0.0, Max:  0.0, Diff:  0.0, Sum:  0.1, Workers: 4
[4386.741s][debug][gc,phases      ] GC(246)     Dead                           Min: 0, Avg:  0.0, Max: 0, Diff: 0, Sum: 0, Workers: 4
[4386.741s][debug][gc,phases      ] GC(246)     Total                          Min: 0, Avg: 2613.2, Max: 3520, Diff: 3520, Sum: 10453, Workers: 4
[4386.741s][debug][gc,phases      ] GC(246)   JNI Weak                       Min:  0.0, Avg:  0.0, Max:  0.0, Diff:  0.0, Sum:  0.0, Workers: 4
[4386.741s][debug][gc,phases      ] GC(246)     Dead                           Min: 0, Avg:  0.0, Max: 0, Diff: 0, Sum: 0, Workers: 4
[4386.741s][debug][gc,phases      ] GC(246)     Total                          Min: 0, Avg: 11.2, Max: 45, Diff: 45, Sum: 45, Workers: 4
[4386.741s][debug][gc,phases      ] GC(246)   StringDedup Table Weak         Min:  0.0, Avg:  0.0, Max:  0.0, Diff:  0.0, Sum:  0.0, Workers: 4
[4386.741s][debug][gc,phases      ] GC(246)     Dead                           Min: 0, Avg:  0.0, Max: 0, Diff: 0, Sum: 0, Workers: 4
[4386.741s][debug][gc,phases      ] GC(246)     Total                          Min: 0, Avg:  0.0, Max: 0, Diff: 0, Sum: 0, Workers: 4
[4386.741s][debug][gc,phases      ] GC(246)   StringDedup Requests0 Weak     Min:  0.0, Avg:  0.0, Max:  0.0, Diff:  0.0, Sum:  0.0, Workers: 4
[4386.741s][debug][gc,phases      ] GC(246)     Dead                           Min: 0, Avg:  0.0, Max: 0, Diff: 0, Sum: 0, Workers: 4
[4386.741s][debug][gc,phases      ] GC(246)     Total                          Min: 0, Avg:  0.0, Max: 0, Diff: 0, Sum: 0, Workers: 4
[4386.741s][debug][gc,phases      ] GC(246)   StringDedup Requests1 Weak     Min:  0.0, Avg:  0.0, Max:  0.0, Diff:  0.0, Sum:  0.0, Workers: 4
[4386.741s][debug][gc,phases      ] GC(246)     Dead                           Min: 0, Avg:  0.0, Max: 0, Diff: 0, Sum: 0, Workers: 4
[4386.741s][debug][gc,phases      ] GC(246)     Total                          Min: 0, Avg:  0.0, Max: 0, Diff: 0, Sum: 0, Workers: 4
[4386.741s][debug][gc,phases      ] GC(246)   Weak JFR Old Object Samples    Min:  0.0, Avg:  0.0, Max:  0.0, Diff:  0.0, Sum:  0.0, Workers: 4
[4386.741s][debug][gc,phases      ] GC(246)     Dead                           Min: 0, Avg:  0.0, Max: 0, Diff: 0, Sum: 0, Workers: 4
[4386.741s][debug][gc,phases      ] GC(246)     Total                          Min: 0, Avg:  0.0, Max: 0, Diff: 0, Sum: 0, Workers: 4
[4386.741s][debug][gc,phases      ] GC(246) Weak Processing 0.400ms
[4386.741s][debug][gc,age         ] GC(246) Desired survivor size 214958080 bytes, new threshold 15 (max threshold 15)
[4386.741s][info ][gc,heap        ] GC(246) PSYoungGen: 1826112K(1826304K)->121248K(1881600K) Eden: 1704960K(1704960K)->0K(1677312K) From: 121152K(121344K)->121248K(204288K)
[4386.741s][info ][gc,heap        ] GC(246) ParOldGen: 607594K(870912K)->607594K(870912K)
[4386.741s][info ][gc,metaspace   ] GC(246) Metaspace: 86116K(87168K)->86116K(87168K) NonClass: 74024K(74560K)->74024K(74560K) Class: 12092K(12608K)->12092K(12608K)
[4386.741s][info ][gc             ] GC(246) Pause Young (Allocation Failure) 2376M->711M(2688M) 39.673ms
[4386.741s][info ][gc,cpu         ] GC(246) User=0.11s Sys=0.00s Real=0.04s
[4386.741s][info ][safepoint      ] Safepoint "ParallelGCFailedAllocation", Time since last: 6498413325 ns, Reaching safepoint: 107307 ns, At safepoint: 39777343 ns, Total: 39884650 ns
[4393.742s][info ][safepoint      ] Safepoint "Cleanup", Time since last: 7000451483 ns, Reaching safepoint: 46704 ns, At safepoint: 3600 ns, Total: 50304 ns
[4399.742s][info ][safepoint      ] Safepoint "Cleanup", Time since last: 6000458301 ns, Reaching safepoint: 46204 ns, At safepoint: 27602 ns, Total: 73806 ns
[4405.251s][info ][gc,start       ] GC(247) Pause Young (Allocation Failure)
[4405.282s][debug][gc,phases      ] GC(247) Scavenge 31.053ms
[4405.282s][debug][gc,ref         ] GC(247) Skipped phase 1 of Reference Processing: no references
[4405.282s][debug][gc,ref         ] GC(247) Skipped phase 2 of Reference Processing: no references
[4405.282s][debug][gc,ref         ] GC(247) Skipped phase 3 of Reference Processing: no references
[4405.282s][debug][gc,ref         ] GC(247) ReferenceProcessor::execute queues: 1, RefProcThreadModel::Single, marks_oops_alive: false
[4405.282s][debug][gc,phases      ] GC(247) Reference Processing 0.102ms
[4405.282s][debug][gc,phases      ] GC(247)   VM Weak                        Min:  0.0, Avg:  0.0, Max:  0.0, Diff:  0.0, Sum:  0.0, Workers: 4
[4405.282s][debug][gc,phases      ] GC(247)     Dead                           Min: 0, Avg:  0.0, Max: 0, Diff: 0, Sum: 0, Workers: 4
[4405.282s][debug][gc,phases      ] GC(247)     Total                          Min: 0, Avg: 203.2, Max: 381, Diff: 381, Sum: 813, Workers: 4
[4405.282s][debug][gc,phases      ] GC(247)   ObjectSynchronizer Weak        Min:  0.0, Avg:  0.0, Max:  0.0, Diff:  0.0, Sum:  0.0, Workers: 4
[4405.282s][debug][gc,phases      ] GC(247)     Dead                           Min: 0, Avg:  0.0, Max: 0, Diff: 0, Sum: 0, Workers: 4
[4405.282s][debug][gc,phases      ] GC(247)     Total                          Min: 0, Avg: 27.2, Max: 64, Diff: 64, Sum: 109, Workers: 4
[4405.282s][debug][gc,phases      ] GC(247)   JVMTI Tag Weak OopStorage      Min:  0.0, Avg:  0.0, Max:  0.0, Diff:  0.0, Sum:  0.0, Workers: 4
[4405.282s][debug][gc,phases      ] GC(247)     Dead                           Min: 0, Avg:  0.0, Max: 0, Diff: 0, Sum: 0, Workers: 4
[4405.282s][debug][gc,phases      ] GC(247)     Total                          Min: 0, Avg:  0.0, Max: 0, Diff: 0, Sum: 0, Workers: 4
[4405.282s][debug][gc,phases      ] GC(247)   StringTable Weak               Min:  0.1, Avg:  0.1, Max:  0.1, Diff:  0.0, Sum:  0.4, Workers: 4
[4405.282s][debug][gc,phases      ] GC(247)     Dead                           Min: 0, Avg:  0.0, Max: 0, Diff: 0, Sum: 0, Workers: 4
[4405.282s][debug][gc,phases      ] GC(247)     Total                          Min: 10165, Avg: 11148.5, Max: 11583, Diff: 1418, Sum: 44594, Workers: 4
[4405.282s][debug][gc,phases      ] GC(247)   ResolvedMethodTable Weak       Min:  0.0, Avg:  0.0, Max:  0.0, Diff:  0.0, Sum:  0.1, Workers: 4
[4405.282s][debug][gc,phases      ] GC(247)     Dead                           Min: 0, Avg:  0.0, Max: 0, Diff: 0, Sum: 0, Workers: 4
[4405.282s][debug][gc,phases      ] GC(247)     Total                          Min: 2518, Avg: 2613.2, Max: 2752, Diff: 234, Sum: 10453, Workers: 4
[4405.282s][debug][gc,phases      ] GC(247)   JNI Weak                       Min:  0.0, Avg:  0.0, Max:  0.0, Diff:  0.0, Sum:  0.0, Workers: 4
[4405.282s][debug][gc,phases      ] GC(247)     Dead                           Min: 0, Avg:  0.0, Max: 0, Diff: 0, Sum: 0, Workers: 4
[4405.282s][debug][gc,phases      ] GC(247)     Total                          Min: 0, Avg: 11.2, Max: 45, Diff: 45, Sum: 45, Workers: 4
[4405.282s][debug][gc,phases      ] GC(247)   StringDedup Table Weak         Min:  0.0, Avg:  0.0, Max:  0.0, Diff:  0.0, Sum:  0.0, Workers: 4
[4405.282s][debug][gc,phases      ] GC(247)     Dead                           Min: 0, Avg:  0.0, Max: 0, Diff: 0, Sum: 0, Workers: 4
[4405.282s][debug][gc,phases      ] GC(247)     Total                          Min: 0, Avg:  0.0, Max: 0, Diff: 0, Sum: 0, Workers: 4
[4405.282s][debug][gc,phases      ] GC(247)   StringDedup Requests0 Weak     Min:  0.0, Avg:  0.0, Max:  0.0, Diff:  0.0, Sum:  0.0, Workers: 4
[4405.282s][debug][gc,phases      ] GC(247)     Dead                           Min: 0, Avg:  0.0, Max: 0, Diff: 0, Sum: 0, Workers: 4
[4405.282s][debug][gc,phases      ] GC(247)     Total                          Min: 0, Avg:  0.0, Max: 0, Diff: 0, Sum: 0, Workers: 4
[4405.282s][debug][gc,phases      ] GC(247)   StringDedup Requests1 Weak     Min:  0.0, Avg:  0.0, Max:  0.0, Diff:  0.0, Sum:  0.0, Workers: 4
[4405.282s][debug][gc,phases      ] GC(247)     Dead                           Min: 0, Avg:  0.0, Max: 0, Diff: 0, Sum: 0, Workers: 4
[4405.282s][debug][gc,phases      ] GC(247)     Total                          Min: 0, Avg:  0.0, Max: 0, Diff: 0, Sum: 0, Workers: 4
[4405.282s][debug][gc,phases      ] GC(247)   Weak JFR Old Object Samples    Min:  0.0, Avg:  0.0, Max:  0.0, Diff:  0.0, Sum:  0.0, Workers: 4
[4405.282s][debug][gc,phases      ] GC(247)     Dead                           Min: 0, Avg:  0.0, Max: 0, Diff: 0, Sum: 0, Workers: 4
[4405.282s][debug][gc,phases      ] GC(247)     Total                          Min: 0, Avg:  0.0, Max: 0, Diff: 0, Sum: 0, Workers: 4
[4405.282s][debug][gc,phases      ] GC(247) Weak Processing 0.393ms
[4405.282s][debug][gc,age         ] GC(247) Desired survivor size 219152384 bytes, new threshold 15 (max threshold 15)
[4405.282s][info ][gc,heap        ] GC(247) PSYoungGen: 1798560K(1881600K)->121648K(1799168K) Eden: 1677312K(1677312K)->0K(1677312K) From: 121248K(204288K)->121648K(121856K)
[4405.282s][info ][gc,heap        ] GC(247) ParOldGen: 607594K(870912K)->607594K(870912K)
[4405.282s][info ][gc,metaspace   ] GC(247) Metaspace: 86118K(87168K)->86118K(87168K) NonClass: 74025K(74560K)->74025K(74560K) Class: 12092K(12608K)->12092K(12608K)
[4405.282s][info ][gc             ] GC(247) Pause Young (Allocation Failure) 2349M->712M(2607M) 31.692ms
[4405.282s][info ][gc,cpu         ] GC(247) User=0.11s Sys=0.00s Real=0.03s
[4405.282s][info ][safepoint      ] Safepoint "ParallelGCFailedAllocation", Time since last: 5508058300 ns, Reaching safepoint: 104607 ns, At safepoint: 31775771 ns, Total: 31880378 ns
[4409.283s][info ][safepoint      ] Safepoint "Cleanup", Time since last: 4000259246 ns, Reaching safepoint: 53004 ns, At safepoint: 3300 ns, Total: 56304 ns
[4414.283s][info ][safepoint      ] Safepoint "Cleanup", Time since last: 5000347899 ns, Reaching safepoint: 43003 ns, At safepoint: 4500 ns, Total: 47503 ns
[4419.284s][info ][safepoint      ] Safepoint "Cleanup", Time since last: 5000470998 ns, Reaching safepoint: 42703 ns, At safepoint: 3700 ns, Total: 46403 ns
[4423.097s][info ][gc,start       ] GC(248) Pause Young (Allocation Failure)
[4423.146s][debug][gc,phases      ] GC(248) Scavenge 49.550ms
[4423.146s][debug][gc,ref         ] GC(248) Skipped phase 1 of Reference Processing: no references
[4423.146s][debug][gc,ref         ] GC(248) Skipped phase 2 of Reference Processing: no references
[4423.146s][debug][gc,ref         ] GC(248) Skipped phase 3 of Reference Processing: no references
[4423.146s][debug][gc,ref         ] GC(248) ReferenceProcessor::execute queues: 1, RefProcThreadModel::Single, marks_oops_alive: false
[4423.146s][debug][gc,phases      ] GC(248) Reference Processing 0.166ms
[4423.147s][debug][gc,phases      ] GC(248)   VM Weak                        Min:  0.0, Avg:  0.0, Max:  0.0, Diff:  0.0, Sum:  0.0, Workers: 4
[4423.147s][debug][gc,phases      ] GC(248)     Dead                           Min: 0, Avg:  0.0, Max: 0, Diff: 0, Sum: 0, Workers: 4
[4423.147s][debug][gc,phases      ] GC(248)     Total                          Min: 0, Avg: 203.2, Max: 813, Diff: 813, Sum: 813, Workers: 4
[4423.147s][debug][gc,phases      ] GC(248)   ObjectSynchronizer Weak        Min:  0.0, Avg:  0.0, Max:  0.0, Diff:  0.0, Sum:  0.0, Workers: 4
[4423.147s][debug][gc,phases      ] GC(248)     Dead                           Min: 0, Avg:  0.0, Max: 0, Diff: 0, Sum: 0, Workers: 4
[4423.147s][debug][gc,phases      ] GC(248)     Total                          Min: 0, Avg: 27.2, Max: 109, Diff: 109, Sum: 109, Workers: 4
[4423.147s][debug][gc,phases      ] GC(248)   JVMTI Tag Weak OopStorage      Min:  0.0, Avg:  0.0, Max:  0.0, Diff:  0.0, Sum:  0.0, Workers: 4
[4423.147s][debug][gc,phases      ] GC(248)     Dead                           Min: 0, Avg:  0.0, Max: 0, Diff: 0, Sum: 0, Workers: 4
[4423.147s][debug][gc,phases      ] GC(248)     Total                          Min: 0, Avg:  0.0, Max: 0, Diff: 0, Sum: 0, Workers: 4
[4423.147s][debug][gc,phases      ] GC(248)   StringTable Weak               Min:  0.0, Avg:  0.3, Max:  0.6, Diff:  0.6, Sum:  1.2, Workers: 4
[4423.147s][debug][gc,phases      ] GC(248)     Dead                           Min: 0, Avg:  0.0, Max: 0, Diff: 0, Sum: 0, Workers: 4
[4423.147s][debug][gc,phases      ] GC(248)     Total                          Min: 0, Avg: 11148.5, Max: 28222, Diff: 28222, Sum: 44594, Workers: 4
[4423.147s][debug][gc,phases      ] GC(248)   ResolvedMethodTable Weak       Min:  0.0, Avg:  0.0, Max:  0.1, Diff:  0.1, Sum:  0.1, Workers: 4
[4423.147s][debug][gc,phases      ] GC(248)     Dead                           Min: 0, Avg:  0.0, Max: 0, Diff: 0, Sum: 0, Workers: 4
[4423.147s][debug][gc,phases      ] GC(248)     Total                          Min: 0, Avg: 2613.2, Max: 5526, Diff: 5526, Sum: 10453, Workers: 4
[4423.147s][debug][gc,phases      ] GC(248)   JNI Weak                       Min:  0.0, Avg:  0.0, Max:  0.0, Diff:  0.0, Sum:  0.0, Workers: 4
[4423.147s][debug][gc,phases      ] GC(248)     Dead                           Min: 0, Avg:  0.0, Max: 0, Diff: 0, Sum: 0, Workers: 4
[4423.147s][debug][gc,phases      ] GC(248)     Total                          Min: 0, Avg: 11.2, Max: 45, Diff: 45, Sum: 45, Workers: 4
[4423.147s][debug][gc,phases      ] GC(248)   StringDedup Table Weak         Min:  0.0, Avg:  0.0, Max:  0.0, Diff:  0.0, Sum:  0.0, Workers: 4
[4423.147s][debug][gc,phases      ] GC(248)     Dead                           Min: 0, Avg:  0.0, Max: 0, Diff: 0, Sum: 0, Workers: 4
[4423.147s][debug][gc,phases      ] GC(248)     Total                          Min: 0, Avg:  0.0, Max: 0, Diff: 0, Sum: 0, Workers: 4
[4423.147s][debug][gc,phases      ] GC(248)   StringDedup Requests0 Weak     Min:  0.0, Avg:  0.0, Max:  0.0, Diff:  0.0, Sum:  0.0, Workers: 4
[4423.147s][debug][gc,phases      ] GC(248)     Dead                           Min: 0, Avg:  0.0, Max: 0, Diff: 0, Sum: 0, Workers: 4
[4423.147s][debug][gc,phases      ] GC(248)     Total                          Min: 0, Avg:  0.0, Max: 0, Diff: 0, Sum: 0, Workers: 4
[4423.147s][debug][gc,phases      ] GC(248)   StringDedup Requests1 Weak     Min:  0.0, Avg:  0.0, Max:  0.0, Diff:  0.0, Sum:  0.0, Workers: 4
[4423.147s][debug][gc,phases      ] GC(248)     Dead                           Min: 0, Avg:  0.0, Max: 0, Diff: 0, Sum: 0, Workers: 4
[4423.147s][debug][gc,phases      ] GC(248)     Total                          Min: 0, Avg:  0.0, Max: 0, Diff: 0, Sum: 0, Workers: 4
[4423.147s][debug][gc,phases      ] GC(248)   Weak JFR Old Object Samples    Min:  0.0, Avg:  0.0, Max:  0.0, Diff:  0.0, Sum:  0.0, Workers: 4
[4423.147s][debug][gc,phases      ] GC(248)     Dead                           Min: 0, Avg:  0.0, Max: 0, Diff: 0, Sum: 0, Workers: 4
[4423.147s][debug][gc,phases      ] GC(248)     Total                          Min: 0, Avg:  0.0, Max: 0, Diff: 0, Sum: 0, Workers: 4
[4423.147s][debug][gc,phases      ] GC(248) Weak Processing 0.953ms
[4423.147s][debug][gc,age         ] GC(248) Desired survivor size 220725248 bytes, new threshold 15 (max threshold 15)
[4423.147s][info ][gc,heap        ] GC(248) PSYoungGen: 1798960K(1799168K)->120816K(1880064K) Eden: 1677312K(1677312K)->0K(1666048K) From: 121648K(121856K)->120816K(214016K)
[4423.147s][info ][gc,heap        ] GC(248) ParOldGen: 607594K(870912K)->607594K(870912K)
[4423.147s][info ][gc,metaspace   ] GC(248) Metaspace: 86118K(87168K)->86118K(87168K) NonClass: 74025K(74560K)->74025K(74560K) Class: 12092K(12608K)->12092K(12608K)
[4423.147s][info ][gc             ] GC(248) Pause Young (Allocation Failure) 2350M->711M(2686M) 50.818ms
[4423.148s][info ][gc,cpu         ] GC(248) User=0.11s Sys=0.00s Real=0.05s
[4423.148s][info ][safepoint      ] Safepoint "ParallelGCFailedAllocation", Time since last: 3812960339 ns, Reaching safepoint: 32503 ns, At safepoint: 50914038 ns, Total: 50946541 ns
[4434.148s][info ][safepoint      ] Safepoint "Cleanup", Time since last: 11000827484 ns, Reaching safepoint: 109907 ns, At safepoint: 8601 ns, Total: 118508 ns
[4442.314s][info ][gc,start       ] GC(249) Pause Young (Allocation Failure)
[4442.343s][debug][gc,phases      ] GC(249) Scavenge 29.451ms
[4442.343s][debug][gc,ref         ] GC(249) Skipped phase 1 of Reference Processing: no references
[4442.343s][debug][gc,ref         ] GC(249) ReferenceProcessor::execute queues: 1, RefProcThreadModel::Single, marks_oops_alive: false
[4442.343s][debug][gc,ref         ] GC(249) Skipped phase 3 of Reference Processing: no references
[4442.343s][debug][gc,ref         ] GC(249) ReferenceProcessor::execute queues: 1, RefProcThreadModel::Single, marks_oops_alive: false
[4442.343s][debug][gc,phases      ] GC(249) Reference Processing 0.119ms
[4442.344s][debug][gc,phases      ] GC(249)   VM Weak                        Min:  0.0, Avg:  0.0, Max:  0.0, Diff:  0.0, Sum:  0.0, Workers: 4
[4442.344s][debug][gc,phases      ] GC(249)     Dead                           Min: 0, Avg:  0.0, Max: 0, Diff: 0, Sum: 0, Workers: 4
[4442.344s][debug][gc,phases      ] GC(249)     Total                          Min: 0, Avg: 203.2, Max: 493, Diff: 493, Sum: 813, Workers: 4
[4442.344s][debug][gc,phases      ] GC(249)   ObjectSynchronizer Weak        Min:  0.0, Avg:  0.0, Max:  0.0, Diff:  0.0, Sum:  0.0, Workers: 4
[4442.344s][debug][gc,phases      ] GC(249)     Dead                           Min: 0, Avg:  0.0, Max: 0, Diff: 0, Sum: 0, Workers: 4
[4442.344s][debug][gc,phases      ] GC(249)     Total                          Min: 0, Avg: 27.2, Max: 64, Diff: 64, Sum: 109, Workers: 4
[4442.344s][debug][gc,phases      ] GC(249)   JVMTI Tag Weak OopStorage      Min:  0.0, Avg:  0.0, Max:  0.0, Diff:  0.0, Sum:  0.0, Workers: 4
[4442.344s][debug][gc,phases      ] GC(249)     Dead                           Min: 0, Avg:  0.0, Max: 0, Diff: 0, Sum: 0, Workers: 4
[4442.344s][debug][gc,phases      ] GC(249)     Total                          Min: 0, Avg:  0.0, Max: 0, Diff: 0, Sum: 0, Workers: 4
[4442.344s][debug][gc,phases      ] GC(249)   StringTable Weak               Min:  0.0, Avg:  0.1, Max:  0.2, Diff:  0.2, Sum:  0.4, Workers: 4
[4442.344s][debug][gc,phases      ] GC(249)     Dead                           Min: 0, Avg:  0.0, Max: 0, Diff: 0, Sum: 0, Workers: 4
[4442.344s][debug][gc,phases      ] GC(249)     Total                          Min: 0, Avg: 11148.5, Max: 22783, Diff: 22783, Sum: 44594, Workers: 4
[4442.344s][debug][gc,phases      ] GC(249)   ResolvedMethodTable Weak       Min:  0.0, Avg:  0.0, Max:  0.1, Diff:  0.1, Sum:  0.1, Workers: 4
[4442.344s][debug][gc,phases      ] GC(249)     Dead                           Min: 0, Avg:  0.0, Max: 0, Diff: 0, Sum: 0, Workers: 4
[4442.344s][debug][gc,phases      ] GC(249)     Total                          Min: 0, Avg: 2613.2, Max: 5312, Diff: 5312, Sum: 10453, Workers: 4
[4442.344s][debug][gc,phases      ] GC(249)   JNI Weak                       Min:  0.0, Avg:  0.0, Max:  0.0, Diff:  0.0, Sum:  0.0, Workers: 4
[4442.344s][debug][gc,phases      ] GC(249)     Dead                           Min: 0, Avg:  0.0, Max: 0, Diff: 0, Sum: 0, Workers: 4
[4442.344s][debug][gc,phases      ] GC(249)     Total                          Min: 0, Avg: 11.2, Max: 45, Diff: 45, Sum: 45, Workers: 4
[4442.344s][debug][gc,phases      ] GC(249)   StringDedup Table Weak         Min:  0.0, Avg:  0.0, Max:  0.0, Diff:  0.0, Sum:  0.0, Workers: 4
[4442.344s][debug][gc,phases      ] GC(249)     Dead                           Min: 0, Avg:  0.0, Max: 0, Diff: 0, Sum: 0, Workers: 4
[4442.344s][debug][gc,phases      ] GC(249)     Total                          Min: 0, Avg:  0.0, Max: 0, Diff: 0, Sum: 0, Workers: 4
[4442.344s][debug][gc,phases      ] GC(249)   StringDedup Requests0 Weak     Min:  0.0, Avg:  0.0, Max:  0.0, Diff:  0.0, Sum:  0.0, Workers: 4
[4442.344s][debug][gc,phases      ] GC(249)     Dead                           Min: 0, Avg:  0.0, Max: 0, Diff: 0, Sum: 0, Workers: 4
[4442.344s][debug][gc,phases      ] GC(249)     Total                          Min: 0, Avg:  0.0, Max: 0, Diff: 0, Sum: 0, Workers: 4
[4442.344s][debug][gc,phases      ] GC(249)   StringDedup Requests1 Weak     Min:  0.0, Avg:  0.0, Max:  0.0, Diff:  0.0, Sum:  0.0, Workers: 4
[4442.344s][debug][gc,phases      ] GC(249)     Dead                           Min: 0, Avg:  0.0, Max: 0, Diff: 0, Sum: 0, Workers: 4
[4442.344s][debug][gc,phases      ] GC(249)     Total                          Min: 0, Avg:  0.0, Max: 0, Diff: 0, Sum: 0, Workers: 4
[4442.344s][debug][gc,phases      ] GC(249)   Weak JFR Old Object Samples    Min:  0.0, Avg:  0.0, Max:  0.0, Diff:  0.0, Sum:  0.0, Workers: 4
[4442.344s][debug][gc,phases      ] GC(249)     Dead                           Min: 0, Avg:  0.0, Max: 0, Diff: 0, Sum: 0, Workers: 4
[4442.344s][debug][gc,phases      ] GC(249)     Total                          Min: 0, Avg:  0.0, Max: 0, Diff: 0, Sum: 0, Workers: 4
[4442.344s][debug][gc,phases      ] GC(249) Weak Processing 0.523ms
[4442.344s][debug][gc,age         ] GC(249) Desired survivor size 221773824 bytes, new threshold 15 (max threshold 15)
[4442.344s][info ][gc,heap        ] GC(249) PSYoungGen: 1786864K(1880064K)->121072K(1787392K) Eden: 1666048K(1666048K)->0K(1666048K) From: 120816K(214016K)->121072K(121344K)
[4442.344s][info ][gc,heap        ] GC(249) ParOldGen: 607594K(870912K)->607594K(870912K)
[4442.344s][info ][gc,metaspace   ] GC(249) Metaspace: 86118K(87168K)->86118K(87168K) NonClass: 74026K(74560K)->74026K(74560K) Class: 12092K(12608K)->12092K(12608K)
[4442.344s][info ][gc             ] GC(249) Pause Young (Allocation Failure) 2338M->711M(2596M) 30.254ms
[4442.344s][info ][gc,cpu         ] GC(249) User=0.11s Sys=0.00s Real=0.03s
[4442.344s][info ][safepoint      ] Safepoint "ParallelGCFailedAllocation", Time since last: 8164980537 ns, Reaching safepoint: 38403 ns, At safepoint: 30336867 ns, Total: 30375270 ns
[4444.344s][info ][safepoint      ] Safepoint "Cleanup", Time since last: 2000160895 ns, Reaching safepoint: 39203 ns, At safepoint: 2800 ns, Total: 42003 ns
[4460.300s][info ][gc,start       ] GC(250) Pause Young (Allocation Failure)
[4460.335s][debug][gc,phases      ] GC(250) Scavenge 34.376ms
[4460.335s][debug][gc,ref         ] GC(250) Skipped phase 1 of Reference Processing: no references
[4460.335s][debug][gc,ref         ] GC(250) ReferenceProcessor::execute queues: 1, RefProcThreadModel::Single, marks_oops_alive: false
[4460.335s][debug][gc,ref         ] GC(250) ReferenceProcessor::execute queues: 4, RefProcThreadModel::Multi, marks_oops_alive: true
[4460.335s][debug][gc,ref         ] GC(250) ReferenceProcessor::execute queues: 1, RefProcThreadModel::Single, marks_oops_alive: false
[4460.335s][debug][gc,phases      ] GC(250) Reference Processing 0.196ms
[4460.335s][debug][gc,phases      ] GC(250)   VM Weak                        Min:  0.0, Avg:  0.0, Max:  0.0, Diff:  0.0, Sum:  0.0, Workers: 4
[4460.335s][debug][gc,phases      ] GC(250)     Dead                           Min: 0, Avg:  0.0, Max: 0, Diff: 0, Sum: 0, Workers: 4
[4460.335s][debug][gc,phases      ] GC(250)     Total                          Min: 0, Avg: 203.2, Max: 514, Diff: 514, Sum: 813, Workers: 4
[4460.335s][debug][gc,phases      ] GC(250)   ObjectSynchronizer Weak        Min:  0.0, Avg:  0.0, Max:  0.0, Diff:  0.0, Sum:  0.0, Workers: 4
[4460.335s][debug][gc,phases      ] GC(250)     Dead                           Min: 0, Avg:  0.0, Max: 0, Diff: 0, Sum: 0, Workers: 4
[4460.335s][debug][gc,phases      ] GC(250)     Total                          Min: 0, Avg: 27.2, Max: 64, Diff: 64, Sum: 109, Workers: 4
[4460.335s][debug][gc,phases      ] GC(250)   JVMTI Tag Weak OopStorage      Min:  0.0, Avg:  0.0, Max:  0.0, Diff:  0.0, Sum:  0.0, Workers: 4
[4460.335s][debug][gc,phases      ] GC(250)     Dead                           Min: 0, Avg:  0.0, Max: 0, Diff: 0, Sum: 0, Workers: 4
[4460.335s][debug][gc,phases      ] GC(250)     Total                          Min: 0, Avg:  0.0, Max: 0, Diff: 0, Sum: 0, Workers: 4
[4460.335s][debug][gc,phases      ] GC(250)   StringTable Weak               Min:  0.0, Avg:  0.1, Max:  0.1, Diff:  0.1, Sum:  0.4, Workers: 4
[4460.335s][debug][gc,phases      ] GC(250)     Dead                           Min: 0, Avg:  0.0, Max: 0, Diff: 0, Sum: 0, Workers: 4
[4460.335s][debug][gc,phases      ] GC(250)     Total                          Min: 0, Avg: 11149.2, Max: 16383, Diff: 16383, Sum: 44597, Workers: 4
[4460.335s][debug][gc,phases      ] GC(250)   ResolvedMethodTable Weak       Min:  0.0, Avg:  0.0, Max:  0.0, Diff:  0.0, Sum:  0.1, Workers: 4
[4460.335s][debug][gc,phases      ] GC(250)     Dead                           Min: 0, Avg:  0.0, Max: 0, Diff: 0, Sum: 0, Workers: 4
[4460.335s][debug][gc,phases      ] GC(250)     Total                          Min: 0, Avg: 2613.2, Max: 3798, Diff: 3798, Sum: 10453, Workers: 4
[4460.335s][debug][gc,phases      ] GC(250)   JNI Weak                       Min:  0.0, Avg:  0.0, Max:  0.0, Diff:  0.0, Sum:  0.0, Workers: 4
[4460.335s][debug][gc,phases      ] GC(250)     Dead                           Min: 0, Avg:  0.0, Max: 0, Diff: 0, Sum: 0, Workers: 4
[4460.335s][debug][gc,phases      ] GC(250)     Total                          Min: 0, Avg: 11.2, Max: 45, Diff: 45, Sum: 45, Workers: 4
[4460.335s][debug][gc,phases      ] GC(250)   StringDedup Table Weak         Min:  0.0, Avg:  0.0, Max:  0.0, Diff:  0.0, Sum:  0.0, Workers: 4
[4460.335s][debug][gc,phases      ] GC(250)     Dead                           Min: 0, Avg:  0.0, Max: 0, Diff: 0, Sum: 0, Workers: 4
[4460.335s][debug][gc,phases      ] GC(250)     Total                          Min: 0, Avg:  0.0, Max: 0, Diff: 0, Sum: 0, Workers: 4
[4460.335s][debug][gc,phases      ] GC(250)   StringDedup Requests0 Weak     Min:  0.0, Avg:  0.0, Max:  0.0, Diff:  0.0, Sum:  0.0, Workers: 4
[4460.335s][debug][gc,phases      ] GC(250)     Dead                           Min: 0, Avg:  0.0, Max: 0, Diff: 0, Sum: 0, Workers: 4
[4460.335s][debug][gc,phases      ] GC(250)     Total                          Min: 0, Avg:  0.0, Max: 0, Diff: 0, Sum: 0, Workers: 4
[4460.335s][debug][gc,phases      ] GC(250)   StringDedup Requests1 Weak     Min:  0.0, Avg:  0.0, Max:  0.0, Diff:  0.0, Sum:  0.0, Workers: 4
[4460.335s][debug][gc,phases      ] GC(250)     Dead                           Min: 0, Avg:  0.0, Max: 0, Diff: 0, Sum: 0, Workers: 4
[4460.335s][debug][gc,phases      ] GC(250)     Total                          Min: 0, Avg:  0.0, Max: 0, Diff: 0, Sum: 0, Workers: 4
[4460.335s][debug][gc,phases      ] GC(250)   Weak JFR Old Object Samples    Min:  0.0, Avg:  0.0, Max:  0.0, Diff:  0.0, Sum:  0.0, Workers: 4
[4460.335s][debug][gc,phases      ] GC(250)     Dead                           Min: 0, Avg:  0.0, Max: 0, Diff: 0, Sum: 0, Workers: 4
[4460.335s][debug][gc,phases      ] GC(250)     Total                          Min: 0, Avg:  0.0, Max: 0, Diff: 0, Sum: 0, Workers: 4
[4460.335s][debug][gc,phases      ] GC(250) Weak Processing 0.383ms
[4460.335s][debug][gc,age         ] GC(250) Desired survivor size 221249536 bytes, new threshold 15 (max threshold 15)
[4460.335s][info ][gc,heap        ] GC(250) PSYoungGen: 1787120K(1787392K)->121584K(1881088K) Eden: 1666048K(1666048K)->0K(1664512K) From: 121072K(121344K)->121584K(216576K)
[4460.335s][info ][gc,heap        ] GC(250) ParOldGen: 607594K(870912K)->607602K(870912K)
[4460.335s][info ][gc,metaspace   ] GC(250) Metaspace: 86128K(87168K)->86128K(87168K) NonClass: 74036K(74560K)->74036K(74560K) Class: 12092K(12608K)->12092K(12608K)
[4460.335s][info ][gc             ] GC(250) Pause Young (Allocation Failure) 2338M->712M(2687M) 35.103ms
[4460.335s][info ][gc,cpu         ] GC(250) User=0.11s Sys=0.00s Real=0.03s
[4460.335s][info ][safepoint      ] Safepoint "ParallelGCFailedAllocation", Time since last: 15955901958 ns, Reaching safepoint: 119009 ns, At safepoint: 35191214 ns, Total: 35310223 ns
[4464.336s][info ][safepoint      ] Safepoint "Cleanup", Time since last: 4000302958 ns, Reaching safepoint: 38002 ns, At safepoint: 3100 ns, Total: 41102 ns
[4470.336s][info ][safepoint      ] Safepoint "Cleanup", Time since last: 6000415523 ns, Reaching safepoint: 44803 ns, At safepoint: 4400 ns, Total: 49203 ns
[4471.336s][info ][safepoint      ] Safepoint "Cleanup", Time since last: 1000094538 ns, Reaching safepoint: 49404 ns, At safepoint: 3000 ns, Total: 52404 ns
[4474.336s][info ][safepoint      ] Safepoint "Cleanup", Time since last: 3000209005 ns, Reaching safepoint: 46403 ns, At safepoint: 9301 ns, Total: 55704 ns
[4477.000s][info ][gc,start       ] GC(251) Pause Young (Allocation Failure)
[4477.035s][debug][gc,phases      ] GC(251) Scavenge 35.197ms
[4477.035s][debug][gc,ref         ] GC(251) Skipped phase 1 of Reference Processing: no references
[4477.035s][debug][gc,ref         ] GC(251) ReferenceProcessor::execute queues: 1, RefProcThreadModel::Single, marks_oops_alive: false
[4477.035s][debug][gc,ref         ] GC(251) Skipped phase 3 of Reference Processing: no references
[4477.035s][debug][gc,ref         ] GC(251) ReferenceProcessor::execute queues: 1, RefProcThreadModel::Single, marks_oops_alive: false
[4477.035s][debug][gc,phases      ] GC(251) Reference Processing 0.116ms
[4477.036s][debug][gc,phases      ] GC(251)   VM Weak                        Min:  0.0, Avg:  0.0, Max:  0.0, Diff:  0.0, Sum:  0.0, Workers: 4
[4477.036s][debug][gc,phases      ] GC(251)     Dead                           Min: 0, Avg:  0.0, Max: 0, Diff: 0, Sum: 0, Workers: 4
[4477.036s][debug][gc,phases      ] GC(251)     Total                          Min: 0, Avg: 203.2, Max: 626, Diff: 626, Sum: 813, Workers: 4
[4477.036s][debug][gc,phases      ] GC(251)   ObjectSynchronizer Weak        Min:  0.0, Avg:  0.0, Max:  0.0, Diff:  0.0, Sum:  0.0, Workers: 4
[4477.036s][debug][gc,phases      ] GC(251)     Dead                           Min: 0, Avg:  0.0, Max: 0, Diff: 0, Sum: 0, Workers: 4
[4477.036s][debug][gc,phases      ] GC(251)     Total                          Min: 0, Avg: 27.2, Max: 64, Diff: 64, Sum: 109, Workers: 4
[4477.036s][debug][gc,phases      ] GC(251)   JVMTI Tag Weak OopStorage      Min:  0.0, Avg:  0.0, Max:  0.0, Diff:  0.0, Sum:  0.0, Workers: 4
[4477.036s][debug][gc,phases      ] GC(251)     Dead                           Min: 0, Avg:  0.0, Max: 0, Diff: 0, Sum: 0, Workers: 4
[4477.036s][debug][gc,phases      ] GC(251)     Total                          Min: 0, Avg:  0.0, Max: 0, Diff: 0, Sum: 0, Workers: 4
[4477.036s][debug][gc,phases      ] GC(251)   StringTable Weak               Min:  0.0, Avg:  0.1, Max:  0.2, Diff:  0.2, Sum:  0.5, Workers: 4
[4477.036s][debug][gc,phases      ] GC(251)     Dead                           Min: 0, Avg:  0.0, Max: 0, Diff: 0, Sum: 0, Workers: 4
[4477.036s][debug][gc,phases      ] GC(251)     Total                          Min: 0, Avg: 11149.2, Max: 15807, Diff: 15807, Sum: 44597, Workers: 4
[4477.036s][debug][gc,phases      ] GC(251)   ResolvedMethodTable Weak       Min:  0.0, Avg:  0.0, Max:  0.0, Diff:  0.0, Sum:  0.1, Workers: 4
[4477.036s][debug][gc,phases      ] GC(251)     Dead                           Min: 0, Avg:  0.0, Max: 0, Diff: 0, Sum: 0, Workers: 4
[4477.036s][debug][gc,phases      ] GC(251)     Total                          Min: 0, Avg: 2613.2, Max: 3584, Diff: 3584, Sum: 10453, Workers: 4
[4477.036s][debug][gc,phases      ] GC(251)   JNI Weak                       Min:  0.0, Avg:  0.0, Max:  0.0, Diff:  0.0, Sum:  0.0, Workers: 4
[4477.036s][debug][gc,phases      ] GC(251)     Dead                           Min: 0, Avg:  0.0, Max: 0, Diff: 0, Sum: 0, Workers: 4
[4477.036s][debug][gc,phases      ] GC(251)     Total                          Min: 0, Avg: 11.2, Max: 45, Diff: 45, Sum: 45, Workers: 4
[4477.036s][debug][gc,phases      ] GC(251)   StringDedup Table Weak         Min:  0.0, Avg:  0.0, Max:  0.0, Diff:  0.0, Sum:  0.0, Workers: 4
[4477.036s][debug][gc,phases      ] GC(251)     Dead                           Min: 0, Avg:  0.0, Max: 0, Diff: 0, Sum: 0, Workers: 4
[4477.036s][debug][gc,phases      ] GC(251)     Total                          Min: 0, Avg:  0.0, Max: 0, Diff: 0, Sum: 0, Workers: 4
[4477.036s][debug][gc,phases      ] GC(251)   StringDedup Requests0 Weak     Min:  0.0, Avg:  0.0, Max:  0.0, Diff:  0.0, Sum:  0.0, Workers: 4
[4477.036s][debug][gc,phases      ] GC(251)     Dead                           Min: 0, Avg:  0.0, Max: 0, Diff: 0, Sum: 0, Workers: 4
[4477.036s][debug][gc,phases      ] GC(251)     Total                          Min: 0, Avg:  0.0, Max: 0, Diff: 0, Sum: 0, Workers: 4
[4477.036s][debug][gc,phases      ] GC(251)   StringDedup Requests1 Weak     Min:  0.0, Avg:  0.0, Max:  0.0, Diff:  0.0, Sum:  0.0, Workers: 4
[4477.036s][debug][gc,phases      ] GC(251)     Dead                           Min: 0, Avg:  0.0, Max: 0, Diff: 0, Sum: 0, Workers: 4
[4477.036s][debug][gc,phases      ] GC(251)     Total                          Min: 0, Avg:  0.0, Max: 0, Diff: 0, Sum: 0, Workers: 4
[4477.036s][debug][gc,phases      ] GC(251)   Weak JFR Old Object Samples    Min:  0.0, Avg:  0.0, Max:  0.0, Diff:  0.0, Sum:  0.0, Workers: 4
[4477.036s][debug][gc,phases      ] GC(251)     Dead                           Min: 0, Avg:  0.0, Max: 0, Diff: 0, Sum: 0, Workers: 4
[4477.036s][debug][gc,phases      ] GC(251)     Total                          Min: 0, Avg:  0.0, Max: 0, Diff: 0, Sum: 0, Workers: 4
[4477.036s][debug][gc,phases      ] GC(251) Weak Processing 0.392ms
[4477.036s][debug][gc,age         ] GC(251) Desired survivor size 220725248 bytes, new threshold 15 (max threshold 15)
[4477.036s][info ][gc,heap        ] GC(251) PSYoungGen: 1786096K(1881088K)->122160K(1880576K) Eden: 1664512K(1664512K)->0K(1664512K) From: 121584K(216576K)->122160K(216064K)
[4477.036s][info ][gc,heap        ] GC(251) ParOldGen: 607602K(870912K)->607602K(870912K)
[4477.036s][info ][gc,metaspace   ] GC(251) Metaspace: 86132K(87168K)->86132K(87168K) NonClass: 74040K(74560K)->74040K(74560K) Class: 12092K(12608K)->12092K(12608K)
[4477.036s][info ][gc             ] GC(251) Pause Young (Allocation Failure) 2337M->712M(2687M) 35.849ms
[4477.036s][info ][gc,cpu         ] GC(251) User=0.11s Sys=0.00s Real=0.03s
[4477.036s][info ][safepoint      ] Safepoint "ParallelGCFailedAllocation", Time since last: 2663332239 ns, Reaching safepoint: 118108 ns, At safepoint: 35938167 ns, Total: 36056275 ns
[4478.036s][info ][safepoint      ] Safepoint "Cleanup", Time since last: 1000084934 ns, Reaching safepoint: 49804 ns, At safepoint: 2900 ns, Total: 52704 ns
[4494.147s][info ][gc,start       ] GC(252) Pause Young (Allocation Failure)
[4494.185s][debug][gc,phases      ] GC(252) Scavenge 38.520ms
[4494.186s][debug][gc,ref         ] GC(252) Skipped phase 1 of Reference Processing: no references
[4494.186s][debug][gc,ref         ] GC(252) ReferenceProcessor::execute queues: 1, RefProcThreadModel::Single, marks_oops_alive: false
[4494.186s][debug][gc,ref         ] GC(252) Skipped phase 3 of Reference Processing: no references
[4494.186s][debug][gc,ref         ] GC(252) ReferenceProcessor::execute queues: 1, RefProcThreadModel::Single, marks_oops_alive: false
[4494.186s][debug][gc,phases      ] GC(252) Reference Processing 0.117ms
[4494.186s][debug][gc,phases      ] GC(252)   VM Weak                        Min:  0.0, Avg:  0.0, Max:  0.0, Diff:  0.0, Sum:  0.0, Workers: 4
[4494.186s][debug][gc,phases      ] GC(252)     Dead                           Min: 0, Avg:  0.0, Max: 0, Diff: 0, Sum: 0, Workers: 4
[4494.186s][debug][gc,phases      ] GC(252)     Total                          Min: 0, Avg: 203.2, Max: 685, Diff: 685, Sum: 813, Workers: 4
[4494.186s][debug][gc,phases      ] GC(252)   ObjectSynchronizer Weak        Min:  0.0, Avg:  0.0, Max:  0.0, Diff:  0.0, Sum:  0.0, Workers: 4
[4494.186s][debug][gc,phases      ] GC(252)     Dead                           Min: 0, Avg:  0.0, Max: 0, Diff: 0, Sum: 0, Workers: 4
[4494.186s][debug][gc,phases      ] GC(252)     Total                          Min: 0, Avg: 27.2, Max: 64, Diff: 64, Sum: 109, Workers: 4
[4494.186s][debug][gc,phases      ] GC(252)   JVMTI Tag Weak OopStorage      Min:  0.0, Avg:  0.0, Max:  0.0, Diff:  0.0, Sum:  0.0, Workers: 4
[4494.186s][debug][gc,phases      ] GC(252)     Dead                           Min: 0, Avg:  0.0, Max: 0, Diff: 0, Sum: 0, Workers: 4
[4494.186s][debug][gc,phases      ] GC(252)     Total                          Min: 0, Avg:  0.0, Max: 0, Diff: 0, Sum: 0, Workers: 4
[4494.186s][debug][gc,phases      ] GC(252)   StringTable Weak               Min:  0.0, Avg:  0.1, Max:  0.2, Diff:  0.2, Sum:  0.5, Workers: 4
[4494.186s][debug][gc,phases      ] GC(252)     Dead                           Min: 0, Avg:  0.0, Max: 0, Diff: 0, Sum: 0, Workers: 4
[4494.186s][debug][gc,phases      ] GC(252)     Total                          Min: 0, Avg: 11149.2, Max: 15800, Diff: 15800, Sum: 44597, Workers: 4
[4494.186s][debug][gc,phases      ] GC(252)   ResolvedMethodTable Weak       Min:  0.0, Avg:  0.0, Max:  0.0, Diff:  0.0, Sum:  0.1, Workers: 4
[4494.186s][debug][gc,phases      ] GC(252)     Dead                           Min: 0, Avg:  0.0, Max: 0, Diff: 0, Sum: 0, Workers: 4
[4494.186s][debug][gc,phases      ] GC(252)     Total                          Min: 0, Avg: 2613.2, Max: 3839, Diff: 3839, Sum: 10453, Workers: 4
[4494.186s][debug][gc,phases      ] GC(252)   JNI Weak                       Min:  0.0, Avg:  0.0, Max:  0.0, Diff:  0.0, Sum:  0.0, Workers: 4
[4494.186s][debug][gc,phases      ] GC(252)     Dead                           Min: 0, Avg:  0.0, Max: 0, Diff: 0, Sum: 0, Workers: 4
[4494.186s][debug][gc,phases      ] GC(252)     Total                          Min: 0, Avg: 11.2, Max: 45, Diff: 45, Sum: 45, Workers: 4
[4494.186s][debug][gc,phases      ] GC(252)   StringDedup Table Weak         Min:  0.0, Avg:  0.0, Max:  0.0, Diff:  0.0, Sum:  0.0, Workers: 4
[4494.186s][debug][gc,phases      ] GC(252)     Dead                           Min: 0, Avg:  0.0, Max: 0, Diff: 0, Sum: 0, Workers: 4
[4494.186s][debug][gc,phases      ] GC(252)     Total                          Min: 0, Avg:  0.0, Max: 0, Diff: 0, Sum: 0, Workers: 4
[4494.186s][debug][gc,phases      ] GC(252)   StringDedup Requests0 Weak     Min:  0.0, Avg:  0.0, Max:  0.0, Diff:  0.0, Sum:  0.0, Workers: 4
[4494.186s][debug][gc,phases      ] GC(252)     Dead                           Min: 0, Avg:  0.0, Max: 0, Diff: 0, Sum: 0, Workers: 4
[4494.186s][debug][gc,phases      ] GC(252)     Total                          Min: 0, Avg:  0.0, Max: 0, Diff: 0, Sum: 0, Workers: 4
[4494.186s][debug][gc,phases      ] GC(252)   StringDedup Requests1 Weak     Min:  0.0, Avg:  0.0, Max:  0.0, Diff:  0.0, Sum:  0.0, Workers: 4
[4494.186s][debug][gc,phases      ] GC(252)     Dead                           Min: 0, Avg:  0.0, Max: 0, Diff: 0, Sum: 0, Workers: 4
[4494.186s][debug][gc,phases      ] GC(252)     Total                          Min: 0, Avg:  0.0, Max: 0, Diff: 0, Sum: 0, Workers: 4
[4494.186s][debug][gc,phases      ] GC(252)   Weak JFR Old Object Samples    Min:  0.0, Avg:  0.0, Max:  0.0, Diff:  0.0, Sum:  0.0, Workers: 4
[4494.186s][debug][gc,phases      ] GC(252)     Dead                           Min: 0, Avg:  0.0, Max: 0, Diff: 0, Sum: 0, Workers: 4
[4494.186s][debug][gc,phases      ] GC(252)     Total                          Min: 0, Avg:  0.0, Max: 0, Diff: 0, Sum: 0, Workers: 4
[4494.186s][debug][gc,phases      ] GC(252) Weak Processing 0.403ms
[4494.186s][debug][gc,age         ] GC(252) Desired survivor size 219152384 bytes, new threshold 15 (max threshold 15)
[4494.186s][info ][gc,heap        ] GC(252) PSYoungGen: 1786672K(1880576K)->122464K(1883136K) Eden: 1664512K(1664512K)->0K(1667584K) From: 122160K(216064K)->122464K(215552K)
[4494.186s][info ][gc,heap        ] GC(252) ParOldGen: 607602K(870912K)->607602K(870912K)
[4494.186s][info ][gc,metaspace   ] GC(252) Metaspace: 86132K(87168K)->86132K(87168K) NonClass: 74040K(74560K)->74040K(74560K) Class: 12092K(12608K)->12092K(12608K)
[4494.186s][info ][gc             ] GC(252) Pause Young (Allocation Failure) 2338M->712M(2689M) 39.184ms
[4494.186s][info ][gc,cpu         ] GC(252) User=0.12s Sys=0.00s Real=0.04s
[4494.186s][info ][safepoint      ] Safepoint "ParallelGCFailedAllocation", Time since last: 16110754911 ns, Reaching safepoint: 37102 ns, At safepoint: 39305708 ns, Total: 39342810 ns
[4506.187s][info ][safepoint      ] Safepoint "Cleanup", Time since last: 12000792694 ns, Reaching safepoint: 57404 ns, At safepoint: 4400 ns, Total: 61804 ns
[4510.187s][info ][safepoint      ] Safepoint "Cleanup", Time since last: 4000307690 ns, Reaching safepoint: 46003 ns, At safepoint: 4300 ns, Total: 50303 ns
[4513.317s][info ][gc,start       ] GC(253) Pause Young (Allocation Failure)
[4513.348s][debug][gc,phases      ] GC(253) Scavenge 31.366ms
[4513.348s][debug][gc,ref         ] GC(253) Skipped phase 1 of Reference Processing: no references
[4513.349s][debug][gc,ref         ] GC(253) ReferenceProcessor::execute queues: 1, RefProcThreadModel::Single, marks_oops_alive: false
[4513.349s][debug][gc,ref         ] GC(253) Skipped phase 3 of Reference Processing: no references
[4513.349s][debug][gc,ref         ] GC(253) ReferenceProcessor::execute queues: 1, RefProcThreadModel::Single, marks_oops_alive: false
[4513.349s][debug][gc,phases      ] GC(253) Reference Processing 0.103ms
[4513.349s][debug][gc,phases      ] GC(253)   VM Weak                        Min:  0.0, Avg:  0.0, Max:  0.0, Diff:  0.0, Sum:  0.0, Workers: 4
[4513.349s][debug][gc,phases      ] GC(253)     Dead                           Min: 0, Avg:  0.0, Max: 0, Diff: 0, Sum: 0, Workers: 4
[4513.349s][debug][gc,phases      ] GC(253)     Total                          Min: 0, Avg: 203.2, Max: 488, Diff: 488, Sum: 813, Workers: 4
[4513.349s][debug][gc,phases      ] GC(253)   ObjectSynchronizer Weak        Min:  0.0, Avg:  0.0, Max:  0.0, Diff:  0.0, Sum:  0.0, Workers: 4
[4513.349s][debug][gc,phases      ] GC(253)     Dead                           Min: 0, Avg:  0.0, Max: 0, Diff: 0, Sum: 0, Workers: 4
[4513.349s][debug][gc,phases      ] GC(253)     Total                          Min: 0, Avg: 27.2, Max: 64, Diff: 64, Sum: 109, Workers: 4
[4513.349s][debug][gc,phases      ] GC(253)   JVMTI Tag Weak OopStorage      Min:  0.0, Avg:  0.0, Max:  0.0, Diff:  0.0, Sum:  0.0, Workers: 4
[4513.349s][debug][gc,phases      ] GC(253)     Dead                           Min: 0, Avg:  0.0, Max: 0, Diff: 0, Sum: 0, Workers: 4
[4513.349s][debug][gc,phases      ] GC(253)     Total                          Min: 0, Avg:  0.0, Max: 0, Diff: 0, Sum: 0, Workers: 4
[4513.349s][debug][gc,phases      ] GC(253)   StringTable Weak               Min:  0.1, Avg:  0.2, Max:  0.2, Diff:  0.2, Sum:  0.6, Workers: 4
[4513.349s][debug][gc,phases      ] GC(253)     Dead                           Min: 0, Avg:  0.0, Max: 0, Diff: 0, Sum: 0, Workers: 4
[4513.349s][debug][gc,phases      ] GC(253)     Total                          Min: 1023, Avg: 11149.2, Max: 18111, Diff: 17088, Sum: 44597, Workers: 4
[4513.349s][debug][gc,phases      ] GC(253)   ResolvedMethodTable Weak       Min:  0.0, Avg:  0.0, Max:  0.0, Diff:  0.0, Sum:  0.1, Workers: 4
[4513.349s][debug][gc,phases      ] GC(253)     Dead                           Min: 0, Avg:  0.0, Max: 0, Diff: 0, Sum: 0, Workers: 4
[4513.349s][debug][gc,phases      ] GC(253)     Total                          Min: 0, Avg: 2613.2, Max: 3839, Diff: 3839, Sum: 10453, Workers: 4
[4513.349s][debug][gc,phases      ] GC(253)   JNI Weak                       Min:  0.0, Avg:  0.0, Max:  0.0, Diff:  0.0, Sum:  0.0, Workers: 4
[4513.349s][debug][gc,phases      ] GC(253)     Dead                           Min: 0, Avg:  0.0, Max: 0, Diff: 0, Sum: 0, Workers: 4
[4513.349s][debug][gc,phases      ] GC(253)     Total                          Min: 0, Avg: 11.2, Max: 45, Diff: 45, Sum: 45, Workers: 4
[4513.349s][debug][gc,phases      ] GC(253)   StringDedup Table Weak         Min:  0.0, Avg:  0.0, Max:  0.0, Diff:  0.0, Sum:  0.0, Workers: 4
[4513.349s][debug][gc,phases      ] GC(253)     Dead                           Min: 0, Avg:  0.0, Max: 0, Diff: 0, Sum: 0, Workers: 4
[4513.349s][debug][gc,phases      ] GC(253)     Total                          Min: 0, Avg:  0.0, Max: 0, Diff: 0, Sum: 0, Workers: 4
[4513.349s][debug][gc,phases      ] GC(253)   StringDedup Requests0 Weak     Min:  0.0, Avg:  0.0, Max:  0.0, Diff:  0.0, Sum:  0.0, Workers: 4
[4513.349s][debug][gc,phases      ] GC(253)     Dead                           Min: 0, Avg:  0.0, Max: 0, Diff: 0, Sum: 0, Workers: 4
[4513.349s][debug][gc,phases      ] GC(253)     Total                          Min: 0, Avg:  0.0, Max: 0, Diff: 0, Sum: 0, Workers: 4
[4513.349s][debug][gc,phases      ] GC(253)   StringDedup Requests1 Weak     Min:  0.0, Avg:  0.0, Max:  0.0, Diff:  0.0, Sum:  0.0, Workers: 4
[4513.349s][debug][gc,phases      ] GC(253)     Dead                           Min: 0, Avg:  0.0, Max: 0, Diff: 0, Sum: 0, Workers: 4
[4513.349s][debug][gc,phases      ] GC(253)     Total                          Min: 0, Avg:  0.0, Max: 0, Diff: 0, Sum: 0, Workers: 4
[4513.349s][debug][gc,phases      ] GC(253)   Weak JFR Old Object Samples    Min:  0.0, Avg:  0.0, Max:  0.0, Diff:  0.0, Sum:  0.0, Workers: 4
[4513.349s][debug][gc,phases      ] GC(253)     Dead                           Min: 0, Avg:  0.0, Max: 0, Diff: 0, Sum: 0, Workers: 4
[4513.349s][debug][gc,phases      ] GC(253)     Total                          Min: 0, Avg:  0.0, Max: 0, Diff: 0, Sum: 0, Workers: 4
[4513.349s][debug][gc,phases      ] GC(253) Weak Processing 0.423ms
[4513.349s][debug][gc,age         ] GC(253) Desired survivor size 216530944 bytes, new threshold 15 (max threshold 15)
[4513.349s][info ][gc,heap        ] GC(253) PSYoungGen: 1790048K(1883136K)->122560K(1881600K) Eden: 1667584K(1667584K)->0K(1667584K) From: 122464K(215552K)->122560K(214016K)
[4513.349s][info ][gc,heap        ] GC(253) ParOldGen: 607602K(870912K)->607602K(870912K)
[4513.349s][info ][gc,metaspace   ] GC(253) Metaspace: 86133K(87168K)->86133K(87168K) NonClass: 74041K(74560K)->74041K(74560K) Class: 12092K(12608K)->12092K(12608K)
[4513.349s][info ][gc             ] GC(253) Pause Young (Allocation Failure) 2341M->713M(2688M) 32.034ms
[4513.349s][info ][gc,cpu         ] GC(253) User=0.11s Sys=0.01s Real=0.03s
[4513.349s][info ][safepoint      ] Safepoint "ParallelGCFailedAllocation", Time since last: 3129516497 ns, Reaching safepoint: 101707 ns, At safepoint: 32122694 ns, Total: 32224401 ns
[4523.350s][info ][safepoint      ] Safepoint "Cleanup", Time since last: 10000815991 ns, Reaching safepoint: 63705 ns, At safepoint: 16901 ns, Total: 80606 ns
[4525.350s][info ][safepoint      ] Safepoint "Cleanup", Time since last: 2000205037 ns, Reaching safepoint: 112508 ns, At safepoint: 9801 ns, Total: 122309 ns
[4532.797s][info ][gc,start       ] GC(254) Pause Young (Allocation Failure)
[4532.830s][debug][gc,phases      ] GC(254) Scavenge 33.613ms
[4532.830s][debug][gc,ref         ] GC(254) Skipped phase 1 of Reference Processing: no references
[4532.830s][debug][gc,ref         ] GC(254) ReferenceProcessor::execute queues: 1, RefProcThreadModel::Single, marks_oops_alive: false
[4532.830s][debug][gc,ref         ] GC(254) Skipped phase 3 of Reference Processing: no references
[4532.830s][debug][gc,ref         ] GC(254) ReferenceProcessor::execute queues: 1, RefProcThreadModel::Single, marks_oops_alive: false
[4532.830s][debug][gc,phases      ] GC(254) Reference Processing 0.114ms
[4532.831s][debug][gc,phases      ] GC(254)   VM Weak                        Min:  0.0, Avg:  0.0, Max:  0.0, Diff:  0.0, Sum:  0.0, Workers: 4
[4532.831s][debug][gc,phases      ] GC(254)     Dead                           Min: 0, Avg:  0.0, Max: 0, Diff: 0, Sum: 0, Workers: 4
[4532.831s][debug][gc,phases      ] GC(254)     Total                          Min: 0, Avg: 203.2, Max: 493, Diff: 493, Sum: 813, Workers: 4
[4532.831s][debug][gc,phases      ] GC(254)   ObjectSynchronizer Weak        Min:  0.0, Avg:  0.0, Max:  0.0, Diff:  0.0, Sum:  0.0, Workers: 4
[4532.831s][debug][gc,phases      ] GC(254)     Dead                           Min: 0, Avg:  0.0, Max: 0, Diff: 0, Sum: 0, Workers: 4
[4532.831s][debug][gc,phases      ] GC(254)     Total                          Min: 0, Avg: 27.2, Max: 64, Diff: 64, Sum: 109, Workers: 4
[4532.831s][debug][gc,phases      ] GC(254)   JVMTI Tag Weak OopStorage      Min:  0.0, Avg:  0.0, Max:  0.0, Diff:  0.0, Sum:  0.0, Workers: 4
[4532.831s][debug][gc,phases      ] GC(254)     Dead                           Min: 0, Avg:  0.0, Max: 0, Diff: 0, Sum: 0, Workers: 4
[4532.831s][debug][gc,phases      ] GC(254)     Total                          Min: 0, Avg:  0.0, Max: 0, Diff: 0, Sum: 0, Workers: 4
[4532.831s][debug][gc,phases      ] GC(254)   StringTable Weak               Min:  0.0, Avg:  0.1, Max:  0.2, Diff:  0.2, Sum:  0.4, Workers: 4
[4532.831s][debug][gc,phases      ] GC(254)     Dead                           Min: 0, Avg:  0.0, Max: 0, Diff: 0, Sum: 0, Workers: 4
[4532.831s][debug][gc,phases      ] GC(254)     Total                          Min: 0, Avg: 11149.5, Max: 15032, Diff: 15032, Sum: 44598, Workers: 4
[4532.831s][debug][gc,phases      ] GC(254)   ResolvedMethodTable Weak       Min:  0.0, Avg:  0.0, Max:  0.0, Diff:  0.0, Sum:  0.1, Workers: 4
[4532.831s][debug][gc,phases      ] GC(254)     Dead                           Min: 0, Avg:  0.0, Max: 0, Diff: 0, Sum: 0, Workers: 4
[4532.831s][debug][gc,phases      ] GC(254)     Total                          Min: 0, Avg: 2613.2, Max: 3776, Diff: 3776, Sum: 10453, Workers: 4
[4532.831s][debug][gc,phases      ] GC(254)   JNI Weak                       Min:  0.0, Avg:  0.0, Max:  0.0, Diff:  0.0, Sum:  0.0, Workers: 4
[4532.831s][debug][gc,phases      ] GC(254)     Dead                           Min: 0, Avg:  0.0, Max: 0, Diff: 0, Sum: 0, Workers: 4
[4532.831s][debug][gc,phases      ] GC(254)     Total                          Min: 0, Avg: 11.2, Max: 45, Diff: 45, Sum: 45, Workers: 4
[4532.831s][debug][gc,phases      ] GC(254)   StringDedup Table Weak         Min:  0.0, Avg:  0.0, Max:  0.0, Diff:  0.0, Sum:  0.0, Workers: 4
[4532.831s][debug][gc,phases      ] GC(254)     Dead                           Min: 0, Avg:  0.0, Max: 0, Diff: 0, Sum: 0, Workers: 4
[4532.831s][debug][gc,phases      ] GC(254)     Total                          Min: 0, Avg:  0.0, Max: 0, Diff: 0, Sum: 0, Workers: 4
[4532.831s][debug][gc,phases      ] GC(254)   StringDedup Requests0 Weak     Min:  0.0, Avg:  0.0, Max:  0.0, Diff:  0.0, Sum:  0.0, Workers: 4
[4532.831s][debug][gc,phases      ] GC(254)     Dead                           Min: 0, Avg:  0.0, Max: 0, Diff: 0, Sum: 0, Workers: 4
[4532.831s][debug][gc,phases      ] GC(254)     Total                          Min: 0, Avg:  0.0, Max: 0, Diff: 0, Sum: 0, Workers: 4
[4532.831s][debug][gc,phases      ] GC(254)   StringDedup Requests1 Weak     Min:  0.0, Avg:  0.0, Max:  0.0, Diff:  0.0, Sum:  0.0, Workers: 4
[4532.831s][debug][gc,phases      ] GC(254)     Dead                           Min: 0, Avg:  0.0, Max: 0, Diff: 0, Sum: 0, Workers: 4
[4532.831s][debug][gc,phases      ] GC(254)     Total                          Min: 0, Avg:  0.0, Max: 0, Diff: 0, Sum: 0, Workers: 4
[4532.831s][debug][gc,phases      ] GC(254)   Weak JFR Old Object Samples    Min:  0.0, Avg:  0.0, Max:  0.0, Diff:  0.0, Sum:  0.0, Workers: 4
[4532.831s][debug][gc,phases      ] GC(254)     Dead                           Min: 0, Avg:  0.0, Max: 0, Diff: 0, Sum: 0, Workers: 4
[4532.831s][debug][gc,phases      ] GC(254)     Total                          Min: 0, Avg:  0.0, Max: 0, Diff: 0, Sum: 0, Workers: 4
[4532.831s][debug][gc,phases      ] GC(254) Weak Processing 0.388ms
[4532.831s][debug][gc,age         ] GC(254) Desired survivor size 213909504 bytes, new threshold 15 (max threshold 15)
[4532.831s][info ][gc,heap        ] GC(254) PSYoungGen: 1790144K(1881600K)->122576K(1888256K) Eden: 1667584K(1667584K)->0K(1676800K) From: 122560K(214016K)->122576K(211456K)
[4532.831s][info ][gc,heap        ] GC(254) ParOldGen: 607602K(870912K)->607602K(870912K)
[4532.831s][info ][gc,metaspace   ] GC(254) Metaspace: 86135K(87168K)->86135K(87168K) NonClass: 74043K(74560K)->74043K(74560K) Class: 12092K(12608K)->12092K(12608K)
[4532.831s][info ][gc             ] GC(254) Pause Young (Allocation Failure) 2341M->713M(2694M) 34.266ms
[4532.831s][info ][gc,cpu         ] GC(254) User=0.12s Sys=0.00s Real=0.04s
[4532.831s][info ][safepoint      ] Safepoint "ParallelGCFailedAllocation", Time since last: 7446199530 ns, Reaching safepoint: 48803 ns, At safepoint: 34365154 ns, Total: 34413957 ns
[4537.831s][info ][safepoint      ] Safepoint "Cleanup", Time since last: 5000342362 ns, Reaching safepoint: 45503 ns, At safepoint: 3201 ns, Total: 48704 ns
[4542.832s][info ][safepoint      ] Safepoint "Cleanup", Time since last: 5000361454 ns, Reaching safepoint: 43303 ns, At safepoint: 3300 ns, Total: 46603 ns
[4551.726s][info ][safepoint      ] Safepoint "ParallelGCFailedAllocation", Time since last: 8894623807 ns, Reaching safepoint: 23302 ns, At safepoint: 33502 ns, Total: 56804 ns
[4551.727s][info ][gc,start       ] GC(255) Pause Young (GCLocker Initiated GC)
[4551.761s][debug][gc,phases      ] GC(255) Scavenge 34.370ms
[4551.761s][debug][gc,ref         ] GC(255) Skipped phase 1 of Reference Processing: no references
[4551.761s][debug][gc,ref         ] GC(255) ReferenceProcessor::execute queues: 1, RefProcThreadModel::Single, marks_oops_alive: false
[4551.761s][debug][gc,ref         ] GC(255) Skipped phase 3 of Reference Processing: no references
[4551.761s][debug][gc,ref         ] GC(255) ReferenceProcessor::execute queues: 1, RefProcThreadModel::Single, marks_oops_alive: false
[4551.761s][debug][gc,phases      ] GC(255) Reference Processing 0.108ms
[4551.762s][debug][gc,phases      ] GC(255)   VM Weak                        Min:  0.0, Avg:  0.0, Max:  0.0, Diff:  0.0, Sum:  0.0, Workers: 4
[4551.762s][debug][gc,phases      ] GC(255)     Dead                           Min: 0, Avg:  0.0, Max: 0, Diff: 0, Sum: 0, Workers: 4
[4551.762s][debug][gc,phases      ] GC(255)     Total                          Min: 0, Avg: 203.2, Max: 450, Diff: 450, Sum: 813, Workers: 4
[4551.762s][debug][gc,phases      ] GC(255)   ObjectSynchronizer Weak        Min:  0.0, Avg:  0.0, Max:  0.0, Diff:  0.0, Sum:  0.0, Workers: 4
[4551.762s][debug][gc,phases      ] GC(255)     Dead                           Min: 0, Avg:  0.0, Max: 0, Diff: 0, Sum: 0, Workers: 4
[4551.762s][debug][gc,phases      ] GC(255)     Total                          Min: 0, Avg: 27.2, Max: 64, Diff: 64, Sum: 109, Workers: 4
[4551.762s][debug][gc,phases      ] GC(255)   JVMTI Tag Weak OopStorage      Min:  0.0, Avg:  0.0, Max:  0.0, Diff:  0.0, Sum:  0.0, Workers: 4
[4551.762s][debug][gc,phases      ] GC(255)     Dead                           Min: 0, Avg:  0.0, Max: 0, Diff: 0, Sum: 0, Workers: 4
[4551.762s][debug][gc,phases      ] GC(255)     Total                          Min: 0, Avg:  0.0, Max: 0, Diff: 0, Sum: 0, Workers: 4
[4551.762s][debug][gc,phases      ] GC(255)   StringTable Weak               Min:  0.1, Avg:  0.1, Max:  0.1, Diff:  0.0, Sum:  0.5, Workers: 4
[4551.762s][debug][gc,phases      ] GC(255)     Dead                           Min: 0, Avg:  0.0, Max: 0, Diff: 0, Sum: 0, Workers: 4
[4551.762s][debug][gc,phases      ] GC(255)     Total                          Min: 9855, Avg: 11149.5, Max: 11904, Diff: 2049, Sum: 44598, Workers: 4
[4551.762s][debug][gc,phases      ] GC(255)   ResolvedMethodTable Weak       Min:  0.0, Avg:  0.0, Max:  0.0, Diff:  0.0, Sum:  0.1, Workers: 4
[4551.762s][debug][gc,phases      ] GC(255)     Dead                           Min: 0, Avg:  0.0, Max: 0, Diff: 0, Sum: 0, Workers: 4
[4551.762s][debug][gc,phases      ] GC(255)     Total                          Min: 2367, Avg: 2613.2, Max: 2838, Diff: 471, Sum: 10453, Workers: 4
[4551.762s][debug][gc,phases      ] GC(255)   JNI Weak                       Min:  0.0, Avg:  0.0, Max:  0.0, Diff:  0.0, Sum:  0.0, Workers: 4
[4551.762s][debug][gc,phases      ] GC(255)     Dead                           Min: 0, Avg:  0.0, Max: 0, Diff: 0, Sum: 0, Workers: 4
[4551.762s][debug][gc,phases      ] GC(255)     Total                          Min: 0, Avg: 11.2, Max: 45, Diff: 45, Sum: 45, Workers: 4
[4551.762s][debug][gc,phases      ] GC(255)   StringDedup Table Weak         Min:  0.0, Avg:  0.0, Max:  0.0, Diff:  0.0, Sum:  0.0, Workers: 4
[4551.762s][debug][gc,phases      ] GC(255)     Dead                           Min: 0, Avg:  0.0, Max: 0, Diff: 0, Sum: 0, Workers: 4
[4551.762s][debug][gc,phases      ] GC(255)     Total                          Min: 0, Avg:  0.0, Max: 0, Diff: 0, Sum: 0, Workers: 4
[4551.762s][debug][gc,phases      ] GC(255)   StringDedup Requests0 Weak     Min:  0.0, Avg:  0.0, Max:  0.0, Diff:  0.0, Sum:  0.0, Workers: 4
[4551.762s][debug][gc,phases      ] GC(255)     Dead                           Min: 0, Avg:  0.0, Max: 0, Diff: 0, Sum: 0, Workers: 4
[4551.762s][debug][gc,phases      ] GC(255)     Total                          Min: 0, Avg:  0.0, Max: 0, Diff: 0, Sum: 0, Workers: 4
[4551.762s][debug][gc,phases      ] GC(255)   StringDedup Requests1 Weak     Min:  0.0, Avg:  0.0, Max:  0.0, Diff:  0.0, Sum:  0.0, Workers: 4
[4551.762s][debug][gc,phases      ] GC(255)     Dead                           Min: 0, Avg:  0.0, Max: 0, Diff: 0, Sum: 0, Workers: 4
[4551.762s][debug][gc,phases      ] GC(255)     Total                          Min: 0, Avg:  0.0, Max: 0, Diff: 0, Sum: 0, Workers: 4
[4551.762s][debug][gc,phases      ] GC(255)   Weak JFR Old Object Samples    Min:  0.0, Avg:  0.0, Max:  0.0, Diff:  0.0, Sum:  0.0, Workers: 4
[4551.762s][debug][gc,phases      ] GC(255)     Dead                           Min: 0, Avg:  0.0, Max: 0, Diff: 0, Sum: 0, Workers: 4
[4551.762s][debug][gc,phases      ] GC(255)     Total                          Min: 0, Avg:  0.0, Max: 0, Diff: 0, Sum: 0, Workers: 4
[4551.762s][debug][gc,phases      ] GC(255) Weak Processing 0.365ms
[4551.762s][debug][gc,age         ] GC(255) Desired survivor size 210763776 bytes, new threshold 15 (max threshold 15)
[4551.762s][info ][gc,heap        ] GC(255) PSYoungGen: 1799376K(1888256K)->122370K(1885696K) Eden: 1676800K(1676800K)->0K(1676800K) From: 122576K(211456K)->122370K(208896K)
[4551.762s][info ][gc,heap        ] GC(255) ParOldGen: 607606K(870912K)->608494K(870912K)
[4551.762s][info ][gc,metaspace   ] GC(255) Metaspace: 86135K(87168K)->86135K(87168K) NonClass: 74043K(74560K)->74043K(74560K) Class: 12092K(12608K)->12092K(12608K)
[4551.762s][info ][gc             ] GC(255) Pause Young (GCLocker Initiated GC) 2350M->713M(2692M) 34.967ms
[4551.762s][info ][gc,cpu         ] GC(255) User=0.11s Sys=0.00s Real=0.04s
[4551.762s][info ][safepoint      ] Safepoint "ParallelGCSystemGC", Time since last: 302422 ns, Reaching safepoint: 60504 ns, At safepoint: 35058203 ns, Total: 35118707 ns
[4552.762s][info ][safepoint      ] Safepoint "Cleanup", Time since last: 1000086108 ns, Reaching safepoint: 119809 ns, At safepoint: 6500 ns, Total: 126309 ns
[4568.763s][info ][safepoint      ] Safepoint "Cleanup", Time since last: 16001065461 ns, Reaching safepoint: 124208 ns, At safepoint: 7501 ns, Total: 131709 ns
[4570.662s][info ][gc,start       ] GC(256) Pause Young (Allocation Failure)
[4570.700s][debug][gc,phases      ] GC(256) Scavenge 37.409ms
[4570.700s][debug][gc,ref         ] GC(256) Skipped phase 1 of Reference Processing: no references
[4570.700s][debug][gc,ref         ] GC(256) ReferenceProcessor::execute queues: 1, RefProcThreadModel::Single, marks_oops_alive: false
[4570.700s][debug][gc,ref         ] GC(256) Skipped phase 3 of Reference Processing: no references
[4570.700s][debug][gc,ref         ] GC(256) ReferenceProcessor::execute queues: 1, RefProcThreadModel::Single, marks_oops_alive: false
[4570.700s][debug][gc,phases      ] GC(256) Reference Processing 0.133ms
[4570.700s][debug][gc,phases      ] GC(256)   VM Weak                        Min:  0.0, Avg:  0.0, Max:  0.0, Diff:  0.0, Sum:  0.0, Workers: 4
[4570.700s][debug][gc,phases      ] GC(256)     Dead                           Min: 0, Avg:  0.0, Max: 0, Diff: 0, Sum: 0, Workers: 4
[4570.700s][debug][gc,phases      ] GC(256)     Total                          Min: 0, Avg: 203.2, Max: 493, Diff: 493, Sum: 813, Workers: 4
[4570.700s][debug][gc,phases      ] GC(256)   ObjectSynchronizer Weak        Min:  0.0, Avg:  0.0, Max:  0.0, Diff:  0.0, Sum:  0.0, Workers: 4
[4570.700s][debug][gc,phases      ] GC(256)     Dead                           Min: 0, Avg:  0.0, Max: 0, Diff: 0, Sum: 0, Workers: 4
[4570.700s][debug][gc,phases      ] GC(256)     Total                          Min: 0, Avg: 27.2, Max: 64, Diff: 64, Sum: 109, Workers: 4
[4570.700s][debug][gc,phases      ] GC(256)   JVMTI Tag Weak OopStorage      Min:  0.0, Avg:  0.0, Max:  0.0, Diff:  0.0, Sum:  0.0, Workers: 4
[4570.700s][debug][gc,phases      ] GC(256)     Dead                           Min: 0, Avg:  0.0, Max: 0, Diff: 0, Sum: 0, Workers: 4
[4570.700s][debug][gc,phases      ] GC(256)     Total                          Min: 0, Avg:  0.0, Max: 0, Diff: 0, Sum: 0, Workers: 4
[4570.700s][debug][gc,phases      ] GC(256)   StringTable Weak               Min:  0.0, Avg:  0.1, Max:  0.2, Diff:  0.2, Sum:  0.5, Workers: 4
[4570.700s][debug][gc,phases      ] GC(256)     Dead                           Min: 0, Avg:  0.0, Max: 0, Diff: 0, Sum: 0, Workers: 4
[4570.700s][debug][gc,phases      ] GC(256)     Total                          Min: 0, Avg: 11149.5, Max: 15864, Diff: 15864, Sum: 44598, Workers: 4
[4570.700s][debug][gc,phases      ] GC(256)   ResolvedMethodTable Weak       Min:  0.0, Avg:  0.0, Max:  0.0, Diff:  0.0, Sum:  0.1, Workers: 4
[4570.700s][debug][gc,phases      ] GC(256)     Dead                           Min: 0, Avg:  0.0, Max: 0, Diff: 0, Sum: 0, Workers: 4
[4570.700s][debug][gc,phases      ] GC(256)     Total                          Min: 0, Avg: 2613.2, Max: 3840, Diff: 3840, Sum: 10453, Workers: 4
[4570.700s][debug][gc,phases      ] GC(256)   JNI Weak                       Min:  0.0, Avg:  0.0, Max:  0.0, Diff:  0.0, Sum:  0.0, Workers: 4
[4570.700s][debug][gc,phases      ] GC(256)     Dead                           Min: 0, Avg:  0.0, Max: 0, Diff: 0, Sum: 0, Workers: 4
[4570.700s][debug][gc,phases      ] GC(256)     Total                          Min: 0, Avg: 11.2, Max: 45, Diff: 45, Sum: 45, Workers: 4
[4570.700s][debug][gc,phases      ] GC(256)   StringDedup Table Weak         Min:  0.0, Avg:  0.0, Max:  0.0, Diff:  0.0, Sum:  0.0, Workers: 4
[4570.700s][debug][gc,phases      ] GC(256)     Dead                           Min: 0, Avg:  0.0, Max: 0, Diff: 0, Sum: 0, Workers: 4
[4570.700s][debug][gc,phases      ] GC(256)     Total                          Min: 0, Avg:  0.0, Max: 0, Diff: 0, Sum: 0, Workers: 4
[4570.700s][debug][gc,phases      ] GC(256)   StringDedup Requests0 Weak     Min:  0.0, Avg:  0.0, Max:  0.0, Diff:  0.0, Sum:  0.0, Workers: 4
[4570.700s][debug][gc,phases      ] GC(256)     Dead                           Min: 0, Avg:  0.0, Max: 0, Diff: 0, Sum: 0, Workers: 4
[4570.700s][debug][gc,phases      ] GC(256)     Total                          Min: 0, Avg:  0.0, Max: 0, Diff: 0, Sum: 0, Workers: 4
[4570.700s][debug][gc,phases      ] GC(256)   StringDedup Requests1 Weak     Min:  0.0, Avg:  0.0, Max:  0.0, Diff:  0.0, Sum:  0.0, Workers: 4
[4570.700s][debug][gc,phases      ] GC(256)     Dead                           Min: 0, Avg:  0.0, Max: 0, Diff: 0, Sum: 0, Workers: 4
[4570.700s][debug][gc,phases      ] GC(256)     Total                          Min: 0, Avg:  0.0, Max: 0, Diff: 0, Sum: 0, Workers: 4
[4570.700s][debug][gc,phases      ] GC(256)   Weak JFR Old Object Samples    Min:  0.0, Avg:  0.0, Max:  0.0, Diff:  0.0, Sum:  0.0, Workers: 4
[4570.700s][debug][gc,phases      ] GC(256)     Dead                           Min: 0, Avg:  0.0, Max: 0, Diff: 0, Sum: 0, Workers: 4
[4570.700s][debug][gc,phases      ] GC(256)     Total                          Min: 0, Avg:  0.0, Max: 0, Diff: 0, Sum: 0, Workers: 4
[4570.700s][debug][gc,phases      ] GC(256) Weak Processing 0.456ms
[4570.700s][debug][gc,age         ] GC(256) Desired survivor size 214433792 bytes, new threshold 15 (max threshold 15)
[4570.700s][info ][gc,heap        ] GC(256) PSYoungGen: 1799170K(1885696K)->23920K(1884160K) Eden: 1676800K(1676800K)->0K(1678336K) From: 122370K(208896K)->23920K(205824K)
[4570.700s][info ][gc,heap        ] GC(256) ParOldGen: 608495K(870912K)->714160K(870912K)
[4570.700s][info ][gc,metaspace   ] GC(256) Metaspace: 86137K(87168K)->86137K(87168K) NonClass: 74044K(74560K)->74044K(74560K) Class: 12092K(12608K)->12092K(12608K)
[4570.700s][info ][gc             ] GC(256) Pause Young (Allocation Failure) 2351M->720M(2690M) 38.165ms
[4570.700s][info ][gc,cpu         ] GC(256) User=0.13s Sys=0.01s Real=0.04s
[4570.700s][info ][safepoint      ] Safepoint "ParallelGCFailedAllocation", Time since last: 1898822569 ns, Reaching safepoint: 61504 ns, At safepoint: 38260232 ns, Total: 38321736 ns
[4576.701s][info ][safepoint      ] Safepoint "Cleanup", Time since last: 6000453501 ns, Reaching safepoint: 102108 ns, At safepoint: 8500 ns, Total: 110608 ns
[4579.701s][info ][safepoint      ] Safepoint "Cleanup", Time since last: 3000209196 ns, Reaching safepoint: 113308 ns, At safepoint: 7100 ns, Total: 120408 ns
[4589.500s][info ][gc,start       ] GC(257) Pause Young (Allocation Failure)
[4589.510s][debug][gc,phases      ] GC(257) Scavenge 9.623ms
[4589.510s][debug][gc,ref         ] GC(257) Skipped phase 1 of Reference Processing: no references
[4589.510s][debug][gc,ref         ] GC(257) ReferenceProcessor::execute queues: 1, RefProcThreadModel::Single, marks_oops_alive: false
[4589.510s][debug][gc,ref         ] GC(257) Skipped phase 3 of Reference Processing: no references
[4589.510s][debug][gc,ref         ] GC(257) ReferenceProcessor::execute queues: 1, RefProcThreadModel::Single, marks_oops_alive: false
[4589.510s][debug][gc,phases      ] GC(257) Reference Processing 0.109ms
[4589.511s][debug][gc,phases      ] GC(257)   VM Weak                        Min:  0.0, Avg:  0.0, Max:  0.0, Diff:  0.0, Sum:  0.0, Workers: 4
[4589.511s][debug][gc,phases      ] GC(257)     Dead                           Min: 0, Avg:  0.0, Max: 0, Diff: 0, Sum: 0, Workers: 4
[4589.511s][debug][gc,phases      ] GC(257)     Total                          Min: 0, Avg: 203.2, Max: 432, Diff: 432, Sum: 813, Workers: 4
[4589.511s][debug][gc,phases      ] GC(257)   ObjectSynchronizer Weak        Min:  0.0, Avg:  0.0, Max:  0.0, Diff:  0.0, Sum:  0.0, Workers: 4
[4589.511s][debug][gc,phases      ] GC(257)     Dead                           Min: 0, Avg:  0.0, Max: 0, Diff: 0, Sum: 0, Workers: 4
[4589.511s][debug][gc,phases      ] GC(257)     Total                          Min: 0, Avg: 27.2, Max: 64, Diff: 64, Sum: 109, Workers: 4
[4589.511s][debug][gc,phases      ] GC(257)   JVMTI Tag Weak OopStorage      Min:  0.0, Avg:  0.0, Max:  0.0, Diff:  0.0, Sum:  0.0, Workers: 4
[4589.511s][debug][gc,phases      ] GC(257)     Dead                           Min: 0, Avg:  0.0, Max: 0, Diff: 0, Sum: 0, Workers: 4
[4589.511s][debug][gc,phases      ] GC(257)     Total                          Min: 0, Avg:  0.0, Max: 0, Diff: 0, Sum: 0, Workers: 4
[4589.511s][debug][gc,phases      ] GC(257)   StringTable Weak               Min:  0.1, Avg:  0.1, Max:  0.1, Diff:  0.0, Sum:  0.4, Workers: 4
[4589.511s][debug][gc,phases      ] GC(257)     Dead                           Min: 0, Avg:  0.0, Max: 0, Diff: 0, Sum: 0, Workers: 4
[4589.511s][debug][gc,phases      ] GC(257)     Total                          Min: 9599, Avg: 11149.5, Max: 11840, Diff: 2241, Sum: 44598, Workers: 4
[4589.511s][debug][gc,phases      ] GC(257)   ResolvedMethodTable Weak       Min:  0.0, Avg:  0.0, Max:  0.0, Diff:  0.0, Sum:  0.1, Workers: 4
[4589.511s][debug][gc,phases      ] GC(257)     Dead                           Min: 0, Avg:  0.0, Max: 0, Diff: 0, Sum: 0, Workers: 4
[4589.511s][debug][gc,phases      ] GC(257)     Total                          Min: 2518, Avg: 2613.2, Max: 2751, Diff: 233, Sum: 10453, Workers: 4
[4589.511s][debug][gc,phases      ] GC(257)   JNI Weak                       Min:  0.0, Avg:  0.0, Max:  0.0, Diff:  0.0, Sum:  0.0, Workers: 4
[4589.511s][debug][gc,phases      ] GC(257)     Dead                           Min: 0, Avg:  0.0, Max: 0, Diff: 0, Sum: 0, Workers: 4
[4589.511s][debug][gc,phases      ] GC(257)     Total                          Min: 0, Avg: 11.2, Max: 45, Diff: 45, Sum: 45, Workers: 4
[4589.511s][debug][gc,phases      ] GC(257)   StringDedup Table Weak         Min:  0.0, Avg:  0.0, Max:  0.0, Diff:  0.0, Sum:  0.0, Workers: 4
[4589.511s][debug][gc,phases      ] GC(257)     Dead                           Min: 0, Avg:  0.0, Max: 0, Diff: 0, Sum: 0, Workers: 4
[4589.511s][debug][gc,phases      ] GC(257)     Total                          Min: 0, Avg:  0.0, Max: 0, Diff: 0, Sum: 0, Workers: 4
[4589.511s][debug][gc,phases      ] GC(257)   StringDedup Requests0 Weak     Min:  0.0, Avg:  0.0, Max:  0.0, Diff:  0.0, Sum:  0.0, Workers: 4
[4589.511s][debug][gc,phases      ] GC(257)     Dead                           Min: 0, Avg:  0.0, Max: 0, Diff: 0, Sum: 0, Workers: 4
[4589.511s][debug][gc,phases      ] GC(257)     Total                          Min: 0, Avg:  0.0, Max: 0, Diff: 0, Sum: 0, Workers: 4
[4589.511s][debug][gc,phases      ] GC(257)   StringDedup Requests1 Weak     Min:  0.0, Avg:  0.0, Max:  0.0, Diff:  0.0, Sum:  0.0, Workers: 4
[4589.511s][debug][gc,phases      ] GC(257)     Dead                           Min: 0, Avg:  0.0, Max: 0, Diff: 0, Sum: 0, Workers: 4
[4589.511s][debug][gc,phases      ] GC(257)     Total                          Min: 0, Avg:  0.0, Max: 0, Diff: 0, Sum: 0, Workers: 4
[4589.511s][debug][gc,phases      ] GC(257)   Weak JFR Old Object Samples    Min:  0.0, Avg:  0.0, Max:  0.0, Diff:  0.0, Sum:  0.0, Workers: 4
[4589.511s][debug][gc,phases      ] GC(257)     Dead                           Min: 0, Avg:  0.0, Max: 0, Diff: 0, Sum: 0, Workers: 4
[4589.511s][debug][gc,phases      ] GC(257)     Total                          Min: 0, Avg:  0.0, Max: 0, Diff: 0, Sum: 0, Workers: 4
[4589.511s][debug][gc,phases      ] GC(257) Weak Processing 0.338ms
[4589.511s][debug][gc,age         ] GC(257) Desired survivor size 217579520 bytes, new threshold 15 (max threshold 15)
[4589.511s][info ][gc,heap        ] GC(257) PSYoungGen: 1702256K(1884160K)->11232K(1689600K) Eden: 1678336K(1678336K)->0K(1678336K) From: 23920K(205824K)->11232K(11264K)
[4589.511s][info ][gc,heap        ] GC(257) ParOldGen: 714160K(870912K)->728032K(870912K)
[4589.511s][info ][gc,metaspace   ] GC(257) Metaspace: 86138K(87168K)->86138K(87168K) NonClass: 74046K(74560K)->74046K(74560K) Class: 12092K(12608K)->12092K(12608K)
[4589.511s][info ][gc             ] GC(257) Pause Young (Allocation Failure) 2359M->721M(2500M) 10.244ms
[4589.511s][info ][gc,cpu         ] GC(257) User=0.03s Sys=0.01s Real=0.01s
[4589.511s][info ][safepoint      ] Safepoint "ParallelGCFailedAllocation", Time since last: 9799113874 ns, Reaching safepoint: 55704 ns, At safepoint: 10355339 ns, Total: 10411043 ns
[4608.547s][info ][gc,start       ] GC(258) Pause Young (Allocation Failure)
[4608.556s][debug][gc,phases      ] GC(258) Scavenge 9.128ms
[4608.556s][debug][gc,ref         ] GC(258) Skipped phase 1 of Reference Processing: no references
[4608.557s][debug][gc,ref         ] GC(258) ReferenceProcessor::execute queues: 1, RefProcThreadModel::Single, marks_oops_alive: false
[4608.557s][debug][gc,ref         ] GC(258) Skipped phase 3 of Reference Processing: no references
[4608.557s][debug][gc,ref         ] GC(258) ReferenceProcessor::execute queues: 1, RefProcThreadModel::Single, marks_oops_alive: false
[4608.557s][debug][gc,phases      ] GC(258) Reference Processing 0.105ms
[4608.557s][debug][gc,phases      ] GC(258)   VM Weak                        Min:  0.0, Avg:  0.0, Max:  0.0, Diff:  0.0, Sum:  0.0, Workers: 4
[4608.557s][debug][gc,phases      ] GC(258)     Dead                           Min: 0, Avg:  0.0, Max: 0, Diff: 0, Sum: 0, Workers: 4
[4608.557s][debug][gc,phases      ] GC(258)     Total                          Min: 0, Avg: 203.2, Max: 562, Diff: 562, Sum: 813, Workers: 4
[4608.557s][debug][gc,phases      ] GC(258)   ObjectSynchronizer Weak        Min:  0.0, Avg:  0.0, Max:  0.0, Diff:  0.0, Sum:  0.0, Workers: 4
[4608.557s][debug][gc,phases      ] GC(258)     Dead                           Min: 0, Avg:  0.0, Max: 0, Diff: 0, Sum: 0, Workers: 4
[4608.557s][debug][gc,phases      ] GC(258)     Total                          Min: 0, Avg: 27.2, Max: 64, Diff: 64, Sum: 109, Workers: 4
[4608.557s][debug][gc,phases      ] GC(258)   JVMTI Tag Weak OopStorage      Min:  0.0, Avg:  0.0, Max:  0.0, Diff:  0.0, Sum:  0.0, Workers: 4
[4608.557s][debug][gc,phases      ] GC(258)     Dead                           Min: 0, Avg:  0.0, Max: 0, Diff: 0, Sum: 0, Workers: 4
[4608.557s][debug][gc,phases      ] GC(258)     Total                          Min: 0, Avg:  0.0, Max: 0, Diff: 0, Sum: 0, Workers: 4
[4608.557s][debug][gc,phases      ] GC(258)   StringTable Weak               Min:  0.1, Avg:  0.1, Max:  0.1, Diff:  0.0, Sum:  0.4, Workers: 4
[4608.557s][debug][gc,phases      ] GC(258)     Dead                           Min: 0, Avg:  0.0, Max: 0, Diff: 0, Sum: 0, Workers: 4
[4608.557s][debug][gc,phases      ] GC(258)     Total                          Min: 10111, Avg: 11149.5, Max: 11968, Diff: 1857, Sum: 44598, Workers: 4
[4608.557s][debug][gc,phases      ] GC(258)   ResolvedMethodTable Weak       Min:  0.0, Avg:  0.0, Max:  0.0, Diff:  0.0, Sum:  0.1, Workers: 4
[4608.557s][debug][gc,phases      ] GC(258)     Dead                           Min: 0, Avg:  0.0, Max: 0, Diff: 0, Sum: 0, Workers: 4
[4608.557s][debug][gc,phases      ] GC(258)     Total                          Min: 2304, Avg: 2613.2, Max: 3136, Diff: 832, Sum: 10453, Workers: 4
[4608.557s][debug][gc,phases      ] GC(258)   JNI Weak                       Min:  0.0, Avg:  0.0, Max:  0.0, Diff:  0.0, Sum:  0.0, Workers: 4
[4608.557s][debug][gc,phases      ] GC(258)     Dead                           Min: 0, Avg:  0.0, Max: 0, Diff: 0, Sum: 0, Workers: 4
[4608.557s][debug][gc,phases      ] GC(258)     Total                          Min: 0, Avg: 11.2, Max: 45, Diff: 45, Sum: 45, Workers: 4
[4608.557s][debug][gc,phases      ] GC(258)   StringDedup Table Weak         Min:  0.0, Avg:  0.0, Max:  0.0, Diff:  0.0, Sum:  0.0, Workers: 4
[4608.557s][debug][gc,phases      ] GC(258)     Dead                           Min: 0, Avg:  0.0, Max: 0, Diff: 0, Sum: 0, Workers: 4
[4608.557s][debug][gc,phases      ] GC(258)     Total                          Min: 0, Avg:  0.0, Max: 0, Diff: 0, Sum: 0, Workers: 4
[4608.557s][debug][gc,phases      ] GC(258)   StringDedup Requests0 Weak     Min:  0.0, Avg:  0.0, Max:  0.0, Diff:  0.0, Sum:  0.0, Workers: 4
[4608.557s][debug][gc,phases      ] GC(258)     Dead                           Min: 0, Avg:  0.0, Max: 0, Diff: 0, Sum: 0, Workers: 4
[4608.557s][debug][gc,phases      ] GC(258)     Total                          Min: 0, Avg:  0.0, Max: 0, Diff: 0, Sum: 0, Workers: 4
[4608.557s][debug][gc,phases      ] GC(258)   StringDedup Requests1 Weak     Min:  0.0, Avg:  0.0, Max:  0.0, Diff:  0.0, Sum:  0.0, Workers: 4
[4608.557s][debug][gc,phases      ] GC(258)     Dead                           Min: 0, Avg:  0.0, Max: 0, Diff: 0, Sum: 0, Workers: 4
[4608.557s][debug][gc,phases      ] GC(258)     Total                          Min: 0, Avg:  0.0, Max: 0, Diff: 0, Sum: 0, Workers: 4
[4608.557s][debug][gc,phases      ] GC(258)   Weak JFR Old Object Samples    Min:  0.0, Avg:  0.0, Max:  0.0, Diff:  0.0, Sum:  0.0, Workers: 4
[4608.557s][debug][gc,phases      ] GC(258)     Dead                           Min: 0, Avg:  0.0, Max: 0, Diff: 0, Sum: 0, Workers: 4
[4608.557s][debug][gc,phases      ] GC(258)     Total                          Min: 0, Avg:  0.0, Max: 0, Diff: 0, Sum: 0, Workers: 4
[4608.557s][debug][gc,phases      ] GC(258) Weak Processing 0.330ms
[4608.557s][debug][gc,age         ] GC(258) Desired survivor size 218103808 bytes, new threshold 15 (max threshold 15)
[4608.557s][info ][gc,heap        ] GC(258) PSYoungGen: 1689568K(1689600K)->10560K(1883648K) Eden: 1678336K(1678336K)->0K(1671168K) From: 11232K(11264K)->10560K(212480K)
[4608.557s][info ][gc,heap        ] GC(258) ParOldGen: 728032K(870912K)->728796K(870912K)
[4608.557s][info ][gc,metaspace   ] GC(258) Metaspace: 86140K(87168K)->86140K(87168K) NonClass: 74048K(74560K)->74048K(74560K) Class: 12092K(12608K)->12092K(12608K)
[4608.557s][info ][gc             ] GC(258) Pause Young (Allocation Failure) 2360M->722M(2690M) 9.701ms
[4608.557s][info ][gc,cpu         ] GC(258) User=0.03s Sys=0.00s Real=0.01s
[4608.557s][info ][safepoint      ] Safepoint "ParallelGCFailedAllocation", Time since last: 19036338349 ns, Reaching safepoint: 104007 ns, At safepoint: 9782899 ns, Total: 9886906 ns
[4619.558s][info ][safepoint      ] Safepoint "Cleanup", Time since last: 11000761964 ns, Reaching safepoint: 121808 ns, At safepoint: 6201 ns, Total: 128009 ns
[4620.558s][info ][safepoint      ] Safepoint "Cleanup", Time since last: 1000122189 ns, Reaching safepoint: 112308 ns, At safepoint: 7701 ns, Total: 120009 ns
[4621.558s][info ][safepoint      ] Safepoint "Cleanup", Time since last: 1000120089 ns, Reaching safepoint: 112508 ns, At safepoint: 7701 ns, Total: 120209 ns
[4622.559s][info ][safepoint      ] Safepoint "Cleanup", Time since last: 1000119589 ns, Reaching safepoint: 121008 ns, At safepoint: 7501 ns, Total: 128509 ns
[4623.559s][info ][safepoint      ] Safepoint "Cleanup", Time since last: 1000117688 ns, Reaching safepoint: 125609 ns, At safepoint: 9101 ns, Total: 134710 ns
[4624.559s][info ][safepoint      ] Safepoint "Cleanup", Time since last: 1000118688 ns, Reaching safepoint: 119409 ns, At safepoint: 8700 ns, Total: 128109 ns
[4625.559s][info ][safepoint      ] Safepoint "Cleanup", Time since last: 1000119588 ns, Reaching safepoint: 121409 ns, At safepoint: 7800 ns, Total: 129209 ns
[4626.560s][info ][safepoint      ] Safepoint "Cleanup", Time since last: 1000112588 ns, Reaching safepoint: 115008 ns, At safepoint: 8601 ns, Total: 123609 ns
[4627.560s][info ][safepoint      ] Safepoint "Cleanup", Time since last: 1000123787 ns, Reaching safepoint: 105508 ns, At safepoint: 4300 ns, Total: 109808 ns
[4627.750s][info ][gc,start       ] GC(259) Pause Young (Allocation Failure)
[4627.759s][debug][gc,phases      ] GC(259) Scavenge 9.131ms
[4627.759s][debug][gc,ref         ] GC(259) Skipped phase 1 of Reference Processing: no references
[4627.759s][debug][gc,ref         ] GC(259) ReferenceProcessor::execute queues: 1, RefProcThreadModel::Single, marks_oops_alive: false
[4627.759s][debug][gc,ref         ] GC(259) Skipped phase 3 of Reference Processing: no references
[4627.759s][debug][gc,ref         ] GC(259) ReferenceProcessor::execute queues: 1, RefProcThreadModel::Single, marks_oops_alive: false
[4627.759s][debug][gc,phases      ] GC(259) Reference Processing 0.113ms
[4627.759s][debug][gc,phases      ] GC(259)   VM Weak                        Min:  0.0, Avg:  0.0, Max:  0.0, Diff:  0.0, Sum:  0.0, Workers: 4
[4627.759s][debug][gc,phases      ] GC(259)     Dead                           Min: 0, Avg:  0.0, Max: 0, Diff: 0, Sum: 0, Workers: 4
[4627.759s][debug][gc,phases      ] GC(259)     Total                          Min: 0, Avg: 204.2, Max: 433, Diff: 433, Sum: 817, Workers: 4
[4627.759s][debug][gc,phases      ] GC(259)   ObjectSynchronizer Weak        Min:  0.0, Avg:  0.0, Max:  0.0, Diff:  0.0, Sum:  0.0, Workers: 4
[4627.759s][debug][gc,phases      ] GC(259)     Dead                           Min: 0, Avg:  0.0, Max: 0, Diff: 0, Sum: 0, Workers: 4
[4627.759s][debug][gc,phases      ] GC(259)     Total                          Min: 0, Avg: 27.2, Max: 64, Diff: 64, Sum: 109, Workers: 4
[4627.759s][debug][gc,phases      ] GC(259)   JVMTI Tag Weak OopStorage      Min:  0.0, Avg:  0.0, Max:  0.0, Diff:  0.0, Sum:  0.0, Workers: 4
[4627.759s][debug][gc,phases      ] GC(259)     Dead                           Min: 0, Avg:  0.0, Max: 0, Diff: 0, Sum: 0, Workers: 4
[4627.759s][debug][gc,phases      ] GC(259)     Total                          Min: 0, Avg:  0.0, Max: 0, Diff: 0, Sum: 0, Workers: 4
[4627.759s][debug][gc,phases      ] GC(259)   StringTable Weak               Min:  0.0, Avg:  0.1, Max:  0.1, Diff:  0.1, Sum:  0.4, Workers: 4
[4627.760s][debug][gc,phases      ] GC(259)     Dead                           Min: 0, Avg:  0.5, Max: 2, Diff: 2, Sum: 2, Workers: 4
[4627.760s][debug][gc,phases      ] GC(259)     Total                          Min: 0, Avg: 11152.2, Max: 16320, Diff: 16320, Sum: 44609, Workers: 4
[4627.760s][debug][gc,phases      ] GC(259)   ResolvedMethodTable Weak       Min:  0.0, Avg:  0.0, Max:  0.0, Diff:  0.0, Sum:  0.1, Workers: 4
[4627.760s][debug][gc,phases      ] GC(259)     Dead                           Min: 0, Avg:  0.0, Max: 0, Diff: 0, Sum: 0, Workers: 4
[4627.760s][debug][gc,phases      ] GC(259)     Total                          Min: 0, Avg: 2621.0, Max: 3902, Diff: 3902, Sum: 10484, Workers: 4
[4627.760s][debug][gc,phases      ] GC(259)   JNI Weak                       Min:  0.0, Avg:  0.0, Max:  0.0, Diff:  0.0, Sum:  0.0, Workers: 4
[4627.760s][debug][gc,phases      ] GC(259)     Dead                           Min: 0, Avg:  0.0, Max: 0, Diff: 0, Sum: 0, Workers: 4
[4627.760s][debug][gc,phases      ] GC(259)     Total                          Min: 0, Avg: 11.2, Max: 45, Diff: 45, Sum: 45, Workers: 4
[4627.760s][debug][gc,phases      ] GC(259)   StringDedup Table Weak         Min:  0.0, Avg:  0.0, Max:  0.0, Diff:  0.0, Sum:  0.0, Workers: 4
[4627.760s][debug][gc,phases      ] GC(259)     Dead                           Min: 0, Avg:  0.0, Max: 0, Diff: 0, Sum: 0, Workers: 4
[4627.760s][debug][gc,phases      ] GC(259)     Total                          Min: 0, Avg:  0.0, Max: 0, Diff: 0, Sum: 0, Workers: 4
[4627.760s][debug][gc,phases      ] GC(259)   StringDedup Requests0 Weak     Min:  0.0, Avg:  0.0, Max:  0.0, Diff:  0.0, Sum:  0.0, Workers: 4
[4627.760s][debug][gc,phases      ] GC(259)     Dead                           Min: 0, Avg:  0.0, Max: 0, Diff: 0, Sum: 0, Workers: 4
[4627.760s][debug][gc,phases      ] GC(259)     Total                          Min: 0, Avg:  0.0, Max: 0, Diff: 0, Sum: 0, Workers: 4
[4627.760s][debug][gc,phases      ] GC(259)   StringDedup Requests1 Weak     Min:  0.0, Avg:  0.0, Max:  0.0, Diff:  0.0, Sum:  0.0, Workers: 4
[4627.760s][debug][gc,phases      ] GC(259)     Dead                           Min: 0, Avg:  0.0, Max: 0, Diff: 0, Sum: 0, Workers: 4
[4627.760s][debug][gc,phases      ] GC(259)     Total                          Min: 0, Avg:  0.0, Max: 0, Diff: 0, Sum: 0, Workers: 4
[4627.760s][debug][gc,phases      ] GC(259)   Weak JFR Old Object Samples    Min:  0.0, Avg:  0.0, Max:  0.0, Diff:  0.0, Sum:  0.0, Workers: 4
[4627.760s][debug][gc,phases      ] GC(259)     Dead                           Min: 0, Avg:  0.0, Max: 0, Diff: 0, Sum: 0, Workers: 4
[4627.760s][debug][gc,phases      ] GC(259)     Total                          Min: 0, Avg:  0.0, Max: 0, Diff: 0, Sum: 0, Workers: 4
[4627.760s][debug][gc,phases      ] GC(259) Weak Processing 0.367ms
[4627.760s][debug][gc,age         ] GC(259) Desired survivor size 216530944 bytes, new threshold 15 (max threshold 15)
[4627.760s][info ][gc,heap        ] GC(259) PSYoungGen: 1681728K(1883648K)->10832K(1884160K) Eden: 1671168K(1671168K)->0K(1671168K) From: 10560K(212480K)->10832K(212992K)
[4627.760s][info ][gc,heap        ] GC(259) ParOldGen: 728796K(870912K)->728884K(870912K)
[4627.760s][info ][gc,metaspace   ] GC(259) Metaspace: 86185K(87232K)->86185K(87232K) NonClass: 74081K(74624K)->74081K(74624K) Class: 12103K(12608K)->12103K(12608K)
[4627.760s][info ][gc             ] GC(259) Pause Young (Allocation Failure) 2354M->722M(2690M) 9.740ms
[4627.760s][info ][gc,cpu         ] GC(259) User=0.02s Sys=0.01s Real=0.02s
[4627.760s][info ][safepoint      ] Safepoint "ParallelGCFailedAllocation", Time since last: 189905655 ns, Reaching safepoint: 104608 ns, At safepoint: 9825301 ns, Total: 9929909 ns
[4628.760s][info ][safepoint      ] Safepoint "Cleanup", Time since last: 1000100386 ns, Reaching safepoint: 116408 ns, At safepoint: 8701 ns, Total: 125109 ns
[4632.760s][info ][safepoint      ] Safepoint "Cleanup", Time since last: 4000302133 ns, Reaching safepoint: 130109 ns, At safepoint: 9501 ns, Total: 139610 ns
[4638.761s][info ][safepoint      ] Safepoint "Cleanup", Time since last: 6000378186 ns, Reaching safepoint: 36602 ns, At safepoint: 3101 ns, Total: 39703 ns
[4642.761s][info ][safepoint      ] Safepoint "Cleanup", Time since last: 4000260619 ns, Reaching safepoint: 56804 ns, At safepoint: 6400 ns, Total: 63204 ns
[4648.200s][info ][gc,start       ] GC(260) Pause Young (Allocation Failure)
[4648.209s][debug][gc,phases      ] GC(260) Scavenge 8.913ms
[4648.209s][debug][gc,ref         ] GC(260) Skipped phase 1 of Reference Processing: no references
[4648.210s][debug][gc,ref         ] GC(260) ReferenceProcessor::execute queues: 1, RefProcThreadModel::Single, marks_oops_alive: false
[4648.210s][debug][gc,ref         ] GC(260) ReferenceProcessor::execute queues: 4, RefProcThreadModel::Multi, marks_oops_alive: true
[4648.210s][debug][gc,ref         ] GC(260) ReferenceProcessor::execute queues: 1, RefProcThreadModel::Single, marks_oops_alive: false
[4648.210s][debug][gc,phases      ] GC(260) Reference Processing 0.212ms
[4648.210s][debug][gc,phases      ] GC(260)   VM Weak                        Min:  0.0, Avg:  0.0, Max:  0.0, Diff:  0.0, Sum:  0.0, Workers: 4
[4648.210s][debug][gc,phases      ] GC(260)     Dead                           Min: 0, Avg:  0.0, Max: 0, Diff: 0, Sum: 0, Workers: 4
[4648.210s][debug][gc,phases      ] GC(260)     Total                          Min: 128, Avg: 204.2, Max: 321, Diff: 193, Sum: 817, Workers: 4
[4648.210s][debug][gc,phases      ] GC(260)   ObjectSynchronizer Weak        Min:  0.0, Avg:  0.0, Max:  0.0, Diff:  0.0, Sum:  0.0, Workers: 4
[4648.210s][debug][gc,phases      ] GC(260)     Dead                           Min: 0, Avg:  0.0, Max: 0, Diff: 0, Sum: 0, Workers: 4
[4648.210s][debug][gc,phases      ] GC(260)     Total                          Min: 0, Avg: 27.2, Max: 64, Diff: 64, Sum: 109, Workers: 4
[4648.210s][debug][gc,phases      ] GC(260)   JVMTI Tag Weak OopStorage      Min:  0.0, Avg:  0.0, Max:  0.0, Diff:  0.0, Sum:  0.0, Workers: 4
[4648.210s][debug][gc,phases      ] GC(260)     Dead                           Min: 0, Avg:  0.0, Max: 0, Diff: 0, Sum: 0, Workers: 4
[4648.210s][debug][gc,phases      ] GC(260)     Total                          Min: 0, Avg:  0.0, Max: 0, Diff: 0, Sum: 0, Workers: 4
[4648.210s][debug][gc,phases      ] GC(260)   StringTable Weak               Min:  0.1, Avg:  0.1, Max:  0.1, Diff:  0.0, Sum:  0.5, Workers: 4
[4648.210s][debug][gc,phases      ] GC(260)     Dead                           Min: 0, Avg:  0.0, Max: 0, Diff: 0, Sum: 0, Workers: 4
[4648.210s][debug][gc,phases      ] GC(260)     Total                          Min: 10752, Avg: 11152.2, Max: 12160, Diff: 1408, Sum: 44609, Workers: 4
[4648.210s][debug][gc,phases      ] GC(260)   ResolvedMethodTable Weak       Min:  0.0, Avg:  0.0, Max:  0.0, Diff:  0.0, Sum:  0.1, Workers: 4
[4648.210s][debug][gc,phases      ] GC(260)     Dead                           Min: 0, Avg:  0.0, Max: 0, Diff: 0, Sum: 0, Workers: 4
[4648.210s][debug][gc,phases      ] GC(260)     Total                          Min: 2559, Avg: 2621.0, Max: 2688, Diff: 129, Sum: 10484, Workers: 4
[4648.210s][debug][gc,phases      ] GC(260)   JNI Weak                       Min:  0.0, Avg:  0.0, Max:  0.0, Diff:  0.0, Sum:  0.0, Workers: 4
[4648.210s][debug][gc,phases      ] GC(260)     Dead                           Min: 0, Avg:  0.0, Max: 0, Diff: 0, Sum: 0, Workers: 4
[4648.210s][debug][gc,phases      ] GC(260)     Total                          Min: 0, Avg: 11.2, Max: 45, Diff: 45, Sum: 45, Workers: 4
[4648.210s][debug][gc,phases      ] GC(260)   StringDedup Table Weak         Min:  0.0, Avg:  0.0, Max:  0.0, Diff:  0.0, Sum:  0.0, Workers: 4
[4648.210s][debug][gc,phases      ] GC(260)     Dead                           Min: 0, Avg:  0.0, Max: 0, Diff: 0, Sum: 0, Workers: 4
[4648.210s][debug][gc,phases      ] GC(260)     Total                          Min: 0, Avg:  0.0, Max: 0, Diff: 0, Sum: 0, Workers: 4
[4648.210s][debug][gc,phases      ] GC(260)   StringDedup Requests0 Weak     Min:  0.0, Avg:  0.0, Max:  0.0, Diff:  0.0, Sum:  0.0, Workers: 4
[4648.210s][debug][gc,phases      ] GC(260)     Dead                           Min: 0, Avg:  0.0, Max: 0, Diff: 0, Sum: 0, Workers: 4
[4648.210s][debug][gc,phases      ] GC(260)     Total                          Min: 0, Avg:  0.0, Max: 0, Diff: 0, Sum: 0, Workers: 4
[4648.210s][debug][gc,phases      ] GC(260)   StringDedup Requests1 Weak     Min:  0.0, Avg:  0.0, Max:  0.0, Diff:  0.0, Sum:  0.0, Workers: 4
[4648.210s][debug][gc,phases      ] GC(260)     Dead                           Min: 0, Avg:  0.0, Max: 0, Diff: 0, Sum: 0, Workers: 4
[4648.210s][debug][gc,phases      ] GC(260)     Total                          Min: 0, Avg:  0.0, Max: 0, Diff: 0, Sum: 0, Workers: 4
[4648.210s][debug][gc,phases      ] GC(260)   Weak JFR Old Object Samples    Min:  0.0, Avg:  0.0, Max:  0.0, Diff:  0.0, Sum:  0.0, Workers: 4
[4648.210s][debug][gc,phases      ] GC(260)     Dead                           Min: 0, Avg:  0.0, Max: 0, Diff: 0, Sum: 0, Workers: 4
[4648.210s][debug][gc,phases      ] GC(260)     Total                          Min: 0, Avg:  0.0, Max: 0, Diff: 0, Sum: 0, Workers: 4
[4648.210s][debug][gc,phases      ] GC(260) Weak Processing 0.349ms
[4648.210s][debug][gc,age         ] GC(260) Desired survivor size 213385216 bytes, new threshold 15 (max threshold 15)
[4648.210s][info ][gc,heap        ] GC(260) PSYoungGen: 1682000K(1884160K)->9264K(1888768K) Eden: 1671168K(1671168K)->0K(1677312K) From: 10832K(212992K)->9264K(211456K)
[4648.210s][info ][gc,heap        ] GC(260) ParOldGen: 728884K(870912K)->730844K(870912K)
[4648.210s][info ][gc,metaspace   ] GC(260) Metaspace: 86196K(87232K)->86196K(87232K) NonClass: 74092K(74624K)->74092K(74624K) Class: 12103K(12608K)->12103K(12608K)
[4648.210s][info ][gc             ] GC(260) Pause Young (Allocation Failure) 2354M->722M(2695M) 9.624ms
[4648.210s][info ][gc,cpu         ] GC(260) User=0.02s Sys=0.01s Real=0.00s
[4648.210s][info ][safepoint      ] Safepoint "ParallelGCFailedAllocation", Time since last: 5439211817 ns, Reaching safepoint: 120909 ns, At safepoint: 9717993 ns, Total: 9838902 ns
[4652.211s][info ][safepoint      ] Safepoint "Cleanup", Time since last: 4000259409 ns, Reaching safepoint: 131509 ns, At safepoint: 15902 ns, Total: 147411 ns
[4653.044s][info ][gc,start       ] GC(261) Pause Young (Allocation Failure)
[4653.086s][debug][gc,phases      ] GC(261) Scavenge 41.777ms
[4653.086s][debug][gc,ref         ] GC(261) Skipped phase 1 of Reference Processing: no references
[4653.086s][debug][gc,ref         ] GC(261) ReferenceProcessor::execute queues: 1, RefProcThreadModel::Single, marks_oops_alive: false
[4653.086s][debug][gc,ref         ] GC(261) ReferenceProcessor::execute queues: 4, RefProcThreadModel::Multi, marks_oops_alive: true
[4653.086s][debug][gc,ref         ] GC(261) ReferenceProcessor::execute queues: 1, RefProcThreadModel::Single, marks_oops_alive: false
[4653.086s][debug][gc,phases      ] GC(261) Reference Processing 0.237ms
[4653.087s][debug][gc,phases      ] GC(261)   VM Weak                        Min:  0.0, Avg:  0.0, Max:  0.0, Diff:  0.0, Sum:  0.0, Workers: 4
[4653.087s][debug][gc,phases      ] GC(261)     Dead                           Min: 0, Avg:  0.0, Max: 0, Diff: 0, Sum: 0, Workers: 4
[4653.087s][debug][gc,phases      ] GC(261)     Total                          Min: 0, Avg: 204.2, Max: 689, Diff: 689, Sum: 817, Workers: 4
[4653.087s][debug][gc,phases      ] GC(261)   ObjectSynchronizer Weak        Min:  0.0, Avg:  0.0, Max:  0.0, Diff:  0.0, Sum:  0.0, Workers: 4
[4653.087s][debug][gc,phases      ] GC(261)     Dead                           Min: 0, Avg:  0.0, Max: 0, Diff: 0, Sum: 0, Workers: 4
[4653.087s][debug][gc,phases      ] GC(261)     Total                          Min: 0, Avg: 27.2, Max: 64, Diff: 64, Sum: 109, Workers: 4
[4653.087s][debug][gc,phases      ] GC(261)   JVMTI Tag Weak OopStorage      Min:  0.0, Avg:  0.0, Max:  0.0, Diff:  0.0, Sum:  0.0, Workers: 4
[4653.087s][debug][gc,phases      ] GC(261)     Dead                           Min: 0, Avg:  0.0, Max: 0, Diff: 0, Sum: 0, Workers: 4
[4653.087s][debug][gc,phases      ] GC(261)     Total                          Min: 0, Avg:  0.0, Max: 0, Diff: 0, Sum: 0, Workers: 4
[4653.087s][debug][gc,phases      ] GC(261)   StringTable Weak               Min:  0.0, Avg:  0.1, Max:  0.2, Diff:  0.2, Sum:  0.5, Workers: 4
[4653.087s][debug][gc,phases      ] GC(261)     Dead                           Min: 0, Avg:  0.0, Max: 0, Diff: 0, Sum: 0, Workers: 4
[4653.087s][debug][gc,phases      ] GC(261)     Total                          Min: 0, Avg: 11152.2, Max: 16512, Diff: 16512, Sum: 44609, Workers: 4
[4653.087s][debug][gc,phases      ] GC(261)   ResolvedMethodTable Weak       Min:  0.0, Avg:  0.0, Max:  0.0, Diff:  0.0, Sum:  0.1, Workers: 4
[4653.087s][debug][gc,phases      ] GC(261)     Dead                           Min: 0, Avg:  0.0, Max: 0, Diff: 0, Sum: 0, Workers: 4
[4653.087s][debug][gc,phases      ] GC(261)     Total                          Min: 0, Avg: 2621.0, Max: 3966, Diff: 3966, Sum: 10484, Workers: 4
[4653.087s][debug][gc,phases      ] GC(261)   JNI Weak                       Min:  0.0, Avg:  0.0, Max:  0.0, Diff:  0.0, Sum:  0.0, Workers: 4
[4653.087s][debug][gc,phases      ] GC(261)     Dead                           Min: 0, Avg:  0.0, Max: 0, Diff: 0, Sum: 0, Workers: 4
[4653.087s][debug][gc,phases      ] GC(261)     Total                          Min: 0, Avg: 11.2, Max: 45, Diff: 45, Sum: 45, Workers: 4
[4653.087s][debug][gc,phases      ] GC(261)   StringDedup Table Weak         Min:  0.0, Avg:  0.0, Max:  0.0, Diff:  0.0, Sum:  0.0, Workers: 4
[4653.087s][debug][gc,phases      ] GC(261)     Dead                           Min: 0, Avg:  0.0, Max: 0, Diff: 0, Sum: 0, Workers: 4
[4653.087s][debug][gc,phases      ] GC(261)     Total                          Min: 0, Avg:  0.0, Max: 0, Diff: 0, Sum: 0, Workers: 4
[4653.087s][debug][gc,phases      ] GC(261)   StringDedup Requests0 Weak     Min:  0.0, Avg:  0.0, Max:  0.0, Diff:  0.0, Sum:  0.0, Workers: 4
[4653.087s][debug][gc,phases      ] GC(261)     Dead                           Min: 0, Avg:  0.0, Max: 0, Diff: 0, Sum: 0, Workers: 4
[4653.087s][debug][gc,phases      ] GC(261)     Total                          Min: 0, Avg:  0.0, Max: 0, Diff: 0, Sum: 0, Workers: 4
[4653.087s][debug][gc,phases      ] GC(261)   StringDedup Requests1 Weak     Min:  0.0, Avg:  0.0, Max:  0.0, Diff:  0.0, Sum:  0.0, Workers: 4
[4653.087s][debug][gc,phases      ] GC(261)     Dead                           Min: 0, Avg:  0.0, Max: 0, Diff: 0, Sum: 0, Workers: 4
[4653.087s][debug][gc,phases      ] GC(261)     Total                          Min: 0, Avg:  0.0, Max: 0, Diff: 0, Sum: 0, Workers: 4
[4653.087s][debug][gc,phases      ] GC(261)   Weak JFR Old Object Samples    Min:  0.0, Avg:  0.0, Max:  0.0, Diff:  0.0, Sum:  0.0, Workers: 4
[4653.087s][debug][gc,phases      ] GC(261)     Dead                           Min: 0, Avg:  0.0, Max: 0, Diff: 0, Sum: 0, Workers: 4
[4653.087s][debug][gc,phases      ] GC(261)     Total                          Min: 0, Avg:  0.0, Max: 0, Diff: 0, Sum: 0, Workers: 4
[4653.087s][debug][gc,phases      ] GC(261) Weak Processing 0.395ms
[4653.087s][debug][gc,age         ] GC(261) Desired survivor size 214433792 bytes, new threshold 15 (max threshold 15)
[4653.087s][info ][gc,heap        ] GC(261) PSYoungGen: 1686576K(1888768K)->107040K(1885696K) Eden: 1677312K(1677312K)->0K(1677312K) From: 9264K(211456K)->107040K(208384K)
[4653.087s][info ][gc,heap        ] GC(261) ParOldGen: 730844K(870912K)->730900K(870912K)
[4653.087s][info ][gc,metaspace   ] GC(261) Metaspace: 86197K(87232K)->86197K(87232K) NonClass: 74094K(74624K)->74094K(74624K) Class: 12103K(12608K)->12103K(12608K)
[4653.087s][info ][gc             ] GC(261) Pause Young (Allocation Failure) 2360M->818M(2692M) 42.555ms
[4653.087s][info ][gc,cpu         ] GC(261) User=0.12s Sys=0.01s Real=0.04s
[4653.087s][info ][safepoint      ] Safepoint "ParallelGCFailedAllocation", Time since last: 833403281 ns, Reaching safepoint: 300421 ns, At safepoint: 42658745 ns, Total: 42959166 ns
[4659.087s][info ][safepoint      ] Safepoint "Cleanup", Time since last: 6000414155 ns, Reaching safepoint: 48104 ns, At safepoint: 5200 ns, Total: 53304 ns
[4660.088s][info ][safepoint      ] Safepoint "Cleanup", Time since last: 1000117578 ns, Reaching safepoint: 49904 ns, At safepoint: 3700 ns, Total: 53604 ns
[4660.613s][info ][gc,start       ] GC(262) Pause Young (Allocation Failure)
[4660.651s][debug][gc,phases      ] GC(262) Scavenge 38.052ms
[4660.651s][debug][gc,ref         ] GC(262) Skipped phase 1 of Reference Processing: no references
[4660.651s][debug][gc,ref         ] GC(262) ReferenceProcessor::execute queues: 1, RefProcThreadModel::Single, marks_oops_alive: false
[4660.651s][debug][gc,ref         ] GC(262) Skipped phase 3 of Reference Processing: no references
[4660.651s][debug][gc,ref         ] GC(262) ReferenceProcessor::execute queues: 1, RefProcThreadModel::Single, marks_oops_alive: false
[4660.651s][debug][gc,phases      ] GC(262) Reference Processing 0.106ms
[4660.652s][debug][gc,phases      ] GC(262)   VM Weak                        Min:  0.0, Avg:  0.0, Max:  0.0, Diff:  0.0, Sum:  0.0, Workers: 4
[4660.652s][debug][gc,phases      ] GC(262)     Dead                           Min: 0, Avg:  0.0, Max: 0, Diff: 0, Sum: 0, Workers: 4
[4660.652s][debug][gc,phases      ] GC(262)     Total                          Min: 0, Avg: 204.2, Max: 439, Diff: 439, Sum: 817, Workers: 4
[4660.652s][debug][gc,phases      ] GC(262)   ObjectSynchronizer Weak        Min:  0.0, Avg:  0.0, Max:  0.0, Diff:  0.0, Sum:  0.0, Workers: 4
[4660.652s][debug][gc,phases      ] GC(262)     Dead                           Min: 0, Avg:  0.0, Max: 0, Diff: 0, Sum: 0, Workers: 4
[4660.652s][debug][gc,phases      ] GC(262)     Total                          Min: 0, Avg: 27.2, Max: 64, Diff: 64, Sum: 109, Workers: 4
[4660.652s][debug][gc,phases      ] GC(262)   JVMTI Tag Weak OopStorage      Min:  0.0, Avg:  0.0, Max:  0.0, Diff:  0.0, Sum:  0.0, Workers: 4
[4660.652s][debug][gc,phases      ] GC(262)     Dead                           Min: 0, Avg:  0.0, Max: 0, Diff: 0, Sum: 0, Workers: 4
[4660.652s][debug][gc,phases      ] GC(262)     Total                          Min: 0, Avg:  0.0, Max: 0, Diff: 0, Sum: 0, Workers: 4
[4660.652s][debug][gc,phases      ] GC(262)   StringTable Weak               Min:  0.0, Avg:  0.1, Max:  0.1, Diff:  0.1, Sum:  0.4, Workers: 4
[4660.652s][debug][gc,phases      ] GC(262)     Dead                           Min: 0, Avg:  0.0, Max: 0, Diff: 0, Sum: 0, Workers: 4
[4660.652s][debug][gc,phases      ] GC(262)     Total                          Min: 0, Avg: 11152.2, Max: 15232, Diff: 15232, Sum: 44609, Workers: 4
[4660.652s][debug][gc,phases      ] GC(262)   ResolvedMethodTable Weak       Min:  0.0, Avg:  0.0, Max:  0.0, Diff:  0.0, Sum:  0.1, Workers: 4
[4660.652s][debug][gc,phases      ] GC(262)     Dead                           Min: 0, Avg:  0.0, Max: 0, Diff: 0, Sum: 0, Workers: 4
[4660.652s][debug][gc,phases      ] GC(262)     Total                          Min: 0, Avg: 2621.0, Max: 3519, Diff: 3519, Sum: 10484, Workers: 4
[4660.652s][debug][gc,phases      ] GC(262)   JNI Weak                       Min:  0.0, Avg:  0.0, Max:  0.0, Diff:  0.0, Sum:  0.0, Workers: 4
[4660.652s][debug][gc,phases      ] GC(262)     Dead                           Min: 0, Avg:  0.0, Max: 0, Diff: 0, Sum: 0, Workers: 4
[4660.652s][debug][gc,phases      ] GC(262)     Total                          Min: 0, Avg: 11.2, Max: 45, Diff: 45, Sum: 45, Workers: 4
[4660.652s][debug][gc,phases      ] GC(262)   StringDedup Table Weak         Min:  0.0, Avg:  0.0, Max:  0.0, Diff:  0.0, Sum:  0.0, Workers: 4
[4660.652s][debug][gc,phases      ] GC(262)     Dead                           Min: 0, Avg:  0.0, Max: 0, Diff: 0, Sum: 0, Workers: 4
[4660.652s][debug][gc,phases      ] GC(262)     Total                          Min: 0, Avg:  0.0, Max: 0, Diff: 0, Sum: 0, Workers: 4
[4660.652s][debug][gc,phases      ] GC(262)   StringDedup Requests0 Weak     Min:  0.0, Avg:  0.0, Max:  0.0, Diff:  0.0, Sum:  0.0, Workers: 4
[4660.652s][debug][gc,phases      ] GC(262)     Dead                           Min: 0, Avg:  0.0, Max: 0, Diff: 0, Sum: 0, Workers: 4
[4660.652s][debug][gc,phases      ] GC(262)     Total                          Min: 0, Avg:  0.0, Max: 0, Diff: 0, Sum: 0, Workers: 4
[4660.652s][debug][gc,phases      ] GC(262)   StringDedup Requests1 Weak     Min:  0.0, Avg:  0.0, Max:  0.0, Diff:  0.0, Sum:  0.0, Workers: 4
[4660.652s][debug][gc,phases      ] GC(262)     Dead                           Min: 0, Avg:  0.0, Max: 0, Diff: 0, Sum: 0, Workers: 4
[4660.652s][debug][gc,phases      ] GC(262)     Total                          Min: 0, Avg:  0.0, Max: 0, Diff: 0, Sum: 0, Workers: 4
[4660.652s][debug][gc,phases      ] GC(262)   Weak JFR Old Object Samples    Min:  0.0, Avg:  0.0, Max:  0.0, Diff:  0.0, Sum:  0.0, Workers: 4
[4660.652s][debug][gc,phases      ] GC(262)     Dead                           Min: 0, Avg:  0.0, Max: 0, Diff: 0, Sum: 0, Workers: 4
[4660.652s][debug][gc,phases      ] GC(262)     Total                          Min: 0, Avg:  0.0, Max: 0, Diff: 0, Sum: 0, Workers: 4
[4660.652s][debug][gc,phases      ] GC(262) Weak Processing 0.380ms
[4660.652s][debug][gc,age         ] GC(262) Desired survivor size 221249536 bytes, new threshold 15 (max threshold 15)
[4660.652s][info ][gc,heap        ] GC(262) PSYoungGen: 1784352K(1885696K)->127136K(1874432K) Eden: 1677312K(1677312K)->0K(1665024K) From: 107040K(208384K)->127136K(209408K)
[4660.652s][info ][gc,heap        ] GC(262) ParOldGen: 730900K(870912K)->730980K(870912K)
[4660.652s][info ][gc,metaspace   ] GC(262) Metaspace: 86218K(87232K)->86218K(87232K) NonClass: 74115K(74624K)->74115K(74624K) Class: 12103K(12608K)->12103K(12608K)
[4660.652s][info ][gc             ] GC(262) Pause Young (Allocation Failure) 2456M->838M(2681M) 38.676ms
[4660.652s][info ][gc,cpu         ] GC(262) User=0.14s Sys=0.00s Real=0.04s
[4660.652s][info ][safepoint      ] Safepoint "ParallelGCFailedAllocation", Time since last: 525559809 ns, Reaching safepoint: 49304 ns, At safepoint: 38767967 ns, Total: 38817271 ns
[4664.652s][info ][safepoint      ] Safepoint "Cleanup", Time since last: 4000311499 ns, Reaching safepoint: 124808 ns, At safepoint: 5601 ns, Total: 130409 ns
[4665.653s][info ][safepoint      ] Safepoint "Cleanup", Time since last: 1000097175 ns, Reaching safepoint: 124109 ns, At safepoint: 8401 ns, Total: 132510 ns
[4669.653s][info ][safepoint      ] Safepoint "Cleanup", Time since last: 4000588313 ns, Reaching safepoint: 113708 ns, At safepoint: 7201 ns, Total: 120909 ns
[4679.199s][info ][gc,start       ] GC(263) Pause Young (Allocation Failure)
[4679.231s][debug][gc,phases      ] GC(263) Scavenge 31.107ms
[4679.231s][debug][gc,ref         ] GC(263) Skipped phase 1 of Reference Processing: no references
[4679.231s][debug][gc,ref         ] GC(263) ReferenceProcessor::execute queues: 1, RefProcThreadModel::Single, marks_oops_alive: false
[4679.231s][debug][gc,ref         ] GC(263) Skipped phase 3 of Reference Processing: no references
[4679.231s][debug][gc,ref         ] GC(263) ReferenceProcessor::execute queues: 1, RefProcThreadModel::Single, marks_oops_alive: false
[4679.231s][debug][gc,phases      ] GC(263) Reference Processing 0.109ms
[4679.231s][debug][gc,phases      ] GC(263)   VM Weak                        Min:  0.0, Avg:  0.0, Max:  0.0, Diff:  0.0, Sum:  0.0, Workers: 4
[4679.231s][debug][gc,phases      ] GC(263)     Dead                           Min: 0, Avg:  0.0, Max: 0, Diff: 0, Sum: 0, Workers: 4
[4679.231s][debug][gc,phases      ] GC(263)     Total                          Min: 64, Avg: 204.2, Max: 368, Diff: 304, Sum: 817, Workers: 4
[4679.231s][debug][gc,phases      ] GC(263)   ObjectSynchronizer Weak        Min:  0.0, Avg:  0.0, Max:  0.0, Diff:  0.0, Sum:  0.0, Workers: 4
[4679.231s][debug][gc,phases      ] GC(263)     Dead                           Min: 0, Avg:  0.0, Max: 0, Diff: 0, Sum: 0, Workers: 4
[4679.231s][debug][gc,phases      ] GC(263)     Total                          Min: 0, Avg: 27.2, Max: 64, Diff: 64, Sum: 109, Workers: 4
[4679.231s][debug][gc,phases      ] GC(263)   JVMTI Tag Weak OopStorage      Min:  0.0, Avg:  0.0, Max:  0.0, Diff:  0.0, Sum:  0.0, Workers: 4
[4679.231s][debug][gc,phases      ] GC(263)     Dead                           Min: 0, Avg:  0.0, Max: 0, Diff: 0, Sum: 0, Workers: 4
[4679.231s][debug][gc,phases      ] GC(263)     Total                          Min: 0, Avg:  0.0, Max: 0, Diff: 0, Sum: 0, Workers: 4
[4679.231s][debug][gc,phases      ] GC(263)   StringTable Weak               Min:  0.1, Avg:  0.1, Max:  0.1, Diff:  0.0, Sum:  0.5, Workers: 4
[4679.231s][debug][gc,phases      ] GC(263)     Dead                           Min: 0, Avg:  0.0, Max: 0, Diff: 0, Sum: 0, Workers: 4
[4679.231s][debug][gc,phases      ] GC(263)     Total                          Min: 10240, Avg: 11152.2, Max: 11648, Diff: 1408, Sum: 44609, Workers: 4
[4679.231s][debug][gc,phases      ] GC(263)   ResolvedMethodTable Weak       Min:  0.0, Avg:  0.0, Max:  0.0, Diff:  0.0, Sum:  0.1, Workers: 4
[4679.231s][debug][gc,phases      ] GC(263)     Dead                           Min: 0, Avg:  0.0, Max: 0, Diff: 0, Sum: 0, Workers: 4
[4679.231s][debug][gc,phases      ] GC(263)     Total                          Min: 1535, Avg: 2621.0, Max: 3445, Diff: 1910, Sum: 10484, Workers: 4
[4679.231s][debug][gc,phases      ] GC(263)   JNI Weak                       Min:  0.0, Avg:  0.0, Max:  0.0, Diff:  0.0, Sum:  0.0, Workers: 4
[4679.231s][debug][gc,phases      ] GC(263)     Dead                           Min: 0, Avg:  0.0, Max: 0, Diff: 0, Sum: 0, Workers: 4
[4679.231s][debug][gc,phases      ] GC(263)     Total                          Min: 0, Avg: 11.2, Max: 45, Diff: 45, Sum: 45, Workers: 4
[4679.231s][debug][gc,phases      ] GC(263)   StringDedup Table Weak         Min:  0.0, Avg:  0.0, Max:  0.0, Diff:  0.0, Sum:  0.0, Workers: 4
[4679.231s][debug][gc,phases      ] GC(263)     Dead                           Min: 0, Avg:  0.0, Max: 0, Diff: 0, Sum: 0, Workers: 4
[4679.231s][debug][gc,phases      ] GC(263)     Total                          Min: 0, Avg:  0.0, Max: 0, Diff: 0, Sum: 0, Workers: 4
[4679.231s][debug][gc,phases      ] GC(263)   StringDedup Requests0 Weak     Min:  0.0, Avg:  0.0, Max:  0.0, Diff:  0.0, Sum:  0.0, Workers: 4
[4679.231s][debug][gc,phases      ] GC(263)     Dead                           Min: 0, Avg:  0.0, Max: 0, Diff: 0, Sum: 0, Workers: 4
[4679.231s][debug][gc,phases      ] GC(263)     Total                          Min: 0, Avg:  0.0, Max: 0, Diff: 0, Sum: 0, Workers: 4
[4679.231s][debug][gc,phases      ] GC(263)   StringDedup Requests1 Weak     Min:  0.0, Avg:  0.0, Max:  0.0, Diff:  0.0, Sum:  0.0, Workers: 4
[4679.231s][debug][gc,phases      ] GC(263)     Dead                           Min: 0, Avg:  0.0, Max: 0, Diff: 0, Sum: 0, Workers: 4
[4679.231s][debug][gc,phases      ] GC(263)     Total                          Min: 0, Avg:  0.0, Max: 0, Diff: 0, Sum: 0, Workers: 4
[4679.231s][debug][gc,phases      ] GC(263)   Weak JFR Old Object Samples    Min:  0.0, Avg:  0.0, Max:  0.0, Diff:  0.0, Sum:  0.0, Workers: 4
[4679.231s][debug][gc,phases      ] GC(263)     Dead                           Min: 0, Avg:  0.0, Max: 0, Diff: 0, Sum: 0, Workers: 4
[4679.231s][debug][gc,phases      ] GC(263)     Total                          Min: 0, Avg:  0.0, Max: 0, Diff: 0, Sum: 0, Workers: 4
[4679.231s][debug][gc,phases      ] GC(263) Weak Processing 0.405ms
[4679.231s][debug][gc,age         ] GC(263) Desired survivor size 226492416 bytes, new threshold 15 (max threshold 15)
[4679.231s][info ][gc,heap        ] GC(263) PSYoungGen: 1792160K(1874432K)->127200K(1792512K) Eden: 1665024K(1665024K)->0K(1665024K) From: 127136K(209408K)->127200K(127488K)
[4679.231s][info ][gc,heap        ] GC(263) ParOldGen: 730980K(870912K)->731036K(870912K)
[4679.231s][info ][gc,metaspace   ] GC(263) Metaspace: 86225K(87232K)->86225K(87232K) NonClass: 74121K(74624K)->74121K(74624K) Class: 12103K(12608K)->12103K(12608K)
[4679.231s][info ][gc             ] GC(263) Pause Young (Allocation Failure) 2464M->838M(2601M) 31.766ms
[4679.231s][info ][gc,cpu         ] GC(263) User=0.12s Sys=0.00s Real=0.03s
[4679.231s][info ][safepoint      ] Safepoint "ParallelGCFailedAllocation", Time since last: 9545898853 ns, Reaching safepoint: 114208 ns, At safepoint: 31862074 ns, Total: 31976282 ns
[4682.231s][info ][safepoint      ] Safepoint "Cleanup", Time since last: 3000211909 ns, Reaching safepoint: 47003 ns, At safepoint: 3100 ns, Total: 50103 ns
[4695.100s][info ][gc,start       ] GC(264) Pause Young (Allocation Failure)
[4695.136s][debug][gc,phases      ] GC(264) Scavenge 35.840ms
[4695.136s][debug][gc,ref         ] GC(264) Skipped phase 1 of Reference Processing: no references
[4695.136s][debug][gc,ref         ] GC(264) ReferenceProcessor::execute queues: 1, RefProcThreadModel::Single, marks_oops_alive: false
[4695.136s][debug][gc,ref         ] GC(264) Skipped phase 3 of Reference Processing: no references
[4695.136s][debug][gc,ref         ] GC(264) ReferenceProcessor::execute queues: 1, RefProcThreadModel::Single, marks_oops_alive: false
[4695.136s][debug][gc,phases      ] GC(264) Reference Processing 0.109ms
[4695.137s][debug][gc,phases      ] GC(264)   VM Weak                        Min:  0.0, Avg:  0.0, Max:  0.0, Diff:  0.0, Sum:  0.0, Workers: 4
[4695.137s][debug][gc,phases      ] GC(264)     Dead                           Min: 0, Avg:  0.0, Max: 0, Diff: 0, Sum: 0, Workers: 4
[4695.137s][debug][gc,phases      ] GC(264)     Total                          Min: 0, Avg: 204.2, Max: 566, Diff: 566, Sum: 817, Workers: 4
[4695.137s][debug][gc,phases      ] GC(264)   ObjectSynchronizer Weak        Min:  0.0, Avg:  0.0, Max:  0.0, Diff:  0.0, Sum:  0.0, Workers: 4
[4695.137s][debug][gc,phases      ] GC(264)     Dead                           Min: 0, Avg:  0.0, Max: 0, Diff: 0, Sum: 0, Workers: 4
[4695.137s][debug][gc,phases      ] GC(264)     Total                          Min: 0, Avg: 27.2, Max: 64, Diff: 64, Sum: 109, Workers: 4
[4695.137s][debug][gc,phases      ] GC(264)   JVMTI Tag Weak OopStorage      Min:  0.0, Avg:  0.0, Max:  0.0, Diff:  0.0, Sum:  0.0, Workers: 4
[4695.137s][debug][gc,phases      ] GC(264)     Dead                           Min: 0, Avg:  0.0, Max: 0, Diff: 0, Sum: 0, Workers: 4
[4695.137s][debug][gc,phases      ] GC(264)     Total                          Min: 0, Avg:  0.0, Max: 0, Diff: 0, Sum: 0, Workers: 4
[4695.137s][debug][gc,phases      ] GC(264)   StringTable Weak               Min:  0.1, Avg:  0.1, Max:  0.1, Diff:  0.0, Sum:  0.5, Workers: 4
[4695.137s][debug][gc,phases      ] GC(264)     Dead                           Min: 0, Avg:  0.0, Max: 0, Diff: 0, Sum: 0, Workers: 4
[4695.137s][debug][gc,phases      ] GC(264)     Total                          Min: 10688, Avg: 11152.2, Max: 11585, Diff: 897, Sum: 44609, Workers: 4
[4695.137s][debug][gc,phases      ] GC(264)   ResolvedMethodTable Weak       Min:  0.0, Avg:  0.0, Max:  0.1, Diff:  0.1, Sum:  0.2, Workers: 4
[4695.137s][debug][gc,phases      ] GC(264)     Dead                           Min: 0, Avg:  0.0, Max: 0, Diff: 0, Sum: 0, Workers: 4
[4695.137s][debug][gc,phases      ] GC(264)     Total                          Min: 1464, Avg: 2621.0, Max: 3262, Diff: 1798, Sum: 10484, Workers: 4
[4695.137s][debug][gc,phases      ] GC(264)   JNI Weak                       Min:  0.0, Avg:  0.0, Max:  0.0, Diff:  0.0, Sum:  0.0, Workers: 4
[4695.137s][debug][gc,phases      ] GC(264)     Dead                           Min: 0, Avg:  0.0, Max: 0, Diff: 0, Sum: 0, Workers: 4
[4695.137s][debug][gc,phases      ] GC(264)     Total                          Min: 0, Avg: 11.2, Max: 45, Diff: 45, Sum: 45, Workers: 4
[4695.137s][debug][gc,phases      ] GC(264)   StringDedup Table Weak         Min:  0.0, Avg:  0.0, Max:  0.0, Diff:  0.0, Sum:  0.0, Workers: 4
[4695.137s][debug][gc,phases      ] GC(264)     Dead                           Min: 0, Avg:  0.0, Max: 0, Diff: 0, Sum: 0, Workers: 4
[4695.137s][debug][gc,phases      ] GC(264)     Total                          Min: 0, Avg:  0.0, Max: 0, Diff: 0, Sum: 0, Workers: 4
[4695.137s][debug][gc,phases      ] GC(264)   StringDedup Requests0 Weak     Min:  0.0, Avg:  0.0, Max:  0.0, Diff:  0.0, Sum:  0.0, Workers: 4
[4695.137s][debug][gc,phases      ] GC(264)     Dead                           Min: 0, Avg:  0.0, Max: 0, Diff: 0, Sum: 0, Workers: 4
[4695.137s][debug][gc,phases      ] GC(264)     Total                          Min: 0, Avg:  0.0, Max: 0, Diff: 0, Sum: 0, Workers: 4
[4695.137s][debug][gc,phases      ] GC(264)   StringDedup Requests1 Weak     Min:  0.0, Avg:  0.0, Max:  0.0, Diff:  0.0, Sum:  0.0, Workers: 4
[4695.137s][debug][gc,phases      ] GC(264)     Dead                           Min: 0, Avg:  0.0, Max: 0, Diff: 0, Sum: 0, Workers: 4
[4695.137s][debug][gc,phases      ] GC(264)     Total                          Min: 0, Avg:  0.0, Max: 0, Diff: 0, Sum: 0, Workers: 4
[4695.137s][debug][gc,phases      ] GC(264)   Weak JFR Old Object Samples    Min:  0.0, Avg:  0.0, Max:  0.0, Diff:  0.0, Sum:  0.0, Workers: 4
[4695.137s][debug][gc,phases      ] GC(264)     Dead                           Min: 0, Avg:  0.0, Max: 0, Diff: 0, Sum: 0, Workers: 4
[4695.137s][debug][gc,phases      ] GC(264)     Total                          Min: 0, Avg:  0.0, Max: 0, Diff: 0, Sum: 0, Workers: 4
[4695.137s][debug][gc,phases      ] GC(264) Weak Processing 0.410ms
[4695.137s][debug][gc,age         ] GC(264) Desired survivor size 231735296 bytes, new threshold 15 (max threshold 15)
[4695.137s][info ][gc,heap        ] GC(264) PSYoungGen: 1792224K(1792512K)->133232K(1865728K) Eden: 1665024K(1665024K)->0K(1644544K) From: 127200K(127488K)->133232K(221184K)
[4695.137s][info ][gc,heap        ] GC(264) ParOldGen: 731036K(870912K)->731117K(870912K)
[4695.137s][info ][gc,metaspace   ] GC(264) Metaspace: 86228K(87232K)->86228K(87232K) NonClass: 74124K(74624K)->74124K(74624K) Class: 12103K(12608K)->12103K(12608K)
[4695.137s][info ][gc             ] GC(264) Pause Young (Allocation Failure) 2464M->844M(2672M) 36.508ms
[4695.137s][info ][gc,cpu         ] GC(264) User=0.14s Sys=0.01s Real=0.03s
[4695.137s][info ][safepoint      ] Safepoint "ParallelGCFailedAllocation", Time since last: 12868630637 ns, Reaching safepoint: 119309 ns, At safepoint: 36602212 ns, Total: 36721521 ns
[4696.137s][info ][safepoint      ] Safepoint "Cleanup", Time since last: 1000094867 ns, Reaching safepoint: 51704 ns, At safepoint: 3300 ns, Total: 55004 ns
[4708.138s][info ][safepoint      ] Safepoint "Cleanup", Time since last: 12000729462 ns, Reaching safepoint: 48703 ns, At safepoint: 4401 ns, Total: 53104 ns
[4709.138s][info ][safepoint      ] Safepoint "Cleanup", Time since last: 1000121166 ns, Reaching safepoint: 115608 ns, At safepoint: 5500 ns, Total: 121108 ns
[4713.457s][info ][gc,start       ] GC(265) Pause Young (Allocation Failure)
[4713.488s][debug][gc,phases      ] GC(265) Scavenge 31.430ms
[4713.488s][debug][gc,ref         ] GC(265) Skipped phase 1 of Reference Processing: no references
[4713.489s][debug][gc,ref         ] GC(265) ReferenceProcessor::execute queues: 1, RefProcThreadModel::Single, marks_oops_alive: false
[4713.489s][debug][gc,ref         ] GC(265) Skipped phase 3 of Reference Processing: no references
[4713.489s][debug][gc,ref         ] GC(265) ReferenceProcessor::execute queues: 1, RefProcThreadModel::Single, marks_oops_alive: false
[4713.489s][debug][gc,phases      ] GC(265) Reference Processing 0.108ms
[4713.489s][debug][gc,phases      ] GC(265)   VM Weak                        Min:  0.0, Avg:  0.0, Max:  0.0, Diff:  0.0, Sum:  0.0, Workers: 4
[4713.489s][debug][gc,phases      ] GC(265)     Dead                           Min: 0, Avg:  0.0, Max: 0, Diff: 0, Sum: 0, Workers: 4
[4713.489s][debug][gc,phases      ] GC(265)     Total                          Min: 0, Avg: 204.2, Max: 385, Diff: 385, Sum: 817, Workers: 4
[4713.489s][debug][gc,phases      ] GC(265)   ObjectSynchronizer Weak        Min:  0.0, Avg:  0.0, Max:  0.0, Diff:  0.0, Sum:  0.0, Workers: 4
[4713.489s][debug][gc,phases      ] GC(265)     Dead                           Min: 0, Avg:  0.0, Max: 0, Diff: 0, Sum: 0, Workers: 4
[4713.489s][debug][gc,phases      ] GC(265)     Total                          Min: 0, Avg: 27.2, Max: 64, Diff: 64, Sum: 109, Workers: 4
[4713.489s][debug][gc,phases      ] GC(265)   JVMTI Tag Weak OopStorage      Min:  0.0, Avg:  0.0, Max:  0.0, Diff:  0.0, Sum:  0.0, Workers: 4
[4713.489s][debug][gc,phases      ] GC(265)     Dead                           Min: 0, Avg:  0.0, Max: 0, Diff: 0, Sum: 0, Workers: 4
[4713.489s][debug][gc,phases      ] GC(265)     Total                          Min: 0, Avg:  0.0, Max: 0, Diff: 0, Sum: 0, Workers: 4
[4713.489s][debug][gc,phases      ] GC(265)   StringTable Weak               Min:  0.0, Avg:  0.1, Max:  0.2, Diff:  0.2, Sum:  0.5, Workers: 4
[4713.489s][debug][gc,phases      ] GC(265)     Dead                           Min: 0, Avg:  0.0, Max: 0, Diff: 0, Sum: 0, Workers: 4
[4713.489s][debug][gc,phases      ] GC(265)     Total                          Min: 0, Avg: 11152.2, Max: 15232, Diff: 15232, Sum: 44609, Workers: 4
[4713.489s][debug][gc,phases      ] GC(265)   ResolvedMethodTable Weak       Min:  0.0, Avg:  0.0, Max:  0.0, Diff:  0.0, Sum:  0.1, Workers: 4
[4713.489s][debug][gc,phases      ] GC(265)     Dead                           Min: 0, Avg:  0.0, Max: 0, Diff: 0, Sum: 0, Workers: 4
[4713.489s][debug][gc,phases      ] GC(265)     Total                          Min: 0, Avg: 2621.0, Max: 3574, Diff: 3574, Sum: 10484, Workers: 4
[4713.489s][debug][gc,phases      ] GC(265)   JNI Weak                       Min:  0.0, Avg:  0.0, Max:  0.0, Diff:  0.0, Sum:  0.0, Workers: 4
[4713.489s][debug][gc,phases      ] GC(265)     Dead                           Min: 0, Avg:  0.0, Max: 0, Diff: 0, Sum: 0, Workers: 4
[4713.489s][debug][gc,phases      ] GC(265)     Total                          Min: 0, Avg: 11.2, Max: 45, Diff: 45, Sum: 45, Workers: 4
[4713.489s][debug][gc,phases      ] GC(265)   StringDedup Table Weak         Min:  0.0, Avg:  0.0, Max:  0.0, Diff:  0.0, Sum:  0.0, Workers: 4
[4713.489s][debug][gc,phases      ] GC(265)     Dead                           Min: 0, Avg:  0.0, Max: 0, Diff: 0, Sum: 0, Workers: 4
[4713.489s][debug][gc,phases      ] GC(265)     Total                          Min: 0, Avg:  0.0, Max: 0, Diff: 0, Sum: 0, Workers: 4
[4713.489s][debug][gc,phases      ] GC(265)   StringDedup Requests0 Weak     Min:  0.0, Avg:  0.0, Max:  0.0, Diff:  0.0, Sum:  0.0, Workers: 4
[4713.489s][debug][gc,phases      ] GC(265)     Dead                           Min: 0, Avg:  0.0, Max: 0, Diff: 0, Sum: 0, Workers: 4
[4713.489s][debug][gc,phases      ] GC(265)     Total                          Min: 0, Avg:  0.0, Max: 0, Diff: 0, Sum: 0, Workers: 4
[4713.489s][debug][gc,phases      ] GC(265)   StringDedup Requests1 Weak     Min:  0.0, Avg:  0.0, Max:  0.0, Diff:  0.0, Sum:  0.0, Workers: 4
[4713.489s][debug][gc,phases      ] GC(265)     Dead                           Min: 0, Avg:  0.0, Max: 0, Diff: 0, Sum: 0, Workers: 4
[4713.489s][debug][gc,phases      ] GC(265)     Total                          Min: 0, Avg:  0.0, Max: 0, Diff: 0, Sum: 0, Workers: 4
[4713.489s][debug][gc,phases      ] GC(265)   Weak JFR Old Object Samples    Min:  0.0, Avg:  0.0, Max:  0.0, Diff:  0.0, Sum:  0.0, Workers: 4
[4713.489s][debug][gc,phases      ] GC(265)     Dead                           Min: 0, Avg:  0.0, Max: 0, Diff: 0, Sum: 0, Workers: 4
[4713.489s][debug][gc,phases      ] GC(265)     Total                          Min: 0, Avg:  0.0, Max: 0, Diff: 0, Sum: 0, Workers: 4
[4713.489s][debug][gc,phases      ] GC(265) Weak Processing 0.412ms
[4713.489s][debug][gc,age         ] GC(265) Desired survivor size 235405312 bytes, new threshold 15 (max threshold 15)
[4713.489s][info ][gc,heap        ] GC(265) PSYoungGen: 1777776K(1865728K)->133680K(1778688K) Eden: 1644544K(1644544K)->0K(1644544K) From: 133232K(221184K)->133680K(134144K)
[4713.489s][info ][gc,heap        ] GC(265) ParOldGen: 731117K(870912K)->731181K(870912K)
[4713.489s][info ][gc,metaspace   ] GC(265) Metaspace: 86228K(87232K)->86228K(87232K) NonClass: 74124K(74624K)->74124K(74624K) Class: 12103K(12608K)->12103K(12608K)
[4713.489s][info ][gc             ] GC(265) Pause Young (Allocation Failure) 2450M->844M(2587M) 32.097ms
[4713.489s][info ][gc,cpu         ] GC(265) User=0.12s Sys=0.00s Real=0.03s
[4713.489s][info ][safepoint      ] Safepoint "ParallelGCFailedAllocation", Time since last: 4318829179 ns, Reaching safepoint: 56004 ns, At safepoint: 32188296 ns, Total: 32244300 ns
[4731.805s][info ][gc,start       ] GC(266) Pause Young (Allocation Failure)
[4731.846s][debug][gc,phases      ] GC(266) Scavenge 40.431ms
[4731.846s][debug][gc,ref         ] GC(266) Skipped phase 1 of Reference Processing: no references
[4731.846s][debug][gc,ref         ] GC(266) ReferenceProcessor::execute queues: 1, RefProcThreadModel::Single, marks_oops_alive: false
[4731.846s][debug][gc,ref         ] GC(266) Skipped phase 3 of Reference Processing: no references
[4731.846s][debug][gc,ref         ] GC(266) ReferenceProcessor::execute queues: 1, RefProcThreadModel::Single, marks_oops_alive: false
[4731.846s][debug][gc,phases      ] GC(266) Reference Processing 0.171ms
[4731.847s][debug][gc,phases      ] GC(266)   VM Weak                        Min:  0.0, Avg:  0.0, Max:  0.0, Diff:  0.0, Sum:  0.0, Workers: 4
[4731.847s][debug][gc,phases      ] GC(266)     Dead                           Min: 0, Avg:  0.0, Max: 0, Diff: 0, Sum: 0, Workers: 4
[4731.847s][debug][gc,phases      ] GC(266)     Total                          Min: 0, Avg: 204.2, Max: 817, Diff: 817, Sum: 817, Workers: 4
[4731.847s][debug][gc,phases      ] GC(266)   ObjectSynchronizer Weak        Min:  0.0, Avg:  0.0, Max:  0.0, Diff:  0.0, Sum:  0.0, Workers: 4
[4731.847s][debug][gc,phases      ] GC(266)     Dead                           Min: 0, Avg:  0.0, Max: 0, Diff: 0, Sum: 0, Workers: 4
[4731.847s][debug][gc,phases      ] GC(266)     Total                          Min: 0, Avg: 27.2, Max: 109, Diff: 109, Sum: 109, Workers: 4
[4731.847s][debug][gc,phases      ] GC(266)   JVMTI Tag Weak OopStorage      Min:  0.0, Avg:  0.0, Max:  0.0, Diff:  0.0, Sum:  0.0, Workers: 4
[4731.847s][debug][gc,phases      ] GC(266)     Dead                           Min: 0, Avg:  0.0, Max: 0, Diff: 0, Sum: 0, Workers: 4
[4731.847s][debug][gc,phases      ] GC(266)     Total                          Min: 0, Avg:  0.0, Max: 0, Diff: 0, Sum: 0, Workers: 4
[4731.847s][debug][gc,phases      ] GC(266)   StringTable Weak               Min:  0.0, Avg:  0.1, Max:  0.5, Diff:  0.5, Sum:  0.5, Workers: 4
[4731.847s][debug][gc,phases      ] GC(266)     Dead                           Min: 0, Avg:  0.0, Max: 0, Diff: 0, Sum: 0, Workers: 4
[4731.847s][debug][gc,phases      ] GC(266)     Total                          Min: 0, Avg: 11152.2, Max: 39936, Diff: 39936, Sum: 44609, Workers: 4
[4731.847s][debug][gc,phases      ] GC(266)   ResolvedMethodTable Weak       Min:  0.0, Avg:  0.0, Max:  0.1, Diff:  0.1, Sum:  0.1, Workers: 4
[4731.847s][debug][gc,phases      ] GC(266)     Dead                           Min: 0, Avg:  0.0, Max: 0, Diff: 0, Sum: 0, Workers: 4
[4731.847s][debug][gc,phases      ] GC(266)     Total                          Min: 0, Avg: 2621.0, Max: 5750, Diff: 5750, Sum: 10484, Workers: 4
[4731.847s][debug][gc,phases      ] GC(266)   JNI Weak                       Min:  0.0, Avg:  0.0, Max:  0.0, Diff:  0.0, Sum:  0.0, Workers: 4
[4731.847s][debug][gc,phases      ] GC(266)     Dead                           Min: 0, Avg:  0.0, Max: 0, Diff: 0, Sum: 0, Workers: 4
[4731.847s][debug][gc,phases      ] GC(266)     Total                          Min: 0, Avg: 11.2, Max: 45, Diff: 45, Sum: 45, Workers: 4
[4731.847s][debug][gc,phases      ] GC(266)   StringDedup Table Weak         Min:  0.0, Avg:  0.0, Max:  0.0, Diff:  0.0, Sum:  0.0, Workers: 4
[4731.847s][debug][gc,phases      ] GC(266)     Dead                           Min: 0, Avg:  0.0, Max: 0, Diff: 0, Sum: 0, Workers: 4
[4731.847s][debug][gc,phases      ] GC(266)     Total                          Min: 0, Avg:  0.0, Max: 0, Diff: 0, Sum: 0, Workers: 4
[4731.847s][debug][gc,phases      ] GC(266)   StringDedup Requests0 Weak     Min:  0.0, Avg:  0.0, Max:  0.0, Diff:  0.0, Sum:  0.0, Workers: 4
[4731.847s][debug][gc,phases      ] GC(266)     Dead                           Min: 0, Avg:  0.0, Max: 0, Diff: 0, Sum: 0, Workers: 4
[4731.847s][debug][gc,phases      ] GC(266)     Total                          Min: 0, Avg:  0.0, Max: 0, Diff: 0, Sum: 0, Workers: 4
[4731.847s][debug][gc,phases      ] GC(266)   StringDedup Requests1 Weak     Min:  0.0, Avg:  0.0, Max:  0.0, Diff:  0.0, Sum:  0.0, Workers: 4
[4731.847s][debug][gc,phases      ] GC(266)     Dead                           Min: 0, Avg:  0.0, Max: 0, Diff: 0, Sum: 0, Workers: 4
[4731.847s][debug][gc,phases      ] GC(266)     Total                          Min: 0, Avg:  0.0, Max: 0, Diff: 0, Sum: 0, Workers: 4
[4731.847s][debug][gc,phases      ] GC(266)   Weak JFR Old Object Samples    Min:  0.0, Avg:  0.0, Max:  0.0, Diff:  0.0, Sum:  0.0, Workers: 4
[4731.847s][debug][gc,phases      ] GC(266)     Dead                           Min: 0, Avg:  0.0, Max: 0, Diff: 0, Sum: 0, Workers: 4
[4731.847s][debug][gc,phases      ] GC(266)     Total                          Min: 0, Avg:  0.0, Max: 0, Diff: 0, Sum: 0, Workers: 4
[4731.847s][debug][gc,phases      ] GC(266) Weak Processing 0.747ms
[4731.847s][debug][gc,age         ] GC(266) Desired survivor size 236978176 bytes, new threshold 15 (max threshold 15)
[4731.847s][info ][gc,heap        ] GC(266) PSYoungGen: 1778224K(1778688K)->132848K(1864192K) Eden: 1644544K(1644544K)->0K(1634304K) From: 133680K(134144K)->132848K(229888K)
[4731.847s][info ][gc,heap        ] GC(266) ParOldGen: 731181K(870912K)->732225K(870912K)
[4731.847s][info ][gc,metaspace   ] GC(266) Metaspace: 86228K(87232K)->86228K(87232K) NonClass: 74124K(74624K)->74124K(74624K) Class: 12103K(12608K)->12103K(12608K)
[4731.847s][info ][gc             ] GC(266) Pause Young (Allocation Failure) 2450M->844M(2671M) 41.491ms
[4731.847s][info ][gc,cpu         ] GC(266) User=0.12s Sys=0.00s Real=0.04s
[4731.847s][info ][safepoint      ] Safepoint "ParallelGCFailedAllocation", Time since last: 18316087630 ns, Reaching safepoint: 100107 ns, At safepoint: 41587668 ns, Total: 41687775 ns
[4733.847s][info ][safepoint      ] Safepoint "Cleanup", Time since last: 2000165215 ns, Reaching safepoint: 121609 ns, At safepoint: 7800 ns, Total: 129409 ns
[4735.848s][info ][safepoint      ] Safepoint "Cleanup", Time since last: 2001009175 ns, Reaching safepoint: 155211 ns, At safepoint: 6900 ns, Total: 162111 ns
[4737.849s][info ][safepoint      ] Safepoint "Cleanup", Time since last: 2000168814 ns, Reaching safepoint: 101808 ns, At safepoint: 6700 ns, Total: 108508 ns
[4738.849s][info ][safepoint      ] Safepoint "Cleanup", Time since last: 1000112359 ns, Reaching safepoint: 120508 ns, At safepoint: 6501 ns, Total: 127009 ns
[4739.849s][info ][safepoint      ] Safepoint "Cleanup", Time since last: 1000123559 ns, Reaching safepoint: 123109 ns, At safepoint: 8900 ns, Total: 132009 ns
[4742.850s][info ][safepoint      ] Safepoint "Cleanup", Time since last: 3000359075 ns, Reaching safepoint: 122309 ns, At safepoint: 7001 ns, Total: 129310 ns
[4746.850s][info ][safepoint      ] Safepoint "Cleanup", Time since last: 4000319619 ns, Reaching safepoint: 137609 ns, At safepoint: 11601 ns, Total: 149210 ns
[4750.349s][info ][gc,start       ] GC(267) Pause Young (Allocation Failure)
[4750.380s][debug][gc,phases      ] GC(267) Scavenge 31.236ms
[4750.380s][debug][gc,ref         ] GC(267) Skipped phase 1 of Reference Processing: no references
[4750.381s][debug][gc,ref         ] GC(267) ReferenceProcessor::execute queues: 1, RefProcThreadModel::Single, marks_oops_alive: false
[4750.381s][debug][gc,ref         ] GC(267) Skipped phase 3 of Reference Processing: no references
[4750.381s][debug][gc,ref         ] GC(267) ReferenceProcessor::execute queues: 1, RefProcThreadModel::Single, marks_oops_alive: false
[4750.381s][debug][gc,phases      ] GC(267) Reference Processing 0.106ms
[4750.381s][debug][gc,phases      ] GC(267)   VM Weak                        Min:  0.0, Avg:  0.0, Max:  0.0, Diff:  0.0, Sum:  0.0, Workers: 4
[4750.381s][debug][gc,phases      ] GC(267)     Dead                           Min: 0, Avg:  0.0, Max: 0, Diff: 0, Sum: 0, Workers: 4
[4750.381s][debug][gc,phases      ] GC(267)     Total                          Min: 0, Avg: 204.2, Max: 384, Diff: 384, Sum: 817, Workers: 4
[4750.381s][debug][gc,phases      ] GC(267)   ObjectSynchronizer Weak        Min:  0.0, Avg:  0.0, Max:  0.0, Diff:  0.0, Sum:  0.0, Workers: 4
[4750.381s][debug][gc,phases      ] GC(267)     Dead                           Min: 0, Avg:  0.0, Max: 0, Diff: 0, Sum: 0, Workers: 4
[4750.381s][debug][gc,phases      ] GC(267)     Total                          Min: 0, Avg: 27.2, Max: 64, Diff: 64, Sum: 109, Workers: 4
[4750.381s][debug][gc,phases      ] GC(267)   JVMTI Tag Weak OopStorage      Min:  0.0, Avg:  0.0, Max:  0.0, Diff:  0.0, Sum:  0.0, Workers: 4
[4750.381s][debug][gc,phases      ] GC(267)     Dead                           Min: 0, Avg:  0.0, Max: 0, Diff: 0, Sum: 0, Workers: 4
[4750.381s][debug][gc,phases      ] GC(267)     Total                          Min: 0, Avg:  0.0, Max: 0, Diff: 0, Sum: 0, Workers: 4
[4750.381s][debug][gc,phases      ] GC(267)   StringTable Weak               Min:  0.1, Avg:  0.1, Max:  0.1, Diff:  0.0, Sum:  0.4, Workers: 4
[4750.381s][debug][gc,phases      ] GC(267)     Dead                           Min: 0, Avg:  0.0, Max: 0, Diff: 0, Sum: 0, Workers: 4
[4750.381s][debug][gc,phases      ] GC(267)     Total                          Min: 9600, Avg: 11152.2, Max: 12224, Diff: 2624, Sum: 44609, Workers: 4
[4750.381s][debug][gc,phases      ] GC(267)   ResolvedMethodTable Weak       Min:  0.0, Avg:  0.0, Max:  0.0, Diff:  0.0, Sum:  0.1, Workers: 4
[4750.381s][debug][gc,phases      ] GC(267)     Dead                           Min: 0, Avg:  0.0, Max: 0, Diff: 0, Sum: 0, Workers: 4
[4750.381s][debug][gc,phases      ] GC(267)     Total                          Min: 2431, Avg: 2621.0, Max: 2879, Diff: 448, Sum: 10484, Workers: 4
[4750.381s][debug][gc,phases      ] GC(267)   JNI Weak                       Min:  0.0, Avg:  0.0, Max:  0.0, Diff:  0.0, Sum:  0.0, Workers: 4
[4750.381s][debug][gc,phases      ] GC(267)     Dead                           Min: 0, Avg:  0.0, Max: 0, Diff: 0, Sum: 0, Workers: 4
[4750.381s][debug][gc,phases      ] GC(267)     Total                          Min: 0, Avg: 11.2, Max: 45, Diff: 45, Sum: 45, Workers: 4
[4750.381s][debug][gc,phases      ] GC(267)   StringDedup Table Weak         Min:  0.0, Avg:  0.0, Max:  0.0, Diff:  0.0, Sum:  0.0, Workers: 4
[4750.381s][debug][gc,phases      ] GC(267)     Dead                           Min: 0, Avg:  0.0, Max: 0, Diff: 0, Sum: 0, Workers: 4
[4750.381s][debug][gc,phases      ] GC(267)     Total                          Min: 0, Avg:  0.0, Max: 0, Diff: 0, Sum: 0, Workers: 4
[4750.381s][debug][gc,phases      ] GC(267)   StringDedup Requests0 Weak     Min:  0.0, Avg:  0.0, Max:  0.0, Diff:  0.0, Sum:  0.0, Workers: 4
[4750.381s][debug][gc,phases      ] GC(267)     Dead                           Min: 0, Avg:  0.0, Max: 0, Diff: 0, Sum: 0, Workers: 4
[4750.381s][debug][gc,phases      ] GC(267)     Total                          Min: 0, Avg:  0.0, Max: 0, Diff: 0, Sum: 0, Workers: 4
[4750.381s][debug][gc,phases      ] GC(267)   StringDedup Requests1 Weak     Min:  0.0, Avg:  0.0, Max:  0.0, Diff:  0.0, Sum:  0.0, Workers: 4
[4750.381s][debug][gc,phases      ] GC(267)     Dead                           Min: 0, Avg:  0.0, Max: 0, Diff: 0, Sum: 0, Workers: 4
[4750.381s][debug][gc,phases      ] GC(267)     Total                          Min: 0, Avg:  0.0, Max: 0, Diff: 0, Sum: 0, Workers: 4
[4750.381s][debug][gc,phases      ] GC(267)   Weak JFR Old Object Samples    Min:  0.0, Avg:  0.0, Max:  0.0, Diff:  0.0, Sum:  0.0, Workers: 4
[4750.381s][debug][gc,phases      ] GC(267)     Dead                           Min: 0, Avg:  0.0, Max: 0, Diff: 0, Sum: 0, Workers: 4
[4750.381s][debug][gc,phases      ] GC(267)     Total                          Min: 0, Avg:  0.0, Max: 0, Diff: 0, Sum: 0, Workers: 4
[4750.381s][debug][gc,phases      ] GC(267) Weak Processing 0.368ms
[4750.381s][debug][gc,age         ] GC(267) Desired survivor size 237502464 bytes, new threshold 15 (max threshold 15)
[4750.381s][info ][gc,heap        ] GC(267) PSYoungGen: 1767152K(1864192K)->133104K(1767424K) Eden: 1634304K(1634304K)->0K(1634304K) From: 132848K(229888K)->133104K(133120K)
[4750.381s][info ][gc,heap        ] GC(267) ParOldGen: 732225K(870912K)->732517K(870912K)
[4750.381s][info ][gc,metaspace   ] GC(267) Metaspace: 86253K(87296K)->86253K(87296K) NonClass: 74150K(74688K)->74150K(74688K) Class: 12103K(12608K)->12103K(12608K)
[4750.381s][info ][gc             ] GC(267) Pause Young (Allocation Failure) 2440M->845M(2576M) 31.865ms
[4750.381s][info ][gc,cpu         ] GC(267) User=0.12s Sys=0.00s Real=0.04s
[4750.381s][info ][safepoint      ] Safepoint "ParallelGCFailedAllocation", Time since last: 3498972546 ns, Reaching safepoint: 120108 ns, At safepoint: 31954780 ns, Total: 32074888 ns
[4754.381s][info ][safepoint      ] Safepoint "Cleanup", Time since last: 4000246707 ns, Reaching safepoint: 42903 ns, At safepoint: 8901 ns, Total: 51804 ns
[4768.666s][info ][gc,start       ] GC(268) Pause Young (Allocation Failure)
[4768.705s][debug][gc,phases      ] GC(268) Scavenge 38.890ms
[4768.705s][debug][gc,ref         ] GC(268) Skipped phase 1 of Reference Processing: no references
[4768.705s][debug][gc,ref         ] GC(268) ReferenceProcessor::execute queues: 1, RefProcThreadModel::Single, marks_oops_alive: false
[4768.705s][debug][gc,ref         ] GC(268) Skipped phase 3 of Reference Processing: no references
[4768.705s][debug][gc,ref         ] GC(268) ReferenceProcessor::execute queues: 1, RefProcThreadModel::Single, marks_oops_alive: false
[4768.705s][debug][gc,phases      ] GC(268) Reference Processing 0.110ms
[4768.705s][debug][gc,phases      ] GC(268)   VM Weak                        Min:  0.0, Avg:  0.0, Max:  0.0, Diff:  0.0, Sum:  0.0, Workers: 4
[4768.705s][debug][gc,phases      ] GC(268)     Dead                           Min: 0, Avg:  0.0, Max: 0, Diff: 0, Sum: 0, Workers: 4
[4768.705s][debug][gc,phases      ] GC(268)     Total                          Min: 0, Avg: 204.2, Max: 395, Diff: 395, Sum: 817, Workers: 4
[4768.705s][debug][gc,phases      ] GC(268)   ObjectSynchronizer Weak        Min:  0.0, Avg:  0.0, Max:  0.0, Diff:  0.0, Sum:  0.0, Workers: 4
[4768.705s][debug][gc,phases      ] GC(268)     Dead                           Min: 0, Avg:  0.0, Max: 0, Diff: 0, Sum: 0, Workers: 4
[4768.705s][debug][gc,phases      ] GC(268)     Total                          Min: 0, Avg: 27.2, Max: 64, Diff: 64, Sum: 109, Workers: 4
[4768.705s][debug][gc,phases      ] GC(268)   JVMTI Tag Weak OopStorage      Min:  0.0, Avg:  0.0, Max:  0.0, Diff:  0.0, Sum:  0.0, Workers: 4
[4768.705s][debug][gc,phases      ] GC(268)     Dead                           Min: 0, Avg:  0.0, Max: 0, Diff: 0, Sum: 0, Workers: 4
[4768.705s][debug][gc,phases      ] GC(268)     Total                          Min: 0, Avg:  0.0, Max: 0, Diff: 0, Sum: 0, Workers: 4
[4768.705s][debug][gc,phases      ] GC(268)   StringTable Weak               Min:  0.0, Avg:  0.1, Max:  0.2, Diff:  0.2, Sum:  0.5, Workers: 4
[4768.705s][debug][gc,phases      ] GC(268)     Dead                           Min: 0, Avg:  0.0, Max: 0, Diff: 0, Sum: 0, Workers: 4
[4768.705s][debug][gc,phases      ] GC(268)     Total                          Min: 0, Avg: 11152.2, Max: 15040, Diff: 15040, Sum: 44609, Workers: 4
[4768.705s][debug][gc,phases      ] GC(268)   ResolvedMethodTable Weak       Min:  0.0, Avg:  0.0, Max:  0.0, Diff:  0.0, Sum:  0.1, Workers: 4
[4768.706s][debug][gc,phases      ] GC(268)     Dead                           Min: 0, Avg:  0.0, Max: 0, Diff: 0, Sum: 0, Workers: 4
[4768.706s][debug][gc,phases      ] GC(268)     Total                          Min: 0, Avg: 2621.0, Max: 3647, Diff: 3647, Sum: 10484, Workers: 4
[4768.706s][debug][gc,phases      ] GC(268)   JNI Weak                       Min:  0.0, Avg:  0.0, Max:  0.0, Diff:  0.0, Sum:  0.0, Workers: 4
[4768.706s][debug][gc,phases      ] GC(268)     Dead                           Min: 0, Avg:  0.0, Max: 0, Diff: 0, Sum: 0, Workers: 4
[4768.706s][debug][gc,phases      ] GC(268)     Total                          Min: 0, Avg: 11.2, Max: 45, Diff: 45, Sum: 45, Workers: 4
[4768.706s][debug][gc,phases      ] GC(268)   StringDedup Table Weak         Min:  0.0, Avg:  0.0, Max:  0.0, Diff:  0.0, Sum:  0.0, Workers: 4
[4768.706s][debug][gc,phases      ] GC(268)     Dead                           Min: 0, Avg:  0.0, Max: 0, Diff: 0, Sum: 0, Workers: 4
[4768.706s][debug][gc,phases      ] GC(268)     Total                          Min: 0, Avg:  0.0, Max: 0, Diff: 0, Sum: 0, Workers: 4
[4768.706s][debug][gc,phases      ] GC(268)   StringDedup Requests0 Weak     Min:  0.0, Avg:  0.0, Max:  0.0, Diff:  0.0, Sum:  0.0, Workers: 4
[4768.706s][debug][gc,phases      ] GC(268)     Dead                           Min: 0, Avg:  0.0, Max: 0, Diff: 0, Sum: 0, Workers: 4
[4768.706s][debug][gc,phases      ] GC(268)     Total                          Min: 0, Avg:  0.0, Max: 0, Diff: 0, Sum: 0, Workers: 4
[4768.706s][debug][gc,phases      ] GC(268)   StringDedup Requests1 Weak     Min:  0.0, Avg:  0.0, Max:  0.0, Diff:  0.0, Sum:  0.0, Workers: 4
[4768.706s][debug][gc,phases      ] GC(268)     Dead                           Min: 0, Avg:  0.0, Max: 0, Diff: 0, Sum: 0, Workers: 4
[4768.706s][debug][gc,phases      ] GC(268)     Total                          Min: 0, Avg:  0.0, Max: 0, Diff: 0, Sum: 0, Workers: 4
[4768.706s][debug][gc,phases      ] GC(268)   Weak JFR Old Object Samples    Min:  0.0, Avg:  0.0, Max:  0.0, Diff:  0.0, Sum:  0.0, Workers: 4
[4768.706s][debug][gc,phases      ] GC(268)     Dead                           Min: 0, Avg:  0.0, Max: 0, Diff: 0, Sum: 0, Workers: 4
[4768.706s][debug][gc,phases      ] GC(268)     Total                          Min: 0, Avg:  0.0, Max: 0, Diff: 0, Sum: 0, Workers: 4
[4768.706s][debug][gc,phases      ] GC(268) Weak Processing 0.438ms
[4768.706s][debug][gc,age         ] GC(268) Desired survivor size 236978176 bytes, new threshold 15 (max threshold 15)
[4768.706s][info ][gc,heap        ] GC(268) PSYoungGen: 1767408K(1767424K)->133425K(1865728K) Eden: 1634304K(1634304K)->0K(1633792K) From: 133104K(133120K)->133425K(231936K)
[4768.706s][info ][gc,heap        ] GC(268) ParOldGen: 732517K(870912K)->732773K(870912K)
[4768.706s][info ][gc,metaspace   ] GC(268) Metaspace: 86255K(87296K)->86255K(87296K) NonClass: 74151K(74688K)->74151K(74688K) Class: 12103K(12608K)->12103K(12608K)
[4768.706s][info ][gc             ] GC(268) Pause Young (Allocation Failure) 2441M->845M(2672M) 39.566ms
[4768.706s][info ][gc,cpu         ] GC(268) User=0.13s Sys=0.00s Real=0.04s
[4768.706s][info ][safepoint      ] Safepoint "ParallelGCFailedAllocation", Time since last: 14284569938 ns, Reaching safepoint: 95407 ns, At safepoint: 39647929 ns, Total: 39743336 ns
[4771.706s][info ][safepoint      ] Safepoint "Cleanup", Time since last: 3000197544 ns, Reaching safepoint: 125609 ns, At safepoint: 6801 ns, Total: 132410 ns
[4775.706s][info ][safepoint      ] Safepoint "Cleanup", Time since last: 4000329694 ns, Reaching safepoint: 115908 ns, At safepoint: 6001 ns, Total: 121909 ns
[4776.707s][info ][safepoint      ] Safepoint "Cleanup", Time since last: 1000116050 ns, Reaching safepoint: 121009 ns, At safepoint: 7600 ns, Total: 128609 ns
[4785.688s][info ][gc,start       ] GC(269) Pause Young (Allocation Failure)
[4785.703s][debug][gc,phases      ] GC(269) Scavenge 14.977ms
[4785.703s][debug][gc,ref         ] GC(269) Skipped phase 1 of Reference Processing: no references
[4785.704s][debug][gc,ref         ] GC(269) ReferenceProcessor::execute queues: 1, RefProcThreadModel::Single, marks_oops_alive: false
[4785.704s][debug][gc,ref         ] GC(269) Skipped phase 3 of Reference Processing: no references
[4785.704s][debug][gc,ref         ] GC(269) ReferenceProcessor::execute queues: 1, RefProcThreadModel::Single, marks_oops_alive: false
[4785.704s][debug][gc,phases      ] GC(269) Reference Processing 0.100ms
[4785.704s][debug][gc,phases      ] GC(269)   VM Weak                        Min:  0.0, Avg:  0.0, Max:  0.0, Diff:  0.0, Sum:  0.0, Workers: 4
[4785.704s][debug][gc,phases      ] GC(269)     Dead                           Min: 0, Avg:  0.0, Max: 0, Diff: 0, Sum: 0, Workers: 4
[4785.704s][debug][gc,phases      ] GC(269)     Total                          Min: 0, Avg: 204.2, Max: 433, Diff: 433, Sum: 817, Workers: 4
[4785.704s][debug][gc,phases      ] GC(269)   ObjectSynchronizer Weak        Min:  0.0, Avg:  0.0, Max:  0.0, Diff:  0.0, Sum:  0.0, Workers: 4
[4785.704s][debug][gc,phases      ] GC(269)     Dead                           Min: 0, Avg:  0.0, Max: 0, Diff: 0, Sum: 0, Workers: 4
[4785.704s][debug][gc,phases      ] GC(269)     Total                          Min: 0, Avg: 27.2, Max: 64, Diff: 64, Sum: 109, Workers: 4
[4785.704s][debug][gc,phases      ] GC(269)   JVMTI Tag Weak OopStorage      Min:  0.0, Avg:  0.0, Max:  0.0, Diff:  0.0, Sum:  0.0, Workers: 4
[4785.704s][debug][gc,phases      ] GC(269)     Dead                           Min: 0, Avg:  0.0, Max: 0, Diff: 0, Sum: 0, Workers: 4
[4785.704s][debug][gc,phases      ] GC(269)     Total                          Min: 0, Avg:  0.0, Max: 0, Diff: 0, Sum: 0, Workers: 4
[4785.704s][debug][gc,phases      ] GC(269)   StringTable Weak               Min:  0.0, Avg:  0.1, Max:  0.1, Diff:  0.1, Sum:  0.4, Workers: 4
[4785.704s][debug][gc,phases      ] GC(269)     Dead                           Min: 0, Avg:  0.0, Max: 0, Diff: 0, Sum: 0, Workers: 4
[4785.704s][debug][gc,phases      ] GC(269)     Total                          Min: 0, Avg: 11152.5, Max: 15168, Diff: 15168, Sum: 44610, Workers: 4
[4785.704s][debug][gc,phases      ] GC(269)   ResolvedMethodTable Weak       Min:  0.0, Avg:  0.0, Max:  0.0, Diff:  0.0, Sum:  0.1, Workers: 4
[4785.704s][debug][gc,phases      ] GC(269)     Dead                           Min: 0, Avg:  0.0, Max: 0, Diff: 0, Sum: 0, Workers: 4
[4785.704s][debug][gc,phases      ] GC(269)     Total                          Min: 0, Avg: 2621.0, Max: 3774, Diff: 3774, Sum: 10484, Workers: 4
[4785.704s][debug][gc,phases      ] GC(269)   JNI Weak                       Min:  0.0, Avg:  0.0, Max:  0.0, Diff:  0.0, Sum:  0.0, Workers: 4
[4785.704s][debug][gc,phases      ] GC(269)     Dead                           Min: 0, Avg:  0.0, Max: 0, Diff: 0, Sum: 0, Workers: 4
[4785.704s][debug][gc,phases      ] GC(269)     Total                          Min: 0, Avg: 11.2, Max: 45, Diff: 45, Sum: 45, Workers: 4
[4785.704s][debug][gc,phases      ] GC(269)   StringDedup Table Weak         Min:  0.0, Avg:  0.0, Max:  0.0, Diff:  0.0, Sum:  0.0, Workers: 4
[4785.704s][debug][gc,phases      ] GC(269)     Dead                           Min: 0, Avg:  0.0, Max: 0, Diff: 0, Sum: 0, Workers: 4
[4785.704s][debug][gc,phases      ] GC(269)     Total                          Min: 0, Avg:  0.0, Max: 0, Diff: 0, Sum: 0, Workers: 4
[4785.704s][debug][gc,phases      ] GC(269)   StringDedup Requests0 Weak     Min:  0.0, Avg:  0.0, Max:  0.0, Diff:  0.0, Sum:  0.0, Workers: 4
[4785.704s][debug][gc,phases      ] GC(269)     Dead                           Min: 0, Avg:  0.0, Max: 0, Diff: 0, Sum: 0, Workers: 4
[4785.704s][debug][gc,phases      ] GC(269)     Total                          Min: 0, Avg:  0.0, Max: 0, Diff: 0, Sum: 0, Workers: 4
[4785.704s][debug][gc,phases      ] GC(269)   StringDedup Requests1 Weak     Min:  0.0, Avg:  0.0, Max:  0.0, Diff:  0.0, Sum:  0.0, Workers: 4
[4785.704s][debug][gc,phases      ] GC(269)     Dead                           Min: 0, Avg:  0.0, Max: 0, Diff: 0, Sum: 0, Workers: 4
[4785.704s][debug][gc,phases      ] GC(269)     Total                          Min: 0, Avg:  0.0, Max: 0, Diff: 0, Sum: 0, Workers: 4
[4785.704s][debug][gc,phases      ] GC(269)   Weak JFR Old Object Samples    Min:  0.0, Avg:  0.0, Max:  0.0, Diff:  0.0, Sum:  0.0, Workers: 4
[4785.704s][debug][gc,phases      ] GC(269)     Dead                           Min: 0, Avg:  0.0, Max: 0, Diff: 0, Sum: 0, Workers: 4
[4785.704s][debug][gc,phases      ] GC(269)     Total                          Min: 0, Avg:  0.0, Max: 0, Diff: 0, Sum: 0, Workers: 4
[4785.704s][debug][gc,phases      ] GC(269) Weak Processing 0.373ms
[4785.704s][debug][gc,age         ] GC(269) Desired survivor size 236453888 bytes, new threshold 15 (max threshold 15)
[4785.704s][info ][gc,heap        ] GC(269) PSYoungGen: 1767217K(1865728K)->28897K(1865216K) Eden: 1633792K(1633792K)->0K(1633792K) From: 133425K(231936K)->28897K(231424K)
[4785.704s][info ][gc,heap        ] GC(269) ParOldGen: 732773K(870912K)->732981K(870912K)
[4785.704s][info ][gc,metaspace   ] GC(269) Metaspace: 86263K(87296K)->86263K(87296K) NonClass: 74159K(74688K)->74159K(74688K) Class: 12103K(12608K)->12103K(12608K)
[4785.704s][info ][gc             ] GC(269) Pause Young (Allocation Failure) 2441M->744M(2672M) 15.590ms
[4785.704s][info ][gc,cpu         ] GC(269) User=0.04s Sys=0.00s Real=0.02s
[4785.704s][info ][safepoint      ] Safepoint "ParallelGCFailedAllocation", Time since last: 8981557855 ns, Reaching safepoint: 98607 ns, At safepoint: 15679519 ns, Total: 15778126 ns
[4791.809s][info ][gc,start       ] GC(270) Pause Young (Allocation Failure)
[4791.833s][debug][gc,phases      ] GC(270) Scavenge 23.669ms
[4791.833s][debug][gc,ref         ] GC(270) Skipped phase 1 of Reference Processing: no references
[4791.833s][debug][gc,ref         ] GC(270) ReferenceProcessor::execute queues: 1, RefProcThreadModel::Single, marks_oops_alive: false
[4791.833s][debug][gc,ref         ] GC(270) Skipped phase 3 of Reference Processing: no references
[4791.833s][debug][gc,ref         ] GC(270) ReferenceProcessor::execute queues: 1, RefProcThreadModel::Single, marks_oops_alive: false
[4791.833s][debug][gc,phases      ] GC(270) Reference Processing 0.102ms
[4791.833s][debug][gc,phases      ] GC(270)   VM Weak                        Min:  0.0, Avg:  0.0, Max:  0.0, Diff:  0.0, Sum:  0.0, Workers: 4
[4791.833s][debug][gc,phases      ] GC(270)     Dead                           Min: 0, Avg:  0.0, Max: 0, Diff: 0, Sum: 0, Workers: 4
[4791.833s][debug][gc,phases      ] GC(270)     Total                          Min: 0, Avg: 204.2, Max: 497, Diff: 497, Sum: 817, Workers: 4
[4791.833s][debug][gc,phases      ] GC(270)   ObjectSynchronizer Weak        Min:  0.0, Avg:  0.0, Max:  0.0, Diff:  0.0, Sum:  0.0, Workers: 4
[4791.833s][debug][gc,phases      ] GC(270)     Dead                           Min: 0, Avg:  0.0, Max: 0, Diff: 0, Sum: 0, Workers: 4
[4791.833s][debug][gc,phases      ] GC(270)     Total                          Min: 0, Avg: 27.2, Max: 64, Diff: 64, Sum: 109, Workers: 4
[4791.833s][debug][gc,phases      ] GC(270)   JVMTI Tag Weak OopStorage      Min:  0.0, Avg:  0.0, Max:  0.0, Diff:  0.0, Sum:  0.0, Workers: 4
[4791.833s][debug][gc,phases      ] GC(270)     Dead                           Min: 0, Avg:  0.0, Max: 0, Diff: 0, Sum: 0, Workers: 4
[4791.833s][debug][gc,phases      ] GC(270)     Total                          Min: 0, Avg:  0.0, Max: 0, Diff: 0, Sum: 0, Workers: 4
[4791.833s][debug][gc,phases      ] GC(270)   StringTable Weak               Min:  0.1, Avg:  0.1, Max:  0.1, Diff:  0.0, Sum:  0.4, Workers: 4
[4791.833s][debug][gc,phases      ] GC(270)     Dead                           Min: 0, Avg:  0.0, Max: 0, Diff: 0, Sum: 0, Workers: 4
[4791.833s][debug][gc,phases      ] GC(270)     Total                          Min: 9856, Avg: 11152.5, Max: 12160, Diff: 2304, Sum: 44610, Workers: 4
[4791.833s][debug][gc,phases      ] GC(270)   ResolvedMethodTable Weak       Min:  0.0, Avg:  0.0, Max:  0.0, Diff:  0.0, Sum:  0.1, Workers: 4
[4791.833s][debug][gc,phases      ] GC(270)     Dead                           Min: 0, Avg:  0.0, Max: 0, Diff: 0, Sum: 0, Workers: 4
[4791.833s][debug][gc,phases      ] GC(270)     Total                          Min: 2496, Avg: 2621.0, Max: 2751, Diff: 255, Sum: 10484, Workers: 4
[4791.833s][debug][gc,phases      ] GC(270)   JNI Weak                       Min:  0.0, Avg:  0.0, Max:  0.0, Diff:  0.0, Sum:  0.0, Workers: 4
[4791.833s][debug][gc,phases      ] GC(270)     Dead                           Min: 0, Avg:  0.0, Max: 0, Diff: 0, Sum: 0, Workers: 4
[4791.833s][debug][gc,phases      ] GC(270)     Total                          Min: 0, Avg: 11.2, Max: 45, Diff: 45, Sum: 45, Workers: 4
[4791.833s][debug][gc,phases      ] GC(270)   StringDedup Table Weak         Min:  0.0, Avg:  0.0, Max:  0.0, Diff:  0.0, Sum:  0.0, Workers: 4
[4791.833s][debug][gc,phases      ] GC(270)     Dead                           Min: 0, Avg:  0.0, Max: 0, Diff: 0, Sum: 0, Workers: 4
[4791.833s][debug][gc,phases      ] GC(270)     Total                          Min: 0, Avg:  0.0, Max: 0, Diff: 0, Sum: 0, Workers: 4
[4791.833s][debug][gc,phases      ] GC(270)   StringDedup Requests0 Weak     Min:  0.0, Avg:  0.0, Max:  0.0, Diff:  0.0, Sum:  0.0, Workers: 4
[4791.833s][debug][gc,phases      ] GC(270)     Dead                           Min: 0, Avg:  0.0, Max: 0, Diff: 0, Sum: 0, Workers: 4
[4791.833s][debug][gc,phases      ] GC(270)     Total                          Min: 0, Avg:  0.0, Max: 0, Diff: 0, Sum: 0, Workers: 4
[4791.833s][debug][gc,phases      ] GC(270)   StringDedup Requests1 Weak     Min:  0.0, Avg:  0.0, Max:  0.0, Diff:  0.0, Sum:  0.0, Workers: 4
[4791.833s][debug][gc,phases      ] GC(270)     Dead                           Min: 0, Avg:  0.0, Max: 0, Diff: 0, Sum: 0, Workers: 4
[4791.833s][debug][gc,phases      ] GC(270)     Total                          Min: 0, Avg:  0.0, Max: 0, Diff: 0, Sum: 0, Workers: 4
[4791.833s][debug][gc,phases      ] GC(270)   Weak JFR Old Object Samples    Min:  0.0, Avg:  0.0, Max:  0.0, Diff:  0.0, Sum:  0.0, Workers: 4
[4791.833s][debug][gc,phases      ] GC(270)     Dead                           Min: 0, Avg:  0.0, Max: 0, Diff: 0, Sum: 0, Workers: 4
[4791.833s][debug][gc,phases      ] GC(270)     Total                          Min: 0, Avg:  0.0, Max: 0, Diff: 0, Sum: 0, Workers: 4
[4791.833s][debug][gc,phases      ] GC(270) Weak Processing 0.336ms
[4791.833s][debug][gc,age         ] GC(270) Desired survivor size 227540992 bytes, new threshold 15 (max threshold 15)
[4791.833s][info ][gc,heap        ] GC(270) PSYoungGen: 1662689K(1865216K)->68176K(1874944K) Eden: 1633792K(1633792K)->0K(1644032K) From: 28897K(231424K)->68176K(230912K)
[4791.833s][info ][gc,heap        ] GC(270) ParOldGen: 732981K(870912K)->733173K(870912K)
[4791.833s][info ][gc,metaspace   ] GC(270) Metaspace: 86263K(87296K)->86263K(87296K) NonClass: 74160K(74688K)->74160K(74688K) Class: 12103K(12608K)->12103K(12608K)
[4791.833s][info ][gc             ] GC(270) Pause Young (Allocation Failure) 2339M->782M(2681M) 24.237ms
[4791.833s][info ][gc,cpu         ] GC(270) User=0.08s Sys=0.00s Real=0.03s
[4791.833s][info ][safepoint      ] Safepoint "ParallelGCFailedAllocation", Time since last: 6105011929 ns, Reaching safepoint: 109908 ns, At safepoint: 24317234 ns, Total: 24427142 ns
[4793.834s][info ][safepoint      ] Safepoint "Cleanup", Time since last: 2000159289 ns, Reaching safepoint: 50004 ns, At safepoint: 3900 ns, Total: 53904 ns
[4796.834s][info ][safepoint      ] Safepoint "Cleanup", Time since last: 3000179028 ns, Reaching safepoint: 46303 ns, At safepoint: 28502 ns, Total: 74805 ns
[4808.204s][info ][gc,start       ] GC(271) Pause Young (Allocation Failure)
[4808.222s][debug][gc,phases      ] GC(271) Scavenge 18.008ms
[4808.223s][debug][gc,ref         ] GC(271) Skipped phase 1 of Reference Processing: no references
[4808.223s][debug][gc,ref         ] GC(271) ReferenceProcessor::execute queues: 1, RefProcThreadModel::Single, marks_oops_alive: false
[4808.223s][debug][gc,ref         ] GC(271) Skipped phase 3 of Reference Processing: no references
[4808.223s][debug][gc,ref         ] GC(271) ReferenceProcessor::execute queues: 1, RefProcThreadModel::Single, marks_oops_alive: false
[4808.223s][debug][gc,phases      ] GC(271) Reference Processing 0.108ms
[4808.223s][debug][gc,phases      ] GC(271)   VM Weak                        Min:  0.0, Avg:  0.0, Max:  0.0, Diff:  0.0, Sum:  0.0, Workers: 4
[4808.223s][debug][gc,phases      ] GC(271)     Dead                           Min: 0, Avg:  0.0, Max: 0, Diff: 0, Sum: 0, Workers: 4
[4808.223s][debug][gc,phases      ] GC(271)     Total                          Min: 0, Avg: 204.2, Max: 518, Diff: 518, Sum: 817, Workers: 4
[4808.223s][debug][gc,phases      ] GC(271)   ObjectSynchronizer Weak        Min:  0.0, Avg:  0.0, Max:  0.0, Diff:  0.0, Sum:  0.0, Workers: 4
[4808.223s][debug][gc,phases      ] GC(271)     Dead                           Min: 0, Avg:  0.0, Max: 0, Diff: 0, Sum: 0, Workers: 4
[4808.223s][debug][gc,phases      ] GC(271)     Total                          Min: 0, Avg: 27.2, Max: 64, Diff: 64, Sum: 109, Workers: 4
[4808.223s][debug][gc,phases      ] GC(271)   JVMTI Tag Weak OopStorage      Min:  0.0, Avg:  0.0, Max:  0.0, Diff:  0.0, Sum:  0.0, Workers: 4
[4808.223s][debug][gc,phases      ] GC(271)     Dead                           Min: 0, Avg:  0.0, Max: 0, Diff: 0, Sum: 0, Workers: 4
[4808.223s][debug][gc,phases      ] GC(271)     Total                          Min: 0, Avg:  0.0, Max: 0, Diff: 0, Sum: 0, Workers: 4
[4808.223s][debug][gc,phases      ] GC(271)   StringTable Weak               Min:  0.1, Avg:  0.1, Max:  0.1, Diff:  0.0, Sum:  0.5, Workers: 4
[4808.223s][debug][gc,phases      ] GC(271)     Dead                           Min: 0, Avg:  0.0, Max: 0, Diff: 0, Sum: 0, Workers: 4
[4808.223s][debug][gc,phases      ] GC(271)     Total                          Min: 10240, Avg: 11152.5, Max: 12418, Diff: 2178, Sum: 44610, Workers: 4
[4808.223s][debug][gc,phases      ] GC(271)   ResolvedMethodTable Weak       Min:  0.0, Avg:  0.0, Max:  0.0, Diff:  0.0, Sum:  0.1, Workers: 4
[4808.223s][debug][gc,phases      ] GC(271)     Dead                           Min: 0, Avg:  0.0, Max: 0, Diff: 0, Sum: 0, Workers: 4
[4808.223s][debug][gc,phases      ] GC(271)     Total                          Min: 2366, Avg: 2621.0, Max: 2880, Diff: 514, Sum: 10484, Workers: 4
[4808.223s][debug][gc,phases      ] GC(271)   JNI Weak                       Min:  0.0, Avg:  0.0, Max:  0.0, Diff:  0.0, Sum:  0.0, Workers: 4
[4808.223s][debug][gc,phases      ] GC(271)     Dead                           Min: 0, Avg:  0.0, Max: 0, Diff: 0, Sum: 0, Workers: 4
[4808.223s][debug][gc,phases      ] GC(271)     Total                          Min: 0, Avg: 11.2, Max: 45, Diff: 45, Sum: 45, Workers: 4
[4808.223s][debug][gc,phases      ] GC(271)   StringDedup Table Weak         Min:  0.0, Avg:  0.0, Max:  0.0, Diff:  0.0, Sum:  0.0, Workers: 4
[4808.223s][debug][gc,phases      ] GC(271)     Dead                           Min: 0, Avg:  0.0, Max: 0, Diff: 0, Sum: 0, Workers: 4
[4808.223s][debug][gc,phases      ] GC(271)     Total                          Min: 0, Avg:  0.0, Max: 0, Diff: 0, Sum: 0, Workers: 4
[4808.223s][debug][gc,phases      ] GC(271)   StringDedup Requests0 Weak     Min:  0.0, Avg:  0.0, Max:  0.0, Diff:  0.0, Sum:  0.0, Workers: 4
[4808.223s][debug][gc,phases      ] GC(271)     Dead                           Min: 0, Avg:  0.0, Max: 0, Diff: 0, Sum: 0, Workers: 4
[4808.223s][debug][gc,phases      ] GC(271)     Total                          Min: 0, Avg:  0.0, Max: 0, Diff: 0, Sum: 0, Workers: 4
[4808.223s][debug][gc,phases      ] GC(271)   StringDedup Requests1 Weak     Min:  0.0, Avg:  0.0, Max:  0.0, Diff:  0.0, Sum:  0.0, Workers: 4
[4808.223s][debug][gc,phases      ] GC(271)     Dead                           Min: 0, Avg:  0.0, Max: 0, Diff: 0, Sum: 0, Workers: 4
[4808.223s][debug][gc,phases      ] GC(271)     Total                          Min: 0, Avg:  0.0, Max: 0, Diff: 0, Sum: 0, Workers: 4
[4808.223s][debug][gc,phases      ] GC(271)   Weak JFR Old Object Samples    Min:  0.0, Avg:  0.0, Max:  0.0, Diff:  0.0, Sum:  0.0, Workers: 4
[4808.223s][debug][gc,phases      ] GC(271)     Dead                           Min: 0, Avg:  0.0, Max: 0, Diff: 0, Sum: 0, Workers: 4
[4808.223s][debug][gc,phases      ] GC(271)     Total                          Min: 0, Avg:  0.0, Max: 0, Diff: 0, Sum: 0, Workers: 4
[4808.223s][debug][gc,phases      ] GC(271) Weak Processing 0.356ms
[4808.223s][debug][gc,age         ] GC(271) Desired survivor size 218103808 bytes, new threshold 15 (max threshold 15)
[4808.223s][info ][gc,heap        ] GC(271) PSYoungGen: 1712208K(1874944K)->68288K(1866240K) Eden: 1644032K(1644032K)->0K(1644032K) From: 68176K(230912K)->68288K(222208K)
[4808.223s][info ][gc,heap        ] GC(271) ParOldGen: 733173K(870912K)->733441K(870912K)
[4808.223s][info ][gc,metaspace   ] GC(271) Metaspace: 86264K(87296K)->86264K(87296K) NonClass: 74160K(74688K)->74160K(74688K) Class: 12103K(12608K)->12103K(12608K)
[4808.223s][info ][gc             ] GC(271) Pause Young (Allocation Failure) 2388M->782M(2673M) 18.612ms
[4808.223s][info ][gc,cpu         ] GC(271) User=0.07s Sys=0.00s Real=0.02s
[4808.223s][info ][safepoint      ] Safepoint "ParallelGCFailedAllocation", Time since last: 11370314322 ns, Reaching safepoint: 107607 ns, At safepoint: 18698634 ns, Total: 18806241 ns
[4823.224s][info ][safepoint      ] Safepoint "Cleanup", Time since last: 15000976382 ns, Reaching safepoint: 46903 ns, At safepoint: 3201 ns, Total: 50104 ns
[4824.224s][info ][safepoint      ] Safepoint "Cleanup", Time since last: 1000096439 ns, Reaching safepoint: 42303 ns, At safepoint: 3500 ns, Total: 45803 ns
[4826.597s][info ][gc,start       ] GC(272) Pause Young (Allocation Failure)
[4826.617s][debug][gc,phases      ] GC(272) Scavenge 19.560ms
[4826.617s][debug][gc,ref         ] GC(272) Skipped phase 1 of Reference Processing: no references
[4826.617s][debug][gc,ref         ] GC(272) ReferenceProcessor::execute queues: 1, RefProcThreadModel::Single, marks_oops_alive: false
[4826.617s][debug][gc,ref         ] GC(272) Skipped phase 3 of Reference Processing: no references
[4826.617s][debug][gc,ref         ] GC(272) ReferenceProcessor::execute queues: 1, RefProcThreadModel::Single, marks_oops_alive: false
[4826.617s][debug][gc,phases      ] GC(272) Reference Processing 0.107ms
[4826.617s][debug][gc,phases      ] GC(272)   VM Weak                        Min:  0.0, Avg:  0.0, Max:  0.0, Diff:  0.0, Sum:  0.0, Workers: 4
[4826.617s][debug][gc,phases      ] GC(272)     Dead                           Min: 0, Avg:  0.0, Max: 0, Diff: 0, Sum: 0, Workers: 4
[4826.617s][debug][gc,phases      ] GC(272)     Total                          Min: 0, Avg: 204.2, Max: 497, Diff: 497, Sum: 817, Workers: 4
[4826.617s][debug][gc,phases      ] GC(272)   ObjectSynchronizer Weak        Min:  0.0, Avg:  0.0, Max:  0.0, Diff:  0.0, Sum:  0.0, Workers: 4
[4826.617s][debug][gc,phases      ] GC(272)     Dead                           Min: 0, Avg:  0.0, Max: 0, Diff: 0, Sum: 0, Workers: 4
[4826.617s][debug][gc,phases      ] GC(272)     Total                          Min: 0, Avg: 27.2, Max: 64, Diff: 64, Sum: 109, Workers: 4
[4826.617s][debug][gc,phases      ] GC(272)   JVMTI Tag Weak OopStorage      Min:  0.0, Avg:  0.0, Max:  0.0, Diff:  0.0, Sum:  0.0, Workers: 4
[4826.617s][debug][gc,phases      ] GC(272)     Dead                           Min: 0, Avg:  0.0, Max: 0, Diff: 0, Sum: 0, Workers: 4
[4826.617s][debug][gc,phases      ] GC(272)     Total                          Min: 0, Avg:  0.0, Max: 0, Diff: 0, Sum: 0, Workers: 4
[4826.617s][debug][gc,phases      ] GC(272)   StringTable Weak               Min:  0.0, Avg:  0.1, Max:  0.2, Diff:  0.2, Sum:  0.4, Workers: 4
[4826.617s][debug][gc,phases      ] GC(272)     Dead                           Min: 0, Avg:  0.0, Max: 0, Diff: 0, Sum: 0, Workers: 4
[4826.617s][debug][gc,phases      ] GC(272)     Total                          Min: 0, Avg: 11152.8, Max: 15936, Diff: 15936, Sum: 44611, Workers: 4
[4826.617s][debug][gc,phases      ] GC(272)   ResolvedMethodTable Weak       Min:  0.0, Avg:  0.0, Max:  0.0, Diff:  0.0, Sum:  0.1, Workers: 4
[4826.617s][debug][gc,phases      ] GC(272)     Dead                           Min: 0, Avg:  0.0, Max: 0, Diff: 0, Sum: 0, Workers: 4
[4826.617s][debug][gc,phases      ] GC(272)     Total                          Min: 0, Avg: 2621.0, Max: 3902, Diff: 3902, Sum: 10484, Workers: 4
[4826.617s][debug][gc,phases      ] GC(272)   JNI Weak                       Min:  0.0, Avg:  0.0, Max:  0.0, Diff:  0.0, Sum:  0.0, Workers: 4
[4826.617s][debug][gc,phases      ] GC(272)     Dead                           Min: 0, Avg:  0.0, Max: 0, Diff: 0, Sum: 0, Workers: 4
[4826.617s][debug][gc,phases      ] GC(272)     Total                          Min: 0, Avg: 11.2, Max: 45, Diff: 45, Sum: 45, Workers: 4
[4826.617s][debug][gc,phases      ] GC(272)   StringDedup Table Weak         Min:  0.0, Avg:  0.0, Max:  0.0, Diff:  0.0, Sum:  0.0, Workers: 4
[4826.617s][debug][gc,phases      ] GC(272)     Dead                           Min: 0, Avg:  0.0, Max: 0, Diff: 0, Sum: 0, Workers: 4
[4826.617s][debug][gc,phases      ] GC(272)     Total                          Min: 0, Avg:  0.0, Max: 0, Diff: 0, Sum: 0, Workers: 4
[4826.617s][debug][gc,phases      ] GC(272)   StringDedup Requests0 Weak     Min:  0.0, Avg:  0.0, Max:  0.0, Diff:  0.0, Sum:  0.0, Workers: 4
[4826.617s][debug][gc,phases      ] GC(272)     Dead                           Min: 0, Avg:  0.0, Max: 0, Diff: 0, Sum: 0, Workers: 4
[4826.617s][debug][gc,phases      ] GC(272)     Total                          Min: 0, Avg:  0.0, Max: 0, Diff: 0, Sum: 0, Workers: 4
[4826.617s][debug][gc,phases      ] GC(272)   StringDedup Requests1 Weak     Min:  0.0, Avg:  0.0, Max:  0.0, Diff:  0.0, Sum:  0.0, Workers: 4
[4826.617s][debug][gc,phases      ] GC(272)     Dead                           Min: 0, Avg:  0.0, Max: 0, Diff: 0, Sum: 0, Workers: 4
[4826.617s][debug][gc,phases      ] GC(272)     Total                          Min: 0, Avg:  0.0, Max: 0, Diff: 0, Sum: 0, Workers: 4
[4826.617s][debug][gc,phases      ] GC(272)   Weak JFR Old Object Samples    Min:  0.0, Avg:  0.0, Max:  0.0, Diff:  0.0, Sum:  0.0, Workers: 4
[4826.617s][debug][gc,phases      ] GC(272)     Dead                           Min: 0, Avg:  0.0, Max: 0, Diff: 0, Sum: 0, Workers: 4
[4826.617s][debug][gc,phases      ] GC(272)     Total                          Min: 0, Avg:  0.0, Max: 0, Diff: 0, Sum: 0, Workers: 4
[4826.617s][debug][gc,phases      ] GC(272) Weak Processing 0.420ms
[4826.617s][debug][gc,age         ] GC(272) Desired survivor size 209715200 bytes, new threshold 15 (max threshold 15)
[4826.617s][info ][gc,heap        ] GC(272) PSYoungGen: 1712320K(1866240K)->67920K(1892352K) Eden: 1644032K(1644032K)->0K(1679360K) From: 68288K(222208K)->67920K(212992K)
[4826.617s][info ][gc,heap        ] GC(272) ParOldGen: 733441K(870912K)->733814K(870912K)
[4826.617s][info ][gc,metaspace   ] GC(272) Metaspace: 86270K(87296K)->86270K(87296K) NonClass: 74166K(74688K)->74166K(74688K) Class: 12103K(12608K)->12103K(12608K)
[4826.617s][info ][gc             ] GC(272) Pause Young (Allocation Failure) 2388M->782M(2698M) 20.218ms
[4826.617s][info ][gc,cpu         ] GC(272) User=0.08s Sys=0.00s Real=0.02s
[4826.617s][info ][safepoint      ] Safepoint "ParallelGCFailedAllocation", Time since last: 2372820459 ns, Reaching safepoint: 31402 ns, At safepoint: 20328950 ns, Total: 20360352 ns
[4827.618s][info ][safepoint      ] Safepoint "Cleanup", Time since last: 1000083938 ns, Reaching safepoint: 50904 ns, At safepoint: 3200 ns, Total: 54104 ns
[4843.613s][info ][gc,start       ] GC(273) Pause Young (Allocation Failure)
[4843.631s][debug][gc,phases      ] GC(273) Scavenge 17.557ms
[4843.631s][debug][gc,ref         ] GC(273) Skipped phase 1 of Reference Processing: no references
[4843.631s][debug][gc,ref         ] GC(273) ReferenceProcessor::execute queues: 1, RefProcThreadModel::Single, marks_oops_alive: false
[4843.631s][debug][gc,ref         ] GC(273) Skipped phase 3 of Reference Processing: no references
[4843.631s][debug][gc,ref         ] GC(273) ReferenceProcessor::execute queues: 1, RefProcThreadModel::Single, marks_oops_alive: false
[4843.631s][debug][gc,phases      ] GC(273) Reference Processing 0.102ms
[4843.631s][debug][gc,phases      ] GC(273)   VM Weak                        Min:  0.0, Avg:  0.0, Max:  0.0, Diff:  0.0, Sum:  0.0, Workers: 4
[4843.631s][debug][gc,phases      ] GC(273)     Dead                           Min: 0, Avg:  0.0, Max: 0, Diff: 0, Sum: 0, Workers: 4
[4843.631s][debug][gc,phases      ] GC(273)     Total                          Min: 0, Avg: 204.2, Max: 492, Diff: 492, Sum: 817, Workers: 4
[4843.631s][debug][gc,phases      ] GC(273)   ObjectSynchronizer Weak        Min:  0.0, Avg:  0.0, Max:  0.0, Diff:  0.0, Sum:  0.0, Workers: 4
[4843.631s][debug][gc,phases      ] GC(273)     Dead                           Min: 0, Avg:  0.0, Max: 0, Diff: 0, Sum: 0, Workers: 4
[4843.631s][debug][gc,phases      ] GC(273)     Total                          Min: 0, Avg: 27.2, Max: 64, Diff: 64, Sum: 109, Workers: 4
[4843.631s][debug][gc,phases      ] GC(273)   JVMTI Tag Weak OopStorage      Min:  0.0, Avg:  0.0, Max:  0.0, Diff:  0.0, Sum:  0.0, Workers: 4
[4843.631s][debug][gc,phases      ] GC(273)     Dead                           Min: 0, Avg:  0.0, Max: 0, Diff: 0, Sum: 0, Workers: 4
[4843.631s][debug][gc,phases      ] GC(273)     Total                          Min: 0, Avg:  0.0, Max: 0, Diff: 0, Sum: 0, Workers: 4
[4843.631s][debug][gc,phases      ] GC(273)   StringTable Weak               Min:  0.0, Avg:  0.1, Max:  0.1, Diff:  0.1, Sum:  0.4, Workers: 4
[4843.631s][debug][gc,phases      ] GC(273)     Dead                           Min: 0, Avg:  0.0, Max: 0, Diff: 0, Sum: 0, Workers: 4
[4843.631s][debug][gc,phases      ] GC(273)     Total                          Min: 0, Avg: 11152.8, Max: 15363, Diff: 15363, Sum: 44611, Workers: 4
[4843.631s][debug][gc,phases      ] GC(273)   ResolvedMethodTable Weak       Min:  0.0, Avg:  0.0, Max:  0.1, Diff:  0.1, Sum:  0.1, Workers: 4
[4843.631s][debug][gc,phases      ] GC(273)     Dead                           Min: 0, Avg:  0.0, Max: 0, Diff: 0, Sum: 0, Workers: 4
[4843.631s][debug][gc,phases      ] GC(273)     Total                          Min: 0, Avg: 2621.0, Max: 3638, Diff: 3638, Sum: 10484, Workers: 4
[4843.631s][debug][gc,phases      ] GC(273)   JNI Weak                       Min:  0.0, Avg:  0.0, Max:  0.0, Diff:  0.0, Sum:  0.0, Workers: 4
[4843.631s][debug][gc,phases      ] GC(273)     Dead                           Min: 0, Avg:  0.0, Max: 0, Diff: 0, Sum: 0, Workers: 4
[4843.631s][debug][gc,phases      ] GC(273)     Total                          Min: 0, Avg: 11.2, Max: 45, Diff: 45, Sum: 45, Workers: 4
[4843.631s][debug][gc,phases      ] GC(273)   StringDedup Table Weak         Min:  0.0, Avg:  0.0, Max:  0.0, Diff:  0.0, Sum:  0.0, Workers: 4
[4843.631s][debug][gc,phases      ] GC(273)     Dead                           Min: 0, Avg:  0.0, Max: 0, Diff: 0, Sum: 0, Workers: 4
[4843.631s][debug][gc,phases      ] GC(273)     Total                          Min: 0, Avg:  0.0, Max: 0, Diff: 0, Sum: 0, Workers: 4
[4843.631s][debug][gc,phases      ] GC(273)   StringDedup Requests0 Weak     Min:  0.0, Avg:  0.0, Max:  0.0, Diff:  0.0, Sum:  0.0, Workers: 4
[4843.631s][debug][gc,phases      ] GC(273)     Dead                           Min: 0, Avg:  0.0, Max: 0, Diff: 0, Sum: 0, Workers: 4
[4843.631s][debug][gc,phases      ] GC(273)     Total                          Min: 0, Avg:  0.0, Max: 0, Diff: 0, Sum: 0, Workers: 4
[4843.631s][debug][gc,phases      ] GC(273)   StringDedup Requests1 Weak     Min:  0.0, Avg:  0.0, Max:  0.0, Diff:  0.0, Sum:  0.0, Workers: 4
[4843.631s][debug][gc,phases      ] GC(273)     Dead                           Min: 0, Avg:  0.0, Max: 0, Diff: 0, Sum: 0, Workers: 4
[4843.631s][debug][gc,phases      ] GC(273)     Total                          Min: 0, Avg:  0.0, Max: 0, Diff: 0, Sum: 0, Workers: 4
[4843.632s][debug][gc,phases      ] GC(273)   Weak JFR Old Object Samples    Min:  0.0, Avg:  0.0, Max:  0.0, Diff:  0.0, Sum:  0.0, Workers: 4
[4843.632s][debug][gc,phases      ] GC(273)     Dead                           Min: 0, Avg:  0.0, Max: 0, Diff: 0, Sum: 0, Workers: 4
[4843.632s][debug][gc,phases      ] GC(273)     Total                          Min: 0, Avg:  0.0, Max: 0, Diff: 0, Sum: 0, Workers: 4
[4843.632s][debug][gc,phases      ] GC(273) Weak Processing 0.422ms
[4843.632s][debug][gc,age         ] GC(273) Desired survivor size 201326592 bytes, new threshold 15 (max threshold 15)
[4843.632s][info ][gc,heap        ] GC(273) PSYoungGen: 1747280K(1892352K)->67024K(1884160K) Eden: 1679360K(1679360K)->0K(1679360K) From: 67920K(212992K)->67024K(204800K)
[4843.632s][info ][gc,heap        ] GC(273) ParOldGen: 733814K(870912K)->734190K(870912K)
[4843.632s][info ][gc,metaspace   ] GC(273) Metaspace: 86271K(87296K)->86271K(87296K) NonClass: 74168K(74688K)->74168K(74688K) Class: 12103K(12608K)->12103K(12608K)
[4843.632s][info ][gc             ] GC(273) Pause Young (Allocation Failure) 2422M->782M(2690M) 18.217ms
[4843.632s][info ][gc,cpu         ] GC(273) User=0.07s Sys=0.00s Real=0.02s
[4843.632s][info ][safepoint      ] Safepoint "ParallelGCFailedAllocation", Time since last: 15995654975 ns, Reaching safepoint: 110708 ns, At safepoint: 18306406 ns, Total: 18417114 ns
[4846.632s][info ][safepoint      ] Safepoint "Cleanup", Time since last: 3000171698 ns, Reaching safepoint: 44903 ns, At safepoint: 8301 ns, Total: 53204 ns
[4861.851s][info ][gc,start       ] GC(274) Pause Young (Allocation Failure)
[4861.870s][debug][gc,phases      ] GC(274) Scavenge 19.012ms
[4861.871s][debug][gc,ref         ] GC(274) Skipped phase 1 of Reference Processing: no references
[4861.871s][debug][gc,ref         ] GC(274) ReferenceProcessor::execute queues: 1, RefProcThreadModel::Single, marks_oops_alive: false
[4861.871s][debug][gc,ref         ] GC(274) Skipped phase 3 of Reference Processing: no references
[4861.871s][debug][gc,ref         ] GC(274) ReferenceProcessor::execute queues: 1, RefProcThreadModel::Single, marks_oops_alive: false
[4861.871s][debug][gc,phases      ] GC(274) Reference Processing 0.103ms
[4861.871s][debug][gc,phases      ] GC(274)   VM Weak                        Min:  0.0, Avg:  0.0, Max:  0.0, Diff:  0.0, Sum:  0.0, Workers: 4
[4861.871s][debug][gc,phases      ] GC(274)     Dead                           Min: 0, Avg:  0.0, Max: 0, Diff: 0, Sum: 0, Workers: 4
[4861.871s][debug][gc,phases      ] GC(274)     Total                          Min: 0, Avg: 204.2, Max: 459, Diff: 459, Sum: 817, Workers: 4
[4861.871s][debug][gc,phases      ] GC(274)   ObjectSynchronizer Weak        Min:  0.0, Avg:  0.0, Max:  0.0, Diff:  0.0, Sum:  0.0, Workers: 4
[4861.871s][debug][gc,phases      ] GC(274)     Dead                           Min: 0, Avg:  0.0, Max: 0, Diff: 0, Sum: 0, Workers: 4
[4861.871s][debug][gc,phases      ] GC(274)     Total                          Min: 0, Avg: 27.2, Max: 64, Diff: 64, Sum: 109, Workers: 4
[4861.871s][debug][gc,phases      ] GC(274)   JVMTI Tag Weak OopStorage      Min:  0.0, Avg:  0.0, Max:  0.0, Diff:  0.0, Sum:  0.0, Workers: 4
[4861.871s][debug][gc,phases      ] GC(274)     Dead                           Min: 0, Avg:  0.0, Max: 0, Diff: 0, Sum: 0, Workers: 4
[4861.871s][debug][gc,phases      ] GC(274)     Total                          Min: 0, Avg:  0.0, Max: 0, Diff: 0, Sum: 0, Workers: 4
[4861.871s][debug][gc,phases      ] GC(274)   StringTable Weak               Min:  0.0, Avg:  0.1, Max:  0.1, Diff:  0.1, Sum:  0.4, Workers: 4
[4861.871s][debug][gc,phases      ] GC(274)     Dead                           Min: 0, Avg:  0.0, Max: 0, Diff: 0, Sum: 0, Workers: 4
[4861.871s][debug][gc,phases      ] GC(274)     Total                          Min: 0, Avg: 11152.8, Max: 15488, Diff: 15488, Sum: 44611, Workers: 4
[4861.871s][debug][gc,phases      ] GC(274)   ResolvedMethodTable Weak       Min:  0.0, Avg:  0.0, Max:  0.0, Diff:  0.0, Sum:  0.1, Workers: 4
[4861.871s][debug][gc,phases      ] GC(274)     Dead                           Min: 0, Avg:  0.0, Max: 0, Diff: 0, Sum: 0, Workers: 4
[4861.871s][debug][gc,phases      ] GC(274)     Total                          Min: 0, Avg: 2621.0, Max: 3701, Diff: 3701, Sum: 10484, Workers: 4
[4861.871s][debug][gc,phases      ] GC(274)   JNI Weak                       Min:  0.0, Avg:  0.0, Max:  0.0, Diff:  0.0, Sum:  0.0, Workers: 4
[4861.871s][debug][gc,phases      ] GC(274)     Dead                           Min: 0, Avg:  0.0, Max: 0, Diff: 0, Sum: 0, Workers: 4
[4861.871s][debug][gc,phases      ] GC(274)     Total                          Min: 0, Avg: 11.2, Max: 45, Diff: 45, Sum: 45, Workers: 4
[4861.871s][debug][gc,phases      ] GC(274)   StringDedup Table Weak         Min:  0.0, Avg:  0.0, Max:  0.0, Diff:  0.0, Sum:  0.0, Workers: 4
[4861.871s][debug][gc,phases      ] GC(274)     Dead                           Min: 0, Avg:  0.0, Max: 0, Diff: 0, Sum: 0, Workers: 4
[4861.871s][debug][gc,phases      ] GC(274)     Total                          Min: 0, Avg:  0.0, Max: 0, Diff: 0, Sum: 0, Workers: 4
[4861.871s][debug][gc,phases      ] GC(274)   StringDedup Requests0 Weak     Min:  0.0, Avg:  0.0, Max:  0.0, Diff:  0.0, Sum:  0.0, Workers: 4
[4861.871s][debug][gc,phases      ] GC(274)     Dead                           Min: 0, Avg:  0.0, Max: 0, Diff: 0, Sum: 0, Workers: 4
[4861.871s][debug][gc,phases      ] GC(274)     Total                          Min: 0, Avg:  0.0, Max: 0, Diff: 0, Sum: 0, Workers: 4
[4861.871s][debug][gc,phases      ] GC(274)   StringDedup Requests1 Weak     Min:  0.0, Avg:  0.0, Max:  0.0, Diff:  0.0, Sum:  0.0, Workers: 4
[4861.871s][debug][gc,phases      ] GC(274)     Dead                           Min: 0, Avg:  0.0, Max: 0, Diff: 0, Sum: 0, Workers: 4
[4861.871s][debug][gc,phases      ] GC(274)     Total                          Min: 0, Avg:  0.0, Max: 0, Diff: 0, Sum: 0, Workers: 4
[4861.871s][debug][gc,phases      ] GC(274)   Weak JFR Old Object Samples    Min:  0.0, Avg:  0.0, Max:  0.0, Diff:  0.0, Sum:  0.0, Workers: 4
[4861.871s][debug][gc,phases      ] GC(274)     Dead                           Min: 0, Avg:  0.0, Max: 0, Diff: 0, Sum: 0, Workers: 4
[4861.871s][debug][gc,phases      ] GC(274)     Total                          Min: 0, Avg:  0.0, Max: 0, Diff: 0, Sum: 0, Workers: 4
[4861.871s][debug][gc,phases      ] GC(274) Weak Processing 0.405ms
[4861.871s][debug][gc,age         ] GC(274) Desired survivor size 193462272 bytes, new threshold 15 (max threshold 15)
[4861.871s][info ][gc,heap        ] GC(274) PSYoungGen: 1746384K(1884160K)->65936K(1908224K) Eden: 1679360K(1679360K)->0K(1711616K) From: 67024K(204800K)->65936K(196608K)
[4861.871s][info ][gc,heap        ] GC(274) ParOldGen: 734190K(870912K)->734754K(870912K)
[4861.871s][info ][gc,metaspace   ] GC(274) Metaspace: 86271K(87296K)->86271K(87296K) NonClass: 74168K(74688K)->74168K(74688K) Class: 12103K(12608K)->12103K(12608K)
[4861.871s][info ][gc             ] GC(274) Pause Young (Allocation Failure) 2422M->781M(2714M) 19.664ms
[4861.871s][info ][gc,cpu         ] GC(274) User=0.08s Sys=0.00s Real=0.02s
[4861.871s][info ][safepoint      ] Safepoint "ParallelGCFailedAllocation", Time since last: 15219414053 ns, Reaching safepoint: 112508 ns, At safepoint: 19750809 ns, Total: 19863317 ns
[4864.871s][info ][safepoint      ] Safepoint "Cleanup", Time since last: 3000207290 ns, Reaching safepoint: 49804 ns, At safepoint: 6000 ns, Total: 55804 ns
[4880.914s][info ][gc,start       ] GC(275) Pause Young (Allocation Failure)
[4880.932s][debug][gc,phases      ] GC(275) Scavenge 18.368ms
[4880.932s][debug][gc,ref         ] GC(275) Skipped phase 1 of Reference Processing: no references
[4880.932s][debug][gc,ref         ] GC(275) ReferenceProcessor::execute queues: 1, RefProcThreadModel::Single, marks_oops_alive: false
[4880.932s][debug][gc,ref         ] GC(275) Skipped phase 3 of Reference Processing: no references
[4880.932s][debug][gc,ref         ] GC(275) ReferenceProcessor::execute queues: 1, RefProcThreadModel::Single, marks_oops_alive: false
[4880.932s][debug][gc,phases      ] GC(275) Reference Processing 0.115ms
[4880.932s][debug][gc,phases      ] GC(275)   VM Weak                        Min:  0.0, Avg:  0.0, Max:  0.0, Diff:  0.0, Sum:  0.0, Workers: 4
[4880.932s][debug][gc,phases      ] GC(275)     Dead                           Min: 0, Avg:  0.0, Max: 0, Diff: 0, Sum: 0, Workers: 4
[4880.932s][debug][gc,phases      ] GC(275)     Total                          Min: 0, Avg: 204.2, Max: 689, Diff: 689, Sum: 817, Workers: 4
[4880.932s][debug][gc,phases      ] GC(275)   ObjectSynchronizer Weak        Min:  0.0, Avg:  0.0, Max:  0.0, Diff:  0.0, Sum:  0.0, Workers: 4
[4880.932s][debug][gc,phases      ] GC(275)     Dead                           Min: 0, Avg:  0.0, Max: 0, Diff: 0, Sum: 0, Workers: 4
[4880.932s][debug][gc,phases      ] GC(275)     Total                          Min: 0, Avg: 27.2, Max: 64, Diff: 64, Sum: 109, Workers: 4
[4880.932s][debug][gc,phases      ] GC(275)   JVMTI Tag Weak OopStorage      Min:  0.0, Avg:  0.0, Max:  0.0, Diff:  0.0, Sum:  0.0, Workers: 4
[4880.932s][debug][gc,phases      ] GC(275)     Dead                           Min: 0, Avg:  0.0, Max: 0, Diff: 0, Sum: 0, Workers: 4
[4880.932s][debug][gc,phases      ] GC(275)     Total                          Min: 0, Avg:  0.0, Max: 0, Diff: 0, Sum: 0, Workers: 4
[4880.932s][debug][gc,phases      ] GC(275)   StringTable Weak               Min:  0.1, Avg:  0.1, Max:  0.1, Diff:  0.0, Sum:  0.4, Workers: 4
[4880.932s][debug][gc,phases      ] GC(275)     Dead                           Min: 0, Avg:  0.0, Max: 0, Diff: 0, Sum: 0, Workers: 4
[4880.932s][debug][gc,phases      ] GC(275)     Total                          Min: 10240, Avg: 11152.8, Max: 11843, Diff: 1603, Sum: 44611, Workers: 4
[4880.932s][debug][gc,phases      ] GC(275)   ResolvedMethodTable Weak       Min:  0.0, Avg:  0.0, Max:  0.0, Diff:  0.0, Sum:  0.1, Workers: 4
[4880.932s][debug][gc,phases      ] GC(275)     Dead                           Min: 0, Avg:  0.0, Max: 0, Diff: 0, Sum: 0, Workers: 4
[4880.932s][debug][gc,phases      ] GC(275)     Total                          Min: 2550, Avg: 2621.0, Max: 2687, Diff: 137, Sum: 10484, Workers: 4
[4880.932s][debug][gc,phases      ] GC(275)   JNI Weak                       Min:  0.0, Avg:  0.0, Max:  0.0, Diff:  0.0, Sum:  0.0, Workers: 4
[4880.932s][debug][gc,phases      ] GC(275)     Dead                           Min: 0, Avg:  0.0, Max: 0, Diff: 0, Sum: 0, Workers: 4
[4880.932s][debug][gc,phases      ] GC(275)     Total                          Min: 0, Avg: 11.2, Max: 45, Diff: 45, Sum: 45, Workers: 4
[4880.932s][debug][gc,phases      ] GC(275)   StringDedup Table Weak         Min:  0.0, Avg:  0.0, Max:  0.0, Diff:  0.0, Sum:  0.0, Workers: 4
[4880.932s][debug][gc,phases      ] GC(275)     Dead                           Min: 0, Avg:  0.0, Max: 0, Diff: 0, Sum: 0, Workers: 4
[4880.932s][debug][gc,phases      ] GC(275)     Total                          Min: 0, Avg:  0.0, Max: 0, Diff: 0, Sum: 0, Workers: 4
[4880.932s][debug][gc,phases      ] GC(275)   StringDedup Requests0 Weak     Min:  0.0, Avg:  0.0, Max:  0.0, Diff:  0.0, Sum:  0.0, Workers: 4
[4880.932s][debug][gc,phases      ] GC(275)     Dead                           Min: 0, Avg:  0.0, Max: 0, Diff: 0, Sum: 0, Workers: 4
[4880.932s][debug][gc,phases      ] GC(275)     Total                          Min: 0, Avg:  0.0, Max: 0, Diff: 0, Sum: 0, Workers: 4
[4880.932s][debug][gc,phases      ] GC(275)   StringDedup Requests1 Weak     Min:  0.0, Avg:  0.0, Max:  0.0, Diff:  0.0, Sum:  0.0, Workers: 4
[4880.932s][debug][gc,phases      ] GC(275)     Dead                           Min: 0, Avg:  0.0, Max: 0, Diff: 0, Sum: 0, Workers: 4
[4880.932s][debug][gc,phases      ] GC(275)     Total                          Min: 0, Avg:  0.0, Max: 0, Diff: 0, Sum: 0, Workers: 4
[4880.932s][debug][gc,phases      ] GC(275)   Weak JFR Old Object Samples    Min:  0.0, Avg:  0.0, Max:  0.0, Diff:  0.0, Sum:  0.0, Workers: 4
[4880.932s][debug][gc,phases      ] GC(275)     Dead                           Min: 0, Avg:  0.0, Max: 0, Diff: 0, Sum: 0, Workers: 4
[4880.932s][debug][gc,phases      ] GC(275)     Total                          Min: 0, Avg:  0.0, Max: 0, Diff: 0, Sum: 0, Workers: 4
[4880.933s][debug][gc,phases      ] GC(275) Weak Processing 0.317ms
[4880.933s][debug][gc,age         ] GC(275) Desired survivor size 185597952 bytes, new threshold 15 (max threshold 15)
[4880.933s][info ][gc,heap        ] GC(275) PSYoungGen: 1777552K(1908224K)->65664K(1900544K) Eden: 1711616K(1711616K)->0K(1711616K) From: 65936K(196608K)->65664K(188928K)
[4880.933s][info ][gc,heap        ] GC(275) ParOldGen: 734754K(870912K)->735114K(870912K)
[4880.933s][info ][gc,metaspace   ] GC(275) Metaspace: 86276K(87296K)->86276K(87296K) NonClass: 74173K(74688K)->74173K(74688K) Class: 12103K(12608K)->12103K(12608K)
[4880.933s][info ][gc             ] GC(275) Pause Young (Allocation Failure) 2453M->782M(2706M) 18.934ms
[4880.933s][info ][gc,cpu         ] GC(275) User=0.06s Sys=0.00s Real=0.02s
[4880.933s][info ][safepoint      ] Safepoint "ParallelGCFailedAllocation", Time since last: 16042174485 ns, Reaching safepoint: 24702 ns, At safepoint: 19022756 ns, Total: 19047458 ns
[4894.147s][info ][gc,start       ] GC(276) Pause Young (Allocation Failure)
[4894.175s][debug][gc,phases      ] GC(276) Scavenge 28.116ms
[4894.175s][debug][gc,ref         ] GC(276) Skipped phase 1 of Reference Processing: no references
[4894.175s][debug][gc,ref         ] GC(276) Skipped phase 2 of Reference Processing: no references
[4894.175s][debug][gc,ref         ] GC(276) Skipped phase 3 of Reference Processing: no references
[4894.175s][debug][gc,ref         ] GC(276) ReferenceProcessor::execute queues: 1, RefProcThreadModel::Single, marks_oops_alive: false
[4894.175s][debug][gc,phases      ] GC(276) Reference Processing 0.104ms
[4894.175s][debug][gc,phases      ] GC(276)   VM Weak                        Min:  0.0, Avg:  0.0, Max:  0.0, Diff:  0.0, Sum:  0.0, Workers: 4
[4894.175s][debug][gc,phases      ] GC(276)     Dead                           Min: 0, Avg:  0.0, Max: 0, Diff: 0, Sum: 0, Workers: 4
[4894.175s][debug][gc,phases      ] GC(276)     Total                          Min: 0, Avg: 204.2, Max: 689, Diff: 689, Sum: 817, Workers: 4
[4894.175s][debug][gc,phases      ] GC(276)   ObjectSynchronizer Weak        Min:  0.0, Avg:  0.0, Max:  0.0, Diff:  0.0, Sum:  0.0, Workers: 4
[4894.175s][debug][gc,phases      ] GC(276)     Dead                           Min: 0, Avg:  0.0, Max: 0, Diff: 0, Sum: 0, Workers: 4
[4894.175s][debug][gc,phases      ] GC(276)     Total                          Min: 0, Avg: 27.2, Max: 64, Diff: 64, Sum: 109, Workers: 4
[4894.175s][debug][gc,phases      ] GC(276)   JVMTI Tag Weak OopStorage      Min:  0.0, Avg:  0.0, Max:  0.0, Diff:  0.0, Sum:  0.0, Workers: 4
[4894.175s][debug][gc,phases      ] GC(276)     Dead                           Min: 0, Avg:  0.0, Max: 0, Diff: 0, Sum: 0, Workers: 4
[4894.175s][debug][gc,phases      ] GC(276)     Total                          Min: 0, Avg:  0.0, Max: 0, Diff: 0, Sum: 0, Workers: 4
[4894.175s][debug][gc,phases      ] GC(276)   StringTable Weak               Min:  0.1, Avg:  0.1, Max:  0.1, Diff:  0.0, Sum:  0.4, Workers: 4
[4894.175s][debug][gc,phases      ] GC(276)     Dead                           Min: 0, Avg:  0.0, Max: 0, Diff: 0, Sum: 0, Workers: 4
[4894.175s][debug][gc,phases      ] GC(276)     Total                          Min: 10688, Avg: 11152.8, Max: 11715, Diff: 1027, Sum: 44611, Workers: 4
[4894.175s][debug][gc,phases      ] GC(276)   ResolvedMethodTable Weak       Min:  0.0, Avg:  0.0, Max:  0.0, Diff:  0.0, Sum:  0.1, Workers: 4
[4894.175s][debug][gc,phases      ] GC(276)     Dead                           Min: 0, Avg:  0.0, Max: 0, Diff: 0, Sum: 0, Workers: 4
[4894.175s][debug][gc,phases      ] GC(276)     Total                          Min: 2366, Avg: 2621.0, Max: 2751, Diff: 385, Sum: 10484, Workers: 4
[4894.175s][debug][gc,phases      ] GC(276)   JNI Weak                       Min:  0.0, Avg:  0.0, Max:  0.0, Diff:  0.0, Sum:  0.0, Workers: 4
[4894.175s][debug][gc,phases      ] GC(276)     Dead                           Min: 0, Avg:  0.0, Max: 0, Diff: 0, Sum: 0, Workers: 4
[4894.175s][debug][gc,phases      ] GC(276)     Total                          Min: 0, Avg: 11.2, Max: 45, Diff: 45, Sum: 45, Workers: 4
[4894.175s][debug][gc,phases      ] GC(276)   StringDedup Table Weak         Min:  0.0, Avg:  0.0, Max:  0.0, Diff:  0.0, Sum:  0.0, Workers: 4
[4894.175s][debug][gc,phases      ] GC(276)     Dead                           Min: 0, Avg:  0.0, Max: 0, Diff: 0, Sum: 0, Workers: 4
[4894.175s][debug][gc,phases      ] GC(276)     Total                          Min: 0, Avg:  0.0, Max: 0, Diff: 0, Sum: 0, Workers: 4
[4894.175s][debug][gc,phases      ] GC(276)   StringDedup Requests0 Weak     Min:  0.0, Avg:  0.0, Max:  0.0, Diff:  0.0, Sum:  0.0, Workers: 4
[4894.175s][debug][gc,phases      ] GC(276)     Dead                           Min: 0, Avg:  0.0, Max: 0, Diff: 0, Sum: 0, Workers: 4
[4894.175s][debug][gc,phases      ] GC(276)     Total                          Min: 0, Avg:  0.0, Max: 0, Diff: 0, Sum: 0, Workers: 4
[4894.175s][debug][gc,phases      ] GC(276)   StringDedup Requests1 Weak     Min:  0.0, Avg:  0.0, Max:  0.0, Diff:  0.0, Sum:  0.0, Workers: 4
[4894.175s][debug][gc,phases      ] GC(276)     Dead                           Min: 0, Avg:  0.0, Max: 0, Diff: 0, Sum: 0, Workers: 4
[4894.175s][debug][gc,phases      ] GC(276)     Total                          Min: 0, Avg:  0.0, Max: 0, Diff: 0, Sum: 0, Workers: 4
[4894.175s][debug][gc,phases      ] GC(276)   Weak JFR Old Object Samples    Min:  0.0, Avg:  0.0, Max:  0.0, Diff:  0.0, Sum:  0.0, Workers: 4
[4894.175s][debug][gc,phases      ] GC(276)     Dead                           Min: 0, Avg:  0.0, Max: 0, Diff: 0, Sum: 0, Workers: 4
[4894.175s][debug][gc,phases      ] GC(276)     Total                          Min: 0, Avg:  0.0, Max: 0, Diff: 0, Sum: 0, Workers: 4
[4894.175s][debug][gc,phases      ] GC(276) Weak Processing 0.336ms
[4894.175s][debug][gc,age         ] GC(276) Desired survivor size 179306496 bytes, new threshold 15 (max threshold 15)
[4894.175s][info ][gc,heap        ] GC(276) PSYoungGen: 1777280K(1900544K)->59952K(1922048K) Eden: 1711616K(1711616K)->0K(1740800K) From: 65664K(188928K)->59952K(181248K)
[4894.175s][info ][gc,heap        ] GC(276) ParOldGen: 735114K(870912K)->756418K(870912K)
[4894.175s][info ][gc,metaspace   ] GC(276) Metaspace: 86280K(87296K)->86280K(87296K) NonClass: 74177K(74688K)->74177K(74688K) Class: 12103K(12608K)->12103K(12608K)
[4894.175s][info ][gc             ] GC(276) Pause Young (Allocation Failure) 2453M->797M(2727M) 28.712ms
[4894.175s][info ][gc,cpu         ] GC(276) User=0.09s Sys=0.00s Real=0.03s
[4894.175s][info ][safepoint      ] Safepoint "ParallelGCFailedAllocation", Time since last: 13214026538 ns, Reaching safepoint: 28302 ns, At safepoint: 28794254 ns, Total: 28822556 ns
[4900.176s][info ][safepoint      ] Safepoint "Cleanup", Time since last: 6000427646 ns, Reaching safepoint: 47504 ns, At safepoint: 4800 ns, Total: 52304 ns
[4900.928s][info ][safepoint      ] Safepoint "ParallelGCFailedAllocation", Time since last: 751518497 ns, Reaching safepoint: 306522 ns, At safepoint: 20502 ns, Total: 327024 ns
[4900.928s][info ][gc,start       ] GC(277) Pause Young (GCLocker Initiated GC)
[4900.961s][debug][gc,phases      ] GC(277) Scavenge 32.780ms
[4900.961s][debug][gc,ref         ] GC(277) Skipped phase 1 of Reference Processing: no references
[4900.961s][debug][gc,ref         ] GC(277) ReferenceProcessor::execute queues: 1, RefProcThreadModel::Single, marks_oops_alive: false
[4900.961s][debug][gc,ref         ] GC(277) Skipped phase 3 of Reference Processing: no references
[4900.961s][debug][gc,ref         ] GC(277) ReferenceProcessor::execute queues: 1, RefProcThreadModel::Single, marks_oops_alive: false
[4900.961s][debug][gc,phases      ] GC(277) Reference Processing 0.110ms
[4900.961s][debug][gc,phases      ] GC(277)   VM Weak                        Min:  0.0, Avg:  0.0, Max:  0.0, Diff:  0.0, Sum:  0.0, Workers: 4
[4900.961s][debug][gc,phases      ] GC(277)     Dead                           Min: 0, Avg:  0.0, Max: 0, Diff: 0, Sum: 0, Workers: 4
[4900.961s][debug][gc,phases      ] GC(277)     Total                          Min: 0, Avg: 204.2, Max: 689, Diff: 689, Sum: 817, Workers: 4
[4900.961s][debug][gc,phases      ] GC(277)   ObjectSynchronizer Weak        Min:  0.0, Avg:  0.0, Max:  0.0, Diff:  0.0, Sum:  0.0, Workers: 4
[4900.961s][debug][gc,phases      ] GC(277)     Dead                           Min: 0, Avg:  0.0, Max: 0, Diff: 0, Sum: 0, Workers: 4
[4900.961s][debug][gc,phases      ] GC(277)     Total                          Min: 0, Avg: 27.2, Max: 64, Diff: 64, Sum: 109, Workers: 4
[4900.961s][debug][gc,phases      ] GC(277)   JVMTI Tag Weak OopStorage      Min:  0.0, Avg:  0.0, Max:  0.0, Diff:  0.0, Sum:  0.0, Workers: 4
[4900.961s][debug][gc,phases      ] GC(277)     Dead                           Min: 0, Avg:  0.0, Max: 0, Diff: 0, Sum: 0, Workers: 4
[4900.961s][debug][gc,phases      ] GC(277)     Total                          Min: 0, Avg:  0.0, Max: 0, Diff: 0, Sum: 0, Workers: 4
[4900.961s][debug][gc,phases      ] GC(277)   StringTable Weak               Min:  0.1, Avg:  0.1, Max:  0.1, Diff:  0.0, Sum:  0.5, Workers: 4
[4900.961s][debug][gc,phases      ] GC(277)     Dead                           Min: 0, Avg:  0.0, Max: 0, Diff: 0, Sum: 0, Workers: 4
[4900.961s][debug][gc,phases      ] GC(277)     Total                          Min: 6403, Avg: 11152.8, Max: 13760, Diff: 7357, Sum: 44611, Workers: 4
[4900.961s][debug][gc,phases      ] GC(277)   ResolvedMethodTable Weak       Min:  0.0, Avg:  0.0, Max:  0.0, Diff:  0.0, Sum:  0.1, Workers: 4
[4900.961s][debug][gc,phases      ] GC(277)     Dead                           Min: 0, Avg:  0.0, Max: 0, Diff: 0, Sum: 0, Workers: 4
[4900.961s][debug][gc,phases      ] GC(277)     Total                          Min: 2432, Avg: 2621.0, Max: 2936, Diff: 504, Sum: 10484, Workers: 4
[4900.961s][debug][gc,phases      ] GC(277)   JNI Weak                       Min:  0.0, Avg:  0.0, Max:  0.0, Diff:  0.0, Sum:  0.0, Workers: 4
[4900.961s][debug][gc,phases      ] GC(277)     Dead                           Min: 0, Avg:  0.0, Max: 0, Diff: 0, Sum: 0, Workers: 4
[4900.961s][debug][gc,phases      ] GC(277)     Total                          Min: 0, Avg: 11.2, Max: 45, Diff: 45, Sum: 45, Workers: 4
[4900.961s][debug][gc,phases      ] GC(277)   StringDedup Table Weak         Min:  0.0, Avg:  0.0, Max:  0.0, Diff:  0.0, Sum:  0.0, Workers: 4
[4900.961s][debug][gc,phases      ] GC(277)     Dead                           Min: 0, Avg:  0.0, Max: 0, Diff: 0, Sum: 0, Workers: 4
[4900.961s][debug][gc,phases      ] GC(277)     Total                          Min: 0, Avg:  0.0, Max: 0, Diff: 0, Sum: 0, Workers: 4
[4900.961s][debug][gc,phases      ] GC(277)   StringDedup Requests0 Weak     Min:  0.0, Avg:  0.0, Max:  0.0, Diff:  0.0, Sum:  0.0, Workers: 4
[4900.961s][debug][gc,phases      ] GC(277)     Dead                           Min: 0, Avg:  0.0, Max: 0, Diff: 0, Sum: 0, Workers: 4
[4900.961s][debug][gc,phases      ] GC(277)     Total                          Min: 0, Avg:  0.0, Max: 0, Diff: 0, Sum: 0, Workers: 4
[4900.961s][debug][gc,phases      ] GC(277)   StringDedup Requests1 Weak     Min:  0.0, Avg:  0.0, Max:  0.0, Diff:  0.0, Sum:  0.0, Workers: 4
[4900.961s][debug][gc,phases      ] GC(277)     Dead                           Min: 0, Avg:  0.0, Max: 0, Diff: 0, Sum: 0, Workers: 4
[4900.961s][debug][gc,phases      ] GC(277)     Total                          Min: 0, Avg:  0.0, Max: 0, Diff: 0, Sum: 0, Workers: 4
[4900.961s][debug][gc,phases      ] GC(277)   Weak JFR Old Object Samples    Min:  0.0, Avg:  0.0, Max:  0.0, Diff:  0.0, Sum:  0.0, Workers: 4
[4900.961s][debug][gc,phases      ] GC(277)     Dead                           Min: 0, Avg:  0.0, Max: 0, Diff: 0, Sum: 0, Workers: 4
[4900.961s][debug][gc,phases      ] GC(277)     Total                          Min: 0, Avg:  0.0, Max: 0, Diff: 0, Sum: 0, Workers: 4
[4900.961s][debug][gc,phases      ] GC(277) Weak Processing 0.366ms
[4900.961s][debug][gc,age         ] GC(277) Desired survivor size 173539328 bytes, new threshold 15 (max threshold 15)
[4900.961s][info ][gc,heap        ] GC(277) PSYoungGen: 1800568K(1922048K)->89584K(1915904K) Eden: 1740615K(1740800K)->0K(1740800K) From: 59952K(181248K)->89584K(175104K)
[4900.961s][info ][gc,heap        ] GC(277) ParOldGen: 756930K(870912K)->758018K(870912K)
[4900.961s][info ][gc,metaspace   ] GC(277) Metaspace: 86282K(87296K)->86282K(87296K) NonClass: 74178K(74688K)->74178K(74688K) Class: 12103K(12608K)->12103K(12608K)
[4900.961s][info ][gc             ] GC(277) Pause Young (GCLocker Initiated GC) 2497M->827M(2721M) 33.390ms
[4900.961s][info ][gc,cpu         ] GC(277) User=0.11s Sys=0.00s Real=0.04s
[4900.961s][info ][safepoint      ] Safepoint "ParallelGCSystemGC", Time since last: 81806 ns, Reaching safepoint: 101407 ns, At safepoint: 33485488 ns, Total: 33586895 ns
[4904.755s][info ][gc,start       ] GC(278) Pause Young (Allocation Failure)
[4904.788s][debug][gc,phases      ] GC(278) Scavenge 32.751ms
[4904.788s][debug][gc,ref         ] GC(278) Skipped phase 1 of Reference Processing: no references
[4904.788s][debug][gc,ref         ] GC(278) ReferenceProcessor::execute queues: 1, RefProcThreadModel::Single, marks_oops_alive: false
[4904.788s][debug][gc,ref         ] GC(278) Skipped phase 3 of Reference Processing: no references
[4904.788s][debug][gc,ref         ] GC(278) ReferenceProcessor::execute queues: 1, RefProcThreadModel::Single, marks_oops_alive: false
[4904.788s][debug][gc,phases      ] GC(278) Reference Processing 0.104ms
[4904.788s][debug][gc,phases      ] GC(278)   VM Weak                        Min:  0.0, Avg:  0.0, Max:  0.0, Diff:  0.0, Sum:  0.0, Workers: 4
[4904.788s][debug][gc,phases      ] GC(278)     Dead                           Min: 0, Avg:  0.0, Max: 0, Diff: 0, Sum: 0, Workers: 4
[4904.788s][debug][gc,phases      ] GC(278)     Total                          Min: 0, Avg: 204.2, Max: 497, Diff: 497, Sum: 817, Workers: 4
[4904.788s][debug][gc,phases      ] GC(278)   ObjectSynchronizer Weak        Min:  0.0, Avg:  0.0, Max:  0.0, Diff:  0.0, Sum:  0.0, Workers: 4
[4904.788s][debug][gc,phases      ] GC(278)     Dead                           Min: 0, Avg:  0.0, Max: 0, Diff: 0, Sum: 0, Workers: 4
[4904.788s][debug][gc,phases      ] GC(278)     Total                          Min: 0, Avg: 27.2, Max: 64, Diff: 64, Sum: 109, Workers: 4
[4904.788s][debug][gc,phases      ] GC(278)   JVMTI Tag Weak OopStorage      Min:  0.0, Avg:  0.0, Max:  0.0, Diff:  0.0, Sum:  0.0, Workers: 4
[4904.788s][debug][gc,phases      ] GC(278)     Dead                           Min: 0, Avg:  0.0, Max: 0, Diff: 0, Sum: 0, Workers: 4
[4904.788s][debug][gc,phases      ] GC(278)     Total                          Min: 0, Avg:  0.0, Max: 0, Diff: 0, Sum: 0, Workers: 4
[4904.788s][debug][gc,phases      ] GC(278)   StringTable Weak               Min:  0.0, Avg:  0.1, Max:  0.2, Diff:  0.2, Sum:  0.4, Workers: 4
[4904.788s][debug][gc,phases      ] GC(278)     Dead                           Min: 0, Avg:  0.0, Max: 0, Diff: 0, Sum: 0, Workers: 4
[4904.788s][debug][gc,phases      ] GC(278)     Total                          Min: 0, Avg: 11152.8, Max: 23168, Diff: 23168, Sum: 44611, Workers: 4
[4904.788s][debug][gc,phases      ] GC(278)   ResolvedMethodTable Weak       Min:  0.0, Avg:  0.0, Max:  0.1, Diff:  0.1, Sum:  0.1, Workers: 4
[4904.789s][debug][gc,phases      ] GC(278)     Dead                           Min: 0, Avg:  0.0, Max: 0, Diff: 0, Sum: 0, Workers: 4
[4904.789s][debug][gc,phases      ] GC(278)     Total                          Min: 0, Avg: 2621.0, Max: 5245, Diff: 5245, Sum: 10484, Workers: 4
[4904.789s][debug][gc,phases      ] GC(278)   JNI Weak                       Min:  0.0, Avg:  0.0, Max:  0.0, Diff:  0.0, Sum:  0.0, Workers: 4
[4904.789s][debug][gc,phases      ] GC(278)     Dead                           Min: 0, Avg:  0.0, Max: 0, Diff: 0, Sum: 0, Workers: 4
[4904.789s][debug][gc,phases      ] GC(278)     Total                          Min: 0, Avg: 11.2, Max: 45, Diff: 45, Sum: 45, Workers: 4
[4904.789s][debug][gc,phases      ] GC(278)   StringDedup Table Weak         Min:  0.0, Avg:  0.0, Max:  0.0, Diff:  0.0, Sum:  0.0, Workers: 4
[4904.789s][debug][gc,phases      ] GC(278)     Dead                           Min: 0, Avg:  0.0, Max: 0, Diff: 0, Sum: 0, Workers: 4
[4904.789s][debug][gc,phases      ] GC(278)     Total                          Min: 0, Avg:  0.0, Max: 0, Diff: 0, Sum: 0, Workers: 4
[4904.789s][debug][gc,phases      ] GC(278)   StringDedup Requests0 Weak     Min:  0.0, Avg:  0.0, Max:  0.0, Diff:  0.0, Sum:  0.0, Workers: 4
[4904.789s][debug][gc,phases      ] GC(278)     Dead                           Min: 0, Avg:  0.0, Max: 0, Diff: 0, Sum: 0, Workers: 4
[4904.789s][debug][gc,phases      ] GC(278)     Total                          Min: 0, Avg:  0.0, Max: 0, Diff: 0, Sum: 0, Workers: 4
[4904.789s][debug][gc,phases      ] GC(278)   StringDedup Requests1 Weak     Min:  0.0, Avg:  0.0, Max:  0.0, Diff:  0.0, Sum:  0.0, Workers: 4
[4904.789s][debug][gc,phases      ] GC(278)     Dead                           Min: 0, Avg:  0.0, Max: 0, Diff: 0, Sum: 0, Workers: 4
[4904.789s][debug][gc,phases      ] GC(278)     Total                          Min: 0, Avg:  0.0, Max: 0, Diff: 0, Sum: 0, Workers: 4
[4904.789s][debug][gc,phases      ] GC(278)   Weak JFR Old Object Samples    Min:  0.0, Avg:  0.0, Max:  0.0, Diff:  0.0, Sum:  0.0, Workers: 4
[4904.789s][debug][gc,phases      ] GC(278)     Dead                           Min: 0, Avg:  0.0, Max: 0, Diff: 0, Sum: 0, Workers: 4
[4904.789s][debug][gc,phases      ] GC(278)     Total                          Min: 0, Avg:  0.0, Max: 0, Diff: 0, Sum: 0, Workers: 4
[4904.789s][debug][gc,phases      ] GC(278) Weak Processing 0.461ms
[4904.789s][debug][gc,age         ] GC(278) Desired survivor size 173539328 bytes, new threshold 15 (max threshold 15)
[4904.789s][info ][gc,heap        ] GC(278) PSYoungGen: 1830384K(1915904K)->104624K(1927680K) Eden: 1740800K(1740800K)->0K(1758208K) From: 89584K(175104K)->104624K(169472K)
[4904.789s][info ][gc,heap        ] GC(278) ParOldGen: 758036K(870912K)->758176K(870912K)
[4904.789s][info ][gc,metaspace   ] GC(278) Metaspace: 86282K(87296K)->86282K(87296K) NonClass: 74179K(74688K)->74179K(74688K) Class: 12103K(12608K)->12103K(12608K)
[4904.789s][info ][gc             ] GC(278) Pause Young (Allocation Failure) 2527M->842M(2733M) 33.439ms
[4904.789s][info ][gc,cpu         ] GC(278) User=0.12s Sys=0.01s Real=0.03s
[4904.789s][info ][safepoint      ] Safepoint "ParallelGCFailedAllocation", Time since last: 3793608954 ns, Reaching safepoint: 102607 ns, At safepoint: 33524591 ns, Total: 33627198 ns
[4905.789s][info ][safepoint      ] Safepoint "Cleanup", Time since last: 1000088825 ns, Reaching safepoint: 43903 ns, At safepoint: 3600 ns, Total: 47503 ns
[4906.789s][info ][safepoint      ] Safepoint "Cleanup", Time since last: 1000109126 ns, Reaching safepoint: 41203 ns, At safepoint: 3100 ns, Total: 44303 ns
[4907.789s][info ][safepoint      ] Safepoint "Cleanup", Time since last: 1000093924 ns, Reaching safepoint: 50904 ns, At safepoint: 3300 ns, Total: 54204 ns
[4910.789s][info ][safepoint      ] Safepoint "Cleanup", Time since last: 3000255271 ns, Reaching safepoint: 46503 ns, At safepoint: 3000 ns, Total: 49503 ns
[4910.975s][info ][gc,start       ] GC(279) Pause Young (Allocation Failure)
[4911.014s][debug][gc,phases      ] GC(279) Scavenge 38.798ms
[4911.014s][debug][gc,ref         ] GC(279) Skipped phase 1 of Reference Processing: no references
[4911.014s][debug][gc,ref         ] GC(279) ReferenceProcessor::execute queues: 1, RefProcThreadModel::Single, marks_oops_alive: false
[4911.014s][debug][gc,ref         ] GC(279) Skipped phase 3 of Reference Processing: no references
[4911.014s][debug][gc,ref         ] GC(279) ReferenceProcessor::execute queues: 1, RefProcThreadModel::Single, marks_oops_alive: false
[4911.014s][debug][gc,phases      ] GC(279) Reference Processing 0.109ms
[4911.014s][debug][gc,phases      ] GC(279)   VM Weak                        Min:  0.0, Avg:  0.0, Max:  0.0, Diff:  0.0, Sum:  0.0, Workers: 4
[4911.014s][debug][gc,phases      ] GC(279)     Dead                           Min: 0, Avg:  0.0, Max: 0, Diff: 0, Sum: 0, Workers: 4
[4911.014s][debug][gc,phases      ] GC(279)     Total                          Min: 0, Avg: 204.2, Max: 817, Diff: 817, Sum: 817, Workers: 4
[4911.014s][debug][gc,phases      ] GC(279)   ObjectSynchronizer Weak        Min:  0.0, Avg:  0.0, Max:  0.0, Diff:  0.0, Sum:  0.0, Workers: 4
[4911.014s][debug][gc,phases      ] GC(279)     Dead                           Min: 0, Avg:  0.0, Max: 0, Diff: 0, Sum: 0, Workers: 4
[4911.014s][debug][gc,phases      ] GC(279)     Total                          Min: 0, Avg: 27.2, Max: 109, Diff: 109, Sum: 109, Workers: 4
[4911.014s][debug][gc,phases      ] GC(279)   JVMTI Tag Weak OopStorage      Min:  0.0, Avg:  0.0, Max:  0.0, Diff:  0.0, Sum:  0.0, Workers: 4
[4911.014s][debug][gc,phases      ] GC(279)     Dead                           Min: 0, Avg:  0.0, Max: 0, Diff: 0, Sum: 0, Workers: 4
[4911.014s][debug][gc,phases      ] GC(279)     Total                          Min: 0, Avg:  0.0, Max: 0, Diff: 0, Sum: 0, Workers: 4
[4911.014s][debug][gc,phases      ] GC(279)   StringTable Weak               Min:  0.0, Avg:  0.1, Max:  0.2, Diff:  0.2, Sum:  0.5, Workers: 4
[4911.014s][debug][gc,phases      ] GC(279)     Dead                           Min: 0, Avg:  0.0, Max: 0, Diff: 0, Sum: 0, Workers: 4
[4911.014s][debug][gc,phases      ] GC(279)     Total                          Min: 0, Avg: 11152.8, Max: 16771, Diff: 16771, Sum: 44611, Workers: 4
[4911.014s][debug][gc,phases      ] GC(279)   ResolvedMethodTable Weak       Min:  0.0, Avg:  0.0, Max:  0.0, Diff:  0.0, Sum:  0.1, Workers: 4
[4911.014s][debug][gc,phases      ] GC(279)     Dead                           Min: 0, Avg:  0.0, Max: 0, Diff: 0, Sum: 0, Workers: 4
[4911.014s][debug][gc,phases      ] GC(279)     Total                          Min: 0, Avg: 2621.0, Max: 3581, Diff: 3581, Sum: 10484, Workers: 4
[4911.014s][debug][gc,phases      ] GC(279)   JNI Weak                       Min:  0.0, Avg:  0.0, Max:  0.0, Diff:  0.0, Sum:  0.0, Workers: 4
[4911.014s][debug][gc,phases      ] GC(279)     Dead                           Min: 0, Avg:  0.0, Max: 0, Diff: 0, Sum: 0, Workers: 4
[4911.014s][debug][gc,phases      ] GC(279)     Total                          Min: 0, Avg: 11.2, Max: 45, Diff: 45, Sum: 45, Workers: 4
[4911.014s][debug][gc,phases      ] GC(279)   StringDedup Table Weak         Min:  0.0, Avg:  0.0, Max:  0.0, Diff:  0.0, Sum:  0.0, Workers: 4
[4911.014s][debug][gc,phases      ] GC(279)     Dead                           Min: 0, Avg:  0.0, Max: 0, Diff: 0, Sum: 0, Workers: 4
[4911.014s][debug][gc,phases      ] GC(279)     Total                          Min: 0, Avg:  0.0, Max: 0, Diff: 0, Sum: 0, Workers: 4
[4911.014s][debug][gc,phases      ] GC(279)   StringDedup Requests0 Weak     Min:  0.0, Avg:  0.0, Max:  0.0, Diff:  0.0, Sum:  0.0, Workers: 4
[4911.014s][debug][gc,phases      ] GC(279)     Dead                           Min: 0, Avg:  0.0, Max: 0, Diff: 0, Sum: 0, Workers: 4
[4911.014s][debug][gc,phases      ] GC(279)     Total                          Min: 0, Avg:  0.0, Max: 0, Diff: 0, Sum: 0, Workers: 4
[4911.014s][debug][gc,phases      ] GC(279)   StringDedup Requests1 Weak     Min:  0.0, Avg:  0.0, Max:  0.0, Diff:  0.0, Sum:  0.0, Workers: 4
[4911.014s][debug][gc,phases      ] GC(279)     Dead                           Min: 0, Avg:  0.0, Max: 0, Diff: 0, Sum: 0, Workers: 4
[4911.014s][debug][gc,phases      ] GC(279)     Total                          Min: 0, Avg:  0.0, Max: 0, Diff: 0, Sum: 0, Workers: 4
[4911.014s][debug][gc,phases      ] GC(279)   Weak JFR Old Object Samples    Min:  0.0, Avg:  0.0, Max:  0.0, Diff:  0.0, Sum:  0.0, Workers: 4
[4911.014s][debug][gc,phases      ] GC(279)     Dead                           Min: 0, Avg:  0.0, Max: 0, Diff: 0, Sum: 0, Workers: 4
[4911.014s][debug][gc,phases      ] GC(279)     Total                          Min: 0, Avg:  0.0, Max: 0, Diff: 0, Sum: 0, Workers: 4
[4911.014s][debug][gc,phases      ] GC(279) Weak Processing 0.401ms
[4911.014s][debug][gc,age         ] GC(279) Desired survivor size 181403648 bytes, new threshold 15 (max threshold 15)
[4911.014s][info ][gc,heap        ] GC(279) PSYoungGen: 1862832K(1927680K)->127232K(1885696K) Eden: 1758208K(1758208K)->0K(1758208K) From: 104624K(169472K)->127232K(127488K)
[4911.014s][info ][gc,heap        ] GC(279) ParOldGen: 758176K(870912K)->758512K(870912K)
[4911.014s][info ][gc,metaspace   ] GC(279) Metaspace: 86287K(87296K)->86287K(87296K) NonClass: 74183K(74688K)->74183K(74688K) Class: 12103K(12608K)->12103K(12608K)
[4911.014s][info ][gc             ] GC(279) Pause Young (Allocation Failure) 2559M->864M(2692M) 39.483ms
[4911.014s][info ][gc,cpu         ] GC(279) User=0.14s Sys=0.01s Real=0.04s
[4911.014s][info ][safepoint      ] Safepoint "ParallelGCFailedAllocation", Time since last: 185211509 ns, Reaching safepoint: 106307 ns, At safepoint: 39581323 ns, Total: 39687630 ns
[4913.015s][info ][safepoint      ] Safepoint "Cleanup", Time since last: 2000162746 ns, Reaching safepoint: 125709 ns, At safepoint: 7200 ns, Total: 132909 ns
[4921.015s][info ][safepoint      ] Safepoint "Cleanup", Time since last: 8000628674 ns, Reaching safepoint: 118108 ns, At safepoint: 5301 ns, Total: 123409 ns
[4925.851s][info ][gc,start       ] GC(280) Pause Young (Allocation Failure)
[4925.886s][debug][gc,phases      ] GC(280) Scavenge 35.403ms
[4925.887s][debug][gc,ref         ] GC(280) Skipped phase 1 of Reference Processing: no references
[4925.887s][debug][gc,ref         ] GC(280) ReferenceProcessor::execute queues: 1, RefProcThreadModel::Single, marks_oops_alive: false
[4925.887s][debug][gc,ref         ] GC(280) Skipped phase 3 of Reference Processing: no references
[4925.887s][debug][gc,ref         ] GC(280) ReferenceProcessor::execute queues: 1, RefProcThreadModel::Single, marks_oops_alive: false
[4925.887s][debug][gc,phases      ] GC(280) Reference Processing 0.104ms
[4925.887s][debug][gc,phases      ] GC(280)   VM Weak                        Min:  0.0, Avg:  0.0, Max:  0.0, Diff:  0.0, Sum:  0.0, Workers: 4
[4925.887s][debug][gc,phases      ] GC(280)     Dead                           Min: 0, Avg:  0.0, Max: 0, Diff: 0, Sum: 0, Workers: 4
[4925.887s][debug][gc,phases      ] GC(280)     Total                          Min: 0, Avg: 204.2, Max: 689, Diff: 689, Sum: 817, Workers: 4
[4925.887s][debug][gc,phases      ] GC(280)   ObjectSynchronizer Weak        Min:  0.0, Avg:  0.0, Max:  0.0, Diff:  0.0, Sum:  0.0, Workers: 4
[4925.887s][debug][gc,phases      ] GC(280)     Dead                           Min: 0, Avg:  0.0, Max: 0, Diff: 0, Sum: 0, Workers: 4
[4925.887s][debug][gc,phases      ] GC(280)     Total                          Min: 0, Avg: 27.2, Max: 64, Diff: 64, Sum: 109, Workers: 4
[4925.887s][debug][gc,phases      ] GC(280)   JVMTI Tag Weak OopStorage      Min:  0.0, Avg:  0.0, Max:  0.0, Diff:  0.0, Sum:  0.0, Workers: 4
[4925.887s][debug][gc,phases      ] GC(280)     Dead                           Min: 0, Avg:  0.0, Max: 0, Diff: 0, Sum: 0, Workers: 4
[4925.887s][debug][gc,phases      ] GC(280)     Total                          Min: 0, Avg:  0.0, Max: 0, Diff: 0, Sum: 0, Workers: 4
[4925.887s][debug][gc,phases      ] GC(280)   StringTable Weak               Min:  0.1, Avg:  0.1, Max:  0.1, Diff:  0.0, Sum:  0.5, Workers: 4
[4925.887s][debug][gc,phases      ] GC(280)     Dead                           Min: 0, Avg:  0.0, Max: 0, Diff: 0, Sum: 0, Workers: 4
[4925.887s][debug][gc,phases      ] GC(280)     Total                          Min: 10115, Avg: 11152.8, Max: 11712, Diff: 1597, Sum: 44611, Workers: 4
[4925.887s][debug][gc,phases      ] GC(280)   ResolvedMethodTable Weak       Min:  0.0, Avg:  0.0, Max:  0.0, Diff:  0.0, Sum:  0.1, Workers: 4
[4925.887s][debug][gc,phases      ] GC(280)     Dead                           Min: 0, Avg:  0.0, Max: 0, Diff: 0, Sum: 0, Workers: 4
[4925.887s][debug][gc,phases      ] GC(280)     Total                          Min: 2495, Avg: 2621.0, Max: 2688, Diff: 193, Sum: 10484, Workers: 4
[4925.887s][debug][gc,phases      ] GC(280)   JNI Weak                       Min:  0.0, Avg:  0.0, Max:  0.0, Diff:  0.0, Sum:  0.0, Workers: 4
[4925.887s][debug][gc,phases      ] GC(280)     Dead                           Min: 0, Avg:  0.0, Max: 0, Diff: 0, Sum: 0, Workers: 4
[4925.887s][debug][gc,phases      ] GC(280)     Total                          Min: 0, Avg: 11.2, Max: 45, Diff: 45, Sum: 45, Workers: 4
[4925.887s][debug][gc,phases      ] GC(280)   StringDedup Table Weak         Min:  0.0, Avg:  0.0, Max:  0.0, Diff:  0.0, Sum:  0.0, Workers: 4
[4925.887s][debug][gc,phases      ] GC(280)     Dead                           Min: 0, Avg:  0.0, Max: 0, Diff: 0, Sum: 0, Workers: 4
[4925.887s][debug][gc,phases      ] GC(280)     Total                          Min: 0, Avg:  0.0, Max: 0, Diff: 0, Sum: 0, Workers: 4
[4925.887s][debug][gc,phases      ] GC(280)   StringDedup Requests0 Weak     Min:  0.0, Avg:  0.0, Max:  0.0, Diff:  0.0, Sum:  0.0, Workers: 4
[4925.887s][debug][gc,phases      ] GC(280)     Dead                           Min: 0, Avg:  0.0, Max: 0, Diff: 0, Sum: 0, Workers: 4
[4925.887s][debug][gc,phases      ] GC(280)     Total                          Min: 0, Avg:  0.0, Max: 0, Diff: 0, Sum: 0, Workers: 4
[4925.887s][debug][gc,phases      ] GC(280)   StringDedup Requests1 Weak     Min:  0.0, Avg:  0.0, Max:  0.0, Diff:  0.0, Sum:  0.0, Workers: 4
[4925.887s][debug][gc,phases      ] GC(280)     Dead                           Min: 0, Avg:  0.0, Max: 0, Diff: 0, Sum: 0, Workers: 4
[4925.887s][debug][gc,phases      ] GC(280)     Total                          Min: 0, Avg:  0.0, Max: 0, Diff: 0, Sum: 0, Workers: 4
[4925.887s][debug][gc,phases      ] GC(280)   Weak JFR Old Object Samples    Min:  0.0, Avg:  0.0, Max:  0.0, Diff:  0.0, Sum:  0.0, Workers: 4
[4925.887s][debug][gc,phases      ] GC(280)     Dead                           Min: 0, Avg:  0.0, Max: 0, Diff: 0, Sum: 0, Workers: 4
[4925.887s][debug][gc,phases      ] GC(280)     Total                          Min: 0, Avg:  0.0, Max: 0, Diff: 0, Sum: 0, Workers: 4
[4925.887s][debug][gc,phases      ] GC(280) Weak Processing 0.342ms
[4925.887s][debug][gc,age         ] GC(280) Desired survivor size 186646528 bytes, new threshold 15 (max threshold 15)
[4925.887s][info ][gc,heap        ] GC(280) PSYoungGen: 1885440K(1885696K)->125488K(1909760K) Eden: 1758208K(1758208K)->0K(1732608K) From: 127232K(127488K)->125488K(177152K)
[4925.887s][info ][gc,heap        ] GC(280) ParOldGen: 758512K(870912K)->758912K(870912K)
[4925.887s][info ][gc,metaspace   ] GC(280) Metaspace: 86297K(87296K)->86297K(87296K) NonClass: 74194K(74688K)->74194K(74688K) Class: 12103K(12608K)->12103K(12608K)
[4925.887s][info ][gc             ] GC(280) Pause Young (Allocation Failure) 2581M->863M(2715M) 35.989ms
[4925.887s][info ][gc,cpu         ] GC(280) User=0.14s Sys=0.00s Real=0.03s
[4925.887s][info ][safepoint      ] Safepoint "ParallelGCFailedAllocation", Time since last: 4835474442 ns, Reaching safepoint: 126709 ns, At safepoint: 36082573 ns, Total: 36209282 ns
[4926.887s][info ][safepoint      ] Safepoint "Cleanup", Time since last: 1000086321 ns, Reaching safepoint: 46603 ns, At safepoint: 4401 ns, Total: 51004 ns
[4938.888s][info ][safepoint      ] Safepoint "Cleanup", Time since last: 12000745716 ns, Reaching safepoint: 40703 ns, At safepoint: 7301 ns, Total: 48004 ns
[4943.652s][info ][gc,start       ] GC(281) Pause Young (Allocation Failure)
[4943.685s][debug][gc,phases      ] GC(281) Scavenge 32.962ms
[4943.685s][debug][gc,ref         ] GC(281) Skipped phase 1 of Reference Processing: no references
[4943.685s][debug][gc,ref         ] GC(281) ReferenceProcessor::execute queues: 1, RefProcThreadModel::Single, marks_oops_alive: false
[4943.685s][debug][gc,ref         ] GC(281) Skipped phase 3 of Reference Processing: no references
[4943.685s][debug][gc,ref         ] GC(281) ReferenceProcessor::execute queues: 1, RefProcThreadModel::Single, marks_oops_alive: false
[4943.685s][debug][gc,phases      ] GC(281) Reference Processing 0.113ms
[4943.686s][debug][gc,phases      ] GC(281)   VM Weak                        Min:  0.0, Avg:  0.0, Max:  0.0, Diff:  0.0, Sum:  0.0, Workers: 4
[4943.686s][debug][gc,phases      ] GC(281)     Dead                           Min: 0, Avg:  0.0, Max: 0, Diff: 0, Sum: 0, Workers: 4
[4943.686s][debug][gc,phases      ] GC(281)     Total                          Min: 0, Avg: 204.2, Max: 582, Diff: 582, Sum: 817, Workers: 4
[4943.686s][debug][gc,phases      ] GC(281)   ObjectSynchronizer Weak        Min:  0.0, Avg:  0.0, Max:  0.0, Diff:  0.0, Sum:  0.0, Workers: 4
[4943.686s][debug][gc,phases      ] GC(281)     Dead                           Min: 0, Avg:  0.0, Max: 0, Diff: 0, Sum: 0, Workers: 4
[4943.686s][debug][gc,phases      ] GC(281)     Total                          Min: 0, Avg: 27.2, Max: 64, Diff: 64, Sum: 109, Workers: 4
[4943.686s][debug][gc,phases      ] GC(281)   JVMTI Tag Weak OopStorage      Min:  0.0, Avg:  0.0, Max:  0.0, Diff:  0.0, Sum:  0.0, Workers: 4
[4943.686s][debug][gc,phases      ] GC(281)     Dead                           Min: 0, Avg:  0.0, Max: 0, Diff: 0, Sum: 0, Workers: 4
[4943.686s][debug][gc,phases      ] GC(281)     Total                          Min: 0, Avg:  0.0, Max: 0, Diff: 0, Sum: 0, Workers: 4
[4943.686s][debug][gc,phases      ] GC(281)   StringTable Weak               Min:  0.0, Avg:  0.1, Max:  0.2, Diff:  0.2, Sum:  0.4, Workers: 4
[4943.686s][debug][gc,phases      ] GC(281)     Dead                           Min: 0, Avg:  0.0, Max: 0, Diff: 0, Sum: 0, Workers: 4
[4943.686s][debug][gc,phases      ] GC(281)     Total                          Min: 0, Avg: 11153.8, Max: 15424, Diff: 15424, Sum: 44615, Workers: 4
[4943.686s][debug][gc,phases      ] GC(281)   ResolvedMethodTable Weak       Min:  0.0, Avg:  0.0, Max:  0.0, Diff:  0.0, Sum:  0.1, Workers: 4
[4943.686s][debug][gc,phases      ] GC(281)     Dead                           Min: 0, Avg:  0.0, Max: 0, Diff: 0, Sum: 0, Workers: 4
[4943.686s][debug][gc,phases      ] GC(281)     Total                          Min: 0, Avg: 2621.0, Max: 3648, Diff: 3648, Sum: 10484, Workers: 4
[4943.686s][debug][gc,phases      ] GC(281)   JNI Weak                       Min:  0.0, Avg:  0.0, Max:  0.0, Diff:  0.0, Sum:  0.0, Workers: 4
[4943.686s][debug][gc,phases      ] GC(281)     Dead                           Min: 0, Avg:  0.0, Max: 0, Diff: 0, Sum: 0, Workers: 4
[4943.686s][debug][gc,phases      ] GC(281)     Total                          Min: 0, Avg: 11.2, Max: 45, Diff: 45, Sum: 45, Workers: 4
[4943.686s][debug][gc,phases      ] GC(281)   StringDedup Table Weak         Min:  0.0, Avg:  0.0, Max:  0.0, Diff:  0.0, Sum:  0.0, Workers: 4
[4943.686s][debug][gc,phases      ] GC(281)     Dead                           Min: 0, Avg:  0.0, Max: 0, Diff: 0, Sum: 0, Workers: 4
[4943.686s][debug][gc,phases      ] GC(281)     Total                          Min: 0, Avg:  0.0, Max: 0, Diff: 0, Sum: 0, Workers: 4
[4943.686s][debug][gc,phases      ] GC(281)   StringDedup Requests0 Weak     Min:  0.0, Avg:  0.0, Max:  0.0, Diff:  0.0, Sum:  0.0, Workers: 4
[4943.686s][debug][gc,phases      ] GC(281)     Dead                           Min: 0, Avg:  0.0, Max: 0, Diff: 0, Sum: 0, Workers: 4
[4943.686s][debug][gc,phases      ] GC(281)     Total                          Min: 0, Avg:  0.0, Max: 0, Diff: 0, Sum: 0, Workers: 4
[4943.686s][debug][gc,phases      ] GC(281)   StringDedup Requests1 Weak     Min:  0.0, Avg:  0.0, Max:  0.0, Diff:  0.0, Sum:  0.0, Workers: 4
[4943.686s][debug][gc,phases      ] GC(281)     Dead                           Min: 0, Avg:  0.0, Max: 0, Diff: 0, Sum: 0, Workers: 4
[4943.686s][debug][gc,phases      ] GC(281)     Total                          Min: 0, Avg:  0.0, Max: 0, Diff: 0, Sum: 0, Workers: 4
[4943.686s][debug][gc,phases      ] GC(281)   Weak JFR Old Object Samples    Min:  0.0, Avg:  0.0, Max:  0.0, Diff:  0.0, Sum:  0.0, Workers: 4
[4943.686s][debug][gc,phases      ] GC(281)     Dead                           Min: 0, Avg:  0.0, Max: 0, Diff: 0, Sum: 0, Workers: 4
[4943.686s][debug][gc,phases      ] GC(281)     Total                          Min: 0, Avg:  0.0, Max: 0, Diff: 0, Sum: 0, Workers: 4
[4943.686s][debug][gc,phases      ] GC(281) Weak Processing 0.376ms
[4943.686s][debug][gc,age         ] GC(281) Desired survivor size 189792256 bytes, new threshold 15 (max threshold 15)
[4943.686s][info ][gc,heap        ] GC(281) PSYoungGen: 1858096K(1909760K)->124560K(1857536K) Eden: 1732608K(1732608K)->0K(1732608K) From: 125488K(177152K)->124560K(124928K)
[4943.686s][info ][gc,heap        ] GC(281) ParOldGen: 758912K(870912K)->759104K(870912K)
[4943.686s][info ][gc,metaspace   ] GC(281) Metaspace: 86301K(87296K)->86301K(87296K) NonClass: 74197K(74688K)->74197K(74688K) Class: 12103K(12608K)->12103K(12608K)
[4943.686s][info ][gc             ] GC(281) Pause Young (Allocation Failure) 2555M->862M(2664M) 33.620ms
[4943.686s][info ][gc,cpu         ] GC(281) User=0.13s Sys=0.00s Real=0.03s
[4943.686s][info ][safepoint      ] Safepoint "ParallelGCFailedAllocation", Time since last: 4764031034 ns, Reaching safepoint: 50703 ns, At safepoint: 33709904 ns, Total: 33760607 ns
[4959.687s][info ][safepoint      ] Safepoint "Cleanup", Time since last: 16000940539 ns, Reaching safepoint: 52303 ns, At safepoint: 6201 ns, Total: 58504 ns
[4960.960s][info ][gc,start       ] GC(282) Pause Young (Allocation Failure)
[4961.002s][debug][gc,phases      ] GC(282) Scavenge 41.934ms
[4961.002s][debug][gc,ref         ] GC(282) Skipped phase 1 of Reference Processing: no references
[4961.002s][debug][gc,ref         ] GC(282) ReferenceProcessor::execute queues: 1, RefProcThreadModel::Single, marks_oops_alive: false
[4961.002s][debug][gc,ref         ] GC(282) Skipped phase 3 of Reference Processing: no references
[4961.002s][debug][gc,ref         ] GC(282) ReferenceProcessor::execute queues: 1, RefProcThreadModel::Single, marks_oops_alive: false
[4961.002s][debug][gc,phases      ] GC(282) Reference Processing 0.121ms
[4961.003s][debug][gc,phases      ] GC(282)   VM Weak                        Min:  0.0, Avg:  0.0, Max:  0.0, Diff:  0.0, Sum:  0.0, Workers: 4
[4961.003s][debug][gc,phases      ] GC(282)     Dead                           Min: 0, Avg:  0.0, Max: 0, Diff: 0, Sum: 0, Workers: 4
[4961.003s][debug][gc,phases      ] GC(282)     Total                          Min: 0, Avg: 204.8, Max: 691, Diff: 691, Sum: 819, Workers: 4
[4961.003s][debug][gc,phases      ] GC(282)   ObjectSynchronizer Weak        Min:  0.0, Avg:  0.0, Max:  0.0, Diff:  0.0, Sum:  0.0, Workers: 4
[4961.003s][debug][gc,phases      ] GC(282)     Dead                           Min: 0, Avg:  0.0, Max: 0, Diff: 0, Sum: 0, Workers: 4
[4961.003s][debug][gc,phases      ] GC(282)     Total                          Min: 0, Avg: 27.2, Max: 64, Diff: 64, Sum: 109, Workers: 4
[4961.003s][debug][gc,phases      ] GC(282)   JVMTI Tag Weak OopStorage      Min:  0.0, Avg:  0.0, Max:  0.0, Diff:  0.0, Sum:  0.0, Workers: 4
[4961.003s][debug][gc,phases      ] GC(282)     Dead                           Min: 0, Avg:  0.0, Max: 0, Diff: 0, Sum: 0, Workers: 4
[4961.003s][debug][gc,phases      ] GC(282)     Total                          Min: 0, Avg:  0.0, Max: 0, Diff: 0, Sum: 0, Workers: 4
[4961.003s][debug][gc,phases      ] GC(282)   StringTable Weak               Min:  0.0, Avg:  0.1, Max:  0.2, Diff:  0.2, Sum:  0.5, Workers: 4
[4961.003s][debug][gc,phases      ] GC(282)     Dead                           Min: 0, Avg:  0.2, Max: 1, Diff: 1, Sum: 1, Workers: 4
[4961.003s][debug][gc,phases      ] GC(282)     Total                          Min: 0, Avg: 11154.8, Max: 15360, Diff: 15360, Sum: 44619, Workers: 4
[4961.003s][debug][gc,phases      ] GC(282)   ResolvedMethodTable Weak       Min:  0.0, Avg:  0.0, Max:  0.0, Diff:  0.0, Sum:  0.1, Workers: 4
[4961.003s][debug][gc,phases      ] GC(282)     Dead                           Min: 0, Avg:  0.0, Max: 0, Diff: 0, Sum: 0, Workers: 4
[4961.003s][debug][gc,phases      ] GC(282)     Total                          Min: 0, Avg: 2623.5, Max: 3903, Diff: 3903, Sum: 10494, Workers: 4
[4961.003s][debug][gc,phases      ] GC(282)   JNI Weak                       Min:  0.0, Avg:  0.0, Max:  0.0, Diff:  0.0, Sum:  0.0, Workers: 4
[4961.003s][debug][gc,phases      ] GC(282)     Dead                           Min: 0, Avg:  0.0, Max: 0, Diff: 0, Sum: 0, Workers: 4
[4961.003s][debug][gc,phases      ] GC(282)     Total                          Min: 0, Avg: 11.2, Max: 45, Diff: 45, Sum: 45, Workers: 4
[4961.003s][debug][gc,phases      ] GC(282)   StringDedup Table Weak         Min:  0.0, Avg:  0.0, Max:  0.0, Diff:  0.0, Sum:  0.0, Workers: 4
[4961.003s][debug][gc,phases      ] GC(282)     Dead                           Min: 0, Avg:  0.0, Max: 0, Diff: 0, Sum: 0, Workers: 4
[4961.003s][debug][gc,phases      ] GC(282)     Total                          Min: 0, Avg:  0.0, Max: 0, Diff: 0, Sum: 0, Workers: 4
[4961.003s][debug][gc,phases      ] GC(282)   StringDedup Requests0 Weak     Min:  0.0, Avg:  0.0, Max:  0.0, Diff:  0.0, Sum:  0.0, Workers: 4
[4961.003s][debug][gc,phases      ] GC(282)     Dead                           Min: 0, Avg:  0.0, Max: 0, Diff: 0, Sum: 0, Workers: 4
[4961.003s][debug][gc,phases      ] GC(282)     Total                          Min: 0, Avg:  0.0, Max: 0, Diff: 0, Sum: 0, Workers: 4
[4961.003s][debug][gc,phases      ] GC(282)   StringDedup Requests1 Weak     Min:  0.0, Avg:  0.0, Max:  0.0, Diff:  0.0, Sum:  0.0, Workers: 4
[4961.003s][debug][gc,phases      ] GC(282)     Dead                           Min: 0, Avg:  0.0, Max: 0, Diff: 0, Sum: 0, Workers: 4
[4961.003s][debug][gc,phases      ] GC(282)     Total                          Min: 0, Avg:  0.0, Max: 0, Diff: 0, Sum: 0, Workers: 4
[4961.003s][debug][gc,phases      ] GC(282)   Weak JFR Old Object Samples    Min:  0.0, Avg:  0.0, Max:  0.0, Diff:  0.0, Sum:  0.0, Workers: 4
[4961.003s][debug][gc,phases      ] GC(282)     Dead                           Min: 0, Avg:  0.0, Max: 0, Diff: 0, Sum: 0, Workers: 4
[4961.003s][debug][gc,phases      ] GC(282)     Total                          Min: 0, Avg:  0.0, Max: 0, Diff: 0, Sum: 0, Workers: 4
[4961.003s][debug][gc,phases      ] GC(282) Weak Processing 0.394ms
[4961.003s][debug][gc,age         ] GC(282) Desired survivor size 191889408 bytes, new threshold 15 (max threshold 15)
[4961.003s][info ][gc,heap        ] GC(282) PSYoungGen: 1857168K(1857536K)->124400K(1907712K) Eden: 1732608K(1732608K)->0K(1722368K) From: 124560K(124928K)->124400K(185344K)
[4961.003s][info ][gc,heap        ] GC(282) ParOldGen: 759104K(870912K)->760020K(870912K)
[4961.003s][info ][gc,metaspace   ] GC(282) Metaspace: 86320K(87360K)->86320K(87360K) NonClass: 74211K(74752K)->74211K(74752K) Class: 12109K(12608K)->12109K(12608K)
[4961.003s][info ][gc             ] GC(282) Pause Young (Allocation Failure) 2554M->863M(2713M) 42.579ms
[4961.003s][info ][gc,cpu         ] GC(282) User=0.12s Sys=0.02s Real=0.04s
[4961.003s][info ][safepoint      ] Safepoint "ParallelGCFailedAllocation", Time since last: 1273248494 ns, Reaching safepoint: 112509 ns, At safepoint: 42661142 ns, Total: 42773651 ns
[4962.003s][info ][safepoint      ] Safepoint "Cleanup", Time since last: 1000090715 ns, Reaching safepoint: 122209 ns, At safepoint: 6601 ns, Total: 128810 ns
[4978.402s][info ][gc,start       ] GC(283) Pause Young (Allocation Failure)
[4978.434s][debug][gc,phases      ] GC(283) Scavenge 32.692ms
[4978.434s][debug][gc,ref         ] GC(283) Skipped phase 1 of Reference Processing: no references
[4978.434s][debug][gc,ref         ] GC(283) ReferenceProcessor::execute queues: 1, RefProcThreadModel::Single, marks_oops_alive: false
[4978.434s][debug][gc,ref         ] GC(283) Skipped phase 3 of Reference Processing: no references
[4978.434s][debug][gc,ref         ] GC(283) Skipped phase 4 of Reference Processing: no references
[4978.434s][debug][gc,phases      ] GC(283) Reference Processing 0.112ms
[4978.435s][debug][gc,phases      ] GC(283)   VM Weak                        Min:  0.0, Avg:  0.0, Max:  0.0, Diff:  0.0, Sum:  0.0, Workers: 4
[4978.435s][debug][gc,phases      ] GC(283)     Dead                           Min: 0, Avg:  0.0, Max: 0, Diff: 0, Sum: 0, Workers: 4
[4978.435s][debug][gc,phases      ] GC(283)     Total                          Min: 0, Avg: 204.8, Max: 632, Diff: 632, Sum: 819, Workers: 4
[4978.435s][debug][gc,phases      ] GC(283)   ObjectSynchronizer Weak        Min:  0.0, Avg:  0.0, Max:  0.0, Diff:  0.0, Sum:  0.0, Workers: 4
[4978.435s][debug][gc,phases      ] GC(283)     Dead                           Min: 0, Avg:  0.0, Max: 0, Diff: 0, Sum: 0, Workers: 4
[4978.435s][debug][gc,phases      ] GC(283)     Total                          Min: 0, Avg: 27.2, Max: 64, Diff: 64, Sum: 109, Workers: 4
[4978.435s][debug][gc,phases      ] GC(283)   JVMTI Tag Weak OopStorage      Min:  0.0, Avg:  0.0, Max:  0.0, Diff:  0.0, Sum:  0.0, Workers: 4
[4978.435s][debug][gc,phases      ] GC(283)     Dead                           Min: 0, Avg:  0.0, Max: 0, Diff: 0, Sum: 0, Workers: 4
[4978.435s][debug][gc,phases      ] GC(283)     Total                          Min: 0, Avg:  0.0, Max: 0, Diff: 0, Sum: 0, Workers: 4
[4978.435s][debug][gc,phases      ] GC(283)   StringTable Weak               Min:  0.1, Avg:  0.1, Max:  0.1, Diff:  0.0, Sum:  0.5, Workers: 4
[4978.435s][debug][gc,phases      ] GC(283)     Dead                           Min: 0, Avg:  0.0, Max: 0, Diff: 0, Sum: 0, Workers: 4
[4978.435s][debug][gc,phases      ] GC(283)     Total                          Min: 9344, Avg: 11154.8, Max: 12235, Diff: 2891, Sum: 44619, Workers: 4
[4978.435s][debug][gc,phases      ] GC(283)   ResolvedMethodTable Weak       Min:  0.0, Avg:  0.0, Max:  0.0, Diff:  0.0, Sum:  0.1, Workers: 4
[4978.435s][debug][gc,phases      ] GC(283)     Dead                           Min: 0, Avg:  0.0, Max: 0, Diff: 0, Sum: 0, Workers: 4
[4978.435s][debug][gc,phases      ] GC(283)     Total                          Min: 1472, Avg: 2623.5, Max: 3135, Diff: 1663, Sum: 10494, Workers: 4
[4978.435s][debug][gc,phases      ] GC(283)   JNI Weak                       Min:  0.0, Avg:  0.0, Max:  0.0, Diff:  0.0, Sum:  0.0, Workers: 4
[4978.435s][debug][gc,phases      ] GC(283)     Dead                           Min: 0, Avg:  0.0, Max: 0, Diff: 0, Sum: 0, Workers: 4
[4978.435s][debug][gc,phases      ] GC(283)     Total                          Min: 0, Avg: 11.2, Max: 45, Diff: 45, Sum: 45, Workers: 4
[4978.435s][debug][gc,phases      ] GC(283)   StringDedup Table Weak         Min:  0.0, Avg:  0.0, Max:  0.0, Diff:  0.0, Sum:  0.0, Workers: 4
[4978.435s][debug][gc,phases      ] GC(283)     Dead                           Min: 0, Avg:  0.0, Max: 0, Diff: 0, Sum: 0, Workers: 4
[4978.435s][debug][gc,phases      ] GC(283)     Total                          Min: 0, Avg:  0.0, Max: 0, Diff: 0, Sum: 0, Workers: 4
[4978.435s][debug][gc,phases      ] GC(283)   StringDedup Requests0 Weak     Min:  0.0, Avg:  0.0, Max:  0.0, Diff:  0.0, Sum:  0.0, Workers: 4
[4978.435s][debug][gc,phases      ] GC(283)     Dead                           Min: 0, Avg:  0.0, Max: 0, Diff: 0, Sum: 0, Workers: 4
[4978.435s][debug][gc,phases      ] GC(283)     Total                          Min: 0, Avg:  0.0, Max: 0, Diff: 0, Sum: 0, Workers: 4
[4978.435s][debug][gc,phases      ] GC(283)   StringDedup Requests1 Weak     Min:  0.0, Avg:  0.0, Max:  0.0, Diff:  0.0, Sum:  0.0, Workers: 4
[4978.435s][debug][gc,phases      ] GC(283)     Dead                           Min: 0, Avg:  0.0, Max: 0, Diff: 0, Sum: 0, Workers: 4
[4978.435s][debug][gc,phases      ] GC(283)     Total                          Min: 0, Avg:  0.0, Max: 0, Diff: 0, Sum: 0, Workers: 4
[4978.435s][debug][gc,phases      ] GC(283)   Weak JFR Old Object Samples    Min:  0.0, Avg:  0.0, Max:  0.0, Diff:  0.0, Sum:  0.0, Workers: 4
[4978.435s][debug][gc,phases      ] GC(283)     Dead                           Min: 0, Avg:  0.0, Max: 0, Diff: 0, Sum: 0, Workers: 4
[4978.435s][debug][gc,phases      ] GC(283)     Total                          Min: 0, Avg:  0.0, Max: 0, Diff: 0, Sum: 0, Workers: 4
[4978.435s][debug][gc,phases      ] GC(283) Weak Processing 0.338ms
[4978.435s][debug][gc,age         ] GC(283) Desired survivor size 191889408 bytes, new threshold 15 (max threshold 15)
[4978.435s][info ][gc,heap        ] GC(283) PSYoungGen: 1846768K(1907712K)->122112K(1909760K) Eden: 1722368K(1722368K)->0K(1722368K) From: 124400K(185344K)->122112K(187392K)
[4978.435s][info ][gc,heap        ] GC(283) ParOldGen: 760020K(870912K)->761325K(870912K)
[4978.435s][info ][gc,metaspace   ] GC(283) Metaspace: 86320K(87360K)->86320K(87360K) NonClass: 74211K(74752K)->74211K(74752K) Class: 12109K(12608K)->12109K(12608K)
[4978.435s][info ][gc             ] GC(283) Pause Young (Allocation Failure) 2545M->862M(2715M) 33.290ms
[4978.435s][info ][gc,cpu         ] GC(283) User=0.12s Sys=0.01s Real=0.03s
[4978.435s][info ][safepoint      ] Safepoint "ParallelGCFailedAllocation", Time since last: 16398422038 ns, Reaching safepoint: 107208 ns, At safepoint: 33381280 ns, Total: 33488488 ns
[4995.914s][info ][gc,start       ] GC(284) Pause Young (Allocation Failure)
[4995.953s][debug][gc,phases      ] GC(284) Scavenge 38.451ms
[4995.953s][debug][gc,ref         ] GC(284) Skipped phase 1 of Reference Processing: no references
[4995.953s][debug][gc,ref         ] GC(284) ReferenceProcessor::execute queues: 1, RefProcThreadModel::Single, marks_oops_alive: false
[4995.953s][debug][gc,ref         ] GC(284) Skipped phase 3 of Reference Processing: no references
[4995.953s][debug][gc,ref         ] GC(284) Skipped phase 4 of Reference Processing: no references
[4995.953s][debug][gc,phases      ] GC(284) Reference Processing 0.116ms
[4995.953s][debug][gc,phases      ] GC(284)   VM Weak                        Min:  0.0, Avg:  0.0, Max:  0.0, Diff:  0.0, Sum:  0.0, Workers: 4
[4995.953s][debug][gc,phases      ] GC(284)     Dead                           Min: 0, Avg:  0.0, Max: 0, Diff: 0, Sum: 0, Workers: 4
[4995.953s][debug][gc,phases      ] GC(284)     Total                          Min: 0, Avg: 204.8, Max: 451, Diff: 451, Sum: 819, Workers: 4
[4995.953s][debug][gc,phases      ] GC(284)   ObjectSynchronizer Weak        Min:  0.0, Avg:  0.0, Max:  0.0, Diff:  0.0, Sum:  0.0, Workers: 4
[4995.953s][debug][gc,phases      ] GC(284)     Dead                           Min: 0, Avg:  0.0, Max: 0, Diff: 0, Sum: 0, Workers: 4
[4995.953s][debug][gc,phases      ] GC(284)     Total                          Min: 0, Avg: 27.2, Max: 64, Diff: 64, Sum: 109, Workers: 4
[4995.953s][debug][gc,phases      ] GC(284)   JVMTI Tag Weak OopStorage      Min:  0.0, Avg:  0.0, Max:  0.0, Diff:  0.0, Sum:  0.0, Workers: 4
[4995.953s][debug][gc,phases      ] GC(284)     Dead                           Min: 0, Avg:  0.0, Max: 0, Diff: 0, Sum: 0, Workers: 4
[4995.953s][debug][gc,phases      ] GC(284)     Total                          Min: 0, Avg:  0.0, Max: 0, Diff: 0, Sum: 0, Workers: 4
[4995.953s][debug][gc,phases      ] GC(284)   StringTable Weak               Min:  0.0, Avg:  0.1, Max:  0.1, Diff:  0.1, Sum:  0.4, Workers: 4
[4995.953s][debug][gc,phases      ] GC(284)     Dead                           Min: 0, Avg:  0.0, Max: 0, Diff: 0, Sum: 0, Workers: 4
[4995.953s][debug][gc,phases      ] GC(284)     Total                          Min: 0, Avg: 11154.8, Max: 15948, Diff: 15948, Sum: 44619, Workers: 4
[4995.953s][debug][gc,phases      ] GC(284)   ResolvedMethodTable Weak       Min:  0.0, Avg:  0.0, Max:  0.0, Diff:  0.0, Sum:  0.1, Workers: 4
[4995.953s][debug][gc,phases      ] GC(284)     Dead                           Min: 0, Avg:  0.0, Max: 0, Diff: 0, Sum: 0, Workers: 4
[4995.953s][debug][gc,phases      ] GC(284)     Total                          Min: 0, Avg: 2623.5, Max: 3647, Diff: 3647, Sum: 10494, Workers: 4
[4995.953s][debug][gc,phases      ] GC(284)   JNI Weak                       Min:  0.0, Avg:  0.0, Max:  0.0, Diff:  0.0, Sum:  0.0, Workers: 4
[4995.953s][debug][gc,phases      ] GC(284)     Dead                           Min: 0, Avg:  0.0, Max: 0, Diff: 0, Sum: 0, Workers: 4
[4995.953s][debug][gc,phases      ] GC(284)     Total                          Min: 0, Avg: 11.2, Max: 45, Diff: 45, Sum: 45, Workers: 4
[4995.953s][debug][gc,phases      ] GC(284)   StringDedup Table Weak         Min:  0.0, Avg:  0.0, Max:  0.0, Diff:  0.0, Sum:  0.0, Workers: 4
[4995.953s][debug][gc,phases      ] GC(284)     Dead                           Min: 0, Avg:  0.0, Max: 0, Diff: 0, Sum: 0, Workers: 4
[4995.953s][debug][gc,phases      ] GC(284)     Total                          Min: 0, Avg:  0.0, Max: 0, Diff: 0, Sum: 0, Workers: 4
[4995.953s][debug][gc,phases      ] GC(284)   StringDedup Requests0 Weak     Min:  0.0, Avg:  0.0, Max:  0.0, Diff:  0.0, Sum:  0.0, Workers: 4
[4995.953s][debug][gc,phases      ] GC(284)     Dead                           Min: 0, Avg:  0.0, Max: 0, Diff: 0, Sum: 0, Workers: 4
[4995.953s][debug][gc,phases      ] GC(284)     Total                          Min: 0, Avg:  0.0, Max: 0, Diff: 0, Sum: 0, Workers: 4
[4995.953s][debug][gc,phases      ] GC(284)   StringDedup Requests1 Weak     Min:  0.0, Avg:  0.0, Max:  0.0, Diff:  0.0, Sum:  0.0, Workers: 4
[4995.953s][debug][gc,phases      ] GC(284)     Dead                           Min: 0, Avg:  0.0, Max: 0, Diff: 0, Sum: 0, Workers: 4
[4995.953s][debug][gc,phases      ] GC(284)     Total                          Min: 0, Avg:  0.0, Max: 0, Diff: 0, Sum: 0, Workers: 4
[4995.953s][debug][gc,phases      ] GC(284)   Weak JFR Old Object Samples    Min:  0.0, Avg:  0.0, Max:  0.0, Diff:  0.0, Sum:  0.0, Workers: 4
[4995.953s][debug][gc,phases      ] GC(284)     Dead                           Min: 0, Avg:  0.0, Max: 0, Diff: 0, Sum: 0, Workers: 4
[4995.953s][debug][gc,phases      ] GC(284)     Total                          Min: 0, Avg:  0.0, Max: 0, Diff: 0, Sum: 0, Workers: 4
[4995.953s][debug][gc,phases      ] GC(284) Weak Processing 0.382ms
[4995.953s][debug][gc,age         ] GC(284) Desired survivor size 191365120 bytes, new threshold 15 (max threshold 15)
[4995.953s][info ][gc,heap        ] GC(284) PSYoungGen: 1844480K(1909760K)->121824K(1910272K) Eden: 1722368K(1722368K)->0K(1722880K) From: 122112K(187392K)->121824K(187392K)
[4995.953s][info ][gc,heap        ] GC(284) ParOldGen: 761325K(870912K)->762101K(870912K)
[4995.953s][info ][gc,metaspace   ] GC(284) Metaspace: 86320K(87360K)->86320K(87360K) NonClass: 74211K(74752K)->74211K(74752K) Class: 12109K(12608K)->12109K(12608K)
[4995.953s][info ][gc             ] GC(284) Pause Young (Allocation Failure) 2544M->863M(2716M) 39.093ms
[4995.953s][info ][gc,cpu         ] GC(284) User=0.12s Sys=0.00s Real=0.04s
[4995.953s][info ][safepoint      ] Safepoint "ParallelGCFailedAllocation", Time since last: 17479336574 ns, Reaching safepoint: 25402 ns, At safepoint: 39181194 ns, Total: 39206596 ns
[5005.957s][info ][safepoint      ] Safepoint "Cleanup", Time since last: 10003771705 ns, Reaching safepoint: 124509 ns, At safepoint: 19401 ns, Total: 143910 ns
[5006.958s][info ][safepoint      ] Safepoint "Cleanup", Time since last: 1000113811 ns, Reaching safepoint: 108508 ns, At safepoint: 6100 ns, Total: 114608 ns
[5010.958s][info ][safepoint      ] Safepoint "Cleanup", Time since last: 4000324634 ns, Reaching safepoint: 114108 ns, At safepoint: 35403 ns, Total: 149511 ns
[5013.409s][info ][gc,start       ] GC(285) Pause Young (Allocation Failure)
[5013.446s][debug][gc,phases      ] GC(285) Scavenge 36.617ms
[5013.446s][debug][gc,ref         ] GC(285) Skipped phase 1 of Reference Processing: no references
[5013.446s][debug][gc,ref         ] GC(285) ReferenceProcessor::execute queues: 1, RefProcThreadModel::Single, marks_oops_alive: false
[5013.446s][debug][gc,ref         ] GC(285) Skipped phase 3 of Reference Processing: no references
[5013.446s][debug][gc,ref         ] GC(285) ReferenceProcessor::execute queues: 1, RefProcThreadModel::Single, marks_oops_alive: false
[5013.446s][debug][gc,phases      ] GC(285) Reference Processing 0.118ms
[5013.446s][debug][gc,phases      ] GC(285)   VM Weak                        Min:  0.0, Avg:  0.0, Max:  0.0, Diff:  0.0, Sum:  0.0, Workers: 4
[5013.446s][debug][gc,phases      ] GC(285)     Dead                           Min: 0, Avg:  0.0, Max: 0, Diff: 0, Sum: 0, Workers: 4
[5013.446s][debug][gc,phases      ] GC(285)     Total                          Min: 0, Avg: 205.8, Max: 439, Diff: 439, Sum: 823, Workers: 4
[5013.446s][debug][gc,phases      ] GC(285)   ObjectSynchronizer Weak        Min:  0.0, Avg:  0.0, Max:  0.0, Diff:  0.0, Sum:  0.0, Workers: 4
[5013.446s][debug][gc,phases      ] GC(285)     Dead                           Min: 0, Avg:  0.0, Max: 0, Diff: 0, Sum: 0, Workers: 4
[5013.446s][debug][gc,phases      ] GC(285)     Total                          Min: 0, Avg: 27.2, Max: 64, Diff: 64, Sum: 109, Workers: 4
[5013.446s][debug][gc,phases      ] GC(285)   JVMTI Tag Weak OopStorage      Min:  0.0, Avg:  0.0, Max:  0.0, Diff:  0.0, Sum:  0.0, Workers: 4
[5013.446s][debug][gc,phases      ] GC(285)     Dead                           Min: 0, Avg:  0.0, Max: 0, Diff: 0, Sum: 0, Workers: 4
[5013.446s][debug][gc,phases      ] GC(285)     Total                          Min: 0, Avg:  0.0, Max: 0, Diff: 0, Sum: 0, Workers: 4
[5013.446s][debug][gc,phases      ] GC(285)   StringTable Weak               Min:  0.0, Avg:  0.1, Max:  0.1, Diff:  0.1, Sum:  0.4, Workers: 4
[5013.446s][debug][gc,phases      ] GC(285)     Dead                           Min: 0, Avg:  0.0, Max: 0, Diff: 0, Sum: 0, Workers: 4
[5013.446s][debug][gc,phases      ] GC(285)     Total                          Min: 0, Avg: 11155.0, Max: 15359, Diff: 15359, Sum: 44620, Workers: 4
[5013.446s][debug][gc,phases      ] GC(285)   ResolvedMethodTable Weak       Min:  0.0, Avg:  0.0, Max:  0.1, Diff:  0.1, Sum:  0.2, Workers: 4
[5013.446s][debug][gc,phases      ] GC(285)     Dead                           Min: 0, Avg:  0.0, Max: 0, Diff: 0, Sum: 0, Workers: 4
[5013.446s][debug][gc,phases      ] GC(285)     Total                          Min: 0, Avg: 2626.0, Max: 4032, Diff: 4032, Sum: 10504, Workers: 4
[5013.446s][debug][gc,phases      ] GC(285)   JNI Weak                       Min:  0.0, Avg:  0.0, Max:  0.0, Diff:  0.0, Sum:  0.0, Workers: 4
[5013.446s][debug][gc,phases      ] GC(285)     Dead                           Min: 0, Avg:  0.0, Max: 0, Diff: 0, Sum: 0, Workers: 4
[5013.446s][debug][gc,phases      ] GC(285)     Total                          Min: 0, Avg: 11.2, Max: 45, Diff: 45, Sum: 45, Workers: 4
[5013.446s][debug][gc,phases      ] GC(285)   StringDedup Table Weak         Min:  0.0, Avg:  0.0, Max:  0.0, Diff:  0.0, Sum:  0.0, Workers: 4
[5013.446s][debug][gc,phases      ] GC(285)     Dead                           Min: 0, Avg:  0.0, Max: 0, Diff: 0, Sum: 0, Workers: 4
[5013.446s][debug][gc,phases      ] GC(285)     Total                          Min: 0, Avg:  0.0, Max: 0, Diff: 0, Sum: 0, Workers: 4
[5013.446s][debug][gc,phases      ] GC(285)   StringDedup Requests0 Weak     Min:  0.0, Avg:  0.0, Max:  0.0, Diff:  0.0, Sum:  0.0, Workers: 4
[5013.446s][debug][gc,phases      ] GC(285)     Dead                           Min: 0, Avg:  0.0, Max: 0, Diff: 0, Sum: 0, Workers: 4
[5013.446s][debug][gc,phases      ] GC(285)     Total                          Min: 0, Avg:  0.0, Max: 0, Diff: 0, Sum: 0, Workers: 4
[5013.446s][debug][gc,phases      ] GC(285)   StringDedup Requests1 Weak     Min:  0.0, Avg:  0.0, Max:  0.0, Diff:  0.0, Sum:  0.0, Workers: 4
[5013.446s][debug][gc,phases      ] GC(285)     Dead                           Min: 0, Avg:  0.0, Max: 0, Diff: 0, Sum: 0, Workers: 4
[5013.446s][debug][gc,phases      ] GC(285)     Total                          Min: 0, Avg:  0.0, Max: 0, Diff: 0, Sum: 0, Workers: 4
[5013.446s][debug][gc,phases      ] GC(285)   Weak JFR Old Object Samples    Min:  0.0, Avg:  0.0, Max:  0.0, Diff:  0.0, Sum:  0.0, Workers: 4
[5013.446s][debug][gc,phases      ] GC(285)     Dead                           Min: 0, Avg:  0.0, Max: 0, Diff: 0, Sum: 0, Workers: 4
[5013.446s][debug][gc,phases      ] GC(285)     Total                          Min: 0, Avg:  0.0, Max: 0, Diff: 0, Sum: 0, Workers: 4
[5013.446s][debug][gc,phases      ] GC(285) Weak Processing 0.424ms
[5013.446s][debug][gc,age         ] GC(285) Desired survivor size 184549376 bytes, new threshold 15 (max threshold 15)
[5013.446s][info ][gc,heap        ] GC(285) PSYoungGen: 1844704K(1910272K)->92160K(1909760K) Eden: 1722880K(1722880K)->0K(1722880K) From: 121824K(187392K)->92160K(186880K)
[5013.446s][info ][gc,heap        ] GC(285) ParOldGen: 762101K(870912K)->792829K(870912K)
[5013.446s][info ][gc,metaspace   ] GC(285) Metaspace: 86343K(87360K)->86343K(87360K) NonClass: 74230K(74752K)->74230K(74752K) Class: 12113K(12608K)->12113K(12608K)
[5013.446s][info ][gc             ] GC(285) Pause Young (Allocation Failure) 2545M->864M(2715M) 37.314ms
[5013.447s][info ][gc,cpu         ] GC(285) User=0.13s Sys=0.01s Real=0.04s
[5013.447s][info ][safepoint      ] Safepoint "ParallelGCFailedAllocation", Time since last: 2451015062 ns, Reaching safepoint: 31402 ns, At safepoint: 37408568 ns, Total: 37439970 ns
[5015.447s][info ][safepoint      ] Safepoint "Cleanup", Time since last: 2000169015 ns, Reaching safepoint: 123309 ns, At safepoint: 8001 ns, Total: 131310 ns
[5020.447s][info ][safepoint      ] Safepoint "Cleanup", Time since last: 5000419537 ns, Reaching safepoint: 117108 ns, At safepoint: 8601 ns, Total: 125709 ns
[5031.780s][info ][gc,start       ] GC(286) Pause Young (Allocation Failure)
[5031.817s][debug][gc,phases      ] GC(286) Scavenge 36.801ms
[5031.817s][debug][gc,ref         ] GC(286) Skipped phase 1 of Reference Processing: no references
[5031.817s][debug][gc,ref         ] GC(286) ReferenceProcessor::execute queues: 1, RefProcThreadModel::Single, marks_oops_alive: false
[5031.817s][debug][gc,ref         ] GC(286) Skipped phase 3 of Reference Processing: no references
[5031.817s][debug][gc,ref         ] GC(286) ReferenceProcessor::execute queues: 1, RefProcThreadModel::Single, marks_oops_alive: false
[5031.817s][debug][gc,phases      ] GC(286) Reference Processing 0.111ms
[5031.818s][debug][gc,phases      ] GC(286)   VM Weak                        Min:  0.0, Avg:  0.0, Max:  0.0, Diff:  0.0, Sum:  0.0, Workers: 4
[5031.818s][debug][gc,phases      ] GC(286)     Dead                           Min: 0, Avg:  0.0, Max: 0, Diff: 0, Sum: 0, Workers: 4
[5031.818s][debug][gc,phases      ] GC(286)     Total                          Min: 0, Avg: 205.8, Max: 562, Diff: 562, Sum: 823, Workers: 4
[5031.818s][debug][gc,phases      ] GC(286)   ObjectSynchronizer Weak        Min:  0.0, Avg:  0.0, Max:  0.0, Diff:  0.0, Sum:  0.0, Workers: 4
[5031.818s][debug][gc,phases      ] GC(286)     Dead                           Min: 0, Avg:  0.0, Max: 0, Diff: 0, Sum: 0, Workers: 4
[5031.818s][debug][gc,phases      ] GC(286)     Total                          Min: 0, Avg: 27.2, Max: 64, Diff: 64, Sum: 109, Workers: 4
[5031.818s][debug][gc,phases      ] GC(286)   JVMTI Tag Weak OopStorage      Min:  0.0, Avg:  0.0, Max:  0.0, Diff:  0.0, Sum:  0.0, Workers: 4
[5031.818s][debug][gc,phases      ] GC(286)     Dead                           Min: 0, Avg:  0.0, Max: 0, Diff: 0, Sum: 0, Workers: 4
[5031.818s][debug][gc,phases      ] GC(286)     Total                          Min: 0, Avg:  0.0, Max: 0, Diff: 0, Sum: 0, Workers: 4
[5031.818s][debug][gc,phases      ] GC(286)   StringTable Weak               Min:  0.0, Avg:  0.1, Max:  0.1, Diff:  0.1, Sum:  0.4, Workers: 4
[5031.818s][debug][gc,phases      ] GC(286)     Dead                           Min: 0, Avg:  0.0, Max: 0, Diff: 0, Sum: 0, Workers: 4
[5031.818s][debug][gc,phases      ] GC(286)     Total                          Min: 0, Avg: 11155.0, Max: 15487, Diff: 15487, Sum: 44620, Workers: 4
[5031.818s][debug][gc,phases      ] GC(286)   ResolvedMethodTable Weak       Min:  0.0, Avg:  0.0, Max:  0.0, Diff:  0.0, Sum:  0.1, Workers: 4
[5031.818s][debug][gc,phases      ] GC(286)     Dead                           Min: 0, Avg:  0.0, Max: 0, Diff: 0, Sum: 0, Workers: 4
[5031.818s][debug][gc,phases      ] GC(286)     Total                          Min: 0, Avg: 2626.0, Max: 3776, Diff: 3776, Sum: 10504, Workers: 4
[5031.818s][debug][gc,phases      ] GC(286)   JNI Weak                       Min:  0.0, Avg:  0.0, Max:  0.0, Diff:  0.0, Sum:  0.0, Workers: 4
[5031.818s][debug][gc,phases      ] GC(286)     Dead                           Min: 0, Avg:  0.0, Max: 0, Diff: 0, Sum: 0, Workers: 4
[5031.818s][debug][gc,phases      ] GC(286)     Total                          Min: 0, Avg: 11.2, Max: 45, Diff: 45, Sum: 45, Workers: 4
[5031.818s][debug][gc,phases      ] GC(286)   StringDedup Table Weak         Min:  0.0, Avg:  0.0, Max:  0.0, Diff:  0.0, Sum:  0.0, Workers: 4
[5031.818s][debug][gc,phases      ] GC(286)     Dead                           Min: 0, Avg:  0.0, Max: 0, Diff: 0, Sum: 0, Workers: 4
[5031.818s][debug][gc,phases      ] GC(286)     Total                          Min: 0, Avg:  0.0, Max: 0, Diff: 0, Sum: 0, Workers: 4
[5031.818s][debug][gc,phases      ] GC(286)   StringDedup Requests0 Weak     Min:  0.0, Avg:  0.0, Max:  0.0, Diff:  0.0, Sum:  0.0, Workers: 4
[5031.818s][debug][gc,phases      ] GC(286)     Dead                           Min: 0, Avg:  0.0, Max: 0, Diff: 0, Sum: 0, Workers: 4
[5031.818s][debug][gc,phases      ] GC(286)     Total                          Min: 0, Avg:  0.0, Max: 0, Diff: 0, Sum: 0, Workers: 4
[5031.818s][debug][gc,phases      ] GC(286)   StringDedup Requests1 Weak     Min:  0.0, Avg:  0.0, Max:  0.0, Diff:  0.0, Sum:  0.0, Workers: 4
[5031.818s][debug][gc,phases      ] GC(286)     Dead                           Min: 0, Avg:  0.0, Max: 0, Diff: 0, Sum: 0, Workers: 4
[5031.818s][debug][gc,phases      ] GC(286)     Total                          Min: 0, Avg:  0.0, Max: 0, Diff: 0, Sum: 0, Workers: 4
[5031.818s][debug][gc,phases      ] GC(286)   Weak JFR Old Object Samples    Min:  0.0, Avg:  0.0, Max:  0.0, Diff:  0.0, Sum:  0.0, Workers: 4
[5031.818s][debug][gc,phases      ] GC(286)     Dead                           Min: 0, Avg:  0.0, Max: 0, Diff: 0, Sum: 0, Workers: 4
[5031.818s][debug][gc,phases      ] GC(286)     Total                          Min: 0, Avg:  0.0, Max: 0, Diff: 0, Sum: 0, Workers: 4
[5031.818s][debug][gc,phases      ] GC(286) Weak Processing 0.392ms
[5031.818s][debug][gc,age         ] GC(286) Desired survivor size 177733632 bytes, new threshold 15 (max threshold 15)
[5031.818s][info ][gc,heap        ] GC(286) PSYoungGen: 1815040K(1909760K)->92256K(1923584K) Eden: 1722880K(1722880K)->0K(1743360K) From: 92160K(186880K)->92256K(180224K)
[5031.818s][info ][gc,heap        ] GC(286) ParOldGen: 792829K(870912K)->792973K(870912K)
[5031.818s][info ][gc,metaspace   ] GC(286) Metaspace: 86343K(87360K)->86343K(87360K) NonClass: 74230K(74752K)->74230K(74752K) Class: 12113K(12608K)->12113K(12608K)
[5031.818s][info ][gc             ] GC(286) Pause Young (Allocation Failure) 2546M->864M(2729M) 37.425ms
[5031.818s][info ][gc,cpu         ] GC(286) User=0.10s Sys=0.01s Real=0.03s
[5031.818s][info ][safepoint      ] Safepoint "ParallelGCFailedAllocation", Time since last: 11332836734 ns, Reaching safepoint: 31702 ns, At safepoint: 37509275 ns, Total: 37540977 ns
[5033.818s][info ][safepoint      ] Safepoint "Cleanup", Time since last: 2000270918 ns, Reaching safepoint: 121109 ns, At safepoint: 6200 ns, Total: 127309 ns
[5037.819s][info ][safepoint      ] Safepoint "Cleanup", Time since last: 4000277816 ns, Reaching safepoint: 56904 ns, At safepoint: 4600 ns, Total: 61504 ns
[5053.103s][info ][gc,start       ] GC(287) Pause Young (Allocation Failure)
[5053.131s][debug][gc,phases      ] GC(287) Scavenge 27.614ms
[5053.131s][debug][gc,ref         ] GC(287) Skipped phase 1 of Reference Processing: no references
[5053.131s][debug][gc,ref         ] GC(287) ReferenceProcessor::execute queues: 1, RefProcThreadModel::Single, marks_oops_alive: false
[5053.131s][debug][gc,ref         ] GC(287) Skipped phase 3 of Reference Processing: no references
[5053.131s][debug][gc,ref         ] GC(287) ReferenceProcessor::execute queues: 1, RefProcThreadModel::Single, marks_oops_alive: false
[5053.131s][debug][gc,phases      ] GC(287) Reference Processing 0.104ms
[5053.131s][debug][gc,phases      ] GC(287)   VM Weak                        Min:  0.0, Avg:  0.0, Max:  0.0, Diff:  0.0, Sum:  0.0, Workers: 4
[5053.131s][debug][gc,phases      ] GC(287)     Dead                           Min: 0, Avg:  0.0, Max: 0, Diff: 0, Sum: 0, Workers: 4
[5053.131s][debug][gc,phases      ] GC(287)     Total                          Min: 0, Avg: 205.8, Max: 508, Diff: 508, Sum: 823, Workers: 4
[5053.131s][debug][gc,phases      ] GC(287)   ObjectSynchronizer Weak        Min:  0.0, Avg:  0.0, Max:  0.0, Diff:  0.0, Sum:  0.0, Workers: 4
[5053.131s][debug][gc,phases      ] GC(287)     Dead                           Min: 0, Avg:  0.0, Max: 0, Diff: 0, Sum: 0, Workers: 4
[5053.131s][debug][gc,phases      ] GC(287)     Total                          Min: 0, Avg: 27.2, Max: 64, Diff: 64, Sum: 109, Workers: 4
[5053.131s][debug][gc,phases      ] GC(287)   JVMTI Tag Weak OopStorage      Min:  0.0, Avg:  0.0, Max:  0.0, Diff:  0.0, Sum:  0.0, Workers: 4
[5053.131s][debug][gc,phases      ] GC(287)     Dead                           Min: 0, Avg:  0.0, Max: 0, Diff: 0, Sum: 0, Workers: 4
[5053.131s][debug][gc,phases      ] GC(287)     Total                          Min: 0, Avg:  0.0, Max: 0, Diff: 0, Sum: 0, Workers: 4
[5053.131s][debug][gc,phases      ] GC(287)   StringTable Weak               Min:  0.1, Avg:  0.1, Max:  0.1, Diff:  0.0, Sum:  0.4, Workers: 4
[5053.131s][debug][gc,phases      ] GC(287)     Dead                           Min: 0, Avg:  0.0, Max: 0, Diff: 0, Sum: 0, Workers: 4
[5053.131s][debug][gc,phases      ] GC(287)     Total                          Min: 9792, Avg: 11155.0, Max: 12094, Diff: 2302, Sum: 44620, Workers: 4
[5053.131s][debug][gc,phases      ] GC(287)   ResolvedMethodTable Weak       Min:  0.0, Avg:  0.0, Max:  0.0, Diff:  0.0, Sum:  0.1, Workers: 4
[5053.131s][debug][gc,phases      ] GC(287)     Dead                           Min: 0, Avg:  0.0, Max: 0, Diff: 0, Sum: 0, Workers: 4
[5053.131s][debug][gc,phases      ] GC(287)     Total                          Min: 2496, Avg: 2626.0, Max: 2816, Diff: 320, Sum: 10504, Workers: 4
[5053.131s][debug][gc,phases      ] GC(287)   JNI Weak                       Min:  0.0, Avg:  0.0, Max:  0.0, Diff:  0.0, Sum:  0.0, Workers: 4
[5053.131s][debug][gc,phases      ] GC(287)     Dead                           Min: 0, Avg:  0.0, Max: 0, Diff: 0, Sum: 0, Workers: 4
[5053.131s][debug][gc,phases      ] GC(287)     Total                          Min: 0, Avg: 11.2, Max: 45, Diff: 45, Sum: 45, Workers: 4
[5053.131s][debug][gc,phases      ] GC(287)   StringDedup Table Weak         Min:  0.0, Avg:  0.0, Max:  0.0, Diff:  0.0, Sum:  0.0, Workers: 4
[5053.131s][debug][gc,phases      ] GC(287)     Dead                           Min: 0, Avg:  0.0, Max: 0, Diff: 0, Sum: 0, Workers: 4
[5053.131s][debug][gc,phases      ] GC(287)     Total                          Min: 0, Avg:  0.0, Max: 0, Diff: 0, Sum: 0, Workers: 4
[5053.131s][debug][gc,phases      ] GC(287)   StringDedup Requests0 Weak     Min:  0.0, Avg:  0.0, Max:  0.0, Diff:  0.0, Sum:  0.0, Workers: 4
[5053.131s][debug][gc,phases      ] GC(287)     Dead                           Min: 0, Avg:  0.0, Max: 0, Diff: 0, Sum: 0, Workers: 4
[5053.131s][debug][gc,phases      ] GC(287)     Total                          Min: 0, Avg:  0.0, Max: 0, Diff: 0, Sum: 0, Workers: 4
[5053.131s][debug][gc,phases      ] GC(287)   StringDedup Requests1 Weak     Min:  0.0, Avg:  0.0, Max:  0.0, Diff:  0.0, Sum:  0.0, Workers: 4
[5053.131s][debug][gc,phases      ] GC(287)     Dead                           Min: 0, Avg:  0.0, Max: 0, Diff: 0, Sum: 0, Workers: 4
[5053.131s][debug][gc,phases      ] GC(287)     Total                          Min: 0, Avg:  0.0, Max: 0, Diff: 0, Sum: 0, Workers: 4
[5053.131s][debug][gc,phases      ] GC(287)   Weak JFR Old Object Samples    Min:  0.0, Avg:  0.0, Max:  0.0, Diff:  0.0, Sum:  0.0, Workers: 4
[5053.132s][debug][gc,phases      ] GC(287)     Dead                           Min: 0, Avg:  0.0, Max: 0, Diff: 0, Sum: 0, Workers: 4
[5053.132s][debug][gc,phases      ] GC(287)     Total                          Min: 0, Avg:  0.0, Max: 0, Diff: 0, Sum: 0, Workers: 4
[5053.132s][debug][gc,phases      ] GC(287) Weak Processing 0.338ms
[5053.132s][debug][gc,age         ] GC(287) Desired survivor size 171966464 bytes, new threshold 15 (max threshold 15)
[5053.132s][info ][gc,heap        ] GC(287) PSYoungGen: 1835616K(1923584K)->92048K(1916928K) Eden: 1743360K(1743360K)->0K(1743360K) From: 92256K(180224K)->92048K(173568K)
[5053.132s][info ][gc,heap        ] GC(287) ParOldGen: 792973K(870912K)->793102K(870912K)
[5053.132s][info ][gc,metaspace   ] GC(287) Metaspace: 86344K(87360K)->86344K(87360K) NonClass: 74231K(74752K)->74231K(74752K) Class: 12113K(12608K)->12113K(12608K)
[5053.132s][info ][gc             ] GC(287) Pause Young (Allocation Failure) 2566M->864M(2722M) 28.208ms
[5053.132s][info ][gc,cpu         ] GC(287) User=0.09s Sys=0.00s Real=0.03s
[5053.132s][info ][safepoint      ] Safepoint "ParallelGCFailedAllocation", Time since last: 15284690966 ns, Reaching safepoint: 107807 ns, At safepoint: 28310519 ns, Total: 28418326 ns
[5060.132s][info ][safepoint      ] Safepoint "Cleanup", Time since last: 7000462508 ns, Reaching safepoint: 40203 ns, At safepoint: 4300 ns, Total: 44503 ns
[5064.132s][info ][safepoint      ] Safepoint "Cleanup", Time since last: 4000303705 ns, Reaching safepoint: 49904 ns, At safepoint: 4000 ns, Total: 53904 ns
[5066.133s][info ][safepoint      ] Safepoint "Cleanup", Time since last: 2000180604 ns, Reaching safepoint: 51303 ns, At safepoint: 3600 ns, Total: 54903 ns
[5067.133s][info ][safepoint      ] Safepoint "Cleanup", Time since last: 1000112604 ns, Reaching safepoint: 52703 ns, At safepoint: 3301 ns, Total: 56004 ns
[5068.133s][info ][safepoint      ] Safepoint "Cleanup", Time since last: 1000072200 ns, Reaching safepoint: 53604 ns, At safepoint: 3500 ns, Total: 57104 ns
[5068.415s][info ][safepoint      ] Safepoint "ParallelGCFailedAllocation", Time since last: 281516271 ns, Reaching safepoint: 104607 ns, At safepoint: 15901 ns, Total: 120508 ns
[5068.415s][info ][gc,start       ] GC(288) Pause Young (GCLocker Initiated GC)
[5068.450s][debug][gc,phases      ] GC(288) Scavenge 35.570ms
[5068.450s][debug][gc,ref         ] GC(288) Skipped phase 1 of Reference Processing: no references
[5068.451s][debug][gc,ref         ] GC(288) ReferenceProcessor::execute queues: 1, RefProcThreadModel::Single, marks_oops_alive: false
[5068.451s][debug][gc,ref         ] GC(288) Skipped phase 3 of Reference Processing: no references
[5068.451s][debug][gc,ref         ] GC(288) ReferenceProcessor::execute queues: 1, RefProcThreadModel::Single, marks_oops_alive: false
[5068.451s][debug][gc,phases      ] GC(288) Reference Processing 0.102ms
[5068.451s][debug][gc,phases      ] GC(288)   VM Weak                        Min:  0.0, Avg:  0.0, Max:  0.0, Diff:  0.0, Sum:  0.0, Workers: 4
[5068.451s][debug][gc,phases      ] GC(288)     Dead                           Min: 0, Avg:  0.0, Max: 0, Diff: 0, Sum: 0, Workers: 4
[5068.451s][debug][gc,phases      ] GC(288)     Total                          Min: 0, Avg: 205.8, Max: 759, Diff: 759, Sum: 823, Workers: 4
[5068.451s][debug][gc,phases      ] GC(288)   ObjectSynchronizer Weak        Min:  0.0, Avg:  0.0, Max:  0.0, Diff:  0.0, Sum:  0.0, Workers: 4
[5068.451s][debug][gc,phases      ] GC(288)     Dead                           Min: 0, Avg:  0.0, Max: 0, Diff: 0, Sum: 0, Workers: 4
[5068.451s][debug][gc,phases      ] GC(288)     Total                          Min: 0, Avg: 27.2, Max: 64, Diff: 64, Sum: 109, Workers: 4
[5068.451s][debug][gc,phases      ] GC(288)   JVMTI Tag Weak OopStorage      Min:  0.0, Avg:  0.0, Max:  0.0, Diff:  0.0, Sum:  0.0, Workers: 4
[5068.451s][debug][gc,phases      ] GC(288)     Dead                           Min: 0, Avg:  0.0, Max: 0, Diff: 0, Sum: 0, Workers: 4
[5068.451s][debug][gc,phases      ] GC(288)     Total                          Min: 0, Avg:  0.0, Max: 0, Diff: 0, Sum: 0, Workers: 4
[5068.451s][debug][gc,phases      ] GC(288)   StringTable Weak               Min:  0.0, Avg:  0.1, Max:  0.2, Diff:  0.2, Sum:  0.4, Workers: 4
[5068.451s][debug][gc,phases      ] GC(288)     Dead                           Min: 0, Avg:  0.0, Max: 0, Diff: 0, Sum: 0, Workers: 4
[5068.451s][debug][gc,phases      ] GC(288)     Total                          Min: 0, Avg: 11155.0, Max: 23054, Diff: 23054, Sum: 44620, Workers: 4
[5068.451s][debug][gc,phases      ] GC(288)   ResolvedMethodTable Weak       Min:  0.0, Avg:  0.0, Max:  0.1, Diff:  0.1, Sum:  0.1, Workers: 4
[5068.451s][debug][gc,phases      ] GC(288)     Dead                           Min: 0, Avg:  0.0, Max: 0, Diff: 0, Sum: 0, Workers: 4
[5068.451s][debug][gc,phases      ] GC(288)     Total                          Min: 0, Avg: 2626.0, Max: 5320, Diff: 5320, Sum: 10504, Workers: 4
[5068.451s][debug][gc,phases      ] GC(288)   JNI Weak                       Min:  0.0, Avg:  0.0, Max:  0.0, Diff:  0.0, Sum:  0.0, Workers: 4
[5068.451s][debug][gc,phases      ] GC(288)     Dead                           Min: 0, Avg:  0.0, Max: 0, Diff: 0, Sum: 0, Workers: 4
[5068.451s][debug][gc,phases      ] GC(288)     Total                          Min: 0, Avg: 11.2, Max: 45, Diff: 45, Sum: 45, Workers: 4
[5068.451s][debug][gc,phases      ] GC(288)   StringDedup Table Weak         Min:  0.0, Avg:  0.0, Max:  0.0, Diff:  0.0, Sum:  0.0, Workers: 4
[5068.451s][debug][gc,phases      ] GC(288)     Dead                           Min: 0, Avg:  0.0, Max: 0, Diff: 0, Sum: 0, Workers: 4
[5068.451s][debug][gc,phases      ] GC(288)     Total                          Min: 0, Avg:  0.0, Max: 0, Diff: 0, Sum: 0, Workers: 4
[5068.451s][debug][gc,phases      ] GC(288)   StringDedup Requests0 Weak     Min:  0.0, Avg:  0.0, Max:  0.0, Diff:  0.0, Sum:  0.0, Workers: 4
[5068.451s][debug][gc,phases      ] GC(288)     Dead                           Min: 0, Avg:  0.0, Max: 0, Diff: 0, Sum: 0, Workers: 4
[5068.451s][debug][gc,phases      ] GC(288)     Total                          Min: 0, Avg:  0.0, Max: 0, Diff: 0, Sum: 0, Workers: 4
[5068.451s][debug][gc,phases      ] GC(288)   StringDedup Requests1 Weak     Min:  0.0, Avg:  0.0, Max:  0.0, Diff:  0.0, Sum:  0.0, Workers: 4
[5068.451s][debug][gc,phases      ] GC(288)     Dead                           Min: 0, Avg:  0.0, Max: 0, Diff: 0, Sum: 0, Workers: 4
[5068.451s][debug][gc,phases      ] GC(288)     Total                          Min: 0, Avg:  0.0, Max: 0, Diff: 0, Sum: 0, Workers: 4
[5068.451s][debug][gc,phases      ] GC(288)   Weak JFR Old Object Samples    Min:  0.0, Avg:  0.0, Max:  0.0, Diff:  0.0, Sum:  0.0, Workers: 4
[5068.451s][debug][gc,phases      ] GC(288)     Dead                           Min: 0, Avg:  0.0, Max: 0, Diff: 0, Sum: 0, Workers: 4
[5068.451s][debug][gc,phases      ] GC(288)     Total                          Min: 0, Avg:  0.0, Max: 0, Diff: 0, Sum: 0, Workers: 4
[5068.451s][debug][gc,phases      ] GC(288) Weak Processing 0.453ms
[5068.451s][debug][gc,age         ] GC(288) Desired survivor size 165150720 bytes, new threshold 15 (max threshold 15)
[5068.451s][info ][gc,heap        ] GC(288) PSYoungGen: 1835142K(1916928K)->99168K(1935872K) Eden: 1743094K(1743360K)->0K(1767936K) From: 92048K(173568K)->99168K(167936K)
[5068.451s][info ][gc,heap        ] GC(288) ParOldGen: 794126K(870912K)->794230K(870912K)
[5068.451s][info ][gc,metaspace   ] GC(288) Metaspace: 86348K(87360K)->86348K(87360K) NonClass: 74235K(74752K)->74235K(74752K) Class: 12113K(12608K)->12113K(12608K)
[5068.451s][info ][gc             ] GC(288) Pause Young (GCLocker Initiated GC) 2567M->872M(2741M) 36.228ms
[5068.451s][info ][gc,cpu         ] GC(288) User=0.12s Sys=0.00s Real=0.04s
[5068.451s][info ][safepoint      ] Safepoint "ParallelGCSystemGC", Time since last: 73106 ns, Reaching safepoint: 96806 ns, At safepoint: 36307989 ns, Total: 36404795 ns
[5070.195s][info ][safepoint      ] Safepoint "Cleanup", Time since last: 1743454199 ns, Reaching safepoint: 516237 ns, At safepoint: 12801 ns, Total: 529038 ns
[5072.630s][info ][safepoint      ] Safepoint "ParallelGCFailedAllocation", Time since last: 2434445463 ns, Reaching safepoint: 111908 ns, At safepoint: 42803 ns, Total: 154711 ns
[5072.630s][info ][gc,start       ] GC(289) Pause Young (GCLocker Initiated GC)
[5072.668s][debug][gc,phases      ] GC(289) Scavenge 37.889ms
[5072.668s][debug][gc,ref         ] GC(289) Skipped phase 1 of Reference Processing: no references
[5072.668s][debug][gc,ref         ] GC(289) ReferenceProcessor::execute queues: 1, RefProcThreadModel::Single, marks_oops_alive: false
[5072.668s][debug][gc,ref         ] GC(289) Skipped phase 3 of Reference Processing: no references
[5072.668s][debug][gc,ref         ] GC(289) ReferenceProcessor::execute queues: 1, RefProcThreadModel::Single, marks_oops_alive: false
[5072.668s][debug][gc,phases      ] GC(289) Reference Processing 0.128ms
[5072.669s][debug][gc,phases      ] GC(289)   VM Weak                        Min:  0.0, Avg:  0.0, Max:  0.0, Diff:  0.0, Sum:  0.0, Workers: 4
[5072.669s][debug][gc,phases      ] GC(289)     Dead                           Min: 0, Avg:  0.0, Max: 0, Diff: 0, Sum: 0, Workers: 4
[5072.669s][debug][gc,phases      ] GC(289)     Total                          Min: 0, Avg: 205.8, Max: 695, Diff: 695, Sum: 823, Workers: 4
[5072.669s][debug][gc,phases      ] GC(289)   ObjectSynchronizer Weak        Min:  0.0, Avg:  0.0, Max:  0.0, Diff:  0.0, Sum:  0.0, Workers: 4
[5072.669s][debug][gc,phases      ] GC(289)     Dead                           Min: 0, Avg:  0.0, Max: 0, Diff: 0, Sum: 0, Workers: 4
[5072.669s][debug][gc,phases      ] GC(289)     Total                          Min: 0, Avg: 27.2, Max: 64, Diff: 64, Sum: 109, Workers: 4
[5072.669s][debug][gc,phases      ] GC(289)   JVMTI Tag Weak OopStorage      Min:  0.0, Avg:  0.0, Max:  0.0, Diff:  0.0, Sum:  0.0, Workers: 4
[5072.669s][debug][gc,phases      ] GC(289)     Dead                           Min: 0, Avg:  0.0, Max: 0, Diff: 0, Sum: 0, Workers: 4
[5072.669s][debug][gc,phases      ] GC(289)     Total                          Min: 0, Avg:  0.0, Max: 0, Diff: 0, Sum: 0, Workers: 4
[5072.669s][debug][gc,phases      ] GC(289)   StringTable Weak               Min:  0.0, Avg:  0.1, Max:  0.1, Diff:  0.1, Sum:  0.4, Workers: 4
[5072.669s][debug][gc,phases      ] GC(289)     Dead                           Min: 0, Avg:  0.2, Max: 1, Diff: 1, Sum: 1, Workers: 4
[5072.669s][debug][gc,phases      ] GC(289)     Total                          Min: 0, Avg: 11155.5, Max: 16512, Diff: 16512, Sum: 44622, Workers: 4
[5072.669s][debug][gc,phases      ] GC(289)   ResolvedMethodTable Weak       Min:  0.0, Avg:  0.0, Max:  0.0, Diff:  0.0, Sum:  0.1, Workers: 4
[5072.669s][debug][gc,phases      ] GC(289)     Dead                           Min: 0, Avg:  0.0, Max: 0, Diff: 0, Sum: 0, Workers: 4
[5072.669s][debug][gc,phases      ] GC(289)     Total                          Min: 0, Avg: 2626.8, Max: 3648, Diff: 3648, Sum: 10507, Workers: 4
[5072.669s][debug][gc,phases      ] GC(289)   JNI Weak                       Min:  0.0, Avg:  0.0, Max:  0.0, Diff:  0.0, Sum:  0.0, Workers: 4
[5072.669s][debug][gc,phases      ] GC(289)     Dead                           Min: 0, Avg:  0.0, Max: 0, Diff: 0, Sum: 0, Workers: 4
[5072.669s][debug][gc,phases      ] GC(289)     Total                          Min: 0, Avg: 11.2, Max: 45, Diff: 45, Sum: 45, Workers: 4
[5072.669s][debug][gc,phases      ] GC(289)   StringDedup Table Weak         Min:  0.0, Avg:  0.0, Max:  0.0, Diff:  0.0, Sum:  0.0, Workers: 4
[5072.669s][debug][gc,phases      ] GC(289)     Dead                           Min: 0, Avg:  0.0, Max: 0, Diff: 0, Sum: 0, Workers: 4
[5072.669s][debug][gc,phases      ] GC(289)     Total                          Min: 0, Avg:  0.0, Max: 0, Diff: 0, Sum: 0, Workers: 4
[5072.669s][debug][gc,phases      ] GC(289)   StringDedup Requests0 Weak     Min:  0.0, Avg:  0.0, Max:  0.0, Diff:  0.0, Sum:  0.0, Workers: 4
[5072.669s][debug][gc,phases      ] GC(289)     Dead                           Min: 0, Avg:  0.0, Max: 0, Diff: 0, Sum: 0, Workers: 4
[5072.669s][debug][gc,phases      ] GC(289)     Total                          Min: 0, Avg:  0.0, Max: 0, Diff: 0, Sum: 0, Workers: 4
[5072.669s][debug][gc,phases      ] GC(289)   StringDedup Requests1 Weak     Min:  0.0, Avg:  0.0, Max:  0.0, Diff:  0.0, Sum:  0.0, Workers: 4
[5072.669s][debug][gc,phases      ] GC(289)     Dead                           Min: 0, Avg:  0.0, Max: 0, Diff: 0, Sum: 0, Workers: 4
[5072.669s][debug][gc,phases      ] GC(289)     Total                          Min: 0, Avg:  0.0, Max: 0, Diff: 0, Sum: 0, Workers: 4
[5072.669s][debug][gc,phases      ] GC(289)   Weak JFR Old Object Samples    Min:  0.0, Avg:  0.0, Max:  0.0, Diff:  0.0, Sum:  0.0, Workers: 4
[5072.669s][debug][gc,phases      ] GC(289)     Dead                           Min: 0, Avg:  0.0, Max: 0, Diff: 0, Sum: 0, Workers: 4
[5072.669s][debug][gc,phases      ] GC(289)     Total                          Min: 0, Avg:  0.0, Max: 0, Diff: 0, Sum: 0, Workers: 4
[5072.669s][debug][gc,phases      ] GC(289) Weak Processing 0.379ms
[5072.669s][debug][gc,age         ] GC(289) Desired survivor size 158859264 bytes, new threshold 15 (max threshold 15)
[5072.669s][info ][gc,heap        ] GC(289) PSYoungGen: 1867104K(1935872K)->99942K(1929216K) Eden: 1767936K(1767936K)->0K(1767936K) From: 99168K(167936K)->99942K(161280K)
[5072.669s][info ][gc,heap        ] GC(289) ParOldGen: 798884K(870912K)->799048K(870912K)
[5072.669s][info ][gc,metaspace   ] GC(289) Metaspace: 86353K(87360K)->86353K(87360K) NonClass: 74238K(74752K)->74238K(74752K) Class: 12115K(12608K)->12115K(12608K)
[5072.669s][info ][gc             ] GC(289) Pause Young (GCLocker Initiated GC) 2603M->877M(2734M) 38.518ms
[5072.669s][info ][gc,cpu         ] GC(289) User=0.12s Sys=0.00s Real=0.03s
[5072.669s][info ][safepoint      ] Safepoint "ParallelGCSystemGC", Time since last: 536538 ns, Reaching safepoint: 90507 ns, At safepoint: 38601052 ns, Total: 38691559 ns
[5078.035s][info ][gc,start       ] GC(290) Pause Young (Allocation Failure)
[5078.078s][debug][gc,phases      ] GC(290) Scavenge 43.340ms
[5078.079s][debug][gc,ref         ] GC(290) Skipped phase 1 of Reference Processing: no references
[5078.079s][debug][gc,ref         ] GC(290) ReferenceProcessor::execute queues: 1, RefProcThreadModel::Single, marks_oops_alive: false
[5078.079s][debug][gc,ref         ] GC(290) Skipped phase 3 of Reference Processing: no references
[5078.079s][debug][gc,ref         ] GC(290) ReferenceProcessor::execute queues: 1, RefProcThreadModel::Single, marks_oops_alive: false
[5078.079s][debug][gc,phases      ] GC(290) Reference Processing 0.111ms
[5078.079s][debug][gc,phases      ] GC(290)   VM Weak                        Min:  0.0, Avg:  0.0, Max:  0.0, Diff:  0.0, Sum:  0.0, Workers: 4
[5078.079s][debug][gc,phases      ] GC(290)     Dead                           Min: 0, Avg:  0.0, Max: 0, Diff: 0, Sum: 0, Workers: 4
[5078.079s][debug][gc,phases      ] GC(290)     Total                          Min: 0, Avg: 205.8, Max: 562, Diff: 562, Sum: 823, Workers: 4
[5078.079s][debug][gc,phases      ] GC(290)   ObjectSynchronizer Weak        Min:  0.0, Avg:  0.0, Max:  0.0, Diff:  0.0, Sum:  0.0, Workers: 4
[5078.079s][debug][gc,phases      ] GC(290)     Dead                           Min: 0, Avg:  0.0, Max: 0, Diff: 0, Sum: 0, Workers: 4
[5078.079s][debug][gc,phases      ] GC(290)     Total                          Min: 0, Avg: 27.2, Max: 64, Diff: 64, Sum: 109, Workers: 4
[5078.079s][debug][gc,phases      ] GC(290)   JVMTI Tag Weak OopStorage      Min:  0.0, Avg:  0.0, Max:  0.0, Diff:  0.0, Sum:  0.0, Workers: 4
[5078.079s][debug][gc,phases      ] GC(290)     Dead                           Min: 0, Avg:  0.0, Max: 0, Diff: 0, Sum: 0, Workers: 4
[5078.079s][debug][gc,phases      ] GC(290)     Total                          Min: 0, Avg:  0.0, Max: 0, Diff: 0, Sum: 0, Workers: 4
[5078.079s][debug][gc,phases      ] GC(290)   StringTable Weak               Min:  0.0, Avg:  0.1, Max:  0.1, Diff:  0.1, Sum:  0.4, Workers: 4
[5078.079s][debug][gc,phases      ] GC(290)     Dead                           Min: 0, Avg:  0.0, Max: 0, Diff: 0, Sum: 0, Workers: 4
[5078.079s][debug][gc,phases      ] GC(290)     Total                          Min: 0, Avg: 11155.5, Max: 15488, Diff: 15488, Sum: 44622, Workers: 4
[5078.079s][debug][gc,phases      ] GC(290)   ResolvedMethodTable Weak       Min:  0.0, Avg:  0.0, Max:  0.0, Diff:  0.0, Sum:  0.1, Workers: 4
[5078.079s][debug][gc,phases      ] GC(290)     Dead                           Min: 0, Avg:  0.0, Max: 0, Diff: 0, Sum: 0, Workers: 4
[5078.079s][debug][gc,phases      ] GC(290)     Total                          Min: 0, Avg: 2626.8, Max: 3840, Diff: 3840, Sum: 10507, Workers: 4
[5078.079s][debug][gc,phases      ] GC(290)   JNI Weak                       Min:  0.0, Avg:  0.0, Max:  0.0, Diff:  0.0, Sum:  0.0, Workers: 4
[5078.079s][debug][gc,phases      ] GC(290)     Dead                           Min: 0, Avg:  0.0, Max: 0, Diff: 0, Sum: 0, Workers: 4
[5078.079s][debug][gc,phases      ] GC(290)     Total                          Min: 0, Avg: 11.2, Max: 45, Diff: 45, Sum: 45, Workers: 4
[5078.079s][debug][gc,phases      ] GC(290)   StringDedup Table Weak         Min:  0.0, Avg:  0.0, Max:  0.0, Diff:  0.0, Sum:  0.0, Workers: 4
[5078.079s][debug][gc,phases      ] GC(290)     Dead                           Min: 0, Avg:  0.0, Max: 0, Diff: 0, Sum: 0, Workers: 4
[5078.079s][debug][gc,phases      ] GC(290)     Total                          Min: 0, Avg:  0.0, Max: 0, Diff: 0, Sum: 0, Workers: 4
[5078.079s][debug][gc,phases      ] GC(290)   StringDedup Requests0 Weak     Min:  0.0, Avg:  0.0, Max:  0.0, Diff:  0.0, Sum:  0.0, Workers: 4
[5078.079s][debug][gc,phases      ] GC(290)     Dead                           Min: 0, Avg:  0.0, Max: 0, Diff: 0, Sum: 0, Workers: 4
[5078.079s][debug][gc,phases      ] GC(290)     Total                          Min: 0, Avg:  0.0, Max: 0, Diff: 0, Sum: 0, Workers: 4
[5078.079s][debug][gc,phases      ] GC(290)   StringDedup Requests1 Weak     Min:  0.0, Avg:  0.0, Max:  0.0, Diff:  0.0, Sum:  0.0, Workers: 4
[5078.079s][debug][gc,phases      ] GC(290)     Dead                           Min: 0, Avg:  0.0, Max: 0, Diff: 0, Sum: 0, Workers: 4
[5078.079s][debug][gc,phases      ] GC(290)     Total                          Min: 0, Avg:  0.0, Max: 0, Diff: 0, Sum: 0, Workers: 4
[5078.079s][debug][gc,phases      ] GC(290)   Weak JFR Old Object Samples    Min:  0.0, Avg:  0.0, Max:  0.0, Diff:  0.0, Sum:  0.0, Workers: 4
[5078.079s][debug][gc,phases      ] GC(290)     Dead                           Min: 0, Avg:  0.0, Max: 0, Diff: 0, Sum: 0, Workers: 4
[5078.079s][debug][gc,phases      ] GC(290)     Total                          Min: 0, Avg:  0.0, Max: 0, Diff: 0, Sum: 0, Workers: 4
[5078.079s][debug][gc,phases      ] GC(290) Weak Processing 0.375ms
[5078.079s][debug][gc,age         ] GC(290) Desired survivor size 159383552 bytes, new threshold 15 (max threshold 15)
[5078.079s][info ][gc,heap        ] GC(290) PSYoungGen: 1867878K(1929216K)->115632K(1940992K) Eden: 1767936K(1767936K)->0K(1785856K) From: 99942K(161280K)->115632K(155136K)
[5078.079s][info ][gc,heap        ] GC(290) ParOldGen: 799049K(870912K)->799169K(870912K)
[5078.079s][info ][gc,metaspace   ] GC(290) Metaspace: 86353K(87360K)->86353K(87360K) NonClass: 74238K(74752K)->74238K(74752K) Class: 12115K(12608K)->12115K(12608K)
[5078.079s][info ][gc             ] GC(290) Pause Young (Allocation Failure) 2604M->893M(2746M) 43.964ms
[5078.079s][info ][gc,cpu         ] GC(290) User=0.13s Sys=0.00s Real=0.05s
[5078.079s][info ][safepoint      ] Safepoint "ParallelGCFailedAllocation", Time since last: 5365980963 ns, Reaching safepoint: 115808 ns, At safepoint: 44051241 ns, Total: 44167049 ns
[5079.079s][info ][safepoint      ] Safepoint "Cleanup", Time since last: 1000091500 ns, Reaching safepoint: 139510 ns, At safepoint: 8701 ns, Total: 148211 ns
[5082.080s][info ][safepoint      ] Safepoint "Cleanup", Time since last: 3000248298 ns, Reaching safepoint: 46204 ns, At safepoint: 3400 ns, Total: 49604 ns
[5083.553s][info ][gc,start       ] GC(291) Pause Young (Allocation Failure)
[5083.596s][debug][gc,phases      ] GC(291) Scavenge 43.923ms
[5083.597s][debug][gc,ref         ] GC(291) Skipped phase 1 of Reference Processing: no references
[5083.597s][debug][gc,ref         ] GC(291) ReferenceProcessor::execute queues: 1, RefProcThreadModel::Single, marks_oops_alive: false
[5083.597s][debug][gc,ref         ] GC(291) Skipped phase 3 of Reference Processing: no references
[5083.597s][debug][gc,ref         ] GC(291) ReferenceProcessor::execute queues: 1, RefProcThreadModel::Single, marks_oops_alive: false
[5083.597s][debug][gc,phases      ] GC(291) Reference Processing 0.101ms
[5083.597s][debug][gc,phases      ] GC(291)   VM Weak                        Min:  0.0, Avg:  0.0, Max:  0.0, Diff:  0.0, Sum:  0.0, Workers: 4
[5083.597s][debug][gc,phases      ] GC(291)     Dead                           Min: 0, Avg:  0.0, Max: 0, Diff: 0, Sum: 0, Workers: 4
[5083.597s][debug][gc,phases      ] GC(291)     Total                          Min: 0, Avg: 205.8, Max: 524, Diff: 524, Sum: 823, Workers: 4
[5083.597s][debug][gc,phases      ] GC(291)   ObjectSynchronizer Weak        Min:  0.0, Avg:  0.0, Max:  0.0, Diff:  0.0, Sum:  0.0, Workers: 4
[5083.597s][debug][gc,phases      ] GC(291)     Dead                           Min: 0, Avg:  0.0, Max: 0, Diff: 0, Sum: 0, Workers: 4
[5083.597s][debug][gc,phases      ] GC(291)     Total                          Min: 0, Avg: 27.2, Max: 64, Diff: 64, Sum: 109, Workers: 4
[5083.597s][debug][gc,phases      ] GC(291)   JVMTI Tag Weak OopStorage      Min:  0.0, Avg:  0.0, Max:  0.0, Diff:  0.0, Sum:  0.0, Workers: 4
[5083.597s][debug][gc,phases      ] GC(291)     Dead                           Min: 0, Avg:  0.0, Max: 0, Diff: 0, Sum: 0, Workers: 4
[5083.597s][debug][gc,phases      ] GC(291)     Total                          Min: 0, Avg:  0.0, Max: 0, Diff: 0, Sum: 0, Workers: 4
[5083.597s][debug][gc,phases      ] GC(291)   StringTable Weak               Min:  0.0, Avg:  0.1, Max:  0.1, Diff:  0.1, Sum:  0.4, Workers: 4
[5083.597s][debug][gc,phases      ] GC(291)     Dead                           Min: 0, Avg:  0.0, Max: 0, Diff: 0, Sum: 0, Workers: 4
[5083.597s][debug][gc,phases      ] GC(291)     Total                          Min: 0, Avg: 11155.5, Max: 15935, Diff: 15935, Sum: 44622, Workers: 4
[5083.597s][debug][gc,phases      ] GC(291)   ResolvedMethodTable Weak       Min:  0.0, Avg:  0.0, Max:  0.0, Diff:  0.0, Sum:  0.1, Workers: 4
[5083.597s][debug][gc,phases      ] GC(291)     Dead                           Min: 0, Avg:  0.0, Max: 0, Diff: 0, Sum: 0, Workers: 4
[5083.597s][debug][gc,phases      ] GC(291)     Total                          Min: 0, Avg: 2626.8, Max: 3531, Diff: 3531, Sum: 10507, Workers: 4
[5083.597s][debug][gc,phases      ] GC(291)   JNI Weak                       Min:  0.0, Avg:  0.0, Max:  0.0, Diff:  0.0, Sum:  0.0, Workers: 4
[5083.597s][debug][gc,phases      ] GC(291)     Dead                           Min: 0, Avg:  0.0, Max: 0, Diff: 0, Sum: 0, Workers: 4
[5083.597s][debug][gc,phases      ] GC(291)     Total                          Min: 0, Avg: 11.2, Max: 45, Diff: 45, Sum: 45, Workers: 4
[5083.597s][debug][gc,phases      ] GC(291)   StringDedup Table Weak         Min:  0.0, Avg:  0.0, Max:  0.0, Diff:  0.0, Sum:  0.0, Workers: 4
[5083.597s][debug][gc,phases      ] GC(291)     Dead                           Min: 0, Avg:  0.0, Max: 0, Diff: 0, Sum: 0, Workers: 4
[5083.597s][debug][gc,phases      ] GC(291)     Total                          Min: 0, Avg:  0.0, Max: 0, Diff: 0, Sum: 0, Workers: 4
[5083.597s][debug][gc,phases      ] GC(291)   StringDedup Requests0 Weak     Min:  0.0, Avg:  0.0, Max:  0.0, Diff:  0.0, Sum:  0.0, Workers: 4
[5083.597s][debug][gc,phases      ] GC(291)     Dead                           Min: 0, Avg:  0.0, Max: 0, Diff: 0, Sum: 0, Workers: 4
[5083.597s][debug][gc,phases      ] GC(291)     Total                          Min: 0, Avg:  0.0, Max: 0, Diff: 0, Sum: 0, Workers: 4
[5083.597s][debug][gc,phases      ] GC(291)   StringDedup Requests1 Weak     Min:  0.0, Avg:  0.0, Max:  0.0, Diff:  0.0, Sum:  0.0, Workers: 4
[5083.597s][debug][gc,phases      ] GC(291)     Dead                           Min: 0, Avg:  0.0, Max: 0, Diff: 0, Sum: 0, Workers: 4
[5083.597s][debug][gc,phases      ] GC(291)     Total                          Min: 0, Avg:  0.0, Max: 0, Diff: 0, Sum: 0, Workers: 4
[5083.597s][debug][gc,phases      ] GC(291)   Weak JFR Old Object Samples    Min:  0.0, Avg:  0.0, Max:  0.0, Diff:  0.0, Sum:  0.0, Workers: 4
[5083.597s][debug][gc,phases      ] GC(291)     Dead                           Min: 0, Avg:  0.0, Max: 0, Diff: 0, Sum: 0, Workers: 4
[5083.597s][debug][gc,phases      ] GC(291)     Total                          Min: 0, Avg:  0.0, Max: 0, Diff: 0, Sum: 0, Workers: 4
[5083.597s][debug][gc,phases      ] GC(291) Weak Processing 0.377ms
[5083.597s][debug][gc,age         ] GC(291) Desired survivor size 156762112 bytes, new threshold 15 (max threshold 15)
[5083.597s][info ][gc,heap        ] GC(291) PSYoungGen: 1901488K(1940992K)->109728K(1941504K) Eden: 1785856K(1785856K)->0K(1785856K) From: 115632K(155136K)->109728K(155648K)
[5083.597s][info ][gc,heap        ] GC(291) ParOldGen: 799169K(870912K)->812545K(870912K)
[5083.597s][info ][gc,metaspace   ] GC(291) Metaspace: 86353K(87360K)->86353K(87360K) NonClass: 74238K(74752K)->74238K(74752K) Class: 12115K(12608K)->12115K(12608K)
[5083.597s][info ][gc             ] GC(291) Pause Young (Allocation Failure) 2637M->900M(2746M) 44.540ms
[5083.597s][info ][gc,cpu         ] GC(291) User=0.12s Sys=0.00s Real=0.04s
[5083.597s][info ][safepoint      ] Safepoint "ParallelGCFailedAllocation", Time since last: 1472746397 ns, Reaching safepoint: 106107 ns, At safepoint: 44635083 ns, Total: 44741190 ns
[5084.597s][info ][safepoint      ] Safepoint "Cleanup", Time since last: 1000094800 ns, Reaching safepoint: 116408 ns, At safepoint: 6900 ns, Total: 123308 ns
[5087.598s][info ][safepoint      ] Safepoint "Cleanup", Time since last: 3000262298 ns, Reaching safepoint: 122209 ns, At safepoint: 5900 ns, Total: 128109 ns
[5094.599s][info ][safepoint      ] Safepoint "Cleanup", Time since last: 7000770601 ns, Reaching safepoint: 135410 ns, At safepoint: 6201 ns, Total: 141611 ns
[5098.701s][info ][gc,start       ] GC(292) Pause Young (Allocation Failure)
[5098.733s][debug][gc,phases      ] GC(292) Scavenge 32.048ms
[5098.733s][debug][gc,ref         ] GC(292) Skipped phase 1 of Reference Processing: no references
[5098.733s][debug][gc,ref         ] GC(292) ReferenceProcessor::execute queues: 1, RefProcThreadModel::Single, marks_oops_alive: false
[5098.733s][debug][gc,ref         ] GC(292) Skipped phase 3 of Reference Processing: no references
[5098.733s][debug][gc,ref         ] GC(292) ReferenceProcessor::execute queues: 1, RefProcThreadModel::Single, marks_oops_alive: false
[5098.733s][debug][gc,phases      ] GC(292) Reference Processing 0.102ms
[5098.733s][debug][gc,phases      ] GC(292)   VM Weak                        Min:  0.0, Avg:  0.0, Max:  0.0, Diff:  0.0, Sum:  0.0, Workers: 4
[5098.733s][debug][gc,phases      ] GC(292)     Dead                           Min: 0, Avg:  0.0, Max: 0, Diff: 0, Sum: 0, Workers: 4
[5098.733s][debug][gc,phases      ] GC(292)     Total                          Min: 0, Avg: 205.8, Max: 700, Diff: 700, Sum: 823, Workers: 4
[5098.733s][debug][gc,phases      ] GC(292)   ObjectSynchronizer Weak        Min:  0.0, Avg:  0.0, Max:  0.0, Diff:  0.0, Sum:  0.0, Workers: 4
[5098.733s][debug][gc,phases      ] GC(292)     Dead                           Min: 0, Avg:  0.0, Max: 0, Diff: 0, Sum: 0, Workers: 4
[5098.733s][debug][gc,phases      ] GC(292)     Total                          Min: 0, Avg: 27.2, Max: 64, Diff: 64, Sum: 109, Workers: 4
[5098.733s][debug][gc,phases      ] GC(292)   JVMTI Tag Weak OopStorage      Min:  0.0, Avg:  0.0, Max:  0.0, Diff:  0.0, Sum:  0.0, Workers: 4
[5098.733s][debug][gc,phases      ] GC(292)     Dead                           Min: 0, Avg:  0.0, Max: 0, Diff: 0, Sum: 0, Workers: 4
[5098.733s][debug][gc,phases      ] GC(292)     Total                          Min: 0, Avg:  0.0, Max: 0, Diff: 0, Sum: 0, Workers: 4
[5098.733s][debug][gc,phases      ] GC(292)   StringTable Weak               Min:  0.1, Avg:  0.1, Max:  0.1, Diff:  0.0, Sum:  0.4, Workers: 4
[5098.733s][debug][gc,phases      ] GC(292)     Dead                           Min: 0, Avg:  0.0, Max: 0, Diff: 0, Sum: 0, Workers: 4
[5098.733s][debug][gc,phases      ] GC(292)     Total                          Min: 10560, Avg: 11155.8, Max: 12222, Diff: 1662, Sum: 44623, Workers: 4
[5098.733s][debug][gc,phases      ] GC(292)   ResolvedMethodTable Weak       Min:  0.0, Avg:  0.0, Max:  0.0, Diff:  0.0, Sum:  0.1, Workers: 4
[5098.733s][debug][gc,phases      ] GC(292)     Dead                           Min: 0, Avg:  0.0, Max: 0, Diff: 0, Sum: 0, Workers: 4
[5098.733s][debug][gc,phases      ] GC(292)     Total                          Min: 2496, Avg: 2627.2, Max: 2816, Diff: 320, Sum: 10509, Workers: 4
[5098.733s][debug][gc,phases      ] GC(292)   JNI Weak                       Min:  0.0, Avg:  0.0, Max:  0.0, Diff:  0.0, Sum:  0.0, Workers: 4
[5098.733s][debug][gc,phases      ] GC(292)     Dead                           Min: 0, Avg:  0.0, Max: 0, Diff: 0, Sum: 0, Workers: 4
[5098.733s][debug][gc,phases      ] GC(292)     Total                          Min: 0, Avg: 11.2, Max: 45, Diff: 45, Sum: 45, Workers: 4
[5098.733s][debug][gc,phases      ] GC(292)   StringDedup Table Weak         Min:  0.0, Avg:  0.0, Max:  0.0, Diff:  0.0, Sum:  0.0, Workers: 4
[5098.733s][debug][gc,phases      ] GC(292)     Dead                           Min: 0, Avg:  0.0, Max: 0, Diff: 0, Sum: 0, Workers: 4
[5098.734s][debug][gc,phases      ] GC(292)     Total                          Min: 0, Avg:  0.0, Max: 0, Diff: 0, Sum: 0, Workers: 4
[5098.734s][debug][gc,phases      ] GC(292)   StringDedup Requests0 Weak     Min:  0.0, Avg:  0.0, Max:  0.0, Diff:  0.0, Sum:  0.0, Workers: 4
[5098.734s][debug][gc,phases      ] GC(292)     Dead                           Min: 0, Avg:  0.0, Max: 0, Diff: 0, Sum: 0, Workers: 4
[5098.734s][debug][gc,phases      ] GC(292)     Total                          Min: 0, Avg:  0.0, Max: 0, Diff: 0, Sum: 0, Workers: 4
[5098.734s][debug][gc,phases      ] GC(292)   StringDedup Requests1 Weak     Min:  0.0, Avg:  0.0, Max:  0.0, Diff:  0.0, Sum:  0.0, Workers: 4
[5098.734s][debug][gc,phases      ] GC(292)     Dead                           Min: 0, Avg:  0.0, Max: 0, Diff: 0, Sum: 0, Workers: 4
[5098.734s][debug][gc,phases      ] GC(292)     Total                          Min: 0, Avg:  0.0, Max: 0, Diff: 0, Sum: 0, Workers: 4
[5098.734s][debug][gc,phases      ] GC(292)   Weak JFR Old Object Samples    Min:  0.0, Avg:  0.0, Max:  0.0, Diff:  0.0, Sum:  0.0, Workers: 4
[5098.734s][debug][gc,phases      ] GC(292)     Dead                           Min: 0, Avg:  0.0, Max: 0, Diff: 0, Sum: 0, Workers: 4
[5098.734s][debug][gc,phases      ] GC(292)     Total                          Min: 0, Avg:  0.0, Max: 0, Diff: 0, Sum: 0, Workers: 4
[5098.734s][debug][gc,phases      ] GC(292) Weak Processing 0.425ms
[5098.734s][debug][gc,age         ] GC(292) Desired survivor size 153092096 bytes, new threshold 15 (max threshold 15)
[5098.734s][info ][gc,heap        ] GC(292) PSYoungGen: 1895584K(1941504K)->93312K(1947648K) Eden: 1785856K(1785856K)->0K(1794560K) From: 109728K(155648K)->93312K(153088K)
[5098.734s][info ][gc,heap        ] GC(292) ParOldGen: 812545K(870912K)->823913K(870912K)
[5098.734s][info ][gc,metaspace   ] GC(292) Metaspace: 86357K(87360K)->86357K(87360K) NonClass: 74241K(74752K)->74241K(74752K) Class: 12116K(12608K)->12116K(12608K)
[5098.734s][info ][gc             ] GC(292) Pause Young (Allocation Failure) 2644M->895M(2752M) 32.716ms
[5098.734s][info ][gc,cpu         ] GC(292) User=0.13s Sys=0.00s Real=0.03s
[5098.734s][info ][safepoint      ] Safepoint "ParallelGCFailedAllocation", Time since last: 4102093945 ns, Reaching safepoint: 106808 ns, At safepoint: 32812539 ns, Total: 32919347 ns
[5103.734s][info ][safepoint      ] Safepoint "Cleanup", Time since last: 5000353781 ns, Reaching safepoint: 52404 ns, At safepoint: 4500 ns, Total: 56904 ns
[5104.734s][info ][safepoint      ] Safepoint "Cleanup", Time since last: 1000074696 ns, Reaching safepoint: 47804 ns, At safepoint: 6100 ns, Total: 53904 ns
[5107.734s][info ][safepoint      ] Safepoint "Cleanup", Time since last: 3000257290 ns, Reaching safepoint: 45004 ns, At safepoint: 4100 ns, Total: 49104 ns
[5115.735s][info ][safepoint      ] Safepoint "Cleanup", Time since last: 8000522058 ns, Reaching safepoint: 53903 ns, At safepoint: 3001 ns, Total: 56904 ns
[5117.602s][info ][gc,start       ] GC(293) Pause Young (Allocation Failure)
[5117.653s][debug][gc,phases      ] GC(293) Scavenge 50.648ms
[5117.653s][debug][gc,ref         ] GC(293) Skipped phase 1 of Reference Processing: no references
[5117.653s][debug][gc,ref         ] GC(293) ReferenceProcessor::execute queues: 1, RefProcThreadModel::Single, marks_oops_alive: false
[5117.653s][debug][gc,ref         ] GC(293) Skipped phase 3 of Reference Processing: no references
[5117.653s][debug][gc,ref         ] GC(293) ReferenceProcessor::execute queues: 1, RefProcThreadModel::Single, marks_oops_alive: false
[5117.653s][debug][gc,phases      ] GC(293) Reference Processing 0.109ms
[5117.653s][debug][gc,phases      ] GC(293)   VM Weak                        Min:  0.0, Avg:  0.0, Max:  0.0, Diff:  0.0, Sum:  0.0, Workers: 4
[5117.653s][debug][gc,phases      ] GC(293)     Dead                           Min: 0, Avg:  0.0, Max: 0, Diff: 0, Sum: 0, Workers: 4
[5117.653s][debug][gc,phases      ] GC(293)     Total                          Min: 0, Avg: 205.8, Max: 432, Diff: 432, Sum: 823, Workers: 4
[5117.653s][debug][gc,phases      ] GC(293)   ObjectSynchronizer Weak        Min:  0.0, Avg:  0.0, Max:  0.0, Diff:  0.0, Sum:  0.0, Workers: 4
[5117.653s][debug][gc,phases      ] GC(293)     Dead                           Min: 0, Avg:  0.0, Max: 0, Diff: 0, Sum: 0, Workers: 4
[5117.653s][debug][gc,phases      ] GC(293)     Total                          Min: 0, Avg: 27.2, Max: 64, Diff: 64, Sum: 109, Workers: 4
[5117.653s][debug][gc,phases      ] GC(293)   JVMTI Tag Weak OopStorage      Min:  0.0, Avg:  0.0, Max:  0.0, Diff:  0.0, Sum:  0.0, Workers: 4
[5117.653s][debug][gc,phases      ] GC(293)     Dead                           Min: 0, Avg:  0.0, Max: 0, Diff: 0, Sum: 0, Workers: 4
[5117.653s][debug][gc,phases      ] GC(293)     Total                          Min: 0, Avg:  0.0, Max: 0, Diff: 0, Sum: 0, Workers: 4
[5117.653s][debug][gc,phases      ] GC(293)   StringTable Weak               Min:  0.0, Avg:  0.1, Max:  0.1, Diff:  0.1, Sum:  0.4, Workers: 4
[5117.653s][debug][gc,phases      ] GC(293)     Dead                           Min: 0, Avg:  0.0, Max: 0, Diff: 0, Sum: 0, Workers: 4
[5117.653s][debug][gc,phases      ] GC(293)     Total                          Min: 0, Avg: 11156.0, Max: 14993, Diff: 14993, Sum: 44624, Workers: 4
[5117.653s][debug][gc,phases      ] GC(293)   ResolvedMethodTable Weak       Min:  0.0, Avg:  0.0, Max:  0.0, Diff:  0.0, Sum:  0.1, Workers: 4
[5117.653s][debug][gc,phases      ] GC(293)     Dead                           Min: 0, Avg:  0.0, Max: 0, Diff: 0, Sum: 0, Workers: 4
[5117.653s][debug][gc,phases      ] GC(293)     Total                          Min: 0, Avg: 2627.2, Max: 3648, Diff: 3648, Sum: 10509, Workers: 4
[5117.653s][debug][gc,phases      ] GC(293)   JNI Weak                       Min:  0.0, Avg:  0.0, Max:  0.0, Diff:  0.0, Sum:  0.0, Workers: 4
[5117.653s][debug][gc,phases      ] GC(293)     Dead                           Min: 0, Avg:  0.0, Max: 0, Diff: 0, Sum: 0, Workers: 4
[5117.653s][debug][gc,phases      ] GC(293)     Total                          Min: 0, Avg: 11.2, Max: 45, Diff: 45, Sum: 45, Workers: 4
[5117.653s][debug][gc,phases      ] GC(293)   StringDedup Table Weak         Min:  0.0, Avg:  0.0, Max:  0.0, Diff:  0.0, Sum:  0.0, Workers: 4
[5117.653s][debug][gc,phases      ] GC(293)     Dead                           Min: 0, Avg:  0.0, Max: 0, Diff: 0, Sum: 0, Workers: 4
[5117.653s][debug][gc,phases      ] GC(293)     Total                          Min: 0, Avg:  0.0, Max: 0, Diff: 0, Sum: 0, Workers: 4
[5117.653s][debug][gc,phases      ] GC(293)   StringDedup Requests0 Weak     Min:  0.0, Avg:  0.0, Max:  0.0, Diff:  0.0, Sum:  0.0, Workers: 4
[5117.653s][debug][gc,phases      ] GC(293)     Dead                           Min: 0, Avg:  0.0, Max: 0, Diff: 0, Sum: 0, Workers: 4
[5117.653s][debug][gc,phases      ] GC(293)     Total                          Min: 0, Avg:  0.0, Max: 0, Diff: 0, Sum: 0, Workers: 4
[5117.653s][debug][gc,phases      ] GC(293)   StringDedup Requests1 Weak     Min:  0.0, Avg:  0.0, Max:  0.0, Diff:  0.0, Sum:  0.0, Workers: 4
[5117.653s][debug][gc,phases      ] GC(293)     Dead                           Min: 0, Avg:  0.0, Max: 0, Diff: 0, Sum: 0, Workers: 4
[5117.653s][debug][gc,phases      ] GC(293)     Total                          Min: 0, Avg:  0.0, Max: 0, Diff: 0, Sum: 0, Workers: 4
[5117.653s][debug][gc,phases      ] GC(293)   Weak JFR Old Object Samples    Min:  0.0, Avg:  0.0, Max:  0.0, Diff:  0.0, Sum:  0.0, Workers: 4
[5117.653s][debug][gc,phases      ] GC(293)     Dead                           Min: 0, Avg:  0.0, Max: 0, Diff: 0, Sum: 0, Workers: 4
[5117.653s][debug][gc,phases      ] GC(293)     Total                          Min: 0, Avg:  0.0, Max: 0, Diff: 0, Sum: 0, Workers: 4
[5117.653s][debug][gc,phases      ] GC(293) Weak Processing 0.403ms
[5117.653s][debug][gc,age         ] GC(293) Desired survivor size 150994944 bytes, new threshold 15 (max threshold 15)
[5117.653s][info ][gc,heap        ] GC(293) PSYoungGen: 1887872K(1947648K)->86848K(1944064K) Eden: 1794560K(1794560K)->0K(1794560K) From: 93312K(153088K)->86848K(149504K)
[5117.653s][info ][gc,heap        ] GC(293) ParOldGen: 823913K(870912K)->831441K(870912K)
[5117.653s][info ][gc,metaspace   ] GC(293) Metaspace: 86363K(87360K)->86363K(87360K) NonClass: 74247K(74752K)->74247K(74752K) Class: 12116K(12608K)->12116K(12608K)
[5117.653s][info ][gc             ] GC(293) Pause Young (Allocation Failure) 2648M->896M(2749M) 51.299ms
[5117.653s][info ][gc,cpu         ] GC(293) User=0.10s Sys=0.00s Real=0.05s
[5117.653s][info ][safepoint      ] Safepoint "ParallelGCFailedAllocation", Time since last: 1866709276 ns, Reaching safepoint: 118009 ns, At safepoint: 51400564 ns, Total: 51518573 ns
[5123.654s][info ][safepoint      ] Safepoint "Cleanup", Time since last: 6000405663 ns, Reaching safepoint: 127310 ns, At safepoint: 6600 ns, Total: 133910 ns
[5132.927s][info ][gc,start       ] GC(294) Pause Young (Allocation Failure)
[5132.972s][debug][gc,phases      ] GC(294) Scavenge 45.209ms
[5132.972s][debug][gc,ref         ] GC(294) Skipped phase 1 of Reference Processing: no references
[5132.972s][debug][gc,ref         ] GC(294) ReferenceProcessor::execute queues: 1, RefProcThreadModel::Single, marks_oops_alive: false
[5132.972s][debug][gc,ref         ] GC(294) ReferenceProcessor::execute queues: 4, RefProcThreadModel::Multi, marks_oops_alive: true
[5132.973s][debug][gc,ref         ] GC(294) ReferenceProcessor::execute queues: 1, RefProcThreadModel::Single, marks_oops_alive: false
[5132.973s][debug][gc,phases      ] GC(294) Reference Processing 0.180ms
[5132.973s][debug][gc,phases      ] GC(294)   VM Weak                        Min:  0.0, Avg:  0.0, Max:  0.0, Diff:  0.0, Sum:  0.0, Workers: 4
[5132.973s][debug][gc,phases      ] GC(294)     Dead                           Min: 0, Avg:  0.0, Max: 0, Diff: 0, Sum: 0, Workers: 4
[5132.973s][debug][gc,phases      ] GC(294)     Total                          Min: 0, Avg: 205.8, Max: 562, Diff: 562, Sum: 823, Workers: 4
[5132.973s][debug][gc,phases      ] GC(294)   ObjectSynchronizer Weak        Min:  0.0, Avg:  0.0, Max:  0.0, Diff:  0.0, Sum:  0.0, Workers: 4
[5132.973s][debug][gc,phases      ] GC(294)     Dead                           Min: 0, Avg:  0.0, Max: 0, Diff: 0, Sum: 0, Workers: 4
[5132.973s][debug][gc,phases      ] GC(294)     Total                          Min: 0, Avg: 27.2, Max: 64, Diff: 64, Sum: 109, Workers: 4
[5132.973s][debug][gc,phases      ] GC(294)   JVMTI Tag Weak OopStorage      Min:  0.0, Avg:  0.0, Max:  0.0, Diff:  0.0, Sum:  0.0, Workers: 4
[5132.973s][debug][gc,phases      ] GC(294)     Dead                           Min: 0, Avg:  0.0, Max: 0, Diff: 0, Sum: 0, Workers: 4
[5132.973s][debug][gc,phases      ] GC(294)     Total                          Min: 0, Avg:  0.0, Max: 0, Diff: 0, Sum: 0, Workers: 4
[5132.973s][debug][gc,phases      ] GC(294)   StringTable Weak               Min:  0.0, Avg:  0.1, Max:  0.1, Diff:  0.1, Sum:  0.4, Workers: 4
[5132.973s][debug][gc,phases      ] GC(294)     Dead                           Min: 0, Avg:  0.0, Max: 0, Diff: 0, Sum: 0, Workers: 4
[5132.973s][debug][gc,phases      ] GC(294)     Total                          Min: 0, Avg: 11156.5, Max: 15614, Diff: 15614, Sum: 44626, Workers: 4
[5132.973s][debug][gc,phases      ] GC(294)   ResolvedMethodTable Weak       Min:  0.0, Avg:  0.0, Max:  0.0, Diff:  0.0, Sum:  0.1, Workers: 4
[5132.973s][debug][gc,phases      ] GC(294)     Dead                           Min: 0, Avg:  0.0, Max: 0, Diff: 0, Sum: 0, Workers: 4
[5132.973s][debug][gc,phases      ] GC(294)     Total                          Min: 0, Avg: 2627.2, Max: 3903, Diff: 3903, Sum: 10509, Workers: 4
[5132.973s][debug][gc,phases      ] GC(294)   JNI Weak                       Min:  0.0, Avg:  0.0, Max:  0.0, Diff:  0.0, Sum:  0.0, Workers: 4
[5132.973s][debug][gc,phases      ] GC(294)     Dead                           Min: 0, Avg:  0.0, Max: 0, Diff: 0, Sum: 0, Workers: 4
[5132.973s][debug][gc,phases      ] GC(294)     Total                          Min: 0, Avg: 11.2, Max: 45, Diff: 45, Sum: 45, Workers: 4
[5132.973s][debug][gc,phases      ] GC(294)   StringDedup Table Weak         Min:  0.0, Avg:  0.0, Max:  0.0, Diff:  0.0, Sum:  0.0, Workers: 4
[5132.973s][debug][gc,phases      ] GC(294)     Dead                           Min: 0, Avg:  0.0, Max: 0, Diff: 0, Sum: 0, Workers: 4
[5132.973s][debug][gc,phases      ] GC(294)     Total                          Min: 0, Avg:  0.0, Max: 0, Diff: 0, Sum: 0, Workers: 4
[5132.973s][debug][gc,phases      ] GC(294)   StringDedup Requests0 Weak     Min:  0.0, Avg:  0.0, Max:  0.0, Diff:  0.0, Sum:  0.0, Workers: 4
[5132.973s][debug][gc,phases      ] GC(294)     Dead                           Min: 0, Avg:  0.0, Max: 0, Diff: 0, Sum: 0, Workers: 4
[5132.973s][debug][gc,phases      ] GC(294)     Total                          Min: 0, Avg:  0.0, Max: 0, Diff: 0, Sum: 0, Workers: 4
[5132.973s][debug][gc,phases      ] GC(294)   StringDedup Requests1 Weak     Min:  0.0, Avg:  0.0, Max:  0.0, Diff:  0.0, Sum:  0.0, Workers: 4
[5132.973s][debug][gc,phases      ] GC(294)     Dead                           Min: 0, Avg:  0.0, Max: 0, Diff: 0, Sum: 0, Workers: 4
[5132.973s][debug][gc,phases      ] GC(294)     Total                          Min: 0, Avg:  0.0, Max: 0, Diff: 0, Sum: 0, Workers: 4
[5132.973s][debug][gc,phases      ] GC(294)   Weak JFR Old Object Samples    Min:  0.0, Avg:  0.0, Max:  0.0, Diff:  0.0, Sum:  0.0, Workers: 4
[5132.973s][debug][gc,phases      ] GC(294)     Dead                           Min: 0, Avg:  0.0, Max: 0, Diff: 0, Sum: 0, Workers: 4
[5132.973s][debug][gc,phases      ] GC(294)     Total                          Min: 0, Avg:  0.0, Max: 0, Diff: 0, Sum: 0, Workers: 4
[5132.973s][debug][gc,phases      ] GC(294) Weak Processing 0.379ms
[5132.973s][debug][gc,age         ] GC(294) Desired survivor size 154140672 bytes, new threshold 15 (max threshold 15)
[5132.973s][info ][gc,heap        ] GC(294) PSYoungGen: 1881408K(1944064K)->121872K(1943552K) Eden: 1794560K(1794560K)->0K(1796096K) From: 86848K(149504K)->121872K(147456K)
[5132.973s][info ][gc,heap        ] GC(294) ParOldGen: 831441K(870912K)->833113K(870912K)
[5132.973s][info ][gc,metaspace   ] GC(294) Metaspace: 86376K(87424K)->86376K(87424K) NonClass: 74259K(74816K)->74259K(74816K) Class: 12117K(12608K)->12117K(12608K)
[5132.973s][info ][gc             ] GC(294) Pause Young (Allocation Failure) 2649M->932M(2748M) 45.903ms
[5132.973s][info ][gc,cpu         ] GC(294) User=0.15s Sys=0.00s Real=0.05s
[5132.973s][info ][safepoint      ] Safepoint "ParallelGCFailedAllocation", Time since last: 9273110264 ns, Reaching safepoint: 93106 ns, At safepoint: 46002980 ns, Total: 46096086 ns
[5142.425s][info ][safepoint      ] Safepoint "Cleanup", Time since last: 9451591478 ns, Reaching safepoint: 117008 ns, At safepoint: 8901 ns, Total: 125909 ns
[5146.613s][info ][gc,start       ] GC(295) Pause Young (Allocation Failure)
[5146.649s][debug][gc,phases      ] GC(295) Scavenge 36.214ms
[5146.649s][debug][gc,ref         ] GC(295) Skipped phase 1 of Reference Processing: no references
[5146.650s][debug][gc,ref         ] GC(295) ReferenceProcessor::execute queues: 1, RefProcThreadModel::Single, marks_oops_alive: false
[5146.650s][debug][gc,ref         ] GC(295) Skipped phase 3 of Reference Processing: no references
[5146.650s][debug][gc,ref         ] GC(295) ReferenceProcessor::execute queues: 1, RefProcThreadModel::Single, marks_oops_alive: false
[5146.650s][debug][gc,phases      ] GC(295) Reference Processing 0.097ms
[5146.650s][debug][gc,phases      ] GC(295)   VM Weak                        Min:  0.0, Avg:  0.0, Max:  0.0, Diff:  0.0, Sum:  0.0, Workers: 4
[5146.650s][debug][gc,phases      ] GC(295)     Dead                           Min: 0, Avg:  0.0, Max: 0, Diff: 0, Sum: 0, Workers: 4
[5146.650s][debug][gc,phases      ] GC(295)     Total                          Min: 0, Avg: 205.8, Max: 695, Diff: 695, Sum: 823, Workers: 4
[5146.650s][debug][gc,phases      ] GC(295)   ObjectSynchronizer Weak        Min:  0.0, Avg:  0.0, Max:  0.0, Diff:  0.0, Sum:  0.0, Workers: 4
[5146.650s][debug][gc,phases      ] GC(295)     Dead                           Min: 0, Avg:  0.0, Max: 0, Diff: 0, Sum: 0, Workers: 4
[5146.650s][debug][gc,phases      ] GC(295)     Total                          Min: 0, Avg: 27.2, Max: 64, Diff: 64, Sum: 109, Workers: 4
[5146.650s][debug][gc,phases      ] GC(295)   JVMTI Tag Weak OopStorage      Min:  0.0, Avg:  0.0, Max:  0.0, Diff:  0.0, Sum:  0.0, Workers: 4
[5146.650s][debug][gc,phases      ] GC(295)     Dead                           Min: 0, Avg:  0.0, Max: 0, Diff: 0, Sum: 0, Workers: 4
[5146.650s][debug][gc,phases      ] GC(295)     Total                          Min: 0, Avg:  0.0, Max: 0, Diff: 0, Sum: 0, Workers: 4
[5146.650s][debug][gc,phases      ] GC(295)   StringTable Weak               Min:  0.0, Avg:  0.1, Max:  0.2, Diff:  0.2, Sum:  0.5, Workers: 4
[5146.650s][debug][gc,phases      ] GC(295)     Dead                           Min: 0, Avg:  0.0, Max: 0, Diff: 0, Sum: 0, Workers: 4
[5146.650s][debug][gc,phases      ] GC(295)     Total                          Min: 0, Avg: 11156.5, Max: 16319, Diff: 16319, Sum: 44626, Workers: 4
[5146.650s][debug][gc,phases      ] GC(295)   ResolvedMethodTable Weak       Min:  0.0, Avg:  0.0, Max:  0.0, Diff:  0.0, Sum:  0.1, Workers: 4
[5146.650s][debug][gc,phases      ] GC(295)     Dead                           Min: 0, Avg:  0.0, Max: 0, Diff: 0, Sum: 0, Workers: 4
[5146.650s][debug][gc,phases      ] GC(295)     Total                          Min: 0, Avg: 2627.2, Max: 3711, Diff: 3711, Sum: 10509, Workers: 4
[5146.650s][debug][gc,phases      ] GC(295)   JNI Weak                       Min:  0.0, Avg:  0.0, Max:  0.0, Diff:  0.0, Sum:  0.0, Workers: 4
[5146.650s][debug][gc,phases      ] GC(295)     Dead                           Min: 0, Avg:  0.0, Max: 0, Diff: 0, Sum: 0, Workers: 4
[5146.650s][debug][gc,phases      ] GC(295)     Total                          Min: 0, Avg: 11.2, Max: 45, Diff: 45, Sum: 45, Workers: 4
[5146.650s][debug][gc,phases      ] GC(295)   StringDedup Table Weak         Min:  0.0, Avg:  0.0, Max:  0.0, Diff:  0.0, Sum:  0.0, Workers: 4
[5146.650s][debug][gc,phases      ] GC(295)     Dead                           Min: 0, Avg:  0.0, Max: 0, Diff: 0, Sum: 0, Workers: 4
[5146.650s][debug][gc,phases      ] GC(295)     Total                          Min: 0, Avg:  0.0, Max: 0, Diff: 0, Sum: 0, Workers: 4
[5146.650s][debug][gc,phases      ] GC(295)   StringDedup Requests0 Weak     Min:  0.0, Avg:  0.0, Max:  0.0, Diff:  0.0, Sum:  0.0, Workers: 4
[5146.650s][debug][gc,phases      ] GC(295)     Dead                           Min: 0, Avg:  0.0, Max: 0, Diff: 0, Sum: 0, Workers: 4
[5146.650s][debug][gc,phases      ] GC(295)     Total                          Min: 0, Avg:  0.0, Max: 0, Diff: 0, Sum: 0, Workers: 4
[5146.650s][debug][gc,phases      ] GC(295)   StringDedup Requests1 Weak     Min:  0.0, Avg:  0.0, Max:  0.0, Diff:  0.0, Sum:  0.0, Workers: 4
[5146.650s][debug][gc,phases      ] GC(295)     Dead                           Min: 0, Avg:  0.0, Max: 0, Diff: 0, Sum: 0, Workers: 4
[5146.650s][debug][gc,phases      ] GC(295)     Total                          Min: 0, Avg:  0.0, Max: 0, Diff: 0, Sum: 0, Workers: 4
[5146.650s][debug][gc,phases      ] GC(295)   Weak JFR Old Object Samples    Min:  0.0, Avg:  0.0, Max:  0.0, Diff:  0.0, Sum:  0.0, Workers: 4
[5146.650s][debug][gc,phases      ] GC(295)     Dead                           Min: 0, Avg:  0.0, Max: 0, Diff: 0, Sum: 0, Workers: 4
[5146.650s][debug][gc,phases      ] GC(295)     Total                          Min: 0, Avg:  0.0, Max: 0, Diff: 0, Sum: 0, Workers: 4
[5146.650s][debug][gc,phases      ] GC(295) Weak Processing 0.381ms
[5146.650s][debug][gc,age         ] GC(295) Desired survivor size 151519232 bytes, new threshold 15 (max threshold 15)
[5146.650s][info ][gc,heap        ] GC(295) PSYoungGen: 1917968K(1943552K)->107680K(1946624K) Eden: 1796096K(1796096K)->0K(1796096K) From: 121872K(147456K)->107680K(150528K)
[5146.650s][info ][gc,heap        ] GC(295) ParOldGen: 833113K(870912K)->833249K(870912K)
[5146.650s][info ][gc,metaspace   ] GC(295) Metaspace: 86377K(87424K)->86377K(87424K) NonClass: 74260K(74816K)->74260K(74816K) Class: 12117K(12608K)->12117K(12608K)
[5146.650s][info ][gc             ] GC(295) Pause Young (Allocation Failure) 2686M->918M(2751M) 36.823ms
[5146.650s][info ][gc,cpu         ] GC(295) User=0.12s Sys=0.00s Real=0.03s
[5146.650s][info ][safepoint      ] Safepoint "ParallelGCFailedAllocation", Time since last: 4188287068 ns, Reaching safepoint: 51404 ns, At safepoint: 36902831 ns, Total: 36954235 ns
[5155.651s][info ][safepoint      ] Safepoint "Cleanup", Time since last: 9000692922 ns, Reaching safepoint: 114608 ns, At safepoint: 8001 ns, Total: 122609 ns
[5158.454s][info ][gc,start       ] GC(296) Pause Young (Allocation Failure)
[5158.491s][debug][gc,phases      ] GC(296) Scavenge 36.607ms
[5158.491s][debug][gc,ref         ] GC(296) Skipped phase 1 of Reference Processing: no references
[5158.491s][debug][gc,ref         ] GC(296) ReferenceProcessor::execute queues: 1, RefProcThreadModel::Single, marks_oops_alive: false
[5158.491s][debug][gc,ref         ] GC(296) Skipped phase 3 of Reference Processing: no references
[5158.491s][debug][gc,ref         ] GC(296) ReferenceProcessor::execute queues: 1, RefProcThreadModel::Single, marks_oops_alive: false
[5158.491s][debug][gc,phases      ] GC(296) Reference Processing 0.119ms
[5158.491s][debug][gc,phases      ] GC(296)   VM Weak                        Min:  0.0, Avg:  0.0, Max:  0.0, Diff:  0.0, Sum:  0.0, Workers: 4
[5158.491s][debug][gc,phases      ] GC(296)     Dead                           Min: 0, Avg:  0.0, Max: 0, Diff: 0, Sum: 0, Workers: 4
[5158.491s][debug][gc,phases      ] GC(296)     Total                          Min: 0, Avg: 205.8, Max: 455, Diff: 455, Sum: 823, Workers: 4
[5158.491s][debug][gc,phases      ] GC(296)   ObjectSynchronizer Weak        Min:  0.0, Avg:  0.0, Max:  0.0, Diff:  0.0, Sum:  0.0, Workers: 4
[5158.491s][debug][gc,phases      ] GC(296)     Dead                           Min: 0, Avg:  0.0, Max: 0, Diff: 0, Sum: 0, Workers: 4
[5158.491s][debug][gc,phases      ] GC(296)     Total                          Min: 0, Avg: 27.2, Max: 64, Diff: 64, Sum: 109, Workers: 4
[5158.491s][debug][gc,phases      ] GC(296)   JVMTI Tag Weak OopStorage      Min:  0.0, Avg:  0.0, Max:  0.0, Diff:  0.0, Sum:  0.0, Workers: 4
[5158.491s][debug][gc,phases      ] GC(296)     Dead                           Min: 0, Avg:  0.0, Max: 0, Diff: 0, Sum: 0, Workers: 4
[5158.491s][debug][gc,phases      ] GC(296)     Total                          Min: 0, Avg:  0.0, Max: 0, Diff: 0, Sum: 0, Workers: 4
[5158.491s][debug][gc,phases      ] GC(296)   StringTable Weak               Min:  0.0, Avg:  0.1, Max:  0.2, Diff:  0.2, Sum:  0.4, Workers: 4
[5158.491s][debug][gc,phases      ] GC(296)     Dead                           Min: 0, Avg:  0.0, Max: 0, Diff: 0, Sum: 0, Workers: 4
[5158.491s][debug][gc,phases      ] GC(296)     Total                          Min: 0, Avg: 11156.5, Max: 22399, Diff: 22399, Sum: 44626, Workers: 4
[5158.491s][debug][gc,phases      ] GC(296)   ResolvedMethodTable Weak       Min:  0.0, Avg:  0.0, Max:  0.0, Diff:  0.0, Sum:  0.1, Workers: 4
[5158.491s][debug][gc,phases      ] GC(296)     Dead                           Min: 0, Avg:  0.0, Max: 0, Diff: 0, Sum: 0, Workers: 4
[5158.491s][debug][gc,phases      ] GC(296)     Total                          Min: 0, Avg: 2627.2, Max: 5390, Diff: 5390, Sum: 10509, Workers: 4
[5158.491s][debug][gc,phases      ] GC(296)   JNI Weak                       Min:  0.0, Avg:  0.0, Max:  0.0, Diff:  0.0, Sum:  0.0, Workers: 4
[5158.491s][debug][gc,phases      ] GC(296)     Dead                           Min: 0, Avg:  0.0, Max: 0, Diff: 0, Sum: 0, Workers: 4
[5158.491s][debug][gc,phases      ] GC(296)     Total                          Min: 0, Avg: 11.2, Max: 45, Diff: 45, Sum: 45, Workers: 4
[5158.491s][debug][gc,phases      ] GC(296)   StringDedup Table Weak         Min:  0.0, Avg:  0.0, Max:  0.0, Diff:  0.0, Sum:  0.0, Workers: 4
[5158.491s][debug][gc,phases      ] GC(296)     Dead                           Min: 0, Avg:  0.0, Max: 0, Diff: 0, Sum: 0, Workers: 4
[5158.491s][debug][gc,phases      ] GC(296)     Total                          Min: 0, Avg:  0.0, Max: 0, Diff: 0, Sum: 0, Workers: 4
[5158.491s][debug][gc,phases      ] GC(296)   StringDedup Requests0 Weak     Min:  0.0, Avg:  0.0, Max:  0.0, Diff:  0.0, Sum:  0.0, Workers: 4
[5158.491s][debug][gc,phases      ] GC(296)     Dead                           Min: 0, Avg:  0.0, Max: 0, Diff: 0, Sum: 0, Workers: 4
[5158.491s][debug][gc,phases      ] GC(296)     Total                          Min: 0, Avg:  0.0, Max: 0, Diff: 0, Sum: 0, Workers: 4
[5158.491s][debug][gc,phases      ] GC(296)   StringDedup Requests1 Weak     Min:  0.0, Avg:  0.0, Max:  0.0, Diff:  0.0, Sum:  0.0, Workers: 4
[5158.491s][debug][gc,phases      ] GC(296)     Dead                           Min: 0, Avg:  0.0, Max: 0, Diff: 0, Sum: 0, Workers: 4
[5158.491s][debug][gc,phases      ] GC(296)     Total                          Min: 0, Avg:  0.0, Max: 0, Diff: 0, Sum: 0, Workers: 4
[5158.491s][debug][gc,phases      ] GC(296)   Weak JFR Old Object Samples    Min:  0.0, Avg:  0.0, Max:  0.0, Diff:  0.0, Sum:  0.0, Workers: 4
[5158.491s][debug][gc,phases      ] GC(296)     Dead                           Min: 0, Avg:  0.0, Max: 0, Diff: 0, Sum: 0, Workers: 4
[5158.491s][debug][gc,phases      ] GC(296)     Total                          Min: 0, Avg:  0.0, Max: 0, Diff: 0, Sum: 0, Workers: 4
[5158.491s][debug][gc,phases      ] GC(296) Weak Processing 0.482ms
[5158.491s][debug][gc,age         ] GC(296) Desired survivor size 149422080 bytes, new threshold 15 (max threshold 15)
[5158.491s][info ][gc,heap        ] GC(296) PSYoungGen: 1903776K(1946624K)->108320K(1951232K) Eden: 1796096K(1796096K)->0K(1803264K) From: 107680K(150528K)->108320K(147968K)
[5158.491s][info ][gc,heap        ] GC(296) ParOldGen: 833249K(870912K)->833321K(870912K)
[5158.491s][info ][gc,metaspace   ] GC(296) Metaspace: 86378K(87424K)->86378K(87424K) NonClass: 74261K(74816K)->74261K(74816K) Class: 12117K(12608K)->12117K(12608K)
[5158.491s][info ][gc             ] GC(296) Pause Young (Allocation Failure) 2672M->919M(2756M) 37.358ms
[5158.491s][info ][gc,cpu         ] GC(296) User=0.12s Sys=0.00s Real=0.04s
[5158.491s][info ][safepoint      ] Safepoint "ParallelGCFailedAllocation", Time since last: 2803107320 ns, Reaching safepoint: 113708 ns, At safepoint: 37452870 ns, Total: 37566578 ns
[5161.492s][info ][safepoint      ] Safepoint "Cleanup", Time since last: 3000240372 ns, Reaching safepoint: 57104 ns, At safepoint: 3500 ns, Total: 60604 ns
[5168.493s][info ][safepoint      ] Safepoint "Cleanup", Time since last: 7001091370 ns, Reaching safepoint: 57204 ns, At safepoint: 8100 ns, Total: 65304 ns
[5169.464s][info ][gc,start       ] GC(297) Pause Young (Allocation Failure)
[5169.518s][debug][gc,phases      ] GC(297) Scavenge 53.837ms
[5169.518s][debug][gc,ref         ] GC(297) Skipped phase 1 of Reference Processing: no references
[5169.518s][debug][gc,ref         ] GC(297) ReferenceProcessor::execute queues: 1, RefProcThreadModel::Single, marks_oops_alive: false
[5169.518s][debug][gc,ref         ] GC(297) Skipped phase 3 of Reference Processing: no references
[5169.518s][debug][gc,ref         ] GC(297) ReferenceProcessor::execute queues: 1, RefProcThreadModel::Single, marks_oops_alive: false
[5169.518s][debug][gc,phases      ] GC(297) Reference Processing 0.114ms
[5169.519s][debug][gc,phases      ] GC(297)   VM Weak                        Min:  0.0, Avg:  0.0, Max:  0.0, Diff:  0.0, Sum:  0.0, Workers: 4
[5169.519s][debug][gc,phases      ] GC(297)     Dead                           Min: 0, Avg:  0.0, Max: 0, Diff: 0, Sum: 0, Workers: 4
[5169.519s][debug][gc,phases      ] GC(297)     Total                          Min: 0, Avg: 205.8, Max: 503, Diff: 503, Sum: 823, Workers: 4
[5169.519s][debug][gc,phases      ] GC(297)   ObjectSynchronizer Weak        Min:  0.0, Avg:  0.0, Max:  0.0, Diff:  0.0, Sum:  0.0, Workers: 4
[5169.519s][debug][gc,phases      ] GC(297)     Dead                           Min: 0, Avg:  0.0, Max: 0, Diff: 0, Sum: 0, Workers: 4
[5169.519s][debug][gc,phases      ] GC(297)     Total                          Min: 0, Avg: 27.2, Max: 64, Diff: 64, Sum: 109, Workers: 4
[5169.519s][debug][gc,phases      ] GC(297)   JVMTI Tag Weak OopStorage      Min:  0.0, Avg:  0.0, Max:  0.0, Diff:  0.0, Sum:  0.0, Workers: 4
[5169.519s][debug][gc,phases      ] GC(297)     Dead                           Min: 0, Avg:  0.0, Max: 0, Diff: 0, Sum: 0, Workers: 4
[5169.519s][debug][gc,phases      ] GC(297)     Total                          Min: 0, Avg:  0.0, Max: 0, Diff: 0, Sum: 0, Workers: 4
[5169.519s][debug][gc,phases      ] GC(297)   StringTable Weak               Min:  0.0, Avg:  0.1, Max:  0.2, Diff:  0.2, Sum:  0.4, Workers: 4
[5169.519s][debug][gc,phases      ] GC(297)     Dead                           Min: 0, Avg:  0.0, Max: 0, Diff: 0, Sum: 0, Workers: 4
[5169.519s][debug][gc,phases      ] GC(297)     Total                          Min: 0, Avg: 11156.5, Max: 22526, Diff: 22526, Sum: 44626, Workers: 4
[5169.519s][debug][gc,phases      ] GC(297)   ResolvedMethodTable Weak       Min:  0.0, Avg:  0.0, Max:  0.1, Diff:  0.1, Sum:  0.1, Workers: 4
[5169.519s][debug][gc,phases      ] GC(297)     Dead                           Min: 0, Avg:  0.0, Max: 0, Diff: 0, Sum: 0, Workers: 4
[5169.519s][debug][gc,phases      ] GC(297)     Total                          Min: 0, Avg: 2627.2, Max: 5311, Diff: 5311, Sum: 10509, Workers: 4
[5169.519s][debug][gc,phases      ] GC(297)   JNI Weak                       Min:  0.0, Avg:  0.0, Max:  0.0, Diff:  0.0, Sum:  0.0, Workers: 4
[5169.519s][debug][gc,phases      ] GC(297)     Dead                           Min: 0, Avg:  0.0, Max: 0, Diff: 0, Sum: 0, Workers: 4
[5169.519s][debug][gc,phases      ] GC(297)     Total                          Min: 0, Avg: 11.2, Max: 45, Diff: 45, Sum: 45, Workers: 4
[5169.519s][debug][gc,phases      ] GC(297)   StringDedup Table Weak         Min:  0.0, Avg:  0.0, Max:  0.0, Diff:  0.0, Sum:  0.0, Workers: 4
[5169.519s][debug][gc,phases      ] GC(297)     Dead                           Min: 0, Avg:  0.0, Max: 0, Diff: 0, Sum: 0, Workers: 4
[5169.519s][debug][gc,phases      ] GC(297)     Total                          Min: 0, Avg:  0.0, Max: 0, Diff: 0, Sum: 0, Workers: 4
[5169.519s][debug][gc,phases      ] GC(297)   StringDedup Requests0 Weak     Min:  0.0, Avg:  0.0, Max:  0.0, Diff:  0.0, Sum:  0.0, Workers: 4
[5169.519s][debug][gc,phases      ] GC(297)     Dead                           Min: 0, Avg:  0.0, Max: 0, Diff: 0, Sum: 0, Workers: 4
[5169.519s][debug][gc,phases      ] GC(297)     Total                          Min: 0, Avg:  0.0, Max: 0, Diff: 0, Sum: 0, Workers: 4
[5169.519s][debug][gc,phases      ] GC(297)   StringDedup Requests1 Weak     Min:  0.0, Avg:  0.0, Max:  0.0, Diff:  0.0, Sum:  0.0, Workers: 4
[5169.519s][debug][gc,phases      ] GC(297)     Dead                           Min: 0, Avg:  0.0, Max: 0, Diff: 0, Sum: 0, Workers: 4
[5169.519s][debug][gc,phases      ] GC(297)     Total                          Min: 0, Avg:  0.0, Max: 0, Diff: 0, Sum: 0, Workers: 4
[5169.519s][debug][gc,phases      ] GC(297)   Weak JFR Old Object Samples    Min:  0.0, Avg:  0.0, Max:  0.0, Diff:  0.0, Sum:  0.0, Workers: 4
[5169.519s][debug][gc,phases      ] GC(297)     Dead                           Min: 0, Avg:  0.0, Max: 0, Diff: 0, Sum: 0, Workers: 4
[5169.519s][debug][gc,phases      ] GC(297)     Total                          Min: 0, Avg:  0.0, Max: 0, Diff: 0, Sum: 0, Workers: 4
[5169.519s][debug][gc,phases      ] GC(297) Weak Processing 0.527ms
[5169.519s][debug][gc,age         ] GC(297) Desired survivor size 152043520 bytes, new threshold 15 (max threshold 15)
[5169.519s][info ][gc,heap        ] GC(297) PSYoungGen: 1911584K(1951232K)->121808K(1925120K) Eden: 1803264K(1803264K)->0K(1803264K) From: 108320K(147968K)->121808K(121856K)
[5169.519s][info ][gc,heap        ] GC(297) ParOldGen: 833321K(870912K)->833437K(870912K)
[5169.519s][info ][gc,metaspace   ] GC(297) Metaspace: 86379K(87424K)->86379K(87424K) NonClass: 74262K(74816K)->74262K(74816K) Class: 12117K(12608K)->12117K(12608K)
[5169.519s][info ][gc             ] GC(297) Pause Young (Allocation Failure) 2680M->932M(2730M) 54.631ms
[5169.519s][info ][gc,cpu         ] GC(297) User=0.13s Sys=0.00s Real=0.06s
[5169.519s][info ][safepoint      ] Safepoint "ParallelGCFailedAllocation", Time since last: 971378044 ns, Reaching safepoint: 28402 ns, At safepoint: 54722701 ns, Total: 54751103 ns
[5173.519s][info ][safepoint      ] Safepoint "Cleanup", Time since last: 4000289656 ns, Reaching safepoint: 49603 ns, At safepoint: 3301 ns, Total: 52904 ns
[5174.520s][info ][safepoint      ] Safepoint "Cleanup", Time since last: 1000117592 ns, Reaching safepoint: 116708 ns, At safepoint: 8101 ns, Total: 124809 ns
[5175.520s][info ][safepoint      ] Safepoint "Cleanup", Time since last: 1000104090 ns, Reaching safepoint: 113109 ns, At safepoint: 8500 ns, Total: 121609 ns
[5176.568s][info ][safepoint      ] Safepoint "Cleanup", Time since last: 1048209820 ns, Reaching safepoint: 132209 ns, At safepoint: 7601 ns, Total: 139810 ns
[5177.568s][info ][safepoint      ] Safepoint "Cleanup", Time since last: 1000062688 ns, Reaching safepoint: 44403 ns, At safepoint: 3500 ns, Total: 47903 ns
[5177.886s][info ][safepoint      ] Safepoint "ParallelGCFailedAllocation", Time since last: 317446929 ns, Reaching safepoint: 56704 ns, At safepoint: 19501 ns, Total: 76205 ns
[5177.886s][info ][gc,start       ] GC(298) Pause Young (GCLocker Initiated GC)
[5177.932s][debug][gc,phases      ] GC(298) Scavenge 45.304ms
[5177.932s][debug][gc,ref         ] GC(298) Skipped phase 1 of Reference Processing: no references
[5177.932s][debug][gc,ref         ] GC(298) ReferenceProcessor::execute queues: 1, RefProcThreadModel::Single, marks_oops_alive: false
[5177.932s][debug][gc,ref         ] GC(298) Skipped phase 3 of Reference Processing: no references
[5177.932s][debug][gc,ref         ] GC(298) ReferenceProcessor::execute queues: 1, RefProcThreadModel::Single, marks_oops_alive: false
[5177.932s][debug][gc,phases      ] GC(298) Reference Processing 0.105ms
[5177.932s][debug][gc,phases      ] GC(298)   VM Weak                        Min:  0.0, Avg:  0.0, Max:  0.0, Diff:  0.0, Sum:  0.0, Workers: 4
[5177.932s][debug][gc,phases      ] GC(298)     Dead                           Min: 0, Avg:  0.0, Max: 0, Diff: 0, Sum: 0, Workers: 4
[5177.932s][debug][gc,phases      ] GC(298)     Total                          Min: 0, Avg: 205.8, Max: 503, Diff: 503, Sum: 823, Workers: 4
[5177.932s][debug][gc,phases      ] GC(298)   ObjectSynchronizer Weak        Min:  0.0, Avg:  0.0, Max:  0.0, Diff:  0.0, Sum:  0.0, Workers: 4
[5177.932s][debug][gc,phases      ] GC(298)     Dead                           Min: 0, Avg:  0.0, Max: 0, Diff: 0, Sum: 0, Workers: 4
[5177.932s][debug][gc,phases      ] GC(298)     Total                          Min: 0, Avg: 27.2, Max: 64, Diff: 64, Sum: 109, Workers: 4
[5177.932s][debug][gc,phases      ] GC(298)   JVMTI Tag Weak OopStorage      Min:  0.0, Avg:  0.0, Max:  0.0, Diff:  0.0, Sum:  0.0, Workers: 4
[5177.932s][debug][gc,phases      ] GC(298)     Dead                           Min: 0, Avg:  0.0, Max: 0, Diff: 0, Sum: 0, Workers: 4
[5177.932s][debug][gc,phases      ] GC(298)     Total                          Min: 0, Avg:  0.0, Max: 0, Diff: 0, Sum: 0, Workers: 4
[5177.932s][debug][gc,phases      ] GC(298)   StringTable Weak               Min:  0.0, Avg:  0.1, Max:  0.1, Diff:  0.1, Sum:  0.4, Workers: 4
[5177.932s][debug][gc,phases      ] GC(298)     Dead                           Min: 0, Avg:  0.0, Max: 0, Diff: 0, Sum: 0, Workers: 4
[5177.932s][debug][gc,phases      ] GC(298)     Total                          Min: 0, Avg: 11157.2, Max: 15680, Diff: 15680, Sum: 44629, Workers: 4
[5177.932s][debug][gc,phases      ] GC(298)   ResolvedMethodTable Weak       Min:  0.0, Avg:  0.0, Max:  0.0, Diff:  0.0, Sum:  0.1, Workers: 4
[5177.932s][debug][gc,phases      ] GC(298)     Dead                           Min: 0, Avg:  0.0, Max: 0, Diff: 0, Sum: 0, Workers: 4
[5177.932s][debug][gc,phases      ] GC(298)     Total                          Min: 0, Avg: 2627.8, Max: 3599, Diff: 3599, Sum: 10511, Workers: 4
[5177.932s][debug][gc,phases      ] GC(298)   JNI Weak                       Min:  0.0, Avg:  0.0, Max:  0.0, Diff:  0.0, Sum:  0.0, Workers: 4
[5177.932s][debug][gc,phases      ] GC(298)     Dead                           Min: 0, Avg:  0.0, Max: 0, Diff: 0, Sum: 0, Workers: 4
[5177.932s][debug][gc,phases      ] GC(298)     Total                          Min: 0, Avg: 11.2, Max: 45, Diff: 45, Sum: 45, Workers: 4
[5177.932s][debug][gc,phases      ] GC(298)   StringDedup Table Weak         Min:  0.0, Avg:  0.0, Max:  0.0, Diff:  0.0, Sum:  0.0, Workers: 4
[5177.932s][debug][gc,phases      ] GC(298)     Dead                           Min: 0, Avg:  0.0, Max: 0, Diff: 0, Sum: 0, Workers: 4
[5177.932s][debug][gc,phases      ] GC(298)     Total                          Min: 0, Avg:  0.0, Max: 0, Diff: 0, Sum: 0, Workers: 4
[5177.932s][debug][gc,phases      ] GC(298)   StringDedup Requests0 Weak     Min:  0.0, Avg:  0.0, Max:  0.0, Diff:  0.0, Sum:  0.0, Workers: 4
[5177.932s][debug][gc,phases      ] GC(298)     Dead                           Min: 0, Avg:  0.0, Max: 0, Diff: 0, Sum: 0, Workers: 4
[5177.932s][debug][gc,phases      ] GC(298)     Total                          Min: 0, Avg:  0.0, Max: 0, Diff: 0, Sum: 0, Workers: 4
[5177.932s][debug][gc,phases      ] GC(298)   StringDedup Requests1 Weak     Min:  0.0, Avg:  0.0, Max:  0.0, Diff:  0.0, Sum:  0.0, Workers: 4
[5177.932s][debug][gc,phases      ] GC(298)     Dead                           Min: 0, Avg:  0.0, Max: 0, Diff: 0, Sum: 0, Workers: 4
[5177.932s][debug][gc,phases      ] GC(298)     Total                          Min: 0, Avg:  0.0, Max: 0, Diff: 0, Sum: 0, Workers: 4
[5177.932s][debug][gc,phases      ] GC(298)   Weak JFR Old Object Samples    Min:  0.0, Avg:  0.0, Max:  0.0, Diff:  0.0, Sum:  0.0, Workers: 4
[5177.932s][debug][gc,phases      ] GC(298)     Dead                           Min: 0, Avg:  0.0, Max: 0, Diff: 0, Sum: 0, Workers: 4
[5177.932s][debug][gc,phases      ] GC(298)     Total                          Min: 0, Avg:  0.0, Max: 0, Diff: 0, Sum: 0, Workers: 4
[5177.932s][debug][gc,phases      ] GC(298) Weak Processing 0.372ms
[5177.932s][debug][gc,age         ] GC(298) Desired survivor size 157286400 bytes, new threshold 15 (max threshold 15)
[5177.932s][info ][gc,heap        ] GC(298) PSYoungGen: 1925072K(1925120K)->131413K(1938432K) Eden: 1803264K(1803264K)->0K(1789952K) From: 121808K(121856K)->131413K(148480K)
[5177.932s][info ][gc,heap        ] GC(298) ParOldGen: 834462K(870912K)->834526K(870912K)
[5177.932s][info ][gc,metaspace   ] GC(298) Metaspace: 86391K(87424K)->86391K(87424K) NonClass: 74272K(74816K)->74272K(74816K) Class: 12119K(12608K)->12119K(12608K)
[5177.932s][info ][gc             ] GC(298) Pause Young (GCLocker Initiated GC) 2694M->943M(2743M) 45.916ms
[5177.932s][info ][gc,cpu         ] GC(298) User=0.14s Sys=0.01s Real=0.05s
[5177.932s][info ][safepoint      ] Safepoint "ParallelGCSystemGC", Time since last: 195514 ns, Reaching safepoint: 101407 ns, At safepoint: 46001980 ns, Total: 46103387 ns
[5178.932s][info ][safepoint      ] Safepoint "Cleanup", Time since last: 1000085789 ns, Reaching safepoint: 42503 ns, At safepoint: 3100 ns, Total: 45603 ns
[5180.933s][info ][safepoint      ] Safepoint "Cleanup", Time since last: 2000171278 ns, Reaching safepoint: 101108 ns, At safepoint: 24401 ns, Total: 125509 ns
[5181.878s][info ][gc,start       ] GC(299) Pause Young (Allocation Failure)
[5181.946s][debug][gc,phases      ] GC(299) Scavenge 68.715ms
[5181.946s][debug][gc,ref         ] GC(299) Skipped phase 1 of Reference Processing: no references
[5181.947s][debug][gc,ref         ] GC(299) ReferenceProcessor::execute queues: 1, RefProcThreadModel::Single, marks_oops_alive: false
[5181.947s][debug][gc,ref         ] GC(299) Skipped phase 3 of Reference Processing: no references
[5181.947s][debug][gc,ref         ] GC(299) ReferenceProcessor::execute queues: 1, RefProcThreadModel::Single, marks_oops_alive: false
[5181.947s][debug][gc,phases      ] GC(299) Reference Processing 0.114ms
[5181.947s][debug][gc,phases      ] GC(299)   VM Weak                        Min:  0.0, Avg:  0.0, Max:  0.0, Diff:  0.0, Sum:  0.0, Workers: 4
[5181.947s][debug][gc,phases      ] GC(299)     Dead                           Min: 0, Avg:  0.0, Max: 0, Diff: 0, Sum: 0, Workers: 4
[5181.947s][debug][gc,phases      ] GC(299)     Total                          Min: 0, Avg: 205.8, Max: 503, Diff: 503, Sum: 823, Workers: 4
[5181.947s][debug][gc,phases      ] GC(299)   ObjectSynchronizer Weak        Min:  0.0, Avg:  0.0, Max:  0.0, Diff:  0.0, Sum:  0.0, Workers: 4
[5181.947s][debug][gc,phases      ] GC(299)     Dead                           Min: 0, Avg:  0.0, Max: 0, Diff: 0, Sum: 0, Workers: 4
[5181.947s][debug][gc,phases      ] GC(299)     Total                          Min: 0, Avg: 27.2, Max: 64, Diff: 64, Sum: 109, Workers: 4
[5181.947s][debug][gc,phases      ] GC(299)   JVMTI Tag Weak OopStorage      Min:  0.0, Avg:  0.0, Max:  0.0, Diff:  0.0, Sum:  0.0, Workers: 4
[5181.947s][debug][gc,phases      ] GC(299)     Dead                           Min: 0, Avg:  0.0, Max: 0, Diff: 0, Sum: 0, Workers: 4
[5181.947s][debug][gc,phases      ] GC(299)     Total                          Min: 0, Avg:  0.0, Max: 0, Diff: 0, Sum: 0, Workers: 4
[5181.947s][debug][gc,phases      ] GC(299)   StringTable Weak               Min:  0.0, Avg:  0.1, Max:  0.2, Diff:  0.2, Sum:  0.4, Workers: 4
[5181.947s][debug][gc,phases      ] GC(299)     Dead                           Min: 0, Avg:  0.0, Max: 0, Diff: 0, Sum: 0, Workers: 4
[5181.947s][debug][gc,phases      ] GC(299)     Total                          Min: 0, Avg: 11157.2, Max: 22679, Diff: 22679, Sum: 44629, Workers: 4
[5181.947s][debug][gc,phases      ] GC(299)   ResolvedMethodTable Weak       Min:  0.0, Avg:  0.0, Max:  0.0, Diff:  0.0, Sum:  0.1, Workers: 4
[5181.947s][debug][gc,phases      ] GC(299)     Dead                           Min: 0, Avg:  0.0, Max: 0, Diff: 0, Sum: 0, Workers: 4
[5181.947s][debug][gc,phases      ] GC(299)     Total                          Min: 0, Avg: 2627.8, Max: 5264, Diff: 5264, Sum: 10511, Workers: 4
[5181.947s][debug][gc,phases      ] GC(299)   JNI Weak                       Min:  0.0, Avg:  0.0, Max:  0.0, Diff:  0.0, Sum:  0.0, Workers: 4
[5181.947s][debug][gc,phases      ] GC(299)     Dead                           Min: 0, Avg:  0.0, Max: 0, Diff: 0, Sum: 0, Workers: 4
[5181.947s][debug][gc,phases      ] GC(299)     Total                          Min: 0, Avg: 11.2, Max: 45, Diff: 45, Sum: 45, Workers: 4
[5181.947s][debug][gc,phases      ] GC(299)   StringDedup Table Weak         Min:  0.0, Avg:  0.0, Max:  0.0, Diff:  0.0, Sum:  0.0, Workers: 4
[5181.947s][debug][gc,phases      ] GC(299)     Dead                           Min: 0, Avg:  0.0, Max: 0, Diff: 0, Sum: 0, Workers: 4
[5181.947s][debug][gc,phases      ] GC(299)     Total                          Min: 0, Avg:  0.0, Max: 0, Diff: 0, Sum: 0, Workers: 4
[5181.947s][debug][gc,phases      ] GC(299)   StringDedup Requests0 Weak     Min:  0.0, Avg:  0.0, Max:  0.0, Diff:  0.0, Sum:  0.0, Workers: 4
[5181.947s][debug][gc,phases      ] GC(299)     Dead                           Min: 0, Avg:  0.0, Max: 0, Diff: 0, Sum: 0, Workers: 4
[5181.947s][debug][gc,phases      ] GC(299)     Total                          Min: 0, Avg:  0.0, Max: 0, Diff: 0, Sum: 0, Workers: 4
[5181.947s][debug][gc,phases      ] GC(299)   StringDedup Requests1 Weak     Min:  0.0, Avg:  0.0, Max:  0.0, Diff:  0.0, Sum:  0.0, Workers: 4
[5181.947s][debug][gc,phases      ] GC(299)     Dead                           Min: 0, Avg:  0.0, Max: 0, Diff: 0, Sum: 0, Workers: 4
[5181.947s][debug][gc,phases      ] GC(299)     Total                          Min: 0, Avg:  0.0, Max: 0, Diff: 0, Sum: 0, Workers: 4
[5181.947s][debug][gc,phases      ] GC(299)   Weak JFR Old Object Samples    Min:  0.0, Avg:  0.0, Max:  0.0, Diff:  0.0, Sum:  0.0, Workers: 4
[5181.947s][debug][gc,phases      ] GC(299)     Dead                           Min: 0, Avg:  0.0, Max: 0, Diff: 0, Sum: 0, Workers: 4
[5181.947s][debug][gc,phases      ] GC(299)     Total                          Min: 0, Avg:  0.0, Max: 0, Diff: 0, Sum: 0, Workers: 4
[5181.947s][debug][gc,phases      ] GC(299) Weak Processing 0.434ms
[5181.947s][debug][gc,age         ] GC(299) Desired survivor size 181403648 bytes, new threshold 14 (max threshold 15)
[5181.947s][info ][gc,heap        ] GC(299) PSYoungGen: 1921365K(1938432K)->153568K(1943552K) Eden: 1789952K(1789952K)->0K(1789952K) From: 131413K(148480K)->153568K(153600K)
[5181.947s][info ][gc,heap        ] GC(299) ParOldGen: 834527K(870912K)->864011K(870912K)
[5181.947s][info ][gc,metaspace   ] GC(299) Metaspace: 86397K(87488K)->86397K(87488K) NonClass: 74278K(74880K)->74278K(74880K) Class: 12119K(12608K)->12119K(12608K)
