[0.003s][info][gc] Using Parallel
[0.004s][info][gc,init] Version: 17.0.6+10-LTS (release)
[0.004s][info][gc,init] CPUs: 4 total, 4 available
[0.004s][info][gc,init] Memory: 16009M
[0.004s][info][gc,init] Large Page Support: Disabled
[0.004s][info][gc,init] NUMA Support: Disabled
[0.004s][info][gc,init] Compressed Oops: Enabled (Zero based)
[0.004s][info][gc,init] Alignments: Space 512K, Generation 512K, Heap 2M
[0.004s][info][gc,init] Heap Min Capacity: 2054M
[0.004s][info][gc,init] Heap Initial Capacity: 2054M
[0.004s][info][gc,init] Heap Max Capacity: 3G
[0.004s][info][gc,init] Pre-touch: Disabled
[0.004s][info][gc,init] Parallel Workers: 4
[0.004s][info][gc,metaspace] CDS archive(s) mapped at: [0x0000000800000000-0x0000000800be1000-0x0000000800be1000), size 12455936, SharedBaseAddress: 0x0000000800000000, ArchiveRelocationMode: 0.
[0.004s][info][gc,metaspace] Compressed class space mapped at: 0x0000000800c00000-0x0000000840c00000, reserved size: 1073741824
[0.004s][info][gc,metaspace] Narrow klass base: 0x0000000800000000, Narrow klass shift: 0, Narrow klass range: 0x100000000
[0.745s][info][safepoint   ] Safepoint "ICBufferFull", Time since last: 734213856 ns, Reaching safepoint: 200903 ns, At safepoint: 4300 ns, Total: 205203 ns
[1.120s][info][safepoint   ] Safepoint "ICBufferFull", Time since last: 374572130 ns, Reaching safepoint: 228703 ns, At safepoint: 10700 ns, Total: 239403 ns
[1.661s][info][safepoint   ] Safepoint "ICBufferFull", Time since last: 540839818 ns, Reaching safepoint: 178003 ns, At safepoint: 11800 ns, Total: 189803 ns
[1.685s][info][gc,start    ] GC(0) Pause Young (Metadata GC Threshold)
[1.700s][debug][gc,phases   ] GC(0) Scavenge 14.654ms
[1.700s][debug][gc,ref      ] GC(0) Skipped phase 1 of Reference Processing: no references
[1.700s][debug][gc,ref      ] GC(0) ReferenceProcessor::execute queues: 4, RefProcThreadModel::Multi, marks_oops_alive: false
[1.700s][debug][gc,ref      ] GC(0) Skipped phase 3 of Reference Processing: no references
[1.700s][debug][gc,ref      ] GC(0) ReferenceProcessor::execute queues: 1, RefProcThreadModel::Single, marks_oops_alive: false
[1.700s][debug][gc,phases   ] GC(0) Reference Processing 0.383ms
[1.701s][debug][gc,phases   ] GC(0)   VM Weak                        Min:  0.0, Avg:  0.0, Max:  0.0, Diff:  0.0, Sum:  0.0, Workers: 4
[1.701s][debug][gc,phases   ] GC(0)     Dead                           Min: 0, Avg:  0.0, Max: 0, Diff: 0, Sum: 0, Workers: 4
[1.701s][debug][gc,phases   ] GC(0)     Total                          Min: 0, Avg: 58.0, Max: 168, Diff: 168, Sum: 232, Workers: 4
[1.701s][debug][gc,phases   ] GC(0)   ObjectSynchronizer Weak        Min:  0.0, Avg:  0.0, Max:  0.0, Diff:  0.0, Sum:  0.0, Workers: 4
[1.701s][debug][gc,phases   ] GC(0)     Dead                           Min: 0, Avg:  0.2, Max: 1, Diff: 1, Sum: 1, Workers: 4
[1.701s][debug][gc,phases   ] GC(0)     Total                          Min: 0, Avg:  1.5, Max: 6, Diff: 6, Sum: 6, Workers: 4
[1.701s][debug][gc,phases   ] GC(0)   JVMTI Tag Weak OopStorage      Min:  0.0, Avg:  0.0, Max:  0.0, Diff:  0.0, Sum:  0.0, Workers: 4
[1.701s][debug][gc,phases   ] GC(0)     Dead                           Min: 0, Avg:  0.0, Max: 0, Diff: 0, Sum: 0, Workers: 4
[1.701s][debug][gc,phases   ] GC(0)     Total                          Min: 0, Avg:  0.0, Max: 0, Diff: 0, Sum: 0, Workers: 4
[1.701s][debug][gc,phases   ] GC(0)   StringTable Weak               Min:  0.0, Avg:  0.1, Max:  0.1, Diff:  0.1, Sum:  0.2, Workers: 4
[1.701s][debug][gc,phases   ] GC(0)     Dead                           Min: 0, Avg:  6.5, Max: 14, Diff: 14, Sum: 26, Workers: 4
[1.701s][debug][gc,phases   ] GC(0)     Total                          Min: 0, Avg: 3278.8, Max: 7867, Diff: 7867, Sum: 13115, Workers: 4
[1.701s][debug][gc,phases   ] GC(0)   ResolvedMethodTable Weak       Min:  0.0, Avg:  0.0, Max:  0.0, Diff:  0.0, Sum:  0.0, Workers: 4
[1.701s][debug][gc,phases   ] GC(0)     Dead                           Min: 0, Avg: 20.2, Max: 51, Diff: 51, Sum: 81, Workers: 4
[1.701s][debug][gc,phases   ] GC(0)     Total                          Min: 0, Avg: 320.2, Max: 769, Diff: 769, Sum: 1281, Workers: 4
[1.701s][debug][gc,phases   ] GC(0)   JNI Weak                       Min:  0.0, Avg:  0.0, Max:  0.0, Diff:  0.0, Sum:  0.0, Workers: 4
[1.701s][debug][gc,phases   ] GC(0)     Dead                           Min: 0, Avg:  0.0, Max: 0, Diff: 0, Sum: 0, Workers: 4
[1.701s][debug][gc,phases   ] GC(0)     Total                          Min: 0, Avg: 11.2, Max: 45, Diff: 45, Sum: 45, Workers: 4
[1.701s][debug][gc,phases   ] GC(0)   StringDedup Table Weak         Min:  0.0, Avg:  0.0, Max:  0.0, Diff:  0.0, Sum:  0.0, Workers: 4
[1.701s][debug][gc,phases   ] GC(0)     Dead                           Min: 0, Avg:  0.0, Max: 0, Diff: 0, Sum: 0, Workers: 4
[1.701s][debug][gc,phases   ] GC(0)     Total                          Min: 0, Avg:  0.0, Max: 0, Diff: 0, Sum: 0, Workers: 4
[1.701s][debug][gc,phases   ] GC(0)   StringDedup Requests0 Weak     Min:  0.0, Avg:  0.0, Max:  0.0, Diff:  0.0, Sum:  0.0, Workers: 4
[1.701s][debug][gc,phases   ] GC(0)     Dead                           Min: 0, Avg:  0.0, Max: 0, Diff: 0, Sum: 0, Workers: 4
[1.701s][debug][gc,phases   ] GC(0)     Total                          Min: 0, Avg:  0.0, Max: 0, Diff: 0, Sum: 0, Workers: 4
[1.701s][debug][gc,phases   ] GC(0)   StringDedup Requests1 Weak     Min:  0.0, Avg:  0.0, Max:  0.0, Diff:  0.0, Sum:  0.0, Workers: 4
[1.701s][debug][gc,phases   ] GC(0)     Dead                           Min: 0, Avg:  0.0, Max: 0, Diff: 0, Sum: 0, Workers: 4
[1.701s][debug][gc,phases   ] GC(0)     Total                          Min: 0, Avg:  0.0, Max: 0, Diff: 0, Sum: 0, Workers: 4
[1.701s][debug][gc,phases   ] GC(0)   Weak JFR Old Object Samples    Min:  0.0, Avg:  0.0, Max:  0.0, Diff:  0.0, Sum:  0.0, Workers: 4
[1.701s][debug][gc,phases   ] GC(0)     Dead                           Min: 0, Avg:  0.0, Max: 0, Diff: 0, Sum: 0, Workers: 4
[1.701s][debug][gc,phases   ] GC(0)     Total                          Min: 0, Avg:  0.0, Max: 0, Diff: 0, Sum: 0, Workers: 4
[1.701s][debug][gc,phases   ] GC(0) Weak Processing 0.291ms
[1.701s][debug][gc,age      ] GC(0) Desired survivor size 536870912 bytes, new threshold 7 (max threshold 15)
[1.701s][info ][gc,heap     ] GC(0) PSYoungGen: 251668K(1572864K)->31279K(1572864K) Eden: 251668K(1048576K)->0K(1048576K) From: 0K(524288K)->31279K(524288K)
[1.701s][info ][gc,heap     ] GC(0) ParOldGen: 0K(6144K)->104K(6144K)
[1.701s][info ][gc,metaspace] GC(0) Metaspace: 21216K(21504K)->21216K(21504K) NonClass: 18718K(18880K)->18718K(18880K) Class: 2498K(2624K)->2498K(2624K)
[1.701s][info ][gc          ] GC(0) Pause Young (Metadata GC Threshold) 245M->30M(1542M) 15.662ms
[1.701s][info ][gc,cpu      ] GC(0) User=0.03s Sys=0.01s Real=0.01s
[1.701s][debug][gc,phases   ] GC(1) Pre Compact 0.011ms
[1.701s][info ][gc,start    ] GC(1) Pause Full (Metadata GC Threshold)
[1.701s][info ][gc,phases,start] GC(1) Marking Phase
[1.709s][debug][gc,phases      ] GC(1) Par Mark 8.110ms
[1.709s][debug][gc,ref         ] GC(1) Skipped phase 1 of Reference Processing: no references
[1.709s][debug][gc,ref         ] GC(1) ReferenceProcessor::execute queues: 3, RefProcThreadModel::Multi, marks_oops_alive: false
[1.709s][debug][gc,ref         ] GC(1) Skipped phase 3 of Reference Processing: no references
[1.709s][debug][gc,ref         ] GC(1) ReferenceProcessor::execute queues: 1, RefProcThreadModel::Single, marks_oops_alive: false
[1.709s][debug][gc,phases      ] GC(1) Reference Processing 0.103ms
[1.709s][debug][gc,phases      ] GC(1)   VM Weak                        Min:  0.0, Avg:  0.0, Max:  0.0, Diff:  0.0, Sum:  0.0, Workers: 4
[1.709s][debug][gc,phases      ] GC(1)     Dead                           Min: 0, Avg:  0.0, Max: 0, Diff: 0, Sum: 0, Workers: 4
[1.709s][debug][gc,phases      ] GC(1)     Total                          Min: 0, Avg: 58.0, Max: 192, Diff: 192, Sum: 232, Workers: 4
[1.709s][debug][gc,phases      ] GC(1)   ObjectSynchronizer Weak        Min:  0.0, Avg:  0.0, Max:  0.0, Diff:  0.0, Sum:  0.0, Workers: 4
[1.709s][debug][gc,phases      ] GC(1)     Dead                           Min: 0, Avg:  0.0, Max: 0, Diff: 0, Sum: 0, Workers: 4
[1.709s][debug][gc,phases      ] GC(1)     Total                          Min: 0, Avg:  1.5, Max: 6, Diff: 6, Sum: 6, Workers: 4
[1.709s][debug][gc,phases      ] GC(1)   JVMTI Tag Weak OopStorage      Min:  0.0, Avg:  0.0, Max:  0.0, Diff:  0.0, Sum:  0.0, Workers: 4
[1.709s][debug][gc,phases      ] GC(1)     Dead                           Min: 0, Avg:  0.0, Max: 0, Diff: 0, Sum: 0, Workers: 4
[1.709s][debug][gc,phases      ] GC(1)     Total                          Min: 0, Avg:  0.0, Max: 0, Diff: 0, Sum: 0, Workers: 4
[1.709s][debug][gc,phases      ] GC(1)   StringTable Weak               Min:  0.0, Avg:  0.0, Max:  0.0, Diff:  0.0, Sum:  0.1, Workers: 4
[1.709s][debug][gc,phases      ] GC(1)     Dead                           Min: 0, Avg:  0.0, Max: 0, Diff: 0, Sum: 0, Workers: 4
[1.709s][debug][gc,phases      ] GC(1)     Total                          Min: 0, Avg: 3278.8, Max: 4864, Diff: 4864, Sum: 13115, Workers: 4
[1.709s][debug][gc,phases      ] GC(1)   ResolvedMethodTable Weak       Min:  0.0, Avg:  0.0, Max:  0.0, Diff:  0.0, Sum:  0.0, Workers: 4
[1.709s][debug][gc,phases      ] GC(1)     Dead                           Min: 0, Avg:  0.0, Max: 0, Diff: 0, Sum: 0, Workers: 4
[1.709s][debug][gc,phases      ] GC(1)     Total                          Min: 0, Avg: 320.2, Max: 449, Diff: 449, Sum: 1281, Workers: 4
[1.709s][debug][gc,phases      ] GC(1)   JNI Weak                       Min:  0.0, Avg:  0.0, Max:  0.0, Diff:  0.0, Sum:  0.0, Workers: 4
[1.709s][debug][gc,phases      ] GC(1)     Dead                           Min: 0, Avg:  0.0, Max: 0, Diff: 0, Sum: 0, Workers: 4
[1.709s][debug][gc,phases      ] GC(1)     Total                          Min: 0, Avg: 11.2, Max: 45, Diff: 45, Sum: 45, Workers: 4
[1.709s][debug][gc,phases      ] GC(1)   StringDedup Table Weak         Min:  0.0, Avg:  0.0, Max:  0.0, Diff:  0.0, Sum:  0.0, Workers: 4
[1.709s][debug][gc,phases      ] GC(1)     Dead                           Min: 0, Avg:  0.0, Max: 0, Diff: 0, Sum: 0, Workers: 4
[1.709s][debug][gc,phases      ] GC(1)     Total                          Min: 0, Avg:  0.0, Max: 0, Diff: 0, Sum: 0, Workers: 4
[1.709s][debug][gc,phases      ] GC(1)   StringDedup Requests0 Weak     Min:  0.0, Avg:  0.0, Max:  0.0, Diff:  0.0, Sum:  0.0, Workers: 4
[1.709s][debug][gc,phases      ] GC(1)     Dead                           Min: 0, Avg:  0.0, Max: 0, Diff: 0, Sum: 0, Workers: 4
[1.709s][debug][gc,phases      ] GC(1)     Total                          Min: 0, Avg:  0.0, Max: 0, Diff: 0, Sum: 0, Workers: 4
[1.709s][debug][gc,phases      ] GC(1)   StringDedup Requests1 Weak     Min:  0.0, Avg:  0.0, Max:  0.0, Diff:  0.0, Sum:  0.0, Workers: 4
[1.709s][debug][gc,phases      ] GC(1)     Dead                           Min: 0, Avg:  0.0, Max: 0, Diff: 0, Sum: 0, Workers: 4
[1.709s][debug][gc,phases      ] GC(1)     Total                          Min: 0, Avg:  0.0, Max: 0, Diff: 0, Sum: 0, Workers: 4
[1.709s][debug][gc,phases      ] GC(1)   Weak JFR Old Object Samples    Min:  0.0, Avg:  0.0, Max:  0.0, Diff:  0.0, Sum:  0.0, Workers: 4
[1.709s][debug][gc,phases      ] GC(1)     Dead                           Min: 0, Avg:  0.0, Max: 0, Diff: 0, Sum: 0, Workers: 4
[1.709s][debug][gc,phases      ] GC(1)     Total                          Min: 0, Avg:  0.0, Max: 0, Diff: 0, Sum: 0, Workers: 4
[1.709s][debug][gc,phases      ] GC(1) Weak Processing 0.224ms
[1.709s][debug][gc,phases      ] GC(1) ClassLoaderData 0.014ms
[1.709s][debug][gc,phases      ] GC(1) Trigger cleanups 0.000ms
[1.712s][debug][gc,phases      ] GC(1) Class Unloading 2.519ms
[1.712s][info ][gc,phases      ] GC(1) Marking Phase 11.028ms
[1.712s][info ][gc,phases,start] GC(1) Summary Phase
[1.712s][info ][gc,phases      ] GC(1) Summary Phase 0.006ms
[1.712s][info ][gc,phases,start] GC(1) Adjust Roots
[1.715s][info ][gc,phases      ] GC(1) Adjust Roots 3.172ms
[1.715s][info ][gc,phases,start] GC(1) Compaction Phase
[1.735s][info ][gc,phases      ] GC(1) Compaction Phase 19.924ms
[1.735s][info ][gc,phases,start] GC(1) Post Compact
[1.736s][info ][gc,phases      ] GC(1) Post Compact 0.593ms
[1.736s][info ][gc,heap        ] GC(1) PSYoungGen: 31279K(1572864K)->25502K(1572864K) Eden: 0K(1048576K)->0K(1048576K) From: 31279K(524288K)->25502K(524288K)
[1.736s][info ][gc,heap        ] GC(1) ParOldGen: 104K(6144K)->5737K(6144K)
[1.736s][info ][gc,metaspace   ] GC(1) Metaspace: 21216K(21504K)->21216K(21504K) NonClass: 18718K(18880K)->18718K(18880K) Class: 2498K(2624K)->2498K(2624K)
[1.736s][info ][gc             ] GC(1) Pause Full (Metadata GC Threshold) 30M->30M(1542M) 34.802ms
[1.736s][info ][gc,cpu         ] GC(1) User=0.08s Sys=0.01s Real=0.04s
[1.736s][info ][safepoint      ] Safepoint "CollectForMetadataAllocation", Time since last: 24477222 ns, Reaching safepoint: 37801 ns, At safepoint: 50599066 ns, Total: 50636867 ns
[1.868s][info ][safepoint      ] Safepoint "ICBufferFull", Time since last: 131942338 ns, Reaching safepoint: 154102 ns, At safepoint: 2300 ns, Total: 156402 ns
[2.053s][info ][safepoint      ] Safepoint "ICBufferFull", Time since last: 185281941 ns, Reaching safepoint: 131402 ns, At safepoint: 2600 ns, Total: 134002 ns
[2.259s][info ][safepoint      ] Safepoint "ICBufferFull", Time since last: 205278004 ns, Reaching safepoint: 149502 ns, At safepoint: 12000 ns, Total: 161502 ns
[2.727s][info ][safepoint      ] Safepoint "ICBufferFull", Time since last: 468261169 ns, Reaching safepoint: 160902 ns, At safepoint: 7100 ns, Total: 168002 ns
[3.015s][info ][safepoint      ] Safepoint "ICBufferFull", Time since last: 287707793 ns, Reaching safepoint: 226003 ns, At safepoint: 5200 ns, Total: 231203 ns
[3.076s][info ][safepoint      ] Safepoint "ICBufferFull", Time since last: 60588098 ns, Reaching safepoint: 151402 ns, At safepoint: 3400 ns, Total: 154802 ns
[3.620s][info ][safepoint      ] Safepoint "ICBufferFull", Time since last: 543672468 ns, Reaching safepoint: 134002 ns, At safepoint: 10600 ns, Total: 144602 ns
[3.798s][info ][safepoint      ] Safepoint "ICBufferFull", Time since last: 178768558 ns, Reaching safepoint: 155002 ns, At safepoint: 7300 ns, Total: 162302 ns
[3.949s][info ][safepoint      ] Safepoint "ICBufferFull", Time since last: 150134481 ns, Reaching safepoint: 187902 ns, At safepoint: 3200 ns, Total: 191102 ns
[4.025s][info ][gc,start       ] GC(2) Pause Young (Metadata GC Threshold)
[4.077s][debug][gc,phases      ] GC(2) Scavenge 51.568ms
[4.077s][debug][gc,ref         ] GC(2) Skipped phase 1 of Reference Processing: no references
[4.077s][debug][gc,ref         ] GC(2) ReferenceProcessor::execute queues: 4, RefProcThreadModel::Multi, marks_oops_alive: false
[4.078s][debug][gc,ref         ] GC(2) Skipped phase 3 of Reference Processing: no references
[4.078s][debug][gc,ref         ] GC(2) ReferenceProcessor::execute queues: 1, RefProcThreadModel::Single, marks_oops_alive: false
[4.078s][debug][gc,phases      ] GC(2) Reference Processing 0.573ms
[4.079s][debug][gc,phases      ] GC(2)   VM Weak                        Min:  0.0, Avg:  0.0, Max:  0.0, Diff:  0.0, Sum:  0.0, Workers: 4
[4.079s][debug][gc,phases      ] GC(2)     Dead                           Min: 0, Avg:  0.0, Max: 0, Diff: 0, Sum: 0, Workers: 4
[4.079s][debug][gc,phases      ] GC(2)     Total                          Min: 0, Avg: 88.5, Max: 354, Diff: 354, Sum: 354, Workers: 4
[4.079s][debug][gc,phases      ] GC(2)   ObjectSynchronizer Weak        Min:  0.0, Avg:  0.0, Max:  0.0, Diff:  0.0, Sum:  0.0, Workers: 4
[4.079s][debug][gc,phases      ] GC(2)     Dead                           Min: 0, Avg:  0.0, Max: 0, Diff: 0, Sum: 0, Workers: 4
[4.079s][debug][gc,phases      ] GC(2)     Total                          Min: 0, Avg:  1.5, Max: 6, Diff: 6, Sum: 6, Workers: 4
[4.079s][debug][gc,phases      ] GC(2)   JVMTI Tag Weak OopStorage      Min:  0.0, Avg:  0.0, Max:  0.0, Diff:  0.0, Sum:  0.0, Workers: 4
[4.079s][debug][gc,phases      ] GC(2)     Dead                           Min: 0, Avg:  0.0, Max: 0, Diff: 0, Sum: 0, Workers: 4
[4.079s][debug][gc,phases      ] GC(2)     Total                          Min: 0, Avg:  0.0, Max: 0, Diff: 0, Sum: 0, Workers: 4
[4.079s][debug][gc,phases      ] GC(2)   StringTable Weak               Min:  0.0, Avg:  0.2, Max:  0.7, Diff:  0.7, Sum:  0.7, Workers: 4
[4.079s][debug][gc,phases      ] GC(2)     Dead                           Min: 0, Avg:  2.2, Max: 9, Diff: 9, Sum: 9, Workers: 4
[4.079s][debug][gc,phases      ] GC(2)     Total                          Min: 0, Avg: 6540.2, Max: 26161, Diff: 26161, Sum: 26161, Workers: 4
[4.079s][debug][gc,phases      ] GC(2)   ResolvedMethodTable Weak       Min:  0.0, Avg:  0.0, Max:  0.1, Diff:  0.1, Sum:  0.1, Workers: 4
[4.079s][debug][gc,phases      ] GC(2)     Dead                           Min: 0, Avg: 14.2, Max: 57, Diff: 57, Sum: 57, Workers: 4
[4.079s][debug][gc,phases      ] GC(2)     Total                          Min: 0, Avg: 613.2, Max: 2453, Diff: 2453, Sum: 2453, Workers: 4
[4.079s][debug][gc,phases      ] GC(2)   JNI Weak                       Min:  0.0, Avg:  0.0, Max:  0.0, Diff:  0.0, Sum:  0.0, Workers: 4
[4.079s][debug][gc,phases      ] GC(2)     Dead                           Min: 0, Avg:  0.0, Max: 0, Diff: 0, Sum: 0, Workers: 4
[4.079s][debug][gc,phases      ] GC(2)     Total                          Min: 0, Avg: 11.2, Max: 45, Diff: 45, Sum: 45, Workers: 4
[4.079s][debug][gc,phases      ] GC(2)   StringDedup Table Weak         Min:  0.0, Avg:  0.0, Max:  0.0, Diff:  0.0, Sum:  0.0, Workers: 4
[4.079s][debug][gc,phases      ] GC(2)     Dead                           Min: 0, Avg:  0.0, Max: 0, Diff: 0, Sum: 0, Workers: 4
[4.079s][debug][gc,phases      ] GC(2)     Total                          Min: 0, Avg:  0.0, Max: 0, Diff: 0, Sum: 0, Workers: 4
[4.079s][debug][gc,phases      ] GC(2)   StringDedup Requests0 Weak     Min:  0.0, Avg:  0.0, Max:  0.0, Diff:  0.0, Sum:  0.0, Workers: 4
[4.079s][debug][gc,phases      ] GC(2)     Dead                           Min: 0, Avg:  0.0, Max: 0, Diff: 0, Sum: 0, Workers: 4
[4.079s][debug][gc,phases      ] GC(2)     Total                          Min: 0, Avg:  0.0, Max: 0, Diff: 0, Sum: 0, Workers: 4
[4.079s][debug][gc,phases      ] GC(2)   StringDedup Requests1 Weak     Min:  0.0, Avg:  0.0, Max:  0.0, Diff:  0.0, Sum:  0.0, Workers: 4
[4.079s][debug][gc,phases      ] GC(2)     Dead                           Min: 0, Avg:  0.0, Max: 0, Diff: 0, Sum: 0, Workers: 4
[4.079s][debug][gc,phases      ] GC(2)     Total                          Min: 0, Avg:  0.0, Max: 0, Diff: 0, Sum: 0, Workers: 4
[4.079s][debug][gc,phases      ] GC(2)   Weak JFR Old Object Samples    Min:  0.0, Avg:  0.0, Max:  0.0, Diff:  0.0, Sum:  0.0, Workers: 4
[4.079s][debug][gc,phases      ] GC(2)     Dead                           Min: 0, Avg:  0.0, Max: 0, Diff: 0, Sum: 0, Workers: 4
[4.079s][debug][gc,phases      ] GC(2)     Total                          Min: 0, Avg:  0.0, Max: 0, Diff: 0, Sum: 0, Workers: 4
[4.079s][debug][gc,phases      ] GC(2) Weak Processing 1.124ms
[4.079s][debug][gc,age         ] GC(2) Desired survivor size 536870912 bytes, new threshold 7 (max threshold 15)
[4.079s][info ][gc,heap        ] GC(2) PSYoungGen: 570766K(1572864K)->82233K(1572864K) Eden: 545264K(1048576K)->0K(1048576K) From: 25502K(524288K)->82233K(524288K)
[4.079s][info ][gc,heap        ] GC(2) ParOldGen: 5737K(6144K)->5753K(6144K)
[4.079s][info ][gc,metaspace   ] GC(2) Metaspace: 35343K(35840K)->35343K(35840K) NonClass: 30708K(30976K)->30708K(30976K) Class: 4634K(4864K)->4634K(4864K)
[4.079s][info ][gc             ] GC(2) Pause Young (Metadata GC Threshold) 562M->85M(1542M) 53.401ms
[4.079s][info ][gc,cpu         ] GC(2) User=0.13s Sys=0.04s Real=0.05s
[4.079s][debug][gc,phases      ] GC(3) Pre Compact 0.012ms
[4.079s][info ][gc,start       ] GC(3) Pause Full (Metadata GC Threshold)
[4.079s][info ][gc,phases,start] GC(3) Marking Phase
[4.115s][debug][gc,phases      ] GC(3) Par Mark 36.281ms
[4.115s][debug][gc,ref         ] GC(3) Skipped phase 1 of Reference Processing: no references
[4.115s][debug][gc,ref         ] GC(3) ReferenceProcessor::execute queues: 4, RefProcThreadModel::Multi, marks_oops_alive: false
[4.116s][debug][gc,ref         ] GC(3) Skipped phase 3 of Reference Processing: no references
[4.116s][debug][gc,ref         ] GC(3) ReferenceProcessor::execute queues: 1, RefProcThreadModel::Single, marks_oops_alive: false
[4.116s][debug][gc,phases      ] GC(3) Reference Processing 0.520ms
[4.116s][debug][gc,phases      ] GC(3)   VM Weak                        Min:  0.0, Avg:  0.0, Max:  0.0, Diff:  0.0, Sum:  0.0, Workers: 4
[4.116s][debug][gc,phases      ] GC(3)     Dead                           Min: 0, Avg:  0.0, Max: 0, Diff: 0, Sum: 0, Workers: 4
[4.116s][debug][gc,phases      ] GC(3)     Total                          Min: 0, Avg: 88.5, Max: 354, Diff: 354, Sum: 354, Workers: 4
[4.116s][debug][gc,phases      ] GC(3)   ObjectSynchronizer Weak        Min:  0.0, Avg:  0.0, Max:  0.0, Diff:  0.0, Sum:  0.0, Workers: 4
[4.116s][debug][gc,phases      ] GC(3)     Dead                           Min: 0, Avg:  0.0, Max: 0, Diff: 0, Sum: 0, Workers: 4
[4.116s][debug][gc,phases      ] GC(3)     Total                          Min: 0, Avg:  1.5, Max: 6, Diff: 6, Sum: 6, Workers: 4
[4.116s][debug][gc,phases      ] GC(3)   JVMTI Tag Weak OopStorage      Min:  0.0, Avg:  0.0, Max:  0.0, Diff:  0.0, Sum:  0.0, Workers: 4
[4.116s][debug][gc,phases      ] GC(3)     Dead                           Min: 0, Avg:  0.0, Max: 0, Diff: 0, Sum: 0, Workers: 4
[4.116s][debug][gc,phases      ] GC(3)     Total                          Min: 0, Avg:  0.0, Max: 0, Diff: 0, Sum: 0, Workers: 4
[4.116s][debug][gc,phases      ] GC(3)   StringTable Weak               Min:  0.0, Avg:  0.1, Max:  0.1, Diff:  0.1, Sum:  0.3, Workers: 4
[4.116s][debug][gc,phases      ] GC(3)     Dead                           Min: 0, Avg:  0.0, Max: 0, Diff: 0, Sum: 0, Workers: 4
[4.116s][debug][gc,phases      ] GC(3)     Total                          Min: 0, Avg: 6540.2, Max: 15360, Diff: 15360, Sum: 26161, Workers: 4
[4.116s][debug][gc,phases      ] GC(3)   ResolvedMethodTable Weak       Min:  0.0, Avg:  0.0, Max:  0.0, Diff:  0.0, Sum:  0.0, Workers: 4
[4.116s][debug][gc,phases      ] GC(3)     Dead                           Min: 0, Avg:  0.0, Max: 0, Diff: 0, Sum: 0, Workers: 4
[4.116s][debug][gc,phases      ] GC(3)     Total                          Min: 0, Avg: 613.2, Max: 1344, Diff: 1344, Sum: 2453, Workers: 4
[4.116s][debug][gc,phases      ] GC(3)   JNI Weak                       Min:  0.0, Avg:  0.0, Max:  0.0, Diff:  0.0, Sum:  0.0, Workers: 4
[4.116s][debug][gc,phases      ] GC(3)     Dead                           Min: 0, Avg:  0.0, Max: 0, Diff: 0, Sum: 0, Workers: 4
[4.116s][debug][gc,phases      ] GC(3)     Total                          Min: 0, Avg: 11.2, Max: 45, Diff: 45, Sum: 45, Workers: 4
[4.116s][debug][gc,phases      ] GC(3)   StringDedup Table Weak         Min:  0.0, Avg:  0.0, Max:  0.0, Diff:  0.0, Sum:  0.0, Workers: 4
[4.116s][debug][gc,phases      ] GC(3)     Dead                           Min: 0, Avg:  0.0, Max: 0, Diff: 0, Sum: 0, Workers: 4
[4.116s][debug][gc,phases      ] GC(3)     Total                          Min: 0, Avg:  0.0, Max: 0, Diff: 0, Sum: 0, Workers: 4
[4.116s][debug][gc,phases      ] GC(3)   StringDedup Requests0 Weak     Min:  0.0, Avg:  0.0, Max:  0.0, Diff:  0.0, Sum:  0.0, Workers: 4
[4.116s][debug][gc,phases      ] GC(3)     Dead                           Min: 0, Avg:  0.0, Max: 0, Diff: 0, Sum: 0, Workers: 4
[4.116s][debug][gc,phases      ] GC(3)     Total                          Min: 0, Avg:  0.0, Max: 0, Diff: 0, Sum: 0, Workers: 4
[4.116s][debug][gc,phases      ] GC(3)   StringDedup Requests1 Weak     Min:  0.0, Avg:  0.0, Max:  0.0, Diff:  0.0, Sum:  0.0, Workers: 4
[4.116s][debug][gc,phases      ] GC(3)     Dead                           Min: 0, Avg:  0.0, Max: 0, Diff: 0, Sum: 0, Workers: 4
[4.116s][debug][gc,phases      ] GC(3)     Total                          Min: 0, Avg:  0.0, Max: 0, Diff: 0, Sum: 0, Workers: 4
[4.116s][debug][gc,phases      ] GC(3)   Weak JFR Old Object Samples    Min:  0.0, Avg:  0.0, Max:  0.0, Diff:  0.0, Sum:  0.0, Workers: 4
[4.116s][debug][gc,phases      ] GC(3)     Dead                           Min: 0, Avg:  0.0, Max: 0, Diff: 0, Sum: 0, Workers: 4
[4.116s][debug][gc,phases      ] GC(3)     Total                          Min: 0, Avg:  0.0, Max: 0, Diff: 0, Sum: 0, Workers: 4
[4.116s][debug][gc,phases      ] GC(3) Weak Processing 0.303ms
[4.116s][debug][gc,phases      ] GC(3) ClassLoaderData 0.052ms
[4.116s][debug][gc,phases      ] GC(3) Trigger cleanups 0.000ms
[4.122s][debug][gc,phases      ] GC(3) Class Unloading 5.518ms
[4.122s][info ][gc,phases      ] GC(3) Marking Phase 42.744ms
[4.122s][info ][gc,phases,start] GC(3) Summary Phase
[4.122s][info ][gc,phases      ] GC(3) Summary Phase 0.006ms
[4.122s][info ][gc,phases,start] GC(3) Adjust Roots
[4.129s][info ][gc,phases      ] GC(3) Adjust Roots 7.361ms
[4.129s][info ][gc,phases,start] GC(3) Compaction Phase
[4.500s][info ][gc,phases      ] GC(3) Compaction Phase 371.236ms
[4.500s][info ][gc,phases,start] GC(3) Post Compact
[4.501s][info ][gc,phases      ] GC(3) Post Compact 0.537ms
[4.501s][info ][gc,heap        ] GC(3) PSYoungGen: 82233K(1572864K)->82055K(1572864K) Eden: 0K(1048576K)->0K(1048576K) From: 82233K(524288K)->82055K(524288K)
[4.501s][info ][gc,heap        ] GC(3) ParOldGen: 5753K(6144K)->5698K(6144K)
[4.501s][info ][gc,metaspace   ] GC(3) Metaspace: 35343K(35840K)->35343K(35840K) NonClass: 30708K(30976K)->30708K(30976K) Class: 4634K(4864K)->4634K(4864K)
[4.501s][info ][gc             ] GC(3) Pause Full (Metadata GC Threshold) 85M->85M(1542M) 422.005ms
[4.501s][info ][gc,cpu         ] GC(3) User=0.88s Sys=0.00s Real=0.42s
[4.501s][info ][safepoint      ] Safepoint "CollectForMetadataAllocation", Time since last: 76537110 ns, Reaching safepoint: 73901 ns, At safepoint: 475555175 ns, Total: 475629076 ns
[4.636s][info ][safepoint      ] Safepoint "ICBufferFull", Time since last: 135216584 ns, Reaching safepoint: 204703 ns, At safepoint: 3000 ns, Total: 207703 ns
[5.018s][info ][safepoint      ] Safepoint "ICBufferFull", Time since last: 381626838 ns, Reaching safepoint: 177103 ns, At safepoint: 9900 ns, Total: 187003 ns
[5.586s][info ][safepoint      ] Safepoint "ICBufferFull", Time since last: 567218490 ns, Reaching safepoint: 178202 ns, At safepoint: 7000 ns, Total: 185202 ns
[5.773s][info ][safepoint      ] Safepoint "ICBufferFull", Time since last: 186900469 ns, Reaching safepoint: 143502 ns, At safepoint: 6300 ns, Total: 149802 ns
[5.950s][info ][safepoint      ] Safepoint "ICBufferFull", Time since last: 176879738 ns, Reaching safepoint: 186202 ns, At safepoint: 7100 ns, Total: 193302 ns
[6.121s][info ][safepoint      ] Safepoint "ICBufferFull", Time since last: 170995960 ns, Reaching safepoint: 174803 ns, At safepoint: 10900 ns, Total: 185703 ns
[6.259s][info ][safepoint      ] Safepoint "ICBufferFull", Time since last: 138215226 ns, Reaching safepoint: 112002 ns, At safepoint: 3100 ns, Total: 115102 ns
[6.525s][info ][safepoint      ] Safepoint "ICBufferFull", Time since last: 265299006 ns, Reaching safepoint: 219703 ns, At safepoint: 29200 ns, Total: 248903 ns
[6.537s][info ][safepoint      ] Safepoint "ICBufferFull", Time since last: 12064560 ns, Reaching safepoint: 251803 ns, At safepoint: 10600 ns, Total: 262403 ns
[6.774s][info ][safepoint      ] Safepoint "ICBufferFull", Time since last: 236551127 ns, Reaching safepoint: 163002 ns, At safepoint: 7600 ns, Total: 170602 ns
[6.965s][info ][safepoint      ] Safepoint "ICBufferFull", Time since last: 191416232 ns, Reaching safepoint: 144102 ns, At safepoint: 2600 ns, Total: 146702 ns
[7.754s][info ][safepoint      ] Safepoint "ICBufferFull", Time since last: 788633432 ns, Reaching safepoint: 171302 ns, At safepoint: 5000 ns, Total: 176302 ns
[7.813s][info ][gc,start       ] GC(4) Pause Young (Metadata GC Threshold)
[7.872s][debug][gc,phases      ] GC(4) Scavenge 58.807ms
[7.872s][debug][gc,ref         ] GC(4) Skipped phase 1 of Reference Processing: no references
[7.872s][debug][gc,ref         ] GC(4) ReferenceProcessor::execute queues: 4, RefProcThreadModel::Multi, marks_oops_alive: false
[7.873s][debug][gc,ref         ] GC(4) Skipped phase 3 of Reference Processing: no references
[7.873s][debug][gc,ref         ] GC(4) ReferenceProcessor::execute queues: 4, RefProcThreadModel::Multi, marks_oops_alive: false
[7.873s][debug][gc,phases      ] GC(4) Reference Processing 1.020ms
[7.873s][debug][gc,phases      ] GC(4)   VM Weak                        Min:  0.0, Avg:  0.0, Max:  0.0, Diff:  0.0, Sum:  0.0, Workers: 4
[7.873s][debug][gc,phases      ] GC(4)     Dead                           Min: 0, Avg:  0.0, Max: 0, Diff: 0, Sum: 0, Workers: 4
[7.873s][debug][gc,phases      ] GC(4)     Total                          Min: 0, Avg: 134.2, Max: 320, Diff: 320, Sum: 537, Workers: 4
[7.873s][debug][gc,phases      ] GC(4)   ObjectSynchronizer Weak        Min:  0.0, Avg:  0.0, Max:  0.0, Diff:  0.0, Sum:  0.0, Workers: 4
[7.873s][debug][gc,phases      ] GC(4)     Dead                           Min: 0, Avg:  1.5, Max: 6, Diff: 6, Sum: 6, Workers: 4
[7.873s][debug][gc,phases      ] GC(4)     Total                          Min: 0, Avg:  5.5, Max: 22, Diff: 22, Sum: 22, Workers: 4
[7.873s][debug][gc,phases      ] GC(4)   JVMTI Tag Weak OopStorage      Min:  0.0, Avg:  0.0, Max:  0.0, Diff:  0.0, Sum:  0.0, Workers: 4
[7.873s][debug][gc,phases      ] GC(4)     Dead                           Min: 0, Avg:  0.0, Max: 0, Diff: 0, Sum: 0, Workers: 4
[7.873s][debug][gc,phases      ] GC(4)     Total                          Min: 0, Avg:  0.0, Max: 0, Diff: 0, Sum: 0, Workers: 4
[7.873s][debug][gc,phases      ] GC(4)   StringTable Weak               Min:  0.0, Avg:  0.2, Max:  0.3, Diff:  0.3, Sum:  0.8, Workers: 4
[7.873s][debug][gc,phases      ] GC(4)     Dead                           Min: 0, Avg:  5.8, Max: 10, Diff: 10, Sum: 23, Workers: 4
[7.873s][debug][gc,phases      ] GC(4)     Total                          Min: 0, Avg: 9018.2, Max: 15145, Diff: 15145, Sum: 36073, Workers: 4
[7.873s][debug][gc,phases      ] GC(4)   ResolvedMethodTable Weak       Min:  0.0, Avg:  0.1, Max:  0.1, Diff:  0.1, Sum:  0.2, Workers: 4
[7.873s][debug][gc,phases      ] GC(4)     Dead                           Min: 0, Avg: 89.0, Max: 208, Diff: 208, Sum: 356, Workers: 4
[7.873s][debug][gc,phases      ] GC(4)     Total                          Min: 0, Avg: 1706.0, Max: 3072, Diff: 3072, Sum: 6824, Workers: 4
[7.873s][debug][gc,phases      ] GC(4)   JNI Weak                       Min:  0.0, Avg:  0.0, Max:  0.0, Diff:  0.0, Sum:  0.0, Workers: 4
[7.873s][debug][gc,phases      ] GC(4)     Dead                           Min: 0, Avg:  0.0, Max: 0, Diff: 0, Sum: 0, Workers: 4
[7.873s][debug][gc,phases      ] GC(4)     Total                          Min: 0, Avg: 11.2, Max: 45, Diff: 45, Sum: 45, Workers: 4
[7.873s][debug][gc,phases      ] GC(4)   StringDedup Table Weak         Min:  0.0, Avg:  0.0, Max:  0.0, Diff:  0.0, Sum:  0.0, Workers: 4
[7.873s][debug][gc,phases      ] GC(4)     Dead                           Min: 0, Avg:  0.0, Max: 0, Diff: 0, Sum: 0, Workers: 4
[7.873s][debug][gc,phases      ] GC(4)     Total                          Min: 0, Avg:  0.0, Max: 0, Diff: 0, Sum: 0, Workers: 4
[7.873s][debug][gc,phases      ] GC(4)   StringDedup Requests0 Weak     Min:  0.0, Avg:  0.0, Max:  0.0, Diff:  0.0, Sum:  0.0, Workers: 4
[7.873s][debug][gc,phases      ] GC(4)     Dead                           Min: 0, Avg:  0.0, Max: 0, Diff: 0, Sum: 0, Workers: 4
[7.873s][debug][gc,phases      ] GC(4)     Total                          Min: 0, Avg:  0.0, Max: 0, Diff: 0, Sum: 0, Workers: 4
[7.873s][debug][gc,phases      ] GC(4)   StringDedup Requests1 Weak     Min:  0.0, Avg:  0.0, Max:  0.0, Diff:  0.0, Sum:  0.0, Workers: 4
[7.873s][debug][gc,phases      ] GC(4)     Dead                           Min: 0, Avg:  0.0, Max: 0, Diff: 0, Sum: 0, Workers: 4
[7.873s][debug][gc,phases      ] GC(4)     Total                          Min: 0, Avg:  0.0, Max: 0, Diff: 0, Sum: 0, Workers: 4
[7.873s][debug][gc,phases      ] GC(4)   Weak JFR Old Object Samples    Min:  0.0, Avg:  0.0, Max:  0.0, Diff:  0.0, Sum:  0.0, Workers: 4
[7.873s][debug][gc,phases      ] GC(4)     Dead                           Min: 0, Avg:  0.0, Max: 0, Diff: 0, Sum: 0, Workers: 4
[7.873s][debug][gc,phases      ] GC(4)     Total                          Min: 0, Avg:  0.0, Max: 0, Diff: 0, Sum: 0, Workers: 4
[7.873s][debug][gc,phases      ] GC(4) Weak Processing 0.482ms
[7.873s][debug][gc,age         ] GC(4) Desired survivor size 536870912 bytes, new threshold 7 (max threshold 15)
[7.873s][info ][gc,heap        ] GC(4) PSYoungGen: 867576K(1572864K)->111303K(1572864K) Eden: 785521K(1048576K)->0K(1048576K) From: 82055K(524288K)->111303K(524288K)
[7.873s][info ][gc,heap        ] GC(4) ParOldGen: 5698K(6144K)->5730K(6144K)
[7.873s][info ][gc,metaspace   ] GC(4) Metaspace: 59069K(59776K)->59069K(59776K) NonClass: 50174K(50560K)->50174K(50560K) Class: 8894K(9216K)->8894K(9216K)
[7.873s][info ][gc             ] GC(4) Pause Young (Metadata GC Threshold) 852M->114M(1542M) 60.425ms
[7.873s][info ][gc,cpu         ] GC(4) User=0.18s Sys=0.03s Real=0.06s
[7.873s][debug][gc,phases      ] GC(5) Pre Compact 0.008ms
[7.873s][info ][gc,start       ] GC(5) Pause Full (Metadata GC Threshold)
[7.873s][info ][gc,phases,start] GC(5) Marking Phase
[7.917s][debug][gc,phases      ] GC(5) Par Mark 43.604ms
[7.917s][debug][gc,ref         ] GC(5) Skipped phase 1 of Reference Processing: no references
[7.917s][debug][gc,ref         ] GC(5) ReferenceProcessor::execute queues: 4, RefProcThreadModel::Multi, marks_oops_alive: false
[7.918s][debug][gc,ref         ] GC(5) Skipped phase 3 of Reference Processing: no references
[7.918s][debug][gc,ref         ] GC(5) ReferenceProcessor::execute queues: 1, RefProcThreadModel::Single, marks_oops_alive: false
[7.918s][debug][gc,phases      ] GC(5) Reference Processing 0.601ms
[7.918s][debug][gc,phases      ] GC(5)   VM Weak                        Min:  0.0, Avg:  0.0, Max:  0.0, Diff:  0.0, Sum:  0.0, Workers: 4
[7.918s][debug][gc,phases      ] GC(5)     Dead                           Min: 0, Avg:  0.0, Max: 0, Diff: 0, Sum: 0, Workers: 4
[7.918s][debug][gc,phases      ] GC(5)     Total                          Min: 0, Avg: 134.2, Max: 512, Diff: 512, Sum: 537, Workers: 4
[7.918s][debug][gc,phases      ] GC(5)   ObjectSynchronizer Weak        Min:  0.0, Avg:  0.0, Max:  0.0, Diff:  0.0, Sum:  0.0, Workers: 4
[7.918s][debug][gc,phases      ] GC(5)     Dead                           Min: 0, Avg:  0.0, Max: 0, Diff: 0, Sum: 0, Workers: 4
[7.918s][debug][gc,phases      ] GC(5)     Total                          Min: 0, Avg:  5.5, Max: 22, Diff: 22, Sum: 22, Workers: 4
[7.918s][debug][gc,phases      ] GC(5)   JVMTI Tag Weak OopStorage      Min:  0.0, Avg:  0.0, Max:  0.0, Diff:  0.0, Sum:  0.0, Workers: 4
[7.918s][debug][gc,phases      ] GC(5)     Dead                           Min: 0, Avg:  0.0, Max: 0, Diff: 0, Sum: 0, Workers: 4
[7.918s][debug][gc,phases      ] GC(5)     Total                          Min: 0, Avg:  0.0, Max: 0, Diff: 0, Sum: 0, Workers: 4
[7.918s][debug][gc,phases      ] GC(5)   StringTable Weak               Min:  0.1, Avg:  0.1, Max:  0.1, Diff:  0.0, Sum:  0.4, Workers: 4
[7.918s][debug][gc,phases      ] GC(5)     Dead                           Min: 0, Avg:  0.0, Max: 0, Diff: 0, Sum: 0, Workers: 4
[7.918s][debug][gc,phases      ] GC(5)     Total                          Min: 8192, Avg: 9018.2, Max: 9769, Diff: 1577, Sum: 36073, Workers: 4
[7.918s][debug][gc,phases      ] GC(5)   ResolvedMethodTable Weak       Min:  0.0, Avg:  0.0, Max:  0.0, Diff:  0.0, Sum:  0.1, Workers: 4
[7.918s][debug][gc,phases      ] GC(5)     Dead                           Min: 0, Avg:  0.2, Max: 1, Diff: 1, Sum: 1, Workers: 4
[7.918s][debug][gc,phases      ] GC(5)     Total                          Min: 1600, Avg: 1706.0, Max: 1792, Diff: 192, Sum: 6824, Workers: 4
[7.918s][debug][gc,phases      ] GC(5)   JNI Weak                       Min:  0.0, Avg:  0.0, Max:  0.0, Diff:  0.0, Sum:  0.0, Workers: 4
[7.918s][debug][gc,phases      ] GC(5)     Dead                           Min: 0, Avg:  0.0, Max: 0, Diff: 0, Sum: 0, Workers: 4
[7.918s][debug][gc,phases      ] GC(5)     Total                          Min: 0, Avg: 11.2, Max: 45, Diff: 45, Sum: 45, Workers: 4
[7.918s][debug][gc,phases      ] GC(5)   StringDedup Table Weak         Min:  0.0, Avg:  0.0, Max:  0.0, Diff:  0.0, Sum:  0.0, Workers: 4
[7.918s][debug][gc,phases      ] GC(5)     Dead                           Min: 0, Avg:  0.0, Max: 0, Diff: 0, Sum: 0, Workers: 4
[7.918s][debug][gc,phases      ] GC(5)     Total                          Min: 0, Avg:  0.0, Max: 0, Diff: 0, Sum: 0, Workers: 4
[7.918s][debug][gc,phases      ] GC(5)   StringDedup Requests0 Weak     Min:  0.0, Avg:  0.0, Max:  0.0, Diff:  0.0, Sum:  0.0, Workers: 4
[7.918s][debug][gc,phases      ] GC(5)     Dead                           Min: 0, Avg:  0.0, Max: 0, Diff: 0, Sum: 0, Workers: 4
[7.918s][debug][gc,phases      ] GC(5)     Total                          Min: 0, Avg:  0.0, Max: 0, Diff: 0, Sum: 0, Workers: 4
[7.918s][debug][gc,phases      ] GC(5)   StringDedup Requests1 Weak     Min:  0.0, Avg:  0.0, Max:  0.0, Diff:  0.0, Sum:  0.0, Workers: 4
[7.918s][debug][gc,phases      ] GC(5)     Dead                           Min: 0, Avg:  0.0, Max: 0, Diff: 0, Sum: 0, Workers: 4
[7.918s][debug][gc,phases      ] GC(5)     Total                          Min: 0, Avg:  0.0, Max: 0, Diff: 0, Sum: 0, Workers: 4
[7.918s][debug][gc,phases      ] GC(5)   Weak JFR Old Object Samples    Min:  0.0, Avg:  0.0, Max:  0.0, Diff:  0.0, Sum:  0.0, Workers: 4
[7.918s][debug][gc,phases      ] GC(5)     Dead                           Min: 0, Avg:  0.0, Max: 0, Diff: 0, Sum: 0, Workers: 4
[7.918s][debug][gc,phases      ] GC(5)     Total                          Min: 0, Avg:  0.0, Max: 0, Diff: 0, Sum: 0, Workers: 4
[7.918s][debug][gc,phases      ] GC(5) Weak Processing 0.276ms
[7.918s][debug][gc,phases      ] GC(5) ClassLoaderData 0.061ms
[7.918s][debug][gc,phases      ] GC(5) Trigger cleanups 0.000ms
[7.925s][debug][gc,phases      ] GC(5) Class Unloading 7.165ms
[7.925s][info ][gc,phases      ] GC(5) Marking Phase 51.771ms
[7.925s][info ][gc,phases,start] GC(5) Summary Phase
[7.925s][info ][gc,phases      ] GC(5) Summary Phase 0.006ms
[7.925s][info ][gc,phases,start] GC(5) Adjust Roots
[7.938s][info ][gc,phases      ] GC(5) Adjust Roots 12.646ms
[7.938s][info ][gc,phases,start] GC(5) Compaction Phase
[8.442s][info ][gc,phases      ] GC(5) Compaction Phase 503.891ms
[8.442s][info ][gc,phases,start] GC(5) Post Compact
[8.443s][info ][gc,phases      ] GC(5) Post Compact 1.160ms
[8.443s][info ][gc,heap        ] GC(5) PSYoungGen: 111303K(1572864K)->111067K(1572864K) Eden: 0K(1048576K)->0K(1048576K) From: 111303K(524288K)->111067K(524288K)
[8.443s][info ][gc,heap        ] GC(5) ParOldGen: 5730K(6144K)->5697K(6144K)
[8.443s][info ][gc,metaspace   ] GC(5) Metaspace: 59069K(59776K)->59069K(59776K) NonClass: 50174K(50560K)->50174K(50560K) Class: 8894K(9216K)->8894K(9216K)
[8.443s][info ][gc             ] GC(5) Pause Full (Metadata GC Threshold) 114M->114M(1542M) 569.601ms
[8.443s][info ][gc,cpu         ] GC(5) User=1.18s Sys=0.01s Real=0.56s
[8.443s][info ][safepoint      ] Safepoint "CollectForMetadataAllocation", Time since last: 58611876 ns, Reaching safepoint: 50700 ns, At safepoint: 630161042 ns, Total: 630211742 ns
[8.660s][info ][safepoint      ] Safepoint "ICBufferFull", Time since last: 216942971 ns, Reaching safepoint: 118902 ns, At safepoint: 5600 ns, Total: 124502 ns
[9.134s][info ][safepoint      ] Safepoint "ICBufferFull", Time since last: 471615647 ns, Reaching safepoint: 2238830 ns, At safepoint: 17100 ns, Total: 2255930 ns
[10.272s][info ][safepoint      ] Safepoint "Cleanup", Time since last: 1138219185 ns, Reaching safepoint: 148002 ns, At safepoint: 16000 ns, Total: 164002 ns
[11.273s][info ][safepoint      ] Safepoint "Cleanup", Time since last: 1000124766 ns, Reaching safepoint: 109102 ns, At safepoint: 13800 ns, Total: 122902 ns
[12.311s][info ][safepoint      ] Safepoint "ICBufferFull", Time since last: 1038441185 ns, Reaching safepoint: 235803 ns, At safepoint: 15901 ns, Total: 251704 ns
[12.311s][info ][safepoint      ] Safepoint "ICBufferFull", Time since last: 61700 ns, Reaching safepoint: 72501 ns, At safepoint: 18901 ns, Total: 91402 ns
[12.312s][info ][safepoint      ] Safepoint "ICBufferFull", Time since last: 218603 ns, Reaching safepoint: 299304 ns, At safepoint: 18800 ns, Total: 318104 ns
[12.417s][info ][safepoint      ] Safepoint "ICBufferFull", Time since last: 104542788 ns, Reaching safepoint: 252203 ns, At safepoint: 15801 ns, Total: 268004 ns
[12.622s][info ][safepoint      ] Safepoint "ICBufferFull", Time since last: 205277625 ns, Reaching safepoint: 148502 ns, At safepoint: 8901 ns, Total: 157403 ns
[12.824s][info ][safepoint      ] Safepoint "ICBufferFull", Time since last: 201902682 ns, Reaching safepoint: 218303 ns, At safepoint: 8400 ns, Total: 226703 ns
[12.933s][info ][gc,start       ] GC(6) Pause Young (Allocation Failure)
[13.358s][debug][gc,phases      ] GC(6) Scavenge 424.958ms
[13.358s][debug][gc,ref         ] GC(6) Skipped phase 1 of Reference Processing: no references
[13.358s][debug][gc,ref         ] GC(6) ReferenceProcessor::execute queues: 4, RefProcThreadModel::Multi, marks_oops_alive: false
[13.359s][debug][gc,ref         ] GC(6) Skipped phase 3 of Reference Processing: no references
[13.359s][debug][gc,ref         ] GC(6) ReferenceProcessor::execute queues: 1, RefProcThreadModel::Single, marks_oops_alive: false
[13.359s][debug][gc,phases      ] GC(6) Reference Processing 0.847ms
[13.359s][debug][gc,phases      ] GC(6)   VM Weak                        Min:  0.0, Avg:  0.0, Max:  0.0, Diff:  0.0, Sum:  0.0, Workers: 4
[13.359s][debug][gc,phases      ] GC(6)     Dead                           Min: 0, Avg:  0.0, Max: 0, Diff: 0, Sum: 0, Workers: 4
[13.359s][debug][gc,phases      ] GC(6)     Total                          Min: 0, Avg: 156.0, Max: 384, Diff: 384, Sum: 624, Workers: 4
[13.359s][debug][gc,phases      ] GC(6)   ObjectSynchronizer Weak        Min:  0.0, Avg:  0.0, Max:  0.0, Diff:  0.0, Sum:  0.0, Workers: 4
[13.359s][debug][gc,phases      ] GC(6)     Dead                           Min: 0, Avg:  1.2, Max: 5, Diff: 5, Sum: 5, Workers: 4
[13.359s][debug][gc,phases      ] GC(6)     Total                          Min: 0, Avg:  9.2, Max: 37, Diff: 37, Sum: 37, Workers: 4
[13.359s][debug][gc,phases      ] GC(6)   JVMTI Tag Weak OopStorage      Min:  0.0, Avg:  0.0, Max:  0.0, Diff:  0.0, Sum:  0.0, Workers: 4
[13.359s][debug][gc,phases      ] GC(6)     Dead                           Min: 0, Avg:  0.0, Max: 0, Diff: 0, Sum: 0, Workers: 4
[13.359s][debug][gc,phases      ] GC(6)     Total                          Min: 0, Avg:  0.0, Max: 0, Diff: 0, Sum: 0, Workers: 4
[13.359s][debug][gc,phases      ] GC(6)   StringTable Weak               Min:  0.0, Avg:  0.2, Max:  0.3, Diff:  0.3, Sum:  0.8, Workers: 4
[13.359s][debug][gc,phases      ] GC(6)     Dead                           Min: 0, Avg:  2.2, Max: 4, Diff: 4, Sum: 9, Workers: 4
[13.359s][debug][gc,phases      ] GC(6)     Total                          Min: 0, Avg: 9291.8, Max: 15744, Diff: 15744, Sum: 37167, Workers: 4
[13.359s][debug][gc,phases      ] GC(6)   ResolvedMethodTable Weak       Min:  0.0, Avg:  0.0, Max:  0.1, Diff:  0.1, Sum:  0.2, Workers: 4
[13.359s][debug][gc,phases      ] GC(6)     Dead                           Min: 0, Avg: 23.5, Max: 63, Diff: 63, Sum: 94, Workers: 4
[13.359s][debug][gc,phases      ] GC(6)     Total                          Min: 0, Avg: 1792.2, Max: 2881, Diff: 2881, Sum: 7169, Workers: 4
[13.359s][debug][gc,phases      ] GC(6)   JNI Weak                       Min:  0.0, Avg:  0.0, Max:  0.0, Diff:  0.0, Sum:  0.0, Workers: 4
[13.359s][debug][gc,phases      ] GC(6)     Dead                           Min: 0, Avg:  0.0, Max: 0, Diff: 0, Sum: 0, Workers: 4
[13.359s][debug][gc,phases      ] GC(6)     Total                          Min: 0, Avg: 12.5, Max: 50, Diff: 50, Sum: 50, Workers: 4
[13.359s][debug][gc,phases      ] GC(6)   StringDedup Table Weak         Min:  0.0, Avg:  0.0, Max:  0.0, Diff:  0.0, Sum:  0.0, Workers: 4
[13.359s][debug][gc,phases      ] GC(6)     Dead                           Min: 0, Avg:  0.0, Max: 0, Diff: 0, Sum: 0, Workers: 4
[13.359s][debug][gc,phases      ] GC(6)     Total                          Min: 0, Avg:  0.0, Max: 0, Diff: 0, Sum: 0, Workers: 4
[13.359s][debug][gc,phases      ] GC(6)   StringDedup Requests0 Weak     Min:  0.0, Avg:  0.0, Max:  0.0, Diff:  0.0, Sum:  0.0, Workers: 4
[13.359s][debug][gc,phases      ] GC(6)     Dead                           Min: 0, Avg:  0.0, Max: 0, Diff: 0, Sum: 0, Workers: 4
[13.359s][debug][gc,phases      ] GC(6)     Total                          Min: 0, Avg:  0.0, Max: 0, Diff: 0, Sum: 0, Workers: 4
[13.359s][debug][gc,phases      ] GC(6)   StringDedup Requests1 Weak     Min:  0.0, Avg:  0.0, Max:  0.0, Diff:  0.0, Sum:  0.0, Workers: 4
[13.359s][debug][gc,phases      ] GC(6)     Dead                           Min: 0, Avg:  0.0, Max: 0, Diff: 0, Sum: 0, Workers: 4
[13.359s][debug][gc,phases      ] GC(6)     Total                          Min: 0, Avg:  0.0, Max: 0, Diff: 0, Sum: 0, Workers: 4
[13.359s][debug][gc,phases      ] GC(6)   Weak JFR Old Object Samples    Min:  0.0, Avg:  0.0, Max:  0.0, Diff:  0.0, Sum:  0.0, Workers: 4
[13.359s][debug][gc,phases      ] GC(6)     Dead                           Min: 0, Avg:  0.0, Max: 0, Diff: 0, Sum: 0, Workers: 4
[13.359s][debug][gc,phases      ] GC(6)     Total                          Min: 0, Avg:  0.0, Max: 0, Diff: 0, Sum: 0, Workers: 4
[13.359s][debug][gc,phases      ] GC(6) Weak Processing 0.490ms
[13.359s][debug][gc,age         ] GC(6) Desired survivor size 536870912 bytes, new threshold 7 (max threshold 15)
[13.359s][info ][gc,heap        ] GC(6) PSYoungGen: 1159643K(1572864K)->524279K(1572864K) Eden: 1048576K(1048576K)->0K(1048576K) From: 111067K(524288K)->524279K(524288K)
[13.359s][info ][gc,heap        ] GC(6) ParOldGen: 5697K(6144K)->129442K(129536K)
[13.359s][info ][gc,metaspace   ] GC(6) Metaspace: 63673K(64448K)->63673K(64448K) NonClass: 54188K(54592K)->54188K(54592K) Class: 9485K(9856K)->9485K(9856K)
[13.359s][info ][gc             ] GC(6) Pause Young (Allocation Failure) 1138M->638M(1662M) 426.401ms
[13.359s][info ][gc,cpu         ] GC(6) User=1.16s Sys=0.19s Real=0.42s
[13.359s][debug][gc,phases      ] GC(7) Pre Compact 0.007ms
[13.359s][info ][gc,start       ] GC(7) Pause Full (Ergonomics)
[13.359s][info ][gc,phases,start] GC(7) Marking Phase
[13.633s][debug][gc,phases      ] GC(7) Par Mark 273.432ms
[13.633s][debug][gc,ref         ] GC(7) Skipped phase 1 of Reference Processing: no references
[13.633s][debug][gc,ref         ] GC(7) ReferenceProcessor::execute queues: 4, RefProcThreadModel::Multi, marks_oops_alive: false
[13.633s][debug][gc,ref         ] GC(7) Skipped phase 3 of Reference Processing: no references
[13.633s][debug][gc,ref         ] GC(7) ReferenceProcessor::execute queues: 1, RefProcThreadModel::Single, marks_oops_alive: false
[13.634s][debug][gc,phases      ] GC(7) Reference Processing 0.625ms
[13.634s][debug][gc,phases      ] GC(7)   VM Weak                        Min:  0.0, Avg:  0.0, Max:  0.0, Diff:  0.0, Sum:  0.0, Workers: 4
[13.634s][debug][gc,phases      ] GC(7)     Dead                           Min: 0, Avg:  0.2, Max: 1, Diff: 1, Sum: 1, Workers: 4
[13.634s][debug][gc,phases      ] GC(7)     Total                          Min: 0, Avg: 156.0, Max: 496, Diff: 496, Sum: 624, Workers: 4
[13.634s][debug][gc,phases      ] GC(7)   ObjectSynchronizer Weak        Min:  0.0, Avg:  0.0, Max:  0.0, Diff:  0.0, Sum:  0.0, Workers: 4
[13.634s][debug][gc,phases      ] GC(7)     Dead                           Min: 0, Avg:  0.0, Max: 0, Diff: 0, Sum: 0, Workers: 4
[13.634s][debug][gc,phases      ] GC(7)     Total                          Min: 0, Avg:  9.2, Max: 37, Diff: 37, Sum: 37, Workers: 4
[13.634s][debug][gc,phases      ] GC(7)   JVMTI Tag Weak OopStorage      Min:  0.0, Avg:  0.0, Max:  0.0, Diff:  0.0, Sum:  0.0, Workers: 4
[13.634s][debug][gc,phases      ] GC(7)     Dead                           Min: 0, Avg:  0.0, Max: 0, Diff: 0, Sum: 0, Workers: 4
[13.634s][debug][gc,phases      ] GC(7)     Total                          Min: 0, Avg:  0.0, Max: 0, Diff: 0, Sum: 0, Workers: 4
[13.634s][debug][gc,phases      ] GC(7)   StringTable Weak               Min:  0.0, Avg:  0.1, Max:  0.2, Diff:  0.2, Sum:  0.4, Workers: 4
[13.634s][debug][gc,phases      ] GC(7)     Dead                           Min: 0, Avg:  0.0, Max: 0, Diff: 0, Sum: 0, Workers: 4
[13.634s][debug][gc,phases      ] GC(7)     Total                          Min: 0, Avg: 9291.8, Max: 18735, Diff: 18735, Sum: 37167, Workers: 4
[13.634s][debug][gc,phases      ] GC(7)   ResolvedMethodTable Weak       Min:  0.0, Avg:  0.0, Max:  0.0, Diff:  0.0, Sum:  0.1, Workers: 4
[13.634s][debug][gc,phases      ] GC(7)     Dead                           Min: 0, Avg:  0.2, Max: 1, Diff: 1, Sum: 1, Workers: 4
[13.634s][debug][gc,phases      ] GC(7)     Total                          Min: 0, Avg: 1792.2, Max: 3585, Diff: 3585, Sum: 7169, Workers: 4
[13.634s][debug][gc,phases      ] GC(7)   JNI Weak                       Min:  0.0, Avg:  0.0, Max:  0.0, Diff:  0.0, Sum:  0.0, Workers: 4
[13.634s][debug][gc,phases      ] GC(7)     Dead                           Min: 0, Avg:  0.0, Max: 0, Diff: 0, Sum: 0, Workers: 4
[13.634s][debug][gc,phases      ] GC(7)     Total                          Min: 0, Avg: 12.5, Max: 45, Diff: 45, Sum: 50, Workers: 4
[13.634s][debug][gc,phases      ] GC(7)   StringDedup Table Weak         Min:  0.0, Avg:  0.0, Max:  0.0, Diff:  0.0, Sum:  0.0, Workers: 4
[13.634s][debug][gc,phases      ] GC(7)     Dead                           Min: 0, Avg:  0.0, Max: 0, Diff: 0, Sum: 0, Workers: 4
[13.634s][debug][gc,phases      ] GC(7)     Total                          Min: 0, Avg:  0.0, Max: 0, Diff: 0, Sum: 0, Workers: 4
[13.634s][debug][gc,phases      ] GC(7)   StringDedup Requests0 Weak     Min:  0.0, Avg:  0.0, Max:  0.0, Diff:  0.0, Sum:  0.0, Workers: 4
[13.634s][debug][gc,phases      ] GC(7)     Dead                           Min: 0, Avg:  0.0, Max: 0, Diff: 0, Sum: 0, Workers: 4
[13.634s][debug][gc,phases      ] GC(7)     Total                          Min: 0, Avg:  0.0, Max: 0, Diff: 0, Sum: 0, Workers: 4
[13.634s][debug][gc,phases      ] GC(7)   StringDedup Requests1 Weak     Min:  0.0, Avg:  0.0, Max:  0.0, Diff:  0.0, Sum:  0.0, Workers: 4
[13.634s][debug][gc,phases      ] GC(7)     Dead                           Min: 0, Avg:  0.0, Max: 0, Diff: 0, Sum: 0, Workers: 4
[13.634s][debug][gc,phases      ] GC(7)     Total                          Min: 0, Avg:  0.0, Max: 0, Diff: 0, Sum: 0, Workers: 4
[13.634s][debug][gc,phases      ] GC(7)   Weak JFR Old Object Samples    Min:  0.0, Avg:  0.0, Max:  0.0, Diff:  0.0, Sum:  0.0, Workers: 4
[13.634s][debug][gc,phases      ] GC(7)     Dead                           Min: 0, Avg:  0.0, Max: 0, Diff: 0, Sum: 0, Workers: 4
[13.634s][debug][gc,phases      ] GC(7)     Total                          Min: 0, Avg:  0.0, Max: 0, Diff: 0, Sum: 0, Workers: 4
[13.634s][debug][gc,phases      ] GC(7) Weak Processing 0.519ms
[13.634s][debug][gc,phases      ] GC(7) ClassLoaderData 0.173ms
[13.634s][debug][gc,phases      ] GC(7) Trigger cleanups 0.001ms
[13.650s][debug][gc,phases      ] GC(7) Class Unloading 15.591ms
[13.650s][info ][gc,phases      ] GC(7) Marking Phase 290.324ms
[13.650s][info ][gc,phases,start] GC(7) Summary Phase
[13.650s][info ][gc,phases      ] GC(7) Summary Phase 0.013ms
[13.650s][info ][gc,phases,start] GC(7) Adjust Roots
[13.661s][info ][gc,phases      ] GC(7) Adjust Roots 10.837ms
[13.661s][info ][gc,phases,start] GC(7) Compaction Phase
[14.527s][info ][gc,phases      ] GC(7) Compaction Phase 866.444ms
[14.527s][info ][gc,phases,start] GC(7) Post Compact
[14.529s][info ][gc,phases      ] GC(7) Post Compact 2.343ms
[14.530s][info ][gc,heap        ] GC(7) PSYoungGen: 524279K(1572864K)->517244K(1572864K) Eden: 0K(1048576K)->0K(1048576K) From: 524279K(524288K)->517244K(524288K)
[14.530s][info ][gc,heap        ] GC(7) ParOldGen: 129442K(129536K)->129440K(242176K)
[14.530s][info ][gc,metaspace   ] GC(7) Metaspace: 63673K(64448K)->63671K(64448K) NonClass: 54188K(54592K)->54186K(54592K) Class: 9485K(9856K)->9484K(9856K)
[14.530s][info ][gc             ] GC(7) Pause Full (Ergonomics) 638M->631M(1772M) 1170.208ms
[14.530s][info ][gc,cpu         ] GC(7) User=3.97s Sys=0.03s Real=1.17s
[14.530s][info ][safepoint      ] Safepoint "ParallelGCFailedAllocation", Time since last: 108445041 ns, Reaching safepoint: 69901 ns, At safepoint: 1597386438 ns, Total: 1597456339 ns
[14.920s][info ][safepoint      ] Safepoint "ICBufferFull", Time since last: 389666085 ns, Reaching safepoint: 236404 ns, At safepoint: 7200 ns, Total: 243604 ns
[15.333s][info ][safepoint      ] Safepoint "ICBufferFull", Time since last: 412643692 ns, Reaching safepoint: 179303 ns, At safepoint: 3100 ns, Total: 182403 ns
[15.898s][info ][gc,start       ] GC(8) Pause Young (Allocation Failure)
[16.189s][debug][gc,phases      ] GC(8) Scavenge 291.415ms
[16.189s][debug][gc,ref         ] GC(8) Skipped phase 1 of Reference Processing: no references
[16.189s][debug][gc,ref         ] GC(8) ReferenceProcessor::execute queues: 2, RefProcThreadModel::Multi, marks_oops_alive: false
[16.189s][debug][gc,ref         ] GC(8) Skipped phase 3 of Reference Processing: no references
[16.189s][debug][gc,ref         ] GC(8) ReferenceProcessor::execute queues: 1, RefProcThreadModel::Single, marks_oops_alive: false
[16.189s][debug][gc,phases      ] GC(8) Reference Processing 0.222ms
[16.190s][debug][gc,phases      ] GC(8)   VM Weak                        Min:  0.0, Avg:  0.0, Max:  0.0, Diff:  0.0, Sum:  0.0, Workers: 4
[16.190s][debug][gc,phases      ] GC(8)     Dead                           Min: 0, Avg:  0.0, Max: 0, Diff: 0, Sum: 0, Workers: 4
[16.190s][debug][gc,phases      ] GC(8)     Total                          Min: 0, Avg: 156.8, Max: 512, Diff: 512, Sum: 627, Workers: 4
[16.190s][debug][gc,phases      ] GC(8)   ObjectSynchronizer Weak        Min:  0.0, Avg:  0.0, Max:  0.0, Diff:  0.0, Sum:  0.0, Workers: 4
[16.190s][debug][gc,phases      ] GC(8)     Dead                           Min: 0, Avg:  0.0, Max: 0, Diff: 0, Sum: 0, Workers: 4
[16.190s][debug][gc,phases      ] GC(8)     Total                          Min: 0, Avg:  9.2, Max: 37, Diff: 37, Sum: 37, Workers: 4
[16.190s][debug][gc,phases      ] GC(8)   JVMTI Tag Weak OopStorage      Min:  0.0, Avg:  0.0, Max:  0.0, Diff:  0.0, Sum:  0.0, Workers: 4
[16.190s][debug][gc,phases      ] GC(8)     Dead                           Min: 0, Avg:  0.0, Max: 0, Diff: 0, Sum: 0, Workers: 4
[16.190s][debug][gc,phases      ] GC(8)     Total                          Min: 0, Avg:  0.0, Max: 0, Diff: 0, Sum: 0, Workers: 4
[16.190s][debug][gc,phases      ] GC(8)   StringTable Weak               Min:  0.0, Avg:  0.2, Max:  0.4, Diff:  0.4, Sum:  0.9, Workers: 4
[16.190s][debug][gc,phases      ] GC(8)     Dead                           Min: 0, Avg:  0.8, Max: 3, Diff: 3, Sum: 3, Workers: 4
[16.190s][debug][gc,phases      ] GC(8)     Total                          Min: 0, Avg: 9338.2, Max: 19328, Diff: 19328, Sum: 37353, Workers: 4
[16.190s][debug][gc,phases      ] GC(8)   ResolvedMethodTable Weak       Min:  0.0, Avg:  0.1, Max:  0.1, Diff:  0.1, Sum:  0.2, Workers: 4
[16.190s][debug][gc,phases      ] GC(8)     Dead                           Min: 0, Avg:  5.2, Max: 21, Diff: 21, Sum: 21, Workers: 4
[16.190s][debug][gc,phases      ] GC(8)     Total                          Min: 0, Avg: 1806.2, Max: 3641, Diff: 3641, Sum: 7225, Workers: 4
[16.190s][debug][gc,phases      ] GC(8)   JNI Weak                       Min:  0.0, Avg:  0.0, Max:  0.0, Diff:  0.0, Sum:  0.0, Workers: 4
[16.190s][debug][gc,phases      ] GC(8)     Dead                           Min: 0, Avg:  0.0, Max: 0, Diff: 0, Sum: 0, Workers: 4
[16.190s][debug][gc,phases      ] GC(8)     Total                          Min: 0, Avg: 12.2, Max: 49, Diff: 49, Sum: 49, Workers: 4
[16.190s][debug][gc,phases      ] GC(8)   StringDedup Table Weak         Min:  0.0, Avg:  0.0, Max:  0.0, Diff:  0.0, Sum:  0.0, Workers: 4
[16.190s][debug][gc,phases      ] GC(8)     Dead                           Min: 0, Avg:  0.0, Max: 0, Diff: 0, Sum: 0, Workers: 4
[16.190s][debug][gc,phases      ] GC(8)     Total                          Min: 0, Avg:  0.0, Max: 0, Diff: 0, Sum: 0, Workers: 4
[16.190s][debug][gc,phases      ] GC(8)   StringDedup Requests0 Weak     Min:  0.0, Avg:  0.0, Max:  0.0, Diff:  0.0, Sum:  0.0, Workers: 4
[16.190s][debug][gc,phases      ] GC(8)     Dead                           Min: 0, Avg:  0.0, Max: 0, Diff: 0, Sum: 0, Workers: 4
[16.190s][debug][gc,phases      ] GC(8)     Total                          Min: 0, Avg:  0.0, Max: 0, Diff: 0, Sum: 0, Workers: 4
[16.190s][debug][gc,phases      ] GC(8)   StringDedup Requests1 Weak     Min:  0.0, Avg:  0.0, Max:  0.0, Diff:  0.0, Sum:  0.0, Workers: 4
[16.190s][debug][gc,phases      ] GC(8)     Dead                           Min: 0, Avg:  0.0, Max: 0, Diff: 0, Sum: 0, Workers: 4
[16.190s][debug][gc,phases      ] GC(8)     Total                          Min: 0, Avg:  0.0, Max: 0, Diff: 0, Sum: 0, Workers: 4
[16.190s][debug][gc,phases      ] GC(8)   Weak JFR Old Object Samples    Min:  0.0, Avg:  0.0, Max:  0.0, Diff:  0.0, Sum:  0.0, Workers: 4
[16.190s][debug][gc,phases      ] GC(8)     Dead                           Min: 0, Avg:  0.0, Max: 0, Diff: 0, Sum: 0, Workers: 4
[16.190s][debug][gc,phases      ] GC(8)     Total                          Min: 0, Avg:  0.0, Max: 0, Diff: 0, Sum: 0, Workers: 4
[16.190s][debug][gc,phases      ] GC(8) Weak Processing 0.808ms
[16.190s][debug][gc,age         ] GC(8) Desired survivor size 536870912 bytes, new threshold 6 (max threshold 15)
[16.190s][info ][gc,heap        ] GC(8) PSYoungGen: 1565820K(1572864K)->507055K(1572864K) Eden: 1048576K(1048576K)->0K(1048576K) From: 517244K(524288K)->507055K(524288K)
[16.190s][info ][gc,heap        ] GC(8) ParOldGen: 129440K(242176K)->129440K(242176K)
[16.190s][info ][gc,metaspace   ] GC(8) Metaspace: 64092K(64832K)->64092K(64832K) NonClass: 54559K(54976K)->54559K(54976K) Class: 9533K(9856K)->9533K(9856K)
[16.190s][info ][gc             ] GC(8) Pause Young (Allocation Failure) 1655M->621M(1772M) 292.586ms
[16.190s][info ][gc,cpu         ] GC(8) User=0.75s Sys=0.21s Real=0.29s
[16.190s][info ][safepoint      ] Safepoint "ParallelGCFailedAllocation", Time since last: 564556817 ns, Reaching safepoint: 171602 ns, At safepoint: 292666099 ns, Total: 292837701 ns
[16.659s][info ][safepoint      ] Safepoint "ICBufferFull", Time since last: 468560941 ns, Reaching safepoint: 239304 ns, At safepoint: 17400 ns, Total: 256704 ns
[16.973s][info ][safepoint      ] Safepoint "ICBufferFull", Time since last: 313597381 ns, Reaching safepoint: 221202 ns, At safepoint: 8901 ns, Total: 230103 ns
[17.115s][info ][safepoint      ] Safepoint "ICBufferFull", Time since last: 142215896 ns, Reaching safepoint: 183002 ns, At safepoint: 13500 ns, Total: 196502 ns
[17.563s][info ][safepoint      ] Safepoint "ICBufferFull", Time since last: 446970159 ns, Reaching safepoint: 241903 ns, At safepoint: 14400 ns, Total: 256303 ns
[17.901s][info ][safepoint      ] Safepoint "ICBufferFull", Time since last: 338047410 ns, Reaching safepoint: 179002 ns, At safepoint: 9800 ns, Total: 188802 ns
[18.051s][info ][safepoint      ] Safepoint "ICBufferFull", Time since last: 149963901 ns, Reaching safepoint: 166402 ns, At safepoint: 9500 ns, Total: 175902 ns
[18.106s][info ][gc,start       ] GC(9) Pause Young (Allocation Failure)
[18.393s][debug][gc,phases      ] GC(9) Scavenge 286.496ms
[18.393s][debug][gc,ref         ] GC(9) Skipped phase 1 of Reference Processing: no references
[18.393s][debug][gc,ref         ] GC(9) ReferenceProcessor::execute queues: 3, RefProcThreadModel::Multi, marks_oops_alive: false
[18.393s][debug][gc,ref         ] GC(9) Skipped phase 3 of Reference Processing: no references
[18.393s][debug][gc,ref         ] GC(9) ReferenceProcessor::execute queues: 1, RefProcThreadModel::Single, marks_oops_alive: false
[18.393s][debug][gc,phases      ] GC(9) Reference Processing 0.346ms
[18.394s][debug][gc,phases      ] GC(9)   VM Weak                        Min:  0.0, Avg:  0.0, Max:  0.0, Diff:  0.0, Sum:  0.0, Workers: 4
[18.394s][debug][gc,phases      ] GC(9)     Dead                           Min: 0, Avg:  0.0, Max: 0, Diff: 0, Sum: 0, Workers: 4
[18.394s][debug][gc,phases      ] GC(9)     Total                          Min: 0, Avg: 193.8, Max: 775, Diff: 775, Sum: 775, Workers: 4
[18.394s][debug][gc,phases      ] GC(9)   ObjectSynchronizer Weak        Min:  0.0, Avg:  0.0, Max:  0.0, Diff:  0.0, Sum:  0.0, Workers: 4
[18.394s][debug][gc,phases      ] GC(9)     Dead                           Min: 0, Avg:  0.0, Max: 0, Diff: 0, Sum: 0, Workers: 4
[18.394s][debug][gc,phases      ] GC(9)     Total                          Min: 0, Avg:  9.8, Max: 39, Diff: 39, Sum: 39, Workers: 4
[18.394s][debug][gc,phases      ] GC(9)   JVMTI Tag Weak OopStorage      Min:  0.0, Avg:  0.0, Max:  0.0, Diff:  0.0, Sum:  0.0, Workers: 4
[18.394s][debug][gc,phases      ] GC(9)     Dead                           Min: 0, Avg:  0.0, Max: 0, Diff: 0, Sum: 0, Workers: 4
[18.394s][debug][gc,phases      ] GC(9)     Total                          Min: 0, Avg:  0.0, Max: 0, Diff: 0, Sum: 0, Workers: 4
[18.394s][debug][gc,phases      ] GC(9)   StringTable Weak               Min:  0.1, Avg:  0.3, Max:  0.5, Diff:  0.3, Sum:  1.4, Workers: 4
[18.394s][debug][gc,phases      ] GC(9)     Dead                           Min: 0, Avg:  2.0, Max: 5, Diff: 5, Sum: 8, Workers: 4
[18.394s][debug][gc,phases      ] GC(9)     Total                          Min: 4646, Avg: 9625.5, Max: 16256, Diff: 11610, Sum: 38502, Workers: 4
[18.394s][debug][gc,phases      ] GC(9)   ResolvedMethodTable Weak       Min:  0.0, Avg:  0.1, Max:  0.1, Diff:  0.1, Sum:  0.3, Workers: 4
[18.394s][debug][gc,phases      ] GC(9)     Dead                           Min: 0, Avg: 18.0, Max: 44, Diff: 44, Sum: 72, Workers: 4
[18.394s][debug][gc,phases      ] GC(9)     Total                          Min: 0, Avg: 2066.8, Max: 2955, Diff: 2955, Sum: 8267, Workers: 4
[18.394s][debug][gc,phases      ] GC(9)   JNI Weak                       Min:  0.0, Avg:  0.0, Max:  0.0, Diff:  0.0, Sum:  0.0, Workers: 4
[18.394s][debug][gc,phases      ] GC(9)     Dead                           Min: 0, Avg:  0.0, Max: 0, Diff: 0, Sum: 0, Workers: 4
[18.394s][debug][gc,phases      ] GC(9)     Total                          Min: 0, Avg: 14.8, Max: 59, Diff: 59, Sum: 59, Workers: 4
[18.394s][debug][gc,phases      ] GC(9)   StringDedup Table Weak         Min:  0.0, Avg:  0.0, Max:  0.0, Diff:  0.0, Sum:  0.0, Workers: 4
[18.394s][debug][gc,phases      ] GC(9)     Dead                           Min: 0, Avg:  0.0, Max: 0, Diff: 0, Sum: 0, Workers: 4
[18.394s][debug][gc,phases      ] GC(9)     Total                          Min: 0, Avg:  0.0, Max: 0, Diff: 0, Sum: 0, Workers: 4
[18.394s][debug][gc,phases      ] GC(9)   StringDedup Requests0 Weak     Min:  0.0, Avg:  0.0, Max:  0.0, Diff:  0.0, Sum:  0.0, Workers: 4
[18.394s][debug][gc,phases      ] GC(9)     Dead                           Min: 0, Avg:  0.0, Max: 0, Diff: 0, Sum: 0, Workers: 4
[18.394s][debug][gc,phases      ] GC(9)     Total                          Min: 0, Avg:  0.0, Max: 0, Diff: 0, Sum: 0, Workers: 4
[18.394s][debug][gc,phases      ] GC(9)   StringDedup Requests1 Weak     Min:  0.0, Avg:  0.0, Max:  0.0, Diff:  0.0, Sum:  0.0, Workers: 4
[18.394s][debug][gc,phases      ] GC(9)     Dead                           Min: 0, Avg:  0.0, Max: 0, Diff: 0, Sum: 0, Workers: 4
[18.394s][debug][gc,phases      ] GC(9)     Total                          Min: 0, Avg:  0.0, Max: 0, Diff: 0, Sum: 0, Workers: 4
[18.394s][debug][gc,phases      ] GC(9)   Weak JFR Old Object Samples    Min:  0.0, Avg:  0.0, Max:  0.0, Diff:  0.0, Sum:  0.0, Workers: 4
[18.394s][debug][gc,phases      ] GC(9)     Dead                           Min: 0, Avg:  0.0, Max: 0, Diff: 0, Sum: 0, Workers: 4
[18.394s][debug][gc,phases      ] GC(9)     Total                          Min: 0, Avg:  0.0, Max: 0, Diff: 0, Sum: 0, Workers: 4
[18.394s][debug][gc,phases      ] GC(9) Weak Processing 0.702ms
[18.394s][debug][gc,age         ] GC(9) Desired survivor size 536870912 bytes, new threshold 5 (max threshold 15)
[18.394s][info ][gc,heap        ] GC(9) PSYoungGen: 1555631K(1572864K)->524284K(1572864K) Eden: 1048576K(1048576K)->0K(1048576K) From: 507055K(524288K)->524284K(524288K)
[18.394s][info ][gc,heap        ] GC(9) ParOldGen: 129440K(242176K)->190898K(242176K)
[18.394s][info ][gc,metaspace   ] GC(9) Metaspace: 67755K(68736K)->67755K(68736K) NonClass: 57641K(58240K)->57641K(58240K) Class: 10114K(10496K)->10114K(10496K)
[18.394s][info ][gc             ] GC(9) Pause Young (Allocation Failure) 1645M->698M(1772M) 287.669ms
[18.394s][info ][gc,cpu         ] GC(9) User=0.97s Sys=0.01s Real=0.29s
[18.394s][debug][gc,phases      ] GC(10) Pre Compact 0.009ms
[18.394s][info ][gc,start       ] GC(10) Pause Full (Ergonomics)
[18.394s][info ][gc,phases,start] GC(10) Marking Phase
[18.614s][debug][gc,phases      ] GC(10) Par Mark 219.700ms
[18.614s][debug][gc,ref         ] GC(10) Skipped phase 1 of Reference Processing: no references
[18.614s][debug][gc,ref         ] GC(10) ReferenceProcessor::execute queues: 4, RefProcThreadModel::Multi, marks_oops_alive: false
[18.614s][debug][gc,ref         ] GC(10) Skipped phase 3 of Reference Processing: no references
[18.614s][debug][gc,ref         ] GC(10) ReferenceProcessor::execute queues: 1, RefProcThreadModel::Single, marks_oops_alive: false
[18.615s][debug][gc,phases      ] GC(10) Reference Processing 0.524ms
[18.615s][debug][gc,phases      ] GC(10)   VM Weak                        Min:  0.0, Avg:  0.0, Max:  0.0, Diff:  0.0, Sum:  0.0, Workers: 4
[18.615s][debug][gc,phases      ] GC(10)     Dead                           Min: 0, Avg:  0.0, Max: 0, Diff: 0, Sum: 0, Workers: 4
[18.615s][debug][gc,phases      ] GC(10)     Total                          Min: 0, Avg: 193.8, Max: 384, Diff: 384, Sum: 775, Workers: 4
[18.615s][debug][gc,phases      ] GC(10)   ObjectSynchronizer Weak        Min:  0.0, Avg:  0.0, Max:  0.0, Diff:  0.0, Sum:  0.0, Workers: 4
[18.615s][debug][gc,phases      ] GC(10)     Dead                           Min: 0, Avg:  0.0, Max: 0, Diff: 0, Sum: 0, Workers: 4
[18.615s][debug][gc,phases      ] GC(10)     Total                          Min: 0, Avg:  9.8, Max: 39, Diff: 39, Sum: 39, Workers: 4
[18.615s][debug][gc,phases      ] GC(10)   JVMTI Tag Weak OopStorage      Min:  0.0, Avg:  0.0, Max:  0.0, Diff:  0.0, Sum:  0.0, Workers: 4
[18.615s][debug][gc,phases      ] GC(10)     Dead                           Min: 0, Avg:  0.0, Max: 0, Diff: 0, Sum: 0, Workers: 4
[18.615s][debug][gc,phases      ] GC(10)     Total                          Min: 0, Avg:  0.0, Max: 0, Diff: 0, Sum: 0, Workers: 4
[18.615s][debug][gc,phases      ] GC(10)   StringTable Weak               Min:  0.0, Avg:  0.1, Max:  0.2, Diff:  0.2, Sum:  0.5, Workers: 4
[18.615s][debug][gc,phases      ] GC(10)     Dead                           Min: 0, Avg:  0.0, Max: 0, Diff: 0, Sum: 0, Workers: 4
[18.615s][debug][gc,phases      ] GC(10)     Total                          Min: 0, Avg: 9625.5, Max: 13248, Diff: 13248, Sum: 38502, Workers: 4
[18.615s][debug][gc,phases      ] GC(10)   ResolvedMethodTable Weak       Min:  0.0, Avg:  0.0, Max:  0.0, Diff:  0.0, Sum:  0.1, Workers: 4
[18.615s][debug][gc,phases      ] GC(10)     Dead                           Min: 0, Avg:  0.0, Max: 0, Diff: 0, Sum: 0, Workers: 4
[18.615s][debug][gc,phases      ] GC(10)     Total                          Min: 0, Avg: 2066.8, Max: 3019, Diff: 3019, Sum: 8267, Workers: 4
[18.615s][debug][gc,phases      ] GC(10)   JNI Weak                       Min:  0.0, Avg:  0.0, Max:  0.0, Diff:  0.0, Sum:  0.0, Workers: 4
[18.615s][debug][gc,phases      ] GC(10)     Dead                           Min: 0, Avg:  0.0, Max: 0, Diff: 0, Sum: 0, Workers: 4
[18.615s][debug][gc,phases      ] GC(10)     Total                          Min: 0, Avg: 14.8, Max: 45, Diff: 45, Sum: 59, Workers: 4
[18.615s][debug][gc,phases      ] GC(10)   StringDedup Table Weak         Min:  0.0, Avg:  0.0, Max:  0.0, Diff:  0.0, Sum:  0.0, Workers: 4
[18.615s][debug][gc,phases      ] GC(10)     Dead                           Min: 0, Avg:  0.0, Max: 0, Diff: 0, Sum: 0, Workers: 4
[18.615s][debug][gc,phases      ] GC(10)     Total                          Min: 0, Avg:  0.0, Max: 0, Diff: 0, Sum: 0, Workers: 4
[18.615s][debug][gc,phases      ] GC(10)   StringDedup Requests0 Weak     Min:  0.0, Avg:  0.0, Max:  0.0, Diff:  0.0, Sum:  0.0, Workers: 4
[18.615s][debug][gc,phases      ] GC(10)     Dead                           Min: 0, Avg:  0.0, Max: 0, Diff: 0, Sum: 0, Workers: 4
[18.615s][debug][gc,phases      ] GC(10)     Total                          Min: 0, Avg:  0.0, Max: 0, Diff: 0, Sum: 0, Workers: 4
[18.615s][debug][gc,phases      ] GC(10)   StringDedup Requests1 Weak     Min:  0.0, Avg:  0.0, Max:  0.0, Diff:  0.0, Sum:  0.0, Workers: 4
[18.615s][debug][gc,phases      ] GC(10)     Dead                           Min: 0, Avg:  0.0, Max: 0, Diff: 0, Sum: 0, Workers: 4
[18.615s][debug][gc,phases      ] GC(10)     Total                          Min: 0, Avg:  0.0, Max: 0, Diff: 0, Sum: 0, Workers: 4
[18.615s][debug][gc,phases      ] GC(10)   Weak JFR Old Object Samples    Min:  0.0, Avg:  0.0, Max:  0.0, Diff:  0.0, Sum:  0.0, Workers: 4
[18.615s][debug][gc,phases      ] GC(10)     Dead                           Min: 0, Avg:  0.0, Max: 0, Diff: 0, Sum: 0, Workers: 4
[18.615s][debug][gc,phases      ] GC(10)     Total                          Min: 0, Avg:  0.0, Max: 0, Diff: 0, Sum: 0, Workers: 4
[18.615s][debug][gc,phases      ] GC(10) Weak Processing 0.363ms
[18.615s][debug][gc,phases      ] GC(10) ClassLoaderData 0.090ms
[18.615s][debug][gc,phases      ] GC(10) Trigger cleanups 0.000ms
[18.624s][debug][gc,phases      ] GC(10) Class Unloading 8.796ms
[18.624s][info ][gc,phases      ] GC(10) Marking Phase 229.531ms
[18.624s][info ][gc,phases,start] GC(10) Summary Phase
[18.624s][info ][gc,phases      ] GC(10) Summary Phase 0.020ms
[18.624s][info ][gc,phases,start] GC(10) Adjust Roots
[18.641s][info ][gc,phases      ] GC(10) Adjust Roots 17.044ms
[18.641s][info ][gc,phases,start] GC(10) Compaction Phase
[19.380s][info ][gc,phases      ] GC(10) Compaction Phase 738.722ms
[19.380s][info ][gc,phases,start] GC(10) Post Compact
[19.382s][info ][gc,phases      ] GC(10) Post Compact 2.214ms
[19.382s][info ][gc,heap        ] GC(10) PSYoungGen: 524284K(1572864K)->364197K(1572864K) Eden: 0K(1048576K)->0K(1048576K) From: 524284K(524288K)->364197K(524288K)
[19.382s][info ][gc,heap        ] GC(10) ParOldGen: 190898K(242176K)->241958K(367104K)
[19.382s][info ][gc,metaspace   ] GC(10) Metaspace: 67755K(68736K)->67755K(68736K) NonClass: 57641K(58240K)->57641K(58240K) Class: 10114K(10496K)->10114K(10496K)
[19.382s][info ][gc             ] GC(10) Pause Full (Ergonomics) 698M->591M(1894M) 987.794ms
[19.382s][info ][gc,cpu         ] GC(10) User=3.37s Sys=0.02s Real=0.98s
[19.382s][info ][safepoint      ] Safepoint "ParallelGCFailedAllocation", Time since last: 55173436 ns, Reaching safepoint: 189503 ns, At safepoint: 1275588926 ns, Total: 1275778429 ns
[19.518s][info ][safepoint      ] Safepoint "ICBufferFull", Time since last: 135462509 ns, Reaching safepoint: 218403 ns, At safepoint: 7200 ns, Total: 225603 ns
[19.697s][info ][safepoint      ] Safepoint "ICBufferFull", Time since last: 179013191 ns, Reaching safepoint: 286803 ns, At safepoint: 9001 ns, Total: 295804 ns
[19.862s][info ][safepoint      ] Safepoint "ICBufferFull", Time since last: 165130906 ns, Reaching safepoint: 168502 ns, At safepoint: 8701 ns, Total: 177203 ns
[20.084s][info ][safepoint      ] Safepoint "ICBufferFull", Time since last: 221569960 ns, Reaching safepoint: 162303 ns, At safepoint: 9600 ns, Total: 171903 ns
[20.372s][info ][safepoint      ] Safepoint "ICBufferFull", Time since last: 287797646 ns, Reaching safepoint: 247003 ns, At safepoint: 10500 ns, Total: 257503 ns
[20.583s][info ][safepoint      ] Safepoint "ICBufferFull", Time since last: 210597414 ns, Reaching safepoint: 300204 ns, At safepoint: 8100 ns, Total: 308304 ns
[21.106s][info ][safepoint      ] Safepoint "ICBufferFull", Time since last: 522267384 ns, Reaching safepoint: 273803 ns, At safepoint: 16101 ns, Total: 289904 ns
[21.370s][info ][safepoint      ] Safepoint "ICBufferFull", Time since last: 264556838 ns, Reaching safepoint: 265003 ns, At safepoint: 8300 ns, Total: 273303 ns
[21.698s][info ][safepoint      ] Safepoint "ICBufferFull", Time since last: 327388879 ns, Reaching safepoint: 209203 ns, At safepoint: 12300 ns, Total: 221503 ns
[22.238s][info ][gc,start       ] GC(11) Pause Young (Allocation Failure)
[22.335s][debug][gc,phases      ] GC(11) Scavenge 97.515ms
[22.335s][debug][gc,ref         ] GC(11) Skipped phase 1 of Reference Processing: no references
[22.335s][debug][gc,ref         ] GC(11) ReferenceProcessor::execute queues: 4, RefProcThreadModel::Multi, marks_oops_alive: false
[22.335s][debug][gc,ref         ] GC(11) Skipped phase 3 of Reference Processing: no references
[22.335s][debug][gc,ref         ] GC(11) ReferenceProcessor::execute queues: 1, RefProcThreadModel::Single, marks_oops_alive: false
[22.335s][debug][gc,phases      ] GC(11) Reference Processing 0.302ms
[22.336s][debug][gc,phases      ] GC(11)   VM Weak                        Min:  0.0, Avg:  0.0, Max:  0.0, Diff:  0.0, Sum:  0.0, Workers: 4
[22.336s][debug][gc,phases      ] GC(11)     Dead                           Min: 0, Avg:  0.0, Max: 0, Diff: 0, Sum: 0, Workers: 4
[22.336s][debug][gc,phases      ] GC(11)     Total                          Min: 0, Avg: 201.0, Max: 484, Diff: 484, Sum: 804, Workers: 4
[22.336s][debug][gc,phases      ] GC(11)   ObjectSynchronizer Weak        Min:  0.0, Avg:  0.0, Max:  0.0, Diff:  0.0, Sum:  0.0, Workers: 4
[22.336s][debug][gc,phases      ] GC(11)     Dead                           Min: 0, Avg:  0.0, Max: 0, Diff: 0, Sum: 0, Workers: 4
[22.336s][debug][gc,phases      ] GC(11)     Total                          Min: 0, Avg:  9.8, Max: 39, Diff: 39, Sum: 39, Workers: 4
[22.336s][debug][gc,phases      ] GC(11)   JVMTI Tag Weak OopStorage      Min:  0.0, Avg:  0.0, Max:  0.0, Diff:  0.0, Sum:  0.0, Workers: 4
[22.336s][debug][gc,phases      ] GC(11)     Dead                           Min: 0, Avg:  0.0, Max: 0, Diff: 0, Sum: 0, Workers: 4
[22.336s][debug][gc,phases      ] GC(11)     Total                          Min: 0, Avg:  0.0, Max: 0, Diff: 0, Sum: 0, Workers: 4
[22.336s][debug][gc,phases      ] GC(11)   StringTable Weak               Min:  0.0, Avg:  0.2, Max:  0.3, Diff:  0.3, Sum:  0.8, Workers: 4
[22.336s][debug][gc,phases      ] GC(11)     Dead                           Min: 0, Avg:  1.2, Max: 5, Diff: 5, Sum: 5, Workers: 4
[22.336s][debug][gc,phases      ] GC(11)     Total                          Min: 0, Avg: 9785.0, Max: 13376, Diff: 13376, Sum: 39140, Workers: 4
[22.336s][debug][gc,phases      ] GC(11)   ResolvedMethodTable Weak       Min:  0.0, Avg:  0.1, Max:  0.1, Diff:  0.1, Sum:  0.3, Workers: 4
[22.336s][debug][gc,phases      ] GC(11)     Dead                           Min: 0, Avg: 23.0, Max: 86, Diff: 86, Sum: 92, Workers: 4
[22.336s][debug][gc,phases      ] GC(11)     Total                          Min: 0, Avg: 2149.2, Max: 3008, Diff: 3008, Sum: 8597, Workers: 4
[22.336s][debug][gc,phases      ] GC(11)   JNI Weak                       Min:  0.0, Avg:  0.0, Max:  0.0, Diff:  0.0, Sum:  0.0, Workers: 4
[22.336s][debug][gc,phases      ] GC(11)     Dead                           Min: 0, Avg:  0.0, Max: 0, Diff: 0, Sum: 0, Workers: 4
[22.336s][debug][gc,phases      ] GC(11)     Total                          Min: 0, Avg: 27.2, Max: 58, Diff: 58, Sum: 109, Workers: 4
[22.336s][debug][gc,phases      ] GC(11)   StringDedup Table Weak         Min:  0.0, Avg:  0.0, Max:  0.0, Diff:  0.0, Sum:  0.0, Workers: 4
[22.336s][debug][gc,phases      ] GC(11)     Dead                           Min: 0, Avg:  0.0, Max: 0, Diff: 0, Sum: 0, Workers: 4
[22.336s][debug][gc,phases      ] GC(11)     Total                          Min: 0, Avg:  0.0, Max: 0, Diff: 0, Sum: 0, Workers: 4
[22.336s][debug][gc,phases      ] GC(11)   StringDedup Requests0 Weak     Min:  0.0, Avg:  0.0, Max:  0.0, Diff:  0.0, Sum:  0.0, Workers: 4
[22.336s][debug][gc,phases      ] GC(11)     Dead                           Min: 0, Avg:  0.0, Max: 0, Diff: 0, Sum: 0, Workers: 4
[22.336s][debug][gc,phases      ] GC(11)     Total                          Min: 0, Avg:  0.0, Max: 0, Diff: 0, Sum: 0, Workers: 4
[22.336s][debug][gc,phases      ] GC(11)   StringDedup Requests1 Weak     Min:  0.0, Avg:  0.0, Max:  0.0, Diff:  0.0, Sum:  0.0, Workers: 4
[22.336s][debug][gc,phases      ] GC(11)     Dead                           Min: 0, Avg:  0.0, Max: 0, Diff: 0, Sum: 0, Workers: 4
[22.336s][debug][gc,phases      ] GC(11)     Total                          Min: 0, Avg:  0.0, Max: 0, Diff: 0, Sum: 0, Workers: 4
[22.336s][debug][gc,phases      ] GC(11)   Weak JFR Old Object Samples    Min:  0.0, Avg:  0.0, Max:  0.0, Diff:  0.0, Sum:  0.0, Workers: 4
[22.336s][debug][gc,phases      ] GC(11)     Dead                           Min: 0, Avg:  0.0, Max: 0, Diff: 0, Sum: 0, Workers: 4
[22.336s][debug][gc,phases      ] GC(11)     Total                          Min: 0, Avg:  0.0, Max: 0, Diff: 0, Sum: 0, Workers: 4
[22.336s][debug][gc,phases      ] GC(11) Weak Processing 0.516ms
[22.336s][debug][gc,age         ] GC(11) Desired survivor size 536870912 bytes, new threshold 4 (max threshold 15)
[22.336s][info ][gc,heap        ] GC(11) PSYoungGen: 1412773K(1572864K)->160706K(1572864K) Eden: 1048576K(1048576K)->0K(1048576K) From: 364197K(524288K)->160706K(524288K)
[22.336s][info ][gc,heap        ] GC(11) ParOldGen: 241958K(367104K)->266958K(367104K)
[22.336s][info ][gc,metaspace   ] GC(11) Metaspace: 71276K(72256K)->71276K(72256K) NonClass: 60694K(61248K)->60694K(61248K) Class: 10581K(11008K)->10581K(11008K)
[22.336s][info ][gc             ] GC(11) Pause Young (Allocation Failure) 1615M->417M(1894M) 98.438ms
[22.336s][info ][gc,cpu         ] GC(11) User=0.30s Sys=0.02s Real=0.10s
[22.336s][info ][safepoint      ] Safepoint "ParallelGCFailedAllocation", Time since last: 539369319 ns, Reaching safepoint: 125301 ns, At safepoint: 98507419 ns, Total: 98632720 ns
[22.832s][info ][safepoint      ] Safepoint "ICBufferFull", Time since last: 495598934 ns, Reaching safepoint: 195903 ns, At safepoint: 3600 ns, Total: 199503 ns
[23.285s][info ][safepoint      ] Safepoint "ICBufferFull", Time since last: 452450260 ns, Reaching safepoint: 753710 ns, At safepoint: 18300 ns, Total: 772010 ns
[23.985s][info ][safepoint      ] Safepoint "ICBufferFull", Time since last: 699779776 ns, Reaching safepoint: 185403 ns, At safepoint: 13300 ns, Total: 198703 ns
[24.537s][info ][safepoint      ] Safepoint "ICBufferFull", Time since last: 551670895 ns, Reaching safepoint: 202803 ns, At safepoint: 14300 ns, Total: 217103 ns
[25.115s][info ][safepoint      ] Safepoint "ICBufferFull", Time since last: 578311456 ns, Reaching safepoint: 179103 ns, At safepoint: 8600 ns, Total: 187703 ns
[26.116s][info ][safepoint      ] Safepoint "Cleanup", Time since last: 1000119021 ns, Reaching safepoint: 264103 ns, At safepoint: 11600 ns, Total: 275703 ns
[27.116s][info ][safepoint      ] Safepoint "Cleanup", Time since last: 1000110831 ns, Reaching safepoint: 218503 ns, At safepoint: 6400 ns, Total: 224903 ns
[28.165s][info ][safepoint      ] Safepoint "ICBufferFull", Time since last: 1049057400 ns, Reaching safepoint: 183602 ns, At safepoint: 4600 ns, Total: 188202 ns
[29.166s][info ][safepoint      ] Safepoint "Cleanup", Time since last: 1000102352 ns, Reaching safepoint: 158102 ns, At safepoint: 11100 ns, Total: 169202 ns
[30.166s][info ][safepoint      ] Safepoint "Cleanup", Time since last: 1000111462 ns, Reaching safepoint: 143102 ns, At safepoint: 6700 ns, Total: 149802 ns
[31.166s][info ][safepoint      ] Safepoint "Cleanup", Time since last: 1000113273 ns, Reaching safepoint: 140402 ns, At safepoint: 9500 ns, Total: 149902 ns
[32.166s][info ][safepoint      ] Safepoint "Cleanup", Time since last: 1000107382 ns, Reaching safepoint: 142102 ns, At safepoint: 5400 ns, Total: 147502 ns
[33.167s][info ][safepoint      ] Safepoint "Cleanup", Time since last: 1000103393 ns, Reaching safepoint: 184302 ns, At safepoint: 7100 ns, Total: 191402 ns
[34.167s][info ][safepoint      ] Safepoint "Cleanup", Time since last: 1000106203 ns, Reaching safepoint: 163202 ns, At safepoint: 6300 ns, Total: 169502 ns
[35.468s][info ][safepoint      ] Safepoint "Cleanup", Time since last: 1300969480 ns, Reaching safepoint: 191103 ns, At safepoint: 7500 ns, Total: 198603 ns
[36.468s][info ][safepoint      ] Safepoint "Cleanup", Time since last: 1000103126 ns, Reaching safepoint: 121901 ns, At safepoint: 6300 ns, Total: 128201 ns
[37.469s][info ][safepoint      ] Safepoint "Cleanup", Time since last: 1000099636 ns, Reaching safepoint: 219803 ns, At safepoint: 14700 ns, Total: 234503 ns
[38.520s][info ][safepoint      ] Safepoint "Cleanup", Time since last: 1050722532 ns, Reaching safepoint: 154402 ns, At safepoint: 10701 ns, Total: 165103 ns
[39.520s][info ][safepoint      ] Safepoint "Cleanup", Time since last: 1000122456 ns, Reaching safepoint: 144802 ns, At safepoint: 8300 ns, Total: 153102 ns
[40.520s][info ][safepoint      ] Safepoint "Cleanup", Time since last: 1000112967 ns, Reaching safepoint: 131402 ns, At safepoint: 8700 ns, Total: 140102 ns
[41.520s][info ][safepoint      ] Safepoint "Cleanup", Time since last: 1000113377 ns, Reaching safepoint: 126002 ns, At safepoint: 5400 ns, Total: 131402 ns
[42.521s][info ][safepoint      ] Safepoint "Cleanup", Time since last: 1000113586 ns, Reaching safepoint: 134702 ns, At safepoint: 9300 ns, Total: 144002 ns
[43.521s][info ][safepoint      ] Safepoint "Cleanup", Time since last: 1000106397 ns, Reaching safepoint: 39501 ns, At safepoint: 2900 ns, Total: 42401 ns
[44.521s][info ][safepoint      ] Safepoint "Cleanup", Time since last: 1000106906 ns, Reaching safepoint: 51401 ns, At safepoint: 5200 ns, Total: 56601 ns
[45.521s][info ][safepoint      ] Safepoint "Cleanup", Time since last: 1000058116 ns, Reaching safepoint: 45300 ns, At safepoint: 4200 ns, Total: 49500 ns
[46.521s][info ][safepoint      ] Safepoint "Cleanup", Time since last: 1000111527 ns, Reaching safepoint: 51700 ns, At safepoint: 4000 ns, Total: 55700 ns
[47.521s][info ][safepoint      ] Safepoint "Cleanup", Time since last: 1000089836 ns, Reaching safepoint: 70601 ns, At safepoint: 3200 ns, Total: 73801 ns
[48.522s][info ][safepoint      ] Safepoint "Cleanup", Time since last: 1000112047 ns, Reaching safepoint: 120601 ns, At safepoint: 7100 ns, Total: 127701 ns
[49.522s][info ][safepoint      ] Safepoint "Cleanup", Time since last: 1000106356 ns, Reaching safepoint: 57401 ns, At safepoint: 2900 ns, Total: 60301 ns
[50.522s][info ][safepoint      ] Safepoint "Cleanup", Time since last: 1000093765 ns, Reaching safepoint: 53701 ns, At safepoint: 2700 ns, Total: 56401 ns
[51.522s][info ][safepoint      ] Safepoint "Cleanup", Time since last: 1000102376 ns, Reaching safepoint: 42100 ns, At safepoint: 3800 ns, Total: 45900 ns
[52.522s][info ][safepoint      ] Safepoint "Cleanup", Time since last: 1000103886 ns, Reaching safepoint: 44300 ns, At safepoint: 3600 ns, Total: 47900 ns
[53.522s][info ][safepoint      ] Safepoint "Cleanup", Time since last: 1000098695 ns, Reaching safepoint: 110402 ns, At safepoint: 3300 ns, Total: 113702 ns
[54.470s][info ][gc,start       ] GC(12) Pause Young (Allocation Failure)
[54.531s][debug][gc,phases      ] GC(12) Scavenge 61.165ms
[54.531s][debug][gc,ref         ] GC(12) Skipped phase 1 of Reference Processing: no references
[54.531s][debug][gc,ref         ] GC(12) ReferenceProcessor::execute queues: 2, RefProcThreadModel::Multi, marks_oops_alive: false
[54.531s][debug][gc,ref         ] GC(12) Skipped phase 3 of Reference Processing: no references
[54.531s][debug][gc,ref         ] GC(12) ReferenceProcessor::execute queues: 1, RefProcThreadModel::Single, marks_oops_alive: false
[54.531s][debug][gc,phases      ] GC(12) Reference Processing 0.214ms
[54.532s][debug][gc,phases      ] GC(12)   VM Weak                        Min:  0.0, Avg:  0.0, Max:  0.0, Diff:  0.0, Sum:  0.0, Workers: 4
[54.532s][debug][gc,phases      ] GC(12)     Dead                           Min: 0, Avg:  0.0, Max: 0, Diff: 0, Sum: 0, Workers: 4
[54.532s][debug][gc,phases      ] GC(12)     Total                          Min: 0, Avg: 203.0, Max: 556, Diff: 556, Sum: 812, Workers: 4
[54.532s][debug][gc,phases      ] GC(12)   ObjectSynchronizer Weak        Min:  0.0, Avg:  0.0, Max:  0.0, Diff:  0.0, Sum:  0.0, Workers: 4
[54.532s][debug][gc,phases      ] GC(12)     Dead                           Min: 0, Avg:  0.0, Max: 0, Diff: 0, Sum: 0, Workers: 4
[54.532s][debug][gc,phases      ] GC(12)     Total                          Min: 0, Avg:  9.8, Max: 39, Diff: 39, Sum: 39, Workers: 4
[54.532s][debug][gc,phases      ] GC(12)   JVMTI Tag Weak OopStorage      Min:  0.0, Avg:  0.0, Max:  0.0, Diff:  0.0, Sum:  0.0, Workers: 4
[54.532s][debug][gc,phases      ] GC(12)     Dead                           Min: 0, Avg:  0.0, Max: 0, Diff: 0, Sum: 0, Workers: 4
[54.532s][debug][gc,phases      ] GC(12)     Total                          Min: 0, Avg:  0.0, Max: 0, Diff: 0, Sum: 0, Workers: 4
[54.532s][debug][gc,phases      ] GC(12)   StringTable Weak               Min:  0.0, Avg:  0.1, Max:  0.3, Diff:  0.3, Sum:  0.5, Workers: 4
[54.532s][debug][gc,phases      ] GC(12)     Dead                           Min: 0, Avg:  0.5, Max: 1, Diff: 1, Sum: 2, Workers: 4
[54.532s][debug][gc,phases      ] GC(12)     Total                          Min: 0, Avg: 9871.2, Max: 19776, Diff: 19776, Sum: 39485, Workers: 4
[54.532s][debug][gc,phases      ] GC(12)   ResolvedMethodTable Weak       Min:  0.0, Avg:  0.1, Max:  0.1, Diff:  0.1, Sum:  0.2, Workers: 4
[54.532s][debug][gc,phases      ] GC(12)     Dead                           Min: 0, Avg:  0.0, Max: 0, Diff: 0, Sum: 0, Workers: 4
[54.532s][debug][gc,phases      ] GC(12)     Total                          Min: 0, Avg: 2169.5, Max: 4390, Diff: 4390, Sum: 8678, Workers: 4
[54.532s][debug][gc,phases      ] GC(12)   JNI Weak                       Min:  0.0, Avg:  0.0, Max:  0.0, Diff:  0.0, Sum:  0.0, Workers: 4
[54.532s][debug][gc,phases      ] GC(12)     Dead                           Min: 0, Avg:  0.0, Max: 0, Diff: 0, Sum: 0, Workers: 4
[54.532s][debug][gc,phases      ] GC(12)     Total                          Min: 0, Avg: 11.2, Max: 45, Diff: 45, Sum: 45, Workers: 4
[54.532s][debug][gc,phases      ] GC(12)   StringDedup Table Weak         Min:  0.0, Avg:  0.0, Max:  0.0, Diff:  0.0, Sum:  0.0, Workers: 4
[54.532s][debug][gc,phases      ] GC(12)     Dead                           Min: 0, Avg:  0.0, Max: 0, Diff: 0, Sum: 0, Workers: 4
[54.532s][debug][gc,phases      ] GC(12)     Total                          Min: 0, Avg:  0.0, Max: 0, Diff: 0, Sum: 0, Workers: 4
[54.532s][debug][gc,phases      ] GC(12)   StringDedup Requests0 Weak     Min:  0.0, Avg:  0.0, Max:  0.0, Diff:  0.0, Sum:  0.0, Workers: 4
[54.532s][debug][gc,phases      ] GC(12)     Dead                           Min: 0, Avg:  0.0, Max: 0, Diff: 0, Sum: 0, Workers: 4
[54.532s][debug][gc,phases      ] GC(12)     Total                          Min: 0, Avg:  0.0, Max: 0, Diff: 0, Sum: 0, Workers: 4
[54.532s][debug][gc,phases      ] GC(12)   StringDedup Requests1 Weak     Min:  0.0, Avg:  0.0, Max:  0.0, Diff:  0.0, Sum:  0.0, Workers: 4
[54.532s][debug][gc,phases      ] GC(12)     Dead                           Min: 0, Avg:  0.0, Max: 0, Diff: 0, Sum: 0, Workers: 4
[54.532s][debug][gc,phases      ] GC(12)     Total                          Min: 0, Avg:  0.0, Max: 0, Diff: 0, Sum: 0, Workers: 4
[54.532s][debug][gc,phases      ] GC(12)   Weak JFR Old Object Samples    Min:  0.0, Avg:  0.0, Max:  0.0, Diff:  0.0, Sum:  0.0, Workers: 4
[54.532s][debug][gc,phases      ] GC(12)     Dead                           Min: 0, Avg:  0.0, Max: 0, Diff: 0, Sum: 0, Workers: 4
[54.532s][debug][gc,phases      ] GC(12)     Total                          Min: 0, Avg:  0.0, Max: 0, Diff: 0, Sum: 0, Workers: 4
[54.532s][debug][gc,phases      ] GC(12) Weak Processing 0.513ms
[54.532s][debug][gc,age         ] GC(12) Desired survivor size 536870912 bytes, new threshold 3 (max threshold 15)
[54.532s][info ][gc,heap        ] GC(12) PSYoungGen: 1209282K(1572864K)->124857K(1572864K) Eden: 1048576K(1048576K)->0K(1048576K) From: 160706K(524288K)->124857K(524288K)
[54.532s][info ][gc,heap        ] GC(12) ParOldGen: 266958K(367104K)->307682K(367104K)
[54.532s][info ][gc,metaspace   ] GC(12) Metaspace: 72470K(73472K)->72470K(73472K) NonClass: 61828K(62400K)->61828K(62400K) Class: 10641K(11072K)->10641K(11072K)
[54.532s][info ][gc             ] GC(12) Pause Young (Allocation Failure) 1441M->422M(1894M) 62.005ms
[54.532s][info ][gc,cpu         ] GC(12) User=0.19s Sys=0.02s Real=0.06s
[54.532s][debug][gc,phases      ] GC(13) Pre Compact 0.008ms
[54.532s][info ][gc,start       ] GC(13) Pause Full (Ergonomics)
[54.532s][info ][gc,phases,start] GC(13) Marking Phase
[54.642s][debug][gc,phases      ] GC(13) Par Mark 110.423ms
[54.642s][debug][gc,ref         ] GC(13) Skipped phase 1 of Reference Processing: no references
[54.642s][debug][gc,ref         ] GC(13) ReferenceProcessor::execute queues: 4, RefProcThreadModel::Multi, marks_oops_alive: false
[54.643s][debug][gc,ref         ] GC(13) Skipped phase 3 of Reference Processing: no references
[54.643s][debug][gc,ref         ] GC(13) ReferenceProcessor::execute queues: 1, RefProcThreadModel::Single, marks_oops_alive: false
[54.643s][debug][gc,phases      ] GC(13) Reference Processing 0.363ms
[54.643s][debug][gc,phases      ] GC(13)   VM Weak                        Min:  0.0, Avg:  0.0, Max:  0.0, Diff:  0.0, Sum:  0.0, Workers: 4
[54.643s][debug][gc,phases      ] GC(13)     Dead                           Min: 0, Avg:  0.0, Max: 0, Diff: 0, Sum: 0, Workers: 4
[54.643s][debug][gc,phases      ] GC(13)     Total                          Min: 0, Avg: 203.0, Max: 512, Diff: 512, Sum: 812, Workers: 4
[54.643s][debug][gc,phases      ] GC(13)   ObjectSynchronizer Weak        Min:  0.0, Avg:  0.0, Max:  0.0, Diff:  0.0, Sum:  0.0, Workers: 4
[54.643s][debug][gc,phases      ] GC(13)     Dead                           Min: 0, Avg:  0.0, Max: 0, Diff: 0, Sum: 0, Workers: 4
[54.643s][debug][gc,phases      ] GC(13)     Total                          Min: 0, Avg:  9.8, Max: 39, Diff: 39, Sum: 39, Workers: 4
[54.643s][debug][gc,phases      ] GC(13)   JVMTI Tag Weak OopStorage      Min:  0.0, Avg:  0.0, Max:  0.0, Diff:  0.0, Sum:  0.0, Workers: 4
[54.643s][debug][gc,phases      ] GC(13)     Dead                           Min: 0, Avg:  0.0, Max: 0, Diff: 0, Sum: 0, Workers: 4
[54.643s][debug][gc,phases      ] GC(13)     Total                          Min: 0, Avg:  0.0, Max: 0, Diff: 0, Sum: 0, Workers: 4
[54.643s][debug][gc,phases      ] GC(13)   StringTable Weak               Min:  0.0, Avg:  0.1, Max:  0.2, Diff:  0.2, Sum:  0.5, Workers: 4
[54.643s][debug][gc,phases      ] GC(13)     Dead                           Min: 0, Avg:  0.0, Max: 0, Diff: 0, Sum: 0, Workers: 4
[54.643s][debug][gc,phases      ] GC(13)     Total                          Min: 0, Avg: 9871.2, Max: 13437, Diff: 13437, Sum: 39485, Workers: 4
[54.643s][debug][gc,phases      ] GC(13)   ResolvedMethodTable Weak       Min:  0.0, Avg:  0.0, Max:  0.0, Diff:  0.0, Sum:  0.1, Workers: 4
[54.643s][debug][gc,phases      ] GC(13)     Dead                           Min: 0, Avg:  0.0, Max: 0, Diff: 0, Sum: 0, Workers: 4
[54.643s][debug][gc,phases      ] GC(13)     Total                          Min: 0, Avg: 2169.5, Max: 3238, Diff: 3238, Sum: 8678, Workers: 4
[54.643s][debug][gc,phases      ] GC(13)   JNI Weak                       Min:  0.0, Avg:  0.0, Max:  0.0, Diff:  0.0, Sum:  0.0, Workers: 4
[54.643s][debug][gc,phases      ] GC(13)     Dead                           Min: 0, Avg:  0.0, Max: 0, Diff: 0, Sum: 0, Workers: 4
[54.643s][debug][gc,phases      ] GC(13)     Total                          Min: 0, Avg: 11.2, Max: 45, Diff: 45, Sum: 45, Workers: 4
[54.643s][debug][gc,phases      ] GC(13)   StringDedup Table Weak         Min:  0.0, Avg:  0.0, Max:  0.0, Diff:  0.0, Sum:  0.0, Workers: 4
[54.643s][debug][gc,phases      ] GC(13)     Dead                           Min: 0, Avg:  0.0, Max: 0, Diff: 0, Sum: 0, Workers: 4
[54.643s][debug][gc,phases      ] GC(13)     Total                          Min: 0, Avg:  0.0, Max: 0, Diff: 0, Sum: 0, Workers: 4
[54.643s][debug][gc,phases      ] GC(13)   StringDedup Requests0 Weak     Min:  0.0, Avg:  0.0, Max:  0.0, Diff:  0.0, Sum:  0.0, Workers: 4
[54.643s][debug][gc,phases      ] GC(13)     Dead                           Min: 0, Avg:  0.0, Max: 0, Diff: 0, Sum: 0, Workers: 4
[54.643s][debug][gc,phases      ] GC(13)     Total                          Min: 0, Avg:  0.0, Max: 0, Diff: 0, Sum: 0, Workers: 4
[54.643s][debug][gc,phases      ] GC(13)   StringDedup Requests1 Weak     Min:  0.0, Avg:  0.0, Max:  0.0, Diff:  0.0, Sum:  0.0, Workers: 4
[54.643s][debug][gc,phases      ] GC(13)     Dead                           Min: 0, Avg:  0.0, Max: 0, Diff: 0, Sum: 0, Workers: 4
[54.643s][debug][gc,phases      ] GC(13)     Total                          Min: 0, Avg:  0.0, Max: 0, Diff: 0, Sum: 0, Workers: 4
[54.643s][debug][gc,phases      ] GC(13)   Weak JFR Old Object Samples    Min:  0.0, Avg:  0.0, Max:  0.0, Diff:  0.0, Sum:  0.0, Workers: 4
[54.643s][debug][gc,phases      ] GC(13)     Dead                           Min: 0, Avg:  0.0, Max: 0, Diff: 0, Sum: 0, Workers: 4
[54.643s][debug][gc,phases      ] GC(13)     Total                          Min: 0, Avg:  0.0, Max: 0, Diff: 0, Sum: 0, Workers: 4
[54.643s][debug][gc,phases      ] GC(13) Weak Processing 0.389ms
[54.643s][debug][gc,phases      ] GC(13) ClassLoaderData 0.104ms
[54.643s][debug][gc,phases      ] GC(13) Trigger cleanups 0.000ms
[54.656s][debug][gc,phases      ] GC(13) Class Unloading 13.165ms
[54.656s][info ][gc,phases      ] GC(13) Marking Phase 124.505ms
[54.656s][info ][gc,phases,start] GC(13) Summary Phase
[54.656s][info ][gc,phases      ] GC(13) Summary Phase 0.023ms
[54.656s][info ][gc,phases,start] GC(13) Adjust Roots
[54.670s][info ][gc,phases      ] GC(13) Adjust Roots 14.144ms
[54.671s][info ][gc,phases,start] GC(13) Compaction Phase
[54.907s][info ][gc,phases      ] GC(13) Compaction Phase 236.588ms
[54.907s][info ][gc,phases,start] GC(13) Post Compact
[54.909s][info ][gc,phases      ] GC(13) Post Compact 1.510ms
[54.909s][info ][gc,heap        ] GC(13) PSYoungGen: 124857K(1572864K)->0K(1572864K) Eden: 0K(1048576K)->0K(1048576K) From: 124857K(524288K)->0K(524288K)
[54.909s][info ][gc,heap        ] GC(13) ParOldGen: 307682K(367104K)->340021K(462848K)
[54.909s][info ][gc,metaspace   ] GC(13) Metaspace: 72470K(73472K)->72470K(73472K) NonClass: 61828K(62400K)->61828K(62400K) Class: 10641K(11072K)->10641K(11072K)
[54.909s][info ][gc             ] GC(13) Pause Full (Ergonomics) 422M->332M(1988M) 377.029ms
[54.909s][info ][gc,cpu         ] GC(13) User=1.19s Sys=0.01s Real=0.38s
[54.909s][info ][safepoint      ] Safepoint "ParallelGCFailedAllocation", Time since last: 947200479 ns, Reaching safepoint: 50101 ns, At safepoint: 439151921 ns, Total: 439202022 ns
[55.909s][info ][safepoint      ] Safepoint "Cleanup", Time since last: 1000087418 ns, Reaching safepoint: 44700 ns, At safepoint: 2900 ns, Total: 47600 ns
[56.909s][info ][safepoint      ] Safepoint "Cleanup", Time since last: 1000101928 ns, Reaching safepoint: 57501 ns, At safepoint: 4600 ns, Total: 62101 ns
[57.909s][info ][safepoint      ] Safepoint "Cleanup", Time since last: 1000121138 ns, Reaching safepoint: 43501 ns, At safepoint: 4900 ns, Total: 48401 ns
[58.909s][info ][safepoint      ] Safepoint "Cleanup", Time since last: 1000102647 ns, Reaching safepoint: 32900 ns, At safepoint: 3700 ns, Total: 36600 ns
[59.910s][info ][safepoint      ] Safepoint "Cleanup", Time since last: 1000102957 ns, Reaching safepoint: 48001 ns, At safepoint: 10900 ns, Total: 58901 ns
[60.910s][info ][safepoint      ] Safepoint "Cleanup", Time since last: 1000100466 ns, Reaching safepoint: 44801 ns, At safepoint: 2800 ns, Total: 47601 ns
[61.910s][info ][safepoint      ] Safepoint "Cleanup", Time since last: 1000054975 ns, Reaching safepoint: 65201 ns, At safepoint: 3300 ns, Total: 68501 ns
[62.910s][info ][safepoint      ] Safepoint "Cleanup", Time since last: 1000104186 ns, Reaching safepoint: 43901 ns, At safepoint: 15400 ns, Total: 59301 ns
[63.910s][info ][safepoint      ] Safepoint "Cleanup", Time since last: 1000077395 ns, Reaching safepoint: 32400 ns, At safepoint: 3200 ns, Total: 35600 ns
[64.910s][info ][safepoint      ] Safepoint "Cleanup", Time since last: 1000102105 ns, Reaching safepoint: 60701 ns, At safepoint: 6700 ns, Total: 67401 ns
[65.911s][info ][safepoint      ] Safepoint "Cleanup", Time since last: 1000114514 ns, Reaching safepoint: 49701 ns, At safepoint: 3100 ns, Total: 52801 ns
[66.911s][info ][safepoint      ] Safepoint "Cleanup", Time since last: 1000079523 ns, Reaching safepoint: 72501 ns, At safepoint: 3201 ns, Total: 75702 ns
[67.911s][info ][safepoint      ] Safepoint "Cleanup", Time since last: 1000104933 ns, Reaching safepoint: 54601 ns, At safepoint: 3600 ns, Total: 58201 ns
[68.911s][info ][safepoint      ] Safepoint "Cleanup", Time since last: 1000110242 ns, Reaching safepoint: 45401 ns, At safepoint: 3800 ns, Total: 49201 ns
[69.911s][info ][safepoint      ] Safepoint "Cleanup", Time since last: 1000113952 ns, Reaching safepoint: 65201 ns, At safepoint: 3500 ns, Total: 68701 ns
[71.720s][info ][safepoint      ] Safepoint "Cleanup", Time since last: 1808639775 ns, Reaching safepoint: 148502 ns, At safepoint: 3700 ns, Total: 152202 ns
[72.579s][info ][safepoint      ] Safepoint "ICBufferFull", Time since last: 859047220 ns, Reaching safepoint: 194803 ns, At safepoint: 3000 ns, Total: 197803 ns
[72.668s][info ][safepoint      ] Safepoint "ICBufferFull", Time since last: 88586130 ns, Reaching safepoint: 185402 ns, At safepoint: 8500 ns, Total: 193902 ns
[72.808s][info ][safepoint      ] Safepoint "ICBufferFull", Time since last: 140076845 ns, Reaching safepoint: 270804 ns, At safepoint: 7100 ns, Total: 277904 ns
[72.918s][info ][safepoint      ] Safepoint "ICBufferFull", Time since last: 109150316 ns, Reaching safepoint: 300204 ns, At safepoint: 10300 ns, Total: 310504 ns
[73.021s][info ][safepoint      ] Safepoint "ICBufferFull", Time since last: 102365622 ns, Reaching safepoint: 800111 ns, At safepoint: 14200 ns, Total: 814311 ns
[73.217s][info ][safepoint      ] Safepoint "ICBufferFull", Time since last: 195429614 ns, Reaching safepoint: 245703 ns, At safepoint: 10000 ns, Total: 255703 ns
[73.501s][info ][safepoint      ] Safepoint "ICBufferFull", Time since last: 284444350 ns, Reaching safepoint: 240903 ns, At safepoint: 14801 ns, Total: 255704 ns
[73.995s][info ][safepoint      ] Safepoint "ICBufferFull", Time since last: 493210451 ns, Reaching safepoint: 264104 ns, At safepoint: 13000 ns, Total: 277104 ns
[74.575s][info ][gc,start       ] GC(14) Pause Young (Allocation Failure)
[74.593s][debug][gc,phases      ] GC(14) Scavenge 18.266ms
[74.593s][debug][gc,ref         ] GC(14) Skipped phase 1 of Reference Processing: no references
[74.593s][debug][gc,ref         ] GC(14) ReferenceProcessor::execute queues: 1, RefProcThreadModel::Single, marks_oops_alive: false
[74.593s][debug][gc,ref         ] GC(14) Skipped phase 3 of Reference Processing: no references
[74.593s][debug][gc,ref         ] GC(14) ReferenceProcessor::execute queues: 1, RefProcThreadModel::Single, marks_oops_alive: false
[74.593s][debug][gc,phases      ] GC(14) Reference Processing 0.162ms
[74.593s][debug][gc,phases      ] GC(14)   VM Weak                        Min:  0.0, Avg:  0.0, Max:  0.0, Diff:  0.0, Sum:  0.0, Workers: 4
[74.593s][debug][gc,phases      ] GC(14)     Dead                           Min: 0, Avg:  0.0, Max: 0, Diff: 0, Sum: 0, Workers: 4
[74.593s][debug][gc,phases      ] GC(14)     Total                          Min: 0, Avg: 210.2, Max: 585, Diff: 585, Sum: 841, Workers: 4
[74.593s][debug][gc,phases      ] GC(14)   ObjectSynchronizer Weak        Min:  0.0, Avg:  0.0, Max:  0.0, Diff:  0.0, Sum:  0.0, Workers: 4
[74.593s][debug][gc,phases      ] GC(14)     Dead                           Min: 0, Avg:  0.2, Max: 1, Diff: 1, Sum: 1, Workers: 4
[74.593s][debug][gc,phases      ] GC(14)     Total                          Min: 0, Avg: 10.2, Max: 41, Diff: 41, Sum: 41, Workers: 4
[74.593s][debug][gc,phases      ] GC(14)   JVMTI Tag Weak OopStorage      Min:  0.0, Avg:  0.0, Max:  0.0, Diff:  0.0, Sum:  0.0, Workers: 4
[74.593s][debug][gc,phases      ] GC(14)     Dead                           Min: 0, Avg:  0.0, Max: 0, Diff: 0, Sum: 0, Workers: 4
[74.593s][debug][gc,phases      ] GC(14)     Total                          Min: 0, Avg:  0.0, Max: 0, Diff: 0, Sum: 0, Workers: 4
[74.593s][debug][gc,phases      ] GC(14)   StringTable Weak               Min:  0.0, Avg:  0.1, Max:  0.2, Diff:  0.2, Sum:  0.5, Workers: 4
[74.593s][debug][gc,phases      ] GC(14)     Dead                           Min: 0, Avg:  2.2, Max: 4, Diff: 4, Sum: 9, Workers: 4
[74.593s][debug][gc,phases      ] GC(14)     Total                          Min: 0, Avg: 10570.2, Max: 17728, Diff: 17728, Sum: 42281, Workers: 4
[74.593s][debug][gc,phases      ] GC(14)   ResolvedMethodTable Weak       Min:  0.0, Avg:  0.0, Max:  0.0, Diff:  0.0, Sum:  0.1, Workers: 4
[74.593s][debug][gc,phases      ] GC(14)     Dead                           Min: 0, Avg: 19.2, Max: 48, Diff: 48, Sum: 77, Workers: 4
[74.593s][debug][gc,phases      ] GC(14)     Total                          Min: 0, Avg: 2264.5, Max: 3172, Diff: 3172, Sum: 9058, Workers: 4
[74.593s][debug][gc,phases      ] GC(14)   JNI Weak                       Min:  0.0, Avg:  0.0, Max:  0.0, Diff:  0.0, Sum:  0.0, Workers: 4
[74.593s][debug][gc,phases      ] GC(14)     Dead                           Min: 0, Avg:  0.0, Max: 0, Diff: 0, Sum: 0, Workers: 4
[74.593s][debug][gc,phases      ] GC(14)     Total                          Min: 0, Avg: 42.5, Max: 60, Diff: 60, Sum: 170, Workers: 4
[74.593s][debug][gc,phases      ] GC(14)   StringDedup Table Weak         Min:  0.0, Avg:  0.0, Max:  0.0, Diff:  0.0, Sum:  0.0, Workers: 4
[74.593s][debug][gc,phases      ] GC(14)     Dead                           Min: 0, Avg:  0.0, Max: 0, Diff: 0, Sum: 0, Workers: 4
[74.593s][debug][gc,phases      ] GC(14)     Total                          Min: 0, Avg:  0.0, Max: 0, Diff: 0, Sum: 0, Workers: 4
[74.593s][debug][gc,phases      ] GC(14)   StringDedup Requests0 Weak     Min:  0.0, Avg:  0.0, Max:  0.0, Diff:  0.0, Sum:  0.0, Workers: 4
[74.593s][debug][gc,phases      ] GC(14)     Dead                           Min: 0, Avg:  0.0, Max: 0, Diff: 0, Sum: 0, Workers: 4
[74.593s][debug][gc,phases      ] GC(14)     Total                          Min: 0, Avg:  0.0, Max: 0, Diff: 0, Sum: 0, Workers: 4
[74.593s][debug][gc,phases      ] GC(14)   StringDedup Requests1 Weak     Min:  0.0, Avg:  0.0, Max:  0.0, Diff:  0.0, Sum:  0.0, Workers: 4
[74.593s][debug][gc,phases      ] GC(14)     Dead                           Min: 0, Avg:  0.0, Max: 0, Diff: 0, Sum: 0, Workers: 4
[74.593s][debug][gc,phases      ] GC(14)     Total                          Min: 0, Avg:  0.0, Max: 0, Diff: 0, Sum: 0, Workers: 4
[74.593s][debug][gc,phases      ] GC(14)   Weak JFR Old Object Samples    Min:  0.0, Avg:  0.0, Max:  0.0, Diff:  0.0, Sum:  0.0, Workers: 4
[74.593s][debug][gc,phases      ] GC(14)     Dead                           Min: 0, Avg:  0.0, Max: 0, Diff: 0, Sum: 0, Workers: 4
[74.593s][debug][gc,phases      ] GC(14)     Total                          Min: 0, Avg:  0.0, Max: 0, Diff: 0, Sum: 0, Workers: 4
[74.593s][debug][gc,phases      ] GC(14) Weak Processing 0.363ms
[74.593s][debug][gc,age         ] GC(14) Desired survivor size 536870912 bytes, new threshold 2 (max threshold 15)
[74.593s][info ][gc,heap        ] GC(14) PSYoungGen: 1048576K(1572864K)->31514K(1572864K) Eden: 1048576K(1048576K)->0K(1048576K) From: 0K(524288K)->31514K(524288K)
[74.593s][info ][gc,heap        ] GC(14) ParOldGen: 340021K(462848K)->340029K(462848K)
[74.593s][info ][gc,metaspace   ] GC(14) Metaspace: 79217K(80256K)->79217K(80256K) NonClass: 67770K(68352K)->67770K(68352K) Class: 11446K(11904K)->11446K(11904K)
[74.593s][info ][gc             ] GC(14) Pause Young (Allocation Failure) 1356M->362M(1988M) 18.902ms
[74.593s][info ][gc,cpu         ] GC(14) User=0.04s Sys=0.00s Real=0.02s
[74.594s][info ][safepoint      ] Safepoint "ParallelGCFailedAllocation", Time since last: 579477352 ns, Reaching safepoint: 197603 ns, At safepoint: 18976264 ns, Total: 19173867 ns
[75.301s][info ][safepoint      ] Safepoint "ICBufferFull", Time since last: 707456136 ns, Reaching safepoint: 175102 ns, At safepoint: 8901 ns, Total: 184003 ns
[76.302s][info ][safepoint      ] Safepoint "Cleanup", Time since last: 1000104012 ns, Reaching safepoint: 231503 ns, At safepoint: 7300 ns, Total: 238803 ns
[76.513s][info ][gc,start       ] GC(15) Pause Young (Allocation Failure)
[76.551s][debug][gc,phases      ] GC(15) Scavenge 37.785ms
[76.551s][debug][gc,ref         ] GC(15) Skipped phase 1 of Reference Processing: no references
[76.551s][debug][gc,ref         ] GC(15) ReferenceProcessor::execute queues: 1, RefProcThreadModel::Single, marks_oops_alive: false
[76.551s][debug][gc,ref         ] GC(15) Skipped phase 3 of Reference Processing: no references
[76.551s][debug][gc,ref         ] GC(15) ReferenceProcessor::execute queues: 1, RefProcThreadModel::Single, marks_oops_alive: false
[76.551s][debug][gc,phases      ] GC(15) Reference Processing 0.134ms
[76.551s][debug][gc,phases      ] GC(15)   VM Weak                        Min:  0.0, Avg:  0.0, Max:  0.0, Diff:  0.0, Sum:  0.0, Workers: 4
[76.551s][debug][gc,phases      ] GC(15)     Dead                           Min: 0, Avg:  0.0, Max: 0, Diff: 0, Sum: 0, Workers: 4
[76.551s][debug][gc,phases      ] GC(15)     Total                          Min: 0, Avg: 210.2, Max: 649, Diff: 649, Sum: 841, Workers: 4
[76.551s][debug][gc,phases      ] GC(15)   ObjectSynchronizer Weak        Min:  0.0, Avg:  0.0, Max:  0.0, Diff:  0.0, Sum:  0.0, Workers: 4
[76.551s][debug][gc,phases      ] GC(15)     Dead                           Min: 0, Avg:  0.0, Max: 0, Diff: 0, Sum: 0, Workers: 4
[76.551s][debug][gc,phases      ] GC(15)     Total                          Min: 0, Avg: 10.5, Max: 42, Diff: 42, Sum: 42, Workers: 4
[76.551s][debug][gc,phases      ] GC(15)   JVMTI Tag Weak OopStorage      Min:  0.0, Avg:  0.0, Max:  0.0, Diff:  0.0, Sum:  0.0, Workers: 4
[76.551s][debug][gc,phases      ] GC(15)     Dead                           Min: 0, Avg:  0.0, Max: 0, Diff: 0, Sum: 0, Workers: 4
[76.551s][debug][gc,phases      ] GC(15)     Total                          Min: 0, Avg:  0.0, Max: 0, Diff: 0, Sum: 0, Workers: 4
[76.551s][debug][gc,phases      ] GC(15)   StringTable Weak               Min:  0.0, Avg:  0.1, Max:  0.2, Diff:  0.2, Sum:  0.5, Workers: 4
[76.551s][debug][gc,phases      ] GC(15)     Dead                           Min: 0, Avg:  0.0, Max: 0, Diff: 0, Sum: 0, Workers: 4
[76.551s][debug][gc,phases      ] GC(15)     Total                          Min: 0, Avg: 10573.8, Max: 15415, Diff: 15415, Sum: 42295, Workers: 4
[76.552s][debug][gc,phases      ] GC(15)   ResolvedMethodTable Weak       Min:  0.0, Avg:  0.0, Max:  0.0, Diff:  0.0, Sum:  0.1, Workers: 4
[76.552s][debug][gc,phases      ] GC(15)     Dead                           Min: 0, Avg:  0.0, Max: 0, Diff: 0, Sum: 0, Workers: 4
[76.552s][debug][gc,phases      ] GC(15)     Total                          Min: 0, Avg: 2264.5, Max: 3298, Diff: 3298, Sum: 9058, Workers: 4
[76.552s][debug][gc,phases      ] GC(15)   JNI Weak                       Min:  0.0, Avg:  0.0, Max:  0.0, Diff:  0.0, Sum:  0.0, Workers: 4
[76.552s][debug][gc,phases      ] GC(15)     Dead                           Min: 0, Avg:  0.0, Max: 0, Diff: 0, Sum: 0, Workers: 4
[76.552s][debug][gc,phases      ] GC(15)     Total                          Min: 0, Avg: 46.5, Max: 122, Diff: 122, Sum: 186, Workers: 4
[76.552s][debug][gc,phases      ] GC(15)   StringDedup Table Weak         Min:  0.0, Avg:  0.0, Max:  0.0, Diff:  0.0, Sum:  0.0, Workers: 4
[76.552s][debug][gc,phases      ] GC(15)     Dead                           Min: 0, Avg:  0.0, Max: 0, Diff: 0, Sum: 0, Workers: 4
[76.552s][debug][gc,phases      ] GC(15)     Total                          Min: 0, Avg:  0.0, Max: 0, Diff: 0, Sum: 0, Workers: 4
[76.552s][debug][gc,phases      ] GC(15)   StringDedup Requests0 Weak     Min:  0.0, Avg:  0.0, Max:  0.0, Diff:  0.0, Sum:  0.0, Workers: 4
[76.552s][debug][gc,phases      ] GC(15)     Dead                           Min: 0, Avg:  0.0, Max: 0, Diff: 0, Sum: 0, Workers: 4
[76.552s][debug][gc,phases      ] GC(15)     Total                          Min: 0, Avg:  0.0, Max: 0, Diff: 0, Sum: 0, Workers: 4
[76.552s][debug][gc,phases      ] GC(15)   StringDedup Requests1 Weak     Min:  0.0, Avg:  0.0, Max:  0.0, Diff:  0.0, Sum:  0.0, Workers: 4
[76.552s][debug][gc,phases      ] GC(15)     Dead                           Min: 0, Avg:  0.0, Max: 0, Diff: 0, Sum: 0, Workers: 4
[76.552s][debug][gc,phases      ] GC(15)     Total                          Min: 0, Avg:  0.0, Max: 0, Diff: 0, Sum: 0, Workers: 4
[76.552s][debug][gc,phases      ] GC(15)   Weak JFR Old Object Samples    Min:  0.0, Avg:  0.0, Max:  0.0, Diff:  0.0, Sum:  0.0, Workers: 4
[76.552s][debug][gc,phases      ] GC(15)     Dead                           Min: 0, Avg:  0.0, Max: 0, Diff: 0, Sum: 0, Workers: 4
[76.552s][debug][gc,phases      ] GC(15)     Total                          Min: 0, Avg:  0.0, Max: 0, Diff: 0, Sum: 0, Workers: 4
[76.552s][debug][gc,phases      ] GC(15) Weak Processing 0.349ms
[76.552s][debug][gc,age         ] GC(15) Desired survivor size 536870912 bytes, new threshold 1 (max threshold 15)
[76.552s][info ][gc,heap        ] GC(15) PSYoungGen: 1080090K(1572864K)->68358K(1572864K) Eden: 1048576K(1048576K)->0K(1048576K) From: 31514K(524288K)->68358K(524288K)
[76.552s][info ][gc,heap        ] GC(15) ParOldGen: 340029K(462848K)->340037K(462848K)
[76.552s][info ][gc,metaspace   ] GC(15) Metaspace: 79363K(80384K)->79363K(80384K) NonClass: 67915K(68480K)->67915K(68480K) Class: 11448K(11904K)->11448K(11904K)
[76.552s][info ][gc             ] GC(15) Pause Young (Allocation Failure) 1386M->398M(1988M) 38.389ms
[76.552s][info ][gc,cpu         ] GC(15) User=0.12s Sys=0.00s Real=0.03s
[76.552s][info ][safepoint      ] Safepoint "ParallelGCFailedAllocation", Time since last: 211552344 ns, Reaching safepoint: 128901 ns, At safepoint: 38465136 ns, Total: 38594037 ns
[77.340s][info ][safepoint      ] Safepoint "ICBufferFull", Time since last: 788260374 ns, Reaching safepoint: 213103 ns, At safepoint: 14300 ns, Total: 227403 ns
[78.340s][info ][safepoint      ] Safepoint "Cleanup", Time since last: 1000096531 ns, Reaching safepoint: 164402 ns, At safepoint: 5500 ns, Total: 169902 ns
[79.341s][info ][safepoint      ] Safepoint "Cleanup", Time since last: 1000097440 ns, Reaching safepoint: 176603 ns, At safepoint: 6900 ns, Total: 183503 ns
[80.768s][info ][safepoint      ] Safepoint "Cleanup", Time since last: 1426828404 ns, Reaching safepoint: 273304 ns, At safepoint: 5800 ns, Total: 279104 ns
[81.768s][info ][safepoint      ] Safepoint "Cleanup", Time since last: 1000109663 ns, Reaching safepoint: 183302 ns, At safepoint: 12200 ns, Total: 195502 ns
[82.676s][info ][safepoint      ] Safepoint "ICBufferFull", Time since last: 907774182 ns, Reaching safepoint: 183702 ns, At safepoint: 4900 ns, Total: 188602 ns
[83.102s][info ][safepoint      ] Safepoint "ICBufferFull", Time since last: 425614050 ns, Reaching safepoint: 173402 ns, At safepoint: 5800 ns, Total: 179202 ns
[84.771s][info ][safepoint      ] Safepoint "ICBufferFull", Time since last: 1668396134 ns, Reaching safepoint: 247403 ns, At safepoint: 11500 ns, Total: 258903 ns
[85.771s][info ][safepoint      ] Safepoint "Cleanup", Time since last: 1000110600 ns, Reaching safepoint: 178102 ns, At safepoint: 13401 ns, Total: 191503 ns
[86.332s][info ][gc,start       ] GC(16) Pause Young (Allocation Failure)
[86.362s][debug][gc,phases      ] GC(16) Scavenge 29.901ms
[86.362s][debug][gc,ref         ] GC(16) Skipped phase 1 of Reference Processing: no references
[86.362s][debug][gc,ref         ] GC(16) ReferenceProcessor::execute queues: 1, RefProcThreadModel::Single, marks_oops_alive: false
[86.362s][debug][gc,ref         ] GC(16) Skipped phase 3 of Reference Processing: no references
[86.362s][debug][gc,ref         ] GC(16) ReferenceProcessor::execute queues: 1, RefProcThreadModel::Single, marks_oops_alive: false
[86.362s][debug][gc,phases      ] GC(16) Reference Processing 0.101ms
[86.362s][debug][gc,phases      ] GC(16)   VM Weak                        Min:  0.0, Avg:  0.0, Max:  0.0, Diff:  0.0, Sum:  0.0, Workers: 4
[86.362s][debug][gc,phases      ] GC(16)     Dead                           Min: 0, Avg:  0.0, Max: 0, Diff: 0, Sum: 0, Workers: 4
[86.362s][debug][gc,phases      ] GC(16)     Total                          Min: 0, Avg: 211.2, Max: 845, Diff: 845, Sum: 845, Workers: 4
[86.362s][debug][gc,phases      ] GC(16)   ObjectSynchronizer Weak        Min:  0.0, Avg:  0.0, Max:  0.0, Diff:  0.0, Sum:  0.0, Workers: 4
[86.362s][debug][gc,phases      ] GC(16)     Dead                           Min: 0, Avg:  0.0, Max: 0, Diff: 0, Sum: 0, Workers: 4
[86.362s][debug][gc,phases      ] GC(16)     Total                          Min: 0, Avg: 10.8, Max: 43, Diff: 43, Sum: 43, Workers: 4
[86.362s][debug][gc,phases      ] GC(16)   JVMTI Tag Weak OopStorage      Min:  0.0, Avg:  0.0, Max:  0.0, Diff:  0.0, Sum:  0.0, Workers: 4
[86.362s][debug][gc,phases      ] GC(16)     Dead                           Min: 0, Avg:  0.0, Max: 0, Diff: 0, Sum: 0, Workers: 4
[86.362s][debug][gc,phases      ] GC(16)     Total                          Min: 0, Avg:  0.0, Max: 0, Diff: 0, Sum: 0, Workers: 4
[86.362s][debug][gc,phases      ] GC(16)   StringTable Weak               Min:  0.0, Avg:  0.1, Max:  0.1, Diff:  0.1, Sum:  0.4, Workers: 4
[86.362s][debug][gc,phases      ] GC(16)     Dead                           Min: 0, Avg:  0.2, Max: 1, Diff: 1, Sum: 1, Workers: 4
[86.362s][debug][gc,phases      ] GC(16)     Total                          Min: 0, Avg: 10687.0, Max: 18048, Diff: 18048, Sum: 42748, Workers: 4
[86.362s][debug][gc,phases      ] GC(16)   ResolvedMethodTable Weak       Min:  0.0, Avg:  0.0, Max:  0.0, Diff:  0.0, Sum:  0.1, Workers: 4
[86.362s][debug][gc,phases      ] GC(16)     Dead                           Min: 0, Avg:  0.2, Max: 1, Diff: 1, Sum: 1, Workers: 4
[86.362s][debug][gc,phases      ] GC(16)     Total                          Min: 0, Avg: 2278.2, Max: 3993, Diff: 3993, Sum: 9113, Workers: 4
[86.362s][debug][gc,phases      ] GC(16)   JNI Weak                       Min:  0.0, Avg:  0.0, Max:  0.0, Diff:  0.0, Sum:  0.0, Workers: 4
[86.362s][debug][gc,phases      ] GC(16)     Dead                           Min: 0, Avg:  0.0, Max: 0, Diff: 0, Sum: 0, Workers: 4
[86.362s][debug][gc,phases      ] GC(16)     Total                          Min: 0, Avg: 11.5, Max: 46, Diff: 46, Sum: 46, Workers: 4
[86.362s][debug][gc,phases      ] GC(16)   StringDedup Table Weak         Min:  0.0, Avg:  0.0, Max:  0.0, Diff:  0.0, Sum:  0.0, Workers: 4
[86.362s][debug][gc,phases      ] GC(16)     Dead                           Min: 0, Avg:  0.0, Max: 0, Diff: 0, Sum: 0, Workers: 4
[86.362s][debug][gc,phases      ] GC(16)     Total                          Min: 0, Avg:  0.0, Max: 0, Diff: 0, Sum: 0, Workers: 4
[86.362s][debug][gc,phases      ] GC(16)   StringDedup Requests0 Weak     Min:  0.0, Avg:  0.0, Max:  0.0, Diff:  0.0, Sum:  0.0, Workers: 4
[86.362s][debug][gc,phases      ] GC(16)     Dead                           Min: 0, Avg:  0.0, Max: 0, Diff: 0, Sum: 0, Workers: 4
[86.362s][debug][gc,phases      ] GC(16)     Total                          Min: 0, Avg:  0.0, Max: 0, Diff: 0, Sum: 0, Workers: 4
[86.362s][debug][gc,phases      ] GC(16)   StringDedup Requests1 Weak     Min:  0.0, Avg:  0.0, Max:  0.0, Diff:  0.0, Sum:  0.0, Workers: 4
[86.362s][debug][gc,phases      ] GC(16)     Dead                           Min: 0, Avg:  0.0, Max: 0, Diff: 0, Sum: 0, Workers: 4
[86.362s][debug][gc,phases      ] GC(16)     Total                          Min: 0, Avg:  0.0, Max: 0, Diff: 0, Sum: 0, Workers: 4
[86.362s][debug][gc,phases      ] GC(16)   Weak JFR Old Object Samples    Min:  0.0, Avg:  0.0, Max:  0.0, Diff:  0.0, Sum:  0.0, Workers: 4
[86.362s][debug][gc,phases      ] GC(16)     Dead                           Min: 0, Avg:  0.0, Max: 0, Diff: 0, Sum: 0, Workers: 4
[86.362s][debug][gc,phases      ] GC(16)     Total                          Min: 0, Avg:  0.0, Max: 0, Diff: 0, Sum: 0, Workers: 4
[86.362s][debug][gc,phases      ] GC(16) Weak Processing 0.319ms
[86.362s][debug][gc,age         ] GC(16) Desired survivor size 536870912 bytes, new threshold 1 (max threshold 15)
[86.362s][info ][gc,heap        ] GC(16) PSYoungGen: 1116934K(1572864K)->7744K(1572864K) Eden: 1048576K(1048576K)->0K(1048576K) From: 68358K(524288K)->7744K(524288K)
[86.362s][info ][gc,heap        ] GC(16) ParOldGen: 340037K(462848K)->399177K(462848K)
[86.362s][info ][gc,metaspace   ] GC(16) Metaspace: 79684K(80640K)->79684K(80640K) NonClass: 68209K(68736K)->68209K(68736K) Class: 11475K(11904K)->11475K(11904K)
[86.362s][info ][gc             ] GC(16) Pause Young (Allocation Failure) 1422M->397M(1988M) 30.441ms
[86.362s][info ][gc,cpu         ] GC(16) User=0.08s Sys=0.03s Real=0.03s
[86.362s][debug][gc,phases      ] GC(17) Pre Compact 0.008ms
[86.362s][info ][gc,start       ] GC(17) Pause Full (Ergonomics)
[86.362s][info ][gc,phases,start] GC(17) Marking Phase
[86.485s][debug][gc,phases      ] GC(17) Par Mark 122.883ms
[86.486s][debug][gc,ref         ] GC(17) Skipped phase 1 of Reference Processing: no references
[86.486s][debug][gc,ref         ] GC(17) ReferenceProcessor::execute queues: 4, RefProcThreadModel::Multi, marks_oops_alive: false
[86.486s][debug][gc,ref         ] GC(17) ReferenceProcessor::execute queues: 4, RefProcThreadModel::Multi, marks_oops_alive: true
[86.488s][debug][gc,ref         ] GC(17) ReferenceProcessor::execute queues: 1, RefProcThreadModel::Single, marks_oops_alive: false
[86.488s][debug][gc,phases      ] GC(17) Reference Processing 2.325ms
[86.488s][debug][gc,phases      ] GC(17)   VM Weak                        Min:  0.0, Avg:  0.0, Max:  0.0, Diff:  0.0, Sum:  0.0, Workers: 4
[86.488s][debug][gc,phases      ] GC(17)     Dead                           Min: 0, Avg:  0.0, Max: 0, Diff: 0, Sum: 0, Workers: 4
[86.488s][debug][gc,phases      ] GC(17)     Total                          Min: 0, Avg: 211.2, Max: 576, Diff: 576, Sum: 845, Workers: 4
[86.488s][debug][gc,phases      ] GC(17)   ObjectSynchronizer Weak        Min:  0.0, Avg:  0.0, Max:  0.0, Diff:  0.0, Sum:  0.0, Workers: 4
[86.488s][debug][gc,phases      ] GC(17)     Dead                           Min: 0, Avg:  0.0, Max: 0, Diff: 0, Sum: 0, Workers: 4
[86.488s][debug][gc,phases      ] GC(17)     Total                          Min: 0, Avg: 10.8, Max: 43, Diff: 43, Sum: 43, Workers: 4
[86.488s][debug][gc,phases      ] GC(17)   JVMTI Tag Weak OopStorage      Min:  0.0, Avg:  0.0, Max:  0.0, Diff:  0.0, Sum:  0.0, Workers: 4
[86.488s][debug][gc,phases      ] GC(17)     Dead                           Min: 0, Avg:  0.0, Max: 0, Diff: 0, Sum: 0, Workers: 4
[86.488s][debug][gc,phases      ] GC(17)     Total                          Min: 0, Avg:  0.0, Max: 0, Diff: 0, Sum: 0, Workers: 4
[86.488s][debug][gc,phases      ] GC(17)   StringTable Weak               Min:  0.0, Avg:  0.1, Max:  0.2, Diff:  0.2, Sum:  0.5, Workers: 4
[86.488s][debug][gc,phases      ] GC(17)     Dead                           Min: 0, Avg:  0.0, Max: 0, Diff: 0, Sum: 0, Workers: 4
[86.488s][debug][gc,phases      ] GC(17)     Total                          Min: 0, Avg: 10687.0, Max: 23612, Diff: 23612, Sum: 42748, Workers: 4
[86.488s][debug][gc,phases      ] GC(17)   ResolvedMethodTable Weak       Min:  0.0, Avg:  0.0, Max:  0.0, Diff:  0.0, Sum:  0.1, Workers: 4
[86.488s][debug][gc,phases      ] GC(17)     Dead                           Min: 0, Avg:  0.0, Max: 0, Diff: 0, Sum: 0, Workers: 4
[86.488s][debug][gc,phases      ] GC(17)     Total                          Min: 0, Avg: 2278.2, Max: 5081, Diff: 5081, Sum: 9113, Workers: 4
[86.488s][debug][gc,phases      ] GC(17)   JNI Weak                       Min:  0.0, Avg:  0.0, Max:  0.0, Diff:  0.0, Sum:  0.0, Workers: 4
[86.488s][debug][gc,phases      ] GC(17)     Dead                           Min: 0, Avg:  0.0, Max: 0, Diff: 0, Sum: 0, Workers: 4
[86.488s][debug][gc,phases      ] GC(17)     Total                          Min: 0, Avg: 11.5, Max: 46, Diff: 46, Sum: 46, Workers: 4
[86.488s][debug][gc,phases      ] GC(17)   StringDedup Table Weak         Min:  0.0, Avg:  0.0, Max:  0.0, Diff:  0.0, Sum:  0.0, Workers: 4
[86.488s][debug][gc,phases      ] GC(17)     Dead                           Min: 0, Avg:  0.0, Max: 0, Diff: 0, Sum: 0, Workers: 4
[86.488s][debug][gc,phases      ] GC(17)     Total                          Min: 0, Avg:  0.0, Max: 0, Diff: 0, Sum: 0, Workers: 4
[86.488s][debug][gc,phases      ] GC(17)   StringDedup Requests0 Weak     Min:  0.0, Avg:  0.0, Max:  0.0, Diff:  0.0, Sum:  0.0, Workers: 4
[86.488s][debug][gc,phases      ] GC(17)     Dead                           Min: 0, Avg:  0.0, Max: 0, Diff: 0, Sum: 0, Workers: 4
[86.488s][debug][gc,phases      ] GC(17)     Total                          Min: 0, Avg:  0.0, Max: 0, Diff: 0, Sum: 0, Workers: 4
[86.488s][debug][gc,phases      ] GC(17)   StringDedup Requests1 Weak     Min:  0.0, Avg:  0.0, Max:  0.0, Diff:  0.0, Sum:  0.0, Workers: 4
[86.488s][debug][gc,phases      ] GC(17)     Dead                           Min: 0, Avg:  0.0, Max: 0, Diff: 0, Sum: 0, Workers: 4
[86.488s][debug][gc,phases      ] GC(17)     Total                          Min: 0, Avg:  0.0, Max: 0, Diff: 0, Sum: 0, Workers: 4
[86.488s][debug][gc,phases      ] GC(17)   Weak JFR Old Object Samples    Min:  0.0, Avg:  0.0, Max:  0.0, Diff:  0.0, Sum:  0.0, Workers: 4
[86.488s][debug][gc,phases      ] GC(17)     Dead                           Min: 0, Avg:  0.0, Max: 0, Diff: 0, Sum: 0, Workers: 4
[86.488s][debug][gc,phases      ] GC(17)     Total                          Min: 0, Avg:  0.0, Max: 0, Diff: 0, Sum: 0, Workers: 4
[86.488s][debug][gc,phases      ] GC(17) Weak Processing 0.494ms
[86.488s][debug][gc,phases      ] GC(17) ClassLoaderData 0.098ms
[86.488s][debug][gc,phases      ] GC(17) Trigger cleanups 0.000ms
[86.503s][debug][gc,phases      ] GC(17) Class Unloading 14.570ms
[86.503s][info ][gc,phases      ] GC(17) Marking Phase 140.459ms
[86.503s][info ][gc,phases,start] GC(17) Summary Phase
[86.503s][info ][gc,phases      ] GC(17) Summary Phase 0.013ms
[86.503s][info ][gc,phases,start] GC(17) Adjust Roots
[86.515s][info ][gc,phases      ] GC(17) Adjust Roots 11.785ms
[86.515s][info ][gc,phases,start] GC(17) Compaction Phase
[86.663s][info ][gc,phases      ] GC(17) Compaction Phase 148.705ms
[86.664s][info ][gc,phases,start] GC(17) Post Compact
[86.664s][info ][gc,phases      ] GC(17) Post Compact 0.932ms
[86.665s][info ][gc,heap        ] GC(17) PSYoungGen: 7744K(1572864K)->0K(1572864K) Eden: 0K(1048576K)->0K(1048576K) From: 7744K(524288K)->0K(524288K)
[86.665s][info ][gc,heap        ] GC(17) ParOldGen: 399177K(462848K)->399060K(540672K)
[86.665s][info ][gc,metaspace   ] GC(17) Metaspace: 79684K(80640K)->79684K(80640K) NonClass: 68209K(68736K)->68209K(68736K) Class: 11475K(11904K)->11475K(11904K)
[86.665s][info ][gc             ] GC(17) Pause Full (Ergonomics) 397M->389M(2064M) 302.133ms
[86.665s][info ][gc,cpu         ] GC(17) User=0.93s Sys=0.01s Real=0.30s
[86.665s][info ][safepoint      ] Safepoint "ParallelGCFailedAllocation", Time since last: 561083558 ns, Reaching safepoint: 63401 ns, At safepoint: 332699060 ns, Total: 332762461 ns
[87.665s][info ][safepoint      ] Safepoint "Cleanup", Time since last: 1000094317 ns, Reaching safepoint: 96001 ns, At safepoint: 4100 ns, Total: 100101 ns
[88.665s][info ][safepoint      ] Safepoint "Cleanup", Time since last: 1000100426 ns, Reaching safepoint: 89201 ns, At safepoint: 6300 ns, Total: 95501 ns
[90.665s][info ][safepoint      ] Safepoint "Cleanup", Time since last: 1999256266 ns, Reaching safepoint: 206303 ns, At safepoint: 9700 ns, Total: 216003 ns
[91.665s][info ][safepoint      ] Safepoint "Cleanup", Time since last: 1000113054 ns, Reaching safepoint: 108301 ns, At safepoint: 3000 ns, Total: 111301 ns
[92.665s][info ][safepoint      ] Safepoint "Cleanup", Time since last: 1000075662 ns, Reaching safepoint: 81701 ns, At safepoint: 6000 ns, Total: 87701 ns
[93.665s][info ][safepoint      ] Safepoint "Cleanup", Time since last: 1000105872 ns, Reaching safepoint: 152502 ns, At safepoint: 5300 ns, Total: 157802 ns
[94.665s][info ][safepoint      ] Safepoint "Cleanup", Time since last: 1000105280 ns, Reaching safepoint: 145302 ns, At safepoint: 7500 ns, Total: 152802 ns
[95.666s][info ][safepoint      ] Safepoint "Cleanup", Time since last: 1000100389 ns, Reaching safepoint: 131902 ns, At safepoint: 6700 ns, Total: 138602 ns
[97.144s][info ][safepoint      ] Safepoint "Cleanup", Time since last: 1478053140 ns, Reaching safepoint: 126002 ns, At safepoint: 8600 ns, Total: 134602 ns
[98.579s][info ][safepoint      ] Safepoint "Cleanup", Time since last: 1435522757 ns, Reaching safepoint: 98502 ns, At safepoint: 8500 ns, Total: 107002 ns
[99.580s][info ][safepoint      ] Safepoint "Cleanup", Time since last: 1000117324 ns, Reaching safepoint: 60501 ns, At safepoint: 2600 ns, Total: 63101 ns
[100.227s][info ][gc,start       ] GC(18) Pause Young (Allocation Failure)
[100.234s][debug][gc,phases      ] GC(18) Scavenge 6.661ms
[100.234s][debug][gc,ref         ] GC(18) Skipped phase 1 of Reference Processing: no references
[100.234s][debug][gc,ref         ] GC(18) ReferenceProcessor::execute queues: 1, RefProcThreadModel::Single, marks_oops_alive: false
[100.234s][debug][gc,ref         ] GC(18) Skipped phase 3 of Reference Processing: no references
[100.234s][debug][gc,ref         ] GC(18) ReferenceProcessor::execute queues: 1, RefProcThreadModel::Single, marks_oops_alive: false
[100.234s][debug][gc,phases      ] GC(18) Reference Processing 0.120ms
[100.234s][debug][gc,phases      ] GC(18)   VM Weak                        Min:  0.0, Avg:  0.0, Max:  0.0, Diff:  0.0, Sum:  0.0, Workers: 4
[100.234s][debug][gc,phases      ] GC(18)     Dead                           Min: 0, Avg:  0.0, Max: 0, Diff: 0, Sum: 0, Workers: 4
[100.234s][debug][gc,phases      ] GC(18)     Total                          Min: 0, Avg: 212.5, Max: 594, Diff: 594, Sum: 850, Workers: 4
[100.234s][debug][gc,phases      ] GC(18)   ObjectSynchronizer Weak        Min:  0.0, Avg:  0.0, Max:  0.0, Diff:  0.0, Sum:  0.0, Workers: 4
[100.234s][debug][gc,phases      ] GC(18)     Dead                           Min: 0, Avg:  0.0, Max: 0, Diff: 0, Sum: 0, Workers: 4
[100.234s][debug][gc,phases      ] GC(18)     Total                          Min: 0, Avg: 11.0, Max: 44, Diff: 44, Sum: 44, Workers: 4
[100.234s][debug][gc,phases      ] GC(18)   JVMTI Tag Weak OopStorage      Min:  0.0, Avg:  0.0, Max:  0.0, Diff:  0.0, Sum:  0.0, Workers: 4
[100.234s][debug][gc,phases      ] GC(18)     Dead                           Min: 0, Avg:  0.0, Max: 0, Diff: 0, Sum: 0, Workers: 4
[100.234s][debug][gc,phases      ] GC(18)     Total                          Min: 0, Avg:  0.0, Max: 0, Diff: 0, Sum: 0, Workers: 4
[100.234s][debug][gc,phases      ] GC(18)   StringTable Weak               Min:  0.0, Avg:  0.1, Max:  0.1, Diff:  0.1, Sum:  0.4, Workers: 4
[100.234s][debug][gc,phases      ] GC(18)     Dead                           Min: 0, Avg:  0.5, Max: 2, Diff: 2, Sum: 2, Workers: 4
[100.234s][debug][gc,phases      ] GC(18)     Total                          Min: 0, Avg: 10709.2, Max: 15253, Diff: 15253, Sum: 42837, Workers: 4
[100.234s][debug][gc,phases      ] GC(18)   ResolvedMethodTable Weak       Min:  0.0, Avg:  0.0, Max:  0.0, Diff:  0.0, Sum:  0.1, Workers: 4
[100.234s][debug][gc,phases      ] GC(18)     Dead                           Min: 0, Avg:  4.5, Max: 10, Diff: 10, Sum: 18, Workers: 4
[100.234s][debug][gc,phases      ] GC(18)     Total                          Min: 0, Avg: 2290.8, Max: 3148, Diff: 3148, Sum: 9163, Workers: 4
[100.234s][debug][gc,phases      ] GC(18)   JNI Weak                       Min:  0.0, Avg:  0.0, Max:  0.0, Diff:  0.0, Sum:  0.0, Workers: 4
[100.234s][debug][gc,phases      ] GC(18)     Dead                           Min: 0, Avg:  0.0, Max: 0, Diff: 0, Sum: 0, Workers: 4
[100.234s][debug][gc,phases      ] GC(18)     Total                          Min: 0, Avg: 11.2, Max: 45, Diff: 45, Sum: 45, Workers: 4
[100.234s][debug][gc,phases      ] GC(18)   StringDedup Table Weak         Min:  0.0, Avg:  0.0, Max:  0.0, Diff:  0.0, Sum:  0.0, Workers: 4
[100.234s][debug][gc,phases      ] GC(18)     Dead                           Min: 0, Avg:  0.0, Max: 0, Diff: 0, Sum: 0, Workers: 4
[100.234s][debug][gc,phases      ] GC(18)     Total                          Min: 0, Avg:  0.0, Max: 0, Diff: 0, Sum: 0, Workers: 4
[100.234s][debug][gc,phases      ] GC(18)   StringDedup Requests0 Weak     Min:  0.0, Avg:  0.0, Max:  0.0, Diff:  0.0, Sum:  0.0, Workers: 4
[100.234s][debug][gc,phases      ] GC(18)     Dead                           Min: 0, Avg:  0.0, Max: 0, Diff: 0, Sum: 0, Workers: 4
[100.234s][debug][gc,phases      ] GC(18)     Total                          Min: 0, Avg:  0.0, Max: 0, Diff: 0, Sum: 0, Workers: 4
[100.234s][debug][gc,phases      ] GC(18)   StringDedup Requests1 Weak     Min:  0.0, Avg:  0.0, Max:  0.0, Diff:  0.0, Sum:  0.0, Workers: 4
[100.234s][debug][gc,phases      ] GC(18)     Dead                           Min: 0, Avg:  0.0, Max: 0, Diff: 0, Sum: 0, Workers: 4
[100.234s][debug][gc,phases      ] GC(18)     Total                          Min: 0, Avg:  0.0, Max: 0, Diff: 0, Sum: 0, Workers: 4
[100.234s][debug][gc,phases      ] GC(18)   Weak JFR Old Object Samples    Min:  0.0, Avg:  0.0, Max:  0.0, Diff:  0.0, Sum:  0.0, Workers: 4
[100.234s][debug][gc,phases      ] GC(18)     Dead                           Min: 0, Avg:  0.0, Max: 0, Diff: 0, Sum: 0, Workers: 4
[100.234s][debug][gc,phases      ] GC(18)     Total                          Min: 0, Avg:  0.0, Max: 0, Diff: 0, Sum: 0, Workers: 4
[100.234s][debug][gc,phases      ] GC(18) Weak Processing 0.439ms
[100.234s][debug][gc,age         ] GC(18) Desired survivor size 536870912 bytes, new threshold 1 (max threshold 15)
[100.234s][info ][gc,heap        ] GC(18) PSYoungGen: 1048576K(1572864K)->3632K(1572864K) Eden: 1048576K(1048576K)->0K(1048576K) From: 0K(524288K)->3632K(524288K)
[100.234s][info ][gc,heap        ] GC(18) ParOldGen: 399060K(540672K)->399068K(540672K)
[100.234s][info ][gc,metaspace   ] GC(18) Metaspace: 79992K(81088K)->79992K(81088K) NonClass: 68501K(69120K)->68501K(69120K) Class: 11490K(11968K)->11490K(11968K)
[100.234s][info ][gc             ] GC(18) Pause Young (Allocation Failure) 1413M->393M(2064M) 7.359ms
[100.234s][info ][gc,cpu         ] GC(18) User=0.01s Sys=0.01s Real=0.01s
[100.235s][info ][safepoint      ] Safepoint "ParallelGCFailedAllocation", Time since last: 647340248 ns, Reaching safepoint: 61301 ns, At safepoint: 7436305 ns, Total: 7497606 ns
[101.235s][info ][safepoint      ] Safepoint "Cleanup", Time since last: 1000089639 ns, Reaching safepoint: 45800 ns, At safepoint: 2800 ns, Total: 48600 ns
[102.235s][info ][safepoint      ] Safepoint "Cleanup", Time since last: 1000102848 ns, Reaching safepoint: 65401 ns, At safepoint: 8500 ns, Total: 73901 ns
[103.235s][info ][safepoint      ] Safepoint "Cleanup", Time since last: 1000103857 ns, Reaching safepoint: 59501 ns, At safepoint: 7900 ns, Total: 67401 ns
[104.235s][info ][safepoint      ] Safepoint "Cleanup", Time since last: 1000101765 ns, Reaching safepoint: 42301 ns, At safepoint: 2800 ns, Total: 45101 ns
[105.235s][info ][safepoint      ] Safepoint "Cleanup", Time since last: 1000127975 ns, Reaching safepoint: 74001 ns, At safepoint: 8800 ns, Total: 82801 ns
[106.235s][info ][safepoint      ] Safepoint "Cleanup", Time since last: 1000063682 ns, Reaching safepoint: 45001 ns, At safepoint: 4900 ns, Total: 49901 ns
[107.236s][info ][safepoint      ] Safepoint "Cleanup", Time since last: 1000107292 ns, Reaching safepoint: 49701 ns, At safepoint: 2900 ns, Total: 52601 ns
[108.236s][info ][safepoint      ] Safepoint "Cleanup", Time since last: 1000069400 ns, Reaching safepoint: 73301 ns, At safepoint: 3400 ns, Total: 76701 ns
[109.236s][info ][safepoint      ] Safepoint "Cleanup", Time since last: 1000105910 ns, Reaching safepoint: 36700 ns, At safepoint: 2400 ns, Total: 39100 ns
[110.236s][info ][safepoint      ] Safepoint "Cleanup", Time since last: 1000106818 ns, Reaching safepoint: 59401 ns, At safepoint: 6000 ns, Total: 65401 ns
[111.236s][info ][safepoint      ] Safepoint "Cleanup", Time since last: 1000107327 ns, Reaching safepoint: 163002 ns, At safepoint: 6901 ns, Total: 169903 ns
[112.237s][info ][safepoint      ] Safepoint "Cleanup", Time since last: 1000097635 ns, Reaching safepoint: 51401 ns, At safepoint: 4100 ns, Total: 55501 ns
[113.237s][info ][safepoint      ] Safepoint "Cleanup", Time since last: 1000113644 ns, Reaching safepoint: 48301 ns, At safepoint: 2800 ns, Total: 51101 ns
[114.237s][info ][safepoint      ] Safepoint "Cleanup", Time since last: 1000112353 ns, Reaching safepoint: 48401 ns, At safepoint: 6800 ns, Total: 55201 ns
[115.237s][info ][safepoint      ] Safepoint "Cleanup", Time since last: 1000121262 ns, Reaching safepoint: 44900 ns, At safepoint: 5800 ns, Total: 50700 ns
[116.237s][info ][safepoint      ] Safepoint "Cleanup", Time since last: 1000099271 ns, Reaching safepoint: 40100 ns, At safepoint: 10500 ns, Total: 50600 ns
[117.041s][info ][gc,start       ] GC(19) Pause Young (Allocation Failure)
[117.058s][debug][gc,phases      ] GC(19) Scavenge 17.123ms
[117.058s][debug][gc,ref         ] GC(19) Skipped phase 1 of Reference Processing: no references
[117.058s][debug][gc,ref         ] GC(19) ReferenceProcessor::execute queues: 1, RefProcThreadModel::Single, marks_oops_alive: false
[117.058s][debug][gc,ref         ] GC(19) Skipped phase 3 of Reference Processing: no references
[117.058s][debug][gc,ref         ] GC(19) ReferenceProcessor::execute queues: 1, RefProcThreadModel::Single, marks_oops_alive: false
[117.058s][debug][gc,phases      ] GC(19) Reference Processing 0.088ms
[117.058s][debug][gc,phases      ] GC(19)   VM Weak                        Min:  0.0, Avg:  0.0, Max:  0.0, Diff:  0.0, Sum:  0.0, Workers: 4
[117.058s][debug][gc,phases      ] GC(19)     Dead                           Min: 0, Avg:  0.0, Max: 0, Diff: 0, Sum: 0, Workers: 4
[117.058s][debug][gc,phases      ] GC(19)     Total                          Min: 0, Avg: 212.5, Max: 448, Diff: 448, Sum: 850, Workers: 4
[117.058s][debug][gc,phases      ] GC(19)   ObjectSynchronizer Weak        Min:  0.0, Avg:  0.0, Max:  0.0, Diff:  0.0, Sum:  0.0, Workers: 4
[117.058s][debug][gc,phases      ] GC(19)     Dead                           Min: 0, Avg:  0.0, Max: 0, Diff: 0, Sum: 0, Workers: 4
[117.058s][debug][gc,phases      ] GC(19)     Total                          Min: 0, Avg: 11.0, Max: 44, Diff: 44, Sum: 44, Workers: 4
[117.058s][debug][gc,phases      ] GC(19)   JVMTI Tag Weak OopStorage      Min:  0.0, Avg:  0.0, Max:  0.0, Diff:  0.0, Sum:  0.0, Workers: 4
[117.058s][debug][gc,phases      ] GC(19)     Dead                           Min: 0, Avg:  0.0, Max: 0, Diff: 0, Sum: 0, Workers: 4
[117.058s][debug][gc,phases      ] GC(19)     Total                          Min: 0, Avg:  0.0, Max: 0, Diff: 0, Sum: 0, Workers: 4
[117.058s][debug][gc,phases      ] GC(19)   StringTable Weak               Min:  0.1, Avg:  0.1, Max:  0.1, Diff:  0.0, Sum:  0.4, Workers: 4
[117.058s][debug][gc,phases      ] GC(19)     Dead                           Min: 0, Avg:  0.0, Max: 0, Diff: 0, Sum: 0, Workers: 4
[117.058s][debug][gc,phases      ] GC(19)     Total                          Min: 9664, Avg: 10727.8, Max: 11328, Diff: 1664, Sum: 42911, Workers: 4
[117.058s][debug][gc,phases      ] GC(19)   ResolvedMethodTable Weak       Min:  0.0, Avg:  0.0, Max:  0.0, Diff:  0.0, Sum:  0.1, Workers: 4
[117.058s][debug][gc,phases      ] GC(19)     Dead                           Min: 0, Avg:  0.0, Max: 0, Diff: 0, Sum: 0, Workers: 4
[117.058s][debug][gc,phases      ] GC(19)     Total                          Min: 2238, Avg: 2291.8, Max: 2432, Diff: 194, Sum: 9167, Workers: 4
[117.058s][debug][gc,phases      ] GC(19)   JNI Weak                       Min:  0.0, Avg:  0.0, Max:  0.0, Diff:  0.0, Sum:  0.0, Workers: 4
[117.058s][debug][gc,phases      ] GC(19)     Dead                           Min: 0, Avg:  0.0, Max: 0, Diff: 0, Sum: 0, Workers: 4
[117.058s][debug][gc,phases      ] GC(19)     Total                          Min: 0, Avg: 11.8, Max: 47, Diff: 47, Sum: 47, Workers: 4
[117.058s][debug][gc,phases      ] GC(19)   StringDedup Table Weak         Min:  0.0, Avg:  0.0, Max:  0.0, Diff:  0.0, Sum:  0.0, Workers: 4
[117.058s][debug][gc,phases      ] GC(19)     Dead                           Min: 0, Avg:  0.0, Max: 0, Diff: 0, Sum: 0, Workers: 4
[117.058s][debug][gc,phases      ] GC(19)     Total                          Min: 0, Avg:  0.0, Max: 0, Diff: 0, Sum: 0, Workers: 4
[117.058s][debug][gc,phases      ] GC(19)   StringDedup Requests0 Weak     Min:  0.0, Avg:  0.0, Max:  0.0, Diff:  0.0, Sum:  0.0, Workers: 4
[117.058s][debug][gc,phases      ] GC(19)     Dead                           Min: 0, Avg:  0.0, Max: 0, Diff: 0, Sum: 0, Workers: 4
[117.058s][debug][gc,phases      ] GC(19)     Total                          Min: 0, Avg:  0.0, Max: 0, Diff: 0, Sum: 0, Workers: 4
[117.058s][debug][gc,phases      ] GC(19)   StringDedup Requests1 Weak     Min:  0.0, Avg:  0.0, Max:  0.0, Diff:  0.0, Sum:  0.0, Workers: 4
[117.058s][debug][gc,phases      ] GC(19)     Dead                           Min: 0, Avg:  0.0, Max: 0, Diff: 0, Sum: 0, Workers: 4
[117.058s][debug][gc,phases      ] GC(19)     Total                          Min: 0, Avg:  0.0, Max: 0, Diff: 0, Sum: 0, Workers: 4
[117.058s][debug][gc,phases      ] GC(19)   Weak JFR Old Object Samples    Min:  0.0, Avg:  0.0, Max:  0.0, Diff:  0.0, Sum:  0.0, Workers: 4
[117.058s][debug][gc,phases      ] GC(19)     Dead                           Min: 0, Avg:  0.0, Max: 0, Diff: 0, Sum: 0, Workers: 4
[117.058s][debug][gc,phases      ] GC(19)     Total                          Min: 0, Avg:  0.0, Max: 0, Diff: 0, Sum: 0, Workers: 4
[117.058s][debug][gc,phases      ] GC(19) Weak Processing 0.289ms
[117.058s][debug][gc,age         ] GC(19) Desired survivor size 536870912 bytes, new threshold 1 (max threshold 15)
[117.058s][info ][gc,heap        ] GC(19) PSYoungGen: 1052208K(1572864K)->39776K(1572864K) Eden: 1048576K(1048576K)->0K(1048576K) From: 3632K(524288K)->39776K(524288K)
[117.058s][info ][gc,heap        ] GC(19) ParOldGen: 399068K(540672K)->401356K(540672K)
[117.059s][info ][gc,metaspace   ] GC(19) Metaspace: 80082K(81152K)->80082K(81152K) NonClass: 68584K(69184K)->68584K(69184K) Class: 11498K(11968K)->11498K(11968K)
[117.059s][info ][gc             ] GC(19) Pause Young (Allocation Failure) 1417M->430M(2064M) 17.633ms
[117.059s][info ][gc,cpu         ] GC(19) User=0.05s Sys=0.01s Real=0.02s
[117.059s][info ][safepoint      ] Safepoint "ParallelGCFailedAllocation", Time since last: 803500271 ns, Reaching safepoint: 184103 ns, At safepoint: 17708153 ns, Total: 17892256 ns
[118.578s][info ][safepoint      ] Safepoint "Cleanup", Time since last: 1519365206 ns, Reaching safepoint: 302904 ns, At safepoint: 6900 ns, Total: 309804 ns
[119.579s][info ][safepoint      ] Safepoint "Cleanup", Time since last: 1000458304 ns, Reaching safepoint: 314905 ns, At safepoint: 12700 ns, Total: 327605 ns
[120.384s][info ][gc,start       ] GC(20) Pause Young (Allocation Failure)
[120.399s][debug][gc,phases      ] GC(20) Scavenge 15.159ms
[120.399s][debug][gc,ref         ] GC(20) Skipped phase 1 of Reference Processing: no references
[120.399s][debug][gc,ref         ] GC(20) ReferenceProcessor::execute queues: 1, RefProcThreadModel::Single, marks_oops_alive: false
[120.399s][debug][gc,ref         ] GC(20) Skipped phase 3 of Reference Processing: no references
[120.399s][debug][gc,ref         ] GC(20) ReferenceProcessor::execute queues: 1, RefProcThreadModel::Single, marks_oops_alive: false
[120.399s][debug][gc,phases      ] GC(20) Reference Processing 0.083ms
[120.399s][debug][gc,phases      ] GC(20)   VM Weak                        Min:  0.0, Avg:  0.0, Max:  0.0, Diff:  0.0, Sum:  0.0, Workers: 4
[120.399s][debug][gc,phases      ] GC(20)     Dead                           Min: 0, Avg:  0.0, Max: 0, Diff: 0, Sum: 0, Workers: 4
[120.399s][debug][gc,phases      ] GC(20)     Total                          Min: 0, Avg: 212.8, Max: 448, Diff: 448, Sum: 851, Workers: 4
[120.399s][debug][gc,phases      ] GC(20)   ObjectSynchronizer Weak        Min:  0.0, Avg:  0.0, Max:  0.0, Diff:  0.0, Sum:  0.0, Workers: 4
[120.399s][debug][gc,phases      ] GC(20)     Dead                           Min: 0, Avg:  0.0, Max: 0, Diff: 0, Sum: 0, Workers: 4
[120.399s][debug][gc,phases      ] GC(20)     Total                          Min: 0, Avg: 11.0, Max: 44, Diff: 44, Sum: 44, Workers: 4
[120.399s][debug][gc,phases      ] GC(20)   JVMTI Tag Weak OopStorage      Min:  0.0, Avg:  0.0, Max:  0.0, Diff:  0.0, Sum:  0.0, Workers: 4
[120.399s][debug][gc,phases      ] GC(20)     Dead                           Min: 0, Avg:  0.0, Max: 0, Diff: 0, Sum: 0, Workers: 4
[120.399s][debug][gc,phases      ] GC(20)     Total                          Min: 0, Avg:  0.0, Max: 0, Diff: 0, Sum: 0, Workers: 4
[120.399s][debug][gc,phases      ] GC(20)   StringTable Weak               Min:  0.0, Avg:  0.1, Max:  0.1, Diff:  0.1, Sum:  0.4, Workers: 4
[120.399s][debug][gc,phases      ] GC(20)     Dead                           Min: 0, Avg:  0.0, Max: 0, Diff: 0, Sum: 0, Workers: 4
[120.399s][debug][gc,phases      ] GC(20)     Total                          Min: 0, Avg: 10731.2, Max: 17536, Diff: 17536, Sum: 42925, Workers: 4
[120.399s][debug][gc,phases      ] GC(20)   ResolvedMethodTable Weak       Min:  0.0, Avg:  0.0, Max:  0.0, Diff:  0.0, Sum:  0.1, Workers: 4
[120.399s][debug][gc,phases      ] GC(20)     Dead                           Min: 0, Avg:  0.0, Max: 0, Diff: 0, Sum: 0, Workers: 4
[120.399s][debug][gc,phases      ] GC(20)     Total                          Min: 0, Avg: 2295.0, Max: 3997, Diff: 3997, Sum: 9180, Workers: 4
[120.399s][debug][gc,phases      ] GC(20)   JNI Weak                       Min:  0.0, Avg:  0.0, Max:  0.0, Diff:  0.0, Sum:  0.0, Workers: 4
[120.399s][debug][gc,phases      ] GC(20)     Dead                           Min: 0, Avg:  0.0, Max: 0, Diff: 0, Sum: 0, Workers: 4
[120.399s][debug][gc,phases      ] GC(20)     Total                          Min: 0, Avg: 11.8, Max: 47, Diff: 47, Sum: 47, Workers: 4
[120.399s][debug][gc,phases      ] GC(20)   StringDedup Table Weak         Min:  0.0, Avg:  0.0, Max:  0.0, Diff:  0.0, Sum:  0.0, Workers: 4
[120.399s][debug][gc,phases      ] GC(20)     Dead                           Min: 0, Avg:  0.0, Max: 0, Diff: 0, Sum: 0, Workers: 4
[120.399s][debug][gc,phases      ] GC(20)     Total                          Min: 0, Avg:  0.0, Max: 0, Diff: 0, Sum: 0, Workers: 4
[120.399s][debug][gc,phases      ] GC(20)   StringDedup Requests0 Weak     Min:  0.0, Avg:  0.0, Max:  0.0, Diff:  0.0, Sum:  0.0, Workers: 4
[120.399s][debug][gc,phases      ] GC(20)     Dead                           Min: 0, Avg:  0.0, Max: 0, Diff: 0, Sum: 0, Workers: 4
[120.399s][debug][gc,phases      ] GC(20)     Total                          Min: 0, Avg:  0.0, Max: 0, Diff: 0, Sum: 0, Workers: 4
[120.399s][debug][gc,phases      ] GC(20)   StringDedup Requests1 Weak     Min:  0.0, Avg:  0.0, Max:  0.0, Diff:  0.0, Sum:  0.0, Workers: 4
[120.399s][debug][gc,phases      ] GC(20)     Dead                           Min: 0, Avg:  0.0, Max: 0, Diff: 0, Sum: 0, Workers: 4
[120.399s][debug][gc,phases      ] GC(20)     Total                          Min: 0, Avg:  0.0, Max: 0, Diff: 0, Sum: 0, Workers: 4
[120.399s][debug][gc,phases      ] GC(20)   Weak JFR Old Object Samples    Min:  0.0, Avg:  0.0, Max:  0.0, Diff:  0.0, Sum:  0.0, Workers: 4
[120.399s][debug][gc,phases      ] GC(20)     Dead                           Min: 0, Avg:  0.0, Max: 0, Diff: 0, Sum: 0, Workers: 4
[120.399s][debug][gc,phases      ] GC(20)     Total                          Min: 0, Avg:  0.0, Max: 0, Diff: 0, Sum: 0, Workers: 4
[120.399s][debug][gc,phases      ] GC(20) Weak Processing 0.310ms
[120.399s][debug][gc,age         ] GC(20) Desired survivor size 536870912 bytes, new threshold 1 (max threshold 15)
[120.399s][info ][gc,heap        ] GC(20) PSYoungGen: 1088352K(1572864K)->30837K(1572864K) Eden: 1048576K(1048576K)->0K(1048576K) From: 39776K(524288K)->30837K(524288K)
[120.399s][info ][gc,heap        ] GC(20) ParOldGen: 401356K(540672K)->409424K(540672K)
[120.399s][info ][gc,metaspace   ] GC(20) Metaspace: 80166K(81216K)->80166K(81216K) NonClass: 68662K(69248K)->68662K(69248K) Class: 11504K(11968K)->11504K(11968K)
[120.399s][info ][gc             ] GC(20) Pause Young (Allocation Failure) 1454M->429M(2064M) 15.659ms
[120.399s][info ][gc,cpu         ] GC(20) User=0.05s Sys=0.00s Real=0.02s
[120.399s][info ][safepoint      ] Safepoint "ParallelGCFailedAllocation", Time since last: 804281406 ns, Reaching safepoint: 210303 ns, At safepoint: 15726625 ns, Total: 15936928 ns
[121.399s][info ][safepoint      ] Safepoint "Cleanup", Time since last: 1000091014 ns, Reaching safepoint: 120402 ns, At safepoint: 4200 ns, Total: 124602 ns
[122.786s][info ][safepoint      ] Safepoint "Cleanup", Time since last: 1385849749 ns, Reaching safepoint: 202303 ns, At safepoint: 15400 ns, Total: 217703 ns
[123.786s][info ][safepoint      ] Safepoint "Cleanup", Time since last: 1000096235 ns, Reaching safepoint: 73601 ns, At safepoint: 2600 ns, Total: 76201 ns
[124.786s][info ][safepoint      ] Safepoint "Cleanup", Time since last: 1000105244 ns, Reaching safepoint: 52100 ns, At safepoint: 3000 ns, Total: 55100 ns
[126.318s][info ][safepoint      ] Safepoint "Cleanup", Time since last: 1532392795 ns, Reaching safepoint: 182702 ns, At safepoint: 7700 ns, Total: 190402 ns
[127.319s][info ][safepoint      ] Safepoint "Cleanup", Time since last: 1000346569 ns, Reaching safepoint: 147402 ns, At safepoint: 7400 ns, Total: 154802 ns
[128.319s][info ][safepoint      ] Safepoint "Cleanup", Time since last: 1000111073 ns, Reaching safepoint: 130402 ns, At safepoint: 5900 ns, Total: 136302 ns
[129.319s][info ][safepoint      ] Safepoint "Cleanup", Time since last: 1000109182 ns, Reaching safepoint: 118101 ns, At safepoint: 10801 ns, Total: 128902 ns
[129.323s][info ][gc,start       ] GC(21) Pause Young (Allocation Failure)
[129.360s][debug][gc,phases      ] GC(21) Scavenge 36.934ms
[129.360s][debug][gc,ref         ] GC(21) Skipped phase 1 of Reference Processing: no references
[129.360s][debug][gc,ref         ] GC(21) Skipped phase 2 of Reference Processing: no references
[129.360s][debug][gc,ref         ] GC(21) Skipped phase 3 of Reference Processing: no references
[129.360s][debug][gc,ref         ] GC(21) ReferenceProcessor::execute queues: 1, RefProcThreadModel::Single, marks_oops_alive: false
[129.360s][debug][gc,phases      ] GC(21) Reference Processing 0.094ms
[129.361s][debug][gc,phases      ] GC(21)   VM Weak                        Min:  0.0, Avg:  0.0, Max:  0.0, Diff:  0.0, Sum:  0.0, Workers: 4
[129.361s][debug][gc,phases      ] GC(21)     Dead                           Min: 0, Avg:  0.0, Max: 0, Diff: 0, Sum: 0, Workers: 4
[129.361s][debug][gc,phases      ] GC(21)     Total                          Min: 0, Avg: 212.8, Max: 723, Diff: 723, Sum: 851, Workers: 4
[129.361s][debug][gc,phases      ] GC(21)   ObjectSynchronizer Weak        Min:  0.0, Avg:  0.0, Max:  0.0, Diff:  0.0, Sum:  0.0, Workers: 4
[129.361s][debug][gc,phases      ] GC(21)     Dead                           Min: 0, Avg:  0.0, Max: 0, Diff: 0, Sum: 0, Workers: 4
[129.361s][debug][gc,phases      ] GC(21)     Total                          Min: 0, Avg: 11.0, Max: 44, Diff: 44, Sum: 44, Workers: 4
[129.361s][debug][gc,phases      ] GC(21)   JVMTI Tag Weak OopStorage      Min:  0.0, Avg:  0.0, Max:  0.0, Diff:  0.0, Sum:  0.0, Workers: 4
[129.361s][debug][gc,phases      ] GC(21)     Dead                           Min: 0, Avg:  0.0, Max: 0, Diff: 0, Sum: 0, Workers: 4
[129.361s][debug][gc,phases      ] GC(21)     Total                          Min: 0, Avg:  0.0, Max: 0, Diff: 0, Sum: 0, Workers: 4
[129.361s][debug][gc,phases      ] GC(21)   StringTable Weak               Min:  0.0, Avg:  0.1, Max:  0.1, Diff:  0.1, Sum:  0.3, Workers: 4
[129.361s][debug][gc,phases      ] GC(21)     Dead                           Min: 0, Avg:  0.0, Max: 0, Diff: 0, Sum: 0, Workers: 4
[129.361s][debug][gc,phases      ] GC(21)     Total                          Min: 0, Avg: 10742.8, Max: 18779, Diff: 18779, Sum: 42971, Workers: 4
[129.361s][debug][gc,phases      ] GC(21)   ResolvedMethodTable Weak       Min:  0.0, Avg:  0.0, Max:  0.0, Diff:  0.0, Sum:  0.1, Workers: 4
[129.361s][debug][gc,phases      ] GC(21)     Dead                           Min: 0, Avg:  0.0, Max: 0, Diff: 0, Sum: 0, Workers: 4
[129.361s][debug][gc,phases      ] GC(21)     Total                          Min: 0, Avg: 2295.0, Max: 4287, Diff: 4287, Sum: 9180, Workers: 4
[129.361s][debug][gc,phases      ] GC(21)   JNI Weak                       Min:  0.0, Avg:  0.0, Max:  0.0, Diff:  0.0, Sum:  0.0, Workers: 4
[129.361s][debug][gc,phases      ] GC(21)     Dead                           Min: 0, Avg:  0.0, Max: 0, Diff: 0, Sum: 0, Workers: 4
[129.361s][debug][gc,phases      ] GC(21)     Total                          Min: 0, Avg: 11.2, Max: 45, Diff: 45, Sum: 45, Workers: 4
[129.361s][debug][gc,phases      ] GC(21)   StringDedup Table Weak         Min:  0.0, Avg:  0.0, Max:  0.0, Diff:  0.0, Sum:  0.0, Workers: 4
[129.361s][debug][gc,phases      ] GC(21)     Dead                           Min: 0, Avg:  0.0, Max: 0, Diff: 0, Sum: 0, Workers: 4
[129.361s][debug][gc,phases      ] GC(21)     Total                          Min: 0, Avg:  0.0, Max: 0, Diff: 0, Sum: 0, Workers: 4
[129.361s][debug][gc,phases      ] GC(21)   StringDedup Requests0 Weak     Min:  0.0, Avg:  0.0, Max:  0.0, Diff:  0.0, Sum:  0.0, Workers: 4
[129.361s][debug][gc,phases      ] GC(21)     Dead                           Min: 0, Avg:  0.0, Max: 0, Diff: 0, Sum: 0, Workers: 4
[129.361s][debug][gc,phases      ] GC(21)     Total                          Min: 0, Avg:  0.0, Max: 0, Diff: 0, Sum: 0, Workers: 4
[129.361s][debug][gc,phases      ] GC(21)   StringDedup Requests1 Weak     Min:  0.0, Avg:  0.0, Max:  0.0, Diff:  0.0, Sum:  0.0, Workers: 4
[129.361s][debug][gc,phases      ] GC(21)     Dead                           Min: 0, Avg:  0.0, Max: 0, Diff: 0, Sum: 0, Workers: 4
[129.361s][debug][gc,phases      ] GC(21)     Total                          Min: 0, Avg:  0.0, Max: 0, Diff: 0, Sum: 0, Workers: 4
[129.361s][debug][gc,phases      ] GC(21)   Weak JFR Old Object Samples    Min:  0.0, Avg:  0.0, Max:  0.0, Diff:  0.0, Sum:  0.0, Workers: 4
[129.361s][debug][gc,phases      ] GC(21)     Dead                           Min: 0, Avg:  0.0, Max: 0, Diff: 0, Sum: 0, Workers: 4
[129.361s][debug][gc,phases      ] GC(21)     Total                          Min: 0, Avg:  0.0, Max: 0, Diff: 0, Sum: 0, Workers: 4
[129.361s][debug][gc,phases      ] GC(21) Weak Processing 0.322ms
[129.361s][debug][gc,age         ] GC(21) Desired survivor size 536870912 bytes, new threshold 1 (max threshold 15)
[129.361s][info ][gc,heap        ] GC(21) PSYoungGen: 1079413K(1572864K)->50304K(1572864K) Eden: 1048576K(1048576K)->0K(1048576K) From: 30837K(524288K)->50304K(524288K)
[129.361s][info ][gc,heap        ] GC(21) ParOldGen: 409424K(540672K)->434124K(540672K)
[129.361s][info ][gc,metaspace   ] GC(21) Metaspace: 80238K(81280K)->80238K(81280K) NonClass: 68734K(69312K)->68734K(69312K) Class: 11504K(11968K)->11504K(11968K)
[129.361s][info ][gc             ] GC(21) Pause Young (Allocation Failure) 1453M->473M(2064M) 37.460ms
[129.361s][info ][gc,cpu         ] GC(21) User=0.10s Sys=0.00s Real=0.04s
[129.361s][info ][safepoint      ] Safepoint "ParallelGCFailedAllocation", Time since last: 3865155 ns, Reaching safepoint: 88401 ns, At safepoint: 37530940 ns, Total: 37619341 ns
[130.361s][info ][safepoint      ] Safepoint "Cleanup", Time since last: 1000081290 ns, Reaching safepoint: 171103 ns, At safepoint: 7800 ns, Total: 178903 ns
[131.361s][info ][safepoint      ] Safepoint "Cleanup", Time since last: 1000113099 ns, Reaching safepoint: 147202 ns, At safepoint: 7400 ns, Total: 154602 ns
[131.933s][info ][gc,start       ] GC(22) Pause Young (Allocation Failure)
[131.952s][debug][gc,phases      ] GC(22) Scavenge 18.695ms
[131.952s][debug][gc,ref         ] GC(22) Skipped phase 1 of Reference Processing: no references
[131.952s][debug][gc,ref         ] GC(22) ReferenceProcessor::execute queues: 1, RefProcThreadModel::Single, marks_oops_alive: false
[131.952s][debug][gc,ref         ] GC(22) Skipped phase 3 of Reference Processing: no references
[131.952s][debug][gc,ref         ] GC(22) ReferenceProcessor::execute queues: 1, RefProcThreadModel::Single, marks_oops_alive: false
[131.952s][debug][gc,phases      ] GC(22) Reference Processing 0.106ms
[131.952s][debug][gc,phases      ] GC(22)   VM Weak                        Min:  0.0, Avg:  0.0, Max:  0.0, Diff:  0.0, Sum:  0.0, Workers: 4
[131.952s][debug][gc,phases      ] GC(22)     Dead                           Min: 0, Avg:  0.0, Max: 0, Diff: 0, Sum: 0, Workers: 4
[131.952s][debug][gc,phases      ] GC(22)     Total                          Min: 0, Avg: 212.8, Max: 512, Diff: 512, Sum: 851, Workers: 4
[131.952s][debug][gc,phases      ] GC(22)   ObjectSynchronizer Weak        Min:  0.0, Avg:  0.0, Max:  0.0, Diff:  0.0, Sum:  0.0, Workers: 4
[131.952s][debug][gc,phases      ] GC(22)     Dead                           Min: 0, Avg:  0.0, Max: 0, Diff: 0, Sum: 0, Workers: 4
[131.952s][debug][gc,phases      ] GC(22)     Total                          Min: 0, Avg: 11.0, Max: 44, Diff: 44, Sum: 44, Workers: 4
[131.952s][debug][gc,phases      ] GC(22)   JVMTI Tag Weak OopStorage      Min:  0.0, Avg:  0.0, Max:  0.0, Diff:  0.0, Sum:  0.0, Workers: 4
[131.952s][debug][gc,phases      ] GC(22)     Dead                           Min: 0, Avg:  0.0, Max: 0, Diff: 0, Sum: 0, Workers: 4
[131.952s][debug][gc,phases      ] GC(22)     Total                          Min: 0, Avg:  0.0, Max: 0, Diff: 0, Sum: 0, Workers: 4
[131.952s][debug][gc,phases      ] GC(22)   StringTable Weak               Min:  0.0, Avg:  0.1, Max:  0.1, Diff:  0.1, Sum:  0.4, Workers: 4
[131.952s][debug][gc,phases      ] GC(22)     Dead                           Min: 0, Avg:  0.0, Max: 0, Diff: 0, Sum: 0, Workers: 4
[131.952s][debug][gc,phases      ] GC(22)     Total                          Min: 0, Avg: 10744.0, Max: 18176, Diff: 18176, Sum: 42976, Workers: 4
[131.952s][debug][gc,phases      ] GC(22)   ResolvedMethodTable Weak       Min:  0.0, Avg:  0.0, Max:  0.0, Diff:  0.0, Sum:  0.1, Workers: 4
[131.952s][debug][gc,phases      ] GC(22)     Dead                           Min: 0, Avg:  0.0, Max: 0, Diff: 0, Sum: 0, Workers: 4
[131.952s][debug][gc,phases      ] GC(22)     Total                          Min: 0, Avg: 2295.5, Max: 3904, Diff: 3904, Sum: 9182, Workers: 4
[131.952s][debug][gc,phases      ] GC(22)   JNI Weak                       Min:  0.0, Avg:  0.0, Max:  0.0, Diff:  0.0, Sum:  0.0, Workers: 4
[131.952s][debug][gc,phases      ] GC(22)     Dead                           Min: 0, Avg:  0.0, Max: 0, Diff: 0, Sum: 0, Workers: 4
[131.952s][debug][gc,phases      ] GC(22)     Total                          Min: 0, Avg: 11.2, Max: 45, Diff: 45, Sum: 45, Workers: 4
[131.952s][debug][gc,phases      ] GC(22)   StringDedup Table Weak         Min:  0.0, Avg:  0.0, Max:  0.0, Diff:  0.0, Sum:  0.0, Workers: 4
[131.952s][debug][gc,phases      ] GC(22)     Dead                           Min: 0, Avg:  0.0, Max: 0, Diff: 0, Sum: 0, Workers: 4
[131.952s][debug][gc,phases      ] GC(22)     Total                          Min: 0, Avg:  0.0, Max: 0, Diff: 0, Sum: 0, Workers: 4
[131.952s][debug][gc,phases      ] GC(22)   StringDedup Requests0 Weak     Min:  0.0, Avg:  0.0, Max:  0.0, Diff:  0.0, Sum:  0.0, Workers: 4
[131.952s][debug][gc,phases      ] GC(22)     Dead                           Min: 0, Avg:  0.0, Max: 0, Diff: 0, Sum: 0, Workers: 4
[131.952s][debug][gc,phases      ] GC(22)     Total                          Min: 0, Avg:  0.0, Max: 0, Diff: 0, Sum: 0, Workers: 4
[131.952s][debug][gc,phases      ] GC(22)   StringDedup Requests1 Weak     Min:  0.0, Avg:  0.0, Max:  0.0, Diff:  0.0, Sum:  0.0, Workers: 4
[131.952s][debug][gc,phases      ] GC(22)     Dead                           Min: 0, Avg:  0.0, Max: 0, Diff: 0, Sum: 0, Workers: 4
[131.952s][debug][gc,phases      ] GC(22)     Total                          Min: 0, Avg:  0.0, Max: 0, Diff: 0, Sum: 0, Workers: 4
[131.952s][debug][gc,phases      ] GC(22)   Weak JFR Old Object Samples    Min:  0.0, Avg:  0.0, Max:  0.0, Diff:  0.0, Sum:  0.0, Workers: 4
[131.952s][debug][gc,phases      ] GC(22)     Dead                           Min: 0, Avg:  0.0, Max: 0, Diff: 0, Sum: 0, Workers: 4
[131.952s][debug][gc,phases      ] GC(22)     Total                          Min: 0, Avg:  0.0, Max: 0, Diff: 0, Sum: 0, Workers: 4
[131.952s][debug][gc,phases      ] GC(22) Weak Processing 0.317ms
[131.952s][debug][gc,age         ] GC(22) Desired survivor size 536870912 bytes, new threshold 1 (max threshold 15)
[131.952s][info ][gc,heap        ] GC(22) PSYoungGen: 1098880K(1572864K)->30016K(1572864K) Eden: 1048576K(1048576K)->0K(1048576K) From: 50304K(524288K)->30016K(524288K)
[131.952s][info ][gc,heap        ] GC(22) ParOldGen: 434124K(540672K)->447765K(540672K)
[131.952s][info ][gc,metaspace   ] GC(22) Metaspace: 80273K(81344K)->80273K(81344K) NonClass: 68767K(69376K)->68767K(69376K) Class: 11506K(11968K)->11506K(11968K)
[131.952s][info ][gc             ] GC(22) Pause Young (Allocation Failure) 1497M->466M(2064M) 19.238ms
[131.952s][info ][gc,cpu         ] GC(22) User=0.05s Sys=0.01s Real=0.01s
[131.952s][info ][safepoint      ] Safepoint "ParallelGCFailedAllocation", Time since last: 571498832 ns, Reaching safepoint: 53000 ns, At safepoint: 19313079 ns, Total: 19366079 ns
[132.953s][info ][safepoint      ] Safepoint "Cleanup", Time since last: 1000087411 ns, Reaching safepoint: 124302 ns, At safepoint: 8000 ns, Total: 132302 ns
[133.953s][info ][safepoint      ] Safepoint "Cleanup", Time since last: 1000111821 ns, Reaching safepoint: 70201 ns, At safepoint: 5600 ns, Total: 75801 ns
[135.591s][info ][gc,start       ] GC(23) Pause Young (Allocation Failure)
[135.612s][debug][gc,phases      ] GC(23) Scavenge 20.989ms
[135.612s][debug][gc,ref         ] GC(23) Skipped phase 1 of Reference Processing: no references
[135.612s][debug][gc,ref         ] GC(23) Skipped phase 2 of Reference Processing: no references
[135.612s][debug][gc,ref         ] GC(23) Skipped phase 3 of Reference Processing: no references
[135.612s][debug][gc,ref         ] GC(23) Skipped phase 4 of Reference Processing: no references
[135.612s][debug][gc,phases      ] GC(23) Reference Processing 0.023ms
[135.612s][debug][gc,phases      ] GC(23)   VM Weak                        Min:  0.0, Avg:  0.0, Max:  0.0, Diff:  0.0, Sum:  0.0, Workers: 4
[135.612s][debug][gc,phases      ] GC(23)     Dead                           Min: 0, Avg:  0.0, Max: 0, Diff: 0, Sum: 0, Workers: 4
[135.612s][debug][gc,phases      ] GC(23)     Total                          Min: 0, Avg: 212.8, Max: 851, Diff: 851, Sum: 851, Workers: 4
[135.612s][debug][gc,phases      ] GC(23)   ObjectSynchronizer Weak        Min:  0.0, Avg:  0.0, Max:  0.0, Diff:  0.0, Sum:  0.0, Workers: 4
[135.612s][debug][gc,phases      ] GC(23)     Dead                           Min: 0, Avg:  0.0, Max: 0, Diff: 0, Sum: 0, Workers: 4
[135.612s][debug][gc,phases      ] GC(23)     Total                          Min: 0, Avg: 11.0, Max: 44, Diff: 44, Sum: 44, Workers: 4
[135.612s][debug][gc,phases      ] GC(23)   JVMTI Tag Weak OopStorage      Min:  0.0, Avg:  0.0, Max:  0.0, Diff:  0.0, Sum:  0.0, Workers: 4
[135.612s][debug][gc,phases      ] GC(23)     Dead                           Min: 0, Avg:  0.0, Max: 0, Diff: 0, Sum: 0, Workers: 4
[135.612s][debug][gc,phases      ] GC(23)     Total                          Min: 0, Avg:  0.0, Max: 0, Diff: 0, Sum: 0, Workers: 4
[135.612s][debug][gc,phases      ] GC(23)   StringTable Weak               Min:  0.1, Avg:  0.1, Max:  0.1, Diff:  0.0, Sum:  0.4, Workers: 4
[135.612s][debug][gc,phases      ] GC(23)     Dead                           Min: 0, Avg:  0.0, Max: 0, Diff: 0, Sum: 0, Workers: 4
[135.612s][debug][gc,phases      ] GC(23)     Total                          Min: 9664, Avg: 10747.2, Max: 11885, Diff: 2221, Sum: 42989, Workers: 4
[135.612s][debug][gc,phases      ] GC(23)   ResolvedMethodTable Weak       Min:  0.0, Avg:  0.0, Max:  0.0, Diff:  0.0, Sum:  0.1, Workers: 4
[135.612s][debug][gc,phases      ] GC(23)     Dead                           Min: 0, Avg:  0.0, Max: 0, Diff: 0, Sum: 0, Workers: 4
[135.612s][debug][gc,phases      ] GC(23)     Total                          Min: 2144, Avg: 2295.5, Max: 2496, Diff: 352, Sum: 9182, Workers: 4
[135.612s][debug][gc,phases      ] GC(23)   JNI Weak                       Min:  0.0, Avg:  0.0, Max:  0.0, Diff:  0.0, Sum:  0.0, Workers: 4
[135.612s][debug][gc,phases      ] GC(23)     Dead                           Min: 0, Avg:  0.0, Max: 0, Diff: 0, Sum: 0, Workers: 4
[135.612s][debug][gc,phases      ] GC(23)     Total                          Min: 0, Avg: 11.2, Max: 45, Diff: 45, Sum: 45, Workers: 4
[135.612s][debug][gc,phases      ] GC(23)   StringDedup Table Weak         Min:  0.0, Avg:  0.0, Max:  0.0, Diff:  0.0, Sum:  0.0, Workers: 4
[135.612s][debug][gc,phases      ] GC(23)     Dead                           Min: 0, Avg:  0.0, Max: 0, Diff: 0, Sum: 0, Workers: 4
[135.612s][debug][gc,phases      ] GC(23)     Total                          Min: 0, Avg:  0.0, Max: 0, Diff: 0, Sum: 0, Workers: 4
[135.612s][debug][gc,phases      ] GC(23)   StringDedup Requests0 Weak     Min:  0.0, Avg:  0.0, Max:  0.0, Diff:  0.0, Sum:  0.0, Workers: 4
[135.612s][debug][gc,phases      ] GC(23)     Dead                           Min: 0, Avg:  0.0, Max: 0, Diff: 0, Sum: 0, Workers: 4
[135.612s][debug][gc,phases      ] GC(23)     Total                          Min: 0, Avg:  0.0, Max: 0, Diff: 0, Sum: 0, Workers: 4
[135.612s][debug][gc,phases      ] GC(23)   StringDedup Requests1 Weak     Min:  0.0, Avg:  0.0, Max:  0.0, Diff:  0.0, Sum:  0.0, Workers: 4
[135.612s][debug][gc,phases      ] GC(23)     Dead                           Min: 0, Avg:  0.0, Max: 0, Diff: 0, Sum: 0, Workers: 4
[135.612s][debug][gc,phases      ] GC(23)     Total                          Min: 0, Avg:  0.0, Max: 0, Diff: 0, Sum: 0, Workers: 4
[135.612s][debug][gc,phases      ] GC(23)   Weak JFR Old Object Samples    Min:  0.0, Avg:  0.0, Max:  0.0, Diff:  0.0, Sum:  0.0, Workers: 4
[135.612s][debug][gc,phases      ] GC(23)     Dead                           Min: 0, Avg:  0.0, Max: 0, Diff: 0, Sum: 0, Workers: 4
[135.612s][debug][gc,phases      ] GC(23)     Total                          Min: 0, Avg:  0.0, Max: 0, Diff: 0, Sum: 0, Workers: 4
[135.612s][debug][gc,phases      ] GC(23) Weak Processing 0.279ms
[135.612s][debug][gc,age         ] GC(23) Desired survivor size 536870912 bytes, new threshold 1 (max threshold 15)
[135.612s][info ][gc,heap        ] GC(23) PSYoungGen: 1078592K(1572864K)->34416K(1572864K) Eden: 1048576K(1048576K)->0K(1048576K) From: 30016K(524288K)->34416K(524288K)
[135.612s][info ][gc,heap        ] GC(23) ParOldGen: 447765K(540672K)->477065K(540672K)
[135.612s][info ][gc,metaspace   ] GC(23) Metaspace: 80289K(81344K)->80289K(81344K) NonClass: 68783K(69376K)->68783K(69376K) Class: 11506K(11968K)->11506K(11968K)
[135.612s][info ][gc             ] GC(23) Pause Young (Allocation Failure) 1490M->499M(2064M) 21.402ms
[135.612s][info ][gc,cpu         ] GC(23) User=0.05s Sys=0.04s Real=0.02s
[135.612s][debug][gc,phases      ] GC(24) Pre Compact 0.008ms
[135.612s][info ][gc,start       ] GC(24) Pause Full (Ergonomics)
[135.612s][info ][gc,phases,start] GC(24) Marking Phase
[135.750s][debug][gc,phases      ] GC(24) Par Mark 138.157ms
[135.750s][debug][gc,ref         ] GC(24) Skipped phase 1 of Reference Processing: no references
[135.751s][debug][gc,ref         ] GC(24) ReferenceProcessor::execute queues: 4, RefProcThreadModel::Multi, marks_oops_alive: false
[135.751s][debug][gc,ref         ] GC(24) Skipped phase 3 of Reference Processing: no references
[135.751s][debug][gc,ref         ] GC(24) ReferenceProcessor::execute queues: 1, RefProcThreadModel::Single, marks_oops_alive: false
[135.751s][debug][gc,phases      ] GC(24) Reference Processing 0.405ms
[135.751s][debug][gc,phases      ] GC(24)   VM Weak                        Min:  0.0, Avg:  0.0, Max:  0.0, Diff:  0.0, Sum:  0.0, Workers: 4
[135.751s][debug][gc,phases      ] GC(24)     Dead                           Min: 0, Avg:  0.0, Max: 0, Diff: 0, Sum: 0, Workers: 4
[135.751s][debug][gc,phases      ] GC(24)     Total                          Min: 0, Avg: 212.8, Max: 403, Diff: 403, Sum: 851, Workers: 4
[135.751s][debug][gc,phases      ] GC(24)   ObjectSynchronizer Weak        Min:  0.0, Avg:  0.0, Max:  0.0, Diff:  0.0, Sum:  0.0, Workers: 4
[135.751s][debug][gc,phases      ] GC(24)     Dead                           Min: 0, Avg:  0.0, Max: 0, Diff: 0, Sum: 0, Workers: 4
[135.751s][debug][gc,phases      ] GC(24)     Total                          Min: 0, Avg: 11.0, Max: 44, Diff: 44, Sum: 44, Workers: 4
[135.751s][debug][gc,phases      ] GC(24)   JVMTI Tag Weak OopStorage      Min:  0.0, Avg:  0.0, Max:  0.0, Diff:  0.0, Sum:  0.0, Workers: 4
[135.751s][debug][gc,phases      ] GC(24)     Dead                           Min: 0, Avg:  0.0, Max: 0, Diff: 0, Sum: 0, Workers: 4
[135.751s][debug][gc,phases      ] GC(24)     Total                          Min: 0, Avg:  0.0, Max: 0, Diff: 0, Sum: 0, Workers: 4
[135.751s][debug][gc,phases      ] GC(24)   StringTable Weak               Min:  0.0, Avg:  0.1, Max:  0.2, Diff:  0.2, Sum:  0.5, Workers: 4
[135.751s][debug][gc,phases      ] GC(24)     Dead                           Min: 0, Avg:  0.0, Max: 0, Diff: 0, Sum: 0, Workers: 4
[135.751s][debug][gc,phases      ] GC(24)     Total                          Min: 0, Avg: 10747.2, Max: 16301, Diff: 16301, Sum: 42989, Workers: 4
[135.751s][debug][gc,phases      ] GC(24)   ResolvedMethodTable Weak       Min:  0.0, Avg:  0.0, Max:  0.0, Diff:  0.0, Sum:  0.1, Workers: 4
[135.751s][debug][gc,phases      ] GC(24)     Dead                           Min: 0, Avg:  0.0, Max: 0, Diff: 0, Sum: 0, Workers: 4
[135.751s][debug][gc,phases      ] GC(24)     Total                          Min: 0, Avg: 2295.5, Max: 3327, Diff: 3327, Sum: 9182, Workers: 4
[135.751s][debug][gc,phases      ] GC(24)   JNI Weak                       Min:  0.0, Avg:  0.0, Max:  0.0, Diff:  0.0, Sum:  0.0, Workers: 4
[135.751s][debug][gc,phases      ] GC(24)     Dead                           Min: 0, Avg:  0.0, Max: 0, Diff: 0, Sum: 0, Workers: 4
[135.751s][debug][gc,phases      ] GC(24)     Total                          Min: 0, Avg: 11.2, Max: 45, Diff: 45, Sum: 45, Workers: 4
[135.751s][debug][gc,phases      ] GC(24)   StringDedup Table Weak         Min:  0.0, Avg:  0.0, Max:  0.0, Diff:  0.0, Sum:  0.0, Workers: 4
[135.751s][debug][gc,phases      ] GC(24)     Dead                           Min: 0, Avg:  0.0, Max: 0, Diff: 0, Sum: 0, Workers: 4
[135.751s][debug][gc,phases      ] GC(24)     Total                          Min: 0, Avg:  0.0, Max: 0, Diff: 0, Sum: 0, Workers: 4
[135.751s][debug][gc,phases      ] GC(24)   StringDedup Requests0 Weak     Min:  0.0, Avg:  0.0, Max:  0.0, Diff:  0.0, Sum:  0.0, Workers: 4
[135.751s][debug][gc,phases      ] GC(24)     Dead                           Min: 0, Avg:  0.0, Max: 0, Diff: 0, Sum: 0, Workers: 4
[135.751s][debug][gc,phases      ] GC(24)     Total                          Min: 0, Avg:  0.0, Max: 0, Diff: 0, Sum: 0, Workers: 4
[135.751s][debug][gc,phases      ] GC(24)   StringDedup Requests1 Weak     Min:  0.0, Avg:  0.0, Max:  0.0, Diff:  0.0, Sum:  0.0, Workers: 4
[135.751s][debug][gc,phases      ] GC(24)     Dead                           Min: 0, Avg:  0.0, Max: 0, Diff: 0, Sum: 0, Workers: 4
[135.751s][debug][gc,phases      ] GC(24)     Total                          Min: 0, Avg:  0.0, Max: 0, Diff: 0, Sum: 0, Workers: 4
[135.751s][debug][gc,phases      ] GC(24)   Weak JFR Old Object Samples    Min:  0.0, Avg:  0.0, Max:  0.0, Diff:  0.0, Sum:  0.0, Workers: 4
[135.751s][debug][gc,phases      ] GC(24)     Dead                           Min: 0, Avg:  0.0, Max: 0, Diff: 0, Sum: 0, Workers: 4
[135.751s][debug][gc,phases      ] GC(24)     Total                          Min: 0, Avg:  0.0, Max: 0, Diff: 0, Sum: 0, Workers: 4
[135.751s][debug][gc,phases      ] GC(24) Weak Processing 0.381ms
[135.751s][debug][gc,phases      ] GC(24) ClassLoaderData 0.108ms
[135.751s][debug][gc,phases      ] GC(24) Trigger cleanups 0.000ms
[135.767s][debug][gc,phases      ] GC(24) Class Unloading 15.387ms
[135.767s][info ][gc,phases      ] GC(24) Marking Phase 154.490ms
[135.767s][info ][gc,phases,start] GC(24) Summary Phase
[135.767s][info ][gc,phases      ] GC(24) Summary Phase 0.014ms
[135.767s][info ][gc,phases,start] GC(24) Adjust Roots
[135.777s][info ][gc,phases      ] GC(24) Adjust Roots 10.423ms
[135.777s][info ][gc,phases,start] GC(24) Compaction Phase
[135.919s][info ][gc,phases      ] GC(24) Compaction Phase 141.557ms
[135.919s][info ][gc,phases,start] GC(24) Post Compact
[135.920s][info ][gc,phases      ] GC(24) Post Compact 1.023ms
[135.920s][info ][gc,heap        ] GC(24) PSYoungGen: 34416K(1572864K)->0K(1572864K) Eden: 0K(1048576K)->0K(1048576K) From: 34416K(524288K)->0K(524288K)
[135.920s][info ][gc,heap        ] GC(24) ParOldGen: 477065K(540672K)->460007K(597504K)
[135.920s][info ][gc,metaspace   ] GC(24) Metaspace: 80289K(81344K)->80289K(81344K) NonClass: 68783K(69376K)->68783K(69376K) Class: 11506K(11968K)->11506K(11968K)
[135.920s][info ][gc             ] GC(24) Pause Full (Ergonomics) 499M->449M(2119M) 307.700ms
[135.920s][info ][gc,cpu         ] GC(24) User=0.96s Sys=0.01s Real=0.31s
[135.920s][info ][safepoint      ] Safepoint "ParallelGCFailedAllocation", Time since last: 1637794032 ns, Reaching safepoint: 81001 ns, At safepoint: 329223654 ns, Total: 329304655 ns
[136.920s][info ][safepoint      ] Safepoint "Cleanup", Time since last: 1000113445 ns, Reaching safepoint: 126902 ns, At safepoint: 5800 ns, Total: 132702 ns
[137.920s][info ][safepoint      ] Safepoint "Cleanup", Time since last: 1000111454 ns, Reaching safepoint: 113201 ns, At safepoint: 6200 ns, Total: 119401 ns
[138.921s][info ][safepoint      ] Safepoint "Cleanup", Time since last: 1000099762 ns, Reaching safepoint: 127702 ns, At safepoint: 5700 ns, Total: 133402 ns
[139.921s][info ][safepoint      ] Safepoint "Cleanup", Time since last: 1000110970 ns, Reaching safepoint: 136002 ns, At safepoint: 6700 ns, Total: 142702 ns
[140.921s][info ][safepoint      ] Safepoint "Cleanup", Time since last: 1000108278 ns, Reaching safepoint: 112301 ns, At safepoint: 7500 ns, Total: 119801 ns
[141.921s][info ][safepoint      ] Safepoint "Cleanup", Time since last: 1000069086 ns, Reaching safepoint: 112702 ns, At safepoint: 7700 ns, Total: 120402 ns
[142.921s][info ][safepoint      ] Safepoint "Cleanup", Time since last: 1000121095 ns, Reaching safepoint: 125401 ns, At safepoint: 5600 ns, Total: 131001 ns
[143.675s][info ][safepoint      ] Safepoint "ParallelGCFailedAllocation", Time since last: 753137120 ns, Reaching safepoint: 64001 ns, At safepoint: 11300 ns, Total: 75301 ns
[143.675s][info ][gc,start       ] GC(25) Pause Young (GCLocker Initiated GC)
[143.687s][debug][gc,phases      ] GC(25) Scavenge 12.014ms
[143.687s][debug][gc,ref         ] GC(25) Skipped phase 1 of Reference Processing: no references
[143.687s][debug][gc,ref         ] GC(25) ReferenceProcessor::execute queues: 1, RefProcThreadModel::Single, marks_oops_alive: false
[143.687s][debug][gc,ref         ] GC(25) Skipped phase 3 of Reference Processing: no references
[143.687s][debug][gc,ref         ] GC(25) ReferenceProcessor::execute queues: 1, RefProcThreadModel::Single, marks_oops_alive: false
[143.687s][debug][gc,phases      ] GC(25) Reference Processing 0.105ms
[143.687s][debug][gc,phases      ] GC(25)   VM Weak                        Min:  0.0, Avg:  0.1, Max:  0.2, Diff:  0.2, Sum:  0.5, Workers: 4
[143.687s][debug][gc,phases      ] GC(25)     Dead                           Min: 0, Avg:  0.0, Max: 0, Diff: 0, Sum: 0, Workers: 4
[143.687s][debug][gc,phases      ] GC(25)     Total                          Min: 0, Avg: 214.0, Max: 448, Diff: 448, Sum: 856, Workers: 4
[143.687s][debug][gc,phases      ] GC(25)   ObjectSynchronizer Weak        Min:  0.0, Avg:  0.0, Max:  0.0, Diff:  0.0, Sum:  0.0, Workers: 4
[143.687s][debug][gc,phases      ] GC(25)     Dead                           Min: 0, Avg:  0.0, Max: 0, Diff: 0, Sum: 0, Workers: 4
[143.687s][debug][gc,phases      ] GC(25)     Total                          Min: 0, Avg: 11.0, Max: 44, Diff: 44, Sum: 44, Workers: 4
[143.687s][debug][gc,phases      ] GC(25)   JVMTI Tag Weak OopStorage      Min:  0.0, Avg:  0.0, Max:  0.0, Diff:  0.0, Sum:  0.0, Workers: 4
[143.687s][debug][gc,phases      ] GC(25)     Dead                           Min: 0, Avg:  0.0, Max: 0, Diff: 0, Sum: 0, Workers: 4
[143.687s][debug][gc,phases      ] GC(25)     Total                          Min: 0, Avg:  0.0, Max: 0, Diff: 0, Sum: 0, Workers: 4
[143.687s][debug][gc,phases      ] GC(25)   StringTable Weak               Min:  0.0, Avg:  0.1, Max:  0.2, Diff:  0.2, Sum:  0.4, Workers: 4
[143.687s][debug][gc,phases      ] GC(25)     Dead                           Min: 0, Avg:  0.5, Max: 1, Diff: 1, Sum: 2, Workers: 4
[143.687s][debug][gc,phases      ] GC(25)     Total                          Min: 0, Avg: 10754.2, Max: 22464, Diff: 22464, Sum: 43017, Workers: 4
[143.687s][debug][gc,phases      ] GC(25)   ResolvedMethodTable Weak       Min:  0.0, Avg:  0.0, Max:  0.0, Diff:  0.0, Sum:  0.1, Workers: 4
[143.687s][debug][gc,phases      ] GC(25)     Dead                           Min: 0, Avg:  0.0, Max: 0, Diff: 0, Sum: 0, Workers: 4
[143.687s][debug][gc,phases      ] GC(25)     Total                          Min: 0, Avg: 2300.5, Max: 4724, Diff: 4724, Sum: 9202, Workers: 4
[143.687s][debug][gc,phases      ] GC(25)   JNI Weak                       Min:  0.0, Avg:  0.0, Max:  0.0, Diff:  0.0, Sum:  0.0, Workers: 4
[143.687s][debug][gc,phases      ] GC(25)     Dead                           Min: 0, Avg:  0.0, Max: 0, Diff: 0, Sum: 0, Workers: 4
[143.687s][debug][gc,phases      ] GC(25)     Total                          Min: 0, Avg: 11.2, Max: 45, Diff: 45, Sum: 45, Workers: 4
[143.687s][debug][gc,phases      ] GC(25)   StringDedup Table Weak         Min:  0.0, Avg:  0.0, Max:  0.0, Diff:  0.0, Sum:  0.0, Workers: 4
[143.687s][debug][gc,phases      ] GC(25)     Dead                           Min: 0, Avg:  0.0, Max: 0, Diff: 0, Sum: 0, Workers: 4
[143.687s][debug][gc,phases      ] GC(25)     Total                          Min: 0, Avg:  0.0, Max: 0, Diff: 0, Sum: 0, Workers: 4
[143.687s][debug][gc,phases      ] GC(25)   StringDedup Requests0 Weak     Min:  0.0, Avg:  0.0, Max:  0.0, Diff:  0.0, Sum:  0.0, Workers: 4
[143.687s][debug][gc,phases      ] GC(25)     Dead                           Min: 0, Avg:  0.0, Max: 0, Diff: 0, Sum: 0, Workers: 4
[143.687s][debug][gc,phases      ] GC(25)     Total                          Min: 0, Avg:  0.0, Max: 0, Diff: 0, Sum: 0, Workers: 4
[143.687s][debug][gc,phases      ] GC(25)   StringDedup Requests1 Weak     Min:  0.0, Avg:  0.0, Max:  0.0, Diff:  0.0, Sum:  0.0, Workers: 4
[143.687s][debug][gc,phases      ] GC(25)     Dead                           Min: 0, Avg:  0.0, Max: 0, Diff: 0, Sum: 0, Workers: 4
[143.687s][debug][gc,phases      ] GC(25)     Total                          Min: 0, Avg:  0.0, Max: 0, Diff: 0, Sum: 0, Workers: 4
[143.687s][debug][gc,phases      ] GC(25)   Weak JFR Old Object Samples    Min:  0.0, Avg:  0.0, Max:  0.0, Diff:  0.0, Sum:  0.0, Workers: 4
[143.687s][debug][gc,phases      ] GC(25)     Dead                           Min: 0, Avg:  0.0, Max: 0, Diff: 0, Sum: 0, Workers: 4
[143.687s][debug][gc,phases      ] GC(25)     Total                          Min: 0, Avg:  0.0, Max: 0, Diff: 0, Sum: 0, Workers: 4
[143.687s][debug][gc,phases      ] GC(25) Weak Processing 0.487ms
[143.687s][debug][gc,age         ] GC(25) Desired survivor size 536870912 bytes, new threshold 1 (max threshold 15)
[143.687s][info ][gc,heap        ] GC(25) PSYoungGen: 1048576K(1572864K)->5632K(1572864K) Eden: 1048576K(1048576K)->0K(1048576K) From: 0K(524288K)->5632K(524288K)
[143.687s][info ][gc,heap        ] GC(25) ParOldGen: 460023K(597504K)->460023K(597504K)
[143.687s][info ][gc,metaspace   ] GC(25) Metaspace: 80330K(81344K)->80330K(81344K) NonClass: 68817K(69376K)->68817K(69376K) Class: 11513K(11968K)->11513K(11968K)
[143.687s][info ][gc             ] GC(25) Pause Young (GCLocker Initiated GC) 1473M->454M(2119M) 12.697ms
[143.687s][info ][gc,cpu         ] GC(25) User=0.01s Sys=0.01s Real=0.01s
[143.687s][info ][safepoint      ] Safepoint "ParallelGCSystemGC", Time since last: 54501 ns, Reaching safepoint: 18400 ns, At safepoint: 12758185 ns, Total: 12776585 ns
[144.688s][info ][safepoint      ] Safepoint "Cleanup", Time since last: 1000089709 ns, Reaching safepoint: 54801 ns, At safepoint: 2600 ns, Total: 57401 ns
[145.688s][info ][safepoint      ] Safepoint "Cleanup", Time since last: 1000109217 ns, Reaching safepoint: 128502 ns, At safepoint: 11500 ns, Total: 140002 ns
[146.274s][info ][gc,start       ] GC(26) Pause Young (Allocation Failure)
[146.293s][debug][gc,phases      ] GC(26) Scavenge 18.897ms
[146.293s][debug][gc,ref         ] GC(26) Skipped phase 1 of Reference Processing: no references
[146.293s][debug][gc,ref         ] GC(26) Skipped phase 2 of Reference Processing: no references
[146.293s][debug][gc,ref         ] GC(26) Skipped phase 3 of Reference Processing: no references
[146.293s][debug][gc,ref         ] GC(26) ReferenceProcessor::execute queues: 1, RefProcThreadModel::Single, marks_oops_alive: false
[146.293s][debug][gc,phases      ] GC(26) Reference Processing 0.076ms
[146.294s][debug][gc,phases      ] GC(26)   VM Weak                        Min:  0.0, Avg:  0.0, Max:  0.0, Diff:  0.0, Sum:  0.0, Workers: 4
[146.294s][debug][gc,phases      ] GC(26)     Dead                           Min: 0, Avg:  0.0, Max: 0, Diff: 0, Sum: 0, Workers: 4
[146.294s][debug][gc,phases      ] GC(26)     Total                          Min: 0, Avg: 214.0, Max: 576, Diff: 576, Sum: 856, Workers: 4
[146.294s][debug][gc,phases      ] GC(26)   ObjectSynchronizer Weak        Min:  0.0, Avg:  0.0, Max:  0.0, Diff:  0.0, Sum:  0.0, Workers: 4
[146.294s][debug][gc,phases      ] GC(26)     Dead                           Min: 0, Avg:  0.0, Max: 0, Diff: 0, Sum: 0, Workers: 4
[146.294s][debug][gc,phases      ] GC(26)     Total                          Min: 0, Avg: 11.0, Max: 44, Diff: 44, Sum: 44, Workers: 4
[146.294s][debug][gc,phases      ] GC(26)   JVMTI Tag Weak OopStorage      Min:  0.0, Avg:  0.0, Max:  0.0, Diff:  0.0, Sum:  0.0, Workers: 4
[146.294s][debug][gc,phases      ] GC(26)     Dead                           Min: 0, Avg:  0.0, Max: 0, Diff: 0, Sum: 0, Workers: 4
[146.294s][debug][gc,phases      ] GC(26)     Total                          Min: 0, Avg:  0.0, Max: 0, Diff: 0, Sum: 0, Workers: 4
[146.294s][debug][gc,phases      ] GC(26)   StringTable Weak               Min:  0.0, Avg:  0.1, Max:  0.1, Diff:  0.1, Sum:  0.4, Workers: 4
[146.294s][debug][gc,phases      ] GC(26)     Dead                           Min: 0, Avg:  0.0, Max: 0, Diff: 0, Sum: 0, Workers: 4
[146.294s][debug][gc,phases      ] GC(26)     Total                          Min: 0, Avg: 10755.8, Max: 14655, Diff: 14655, Sum: 43023, Workers: 4
[146.294s][debug][gc,phases      ] GC(26)   ResolvedMethodTable Weak       Min:  0.0, Avg:  0.0, Max:  0.0, Diff:  0.0, Sum:  0.1, Workers: 4
[146.294s][debug][gc,phases      ] GC(26)     Dead                           Min: 0, Avg:  0.0, Max: 0, Diff: 0, Sum: 0, Workers: 4
[146.294s][debug][gc,phases      ] GC(26)     Total                          Min: 0, Avg: 2300.5, Max: 3199, Diff: 3199, Sum: 9202, Workers: 4
[146.294s][debug][gc,phases      ] GC(26)   JNI Weak                       Min:  0.0, Avg:  0.0, Max:  0.0, Diff:  0.0, Sum:  0.0, Workers: 4
[146.294s][debug][gc,phases      ] GC(26)     Dead                           Min: 0, Avg:  0.0, Max: 0, Diff: 0, Sum: 0, Workers: 4
[146.294s][debug][gc,phases      ] GC(26)     Total                          Min: 0, Avg: 11.2, Max: 45, Diff: 45, Sum: 45, Workers: 4
[146.294s][debug][gc,phases      ] GC(26)   StringDedup Table Weak         Min:  0.0, Avg:  0.0, Max:  0.0, Diff:  0.0, Sum:  0.0, Workers: 4
[146.294s][debug][gc,phases      ] GC(26)     Dead                           Min: 0, Avg:  0.0, Max: 0, Diff: 0, Sum: 0, Workers: 4
[146.294s][debug][gc,phases      ] GC(26)     Total                          Min: 0, Avg:  0.0, Max: 0, Diff: 0, Sum: 0, Workers: 4
[146.294s][debug][gc,phases      ] GC(26)   StringDedup Requests0 Weak     Min:  0.0, Avg:  0.0, Max:  0.0, Diff:  0.0, Sum:  0.0, Workers: 4
[146.294s][debug][gc,phases      ] GC(26)     Dead                           Min: 0, Avg:  0.0, Max: 0, Diff: 0, Sum: 0, Workers: 4
[146.294s][debug][gc,phases      ] GC(26)     Total                          Min: 0, Avg:  0.0, Max: 0, Diff: 0, Sum: 0, Workers: 4
[146.294s][debug][gc,phases      ] GC(26)   StringDedup Requests1 Weak     Min:  0.0, Avg:  0.0, Max:  0.0, Diff:  0.0, Sum:  0.0, Workers: 4
[146.294s][debug][gc,phases      ] GC(26)     Dead                           Min: 0, Avg:  0.0, Max: 0, Diff: 0, Sum: 0, Workers: 4
[146.294s][debug][gc,phases      ] GC(26)     Total                          Min: 0, Avg:  0.0, Max: 0, Diff: 0, Sum: 0, Workers: 4
[146.294s][debug][gc,phases      ] GC(26)   Weak JFR Old Object Samples    Min:  0.0, Avg:  0.0, Max:  0.0, Diff:  0.0, Sum:  0.0, Workers: 4
[146.294s][debug][gc,phases      ] GC(26)     Dead                           Min: 0, Avg:  0.0, Max: 0, Diff: 0, Sum: 0, Workers: 4
[146.294s][debug][gc,phases      ] GC(26)     Total                          Min: 0, Avg:  0.0, Max: 0, Diff: 0, Sum: 0, Workers: 4
[146.294s][debug][gc,phases      ] GC(26) Weak Processing 0.317ms
[146.294s][debug][gc,age         ] GC(26) Desired survivor size 530055168 bytes, new threshold 2 (max threshold 15)
[146.294s][info ][gc,heap        ] GC(26) PSYoungGen: 1054208K(1572864K)->35904K(1579520K) Eden: 1048576K(1048576K)->0K(1055232K) From: 5632K(524288K)->35904K(524288K)
[146.294s][info ][gc,heap        ] GC(26) ParOldGen: 460043K(597504K)->462347K(597504K)
[146.294s][info ][gc,metaspace   ] GC(26) Metaspace: 80340K(81344K)->80340K(81344K) NonClass: 68826K(69376K)->68826K(69376K) Class: 11513K(11968K)->11513K(11968K)
[146.294s][info ][gc             ] GC(26) Pause Young (Allocation Failure) 1478M->486M(2126M) 19.387ms
[146.294s][info ][gc,cpu         ] GC(26) User=0.05s Sys=0.00s Real=0.02s
[146.294s][info ][safepoint      ] Safepoint "ParallelGCFailedAllocation", Time since last: 586292315 ns, Reaching safepoint: 114202 ns, At safepoint: 19448782 ns, Total: 19562984 ns
[147.294s][info ][safepoint      ] Safepoint "Cleanup", Time since last: 1000081230 ns, Reaching safepoint: 119501 ns, At safepoint: 7301 ns, Total: 126802 ns
[148.294s][info ][safepoint      ] Safepoint "Cleanup", Time since last: 1000098538 ns, Reaching safepoint: 70701 ns, At safepoint: 5400 ns, Total: 76101 ns
[149.294s][info ][safepoint      ] Safepoint "Cleanup", Time since last: 1000102846 ns, Reaching safepoint: 65801 ns, At safepoint: 6200 ns, Total: 72001 ns
[150.294s][info ][safepoint      ] Safepoint "Cleanup", Time since last: 1000087354 ns, Reaching safepoint: 54201 ns, At safepoint: 2400 ns, Total: 56601 ns
[151.295s][info ][safepoint      ] Safepoint "Cleanup", Time since last: 1000082562 ns, Reaching safepoint: 57801 ns, At safepoint: 3300 ns, Total: 61101 ns
[152.295s][info ][safepoint      ] Safepoint "Cleanup", Time since last: 1000102770 ns, Reaching safepoint: 63201 ns, At safepoint: 3700 ns, Total: 66901 ns
[153.295s][info ][safepoint      ] Safepoint "Cleanup", Time since last: 1000102679 ns, Reaching safepoint: 44700 ns, At safepoint: 3200 ns, Total: 47900 ns
[154.295s][info ][safepoint      ] Safepoint "Cleanup", Time since last: 1000110187 ns, Reaching safepoint: 44000 ns, At safepoint: 3000 ns, Total: 47000 ns
[155.295s][info ][safepoint      ] Safepoint "Cleanup", Time since last: 1000112795 ns, Reaching safepoint: 29700 ns, At safepoint: 3001 ns, Total: 32701 ns
[157.295s][info ][safepoint      ] Safepoint "Cleanup", Time since last: 2000175112 ns, Reaching safepoint: 47101 ns, At safepoint: 4000 ns, Total: 51101 ns
[158.296s][info ][safepoint      ] Safepoint "Cleanup", Time since last: 1000105618 ns, Reaching safepoint: 31700 ns, At safepoint: 3300 ns, Total: 35000 ns
[159.296s][info ][safepoint      ] Safepoint "Cleanup", Time since last: 1000104427 ns, Reaching safepoint: 42400 ns, At safepoint: 7300 ns, Total: 49700 ns
[160.296s][info ][safepoint      ] Safepoint "Cleanup", Time since last: 1000105835 ns, Reaching safepoint: 45700 ns, At safepoint: 3500 ns, Total: 49200 ns
[162.296s][info ][safepoint      ] Safepoint "Cleanup", Time since last: 2000170092 ns, Reaching safepoint: 49201 ns, At safepoint: 4200 ns, Total: 53401 ns
[164.771s][info ][safepoint      ] Safepoint "Cleanup", Time since last: 2474969187 ns, Reaching safepoint: 144802 ns, At safepoint: 7201 ns, Total: 152003 ns
[165.771s][info ][safepoint      ] Safepoint "Cleanup", Time since last: 1000124977 ns, Reaching safepoint: 111402 ns, At safepoint: 6400 ns, Total: 117802 ns
[168.579s][info ][safepoint      ] Safepoint "Cleanup", Time since last: 2807427043 ns, Reaching safepoint: 155102 ns, At safepoint: 9200 ns, Total: 164302 ns
[168.812s][info ][gc,start       ] GC(27) Pause Young (Allocation Failure)
[168.820s][debug][gc,phases      ] GC(27) Scavenge 7.894ms
[168.820s][debug][gc,ref         ] GC(27) Skipped phase 1 of Reference Processing: no references
[168.820s][debug][gc,ref         ] GC(27) ReferenceProcessor::execute queues: 1, RefProcThreadModel::Single, marks_oops_alive: false
[168.820s][debug][gc,ref         ] GC(27) Skipped phase 3 of Reference Processing: no references
[168.820s][debug][gc,ref         ] GC(27) ReferenceProcessor::execute queues: 1, RefProcThreadModel::Single, marks_oops_alive: false
[168.820s][debug][gc,phases      ] GC(27) Reference Processing 0.100ms
[168.820s][debug][gc,phases      ] GC(27)   VM Weak                        Min:  0.0, Avg:  0.0, Max:  0.0, Diff:  0.0, Sum:  0.0, Workers: 4
[168.820s][debug][gc,phases      ] GC(27)     Dead                           Min: 0, Avg:  0.0, Max: 0, Diff: 0, Sum: 0, Workers: 4
[168.820s][debug][gc,phases      ] GC(27)     Total                          Min: 0, Avg: 214.2, Max: 665, Diff: 665, Sum: 857, Workers: 4
[168.820s][debug][gc,phases      ] GC(27)   ObjectSynchronizer Weak        Min:  0.0, Avg:  0.0, Max:  0.0, Diff:  0.0, Sum:  0.0, Workers: 4
[168.820s][debug][gc,phases      ] GC(27)     Dead                           Min: 0, Avg:  0.0, Max: 0, Diff: 0, Sum: 0, Workers: 4
[168.820s][debug][gc,phases      ] GC(27)     Total                          Min: 0, Avg: 11.0, Max: 44, Diff: 44, Sum: 44, Workers: 4
[168.820s][debug][gc,phases      ] GC(27)   JVMTI Tag Weak OopStorage      Min:  0.0, Avg:  0.0, Max:  0.0, Diff:  0.0, Sum:  0.0, Workers: 4
[168.820s][debug][gc,phases      ] GC(27)     Dead                           Min: 0, Avg:  0.0, Max: 0, Diff: 0, Sum: 0, Workers: 4
[168.820s][debug][gc,phases      ] GC(27)     Total                          Min: 0, Avg:  0.0, Max: 0, Diff: 0, Sum: 0, Workers: 4
[168.820s][debug][gc,phases      ] GC(27)   StringTable Weak               Min:  0.0, Avg:  0.1, Max:  0.1, Diff:  0.1, Sum:  0.3, Workers: 4
[168.820s][debug][gc,phases      ] GC(27)     Dead                           Min: 0, Avg:  0.5, Max: 2, Diff: 2, Sum: 2, Workers: 4
[168.820s][debug][gc,phases      ] GC(27)     Total                          Min: 0, Avg: 10761.2, Max: 18983, Diff: 18983, Sum: 43045, Workers: 4
[168.820s][debug][gc,phases      ] GC(27)   ResolvedMethodTable Weak       Min:  0.0, Avg:  0.0, Max:  0.0, Diff:  0.0, Sum:  0.1, Workers: 4
[168.820s][debug][gc,phases      ] GC(27)     Dead                           Min: 0, Avg:  0.0, Max: 0, Diff: 0, Sum: 0, Workers: 4
[168.820s][debug][gc,phases      ] GC(27)     Total                          Min: 0, Avg: 2304.8, Max: 4355, Diff: 4355, Sum: 9219, Workers: 4
[168.820s][debug][gc,phases      ] GC(27)   JNI Weak                       Min:  0.0, Avg:  0.0, Max:  0.0, Diff:  0.0, Sum:  0.0, Workers: 4
[168.820s][debug][gc,phases      ] GC(27)     Dead                           Min: 0, Avg:  0.0, Max: 0, Diff: 0, Sum: 0, Workers: 4
[168.820s][debug][gc,phases      ] GC(27)     Total                          Min: 0, Avg: 11.2, Max: 45, Diff: 45, Sum: 45, Workers: 4
[168.820s][debug][gc,phases      ] GC(27)   StringDedup Table Weak         Min:  0.0, Avg:  0.0, Max:  0.0, Diff:  0.0, Sum:  0.0, Workers: 4
[168.820s][debug][gc,phases      ] GC(27)     Dead                           Min: 0, Avg:  0.0, Max: 0, Diff: 0, Sum: 0, Workers: 4
[168.820s][debug][gc,phases      ] GC(27)     Total                          Min: 0, Avg:  0.0, Max: 0, Diff: 0, Sum: 0, Workers: 4
[168.820s][debug][gc,phases      ] GC(27)   StringDedup Requests0 Weak     Min:  0.0, Avg:  0.0, Max:  0.0, Diff:  0.0, Sum:  0.0, Workers: 4
[168.820s][debug][gc,phases      ] GC(27)     Dead                           Min: 0, Avg:  0.0, Max: 0, Diff: 0, Sum: 0, Workers: 4
[168.820s][debug][gc,phases      ] GC(27)     Total                          Min: 0, Avg:  0.0, Max: 0, Diff: 0, Sum: 0, Workers: 4
[168.820s][debug][gc,phases      ] GC(27)   StringDedup Requests1 Weak     Min:  0.0, Avg:  0.0, Max:  0.0, Diff:  0.0, Sum:  0.0, Workers: 4
[168.820s][debug][gc,phases      ] GC(27)     Dead                           Min: 0, Avg:  0.0, Max: 0, Diff: 0, Sum: 0, Workers: 4
[168.820s][debug][gc,phases      ] GC(27)     Total                          Min: 0, Avg:  0.0, Max: 0, Diff: 0, Sum: 0, Workers: 4
[168.820s][debug][gc,phases      ] GC(27)   Weak JFR Old Object Samples    Min:  0.0, Avg:  0.0, Max:  0.0, Diff:  0.0, Sum:  0.0, Workers: 4
[168.820s][debug][gc,phases      ] GC(27)     Dead                           Min: 0, Avg:  0.0, Max: 0, Diff: 0, Sum: 0, Workers: 4
[168.820s][debug][gc,phases      ] GC(27)     Total                          Min: 0, Avg:  0.0, Max: 0, Diff: 0, Sum: 0, Workers: 4
[168.820s][debug][gc,phases      ] GC(27) Weak Processing 0.309ms
[168.820s][debug][gc,age         ] GC(27) Desired survivor size 501743616 bytes, new threshold 3 (max threshold 15)
[168.820s][info ][gc,heap        ] GC(27) PSYoungGen: 1091136K(1579520K)->29600K(1572864K) Eden: 1055232K(1055232K)->0K(1055232K) From: 35904K(524288K)->29600K(517632K)
[168.820s][info ][gc,heap        ] GC(27) ParOldGen: 462347K(597504K)->462355K(597504K)
[168.820s][info ][gc,metaspace   ] GC(27) Metaspace: 80473K(81536K)->80473K(81536K) NonClass: 68950K(69568K)->68950K(69568K) Class: 11522K(11968K)->11522K(11968K)
[168.820s][info ][gc             ] GC(27) Pause Young (Allocation Failure) 1517M->480M(2119M) 8.413ms
[168.820s][info ][gc,cpu         ] GC(27) User=0.03s Sys=0.00s Real=0.01s
[168.820s][info ][safepoint      ] Safepoint "ParallelGCFailedAllocation", Time since last: 232501819 ns, Reaching safepoint: 84901 ns, At safepoint: 8481525 ns, Total: 8566426 ns
[169.820s][info ][safepoint      ] Safepoint "Cleanup", Time since last: 1000083608 ns, Reaching safepoint: 51701 ns, At safepoint: 8100 ns, Total: 59801 ns
[170.820s][info ][safepoint      ] Safepoint "Cleanup", Time since last: 1000081616 ns, Reaching safepoint: 35301 ns, At safepoint: 3300 ns, Total: 38601 ns
[173.978s][info ][safepoint      ] Safepoint "Cleanup", Time since last: 3157922420 ns, Reaching safepoint: 47901 ns, At safepoint: 3600 ns, Total: 51501 ns
[176.979s][info ][safepoint      ] Safepoint "Cleanup", Time since last: 3000250868 ns, Reaching safepoint: 45000 ns, At safepoint: 2701 ns, Total: 47701 ns
[177.979s][info ][safepoint      ] Safepoint "Cleanup", Time since last: 1000113771 ns, Reaching safepoint: 51801 ns, At safepoint: 10200 ns, Total: 62001 ns
[178.979s][info ][safepoint      ] Safepoint "Cleanup", Time since last: 1000116980 ns, Reaching safepoint: 48700 ns, At safepoint: 4201 ns, Total: 52901 ns
[181.979s][info ][safepoint      ] Safepoint "Cleanup", Time since last: 3000249182 ns, Reaching safepoint: 40401 ns, At safepoint: 2900 ns, Total: 43301 ns
[183.980s][info ][safepoint      ] Safepoint "Cleanup", Time since last: 2000177626 ns, Reaching safepoint: 45501 ns, At safepoint: 6500 ns, Total: 52001 ns
[185.980s][info ][safepoint      ] Safepoint "Cleanup", Time since last: 2000148156 ns, Reaching safepoint: 36601 ns, At safepoint: 3100 ns, Total: 39701 ns
[186.980s][info ][safepoint      ] Safepoint "Cleanup", Time since last: 1000117140 ns, Reaching safepoint: 51001 ns, At safepoint: 4200 ns, Total: 55201 ns
[187.980s][info ][safepoint      ] Safepoint "Cleanup", Time since last: 1000102547 ns, Reaching safepoint: 47601 ns, At safepoint: 5800 ns, Total: 53401 ns
[190.980s][info ][safepoint      ] Safepoint "Cleanup", Time since last: 3000218085 ns, Reaching safepoint: 28601 ns, At safepoint: 2600 ns, Total: 31201 ns
[195.981s][info ][safepoint      ] Safepoint "Cleanup", Time since last: 5000413459 ns, Reaching safepoint: 41800 ns, At safepoint: 3000 ns, Total: 44800 ns
[196.981s][info ][safepoint      ] Safepoint "Cleanup", Time since last: 1000119315 ns, Reaching safepoint: 44400 ns, At safepoint: 3500 ns, Total: 47900 ns
[197.981s][info ][safepoint      ] Safepoint "Cleanup", Time since last: 1000116122 ns, Reaching safepoint: 39301 ns, At safepoint: 3500 ns, Total: 42801 ns
[203.982s][info ][safepoint      ] Safepoint "Cleanup", Time since last: 6000449980 ns, Reaching safepoint: 35401 ns, At safepoint: 2800 ns, Total: 38201 ns
[207.982s][info ][safepoint      ] Safepoint "Cleanup", Time since last: 4000302032 ns, Reaching safepoint: 50101 ns, At safepoint: 9400 ns, Total: 59501 ns
[209.982s][info ][safepoint      ] Safepoint "Cleanup", Time since last: 2000171510 ns, Reaching safepoint: 38900 ns, At safepoint: 3200 ns, Total: 42100 ns
[210.982s][info ][safepoint      ] Safepoint "Cleanup", Time since last: 1000100916 ns, Reaching safepoint: 37101 ns, At safepoint: 2900 ns, Total: 40001 ns
[212.983s][info ][safepoint      ] Safepoint "Cleanup", Time since last: 2000188653 ns, Reaching safepoint: 37900 ns, At safepoint: 3200 ns, Total: 41100 ns
[216.983s][info ][safepoint      ] Safepoint "Cleanup", Time since last: 4000316591 ns, Reaching safepoint: 47801 ns, At safepoint: 5100 ns, Total: 52901 ns
[222.015s][info ][gc,start       ] GC(28) Pause Young (Allocation Failure)
[222.022s][debug][gc,phases      ] GC(28) Scavenge 7.194ms
[222.022s][debug][gc,ref         ] GC(28) Skipped phase 1 of Reference Processing: no references
[222.022s][debug][gc,ref         ] GC(28) ReferenceProcessor::execute queues: 1, RefProcThreadModel::Single, marks_oops_alive: false
[222.022s][debug][gc,ref         ] GC(28) ReferenceProcessor::execute queues: 4, RefProcThreadModel::Multi, marks_oops_alive: true
[222.023s][debug][gc,ref         ] GC(28) ReferenceProcessor::execute queues: 1, RefProcThreadModel::Single, marks_oops_alive: false
[222.023s][debug][gc,phases      ] GC(28) Reference Processing 0.167ms
[222.023s][debug][gc,phases      ] GC(28)   VM Weak                        Min:  0.0, Avg:  0.0, Max:  0.0, Diff:  0.0, Sum:  0.0, Workers: 4
[222.023s][debug][gc,phases      ] GC(28)     Dead                           Min: 0, Avg:  0.0, Max: 0, Diff: 0, Sum: 0, Workers: 4
[222.023s][debug][gc,phases      ] GC(28)     Total                          Min: 0, Avg: 214.2, Max: 537, Diff: 537, Sum: 857, Workers: 4
[222.023s][debug][gc,phases      ] GC(28)   ObjectSynchronizer Weak        Min:  0.0, Avg:  0.0, Max:  0.0, Diff:  0.0, Sum:  0.0, Workers: 4
[222.023s][debug][gc,phases      ] GC(28)     Dead                           Min: 0, Avg:  0.0, Max: 0, Diff: 0, Sum: 0, Workers: 4
[222.023s][debug][gc,phases      ] GC(28)     Total                          Min: 0, Avg: 11.0, Max: 44, Diff: 44, Sum: 44, Workers: 4
[222.023s][debug][gc,phases      ] GC(28)   JVMTI Tag Weak OopStorage      Min:  0.0, Avg:  0.0, Max:  0.0, Diff:  0.0, Sum:  0.0, Workers: 4
[222.023s][debug][gc,phases      ] GC(28)     Dead                           Min: 0, Avg:  0.0, Max: 0, Diff: 0, Sum: 0, Workers: 4
[222.023s][debug][gc,phases      ] GC(28)     Total                          Min: 0, Avg:  0.0, Max: 0, Diff: 0, Sum: 0, Workers: 4
[222.023s][debug][gc,phases      ] GC(28)   StringTable Weak               Min:  0.1, Avg:  0.1, Max:  0.1, Diff:  0.0, Sum:  0.4, Workers: 4
[222.023s][debug][gc,phases      ] GC(28)     Dead                           Min: 0, Avg:  0.2, Max: 1, Diff: 1, Sum: 1, Workers: 4
[222.023s][debug][gc,phases      ] GC(28)     Total                          Min: 9471, Avg: 10762.0, Max: 11327, Diff: 1856, Sum: 43048, Workers: 4
[222.023s][debug][gc,phases      ] GC(28)   ResolvedMethodTable Weak       Min:  0.0, Avg:  0.0, Max:  0.0, Diff:  0.0, Sum:  0.1, Workers: 4
[222.023s][debug][gc,phases      ] GC(28)     Dead                           Min: 0, Avg:  0.0, Max: 0, Diff: 0, Sum: 0, Workers: 4
[222.023s][debug][gc,phases      ] GC(28)     Total                          Min: 2186, Avg: 2306.5, Max: 2432, Diff: 246, Sum: 9226, Workers: 4
[222.023s][debug][gc,phases      ] GC(28)   JNI Weak                       Min:  0.0, Avg:  0.0, Max:  0.0, Diff:  0.0, Sum:  0.0, Workers: 4
[222.023s][debug][gc,phases      ] GC(28)     Dead                           Min: 0, Avg:  0.0, Max: 0, Diff: 0, Sum: 0, Workers: 4
[222.023s][debug][gc,phases      ] GC(28)     Total                          Min: 0, Avg: 11.2, Max: 45, Diff: 45, Sum: 45, Workers: 4
[222.023s][debug][gc,phases      ] GC(28)   StringDedup Table Weak         Min:  0.0, Avg:  0.0, Max:  0.0, Diff:  0.0, Sum:  0.0, Workers: 4
[222.023s][debug][gc,phases      ] GC(28)     Dead                           Min: 0, Avg:  0.0, Max: 0, Diff: 0, Sum: 0, Workers: 4
[222.023s][debug][gc,phases      ] GC(28)     Total                          Min: 0, Avg:  0.0, Max: 0, Diff: 0, Sum: 0, Workers: 4
[222.023s][debug][gc,phases      ] GC(28)   StringDedup Requests0 Weak     Min:  0.0, Avg:  0.0, Max:  0.0, Diff:  0.0, Sum:  0.0, Workers: 4
[222.023s][debug][gc,phases      ] GC(28)     Dead                           Min: 0, Avg:  0.0, Max: 0, Diff: 0, Sum: 0, Workers: 4
[222.023s][debug][gc,phases      ] GC(28)     Total                          Min: 0, Avg:  0.0, Max: 0, Diff: 0, Sum: 0, Workers: 4
[222.023s][debug][gc,phases      ] GC(28)   StringDedup Requests1 Weak     Min:  0.0, Avg:  0.0, Max:  0.0, Diff:  0.0, Sum:  0.0, Workers: 4
[222.023s][debug][gc,phases      ] GC(28)     Dead                           Min: 0, Avg:  0.0, Max: 0, Diff: 0, Sum: 0, Workers: 4
[222.023s][debug][gc,phases      ] GC(28)     Total                          Min: 0, Avg:  0.0, Max: 0, Diff: 0, Sum: 0, Workers: 4
[222.023s][debug][gc,phases      ] GC(28)   Weak JFR Old Object Samples    Min:  0.0, Avg:  0.0, Max:  0.0, Diff:  0.0, Sum:  0.0, Workers: 4
[222.023s][debug][gc,phases      ] GC(28)     Dead                           Min: 0, Avg:  0.0, Max: 0, Diff: 0, Sum: 0, Workers: 4
[222.023s][debug][gc,phases      ] GC(28)     Total                          Min: 0, Avg:  0.0, Max: 0, Diff: 0, Sum: 0, Workers: 4
[222.023s][debug][gc,phases      ] GC(28) Weak Processing 0.282ms
[222.023s][debug][gc,age         ] GC(28) Desired survivor size 475004928 bytes, new threshold 4 (max threshold 15)
[222.023s][info ][gc,heap        ] GC(28) PSYoungGen: 1084832K(1572864K)->24768K(1633280K) Eden: 1055232K(1055232K)->0K(1143296K) From: 29600K(517632K)->24768K(489984K)
[222.023s][info ][gc,heap        ] GC(28) ParOldGen: 462355K(597504K)->462355K(597504K)
[222.023s][info ][gc,metaspace   ] GC(28) Metaspace: 80499K(81536K)->80499K(81536K) NonClass: 68973K(69568K)->68973K(69568K) Class: 11525K(11968K)->11525K(11968K)
[222.023s][info ][gc             ] GC(28) Pause Young (Allocation Failure) 1510M->475M(2178M) 7.747ms
[222.023s][info ][gc,cpu         ] GC(28) User=0.03s Sys=0.00s Real=0.00s
[222.023s][info ][safepoint      ] Safepoint "ParallelGCFailedAllocation", Time since last: 5032199977 ns, Reaching safepoint: 27600 ns, At safepoint: 7808018 ns, Total: 7835618 ns
[235.024s][info ][safepoint      ] Safepoint "Cleanup", Time since last: 13000819849 ns, Reaching safepoint: 29400 ns, At safepoint: 2900 ns, Total: 32300 ns
[243.024s][info ][safepoint      ] Safepoint "Cleanup", Time since last: 8000568114 ns, Reaching safepoint: 38001 ns, At safepoint: 9600 ns, Total: 47601 ns
[244.025s][info ][safepoint      ] Safepoint "Cleanup", Time since last: 1000079845 ns, Reaching safepoint: 30000 ns, At safepoint: 3200 ns, Total: 33200 ns
[245.025s][info ][safepoint      ] Safepoint "Cleanup", Time since last: 1000064851 ns, Reaching safepoint: 33901 ns, At safepoint: 4100 ns, Total: 38001 ns
[246.025s][info ][safepoint      ] Safepoint "Cleanup", Time since last: 1000100058 ns, Reaching safepoint: 37801 ns, At safepoint: 3000 ns, Total: 40801 ns
[252.025s][info ][safepoint      ] Safepoint "Cleanup", Time since last: 6000414788 ns, Reaching safepoint: 42801 ns, At safepoint: 3800 ns, Total: 46601 ns
[266.026s][info ][safepoint      ] Safepoint "Cleanup", Time since last: 14000905258 ns, Reaching safepoint: 36800 ns, At safepoint: 4800 ns, Total: 41600 ns
[274.027s][info ][safepoint      ] Safepoint "Cleanup", Time since last: 8000541645 ns, Reaching safepoint: 44100 ns, At safepoint: 2500 ns, Total: 46600 ns
[281.027s][info ][safepoint      ] Safepoint "Cleanup", Time since last: 7000564160 ns, Reaching safepoint: 154003 ns, At safepoint: 4800 ns, Total: 158803 ns
[288.028s][info ][safepoint      ] Safepoint "Cleanup", Time since last: 7000656167 ns, Reaching safepoint: 38400 ns, At safepoint: 2501 ns, Total: 40901 ns
[288.775s][info ][gc,start       ] GC(29) Pause Young (Allocation Failure)
[288.790s][debug][gc,phases      ] GC(29) Scavenge 14.846ms
[288.790s][debug][gc,ref         ] GC(29) Skipped phase 1 of Reference Processing: no references
[288.790s][debug][gc,ref         ] GC(29) ReferenceProcessor::execute queues: 1, RefProcThreadModel::Single, marks_oops_alive: false
[288.790s][debug][gc,ref         ] GC(29) Skipped phase 3 of Reference Processing: no references
[288.790s][debug][gc,ref         ] GC(29) ReferenceProcessor::execute queues: 1, RefProcThreadModel::Single, marks_oops_alive: false
[288.790s][debug][gc,phases      ] GC(29) Reference Processing 0.097ms
[288.790s][debug][gc,phases      ] GC(29)   VM Weak                        Min:  0.0, Avg:  0.0, Max:  0.0, Diff:  0.0, Sum:  0.0, Workers: 4
[288.790s][debug][gc,phases      ] GC(29)     Dead                           Min: 0, Avg:  0.0, Max: 0, Diff: 0, Sum: 0, Workers: 4
[288.790s][debug][gc,phases      ] GC(29)     Total                          Min: 0, Avg: 214.2, Max: 601, Diff: 601, Sum: 857, Workers: 4
[288.790s][debug][gc,phases      ] GC(29)   ObjectSynchronizer Weak        Min:  0.0, Avg:  0.0, Max:  0.0, Diff:  0.0, Sum:  0.0, Workers: 4
[288.790s][debug][gc,phases      ] GC(29)     Dead                           Min: 0, Avg:  0.2, Max: 1, Diff: 1, Sum: 1, Workers: 4
[288.790s][debug][gc,phases      ] GC(29)     Total                          Min: 0, Avg: 11.2, Max: 45, Diff: 45, Sum: 45, Workers: 4
[288.790s][debug][gc,phases      ] GC(29)   JVMTI Tag Weak OopStorage      Min:  0.0, Avg:  0.0, Max:  0.0, Diff:  0.0, Sum:  0.0, Workers: 4
[288.790s][debug][gc,phases      ] GC(29)     Dead                           Min: 0, Avg:  0.0, Max: 0, Diff: 0, Sum: 0, Workers: 4
[288.790s][debug][gc,phases      ] GC(29)     Total                          Min: 0, Avg:  0.0, Max: 0, Diff: 0, Sum: 0, Workers: 4
[288.790s][debug][gc,phases      ] GC(29)   StringTable Weak               Min:  0.0, Avg:  0.1, Max:  0.1, Diff:  0.1, Sum:  0.4, Workers: 4
[288.790s][debug][gc,phases      ] GC(29)     Dead                           Min: 0, Avg:  0.2, Max: 1, Diff: 1, Sum: 1, Workers: 4
[288.790s][debug][gc,phases      ] GC(29)     Total                          Min: 0, Avg: 10770.8, Max: 14784, Diff: 14784, Sum: 43083, Workers: 4
[288.790s][debug][gc,phases      ] GC(29)   ResolvedMethodTable Weak       Min:  0.0, Avg:  0.0, Max:  0.0, Diff:  0.0, Sum:  0.1, Workers: 4
[288.790s][debug][gc,phases      ] GC(29)     Dead                           Min: 0, Avg:  0.0, Max: 0, Diff: 0, Sum: 0, Workers: 4
[288.790s][debug][gc,phases      ] GC(29)     Total                          Min: 0, Avg: 2307.0, Max: 3340, Diff: 3340, Sum: 9228, Workers: 4
[288.790s][debug][gc,phases      ] GC(29)   JNI Weak                       Min:  0.0, Avg:  0.0, Max:  0.0, Diff:  0.0, Sum:  0.0, Workers: 4
[288.790s][debug][gc,phases      ] GC(29)     Dead                           Min: 0, Avg:  0.0, Max: 0, Diff: 0, Sum: 0, Workers: 4
[288.790s][debug][gc,phases      ] GC(29)     Total                          Min: 0, Avg: 11.5, Max: 46, Diff: 46, Sum: 46, Workers: 4
[288.790s][debug][gc,phases      ] GC(29)   StringDedup Table Weak         Min:  0.0, Avg:  0.0, Max:  0.0, Diff:  0.0, Sum:  0.0, Workers: 4
[288.790s][debug][gc,phases      ] GC(29)     Dead                           Min: 0, Avg:  0.0, Max: 0, Diff: 0, Sum: 0, Workers: 4
[288.790s][debug][gc,phases      ] GC(29)     Total                          Min: 0, Avg:  0.0, Max: 0, Diff: 0, Sum: 0, Workers: 4
[288.790s][debug][gc,phases      ] GC(29)   StringDedup Requests0 Weak     Min:  0.0, Avg:  0.0, Max:  0.0, Diff:  0.0, Sum:  0.0, Workers: 4
[288.790s][debug][gc,phases      ] GC(29)     Dead                           Min: 0, Avg:  0.0, Max: 0, Diff: 0, Sum: 0, Workers: 4
[288.790s][debug][gc,phases      ] GC(29)     Total                          Min: 0, Avg:  0.0, Max: 0, Diff: 0, Sum: 0, Workers: 4
[288.790s][debug][gc,phases      ] GC(29)   StringDedup Requests1 Weak     Min:  0.0, Avg:  0.0, Max:  0.0, Diff:  0.0, Sum:  0.0, Workers: 4
[288.790s][debug][gc,phases      ] GC(29)     Dead                           Min: 0, Avg:  0.0, Max: 0, Diff: 0, Sum: 0, Workers: 4
[288.790s][debug][gc,phases      ] GC(29)     Total                          Min: 0, Avg:  0.0, Max: 0, Diff: 0, Sum: 0, Workers: 4
[288.790s][debug][gc,phases      ] GC(29)   Weak JFR Old Object Samples    Min:  0.0, Avg:  0.0, Max:  0.0, Diff:  0.0, Sum:  0.0, Workers: 4
[288.790s][debug][gc,phases      ] GC(29)     Dead                           Min: 0, Avg:  0.0, Max: 0, Diff: 0, Sum: 0, Workers: 4
[288.790s][debug][gc,phases      ] GC(29)     Total                          Min: 0, Avg:  0.0, Max: 0, Diff: 0, Sum: 0, Workers: 4
[288.790s][debug][gc,phases      ] GC(29) Weak Processing 0.315ms
[288.790s][debug][gc,age         ] GC(29) Desired survivor size 447741952 bytes, new threshold 5 (max threshold 15)
[288.790s][info ][gc,heap        ] GC(29) PSYoungGen: 1168064K(1633280K)->30576K(1607168K) Eden: 1143296K(1143296K)->0K(1143296K) From: 24768K(489984K)->30576K(463872K)
[288.790s][info ][gc,heap        ] GC(29) ParOldGen: 462355K(597504K)->462363K(597504K)
[288.790s][info ][gc,metaspace   ] GC(29) Metaspace: 80523K(81536K)->80523K(81536K) NonClass: 68996K(69568K)->68996K(69568K) Class: 11527K(11968K)->11527K(11968K)
[288.790s][info ][gc             ] GC(29) Pause Young (Allocation Failure) 1592M->481M(2153M) 15.364ms
[288.790s][info ][gc,cpu         ] GC(29) User=0.05s Sys=0.00s Real=0.01s
[288.790s][info ][safepoint      ] Safepoint "ParallelGCFailedAllocation", Time since last: 746801398 ns, Reaching safepoint: 76902 ns, At safepoint: 15438140 ns, Total: 15515042 ns
[289.358s][info ][gc,start       ] GC(30) Pause Young (Allocation Failure)
[289.401s][debug][gc,phases      ] GC(30) Scavenge 42.684ms
[289.401s][debug][gc,ref         ] GC(30) Skipped phase 1 of Reference Processing: no references
[289.401s][debug][gc,ref         ] GC(30) ReferenceProcessor::execute queues: 1, RefProcThreadModel::Single, marks_oops_alive: false
[289.401s][debug][gc,ref         ] GC(30) Skipped phase 3 of Reference Processing: no references
[289.401s][debug][gc,ref         ] GC(30) ReferenceProcessor::execute queues: 1, RefProcThreadModel::Single, marks_oops_alive: false
[289.401s][debug][gc,phases      ] GC(30) Reference Processing 0.089ms
[289.401s][debug][gc,phases      ] GC(30)   VM Weak                        Min:  0.0, Avg:  0.0, Max:  0.0, Diff:  0.0, Sum:  0.0, Workers: 4
[289.401s][debug][gc,phases      ] GC(30)     Dead                           Min: 0, Avg:  0.0, Max: 0, Diff: 0, Sum: 0, Workers: 4
[289.401s][debug][gc,phases      ] GC(30)     Total                          Min: 0, Avg: 214.2, Max: 512, Diff: 512, Sum: 857, Workers: 4
[289.401s][debug][gc,phases      ] GC(30)   ObjectSynchronizer Weak        Min:  0.0, Avg:  0.0, Max:  0.0, Diff:  0.0, Sum:  0.0, Workers: 4
[289.401s][debug][gc,phases      ] GC(30)     Dead                           Min: 0, Avg:  0.0, Max: 0, Diff: 0, Sum: 0, Workers: 4
[289.401s][debug][gc,phases      ] GC(30)     Total                          Min: 0, Avg: 11.2, Max: 45, Diff: 45, Sum: 45, Workers: 4
[289.401s][debug][gc,phases      ] GC(30)   JVMTI Tag Weak OopStorage      Min:  0.0, Avg:  0.0, Max:  0.0, Diff:  0.0, Sum:  0.0, Workers: 4
[289.401s][debug][gc,phases      ] GC(30)     Dead                           Min: 0, Avg:  0.0, Max: 0, Diff: 0, Sum: 0, Workers: 4
[289.401s][debug][gc,phases      ] GC(30)     Total                          Min: 0, Avg:  0.0, Max: 0, Diff: 0, Sum: 0, Workers: 4
[289.401s][debug][gc,phases      ] GC(30)   StringTable Weak               Min:  0.0, Avg:  0.1, Max:  0.2, Diff:  0.2, Sum:  0.4, Workers: 4
[289.401s][debug][gc,phases      ] GC(30)     Dead                           Min: 0, Avg:  0.0, Max: 0, Diff: 0, Sum: 0, Workers: 4
[289.401s][debug][gc,phases      ] GC(30)     Total                          Min: 0, Avg: 10772.2, Max: 17106, Diff: 17106, Sum: 43089, Workers: 4
[289.401s][debug][gc,phases      ] GC(30)   ResolvedMethodTable Weak       Min:  0.0, Avg:  0.0, Max:  0.0, Diff:  0.0, Sum:  0.1, Workers: 4
[289.401s][debug][gc,phases      ] GC(30)     Dead                           Min: 0, Avg:  0.0, Max: 0, Diff: 0, Sum: 0, Workers: 4
[289.401s][debug][gc,phases      ] GC(30)     Total                          Min: 0, Avg: 2307.0, Max: 3276, Diff: 3276, Sum: 9228, Workers: 4
[289.401s][debug][gc,phases      ] GC(30)   JNI Weak                       Min:  0.0, Avg:  0.0, Max:  0.0, Diff:  0.0, Sum:  0.0, Workers: 4
[289.401s][debug][gc,phases      ] GC(30)     Dead                           Min: 0, Avg:  0.0, Max: 0, Diff: 0, Sum: 0, Workers: 4
[289.401s][debug][gc,phases      ] GC(30)     Total                          Min: 0, Avg: 12.0, Max: 48, Diff: 48, Sum: 48, Workers: 4
[289.401s][debug][gc,phases      ] GC(30)   StringDedup Table Weak         Min:  0.0, Avg:  0.0, Max:  0.0, Diff:  0.0, Sum:  0.0, Workers: 4
[289.401s][debug][gc,phases      ] GC(30)     Dead                           Min: 0, Avg:  0.0, Max: 0, Diff: 0, Sum: 0, Workers: 4
[289.401s][debug][gc,phases      ] GC(30)     Total                          Min: 0, Avg:  0.0, Max: 0, Diff: 0, Sum: 0, Workers: 4
[289.401s][debug][gc,phases      ] GC(30)   StringDedup Requests0 Weak     Min:  0.0, Avg:  0.0, Max:  0.0, Diff:  0.0, Sum:  0.0, Workers: 4
[289.401s][debug][gc,phases      ] GC(30)     Dead                           Min: 0, Avg:  0.0, Max: 0, Diff: 0, Sum: 0, Workers: 4
[289.401s][debug][gc,phases      ] GC(30)     Total                          Min: 0, Avg:  0.0, Max: 0, Diff: 0, Sum: 0, Workers: 4
[289.401s][debug][gc,phases      ] GC(30)   StringDedup Requests1 Weak     Min:  0.0, Avg:  0.0, Max:  0.0, Diff:  0.0, Sum:  0.0, Workers: 4
[289.401s][debug][gc,phases      ] GC(30)     Dead                           Min: 0, Avg:  0.0, Max: 0, Diff: 0, Sum: 0, Workers: 4
[289.401s][debug][gc,phases      ] GC(30)     Total                          Min: 0, Avg:  0.0, Max: 0, Diff: 0, Sum: 0, Workers: 4
[289.401s][debug][gc,phases      ] GC(30)   Weak JFR Old Object Samples    Min:  0.0, Avg:  0.0, Max:  0.0, Diff:  0.0, Sum:  0.0, Workers: 4
[289.401s][debug][gc,phases      ] GC(30)     Dead                           Min: 0, Avg:  0.0, Max: 0, Diff: 0, Sum: 0, Workers: 4
[289.401s][debug][gc,phases      ] GC(30)     Total                          Min: 0, Avg:  0.0, Max: 0, Diff: 0, Sum: 0, Workers: 4
[289.401s][debug][gc,phases      ] GC(30) Weak Processing 0.342ms
[289.401s][debug][gc,age         ] GC(30) Desired survivor size 415236096 bytes, new threshold 6 (max threshold 15)
[289.401s][info ][gc,heap        ] GC(30) PSYoungGen: 1173872K(1607168K)->65920K(1691648K) Eden: 1143296K(1143296K)->0K(1254400K) From: 30576K(463872K)->65920K(437248K)
[289.401s][info ][gc,heap        ] GC(30) ParOldGen: 462363K(597504K)->462363K(597504K)
[289.401s][info ][gc,metaspace   ] GC(30) Metaspace: 80525K(81536K)->80525K(81536K) NonClass: 68998K(69568K)->68998K(69568K) Class: 11527K(11968K)->11527K(11968K)
[289.401s][info ][gc             ] GC(30) Pause Young (Allocation Failure) 1597M->515M(2235M) 43.220ms
[289.401s][info ][gc,cpu         ] GC(30) User=0.14s Sys=0.00s Real=0.04s
[289.401s][info ][safepoint      ] Safepoint "ParallelGCFailedAllocation", Time since last: 567455716 ns, Reaching safepoint: 145702 ns, At safepoint: 43289173 ns, Total: 43434875 ns
[290.402s][info ][safepoint      ] Safepoint "Cleanup", Time since last: 1000080942 ns, Reaching safepoint: 130802 ns, At safepoint: 14901 ns, Total: 145703 ns
[290.544s][info ][gc,heap,exit   ] Heap
[290.544s][info ][gc,heap,exit   ]  PSYoungGen      total 1691648K, used 998740K [0x0000000780000000, 0x0000000800000000, 0x0000000800000000)
[290.544s][info ][gc,heap,exit   ]   eden space 1254400K, 74% used [0x0000000780000000,0x00000007b8ef50f0,0x00000007cc900000)
[290.544s][info ][gc,heap,exit   ]   from space 437248K, 15% used [0x00000007e5500000,0x00000007e95601d8,0x0000000800000000)
[290.544s][info ][gc,heap,exit   ]   to   space 405504K, 0% used [0x00000007cc900000,0x00000007cc900000,0x00000007e5500000)
[290.544s][info ][gc,heap,exit   ]  ParOldGen       total 597504K, used 462363K [0x0000000740000000, 0x0000000764780000, 0x0000000780000000)
[290.544s][info ][gc,heap,exit   ]   object space 597504K, 77% used [0x0000000740000000,0x000000075c386d28,0x0000000764780000)
[290.544s][info ][gc,heap,exit   ]  Metaspace       used 80776K, committed 81792K, reserved 1122304K
[290.544s][info ][gc,heap,exit   ]   class space    used 11571K, committed 12032K, reserved 1048576K
